[2026-03-09T13:47:54.845+0000] {local_task_job_runner.py:123} INFO - ::group::Pre task execution logs
[2026-03-09T13:47:54.881+0000] {taskinstance.py:2614} INFO - Dependencies all met for dep_context=non-requeueable deps ti=<TaskInstance: crawl_etl_itjob.load_bronze scheduled__2026-03-08T02:00:00+00:00 [queued]>
[2026-03-09T13:47:54.892+0000] {taskinstance.py:2614} INFO - Dependencies all met for dep_context=requeueable deps ti=<TaskInstance: crawl_etl_itjob.load_bronze scheduled__2026-03-08T02:00:00+00:00 [queued]>
[2026-03-09T13:47:54.893+0000] {taskinstance.py:2867} INFO - Starting attempt 1 of 2
[2026-03-09T13:47:54.908+0000] {taskinstance.py:2890} INFO - Executing <Task(BashOperator): load_bronze> on 2026-03-08 02:00:00+00:00
[2026-03-09T13:47:54.913+0000] {standard_task_runner.py:72} INFO - Started process 114 to run task
[2026-03-09T13:47:54.918+0000] {standard_task_runner.py:104} INFO - Running: ['***', 'tasks', 'run', 'crawl_etl_itjob', 'load_bronze', 'scheduled__2026-03-08T02:00:00+00:00', '--job-id', '629', '--raw', '--subdir', 'DAGS_FOLDER/Crawl_ETL_ITJob.py', '--cfg-path', '/tmp/tmpnoqha6qv']
[2026-03-09T13:47:54.920+0000] {standard_task_runner.py:105} INFO - Job 629: Subtask load_bronze
[2026-03-09T13:47:54.943+0000] {warnings.py:109} WARNING - /home/***/.local/lib/python3.8/site-packages/***/settings.py:209: DeprecationWarning: The sql_alchemy_conn option in [core] has been moved to the sql_alchemy_conn option in [database] - the old setting has been used, but please update your config.
  SQL_ALCHEMY_CONN = conf.get("database", "SQL_ALCHEMY_CONN")

[2026-03-09T13:47:55.018+0000] {task_command.py:467} INFO - Running <TaskInstance: crawl_etl_itjob.load_bronze scheduled__2026-03-08T02:00:00+00:00 [running]> on host 19d569223134
[2026-03-09T13:47:55.019+0000] {warnings.py:109} WARNING - /home/***/.local/lib/python3.8/site-packages/***/settings.py:470: DeprecationWarning: The sql_alchemy_conn option in [core] has been moved to the sql_alchemy_conn option in [database] - the old setting has been used, but please update your config.
  if conf.get("database", "sql_alchemy_conn") == "none://":

[2026-03-09T13:47:55.206+0000] {taskinstance.py:3134} INFO - Exporting env vars: AIRFLOW_CTX_DAG_EMAIL='hoa856856@gmail.com' AIRFLOW_CTX_DAG_OWNER='***' AIRFLOW_CTX_DAG_ID='crawl_etl_itjob' AIRFLOW_CTX_TASK_ID='load_bronze' AIRFLOW_CTX_EXECUTION_DATE='2026-03-08T02:00:00+00:00' AIRFLOW_CTX_TRY_NUMBER='1' AIRFLOW_CTX_DAG_RUN_ID='scheduled__2026-03-08T02:00:00+00:00'
[2026-03-09T13:47:55.207+0000] {taskinstance.py:732} INFO - ::endgroup::
[2026-03-09T13:47:55.219+0000] {subprocess.py:78} INFO - Tmp dir root location: /tmp
[2026-03-09T13:47:55.220+0000] {subprocess.py:88} INFO - Running command: ['/bin/bash', '-c', "\n        docker exec spark-submit bash -c '\n        /opt/spark/bin/spark-submit         --master spark://spark-master:7077         --deploy-mode client         --packages org.apache.iceberg:iceberg-spark-runtime-3.5_2.12:1.5.0,org.apache.hadoop:hadoop-aws:3.3.4,com.amazonaws:aws-java-sdk-bundle:1.12.262         /opt/spark/scripts/Load_Bronze.py\n        '\n        "]
[2026-03-09T13:47:55.230+0000] {subprocess.py:99} INFO - Output:
[2026-03-09T13:47:57.488+0000] {subprocess.py:106} INFO - :: loading settings :: url = jar:file:/opt/spark/jars/ivy-2.5.1.jar!/org/apache/ivy/core/settings/ivysettings.xml
[2026-03-09T13:47:57.624+0000] {subprocess.py:106} INFO - Ivy Default Cache set to: /home/spark/.ivy2/cache
[2026-03-09T13:47:57.625+0000] {subprocess.py:106} INFO - The jars for the packages stored in: /home/spark/.ivy2/jars
[2026-03-09T13:47:57.632+0000] {subprocess.py:106} INFO - org.apache.iceberg#iceberg-spark-runtime-3.5_2.12 added as a dependency
[2026-03-09T13:47:57.633+0000] {subprocess.py:106} INFO - org.apache.hadoop#hadoop-aws added as a dependency
[2026-03-09T13:47:57.633+0000] {subprocess.py:106} INFO - com.amazonaws#aws-java-sdk-bundle added as a dependency
[2026-03-09T13:47:57.634+0000] {subprocess.py:106} INFO - :: resolving dependencies :: org.apache.spark#spark-submit-parent-9b68050d-6bab-4f62-948b-9418a38f5012;1.0
[2026-03-09T13:47:57.635+0000] {subprocess.py:106} INFO - 	confs: [default]
[2026-03-09T13:47:57.754+0000] {subprocess.py:106} INFO - 	found org.apache.iceberg#iceberg-spark-runtime-3.5_2.12;1.5.0 in central
[2026-03-09T13:47:57.863+0000] {subprocess.py:106} INFO - 	found org.apache.hadoop#hadoop-aws;3.3.4 in central
[2026-03-09T13:47:57.912+0000] {subprocess.py:106} INFO - 	found com.amazonaws#aws-java-sdk-bundle;1.12.262 in central
[2026-03-09T13:47:57.954+0000] {subprocess.py:106} INFO - 	found org.wildfly.openssl#wildfly-openssl;1.0.7.Final in central
[2026-03-09T13:47:58.016+0000] {subprocess.py:106} INFO - :: resolution report :: resolve 343ms :: artifacts dl 21ms
[2026-03-09T13:47:58.017+0000] {subprocess.py:106} INFO - 	:: modules in use:
[2026-03-09T13:47:58.018+0000] {subprocess.py:106} INFO - 	com.amazonaws#aws-java-sdk-bundle;1.12.262 from central in [default]
[2026-03-09T13:47:58.019+0000] {subprocess.py:106} INFO - 	org.apache.hadoop#hadoop-aws;3.3.4 from central in [default]
[2026-03-09T13:47:58.020+0000] {subprocess.py:106} INFO - 	org.apache.iceberg#iceberg-spark-runtime-3.5_2.12;1.5.0 from central in [default]
[2026-03-09T13:47:58.021+0000] {subprocess.py:106} INFO - 	org.wildfly.openssl#wildfly-openssl;1.0.7.Final from central in [default]
[2026-03-09T13:47:58.022+0000] {subprocess.py:106} INFO - 	---------------------------------------------------------------------
[2026-03-09T13:47:58.023+0000] {subprocess.py:106} INFO - 	|                  |            modules            ||   artifacts   |
[2026-03-09T13:47:58.023+0000] {subprocess.py:106} INFO - 	|       conf       | number| search|dwnlded|evicted|| number|dwnlded|
[2026-03-09T13:47:58.025+0000] {subprocess.py:106} INFO - 	---------------------------------------------------------------------
[2026-03-09T13:47:58.030+0000] {subprocess.py:106} INFO - 	|      default     |   4   |   0   |   0   |   0   ||   4   |   0   |
[2026-03-09T13:47:58.032+0000] {subprocess.py:106} INFO - 	---------------------------------------------------------------------
[2026-03-09T13:47:58.033+0000] {subprocess.py:106} INFO - :: retrieving :: org.apache.spark#spark-submit-parent-9b68050d-6bab-4f62-948b-9418a38f5012
[2026-03-09T13:47:58.034+0000] {subprocess.py:106} INFO - 	confs: [default]
[2026-03-09T13:47:58.037+0000] {subprocess.py:106} INFO - 	0 artifacts copied, 4 already retrieved (0kB/28ms)
[2026-03-09T13:47:58.356+0000] {subprocess.py:106} INFO - 26/03/09 13:47:58 WARN NativeCodeLoader: Unable to load native-hadoop library for your platform... using builtin-java classes where applicable
[2026-03-09T13:47:59.572+0000] {subprocess.py:106} INFO - 26/03/09 13:47:59 INFO SparkContext: Running Spark version 3.5.3
[2026-03-09T13:47:59.574+0000] {subprocess.py:106} INFO - 26/03/09 13:47:59 INFO SparkContext: OS info Linux, 6.6.87.2-microsoft-standard-WSL2, amd64
[2026-03-09T13:47:59.575+0000] {subprocess.py:106} INFO - 26/03/09 13:47:59 INFO SparkContext: Java version 11.0.24
[2026-03-09T13:47:59.623+0000] {subprocess.py:106} INFO - 26/03/09 13:47:59 INFO ResourceUtils: ==============================================================
[2026-03-09T13:47:59.624+0000] {subprocess.py:106} INFO - 26/03/09 13:47:59 INFO ResourceUtils: No custom resources configured for spark.driver.
[2026-03-09T13:47:59.628+0000] {subprocess.py:106} INFO - 26/03/09 13:47:59 INFO ResourceUtils: ==============================================================
[2026-03-09T13:47:59.630+0000] {subprocess.py:106} INFO - 26/03/09 13:47:59 INFO SparkContext: Submitted application: Load_Bronze_MinIO_Iceberg
[2026-03-09T13:47:59.703+0000] {subprocess.py:106} INFO - 26/03/09 13:47:59 INFO ResourceProfile: Default ResourceProfile created, executor resources: Map(memory -> name: memory, amount: 1024, script: , vendor: , offHeap -> name: offHeap, amount: 0, script: , vendor: ), task resources: Map(cpus -> name: cpus, amount: 1.0)
[2026-03-09T13:47:59.722+0000] {subprocess.py:106} INFO - 26/03/09 13:47:59 INFO ResourceProfile: Limiting resource is cpu
[2026-03-09T13:47:59.725+0000] {subprocess.py:106} INFO - 26/03/09 13:47:59 INFO ResourceProfileManager: Added ResourceProfile id: 0
[2026-03-09T13:47:59.882+0000] {subprocess.py:106} INFO - 26/03/09 13:47:59 INFO SecurityManager: Changing view acls to: spark
[2026-03-09T13:47:59.884+0000] {subprocess.py:106} INFO - 26/03/09 13:47:59 INFO SecurityManager: Changing modify acls to: spark
[2026-03-09T13:47:59.890+0000] {subprocess.py:106} INFO - 26/03/09 13:47:59 INFO SecurityManager: Changing view acls groups to:
[2026-03-09T13:47:59.893+0000] {subprocess.py:106} INFO - 26/03/09 13:47:59 INFO SecurityManager: Changing modify acls groups to:
[2026-03-09T13:47:59.898+0000] {subprocess.py:106} INFO - 26/03/09 13:47:59 INFO SecurityManager: SecurityManager: authentication disabled; ui acls disabled; users with view permissions: spark; groups with view permissions: EMPTY; users with modify permissions: spark; groups with modify permissions: EMPTY
[2026-03-09T13:48:00.462+0000] {subprocess.py:106} INFO - 26/03/09 13:48:00 INFO Utils: Successfully started service 'sparkDriver' on port 45607.
[2026-03-09T13:48:00.497+0000] {subprocess.py:106} INFO - 26/03/09 13:48:00 INFO SparkEnv: Registering MapOutputTracker
[2026-03-09T13:48:00.532+0000] {subprocess.py:106} INFO - 26/03/09 13:48:00 INFO SparkEnv: Registering BlockManagerMaster
[2026-03-09T13:48:00.555+0000] {subprocess.py:106} INFO - 26/03/09 13:48:00 INFO BlockManagerMasterEndpoint: Using org.apache.spark.storage.DefaultTopologyMapper for getting topology information
[2026-03-09T13:48:00.555+0000] {subprocess.py:106} INFO - 26/03/09 13:48:00 INFO BlockManagerMasterEndpoint: BlockManagerMasterEndpoint up
[2026-03-09T13:48:00.560+0000] {subprocess.py:106} INFO - 26/03/09 13:48:00 INFO SparkEnv: Registering BlockManagerMasterHeartbeat
[2026-03-09T13:48:00.599+0000] {subprocess.py:106} INFO - 26/03/09 13:48:00 INFO DiskBlockManager: Created local directory at /tmp/blockmgr-4325ba46-99e5-4eec-973d-85891db15828
[2026-03-09T13:48:00.619+0000] {subprocess.py:106} INFO - 26/03/09 13:48:00 INFO MemoryStore: MemoryStore started with capacity 434.4 MiB
[2026-03-09T13:48:00.639+0000] {subprocess.py:106} INFO - 26/03/09 13:48:00 INFO SparkEnv: Registering OutputCommitCoordinator
[2026-03-09T13:48:00.792+0000] {subprocess.py:106} INFO - 26/03/09 13:48:00 INFO JettyUtils: Start Jetty 0.0.0.0:4040 for SparkUI
[2026-03-09T13:48:00.862+0000] {subprocess.py:106} INFO - 26/03/09 13:48:00 INFO Utils: Successfully started service 'SparkUI' on port 4040.
[2026-03-09T13:48:00.917+0000] {subprocess.py:106} INFO - 26/03/09 13:48:00 INFO SparkContext: Added JAR file:///home/spark/.ivy2/jars/org.apache.iceberg_iceberg-spark-runtime-3.5_2.12-1.5.0.jar at spark://499f1d118d82:45607/jars/org.apache.iceberg_iceberg-spark-runtime-3.5_2.12-1.5.0.jar with timestamp 1773064079551
[2026-03-09T13:48:00.918+0000] {subprocess.py:106} INFO - 26/03/09 13:48:00 INFO SparkContext: Added JAR file:///home/spark/.ivy2/jars/org.apache.hadoop_hadoop-aws-3.3.4.jar at spark://499f1d118d82:45607/jars/org.apache.hadoop_hadoop-aws-3.3.4.jar with timestamp 1773064079551
[2026-03-09T13:48:00.919+0000] {subprocess.py:106} INFO - 26/03/09 13:48:00 INFO SparkContext: Added JAR file:///home/spark/.ivy2/jars/com.amazonaws_aws-java-sdk-bundle-1.12.262.jar at spark://499f1d118d82:45607/jars/com.amazonaws_aws-java-sdk-bundle-1.12.262.jar with timestamp 1773064079551
[2026-03-09T13:48:00.919+0000] {subprocess.py:106} INFO - 26/03/09 13:48:00 INFO SparkContext: Added JAR file:///home/spark/.ivy2/jars/org.wildfly.openssl_wildfly-openssl-1.0.7.Final.jar at spark://499f1d118d82:45607/jars/org.wildfly.openssl_wildfly-openssl-1.0.7.Final.jar with timestamp 1773064079551
[2026-03-09T13:48:00.925+0000] {subprocess.py:106} INFO - 26/03/09 13:48:00 INFO SparkContext: Added file file:///home/spark/.ivy2/jars/org.apache.iceberg_iceberg-spark-runtime-3.5_2.12-1.5.0.jar at spark://499f1d118d82:45607/files/org.apache.iceberg_iceberg-spark-runtime-3.5_2.12-1.5.0.jar with timestamp 1773064079551
[2026-03-09T13:48:00.928+0000] {subprocess.py:106} INFO - 26/03/09 13:48:00 INFO Utils: Copying /home/spark/.ivy2/jars/org.apache.iceberg_iceberg-spark-runtime-3.5_2.12-1.5.0.jar to /tmp/spark-1a9c0975-9271-4b62-a0a9-744e6668f91e/userFiles-199d5f9c-2c41-4501-99ae-8d879153b0a8/org.apache.iceberg_iceberg-spark-runtime-3.5_2.12-1.5.0.jar
[2026-03-09T13:48:00.999+0000] {subprocess.py:106} INFO - 26/03/09 13:48:00 INFO SparkContext: Added file file:///home/spark/.ivy2/jars/org.apache.hadoop_hadoop-aws-3.3.4.jar at spark://499f1d118d82:45607/files/org.apache.hadoop_hadoop-aws-3.3.4.jar with timestamp 1773064079551
[2026-03-09T13:48:01.000+0000] {subprocess.py:106} INFO - 26/03/09 13:48:00 INFO Utils: Copying /home/spark/.ivy2/jars/org.apache.hadoop_hadoop-aws-3.3.4.jar to /tmp/spark-1a9c0975-9271-4b62-a0a9-744e6668f91e/userFiles-199d5f9c-2c41-4501-99ae-8d879153b0a8/org.apache.hadoop_hadoop-aws-3.3.4.jar
[2026-03-09T13:48:01.005+0000] {subprocess.py:106} INFO - 26/03/09 13:48:01 INFO SparkContext: Added file file:///home/spark/.ivy2/jars/com.amazonaws_aws-java-sdk-bundle-1.12.262.jar at spark://499f1d118d82:45607/files/com.amazonaws_aws-java-sdk-bundle-1.12.262.jar with timestamp 1773064079551
[2026-03-09T13:48:01.006+0000] {subprocess.py:106} INFO - 26/03/09 13:48:01 INFO Utils: Copying /home/spark/.ivy2/jars/com.amazonaws_aws-java-sdk-bundle-1.12.262.jar to /tmp/spark-1a9c0975-9271-4b62-a0a9-744e6668f91e/userFiles-199d5f9c-2c41-4501-99ae-8d879153b0a8/com.amazonaws_aws-java-sdk-bundle-1.12.262.jar
[2026-03-09T13:48:01.443+0000] {subprocess.py:106} INFO - 26/03/09 13:48:01 INFO SparkContext: Added file file:///home/spark/.ivy2/jars/org.wildfly.openssl_wildfly-openssl-1.0.7.Final.jar at spark://499f1d118d82:45607/files/org.wildfly.openssl_wildfly-openssl-1.0.7.Final.jar with timestamp 1773064079551
[2026-03-09T13:48:01.444+0000] {subprocess.py:106} INFO - 26/03/09 13:48:01 INFO Utils: Copying /home/spark/.ivy2/jars/org.wildfly.openssl_wildfly-openssl-1.0.7.Final.jar to /tmp/spark-1a9c0975-9271-4b62-a0a9-744e6668f91e/userFiles-199d5f9c-2c41-4501-99ae-8d879153b0a8/org.wildfly.openssl_wildfly-openssl-1.0.7.Final.jar
[2026-03-09T13:48:01.598+0000] {subprocess.py:106} INFO - 26/03/09 13:48:01 INFO StandaloneAppClient$ClientEndpoint: Connecting to master spark://spark-master:7077...
[2026-03-09T13:48:01.681+0000] {subprocess.py:106} INFO - 26/03/09 13:48:01 INFO TransportClientFactory: Successfully created connection to spark-master/172.30.0.6:7077 after 56 ms (0 ms spent in bootstraps)
[2026-03-09T13:48:01.863+0000] {subprocess.py:106} INFO - 26/03/09 13:48:01 INFO StandaloneSchedulerBackend: Connected to Spark cluster with app ID app-20260309134801-0003
[2026-03-09T13:48:01.875+0000] {subprocess.py:106} INFO - 26/03/09 13:48:01 INFO StandaloneAppClient$ClientEndpoint: Executor added: app-20260309134801-0003/0 on worker-20260309131515-172.30.0.7-35485 (172.30.0.7:35485) with 1 core(s)
[2026-03-09T13:48:01.878+0000] {subprocess.py:106} INFO - 26/03/09 13:48:01 INFO StandaloneSchedulerBackend: Granted executor ID app-20260309134801-0003/0 on hostPort 172.30.0.7:35485 with 1 core(s), 1024.0 MiB RAM
[2026-03-09T13:48:01.887+0000] {subprocess.py:106} INFO - 26/03/09 13:48:01 INFO Utils: Successfully started service 'org.apache.spark.network.netty.NettyBlockTransferService' on port 36917.
[2026-03-09T13:48:01.888+0000] {subprocess.py:106} INFO - 26/03/09 13:48:01 INFO NettyBlockTransferService: Server created on 499f1d118d82:36917
[2026-03-09T13:48:01.890+0000] {subprocess.py:106} INFO - 26/03/09 13:48:01 INFO BlockManager: Using org.apache.spark.storage.RandomBlockReplicationPolicy for block replication policy
[2026-03-09T13:48:01.902+0000] {subprocess.py:106} INFO - 26/03/09 13:48:01 INFO BlockManagerMaster: Registering BlockManager BlockManagerId(driver, 499f1d118d82, 36917, None)
[2026-03-09T13:48:01.907+0000] {subprocess.py:106} INFO - 26/03/09 13:48:01 INFO BlockManagerMasterEndpoint: Registering block manager 499f1d118d82:36917 with 434.4 MiB RAM, BlockManagerId(driver, 499f1d118d82, 36917, None)
[2026-03-09T13:48:01.911+0000] {subprocess.py:106} INFO - 26/03/09 13:48:01 INFO BlockManagerMaster: Registered BlockManager BlockManagerId(driver, 499f1d118d82, 36917, None)
[2026-03-09T13:48:01.914+0000] {subprocess.py:106} INFO - 26/03/09 13:48:01 INFO BlockManager: Initialized BlockManager: BlockManagerId(driver, 499f1d118d82, 36917, None)
[2026-03-09T13:48:01.967+0000] {subprocess.py:106} INFO - 26/03/09 13:48:01 INFO StandaloneAppClient$ClientEndpoint: Executor updated: app-20260309134801-0003/0 is now RUNNING
[2026-03-09T13:48:02.323+0000] {subprocess.py:106} INFO - 26/03/09 13:48:02 INFO StandaloneSchedulerBackend: SchedulerBackend is ready for scheduling beginning after reached minRegisteredResourcesRatio: 0.0
[2026-03-09T13:48:02.908+0000] {subprocess.py:106} INFO - Reading data from: s3a://warehouse/raw/itviec_jobs_full.csv
[2026-03-09T13:48:02.914+0000] {subprocess.py:106} INFO - 26/03/09 13:48:02 INFO SharedState: Setting hive.metastore.warehouse.dir ('null') to the value of spark.sql.warehouse.dir.
[2026-03-09T13:48:02.925+0000] {subprocess.py:106} INFO - 26/03/09 13:48:02 INFO SharedState: Warehouse path is 'file:/opt/spark/work-dir/spark-warehouse'.
[2026-03-09T13:48:05.360+0000] {subprocess.py:106} INFO - 26/03/09 13:48:05 WARN MetricsConfig: Cannot locate configuration: tried hadoop-metrics2-s3a-file-system.properties,hadoop-metrics2.properties
[2026-03-09T13:48:05.394+0000] {subprocess.py:106} INFO - 26/03/09 13:48:05 INFO MetricsSystemImpl: Scheduled Metric snapshot period at 10 second(s).
[2026-03-09T13:48:05.395+0000] {subprocess.py:106} INFO - 26/03/09 13:48:05 INFO MetricsSystemImpl: s3a-file-system metrics system started
[2026-03-09T13:48:06.645+0000] {subprocess.py:106} INFO - 26/03/09 13:48:06 INFO StandaloneSchedulerBackend$StandaloneDriverEndpoint: Registered executor NettyRpcEndpointRef(spark-client://Executor) (172.30.0.7:40628) with ID 0,  ResourceProfileId 0
[2026-03-09T13:48:06.811+0000] {subprocess.py:106} INFO - 26/03/09 13:48:06 INFO BlockManagerMasterEndpoint: Registering block manager 172.30.0.7:41335 with 434.4 MiB RAM, BlockManagerId(0, 172.30.0.7, 41335, None)
[2026-03-09T13:48:07.701+0000] {subprocess.py:106} INFO - 26/03/09 13:48:07 INFO InMemoryFileIndex: It took 399 ms to list leaf files for 1 paths.
[2026-03-09T13:48:07.991+0000] {subprocess.py:106} INFO - 26/03/09 13:48:07 INFO MemoryStore: Block broadcast_0 stored as values in memory (estimated size 206.5 KiB, free 434.2 MiB)
[2026-03-09T13:48:08.107+0000] {subprocess.py:106} INFO - 26/03/09 13:48:08 INFO MemoryStore: Block broadcast_0_piece0 stored as bytes in memory (estimated size 36.2 KiB, free 434.2 MiB)
[2026-03-09T13:48:08.113+0000] {subprocess.py:106} INFO - 26/03/09 13:48:08 INFO BlockManagerInfo: Added broadcast_0_piece0 in memory on 499f1d118d82:36917 (size: 36.2 KiB, free: 434.4 MiB)
[2026-03-09T13:48:08.120+0000] {subprocess.py:106} INFO - 26/03/09 13:48:08 INFO SparkContext: Created broadcast 0 from csv at <unknown>:0
[2026-03-09T13:48:08.668+0000] {subprocess.py:106} INFO - 26/03/09 13:48:08 INFO FileInputFormat: Total input files to process : 1
[2026-03-09T13:48:08.683+0000] {subprocess.py:106} INFO - 26/03/09 13:48:08 INFO FileInputFormat: Total input files to process : 1
[2026-03-09T13:48:08.767+0000] {subprocess.py:106} INFO - 26/03/09 13:48:08 INFO SparkContext: Starting job: csv at <unknown>:0
[2026-03-09T13:48:08.791+0000] {subprocess.py:106} INFO - 26/03/09 13:48:08 INFO DAGScheduler: Got job 0 (csv at <unknown>:0) with 1 output partitions
[2026-03-09T13:48:08.792+0000] {subprocess.py:106} INFO - 26/03/09 13:48:08 INFO DAGScheduler: Final stage: ResultStage 0 (csv at <unknown>:0)
[2026-03-09T13:48:08.793+0000] {subprocess.py:106} INFO - 26/03/09 13:48:08 INFO DAGScheduler: Parents of final stage: List()
[2026-03-09T13:48:08.797+0000] {subprocess.py:106} INFO - 26/03/09 13:48:08 INFO DAGScheduler: Missing parents: List()
[2026-03-09T13:48:08.804+0000] {subprocess.py:106} INFO - 26/03/09 13:48:08 INFO DAGScheduler: Submitting ResultStage 0 (MapPartitionsRDD[2] at csv at <unknown>:0), which has no missing parents
[2026-03-09T13:48:08.838+0000] {subprocess.py:106} INFO - 26/03/09 13:48:08 INFO MemoryStore: Block broadcast_1 stored as values in memory (estimated size 7.6 KiB, free 434.2 MiB)
[2026-03-09T13:48:08.866+0000] {subprocess.py:106} INFO - 26/03/09 13:48:08 INFO MemoryStore: Block broadcast_1_piece0 stored as bytes in memory (estimated size 4.4 KiB, free 434.2 MiB)
[2026-03-09T13:48:08.869+0000] {subprocess.py:106} INFO - 26/03/09 13:48:08 INFO BlockManagerInfo: Added broadcast_1_piece0 in memory on 499f1d118d82:36917 (size: 4.4 KiB, free: 434.4 MiB)
[2026-03-09T13:48:08.870+0000] {subprocess.py:106} INFO - 26/03/09 13:48:08 INFO SparkContext: Created broadcast 1 from broadcast at DAGScheduler.scala:1585
[2026-03-09T13:48:08.926+0000] {subprocess.py:106} INFO - 26/03/09 13:48:08 INFO DAGScheduler: Submitting 1 missing tasks from ResultStage 0 (MapPartitionsRDD[2] at csv at <unknown>:0) (first 15 tasks are for partitions Vector(0))
[2026-03-09T13:48:08.928+0000] {subprocess.py:106} INFO - 26/03/09 13:48:08 INFO TaskSchedulerImpl: Adding task set 0.0 with 1 tasks resource profile 0
[2026-03-09T13:48:12.357+0000] {subprocess.py:106} INFO - 26/03/09 13:48:12 INFO TaskSetManager: Starting task 0.0 in stage 0.0 (TID 0) (172.30.0.7, executor 0, partition 0, PROCESS_LOCAL, 10108 bytes)
[2026-03-09T13:48:12.695+0000] {subprocess.py:106} INFO - 26/03/09 13:48:12 INFO BlockManagerInfo: Added broadcast_1_piece0 in memory on 172.30.0.7:41335 (size: 4.4 KiB, free: 434.4 MiB)
[2026-03-09T13:48:13.034+0000] {subprocess.py:106} INFO - 26/03/09 13:48:13 INFO BlockManagerInfo: Added broadcast_0_piece0 in memory on 172.30.0.7:41335 (size: 36.2 KiB, free: 434.4 MiB)
[2026-03-09T13:48:14.860+0000] {subprocess.py:106} INFO - 26/03/09 13:48:14 INFO TaskSetManager: Finished task 0.0 in stage 0.0 (TID 0) in 2526 ms on 172.30.0.7 (executor 0) (1/1)
[2026-03-09T13:48:14.864+0000] {subprocess.py:106} INFO - 26/03/09 13:48:14 INFO TaskSchedulerImpl: Removed TaskSet 0.0, whose tasks have all completed, from pool
[2026-03-09T13:48:14.871+0000] {subprocess.py:106} INFO - 26/03/09 13:48:14 INFO DAGScheduler: ResultStage 0 (csv at <unknown>:0) finished in 6.044 s
[2026-03-09T13:48:14.878+0000] {subprocess.py:106} INFO - 26/03/09 13:48:14 INFO DAGScheduler: Job 0 is finished. Cancelling potential speculative or zombie tasks for this job
[2026-03-09T13:48:14.880+0000] {subprocess.py:106} INFO - 26/03/09 13:48:14 INFO TaskSchedulerImpl: Killing all running tasks in stage 0: Stage finished
[2026-03-09T13:48:14.883+0000] {subprocess.py:106} INFO - 26/03/09 13:48:14 INFO DAGScheduler: Job 0 finished: csv at <unknown>:0, took 6.080368 s
[2026-03-09T13:48:14.955+0000] {subprocess.py:106} INFO - 26/03/09 13:48:14 INFO SparkContext: Starting job: csv at <unknown>:0
[2026-03-09T13:48:14.958+0000] {subprocess.py:106} INFO - 26/03/09 13:48:14 INFO DAGScheduler: Got job 1 (csv at <unknown>:0) with 1 output partitions
[2026-03-09T13:48:14.961+0000] {subprocess.py:106} INFO - 26/03/09 13:48:14 INFO DAGScheduler: Final stage: ResultStage 1 (csv at <unknown>:0)
[2026-03-09T13:48:14.962+0000] {subprocess.py:106} INFO - 26/03/09 13:48:14 INFO DAGScheduler: Parents of final stage: List()
[2026-03-09T13:48:14.963+0000] {subprocess.py:106} INFO - 26/03/09 13:48:14 INFO DAGScheduler: Missing parents: List()
[2026-03-09T13:48:14.963+0000] {subprocess.py:106} INFO - 26/03/09 13:48:14 INFO DAGScheduler: Submitting ResultStage 1 (MapPartitionsRDD[3] at csv at <unknown>:0), which has no missing parents
[2026-03-09T13:48:14.966+0000] {subprocess.py:106} INFO - 26/03/09 13:48:14 INFO MemoryStore: Block broadcast_2 stored as values in memory (estimated size 10.1 KiB, free 434.1 MiB)
[2026-03-09T13:48:14.982+0000] {subprocess.py:106} INFO - 26/03/09 13:48:14 INFO MemoryStore: Block broadcast_2_piece0 stored as bytes in memory (estimated size 5.4 KiB, free 434.1 MiB)
[2026-03-09T13:48:14.985+0000] {subprocess.py:106} INFO - 26/03/09 13:48:14 INFO BlockManagerInfo: Added broadcast_2_piece0 in memory on 499f1d118d82:36917 (size: 5.4 KiB, free: 434.4 MiB)
[2026-03-09T13:48:14.989+0000] {subprocess.py:106} INFO - 26/03/09 13:48:14 INFO SparkContext: Created broadcast 2 from broadcast at DAGScheduler.scala:1585
[2026-03-09T13:48:14.991+0000] {subprocess.py:106} INFO - 26/03/09 13:48:14 INFO DAGScheduler: Submitting 1 missing tasks from ResultStage 1 (MapPartitionsRDD[3] at csv at <unknown>:0) (first 15 tasks are for partitions Vector(0))
[2026-03-09T13:48:14.993+0000] {subprocess.py:106} INFO - 26/03/09 13:48:14 INFO TaskSchedulerImpl: Adding task set 1.0 with 1 tasks resource profile 0
[2026-03-09T13:48:14.994+0000] {subprocess.py:106} INFO - 26/03/09 13:48:14 INFO TaskSetManager: Starting task 0.0 in stage 1.0 (TID 1) (172.30.0.7, executor 0, partition 0, PROCESS_LOCAL, 10108 bytes)
[2026-03-09T13:48:15.065+0000] {subprocess.py:106} INFO - 26/03/09 13:48:15 INFO BlockManagerInfo: Removed broadcast_1_piece0 on 499f1d118d82:36917 in memory (size: 4.4 KiB, free: 434.4 MiB)
[2026-03-09T13:48:15.066+0000] {subprocess.py:106} INFO - 26/03/09 13:48:15 INFO BlockManagerInfo: Removed broadcast_1_piece0 on 172.30.0.7:41335 in memory (size: 4.4 KiB, free: 434.4 MiB)
[2026-03-09T13:48:15.074+0000] {subprocess.py:106} INFO - 26/03/09 13:48:15 INFO BlockManagerInfo: Added broadcast_2_piece0 in memory on 172.30.0.7:41335 (size: 5.4 KiB, free: 434.4 MiB)
[2026-03-09T13:48:16.422+0000] {subprocess.py:106} INFO - 26/03/09 13:48:16 INFO TaskSetManager: Finished task 0.0 in stage 1.0 (TID 1) in 1432 ms on 172.30.0.7 (executor 0) (1/1)
[2026-03-09T13:48:16.423+0000] {subprocess.py:106} INFO - 26/03/09 13:48:16 INFO TaskSchedulerImpl: Removed TaskSet 1.0, whose tasks have all completed, from pool
[2026-03-09T13:48:16.426+0000] {subprocess.py:106} INFO - 26/03/09 13:48:16 INFO DAGScheduler: ResultStage 1 (csv at <unknown>:0) finished in 1.462 s
[2026-03-09T13:48:16.428+0000] {subprocess.py:106} INFO - 26/03/09 13:48:16 INFO DAGScheduler: Job 1 is finished. Cancelling potential speculative or zombie tasks for this job
[2026-03-09T13:48:16.429+0000] {subprocess.py:106} INFO - 26/03/09 13:48:16 INFO TaskSchedulerImpl: Killing all running tasks in stage 1: Stage finished
[2026-03-09T13:48:16.438+0000] {subprocess.py:106} INFO - 26/03/09 13:48:16 INFO DAGScheduler: Job 1 finished: csv at <unknown>:0, took 1.480411 s
[2026-03-09T13:48:16.866+0000] {subprocess.py:106} INFO - 26/03/09 13:48:16 INFO BlockManagerInfo: Removed broadcast_0_piece0 on 499f1d118d82:36917 in memory (size: 36.2 KiB, free: 434.4 MiB)
[2026-03-09T13:48:16.872+0000] {subprocess.py:106} INFO - 26/03/09 13:48:16 INFO BlockManagerInfo: Removed broadcast_0_piece0 on 172.30.0.7:41335 in memory (size: 36.2 KiB, free: 434.4 MiB)
[2026-03-09T13:48:16.885+0000] {subprocess.py:106} INFO - 26/03/09 13:48:16 INFO BlockManagerInfo: Removed broadcast_2_piece0 on 499f1d118d82:36917 in memory (size: 5.4 KiB, free: 434.4 MiB)
[2026-03-09T13:48:16.894+0000] {subprocess.py:106} INFO - 26/03/09 13:48:16 INFO BlockManagerInfo: Removed broadcast_2_piece0 on 172.30.0.7:41335 in memory (size: 5.4 KiB, free: 434.4 MiB)
[2026-03-09T13:48:18.218+0000] {subprocess.py:106} INFO - 26/03/09 13:48:18 INFO FileSourceStrategy: Pushed Filters:
[2026-03-09T13:48:18.220+0000] {subprocess.py:106} INFO - 26/03/09 13:48:18 INFO FileSourceStrategy: Post-Scan Filters:
[2026-03-09T13:48:18.759+0000] {subprocess.py:106} INFO - 26/03/09 13:48:18 INFO CodeGenerator: Code generated in 264.1419 ms
[2026-03-09T13:48:18.766+0000] {subprocess.py:106} INFO - 26/03/09 13:48:18 INFO MemoryStore: Block broadcast_3 stored as values in memory (estimated size 205.7 KiB, free 434.2 MiB)
[2026-03-09T13:48:18.781+0000] {subprocess.py:106} INFO - 26/03/09 13:48:18 INFO MemoryStore: Block broadcast_3_piece0 stored as bytes in memory (estimated size 36.1 KiB, free 434.2 MiB)
[2026-03-09T13:48:18.782+0000] {subprocess.py:106} INFO - 26/03/09 13:48:18 INFO BlockManagerInfo: Added broadcast_3_piece0 in memory on 499f1d118d82:36917 (size: 36.1 KiB, free: 434.4 MiB)
[2026-03-09T13:48:18.783+0000] {subprocess.py:106} INFO - 26/03/09 13:48:18 INFO SparkContext: Created broadcast 3 from count at <unknown>:0
[2026-03-09T13:48:18.820+0000] {subprocess.py:106} INFO - 26/03/09 13:48:18 INFO FileSourceScanExec: Planning scan with bin packing, max size: 4194304 bytes, open cost is considered as scanning 4194304 bytes.
[2026-03-09T13:48:18.872+0000] {subprocess.py:106} INFO - 26/03/09 13:48:18 INFO DAGScheduler: Registering RDD 7 (count at <unknown>:0) as input to shuffle 0
[2026-03-09T13:48:18.878+0000] {subprocess.py:106} INFO - 26/03/09 13:48:18 INFO DAGScheduler: Got map stage job 2 (count at <unknown>:0) with 1 output partitions
[2026-03-09T13:48:18.879+0000] {subprocess.py:106} INFO - 26/03/09 13:48:18 INFO DAGScheduler: Final stage: ShuffleMapStage 2 (count at <unknown>:0)
[2026-03-09T13:48:18.880+0000] {subprocess.py:106} INFO - 26/03/09 13:48:18 INFO DAGScheduler: Parents of final stage: List()
[2026-03-09T13:48:18.882+0000] {subprocess.py:106} INFO - 26/03/09 13:48:18 INFO DAGScheduler: Missing parents: List()
[2026-03-09T13:48:18.889+0000] {subprocess.py:106} INFO - 26/03/09 13:48:18 INFO DAGScheduler: Submitting ShuffleMapStage 2 (MapPartitionsRDD[7] at count at <unknown>:0), which has no missing parents
[2026-03-09T13:48:18.940+0000] {subprocess.py:106} INFO - 26/03/09 13:48:18 INFO MemoryStore: Block broadcast_4 stored as values in memory (estimated size 18.1 KiB, free 434.1 MiB)
[2026-03-09T13:48:18.951+0000] {subprocess.py:106} INFO - 26/03/09 13:48:18 INFO MemoryStore: Block broadcast_4_piece0 stored as bytes in memory (estimated size 8.9 KiB, free 434.1 MiB)
[2026-03-09T13:48:18.953+0000] {subprocess.py:106} INFO - 26/03/09 13:48:18 INFO BlockManagerInfo: Added broadcast_4_piece0 in memory on 499f1d118d82:36917 (size: 8.9 KiB, free: 434.4 MiB)
[2026-03-09T13:48:18.958+0000] {subprocess.py:106} INFO - 26/03/09 13:48:18 INFO SparkContext: Created broadcast 4 from broadcast at DAGScheduler.scala:1585
[2026-03-09T13:48:18.959+0000] {subprocess.py:106} INFO - 26/03/09 13:48:18 INFO DAGScheduler: Submitting 1 missing tasks from ShuffleMapStage 2 (MapPartitionsRDD[7] at count at <unknown>:0) (first 15 tasks are for partitions Vector(0))
[2026-03-09T13:48:18.960+0000] {subprocess.py:106} INFO - 26/03/09 13:48:18 INFO TaskSchedulerImpl: Adding task set 2.0 with 1 tasks resource profile 0
[2026-03-09T13:48:18.968+0000] {subprocess.py:106} INFO - 26/03/09 13:48:18 INFO TaskSetManager: Starting task 0.0 in stage 2.0 (TID 2) (172.30.0.7, executor 0, partition 0, PROCESS_LOCAL, 10568 bytes)
[2026-03-09T13:48:19.015+0000] {subprocess.py:106} INFO - 26/03/09 13:48:19 INFO BlockManagerInfo: Added broadcast_4_piece0 in memory on 172.30.0.7:41335 (size: 8.9 KiB, free: 434.4 MiB)
[2026-03-09T13:48:19.955+0000] {subprocess.py:106} INFO - 26/03/09 13:48:19 INFO BlockManagerInfo: Added broadcast_3_piece0 in memory on 172.30.0.7:41335 (size: 36.1 KiB, free: 434.4 MiB)
[2026-03-09T13:48:20.219+0000] {subprocess.py:106} INFO - 26/03/09 13:48:20 INFO TaskSetManager: Finished task 0.0 in stage 2.0 (TID 2) in 1257 ms on 172.30.0.7 (executor 0) (1/1)
[2026-03-09T13:48:20.221+0000] {subprocess.py:106} INFO - 26/03/09 13:48:20 INFO TaskSchedulerImpl: Removed TaskSet 2.0, whose tasks have all completed, from pool
[2026-03-09T13:48:20.226+0000] {subprocess.py:106} INFO - 26/03/09 13:48:20 INFO DAGScheduler: ShuffleMapStage 2 (count at <unknown>:0) finished in 1.333 s
[2026-03-09T13:48:20.233+0000] {subprocess.py:106} INFO - 26/03/09 13:48:20 INFO DAGScheduler: looking for newly runnable stages
[2026-03-09T13:48:20.235+0000] {subprocess.py:106} INFO - 26/03/09 13:48:20 INFO DAGScheduler: running: Set()
[2026-03-09T13:48:20.235+0000] {subprocess.py:106} INFO - 26/03/09 13:48:20 INFO DAGScheduler: waiting: Set()
[2026-03-09T13:48:20.236+0000] {subprocess.py:106} INFO - 26/03/09 13:48:20 INFO DAGScheduler: failed: Set()
[2026-03-09T13:48:20.293+0000] {subprocess.py:106} INFO - 26/03/09 13:48:20 INFO CodeGenerator: Code generated in 18.927274 ms
[2026-03-09T13:48:20.327+0000] {subprocess.py:106} INFO - 26/03/09 13:48:20 INFO SparkContext: Starting job: count at <unknown>:0
[2026-03-09T13:48:20.331+0000] {subprocess.py:106} INFO - 26/03/09 13:48:20 INFO DAGScheduler: Got job 3 (count at <unknown>:0) with 1 output partitions
[2026-03-09T13:48:20.332+0000] {subprocess.py:106} INFO - 26/03/09 13:48:20 INFO DAGScheduler: Final stage: ResultStage 4 (count at <unknown>:0)
[2026-03-09T13:48:20.333+0000] {subprocess.py:106} INFO - 26/03/09 13:48:20 INFO DAGScheduler: Parents of final stage: List(ShuffleMapStage 3)
[2026-03-09T13:48:20.334+0000] {subprocess.py:106} INFO - 26/03/09 13:48:20 INFO DAGScheduler: Missing parents: List()
[2026-03-09T13:48:20.335+0000] {subprocess.py:106} INFO - 26/03/09 13:48:20 INFO DAGScheduler: Submitting ResultStage 4 (MapPartitionsRDD[10] at count at <unknown>:0), which has no missing parents
[2026-03-09T13:48:20.348+0000] {subprocess.py:106} INFO - 26/03/09 13:48:20 INFO MemoryStore: Block broadcast_5 stored as values in memory (estimated size 12.5 KiB, free 434.1 MiB)
[2026-03-09T13:48:20.374+0000] {subprocess.py:106} INFO - 26/03/09 13:48:20 INFO MemoryStore: Block broadcast_5_piece0 stored as bytes in memory (estimated size 5.9 KiB, free 434.1 MiB)
[2026-03-09T13:48:20.376+0000] {subprocess.py:106} INFO - 26/03/09 13:48:20 INFO BlockManagerInfo: Added broadcast_5_piece0 in memory on 499f1d118d82:36917 (size: 5.9 KiB, free: 434.4 MiB)
[2026-03-09T13:48:20.378+0000] {subprocess.py:106} INFO - 26/03/09 13:48:20 INFO SparkContext: Created broadcast 5 from broadcast at DAGScheduler.scala:1585
[2026-03-09T13:48:20.380+0000] {subprocess.py:106} INFO - 26/03/09 13:48:20 INFO BlockManagerInfo: Removed broadcast_4_piece0 on 499f1d118d82:36917 in memory (size: 8.9 KiB, free: 434.4 MiB)
[2026-03-09T13:48:20.381+0000] {subprocess.py:106} INFO - 26/03/09 13:48:20 INFO DAGScheduler: Submitting 1 missing tasks from ResultStage 4 (MapPartitionsRDD[10] at count at <unknown>:0) (first 15 tasks are for partitions Vector(0))
[2026-03-09T13:48:20.381+0000] {subprocess.py:106} INFO - 26/03/09 13:48:20 INFO TaskSchedulerImpl: Adding task set 4.0 with 1 tasks resource profile 0
[2026-03-09T13:48:20.382+0000] {subprocess.py:106} INFO - 26/03/09 13:48:20 INFO BlockManagerInfo: Removed broadcast_4_piece0 on 172.30.0.7:41335 in memory (size: 8.9 KiB, free: 434.4 MiB)
[2026-03-09T13:48:20.387+0000] {subprocess.py:106} INFO - 26/03/09 13:48:20 INFO TaskSetManager: Starting task 0.0 in stage 4.0 (TID 3) (172.30.0.7, executor 0, partition 0, NODE_LOCAL, 9976 bytes)
[2026-03-09T13:48:20.449+0000] {subprocess.py:106} INFO - 26/03/09 13:48:20 INFO BlockManagerInfo: Added broadcast_5_piece0 in memory on 172.30.0.7:41335 (size: 5.9 KiB, free: 434.4 MiB)
[2026-03-09T13:48:20.490+0000] {subprocess.py:106} INFO - 26/03/09 13:48:20 INFO MapOutputTrackerMasterEndpoint: Asked to send map output locations for shuffle 0 to 172.30.0.7:40628
[2026-03-09T13:48:20.643+0000] {subprocess.py:106} INFO - 26/03/09 13:48:20 INFO TaskSetManager: Finished task 0.0 in stage 4.0 (TID 3) in 255 ms on 172.30.0.7 (executor 0) (1/1)
[2026-03-09T13:48:20.644+0000] {subprocess.py:106} INFO - 26/03/09 13:48:20 INFO TaskSchedulerImpl: Removed TaskSet 4.0, whose tasks have all completed, from pool
[2026-03-09T13:48:20.646+0000] {subprocess.py:106} INFO - 26/03/09 13:48:20 INFO DAGScheduler: ResultStage 4 (count at <unknown>:0) finished in 0.295 s
[2026-03-09T13:48:20.647+0000] {subprocess.py:106} INFO - 26/03/09 13:48:20 INFO DAGScheduler: Job 3 is finished. Cancelling potential speculative or zombie tasks for this job
[2026-03-09T13:48:20.648+0000] {subprocess.py:106} INFO - 26/03/09 13:48:20 INFO TaskSchedulerImpl: Killing all running tasks in stage 4: Stage finished
[2026-03-09T13:48:20.649+0000] {subprocess.py:106} INFO - 26/03/09 13:48:20 INFO DAGScheduler: Job 3 finished: count at <unknown>:0, took 0.314483 s
[2026-03-09T13:48:20.660+0000] {subprocess.py:106} INFO -  Record loaded from CSV: 8560
[2026-03-09T13:48:20.666+0000] {subprocess.py:106} INFO - root
[2026-03-09T13:48:20.667+0000] {subprocess.py:106} INFO -  |-- job_title: string (nullable = true)
[2026-03-09T13:48:20.668+0000] {subprocess.py:106} INFO -  |-- company_name: string (nullable = true)
[2026-03-09T13:48:20.668+0000] {subprocess.py:106} INFO -  |-- location: string (nullable = true)
[2026-03-09T13:48:20.669+0000] {subprocess.py:106} INFO -  |-- skills_required: string (nullable = true)
[2026-03-09T13:48:20.669+0000] {subprocess.py:106} INFO -  |-- date_posted: timestamp (nullable = true)
[2026-03-09T13:48:20.670+0000] {subprocess.py:106} INFO -  |-- job_link: string (nullable = true)
[2026-03-09T13:48:20.670+0000] {subprocess.py:106} INFO -  |-- job_category: string (nullable = true)
[2026-03-09T13:48:20.671+0000] {subprocess.py:106} INFO -  |-- work_mode: string (nullable = true)
[2026-03-09T13:48:20.671+0000] {subprocess.py:106} INFO -  |-- crawl_date: timestamp (nullable = true)
[2026-03-09T13:48:20.672+0000] {subprocess.py:106} INFO -  |-- date_only: date (nullable = true)
[2026-03-09T13:48:20.672+0000] {subprocess.py:106} INFO - 
[2026-03-09T13:48:20.983+0000] {subprocess.py:106} INFO - 26/03/09 13:48:20 INFO BlockManagerInfo: Removed broadcast_5_piece0 on 499f1d118d82:36917 in memory (size: 5.9 KiB, free: 434.4 MiB)
[2026-03-09T13:48:20.988+0000] {subprocess.py:106} INFO - 26/03/09 13:48:20 INFO BlockManagerInfo: Removed broadcast_5_piece0 on 172.30.0.7:41335 in memory (size: 5.9 KiB, free: 434.4 MiB)
[2026-03-09T13:48:21.092+0000] {subprocess.py:106} INFO - 26/03/09 13:48:21 INFO HiveConf: Found configuration file null
[2026-03-09T13:48:21.264+0000] {subprocess.py:106} INFO - 26/03/09 13:48:21 INFO metastore: Trying to connect to metastore with URI thrift://hive-metastore:9083
[2026-03-09T13:48:21.283+0000] {subprocess.py:106} INFO - 26/03/09 13:48:21 INFO metastore: Opened a connection to metastore, current connections: 1
[2026-03-09T13:48:21.309+0000] {subprocess.py:106} INFO - 26/03/09 13:48:21 INFO metastore: Connected to metastore.
[2026-03-09T13:48:21.624+0000] {subprocess.py:106} INFO - 26/03/09 13:48:21 INFO BaseMetastoreTableOperations: Refreshing table metadata from new version: s3a://warehouse/iceberg_data/bronze.db/it_jobs_raw/metadata/00009-c4b7fc8d-c156-4737-98a2-df24b24cd904.metadata.json
[2026-03-09T13:48:21.877+0000] {subprocess.py:106} INFO - 26/03/09 13:48:21 INFO BlockManagerInfo: Removed broadcast_3_piece0 on 499f1d118d82:36917 in memory (size: 36.1 KiB, free: 434.4 MiB)
[2026-03-09T13:48:21.881+0000] {subprocess.py:106} INFO - 26/03/09 13:48:21 INFO BlockManagerInfo: Removed broadcast_3_piece0 on 172.30.0.7:41335 in memory (size: 36.1 KiB, free: 434.4 MiB)
[2026-03-09T13:48:21.969+0000] {subprocess.py:106} INFO - 26/03/09 13:48:21 INFO BaseMetastoreCatalog: Table loaded by catalog: iceberg.bronze.it_jobs_raw
[2026-03-09T13:48:21.976+0000] {subprocess.py:106} INFO - Table iceberg.bronze.it_jobs_raw exists. Checking for new records...
[2026-03-09T13:48:22.220+0000] {subprocess.py:106} INFO - 26/03/09 13:48:22 INFO V2ScanRelationPushDown:
[2026-03-09T13:48:22.221+0000] {subprocess.py:106} INFO - Pushing operators to iceberg.bronze.it_jobs_raw
[2026-03-09T13:48:22.221+0000] {subprocess.py:106} INFO - Pushed Filters: job_link IS NOT NULL
[2026-03-09T13:48:22.222+0000] {subprocess.py:106} INFO - Post-Scan Filters: isnotnull(job_link#79)
[2026-03-09T13:48:22.222+0000] {subprocess.py:106} INFO - 
[2026-03-09T13:48:22.294+0000] {subprocess.py:106} INFO - 26/03/09 13:48:22 INFO V2ScanRelationPushDown:
[2026-03-09T13:48:22.297+0000] {subprocess.py:106} INFO - Output: job_link#79
[2026-03-09T13:48:22.299+0000] {subprocess.py:106} INFO - 
[2026-03-09T13:48:22.329+0000] {subprocess.py:106} INFO - 26/03/09 13:48:22 INFO SnapshotScan: Scanning table iceberg.bronze.it_jobs_raw snapshot 389391666733885780 created at 2026-03-09T13:32:19.788+00:00 with filter job_link IS NOT NULL
[2026-03-09T13:48:22.657+0000] {subprocess.py:106} INFO - 26/03/09 13:48:22 INFO BaseDistributedDataScan: Planning file tasks locally for table iceberg.bronze.it_jobs_raw
[2026-03-09T13:48:23.031+0000] {subprocess.py:106} INFO - 26/03/09 13:48:23 INFO SparkPartitioningAwareScan: Reporting UnknownPartitioning with 3 partition(s) for table iceberg.bronze.it_jobs_raw
[2026-03-09T13:48:23.105+0000] {subprocess.py:106} INFO - 26/03/09 13:48:23 INFO FileSourceStrategy: Pushed Filters:
[2026-03-09T13:48:23.105+0000] {subprocess.py:106} INFO - 26/03/09 13:48:23 INFO FileSourceStrategy: Post-Scan Filters:
[2026-03-09T13:48:23.122+0000] {subprocess.py:106} INFO - 26/03/09 13:48:23 INFO MemoryStore: Block broadcast_6 stored as values in memory (estimated size 32.0 KiB, free 434.4 MiB)
[2026-03-09T13:48:23.147+0000] {subprocess.py:106} INFO - 26/03/09 13:48:23 INFO MemoryStore: Block broadcast_6_piece0 stored as bytes in memory (estimated size 30.2 KiB, free 434.3 MiB)
[2026-03-09T13:48:23.151+0000] {subprocess.py:106} INFO - 26/03/09 13:48:23 INFO BlockManagerInfo: Added broadcast_6_piece0 in memory on 499f1d118d82:36917 (size: 30.2 KiB, free: 434.4 MiB)
[2026-03-09T13:48:23.152+0000] {subprocess.py:106} INFO - 26/03/09 13:48:23 INFO SparkContext: Created broadcast 6 from broadcast at SparkBatch.java:79
[2026-03-09T13:48:23.176+0000] {subprocess.py:106} INFO - 26/03/09 13:48:23 INFO MemoryStore: Block broadcast_7 stored as values in memory (estimated size 32.0 KiB, free 434.3 MiB)
[2026-03-09T13:48:23.180+0000] {subprocess.py:106} INFO - 26/03/09 13:48:23 INFO MemoryStore: Block broadcast_7_piece0 stored as bytes in memory (estimated size 30.2 KiB, free 434.3 MiB)
[2026-03-09T13:48:23.182+0000] {subprocess.py:106} INFO - 26/03/09 13:48:23 INFO BlockManagerInfo: Added broadcast_7_piece0 in memory on 499f1d118d82:36917 (size: 30.2 KiB, free: 434.3 MiB)
[2026-03-09T13:48:23.184+0000] {subprocess.py:106} INFO - 26/03/09 13:48:23 INFO SparkContext: Created broadcast 7 from broadcast at SparkBatch.java:79
[2026-03-09T13:48:23.297+0000] {subprocess.py:106} INFO - 26/03/09 13:48:23 INFO CodeGenerator: Code generated in 26.129628 ms
[2026-03-09T13:48:23.334+0000] {subprocess.py:106} INFO - 26/03/09 13:48:23 INFO SparkContext: Starting job: $anonfun$withThreadLocalCaptured$1 at <unknown>:0
[2026-03-09T13:48:23.337+0000] {subprocess.py:106} INFO - 26/03/09 13:48:23 INFO DAGScheduler: Got job 4 ($anonfun$withThreadLocalCaptured$1 at <unknown>:0) with 3 output partitions
[2026-03-09T13:48:23.338+0000] {subprocess.py:106} INFO - 26/03/09 13:48:23 INFO DAGScheduler: Final stage: ResultStage 5 ($anonfun$withThreadLocalCaptured$1 at <unknown>:0)
[2026-03-09T13:48:23.338+0000] {subprocess.py:106} INFO - 26/03/09 13:48:23 INFO DAGScheduler: Parents of final stage: List()
[2026-03-09T13:48:23.339+0000] {subprocess.py:106} INFO - 26/03/09 13:48:23 INFO DAGScheduler: Missing parents: List()
[2026-03-09T13:48:23.340+0000] {subprocess.py:106} INFO - 26/03/09 13:48:23 INFO DAGScheduler: Submitting ResultStage 5 (MapPartitionsRDD[14] at $anonfun$withThreadLocalCaptured$1 at <unknown>:0), which has no missing parents
[2026-03-09T13:48:23.343+0000] {subprocess.py:106} INFO - 26/03/09 13:48:23 INFO MemoryStore: Block broadcast_8 stored as values in memory (estimated size 13.8 KiB, free 434.3 MiB)
[2026-03-09T13:48:23.358+0000] {subprocess.py:106} INFO - 26/03/09 13:48:23 INFO MemoryStore: Block broadcast_8_piece0 stored as bytes in memory (estimated size 5.5 KiB, free 434.3 MiB)
[2026-03-09T13:48:23.360+0000] {subprocess.py:106} INFO - 26/03/09 13:48:23 INFO BlockManagerInfo: Added broadcast_8_piece0 in memory on 499f1d118d82:36917 (size: 5.5 KiB, free: 434.3 MiB)
[2026-03-09T13:48:23.361+0000] {subprocess.py:106} INFO - 26/03/09 13:48:23 INFO SparkContext: Created broadcast 8 from broadcast at DAGScheduler.scala:1585
[2026-03-09T13:48:23.362+0000] {subprocess.py:106} INFO - 26/03/09 13:48:23 INFO DAGScheduler: Submitting 3 missing tasks from ResultStage 5 (MapPartitionsRDD[14] at $anonfun$withThreadLocalCaptured$1 at <unknown>:0) (first 15 tasks are for partitions Vector(0, 1, 2))
[2026-03-09T13:48:23.363+0000] {subprocess.py:106} INFO - 26/03/09 13:48:23 INFO TaskSchedulerImpl: Adding task set 5.0 with 3 tasks resource profile 0
[2026-03-09T13:48:23.392+0000] {subprocess.py:106} INFO - 26/03/09 13:48:23 INFO TaskSetManager: Starting task 0.0 in stage 5.0 (TID 4) (172.30.0.7, executor 0, partition 0, PROCESS_LOCAL, 16345 bytes)
[2026-03-09T13:48:23.849+0000] {subprocess.py:106} INFO - 26/03/09 13:48:23 INFO BlockManagerInfo: Added broadcast_8_piece0 in memory on 172.30.0.7:41335 (size: 5.5 KiB, free: 434.4 MiB)
[2026-03-09T13:48:23.910+0000] {subprocess.py:106} INFO - 26/03/09 13:48:23 INFO BlockManagerInfo: Added broadcast_7_piece0 in memory on 172.30.0.7:41335 (size: 30.2 KiB, free: 434.4 MiB)
[2026-03-09T13:48:25.539+0000] {subprocess.py:106} INFO - 26/03/09 13:48:25 INFO TaskSetManager: Starting task 1.0 in stage 5.0 (TID 5) (172.30.0.7, executor 0, partition 1, PROCESS_LOCAL, 16346 bytes)
[2026-03-09T13:48:25.541+0000] {subprocess.py:106} INFO - 26/03/09 13:48:25 INFO TaskSetManager: Finished task 0.0 in stage 5.0 (TID 4) in 2176 ms on 172.30.0.7 (executor 0) (1/3)
[2026-03-09T13:48:25.780+0000] {subprocess.py:106} INFO - 26/03/09 13:48:25 INFO TaskSetManager: Starting task 2.0 in stage 5.0 (TID 6) (172.30.0.7, executor 0, partition 2, PROCESS_LOCAL, 15425 bytes)
[2026-03-09T13:48:25.781+0000] {subprocess.py:106} INFO - 26/03/09 13:48:25 INFO TaskSetManager: Finished task 1.0 in stage 5.0 (TID 5) in 241 ms on 172.30.0.7 (executor 0) (2/3)
[2026-03-09T13:48:25.928+0000] {subprocess.py:106} INFO - 26/03/09 13:48:25 INFO TaskSetManager: Finished task 2.0 in stage 5.0 (TID 6) in 153 ms on 172.30.0.7 (executor 0) (3/3)
[2026-03-09T13:48:25.933+0000] {subprocess.py:106} INFO - 26/03/09 13:48:25 INFO TaskSchedulerImpl: Removed TaskSet 5.0, whose tasks have all completed, from pool
[2026-03-09T13:48:25.934+0000] {subprocess.py:106} INFO - 26/03/09 13:48:25 INFO DAGScheduler: ResultStage 5 ($anonfun$withThreadLocalCaptured$1 at <unknown>:0) finished in 2.587 s
[2026-03-09T13:48:25.935+0000] {subprocess.py:106} INFO - 26/03/09 13:48:25 INFO DAGScheduler: Job 4 is finished. Cancelling potential speculative or zombie tasks for this job
[2026-03-09T13:48:25.935+0000] {subprocess.py:106} INFO - 26/03/09 13:48:25 INFO TaskSchedulerImpl: Killing all running tasks in stage 5: Stage finished
[2026-03-09T13:48:25.939+0000] {subprocess.py:106} INFO - 26/03/09 13:48:25 INFO DAGScheduler: Job 4 finished: $anonfun$withThreadLocalCaptured$1 at <unknown>:0, took 2.594631 s
[2026-03-09T13:48:25.972+0000] {subprocess.py:106} INFO - 26/03/09 13:48:25 INFO CodeGenerator: Code generated in 14.93232 ms
[2026-03-09T13:48:25.991+0000] {subprocess.py:106} INFO - 26/03/09 13:48:25 INFO BlockManagerInfo: Removed broadcast_8_piece0 on 499f1d118d82:36917 in memory (size: 5.5 KiB, free: 434.3 MiB)
[2026-03-09T13:48:26.004+0000] {subprocess.py:106} INFO - 26/03/09 13:48:25 INFO BlockManagerInfo: Removed broadcast_8_piece0 on 172.30.0.7:41335 in memory (size: 5.5 KiB, free: 434.4 MiB)
[2026-03-09T13:48:26.096+0000] {subprocess.py:106} INFO - 26/03/09 13:48:26 INFO MemoryStore: Block broadcast_9_piece0 stored as bytes in memory (estimated size 496.7 KiB, free 433.8 MiB)
[2026-03-09T13:48:26.098+0000] {subprocess.py:106} INFO - 26/03/09 13:48:26 INFO BlockManagerInfo: Added broadcast_9_piece0 in memory on 499f1d118d82:36917 (size: 496.7 KiB, free: 433.9 MiB)
[2026-03-09T13:48:26.099+0000] {subprocess.py:106} INFO - 26/03/09 13:48:26 INFO SparkContext: Created broadcast 9 from $anonfun$withThreadLocalCaptured$1 at <unknown>:0
[2026-03-09T13:48:26.112+0000] {subprocess.py:106} INFO - 26/03/09 13:48:26 INFO FileSourceStrategy: Pushed Filters:
[2026-03-09T13:48:26.112+0000] {subprocess.py:106} INFO - 26/03/09 13:48:26 INFO FileSourceStrategy: Post-Scan Filters:
[2026-03-09T13:48:26.168+0000] {subprocess.py:106} INFO - 26/03/09 13:48:26 INFO CodeGenerator: Code generated in 19.984112 ms
[2026-03-09T13:48:26.175+0000] {subprocess.py:106} INFO - 26/03/09 13:48:26 INFO MemoryStore: Block broadcast_10 stored as values in memory (estimated size 205.7 KiB, free 433.6 MiB)
[2026-03-09T13:48:26.197+0000] {subprocess.py:106} INFO - 26/03/09 13:48:26 INFO MemoryStore: Block broadcast_10_piece0 stored as bytes in memory (estimated size 36.1 KiB, free 433.6 MiB)
[2026-03-09T13:48:26.202+0000] {subprocess.py:106} INFO - 26/03/09 13:48:26 INFO BlockManagerInfo: Added broadcast_10_piece0 in memory on 499f1d118d82:36917 (size: 36.1 KiB, free: 433.8 MiB)
[2026-03-09T13:48:26.203+0000] {subprocess.py:106} INFO - 26/03/09 13:48:26 INFO SparkContext: Created broadcast 10 from count at <unknown>:0
[2026-03-09T13:48:26.204+0000] {subprocess.py:106} INFO - 26/03/09 13:48:26 INFO FileSourceScanExec: Planning scan with bin packing, max size: 4194304 bytes, open cost is considered as scanning 4194304 bytes.
[2026-03-09T13:48:26.212+0000] {subprocess.py:106} INFO - 26/03/09 13:48:26 INFO DAGScheduler: Registering RDD 18 (count at <unknown>:0) as input to shuffle 1
[2026-03-09T13:48:26.213+0000] {subprocess.py:106} INFO - 26/03/09 13:48:26 INFO DAGScheduler: Got map stage job 5 (count at <unknown>:0) with 1 output partitions
[2026-03-09T13:48:26.214+0000] {subprocess.py:106} INFO - 26/03/09 13:48:26 INFO DAGScheduler: Final stage: ShuffleMapStage 6 (count at <unknown>:0)
[2026-03-09T13:48:26.215+0000] {subprocess.py:106} INFO - 26/03/09 13:48:26 INFO DAGScheduler: Parents of final stage: List()
[2026-03-09T13:48:26.217+0000] {subprocess.py:106} INFO - 26/03/09 13:48:26 INFO DAGScheduler: Missing parents: List()
[2026-03-09T13:48:26.220+0000] {subprocess.py:106} INFO - 26/03/09 13:48:26 INFO DAGScheduler: Submitting ShuffleMapStage 6 (MapPartitionsRDD[18] at count at <unknown>:0), which has no missing parents
[2026-03-09T13:48:26.224+0000] {subprocess.py:106} INFO - 26/03/09 13:48:26 INFO MemoryStore: Block broadcast_11 stored as values in memory (estimated size 20.2 KiB, free 433.5 MiB)
[2026-03-09T13:48:26.226+0000] {subprocess.py:106} INFO - 26/03/09 13:48:26 INFO MemoryStore: Block broadcast_11_piece0 stored as bytes in memory (estimated size 9.8 KiB, free 433.5 MiB)
[2026-03-09T13:48:26.229+0000] {subprocess.py:106} INFO - 26/03/09 13:48:26 INFO BlockManagerInfo: Added broadcast_11_piece0 in memory on 499f1d118d82:36917 (size: 9.8 KiB, free: 433.8 MiB)
[2026-03-09T13:48:26.233+0000] {subprocess.py:106} INFO - 26/03/09 13:48:26 INFO SparkContext: Created broadcast 11 from broadcast at DAGScheduler.scala:1585
[2026-03-09T13:48:26.234+0000] {subprocess.py:106} INFO - 26/03/09 13:48:26 INFO DAGScheduler: Submitting 1 missing tasks from ShuffleMapStage 6 (MapPartitionsRDD[18] at count at <unknown>:0) (first 15 tasks are for partitions Vector(0))
[2026-03-09T13:48:26.235+0000] {subprocess.py:106} INFO - 26/03/09 13:48:26 INFO TaskSchedulerImpl: Adding task set 6.0 with 1 tasks resource profile 0
[2026-03-09T13:48:26.236+0000] {subprocess.py:106} INFO - 26/03/09 13:48:26 INFO TaskSetManager: Starting task 0.0 in stage 6.0 (TID 7) (172.30.0.7, executor 0, partition 0, PROCESS_LOCAL, 10568 bytes)
[2026-03-09T13:48:26.264+0000] {subprocess.py:106} INFO - 26/03/09 13:48:26 INFO BlockManagerInfo: Added broadcast_11_piece0 in memory on 172.30.0.7:41335 (size: 9.8 KiB, free: 434.4 MiB)
[2026-03-09T13:48:26.316+0000] {subprocess.py:106} INFO - 26/03/09 13:48:26 INFO BlockManagerInfo: Added broadcast_9_piece0 in memory on 172.30.0.7:41335 (size: 496.7 KiB, free: 433.9 MiB)
[2026-03-09T13:48:26.456+0000] {subprocess.py:106} INFO - 26/03/09 13:48:26 INFO BlockManagerInfo: Added broadcast_10_piece0 in memory on 172.30.0.7:41335 (size: 36.1 KiB, free: 433.8 MiB)
[2026-03-09T13:48:26.610+0000] {subprocess.py:106} INFO - 26/03/09 13:48:26 INFO TaskSetManager: Finished task 0.0 in stage 6.0 (TID 7) in 374 ms on 172.30.0.7 (executor 0) (1/1)
[2026-03-09T13:48:26.610+0000] {subprocess.py:106} INFO - 26/03/09 13:48:26 INFO TaskSchedulerImpl: Removed TaskSet 6.0, whose tasks have all completed, from pool
[2026-03-09T13:48:26.611+0000] {subprocess.py:106} INFO - 26/03/09 13:48:26 INFO DAGScheduler: ShuffleMapStage 6 (count at <unknown>:0) finished in 0.388 s
[2026-03-09T13:48:26.611+0000] {subprocess.py:106} INFO - 26/03/09 13:48:26 INFO DAGScheduler: looking for newly runnable stages
[2026-03-09T13:48:26.612+0000] {subprocess.py:106} INFO - 26/03/09 13:48:26 INFO DAGScheduler: running: Set()
[2026-03-09T13:48:26.612+0000] {subprocess.py:106} INFO - 26/03/09 13:48:26 INFO DAGScheduler: waiting: Set()
[2026-03-09T13:48:26.613+0000] {subprocess.py:106} INFO - 26/03/09 13:48:26 INFO DAGScheduler: failed: Set()
[2026-03-09T13:48:26.652+0000] {subprocess.py:106} INFO - 26/03/09 13:48:26 INFO CodeGenerator: Code generated in 17.454016 ms
[2026-03-09T13:48:26.680+0000] {subprocess.py:106} INFO - 26/03/09 13:48:26 INFO SparkContext: Starting job: count at <unknown>:0
[2026-03-09T13:48:26.682+0000] {subprocess.py:106} INFO - 26/03/09 13:48:26 INFO DAGScheduler: Got job 6 (count at <unknown>:0) with 1 output partitions
[2026-03-09T13:48:26.683+0000] {subprocess.py:106} INFO - 26/03/09 13:48:26 INFO DAGScheduler: Final stage: ResultStage 8 (count at <unknown>:0)
[2026-03-09T13:48:26.687+0000] {subprocess.py:106} INFO - 26/03/09 13:48:26 INFO DAGScheduler: Parents of final stage: List(ShuffleMapStage 7)
[2026-03-09T13:48:26.688+0000] {subprocess.py:106} INFO - 26/03/09 13:48:26 INFO DAGScheduler: Missing parents: List()
[2026-03-09T13:48:26.688+0000] {subprocess.py:106} INFO - 26/03/09 13:48:26 INFO DAGScheduler: Submitting ResultStage 8 (MapPartitionsRDD[21] at count at <unknown>:0), which has no missing parents
[2026-03-09T13:48:26.690+0000] {subprocess.py:106} INFO - 26/03/09 13:48:26 INFO MemoryStore: Block broadcast_12 stored as values in memory (estimated size 12.5 KiB, free 433.5 MiB)
[2026-03-09T13:48:26.710+0000] {subprocess.py:106} INFO - 26/03/09 13:48:26 INFO MemoryStore: Block broadcast_12_piece0 stored as bytes in memory (estimated size 5.9 KiB, free 433.5 MiB)
[2026-03-09T13:48:26.711+0000] {subprocess.py:106} INFO - 26/03/09 13:48:26 INFO BlockManagerInfo: Added broadcast_12_piece0 in memory on 499f1d118d82:36917 (size: 5.9 KiB, free: 433.8 MiB)
[2026-03-09T13:48:26.712+0000] {subprocess.py:106} INFO - 26/03/09 13:48:26 INFO BlockManagerInfo: Removed broadcast_11_piece0 on 499f1d118d82:36917 in memory (size: 9.8 KiB, free: 433.8 MiB)
[2026-03-09T13:48:26.716+0000] {subprocess.py:106} INFO - 26/03/09 13:48:26 INFO SparkContext: Created broadcast 12 from broadcast at DAGScheduler.scala:1585
[2026-03-09T13:48:26.717+0000] {subprocess.py:106} INFO - 26/03/09 13:48:26 INFO DAGScheduler: Submitting 1 missing tasks from ResultStage 8 (MapPartitionsRDD[21] at count at <unknown>:0) (first 15 tasks are for partitions Vector(0))
[2026-03-09T13:48:26.718+0000] {subprocess.py:106} INFO - 26/03/09 13:48:26 INFO TaskSchedulerImpl: Adding task set 8.0 with 1 tasks resource profile 0
[2026-03-09T13:48:26.719+0000] {subprocess.py:106} INFO - 26/03/09 13:48:26 INFO TaskSetManager: Starting task 0.0 in stage 8.0 (TID 8) (172.30.0.7, executor 0, partition 0, NODE_LOCAL, 9976 bytes)
[2026-03-09T13:48:26.719+0000] {subprocess.py:106} INFO - 26/03/09 13:48:26 INFO BlockManagerInfo: Removed broadcast_11_piece0 on 172.30.0.7:41335 in memory (size: 9.8 KiB, free: 433.9 MiB)
[2026-03-09T13:48:26.737+0000] {subprocess.py:106} INFO - 26/03/09 13:48:26 INFO BlockManagerInfo: Added broadcast_12_piece0 in memory on 172.30.0.7:41335 (size: 5.9 KiB, free: 433.8 MiB)
[2026-03-09T13:48:26.746+0000] {subprocess.py:106} INFO - 26/03/09 13:48:26 INFO MapOutputTrackerMasterEndpoint: Asked to send map output locations for shuffle 1 to 172.30.0.7:40628
[2026-03-09T13:48:26.803+0000] {subprocess.py:106} INFO - 26/03/09 13:48:26 INFO TaskSetManager: Finished task 0.0 in stage 8.0 (TID 8) in 91 ms on 172.30.0.7 (executor 0) (1/1)
[2026-03-09T13:48:26.804+0000] {subprocess.py:106} INFO - 26/03/09 13:48:26 INFO TaskSchedulerImpl: Removed TaskSet 8.0, whose tasks have all completed, from pool
[2026-03-09T13:48:26.805+0000] {subprocess.py:106} INFO - 26/03/09 13:48:26 INFO DAGScheduler: ResultStage 8 (count at <unknown>:0) finished in 0.117 s
[2026-03-09T13:48:26.808+0000] {subprocess.py:106} INFO - 26/03/09 13:48:26 INFO DAGScheduler: Job 6 is finished. Cancelling potential speculative or zombie tasks for this job
[2026-03-09T13:48:26.809+0000] {subprocess.py:106} INFO - 26/03/09 13:48:26 INFO TaskSchedulerImpl: Killing all running tasks in stage 8: Stage finished
[2026-03-09T13:48:26.810+0000] {subprocess.py:106} INFO - 26/03/09 13:48:26 INFO DAGScheduler: Job 6 finished: count at <unknown>:0, took 0.129410 s
[2026-03-09T13:48:26.821+0000] {subprocess.py:106} INFO -  New records to append: 31
[2026-03-09T13:48:26.999+0000] {subprocess.py:106} INFO - 26/03/09 13:48:26 INFO V2ScanRelationPushDown:
[2026-03-09T13:48:27.000+0000] {subprocess.py:106} INFO - Pushing operators to iceberg.bronze.it_jobs_raw
[2026-03-09T13:48:27.001+0000] {subprocess.py:106} INFO - Pushed Filters: job_link IS NOT NULL
[2026-03-09T13:48:27.002+0000] {subprocess.py:106} INFO - Post-Scan Filters: isnotnull(job_link#79)
[2026-03-09T13:48:27.002+0000] {subprocess.py:106} INFO - 
[2026-03-09T13:48:27.004+0000] {subprocess.py:106} INFO - 26/03/09 13:48:27 INFO V2ScanRelationPushDown:
[2026-03-09T13:48:27.005+0000] {subprocess.py:106} INFO - Output: job_link#79
[2026-03-09T13:48:27.006+0000] {subprocess.py:106} INFO - 
[2026-03-09T13:48:27.007+0000] {subprocess.py:106} INFO - 26/03/09 13:48:27 INFO SnapshotScan: Scanning table iceberg.bronze.it_jobs_raw snapshot 389391666733885780 created at 2026-03-09T13:32:19.788+00:00 with filter job_link IS NOT NULL
[2026-03-09T13:48:27.023+0000] {subprocess.py:106} INFO - 26/03/09 13:48:27 INFO BaseDistributedDataScan: Planning file tasks locally for table iceberg.bronze.it_jobs_raw
[2026-03-09T13:48:27.137+0000] {subprocess.py:106} INFO - 26/03/09 13:48:27 INFO SparkPartitioningAwareScan: Reporting UnknownPartitioning with 3 partition(s) for table iceberg.bronze.it_jobs_raw
[2026-03-09T13:48:27.175+0000] {subprocess.py:106} INFO - 26/03/09 13:48:27 INFO SparkWrite: Requesting 0 bytes advisory partition size for table iceberg.bronze.it_jobs_raw
[2026-03-09T13:48:27.176+0000] {subprocess.py:106} INFO - 26/03/09 13:48:27 INFO SparkWrite: Requesting UnspecifiedDistribution as write distribution for table iceberg.bronze.it_jobs_raw
[2026-03-09T13:48:27.177+0000] {subprocess.py:106} INFO - 26/03/09 13:48:27 INFO SparkWrite: Requesting [] as write ordering for table iceberg.bronze.it_jobs_raw
[2026-03-09T13:48:27.199+0000] {subprocess.py:106} INFO - 26/03/09 13:48:27 INFO FileSourceStrategy: Pushed Filters:
[2026-03-09T13:48:27.200+0000] {subprocess.py:106} INFO - 26/03/09 13:48:27 INFO FileSourceStrategy: Post-Scan Filters:
[2026-03-09T13:48:27.203+0000] {subprocess.py:106} INFO - 26/03/09 13:48:27 INFO MemoryStore: Block broadcast_13 stored as values in memory (estimated size 32.0 KiB, free 433.5 MiB)
[2026-03-09T13:48:27.219+0000] {subprocess.py:106} INFO - 26/03/09 13:48:27 INFO MemoryStore: Block broadcast_13_piece0 stored as bytes in memory (estimated size 30.2 KiB, free 433.5 MiB)
[2026-03-09T13:48:27.222+0000] {subprocess.py:106} INFO - 26/03/09 13:48:27 INFO BlockManagerInfo: Added broadcast_13_piece0 in memory on 499f1d118d82:36917 (size: 30.2 KiB, free: 433.8 MiB)
[2026-03-09T13:48:27.229+0000] {subprocess.py:106} INFO - 26/03/09 13:48:27 INFO BlockManagerInfo: Removed broadcast_12_piece0 on 499f1d118d82:36917 in memory (size: 5.9 KiB, free: 433.8 MiB)
[2026-03-09T13:48:27.230+0000] {subprocess.py:106} INFO - 26/03/09 13:48:27 INFO BlockManagerInfo: Removed broadcast_12_piece0 on 172.30.0.7:41335 in memory (size: 5.9 KiB, free: 433.9 MiB)
[2026-03-09T13:48:27.233+0000] {subprocess.py:106} INFO - 26/03/09 13:48:27 INFO SparkContext: Created broadcast 13 from broadcast at SparkBatch.java:79
[2026-03-09T13:48:27.240+0000] {subprocess.py:106} INFO - 26/03/09 13:48:27 INFO MemoryStore: Block broadcast_14 stored as values in memory (estimated size 32.0 KiB, free 433.5 MiB)
[2026-03-09T13:48:27.247+0000] {subprocess.py:106} INFO - 26/03/09 13:48:27 INFO MemoryStore: Block broadcast_14_piece0 stored as bytes in memory (estimated size 30.2 KiB, free 433.4 MiB)
[2026-03-09T13:48:27.248+0000] {subprocess.py:106} INFO - 26/03/09 13:48:27 INFO BlockManagerInfo: Added broadcast_14_piece0 in memory on 499f1d118d82:36917 (size: 30.2 KiB, free: 433.8 MiB)
[2026-03-09T13:48:27.251+0000] {subprocess.py:106} INFO - 26/03/09 13:48:27 INFO SparkContext: Created broadcast 14 from broadcast at SparkBatch.java:79
[2026-03-09T13:48:27.343+0000] {subprocess.py:106} INFO - 26/03/09 13:48:27 INFO SparkContext: Starting job: $anonfun$withThreadLocalCaptured$1 at <unknown>:0
[2026-03-09T13:48:27.350+0000] {subprocess.py:106} INFO - 26/03/09 13:48:27 INFO DAGScheduler: Got job 7 ($anonfun$withThreadLocalCaptured$1 at <unknown>:0) with 3 output partitions
[2026-03-09T13:48:27.351+0000] {subprocess.py:106} INFO - 26/03/09 13:48:27 INFO DAGScheduler: Final stage: ResultStage 9 ($anonfun$withThreadLocalCaptured$1 at <unknown>:0)
[2026-03-09T13:48:27.351+0000] {subprocess.py:106} INFO - 26/03/09 13:48:27 INFO DAGScheduler: Parents of final stage: List()
[2026-03-09T13:48:27.352+0000] {subprocess.py:106} INFO - 26/03/09 13:48:27 INFO DAGScheduler: Missing parents: List()
[2026-03-09T13:48:27.353+0000] {subprocess.py:106} INFO - 26/03/09 13:48:27 INFO DAGScheduler: Submitting ResultStage 9 (MapPartitionsRDD[25] at $anonfun$withThreadLocalCaptured$1 at <unknown>:0), which has no missing parents
[2026-03-09T13:48:27.355+0000] {subprocess.py:106} INFO - 26/03/09 13:48:27 INFO MemoryStore: Block broadcast_15 stored as values in memory (estimated size 13.7 KiB, free 433.4 MiB)
[2026-03-09T13:48:27.376+0000] {subprocess.py:106} INFO - 26/03/09 13:48:27 INFO MemoryStore: Block broadcast_15_piece0 stored as bytes in memory (estimated size 5.5 KiB, free 433.4 MiB)
[2026-03-09T13:48:27.377+0000] {subprocess.py:106} INFO - 26/03/09 13:48:27 INFO BlockManagerInfo: Added broadcast_15_piece0 in memory on 499f1d118d82:36917 (size: 5.5 KiB, free: 433.8 MiB)
[2026-03-09T13:48:27.378+0000] {subprocess.py:106} INFO - 26/03/09 13:48:27 INFO SparkContext: Created broadcast 15 from broadcast at DAGScheduler.scala:1585
[2026-03-09T13:48:27.378+0000] {subprocess.py:106} INFO - 26/03/09 13:48:27 INFO DAGScheduler: Submitting 3 missing tasks from ResultStage 9 (MapPartitionsRDD[25] at $anonfun$withThreadLocalCaptured$1 at <unknown>:0) (first 15 tasks are for partitions Vector(0, 1, 2))
[2026-03-09T13:48:27.381+0000] {subprocess.py:106} INFO - 26/03/09 13:48:27 INFO TaskSchedulerImpl: Adding task set 9.0 with 3 tasks resource profile 0
[2026-03-09T13:48:27.382+0000] {subprocess.py:106} INFO - 26/03/09 13:48:27 INFO TaskSetManager: Starting task 0.0 in stage 9.0 (TID 9) (172.30.0.7, executor 0, partition 0, PROCESS_LOCAL, 16345 bytes)
[2026-03-09T13:48:27.410+0000] {subprocess.py:106} INFO - 26/03/09 13:48:27 INFO BlockManagerInfo: Added broadcast_15_piece0 in memory on 172.30.0.7:41335 (size: 5.5 KiB, free: 433.8 MiB)
[2026-03-09T13:48:27.458+0000] {subprocess.py:106} INFO - 26/03/09 13:48:27 INFO BlockManagerInfo: Added broadcast_14_piece0 in memory on 172.30.0.7:41335 (size: 30.2 KiB, free: 433.8 MiB)
[2026-03-09T13:48:27.461+0000] {subprocess.py:106} INFO - 26/03/09 13:48:27 INFO BlockManagerInfo: Removed broadcast_6_piece0 on 499f1d118d82:36917 in memory (size: 30.2 KiB, free: 433.8 MiB)
[2026-03-09T13:48:27.734+0000] {subprocess.py:106} INFO - 26/03/09 13:48:27 INFO TaskSetManager: Starting task 1.0 in stage 9.0 (TID 10) (172.30.0.7, executor 0, partition 1, PROCESS_LOCAL, 16346 bytes)
[2026-03-09T13:48:27.737+0000] {subprocess.py:106} INFO - 26/03/09 13:48:27 INFO TaskSetManager: Finished task 0.0 in stage 9.0 (TID 9) in 353 ms on 172.30.0.7 (executor 0) (1/3)
[2026-03-09T13:48:28.014+0000] {subprocess.py:106} INFO - 26/03/09 13:48:28 INFO TaskSetManager: Starting task 2.0 in stage 9.0 (TID 11) (172.30.0.7, executor 0, partition 2, PROCESS_LOCAL, 15425 bytes)
[2026-03-09T13:48:28.015+0000] {subprocess.py:106} INFO - 26/03/09 13:48:28 INFO TaskSetManager: Finished task 1.0 in stage 9.0 (TID 10) in 287 ms on 172.30.0.7 (executor 0) (2/3)
[2026-03-09T13:48:28.150+0000] {subprocess.py:106} INFO - 26/03/09 13:48:28 INFO TaskSetManager: Finished task 2.0 in stage 9.0 (TID 11) in 137 ms on 172.30.0.7 (executor 0) (3/3)
[2026-03-09T13:48:28.153+0000] {subprocess.py:106} INFO - 26/03/09 13:48:28 INFO TaskSchedulerImpl: Removed TaskSet 9.0, whose tasks have all completed, from pool
[2026-03-09T13:48:28.158+0000] {subprocess.py:106} INFO - 26/03/09 13:48:28 INFO DAGScheduler: ResultStage 9 ($anonfun$withThreadLocalCaptured$1 at <unknown>:0) finished in 0.799 s
[2026-03-09T13:48:28.162+0000] {subprocess.py:106} INFO - 26/03/09 13:48:28 INFO DAGScheduler: Job 7 is finished. Cancelling potential speculative or zombie tasks for this job
[2026-03-09T13:48:28.166+0000] {subprocess.py:106} INFO - 26/03/09 13:48:28 INFO TaskSchedulerImpl: Killing all running tasks in stage 9: Stage finished
[2026-03-09T13:48:28.168+0000] {subprocess.py:106} INFO - 26/03/09 13:48:28 INFO DAGScheduler: Job 7 finished: $anonfun$withThreadLocalCaptured$1 at <unknown>:0, took 0.808786 s
[2026-03-09T13:48:28.184+0000] {subprocess.py:106} INFO - 26/03/09 13:48:28 INFO BlockManagerInfo: Removed broadcast_15_piece0 on 499f1d118d82:36917 in memory (size: 5.5 KiB, free: 433.8 MiB)
[2026-03-09T13:48:28.197+0000] {subprocess.py:106} INFO - 26/03/09 13:48:28 INFO BlockManagerInfo: Removed broadcast_15_piece0 on 172.30.0.7:41335 in memory (size: 5.5 KiB, free: 433.8 MiB)
[2026-03-09T13:48:28.241+0000] {subprocess.py:106} INFO - 26/03/09 13:48:28 INFO MemoryStore: Block broadcast_16_piece0 stored as bytes in memory (estimated size 497.1 KiB, free 433.0 MiB)
[2026-03-09T13:48:28.242+0000] {subprocess.py:106} INFO - 26/03/09 13:48:28 INFO BlockManagerInfo: Added broadcast_16_piece0 in memory on 499f1d118d82:36917 (size: 497.1 KiB, free: 433.3 MiB)
[2026-03-09T13:48:28.259+0000] {subprocess.py:106} INFO - 26/03/09 13:48:28 INFO SparkContext: Created broadcast 16 from $anonfun$withThreadLocalCaptured$1 at <unknown>:0
[2026-03-09T13:48:28.267+0000] {subprocess.py:106} INFO - 26/03/09 13:48:28 INFO FileSourceStrategy: Pushed Filters:
[2026-03-09T13:48:28.268+0000] {subprocess.py:106} INFO - 26/03/09 13:48:28 INFO FileSourceStrategy: Post-Scan Filters:
[2026-03-09T13:48:28.321+0000] {subprocess.py:106} INFO - 26/03/09 13:48:28 INFO CodeGenerator: Code generated in 26.838939 ms
[2026-03-09T13:48:28.326+0000] {subprocess.py:106} INFO - 26/03/09 13:48:28 INFO MemoryStore: Block broadcast_17 stored as values in memory (estimated size 205.7 KiB, free 432.8 MiB)
[2026-03-09T13:48:28.343+0000] {subprocess.py:106} INFO - 26/03/09 13:48:28 INFO BlockManagerInfo: Removed broadcast_10_piece0 on 499f1d118d82:36917 in memory (size: 36.1 KiB, free: 433.3 MiB)
[2026-03-09T13:48:28.346+0000] {subprocess.py:106} INFO - 26/03/09 13:48:28 INFO BlockManagerInfo: Removed broadcast_10_piece0 on 172.30.0.7:41335 in memory (size: 36.1 KiB, free: 433.9 MiB)
[2026-03-09T13:48:28.350+0000] {subprocess.py:106} INFO - 26/03/09 13:48:28 INFO MemoryStore: Block broadcast_17_piece0 stored as bytes in memory (estimated size 36.1 KiB, free 433.0 MiB)
[2026-03-09T13:48:28.351+0000] {subprocess.py:106} INFO - 26/03/09 13:48:28 INFO BlockManagerInfo: Added broadcast_17_piece0 in memory on 499f1d118d82:36917 (size: 36.1 KiB, free: 433.3 MiB)
[2026-03-09T13:48:28.355+0000] {subprocess.py:106} INFO - 26/03/09 13:48:28 INFO SparkContext: Created broadcast 17 from append at <unknown>:0
[2026-03-09T13:48:28.356+0000] {subprocess.py:106} INFO - 26/03/09 13:48:28 INFO FileSourceScanExec: Planning scan with bin packing, max size: 4194304 bytes, open cost is considered as scanning 4194304 bytes.
[2026-03-09T13:48:28.371+0000] {subprocess.py:106} INFO - 26/03/09 13:48:28 INFO MemoryStore: Block broadcast_18 stored as values in memory (estimated size 32.0 KiB, free 433.0 MiB)
[2026-03-09T13:48:28.375+0000] {subprocess.py:106} INFO - 26/03/09 13:48:28 INFO MemoryStore: Block broadcast_18_piece0 stored as bytes in memory (estimated size 30.2 KiB, free 433.0 MiB)
[2026-03-09T13:48:28.376+0000] {subprocess.py:106} INFO - 26/03/09 13:48:28 INFO BlockManagerInfo: Added broadcast_18_piece0 in memory on 499f1d118d82:36917 (size: 30.2 KiB, free: 433.3 MiB)
[2026-03-09T13:48:28.377+0000] {subprocess.py:106} INFO - 26/03/09 13:48:28 INFO SparkContext: Created broadcast 18 from broadcast at SparkWrite.java:193
[2026-03-09T13:48:28.381+0000] {subprocess.py:106} INFO - 26/03/09 13:48:28 INFO AppendDataExec: Start processing data source write support: IcebergBatchWrite(table=iceberg.bronze.it_jobs_raw, format=PARQUET). The input RDD has 1 partitions.
[2026-03-09T13:48:28.401+0000] {subprocess.py:106} INFO - 26/03/09 13:48:28 INFO BlockManagerInfo: Removed broadcast_7_piece0 on 499f1d118d82:36917 in memory (size: 30.2 KiB, free: 433.3 MiB)
[2026-03-09T13:48:28.407+0000] {subprocess.py:106} INFO - 26/03/09 13:48:28 INFO SparkContext: Starting job: append at <unknown>:0
[2026-03-09T13:48:28.408+0000] {subprocess.py:106} INFO - 26/03/09 13:48:28 INFO BlockManagerInfo: Removed broadcast_7_piece0 on 172.30.0.7:41335 in memory (size: 30.2 KiB, free: 433.9 MiB)
[2026-03-09T13:48:28.412+0000] {subprocess.py:106} INFO - 26/03/09 13:48:28 INFO DAGScheduler: Got job 8 (append at <unknown>:0) with 1 output partitions
[2026-03-09T13:48:28.413+0000] {subprocess.py:106} INFO - 26/03/09 13:48:28 INFO DAGScheduler: Final stage: ResultStage 10 (append at <unknown>:0)
[2026-03-09T13:48:28.416+0000] {subprocess.py:106} INFO - 26/03/09 13:48:28 INFO DAGScheduler: Parents of final stage: List()
[2026-03-09T13:48:28.420+0000] {subprocess.py:106} INFO - 26/03/09 13:48:28 INFO BlockManagerInfo: Removed broadcast_9_piece0 on 172.30.0.7:41335 in memory (size: 496.7 KiB, free: 434.4 MiB)
[2026-03-09T13:48:28.421+0000] {subprocess.py:106} INFO - 26/03/09 13:48:28 INFO DAGScheduler: Missing parents: List()
[2026-03-09T13:48:28.423+0000] {subprocess.py:106} INFO - 26/03/09 13:48:28 INFO BlockManagerInfo: Removed broadcast_9_piece0 on 499f1d118d82:36917 in memory (size: 496.7 KiB, free: 433.8 MiB)
[2026-03-09T13:48:28.428+0000] {subprocess.py:106} INFO - 26/03/09 13:48:28 INFO DAGScheduler: Submitting ResultStage 10 (MapPartitionsRDD[28] at append at <unknown>:0), which has no missing parents
[2026-03-09T13:48:28.434+0000] {subprocess.py:106} INFO - 26/03/09 13:48:28 INFO MemoryStore: Block broadcast_19 stored as values in memory (estimated size 22.8 KiB, free 433.5 MiB)
[2026-03-09T13:48:28.451+0000] {subprocess.py:106} INFO - 26/03/09 13:48:28 INFO MemoryStore: Block broadcast_19_piece0 stored as bytes in memory (estimated size 10.2 KiB, free 433.5 MiB)
[2026-03-09T13:48:28.454+0000] {subprocess.py:106} INFO - 26/03/09 13:48:28 INFO BlockManagerInfo: Added broadcast_19_piece0 in memory on 499f1d118d82:36917 (size: 10.2 KiB, free: 433.8 MiB)
[2026-03-09T13:48:28.455+0000] {subprocess.py:106} INFO - 26/03/09 13:48:28 INFO SparkContext: Created broadcast 19 from broadcast at DAGScheduler.scala:1585
[2026-03-09T13:48:28.456+0000] {subprocess.py:106} INFO - 26/03/09 13:48:28 INFO DAGScheduler: Submitting 1 missing tasks from ResultStage 10 (MapPartitionsRDD[28] at append at <unknown>:0) (first 15 tasks are for partitions Vector(0))
[2026-03-09T13:48:28.457+0000] {subprocess.py:106} INFO - 26/03/09 13:48:28 INFO TaskSchedulerImpl: Adding task set 10.0 with 1 tasks resource profile 0
[2026-03-09T13:48:28.458+0000] {subprocess.py:106} INFO - 26/03/09 13:48:28 INFO TaskSetManager: Starting task 0.0 in stage 10.0 (TID 12) (172.30.0.7, executor 0, partition 0, PROCESS_LOCAL, 10579 bytes)
[2026-03-09T13:48:28.485+0000] {subprocess.py:106} INFO - 26/03/09 13:48:28 INFO BlockManagerInfo: Added broadcast_19_piece0 in memory on 172.30.0.7:41335 (size: 10.2 KiB, free: 434.4 MiB)
[2026-03-09T13:48:28.563+0000] {subprocess.py:106} INFO - 26/03/09 13:48:28 INFO BlockManagerInfo: Added broadcast_16_piece0 in memory on 172.30.0.7:41335 (size: 497.1 KiB, free: 433.9 MiB)
[2026-03-09T13:48:28.606+0000] {subprocess.py:106} INFO - 26/03/09 13:48:28 INFO BlockManagerInfo: Added broadcast_18_piece0 in memory on 172.30.0.7:41335 (size: 30.2 KiB, free: 433.8 MiB)
[2026-03-09T13:48:28.912+0000] {subprocess.py:106} INFO - 26/03/09 13:48:28 INFO BlockManagerInfo: Added broadcast_17_piece0 in memory on 172.30.0.7:41335 (size: 36.1 KiB, free: 433.8 MiB)
[2026-03-09T13:48:29.622+0000] {subprocess.py:106} INFO - 26/03/09 13:48:29 INFO TaskSetManager: Finished task 0.0 in stage 10.0 (TID 12) in 1162 ms on 172.30.0.7 (executor 0) (1/1)
[2026-03-09T13:48:29.632+0000] {subprocess.py:106} INFO - 26/03/09 13:48:29 INFO DAGScheduler: ResultStage 10 (append at <unknown>:0) finished in 1.191 s
[2026-03-09T13:48:29.633+0000] {subprocess.py:106} INFO - 26/03/09 13:48:29 INFO TaskSchedulerImpl: Removed TaskSet 10.0, whose tasks have all completed, from pool
[2026-03-09T13:48:29.633+0000] {subprocess.py:106} INFO - 26/03/09 13:48:29 INFO DAGScheduler: Job 8 is finished. Cancelling potential speculative or zombie tasks for this job
[2026-03-09T13:48:29.634+0000] {subprocess.py:106} INFO - 26/03/09 13:48:29 INFO TaskSchedulerImpl: Killing all running tasks in stage 10: Stage finished
[2026-03-09T13:48:29.635+0000] {subprocess.py:106} INFO - 26/03/09 13:48:29 INFO DAGScheduler: Job 8 finished: append at <unknown>:0, took 1.227078 s
[2026-03-09T13:48:29.641+0000] {subprocess.py:106} INFO - 26/03/09 13:48:29 INFO AppendDataExec: Data source write support IcebergBatchWrite(table=iceberg.bronze.it_jobs_raw, format=PARQUET) is committing.
[2026-03-09T13:48:29.677+0000] {subprocess.py:106} INFO - 26/03/09 13:48:29 INFO SparkWrite: Committing append with 1 new data files to table iceberg.bronze.it_jobs_raw
[2026-03-09T13:48:30.174+0000] {subprocess.py:106} INFO - 26/03/09 13:48:30 INFO BlockManagerInfo: Removed broadcast_19_piece0 on 499f1d118d82:36917 in memory (size: 10.2 KiB, free: 433.8 MiB)
[2026-03-09T13:48:30.177+0000] {subprocess.py:106} INFO - 26/03/09 13:48:30 INFO BlockManagerInfo: Removed broadcast_19_piece0 on 172.30.0.7:41335 in memory (size: 10.2 KiB, free: 433.8 MiB)
[2026-03-09T13:48:30.670+0000] {subprocess.py:106} INFO - 26/03/09 13:48:30 INFO HiveTableOperations: Committed to table iceberg.bronze.it_jobs_raw with the new metadata location s3a://warehouse/iceberg_data/bronze.db/it_jobs_raw/metadata/00010-06afa0e3-b346-47f8-b2a4-5630d2e37562.metadata.json
[2026-03-09T13:48:30.670+0000] {subprocess.py:106} INFO - 26/03/09 13:48:30 INFO BaseMetastoreTableOperations: Successfully committed to table iceberg.bronze.it_jobs_raw in 318 ms
[2026-03-09T13:48:30.671+0000] {subprocess.py:106} INFO - 26/03/09 13:48:30 INFO SnapshotProducer: Committed snapshot 3657638693731331473 (MergeAppend)
[2026-03-09T13:48:30.681+0000] {subprocess.py:106} INFO - 26/03/09 13:48:30 INFO BaseMetastoreTableOperations: Refreshing table metadata from new version: s3a://warehouse/iceberg_data/bronze.db/it_jobs_raw/metadata/00010-06afa0e3-b346-47f8-b2a4-5630d2e37562.metadata.json
[2026-03-09T13:48:30.760+0000] {subprocess.py:106} INFO - 26/03/09 13:48:30 INFO LoggingMetricsReporter: Received metrics report: CommitReport{tableName=iceberg.bronze.it_jobs_raw, snapshotId=3657638693731331473, sequenceNumber=11, operation=append, commitMetrics=CommitMetricsResult{totalDuration=TimerResult{timeUnit=NANOSECONDS, totalDuration=PT1.05724243S, count=1}, attempts=CounterResult{unit=COUNT, value=1}, addedDataFiles=CounterResult{unit=COUNT, value=1}, removedDataFiles=null, totalDataFiles=CounterResult{unit=COUNT, value=11}, addedDeleteFiles=null, addedEqualityDeleteFiles=null, addedPositionalDeleteFiles=null, removedDeleteFiles=null, removedEqualityDeleteFiles=null, removedPositionalDeleteFiles=null, totalDeleteFiles=CounterResult{unit=COUNT, value=0}, addedRecords=CounterResult{unit=COUNT, value=31}, removedRecords=null, totalRecords=CounterResult{unit=COUNT, value=8560}, addedFilesSizeInBytes=CounterResult{unit=BYTES, value=8497}, removedFilesSizeInBytes=null, totalFilesSizeInBytes=CounterResult{unit=BYTES, value=433618}, addedPositionalDeletes=null, removedPositionalDeletes=null, totalPositionalDeletes=CounterResult{unit=COUNT, value=0}, addedEqualityDeletes=null, removedEqualityDeletes=null, totalEqualityDeletes=CounterResult{unit=COUNT, value=0}}, metadata={engine-version=3.5.3, app-id=app-20260309134801-0003, engine-name=spark, iceberg-version=Apache Iceberg 1.6.1 (commit 8e9d59d299be42b0bca9461457cd1e95dbaad086)}}
[2026-03-09T13:48:30.761+0000] {subprocess.py:106} INFO - 26/03/09 13:48:30 INFO SparkWrite: Committed in 1082 ms
[2026-03-09T13:48:30.761+0000] {subprocess.py:106} INFO - 26/03/09 13:48:30 INFO AppendDataExec: Data source write support IcebergBatchWrite(table=iceberg.bronze.it_jobs_raw, format=PARQUET) committed.
[2026-03-09T13:48:30.763+0000] {subprocess.py:106} INFO - Append success.
[2026-03-09T13:48:30.764+0000] {subprocess.py:106} INFO - Process finished. Data available at: iceberg.bronze.it_jobs_raw
[2026-03-09T13:48:30.765+0000] {subprocess.py:106} INFO - 26/03/09 13:48:30 INFO SparkContext: SparkContext is stopping with exitCode 0.
[2026-03-09T13:48:30.777+0000] {subprocess.py:106} INFO - 26/03/09 13:48:30 INFO SparkUI: Stopped Spark web UI at http://499f1d118d82:4040
[2026-03-09T13:48:30.786+0000] {subprocess.py:106} INFO - 26/03/09 13:48:30 INFO StandaloneSchedulerBackend: Shutting down all executors
[2026-03-09T13:48:30.787+0000] {subprocess.py:106} INFO - 26/03/09 13:48:30 INFO StandaloneSchedulerBackend$StandaloneDriverEndpoint: Asking each executor to shut down
[2026-03-09T13:48:30.819+0000] {subprocess.py:106} INFO - 26/03/09 13:48:30 INFO MapOutputTrackerMasterEndpoint: MapOutputTrackerMasterEndpoint stopped!
[2026-03-09T13:48:30.854+0000] {subprocess.py:106} INFO - 26/03/09 13:48:30 INFO MemoryStore: MemoryStore cleared
[2026-03-09T13:48:30.854+0000] {subprocess.py:106} INFO - 26/03/09 13:48:30 INFO BlockManager: BlockManager stopped
[2026-03-09T13:48:30.880+0000] {subprocess.py:106} INFO - 26/03/09 13:48:30 INFO BlockManagerMaster: BlockManagerMaster stopped
[2026-03-09T13:48:30.885+0000] {subprocess.py:106} INFO - 26/03/09 13:48:30 INFO OutputCommitCoordinator$OutputCommitCoordinatorEndpoint: OutputCommitCoordinator stopped!
[2026-03-09T13:48:31.015+0000] {subprocess.py:106} INFO - 26/03/09 13:48:31 INFO SparkContext: Successfully stopped SparkContext
[2026-03-09T13:48:31.520+0000] {subprocess.py:106} INFO - 26/03/09 13:48:31 INFO ShutdownHookManager: Shutdown hook called
[2026-03-09T13:48:31.520+0000] {subprocess.py:106} INFO - 26/03/09 13:48:31 INFO ShutdownHookManager: Deleting directory /tmp/spark-5c51ba4a-1a36-432a-a555-8eb632a5a1d6
[2026-03-09T13:48:31.523+0000] {subprocess.py:106} INFO - 26/03/09 13:48:31 INFO ShutdownHookManager: Deleting directory /tmp/spark-1a9c0975-9271-4b62-a0a9-744e6668f91e
[2026-03-09T13:48:31.527+0000] {subprocess.py:106} INFO - 26/03/09 13:48:31 INFO ShutdownHookManager: Deleting directory /tmp/spark-1a9c0975-9271-4b62-a0a9-744e6668f91e/pyspark-ae11b698-41af-48b8-9b3a-c6df23b9eee4
[2026-03-09T13:48:31.534+0000] {subprocess.py:106} INFO - 26/03/09 13:48:31 INFO MetricsSystemImpl: Stopping s3a-file-system metrics system...
[2026-03-09T13:48:31.534+0000] {subprocess.py:106} INFO - 26/03/09 13:48:31 INFO MetricsSystemImpl: s3a-file-system metrics system stopped.
[2026-03-09T13:48:31.535+0000] {subprocess.py:106} INFO - 26/03/09 13:48:31 INFO MetricsSystemImpl: s3a-file-system metrics system shutdown complete.
[2026-03-09T13:48:31.618+0000] {subprocess.py:110} INFO - Command exited with return code 0
[2026-03-09T13:48:31.713+0000] {taskinstance.py:341} INFO - ::group::Post task execution logs
[2026-03-09T13:48:31.714+0000] {taskinstance.py:353} INFO - Marking task as SUCCESS. dag_id=crawl_etl_itjob, task_id=load_bronze, run_id=scheduled__2026-03-08T02:00:00+00:00, execution_date=20260308T020000, start_date=20260309T134754, end_date=20260309T134831
[2026-03-09T13:48:31.844+0000] {local_task_job_runner.py:266} INFO - Task exited with return code 0
[2026-03-09T13:48:31.884+0000] {taskinstance.py:3901} INFO - 1 downstream tasks scheduled from follow-on schedule check
[2026-03-09T13:48:31.887+0000] {local_task_job_runner.py:245} INFO - ::endgroup::
