[2026-04-25T09:22:07.702+0000] {local_task_job_runner.py:123} INFO - ::group::Pre task execution logs
[2026-04-25T09:22:07.741+0000] {taskinstance.py:2614} INFO - Dependencies all met for dep_context=non-requeueable deps ti=<TaskInstance: crawl_etl_itjob.clean_silver scheduled__2026-04-22T02:00:00+00:00 [queued]>
[2026-04-25T09:22:07.751+0000] {taskinstance.py:2614} INFO - Dependencies all met for dep_context=requeueable deps ti=<TaskInstance: crawl_etl_itjob.clean_silver scheduled__2026-04-22T02:00:00+00:00 [queued]>
[2026-04-25T09:22:07.752+0000] {taskinstance.py:2867} INFO - Starting attempt 2 of 3
[2026-04-25T09:22:07.770+0000] {taskinstance.py:2890} INFO - Executing <Task(BashOperator): clean_silver> on 2026-04-22 02:00:00+00:00
[2026-04-25T09:22:07.778+0000] {standard_task_runner.py:72} INFO - Started process 115 to run task
[2026-04-25T09:22:07.782+0000] {standard_task_runner.py:104} INFO - Running: ['***', 'tasks', 'run', 'crawl_etl_itjob', 'clean_silver', 'scheduled__2026-04-22T02:00:00+00:00', '--job-id', '140', '--raw', '--subdir', 'DAGS_FOLDER/Crawl_ETL_ITJob.py', '--cfg-path', '/tmp/tmp309xtqii']
[2026-04-25T09:22:07.783+0000] {standard_task_runner.py:105} INFO - Job 140: Subtask clean_silver
[2026-04-25T09:22:07.814+0000] {warnings.py:109} WARNING - /home/***/.local/lib/python3.8/site-packages/***/settings.py:209: DeprecationWarning: The sql_alchemy_conn option in [core] has been moved to the sql_alchemy_conn option in [database] - the old setting has been used, but please update your config.
  SQL_ALCHEMY_CONN = conf.get("database", "SQL_ALCHEMY_CONN")

[2026-04-25T09:22:07.886+0000] {task_command.py:467} INFO - Running <TaskInstance: crawl_etl_itjob.clean_silver scheduled__2026-04-22T02:00:00+00:00 [running]> on host 64b3786bead1
[2026-04-25T09:22:07.887+0000] {warnings.py:109} WARNING - /home/***/.local/lib/python3.8/site-packages/***/settings.py:470: DeprecationWarning: The sql_alchemy_conn option in [core] has been moved to the sql_alchemy_conn option in [database] - the old setting has been used, but please update your config.
  if conf.get("database", "sql_alchemy_conn") == "none://":

[2026-04-25T09:22:08.034+0000] {taskinstance.py:3134} INFO - Exporting env vars: AIRFLOW_CTX_DAG_EMAIL='hoa856856@gmail.com' AIRFLOW_CTX_DAG_OWNER='***' AIRFLOW_CTX_DAG_ID='crawl_etl_itjob' AIRFLOW_CTX_TASK_ID='clean_silver' AIRFLOW_CTX_EXECUTION_DATE='2026-04-22T02:00:00+00:00' AIRFLOW_CTX_TRY_NUMBER='2' AIRFLOW_CTX_DAG_RUN_ID='scheduled__2026-04-22T02:00:00+00:00'
[2026-04-25T09:22:08.036+0000] {taskinstance.py:732} INFO - ::endgroup::
[2026-04-25T09:22:08.049+0000] {subprocess.py:78} INFO - Tmp dir root location: /tmp
[2026-04-25T09:22:08.050+0000] {subprocess.py:88} INFO - Running command: ['/bin/bash', '-c', "\n        docker exec spark-submit bash -c '\n        /opt/spark/bin/spark-submit         --master spark://spark-master:7077         --deploy-mode client         --packages org.apache.iceberg:iceberg-spark-runtime-3.5_2.12:1.5.0,org.apache.hadoop:hadoop-aws:3.3.4,com.amazonaws:aws-java-sdk-bundle:1.12.262         /opt/spark/scripts/Clean_Silver.py\n        '\n        "]
[2026-04-25T09:22:08.060+0000] {subprocess.py:99} INFO - Output:
[2026-04-25T09:22:12.297+0000] {subprocess.py:106} INFO - :: loading settings :: url = jar:file:/opt/spark/jars/ivy-2.5.1.jar!/org/apache/ivy/core/settings/ivysettings.xml
[2026-04-25T09:22:12.425+0000] {subprocess.py:106} INFO - Ivy Default Cache set to: /home/spark/.ivy2/cache
[2026-04-25T09:22:12.426+0000] {subprocess.py:106} INFO - The jars for the packages stored in: /home/spark/.ivy2/jars
[2026-04-25T09:22:12.431+0000] {subprocess.py:106} INFO - org.apache.iceberg#iceberg-spark-runtime-3.5_2.12 added as a dependency
[2026-04-25T09:22:12.432+0000] {subprocess.py:106} INFO - org.apache.hadoop#hadoop-aws added as a dependency
[2026-04-25T09:22:12.433+0000] {subprocess.py:106} INFO - com.amazonaws#aws-java-sdk-bundle added as a dependency
[2026-04-25T09:22:12.433+0000] {subprocess.py:106} INFO - :: resolving dependencies :: org.apache.spark#spark-submit-parent-14807512-c4c1-4e46-807f-b41620779c21;1.0
[2026-04-25T09:22:12.434+0000] {subprocess.py:106} INFO - 	confs: [default]
[2026-04-25T09:22:12.519+0000] {subprocess.py:106} INFO - 	found org.apache.iceberg#iceberg-spark-runtime-3.5_2.12;1.5.0 in central
[2026-04-25T09:22:12.599+0000] {subprocess.py:106} INFO - 	found org.apache.hadoop#hadoop-aws;3.3.4 in central
[2026-04-25T09:22:12.624+0000] {subprocess.py:106} INFO - 	found com.amazonaws#aws-java-sdk-bundle;1.12.262 in central
[2026-04-25T09:22:12.655+0000] {subprocess.py:106} INFO - 	found org.wildfly.openssl#wildfly-openssl;1.0.7.Final in central
[2026-04-25T09:22:12.691+0000] {subprocess.py:106} INFO - :: resolution report :: resolve 242ms :: artifacts dl 15ms
[2026-04-25T09:22:12.699+0000] {subprocess.py:106} INFO - 	:: modules in use:
[2026-04-25T09:22:12.700+0000] {subprocess.py:106} INFO - 	com.amazonaws#aws-java-sdk-bundle;1.12.262 from central in [default]
[2026-04-25T09:22:12.703+0000] {subprocess.py:106} INFO - 	org.apache.hadoop#hadoop-aws;3.3.4 from central in [default]
[2026-04-25T09:22:12.705+0000] {subprocess.py:106} INFO - 	org.apache.iceberg#iceberg-spark-runtime-3.5_2.12;1.5.0 from central in [default]
[2026-04-25T09:22:12.708+0000] {subprocess.py:106} INFO - 	org.wildfly.openssl#wildfly-openssl;1.0.7.Final from central in [default]
[2026-04-25T09:22:12.717+0000] {subprocess.py:106} INFO - 	---------------------------------------------------------------------
[2026-04-25T09:22:12.721+0000] {subprocess.py:106} INFO - 	|                  |            modules            ||   artifacts   |
[2026-04-25T09:22:12.722+0000] {subprocess.py:106} INFO - 	|       conf       | number| search|dwnlded|evicted|| number|dwnlded|
[2026-04-25T09:22:12.723+0000] {subprocess.py:106} INFO - 	---------------------------------------------------------------------
[2026-04-25T09:22:12.725+0000] {subprocess.py:106} INFO - 	|      default     |   4   |   0   |   0   |   0   ||   4   |   0   |
[2026-04-25T09:22:12.727+0000] {subprocess.py:106} INFO - 	---------------------------------------------------------------------
[2026-04-25T09:22:12.728+0000] {subprocess.py:106} INFO - :: retrieving :: org.apache.spark#spark-submit-parent-14807512-c4c1-4e46-807f-b41620779c21
[2026-04-25T09:22:12.740+0000] {subprocess.py:106} INFO - 	confs: [default]
[2026-04-25T09:22:12.741+0000] {subprocess.py:106} INFO - 	0 artifacts copied, 4 already retrieved (0kB/13ms)
[2026-04-25T09:22:13.045+0000] {subprocess.py:106} INFO - 26/04/25 09:22:13 WARN NativeCodeLoader: Unable to load native-hadoop library for your platform... using builtin-java classes where applicable
[2026-04-25T09:22:14.094+0000] {subprocess.py:106} INFO - 26/04/25 09:22:14 INFO SparkContext: Running Spark version 3.5.3
[2026-04-25T09:22:14.095+0000] {subprocess.py:106} INFO - 26/04/25 09:22:14 INFO SparkContext: OS info Linux, 6.6.87.2-microsoft-standard-WSL2, amd64
[2026-04-25T09:22:14.101+0000] {subprocess.py:106} INFO - 26/04/25 09:22:14 INFO SparkContext: Java version 11.0.24
[2026-04-25T09:22:14.121+0000] {subprocess.py:106} INFO - 26/04/25 09:22:14 INFO ResourceUtils: ==============================================================
[2026-04-25T09:22:14.121+0000] {subprocess.py:106} INFO - 26/04/25 09:22:14 INFO ResourceUtils: No custom resources configured for spark.driver.
[2026-04-25T09:22:14.122+0000] {subprocess.py:106} INFO - 26/04/25 09:22:14 INFO ResourceUtils: ==============================================================
[2026-04-25T09:22:14.123+0000] {subprocess.py:106} INFO - 26/04/25 09:22:14 INFO SparkContext: Submitted application: Silver_Etl_Cleaning_Merge
[2026-04-25T09:22:14.153+0000] {subprocess.py:106} INFO - 26/04/25 09:22:14 INFO ResourceProfile: Default ResourceProfile created, executor resources: Map(memory -> name: memory, amount: 1024, script: , vendor: , offHeap -> name: offHeap, amount: 0, script: , vendor: ), task resources: Map(cpus -> name: cpus, amount: 1.0)
[2026-04-25T09:22:14.165+0000] {subprocess.py:106} INFO - 26/04/25 09:22:14 INFO ResourceProfile: Limiting resource is cpu
[2026-04-25T09:22:14.165+0000] {subprocess.py:106} INFO - 26/04/25 09:22:14 INFO ResourceProfileManager: Added ResourceProfile id: 0
[2026-04-25T09:22:14.229+0000] {subprocess.py:106} INFO - 26/04/25 09:22:14 INFO SecurityManager: Changing view acls to: spark
[2026-04-25T09:22:14.230+0000] {subprocess.py:106} INFO - 26/04/25 09:22:14 INFO SecurityManager: Changing modify acls to: spark
[2026-04-25T09:22:14.230+0000] {subprocess.py:106} INFO - 26/04/25 09:22:14 INFO SecurityManager: Changing view acls groups to:
[2026-04-25T09:22:14.231+0000] {subprocess.py:106} INFO - 26/04/25 09:22:14 INFO SecurityManager: Changing modify acls groups to:
[2026-04-25T09:22:14.232+0000] {subprocess.py:106} INFO - 26/04/25 09:22:14 INFO SecurityManager: SecurityManager: authentication disabled; ui acls disabled; users with view permissions: spark; groups with view permissions: EMPTY; users with modify permissions: spark; groups with modify permissions: EMPTY
[2026-04-25T09:22:14.457+0000] {subprocess.py:106} INFO - 26/04/25 09:22:14 INFO Utils: Successfully started service 'sparkDriver' on port 42523.
[2026-04-25T09:22:14.499+0000] {subprocess.py:106} INFO - 26/04/25 09:22:14 INFO SparkEnv: Registering MapOutputTracker
[2026-04-25T09:22:14.538+0000] {subprocess.py:106} INFO - 26/04/25 09:22:14 INFO SparkEnv: Registering BlockManagerMaster
[2026-04-25T09:22:14.554+0000] {subprocess.py:106} INFO - 26/04/25 09:22:14 INFO BlockManagerMasterEndpoint: Using org.apache.spark.storage.DefaultTopologyMapper for getting topology information
[2026-04-25T09:22:14.555+0000] {subprocess.py:106} INFO - 26/04/25 09:22:14 INFO BlockManagerMasterEndpoint: BlockManagerMasterEndpoint up
[2026-04-25T09:22:14.559+0000] {subprocess.py:106} INFO - 26/04/25 09:22:14 INFO SparkEnv: Registering BlockManagerMasterHeartbeat
[2026-04-25T09:22:14.588+0000] {subprocess.py:106} INFO - 26/04/25 09:22:14 INFO DiskBlockManager: Created local directory at /tmp/blockmgr-216f1a13-313c-4367-8a73-c1dc8a899c68
[2026-04-25T09:22:14.608+0000] {subprocess.py:106} INFO - 26/04/25 09:22:14 INFO MemoryStore: MemoryStore started with capacity 434.4 MiB
[2026-04-25T09:22:14.626+0000] {subprocess.py:106} INFO - 26/04/25 09:22:14 INFO SparkEnv: Registering OutputCommitCoordinator
[2026-04-25T09:22:14.766+0000] {subprocess.py:106} INFO - 26/04/25 09:22:14 INFO JettyUtils: Start Jetty 0.0.0.0:4040 for SparkUI
[2026-04-25T09:22:14.812+0000] {subprocess.py:106} INFO - 26/04/25 09:22:14 INFO Utils: Successfully started service 'SparkUI' on port 4040.
[2026-04-25T09:22:14.847+0000] {subprocess.py:106} INFO - 26/04/25 09:22:14 INFO SparkContext: Added JAR file:///home/spark/.ivy2/jars/org.apache.iceberg_iceberg-spark-runtime-3.5_2.12-1.5.0.jar at spark://c05002f484b8:42523/jars/org.apache.iceberg_iceberg-spark-runtime-3.5_2.12-1.5.0.jar with timestamp 1777108934081
[2026-04-25T09:22:14.848+0000] {subprocess.py:106} INFO - 26/04/25 09:22:14 INFO SparkContext: Added JAR file:///home/spark/.ivy2/jars/org.apache.hadoop_hadoop-aws-3.3.4.jar at spark://c05002f484b8:42523/jars/org.apache.hadoop_hadoop-aws-3.3.4.jar with timestamp 1777108934081
[2026-04-25T09:22:14.848+0000] {subprocess.py:106} INFO - 26/04/25 09:22:14 INFO SparkContext: Added JAR file:///home/spark/.ivy2/jars/com.amazonaws_aws-java-sdk-bundle-1.12.262.jar at spark://c05002f484b8:42523/jars/com.amazonaws_aws-java-sdk-bundle-1.12.262.jar with timestamp 1777108934081
[2026-04-25T09:22:14.849+0000] {subprocess.py:106} INFO - 26/04/25 09:22:14 INFO SparkContext: Added JAR file:///home/spark/.ivy2/jars/org.wildfly.openssl_wildfly-openssl-1.0.7.Final.jar at spark://c05002f484b8:42523/jars/org.wildfly.openssl_wildfly-openssl-1.0.7.Final.jar with timestamp 1777108934081
[2026-04-25T09:22:14.852+0000] {subprocess.py:106} INFO - 26/04/25 09:22:14 INFO SparkContext: Added file file:///home/spark/.ivy2/jars/org.apache.iceberg_iceberg-spark-runtime-3.5_2.12-1.5.0.jar at spark://c05002f484b8:42523/files/org.apache.iceberg_iceberg-spark-runtime-3.5_2.12-1.5.0.jar with timestamp 1777108934081
[2026-04-25T09:22:14.854+0000] {subprocess.py:106} INFO - 26/04/25 09:22:14 INFO Utils: Copying /home/spark/.ivy2/jars/org.apache.iceberg_iceberg-spark-runtime-3.5_2.12-1.5.0.jar to /tmp/spark-8e4e1314-8636-497f-a0c6-df4210921028/userFiles-6e9d078f-5f14-4f3c-b49a-c2978a59c0d6/org.apache.iceberg_iceberg-spark-runtime-3.5_2.12-1.5.0.jar
[2026-04-25T09:22:14.910+0000] {subprocess.py:106} INFO - 26/04/25 09:22:14 INFO SparkContext: Added file file:///home/spark/.ivy2/jars/org.apache.hadoop_hadoop-aws-3.3.4.jar at spark://c05002f484b8:42523/files/org.apache.hadoop_hadoop-aws-3.3.4.jar with timestamp 1777108934081
[2026-04-25T09:22:14.911+0000] {subprocess.py:106} INFO - 26/04/25 09:22:14 INFO Utils: Copying /home/spark/.ivy2/jars/org.apache.hadoop_hadoop-aws-3.3.4.jar to /tmp/spark-8e4e1314-8636-497f-a0c6-df4210921028/userFiles-6e9d078f-5f14-4f3c-b49a-c2978a59c0d6/org.apache.hadoop_hadoop-aws-3.3.4.jar
[2026-04-25T09:22:14.916+0000] {subprocess.py:106} INFO - 26/04/25 09:22:14 INFO SparkContext: Added file file:///home/spark/.ivy2/jars/com.amazonaws_aws-java-sdk-bundle-1.12.262.jar at spark://c05002f484b8:42523/files/com.amazonaws_aws-java-sdk-bundle-1.12.262.jar with timestamp 1777108934081
[2026-04-25T09:22:14.917+0000] {subprocess.py:106} INFO - 26/04/25 09:22:14 INFO Utils: Copying /home/spark/.ivy2/jars/com.amazonaws_aws-java-sdk-bundle-1.12.262.jar to /tmp/spark-8e4e1314-8636-497f-a0c6-df4210921028/userFiles-6e9d078f-5f14-4f3c-b49a-c2978a59c0d6/com.amazonaws_aws-java-sdk-bundle-1.12.262.jar
[2026-04-25T09:22:15.237+0000] {subprocess.py:106} INFO - 26/04/25 09:22:15 INFO SparkContext: Added file file:///home/spark/.ivy2/jars/org.wildfly.openssl_wildfly-openssl-1.0.7.Final.jar at spark://c05002f484b8:42523/files/org.wildfly.openssl_wildfly-openssl-1.0.7.Final.jar with timestamp 1777108934081
[2026-04-25T09:22:15.237+0000] {subprocess.py:106} INFO - 26/04/25 09:22:15 INFO Utils: Copying /home/spark/.ivy2/jars/org.wildfly.openssl_wildfly-openssl-1.0.7.Final.jar to /tmp/spark-8e4e1314-8636-497f-a0c6-df4210921028/userFiles-6e9d078f-5f14-4f3c-b49a-c2978a59c0d6/org.wildfly.openssl_wildfly-openssl-1.0.7.Final.jar
[2026-04-25T09:22:15.311+0000] {subprocess.py:106} INFO - 26/04/25 09:22:15 INFO StandaloneAppClient$ClientEndpoint: Connecting to master spark://spark-master:7077...
[2026-04-25T09:22:15.350+0000] {subprocess.py:106} INFO - 26/04/25 09:22:15 INFO TransportClientFactory: Successfully created connection to spark-master/172.30.0.6:7077 after 23 ms (0 ms spent in bootstraps)
[2026-04-25T09:22:15.427+0000] {subprocess.py:106} INFO - 26/04/25 09:22:15 INFO StandaloneSchedulerBackend: Connected to Spark cluster with app ID app-20260425092215-0010
[2026-04-25T09:22:15.428+0000] {subprocess.py:106} INFO - 26/04/25 09:22:15 INFO StandaloneAppClient$ClientEndpoint: Executor added: app-20260425092215-0010/0 on worker-20260425050034-172.30.0.7-40859 (172.30.0.7:40859) with 1 core(s)
[2026-04-25T09:22:15.431+0000] {subprocess.py:106} INFO - 26/04/25 09:22:15 INFO StandaloneSchedulerBackend: Granted executor ID app-20260425092215-0010/0 on hostPort 172.30.0.7:40859 with 1 core(s), 1024.0 MiB RAM
[2026-04-25T09:22:15.438+0000] {subprocess.py:106} INFO - 26/04/25 09:22:15 INFO Utils: Successfully started service 'org.apache.spark.network.netty.NettyBlockTransferService' on port 42479.
[2026-04-25T09:22:15.441+0000] {subprocess.py:106} INFO - 26/04/25 09:22:15 INFO NettyBlockTransferService: Server created on c05002f484b8:42479
[2026-04-25T09:22:15.442+0000] {subprocess.py:106} INFO - 26/04/25 09:22:15 INFO BlockManager: Using org.apache.spark.storage.RandomBlockReplicationPolicy for block replication policy
[2026-04-25T09:22:15.447+0000] {subprocess.py:106} INFO - 26/04/25 09:22:15 INFO BlockManagerMaster: Registering BlockManager BlockManagerId(driver, c05002f484b8, 42479, None)
[2026-04-25T09:22:15.450+0000] {subprocess.py:106} INFO - 26/04/25 09:22:15 INFO BlockManagerMasterEndpoint: Registering block manager c05002f484b8:42479 with 434.4 MiB RAM, BlockManagerId(driver, c05002f484b8, 42479, None)
[2026-04-25T09:22:15.453+0000] {subprocess.py:106} INFO - 26/04/25 09:22:15 INFO BlockManagerMaster: Registered BlockManager BlockManagerId(driver, c05002f484b8, 42479, None)
[2026-04-25T09:22:15.454+0000] {subprocess.py:106} INFO - 26/04/25 09:22:15 INFO BlockManager: Initialized BlockManager: BlockManagerId(driver, c05002f484b8, 42479, None)
[2026-04-25T09:22:15.527+0000] {subprocess.py:106} INFO - 26/04/25 09:22:15 INFO StandaloneAppClient$ClientEndpoint: Executor updated: app-20260425092215-0010/0 is now RUNNING
[2026-04-25T09:22:15.713+0000] {subprocess.py:106} INFO - 26/04/25 09:22:15 INFO StandaloneSchedulerBackend: SchedulerBackend is ready for scheduling beginning after reached minRegisteredResourcesRatio: 0.0
[2026-04-25T09:22:16.010+0000] {subprocess.py:106} INFO - 26/04/25 09:22:16 INFO SharedState: Setting hive.metastore.warehouse.dir ('null') to the value of spark.sql.warehouse.dir.
[2026-04-25T09:22:16.014+0000] {subprocess.py:106} INFO - 26/04/25 09:22:16 INFO SharedState: Warehouse path is 'file:/opt/spark/work-dir/spark-warehouse'.
[2026-04-25T09:22:18.378+0000] {subprocess.py:106} INFO - 26/04/25 09:22:18 INFO HiveConf: Found configuration file null
[2026-04-25T09:22:18.640+0000] {subprocess.py:106} INFO - 26/04/25 09:22:18 INFO metastore: Trying to connect to metastore with URI thrift://hive-metastore:9083
[2026-04-25T09:22:18.681+0000] {subprocess.py:106} INFO - 26/04/25 09:22:18 INFO metastore: Opened a connection to metastore, current connections: 1
[2026-04-25T09:22:18.703+0000] {subprocess.py:106} INFO - 26/04/25 09:22:18 INFO metastore: Connected to metastore.
[2026-04-25T09:22:18.979+0000] {subprocess.py:106} INFO - 26/04/25 09:22:18 INFO StandaloneSchedulerBackend$StandaloneDriverEndpoint: Registered executor NettyRpcEndpointRef(spark-client://Executor) (172.30.0.7:54148) with ID 0,  ResourceProfileId 0
[2026-04-25T09:22:19.061+0000] {subprocess.py:106} INFO - 26/04/25 09:22:19 INFO BlockManagerMasterEndpoint: Registering block manager 172.30.0.7:37419 with 434.4 MiB RAM, BlockManagerId(0, 172.30.0.7, 37419, None)
[2026-04-25T09:22:19.243+0000] {subprocess.py:106} INFO - >>> Watermark (Last Processed Time): None
[2026-04-25T09:22:19.379+0000] {subprocess.py:106} INFO - 26/04/25 09:22:19 INFO BaseMetastoreTableOperations: Refreshing table metadata from new version: s3a://warehouse/iceberg_data/bronze.db/it_jobs_raw/metadata/00000-7dd82942-ca80-4e1a-952e-b3ad1cb11fa9.metadata.json
[2026-04-25T09:22:19.715+0000] {subprocess.py:106} INFO - 26/04/25 09:22:19 WARN MetricsConfig: Cannot locate configuration: tried hadoop-metrics2-s3a-file-system.properties,hadoop-metrics2.properties
[2026-04-25T09:22:19.738+0000] {subprocess.py:106} INFO - 26/04/25 09:22:19 INFO MetricsSystemImpl: Scheduled Metric snapshot period at 10 second(s).
[2026-04-25T09:22:19.739+0000] {subprocess.py:106} INFO - 26/04/25 09:22:19 INFO MetricsSystemImpl: s3a-file-system metrics system started
[2026-04-25T09:22:21.942+0000] {subprocess.py:106} INFO - 26/04/25 09:22:21 INFO BaseMetastoreCatalog: Table loaded by catalog: iceberg.bronze.it_jobs_raw
[2026-04-25T09:22:22.468+0000] {subprocess.py:106} INFO - >>> FULL LOAD: Reading all data...
[2026-04-25T09:22:23.058+0000] {subprocess.py:106} INFO - 26/04/25 09:22:23 INFO SnapshotScan: Scanning table iceberg.bronze.it_jobs_raw snapshot 7514217414708110449 created at 2026-04-25T09:22:05.317+00:00 with filter true
[2026-04-25T09:22:23.310+0000] {subprocess.py:106} INFO - 26/04/25 09:22:23 INFO BaseDistributedDataScan: Planning file tasks locally for table iceberg.bronze.it_jobs_raw
[2026-04-25T09:22:23.444+0000] {subprocess.py:106} INFO - 26/04/25 09:22:23 INFO V2ScanRelationPushDown:
[2026-04-25T09:22:23.445+0000] {subprocess.py:106} INFO - Pushing operators to iceberg.bronze.it_jobs_raw
[2026-04-25T09:22:23.446+0000] {subprocess.py:106} INFO - Pushed Aggregate Functions:
[2026-04-25T09:22:23.447+0000] {subprocess.py:106} INFO -  COUNT(*)
[2026-04-25T09:22:23.447+0000] {subprocess.py:106} INFO - Pushed Group by:
[2026-04-25T09:22:23.448+0000] {subprocess.py:106} INFO - 
[2026-04-25T09:22:23.448+0000] {subprocess.py:106} INFO - 
[2026-04-25T09:22:24.286+0000] {subprocess.py:106} INFO - 26/04/25 09:22:24 INFO CodeGenerator: Code generated in 248.734606 ms
[2026-04-25T09:22:24.311+0000] {subprocess.py:106} INFO - 26/04/25 09:22:24 INFO CodeGenerator: Code generated in 12.922684 ms
[2026-04-25T09:22:24.406+0000] {subprocess.py:106} INFO - 26/04/25 09:22:24 INFO DAGScheduler: Registering RDD 2 (count at <unknown>:0) as input to shuffle 0
[2026-04-25T09:22:24.413+0000] {subprocess.py:106} INFO - 26/04/25 09:22:24 INFO DAGScheduler: Got map stage job 0 (count at <unknown>:0) with 1 output partitions
[2026-04-25T09:22:24.414+0000] {subprocess.py:106} INFO - 26/04/25 09:22:24 INFO DAGScheduler: Final stage: ShuffleMapStage 0 (count at <unknown>:0)
[2026-04-25T09:22:24.414+0000] {subprocess.py:106} INFO - 26/04/25 09:22:24 INFO DAGScheduler: Parents of final stage: List()
[2026-04-25T09:22:24.418+0000] {subprocess.py:106} INFO - 26/04/25 09:22:24 INFO DAGScheduler: Missing parents: List()
[2026-04-25T09:22:24.424+0000] {subprocess.py:106} INFO - 26/04/25 09:22:24 INFO DAGScheduler: Submitting ShuffleMapStage 0 (MapPartitionsRDD[2] at count at <unknown>:0), which has no missing parents
[2026-04-25T09:22:24.534+0000] {subprocess.py:106} INFO - 26/04/25 09:22:24 INFO MemoryStore: Block broadcast_0 stored as values in memory (estimated size 12.6 KiB, free 434.4 MiB)
[2026-04-25T09:22:24.571+0000] {subprocess.py:106} INFO - 26/04/25 09:22:24 INFO MemoryStore: Block broadcast_0_piece0 stored as bytes in memory (estimated size 6.2 KiB, free 434.4 MiB)
[2026-04-25T09:22:24.575+0000] {subprocess.py:106} INFO - 26/04/25 09:22:24 INFO BlockManagerInfo: Added broadcast_0_piece0 in memory on c05002f484b8:42479 (size: 6.2 KiB, free: 434.4 MiB)
[2026-04-25T09:22:24.580+0000] {subprocess.py:106} INFO - 26/04/25 09:22:24 INFO SparkContext: Created broadcast 0 from broadcast at DAGScheduler.scala:1585
[2026-04-25T09:22:24.610+0000] {subprocess.py:106} INFO - 26/04/25 09:22:24 INFO DAGScheduler: Submitting 1 missing tasks from ShuffleMapStage 0 (MapPartitionsRDD[2] at count at <unknown>:0) (first 15 tasks are for partitions Vector(0))
[2026-04-25T09:22:24.613+0000] {subprocess.py:106} INFO - 26/04/25 09:22:24 INFO TaskSchedulerImpl: Adding task set 0.0 with 1 tasks resource profile 0
[2026-04-25T09:22:24.645+0000] {subprocess.py:106} INFO - 26/04/25 09:22:24 INFO TaskSetManager: Starting task 0.0 in stage 0.0 (TID 0) (172.30.0.7, executor 0, partition 0, PROCESS_LOCAL, 10137 bytes)
[2026-04-25T09:22:24.870+0000] {subprocess.py:106} INFO - 26/04/25 09:22:24 INFO BlockManagerInfo: Added broadcast_0_piece0 in memory on 172.30.0.7:37419 (size: 6.2 KiB, free: 434.4 MiB)
[2026-04-25T09:22:25.773+0000] {subprocess.py:106} INFO - 26/04/25 09:22:25 INFO TaskSetManager: Finished task 0.0 in stage 0.0 (TID 0) in 1142 ms on 172.30.0.7 (executor 0) (1/1)
[2026-04-25T09:22:25.777+0000] {subprocess.py:106} INFO - 26/04/25 09:22:25 INFO TaskSchedulerImpl: Removed TaskSet 0.0, whose tasks have all completed, from pool
[2026-04-25T09:22:25.789+0000] {subprocess.py:106} INFO - 26/04/25 09:22:25 INFO DAGScheduler: ShuffleMapStage 0 (count at <unknown>:0) finished in 1.345 s
[2026-04-25T09:22:25.790+0000] {subprocess.py:106} INFO - 26/04/25 09:22:25 INFO DAGScheduler: looking for newly runnable stages
[2026-04-25T09:22:25.791+0000] {subprocess.py:106} INFO - 26/04/25 09:22:25 INFO DAGScheduler: running: Set()
[2026-04-25T09:22:25.793+0000] {subprocess.py:106} INFO - 26/04/25 09:22:25 INFO DAGScheduler: waiting: Set()
[2026-04-25T09:22:25.794+0000] {subprocess.py:106} INFO - 26/04/25 09:22:25 INFO DAGScheduler: failed: Set()
[2026-04-25T09:22:25.858+0000] {subprocess.py:106} INFO - 26/04/25 09:22:25 INFO CodeGenerator: Code generated in 17.597971 ms
[2026-04-25T09:22:25.915+0000] {subprocess.py:106} INFO - 26/04/25 09:22:25 INFO SparkContext: Starting job: count at <unknown>:0
[2026-04-25T09:22:25.919+0000] {subprocess.py:106} INFO - 26/04/25 09:22:25 INFO DAGScheduler: Got job 1 (count at <unknown>:0) with 1 output partitions
[2026-04-25T09:22:25.920+0000] {subprocess.py:106} INFO - 26/04/25 09:22:25 INFO DAGScheduler: Final stage: ResultStage 2 (count at <unknown>:0)
[2026-04-25T09:22:25.921+0000] {subprocess.py:106} INFO - 26/04/25 09:22:25 INFO DAGScheduler: Parents of final stage: List(ShuffleMapStage 1)
[2026-04-25T09:22:25.922+0000] {subprocess.py:106} INFO - 26/04/25 09:22:25 INFO DAGScheduler: Missing parents: List()
[2026-04-25T09:22:25.924+0000] {subprocess.py:106} INFO - 26/04/25 09:22:25 INFO DAGScheduler: Submitting ResultStage 2 (MapPartitionsRDD[5] at count at <unknown>:0), which has no missing parents
[2026-04-25T09:22:25.935+0000] {subprocess.py:106} INFO - 26/04/25 09:22:25 INFO MemoryStore: Block broadcast_1 stored as values in memory (estimated size 13.7 KiB, free 434.4 MiB)
[2026-04-25T09:22:25.948+0000] {subprocess.py:106} INFO - 26/04/25 09:22:25 INFO MemoryStore: Block broadcast_1_piece0 stored as bytes in memory (estimated size 6.3 KiB, free 434.4 MiB)
[2026-04-25T09:22:25.949+0000] {subprocess.py:106} INFO - 26/04/25 09:22:25 INFO BlockManagerInfo: Added broadcast_1_piece0 in memory on c05002f484b8:42479 (size: 6.3 KiB, free: 434.4 MiB)
[2026-04-25T09:22:25.951+0000] {subprocess.py:106} INFO - 26/04/25 09:22:25 INFO SparkContext: Created broadcast 1 from broadcast at DAGScheduler.scala:1585
[2026-04-25T09:22:25.954+0000] {subprocess.py:106} INFO - 26/04/25 09:22:25 INFO DAGScheduler: Submitting 1 missing tasks from ResultStage 2 (MapPartitionsRDD[5] at count at <unknown>:0) (first 15 tasks are for partitions Vector(0))
[2026-04-25T09:22:25.955+0000] {subprocess.py:106} INFO - 26/04/25 09:22:25 INFO TaskSchedulerImpl: Adding task set 2.0 with 1 tasks resource profile 0
[2026-04-25T09:22:25.963+0000] {subprocess.py:106} INFO - 26/04/25 09:22:25 INFO TaskSetManager: Starting task 0.0 in stage 2.0 (TID 1) (172.30.0.7, executor 0, partition 0, NODE_LOCAL, 9976 bytes)
[2026-04-25T09:22:25.990+0000] {subprocess.py:106} INFO - 26/04/25 09:22:25 INFO BlockManagerInfo: Removed broadcast_0_piece0 on c05002f484b8:42479 in memory (size: 6.2 KiB, free: 434.4 MiB)
[2026-04-25T09:22:25.999+0000] {subprocess.py:106} INFO - 26/04/25 09:22:25 INFO BlockManagerInfo: Removed broadcast_0_piece0 on 172.30.0.7:37419 in memory (size: 6.2 KiB, free: 434.4 MiB)
[2026-04-25T09:22:26.023+0000] {subprocess.py:106} INFO - 26/04/25 09:22:26 INFO BlockManagerInfo: Added broadcast_1_piece0 in memory on 172.30.0.7:37419 (size: 6.3 KiB, free: 434.4 MiB)
[2026-04-25T09:22:26.144+0000] {subprocess.py:106} INFO - 26/04/25 09:22:26 INFO MapOutputTrackerMasterEndpoint: Asked to send map output locations for shuffle 0 to 172.30.0.7:54148
[2026-04-25T09:22:26.291+0000] {subprocess.py:106} INFO - 26/04/25 09:22:26 INFO TaskSetManager: Finished task 0.0 in stage 2.0 (TID 1) in 332 ms on 172.30.0.7 (executor 0) (1/1)
[2026-04-25T09:22:26.292+0000] {subprocess.py:106} INFO - 26/04/25 09:22:26 INFO TaskSchedulerImpl: Removed TaskSet 2.0, whose tasks have all completed, from pool
[2026-04-25T09:22:26.299+0000] {subprocess.py:106} INFO - 26/04/25 09:22:26 INFO DAGScheduler: ResultStage 2 (count at <unknown>:0) finished in 0.362 s
[2026-04-25T09:22:26.301+0000] {subprocess.py:106} INFO - 26/04/25 09:22:26 INFO DAGScheduler: Job 1 is finished. Cancelling potential speculative or zombie tasks for this job
[2026-04-25T09:22:26.303+0000] {subprocess.py:106} INFO - 26/04/25 09:22:26 INFO TaskSchedulerImpl: Killing all running tasks in stage 2: Stage finished
[2026-04-25T09:22:26.304+0000] {subprocess.py:106} INFO - 26/04/25 09:22:26 INFO DAGScheduler: Job 1 finished: count at <unknown>:0, took 0.389029 s
[2026-04-25T09:22:26.322+0000] {subprocess.py:106} INFO - >>> Processing 13999 records...
[2026-04-25T09:22:26.726+0000] {subprocess.py:106} INFO - 26/04/25 09:22:26 INFO BlockManagerInfo: Removed broadcast_1_piece0 on c05002f484b8:42479 in memory (size: 6.3 KiB, free: 434.4 MiB)
[2026-04-25T09:22:26.731+0000] {subprocess.py:106} INFO - 26/04/25 09:22:26 INFO BlockManagerInfo: Removed broadcast_1_piece0 on 172.30.0.7:37419 in memory (size: 6.3 KiB, free: 434.4 MiB)
[2026-04-25T09:22:27.022+0000] {subprocess.py:106} INFO - >>> Writing cleaned data to Silver...
[2026-04-25T09:22:27.139+0000] {subprocess.py:106} INFO - 26/04/25 09:22:27 INFO HiveCatalog: Created namespace: silver
[2026-04-25T09:22:27.149+0000] {subprocess.py:106} INFO - >>> Table iceberg.silver.it_jobs_clean not found. Creating new...
[2026-04-25T09:22:27.204+0000] {subprocess.py:106} INFO - 26/04/25 09:22:27 INFO BaseMetastoreCatalog: Table properties set at catalog level through catalog properties: {}
[2026-04-25T09:22:27.211+0000] {subprocess.py:106} INFO - 26/04/25 09:22:27 INFO BaseMetastoreCatalog: Table properties enforced at catalog level through catalog properties: {}
[2026-04-25T09:22:27.360+0000] {subprocess.py:106} INFO - 26/04/25 09:22:27 INFO V2ScanRelationPushDown:
[2026-04-25T09:22:27.361+0000] {subprocess.py:106} INFO - Pushing operators to iceberg.bronze.it_jobs_raw
[2026-04-25T09:22:27.362+0000] {subprocess.py:106} INFO - Pushed Filters: job_link IS NOT NULL, NOT (job_link = '')
[2026-04-25T09:22:27.362+0000] {subprocess.py:106} INFO - Post-Scan Filters: isnotnull(trim(job_title#0, None)),NOT (trim(job_title#0, None) = ),isnotnull(upper(trim(company_name#1, None))),NOT (upper(trim(company_name#1, None)) = ),isnotnull(job_link#5),NOT (job_link#5 = )
[2026-04-25T09:22:27.363+0000] {subprocess.py:106} INFO - 
[2026-04-25T09:22:27.419+0000] {subprocess.py:106} INFO - 26/04/25 09:22:27 INFO V2ScanRelationPushDown:
[2026-04-25T09:22:27.420+0000] {subprocess.py:106} INFO - Output: job_title#0, company_name#1, location#2, skills_required#3, date_posted#4, job_link#5, job_category#6, work_mode#7, crawl_date#8, date_only#9, ingest_time#10, source#11
[2026-04-25T09:22:27.421+0000] {subprocess.py:106} INFO - 
[2026-04-25T09:22:27.465+0000] {subprocess.py:106} INFO - 26/04/25 09:22:27 INFO SnapshotScan: Scanning table iceberg.bronze.it_jobs_raw snapshot 7514217414708110449 created at 2026-04-25T09:22:05.317+00:00 with filter (job_link IS NOT NULL AND NOT (job_link = (hash-00000000)))
[2026-04-25T09:22:27.533+0000] {subprocess.py:106} INFO - 26/04/25 09:22:27 INFO BaseDistributedDataScan: Planning file tasks locally for table iceberg.bronze.it_jobs_raw
[2026-04-25T09:22:27.660+0000] {subprocess.py:106} INFO - 26/04/25 09:22:27 INFO SparkPartitioningAwareScan: Reporting UnknownPartitioning with 1 partition(s) for table iceberg.bronze.it_jobs_raw
[2026-04-25T09:22:27.707+0000] {subprocess.py:106} INFO - 26/04/25 09:22:27 INFO SparkWrite: Requesting 0 bytes advisory partition size for table silver.it_jobs_clean
[2026-04-25T09:22:27.709+0000] {subprocess.py:106} INFO - 26/04/25 09:22:27 INFO SparkWrite: Requesting UnspecifiedDistribution as write distribution for table silver.it_jobs_clean
[2026-04-25T09:22:27.711+0000] {subprocess.py:106} INFO - 26/04/25 09:22:27 INFO SparkWrite: Requesting [] as write ordering for table silver.it_jobs_clean
[2026-04-25T09:22:27.839+0000] {subprocess.py:106} INFO - 26/04/25 09:22:27 INFO MemoryStore: Block broadcast_2 stored as values in memory (estimated size 32.0 KiB, free 434.4 MiB)
[2026-04-25T09:22:27.878+0000] {subprocess.py:106} INFO - 26/04/25 09:22:27 INFO MemoryStore: Block broadcast_2_piece0 stored as bytes in memory (estimated size 30.3 KiB, free 434.3 MiB)
[2026-04-25T09:22:27.882+0000] {subprocess.py:106} INFO - 26/04/25 09:22:27 INFO BlockManagerInfo: Added broadcast_2_piece0 in memory on c05002f484b8:42479 (size: 30.3 KiB, free: 434.4 MiB)
[2026-04-25T09:22:27.883+0000] {subprocess.py:106} INFO - 26/04/25 09:22:27 INFO SparkContext: Created broadcast 2 from broadcast at SparkBatch.java:79
[2026-04-25T09:22:27.902+0000] {subprocess.py:106} INFO - 26/04/25 09:22:27 INFO MemoryStore: Block broadcast_3 stored as values in memory (estimated size 32.0 KiB, free 434.3 MiB)
[2026-04-25T09:22:27.906+0000] {subprocess.py:106} INFO - 26/04/25 09:22:27 INFO MemoryStore: Block broadcast_3_piece0 stored as bytes in memory (estimated size 30.2 KiB, free 434.3 MiB)
[2026-04-25T09:22:27.907+0000] {subprocess.py:106} INFO - 26/04/25 09:22:27 INFO BlockManagerInfo: Added broadcast_3_piece0 in memory on c05002f484b8:42479 (size: 30.2 KiB, free: 434.3 MiB)
[2026-04-25T09:22:27.908+0000] {subprocess.py:106} INFO - 26/04/25 09:22:27 INFO SparkContext: Created broadcast 3 from broadcast at SparkBatch.java:79
[2026-04-25T09:22:28.032+0000] {subprocess.py:106} INFO - 26/04/25 09:22:28 INFO CodeGenerator: Code generated in 12.896718 ms
[2026-04-25T09:22:28.100+0000] {subprocess.py:106} INFO - 26/04/25 09:22:28 INFO CodeGenerator: Code generated in 43.40493 ms
[2026-04-25T09:22:28.224+0000] {subprocess.py:106} INFO - 26/04/25 09:22:28 INFO DAGScheduler: Registering RDD 12 (create at <unknown>:0) as input to shuffle 1
[2026-04-25T09:22:28.224+0000] {subprocess.py:106} INFO - 26/04/25 09:22:28 INFO DAGScheduler: Got map stage job 2 (create at <unknown>:0) with 1 output partitions
[2026-04-25T09:22:28.225+0000] {subprocess.py:106} INFO - 26/04/25 09:22:28 INFO DAGScheduler: Final stage: ShuffleMapStage 3 (create at <unknown>:0)
[2026-04-25T09:22:28.226+0000] {subprocess.py:106} INFO - 26/04/25 09:22:28 INFO DAGScheduler: Parents of final stage: List()
[2026-04-25T09:22:28.228+0000] {subprocess.py:106} INFO - 26/04/25 09:22:28 INFO DAGScheduler: Missing parents: List()
[2026-04-25T09:22:28.231+0000] {subprocess.py:106} INFO - 26/04/25 09:22:28 INFO DAGScheduler: Submitting ShuffleMapStage 3 (MapPartitionsRDD[12] at create at <unknown>:0), which has no missing parents
[2026-04-25T09:22:28.259+0000] {subprocess.py:106} INFO - 26/04/25 09:22:28 INFO MemoryStore: Block broadcast_4 stored as values in memory (estimated size 59.6 KiB, free 434.2 MiB)
[2026-04-25T09:22:28.276+0000] {subprocess.py:106} INFO - 26/04/25 09:22:28 INFO MemoryStore: Block broadcast_4_piece0 stored as bytes in memory (estimated size 23.0 KiB, free 434.2 MiB)
[2026-04-25T09:22:28.278+0000] {subprocess.py:106} INFO - 26/04/25 09:22:28 INFO BlockManagerInfo: Added broadcast_4_piece0 in memory on c05002f484b8:42479 (size: 23.0 KiB, free: 434.3 MiB)
[2026-04-25T09:22:28.287+0000] {subprocess.py:106} INFO - 26/04/25 09:22:28 INFO SparkContext: Created broadcast 4 from broadcast at DAGScheduler.scala:1585
[2026-04-25T09:22:28.288+0000] {subprocess.py:106} INFO - 26/04/25 09:22:28 INFO DAGScheduler: Submitting 1 missing tasks from ShuffleMapStage 3 (MapPartitionsRDD[12] at create at <unknown>:0) (first 15 tasks are for partitions Vector(0))
[2026-04-25T09:22:28.288+0000] {subprocess.py:106} INFO - 26/04/25 09:22:28 INFO TaskSchedulerImpl: Adding task set 3.0 with 1 tasks resource profile 0
[2026-04-25T09:22:28.347+0000] {subprocess.py:106} INFO - 26/04/25 09:22:28 INFO TaskSetManager: Starting task 0.0 in stage 3.0 (TID 2) (172.30.0.7, executor 0, partition 0, PROCESS_LOCAL, 16035 bytes)
[2026-04-25T09:22:28.818+0000] {subprocess.py:106} INFO - 26/04/25 09:22:28 INFO BlockManagerInfo: Added broadcast_4_piece0 in memory on 172.30.0.7:37419 (size: 23.0 KiB, free: 434.4 MiB)
[2026-04-25T09:22:29.556+0000] {subprocess.py:106} INFO - 26/04/25 09:22:29 INFO BlockManagerInfo: Added broadcast_3_piece0 in memory on 172.30.0.7:37419 (size: 30.2 KiB, free: 434.3 MiB)
[2026-04-25T09:22:32.823+0000] {subprocess.py:106} INFO - 26/04/25 09:22:32 INFO TaskSetManager: Finished task 0.0 in stage 3.0 (TID 2) in 4542 ms on 172.30.0.7 (executor 0) (1/1)
[2026-04-25T09:22:32.824+0000] {subprocess.py:106} INFO - 26/04/25 09:22:32 INFO TaskSchedulerImpl: Removed TaskSet 3.0, whose tasks have all completed, from pool
[2026-04-25T09:22:32.826+0000] {subprocess.py:106} INFO - 26/04/25 09:22:32 INFO DAGScheduler: ShuffleMapStage 3 (create at <unknown>:0) finished in 4.593 s
[2026-04-25T09:22:32.826+0000] {subprocess.py:106} INFO - 26/04/25 09:22:32 INFO DAGScheduler: looking for newly runnable stages
[2026-04-25T09:22:32.827+0000] {subprocess.py:106} INFO - 26/04/25 09:22:32 INFO DAGScheduler: running: Set()
[2026-04-25T09:22:32.833+0000] {subprocess.py:106} INFO - 26/04/25 09:22:32 INFO DAGScheduler: waiting: Set()
[2026-04-25T09:22:32.834+0000] {subprocess.py:106} INFO - 26/04/25 09:22:32 INFO DAGScheduler: failed: Set()
[2026-04-25T09:22:32.841+0000] {subprocess.py:106} INFO - 26/04/25 09:22:32 INFO ShufflePartitionsUtil: For shuffle(1), advisory target size: 67108864, actual target size 1633151, minimum partition size: 1048576
[2026-04-25T09:22:32.898+0000] {subprocess.py:106} INFO - 26/04/25 09:22:32 INFO CodeGenerator: Code generated in 14.956052 ms
[2026-04-25T09:22:32.931+0000] {subprocess.py:106} INFO - 26/04/25 09:22:32 INFO MemoryStore: Block broadcast_5 stored as values in memory (estimated size 32.0 KiB, free 434.2 MiB)
[2026-04-25T09:22:32.952+0000] {subprocess.py:106} INFO - 26/04/25 09:22:32 INFO MemoryStore: Block broadcast_5_piece0 stored as bytes in memory (estimated size 30.1 KiB, free 434.1 MiB)
[2026-04-25T09:22:32.954+0000] {subprocess.py:106} INFO - 26/04/25 09:22:32 INFO BlockManagerInfo: Added broadcast_5_piece0 in memory on c05002f484b8:42479 (size: 30.1 KiB, free: 434.3 MiB)
[2026-04-25T09:22:32.955+0000] {subprocess.py:106} INFO - 26/04/25 09:22:32 INFO BlockManagerInfo: Removed broadcast_4_piece0 on c05002f484b8:42479 in memory (size: 23.0 KiB, free: 434.3 MiB)
[2026-04-25T09:22:32.959+0000] {subprocess.py:106} INFO - 26/04/25 09:22:32 INFO SparkContext: Created broadcast 5 from broadcast at SparkWrite.java:193
[2026-04-25T09:22:32.969+0000] {subprocess.py:106} INFO - 26/04/25 09:22:32 INFO AppendDataExec: Start processing data source write support: IcebergBatchWrite(table=silver.it_jobs_clean, format=PARQUET). The input RDD has 2 partitions.
[2026-04-25T09:22:32.970+0000] {subprocess.py:106} INFO - 26/04/25 09:22:32 INFO BlockManagerInfo: Removed broadcast_4_piece0 on 172.30.0.7:37419 in memory (size: 23.0 KiB, free: 434.4 MiB)
[2026-04-25T09:22:32.978+0000] {subprocess.py:106} INFO - 26/04/25 09:22:32 INFO SparkContext: Starting job: create at <unknown>:0
[2026-04-25T09:22:32.979+0000] {subprocess.py:106} INFO - 26/04/25 09:22:32 INFO DAGScheduler: Got job 3 (create at <unknown>:0) with 2 output partitions
[2026-04-25T09:22:32.980+0000] {subprocess.py:106} INFO - 26/04/25 09:22:32 INFO DAGScheduler: Final stage: ResultStage 5 (create at <unknown>:0)
[2026-04-25T09:22:32.980+0000] {subprocess.py:106} INFO - 26/04/25 09:22:32 INFO DAGScheduler: Parents of final stage: List(ShuffleMapStage 4)
[2026-04-25T09:22:32.981+0000] {subprocess.py:106} INFO - 26/04/25 09:22:32 INFO DAGScheduler: Missing parents: List()
[2026-04-25T09:22:32.989+0000] {subprocess.py:106} INFO - 26/04/25 09:22:32 INFO DAGScheduler: Submitting ResultStage 5 (MapPartitionsRDD[15] at create at <unknown>:0), which has no missing parents
[2026-04-25T09:22:33.017+0000] {subprocess.py:106} INFO - 26/04/25 09:22:33 INFO MemoryStore: Block broadcast_6 stored as values in memory (estimated size 61.8 KiB, free 434.2 MiB)
[2026-04-25T09:22:33.018+0000] {subprocess.py:106} INFO - 26/04/25 09:22:33 INFO MemoryStore: Block broadcast_6_piece0 stored as bytes in memory (estimated size 25.5 KiB, free 434.1 MiB)
[2026-04-25T09:22:33.018+0000] {subprocess.py:106} INFO - 26/04/25 09:22:33 INFO BlockManagerInfo: Added broadcast_6_piece0 in memory on c05002f484b8:42479 (size: 25.5 KiB, free: 434.3 MiB)
[2026-04-25T09:22:33.019+0000] {subprocess.py:106} INFO - 26/04/25 09:22:33 INFO SparkContext: Created broadcast 6 from broadcast at DAGScheduler.scala:1585
[2026-04-25T09:22:33.021+0000] {subprocess.py:106} INFO - 26/04/25 09:22:33 INFO DAGScheduler: Submitting 2 missing tasks from ResultStage 5 (MapPartitionsRDD[15] at create at <unknown>:0) (first 15 tasks are for partitions Vector(0, 1))
[2026-04-25T09:22:33.023+0000] {subprocess.py:106} INFO - 26/04/25 09:22:33 INFO TaskSchedulerImpl: Adding task set 5.0 with 2 tasks resource profile 0
[2026-04-25T09:22:33.024+0000] {subprocess.py:106} INFO - 26/04/25 09:22:33 INFO TaskSetManager: Starting task 0.0 in stage 5.0 (TID 3) (172.30.0.7, executor 0, partition 0, NODE_LOCAL, 9976 bytes)
[2026-04-25T09:22:33.061+0000] {subprocess.py:106} INFO - 26/04/25 09:22:33 INFO BlockManagerInfo: Added broadcast_6_piece0 in memory on 172.30.0.7:37419 (size: 25.5 KiB, free: 434.3 MiB)
[2026-04-25T09:22:33.104+0000] {subprocess.py:106} INFO - 26/04/25 09:22:33 INFO MapOutputTrackerMasterEndpoint: Asked to send map output locations for shuffle 1 to 172.30.0.7:54148
[2026-04-25T09:22:33.504+0000] {subprocess.py:106} INFO - 26/04/25 09:22:33 INFO BlockManagerInfo: Added broadcast_5_piece0 in memory on 172.30.0.7:37419 (size: 30.1 KiB, free: 434.3 MiB)
[2026-04-25T09:22:34.220+0000] {subprocess.py:106} INFO - 26/04/25 09:22:34 INFO TaskSetManager: Starting task 1.0 in stage 5.0 (TID 4) (172.30.0.7, executor 0, partition 1, NODE_LOCAL, 9976 bytes)
[2026-04-25T09:22:34.233+0000] {subprocess.py:106} INFO - 26/04/25 09:22:34 INFO TaskSetManager: Finished task 0.0 in stage 5.0 (TID 3) in 1209 ms on 172.30.0.7 (executor 0) (1/2)
[2026-04-25T09:22:34.529+0000] {subprocess.py:106} INFO - 26/04/25 09:22:34 INFO TaskSetManager: Finished task 1.0 in stage 5.0 (TID 4) in 311 ms on 172.30.0.7 (executor 0) (2/2)
[2026-04-25T09:22:34.530+0000] {subprocess.py:106} INFO - 26/04/25 09:22:34 INFO TaskSchedulerImpl: Removed TaskSet 5.0, whose tasks have all completed, from pool
[2026-04-25T09:22:34.531+0000] {subprocess.py:106} INFO - 26/04/25 09:22:34 INFO DAGScheduler: ResultStage 5 (create at <unknown>:0) finished in 1.536 s
[2026-04-25T09:22:34.532+0000] {subprocess.py:106} INFO - 26/04/25 09:22:34 INFO DAGScheduler: Job 3 is finished. Cancelling potential speculative or zombie tasks for this job
[2026-04-25T09:22:34.532+0000] {subprocess.py:106} INFO - 26/04/25 09:22:34 INFO TaskSchedulerImpl: Killing all running tasks in stage 5: Stage finished
[2026-04-25T09:22:34.537+0000] {subprocess.py:106} INFO - 26/04/25 09:22:34 INFO DAGScheduler: Job 3 finished: create at <unknown>:0, took 1.558419 s
[2026-04-25T09:22:34.540+0000] {subprocess.py:106} INFO - 26/04/25 09:22:34 INFO AppendDataExec: Data source write support IcebergBatchWrite(table=silver.it_jobs_clean, format=PARQUET) is committing.
[2026-04-25T09:22:34.570+0000] {subprocess.py:106} INFO - 26/04/25 09:22:34 INFO SparkWrite: Committing append with 2 new data files to table silver.it_jobs_clean
[2026-04-25T09:22:34.961+0000] {subprocess.py:106} INFO - 26/04/25 09:22:34 INFO SnapshotProducer: Committed snapshot 1975355131068828729 (MergeAppend)
[2026-04-25T09:22:35.000+0000] {subprocess.py:106} INFO - 26/04/25 09:22:34 INFO LoggingMetricsReporter: Received metrics report: CommitReport{tableName=silver.it_jobs_clean, snapshotId=1975355131068828729, sequenceNumber=1, operation=append, commitMetrics=CommitMetricsResult{totalDuration=TimerResult{timeUnit=NANOSECONDS, totalDuration=PT0.415430909S, count=1}, attempts=CounterResult{unit=COUNT, value=1}, addedDataFiles=CounterResult{unit=COUNT, value=2}, removedDataFiles=null, totalDataFiles=CounterResult{unit=COUNT, value=2}, addedDeleteFiles=null, addedEqualityDeleteFiles=null, addedPositionalDeleteFiles=null, removedDeleteFiles=null, removedEqualityDeleteFiles=null, removedPositionalDeleteFiles=null, totalDeleteFiles=CounterResult{unit=COUNT, value=0}, addedRecords=CounterResult{unit=COUNT, value=13926}, removedRecords=null, totalRecords=CounterResult{unit=COUNT, value=13926}, addedFilesSizeInBytes=CounterResult{unit=BYTES, value=529243}, removedFilesSizeInBytes=null, totalFilesSizeInBytes=CounterResult{unit=BYTES, value=529243}, addedPositionalDeletes=null, removedPositionalDeletes=null, totalPositionalDeletes=CounterResult{unit=COUNT, value=0}, addedEqualityDeletes=null, removedEqualityDeletes=null, totalEqualityDeletes=CounterResult{unit=COUNT, value=0}}, metadata={engine-version=3.5.3, app-id=app-20260425092215-0010, engine-name=spark, iceberg-version=Apache Iceberg 1.6.1 (commit 8e9d59d299be42b0bca9461457cd1e95dbaad086)}}
[2026-04-25T09:22:35.002+0000] {subprocess.py:106} INFO - 26/04/25 09:22:34 INFO BlockManagerInfo: Removed broadcast_6_piece0 on c05002f484b8:42479 in memory (size: 25.5 KiB, free: 434.3 MiB)
[2026-04-25T09:22:35.002+0000] {subprocess.py:106} INFO - 26/04/25 09:22:34 INFO SparkWrite: Committed in 429 ms
[2026-04-25T09:22:35.003+0000] {subprocess.py:106} INFO - 26/04/25 09:22:34 INFO AppendDataExec: Data source write support IcebergBatchWrite(table=silver.it_jobs_clean, format=PARQUET) committed.
[2026-04-25T09:22:35.004+0000] {subprocess.py:106} INFO - 26/04/25 09:22:35 INFO BlockManagerInfo: Removed broadcast_6_piece0 on 172.30.0.7:37419 in memory (size: 25.5 KiB, free: 434.3 MiB)
[2026-04-25T09:22:35.252+0000] {subprocess.py:106} INFO - 26/04/25 09:22:35 INFO HiveTableOperations: Committed to table iceberg.silver.it_jobs_clean with the new metadata location s3a://warehouse/iceberg_data/silver.db/it_jobs_clean/metadata/00000-9f821a7d-ce26-4b8a-8505-8b7cd5099449.metadata.json
[2026-04-25T09:22:35.253+0000] {subprocess.py:106} INFO - 26/04/25 09:22:35 INFO BaseMetastoreTableOperations: Successfully committed to table iceberg.silver.it_jobs_clean in 248 ms
[2026-04-25T09:22:35.253+0000] {subprocess.py:106} INFO - >>> SUCCESS: Table Created.
[2026-04-25T09:22:35.254+0000] {subprocess.py:106} INFO - 26/04/25 09:22:35 INFO SparkContext: SparkContext is stopping with exitCode 0.
[2026-04-25T09:22:35.266+0000] {subprocess.py:106} INFO - 26/04/25 09:22:35 INFO SparkUI: Stopped Spark web UI at http://c05002f484b8:4040
[2026-04-25T09:22:35.272+0000] {subprocess.py:106} INFO - 26/04/25 09:22:35 INFO StandaloneSchedulerBackend: Shutting down all executors
[2026-04-25T09:22:35.273+0000] {subprocess.py:106} INFO - 26/04/25 09:22:35 INFO StandaloneSchedulerBackend$StandaloneDriverEndpoint: Asking each executor to shut down
[2026-04-25T09:22:35.296+0000] {subprocess.py:106} INFO - 26/04/25 09:22:35 INFO MapOutputTrackerMasterEndpoint: MapOutputTrackerMasterEndpoint stopped!
[2026-04-25T09:22:35.322+0000] {subprocess.py:106} INFO - 26/04/25 09:22:35 INFO MemoryStore: MemoryStore cleared
[2026-04-25T09:22:35.324+0000] {subprocess.py:106} INFO - 26/04/25 09:22:35 INFO BlockManager: BlockManager stopped
[2026-04-25T09:22:35.328+0000] {subprocess.py:106} INFO - 26/04/25 09:22:35 INFO BlockManagerMaster: BlockManagerMaster stopped
[2026-04-25T09:22:35.333+0000] {subprocess.py:106} INFO - 26/04/25 09:22:35 INFO OutputCommitCoordinator$OutputCommitCoordinatorEndpoint: OutputCommitCoordinator stopped!
[2026-04-25T09:22:35.394+0000] {subprocess.py:106} INFO - 26/04/25 09:22:35 INFO SparkContext: Successfully stopped SparkContext
[2026-04-25T09:22:35.810+0000] {subprocess.py:106} INFO - 26/04/25 09:22:35 INFO ShutdownHookManager: Shutdown hook called
[2026-04-25T09:22:35.810+0000] {subprocess.py:106} INFO - 26/04/25 09:22:35 INFO ShutdownHookManager: Deleting directory /tmp/spark-d900f333-d964-4383-ad47-1c8cd0c0c8dc
[2026-04-25T09:22:35.813+0000] {subprocess.py:106} INFO - 26/04/25 09:22:35 INFO ShutdownHookManager: Deleting directory /tmp/spark-8e4e1314-8636-497f-a0c6-df4210921028/pyspark-e9c19c25-0751-481f-829a-53381b16b98e
[2026-04-25T09:22:35.816+0000] {subprocess.py:106} INFO - 26/04/25 09:22:35 INFO ShutdownHookManager: Deleting directory /tmp/spark-8e4e1314-8636-497f-a0c6-df4210921028
[2026-04-25T09:22:35.822+0000] {subprocess.py:106} INFO - 26/04/25 09:22:35 INFO MetricsSystemImpl: Stopping s3a-file-system metrics system...
[2026-04-25T09:22:35.823+0000] {subprocess.py:106} INFO - 26/04/25 09:22:35 INFO MetricsSystemImpl: s3a-file-system metrics system stopped.
[2026-04-25T09:22:35.823+0000] {subprocess.py:106} INFO - 26/04/25 09:22:35 INFO MetricsSystemImpl: s3a-file-system metrics system shutdown complete.
[2026-04-25T09:22:35.887+0000] {subprocess.py:110} INFO - Command exited with return code 0
[2026-04-25T09:22:35.949+0000] {taskinstance.py:341} INFO - ::group::Post task execution logs
[2026-04-25T09:22:35.950+0000] {taskinstance.py:353} INFO - Marking task as SUCCESS. dag_id=crawl_etl_itjob, task_id=clean_silver, run_id=scheduled__2026-04-22T02:00:00+00:00, execution_date=20260422T020000, start_date=20260425T092207, end_date=20260425T092235
[2026-04-25T09:22:36.181+0000] {local_task_job_runner.py:266} INFO - Task exited with return code 0
[2026-04-25T09:22:36.220+0000] {taskinstance.py:3901} INFO - 1 downstream tasks scheduled from follow-on schedule check
[2026-04-25T09:22:36.221+0000] {local_task_job_runner.py:245} INFO - ::endgroup::
