[2026-04-07T20:55:04.059+0000] {local_task_job_runner.py:123} INFO - ::group::Pre task execution logs
[2026-04-07T20:55:04.112+0000] {taskinstance.py:2614} INFO - Dependencies all met for dep_context=non-requeueable deps ti=<TaskInstance: crawl_etl_itjob.load_bronze scheduled__2026-04-06T02:00:00+00:00 [queued]>
[2026-04-07T20:55:04.125+0000] {taskinstance.py:2614} INFO - Dependencies all met for dep_context=requeueable deps ti=<TaskInstance: crawl_etl_itjob.load_bronze scheduled__2026-04-06T02:00:00+00:00 [queued]>
[2026-04-07T20:55:04.126+0000] {taskinstance.py:2867} INFO - Starting attempt 2 of 3
[2026-04-07T20:55:04.144+0000] {taskinstance.py:2890} INFO - Executing <Task(BashOperator): load_bronze> on 2026-04-06 02:00:00+00:00
[2026-04-07T20:55:04.152+0000] {standard_task_runner.py:72} INFO - Started process 245 to run task
[2026-04-07T20:55:04.157+0000] {standard_task_runner.py:104} INFO - Running: ['***', 'tasks', 'run', 'crawl_etl_itjob', 'load_bronze', 'scheduled__2026-04-06T02:00:00+00:00', '--job-id', '17', '--raw', '--subdir', 'DAGS_FOLDER/Crawl_ETL_ITJob.py', '--cfg-path', '/tmp/tmpsopmg8vq']
[2026-04-07T20:55:04.159+0000] {standard_task_runner.py:105} INFO - Job 17: Subtask load_bronze
[2026-04-07T20:55:04.212+0000] {warnings.py:109} WARNING - /home/***/.local/lib/python3.8/site-packages/***/settings.py:209: DeprecationWarning: The sql_alchemy_conn option in [core] has been moved to the sql_alchemy_conn option in [database] - the old setting has been used, but please update your config.
  SQL_ALCHEMY_CONN = conf.get("database", "SQL_ALCHEMY_CONN")

[2026-04-07T20:55:04.336+0000] {task_command.py:467} INFO - Running <TaskInstance: crawl_etl_itjob.load_bronze scheduled__2026-04-06T02:00:00+00:00 [running]> on host 64b3786bead1
[2026-04-07T20:55:04.337+0000] {warnings.py:109} WARNING - /home/***/.local/lib/python3.8/site-packages/***/settings.py:470: DeprecationWarning: The sql_alchemy_conn option in [core] has been moved to the sql_alchemy_conn option in [database] - the old setting has been used, but please update your config.
  if conf.get("database", "sql_alchemy_conn") == "none://":

[2026-04-07T20:55:04.513+0000] {taskinstance.py:3134} INFO - Exporting env vars: AIRFLOW_CTX_DAG_EMAIL='hoa856856@gmail.com' AIRFLOW_CTX_DAG_OWNER='***' AIRFLOW_CTX_DAG_ID='crawl_etl_itjob' AIRFLOW_CTX_TASK_ID='load_bronze' AIRFLOW_CTX_EXECUTION_DATE='2026-04-06T02:00:00+00:00' AIRFLOW_CTX_TRY_NUMBER='2' AIRFLOW_CTX_DAG_RUN_ID='scheduled__2026-04-06T02:00:00+00:00'
[2026-04-07T20:55:04.515+0000] {taskinstance.py:732} INFO - ::endgroup::
[2026-04-07T20:55:04.542+0000] {subprocess.py:78} INFO - Tmp dir root location: /tmp
[2026-04-07T20:55:04.543+0000] {subprocess.py:88} INFO - Running command: ['/bin/bash', '-c', "\n        docker exec spark-submit bash -c '\n        /opt/spark/bin/spark-submit         --master spark://spark-master:7077         --deploy-mode client         --packages org.apache.iceberg:iceberg-spark-runtime-3.5_2.12:1.5.0,org.apache.hadoop:hadoop-aws:3.3.4,com.amazonaws:aws-java-sdk-bundle:1.12.262         /opt/spark/scripts/Load_Bronze.py\n        '\n        "]
[2026-04-07T20:55:04.557+0000] {subprocess.py:99} INFO - Output:
[2026-04-07T20:55:06.777+0000] {subprocess.py:106} INFO - :: loading settings :: url = jar:file:/opt/spark/jars/ivy-2.5.1.jar!/org/apache/ivy/core/settings/ivysettings.xml
[2026-04-07T20:55:06.934+0000] {subprocess.py:106} INFO - Ivy Default Cache set to: /home/spark/.ivy2/cache
[2026-04-07T20:55:06.935+0000] {subprocess.py:106} INFO - The jars for the packages stored in: /home/spark/.ivy2/jars
[2026-04-07T20:55:06.941+0000] {subprocess.py:106} INFO - org.apache.iceberg#iceberg-spark-runtime-3.5_2.12 added as a dependency
[2026-04-07T20:55:06.942+0000] {subprocess.py:106} INFO - org.apache.hadoop#hadoop-aws added as a dependency
[2026-04-07T20:55:06.943+0000] {subprocess.py:106} INFO - com.amazonaws#aws-java-sdk-bundle added as a dependency
[2026-04-07T20:55:06.944+0000] {subprocess.py:106} INFO - :: resolving dependencies :: org.apache.spark#spark-submit-parent-aee76987-bb9e-4bdf-8687-4acfd5f38071;1.0
[2026-04-07T20:55:06.945+0000] {subprocess.py:106} INFO - 	confs: [default]
[2026-04-07T20:55:07.787+0000] {subprocess.py:106} INFO - 	found org.apache.iceberg#iceberg-spark-runtime-3.5_2.12;1.5.0 in central
[2026-04-07T20:55:08.894+0000] {subprocess.py:106} INFO - 	found org.apache.hadoop#hadoop-aws;3.3.4 in central
[2026-04-07T20:55:09.834+0000] {subprocess.py:106} INFO - 	found com.amazonaws#aws-java-sdk-bundle;1.12.262 in central
[2026-04-07T20:55:11.262+0000] {subprocess.py:106} INFO - 	found org.wildfly.openssl#wildfly-openssl;1.0.7.Final in central
[2026-04-07T20:55:11.323+0000] {subprocess.py:106} INFO - downloading https://repo1.maven.org/maven2/org/apache/iceberg/iceberg-spark-runtime-3.5_2.12/1.5.0/iceberg-spark-runtime-3.5_2.12-1.5.0.jar ...
[2026-04-07T20:55:13.544+0000] {subprocess.py:106} INFO - 	[SUCCESSFUL ] org.apache.iceberg#iceberg-spark-runtime-3.5_2.12;1.5.0!iceberg-spark-runtime-3.5_2.12.jar (2276ms)
[2026-04-07T20:55:13.605+0000] {subprocess.py:106} INFO - downloading https://repo1.maven.org/maven2/org/apache/hadoop/hadoop-aws/3.3.4/hadoop-aws-3.3.4.jar ...
[2026-04-07T20:55:13.705+0000] {subprocess.py:106} INFO - 	[SUCCESSFUL ] org.apache.hadoop#hadoop-aws;3.3.4!hadoop-aws.jar (159ms)
[2026-04-07T20:55:13.761+0000] {subprocess.py:106} INFO - downloading https://repo1.maven.org/maven2/com/amazonaws/aws-java-sdk-bundle/1.12.262/aws-java-sdk-bundle-1.12.262.jar ...
[2026-04-07T20:55:24.085+0000] {subprocess.py:106} INFO - 	[SUCCESSFUL ] com.amazonaws#aws-java-sdk-bundle;1.12.262!aws-java-sdk-bundle.jar (10361ms)
[2026-04-07T20:55:24.138+0000] {subprocess.py:106} INFO - downloading https://repo1.maven.org/maven2/org/wildfly/openssl/wildfly-openssl/1.0.7.Final/wildfly-openssl-1.0.7.Final.jar ...
[2026-04-07T20:55:24.326+0000] {subprocess.py:106} INFO - 	[SUCCESSFUL ] org.wildfly.openssl#wildfly-openssl;1.0.7.Final!wildfly-openssl.jar (243ms)
[2026-04-07T20:55:24.328+0000] {subprocess.py:106} INFO - :: resolution report :: resolve 4324ms :: artifacts dl 13049ms
[2026-04-07T20:55:24.333+0000] {subprocess.py:106} INFO - 	:: modules in use:
[2026-04-07T20:55:24.334+0000] {subprocess.py:106} INFO - 	com.amazonaws#aws-java-sdk-bundle;1.12.262 from central in [default]
[2026-04-07T20:55:24.340+0000] {subprocess.py:106} INFO - 	org.apache.hadoop#hadoop-aws;3.3.4 from central in [default]
[2026-04-07T20:55:24.341+0000] {subprocess.py:106} INFO - 	org.apache.iceberg#iceberg-spark-runtime-3.5_2.12;1.5.0 from central in [default]
[2026-04-07T20:55:24.346+0000] {subprocess.py:106} INFO - 	org.wildfly.openssl#wildfly-openssl;1.0.7.Final from central in [default]
[2026-04-07T20:55:24.348+0000] {subprocess.py:106} INFO - 	---------------------------------------------------------------------
[2026-04-07T20:55:24.352+0000] {subprocess.py:106} INFO - 	|                  |            modules            ||   artifacts   |
[2026-04-07T20:55:24.355+0000] {subprocess.py:106} INFO - 	|       conf       | number| search|dwnlded|evicted|| number|dwnlded|
[2026-04-07T20:55:24.357+0000] {subprocess.py:106} INFO - 	---------------------------------------------------------------------
[2026-04-07T20:55:24.359+0000] {subprocess.py:106} INFO - 	|      default     |   4   |   4   |   4   |   0   ||   4   |   4   |
[2026-04-07T20:55:24.363+0000] {subprocess.py:106} INFO - 	---------------------------------------------------------------------
[2026-04-07T20:55:24.364+0000] {subprocess.py:106} INFO - :: retrieving :: org.apache.spark#spark-submit-parent-aee76987-bb9e-4bdf-8687-4acfd5f38071
[2026-04-07T20:55:24.365+0000] {subprocess.py:106} INFO - 	confs: [default]
[2026-04-07T20:55:25.318+0000] {subprocess.py:106} INFO - 	4 artifacts copied, 0 already retrieved (316048kB/980ms)
[2026-04-07T20:55:25.851+0000] {subprocess.py:106} INFO - 26/04/07 20:55:25 WARN NativeCodeLoader: Unable to load native-hadoop library for your platform... using builtin-java classes where applicable
[2026-04-07T20:55:30.141+0000] {subprocess.py:106} INFO - 26/04/07 20:55:30 INFO SparkContext: Running Spark version 3.5.3
[2026-04-07T20:55:30.141+0000] {subprocess.py:106} INFO - 26/04/07 20:55:30 INFO SparkContext: OS info Linux, 6.6.87.2-microsoft-standard-WSL2, amd64
[2026-04-07T20:55:30.142+0000] {subprocess.py:106} INFO - 26/04/07 20:55:30 INFO SparkContext: Java version 11.0.24
[2026-04-07T20:55:30.172+0000] {subprocess.py:106} INFO - 26/04/07 20:55:30 INFO ResourceUtils: ==============================================================
[2026-04-07T20:55:30.173+0000] {subprocess.py:106} INFO - 26/04/07 20:55:30 INFO ResourceUtils: No custom resources configured for spark.driver.
[2026-04-07T20:55:30.174+0000] {subprocess.py:106} INFO - 26/04/07 20:55:30 INFO ResourceUtils: ==============================================================
[2026-04-07T20:55:30.176+0000] {subprocess.py:106} INFO - 26/04/07 20:55:30 INFO SparkContext: Submitted application: Load_Bronze_MinIO_Iceberg
[2026-04-07T20:55:30.215+0000] {subprocess.py:106} INFO - 26/04/07 20:55:30 INFO ResourceProfile: Default ResourceProfile created, executor resources: Map(memory -> name: memory, amount: 1024, script: , vendor: , offHeap -> name: offHeap, amount: 0, script: , vendor: ), task resources: Map(cpus -> name: cpus, amount: 1.0)
[2026-04-07T20:55:30.230+0000] {subprocess.py:106} INFO - 26/04/07 20:55:30 INFO ResourceProfile: Limiting resource is cpu
[2026-04-07T20:55:30.230+0000] {subprocess.py:106} INFO - 26/04/07 20:55:30 INFO ResourceProfileManager: Added ResourceProfile id: 0
[2026-04-07T20:55:30.312+0000] {subprocess.py:106} INFO - 26/04/07 20:55:30 INFO SecurityManager: Changing view acls to: spark
[2026-04-07T20:55:30.314+0000] {subprocess.py:106} INFO - 26/04/07 20:55:30 INFO SecurityManager: Changing modify acls to: spark
[2026-04-07T20:55:30.316+0000] {subprocess.py:106} INFO - 26/04/07 20:55:30 INFO SecurityManager: Changing view acls groups to:
[2026-04-07T20:55:30.317+0000] {subprocess.py:106} INFO - 26/04/07 20:55:30 INFO SecurityManager: Changing modify acls groups to:
[2026-04-07T20:55:30.318+0000] {subprocess.py:106} INFO - 26/04/07 20:55:30 INFO SecurityManager: SecurityManager: authentication disabled; ui acls disabled; users with view permissions: spark; groups with view permissions: EMPTY; users with modify permissions: spark; groups with modify permissions: EMPTY
[2026-04-07T20:55:30.688+0000] {subprocess.py:106} INFO - 26/04/07 20:55:30 INFO Utils: Successfully started service 'sparkDriver' on port 36567.
[2026-04-07T20:55:30.733+0000] {subprocess.py:106} INFO - 26/04/07 20:55:30 INFO SparkEnv: Registering MapOutputTracker
[2026-04-07T20:55:30.787+0000] {subprocess.py:106} INFO - 26/04/07 20:55:30 INFO SparkEnv: Registering BlockManagerMaster
[2026-04-07T20:55:30.813+0000] {subprocess.py:106} INFO - 26/04/07 20:55:30 INFO BlockManagerMasterEndpoint: Using org.apache.spark.storage.DefaultTopologyMapper for getting topology information
[2026-04-07T20:55:30.813+0000] {subprocess.py:106} INFO - 26/04/07 20:55:30 INFO BlockManagerMasterEndpoint: BlockManagerMasterEndpoint up
[2026-04-07T20:55:30.821+0000] {subprocess.py:106} INFO - 26/04/07 20:55:30 INFO SparkEnv: Registering BlockManagerMasterHeartbeat
[2026-04-07T20:55:30.857+0000] {subprocess.py:106} INFO - 26/04/07 20:55:30 INFO DiskBlockManager: Created local directory at /tmp/blockmgr-9181ba31-d35a-44d3-9a30-e2ad7ae07945
[2026-04-07T20:55:30.875+0000] {subprocess.py:106} INFO - 26/04/07 20:55:30 INFO MemoryStore: MemoryStore started with capacity 434.4 MiB
[2026-04-07T20:55:30.900+0000] {subprocess.py:106} INFO - 26/04/07 20:55:30 INFO SparkEnv: Registering OutputCommitCoordinator
[2026-04-07T20:55:31.070+0000] {subprocess.py:106} INFO - 26/04/07 20:55:31 INFO JettyUtils: Start Jetty 0.0.0.0:4040 for SparkUI
[2026-04-07T20:55:31.131+0000] {subprocess.py:106} INFO - 26/04/07 20:55:31 INFO Utils: Successfully started service 'SparkUI' on port 4040.
[2026-04-07T20:55:31.174+0000] {subprocess.py:106} INFO - 26/04/07 20:55:31 INFO SparkContext: Added JAR file:///home/spark/.ivy2/jars/org.apache.iceberg_iceberg-spark-runtime-3.5_2.12-1.5.0.jar at spark://c05002f484b8:36567/jars/org.apache.iceberg_iceberg-spark-runtime-3.5_2.12-1.5.0.jar with timestamp 1775595330129
[2026-04-07T20:55:31.174+0000] {subprocess.py:106} INFO - 26/04/07 20:55:31 INFO SparkContext: Added JAR file:///home/spark/.ivy2/jars/org.apache.hadoop_hadoop-aws-3.3.4.jar at spark://c05002f484b8:36567/jars/org.apache.hadoop_hadoop-aws-3.3.4.jar with timestamp 1775595330129
[2026-04-07T20:55:31.175+0000] {subprocess.py:106} INFO - 26/04/07 20:55:31 INFO SparkContext: Added JAR file:///home/spark/.ivy2/jars/com.amazonaws_aws-java-sdk-bundle-1.12.262.jar at spark://c05002f484b8:36567/jars/com.amazonaws_aws-java-sdk-bundle-1.12.262.jar with timestamp 1775595330129
[2026-04-07T20:55:31.175+0000] {subprocess.py:106} INFO - 26/04/07 20:55:31 INFO SparkContext: Added JAR file:///home/spark/.ivy2/jars/org.wildfly.openssl_wildfly-openssl-1.0.7.Final.jar at spark://c05002f484b8:36567/jars/org.wildfly.openssl_wildfly-openssl-1.0.7.Final.jar with timestamp 1775595330129
[2026-04-07T20:55:31.178+0000] {subprocess.py:106} INFO - 26/04/07 20:55:31 INFO SparkContext: Added file file:///home/spark/.ivy2/jars/org.apache.iceberg_iceberg-spark-runtime-3.5_2.12-1.5.0.jar at spark://c05002f484b8:36567/files/org.apache.iceberg_iceberg-spark-runtime-3.5_2.12-1.5.0.jar with timestamp 1775595330129
[2026-04-07T20:55:31.180+0000] {subprocess.py:106} INFO - 26/04/07 20:55:31 INFO Utils: Copying /home/spark/.ivy2/jars/org.apache.iceberg_iceberg-spark-runtime-3.5_2.12-1.5.0.jar to /tmp/spark-9957a442-9cd6-43d5-8d81-1db8f0800e65/userFiles-58a16a44-27e1-48cc-adba-1f32f4afe4b3/org.apache.iceberg_iceberg-spark-runtime-3.5_2.12-1.5.0.jar
[2026-04-07T20:55:31.627+0000] {subprocess.py:106} INFO - 26/04/07 20:55:31 INFO SparkContext: Added file file:///home/spark/.ivy2/jars/org.apache.hadoop_hadoop-aws-3.3.4.jar at spark://c05002f484b8:36567/files/org.apache.hadoop_hadoop-aws-3.3.4.jar with timestamp 1775595330129
[2026-04-07T20:55:31.628+0000] {subprocess.py:106} INFO - 26/04/07 20:55:31 INFO Utils: Copying /home/spark/.ivy2/jars/org.apache.hadoop_hadoop-aws-3.3.4.jar to /tmp/spark-9957a442-9cd6-43d5-8d81-1db8f0800e65/userFiles-58a16a44-27e1-48cc-adba-1f32f4afe4b3/org.apache.hadoop_hadoop-aws-3.3.4.jar
[2026-04-07T20:55:31.633+0000] {subprocess.py:106} INFO - 26/04/07 20:55:31 INFO SparkContext: Added file file:///home/spark/.ivy2/jars/com.amazonaws_aws-java-sdk-bundle-1.12.262.jar at spark://c05002f484b8:36567/files/com.amazonaws_aws-java-sdk-bundle-1.12.262.jar with timestamp 1775595330129
[2026-04-07T20:55:31.637+0000] {subprocess.py:106} INFO - 26/04/07 20:55:31 INFO Utils: Copying /home/spark/.ivy2/jars/com.amazonaws_aws-java-sdk-bundle-1.12.262.jar to /tmp/spark-9957a442-9cd6-43d5-8d81-1db8f0800e65/userFiles-58a16a44-27e1-48cc-adba-1f32f4afe4b3/com.amazonaws_aws-java-sdk-bundle-1.12.262.jar
[2026-04-07T20:55:32.417+0000] {subprocess.py:106} INFO - 26/04/07 20:55:32 INFO SparkContext: Added file file:///home/spark/.ivy2/jars/org.wildfly.openssl_wildfly-openssl-1.0.7.Final.jar at spark://c05002f484b8:36567/files/org.wildfly.openssl_wildfly-openssl-1.0.7.Final.jar with timestamp 1775595330129
[2026-04-07T20:55:32.419+0000] {subprocess.py:106} INFO - 26/04/07 20:55:32 INFO Utils: Copying /home/spark/.ivy2/jars/org.wildfly.openssl_wildfly-openssl-1.0.7.Final.jar to /tmp/spark-9957a442-9cd6-43d5-8d81-1db8f0800e65/userFiles-58a16a44-27e1-48cc-adba-1f32f4afe4b3/org.wildfly.openssl_wildfly-openssl-1.0.7.Final.jar
[2026-04-07T20:55:32.515+0000] {subprocess.py:106} INFO - 26/04/07 20:55:32 INFO StandaloneAppClient$ClientEndpoint: Connecting to master spark://spark-master:7077...
[2026-04-07T20:55:32.576+0000] {subprocess.py:106} INFO - 26/04/07 20:55:32 INFO TransportClientFactory: Successfully created connection to spark-master/172.30.0.5:7077 after 37 ms (0 ms spent in bootstraps)
[2026-04-07T20:55:32.827+0000] {subprocess.py:106} INFO - 26/04/07 20:55:32 INFO StandaloneSchedulerBackend: Connected to Spark cluster with app ID app-20260407205532-0000
[2026-04-07T20:55:32.844+0000] {subprocess.py:106} INFO - 26/04/07 20:55:32 INFO Utils: Successfully started service 'org.apache.spark.network.netty.NettyBlockTransferService' on port 40463.
[2026-04-07T20:55:32.845+0000] {subprocess.py:106} INFO - 26/04/07 20:55:32 INFO NettyBlockTransferService: Server created on c05002f484b8:40463
[2026-04-07T20:55:32.849+0000] {subprocess.py:106} INFO - 26/04/07 20:55:32 INFO BlockManager: Using org.apache.spark.storage.RandomBlockReplicationPolicy for block replication policy
[2026-04-07T20:55:32.857+0000] {subprocess.py:106} INFO - 26/04/07 20:55:32 INFO BlockManagerMaster: Registering BlockManager BlockManagerId(driver, c05002f484b8, 40463, None)
[2026-04-07T20:55:32.864+0000] {subprocess.py:106} INFO - 26/04/07 20:55:32 INFO BlockManagerMasterEndpoint: Registering block manager c05002f484b8:40463 with 434.4 MiB RAM, BlockManagerId(driver, c05002f484b8, 40463, None)
[2026-04-07T20:55:32.867+0000] {subprocess.py:106} INFO - 26/04/07 20:55:32 INFO BlockManagerMaster: Registered BlockManager BlockManagerId(driver, c05002f484b8, 40463, None)
[2026-04-07T20:55:32.868+0000] {subprocess.py:106} INFO - 26/04/07 20:55:32 INFO StandaloneAppClient$ClientEndpoint: Executor added: app-20260407205532-0000/0 on worker-20260407203634-172.30.0.6-43929 (172.30.0.6:43929) with 1 core(s)
[2026-04-07T20:55:32.868+0000] {subprocess.py:106} INFO - 26/04/07 20:55:32 INFO BlockManager: Initialized BlockManager: BlockManagerId(driver, c05002f484b8, 40463, None)
[2026-04-07T20:55:32.871+0000] {subprocess.py:106} INFO - 26/04/07 20:55:32 INFO StandaloneSchedulerBackend: Granted executor ID app-20260407205532-0000/0 on hostPort 172.30.0.6:43929 with 1 core(s), 1024.0 MiB RAM
[2026-04-07T20:55:33.121+0000] {subprocess.py:106} INFO - 26/04/07 20:55:33 INFO StandaloneAppClient$ClientEndpoint: Executor updated: app-20260407205532-0000/0 is now RUNNING
[2026-04-07T20:55:33.221+0000] {subprocess.py:106} INFO - 26/04/07 20:55:33 INFO StandaloneSchedulerBackend: SchedulerBackend is ready for scheduling beginning after reached minRegisteredResourcesRatio: 0.0
[2026-04-07T20:55:33.596+0000] {subprocess.py:106} INFO - Reading data from: s3a://warehouse/raw/itviec_jobs_full.csv
[2026-04-07T20:55:33.607+0000] {subprocess.py:106} INFO - 26/04/07 20:55:33 INFO SharedState: Setting hive.metastore.warehouse.dir ('null') to the value of spark.sql.warehouse.dir.
[2026-04-07T20:55:33.611+0000] {subprocess.py:106} INFO - 26/04/07 20:55:33 INFO SharedState: Warehouse path is 'file:/opt/spark/work-dir/spark-warehouse'.
[2026-04-07T20:55:35.590+0000] {subprocess.py:106} INFO - 26/04/07 20:55:35 WARN MetricsConfig: Cannot locate configuration: tried hadoop-metrics2-s3a-file-system.properties,hadoop-metrics2.properties
[2026-04-07T20:55:35.615+0000] {subprocess.py:106} INFO - 26/04/07 20:55:35 INFO MetricsSystemImpl: Scheduled Metric snapshot period at 10 second(s).
[2026-04-07T20:55:35.616+0000] {subprocess.py:106} INFO - 26/04/07 20:55:35 INFO MetricsSystemImpl: s3a-file-system metrics system started
[2026-04-07T20:55:37.387+0000] {subprocess.py:106} INFO - 26/04/07 20:55:37 INFO InMemoryFileIndex: It took 110 ms to list leaf files for 1 paths.
[2026-04-07T20:55:37.650+0000] {subprocess.py:106} INFO - 26/04/07 20:55:37 INFO StandaloneSchedulerBackend$StandaloneDriverEndpoint: Registered executor NettyRpcEndpointRef(spark-client://Executor) (172.30.0.6:40330) with ID 0,  ResourceProfileId 0
[2026-04-07T20:55:37.701+0000] {subprocess.py:106} INFO - 26/04/07 20:55:37 INFO MemoryStore: Block broadcast_0 stored as values in memory (estimated size 206.5 KiB, free 434.2 MiB)
[2026-04-07T20:55:37.767+0000] {subprocess.py:106} INFO - 26/04/07 20:55:37 INFO BlockManagerMasterEndpoint: Registering block manager 172.30.0.6:37395 with 434.4 MiB RAM, BlockManagerId(0, 172.30.0.6, 37395, None)
[2026-04-07T20:55:37.801+0000] {subprocess.py:106} INFO - 26/04/07 20:55:37 INFO MemoryStore: Block broadcast_0_piece0 stored as bytes in memory (estimated size 36.1 KiB, free 434.2 MiB)
[2026-04-07T20:55:37.802+0000] {subprocess.py:106} INFO - 26/04/07 20:55:37 INFO BlockManagerInfo: Added broadcast_0_piece0 in memory on c05002f484b8:40463 (size: 36.1 KiB, free: 434.4 MiB)
[2026-04-07T20:55:37.828+0000] {subprocess.py:106} INFO - 26/04/07 20:55:37 INFO SparkContext: Created broadcast 0 from csv at <unknown>:0
[2026-04-07T20:55:38.433+0000] {subprocess.py:106} INFO - 26/04/07 20:55:38 INFO FileInputFormat: Total input files to process : 1
[2026-04-07T20:55:38.442+0000] {subprocess.py:106} INFO - 26/04/07 20:55:38 INFO FileInputFormat: Total input files to process : 1
[2026-04-07T20:55:38.517+0000] {subprocess.py:106} INFO - 26/04/07 20:55:38 INFO SparkContext: Starting job: csv at <unknown>:0
[2026-04-07T20:55:38.549+0000] {subprocess.py:106} INFO - 26/04/07 20:55:38 INFO DAGScheduler: Got job 0 (csv at <unknown>:0) with 1 output partitions
[2026-04-07T20:55:38.550+0000] {subprocess.py:106} INFO - 26/04/07 20:55:38 INFO DAGScheduler: Final stage: ResultStage 0 (csv at <unknown>:0)
[2026-04-07T20:55:38.551+0000] {subprocess.py:106} INFO - 26/04/07 20:55:38 INFO DAGScheduler: Parents of final stage: List()
[2026-04-07T20:55:38.552+0000] {subprocess.py:106} INFO - 26/04/07 20:55:38 INFO DAGScheduler: Missing parents: List()
[2026-04-07T20:55:38.560+0000] {subprocess.py:106} INFO - 26/04/07 20:55:38 INFO DAGScheduler: Submitting ResultStage 0 (MapPartitionsRDD[2] at csv at <unknown>:0), which has no missing parents
[2026-04-07T20:55:38.587+0000] {subprocess.py:106} INFO - 26/04/07 20:55:38 INFO MemoryStore: Block broadcast_1 stored as values in memory (estimated size 7.6 KiB, free 434.2 MiB)
[2026-04-07T20:55:38.606+0000] {subprocess.py:106} INFO - 26/04/07 20:55:38 INFO MemoryStore: Block broadcast_1_piece0 stored as bytes in memory (estimated size 4.4 KiB, free 434.2 MiB)
[2026-04-07T20:55:38.613+0000] {subprocess.py:106} INFO - 26/04/07 20:55:38 INFO BlockManagerInfo: Added broadcast_1_piece0 in memory on c05002f484b8:40463 (size: 4.4 KiB, free: 434.4 MiB)
[2026-04-07T20:55:38.620+0000] {subprocess.py:106} INFO - 26/04/07 20:55:38 INFO SparkContext: Created broadcast 1 from broadcast at DAGScheduler.scala:1585
[2026-04-07T20:55:38.657+0000] {subprocess.py:106} INFO - 26/04/07 20:55:38 INFO DAGScheduler: Submitting 1 missing tasks from ResultStage 0 (MapPartitionsRDD[2] at csv at <unknown>:0) (first 15 tasks are for partitions Vector(0))
[2026-04-07T20:55:38.658+0000] {subprocess.py:106} INFO - 26/04/07 20:55:38 INFO TaskSchedulerImpl: Adding task set 0.0 with 1 tasks resource profile 0
[2026-04-07T20:55:43.438+0000] {subprocess.py:106} INFO - 26/04/07 20:55:43 INFO TaskSetManager: Starting task 0.0 in stage 0.0 (TID 0) (172.30.0.6, executor 0, partition 0, PROCESS_LOCAL, 10108 bytes)
[2026-04-07T20:55:43.737+0000] {subprocess.py:106} INFO - 26/04/07 20:55:43 INFO BlockManagerInfo: Added broadcast_1_piece0 in memory on 172.30.0.6:37395 (size: 4.4 KiB, free: 434.4 MiB)
[2026-04-07T20:55:43.970+0000] {subprocess.py:106} INFO - 26/04/07 20:55:43 INFO BlockManagerInfo: Added broadcast_0_piece0 in memory on 172.30.0.6:37395 (size: 36.1 KiB, free: 434.4 MiB)
[2026-04-07T20:55:45.679+0000] {subprocess.py:106} INFO - 26/04/07 20:55:45 INFO TaskSetManager: Finished task 0.0 in stage 0.0 (TID 0) in 2258 ms on 172.30.0.6 (executor 0) (1/1)
[2026-04-07T20:55:45.683+0000] {subprocess.py:106} INFO - 26/04/07 20:55:45 INFO TaskSchedulerImpl: Removed TaskSet 0.0, whose tasks have all completed, from pool
[2026-04-07T20:55:45.693+0000] {subprocess.py:106} INFO - 26/04/07 20:55:45 INFO DAGScheduler: ResultStage 0 (csv at <unknown>:0) finished in 7.112 s
[2026-04-07T20:55:45.699+0000] {subprocess.py:106} INFO - 26/04/07 20:55:45 INFO DAGScheduler: Job 0 is finished. Cancelling potential speculative or zombie tasks for this job
[2026-04-07T20:55:45.700+0000] {subprocess.py:106} INFO - 26/04/07 20:55:45 INFO TaskSchedulerImpl: Killing all running tasks in stage 0: Stage finished
[2026-04-07T20:55:45.702+0000] {subprocess.py:106} INFO - 26/04/07 20:55:45 INFO DAGScheduler: Job 0 finished: csv at <unknown>:0, took 7.184764 s
[2026-04-07T20:55:45.753+0000] {subprocess.py:106} INFO - 26/04/07 20:55:45 INFO SparkContext: Starting job: csv at <unknown>:0
[2026-04-07T20:55:45.754+0000] {subprocess.py:106} INFO - 26/04/07 20:55:45 INFO DAGScheduler: Got job 1 (csv at <unknown>:0) with 1 output partitions
[2026-04-07T20:55:45.755+0000] {subprocess.py:106} INFO - 26/04/07 20:55:45 INFO DAGScheduler: Final stage: ResultStage 1 (csv at <unknown>:0)
[2026-04-07T20:55:45.756+0000] {subprocess.py:106} INFO - 26/04/07 20:55:45 INFO DAGScheduler: Parents of final stage: List()
[2026-04-07T20:55:45.756+0000] {subprocess.py:106} INFO - 26/04/07 20:55:45 INFO DAGScheduler: Missing parents: List()
[2026-04-07T20:55:45.757+0000] {subprocess.py:106} INFO - 26/04/07 20:55:45 INFO DAGScheduler: Submitting ResultStage 1 (MapPartitionsRDD[3] at csv at <unknown>:0), which has no missing parents
[2026-04-07T20:55:45.761+0000] {subprocess.py:106} INFO - 26/04/07 20:55:45 INFO MemoryStore: Block broadcast_2 stored as values in memory (estimated size 10.1 KiB, free 434.1 MiB)
[2026-04-07T20:55:45.773+0000] {subprocess.py:106} INFO - 26/04/07 20:55:45 INFO MemoryStore: Block broadcast_2_piece0 stored as bytes in memory (estimated size 5.4 KiB, free 434.1 MiB)
[2026-04-07T20:55:45.777+0000] {subprocess.py:106} INFO - 26/04/07 20:55:45 INFO BlockManagerInfo: Added broadcast_2_piece0 in memory on c05002f484b8:40463 (size: 5.4 KiB, free: 434.4 MiB)
[2026-04-07T20:55:45.777+0000] {subprocess.py:106} INFO - 26/04/07 20:55:45 INFO SparkContext: Created broadcast 2 from broadcast at DAGScheduler.scala:1585
[2026-04-07T20:55:45.778+0000] {subprocess.py:106} INFO - 26/04/07 20:55:45 INFO DAGScheduler: Submitting 1 missing tasks from ResultStage 1 (MapPartitionsRDD[3] at csv at <unknown>:0) (first 15 tasks are for partitions Vector(0))
[2026-04-07T20:55:45.779+0000] {subprocess.py:106} INFO - 26/04/07 20:55:45 INFO TaskSchedulerImpl: Adding task set 1.0 with 1 tasks resource profile 0
[2026-04-07T20:55:45.780+0000] {subprocess.py:106} INFO - 26/04/07 20:55:45 INFO TaskSetManager: Starting task 0.0 in stage 1.0 (TID 1) (172.30.0.6, executor 0, partition 0, PROCESS_LOCAL, 10108 bytes)
[2026-04-07T20:55:45.832+0000] {subprocess.py:106} INFO - 26/04/07 20:55:45 INFO BlockManagerInfo: Removed broadcast_1_piece0 on 172.30.0.6:37395 in memory (size: 4.4 KiB, free: 434.4 MiB)
[2026-04-07T20:55:45.834+0000] {subprocess.py:106} INFO - 26/04/07 20:55:45 INFO BlockManagerInfo: Removed broadcast_1_piece0 on c05002f484b8:40463 in memory (size: 4.4 KiB, free: 434.4 MiB)
[2026-04-07T20:55:45.846+0000] {subprocess.py:106} INFO - 26/04/07 20:55:45 INFO BlockManagerInfo: Added broadcast_2_piece0 in memory on 172.30.0.6:37395 (size: 5.4 KiB, free: 434.4 MiB)
[2026-04-07T20:55:47.023+0000] {subprocess.py:106} INFO - 26/04/07 20:55:47 INFO TaskSetManager: Finished task 0.0 in stage 1.0 (TID 1) in 1241 ms on 172.30.0.6 (executor 0) (1/1)
[2026-04-07T20:55:47.023+0000] {subprocess.py:106} INFO - 26/04/07 20:55:47 INFO TaskSchedulerImpl: Removed TaskSet 1.0, whose tasks have all completed, from pool
[2026-04-07T20:55:47.024+0000] {subprocess.py:106} INFO - 26/04/07 20:55:47 INFO DAGScheduler: ResultStage 1 (csv at <unknown>:0) finished in 1.262 s
[2026-04-07T20:55:47.029+0000] {subprocess.py:106} INFO - 26/04/07 20:55:47 INFO DAGScheduler: Job 1 is finished. Cancelling potential speculative or zombie tasks for this job
[2026-04-07T20:55:47.029+0000] {subprocess.py:106} INFO - 26/04/07 20:55:47 INFO TaskSchedulerImpl: Killing all running tasks in stage 1: Stage finished
[2026-04-07T20:55:47.035+0000] {subprocess.py:106} INFO - 26/04/07 20:55:47 INFO DAGScheduler: Job 1 finished: csv at <unknown>:0, took 1.280313 s
[2026-04-07T20:55:47.264+0000] {subprocess.py:106} INFO - 26/04/07 20:55:47 INFO BlockManagerInfo: Removed broadcast_2_piece0 on c05002f484b8:40463 in memory (size: 5.4 KiB, free: 434.4 MiB)
[2026-04-07T20:55:47.267+0000] {subprocess.py:106} INFO - 26/04/07 20:55:47 INFO BlockManagerInfo: Removed broadcast_2_piece0 on 172.30.0.6:37395 in memory (size: 5.4 KiB, free: 434.4 MiB)
[2026-04-07T20:55:47.502+0000] {subprocess.py:106} INFO - 26/04/07 20:55:47 INFO BlockManagerInfo: Removed broadcast_0_piece0 on c05002f484b8:40463 in memory (size: 36.1 KiB, free: 434.4 MiB)
[2026-04-07T20:55:47.508+0000] {subprocess.py:106} INFO - 26/04/07 20:55:47 INFO BlockManagerInfo: Removed broadcast_0_piece0 on 172.30.0.6:37395 in memory (size: 36.1 KiB, free: 434.4 MiB)
[2026-04-07T20:55:48.703+0000] {subprocess.py:106} INFO - 26/04/07 20:55:48 INFO FileSourceStrategy: Pushed Filters:
[2026-04-07T20:55:48.704+0000] {subprocess.py:106} INFO - 26/04/07 20:55:48 INFO FileSourceStrategy: Post-Scan Filters:
[2026-04-07T20:55:49.263+0000] {subprocess.py:106} INFO - 26/04/07 20:55:49 INFO CodeGenerator: Code generated in 294.692328 ms
[2026-04-07T20:55:49.278+0000] {subprocess.py:106} INFO - 26/04/07 20:55:49 INFO MemoryStore: Block broadcast_3 stored as values in memory (estimated size 205.7 KiB, free 434.2 MiB)
[2026-04-07T20:55:49.303+0000] {subprocess.py:106} INFO - 26/04/07 20:55:49 INFO MemoryStore: Block broadcast_3_piece0 stored as bytes in memory (estimated size 36.1 KiB, free 434.2 MiB)
[2026-04-07T20:55:49.304+0000] {subprocess.py:106} INFO - 26/04/07 20:55:49 INFO BlockManagerInfo: Added broadcast_3_piece0 in memory on c05002f484b8:40463 (size: 36.1 KiB, free: 434.4 MiB)
[2026-04-07T20:55:49.307+0000] {subprocess.py:106} INFO - 26/04/07 20:55:49 INFO SparkContext: Created broadcast 3 from count at <unknown>:0
[2026-04-07T20:55:49.352+0000] {subprocess.py:106} INFO - 26/04/07 20:55:49 INFO FileSourceScanExec: Planning scan with bin packing, max size: 4194304 bytes, open cost is considered as scanning 4194304 bytes.
[2026-04-07T20:55:49.426+0000] {subprocess.py:106} INFO - 26/04/07 20:55:49 INFO DAGScheduler: Registering RDD 7 (count at <unknown>:0) as input to shuffle 0
[2026-04-07T20:55:49.431+0000] {subprocess.py:106} INFO - 26/04/07 20:55:49 INFO DAGScheduler: Got map stage job 2 (count at <unknown>:0) with 1 output partitions
[2026-04-07T20:55:49.432+0000] {subprocess.py:106} INFO - 26/04/07 20:55:49 INFO DAGScheduler: Final stage: ShuffleMapStage 2 (count at <unknown>:0)
[2026-04-07T20:55:49.433+0000] {subprocess.py:106} INFO - 26/04/07 20:55:49 INFO DAGScheduler: Parents of final stage: List()
[2026-04-07T20:55:49.436+0000] {subprocess.py:106} INFO - 26/04/07 20:55:49 INFO DAGScheduler: Missing parents: List()
[2026-04-07T20:55:49.440+0000] {subprocess.py:106} INFO - 26/04/07 20:55:49 INFO DAGScheduler: Submitting ShuffleMapStage 2 (MapPartitionsRDD[7] at count at <unknown>:0), which has no missing parents
[2026-04-07T20:55:49.502+0000] {subprocess.py:106} INFO - 26/04/07 20:55:49 INFO MemoryStore: Block broadcast_4 stored as values in memory (estimated size 18.1 KiB, free 434.1 MiB)
[2026-04-07T20:55:49.517+0000] {subprocess.py:106} INFO - 26/04/07 20:55:49 INFO MemoryStore: Block broadcast_4_piece0 stored as bytes in memory (estimated size 8.9 KiB, free 434.1 MiB)
[2026-04-07T20:55:49.518+0000] {subprocess.py:106} INFO - 26/04/07 20:55:49 INFO BlockManagerInfo: Added broadcast_4_piece0 in memory on c05002f484b8:40463 (size: 8.9 KiB, free: 434.4 MiB)
[2026-04-07T20:55:49.519+0000] {subprocess.py:106} INFO - 26/04/07 20:55:49 INFO SparkContext: Created broadcast 4 from broadcast at DAGScheduler.scala:1585
[2026-04-07T20:55:49.526+0000] {subprocess.py:106} INFO - 26/04/07 20:55:49 INFO DAGScheduler: Submitting 1 missing tasks from ShuffleMapStage 2 (MapPartitionsRDD[7] at count at <unknown>:0) (first 15 tasks are for partitions Vector(0))
[2026-04-07T20:55:49.527+0000] {subprocess.py:106} INFO - 26/04/07 20:55:49 INFO TaskSchedulerImpl: Adding task set 2.0 with 1 tasks resource profile 0
[2026-04-07T20:55:49.532+0000] {subprocess.py:106} INFO - 26/04/07 20:55:49 INFO TaskSetManager: Starting task 0.0 in stage 2.0 (TID 2) (172.30.0.6, executor 0, partition 0, PROCESS_LOCAL, 10568 bytes)
[2026-04-07T20:55:49.587+0000] {subprocess.py:106} INFO - 26/04/07 20:55:49 INFO BlockManagerInfo: Added broadcast_4_piece0 in memory on 172.30.0.6:37395 (size: 8.9 KiB, free: 434.4 MiB)
[2026-04-07T20:55:50.366+0000] {subprocess.py:106} INFO - 26/04/07 20:55:50 INFO BlockManagerInfo: Added broadcast_3_piece0 in memory on 172.30.0.6:37395 (size: 36.1 KiB, free: 434.4 MiB)
[2026-04-07T20:55:50.587+0000] {subprocess.py:106} INFO - 26/04/07 20:55:50 INFO TaskSetManager: Finished task 0.0 in stage 2.0 (TID 2) in 1062 ms on 172.30.0.6 (executor 0) (1/1)
[2026-04-07T20:55:50.589+0000] {subprocess.py:106} INFO - 26/04/07 20:55:50 INFO TaskSchedulerImpl: Removed TaskSet 2.0, whose tasks have all completed, from pool
[2026-04-07T20:55:50.597+0000] {subprocess.py:106} INFO - 26/04/07 20:55:50 INFO DAGScheduler: ShuffleMapStage 2 (count at <unknown>:0) finished in 1.144 s
[2026-04-07T20:55:50.597+0000] {subprocess.py:106} INFO - 26/04/07 20:55:50 INFO DAGScheduler: looking for newly runnable stages
[2026-04-07T20:55:50.598+0000] {subprocess.py:106} INFO - 26/04/07 20:55:50 INFO DAGScheduler: running: Set()
[2026-04-07T20:55:50.598+0000] {subprocess.py:106} INFO - 26/04/07 20:55:50 INFO DAGScheduler: waiting: Set()
[2026-04-07T20:55:50.599+0000] {subprocess.py:106} INFO - 26/04/07 20:55:50 INFO DAGScheduler: failed: Set()
[2026-04-07T20:55:50.653+0000] {subprocess.py:106} INFO - 26/04/07 20:55:50 INFO CodeGenerator: Code generated in 13.31403 ms
[2026-04-07T20:55:50.678+0000] {subprocess.py:106} INFO - 26/04/07 20:55:50 INFO SparkContext: Starting job: count at <unknown>:0
[2026-04-07T20:55:50.680+0000] {subprocess.py:106} INFO - 26/04/07 20:55:50 INFO DAGScheduler: Got job 3 (count at <unknown>:0) with 1 output partitions
[2026-04-07T20:55:50.681+0000] {subprocess.py:106} INFO - 26/04/07 20:55:50 INFO DAGScheduler: Final stage: ResultStage 4 (count at <unknown>:0)
[2026-04-07T20:55:50.682+0000] {subprocess.py:106} INFO - 26/04/07 20:55:50 INFO DAGScheduler: Parents of final stage: List(ShuffleMapStage 3)
[2026-04-07T20:55:50.683+0000] {subprocess.py:106} INFO - 26/04/07 20:55:50 INFO DAGScheduler: Missing parents: List()
[2026-04-07T20:55:50.684+0000] {subprocess.py:106} INFO - 26/04/07 20:55:50 INFO DAGScheduler: Submitting ResultStage 4 (MapPartitionsRDD[10] at count at <unknown>:0), which has no missing parents
[2026-04-07T20:55:50.693+0000] {subprocess.py:106} INFO - 26/04/07 20:55:50 INFO MemoryStore: Block broadcast_5 stored as values in memory (estimated size 12.5 KiB, free 434.1 MiB)
[2026-04-07T20:55:50.709+0000] {subprocess.py:106} INFO - 26/04/07 20:55:50 INFO MemoryStore: Block broadcast_5_piece0 stored as bytes in memory (estimated size 5.9 KiB, free 434.1 MiB)
[2026-04-07T20:55:50.710+0000] {subprocess.py:106} INFO - 26/04/07 20:55:50 INFO BlockManagerInfo: Added broadcast_5_piece0 in memory on c05002f484b8:40463 (size: 5.9 KiB, free: 434.4 MiB)
[2026-04-07T20:55:50.710+0000] {subprocess.py:106} INFO - 26/04/07 20:55:50 INFO SparkContext: Created broadcast 5 from broadcast at DAGScheduler.scala:1585
[2026-04-07T20:55:50.712+0000] {subprocess.py:106} INFO - 26/04/07 20:55:50 INFO DAGScheduler: Submitting 1 missing tasks from ResultStage 4 (MapPartitionsRDD[10] at count at <unknown>:0) (first 15 tasks are for partitions Vector(0))
[2026-04-07T20:55:50.712+0000] {subprocess.py:106} INFO - 26/04/07 20:55:50 INFO TaskSchedulerImpl: Adding task set 4.0 with 1 tasks resource profile 0
[2026-04-07T20:55:50.713+0000] {subprocess.py:106} INFO - 26/04/07 20:55:50 INFO BlockManagerInfo: Removed broadcast_4_piece0 on c05002f484b8:40463 in memory (size: 8.9 KiB, free: 434.4 MiB)
[2026-04-07T20:55:50.717+0000] {subprocess.py:106} INFO - 26/04/07 20:55:50 INFO BlockManagerInfo: Removed broadcast_4_piece0 on 172.30.0.6:37395 in memory (size: 8.9 KiB, free: 434.4 MiB)
[2026-04-07T20:55:50.718+0000] {subprocess.py:106} INFO - 26/04/07 20:55:50 INFO TaskSetManager: Starting task 0.0 in stage 4.0 (TID 3) (172.30.0.6, executor 0, partition 0, NODE_LOCAL, 9976 bytes)
[2026-04-07T20:55:50.760+0000] {subprocess.py:106} INFO - 26/04/07 20:55:50 INFO BlockManagerInfo: Added broadcast_5_piece0 in memory on 172.30.0.6:37395 (size: 5.9 KiB, free: 434.4 MiB)
[2026-04-07T20:55:50.803+0000] {subprocess.py:106} INFO - 26/04/07 20:55:50 INFO MapOutputTrackerMasterEndpoint: Asked to send map output locations for shuffle 0 to 172.30.0.6:40330
[2026-04-07T20:55:50.992+0000] {subprocess.py:106} INFO - 26/04/07 20:55:50 INFO TaskSetManager: Finished task 0.0 in stage 4.0 (TID 3) in 282 ms on 172.30.0.6 (executor 0) (1/1)
[2026-04-07T20:55:50.995+0000] {subprocess.py:106} INFO - 26/04/07 20:55:50 INFO TaskSchedulerImpl: Removed TaskSet 4.0, whose tasks have all completed, from pool
[2026-04-07T20:55:51.000+0000] {subprocess.py:106} INFO - 26/04/07 20:55:50 INFO DAGScheduler: ResultStage 4 (count at <unknown>:0) finished in 0.303 s
[2026-04-07T20:55:51.006+0000] {subprocess.py:106} INFO - 26/04/07 20:55:50 INFO DAGScheduler: Job 3 is finished. Cancelling potential speculative or zombie tasks for this job
[2026-04-07T20:55:51.007+0000] {subprocess.py:106} INFO - 26/04/07 20:55:50 INFO TaskSchedulerImpl: Killing all running tasks in stage 4: Stage finished
[2026-04-07T20:55:51.008+0000] {subprocess.py:106} INFO - 26/04/07 20:55:50 INFO DAGScheduler: Job 3 finished: count at <unknown>:0, took 0.317741 s
[2026-04-07T20:55:51.023+0000] {subprocess.py:106} INFO -  Record loaded from CSV: 13504
[2026-04-07T20:55:51.029+0000] {subprocess.py:106} INFO - root
[2026-04-07T20:55:51.030+0000] {subprocess.py:106} INFO -  |-- job_title: string (nullable = true)
[2026-04-07T20:55:51.031+0000] {subprocess.py:106} INFO -  |-- company_name: string (nullable = true)
[2026-04-07T20:55:51.031+0000] {subprocess.py:106} INFO -  |-- location: string (nullable = true)
[2026-04-07T20:55:51.032+0000] {subprocess.py:106} INFO -  |-- skills_required: string (nullable = true)
[2026-04-07T20:55:51.032+0000] {subprocess.py:106} INFO -  |-- date_posted: timestamp (nullable = true)
[2026-04-07T20:55:51.033+0000] {subprocess.py:106} INFO -  |-- job_link: string (nullable = true)
[2026-04-07T20:55:51.034+0000] {subprocess.py:106} INFO -  |-- job_category: string (nullable = true)
[2026-04-07T20:55:51.035+0000] {subprocess.py:106} INFO -  |-- work_mode: string (nullable = true)
[2026-04-07T20:55:51.036+0000] {subprocess.py:106} INFO -  |-- crawl_date: timestamp (nullable = true)
[2026-04-07T20:55:51.037+0000] {subprocess.py:106} INFO -  |-- date_only: date (nullable = true)
[2026-04-07T20:55:51.038+0000] {subprocess.py:106} INFO - 
[2026-04-07T20:55:51.237+0000] {subprocess.py:106} INFO - 26/04/07 20:55:51 INFO BlockManagerInfo: Removed broadcast_5_piece0 on c05002f484b8:40463 in memory (size: 5.9 KiB, free: 434.4 MiB)
[2026-04-07T20:55:51.240+0000] {subprocess.py:106} INFO - 26/04/07 20:55:51 INFO BlockManagerInfo: Removed broadcast_5_piece0 on 172.30.0.6:37395 in memory (size: 5.9 KiB, free: 434.4 MiB)
[2026-04-07T20:55:51.525+0000] {subprocess.py:106} INFO - 26/04/07 20:55:51 INFO HiveConf: Found configuration file null
[2026-04-07T20:55:51.741+0000] {subprocess.py:106} INFO - 26/04/07 20:55:51 INFO metastore: Trying to connect to metastore with URI thrift://hive-metastore:9083
[2026-04-07T20:55:51.768+0000] {subprocess.py:106} INFO - 26/04/07 20:55:51 INFO metastore: Opened a connection to metastore, current connections: 1
[2026-04-07T20:55:51.810+0000] {subprocess.py:106} INFO - 26/04/07 20:55:51 INFO metastore: Connected to metastore.
[2026-04-07T20:55:52.096+0000] {subprocess.py:106} INFO - 26/04/07 20:55:52 INFO BlockManagerInfo: Removed broadcast_3_piece0 on c05002f484b8:40463 in memory (size: 36.1 KiB, free: 434.4 MiB)
[2026-04-07T20:55:52.101+0000] {subprocess.py:106} INFO - 26/04/07 20:55:52 INFO BlockManagerInfo: Removed broadcast_3_piece0 on 172.30.0.6:37395 in memory (size: 36.1 KiB, free: 434.4 MiB)
[2026-04-07T20:55:52.283+0000] {subprocess.py:106} INFO - 26/04/07 20:55:52 INFO BaseMetastoreTableOperations: Refreshing table metadata from new version: s3a://warehouse/iceberg_data/bronze.db/it_jobs_raw/metadata/00000-466ea346-e42b-4a71-aec9-dc8f9050119f.metadata.json
[2026-04-07T20:55:52.704+0000] {subprocess.py:106} INFO - 26/04/07 20:55:52 INFO BaseMetastoreCatalog: Table loaded by catalog: iceberg.bronze.it_jobs_raw
[2026-04-07T20:55:52.711+0000] {subprocess.py:106} INFO - Table iceberg.bronze.it_jobs_raw exists. Checking for new records...
[2026-04-07T20:55:52.931+0000] {subprocess.py:106} INFO - 26/04/07 20:55:52 INFO V2ScanRelationPushDown:
[2026-04-07T20:55:52.932+0000] {subprocess.py:106} INFO - Pushing operators to iceberg.bronze.it_jobs_raw
[2026-04-07T20:55:52.933+0000] {subprocess.py:106} INFO - Pushed Filters: job_link IS NOT NULL
[2026-04-07T20:55:52.933+0000] {subprocess.py:106} INFO - Post-Scan Filters: isnotnull(job_link#79)
[2026-04-07T20:55:52.934+0000] {subprocess.py:106} INFO - 
[2026-04-07T20:55:52.981+0000] {subprocess.py:106} INFO - 26/04/07 20:55:52 INFO V2ScanRelationPushDown:
[2026-04-07T20:55:52.982+0000] {subprocess.py:106} INFO - Output: job_link#79
[2026-04-07T20:55:52.982+0000] {subprocess.py:106} INFO - 
[2026-04-07T20:55:52.996+0000] {subprocess.py:106} INFO - 26/04/07 20:55:52 INFO SnapshotScan: Scanning table iceberg.bronze.it_jobs_raw snapshot 262778356008947381 created at 2026-04-07T20:15:37.916+00:00 with filter job_link IS NOT NULL
[2026-04-07T20:55:53.300+0000] {subprocess.py:106} INFO - 26/04/07 20:55:53 INFO BaseDistributedDataScan: Planning file tasks locally for table iceberg.bronze.it_jobs_raw
[2026-04-07T20:55:53.472+0000] {subprocess.py:106} INFO - 26/04/07 20:55:53 INFO SparkPartitioningAwareScan: Reporting UnknownPartitioning with 1 partition(s) for table iceberg.bronze.it_jobs_raw
[2026-04-07T20:55:53.551+0000] {subprocess.py:106} INFO - 26/04/07 20:55:53 INFO FileSourceStrategy: Pushed Filters:
[2026-04-07T20:55:53.552+0000] {subprocess.py:106} INFO - 26/04/07 20:55:53 INFO FileSourceStrategy: Post-Scan Filters:
[2026-04-07T20:55:53.570+0000] {subprocess.py:106} INFO - 26/04/07 20:55:53 INFO MemoryStore: Block broadcast_6 stored as values in memory (estimated size 32.0 KiB, free 434.4 MiB)
[2026-04-07T20:55:53.593+0000] {subprocess.py:106} INFO - 26/04/07 20:55:53 INFO MemoryStore: Block broadcast_6_piece0 stored as bytes in memory (estimated size 30.2 KiB, free 434.3 MiB)
[2026-04-07T20:55:53.595+0000] {subprocess.py:106} INFO - 26/04/07 20:55:53 INFO BlockManagerInfo: Added broadcast_6_piece0 in memory on c05002f484b8:40463 (size: 30.2 KiB, free: 434.4 MiB)
[2026-04-07T20:55:53.596+0000] {subprocess.py:106} INFO - 26/04/07 20:55:53 INFO SparkContext: Created broadcast 6 from broadcast at SparkBatch.java:79
[2026-04-07T20:55:53.703+0000] {subprocess.py:106} INFO - 26/04/07 20:55:53 INFO MemoryStore: Block broadcast_7 stored as values in memory (estimated size 32.0 KiB, free 434.3 MiB)
[2026-04-07T20:55:53.709+0000] {subprocess.py:106} INFO - 26/04/07 20:55:53 INFO MemoryStore: Block broadcast_7_piece0 stored as bytes in memory (estimated size 30.2 KiB, free 434.3 MiB)
[2026-04-07T20:55:53.725+0000] {subprocess.py:106} INFO - 26/04/07 20:55:53 INFO BlockManagerInfo: Added broadcast_7_piece0 in memory on c05002f484b8:40463 (size: 30.2 KiB, free: 434.3 MiB)
[2026-04-07T20:55:53.729+0000] {subprocess.py:106} INFO - 26/04/07 20:55:53 INFO SparkContext: Created broadcast 7 from broadcast at SparkBatch.java:79
[2026-04-07T20:55:53.807+0000] {subprocess.py:106} INFO - 26/04/07 20:55:53 INFO CodeGenerator: Code generated in 21.015437 ms
[2026-04-07T20:55:53.836+0000] {subprocess.py:106} INFO - 26/04/07 20:55:53 INFO SparkContext: Starting job: $anonfun$withThreadLocalCaptured$1 at <unknown>:0
[2026-04-07T20:55:53.837+0000] {subprocess.py:106} INFO - 26/04/07 20:55:53 INFO DAGScheduler: Got job 4 ($anonfun$withThreadLocalCaptured$1 at <unknown>:0) with 1 output partitions
[2026-04-07T20:55:53.838+0000] {subprocess.py:106} INFO - 26/04/07 20:55:53 INFO DAGScheduler: Final stage: ResultStage 5 ($anonfun$withThreadLocalCaptured$1 at <unknown>:0)
[2026-04-07T20:55:53.839+0000] {subprocess.py:106} INFO - 26/04/07 20:55:53 INFO DAGScheduler: Parents of final stage: List()
[2026-04-07T20:55:53.839+0000] {subprocess.py:106} INFO - 26/04/07 20:55:53 INFO DAGScheduler: Missing parents: List()
[2026-04-07T20:55:53.840+0000] {subprocess.py:106} INFO - 26/04/07 20:55:53 INFO DAGScheduler: Submitting ResultStage 5 (MapPartitionsRDD[14] at $anonfun$withThreadLocalCaptured$1 at <unknown>:0), which has no missing parents
[2026-04-07T20:55:53.843+0000] {subprocess.py:106} INFO - 26/04/07 20:55:53 INFO MemoryStore: Block broadcast_8 stored as values in memory (estimated size 13.8 KiB, free 434.3 MiB)
[2026-04-07T20:55:53.854+0000] {subprocess.py:106} INFO - 26/04/07 20:55:53 INFO MemoryStore: Block broadcast_8_piece0 stored as bytes in memory (estimated size 5.5 KiB, free 434.3 MiB)
[2026-04-07T20:55:53.855+0000] {subprocess.py:106} INFO - 26/04/07 20:55:53 INFO BlockManagerInfo: Added broadcast_8_piece0 in memory on c05002f484b8:40463 (size: 5.5 KiB, free: 434.3 MiB)
[2026-04-07T20:55:53.856+0000] {subprocess.py:106} INFO - 26/04/07 20:55:53 INFO SparkContext: Created broadcast 8 from broadcast at DAGScheduler.scala:1585
[2026-04-07T20:55:53.858+0000] {subprocess.py:106} INFO - 26/04/07 20:55:53 INFO DAGScheduler: Submitting 1 missing tasks from ResultStage 5 (MapPartitionsRDD[14] at $anonfun$withThreadLocalCaptured$1 at <unknown>:0) (first 15 tasks are for partitions Vector(0))
[2026-04-07T20:55:53.865+0000] {subprocess.py:106} INFO - 26/04/07 20:55:53 INFO TaskSchedulerImpl: Adding task set 5.0 with 1 tasks resource profile 0
[2026-04-07T20:55:53.880+0000] {subprocess.py:106} INFO - 26/04/07 20:55:53 INFO TaskSetManager: Starting task 0.0 in stage 5.0 (TID 4) (172.30.0.6, executor 0, partition 0, PROCESS_LOCAL, 14966 bytes)
[2026-04-07T20:55:54.365+0000] {subprocess.py:106} INFO - 26/04/07 20:55:54 INFO BlockManagerInfo: Added broadcast_8_piece0 in memory on 172.30.0.6:37395 (size: 5.5 KiB, free: 434.4 MiB)
[2026-04-07T20:55:54.429+0000] {subprocess.py:106} INFO - 26/04/07 20:55:54 INFO BlockManagerInfo: Added broadcast_7_piece0 in memory on 172.30.0.6:37395 (size: 30.2 KiB, free: 434.4 MiB)
[2026-04-07T20:55:55.863+0000] {subprocess.py:106} INFO - 26/04/07 20:55:55 INFO TaskSetManager: Finished task 0.0 in stage 5.0 (TID 4) in 2001 ms on 172.30.0.6 (executor 0) (1/1)
[2026-04-07T20:55:55.864+0000] {subprocess.py:106} INFO - 26/04/07 20:55:55 INFO TaskSchedulerImpl: Removed TaskSet 5.0, whose tasks have all completed, from pool
[2026-04-07T20:55:55.865+0000] {subprocess.py:106} INFO - 26/04/07 20:55:55 INFO DAGScheduler: ResultStage 5 ($anonfun$withThreadLocalCaptured$1 at <unknown>:0) finished in 2.023 s
[2026-04-07T20:55:55.869+0000] {subprocess.py:106} INFO - 26/04/07 20:55:55 INFO DAGScheduler: Job 4 is finished. Cancelling potential speculative or zombie tasks for this job
[2026-04-07T20:55:55.869+0000] {subprocess.py:106} INFO - 26/04/07 20:55:55 INFO TaskSchedulerImpl: Killing all running tasks in stage 5: Stage finished
[2026-04-07T20:55:55.877+0000] {subprocess.py:106} INFO - 26/04/07 20:55:55 INFO DAGScheduler: Job 4 finished: $anonfun$withThreadLocalCaptured$1 at <unknown>:0, took 2.037793 s
[2026-04-07T20:55:55.937+0000] {subprocess.py:106} INFO - 26/04/07 20:55:55 INFO CodeGenerator: Code generated in 26.843332 ms
[2026-04-07T20:55:55.981+0000] {subprocess.py:106} INFO - 26/04/07 20:55:55 INFO BlockManagerInfo: Removed broadcast_8_piece0 on c05002f484b8:40463 in memory (size: 5.5 KiB, free: 434.3 MiB)
[2026-04-07T20:55:55.990+0000] {subprocess.py:106} INFO - 26/04/07 20:55:55 INFO BlockManagerInfo: Removed broadcast_8_piece0 on 172.30.0.6:37395 in memory (size: 5.5 KiB, free: 434.4 MiB)
[2026-04-07T20:55:56.041+0000] {subprocess.py:106} INFO - 26/04/07 20:55:56 INFO MemoryStore: Block broadcast_9_piece0 stored as bytes in memory (estimated size 768.6 KiB, free 433.5 MiB)
[2026-04-07T20:55:56.043+0000] {subprocess.py:106} INFO - 26/04/07 20:55:56 INFO BlockManagerInfo: Added broadcast_9_piece0 in memory on c05002f484b8:40463 (size: 768.6 KiB, free: 433.6 MiB)
[2026-04-07T20:55:56.044+0000] {subprocess.py:106} INFO - 26/04/07 20:55:56 INFO SparkContext: Created broadcast 9 from $anonfun$withThreadLocalCaptured$1 at <unknown>:0
[2026-04-07T20:55:56.055+0000] {subprocess.py:106} INFO - 26/04/07 20:55:56 INFO FileSourceStrategy: Pushed Filters:
[2026-04-07T20:55:56.055+0000] {subprocess.py:106} INFO - 26/04/07 20:55:56 INFO FileSourceStrategy: Post-Scan Filters:
[2026-04-07T20:55:56.103+0000] {subprocess.py:106} INFO - 26/04/07 20:55:56 INFO CodeGenerator: Code generated in 14.847767 ms
[2026-04-07T20:55:56.109+0000] {subprocess.py:106} INFO - 26/04/07 20:55:56 INFO MemoryStore: Block broadcast_10 stored as values in memory (estimated size 205.7 KiB, free 433.3 MiB)
[2026-04-07T20:55:56.126+0000] {subprocess.py:106} INFO - 26/04/07 20:55:56 INFO MemoryStore: Block broadcast_10_piece0 stored as bytes in memory (estimated size 36.1 KiB, free 433.3 MiB)
[2026-04-07T20:55:56.133+0000] {subprocess.py:106} INFO - 26/04/07 20:55:56 INFO BlockManagerInfo: Added broadcast_10_piece0 in memory on c05002f484b8:40463 (size: 36.1 KiB, free: 433.6 MiB)
[2026-04-07T20:55:56.134+0000] {subprocess.py:106} INFO - 26/04/07 20:55:56 INFO SparkContext: Created broadcast 10 from count at <unknown>:0
[2026-04-07T20:55:56.134+0000] {subprocess.py:106} INFO - 26/04/07 20:55:56 INFO FileSourceScanExec: Planning scan with bin packing, max size: 4194304 bytes, open cost is considered as scanning 4194304 bytes.
[2026-04-07T20:55:56.142+0000] {subprocess.py:106} INFO - 26/04/07 20:55:56 INFO DAGScheduler: Registering RDD 18 (count at <unknown>:0) as input to shuffle 1
[2026-04-07T20:55:56.142+0000] {subprocess.py:106} INFO - 26/04/07 20:55:56 INFO DAGScheduler: Got map stage job 5 (count at <unknown>:0) with 1 output partitions
[2026-04-07T20:55:56.143+0000] {subprocess.py:106} INFO - 26/04/07 20:55:56 INFO DAGScheduler: Final stage: ShuffleMapStage 6 (count at <unknown>:0)
[2026-04-07T20:55:56.143+0000] {subprocess.py:106} INFO - 26/04/07 20:55:56 INFO DAGScheduler: Parents of final stage: List()
[2026-04-07T20:55:56.145+0000] {subprocess.py:106} INFO - 26/04/07 20:55:56 INFO DAGScheduler: Missing parents: List()
[2026-04-07T20:55:56.147+0000] {subprocess.py:106} INFO - 26/04/07 20:55:56 INFO DAGScheduler: Submitting ShuffleMapStage 6 (MapPartitionsRDD[18] at count at <unknown>:0), which has no missing parents
[2026-04-07T20:55:56.152+0000] {subprocess.py:106} INFO - 26/04/07 20:55:56 INFO MemoryStore: Block broadcast_11 stored as values in memory (estimated size 20.2 KiB, free 433.3 MiB)
[2026-04-07T20:55:56.155+0000] {subprocess.py:106} INFO - 26/04/07 20:55:56 INFO MemoryStore: Block broadcast_11_piece0 stored as bytes in memory (estimated size 9.8 KiB, free 433.3 MiB)
[2026-04-07T20:55:56.157+0000] {subprocess.py:106} INFO - 26/04/07 20:55:56 INFO BlockManagerInfo: Added broadcast_11_piece0 in memory on c05002f484b8:40463 (size: 9.8 KiB, free: 433.5 MiB)
[2026-04-07T20:55:56.158+0000] {subprocess.py:106} INFO - 26/04/07 20:55:56 INFO SparkContext: Created broadcast 11 from broadcast at DAGScheduler.scala:1585
[2026-04-07T20:55:56.159+0000] {subprocess.py:106} INFO - 26/04/07 20:55:56 INFO DAGScheduler: Submitting 1 missing tasks from ShuffleMapStage 6 (MapPartitionsRDD[18] at count at <unknown>:0) (first 15 tasks are for partitions Vector(0))
[2026-04-07T20:55:56.160+0000] {subprocess.py:106} INFO - 26/04/07 20:55:56 INFO TaskSchedulerImpl: Adding task set 6.0 with 1 tasks resource profile 0
[2026-04-07T20:55:56.162+0000] {subprocess.py:106} INFO - 26/04/07 20:55:56 INFO TaskSetManager: Starting task 0.0 in stage 6.0 (TID 5) (172.30.0.6, executor 0, partition 0, PROCESS_LOCAL, 10568 bytes)
[2026-04-07T20:55:56.189+0000] {subprocess.py:106} INFO - 26/04/07 20:55:56 INFO BlockManagerInfo: Added broadcast_11_piece0 in memory on 172.30.0.6:37395 (size: 9.8 KiB, free: 434.4 MiB)
[2026-04-07T20:55:56.252+0000] {subprocess.py:106} INFO - 26/04/07 20:55:56 INFO BlockManagerInfo: Added broadcast_9_piece0 in memory on 172.30.0.6:37395 (size: 768.6 KiB, free: 433.6 MiB)
[2026-04-07T20:55:56.418+0000] {subprocess.py:106} INFO - 26/04/07 20:55:56 INFO BlockManagerInfo: Added broadcast_10_piece0 in memory on 172.30.0.6:37395 (size: 36.1 KiB, free: 433.6 MiB)
[2026-04-07T20:55:56.569+0000] {subprocess.py:106} INFO - 26/04/07 20:55:56 INFO TaskSetManager: Finished task 0.0 in stage 6.0 (TID 5) in 405 ms on 172.30.0.6 (executor 0) (1/1)
[2026-04-07T20:55:56.570+0000] {subprocess.py:106} INFO - 26/04/07 20:55:56 INFO TaskSchedulerImpl: Removed TaskSet 6.0, whose tasks have all completed, from pool
[2026-04-07T20:55:56.570+0000] {subprocess.py:106} INFO - 26/04/07 20:55:56 INFO DAGScheduler: ShuffleMapStage 6 (count at <unknown>:0) finished in 0.419 s
[2026-04-07T20:55:56.571+0000] {subprocess.py:106} INFO - 26/04/07 20:55:56 INFO DAGScheduler: looking for newly runnable stages
[2026-04-07T20:55:56.572+0000] {subprocess.py:106} INFO - 26/04/07 20:55:56 INFO DAGScheduler: running: Set()
[2026-04-07T20:55:56.572+0000] {subprocess.py:106} INFO - 26/04/07 20:55:56 INFO DAGScheduler: waiting: Set()
[2026-04-07T20:55:56.573+0000] {subprocess.py:106} INFO - 26/04/07 20:55:56 INFO DAGScheduler: failed: Set()
[2026-04-07T20:55:56.601+0000] {subprocess.py:106} INFO - 26/04/07 20:55:56 INFO CodeGenerator: Code generated in 14.114686 ms
[2026-04-07T20:55:56.615+0000] {subprocess.py:106} INFO - 26/04/07 20:55:56 INFO SparkContext: Starting job: count at <unknown>:0
[2026-04-07T20:55:56.616+0000] {subprocess.py:106} INFO - 26/04/07 20:55:56 INFO DAGScheduler: Got job 6 (count at <unknown>:0) with 1 output partitions
[2026-04-07T20:55:56.617+0000] {subprocess.py:106} INFO - 26/04/07 20:55:56 INFO DAGScheduler: Final stage: ResultStage 8 (count at <unknown>:0)
[2026-04-07T20:55:56.618+0000] {subprocess.py:106} INFO - 26/04/07 20:55:56 INFO DAGScheduler: Parents of final stage: List(ShuffleMapStage 7)
[2026-04-07T20:55:56.618+0000] {subprocess.py:106} INFO - 26/04/07 20:55:56 INFO DAGScheduler: Missing parents: List()
[2026-04-07T20:55:56.619+0000] {subprocess.py:106} INFO - 26/04/07 20:55:56 INFO DAGScheduler: Submitting ResultStage 8 (MapPartitionsRDD[21] at count at <unknown>:0), which has no missing parents
[2026-04-07T20:55:56.622+0000] {subprocess.py:106} INFO - 26/04/07 20:55:56 INFO MemoryStore: Block broadcast_12 stored as values in memory (estimated size 12.5 KiB, free 433.3 MiB)
[2026-04-07T20:55:56.634+0000] {subprocess.py:106} INFO - 26/04/07 20:55:56 INFO MemoryStore: Block broadcast_12_piece0 stored as bytes in memory (estimated size 5.9 KiB, free 433.2 MiB)
[2026-04-07T20:55:56.641+0000] {subprocess.py:106} INFO - 26/04/07 20:55:56 INFO BlockManagerInfo: Added broadcast_12_piece0 in memory on c05002f484b8:40463 (size: 5.9 KiB, free: 433.5 MiB)
[2026-04-07T20:55:56.643+0000] {subprocess.py:106} INFO - 26/04/07 20:55:56 INFO BlockManagerInfo: Removed broadcast_11_piece0 on c05002f484b8:40463 in memory (size: 9.8 KiB, free: 433.5 MiB)
[2026-04-07T20:55:56.645+0000] {subprocess.py:106} INFO - 26/04/07 20:55:56 INFO SparkContext: Created broadcast 12 from broadcast at DAGScheduler.scala:1585
[2026-04-07T20:55:56.646+0000] {subprocess.py:106} INFO - 26/04/07 20:55:56 INFO DAGScheduler: Submitting 1 missing tasks from ResultStage 8 (MapPartitionsRDD[21] at count at <unknown>:0) (first 15 tasks are for partitions Vector(0))
[2026-04-07T20:55:56.646+0000] {subprocess.py:106} INFO - 26/04/07 20:55:56 INFO TaskSchedulerImpl: Adding task set 8.0 with 1 tasks resource profile 0
[2026-04-07T20:55:56.647+0000] {subprocess.py:106} INFO - 26/04/07 20:55:56 INFO BlockManagerInfo: Removed broadcast_11_piece0 on 172.30.0.6:37395 in memory (size: 9.8 KiB, free: 433.6 MiB)
[2026-04-07T20:55:56.647+0000] {subprocess.py:106} INFO - 26/04/07 20:55:56 INFO TaskSetManager: Starting task 0.0 in stage 8.0 (TID 6) (172.30.0.6, executor 0, partition 0, NODE_LOCAL, 9976 bytes)
[2026-04-07T20:55:56.667+0000] {subprocess.py:106} INFO - 26/04/07 20:55:56 INFO BlockManagerInfo: Added broadcast_12_piece0 in memory on 172.30.0.6:37395 (size: 5.9 KiB, free: 433.6 MiB)
[2026-04-07T20:55:56.675+0000] {subprocess.py:106} INFO - 26/04/07 20:55:56 INFO MapOutputTrackerMasterEndpoint: Asked to send map output locations for shuffle 1 to 172.30.0.6:40330
[2026-04-07T20:55:56.725+0000] {subprocess.py:106} INFO - 26/04/07 20:55:56 INFO TaskSetManager: Finished task 0.0 in stage 8.0 (TID 6) in 78 ms on 172.30.0.6 (executor 0) (1/1)
[2026-04-07T20:55:56.727+0000] {subprocess.py:106} INFO - 26/04/07 20:55:56 INFO TaskSchedulerImpl: Removed TaskSet 8.0, whose tasks have all completed, from pool
[2026-04-07T20:55:56.730+0000] {subprocess.py:106} INFO - 26/04/07 20:55:56 INFO DAGScheduler: ResultStage 8 (count at <unknown>:0) finished in 0.104 s
[2026-04-07T20:55:56.731+0000] {subprocess.py:106} INFO - 26/04/07 20:55:56 INFO DAGScheduler: Job 6 is finished. Cancelling potential speculative or zombie tasks for this job
[2026-04-07T20:55:56.732+0000] {subprocess.py:106} INFO - 26/04/07 20:55:56 INFO TaskSchedulerImpl: Killing all running tasks in stage 8: Stage finished
[2026-04-07T20:55:56.733+0000] {subprocess.py:106} INFO - 26/04/07 20:55:56 INFO DAGScheduler: Job 6 finished: count at <unknown>:0, took 0.110052 s
[2026-04-07T20:55:56.734+0000] {subprocess.py:106} INFO -  New records to append: 554
[2026-04-07T20:55:56.818+0000] {subprocess.py:106} INFO - 26/04/07 20:55:56 INFO V2ScanRelationPushDown:
[2026-04-07T20:55:56.819+0000] {subprocess.py:106} INFO - Pushing operators to iceberg.bronze.it_jobs_raw
[2026-04-07T20:55:56.820+0000] {subprocess.py:106} INFO - Pushed Filters: job_link IS NOT NULL
[2026-04-07T20:55:56.820+0000] {subprocess.py:106} INFO - Post-Scan Filters: isnotnull(job_link#79)
[2026-04-07T20:55:56.821+0000] {subprocess.py:106} INFO - 
[2026-04-07T20:55:56.821+0000] {subprocess.py:106} INFO - 26/04/07 20:55:56 INFO V2ScanRelationPushDown:
[2026-04-07T20:55:56.822+0000] {subprocess.py:106} INFO - Output: job_link#79
[2026-04-07T20:55:56.822+0000] {subprocess.py:106} INFO - 
[2026-04-07T20:55:56.823+0000] {subprocess.py:106} INFO - 26/04/07 20:55:56 INFO SnapshotScan: Scanning table iceberg.bronze.it_jobs_raw snapshot 262778356008947381 created at 2026-04-07T20:15:37.916+00:00 with filter job_link IS NOT NULL
[2026-04-07T20:55:56.824+0000] {subprocess.py:106} INFO - 26/04/07 20:55:56 INFO BaseDistributedDataScan: Planning file tasks locally for table iceberg.bronze.it_jobs_raw
[2026-04-07T20:55:56.854+0000] {subprocess.py:106} INFO - 26/04/07 20:55:56 INFO SparkPartitioningAwareScan: Reporting UnknownPartitioning with 1 partition(s) for table iceberg.bronze.it_jobs_raw
[2026-04-07T20:55:56.890+0000] {subprocess.py:106} INFO - 26/04/07 20:55:56 INFO SparkWrite: Requesting 0 bytes advisory partition size for table iceberg.bronze.it_jobs_raw
[2026-04-07T20:55:56.891+0000] {subprocess.py:106} INFO - 26/04/07 20:55:56 INFO SparkWrite: Requesting UnspecifiedDistribution as write distribution for table iceberg.bronze.it_jobs_raw
[2026-04-07T20:55:56.892+0000] {subprocess.py:106} INFO - 26/04/07 20:55:56 INFO SparkWrite: Requesting [] as write ordering for table iceberg.bronze.it_jobs_raw
[2026-04-07T20:55:56.909+0000] {subprocess.py:106} INFO - 26/04/07 20:55:56 INFO FileSourceStrategy: Pushed Filters:
[2026-04-07T20:55:56.910+0000] {subprocess.py:106} INFO - 26/04/07 20:55:56 INFO FileSourceStrategy: Post-Scan Filters:
[2026-04-07T20:55:56.913+0000] {subprocess.py:106} INFO - 26/04/07 20:55:56 INFO MemoryStore: Block broadcast_13 stored as values in memory (estimated size 32.0 KiB, free 433.2 MiB)
[2026-04-07T20:55:56.926+0000] {subprocess.py:106} INFO - 26/04/07 20:55:56 INFO MemoryStore: Block broadcast_13_piece0 stored as bytes in memory (estimated size 30.2 KiB, free 433.2 MiB)
[2026-04-07T20:55:56.933+0000] {subprocess.py:106} INFO - 26/04/07 20:55:56 INFO BlockManagerInfo: Added broadcast_13_piece0 in memory on c05002f484b8:40463 (size: 30.2 KiB, free: 433.5 MiB)
[2026-04-07T20:55:56.935+0000] {subprocess.py:106} INFO - 26/04/07 20:55:56 INFO BlockManagerInfo: Removed broadcast_12_piece0 on c05002f484b8:40463 in memory (size: 5.9 KiB, free: 433.5 MiB)
[2026-04-07T20:55:56.935+0000] {subprocess.py:106} INFO - 26/04/07 20:55:56 INFO SparkContext: Created broadcast 13 from broadcast at SparkBatch.java:79
[2026-04-07T20:55:56.936+0000] {subprocess.py:106} INFO - 26/04/07 20:55:56 INFO BlockManagerInfo: Removed broadcast_12_piece0 on 172.30.0.6:37395 in memory (size: 5.9 KiB, free: 433.6 MiB)
[2026-04-07T20:55:56.942+0000] {subprocess.py:106} INFO - 26/04/07 20:55:56 INFO MemoryStore: Block broadcast_14 stored as values in memory (estimated size 32.0 KiB, free 433.2 MiB)
[2026-04-07T20:55:56.947+0000] {subprocess.py:106} INFO - 26/04/07 20:55:56 INFO MemoryStore: Block broadcast_14_piece0 stored as bytes in memory (estimated size 30.2 KiB, free 433.2 MiB)
[2026-04-07T20:55:56.948+0000] {subprocess.py:106} INFO - 26/04/07 20:55:56 INFO BlockManagerInfo: Added broadcast_14_piece0 in memory on c05002f484b8:40463 (size: 30.2 KiB, free: 433.5 MiB)
[2026-04-07T20:55:56.948+0000] {subprocess.py:106} INFO - 26/04/07 20:55:56 INFO SparkContext: Created broadcast 14 from broadcast at SparkBatch.java:79
[2026-04-07T20:55:57.024+0000] {subprocess.py:106} INFO - 26/04/07 20:55:57 INFO SparkContext: Starting job: $anonfun$withThreadLocalCaptured$1 at <unknown>:0
[2026-04-07T20:55:57.025+0000] {subprocess.py:106} INFO - 26/04/07 20:55:57 INFO DAGScheduler: Got job 7 ($anonfun$withThreadLocalCaptured$1 at <unknown>:0) with 1 output partitions
[2026-04-07T20:55:57.026+0000] {subprocess.py:106} INFO - 26/04/07 20:55:57 INFO DAGScheduler: Final stage: ResultStage 9 ($anonfun$withThreadLocalCaptured$1 at <unknown>:0)
[2026-04-07T20:55:57.028+0000] {subprocess.py:106} INFO - 26/04/07 20:55:57 INFO DAGScheduler: Parents of final stage: List()
[2026-04-07T20:55:57.029+0000] {subprocess.py:106} INFO - 26/04/07 20:55:57 INFO DAGScheduler: Missing parents: List()
[2026-04-07T20:55:57.029+0000] {subprocess.py:106} INFO - 26/04/07 20:55:57 INFO DAGScheduler: Submitting ResultStage 9 (MapPartitionsRDD[25] at $anonfun$withThreadLocalCaptured$1 at <unknown>:0), which has no missing parents
[2026-04-07T20:55:57.032+0000] {subprocess.py:106} INFO - 26/04/07 20:55:57 INFO MemoryStore: Block broadcast_15 stored as values in memory (estimated size 13.7 KiB, free 433.2 MiB)
[2026-04-07T20:55:57.040+0000] {subprocess.py:106} INFO - 26/04/07 20:55:57 INFO MemoryStore: Block broadcast_15_piece0 stored as bytes in memory (estimated size 5.5 KiB, free 433.2 MiB)
[2026-04-07T20:55:57.041+0000] {subprocess.py:106} INFO - 26/04/07 20:55:57 INFO BlockManagerInfo: Added broadcast_15_piece0 in memory on c05002f484b8:40463 (size: 5.5 KiB, free: 433.5 MiB)
[2026-04-07T20:55:57.042+0000] {subprocess.py:106} INFO - 26/04/07 20:55:57 INFO SparkContext: Created broadcast 15 from broadcast at DAGScheduler.scala:1585
[2026-04-07T20:55:57.044+0000] {subprocess.py:106} INFO - 26/04/07 20:55:57 INFO DAGScheduler: Submitting 1 missing tasks from ResultStage 9 (MapPartitionsRDD[25] at $anonfun$withThreadLocalCaptured$1 at <unknown>:0) (first 15 tasks are for partitions Vector(0))
[2026-04-07T20:55:57.045+0000] {subprocess.py:106} INFO - 26/04/07 20:55:57 INFO TaskSchedulerImpl: Adding task set 9.0 with 1 tasks resource profile 0
[2026-04-07T20:55:57.047+0000] {subprocess.py:106} INFO - 26/04/07 20:55:57 INFO TaskSetManager: Starting task 0.0 in stage 9.0 (TID 7) (172.30.0.6, executor 0, partition 0, PROCESS_LOCAL, 14966 bytes)
[2026-04-07T20:55:57.065+0000] {subprocess.py:106} INFO - 26/04/07 20:55:57 INFO BlockManagerInfo: Added broadcast_15_piece0 in memory on 172.30.0.6:37395 (size: 5.5 KiB, free: 433.6 MiB)
[2026-04-07T20:55:57.093+0000] {subprocess.py:106} INFO - 26/04/07 20:55:57 INFO BlockManagerInfo: Added broadcast_14_piece0 in memory on 172.30.0.6:37395 (size: 30.2 KiB, free: 433.5 MiB)
[2026-04-07T20:55:57.101+0000] {subprocess.py:106} INFO - 26/04/07 20:55:57 INFO BlockManagerInfo: Removed broadcast_6_piece0 on c05002f484b8:40463 in memory (size: 30.2 KiB, free: 433.5 MiB)
[2026-04-07T20:55:57.261+0000] {subprocess.py:106} INFO - 26/04/07 20:55:57 INFO TaskSetManager: Finished task 0.0 in stage 9.0 (TID 7) in 209 ms on 172.30.0.6 (executor 0) (1/1)
[2026-04-07T20:55:57.262+0000] {subprocess.py:106} INFO - 26/04/07 20:55:57 INFO TaskSchedulerImpl: Removed TaskSet 9.0, whose tasks have all completed, from pool
[2026-04-07T20:55:57.265+0000] {subprocess.py:106} INFO - 26/04/07 20:55:57 INFO DAGScheduler: ResultStage 9 ($anonfun$withThreadLocalCaptured$1 at <unknown>:0) finished in 0.226 s
[2026-04-07T20:55:57.266+0000] {subprocess.py:106} INFO - 26/04/07 20:55:57 INFO DAGScheduler: Job 7 is finished. Cancelling potential speculative or zombie tasks for this job
[2026-04-07T20:55:57.267+0000] {subprocess.py:106} INFO - 26/04/07 20:55:57 INFO TaskSchedulerImpl: Killing all running tasks in stage 9: Stage finished
[2026-04-07T20:55:57.267+0000] {subprocess.py:106} INFO - 26/04/07 20:55:57 INFO DAGScheduler: Job 7 finished: $anonfun$withThreadLocalCaptured$1 at <unknown>:0, took 0.233678 s
[2026-04-07T20:55:57.307+0000] {subprocess.py:106} INFO - 26/04/07 20:55:57 INFO BlockManagerInfo: Removed broadcast_9_piece0 on c05002f484b8:40463 in memory (size: 768.6 KiB, free: 434.3 MiB)
[2026-04-07T20:55:57.314+0000] {subprocess.py:106} INFO - 26/04/07 20:55:57 INFO BlockManagerInfo: Removed broadcast_9_piece0 on 172.30.0.6:37395 in memory (size: 768.6 KiB, free: 434.3 MiB)
[2026-04-07T20:55:57.320+0000] {subprocess.py:106} INFO - 26/04/07 20:55:57 INFO MemoryStore: Block broadcast_16_piece0 stored as bytes in memory (estimated size 768.6 KiB, free 433.2 MiB)
[2026-04-07T20:55:57.321+0000] {subprocess.py:106} INFO - 26/04/07 20:55:57 INFO BlockManagerInfo: Added broadcast_16_piece0 in memory on c05002f484b8:40463 (size: 768.6 KiB, free: 433.5 MiB)
[2026-04-07T20:55:57.322+0000] {subprocess.py:106} INFO - 26/04/07 20:55:57 INFO SparkContext: Created broadcast 16 from $anonfun$withThreadLocalCaptured$1 at <unknown>:0
[2026-04-07T20:55:57.330+0000] {subprocess.py:106} INFO - 26/04/07 20:55:57 INFO FileSourceStrategy: Pushed Filters:
[2026-04-07T20:55:57.331+0000] {subprocess.py:106} INFO - 26/04/07 20:55:57 INFO FileSourceStrategy: Post-Scan Filters:
[2026-04-07T20:55:57.332+0000] {subprocess.py:106} INFO - 26/04/07 20:55:57 INFO BlockManagerInfo: Removed broadcast_7_piece0 on c05002f484b8:40463 in memory (size: 30.2 KiB, free: 433.5 MiB)
[2026-04-07T20:55:57.335+0000] {subprocess.py:106} INFO - 26/04/07 20:55:57 INFO BlockManagerInfo: Removed broadcast_7_piece0 on 172.30.0.6:37395 in memory (size: 30.2 KiB, free: 434.3 MiB)
[2026-04-07T20:55:57.392+0000] {subprocess.py:106} INFO - 26/04/07 20:55:57 INFO CodeGenerator: Code generated in 39.393871 ms
[2026-04-07T20:55:57.397+0000] {subprocess.py:106} INFO - 26/04/07 20:55:57 INFO MemoryStore: Block broadcast_17 stored as values in memory (estimated size 205.7 KiB, free 433.1 MiB)
[2026-04-07T20:55:57.410+0000] {subprocess.py:106} INFO - 26/04/07 20:55:57 INFO BlockManagerInfo: Removed broadcast_15_piece0 on c05002f484b8:40463 in memory (size: 5.5 KiB, free: 433.6 MiB)
[2026-04-07T20:55:57.413+0000] {subprocess.py:106} INFO - 26/04/07 20:55:57 INFO BlockManagerInfo: Removed broadcast_15_piece0 on 172.30.0.6:37395 in memory (size: 5.5 KiB, free: 434.3 MiB)
[2026-04-07T20:55:57.420+0000] {subprocess.py:106} INFO - 26/04/07 20:55:57 INFO MemoryStore: Block broadcast_17_piece0 stored as bytes in memory (estimated size 36.1 KiB, free 433.1 MiB)
[2026-04-07T20:55:57.421+0000] {subprocess.py:106} INFO - 26/04/07 20:55:57 INFO BlockManagerInfo: Added broadcast_17_piece0 in memory on c05002f484b8:40463 (size: 36.1 KiB, free: 433.5 MiB)
[2026-04-07T20:55:57.422+0000] {subprocess.py:106} INFO - 26/04/07 20:55:57 INFO SparkContext: Created broadcast 17 from append at <unknown>:0
[2026-04-07T20:55:57.424+0000] {subprocess.py:106} INFO - 26/04/07 20:55:57 INFO FileSourceScanExec: Planning scan with bin packing, max size: 4194304 bytes, open cost is considered as scanning 4194304 bytes.
[2026-04-07T20:55:57.437+0000] {subprocess.py:106} INFO - 26/04/07 20:55:57 INFO MemoryStore: Block broadcast_18 stored as values in memory (estimated size 32.0 KiB, free 433.0 MiB)
[2026-04-07T20:55:57.440+0000] {subprocess.py:106} INFO - 26/04/07 20:55:57 INFO MemoryStore: Block broadcast_18_piece0 stored as bytes in memory (estimated size 30.2 KiB, free 433.0 MiB)
[2026-04-07T20:55:57.441+0000] {subprocess.py:106} INFO - 26/04/07 20:55:57 INFO BlockManagerInfo: Added broadcast_18_piece0 in memory on c05002f484b8:40463 (size: 30.2 KiB, free: 433.5 MiB)
[2026-04-07T20:55:57.442+0000] {subprocess.py:106} INFO - 26/04/07 20:55:57 INFO SparkContext: Created broadcast 18 from broadcast at SparkWrite.java:193
[2026-04-07T20:55:57.457+0000] {subprocess.py:106} INFO - 26/04/07 20:55:57 INFO AppendDataExec: Start processing data source write support: IcebergBatchWrite(table=iceberg.bronze.it_jobs_raw, format=PARQUET). The input RDD has 1 partitions.
[2026-04-07T20:55:57.471+0000] {subprocess.py:106} INFO - 26/04/07 20:55:57 INFO SparkContext: Starting job: append at <unknown>:0
[2026-04-07T20:55:57.473+0000] {subprocess.py:106} INFO - 26/04/07 20:55:57 INFO DAGScheduler: Got job 8 (append at <unknown>:0) with 1 output partitions
[2026-04-07T20:55:57.473+0000] {subprocess.py:106} INFO - 26/04/07 20:55:57 INFO DAGScheduler: Final stage: ResultStage 10 (append at <unknown>:0)
[2026-04-07T20:55:57.474+0000] {subprocess.py:106} INFO - 26/04/07 20:55:57 INFO DAGScheduler: Parents of final stage: List()
[2026-04-07T20:55:57.478+0000] {subprocess.py:106} INFO - 26/04/07 20:55:57 INFO DAGScheduler: Missing parents: List()
[2026-04-07T20:55:57.481+0000] {subprocess.py:106} INFO - 26/04/07 20:55:57 INFO DAGScheduler: Submitting ResultStage 10 (MapPartitionsRDD[28] at append at <unknown>:0), which has no missing parents
[2026-04-07T20:55:57.485+0000] {subprocess.py:106} INFO - 26/04/07 20:55:57 INFO MemoryStore: Block broadcast_19 stored as values in memory (estimated size 22.5 KiB, free 433.0 MiB)
[2026-04-07T20:55:57.500+0000] {subprocess.py:106} INFO - 26/04/07 20:55:57 INFO MemoryStore: Block broadcast_19_piece0 stored as bytes in memory (estimated size 10.1 KiB, free 433.0 MiB)
[2026-04-07T20:55:57.501+0000] {subprocess.py:106} INFO - 26/04/07 20:55:57 INFO BlockManagerInfo: Added broadcast_19_piece0 in memory on c05002f484b8:40463 (size: 10.1 KiB, free: 433.5 MiB)
[2026-04-07T20:55:57.502+0000] {subprocess.py:106} INFO - 26/04/07 20:55:57 INFO SparkContext: Created broadcast 19 from broadcast at DAGScheduler.scala:1585
[2026-04-07T20:55:57.504+0000] {subprocess.py:106} INFO - 26/04/07 20:55:57 INFO DAGScheduler: Submitting 1 missing tasks from ResultStage 10 (MapPartitionsRDD[28] at append at <unknown>:0) (first 15 tasks are for partitions Vector(0))
[2026-04-07T20:55:57.506+0000] {subprocess.py:106} INFO - 26/04/07 20:55:57 INFO TaskSchedulerImpl: Adding task set 10.0 with 1 tasks resource profile 0
[2026-04-07T20:55:57.508+0000] {subprocess.py:106} INFO - 26/04/07 20:55:57 INFO TaskSetManager: Starting task 0.0 in stage 10.0 (TID 8) (172.30.0.6, executor 0, partition 0, PROCESS_LOCAL, 10579 bytes)
[2026-04-07T20:55:57.541+0000] {subprocess.py:106} INFO - 26/04/07 20:55:57 INFO BlockManagerInfo: Added broadcast_19_piece0 in memory on 172.30.0.6:37395 (size: 10.1 KiB, free: 434.3 MiB)
[2026-04-07T20:55:57.639+0000] {subprocess.py:106} INFO - 26/04/07 20:55:57 INFO BlockManagerInfo: Added broadcast_16_piece0 in memory on 172.30.0.6:37395 (size: 768.6 KiB, free: 433.6 MiB)
[2026-04-07T20:55:57.746+0000] {subprocess.py:106} INFO - 26/04/07 20:55:57 INFO BlockManagerInfo: Added broadcast_18_piece0 in memory on 172.30.0.6:37395 (size: 30.2 KiB, free: 433.5 MiB)
[2026-04-07T20:55:58.040+0000] {subprocess.py:106} INFO - 26/04/07 20:55:58 INFO BlockManagerInfo: Added broadcast_17_piece0 in memory on 172.30.0.6:37395 (size: 36.1 KiB, free: 433.5 MiB)
[2026-04-07T20:55:58.768+0000] {subprocess.py:106} INFO - 26/04/07 20:55:58 INFO TaskSetManager: Finished task 0.0 in stage 10.0 (TID 8) in 1261 ms on 172.30.0.6 (executor 0) (1/1)
[2026-04-07T20:55:58.770+0000] {subprocess.py:106} INFO - 26/04/07 20:55:58 INFO TaskSchedulerImpl: Removed TaskSet 10.0, whose tasks have all completed, from pool
[2026-04-07T20:55:58.771+0000] {subprocess.py:106} INFO - 26/04/07 20:55:58 INFO DAGScheduler: ResultStage 10 (append at <unknown>:0) finished in 1.287 s
[2026-04-07T20:55:58.772+0000] {subprocess.py:106} INFO - 26/04/07 20:55:58 INFO DAGScheduler: Job 8 is finished. Cancelling potential speculative or zombie tasks for this job
[2026-04-07T20:55:58.772+0000] {subprocess.py:106} INFO - 26/04/07 20:55:58 INFO TaskSchedulerImpl: Killing all running tasks in stage 10: Stage finished
[2026-04-07T20:55:58.773+0000] {subprocess.py:106} INFO - 26/04/07 20:55:58 INFO DAGScheduler: Job 8 finished: append at <unknown>:0, took 1.298577 s
[2026-04-07T20:55:58.773+0000] {subprocess.py:106} INFO - 26/04/07 20:55:58 INFO AppendDataExec: Data source write support IcebergBatchWrite(table=iceberg.bronze.it_jobs_raw, format=PARQUET) is committing.
[2026-04-07T20:55:58.800+0000] {subprocess.py:106} INFO - 26/04/07 20:55:58 INFO SparkWrite: Committing append with 1 new data files to table iceberg.bronze.it_jobs_raw
[2026-04-07T20:55:59.258+0000] {subprocess.py:106} INFO - 26/04/07 20:55:59 INFO BlockManagerInfo: Removed broadcast_19_piece0 on c05002f484b8:40463 in memory (size: 10.1 KiB, free: 433.5 MiB)
[2026-04-07T20:55:59.262+0000] {subprocess.py:106} INFO - 26/04/07 20:55:59 INFO BlockManagerInfo: Removed broadcast_19_piece0 on 172.30.0.6:37395 in memory (size: 10.1 KiB, free: 433.5 MiB)
[2026-04-07T20:55:53.046+0000] {subprocess.py:106} INFO - 26/04/07 20:55:53 INFO HiveTableOperations: Committed to table iceberg.bronze.it_jobs_raw with the new metadata location s3a://warehouse/iceberg_data/bronze.db/it_jobs_raw/metadata/00001-3e086acf-cbd6-46e7-9322-aa3b77f225ae.metadata.json
[2026-04-07T20:55:53.047+0000] {subprocess.py:106} INFO - 26/04/07 20:55:53 INFO BaseMetastoreTableOperations: Successfully committed to table iceberg.bronze.it_jobs_raw in -6361 ms
[2026-04-07T20:55:53.048+0000] {subprocess.py:106} INFO - 26/04/07 20:55:53 INFO SnapshotProducer: Committed snapshot 5674313019908416654 (MergeAppend)
[2026-04-07T20:55:53.068+0000] {subprocess.py:106} INFO - 26/04/07 20:55:53 INFO BaseMetastoreTableOperations: Refreshing table metadata from new version: s3a://warehouse/iceberg_data/bronze.db/it_jobs_raw/metadata/00001-3e086acf-cbd6-46e7-9322-aa3b77f225ae.metadata.json
[2026-04-07T20:55:53.137+0000] {subprocess.py:106} INFO - 26/04/07 20:55:53 INFO LoggingMetricsReporter: Received metrics report: CommitReport{tableName=iceberg.bronze.it_jobs_raw, snapshotId=5674313019908416654, sequenceNumber=2, operation=append, commitMetrics=CommitMetricsResult{totalDuration=TimerResult{timeUnit=NANOSECONDS, totalDuration=PT1.172536296S, count=1}, attempts=CounterResult{unit=COUNT, value=1}, addedDataFiles=CounterResult{unit=COUNT, value=1}, removedDataFiles=null, totalDataFiles=CounterResult{unit=COUNT, value=2}, addedDeleteFiles=null, addedEqualityDeleteFiles=null, addedPositionalDeleteFiles=null, removedDeleteFiles=null, removedEqualityDeleteFiles=null, removedPositionalDeleteFiles=null, totalDeleteFiles=CounterResult{unit=COUNT, value=0}, addedRecords=CounterResult{unit=COUNT, value=554}, removedRecords=null, totalRecords=CounterResult{unit=COUNT, value=13504}, addedFilesSizeInBytes=CounterResult{unit=BYTES, value=41228}, removedFilesSizeInBytes=null, totalFilesSizeInBytes=CounterResult{unit=BYTES, value=487095}, addedPositionalDeletes=null, removedPositionalDeletes=null, totalPositionalDeletes=CounterResult{unit=COUNT, value=0}, addedEqualityDeletes=null, removedEqualityDeletes=null, totalEqualityDeletes=CounterResult{unit=COUNT, value=0}}, metadata={engine-version=3.5.3, app-id=app-20260407205532-0000, engine-name=spark, iceberg-version=Apache Iceberg 1.6.1 (commit 8e9d59d299be42b0bca9461457cd1e95dbaad086)}}
[2026-04-07T20:55:53.138+0000] {subprocess.py:106} INFO - 26/04/07 20:55:53 INFO SparkWrite: Committed in -5665 ms
[2026-04-07T20:55:53.138+0000] {subprocess.py:106} INFO - 26/04/07 20:55:53 INFO AppendDataExec: Data source write support IcebergBatchWrite(table=iceberg.bronze.it_jobs_raw, format=PARQUET) committed.
[2026-04-07T20:55:53.140+0000] {subprocess.py:106} INFO - Append success.
[2026-04-07T20:55:53.141+0000] {subprocess.py:106} INFO - Process finished. Data available at: iceberg.bronze.it_jobs_raw
[2026-04-07T20:55:53.142+0000] {subprocess.py:106} INFO - 26/04/07 20:55:53 INFO SparkContext: SparkContext is stopping with exitCode 0.
[2026-04-07T20:56:02.743+0000] {subprocess.py:106} INFO - 26/04/07 20:55:53 INFO SparkUI: Stopped Spark web UI at http://c05002f484b8:4040
[2026-04-07T20:56:02.748+0000] {subprocess.py:106} INFO - 26/04/07 20:56:02 INFO StandaloneSchedulerBackend: Shutting down all executors
[2026-04-07T20:56:02.749+0000] {subprocess.py:106} INFO - 26/04/07 20:56:02 INFO StandaloneSchedulerBackend$StandaloneDriverEndpoint: Asking each executor to shut down
[2026-04-07T20:56:02.773+0000] {subprocess.py:106} INFO - 26/04/07 20:56:02 INFO MapOutputTrackerMasterEndpoint: MapOutputTrackerMasterEndpoint stopped!
[2026-04-07T20:56:02.797+0000] {subprocess.py:106} INFO - 26/04/07 20:56:02 INFO MemoryStore: MemoryStore cleared
[2026-04-07T20:56:02.799+0000] {subprocess.py:106} INFO - 26/04/07 20:56:02 INFO BlockManager: BlockManager stopped
[2026-04-07T20:56:02.809+0000] {subprocess.py:106} INFO - 26/04/07 20:56:02 INFO BlockManagerMaster: BlockManagerMaster stopped
[2026-04-07T20:56:02.817+0000] {subprocess.py:106} INFO - 26/04/07 20:56:02 INFO OutputCommitCoordinator$OutputCommitCoordinatorEndpoint: OutputCommitCoordinator stopped!
[2026-04-07T20:56:02.920+0000] {subprocess.py:106} INFO - 26/04/07 20:56:02 INFO SparkContext: Successfully stopped SparkContext
[2026-04-07T20:56:03.120+0000] {subprocess.py:106} INFO - 26/04/07 20:56:03 INFO ShutdownHookManager: Shutdown hook called
[2026-04-07T20:56:03.120+0000] {subprocess.py:106} INFO - 26/04/07 20:56:03 INFO ShutdownHookManager: Deleting directory /tmp/spark-9957a442-9cd6-43d5-8d81-1db8f0800e65
[2026-04-07T20:56:03.125+0000] {subprocess.py:106} INFO - 26/04/07 20:56:03 INFO ShutdownHookManager: Deleting directory /tmp/spark-9957a442-9cd6-43d5-8d81-1db8f0800e65/pyspark-783d03c8-1351-4b75-9c6e-82207187438f
[2026-04-07T20:56:03.129+0000] {subprocess.py:106} INFO - 26/04/07 20:56:03 INFO ShutdownHookManager: Deleting directory /tmp/spark-55303f59-d011-4a81-8fda-8415cf36783d
[2026-04-07T20:56:03.137+0000] {subprocess.py:106} INFO - 26/04/07 20:56:03 INFO MetricsSystemImpl: Stopping s3a-file-system metrics system...
[2026-04-07T20:56:03.138+0000] {subprocess.py:106} INFO - 26/04/07 20:56:03 INFO MetricsSystemImpl: s3a-file-system metrics system stopped.
[2026-04-07T20:56:03.138+0000] {subprocess.py:106} INFO - 26/04/07 20:56:03 INFO MetricsSystemImpl: s3a-file-system metrics system shutdown complete.
[2026-04-07T20:56:03.251+0000] {subprocess.py:110} INFO - Command exited with return code 0
[2026-04-07T20:56:03.320+0000] {taskinstance.py:341} INFO - ::group::Post task execution logs
[2026-04-07T20:56:03.321+0000] {taskinstance.py:353} INFO - Marking task as SUCCESS. dag_id=crawl_etl_itjob, task_id=load_bronze, run_id=scheduled__2026-04-06T02:00:00+00:00, execution_date=20260406T020000, start_date=20260407T205504, end_date=20260407T205603
[2026-04-07T20:56:03.422+0000] {local_task_job_runner.py:266} INFO - Task exited with return code 0
[2026-04-07T20:56:03.503+0000] {taskinstance.py:3901} INFO - 1 downstream tasks scheduled from follow-on schedule check
[2026-04-07T20:56:03.506+0000] {local_task_job_runner.py:245} INFO - ::endgroup::
