[2026-05-01T06:32:09.074+0000] {local_task_job_runner.py:123} INFO - ::group::Pre task execution logs
[2026-05-01T06:32:09.100+0000] {taskinstance.py:2614} INFO - Dependencies all met for dep_context=non-requeueable deps ti=<TaskInstance: crawl_etl_itjob.crawl_data scheduled__2026-04-27T02:00:00+00:00 [queued]>
[2026-05-01T06:32:09.107+0000] {taskinstance.py:2614} INFO - Dependencies all met for dep_context=requeueable deps ti=<TaskInstance: crawl_etl_itjob.crawl_data scheduled__2026-04-27T02:00:00+00:00 [queued]>
[2026-05-01T06:32:09.108+0000] {taskinstance.py:2867} INFO - Starting attempt 3 of 4
[2026-05-01T06:32:09.123+0000] {taskinstance.py:2890} INFO - Executing <Task(BashOperator): crawl_data> on 2026-04-27 02:00:00+00:00
[2026-05-01T06:32:09.129+0000] {standard_task_runner.py:72} INFO - Started process 69 to run task
[2026-05-01T06:32:09.132+0000] {standard_task_runner.py:104} INFO - Running: ['***', 'tasks', 'run', 'crawl_etl_itjob', 'crawl_data', 'scheduled__2026-04-27T02:00:00+00:00', '--job-id', '158', '--raw', '--subdir', 'DAGS_FOLDER/Crawl_ETL_ITJob.py', '--cfg-path', '/tmp/tmp73x5oi5t']
[2026-05-01T06:32:09.134+0000] {standard_task_runner.py:105} INFO - Job 158: Subtask crawl_data
[2026-05-01T06:32:09.159+0000] {warnings.py:109} WARNING - /home/***/.local/lib/python3.8/site-packages/***/settings.py:209: DeprecationWarning: The sql_alchemy_conn option in [core] has been moved to the sql_alchemy_conn option in [database] - the old setting has been used, but please update your config.
  SQL_ALCHEMY_CONN = conf.get("database", "SQL_ALCHEMY_CONN")

[2026-05-01T06:32:09.219+0000] {task_command.py:467} INFO - Running <TaskInstance: crawl_etl_itjob.crawl_data scheduled__2026-04-27T02:00:00+00:00 [running]> on host 64b3786bead1
[2026-05-01T06:32:09.220+0000] {warnings.py:109} WARNING - /home/***/.local/lib/python3.8/site-packages/***/settings.py:470: DeprecationWarning: The sql_alchemy_conn option in [core] has been moved to the sql_alchemy_conn option in [database] - the old setting has been used, but please update your config.
  if conf.get("database", "sql_alchemy_conn") == "none://":

[2026-05-01T06:32:09.326+0000] {taskinstance.py:3134} INFO - Exporting env vars: AIRFLOW_CTX_DAG_EMAIL='hoa856856@gmail.com' AIRFLOW_CTX_DAG_OWNER='***' AIRFLOW_CTX_DAG_ID='crawl_etl_itjob' AIRFLOW_CTX_TASK_ID='crawl_data' AIRFLOW_CTX_EXECUTION_DATE='2026-04-27T02:00:00+00:00' AIRFLOW_CTX_TRY_NUMBER='3' AIRFLOW_CTX_DAG_RUN_ID='scheduled__2026-04-27T02:00:00+00:00'
[2026-05-01T06:32:09.327+0000] {taskinstance.py:732} INFO - ::endgroup::
[2026-05-01T06:32:09.339+0000] {subprocess.py:78} INFO - Tmp dir root location: /tmp
[2026-05-01T06:32:09.340+0000] {subprocess.py:88} INFO - Running command: ['/bin/bash', '-c', 'docker exec spark-submit bash -c "xvfb-run -a python3 /opt/spark/scripts/Crawl_Data.py"']
[2026-05-01T06:32:09.348+0000] {subprocess.py:99} INFO - Output:
[2026-05-01T06:32:10.088+0000] {subprocess.py:106} INFO -  Bắt đầu crawl ITviec...
[2026-05-01T06:32:24.221+0000] {subprocess.py:106} INFO - 
[2026-05-01T06:32:24.222+0000] {subprocess.py:106} INFO - --- Đang xử lý trang 1 ---
[2026-05-01T06:32:28.820+0000] {subprocess.py:106} INFO -  Trang 1 - Job 1/20 |
[2026-05-01T06:32:28.925+0000] {subprocess.py:106} INFO -  Trang 1 - Job 2/20 |
[2026-05-01T06:32:29.028+0000] {subprocess.py:106} INFO -  Trang 1 - Job 3/20 |
[2026-05-01T06:32:29.125+0000] {subprocess.py:106} INFO -  Trang 1 - Job 4/20 |
[2026-05-01T06:32:29.229+0000] {subprocess.py:106} INFO -  Trang 1 - Job 5/20 |
[2026-05-01T06:32:29.329+0000] {subprocess.py:106} INFO -  Trang 1 - Job 6/20 |
[2026-05-01T06:32:29.464+0000] {subprocess.py:106} INFO -  Trang 1 - Job 7/20 |
[2026-05-01T06:32:29.561+0000] {subprocess.py:106} INFO -  Trang 1 - Job 8/20 |
[2026-05-01T06:32:29.651+0000] {subprocess.py:106} INFO -  Trang 1 - Job 9/20 |
[2026-05-01T06:32:29.755+0000] {subprocess.py:106} INFO -  Trang 1 - Job 10/20 |
[2026-05-01T06:32:29.841+0000] {subprocess.py:106} INFO -  Trang 1 - Job 11/20 |
[2026-05-01T06:32:29.919+0000] {subprocess.py:106} INFO -  Trang 1 - Job 12/20 |
[2026-05-01T06:32:30.011+0000] {subprocess.py:106} INFO -  Trang 1 - Job 13/20 |
[2026-05-01T06:32:30.081+0000] {subprocess.py:106} INFO -  Trang 1 - Job 14/20 |
[2026-05-01T06:32:30.149+0000] {subprocess.py:106} INFO -  Trang 1 - Job 15/20 |
[2026-05-01T06:32:30.226+0000] {subprocess.py:106} INFO -  Trang 1 - Job 16/20 |
[2026-05-01T06:32:30.317+0000] {subprocess.py:106} INFO -  Trang 1 - Job 17/20 |
[2026-05-01T06:32:30.395+0000] {subprocess.py:106} INFO -  Trang 1 - Job 18/20 |
[2026-05-01T06:32:30.487+0000] {subprocess.py:106} INFO -  Trang 1 - Job 19/20 |
[2026-05-01T06:32:30.562+0000] {subprocess.py:106} INFO -  Trang 1 - Job 20/20 |
[2026-05-01T06:32:32.304+0000] {subprocess.py:106} INFO - 
[2026-05-01T06:32:32.304+0000] {subprocess.py:106} INFO - --- Đang xử lý trang 2 ---
[2026-05-01T06:32:37.266+0000] {subprocess.py:106} INFO -  Trang 2 - Job 1/20 |
[2026-05-01T06:32:37.334+0000] {subprocess.py:106} INFO -  Trang 2 - Job 2/20 |
[2026-05-01T06:32:37.395+0000] {subprocess.py:106} INFO -  Trang 2 - Job 3/20 |
[2026-05-01T06:32:37.471+0000] {subprocess.py:106} INFO -  Trang 2 - Job 4/20 |
[2026-05-01T06:32:37.527+0000] {subprocess.py:106} INFO -  Trang 2 - Job 5/20 |
[2026-05-01T06:32:37.587+0000] {subprocess.py:106} INFO -  Trang 2 - Job 6/20 |
[2026-05-01T06:32:37.667+0000] {subprocess.py:106} INFO -  Trang 2 - Job 7/20 |
[2026-05-01T06:32:37.799+0000] {subprocess.py:106} INFO -  Trang 2 - Job 8/20 |
[2026-05-01T06:32:37.922+0000] {subprocess.py:106} INFO -  Trang 2 - Job 9/20 |
[2026-05-01T06:32:38.008+0000] {subprocess.py:106} INFO -  Trang 2 - Job 10/20 |
[2026-05-01T06:32:38.086+0000] {subprocess.py:106} INFO -  Trang 2 - Job 11/20 |
[2026-05-01T06:32:38.162+0000] {subprocess.py:106} INFO -  Trang 2 - Job 12/20 |
[2026-05-01T06:32:38.258+0000] {subprocess.py:106} INFO -  Trang 2 - Job 13/20 |
[2026-05-01T06:32:38.329+0000] {subprocess.py:106} INFO -  Trang 2 - Job 14/20 |
[2026-05-01T06:32:38.404+0000] {subprocess.py:106} INFO -  Trang 2 - Job 15/20 |
[2026-05-01T06:32:38.511+0000] {subprocess.py:106} INFO -  Trang 2 - Job 16/20 |
[2026-05-01T06:32:38.601+0000] {subprocess.py:106} INFO -  Trang 2 - Job 17/20 |
[2026-05-01T06:32:38.673+0000] {subprocess.py:106} INFO -  Trang 2 - Job 18/20 |
[2026-05-01T06:32:38.741+0000] {subprocess.py:106} INFO -  Trang 2 - Job 19/20 |
[2026-05-01T06:32:38.815+0000] {subprocess.py:106} INFO -  Trang 2 - Job 20/20 |
[2026-05-01T06:32:40.619+0000] {subprocess.py:106} INFO - 
[2026-05-01T06:32:40.619+0000] {subprocess.py:106} INFO - --- Đang xử lý trang 3 ---
[2026-05-01T06:32:43.395+0000] {subprocess.py:106} INFO -  Trang 3 - Job 1/20 |
[2026-05-01T06:32:43.463+0000] {subprocess.py:106} INFO -  Trang 3 - Job 2/20 |
[2026-05-01T06:32:43.541+0000] {subprocess.py:106} INFO -  Trang 3 - Job 3/20 |
[2026-05-01T06:32:43.668+0000] {subprocess.py:106} INFO -  Trang 3 - Job 4/20 |
[2026-05-01T06:32:43.787+0000] {subprocess.py:106} INFO -  Trang 3 - Job 5/20 |
[2026-05-01T06:32:43.869+0000] {subprocess.py:106} INFO -  Trang 3 - Job 6/20 |
[2026-05-01T06:32:43.955+0000] {subprocess.py:106} INFO -  Trang 3 - Job 7/20 |
[2026-05-01T06:32:44.054+0000] {subprocess.py:106} INFO -  Trang 3 - Job 8/20 |
[2026-05-01T06:32:44.149+0000] {subprocess.py:106} INFO -  Trang 3 - Job 9/20 |
[2026-05-01T06:32:44.219+0000] {subprocess.py:106} INFO -  Trang 3 - Job 10/20 |
[2026-05-01T06:32:44.309+0000] {subprocess.py:106} INFO -  Trang 3 - Job 11/20 |
[2026-05-01T06:32:43.478+0000] {subprocess.py:106} INFO -  Trang 3 - Job 12/20 |
[2026-05-01T06:32:43.604+0000] {subprocess.py:106} INFO -  Trang 3 - Job 13/20 |
[2026-05-01T06:32:47.409+0000] {subprocess.py:106} INFO -  Trang 3 - Job 14/20 |
[2026-05-01T06:32:47.491+0000] {subprocess.py:106} INFO -  Trang 3 - Job 15/20 |
[2026-05-01T06:32:47.561+0000] {subprocess.py:106} INFO -  Trang 3 - Job 16/20 |
[2026-05-01T06:32:47.639+0000] {subprocess.py:106} INFO -  Trang 3 - Job 17/20 |
[2026-05-01T06:32:47.733+0000] {subprocess.py:106} INFO -  Trang 3 - Job 18/20 |
[2026-05-01T06:32:47.853+0000] {subprocess.py:106} INFO -  Trang 3 - Job 19/20 |
[2026-05-01T06:32:47.969+0000] {subprocess.py:106} INFO -  Trang 3 - Job 20/20 |
[2026-05-01T06:32:49.236+0000] {subprocess.py:106} INFO - 
[2026-05-01T06:32:49.236+0000] {subprocess.py:106} INFO - --- Đang xử lý trang 4 ---
[2026-05-01T06:32:52.041+0000] {subprocess.py:106} INFO -  Trang 4 - Job 1/20 |
[2026-05-01T06:32:52.123+0000] {subprocess.py:106} INFO -  Trang 4 - Job 2/20 |
[2026-05-01T06:32:52.183+0000] {subprocess.py:106} INFO -  Trang 4 - Job 3/20 |
[2026-05-01T06:32:52.245+0000] {subprocess.py:106} INFO -  Trang 4 - Job 4/20 |
[2026-05-01T06:32:52.324+0000] {subprocess.py:106} INFO -  Trang 4 - Job 5/20 |
[2026-05-01T06:32:52.419+0000] {subprocess.py:106} INFO -  Trang 4 - Job 6/20 |
[2026-05-01T06:32:52.508+0000] {subprocess.py:106} INFO -  Trang 4 - Job 7/20 |
[2026-05-01T06:32:52.605+0000] {subprocess.py:106} INFO -  Trang 4 - Job 8/20 |
[2026-05-01T06:32:52.689+0000] {subprocess.py:106} INFO -  Trang 4 - Job 9/20 |
[2026-05-01T06:32:52.778+0000] {subprocess.py:106} INFO -  Trang 4 - Job 10/20 |
[2026-05-01T06:32:52.865+0000] {subprocess.py:106} INFO -  Trang 4 - Job 11/20 |
[2026-05-01T06:32:52.931+0000] {subprocess.py:106} INFO -  Trang 4 - Job 12/20 |
[2026-05-01T06:32:52.988+0000] {subprocess.py:106} INFO -  Trang 4 - Job 13/20 |
[2026-05-01T06:32:53.053+0000] {subprocess.py:106} INFO -  Trang 4 - Job 14/20 |
[2026-05-01T06:32:53.115+0000] {subprocess.py:106} INFO -  Trang 4 - Job 15/20 |
[2026-05-01T06:32:53.192+0000] {subprocess.py:106} INFO -  Trang 4 - Job 16/20 |
[2026-05-01T06:32:53.268+0000] {subprocess.py:106} INFO -  Trang 4 - Job 17/20 |
[2026-05-01T06:32:53.340+0000] {subprocess.py:106} INFO -  Trang 4 - Job 18/20 |
[2026-05-01T06:32:53.410+0000] {subprocess.py:106} INFO -  Trang 4 - Job 19/20 |
[2026-05-01T06:32:53.485+0000] {subprocess.py:106} INFO -  Trang 4 - Job 20/20 |
[2026-05-01T06:32:54.691+0000] {subprocess.py:106} INFO - 
[2026-05-01T06:32:54.691+0000] {subprocess.py:106} INFO - --- Đang xử lý trang 5 ---
[2026-05-01T06:32:57.340+0000] {subprocess.py:106} INFO -  Trang 5 - Job 1/20 |
[2026-05-01T06:32:57.404+0000] {subprocess.py:106} INFO -  Trang 5 - Job 2/20 |
[2026-05-01T06:32:57.490+0000] {subprocess.py:106} INFO -  Trang 5 - Job 3/20 |
[2026-05-01T06:32:57.570+0000] {subprocess.py:106} INFO -  Trang 5 - Job 4/20 |
[2026-05-01T06:32:57.643+0000] {subprocess.py:106} INFO -  Trang 5 - Job 5/20 |
[2026-05-01T06:32:57.734+0000] {subprocess.py:106} INFO -  Trang 5 - Job 6/20 |
[2026-05-01T06:32:57.810+0000] {subprocess.py:106} INFO -  Trang 5 - Job 7/20 |
[2026-05-01T06:32:57.895+0000] {subprocess.py:106} INFO -  Trang 5 - Job 8/20 |
[2026-05-01T06:32:57.955+0000] {subprocess.py:106} INFO -  Trang 5 - Job 9/20 |
[2026-05-01T06:32:58.035+0000] {subprocess.py:106} INFO -  Trang 5 - Job 10/20 |
[2026-05-01T06:32:58.111+0000] {subprocess.py:106} INFO -  Trang 5 - Job 11/20 |
[2026-05-01T06:32:58.184+0000] {subprocess.py:106} INFO -  Trang 5 - Job 12/20 |
[2026-05-01T06:32:58.249+0000] {subprocess.py:106} INFO -  Trang 5 - Job 13/20 |
[2026-05-01T06:32:58.323+0000] {subprocess.py:106} INFO -  Trang 5 - Job 14/20 |
[2026-05-01T06:32:58.391+0000] {subprocess.py:106} INFO -  Trang 5 - Job 15/20 |
[2026-05-01T06:32:58.456+0000] {subprocess.py:106} INFO -  Trang 5 - Job 16/20 |
[2026-05-01T06:32:58.532+0000] {subprocess.py:106} INFO -  Trang 5 - Job 17/20 |
[2026-05-01T06:32:58.593+0000] {subprocess.py:106} INFO -  Trang 5 - Job 18/20 |
[2026-05-01T06:32:58.669+0000] {subprocess.py:106} INFO -  Trang 5 - Job 19/20 |
[2026-05-01T06:32:58.748+0000] {subprocess.py:106} INFO -  Trang 5 - Job 20/20 |
[2026-05-01T06:33:00.109+0000] {subprocess.py:106} INFO - 
[2026-05-01T06:33:00.109+0000] {subprocess.py:106} INFO - --- Đang xử lý trang 6 ---
[2026-05-01T06:33:02.664+0000] {subprocess.py:106} INFO -  Trang 6 - Job 1/20 |
[2026-05-01T06:33:02.719+0000] {subprocess.py:106} INFO -  Trang 6 - Job 2/20 |
[2026-05-01T06:33:02.784+0000] {subprocess.py:106} INFO -  Trang 6 - Job 3/20 |
[2026-05-01T06:33:02.838+0000] {subprocess.py:106} INFO -  Trang 6 - Job 4/20 |
[2026-05-01T06:33:02.908+0000] {subprocess.py:106} INFO -  Trang 6 - Job 5/20 |
[2026-05-01T06:33:02.993+0000] {subprocess.py:106} INFO -  Trang 6 - Job 6/20 |
[2026-05-01T06:33:03.085+0000] {subprocess.py:106} INFO -  Trang 6 - Job 7/20 |
[2026-05-01T06:33:03.165+0000] {subprocess.py:106} INFO -  Trang 6 - Job 8/20 |
[2026-05-01T06:33:03.256+0000] {subprocess.py:106} INFO -  Trang 6 - Job 9/20 |
[2026-05-01T06:33:03.340+0000] {subprocess.py:106} INFO -  Trang 6 - Job 10/20 |
[2026-05-01T06:33:03.406+0000] {subprocess.py:106} INFO -  Trang 6 - Job 11/20 |
[2026-05-01T06:33:03.492+0000] {subprocess.py:106} INFO -  Trang 6 - Job 12/20 |
[2026-05-01T06:33:03.558+0000] {subprocess.py:106} INFO -  Trang 6 - Job 13/20 |
[2026-05-01T06:33:03.612+0000] {subprocess.py:106} INFO -  Trang 6 - Job 14/20 |
[2026-05-01T06:33:03.682+0000] {subprocess.py:106} INFO -  Trang 6 - Job 15/20 |
[2026-05-01T06:33:03.788+0000] {subprocess.py:106} INFO -  Trang 6 - Job 16/20 |
[2026-05-01T06:33:03.906+0000] {subprocess.py:106} INFO -  Trang 6 - Job 17/20 |
[2026-05-01T06:33:04.062+0000] {subprocess.py:106} INFO -  Trang 6 - Job 18/20 |
[2026-05-01T06:33:04.145+0000] {subprocess.py:106} INFO -  Trang 6 - Job 19/20 |
[2026-05-01T06:33:04.217+0000] {subprocess.py:106} INFO -  Trang 6 - Job 20/20 |
[2026-05-01T06:33:05.540+0000] {subprocess.py:106} INFO - 
[2026-05-01T06:33:05.541+0000] {subprocess.py:106} INFO - --- Đang xử lý trang 7 ---
[2026-05-01T06:33:08.350+0000] {subprocess.py:106} INFO -  Trang 7 - Job 1/20 |
[2026-05-01T06:33:08.435+0000] {subprocess.py:106} INFO -  Trang 7 - Job 2/20 |
[2026-05-01T06:33:08.513+0000] {subprocess.py:106} INFO -  Trang 7 - Job 3/20 |
[2026-05-01T06:33:08.593+0000] {subprocess.py:106} INFO -  Trang 7 - Job 4/20 |
[2026-05-01T06:33:08.674+0000] {subprocess.py:106} INFO -  Trang 7 - Job 5/20 |
[2026-05-01T06:33:08.765+0000] {subprocess.py:106} INFO -  Trang 7 - Job 6/20 |
[2026-05-01T06:33:08.843+0000] {subprocess.py:106} INFO -  Trang 7 - Job 7/20 |
[2026-05-01T06:33:08.935+0000] {subprocess.py:106} INFO -  Trang 7 - Job 8/20 |
[2026-05-01T06:33:09.018+0000] {subprocess.py:106} INFO -  Trang 7 - Job 9/20 |
[2026-05-01T06:33:09.093+0000] {subprocess.py:106} INFO -  Trang 7 - Job 10/20 |
[2026-05-01T06:33:09.170+0000] {subprocess.py:106} INFO -  Trang 7 - Job 11/20 |
[2026-05-01T06:33:09.252+0000] {subprocess.py:106} INFO -  Trang 7 - Job 12/20 |
[2026-05-01T06:33:09.327+0000] {subprocess.py:106} INFO -  Trang 7 - Job 13/20 |
[2026-05-01T06:33:09.396+0000] {subprocess.py:106} INFO -  Trang 7 - Job 14/20 |
[2026-05-01T06:33:09.467+0000] {subprocess.py:106} INFO -  Trang 7 - Job 15/20 |
[2026-05-01T06:33:09.548+0000] {subprocess.py:106} INFO -  Trang 7 - Job 16/20 |
[2026-05-01T06:33:09.627+0000] {subprocess.py:106} INFO -  Trang 7 - Job 17/20 |
[2026-05-01T06:33:09.707+0000] {subprocess.py:106} INFO -  Trang 7 - Job 18/20 |
[2026-05-01T06:33:09.786+0000] {subprocess.py:106} INFO -  Trang 7 - Job 19/20 |
[2026-05-01T06:33:09.868+0000] {subprocess.py:106} INFO -  Trang 7 - Job 20/20 |
[2026-05-01T06:33:11.627+0000] {subprocess.py:106} INFO - 
[2026-05-01T06:33:11.628+0000] {subprocess.py:106} INFO - --- Đang xử lý trang 8 ---
[2026-05-01T06:33:14.278+0000] {subprocess.py:106} INFO -  Trang 8 - Job 1/20 |
[2026-05-01T06:33:14.370+0000] {subprocess.py:106} INFO -  Trang 8 - Job 2/20 |
[2026-05-01T06:33:14.454+0000] {subprocess.py:106} INFO -  Trang 8 - Job 3/20 |
[2026-05-01T06:33:14.540+0000] {subprocess.py:106} INFO -  Trang 8 - Job 4/20 |
[2026-05-01T06:33:14.636+0000] {subprocess.py:106} INFO -  Trang 8 - Job 5/20 |
[2026-05-01T06:33:14.736+0000] {subprocess.py:106} INFO -  Trang 8 - Job 6/20 |
[2026-05-01T06:33:14.830+0000] {subprocess.py:106} INFO -  Trang 8 - Job 7/20 |
[2026-05-01T06:33:14.922+0000] {subprocess.py:106} INFO -  Trang 8 - Job 8/20 |
[2026-05-01T06:33:15.018+0000] {subprocess.py:106} INFO -  Trang 8 - Job 9/20 |
[2026-05-01T06:33:15.130+0000] {subprocess.py:106} INFO -  Trang 8 - Job 10/20 |
[2026-05-01T06:33:15.238+0000] {subprocess.py:106} INFO -  Trang 8 - Job 11/20 |
[2026-05-01T06:33:15.343+0000] {subprocess.py:106} INFO -  Trang 8 - Job 12/20 |
[2026-05-01T06:33:15.434+0000] {subprocess.py:106} INFO -  Trang 8 - Job 13/20 |
[2026-05-01T06:33:15.535+0000] {subprocess.py:106} INFO -  Trang 8 - Job 14/20 |
[2026-05-01T06:33:15.635+0000] {subprocess.py:106} INFO -  Trang 8 - Job 15/20 |
[2026-05-01T06:33:15.757+0000] {subprocess.py:106} INFO -  Trang 8 - Job 16/20 |
[2026-05-01T06:33:15.851+0000] {subprocess.py:106} INFO -  Trang 8 - Job 17/20 |
[2026-05-01T06:33:15.944+0000] {subprocess.py:106} INFO -  Trang 8 - Job 18/20 |
[2026-05-01T06:33:16.027+0000] {subprocess.py:106} INFO -  Trang 8 - Job 19/20 |
[2026-05-01T06:33:16.111+0000] {subprocess.py:106} INFO -  Trang 8 - Job 20/20 |
[2026-05-01T06:33:20.264+0000] {subprocess.py:106} INFO - 
[2026-05-01T06:33:20.264+0000] {subprocess.py:106} INFO - --- Đang xử lý trang 9 ---
[2026-05-01T06:33:23.461+0000] {subprocess.py:106} INFO -  Trang 9 - Job 1/20 |
[2026-05-01T06:33:23.554+0000] {subprocess.py:106} INFO -  Trang 9 - Job 2/20 |
[2026-05-01T06:33:23.650+0000] {subprocess.py:106} INFO -  Trang 9 - Job 3/20 |
[2026-05-01T06:33:23.737+0000] {subprocess.py:106} INFO -  Trang 9 - Job 4/20 |
[2026-05-01T06:33:23.819+0000] {subprocess.py:106} INFO -  Trang 9 - Job 5/20 |
[2026-05-01T06:33:23.911+0000] {subprocess.py:106} INFO -  Trang 9 - Job 6/20 |
[2026-05-01T06:33:24.005+0000] {subprocess.py:106} INFO -  Trang 9 - Job 7/20 |
[2026-05-01T06:33:24.086+0000] {subprocess.py:106} INFO -  Trang 9 - Job 8/20 |
[2026-05-01T06:33:24.180+0000] {subprocess.py:106} INFO -  Trang 9 - Job 9/20 |
[2026-05-01T06:33:24.322+0000] {subprocess.py:106} INFO -  Trang 9 - Job 10/20 |
[2026-05-01T06:33:24.398+0000] {subprocess.py:106} INFO -  Trang 9 - Job 11/20 |
[2026-05-01T06:33:24.472+0000] {subprocess.py:106} INFO -  Trang 9 - Job 12/20 |
[2026-05-01T06:33:24.565+0000] {subprocess.py:106} INFO -  Trang 9 - Job 13/20 |
[2026-05-01T06:33:24.650+0000] {subprocess.py:106} INFO -  Trang 9 - Job 14/20 |
[2026-05-01T06:33:24.734+0000] {subprocess.py:106} INFO -  Trang 9 - Job 15/20 |
[2026-05-01T06:33:24.819+0000] {subprocess.py:106} INFO -  Trang 9 - Job 16/20 |
[2026-05-01T06:33:24.903+0000] {subprocess.py:106} INFO -  Trang 9 - Job 17/20 |
[2026-05-01T06:33:25.019+0000] {subprocess.py:106} INFO -  Trang 9 - Job 18/20 |
[2026-05-01T06:33:25.142+0000] {subprocess.py:106} INFO -  Trang 9 - Job 19/20 |
[2026-05-01T06:33:25.247+0000] {subprocess.py:106} INFO -  Trang 9 - Job 20/20 |
[2026-05-01T06:33:26.480+0000] {subprocess.py:106} INFO - 
[2026-05-01T06:33:26.480+0000] {subprocess.py:106} INFO - --- Đang xử lý trang 10 ---
[2026-05-01T06:33:29.259+0000] {subprocess.py:106} INFO -  Trang 10 - Job 1/20 |
[2026-05-01T06:33:29.360+0000] {subprocess.py:106} INFO -  Trang 10 - Job 2/20 |
[2026-05-01T06:33:29.452+0000] {subprocess.py:106} INFO -  Trang 10 - Job 3/20 |
[2026-05-01T06:33:29.543+0000] {subprocess.py:106} INFO -  Trang 10 - Job 4/20 |
[2026-05-01T06:33:29.617+0000] {subprocess.py:106} INFO -  Trang 10 - Job 5/20 |
[2026-05-01T06:33:29.687+0000] {subprocess.py:106} INFO -  Trang 10 - Job 6/20 |
[2026-05-01T06:33:29.783+0000] {subprocess.py:106} INFO -  Trang 10 - Job 7/20 |
[2026-05-01T06:33:29.858+0000] {subprocess.py:106} INFO -  Trang 10 - Job 8/20 |
[2026-05-01T06:33:29.924+0000] {subprocess.py:106} INFO -  Trang 10 - Job 9/20 |
[2026-05-01T06:33:30.006+0000] {subprocess.py:106} INFO -  Trang 10 - Job 10/20 |
[2026-05-01T06:33:30.078+0000] {subprocess.py:106} INFO -  Trang 10 - Job 11/20 |
[2026-05-01T06:33:30.152+0000] {subprocess.py:106} INFO -  Trang 10 - Job 12/20 |
[2026-05-01T06:33:30.259+0000] {subprocess.py:106} INFO -  Trang 10 - Job 13/20 |
[2026-05-01T06:33:30.337+0000] {subprocess.py:106} INFO -  Trang 10 - Job 14/20 |
[2026-05-01T06:33:30.412+0000] {subprocess.py:106} INFO -  Trang 10 - Job 15/20 |
[2026-05-01T06:33:30.495+0000] {subprocess.py:106} INFO -  Trang 10 - Job 16/20 |
[2026-05-01T06:33:30.573+0000] {subprocess.py:106} INFO -  Trang 10 - Job 17/20 |
[2026-05-01T06:33:30.642+0000] {subprocess.py:106} INFO -  Trang 10 - Job 18/20 |
[2026-05-01T06:33:30.710+0000] {subprocess.py:106} INFO -  Trang 10 - Job 19/20 |
[2026-05-01T06:33:30.782+0000] {subprocess.py:106} INFO -  Trang 10 - Job 20/20 |
[2026-05-01T06:33:32.127+0000] {subprocess.py:106} INFO - 
[2026-05-01T06:33:32.128+0000] {subprocess.py:106} INFO - --- Đang xử lý trang 11 ---
[2026-05-01T06:33:34.805+0000] {subprocess.py:106} INFO -  Trang 11 - Job 1/20 |
[2026-05-01T06:33:34.895+0000] {subprocess.py:106} INFO -  Trang 11 - Job 2/20 |
[2026-05-01T06:33:34.973+0000] {subprocess.py:106} INFO -  Trang 11 - Job 3/20 |
[2026-05-01T06:33:35.059+0000] {subprocess.py:106} INFO -  Trang 11 - Job 4/20 |
[2026-05-01T06:33:35.144+0000] {subprocess.py:106} INFO -  Trang 11 - Job 5/20 |
[2026-05-01T06:33:35.221+0000] {subprocess.py:106} INFO -  Trang 11 - Job 6/20 |
[2026-05-01T06:33:35.307+0000] {subprocess.py:106} INFO -  Trang 11 - Job 7/20 |
[2026-05-01T06:33:35.380+0000] {subprocess.py:106} INFO -  Trang 11 - Job 8/20 |
[2026-05-01T06:33:35.459+0000] {subprocess.py:106} INFO -  Trang 11 - Job 9/20 |
[2026-05-01T06:33:35.522+0000] {subprocess.py:106} INFO -  Trang 11 - Job 10/20 |
[2026-05-01T06:33:35.605+0000] {subprocess.py:106} INFO -  Trang 11 - Job 11/20 |
[2026-05-01T06:33:35.696+0000] {subprocess.py:106} INFO -  Trang 11 - Job 12/20 |
[2026-05-01T06:33:35.781+0000] {subprocess.py:106} INFO -  Trang 11 - Job 13/20 |
[2026-05-01T06:33:35.886+0000] {subprocess.py:106} INFO -  Trang 11 - Job 14/20 |
[2026-05-01T06:33:35.964+0000] {subprocess.py:106} INFO -  Trang 11 - Job 15/20 |
[2026-05-01T06:33:36.033+0000] {subprocess.py:106} INFO -  Trang 11 - Job 16/20 |
[2026-05-01T06:33:36.113+0000] {subprocess.py:106} INFO -  Trang 11 - Job 17/20 |
[2026-05-01T06:33:36.191+0000] {subprocess.py:106} INFO -  Trang 11 - Job 18/20 |
[2026-05-01T06:33:36.273+0000] {subprocess.py:106} INFO -  Trang 11 - Job 19/20 |
[2026-05-01T06:33:36.351+0000] {subprocess.py:106} INFO -  Trang 11 - Job 20/20 |
[2026-05-01T06:33:38.023+0000] {subprocess.py:106} INFO - 
[2026-05-01T06:33:38.023+0000] {subprocess.py:106} INFO - --- Đang xử lý trang 12 ---
[2026-05-01T06:33:40.610+0000] {subprocess.py:106} INFO -  Trang 12 - Job 1/20 |
[2026-05-01T06:33:40.662+0000] {subprocess.py:106} INFO -  Trang 12 - Job 2/20 |
[2026-05-01T06:33:40.729+0000] {subprocess.py:106} INFO -  Trang 12 - Job 3/20 |
[2026-05-01T06:33:40.792+0000] {subprocess.py:106} INFO -  Trang 12 - Job 4/20 |
[2026-05-01T06:33:40.877+0000] {subprocess.py:106} INFO -  Trang 12 - Job 5/20 |
[2026-05-01T06:33:40.958+0000] {subprocess.py:106} INFO -  Trang 12 - Job 6/20 |
[2026-05-01T06:33:41.057+0000] {subprocess.py:106} INFO -  Trang 12 - Job 7/20 |
[2026-05-01T06:33:41.143+0000] {subprocess.py:106} INFO -  Trang 12 - Job 8/20 |
[2026-05-01T06:33:41.230+0000] {subprocess.py:106} INFO -  Trang 12 - Job 9/20 |
[2026-05-01T06:33:41.414+0000] {subprocess.py:106} INFO -  Trang 12 - Job 10/20 |
[2026-05-01T06:33:41.505+0000] {subprocess.py:106} INFO -  Trang 12 - Job 11/20 |
[2026-05-01T06:33:41.571+0000] {subprocess.py:106} INFO -  Trang 12 - Job 12/20 |
[2026-05-01T06:33:41.644+0000] {subprocess.py:106} INFO -  Trang 12 - Job 13/20 |
[2026-05-01T06:33:41.710+0000] {subprocess.py:106} INFO -  Trang 12 - Job 14/20 |
[2026-05-01T06:33:41.785+0000] {subprocess.py:106} INFO -  Trang 12 - Job 15/20 |
[2026-05-01T06:33:41.854+0000] {subprocess.py:106} INFO -  Trang 12 - Job 16/20 |
[2026-05-01T06:33:41.918+0000] {subprocess.py:106} INFO -  Trang 12 - Job 17/20 |
[2026-05-01T06:33:41.986+0000] {subprocess.py:106} INFO -  Trang 12 - Job 18/20 |
[2026-05-01T06:33:42.039+0000] {subprocess.py:106} INFO -  Trang 12 - Job 19/20 |
[2026-05-01T06:33:42.145+0000] {subprocess.py:106} INFO -  Trang 12 - Job 20/20 |
[2026-05-01T06:33:43.230+0000] {subprocess.py:106} INFO - 
[2026-05-01T06:33:43.231+0000] {subprocess.py:106} INFO - --- Đang xử lý trang 13 ---
[2026-05-01T06:33:46.111+0000] {subprocess.py:106} INFO -  Trang 13 - Job 1/20 |
[2026-05-01T06:33:46.196+0000] {subprocess.py:106} INFO -  Trang 13 - Job 2/20 |
[2026-05-01T06:33:46.289+0000] {subprocess.py:106} INFO -  Trang 13 - Job 3/20 |
[2026-05-01T06:33:46.366+0000] {subprocess.py:106} INFO -  Trang 13 - Job 4/20 |
[2026-05-01T06:33:46.440+0000] {subprocess.py:106} INFO -  Trang 13 - Job 5/20 |
[2026-05-01T06:33:46.512+0000] {subprocess.py:106} INFO -  Trang 13 - Job 6/20 |
[2026-05-01T06:33:46.578+0000] {subprocess.py:106} INFO -  Trang 13 - Job 7/20 |
[2026-05-01T06:33:46.650+0000] {subprocess.py:106} INFO -  Trang 13 - Job 8/20 |
[2026-05-01T06:33:46.721+0000] {subprocess.py:106} INFO -  Trang 13 - Job 9/20 |
[2026-05-01T06:33:46.789+0000] {subprocess.py:106} INFO -  Trang 13 - Job 10/20 |
[2026-05-01T06:33:46.857+0000] {subprocess.py:106} INFO -  Trang 13 - Job 11/20 |
[2026-05-01T06:33:46.936+0000] {subprocess.py:106} INFO -  Trang 13 - Job 12/20 |
[2026-05-01T06:33:47.020+0000] {subprocess.py:106} INFO -  Trang 13 - Job 13/20 |
[2026-05-01T06:33:47.087+0000] {subprocess.py:106} INFO -  Trang 13 - Job 14/20 |
[2026-05-01T06:33:47.156+0000] {subprocess.py:106} INFO -  Trang 13 - Job 15/20 |
[2026-05-01T06:33:47.221+0000] {subprocess.py:106} INFO -  Trang 13 - Job 16/20 |
[2026-05-01T06:33:47.297+0000] {subprocess.py:106} INFO -  Trang 13 - Job 17/20 |
[2026-05-01T06:33:47.415+0000] {subprocess.py:106} INFO -  Trang 13 - Job 18/20 |
[2026-05-01T06:33:47.549+0000] {subprocess.py:106} INFO -  Trang 13 - Job 19/20 |
[2026-05-01T06:33:47.630+0000] {subprocess.py:106} INFO -  Trang 13 - Job 20/20 |
[2026-05-01T06:33:49.163+0000] {subprocess.py:106} INFO - 
[2026-05-01T06:33:49.164+0000] {subprocess.py:106} INFO - --- Đang xử lý trang 14 ---
[2026-05-01T06:33:54.539+0000] {subprocess.py:106} INFO -  Trang 14 - Job 1/20 |
[2026-05-01T06:33:54.591+0000] {subprocess.py:106} INFO -  Trang 14 - Job 2/20 |
[2026-05-01T06:33:54.644+0000] {subprocess.py:106} INFO -  Trang 14 - Job 3/20 |
[2026-05-01T06:33:54.698+0000] {subprocess.py:106} INFO -  Trang 14 - Job 4/20 |
[2026-05-01T06:33:54.753+0000] {subprocess.py:106} INFO -  Trang 14 - Job 5/20 |
[2026-05-01T06:33:54.823+0000] {subprocess.py:106} INFO -  Trang 14 - Job 6/20 |
[2026-05-01T06:33:54.884+0000] {subprocess.py:106} INFO -  Trang 14 - Job 7/20 |
[2026-05-01T06:33:54.951+0000] {subprocess.py:106} INFO -  Trang 14 - Job 8/20 |
[2026-05-01T06:33:55.019+0000] {subprocess.py:106} INFO -  Trang 14 - Job 9/20 |
[2026-05-01T06:33:55.087+0000] {subprocess.py:106} INFO -  Trang 14 - Job 10/20 |
[2026-05-01T06:33:55.155+0000] {subprocess.py:106} INFO -  Trang 14 - Job 11/20 |
[2026-05-01T06:33:55.234+0000] {subprocess.py:106} INFO -  Trang 14 - Job 12/20 |
[2026-05-01T06:33:55.357+0000] {subprocess.py:106} INFO -  Trang 14 - Job 13/20 |
[2026-05-01T06:33:55.425+0000] {subprocess.py:106} INFO -  Trang 14 - Job 14/20 |
[2026-05-01T06:33:55.489+0000] {subprocess.py:106} INFO -  Trang 14 - Job 15/20 |
[2026-05-01T06:33:55.550+0000] {subprocess.py:106} INFO -  Trang 14 - Job 16/20 |
[2026-05-01T06:33:55.607+0000] {subprocess.py:106} INFO -  Trang 14 - Job 17/20 |
[2026-05-01T06:33:55.665+0000] {subprocess.py:106} INFO -  Trang 14 - Job 18/20 |
[2026-05-01T06:33:55.724+0000] {subprocess.py:106} INFO -  Trang 14 - Job 19/20 |
[2026-05-01T06:33:55.786+0000] {subprocess.py:106} INFO -  Trang 14 - Job 20/20 |
[2026-05-01T06:33:57.575+0000] {subprocess.py:106} INFO - 
[2026-05-01T06:33:57.577+0000] {subprocess.py:106} INFO - --- Đang xử lý trang 15 ---
[2026-05-01T06:34:00.387+0000] {subprocess.py:106} INFO -  Trang 15 - Job 1/20 |
[2026-05-01T06:34:00.454+0000] {subprocess.py:106} INFO -  Trang 15 - Job 2/20 |
[2026-05-01T06:34:00.526+0000] {subprocess.py:106} INFO -  Trang 15 - Job 3/20 |
[2026-05-01T06:34:00.590+0000] {subprocess.py:106} INFO -  Trang 15 - Job 4/20 |
[2026-05-01T06:34:00.665+0000] {subprocess.py:106} INFO -  Trang 15 - Job 5/20 |
[2026-05-01T06:34:00.729+0000] {subprocess.py:106} INFO -  Trang 15 - Job 6/20 |
[2026-05-01T06:34:00.794+0000] {subprocess.py:106} INFO -  Trang 15 - Job 7/20 |
[2026-05-01T06:34:00.865+0000] {subprocess.py:106} INFO -  Trang 15 - Job 8/20 |
[2026-05-01T06:34:00.942+0000] {subprocess.py:106} INFO -  Trang 15 - Job 9/20 |
[2026-05-01T06:34:01.011+0000] {subprocess.py:106} INFO -  Trang 15 - Job 10/20 |
[2026-05-01T06:34:01.079+0000] {subprocess.py:106} INFO -  Trang 15 - Job 11/20 |
[2026-05-01T06:34:01.154+0000] {subprocess.py:106} INFO -  Trang 15 - Job 12/20 |
[2026-05-01T06:34:01.228+0000] {subprocess.py:106} INFO -  Trang 15 - Job 13/20 |
[2026-05-01T06:34:01.318+0000] {subprocess.py:106} INFO -  Trang 15 - Job 14/20 |
[2026-05-01T06:34:01.377+0000] {subprocess.py:106} INFO -  Trang 15 - Job 15/20 |
[2026-05-01T06:34:01.446+0000] {subprocess.py:106} INFO -  Trang 15 - Job 16/20 |
[2026-05-01T06:34:01.532+0000] {subprocess.py:106} INFO -  Trang 15 - Job 17/20 |
[2026-05-01T06:34:01.602+0000] {subprocess.py:106} INFO -  Trang 15 - Job 18/20 |
[2026-05-01T06:34:01.676+0000] {subprocess.py:106} INFO -  Trang 15 - Job 19/20 |
[2026-05-01T06:34:01.748+0000] {subprocess.py:106} INFO -  Trang 15 - Job 20/20 |
[2026-05-01T06:34:03.073+0000] {subprocess.py:106} INFO - 
[2026-05-01T06:34:03.074+0000] {subprocess.py:106} INFO - --- Đang xử lý trang 16 ---
[2026-05-01T06:34:05.697+0000] {subprocess.py:106} INFO -  Trang 16 - Job 1/20 |
[2026-05-01T06:34:05.765+0000] {subprocess.py:106} INFO -  Trang 16 - Job 2/20 |
[2026-05-01T06:34:05.834+0000] {subprocess.py:106} INFO -  Trang 16 - Job 3/20 |
[2026-05-01T06:34:05.887+0000] {subprocess.py:106} INFO -  Trang 16 - Job 4/20 |
[2026-05-01T06:34:05.946+0000] {subprocess.py:106} INFO -  Trang 16 - Job 5/20 |
[2026-05-01T06:34:06.016+0000] {subprocess.py:106} INFO -  Trang 16 - Job 6/20 |
[2026-05-01T06:34:06.096+0000] {subprocess.py:106} INFO -  Trang 16 - Job 7/20 |
[2026-05-01T06:34:06.169+0000] {subprocess.py:106} INFO -  Trang 16 - Job 8/20 |
[2026-05-01T06:34:06.267+0000] {subprocess.py:106} INFO -  Trang 16 - Job 9/20 |
[2026-05-01T06:34:06.346+0000] {subprocess.py:106} INFO -  Trang 16 - Job 10/20 |
[2026-05-01T06:34:06.427+0000] {subprocess.py:106} INFO -  Trang 16 - Job 11/20 |
[2026-05-01T06:34:06.543+0000] {subprocess.py:106} INFO -  Trang 16 - Job 12/20 |
[2026-05-01T06:34:06.610+0000] {subprocess.py:106} INFO -  Trang 16 - Job 13/20 |
[2026-05-01T06:34:06.673+0000] {subprocess.py:106} INFO -  Trang 16 - Job 14/20 |
[2026-05-01T06:34:06.751+0000] {subprocess.py:106} INFO -  Trang 16 - Job 15/20 |
[2026-05-01T06:34:06.826+0000] {subprocess.py:106} INFO -  Trang 16 - Job 16/20 |
[2026-05-01T06:34:06.908+0000] {subprocess.py:106} INFO -  Trang 16 - Job 17/20 |
[2026-05-01T06:34:07.015+0000] {subprocess.py:106} INFO -  Trang 16 - Job 18/20 |
[2026-05-01T06:34:07.089+0000] {subprocess.py:106} INFO -  Trang 16 - Job 19/20 |
[2026-05-01T06:34:07.160+0000] {subprocess.py:106} INFO -  Trang 16 - Job 20/20 |
[2026-05-01T06:34:08.461+0000] {subprocess.py:106} INFO - 
[2026-05-01T06:34:08.462+0000] {subprocess.py:106} INFO - --- Đang xử lý trang 17 ---
[2026-05-01T06:34:11.545+0000] {subprocess.py:106} INFO -  Trang 17 - Job 1/20 |
[2026-05-01T06:34:11.627+0000] {subprocess.py:106} INFO -  Trang 17 - Job 2/20 |
[2026-05-01T06:34:11.702+0000] {subprocess.py:106} INFO -  Trang 17 - Job 3/20 |
[2026-05-01T06:34:11.766+0000] {subprocess.py:106} INFO -  Trang 17 - Job 4/20 |
[2026-05-01T06:34:11.826+0000] {subprocess.py:106} INFO -  Trang 17 - Job 5/20 |
[2026-05-01T06:34:11.894+0000] {subprocess.py:106} INFO -  Trang 17 - Job 6/20 |
[2026-05-01T06:34:11.965+0000] {subprocess.py:106} INFO -  Trang 17 - Job 7/20 |
[2026-05-01T06:34:12.047+0000] {subprocess.py:106} INFO -  Trang 17 - Job 8/20 |
[2026-05-01T06:34:12.124+0000] {subprocess.py:106} INFO -  Trang 17 - Job 9/20 |
[2026-05-01T06:34:12.191+0000] {subprocess.py:106} INFO -  Trang 17 - Job 10/20 |
[2026-05-01T06:34:12.264+0000] {subprocess.py:106} INFO -  Trang 17 - Job 11/20 |
[2026-05-01T06:34:12.336+0000] {subprocess.py:106} INFO -  Trang 17 - Job 12/20 |
[2026-05-01T06:34:12.397+0000] {subprocess.py:106} INFO -  Trang 17 - Job 13/20 |
[2026-05-01T06:34:12.459+0000] {subprocess.py:106} INFO -  Trang 17 - Job 14/20 |
[2026-05-01T06:34:12.529+0000] {subprocess.py:106} INFO -  Trang 17 - Job 15/20 |
[2026-05-01T06:34:12.608+0000] {subprocess.py:106} INFO -  Trang 17 - Job 16/20 |
[2026-05-01T06:34:12.686+0000] {subprocess.py:106} INFO -  Trang 17 - Job 17/20 |
[2026-05-01T06:34:12.758+0000] {subprocess.py:106} INFO -  Trang 17 - Job 18/20 |
[2026-05-01T06:34:12.821+0000] {subprocess.py:106} INFO -  Trang 17 - Job 19/20 |
[2026-05-01T06:34:12.899+0000] {subprocess.py:106} INFO -  Trang 17 - Job 20/20 |
[2026-05-01T06:34:14.531+0000] {subprocess.py:106} INFO - 
[2026-05-01T06:34:14.532+0000] {subprocess.py:106} INFO - --- Đang xử lý trang 18 ---
[2026-05-01T06:34:17.156+0000] {subprocess.py:106} INFO -  Trang 18 - Job 1/20 |
[2026-05-01T06:34:17.222+0000] {subprocess.py:106} INFO -  Trang 18 - Job 2/20 |
[2026-05-01T06:34:17.298+0000] {subprocess.py:106} INFO -  Trang 18 - Job 3/20 |
[2026-05-01T06:34:17.367+0000] {subprocess.py:106} INFO -  Trang 18 - Job 4/20 |
[2026-05-01T06:34:17.438+0000] {subprocess.py:106} INFO -  Trang 18 - Job 5/20 |
[2026-05-01T06:34:17.508+0000] {subprocess.py:106} INFO -  Trang 18 - Job 6/20 |
[2026-05-01T06:34:17.588+0000] {subprocess.py:106} INFO -  Trang 18 - Job 7/20 |
[2026-05-01T06:34:17.727+0000] {subprocess.py:106} INFO -  Trang 18 - Job 8/20 |
[2026-05-01T06:34:17.874+0000] {subprocess.py:106} INFO -  Trang 18 - Job 9/20 |
[2026-05-01T06:34:17.970+0000] {subprocess.py:106} INFO -  Trang 18 - Job 10/20 |
[2026-05-01T06:34:18.067+0000] {subprocess.py:106} INFO -  Trang 18 - Job 11/20 |
[2026-05-01T06:34:18.155+0000] {subprocess.py:106} INFO -  Trang 18 - Job 12/20 |
[2026-05-01T06:34:18.235+0000] {subprocess.py:106} INFO -  Trang 18 - Job 13/20 |
[2026-05-01T06:34:18.308+0000] {subprocess.py:106} INFO -  Trang 18 - Job 14/20 |
[2026-05-01T06:34:18.386+0000] {subprocess.py:106} INFO -  Trang 18 - Job 15/20 |
[2026-05-01T06:34:18.475+0000] {subprocess.py:106} INFO -  Trang 18 - Job 16/20 |
[2026-05-01T06:34:18.570+0000] {subprocess.py:106} INFO -  Trang 18 - Job 17/20 |
[2026-05-01T06:34:18.653+0000] {subprocess.py:106} INFO -  Trang 18 - Job 18/20 |
[2026-05-01T06:34:18.739+0000] {subprocess.py:106} INFO -  Trang 18 - Job 19/20 |
[2026-05-01T06:34:18.808+0000] {subprocess.py:106} INFO -  Trang 18 - Job 20/20 |
[2026-05-01T06:34:20.354+0000] {subprocess.py:106} INFO - 
[2026-05-01T06:34:20.355+0000] {subprocess.py:106} INFO - --- Đang xử lý trang 19 ---
[2026-05-01T06:34:25.935+0000] {subprocess.py:106} INFO -  Trang 19 - Job 1/20 |
[2026-05-01T06:34:26.005+0000] {subprocess.py:106} INFO -  Trang 19 - Job 2/20 |
[2026-05-01T06:34:26.078+0000] {subprocess.py:106} INFO -  Trang 19 - Job 3/20 |
[2026-05-01T06:34:26.149+0000] {subprocess.py:106} INFO -  Trang 19 - Job 4/20 |
[2026-05-01T06:34:26.226+0000] {subprocess.py:106} INFO -  Trang 19 - Job 5/20 |
[2026-05-01T06:34:26.325+0000] {subprocess.py:106} INFO -  Trang 19 - Job 6/20 |
[2026-05-01T06:34:26.426+0000] {subprocess.py:106} INFO -  Trang 19 - Job 7/20 |
[2026-05-01T06:34:26.539+0000] {subprocess.py:106} INFO -  Trang 19 - Job 8/20 |
[2026-05-01T06:34:26.639+0000] {subprocess.py:106} INFO -  Trang 19 - Job 9/20 |
[2026-05-01T06:34:26.745+0000] {subprocess.py:106} INFO -  Trang 19 - Job 10/20 |
[2026-05-01T06:34:26.856+0000] {subprocess.py:106} INFO -  Trang 19 - Job 11/20 |
[2026-05-01T06:34:26.963+0000] {subprocess.py:106} INFO -  Trang 19 - Job 12/20 |
[2026-05-01T06:34:27.058+0000] {subprocess.py:106} INFO -  Trang 19 - Job 13/20 |
[2026-05-01T06:34:27.154+0000] {subprocess.py:106} INFO -  Trang 19 - Job 14/20 |
[2026-05-01T06:34:27.238+0000] {subprocess.py:106} INFO -  Trang 19 - Job 15/20 |
[2026-05-01T06:34:27.325+0000] {subprocess.py:106} INFO -  Trang 19 - Job 16/20 |
[2026-05-01T06:34:27.418+0000] {subprocess.py:106} INFO -  Trang 19 - Job 17/20 |
[2026-05-01T06:34:27.502+0000] {subprocess.py:106} INFO -  Trang 19 - Job 18/20 |
[2026-05-01T06:34:27.577+0000] {subprocess.py:106} INFO -  Trang 19 - Job 19/20 |
[2026-05-01T06:34:27.668+0000] {subprocess.py:106} INFO -  Trang 19 - Job 20/20 |
[2026-05-01T06:34:28.860+0000] {subprocess.py:106} INFO - 
[2026-05-01T06:34:28.860+0000] {subprocess.py:106} INFO - --- Đang xử lý trang 20 ---
[2026-05-01T06:34:32.307+0000] {subprocess.py:106} INFO -  Trang 20 - Job 1/20 |
[2026-05-01T06:34:32.421+0000] {subprocess.py:106} INFO -  Trang 20 - Job 2/20 |
[2026-05-01T06:34:32.529+0000] {subprocess.py:106} INFO -  Trang 20 - Job 3/20 |
[2026-05-01T06:34:32.647+0000] {subprocess.py:106} INFO -  Trang 20 - Job 4/20 |
[2026-05-01T06:34:32.733+0000] {subprocess.py:106} INFO -  Trang 20 - Job 5/20 |
[2026-05-01T06:34:32.878+0000] {subprocess.py:106} INFO -  Trang 20 - Job 6/20 |
[2026-05-01T06:34:32.952+0000] {subprocess.py:106} INFO -  Trang 20 - Job 7/20 |
[2026-05-01T06:34:33.050+0000] {subprocess.py:106} INFO -  Trang 20 - Job 8/20 |
[2026-05-01T06:34:33.122+0000] {subprocess.py:106} INFO -  Trang 20 - Job 9/20 |
[2026-05-01T06:34:33.203+0000] {subprocess.py:106} INFO -  Trang 20 - Job 10/20 |
[2026-05-01T06:34:33.279+0000] {subprocess.py:106} INFO -  Trang 20 - Job 11/20 |
[2026-05-01T06:34:33.381+0000] {subprocess.py:106} INFO -  Trang 20 - Job 12/20 |
[2026-05-01T06:34:33.482+0000] {subprocess.py:106} INFO -  Trang 20 - Job 13/20 |
[2026-05-01T06:34:33.575+0000] {subprocess.py:106} INFO -  Trang 20 - Job 14/20 |
[2026-05-01T06:34:33.670+0000] {subprocess.py:106} INFO -  Trang 20 - Job 15/20 |
[2026-05-01T06:34:33.748+0000] {subprocess.py:106} INFO -  Trang 20 - Job 16/20 |
[2026-05-01T06:34:33.826+0000] {subprocess.py:106} INFO -  Trang 20 - Job 17/20 |
[2026-05-01T06:34:33.907+0000] {subprocess.py:106} INFO -  Trang 20 - Job 18/20 |
[2026-05-01T06:34:33.984+0000] {subprocess.py:106} INFO -  Trang 20 - Job 19/20 |
[2026-05-01T06:34:34.062+0000] {subprocess.py:106} INFO -  Trang 20 - Job 20/20 |
[2026-05-01T06:34:35.347+0000] {subprocess.py:106} INFO - 
[2026-05-01T06:34:35.348+0000] {subprocess.py:106} INFO - --- Đang xử lý trang 21 ---
[2026-05-01T06:34:39.493+0000] {subprocess.py:106} INFO -  Trang 21 - Job 1/20 |
[2026-05-01T06:34:39.592+0000] {subprocess.py:106} INFO -  Trang 21 - Job 2/20 |
[2026-05-01T06:34:39.666+0000] {subprocess.py:106} INFO -  Trang 21 - Job 3/20 |
[2026-05-01T06:34:39.752+0000] {subprocess.py:106} INFO -  Trang 21 - Job 4/20 |
[2026-05-01T06:34:39.900+0000] {subprocess.py:106} INFO -  Trang 21 - Job 5/20 |
[2026-05-01T06:34:40.089+0000] {subprocess.py:106} INFO -  Trang 21 - Job 6/20 |
[2026-05-01T06:34:40.229+0000] {subprocess.py:106} INFO -  Trang 21 - Job 7/20 |
[2026-05-01T06:34:40.343+0000] {subprocess.py:106} INFO -  Trang 21 - Job 8/20 |
[2026-05-01T06:34:40.463+0000] {subprocess.py:106} INFO -  Trang 21 - Job 9/20 |
[2026-05-01T06:34:40.565+0000] {subprocess.py:106} INFO -  Trang 21 - Job 10/20 |
[2026-05-01T06:34:40.656+0000] {subprocess.py:106} INFO -  Trang 21 - Job 11/20 |
[2026-05-01T06:34:40.803+0000] {subprocess.py:106} INFO -  Trang 21 - Job 12/20 |
[2026-05-01T06:34:41.003+0000] {subprocess.py:106} INFO -  Trang 21 - Job 13/20 |
[2026-05-01T06:34:41.111+0000] {subprocess.py:106} INFO -  Trang 21 - Job 14/20 |
[2026-05-01T06:34:41.347+0000] {subprocess.py:106} INFO -  Trang 21 - Job 15/20 |
[2026-05-01T06:34:41.539+0000] {subprocess.py:106} INFO -  Trang 21 - Job 16/20 |
[2026-05-01T06:34:41.721+0000] {subprocess.py:106} INFO -  Trang 21 - Job 17/20 |
[2026-05-01T06:34:42.084+0000] {subprocess.py:106} INFO -  Trang 21 - Job 18/20 |
[2026-05-01T06:34:42.365+0000] {subprocess.py:106} INFO -  Trang 21 - Job 19/20 |
[2026-05-01T06:34:42.595+0000] {subprocess.py:106} INFO -  Trang 21 - Job 20/20 |
[2026-05-01T06:34:43.906+0000] {subprocess.py:106} INFO - 
[2026-05-01T06:34:43.906+0000] {subprocess.py:106} INFO - --- Đang xử lý trang 22 ---
[2026-05-01T06:34:46.605+0000] {subprocess.py:106} INFO -  Trang 22 - Job 1/20 |
[2026-05-01T06:34:46.683+0000] {subprocess.py:106} INFO -  Trang 22 - Job 2/20 |
[2026-05-01T06:34:46.760+0000] {subprocess.py:106} INFO -  Trang 22 - Job 3/20 |
[2026-05-01T06:34:46.838+0000] {subprocess.py:106} INFO -  Trang 22 - Job 4/20 |
[2026-05-01T06:34:46.919+0000] {subprocess.py:106} INFO -  Trang 22 - Job 5/20 |
[2026-05-01T06:34:46.980+0000] {subprocess.py:106} INFO -  Trang 22 - Job 6/20 |
[2026-05-01T06:34:47.067+0000] {subprocess.py:106} INFO -  Trang 22 - Job 7/20 |
[2026-05-01T06:34:47.132+0000] {subprocess.py:106} INFO -  Trang 22 - Job 8/20 |
[2026-05-01T06:34:47.206+0000] {subprocess.py:106} INFO -  Trang 22 - Job 9/20 |
[2026-05-01T06:34:47.289+0000] {subprocess.py:106} INFO -  Trang 22 - Job 10/20 |
[2026-05-01T06:34:47.360+0000] {subprocess.py:106} INFO -  Trang 22 - Job 11/20 |
[2026-05-01T06:34:47.439+0000] {subprocess.py:106} INFO -  Trang 22 - Job 12/20 |
[2026-05-01T06:34:47.545+0000] {subprocess.py:106} INFO -  Trang 22 - Job 13/20 |
[2026-05-01T06:34:47.624+0000] {subprocess.py:106} INFO -  Trang 22 - Job 14/20 |
[2026-05-01T06:34:47.746+0000] {subprocess.py:106} INFO -  Trang 22 - Job 15/20 |
[2026-05-01T06:34:47.866+0000] {subprocess.py:106} INFO -  Trang 22 - Job 16/20 |
[2026-05-01T06:34:48.024+0000] {subprocess.py:106} INFO -  Trang 22 - Job 17/20 |
[2026-05-01T06:34:48.157+0000] {subprocess.py:106} INFO -  Trang 22 - Job 18/20 |
[2026-05-01T06:34:48.259+0000] {subprocess.py:106} INFO -  Trang 22 - Job 19/20 |
[2026-05-01T06:34:48.342+0000] {subprocess.py:106} INFO -  Trang 22 - Job 20/20 |
[2026-05-01T06:34:49.347+0000] {subprocess.py:106} INFO - 
[2026-05-01T06:34:49.348+0000] {subprocess.py:106} INFO - --- Đang xử lý trang 23 ---
[2026-05-01T06:34:52.424+0000] {subprocess.py:106} INFO -  Trang 23 - Job 1/20 |
[2026-05-01T06:34:52.489+0000] {subprocess.py:106} INFO -  Trang 23 - Job 2/20 |
[2026-05-01T06:34:52.550+0000] {subprocess.py:106} INFO -  Trang 23 - Job 3/20 |
[2026-05-01T06:34:52.613+0000] {subprocess.py:106} INFO -  Trang 23 - Job 4/20 |
[2026-05-01T06:34:52.683+0000] {subprocess.py:106} INFO -  Trang 23 - Job 5/20 |
[2026-05-01T06:34:52.749+0000] {subprocess.py:106} INFO -  Trang 23 - Job 6/20 |
[2026-05-01T06:34:52.827+0000] {subprocess.py:106} INFO -  Trang 23 - Job 7/20 |
[2026-05-01T06:34:52.895+0000] {subprocess.py:106} INFO -  Trang 23 - Job 8/20 |
[2026-05-01T06:34:52.977+0000] {subprocess.py:106} INFO -  Trang 23 - Job 9/20 |
[2026-05-01T06:34:53.093+0000] {subprocess.py:106} INFO -  Trang 23 - Job 10/20 |
[2026-05-01T06:34:53.180+0000] {subprocess.py:106} INFO -  Trang 23 - Job 11/20 |
[2026-05-01T06:34:53.254+0000] {subprocess.py:106} INFO -  Trang 23 - Job 12/20 |
[2026-05-01T06:34:53.319+0000] {subprocess.py:106} INFO -  Trang 23 - Job 13/20 |
[2026-05-01T06:34:53.385+0000] {subprocess.py:106} INFO -  Trang 23 - Job 14/20 |
[2026-05-01T06:34:53.454+0000] {subprocess.py:106} INFO -  Trang 23 - Job 15/20 |
[2026-05-01T06:34:53.518+0000] {subprocess.py:106} INFO -  Trang 23 - Job 16/20 |
[2026-05-01T06:34:53.587+0000] {subprocess.py:106} INFO -  Trang 23 - Job 17/20 |
[2026-05-01T06:34:53.665+0000] {subprocess.py:106} INFO -  Trang 23 - Job 18/20 |
[2026-05-01T06:34:53.736+0000] {subprocess.py:106} INFO -  Trang 23 - Job 19/20 |
[2026-05-01T06:34:53.811+0000] {subprocess.py:106} INFO -  Trang 23 - Job 20/20 |
[2026-05-01T06:34:58.429+0000] {subprocess.py:106} INFO - 
[2026-05-01T06:34:58.430+0000] {subprocess.py:106} INFO - --- Đang xử lý trang 24 ---
[2026-05-01T06:35:01.612+0000] {subprocess.py:106} INFO -  Trang 24 - Job 1/20 |
[2026-05-01T06:35:01.667+0000] {subprocess.py:106} INFO -  Trang 24 - Job 2/20 |
[2026-05-01T06:35:01.736+0000] {subprocess.py:106} INFO -  Trang 24 - Job 3/20 |
[2026-05-01T06:35:01.813+0000] {subprocess.py:106} INFO -  Trang 24 - Job 4/20 |
[2026-05-01T06:35:01.885+0000] {subprocess.py:106} INFO -  Trang 24 - Job 5/20 |
[2026-05-01T06:35:01.972+0000] {subprocess.py:106} INFO -  Trang 24 - Job 6/20 |
[2026-05-01T06:35:02.037+0000] {subprocess.py:106} INFO -  Trang 24 - Job 7/20 |
[2026-05-01T06:35:02.104+0000] {subprocess.py:106} INFO -  Trang 24 - Job 8/20 |
[2026-05-01T06:35:02.167+0000] {subprocess.py:106} INFO -  Trang 24 - Job 9/20 |
[2026-05-01T06:35:02.235+0000] {subprocess.py:106} INFO -  Trang 24 - Job 10/20 |
[2026-05-01T06:35:02.298+0000] {subprocess.py:106} INFO -  Trang 24 - Job 11/20 |
[2026-05-01T06:35:02.367+0000] {subprocess.py:106} INFO -  Trang 24 - Job 12/20 |
[2026-05-01T06:35:02.438+0000] {subprocess.py:106} INFO -  Trang 24 - Job 13/20 |
[2026-05-01T06:35:02.529+0000] {subprocess.py:106} INFO -  Trang 24 - Job 14/20 |
[2026-05-01T06:35:02.619+0000] {subprocess.py:106} INFO -  Trang 24 - Job 15/20 |
[2026-05-01T06:35:02.711+0000] {subprocess.py:106} INFO -  Trang 24 - Job 16/20 |
[2026-05-01T06:35:02.797+0000] {subprocess.py:106} INFO -  Trang 24 - Job 17/20 |
[2026-05-01T06:35:02.892+0000] {subprocess.py:106} INFO -  Trang 24 - Job 18/20 |
[2026-05-01T06:35:02.962+0000] {subprocess.py:106} INFO -  Trang 24 - Job 19/20 |
[2026-05-01T06:35:03.027+0000] {subprocess.py:106} INFO -  Trang 24 - Job 20/20 |
[2026-05-01T06:35:04.855+0000] {subprocess.py:106} INFO - 
[2026-05-01T06:35:04.856+0000] {subprocess.py:106} INFO - --- Đang xử lý trang 25 ---
[2026-05-01T06:35:07.516+0000] {subprocess.py:106} INFO -  Trang 25 - Job 1/20 |
[2026-05-01T06:35:07.598+0000] {subprocess.py:106} INFO -  Trang 25 - Job 2/20 |
[2026-05-01T06:35:07.693+0000] {subprocess.py:106} INFO -  Trang 25 - Job 3/20 |
[2026-05-01T06:35:07.760+0000] {subprocess.py:106} INFO -  Trang 25 - Job 4/20 |
[2026-05-01T06:35:07.833+0000] {subprocess.py:106} INFO -  Trang 25 - Job 5/20 |
[2026-05-01T06:35:07.902+0000] {subprocess.py:106} INFO -  Trang 25 - Job 6/20 |
[2026-05-01T06:35:07.967+0000] {subprocess.py:106} INFO -  Trang 25 - Job 7/20 |
[2026-05-01T06:35:08.032+0000] {subprocess.py:106} INFO -  Trang 25 - Job 8/20 |
[2026-05-01T06:35:08.107+0000] {subprocess.py:106} INFO -  Trang 25 - Job 9/20 |
[2026-05-01T06:35:08.180+0000] {subprocess.py:106} INFO -  Trang 25 - Job 10/20 |
[2026-05-01T06:35:08.246+0000] {subprocess.py:106} INFO -  Trang 25 - Job 11/20 |
[2026-05-01T06:35:08.316+0000] {subprocess.py:106} INFO -  Trang 25 - Job 12/20 |
[2026-05-01T06:35:08.388+0000] {subprocess.py:106} INFO -  Trang 25 - Job 13/20 |
[2026-05-01T06:35:08.455+0000] {subprocess.py:106} INFO -  Trang 25 - Job 14/20 |
[2026-05-01T06:35:08.525+0000] {subprocess.py:106} INFO -  Trang 25 - Job 15/20 |
[2026-05-01T06:35:08.584+0000] {subprocess.py:106} INFO -  Trang 25 - Job 16/20 |
[2026-05-01T06:35:08.646+0000] {subprocess.py:106} INFO -  Trang 25 - Job 17/20 |
[2026-05-01T06:35:08.721+0000] {subprocess.py:106} INFO -  Trang 25 - Job 18/20 |
[2026-05-01T06:35:08.797+0000] {subprocess.py:106} INFO -  Trang 25 - Job 19/20 |
[2026-05-01T06:35:08.855+0000] {subprocess.py:106} INFO -  Trang 25 - Job 20/20 |
[2026-05-01T06:35:09.976+0000] {subprocess.py:106} INFO - 
[2026-05-01T06:35:09.976+0000] {subprocess.py:106} INFO - --- Đang xử lý trang 26 ---
[2026-05-01T06:35:13.373+0000] {subprocess.py:106} INFO -  Trang 26 - Job 1/20 |
[2026-05-01T06:35:13.440+0000] {subprocess.py:106} INFO -  Trang 26 - Job 2/20 |
[2026-05-01T06:35:13.511+0000] {subprocess.py:106} INFO -  Trang 26 - Job 3/20 |
[2026-05-01T06:35:13.589+0000] {subprocess.py:106} INFO -  Trang 26 - Job 4/20 |
[2026-05-01T06:35:13.668+0000] {subprocess.py:106} INFO -  Trang 26 - Job 5/20 |
[2026-05-01T06:35:13.747+0000] {subprocess.py:106} INFO -  Trang 26 - Job 6/20 |
[2026-05-01T06:35:13.823+0000] {subprocess.py:106} INFO -  Trang 26 - Job 7/20 |
[2026-05-01T06:35:13.889+0000] {subprocess.py:106} INFO -  Trang 26 - Job 8/20 |
[2026-05-01T06:35:13.951+0000] {subprocess.py:106} INFO -  Trang 26 - Job 9/20 |
[2026-05-01T06:35:14.023+0000] {subprocess.py:106} INFO -  Trang 26 - Job 10/20 |
[2026-05-01T06:35:14.121+0000] {subprocess.py:106} INFO -  Trang 26 - Job 11/20 |
[2026-05-01T06:35:14.228+0000] {subprocess.py:106} INFO -  Trang 26 - Job 12/20 |
[2026-05-01T06:35:14.307+0000] {subprocess.py:106} INFO -  Trang 26 - Job 13/20 |
[2026-05-01T06:35:14.384+0000] {subprocess.py:106} INFO -  Trang 26 - Job 14/20 |
[2026-05-01T06:35:14.444+0000] {subprocess.py:106} INFO -  Trang 26 - Job 15/20 |
[2026-05-01T06:35:14.512+0000] {subprocess.py:106} INFO -  Trang 26 - Job 16/20 |
[2026-05-01T06:35:14.565+0000] {subprocess.py:106} INFO -  Trang 26 - Job 17/20 |
[2026-05-01T06:35:14.628+0000] {subprocess.py:106} INFO -  Trang 26 - Job 18/20 |
[2026-05-01T06:35:14.691+0000] {subprocess.py:106} INFO -  Trang 26 - Job 19/20 |
[2026-05-01T06:35:14.752+0000] {subprocess.py:106} INFO -  Trang 26 - Job 20/20 |
[2026-05-01T06:35:16.638+0000] {subprocess.py:106} INFO - 
[2026-05-01T06:35:16.639+0000] {subprocess.py:106} INFO - --- Đang xử lý trang 27 ---
[2026-05-01T06:35:19.571+0000] {subprocess.py:106} INFO -  Trang 27 - Job 1/20 |
[2026-05-01T06:35:19.653+0000] {subprocess.py:106} INFO -  Trang 27 - Job 2/20 |
[2026-05-01T06:35:19.734+0000] {subprocess.py:106} INFO -  Trang 27 - Job 3/20 |
[2026-05-01T06:35:19.809+0000] {subprocess.py:106} INFO -  Trang 27 - Job 4/20 |
[2026-05-01T06:35:19.900+0000] {subprocess.py:106} INFO -  Trang 27 - Job 5/20 |
[2026-05-01T06:35:19.993+0000] {subprocess.py:106} INFO -  Trang 27 - Job 6/20 |
[2026-05-01T06:35:20.069+0000] {subprocess.py:106} INFO -  Trang 27 - Job 7/20 |
[2026-05-01T06:35:20.146+0000] {subprocess.py:106} INFO -  Trang 27 - Job 8/20 |
[2026-05-01T06:35:20.229+0000] {subprocess.py:106} INFO -  Trang 27 - Job 9/20 |
[2026-05-01T06:35:20.317+0000] {subprocess.py:106} INFO -  Trang 27 - Job 10/20 |
[2026-05-01T06:35:20.416+0000] {subprocess.py:106} INFO -  Trang 27 - Job 11/20 |
[2026-05-01T06:35:20.494+0000] {subprocess.py:106} INFO -  Trang 27 - Job 12/20 |
[2026-05-01T06:35:20.568+0000] {subprocess.py:106} INFO -  Trang 27 - Job 13/20 |
[2026-05-01T06:35:20.645+0000] {subprocess.py:106} INFO -  Trang 27 - Job 14/20 |
[2026-05-01T06:35:20.722+0000] {subprocess.py:106} INFO -  Trang 27 - Job 15/20 |
[2026-05-01T06:35:20.803+0000] {subprocess.py:106} INFO -  Trang 27 - Job 16/20 |
[2026-05-01T06:35:20.889+0000] {subprocess.py:106} INFO -  Trang 27 - Job 17/20 |
[2026-05-01T06:35:20.978+0000] {subprocess.py:106} INFO -  Trang 27 - Job 18/20 |
[2026-05-01T06:35:21.082+0000] {subprocess.py:106} INFO -  Trang 27 - Job 19/20 |
[2026-05-01T06:35:21.168+0000] {subprocess.py:106} INFO -  Trang 27 - Job 20/20 |
[2026-05-01T06:35:22.424+0000] {subprocess.py:106} INFO - 
[2026-05-01T06:35:22.424+0000] {subprocess.py:106} INFO - --- Đang xử lý trang 28 ---
[2026-05-01T06:35:25.885+0000] {subprocess.py:106} INFO -  Trang 28 - Job 1/20 |
[2026-05-01T06:35:25.997+0000] {subprocess.py:106} INFO -  Trang 28 - Job 2/20 |
[2026-05-01T06:35:26.107+0000] {subprocess.py:106} INFO -  Trang 28 - Job 3/20 |
[2026-05-01T06:35:26.192+0000] {subprocess.py:106} INFO -  Trang 28 - Job 4/20 |
[2026-05-01T06:35:26.279+0000] {subprocess.py:106} INFO -  Trang 28 - Job 5/20 |
[2026-05-01T06:35:26.360+0000] {subprocess.py:106} INFO -  Trang 28 - Job 6/20 |
[2026-05-01T06:35:26.441+0000] {subprocess.py:106} INFO -  Trang 28 - Job 7/20 |
[2026-05-01T06:35:26.526+0000] {subprocess.py:106} INFO -  Trang 28 - Job 8/20 |
[2026-05-01T06:35:26.615+0000] {subprocess.py:106} INFO -  Trang 28 - Job 9/20 |
[2026-05-01T06:35:26.696+0000] {subprocess.py:106} INFO -  Trang 28 - Job 10/20 |
[2026-05-01T06:35:26.796+0000] {subprocess.py:106} INFO -  Trang 28 - Job 11/20 |
[2026-05-01T06:35:26.880+0000] {subprocess.py:106} INFO -  Trang 28 - Job 12/20 |
[2026-05-01T06:35:26.954+0000] {subprocess.py:106} INFO -  Trang 28 - Job 13/20 |
[2026-05-01T06:35:27.021+0000] {subprocess.py:106} INFO -  Trang 28 - Job 14/20 |
[2026-05-01T06:35:27.090+0000] {subprocess.py:106} INFO -  Trang 28 - Job 15/20 |
[2026-05-01T06:35:27.187+0000] {subprocess.py:106} INFO -  Trang 28 - Job 16/20 |
[2026-05-01T06:35:27.266+0000] {subprocess.py:106} INFO -  Trang 28 - Job 17/20 |
[2026-05-01T06:35:27.384+0000] {subprocess.py:106} INFO -  Trang 28 - Job 18/20 |
[2026-05-01T06:35:27.517+0000] {subprocess.py:106} INFO -  Trang 28 - Job 19/20 |
[2026-05-01T06:35:27.597+0000] {subprocess.py:106} INFO -  Trang 28 - Job 20/20 |
[2026-05-01T06:35:31.999+0000] {subprocess.py:106} INFO - 
[2026-05-01T06:35:31.999+0000] {subprocess.py:106} INFO - --- Đang xử lý trang 29 ---
[2026-05-01T06:35:35.009+0000] {subprocess.py:106} INFO -  Trang 29 - Job 1/20 |
[2026-05-01T06:35:35.099+0000] {subprocess.py:106} INFO -  Trang 29 - Job 2/20 |
[2026-05-01T06:35:35.224+0000] {subprocess.py:106} INFO -  Trang 29 - Job 3/20 |
[2026-05-01T06:35:35.338+0000] {subprocess.py:106} INFO -  Trang 29 - Job 4/20 |
[2026-05-01T06:35:35.413+0000] {subprocess.py:106} INFO -  Trang 29 - Job 5/20 |
[2026-05-01T06:35:35.480+0000] {subprocess.py:106} INFO -  Trang 29 - Job 6/20 |
[2026-05-01T06:35:35.545+0000] {subprocess.py:106} INFO -  Trang 29 - Job 7/20 |
[2026-05-01T06:35:35.616+0000] {subprocess.py:106} INFO -  Trang 29 - Job 8/20 |
[2026-05-01T06:35:35.690+0000] {subprocess.py:106} INFO -  Trang 29 - Job 9/20 |
[2026-05-01T06:35:35.764+0000] {subprocess.py:106} INFO -  Trang 29 - Job 10/20 |
[2026-05-01T06:35:35.835+0000] {subprocess.py:106} INFO -  Trang 29 - Job 11/20 |
[2026-05-01T06:35:35.909+0000] {subprocess.py:106} INFO -  Trang 29 - Job 12/20 |
[2026-05-01T06:35:35.969+0000] {subprocess.py:106} INFO -  Trang 29 - Job 13/20 |
[2026-05-01T06:35:36.039+0000] {subprocess.py:106} INFO -  Trang 29 - Job 14/20 |
[2026-05-01T06:35:36.118+0000] {subprocess.py:106} INFO -  Trang 29 - Job 15/20 |
[2026-05-01T06:35:36.204+0000] {subprocess.py:106} INFO -  Trang 29 - Job 16/20 |
[2026-05-01T06:35:36.287+0000] {subprocess.py:106} INFO -  Trang 29 - Job 17/20 |
[2026-05-01T06:35:36.368+0000] {subprocess.py:106} INFO -  Trang 29 - Job 18/20 |
[2026-05-01T06:35:36.428+0000] {subprocess.py:106} INFO -  Trang 29 - Job 19/20 |
[2026-05-01T06:35:36.501+0000] {subprocess.py:106} INFO -  Trang 29 - Job 20/20 |
[2026-05-01T06:35:37.588+0000] {subprocess.py:106} INFO - 
[2026-05-01T06:35:37.589+0000] {subprocess.py:106} INFO - --- Đang xử lý trang 30 ---
[2026-05-01T06:35:40.403+0000] {subprocess.py:106} INFO -  Trang 30 - Job 1/20 |
[2026-05-01T06:35:40.486+0000] {subprocess.py:106} INFO -  Trang 30 - Job 2/20 |
[2026-05-01T06:35:40.556+0000] {subprocess.py:106} INFO -  Trang 30 - Job 3/20 |
[2026-05-01T06:35:40.623+0000] {subprocess.py:106} INFO -  Trang 30 - Job 4/20 |
[2026-05-01T06:35:40.697+0000] {subprocess.py:106} INFO -  Trang 30 - Job 5/20 |
[2026-05-01T06:35:40.783+0000] {subprocess.py:106} INFO -  Trang 30 - Job 6/20 |
[2026-05-01T06:35:40.855+0000] {subprocess.py:106} INFO -  Trang 30 - Job 7/20 |
[2026-05-01T06:35:40.926+0000] {subprocess.py:106} INFO -  Trang 30 - Job 8/20 |
[2026-05-01T06:35:40.994+0000] {subprocess.py:106} INFO -  Trang 30 - Job 9/20 |
[2026-05-01T06:35:41.066+0000] {subprocess.py:106} INFO -  Trang 30 - Job 10/20 |
[2026-05-01T06:35:41.140+0000] {subprocess.py:106} INFO -  Trang 30 - Job 11/20 |
[2026-05-01T06:35:41.208+0000] {subprocess.py:106} INFO -  Trang 30 - Job 12/20 |
[2026-05-01T06:35:41.285+0000] {subprocess.py:106} INFO -  Trang 30 - Job 13/20 |
[2026-05-01T06:35:41.360+0000] {subprocess.py:106} INFO -  Trang 30 - Job 14/20 |
[2026-05-01T06:35:41.470+0000] {subprocess.py:106} INFO -  Trang 30 - Job 15/20 |
[2026-05-01T06:35:41.548+0000] {subprocess.py:106} INFO -  Trang 30 - Job 16/20 |
[2026-05-01T06:35:41.631+0000] {subprocess.py:106} INFO -  Trang 30 - Job 17/20 |
[2026-05-01T06:35:41.710+0000] {subprocess.py:106} INFO -  Trang 30 - Job 18/20 |
[2026-05-01T06:35:41.786+0000] {subprocess.py:106} INFO -  Trang 30 - Job 19/20 |
[2026-05-01T06:35:42.025+0000] {subprocess.py:106} INFO -  Trang 30 - Job 20/20 |
[2026-05-01T06:35:43.617+0000] {subprocess.py:106} INFO - 
[2026-05-01T06:35:43.618+0000] {subprocess.py:106} INFO - --- Đang xử lý trang 31 ---
[2026-05-01T06:35:46.414+0000] {subprocess.py:106} INFO -  Trang 31 - Job 1/20 |
[2026-05-01T06:35:46.506+0000] {subprocess.py:106} INFO -  Trang 31 - Job 2/20 |
[2026-05-01T06:35:46.595+0000] {subprocess.py:106} INFO -  Trang 31 - Job 3/20 |
[2026-05-01T06:35:46.676+0000] {subprocess.py:106} INFO -  Trang 31 - Job 4/20 |
[2026-05-01T06:35:46.758+0000] {subprocess.py:106} INFO -  Trang 31 - Job 5/20 |
[2026-05-01T06:35:46.841+0000] {subprocess.py:106} INFO -  Trang 31 - Job 6/20 |
[2026-05-01T06:35:46.918+0000] {subprocess.py:106} INFO -  Trang 31 - Job 7/20 |
[2026-05-01T06:35:47.000+0000] {subprocess.py:106} INFO -  Trang 31 - Job 8/20 |
[2026-05-01T06:35:47.083+0000] {subprocess.py:106} INFO -  Trang 31 - Job 9/20 |
[2026-05-01T06:35:47.146+0000] {subprocess.py:106} INFO -  Trang 31 - Job 10/20 |
[2026-05-01T06:35:47.241+0000] {subprocess.py:106} INFO -  Trang 31 - Job 11/20 |
[2026-05-01T06:35:47.332+0000] {subprocess.py:106} INFO -  Trang 31 - Job 12/20 |
[2026-05-01T06:35:47.426+0000] {subprocess.py:106} INFO -  Trang 31 - Job 13/20 |
[2026-05-01T06:35:47.519+0000] {subprocess.py:106} INFO -  Trang 31 - Job 14/20 |
[2026-05-01T06:35:47.596+0000] {subprocess.py:106} INFO -  Trang 31 - Job 15/20 |
[2026-05-01T06:35:47.684+0000] {subprocess.py:106} INFO -  Trang 31 - Job 16/20 |
[2026-05-01T06:35:47.765+0000] {subprocess.py:106} INFO -  Trang 31 - Job 17/20 |
[2026-05-01T06:35:47.844+0000] {subprocess.py:106} INFO -  Trang 31 - Job 18/20 |
[2026-05-01T06:35:47.927+0000] {subprocess.py:106} INFO -  Trang 31 - Job 19/20 |
[2026-05-01T06:35:48.004+0000] {subprocess.py:106} INFO -  Trang 31 - Job 20/20 |
[2026-05-01T06:35:49.016+0000] {subprocess.py:106} INFO - 
[2026-05-01T06:35:49.017+0000] {subprocess.py:106} INFO - --- Đang xử lý trang 32 ---
[2026-05-01T06:35:51.752+0000] {subprocess.py:106} INFO -  Trang 32 - Job 1/20 |
[2026-05-01T06:35:51.832+0000] {subprocess.py:106} INFO -  Trang 32 - Job 2/20 |
[2026-05-01T06:35:51.898+0000] {subprocess.py:106} INFO -  Trang 32 - Job 3/20 |
[2026-05-01T06:35:51.964+0000] {subprocess.py:106} INFO -  Trang 32 - Job 4/20 |
[2026-05-01T06:35:52.029+0000] {subprocess.py:106} INFO -  Trang 32 - Job 5/20 |
[2026-05-01T06:35:52.096+0000] {subprocess.py:106} INFO -  Trang 32 - Job 6/20 |
[2026-05-01T06:35:52.174+0000] {subprocess.py:106} INFO -  Trang 32 - Job 7/20 |
[2026-05-01T06:35:52.260+0000] {subprocess.py:106} INFO -  Trang 32 - Job 8/20 |
[2026-05-01T06:35:52.353+0000] {subprocess.py:106} INFO -  Trang 32 - Job 9/20 |
[2026-05-01T06:35:52.426+0000] {subprocess.py:106} INFO -  Trang 32 - Job 10/20 |
[2026-05-01T06:35:52.499+0000] {subprocess.py:106} INFO -  Trang 32 - Job 11/20 |
[2026-05-01T06:35:52.579+0000] {subprocess.py:106} INFO -  Trang 32 - Job 12/20 |
[2026-05-01T06:35:52.660+0000] {subprocess.py:106} INFO -  Trang 32 - Job 13/20 |
[2026-05-01T06:35:52.734+0000] {subprocess.py:106} INFO -  Trang 32 - Job 14/20 |
[2026-05-01T06:35:52.797+0000] {subprocess.py:106} INFO -  Trang 32 - Job 15/20 |
[2026-05-01T06:35:52.867+0000] {subprocess.py:106} INFO -  Trang 32 - Job 16/20 |
[2026-05-01T06:35:52.945+0000] {subprocess.py:106} INFO -  Trang 32 - Job 17/20 |
[2026-05-01T06:35:53.010+0000] {subprocess.py:106} INFO -  Trang 32 - Job 18/20 |
[2026-05-01T06:35:53.086+0000] {subprocess.py:106} INFO -  Trang 32 - Job 19/20 |
[2026-05-01T06:35:53.158+0000] {subprocess.py:106} INFO -  Trang 32 - Job 20/20 |
[2026-05-01T06:35:54.369+0000] {subprocess.py:106} INFO - 
[2026-05-01T06:35:54.370+0000] {subprocess.py:106} INFO - --- Đang xử lý trang 33 ---
[2026-05-01T06:35:57.788+0000] {subprocess.py:106} INFO -  Trang 33 - Job 1/20 |
[2026-05-01T06:35:57.853+0000] {subprocess.py:106} INFO -  Trang 33 - Job 2/20 |
[2026-05-01T06:35:57.913+0000] {subprocess.py:106} INFO -  Trang 33 - Job 3/20 |
[2026-05-01T06:35:57.968+0000] {subprocess.py:106} INFO -  Trang 33 - Job 4/20 |
[2026-05-01T06:35:58.026+0000] {subprocess.py:106} INFO -  Trang 33 - Job 5/20 |
[2026-05-01T06:35:58.083+0000] {subprocess.py:106} INFO -  Trang 33 - Job 6/20 |
[2026-05-01T06:35:58.139+0000] {subprocess.py:106} INFO -  Trang 33 - Job 7/20 |
[2026-05-01T06:35:58.198+0000] {subprocess.py:106} INFO -  Trang 33 - Job 8/20 |
[2026-05-01T06:35:58.253+0000] {subprocess.py:106} INFO -  Trang 33 - Job 9/20 |
[2026-05-01T06:35:58.314+0000] {subprocess.py:106} INFO -  Trang 33 - Job 10/20 |
[2026-05-01T06:35:58.397+0000] {subprocess.py:106} INFO -  Trang 33 - Job 11/20 |
[2026-05-01T06:35:58.473+0000] {subprocess.py:106} INFO -  Trang 33 - Job 12/20 |
[2026-05-01T06:35:58.541+0000] {subprocess.py:106} INFO -  Trang 33 - Job 13/20 |
[2026-05-01T06:35:58.597+0000] {subprocess.py:106} INFO -  Trang 33 - Job 14/20 |
[2026-05-01T06:35:58.656+0000] {subprocess.py:106} INFO -  Trang 33 - Job 15/20 |
[2026-05-01T06:35:58.722+0000] {subprocess.py:106} INFO -  Trang 33 - Job 16/20 |
[2026-05-01T06:35:58.798+0000] {subprocess.py:106} INFO -  Trang 33 - Job 17/20 |
[2026-05-01T06:35:58.855+0000] {subprocess.py:106} INFO -  Trang 33 - Job 18/20 |
[2026-05-01T06:35:58.915+0000] {subprocess.py:106} INFO -  Trang 33 - Job 19/20 |
[2026-05-01T06:35:58.973+0000] {subprocess.py:106} INFO -  Trang 33 - Job 20/20 |
[2026-05-01T06:35:59.932+0000] {subprocess.py:106} INFO - 
[2026-05-01T06:35:59.933+0000] {subprocess.py:106} INFO - --- Đang xử lý trang 34 ---
[2026-05-01T06:36:06.259+0000] {subprocess.py:106} INFO -  Trang 34 - Job 1/20 |
[2026-05-01T06:36:06.329+0000] {subprocess.py:106} INFO -  Trang 34 - Job 2/20 |
[2026-05-01T06:36:06.384+0000] {subprocess.py:106} INFO -  Trang 34 - Job 3/20 |
[2026-05-01T06:36:06.441+0000] {subprocess.py:106} INFO -  Trang 34 - Job 4/20 |
[2026-05-01T06:36:06.514+0000] {subprocess.py:106} INFO -  Trang 34 - Job 5/20 |
[2026-05-01T06:36:06.595+0000] {subprocess.py:106} INFO -  Trang 34 - Job 6/20 |
[2026-05-01T06:36:06.686+0000] {subprocess.py:106} INFO -  Trang 34 - Job 7/20 |
[2026-05-01T06:36:06.784+0000] {subprocess.py:106} INFO -  Trang 34 - Job 8/20 |
[2026-05-01T06:36:06.849+0000] {subprocess.py:106} INFO -  Trang 34 - Job 9/20 |
[2026-05-01T06:36:06.921+0000] {subprocess.py:106} INFO -  Trang 34 - Job 10/20 |
[2026-05-01T06:36:06.997+0000] {subprocess.py:106} INFO -  Trang 34 - Job 11/20 |
[2026-05-01T06:36:07.080+0000] {subprocess.py:106} INFO -  Trang 34 - Job 12/20 |
[2026-05-01T06:36:07.141+0000] {subprocess.py:106} INFO -  Trang 34 - Job 13/20 |
[2026-05-01T06:36:07.208+0000] {subprocess.py:106} INFO -  Trang 34 - Job 14/20 |
[2026-05-01T06:36:07.279+0000] {subprocess.py:106} INFO -  Trang 34 - Job 15/20 |
[2026-05-01T06:36:07.350+0000] {subprocess.py:106} INFO -  Trang 34 - Job 16/20 |
[2026-05-01T06:36:07.408+0000] {subprocess.py:106} INFO -  Trang 34 - Job 17/20 |
[2026-05-01T06:36:07.476+0000] {subprocess.py:106} INFO -  Trang 34 - Job 18/20 |
[2026-05-01T06:36:07.559+0000] {subprocess.py:106} INFO -  Trang 34 - Job 19/20 |
[2026-05-01T06:36:07.625+0000] {subprocess.py:106} INFO -  Trang 34 - Job 20/20 |
[2026-05-01T06:36:08.986+0000] {subprocess.py:106} INFO - 
[2026-05-01T06:36:08.986+0000] {subprocess.py:106} INFO - --- Đang xử lý trang 35 ---
[2026-05-01T06:36:12.444+0000] {subprocess.py:106} INFO -  Trang 35 - Job 1/20 |
[2026-05-01T06:36:12.537+0000] {subprocess.py:106} INFO -  Trang 35 - Job 2/20 |
[2026-05-01T06:36:12.616+0000] {subprocess.py:106} INFO -  Trang 35 - Job 3/20 |
[2026-05-01T06:36:12.685+0000] {subprocess.py:106} INFO -  Trang 35 - Job 4/20 |
[2026-05-01T06:36:12.752+0000] {subprocess.py:106} INFO -  Trang 35 - Job 5/20 |
[2026-05-01T06:36:12.822+0000] {subprocess.py:106} INFO -  Trang 35 - Job 6/20 |
[2026-05-01T06:36:12.904+0000] {subprocess.py:106} INFO -  Trang 35 - Job 7/20 |
[2026-05-01T06:36:12.969+0000] {subprocess.py:106} INFO -  Trang 35 - Job 8/20 |
[2026-05-01T06:36:13.042+0000] {subprocess.py:106} INFO -  Trang 35 - Job 9/20 |
[2026-05-01T06:36:13.115+0000] {subprocess.py:106} INFO -  Trang 35 - Job 10/20 |
[2026-05-01T06:36:13.186+0000] {subprocess.py:106} INFO -  Trang 35 - Job 11/20 |
[2026-05-01T06:36:13.250+0000] {subprocess.py:106} INFO -  Trang 35 - Job 12/20 |
[2026-05-01T06:36:13.313+0000] {subprocess.py:106} INFO -  Trang 35 - Job 13/20 |
[2026-05-01T06:36:13.385+0000] {subprocess.py:106} INFO -  Trang 35 - Job 14/20 |
[2026-05-01T06:36:13.457+0000] {subprocess.py:106} INFO -  Trang 35 - Job 15/20 |
[2026-05-01T06:36:13.528+0000] {subprocess.py:106} INFO -  Trang 35 - Job 16/20 |
[2026-05-01T06:36:13.591+0000] {subprocess.py:106} INFO -  Trang 35 - Job 17/20 |
[2026-05-01T06:36:13.653+0000] {subprocess.py:106} INFO -  Trang 35 - Job 18/20 |
[2026-05-01T06:36:13.717+0000] {subprocess.py:106} INFO -  Trang 35 - Job 19/20 |
[2026-05-01T06:36:13.785+0000] {subprocess.py:106} INFO -  Trang 35 - Job 20/20 |
[2026-05-01T06:36:15.311+0000] {subprocess.py:106} INFO - 
[2026-05-01T06:36:15.311+0000] {subprocess.py:106} INFO - --- Đang xử lý trang 36 ---
[2026-05-01T06:36:18.311+0000] {subprocess.py:106} INFO -  Trang 36 - Job 1/20 |
[2026-05-01T06:36:18.417+0000] {subprocess.py:106} INFO -  Trang 36 - Job 2/20 |
[2026-05-01T06:36:18.509+0000] {subprocess.py:106} INFO -  Trang 36 - Job 3/20 |
[2026-05-01T06:36:18.582+0000] {subprocess.py:106} INFO -  Trang 36 - Job 4/20 |
[2026-05-01T06:36:18.717+0000] {subprocess.py:106} INFO -  Trang 36 - Job 5/20 |
[2026-05-01T06:36:18.964+0000] {subprocess.py:106} INFO -  Trang 36 - Job 6/20 |
[2026-05-01T06:36:19.052+0000] {subprocess.py:106} INFO -  Trang 36 - Job 7/20 |
[2026-05-01T06:36:19.152+0000] {subprocess.py:106} INFO -  Trang 36 - Job 8/20 |
[2026-05-01T06:36:19.219+0000] {subprocess.py:106} INFO -  Trang 36 - Job 9/20 |
[2026-05-01T06:36:19.286+0000] {subprocess.py:106} INFO -  Trang 36 - Job 10/20 |
[2026-05-01T06:36:19.353+0000] {subprocess.py:106} INFO -  Trang 36 - Job 11/20 |
[2026-05-01T06:36:19.442+0000] {subprocess.py:106} INFO -  Trang 36 - Job 12/20 |
[2026-05-01T06:36:19.547+0000] {subprocess.py:106} INFO -  Trang 36 - Job 13/20 |
[2026-05-01T06:36:19.616+0000] {subprocess.py:106} INFO -  Trang 36 - Job 14/20 |
[2026-05-01T06:36:19.682+0000] {subprocess.py:106} INFO -  Trang 36 - Job 15/20 |
[2026-05-01T06:36:19.743+0000] {subprocess.py:106} INFO -  Trang 36 - Job 16/20 |
[2026-05-01T06:36:19.810+0000] {subprocess.py:106} INFO -  Trang 36 - Job 17/20 |
[2026-05-01T06:36:19.895+0000] {subprocess.py:106} INFO -  Trang 36 - Job 18/20 |
[2026-05-01T06:36:19.960+0000] {subprocess.py:106} INFO -  Trang 36 - Job 19/20 |
[2026-05-01T06:36:20.026+0000] {subprocess.py:106} INFO -  Trang 36 - Job 20/20 |
[2026-05-01T06:36:21.144+0000] {subprocess.py:106} INFO - 
[2026-05-01T06:36:21.144+0000] {subprocess.py:106} INFO - --- Đang xử lý trang 37 ---
[2026-05-01T06:36:23.991+0000] {subprocess.py:106} INFO -  Trang 37 - Job 1/20 |
[2026-05-01T06:36:24.085+0000] {subprocess.py:106} INFO -  Trang 37 - Job 2/20 |
[2026-05-01T06:36:24.192+0000] {subprocess.py:106} INFO -  Trang 37 - Job 3/20 |
[2026-05-01T06:36:24.270+0000] {subprocess.py:106} INFO -  Trang 37 - Job 4/20 |
[2026-05-01T06:36:24.357+0000] {subprocess.py:106} INFO -  Trang 37 - Job 5/20 |
[2026-05-01T06:36:24.429+0000] {subprocess.py:106} INFO -  Trang 37 - Job 6/20 |
[2026-05-01T06:36:24.531+0000] {subprocess.py:106} INFO -  Trang 37 - Job 7/20 |
[2026-05-01T06:36:24.611+0000] {subprocess.py:106} INFO -  Trang 37 - Job 8/20 |
[2026-05-01T06:36:24.689+0000] {subprocess.py:106} INFO -  Trang 37 - Job 9/20 |
[2026-05-01T06:36:24.752+0000] {subprocess.py:106} INFO -  Trang 37 - Job 10/20 |
[2026-05-01T06:36:24.861+0000] {subprocess.py:106} INFO -  Trang 37 - Job 11/20 |
[2026-05-01T06:36:24.934+0000] {subprocess.py:106} INFO -  Trang 37 - Job 12/20 |
[2026-05-01T06:36:25.028+0000] {subprocess.py:106} INFO -  Trang 37 - Job 13/20 |
[2026-05-01T06:36:25.132+0000] {subprocess.py:106} INFO -  Trang 37 - Job 14/20 |
[2026-05-01T06:36:25.273+0000] {subprocess.py:106} INFO -  Trang 37 - Job 15/20 |
[2026-05-01T06:36:25.376+0000] {subprocess.py:106} INFO -  Trang 37 - Job 16/20 |
[2026-05-01T06:36:25.459+0000] {subprocess.py:106} INFO -  Trang 37 - Job 17/20 |
[2026-05-01T06:36:25.562+0000] {subprocess.py:106} INFO -  Trang 37 - Job 18/20 |
[2026-05-01T06:36:25.660+0000] {subprocess.py:106} INFO -  Trang 37 - Job 19/20 |
[2026-05-01T06:36:25.738+0000] {subprocess.py:106} INFO -  Trang 37 - Job 20/20 |
[2026-05-01T06:36:27.392+0000] {subprocess.py:106} INFO - 
[2026-05-01T06:36:27.393+0000] {subprocess.py:106} INFO - --- Đang xử lý trang 38 ---
[2026-05-01T06:36:30.287+0000] {subprocess.py:106} INFO -  Trang 38 - Job 1/20 |
[2026-05-01T06:36:30.391+0000] {subprocess.py:106} INFO -  Trang 38 - Job 2/20 |
[2026-05-01T06:36:30.479+0000] {subprocess.py:106} INFO -  Trang 38 - Job 3/20 |
[2026-05-01T06:36:30.583+0000] {subprocess.py:106} INFO -  Trang 38 - Job 4/20 |
[2026-05-01T06:36:30.688+0000] {subprocess.py:106} INFO -  Trang 38 - Job 5/20 |
[2026-05-01T06:36:30.784+0000] {subprocess.py:106} INFO -  Trang 38 - Job 6/20 |
[2026-05-01T06:36:30.904+0000] {subprocess.py:106} INFO -  Trang 38 - Job 7/20 |
[2026-05-01T06:36:31.009+0000] {subprocess.py:106} INFO -  Trang 38 - Job 8/20 |
[2026-05-01T06:36:31.122+0000] {subprocess.py:106} INFO -  Trang 38 - Job 9/20 |
[2026-05-01T06:36:31.206+0000] {subprocess.py:106} INFO -  Trang 38 - Job 10/20 |
[2026-05-01T06:36:31.288+0000] {subprocess.py:106} INFO -  Trang 38 - Job 11/20 |
[2026-05-01T06:36:31.365+0000] {subprocess.py:106} INFO -  Trang 38 - Job 12/20 |
[2026-05-01T06:36:31.458+0000] {subprocess.py:106} INFO -  Trang 38 - Job 13/20 |
[2026-05-01T06:36:31.535+0000] {subprocess.py:106} INFO -  Trang 38 - Job 14/20 |
[2026-05-01T06:36:31.615+0000] {subprocess.py:106} INFO -  Trang 38 - Job 15/20 |
[2026-05-01T06:36:31.695+0000] {subprocess.py:106} INFO -  Trang 38 - Job 16/20 |
[2026-05-01T06:36:31.782+0000] {subprocess.py:106} INFO -  Trang 38 - Job 17/20 |
[2026-05-01T06:36:31.873+0000] {subprocess.py:106} INFO -  Trang 38 - Job 18/20 |
[2026-05-01T06:36:31.960+0000] {subprocess.py:106} INFO -  Trang 38 - Job 19/20 |
[2026-05-01T06:36:32.057+0000] {subprocess.py:106} INFO -  Trang 38 - Job 20/20 |
[2026-05-01T06:36:36.638+0000] {subprocess.py:106} INFO - 
[2026-05-01T06:36:36.639+0000] {subprocess.py:106} INFO - --- Đang xử lý trang 39 ---
[2026-05-01T06:36:39.522+0000] {subprocess.py:106} INFO -  Trang 39 - Job 1/20 |
[2026-05-01T06:36:39.601+0000] {subprocess.py:106} INFO -  Trang 39 - Job 2/20 |
[2026-05-01T06:36:39.706+0000] {subprocess.py:106} INFO -  Trang 39 - Job 3/20 |
[2026-05-01T06:36:39.845+0000] {subprocess.py:106} INFO -  Trang 39 - Job 4/20 |
[2026-05-01T06:36:39.969+0000] {subprocess.py:106} INFO -  Trang 39 - Job 5/20 |
[2026-05-01T06:36:40.057+0000] {subprocess.py:106} INFO -  Trang 39 - Job 6/20 |
[2026-05-01T06:36:40.131+0000] {subprocess.py:106} INFO -  Trang 39 - Job 7/20 |
[2026-05-01T06:36:40.208+0000] {subprocess.py:106} INFO -  Trang 39 - Job 8/20 |
[2026-05-01T06:36:40.288+0000] {subprocess.py:106} INFO -  Trang 39 - Job 9/20 |
[2026-05-01T06:36:40.364+0000] {subprocess.py:106} INFO -  Trang 39 - Job 10/20 |
[2026-05-01T06:36:40.458+0000] {subprocess.py:106} INFO -  Trang 39 - Job 11/20 |
[2026-05-01T06:36:40.529+0000] {subprocess.py:106} INFO -  Trang 39 - Job 12/20 |
[2026-05-01T06:36:40.606+0000] {subprocess.py:106} INFO -  Trang 39 - Job 13/20 |
[2026-05-01T06:36:40.682+0000] {subprocess.py:106} INFO -  Trang 39 - Job 14/20 |
[2026-05-01T06:36:40.759+0000] {subprocess.py:106} INFO -  Trang 39 - Job 15/20 |
[2026-05-01T06:36:40.837+0000] {subprocess.py:106} INFO -  Trang 39 - Job 16/20 |
[2026-05-01T06:36:40.924+0000] {subprocess.py:106} INFO -  Trang 39 - Job 17/20 |
[2026-05-01T06:36:41.008+0000] {subprocess.py:106} INFO -  Trang 39 - Job 18/20 |
[2026-05-01T06:36:41.084+0000] {subprocess.py:106} INFO -  Trang 39 - Job 19/20 |
[2026-05-01T06:36:41.145+0000] {subprocess.py:106} INFO -  Trang 39 - Job 20/20 |
[2026-05-01T06:36:42.257+0000] {subprocess.py:106} INFO - 
[2026-05-01T06:36:42.257+0000] {subprocess.py:106} INFO - --- Đang xử lý trang 40 ---
[2026-05-01T06:36:45.339+0000] {subprocess.py:106} INFO -  Trang 40 - Job 1/20 |
[2026-05-01T06:36:45.414+0000] {subprocess.py:106} INFO -  Trang 40 - Job 2/20 |
[2026-05-01T06:36:45.485+0000] {subprocess.py:106} INFO -  Trang 40 - Job 3/20 |
[2026-05-01T06:36:45.560+0000] {subprocess.py:106} INFO -  Trang 40 - Job 4/20 |
[2026-05-01T06:36:45.638+0000] {subprocess.py:106} INFO -  Trang 40 - Job 5/20 |
[2026-05-01T06:36:45.719+0000] {subprocess.py:106} INFO -  Trang 40 - Job 6/20 |
[2026-05-01T06:36:45.795+0000] {subprocess.py:106} INFO -  Trang 40 - Job 7/20 |
[2026-05-01T06:36:45.870+0000] {subprocess.py:106} INFO -  Trang 40 - Job 8/20 |
[2026-05-01T06:36:45.953+0000] {subprocess.py:106} INFO -  Trang 40 - Job 9/20 |
[2026-05-01T06:36:46.032+0000] {subprocess.py:106} INFO -  Trang 40 - Job 10/20 |
[2026-05-01T06:36:46.131+0000] {subprocess.py:106} INFO -  Trang 40 - Job 11/20 |
[2026-05-01T06:36:46.210+0000] {subprocess.py:106} INFO -  Trang 40 - Job 12/20 |
[2026-05-01T06:36:46.275+0000] {subprocess.py:106} INFO -  Trang 40 - Job 13/20 |
[2026-05-01T06:36:46.354+0000] {subprocess.py:106} INFO -  Trang 40 - Job 14/20 |
[2026-05-01T06:36:46.429+0000] {subprocess.py:106} INFO -  Trang 40 - Job 15/20 |
[2026-05-01T06:36:46.508+0000] {subprocess.py:106} INFO -  Trang 40 - Job 16/20 |
[2026-05-01T06:36:46.578+0000] {subprocess.py:106} INFO -  Trang 40 - Job 17/20 |
[2026-05-01T06:36:46.649+0000] {subprocess.py:106} INFO -  Trang 40 - Job 18/20 |
[2026-05-01T06:36:46.730+0000] {subprocess.py:106} INFO -  Trang 40 - Job 19/20 |
[2026-05-01T06:36:46.812+0000] {subprocess.py:106} INFO -  Trang 40 - Job 20/20 |
[2026-05-01T06:36:48.323+0000] {subprocess.py:106} INFO - 
[2026-05-01T06:36:48.324+0000] {subprocess.py:106} INFO - --- Đang xử lý trang 41 ---
[2026-05-01T06:36:52.285+0000] {subprocess.py:106} INFO -  Trang 41 - Job 1/20 |
[2026-05-01T06:36:52.375+0000] {subprocess.py:106} INFO -  Trang 41 - Job 2/20 |
[2026-05-01T06:36:52.460+0000] {subprocess.py:106} INFO -  Trang 41 - Job 3/20 |
[2026-05-01T06:36:52.543+0000] {subprocess.py:106} INFO -  Trang 41 - Job 4/20 |
[2026-05-01T06:36:52.628+0000] {subprocess.py:106} INFO -  Trang 41 - Job 5/20 |
[2026-05-01T06:36:52.710+0000] {subprocess.py:106} INFO -  Trang 41 - Job 6/20 |
[2026-05-01T06:36:52.792+0000] {subprocess.py:106} INFO -  Trang 41 - Job 7/20 |
[2026-05-01T06:36:52.867+0000] {subprocess.py:106} INFO -  Trang 41 - Job 8/20 |
[2026-05-01T06:36:52.945+0000] {subprocess.py:106} INFO -  Trang 41 - Job 9/20 |
[2026-05-01T06:36:53.022+0000] {subprocess.py:106} INFO -  Trang 41 - Job 10/20 |
[2026-05-01T06:36:53.099+0000] {subprocess.py:106} INFO -  Trang 41 - Job 11/20 |
[2026-05-01T06:36:53.176+0000] {subprocess.py:106} INFO -  Trang 41 - Job 12/20 |
[2026-05-01T06:36:53.257+0000] {subprocess.py:106} INFO -  Trang 41 - Job 13/20 |
[2026-05-01T06:36:53.339+0000] {subprocess.py:106} INFO -  Trang 41 - Job 14/20 |
[2026-05-01T06:36:53.438+0000] {subprocess.py:106} INFO -  Trang 41 - Job 15/20 |
[2026-05-01T06:36:53.528+0000] {subprocess.py:106} INFO -  Trang 41 - Job 16/20 |
[2026-05-01T06:36:53.617+0000] {subprocess.py:106} INFO -  Trang 41 - Job 17/20 |
[2026-05-01T06:36:53.702+0000] {subprocess.py:106} INFO -  Trang 41 - Job 18/20 |
[2026-05-01T06:36:53.792+0000] {subprocess.py:106} INFO -  Trang 41 - Job 19/20 |
[2026-05-01T06:36:53.872+0000] {subprocess.py:106} INFO -  Trang 41 - Job 20/20 |
[2026-05-01T06:36:55.634+0000] {subprocess.py:106} INFO - 
[2026-05-01T06:36:55.635+0000] {subprocess.py:106} INFO - --- Đang xử lý trang 42 ---
[2026-05-01T06:36:59.250+0000] {subprocess.py:106} INFO -  Trang 42 - Job 1/6 |
[2026-05-01T06:36:59.351+0000] {subprocess.py:106} INFO -  Trang 42 - Job 2/6 |
[2026-05-01T06:36:59.430+0000] {subprocess.py:106} INFO -  Trang 42 - Job 3/6 |
[2026-05-01T06:36:59.568+0000] {subprocess.py:106} INFO -  Trang 42 - Job 4/6 |
[2026-05-01T06:36:59.661+0000] {subprocess.py:106} INFO -  Trang 42 - Job 5/6 |
[2026-05-01T06:36:59.743+0000] {subprocess.py:106} INFO -  Trang 42 - Job 6/6 |
[2026-05-01T06:37:01.081+0000] {subprocess.py:106} INFO - 
[2026-05-01T06:37:01.081+0000] {subprocess.py:106} INFO - --- Đang xử lý trang 43 ---
[2026-05-01T06:37:14.467+0000] {subprocess.py:106} INFO -  >>> Trang 43 không phản hồi. Dừng.
[2026-05-01T06:37:14.494+0000] {subprocess.py:106} INFO -  Output file local: /tmp/itviec_jobs_full.csv
[2026-05-01T06:37:14.507+0000] {subprocess.py:106} INFO -  Đã đọc 1513 dòng cũ từ file local.
[2026-05-01T06:37:14.518+0000] {subprocess.py:106} INFO -  Crawl xong 826 việc làm mới. Tổng Local: 1513 dòng.
[2026-05-01T06:37:14.518+0000] {subprocess.py:106} INFO -  Đang cập nhật file lên MinIO (S3)...
[2026-05-01T06:37:15.020+0000] {subprocess.py:106} INFO -  Đã đọc được 14062 dòng từ MinIO: s3://warehouse/raw/itviec_jobs_full.csv
[2026-05-01T06:37:15.021+0000] {subprocess.py:106} INFO -  Tổng sau khi gộp với MinIO: 14062 dòng.
[2026-05-01T06:37:15.021+0000] {subprocess.py:106} INFO -  Đã cập nhật thành công lên MinIO: s3://warehouse/raw/itviec_jobs_full.csv
[2026-05-01T06:37:15.022+0000] {subprocess.py:106} INFO -  Tổng số record hiện tại trên Data Lake: 14062
[2026-05-01T06:37:15.215+0000] {subprocess.py:110} INFO - Command exited with return code 0
[2026-05-01T06:37:15.278+0000] {taskinstance.py:341} INFO - ::group::Post task execution logs
[2026-05-01T06:37:15.278+0000] {taskinstance.py:353} INFO - Marking task as SUCCESS. dag_id=crawl_etl_itjob, task_id=crawl_data, run_id=scheduled__2026-04-27T02:00:00+00:00, execution_date=20260427T020000, start_date=20260501T063209, end_date=20260501T063715
[2026-05-01T06:37:15.334+0000] {local_task_job_runner.py:266} INFO - Task exited with return code 0
[2026-05-01T06:37:15.375+0000] {taskinstance.py:3901} INFO - 1 downstream tasks scheduled from follow-on schedule check
[2026-05-01T06:37:15.382+0000] {local_task_job_runner.py:245} INFO - ::endgroup::
