[2026-04-08T14:25:02.832+0000] {local_task_job_runner.py:123} INFO - ::group::Pre task execution logs
[2026-04-08T14:25:02.878+0000] {taskinstance.py:2614} INFO - Dependencies all met for dep_context=non-requeueable deps ti=<TaskInstance: crawl_etl_itjob.load_bronze scheduled__2026-04-07T02:00:00+00:00 [queued]>
[2026-04-08T14:25:02.891+0000] {taskinstance.py:2614} INFO - Dependencies all met for dep_context=requeueable deps ti=<TaskInstance: crawl_etl_itjob.load_bronze scheduled__2026-04-07T02:00:00+00:00 [queued]>
[2026-04-08T14:25:02.891+0000] {taskinstance.py:2867} INFO - Starting attempt 2 of 3
[2026-04-08T14:25:02.907+0000] {taskinstance.py:2890} INFO - Executing <Task(BashOperator): load_bronze> on 2026-04-07 02:00:00+00:00
[2026-04-08T14:25:02.912+0000] {standard_task_runner.py:72} INFO - Started process 181 to run task
[2026-04-08T14:25:02.917+0000] {standard_task_runner.py:104} INFO - Running: ['***', 'tasks', 'run', 'crawl_etl_itjob', 'load_bronze', 'scheduled__2026-04-07T02:00:00+00:00', '--job-id', '33', '--raw', '--subdir', 'DAGS_FOLDER/Crawl_ETL_ITJob.py', '--cfg-path', '/tmp/tmphxo0wsxl']
[2026-04-08T14:25:02.918+0000] {standard_task_runner.py:105} INFO - Job 33: Subtask load_bronze
[2026-04-08T14:25:02.950+0000] {warnings.py:109} WARNING - /home/***/.local/lib/python3.8/site-packages/***/settings.py:209: DeprecationWarning: The sql_alchemy_conn option in [core] has been moved to the sql_alchemy_conn option in [database] - the old setting has been used, but please update your config.
  SQL_ALCHEMY_CONN = conf.get("database", "SQL_ALCHEMY_CONN")

[2026-04-08T14:25:03.023+0000] {task_command.py:467} INFO - Running <TaskInstance: crawl_etl_itjob.load_bronze scheduled__2026-04-07T02:00:00+00:00 [running]> on host 64b3786bead1
[2026-04-08T14:25:03.024+0000] {warnings.py:109} WARNING - /home/***/.local/lib/python3.8/site-packages/***/settings.py:470: DeprecationWarning: The sql_alchemy_conn option in [core] has been moved to the sql_alchemy_conn option in [database] - the old setting has been used, but please update your config.
  if conf.get("database", "sql_alchemy_conn") == "none://":

[2026-04-08T14:25:03.168+0000] {taskinstance.py:3134} INFO - Exporting env vars: AIRFLOW_CTX_DAG_EMAIL='hoa856856@gmail.com' AIRFLOW_CTX_DAG_OWNER='***' AIRFLOW_CTX_DAG_ID='crawl_etl_itjob' AIRFLOW_CTX_TASK_ID='load_bronze' AIRFLOW_CTX_EXECUTION_DATE='2026-04-07T02:00:00+00:00' AIRFLOW_CTX_TRY_NUMBER='2' AIRFLOW_CTX_DAG_RUN_ID='scheduled__2026-04-07T02:00:00+00:00'
[2026-04-08T14:25:03.169+0000] {taskinstance.py:732} INFO - ::endgroup::
[2026-04-08T14:25:03.182+0000] {subprocess.py:78} INFO - Tmp dir root location: /tmp
[2026-04-08T14:25:03.183+0000] {subprocess.py:88} INFO - Running command: ['/bin/bash', '-c', "\n        docker exec spark-submit bash -c '\n        /opt/spark/bin/spark-submit         --master spark://spark-master:7077         --deploy-mode client         --packages org.apache.iceberg:iceberg-spark-runtime-3.5_2.12:1.5.0,org.apache.hadoop:hadoop-aws:3.3.4,com.amazonaws:aws-java-sdk-bundle:1.12.262         /opt/spark/scripts/Load_Bronze.py\n        '\n        "]
[2026-04-08T14:25:03.193+0000] {subprocess.py:99} INFO - Output:
[2026-04-08T14:25:05.735+0000] {subprocess.py:106} INFO - :: loading settings :: url = jar:file:/opt/spark/jars/ivy-2.5.1.jar!/org/apache/ivy/core/settings/ivysettings.xml
[2026-04-08T14:25:05.851+0000] {subprocess.py:106} INFO - Ivy Default Cache set to: /home/spark/.ivy2/cache
[2026-04-08T14:25:05.852+0000] {subprocess.py:106} INFO - The jars for the packages stored in: /home/spark/.ivy2/jars
[2026-04-08T14:25:05.860+0000] {subprocess.py:106} INFO - org.apache.iceberg#iceberg-spark-runtime-3.5_2.12 added as a dependency
[2026-04-08T14:25:05.861+0000] {subprocess.py:106} INFO - org.apache.hadoop#hadoop-aws added as a dependency
[2026-04-08T14:25:05.862+0000] {subprocess.py:106} INFO - com.amazonaws#aws-java-sdk-bundle added as a dependency
[2026-04-08T14:25:05.864+0000] {subprocess.py:106} INFO - :: resolving dependencies :: org.apache.spark#spark-submit-parent-98d839c0-a244-47e1-bf35-bf851e7a76ae;1.0
[2026-04-08T14:25:05.865+0000] {subprocess.py:106} INFO - 	confs: [default]
[2026-04-08T14:25:05.972+0000] {subprocess.py:106} INFO - 	found org.apache.iceberg#iceberg-spark-runtime-3.5_2.12;1.5.0 in central
[2026-04-08T14:25:06.042+0000] {subprocess.py:106} INFO - 	found org.apache.hadoop#hadoop-aws;3.3.4 in central
[2026-04-08T14:25:06.068+0000] {subprocess.py:106} INFO - 	found com.amazonaws#aws-java-sdk-bundle;1.12.262 in central
[2026-04-08T14:25:06.101+0000] {subprocess.py:106} INFO - 	found org.wildfly.openssl#wildfly-openssl;1.0.7.Final in central
[2026-04-08T14:25:06.133+0000] {subprocess.py:106} INFO - :: resolution report :: resolve 258ms :: artifacts dl 12ms
[2026-04-08T14:25:06.137+0000] {subprocess.py:106} INFO - 	:: modules in use:
[2026-04-08T14:25:06.138+0000] {subprocess.py:106} INFO - 	com.amazonaws#aws-java-sdk-bundle;1.12.262 from central in [default]
[2026-04-08T14:25:06.139+0000] {subprocess.py:106} INFO - 	org.apache.hadoop#hadoop-aws;3.3.4 from central in [default]
[2026-04-08T14:25:06.140+0000] {subprocess.py:106} INFO - 	org.apache.iceberg#iceberg-spark-runtime-3.5_2.12;1.5.0 from central in [default]
[2026-04-08T14:25:06.141+0000] {subprocess.py:106} INFO - 	org.wildfly.openssl#wildfly-openssl;1.0.7.Final from central in [default]
[2026-04-08T14:25:06.141+0000] {subprocess.py:106} INFO - 	---------------------------------------------------------------------
[2026-04-08T14:25:06.142+0000] {subprocess.py:106} INFO - 	|                  |            modules            ||   artifacts   |
[2026-04-08T14:25:06.143+0000] {subprocess.py:106} INFO - 	|       conf       | number| search|dwnlded|evicted|| number|dwnlded|
[2026-04-08T14:25:06.143+0000] {subprocess.py:106} INFO - 	---------------------------------------------------------------------
[2026-04-08T14:25:06.144+0000] {subprocess.py:106} INFO - 	|      default     |   4   |   0   |   0   |   0   ||   4   |   0   |
[2026-04-08T14:25:06.145+0000] {subprocess.py:106} INFO - 	---------------------------------------------------------------------
[2026-04-08T14:25:06.149+0000] {subprocess.py:106} INFO - :: retrieving :: org.apache.spark#spark-submit-parent-98d839c0-a244-47e1-bf35-bf851e7a76ae
[2026-04-08T14:25:06.150+0000] {subprocess.py:106} INFO - 	confs: [default]
[2026-04-08T14:25:06.151+0000] {subprocess.py:106} INFO - 	0 artifacts copied, 4 already retrieved (0kB/8ms)
[2026-04-08T14:25:06.537+0000] {subprocess.py:106} INFO - 26/04/08 14:25:06 WARN NativeCodeLoader: Unable to load native-hadoop library for your platform... using builtin-java classes where applicable
[2026-04-08T14:25:07.815+0000] {subprocess.py:106} INFO - 26/04/08 14:25:07 INFO SparkContext: Running Spark version 3.5.3
[2026-04-08T14:25:07.815+0000] {subprocess.py:106} INFO - 26/04/08 14:25:07 INFO SparkContext: OS info Linux, 6.6.87.2-microsoft-standard-WSL2, amd64
[2026-04-08T14:25:07.816+0000] {subprocess.py:106} INFO - 26/04/08 14:25:07 INFO SparkContext: Java version 11.0.24
[2026-04-08T14:25:07.853+0000] {subprocess.py:106} INFO - 26/04/08 14:25:07 INFO ResourceUtils: ==============================================================
[2026-04-08T14:25:07.853+0000] {subprocess.py:106} INFO - 26/04/08 14:25:07 INFO ResourceUtils: No custom resources configured for spark.driver.
[2026-04-08T14:25:07.854+0000] {subprocess.py:106} INFO - 26/04/08 14:25:07 INFO ResourceUtils: ==============================================================
[2026-04-08T14:25:07.855+0000] {subprocess.py:106} INFO - 26/04/08 14:25:07 INFO SparkContext: Submitted application: Load_Bronze_MinIO_Iceberg
[2026-04-08T14:25:07.879+0000] {subprocess.py:106} INFO - 26/04/08 14:25:07 INFO ResourceProfile: Default ResourceProfile created, executor resources: Map(memory -> name: memory, amount: 1024, script: , vendor: , offHeap -> name: offHeap, amount: 0, script: , vendor: ), task resources: Map(cpus -> name: cpus, amount: 1.0)
[2026-04-08T14:25:07.889+0000] {subprocess.py:106} INFO - 26/04/08 14:25:07 INFO ResourceProfile: Limiting resource is cpu
[2026-04-08T14:25:07.890+0000] {subprocess.py:106} INFO - 26/04/08 14:25:07 INFO ResourceProfileManager: Added ResourceProfile id: 0
[2026-04-08T14:25:07.963+0000] {subprocess.py:106} INFO - 26/04/08 14:25:07 INFO SecurityManager: Changing view acls to: spark
[2026-04-08T14:25:07.964+0000] {subprocess.py:106} INFO - 26/04/08 14:25:07 INFO SecurityManager: Changing modify acls to: spark
[2026-04-08T14:25:07.965+0000] {subprocess.py:106} INFO - 26/04/08 14:25:07 INFO SecurityManager: Changing view acls groups to:
[2026-04-08T14:25:07.965+0000] {subprocess.py:106} INFO - 26/04/08 14:25:07 INFO SecurityManager: Changing modify acls groups to:
[2026-04-08T14:25:07.966+0000] {subprocess.py:106} INFO - 26/04/08 14:25:07 INFO SecurityManager: SecurityManager: authentication disabled; ui acls disabled; users with view permissions: spark; groups with view permissions: EMPTY; users with modify permissions: spark; groups with modify permissions: EMPTY
[2026-04-08T14:25:08.207+0000] {subprocess.py:106} INFO - 26/04/08 14:25:08 INFO Utils: Successfully started service 'sparkDriver' on port 36327.
[2026-04-08T14:25:08.241+0000] {subprocess.py:106} INFO - 26/04/08 14:25:08 INFO SparkEnv: Registering MapOutputTracker
[2026-04-08T14:25:08.278+0000] {subprocess.py:106} INFO - 26/04/08 14:25:08 INFO SparkEnv: Registering BlockManagerMaster
[2026-04-08T14:25:08.303+0000] {subprocess.py:106} INFO - 26/04/08 14:25:08 INFO BlockManagerMasterEndpoint: Using org.apache.spark.storage.DefaultTopologyMapper for getting topology information
[2026-04-08T14:25:08.303+0000] {subprocess.py:106} INFO - 26/04/08 14:25:08 INFO BlockManagerMasterEndpoint: BlockManagerMasterEndpoint up
[2026-04-08T14:25:08.308+0000] {subprocess.py:106} INFO - 26/04/08 14:25:08 INFO SparkEnv: Registering BlockManagerMasterHeartbeat
[2026-04-08T14:25:08.344+0000] {subprocess.py:106} INFO - 26/04/08 14:25:08 INFO DiskBlockManager: Created local directory at /tmp/blockmgr-66b3a237-cb4c-4866-9a66-41a2bd9f6fd2
[2026-04-08T14:25:08.361+0000] {subprocess.py:106} INFO - 26/04/08 14:25:08 INFO MemoryStore: MemoryStore started with capacity 434.4 MiB
[2026-04-08T14:25:08.380+0000] {subprocess.py:106} INFO - 26/04/08 14:25:08 INFO SparkEnv: Registering OutputCommitCoordinator
[2026-04-08T14:25:08.547+0000] {subprocess.py:106} INFO - 26/04/08 14:25:08 INFO JettyUtils: Start Jetty 0.0.0.0:4040 for SparkUI
[2026-04-08T14:25:08.602+0000] {subprocess.py:106} INFO - 26/04/08 14:25:08 INFO Utils: Successfully started service 'SparkUI' on port 4040.
[2026-04-08T14:25:08.645+0000] {subprocess.py:106} INFO - 26/04/08 14:25:08 INFO SparkContext: Added JAR file:///home/spark/.ivy2/jars/org.apache.iceberg_iceberg-spark-runtime-3.5_2.12-1.5.0.jar at spark://c05002f484b8:36327/jars/org.apache.iceberg_iceberg-spark-runtime-3.5_2.12-1.5.0.jar with timestamp 1775658307803
[2026-04-08T14:25:08.646+0000] {subprocess.py:106} INFO - 26/04/08 14:25:08 INFO SparkContext: Added JAR file:///home/spark/.ivy2/jars/org.apache.hadoop_hadoop-aws-3.3.4.jar at spark://c05002f484b8:36327/jars/org.apache.hadoop_hadoop-aws-3.3.4.jar with timestamp 1775658307803
[2026-04-08T14:25:08.647+0000] {subprocess.py:106} INFO - 26/04/08 14:25:08 INFO SparkContext: Added JAR file:///home/spark/.ivy2/jars/com.amazonaws_aws-java-sdk-bundle-1.12.262.jar at spark://c05002f484b8:36327/jars/com.amazonaws_aws-java-sdk-bundle-1.12.262.jar with timestamp 1775658307803
[2026-04-08T14:25:08.647+0000] {subprocess.py:106} INFO - 26/04/08 14:25:08 INFO SparkContext: Added JAR file:///home/spark/.ivy2/jars/org.wildfly.openssl_wildfly-openssl-1.0.7.Final.jar at spark://c05002f484b8:36327/jars/org.wildfly.openssl_wildfly-openssl-1.0.7.Final.jar with timestamp 1775658307803
[2026-04-08T14:25:08.650+0000] {subprocess.py:106} INFO - 26/04/08 14:25:08 INFO SparkContext: Added file file:///home/spark/.ivy2/jars/org.apache.iceberg_iceberg-spark-runtime-3.5_2.12-1.5.0.jar at spark://c05002f484b8:36327/files/org.apache.iceberg_iceberg-spark-runtime-3.5_2.12-1.5.0.jar with timestamp 1775658307803
[2026-04-08T14:25:08.652+0000] {subprocess.py:106} INFO - 26/04/08 14:25:08 INFO Utils: Copying /home/spark/.ivy2/jars/org.apache.iceberg_iceberg-spark-runtime-3.5_2.12-1.5.0.jar to /tmp/spark-6ec78d60-56a7-455a-80b9-27ce607de3c5/userFiles-b89ec553-eebf-4227-972b-033cc1c19d21/org.apache.iceberg_iceberg-spark-runtime-3.5_2.12-1.5.0.jar
[2026-04-08T14:25:08.866+0000] {subprocess.py:106} INFO - 26/04/08 14:25:08 INFO SparkContext: Added file file:///home/spark/.ivy2/jars/org.apache.hadoop_hadoop-aws-3.3.4.jar at spark://c05002f484b8:36327/files/org.apache.hadoop_hadoop-aws-3.3.4.jar with timestamp 1775658307803
[2026-04-08T14:25:08.867+0000] {subprocess.py:106} INFO - 26/04/08 14:25:08 INFO Utils: Copying /home/spark/.ivy2/jars/org.apache.hadoop_hadoop-aws-3.3.4.jar to /tmp/spark-6ec78d60-56a7-455a-80b9-27ce607de3c5/userFiles-b89ec553-eebf-4227-972b-033cc1c19d21/org.apache.hadoop_hadoop-aws-3.3.4.jar
[2026-04-08T14:25:08.876+0000] {subprocess.py:106} INFO - 26/04/08 14:25:08 INFO SparkContext: Added file file:///home/spark/.ivy2/jars/com.amazonaws_aws-java-sdk-bundle-1.12.262.jar at spark://c05002f484b8:36327/files/com.amazonaws_aws-java-sdk-bundle-1.12.262.jar with timestamp 1775658307803
[2026-04-08T14:25:08.877+0000] {subprocess.py:106} INFO - 26/04/08 14:25:08 INFO Utils: Copying /home/spark/.ivy2/jars/com.amazonaws_aws-java-sdk-bundle-1.12.262.jar to /tmp/spark-6ec78d60-56a7-455a-80b9-27ce607de3c5/userFiles-b89ec553-eebf-4227-972b-033cc1c19d21/com.amazonaws_aws-java-sdk-bundle-1.12.262.jar
[2026-04-08T14:25:10.246+0000] {subprocess.py:106} INFO - 26/04/08 14:25:10 INFO SparkContext: Added file file:///home/spark/.ivy2/jars/org.wildfly.openssl_wildfly-openssl-1.0.7.Final.jar at spark://c05002f484b8:36327/files/org.wildfly.openssl_wildfly-openssl-1.0.7.Final.jar with timestamp 1775658307803
[2026-04-08T14:25:10.249+0000] {subprocess.py:106} INFO - 26/04/08 14:25:10 INFO Utils: Copying /home/spark/.ivy2/jars/org.wildfly.openssl_wildfly-openssl-1.0.7.Final.jar to /tmp/spark-6ec78d60-56a7-455a-80b9-27ce607de3c5/userFiles-b89ec553-eebf-4227-972b-033cc1c19d21/org.wildfly.openssl_wildfly-openssl-1.0.7.Final.jar
[2026-04-08T14:25:10.358+0000] {subprocess.py:106} INFO - 26/04/08 14:25:10 INFO StandaloneAppClient$ClientEndpoint: Connecting to master spark://spark-master:7077...
[2026-04-08T14:25:10.425+0000] {subprocess.py:106} INFO - 26/04/08 14:25:10 INFO TransportClientFactory: Successfully created connection to spark-master/172.30.0.6:7077 after 33 ms (0 ms spent in bootstraps)
[2026-04-08T14:25:10.567+0000] {subprocess.py:106} INFO - 26/04/08 14:25:10 INFO StandaloneSchedulerBackend: Connected to Spark cluster with app ID app-20260408142510-0003
[2026-04-08T14:25:10.577+0000] {subprocess.py:106} INFO - 26/04/08 14:25:10 INFO StandaloneAppClient$ClientEndpoint: Executor added: app-20260408142510-0003/0 on worker-20260408132811-172.30.0.16-38157 (172.30.0.16:38157) with 1 core(s)
[2026-04-08T14:25:10.580+0000] {subprocess.py:106} INFO - 26/04/08 14:25:10 INFO StandaloneSchedulerBackend: Granted executor ID app-20260408142510-0003/0 on hostPort 172.30.0.16:38157 with 1 core(s), 1024.0 MiB RAM
[2026-04-08T14:25:10.583+0000] {subprocess.py:106} INFO - 26/04/08 14:25:10 INFO Utils: Successfully started service 'org.apache.spark.network.netty.NettyBlockTransferService' on port 41161.
[2026-04-08T14:25:10.584+0000] {subprocess.py:106} INFO - 26/04/08 14:25:10 INFO NettyBlockTransferService: Server created on c05002f484b8:41161
[2026-04-08T14:25:10.586+0000] {subprocess.py:106} INFO - 26/04/08 14:25:10 INFO BlockManager: Using org.apache.spark.storage.RandomBlockReplicationPolicy for block replication policy
[2026-04-08T14:25:10.592+0000] {subprocess.py:106} INFO - 26/04/08 14:25:10 INFO BlockManagerMaster: Registering BlockManager BlockManagerId(driver, c05002f484b8, 41161, None)
[2026-04-08T14:25:10.596+0000] {subprocess.py:106} INFO - 26/04/08 14:25:10 INFO BlockManagerMasterEndpoint: Registering block manager c05002f484b8:41161 with 434.4 MiB RAM, BlockManagerId(driver, c05002f484b8, 41161, None)
[2026-04-08T14:25:10.599+0000] {subprocess.py:106} INFO - 26/04/08 14:25:10 INFO BlockManagerMaster: Registered BlockManager BlockManagerId(driver, c05002f484b8, 41161, None)
[2026-04-08T14:25:10.601+0000] {subprocess.py:106} INFO - 26/04/08 14:25:10 INFO BlockManager: Initialized BlockManager: BlockManagerId(driver, c05002f484b8, 41161, None)
[2026-04-08T14:25:10.805+0000] {subprocess.py:106} INFO - 26/04/08 14:25:10 INFO StandaloneAppClient$ClientEndpoint: Executor updated: app-20260408142510-0003/0 is now RUNNING
[2026-04-08T14:25:10.928+0000] {subprocess.py:106} INFO - 26/04/08 14:25:10 INFO StandaloneSchedulerBackend: SchedulerBackend is ready for scheduling beginning after reached minRegisteredResourcesRatio: 0.0
[2026-04-08T14:25:11.244+0000] {subprocess.py:106} INFO - Reading data from: s3a://warehouse/raw/itviec_jobs_full.csv
[2026-04-08T14:25:11.252+0000] {subprocess.py:106} INFO - 26/04/08 14:25:11 INFO SharedState: Setting hive.metastore.warehouse.dir ('null') to the value of spark.sql.warehouse.dir.
[2026-04-08T14:25:11.255+0000] {subprocess.py:106} INFO - 26/04/08 14:25:11 INFO SharedState: Warehouse path is 'file:/opt/spark/work-dir/spark-warehouse'.
[2026-04-08T14:25:13.035+0000] {subprocess.py:106} INFO - 26/04/08 14:25:13 WARN MetricsConfig: Cannot locate configuration: tried hadoop-metrics2-s3a-file-system.properties,hadoop-metrics2.properties
[2026-04-08T14:25:13.059+0000] {subprocess.py:106} INFO - 26/04/08 14:25:13 INFO MetricsSystemImpl: Scheduled Metric snapshot period at 10 second(s).
[2026-04-08T14:25:13.060+0000] {subprocess.py:106} INFO - 26/04/08 14:25:13 INFO MetricsSystemImpl: s3a-file-system metrics system started
[2026-04-08T14:25:14.274+0000] {subprocess.py:106} INFO - 26/04/08 14:25:14 INFO StandaloneSchedulerBackend$StandaloneDriverEndpoint: Registered executor NettyRpcEndpointRef(spark-client://Executor) (172.30.0.16:33744) with ID 0,  ResourceProfileId 0
[2026-04-08T14:25:14.486+0000] {subprocess.py:106} INFO - 26/04/08 14:25:14 INFO BlockManagerMasterEndpoint: Registering block manager 172.30.0.16:34967 with 434.4 MiB RAM, BlockManagerId(0, 172.30.0.16, 34967, None)
[2026-04-08T14:25:15.432+0000] {subprocess.py:106} INFO - 26/04/08 14:25:15 INFO InMemoryFileIndex: It took 168 ms to list leaf files for 1 paths.
[2026-04-08T14:25:15.941+0000] {subprocess.py:106} INFO - 26/04/08 14:25:15 INFO MemoryStore: Block broadcast_0 stored as values in memory (estimated size 206.5 KiB, free 434.2 MiB)
[2026-04-08T14:25:16.035+0000] {subprocess.py:106} INFO - 26/04/08 14:25:16 INFO MemoryStore: Block broadcast_0_piece0 stored as bytes in memory (estimated size 36.2 KiB, free 434.2 MiB)
[2026-04-08T14:25:16.043+0000] {subprocess.py:106} INFO - 26/04/08 14:25:16 INFO BlockManagerInfo: Added broadcast_0_piece0 in memory on c05002f484b8:41161 (size: 36.2 KiB, free: 434.4 MiB)
[2026-04-08T14:25:16.051+0000] {subprocess.py:106} INFO - 26/04/08 14:25:16 INFO SparkContext: Created broadcast 0 from csv at <unknown>:0
[2026-04-08T14:25:17.570+0000] {subprocess.py:106} INFO - 26/04/08 14:25:17 INFO FileInputFormat: Total input files to process : 1
[2026-04-08T14:25:17.579+0000] {subprocess.py:106} INFO - 26/04/08 14:25:17 INFO FileInputFormat: Total input files to process : 1
[2026-04-08T14:25:17.648+0000] {subprocess.py:106} INFO - 26/04/08 14:25:17 INFO SparkContext: Starting job: csv at <unknown>:0
[2026-04-08T14:25:17.676+0000] {subprocess.py:106} INFO - 26/04/08 14:25:17 INFO DAGScheduler: Got job 0 (csv at <unknown>:0) with 1 output partitions
[2026-04-08T14:25:17.677+0000] {subprocess.py:106} INFO - 26/04/08 14:25:17 INFO DAGScheduler: Final stage: ResultStage 0 (csv at <unknown>:0)
[2026-04-08T14:25:17.678+0000] {subprocess.py:106} INFO - 26/04/08 14:25:17 INFO DAGScheduler: Parents of final stage: List()
[2026-04-08T14:25:17.680+0000] {subprocess.py:106} INFO - 26/04/08 14:25:17 INFO DAGScheduler: Missing parents: List()
[2026-04-08T14:25:17.689+0000] {subprocess.py:106} INFO - 26/04/08 14:25:17 INFO DAGScheduler: Submitting ResultStage 0 (MapPartitionsRDD[2] at csv at <unknown>:0), which has no missing parents
[2026-04-08T14:25:17.729+0000] {subprocess.py:106} INFO - 26/04/08 14:25:17 INFO MemoryStore: Block broadcast_1 stored as values in memory (estimated size 7.6 KiB, free 434.2 MiB)
[2026-04-08T14:25:17.744+0000] {subprocess.py:106} INFO - 26/04/08 14:25:17 INFO MemoryStore: Block broadcast_1_piece0 stored as bytes in memory (estimated size 4.4 KiB, free 434.2 MiB)
[2026-04-08T14:25:17.749+0000] {subprocess.py:106} INFO - 26/04/08 14:25:17 INFO BlockManagerInfo: Added broadcast_1_piece0 in memory on c05002f484b8:41161 (size: 4.4 KiB, free: 434.4 MiB)
[2026-04-08T14:25:17.757+0000] {subprocess.py:106} INFO - 26/04/08 14:25:17 INFO SparkContext: Created broadcast 1 from broadcast at DAGScheduler.scala:1585
[2026-04-08T14:25:17.794+0000] {subprocess.py:106} INFO - 26/04/08 14:25:17 INFO DAGScheduler: Submitting 1 missing tasks from ResultStage 0 (MapPartitionsRDD[2] at csv at <unknown>:0) (first 15 tasks are for partitions Vector(0))
[2026-04-08T14:25:17.797+0000] {subprocess.py:106} INFO - 26/04/08 14:25:17 INFO TaskSchedulerImpl: Adding task set 0.0 with 1 tasks resource profile 0
[2026-04-08T14:25:21.348+0000] {subprocess.py:106} INFO - 26/04/08 14:25:21 INFO TaskSetManager: Starting task 0.0 in stage 0.0 (TID 0) (172.30.0.16, executor 0, partition 0, PROCESS_LOCAL, 10108 bytes)
[2026-04-08T14:25:21.594+0000] {subprocess.py:106} INFO - 26/04/08 14:25:21 INFO BlockManagerInfo: Added broadcast_1_piece0 in memory on 172.30.0.16:34967 (size: 4.4 KiB, free: 434.4 MiB)
[2026-04-08T14:25:21.807+0000] {subprocess.py:106} INFO - 26/04/08 14:25:21 INFO BlockManagerInfo: Added broadcast_0_piece0 in memory on 172.30.0.16:34967 (size: 36.2 KiB, free: 434.4 MiB)
[2026-04-08T14:25:23.524+0000] {subprocess.py:106} INFO - 26/04/08 14:25:23 INFO TaskSetManager: Finished task 0.0 in stage 0.0 (TID 0) in 2191 ms on 172.30.0.16 (executor 0) (1/1)
[2026-04-08T14:25:23.527+0000] {subprocess.py:106} INFO - 26/04/08 14:25:23 INFO TaskSchedulerImpl: Removed TaskSet 0.0, whose tasks have all completed, from pool
[2026-04-08T14:25:23.533+0000] {subprocess.py:106} INFO - 26/04/08 14:25:23 INFO DAGScheduler: ResultStage 0 (csv at <unknown>:0) finished in 5.809 s
[2026-04-08T14:25:23.538+0000] {subprocess.py:106} INFO - 26/04/08 14:25:23 INFO DAGScheduler: Job 0 is finished. Cancelling potential speculative or zombie tasks for this job
[2026-04-08T14:25:23.539+0000] {subprocess.py:106} INFO - 26/04/08 14:25:23 INFO TaskSchedulerImpl: Killing all running tasks in stage 0: Stage finished
[2026-04-08T14:25:23.541+0000] {subprocess.py:106} INFO - 26/04/08 14:25:23 INFO DAGScheduler: Job 0 finished: csv at <unknown>:0, took 5.892880 s
[2026-04-08T14:25:23.614+0000] {subprocess.py:106} INFO - 26/04/08 14:25:23 INFO SparkContext: Starting job: csv at <unknown>:0
[2026-04-08T14:25:23.615+0000] {subprocess.py:106} INFO - 26/04/08 14:25:23 INFO DAGScheduler: Got job 1 (csv at <unknown>:0) with 1 output partitions
[2026-04-08T14:25:23.615+0000] {subprocess.py:106} INFO - 26/04/08 14:25:23 INFO DAGScheduler: Final stage: ResultStage 1 (csv at <unknown>:0)
[2026-04-08T14:25:23.616+0000] {subprocess.py:106} INFO - 26/04/08 14:25:23 INFO DAGScheduler: Parents of final stage: List()
[2026-04-08T14:25:23.616+0000] {subprocess.py:106} INFO - 26/04/08 14:25:23 INFO DAGScheduler: Missing parents: List()
[2026-04-08T14:25:23.617+0000] {subprocess.py:106} INFO - 26/04/08 14:25:23 INFO DAGScheduler: Submitting ResultStage 1 (MapPartitionsRDD[3] at csv at <unknown>:0), which has no missing parents
[2026-04-08T14:25:23.620+0000] {subprocess.py:106} INFO - 26/04/08 14:25:23 INFO MemoryStore: Block broadcast_2 stored as values in memory (estimated size 10.1 KiB, free 434.1 MiB)
[2026-04-08T14:25:23.629+0000] {subprocess.py:106} INFO - 26/04/08 14:25:23 INFO MemoryStore: Block broadcast_2_piece0 stored as bytes in memory (estimated size 5.4 KiB, free 434.1 MiB)
[2026-04-08T14:25:23.630+0000] {subprocess.py:106} INFO - 26/04/08 14:25:23 INFO BlockManagerInfo: Added broadcast_2_piece0 in memory on c05002f484b8:41161 (size: 5.4 KiB, free: 434.4 MiB)
[2026-04-08T14:25:23.631+0000] {subprocess.py:106} INFO - 26/04/08 14:25:23 INFO SparkContext: Created broadcast 2 from broadcast at DAGScheduler.scala:1585
[2026-04-08T14:25:23.633+0000] {subprocess.py:106} INFO - 26/04/08 14:25:23 INFO DAGScheduler: Submitting 1 missing tasks from ResultStage 1 (MapPartitionsRDD[3] at csv at <unknown>:0) (first 15 tasks are for partitions Vector(0))
[2026-04-08T14:25:23.637+0000] {subprocess.py:106} INFO - 26/04/08 14:25:23 INFO TaskSchedulerImpl: Adding task set 1.0 with 1 tasks resource profile 0
[2026-04-08T14:25:23.638+0000] {subprocess.py:106} INFO - 26/04/08 14:25:23 INFO TaskSetManager: Starting task 0.0 in stage 1.0 (TID 1) (172.30.0.16, executor 0, partition 0, PROCESS_LOCAL, 10108 bytes)
[2026-04-08T14:25:23.673+0000] {subprocess.py:106} INFO - 26/04/08 14:25:23 INFO BlockManagerInfo: Removed broadcast_1_piece0 on c05002f484b8:41161 in memory (size: 4.4 KiB, free: 434.4 MiB)
[2026-04-08T14:25:23.677+0000] {subprocess.py:106} INFO - 26/04/08 14:25:23 INFO BlockManagerInfo: Removed broadcast_1_piece0 on 172.30.0.16:34967 in memory (size: 4.4 KiB, free: 434.4 MiB)
[2026-04-08T14:25:23.690+0000] {subprocess.py:106} INFO - 26/04/08 14:25:23 INFO BlockManagerInfo: Added broadcast_2_piece0 in memory on 172.30.0.16:34967 (size: 5.4 KiB, free: 434.4 MiB)
[2026-04-08T14:25:24.563+0000] {subprocess.py:106} INFO - 26/04/08 14:25:24 INFO TaskSetManager: Finished task 0.0 in stage 1.0 (TID 1) in 925 ms on 172.30.0.16 (executor 0) (1/1)
[2026-04-08T14:25:24.564+0000] {subprocess.py:106} INFO - 26/04/08 14:25:24 INFO TaskSchedulerImpl: Removed TaskSet 1.0, whose tasks have all completed, from pool
[2026-04-08T14:25:24.565+0000] {subprocess.py:106} INFO - 26/04/08 14:25:24 INFO DAGScheduler: ResultStage 1 (csv at <unknown>:0) finished in 0.944 s
[2026-04-08T14:25:24.566+0000] {subprocess.py:106} INFO - 26/04/08 14:25:24 INFO DAGScheduler: Job 1 is finished. Cancelling potential speculative or zombie tasks for this job
[2026-04-08T14:25:24.566+0000] {subprocess.py:106} INFO - 26/04/08 14:25:24 INFO TaskSchedulerImpl: Killing all running tasks in stage 1: Stage finished
[2026-04-08T14:25:24.575+0000] {subprocess.py:106} INFO - 26/04/08 14:25:24 INFO DAGScheduler: Job 1 finished: csv at <unknown>:0, took 0.958204 s
[2026-04-08T14:25:25.232+0000] {subprocess.py:106} INFO - 26/04/08 14:25:25 INFO BlockManagerInfo: Removed broadcast_0_piece0 on c05002f484b8:41161 in memory (size: 36.2 KiB, free: 434.4 MiB)
[2026-04-08T14:25:25.236+0000] {subprocess.py:106} INFO - 26/04/08 14:25:25 INFO BlockManagerInfo: Removed broadcast_0_piece0 on 172.30.0.16:34967 in memory (size: 36.2 KiB, free: 434.4 MiB)
[2026-04-08T14:25:25.246+0000] {subprocess.py:106} INFO - 26/04/08 14:25:25 INFO BlockManagerInfo: Removed broadcast_2_piece0 on c05002f484b8:41161 in memory (size: 5.4 KiB, free: 434.4 MiB)
[2026-04-08T14:25:25.250+0000] {subprocess.py:106} INFO - 26/04/08 14:25:25 INFO BlockManagerInfo: Removed broadcast_2_piece0 on 172.30.0.16:34967 in memory (size: 5.4 KiB, free: 434.4 MiB)
[2026-04-08T14:25:26.340+0000] {subprocess.py:106} INFO - 26/04/08 14:25:26 INFO FileSourceStrategy: Pushed Filters:
[2026-04-08T14:25:26.341+0000] {subprocess.py:106} INFO - 26/04/08 14:25:26 INFO FileSourceStrategy: Post-Scan Filters:
[2026-04-08T14:25:26.876+0000] {subprocess.py:106} INFO - 26/04/08 14:25:26 INFO CodeGenerator: Code generated in 233.579363 ms
[2026-04-08T14:25:26.884+0000] {subprocess.py:106} INFO - 26/04/08 14:25:26 INFO MemoryStore: Block broadcast_3 stored as values in memory (estimated size 205.7 KiB, free 434.2 MiB)
[2026-04-08T14:25:26.900+0000] {subprocess.py:106} INFO - 26/04/08 14:25:26 INFO MemoryStore: Block broadcast_3_piece0 stored as bytes in memory (estimated size 36.1 KiB, free 434.2 MiB)
[2026-04-08T14:25:26.901+0000] {subprocess.py:106} INFO - 26/04/08 14:25:26 INFO BlockManagerInfo: Added broadcast_3_piece0 in memory on c05002f484b8:41161 (size: 36.1 KiB, free: 434.4 MiB)
[2026-04-08T14:25:26.905+0000] {subprocess.py:106} INFO - 26/04/08 14:25:26 INFO SparkContext: Created broadcast 3 from count at <unknown>:0
[2026-04-08T14:25:26.944+0000] {subprocess.py:106} INFO - 26/04/08 14:25:26 INFO FileSourceScanExec: Planning scan with bin packing, max size: 4194304 bytes, open cost is considered as scanning 4194304 bytes.
[2026-04-08T14:25:26.998+0000] {subprocess.py:106} INFO - 26/04/08 14:25:26 INFO DAGScheduler: Registering RDD 7 (count at <unknown>:0) as input to shuffle 0
[2026-04-08T14:25:27.003+0000] {subprocess.py:106} INFO - 26/04/08 14:25:27 INFO DAGScheduler: Got map stage job 2 (count at <unknown>:0) with 1 output partitions
[2026-04-08T14:25:27.004+0000] {subprocess.py:106} INFO - 26/04/08 14:25:27 INFO DAGScheduler: Final stage: ShuffleMapStage 2 (count at <unknown>:0)
[2026-04-08T14:25:27.004+0000] {subprocess.py:106} INFO - 26/04/08 14:25:27 INFO DAGScheduler: Parents of final stage: List()
[2026-04-08T14:25:27.006+0000] {subprocess.py:106} INFO - 26/04/08 14:25:27 INFO DAGScheduler: Missing parents: List()
[2026-04-08T14:25:27.008+0000] {subprocess.py:106} INFO - 26/04/08 14:25:27 INFO DAGScheduler: Submitting ShuffleMapStage 2 (MapPartitionsRDD[7] at count at <unknown>:0), which has no missing parents
[2026-04-08T14:25:27.053+0000] {subprocess.py:106} INFO - 26/04/08 14:25:27 INFO MemoryStore: Block broadcast_4 stored as values in memory (estimated size 18.1 KiB, free 434.1 MiB)
[2026-04-08T14:25:27.064+0000] {subprocess.py:106} INFO - 26/04/08 14:25:27 INFO MemoryStore: Block broadcast_4_piece0 stored as bytes in memory (estimated size 8.9 KiB, free 434.1 MiB)
[2026-04-08T14:25:27.070+0000] {subprocess.py:106} INFO - 26/04/08 14:25:27 INFO BlockManagerInfo: Added broadcast_4_piece0 in memory on c05002f484b8:41161 (size: 8.9 KiB, free: 434.4 MiB)
[2026-04-08T14:25:27.073+0000] {subprocess.py:106} INFO - 26/04/08 14:25:27 INFO SparkContext: Created broadcast 4 from broadcast at DAGScheduler.scala:1585
[2026-04-08T14:25:27.074+0000] {subprocess.py:106} INFO - 26/04/08 14:25:27 INFO DAGScheduler: Submitting 1 missing tasks from ShuffleMapStage 2 (MapPartitionsRDD[7] at count at <unknown>:0) (first 15 tasks are for partitions Vector(0))
[2026-04-08T14:25:27.076+0000] {subprocess.py:106} INFO - 26/04/08 14:25:27 INFO TaskSchedulerImpl: Adding task set 2.0 with 1 tasks resource profile 0
[2026-04-08T14:25:27.079+0000] {subprocess.py:106} INFO - 26/04/08 14:25:27 INFO TaskSetManager: Starting task 0.0 in stage 2.0 (TID 2) (172.30.0.16, executor 0, partition 0, PROCESS_LOCAL, 10568 bytes)
[2026-04-08T14:25:27.128+0000] {subprocess.py:106} INFO - 26/04/08 14:25:27 INFO BlockManagerInfo: Added broadcast_4_piece0 in memory on 172.30.0.16:34967 (size: 8.9 KiB, free: 434.4 MiB)
[2026-04-08T14:25:27.734+0000] {subprocess.py:106} INFO - 26/04/08 14:25:27 INFO BlockManagerInfo: Added broadcast_3_piece0 in memory on 172.30.0.16:34967 (size: 36.1 KiB, free: 434.4 MiB)
[2026-04-08T14:25:27.911+0000] {subprocess.py:106} INFO - 26/04/08 14:25:27 INFO TaskSetManager: Finished task 0.0 in stage 2.0 (TID 2) in 839 ms on 172.30.0.16 (executor 0) (1/1)
[2026-04-08T14:25:27.912+0000] {subprocess.py:106} INFO - 26/04/08 14:25:27 INFO TaskSchedulerImpl: Removed TaskSet 2.0, whose tasks have all completed, from pool
[2026-04-08T14:25:27.915+0000] {subprocess.py:106} INFO - 26/04/08 14:25:27 INFO DAGScheduler: ShuffleMapStage 2 (count at <unknown>:0) finished in 0.903 s
[2026-04-08T14:25:27.915+0000] {subprocess.py:106} INFO - 26/04/08 14:25:27 INFO DAGScheduler: looking for newly runnable stages
[2026-04-08T14:25:27.917+0000] {subprocess.py:106} INFO - 26/04/08 14:25:27 INFO DAGScheduler: running: Set()
[2026-04-08T14:25:27.918+0000] {subprocess.py:106} INFO - 26/04/08 14:25:27 INFO DAGScheduler: waiting: Set()
[2026-04-08T14:25:27.918+0000] {subprocess.py:106} INFO - 26/04/08 14:25:27 INFO DAGScheduler: failed: Set()
[2026-04-08T14:25:27.980+0000] {subprocess.py:106} INFO - 26/04/08 14:25:27 INFO CodeGenerator: Code generated in 15.766362 ms
[2026-04-08T14:25:28.020+0000] {subprocess.py:106} INFO - 26/04/08 14:25:28 INFO SparkContext: Starting job: count at <unknown>:0
[2026-04-08T14:25:28.026+0000] {subprocess.py:106} INFO - 26/04/08 14:25:28 INFO DAGScheduler: Got job 3 (count at <unknown>:0) with 1 output partitions
[2026-04-08T14:25:28.026+0000] {subprocess.py:106} INFO - 26/04/08 14:25:28 INFO DAGScheduler: Final stage: ResultStage 4 (count at <unknown>:0)
[2026-04-08T14:25:28.028+0000] {subprocess.py:106} INFO - 26/04/08 14:25:28 INFO DAGScheduler: Parents of final stage: List(ShuffleMapStage 3)
[2026-04-08T14:25:28.029+0000] {subprocess.py:106} INFO - 26/04/08 14:25:28 INFO DAGScheduler: Missing parents: List()
[2026-04-08T14:25:28.031+0000] {subprocess.py:106} INFO - 26/04/08 14:25:28 INFO DAGScheduler: Submitting ResultStage 4 (MapPartitionsRDD[10] at count at <unknown>:0), which has no missing parents
[2026-04-08T14:25:28.044+0000] {subprocess.py:106} INFO - 26/04/08 14:25:28 INFO MemoryStore: Block broadcast_5 stored as values in memory (estimated size 12.5 KiB, free 434.1 MiB)
[2026-04-08T14:25:28.070+0000] {subprocess.py:106} INFO - 26/04/08 14:25:28 INFO MemoryStore: Block broadcast_5_piece0 stored as bytes in memory (estimated size 5.9 KiB, free 434.1 MiB)
[2026-04-08T14:25:28.078+0000] {subprocess.py:106} INFO - 26/04/08 14:25:28 INFO BlockManagerInfo: Added broadcast_5_piece0 in memory on c05002f484b8:41161 (size: 5.9 KiB, free: 434.4 MiB)
[2026-04-08T14:25:28.080+0000] {subprocess.py:106} INFO - 26/04/08 14:25:28 INFO SparkContext: Created broadcast 5 from broadcast at DAGScheduler.scala:1585
[2026-04-08T14:25:28.086+0000] {subprocess.py:106} INFO - 26/04/08 14:25:28 INFO DAGScheduler: Submitting 1 missing tasks from ResultStage 4 (MapPartitionsRDD[10] at count at <unknown>:0) (first 15 tasks are for partitions Vector(0))
[2026-04-08T14:25:28.091+0000] {subprocess.py:106} INFO - 26/04/08 14:25:28 INFO TaskSchedulerImpl: Adding task set 4.0 with 1 tasks resource profile 0
[2026-04-08T14:25:28.093+0000] {subprocess.py:106} INFO - 26/04/08 14:25:28 INFO BlockManagerInfo: Removed broadcast_4_piece0 on c05002f484b8:41161 in memory (size: 8.9 KiB, free: 434.4 MiB)
[2026-04-08T14:25:28.096+0000] {subprocess.py:106} INFO - 26/04/08 14:25:28 INFO BlockManagerInfo: Removed broadcast_4_piece0 on 172.30.0.16:34967 in memory (size: 8.9 KiB, free: 434.4 MiB)
[2026-04-08T14:25:28.106+0000] {subprocess.py:106} INFO - 26/04/08 14:25:28 INFO TaskSetManager: Starting task 0.0 in stage 4.0 (TID 3) (172.30.0.16, executor 0, partition 0, NODE_LOCAL, 9976 bytes)
[2026-04-08T14:25:28.181+0000] {subprocess.py:106} INFO - 26/04/08 14:25:28 INFO BlockManagerInfo: Added broadcast_5_piece0 in memory on 172.30.0.16:34967 (size: 5.9 KiB, free: 434.4 MiB)
[2026-04-08T14:25:28.247+0000] {subprocess.py:106} INFO - 26/04/08 14:25:28 INFO MapOutputTrackerMasterEndpoint: Asked to send map output locations for shuffle 0 to 172.30.0.16:33744
[2026-04-08T14:25:28.425+0000] {subprocess.py:106} INFO - 26/04/08 14:25:28 INFO TaskSetManager: Finished task 0.0 in stage 4.0 (TID 3) in 320 ms on 172.30.0.16 (executor 0) (1/1)
[2026-04-08T14:25:28.426+0000] {subprocess.py:106} INFO - 26/04/08 14:25:28 INFO TaskSchedulerImpl: Removed TaskSet 4.0, whose tasks have all completed, from pool
[2026-04-08T14:25:28.438+0000] {subprocess.py:106} INFO - 26/04/08 14:25:28 INFO DAGScheduler: ResultStage 4 (count at <unknown>:0) finished in 0.388 s
[2026-04-08T14:25:28.440+0000] {subprocess.py:106} INFO - 26/04/08 14:25:28 INFO DAGScheduler: Job 3 is finished. Cancelling potential speculative or zombie tasks for this job
[2026-04-08T14:25:28.441+0000] {subprocess.py:106} INFO - 26/04/08 14:25:28 INFO TaskSchedulerImpl: Killing all running tasks in stage 4: Stage finished
[2026-04-08T14:25:28.442+0000] {subprocess.py:106} INFO - 26/04/08 14:25:28 INFO DAGScheduler: Job 3 finished: count at <unknown>:0, took 0.417242 s
[2026-04-08T14:25:28.455+0000] {subprocess.py:106} INFO -  Record loaded from CSV: 13516
[2026-04-08T14:25:28.458+0000] {subprocess.py:106} INFO - root
[2026-04-08T14:25:28.459+0000] {subprocess.py:106} INFO -  |-- job_title: string (nullable = true)
[2026-04-08T14:25:28.461+0000] {subprocess.py:106} INFO -  |-- company_name: string (nullable = true)
[2026-04-08T14:25:28.461+0000] {subprocess.py:106} INFO -  |-- location: string (nullable = true)
[2026-04-08T14:25:28.462+0000] {subprocess.py:106} INFO -  |-- skills_required: string (nullable = true)
[2026-04-08T14:25:28.463+0000] {subprocess.py:106} INFO -  |-- date_posted: timestamp (nullable = true)
[2026-04-08T14:25:28.464+0000] {subprocess.py:106} INFO -  |-- job_link: string (nullable = true)
[2026-04-08T14:25:28.464+0000] {subprocess.py:106} INFO -  |-- job_category: string (nullable = true)
[2026-04-08T14:25:28.465+0000] {subprocess.py:106} INFO -  |-- work_mode: string (nullable = true)
[2026-04-08T14:25:28.466+0000] {subprocess.py:106} INFO -  |-- crawl_date: timestamp (nullable = true)
[2026-04-08T14:25:28.466+0000] {subprocess.py:106} INFO -  |-- date_only: date (nullable = true)
[2026-04-08T14:25:28.467+0000] {subprocess.py:106} INFO - 
[2026-04-08T14:25:28.942+0000] {subprocess.py:106} INFO - 26/04/08 14:25:28 INFO HiveConf: Found configuration file null
[2026-04-08T14:25:29.085+0000] {subprocess.py:106} INFO - 26/04/08 14:25:29 INFO BlockManagerInfo: Removed broadcast_3_piece0 on c05002f484b8:41161 in memory (size: 36.1 KiB, free: 434.4 MiB)
[2026-04-08T14:25:29.087+0000] {subprocess.py:106} INFO - 26/04/08 14:25:29 INFO BlockManagerInfo: Removed broadcast_3_piece0 on 172.30.0.16:34967 in memory (size: 36.1 KiB, free: 434.4 MiB)
[2026-04-08T14:25:29.112+0000] {subprocess.py:106} INFO - 26/04/08 14:25:29 INFO BlockManagerInfo: Removed broadcast_5_piece0 on c05002f484b8:41161 in memory (size: 5.9 KiB, free: 434.4 MiB)
[2026-04-08T14:25:29.114+0000] {subprocess.py:106} INFO - 26/04/08 14:25:29 INFO BlockManagerInfo: Removed broadcast_5_piece0 on 172.30.0.16:34967 in memory (size: 5.9 KiB, free: 434.4 MiB)
[2026-04-08T14:25:29.176+0000] {subprocess.py:106} INFO - 26/04/08 14:25:29 INFO metastore: Trying to connect to metastore with URI thrift://hive-metastore:9083
[2026-04-08T14:25:29.208+0000] {subprocess.py:106} INFO - 26/04/08 14:25:29 INFO metastore: Opened a connection to metastore, current connections: 1
[2026-04-08T14:25:29.258+0000] {subprocess.py:106} INFO - 26/04/08 14:25:29 INFO metastore: Connected to metastore.
[2026-04-08T14:25:29.651+0000] {subprocess.py:106} INFO - 26/04/08 14:25:29 INFO BaseMetastoreTableOperations: Refreshing table metadata from new version: s3a://warehouse/iceberg_data/bronze.db/it_jobs_raw/metadata/00002-93a86c7f-4eec-42ff-93d7-ba02604da2ea.metadata.json
[2026-04-08T14:25:30.035+0000] {subprocess.py:106} INFO - 26/04/08 14:25:30 INFO BaseMetastoreCatalog: Table loaded by catalog: iceberg.bronze.it_jobs_raw
[2026-04-08T14:25:30.042+0000] {subprocess.py:106} INFO - Table iceberg.bronze.it_jobs_raw exists. Checking for new records...
[2026-04-08T14:25:30.353+0000] {subprocess.py:106} INFO - 26/04/08 14:25:30 INFO V2ScanRelationPushDown:
[2026-04-08T14:25:30.354+0000] {subprocess.py:106} INFO - Pushing operators to iceberg.bronze.it_jobs_raw
[2026-04-08T14:25:30.354+0000] {subprocess.py:106} INFO - Pushed Filters: job_link IS NOT NULL
[2026-04-08T14:25:30.355+0000] {subprocess.py:106} INFO - Post-Scan Filters: isnotnull(job_link#79)
[2026-04-08T14:25:30.356+0000] {subprocess.py:106} INFO - 
[2026-04-08T14:25:30.424+0000] {subprocess.py:106} INFO - 26/04/08 14:25:30 INFO V2ScanRelationPushDown:
[2026-04-08T14:25:30.425+0000] {subprocess.py:106} INFO - Output: job_link#79
[2026-04-08T14:25:30.426+0000] {subprocess.py:106} INFO - 
[2026-04-08T14:25:30.447+0000] {subprocess.py:106} INFO - 26/04/08 14:25:30 INFO SnapshotScan: Scanning table iceberg.bronze.it_jobs_raw snapshot 6577377851331284218 created at 2026-04-08T13:47:49.441+00:00 with filter job_link IS NOT NULL
[2026-04-08T14:25:30.688+0000] {subprocess.py:106} INFO - 26/04/08 14:25:30 INFO BaseDistributedDataScan: Planning file tasks locally for table iceberg.bronze.it_jobs_raw
[2026-04-08T14:25:30.856+0000] {subprocess.py:106} INFO - 26/04/08 14:25:30 INFO SparkPartitioningAwareScan: Reporting UnknownPartitioning with 1 partition(s) for table iceberg.bronze.it_jobs_raw
[2026-04-08T14:25:30.908+0000] {subprocess.py:106} INFO - 26/04/08 14:25:30 INFO FileSourceStrategy: Pushed Filters:
[2026-04-08T14:25:30.908+0000] {subprocess.py:106} INFO - 26/04/08 14:25:30 INFO FileSourceStrategy: Post-Scan Filters:
[2026-04-08T14:25:30.919+0000] {subprocess.py:106} INFO - 26/04/08 14:25:30 INFO MemoryStore: Block broadcast_6 stored as values in memory (estimated size 32.0 KiB, free 434.4 MiB)
[2026-04-08T14:25:30.939+0000] {subprocess.py:106} INFO - 26/04/08 14:25:30 INFO MemoryStore: Block broadcast_6_piece0 stored as bytes in memory (estimated size 30.2 KiB, free 434.3 MiB)
[2026-04-08T14:25:30.941+0000] {subprocess.py:106} INFO - 26/04/08 14:25:30 INFO BlockManagerInfo: Added broadcast_6_piece0 in memory on c05002f484b8:41161 (size: 30.2 KiB, free: 434.4 MiB)
[2026-04-08T14:25:30.945+0000] {subprocess.py:106} INFO - 26/04/08 14:25:30 INFO SparkContext: Created broadcast 6 from broadcast at SparkBatch.java:79
[2026-04-08T14:25:30.977+0000] {subprocess.py:106} INFO - 26/04/08 14:25:30 INFO MemoryStore: Block broadcast_7 stored as values in memory (estimated size 32.0 KiB, free 434.3 MiB)
[2026-04-08T14:25:30.983+0000] {subprocess.py:106} INFO - 26/04/08 14:25:30 INFO MemoryStore: Block broadcast_7_piece0 stored as bytes in memory (estimated size 30.2 KiB, free 434.3 MiB)
[2026-04-08T14:25:30.984+0000] {subprocess.py:106} INFO - 26/04/08 14:25:30 INFO BlockManagerInfo: Added broadcast_7_piece0 in memory on c05002f484b8:41161 (size: 30.2 KiB, free: 434.3 MiB)
[2026-04-08T14:25:30.985+0000] {subprocess.py:106} INFO - 26/04/08 14:25:30 INFO SparkContext: Created broadcast 7 from broadcast at SparkBatch.java:79
[2026-04-08T14:25:31.066+0000] {subprocess.py:106} INFO - 26/04/08 14:25:31 INFO CodeGenerator: Code generated in 22.007449 ms
[2026-04-08T14:25:31.090+0000] {subprocess.py:106} INFO - 26/04/08 14:25:31 INFO SparkContext: Starting job: $anonfun$withThreadLocalCaptured$1 at <unknown>:0
[2026-04-08T14:25:31.092+0000] {subprocess.py:106} INFO - 26/04/08 14:25:31 INFO DAGScheduler: Got job 4 ($anonfun$withThreadLocalCaptured$1 at <unknown>:0) with 1 output partitions
[2026-04-08T14:25:31.093+0000] {subprocess.py:106} INFO - 26/04/08 14:25:31 INFO DAGScheduler: Final stage: ResultStage 5 ($anonfun$withThreadLocalCaptured$1 at <unknown>:0)
[2026-04-08T14:25:31.094+0000] {subprocess.py:106} INFO - 26/04/08 14:25:31 INFO DAGScheduler: Parents of final stage: List()
[2026-04-08T14:25:31.094+0000] {subprocess.py:106} INFO - 26/04/08 14:25:31 INFO DAGScheduler: Missing parents: List()
[2026-04-08T14:25:31.095+0000] {subprocess.py:106} INFO - 26/04/08 14:25:31 INFO DAGScheduler: Submitting ResultStage 5 (MapPartitionsRDD[14] at $anonfun$withThreadLocalCaptured$1 at <unknown>:0), which has no missing parents
[2026-04-08T14:25:31.097+0000] {subprocess.py:106} INFO - 26/04/08 14:25:31 INFO MemoryStore: Block broadcast_8 stored as values in memory (estimated size 13.7 KiB, free 434.3 MiB)
[2026-04-08T14:25:31.108+0000] {subprocess.py:106} INFO - 26/04/08 14:25:31 INFO MemoryStore: Block broadcast_8_piece0 stored as bytes in memory (estimated size 5.5 KiB, free 434.3 MiB)
[2026-04-08T14:25:31.110+0000] {subprocess.py:106} INFO - 26/04/08 14:25:31 INFO BlockManagerInfo: Added broadcast_8_piece0 in memory on c05002f484b8:41161 (size: 5.5 KiB, free: 434.3 MiB)
[2026-04-08T14:25:31.111+0000] {subprocess.py:106} INFO - 26/04/08 14:25:31 INFO SparkContext: Created broadcast 8 from broadcast at DAGScheduler.scala:1585
[2026-04-08T14:25:31.112+0000] {subprocess.py:106} INFO - 26/04/08 14:25:31 INFO DAGScheduler: Submitting 1 missing tasks from ResultStage 5 (MapPartitionsRDD[14] at $anonfun$withThreadLocalCaptured$1 at <unknown>:0) (first 15 tasks are for partitions Vector(0))
[2026-04-08T14:25:31.113+0000] {subprocess.py:106} INFO - 26/04/08 14:25:31 INFO TaskSchedulerImpl: Adding task set 5.0 with 1 tasks resource profile 0
[2026-04-08T14:25:31.131+0000] {subprocess.py:106} INFO - 26/04/08 14:25:31 INFO TaskSetManager: Starting task 0.0 in stage 5.0 (TID 4) (172.30.0.16, executor 0, partition 0, PROCESS_LOCAL, 15884 bytes)
[2026-04-08T14:25:31.076+0000] {subprocess.py:106} INFO - 26/04/08 14:25:31 INFO BlockManagerInfo: Added broadcast_8_piece0 in memory on 172.30.0.16:34967 (size: 5.5 KiB, free: 434.4 MiB)
[2026-04-08T14:25:31.131+0000] {subprocess.py:106} INFO - 26/04/08 14:25:31 INFO BlockManagerInfo: Added broadcast_7_piece0 in memory on 172.30.0.16:34967 (size: 30.2 KiB, free: 434.4 MiB)
[2026-04-08T14:25:36.005+0000] {subprocess.py:106} INFO - 26/04/08 14:25:36 INFO TaskSetManager: Finished task 0.0 in stage 5.0 (TID 4) in 4888 ms on 172.30.0.16 (executor 0) (1/1)
[2026-04-08T14:25:36.007+0000] {subprocess.py:106} INFO - 26/04/08 14:25:36 INFO TaskSchedulerImpl: Removed TaskSet 5.0, whose tasks have all completed, from pool
[2026-04-08T14:25:36.008+0000] {subprocess.py:106} INFO - 26/04/08 14:25:36 INFO DAGScheduler: ResultStage 5 ($anonfun$withThreadLocalCaptured$1 at <unknown>:0) finished in 4.908 s
[2026-04-08T14:25:36.009+0000] {subprocess.py:106} INFO - 26/04/08 14:25:36 INFO DAGScheduler: Job 4 is finished. Cancelling potential speculative or zombie tasks for this job
[2026-04-08T14:25:36.010+0000] {subprocess.py:106} INFO - 26/04/08 14:25:36 INFO TaskSchedulerImpl: Killing all running tasks in stage 5: Stage finished
[2026-04-08T14:25:36.013+0000] {subprocess.py:106} INFO - 26/04/08 14:25:36 INFO DAGScheduler: Job 4 finished: $anonfun$withThreadLocalCaptured$1 at <unknown>:0, took 2.264629 s
[2026-04-08T14:25:36.079+0000] {subprocess.py:106} INFO - 26/04/08 14:25:36 INFO CodeGenerator: Code generated in 11.540699 ms
[2026-04-08T14:25:36.131+0000] {subprocess.py:106} INFO - 26/04/08 14:25:36 INFO BlockManagerInfo: Removed broadcast_8_piece0 on c05002f484b8:41161 in memory (size: 5.5 KiB, free: 434.3 MiB)
[2026-04-08T14:25:36.134+0000] {subprocess.py:106} INFO - 26/04/08 14:25:36 INFO BlockManagerInfo: Removed broadcast_8_piece0 on 172.30.0.16:34967 in memory (size: 5.5 KiB, free: 434.4 MiB)
[2026-04-08T14:25:36.192+0000] {subprocess.py:106} INFO - 26/04/08 14:25:36 INFO MemoryStore: Block broadcast_9_piece0 stored as bytes in memory (estimated size 797.3 KiB, free 433.5 MiB)
[2026-04-08T14:25:36.194+0000] {subprocess.py:106} INFO - 26/04/08 14:25:36 INFO BlockManagerInfo: Added broadcast_9_piece0 in memory on c05002f484b8:41161 (size: 797.3 KiB, free: 433.6 MiB)
[2026-04-08T14:25:36.199+0000] {subprocess.py:106} INFO - 26/04/08 14:25:36 INFO SparkContext: Created broadcast 9 from $anonfun$withThreadLocalCaptured$1 at <unknown>:0
[2026-04-08T14:25:36.204+0000] {subprocess.py:106} INFO - 26/04/08 14:25:36 INFO FileSourceStrategy: Pushed Filters:
[2026-04-08T14:25:36.205+0000] {subprocess.py:106} INFO - 26/04/08 14:25:36 INFO FileSourceStrategy: Post-Scan Filters:
[2026-04-08T14:25:36.246+0000] {subprocess.py:106} INFO - 26/04/08 14:25:36 INFO CodeGenerator: Code generated in 13.551329 ms
[2026-04-08T14:25:36.251+0000] {subprocess.py:106} INFO - 26/04/08 14:25:36 INFO MemoryStore: Block broadcast_10 stored as values in memory (estimated size 205.7 KiB, free 433.3 MiB)
[2026-04-08T14:25:36.274+0000] {subprocess.py:106} INFO - 26/04/08 14:25:36 INFO MemoryStore: Block broadcast_10_piece0 stored as bytes in memory (estimated size 36.1 KiB, free 433.3 MiB)
[2026-04-08T14:25:36.275+0000] {subprocess.py:106} INFO - 26/04/08 14:25:36 INFO BlockManagerInfo: Added broadcast_10_piece0 in memory on c05002f484b8:41161 (size: 36.1 KiB, free: 433.5 MiB)
[2026-04-08T14:25:36.277+0000] {subprocess.py:106} INFO - 26/04/08 14:25:36 INFO SparkContext: Created broadcast 10 from count at <unknown>:0
[2026-04-08T14:25:36.278+0000] {subprocess.py:106} INFO - 26/04/08 14:25:36 INFO FileSourceScanExec: Planning scan with bin packing, max size: 4194304 bytes, open cost is considered as scanning 4194304 bytes.
[2026-04-08T14:25:36.288+0000] {subprocess.py:106} INFO - 26/04/08 14:25:36 INFO DAGScheduler: Registering RDD 18 (count at <unknown>:0) as input to shuffle 1
[2026-04-08T14:25:36.289+0000] {subprocess.py:106} INFO - 26/04/08 14:25:36 INFO DAGScheduler: Got map stage job 5 (count at <unknown>:0) with 1 output partitions
[2026-04-08T14:25:36.289+0000] {subprocess.py:106} INFO - 26/04/08 14:25:36 INFO DAGScheduler: Final stage: ShuffleMapStage 6 (count at <unknown>:0)
[2026-04-08T14:25:36.290+0000] {subprocess.py:106} INFO - 26/04/08 14:25:36 INFO DAGScheduler: Parents of final stage: List()
[2026-04-08T14:25:36.291+0000] {subprocess.py:106} INFO - 26/04/08 14:25:36 INFO DAGScheduler: Missing parents: List()
[2026-04-08T14:25:36.294+0000] {subprocess.py:106} INFO - 26/04/08 14:25:36 INFO DAGScheduler: Submitting ShuffleMapStage 6 (MapPartitionsRDD[18] at count at <unknown>:0), which has no missing parents
[2026-04-08T14:25:36.299+0000] {subprocess.py:106} INFO - 26/04/08 14:25:36 INFO MemoryStore: Block broadcast_11 stored as values in memory (estimated size 20.2 KiB, free 433.2 MiB)
[2026-04-08T14:25:36.302+0000] {subprocess.py:106} INFO - 26/04/08 14:25:36 INFO MemoryStore: Block broadcast_11_piece0 stored as bytes in memory (estimated size 9.7 KiB, free 433.2 MiB)
[2026-04-08T14:25:36.304+0000] {subprocess.py:106} INFO - 26/04/08 14:25:36 INFO BlockManagerInfo: Added broadcast_11_piece0 in memory on c05002f484b8:41161 (size: 9.7 KiB, free: 433.5 MiB)
[2026-04-08T14:25:36.305+0000] {subprocess.py:106} INFO - 26/04/08 14:25:36 INFO SparkContext: Created broadcast 11 from broadcast at DAGScheduler.scala:1585
[2026-04-08T14:25:36.305+0000] {subprocess.py:106} INFO - 26/04/08 14:25:36 INFO DAGScheduler: Submitting 1 missing tasks from ShuffleMapStage 6 (MapPartitionsRDD[18] at count at <unknown>:0) (first 15 tasks are for partitions Vector(0))
[2026-04-08T14:25:36.306+0000] {subprocess.py:106} INFO - 26/04/08 14:25:36 INFO TaskSchedulerImpl: Adding task set 6.0 with 1 tasks resource profile 0
[2026-04-08T14:25:36.317+0000] {subprocess.py:106} INFO - 26/04/08 14:25:36 INFO TaskSetManager: Starting task 0.0 in stage 6.0 (TID 5) (172.30.0.16, executor 0, partition 0, PROCESS_LOCAL, 10568 bytes)
[2026-04-08T14:25:36.337+0000] {subprocess.py:106} INFO - 26/04/08 14:25:36 INFO BlockManagerInfo: Added broadcast_11_piece0 in memory on 172.30.0.16:34967 (size: 9.7 KiB, free: 434.4 MiB)
[2026-04-08T14:25:36.408+0000] {subprocess.py:106} INFO - 26/04/08 14:25:36 INFO BlockManagerInfo: Added broadcast_9_piece0 in memory on 172.30.0.16:34967 (size: 797.3 KiB, free: 433.6 MiB)
[2026-04-08T14:25:36.591+0000] {subprocess.py:106} INFO - 26/04/08 14:25:36 INFO BlockManagerInfo: Added broadcast_10_piece0 in memory on 172.30.0.16:34967 (size: 36.1 KiB, free: 433.5 MiB)
[2026-04-08T14:25:36.795+0000] {subprocess.py:106} INFO - 26/04/08 14:25:36 INFO TaskSetManager: Finished task 0.0 in stage 6.0 (TID 5) in 473 ms on 172.30.0.16 (executor 0) (1/1)
[2026-04-08T14:25:36.796+0000] {subprocess.py:106} INFO - 26/04/08 14:25:36 INFO TaskSchedulerImpl: Removed TaskSet 6.0, whose tasks have all completed, from pool
[2026-04-08T14:25:36.801+0000] {subprocess.py:106} INFO - 26/04/08 14:25:36 INFO DAGScheduler: ShuffleMapStage 6 (count at <unknown>:0) finished in 0.505 s
[2026-04-08T14:25:36.805+0000] {subprocess.py:106} INFO - 26/04/08 14:25:36 INFO DAGScheduler: looking for newly runnable stages
[2026-04-08T14:25:36.807+0000] {subprocess.py:106} INFO - 26/04/08 14:25:36 INFO DAGScheduler: running: Set()
[2026-04-08T14:25:36.808+0000] {subprocess.py:106} INFO - 26/04/08 14:25:36 INFO DAGScheduler: waiting: Set()
[2026-04-08T14:25:36.810+0000] {subprocess.py:106} INFO - 26/04/08 14:25:36 INFO DAGScheduler: failed: Set()
[2026-04-08T14:25:36.841+0000] {subprocess.py:106} INFO - 26/04/08 14:25:36 INFO CodeGenerator: Code generated in 12.640301 ms
[2026-04-08T14:25:36.861+0000] {subprocess.py:106} INFO - 26/04/08 14:25:36 INFO SparkContext: Starting job: count at <unknown>:0
[2026-04-08T14:25:36.863+0000] {subprocess.py:106} INFO - 26/04/08 14:25:36 INFO DAGScheduler: Got job 6 (count at <unknown>:0) with 1 output partitions
[2026-04-08T14:25:36.864+0000] {subprocess.py:106} INFO - 26/04/08 14:25:36 INFO DAGScheduler: Final stage: ResultStage 8 (count at <unknown>:0)
[2026-04-08T14:25:36.867+0000] {subprocess.py:106} INFO - 26/04/08 14:25:36 INFO DAGScheduler: Parents of final stage: List(ShuffleMapStage 7)
[2026-04-08T14:25:36.868+0000] {subprocess.py:106} INFO - 26/04/08 14:25:36 INFO DAGScheduler: Missing parents: List()
[2026-04-08T14:25:36.869+0000] {subprocess.py:106} INFO - 26/04/08 14:25:36 INFO DAGScheduler: Submitting ResultStage 8 (MapPartitionsRDD[21] at count at <unknown>:0), which has no missing parents
[2026-04-08T14:25:36.869+0000] {subprocess.py:106} INFO - 26/04/08 14:25:36 INFO MemoryStore: Block broadcast_12 stored as values in memory (estimated size 12.5 KiB, free 433.2 MiB)
[2026-04-08T14:25:36.887+0000] {subprocess.py:106} INFO - 26/04/08 14:25:36 INFO MemoryStore: Block broadcast_12_piece0 stored as bytes in memory (estimated size 5.9 KiB, free 433.2 MiB)
[2026-04-08T14:25:36.889+0000] {subprocess.py:106} INFO - 26/04/08 14:25:36 INFO BlockManagerInfo: Added broadcast_12_piece0 in memory on c05002f484b8:41161 (size: 5.9 KiB, free: 433.5 MiB)
[2026-04-08T14:25:36.890+0000] {subprocess.py:106} INFO - 26/04/08 14:25:36 INFO BlockManagerInfo: Removed broadcast_11_piece0 on c05002f484b8:41161 in memory (size: 9.7 KiB, free: 433.5 MiB)
[2026-04-08T14:25:36.891+0000] {subprocess.py:106} INFO - 26/04/08 14:25:36 INFO SparkContext: Created broadcast 12 from broadcast at DAGScheduler.scala:1585
[2026-04-08T14:25:36.892+0000] {subprocess.py:106} INFO - 26/04/08 14:25:36 INFO DAGScheduler: Submitting 1 missing tasks from ResultStage 8 (MapPartitionsRDD[21] at count at <unknown>:0) (first 15 tasks are for partitions Vector(0))
[2026-04-08T14:25:36.892+0000] {subprocess.py:106} INFO - 26/04/08 14:25:36 INFO TaskSchedulerImpl: Adding task set 8.0 with 1 tasks resource profile 0
[2026-04-08T14:25:36.894+0000] {subprocess.py:106} INFO - 26/04/08 14:25:36 INFO BlockManagerInfo: Removed broadcast_11_piece0 on 172.30.0.16:34967 in memory (size: 9.7 KiB, free: 433.6 MiB)
[2026-04-08T14:25:36.899+0000] {subprocess.py:106} INFO - 26/04/08 14:25:36 INFO TaskSetManager: Starting task 0.0 in stage 8.0 (TID 6) (172.30.0.16, executor 0, partition 0, NODE_LOCAL, 9976 bytes)
[2026-04-08T14:25:36.919+0000] {subprocess.py:106} INFO - 26/04/08 14:25:36 INFO BlockManagerInfo: Added broadcast_12_piece0 in memory on 172.30.0.16:34967 (size: 5.9 KiB, free: 433.6 MiB)
[2026-04-08T14:25:36.927+0000] {subprocess.py:106} INFO - 26/04/08 14:25:36 INFO MapOutputTrackerMasterEndpoint: Asked to send map output locations for shuffle 1 to 172.30.0.16:33744
[2026-04-08T14:25:36.987+0000] {subprocess.py:106} INFO - 26/04/08 14:25:36 INFO TaskSetManager: Finished task 0.0 in stage 8.0 (TID 6) in 89 ms on 172.30.0.16 (executor 0) (1/1)
[2026-04-08T14:25:36.988+0000] {subprocess.py:106} INFO - 26/04/08 14:25:36 INFO TaskSchedulerImpl: Removed TaskSet 8.0, whose tasks have all completed, from pool
[2026-04-08T14:25:36.991+0000] {subprocess.py:106} INFO - 26/04/08 14:25:36 INFO DAGScheduler: ResultStage 8 (count at <unknown>:0) finished in 0.116 s
[2026-04-08T14:25:36.993+0000] {subprocess.py:106} INFO - 26/04/08 14:25:36 INFO DAGScheduler: Job 6 is finished. Cancelling potential speculative or zombie tasks for this job
[2026-04-08T14:25:36.995+0000] {subprocess.py:106} INFO - 26/04/08 14:25:36 INFO TaskSchedulerImpl: Killing all running tasks in stage 8: Stage finished
[2026-04-08T14:25:36.999+0000] {subprocess.py:106} INFO - 26/04/08 14:25:36 INFO DAGScheduler: Job 6 finished: count at <unknown>:0, took 0.123189 s
[2026-04-08T14:25:37.000+0000] {subprocess.py:106} INFO -  New records to append: 0
[2026-04-08T14:25:37.001+0000] {subprocess.py:106} INFO - No new records found. Skip writing.
[2026-04-08T14:25:37.002+0000] {subprocess.py:106} INFO - Process finished. Data available at: iceberg.bronze.it_jobs_raw
[2026-04-08T14:25:37.002+0000] {subprocess.py:106} INFO - 26/04/08 14:25:36 INFO SparkContext: SparkContext is stopping with exitCode 0.
[2026-04-08T14:25:37.015+0000] {subprocess.py:106} INFO - 26/04/08 14:25:37 INFO SparkUI: Stopped Spark web UI at http://c05002f484b8:4040
[2026-04-08T14:25:37.024+0000] {subprocess.py:106} INFO - 26/04/08 14:25:37 INFO StandaloneSchedulerBackend: Shutting down all executors
[2026-04-08T14:25:37.028+0000] {subprocess.py:106} INFO - 26/04/08 14:25:37 INFO StandaloneSchedulerBackend$StandaloneDriverEndpoint: Asking each executor to shut down
[2026-04-08T14:25:37.064+0000] {subprocess.py:106} INFO - 26/04/08 14:25:37 INFO MapOutputTrackerMasterEndpoint: MapOutputTrackerMasterEndpoint stopped!
[2026-04-08T14:25:37.097+0000] {subprocess.py:106} INFO - 26/04/08 14:25:37 INFO MemoryStore: MemoryStore cleared
[2026-04-08T14:25:37.098+0000] {subprocess.py:106} INFO - 26/04/08 14:25:37 INFO BlockManager: BlockManager stopped
[2026-04-08T14:25:37.102+0000] {subprocess.py:106} INFO - 26/04/08 14:25:37 INFO BlockManagerMaster: BlockManagerMaster stopped
[2026-04-08T14:25:37.108+0000] {subprocess.py:106} INFO - 26/04/08 14:25:37 INFO OutputCommitCoordinator$OutputCommitCoordinatorEndpoint: OutputCommitCoordinator stopped!
[2026-04-08T14:25:37.166+0000] {subprocess.py:106} INFO - 26/04/08 14:25:37 INFO SparkContext: Successfully stopped SparkContext
[2026-04-08T14:25:37.677+0000] {subprocess.py:106} INFO - 26/04/08 14:25:37 INFO ShutdownHookManager: Shutdown hook called
[2026-04-08T14:25:37.678+0000] {subprocess.py:106} INFO - 26/04/08 14:25:37 INFO ShutdownHookManager: Deleting directory /tmp/spark-6ec78d60-56a7-455a-80b9-27ce607de3c5/pyspark-421a3418-aec1-45ea-b42f-4ad0e332dc39
[2026-04-08T14:25:37.683+0000] {subprocess.py:106} INFO - 26/04/08 14:25:37 INFO ShutdownHookManager: Deleting directory /tmp/spark-a5660430-667d-40f3-b91f-4be74307a3a9
[2026-04-08T14:25:37.688+0000] {subprocess.py:106} INFO - 26/04/08 14:25:37 INFO ShutdownHookManager: Deleting directory /tmp/spark-6ec78d60-56a7-455a-80b9-27ce607de3c5
[2026-04-08T14:25:37.699+0000] {subprocess.py:106} INFO - 26/04/08 14:25:37 INFO MetricsSystemImpl: Stopping s3a-file-system metrics system...
[2026-04-08T14:25:37.700+0000] {subprocess.py:106} INFO - 26/04/08 14:25:37 INFO MetricsSystemImpl: s3a-file-system metrics system stopped.
[2026-04-08T14:25:37.701+0000] {subprocess.py:106} INFO - 26/04/08 14:25:37 INFO MetricsSystemImpl: s3a-file-system metrics system shutdown complete.
[2026-04-08T14:25:37.778+0000] {subprocess.py:110} INFO - Command exited with return code 0
[2026-04-08T14:25:37.891+0000] {taskinstance.py:341} INFO - ::group::Post task execution logs
[2026-04-08T14:25:37.892+0000] {taskinstance.py:353} INFO - Marking task as SUCCESS. dag_id=crawl_etl_itjob, task_id=load_bronze, run_id=scheduled__2026-04-07T02:00:00+00:00, execution_date=20260407T020000, start_date=20260408T142502, end_date=20260408T142537
[2026-04-08T14:25:38.026+0000] {local_task_job_runner.py:266} INFO - Task exited with return code 0
[2026-04-08T14:25:38.089+0000] {taskinstance.py:3901} INFO - 1 downstream tasks scheduled from follow-on schedule check
[2026-04-08T14:25:38.127+0000] {local_task_job_runner.py:245} INFO - ::endgroup::
