[2026-05-21T06:45:53.196+0000] {local_task_job_runner.py:123} INFO - ::group::Pre task execution logs
[2026-05-21T06:45:53.260+0000] {taskinstance.py:2614} INFO - Dependencies all met for dep_context=non-requeueable deps ti=<TaskInstance: crawl_etl_itjob.load_bronze scheduled__2026-05-13T02:00:00+00:00 [queued]>
[2026-05-21T06:45:53.278+0000] {taskinstance.py:2614} INFO - Dependencies all met for dep_context=requeueable deps ti=<TaskInstance: crawl_etl_itjob.load_bronze scheduled__2026-05-13T02:00:00+00:00 [queued]>
[2026-05-21T06:45:53.279+0000] {taskinstance.py:2867} INFO - Starting attempt 1 of 2
[2026-05-21T06:45:53.297+0000] {taskinstance.py:2890} INFO - Executing <Task(BashOperator): load_bronze> on 2026-05-13 02:00:00+00:00
[2026-05-21T06:45:53.304+0000] {standard_task_runner.py:72} INFO - Started process 55 to run task
[2026-05-21T06:45:53.308+0000] {standard_task_runner.py:104} INFO - Running: ['***', 'tasks', 'run', 'crawl_etl_itjob', 'load_bronze', 'scheduled__2026-05-13T02:00:00+00:00', '--job-id', '213', '--raw', '--subdir', 'DAGS_FOLDER/Crawl_ETL_ITJob.py', '--cfg-path', '/tmp/tmp7excdsul']
[2026-05-21T06:45:53.310+0000] {standard_task_runner.py:105} INFO - Job 213: Subtask load_bronze
[2026-05-21T06:45:53.355+0000] {warnings.py:109} WARNING - /home/***/.local/lib/python3.8/site-packages/***/settings.py:209: DeprecationWarning: The sql_alchemy_conn option in [core] has been moved to the sql_alchemy_conn option in [database] - the old setting has been used, but please update your config.
  SQL_ALCHEMY_CONN = conf.get("database", "SQL_ALCHEMY_CONN")

[2026-05-21T06:45:53.466+0000] {task_command.py:467} INFO - Running <TaskInstance: crawl_etl_itjob.load_bronze scheduled__2026-05-13T02:00:00+00:00 [running]> on host 64b3786bead1
[2026-05-21T06:45:53.467+0000] {warnings.py:109} WARNING - /home/***/.local/lib/python3.8/site-packages/***/settings.py:470: DeprecationWarning: The sql_alchemy_conn option in [core] has been moved to the sql_alchemy_conn option in [database] - the old setting has been used, but please update your config.
  if conf.get("database", "sql_alchemy_conn") == "none://":

[2026-05-21T06:45:53.666+0000] {taskinstance.py:3134} INFO - Exporting env vars: AIRFLOW_CTX_DAG_EMAIL='hoa856856@gmail.com' AIRFLOW_CTX_DAG_OWNER='***' AIRFLOW_CTX_DAG_ID='crawl_etl_itjob' AIRFLOW_CTX_TASK_ID='load_bronze' AIRFLOW_CTX_EXECUTION_DATE='2026-05-13T02:00:00+00:00' AIRFLOW_CTX_TRY_NUMBER='1' AIRFLOW_CTX_DAG_RUN_ID='scheduled__2026-05-13T02:00:00+00:00'
[2026-05-21T06:45:53.667+0000] {taskinstance.py:732} INFO - ::endgroup::
[2026-05-21T06:45:53.733+0000] {subprocess.py:78} INFO - Tmp dir root location: /tmp
[2026-05-21T06:45:53.734+0000] {subprocess.py:88} INFO - Running command: ['/bin/bash', '-c', "\n        docker exec spark-submit bash -c '\n        /opt/spark/bin/spark-submit         --master spark://spark-master:7077         --deploy-mode client         --packages org.apache.iceberg:iceberg-spark-runtime-3.5_2.12:1.5.0,org.apache.hadoop:hadoop-aws:3.3.4,com.amazonaws:aws-java-sdk-bundle:1.12.262         /opt/spark/scripts/Load_Bronze.py\n        '\n        "]
[2026-05-21T06:45:53.747+0000] {subprocess.py:99} INFO - Output:
[2026-05-21T06:45:57.834+0000] {subprocess.py:106} INFO - :: loading settings :: url = jar:file:/opt/spark/jars/ivy-2.5.1.jar!/org/apache/ivy/core/settings/ivysettings.xml
[2026-05-21T06:45:57.987+0000] {subprocess.py:106} INFO - Ivy Default Cache set to: /home/spark/.ivy2/cache
[2026-05-21T06:45:57.988+0000] {subprocess.py:106} INFO - The jars for the packages stored in: /home/spark/.ivy2/jars
[2026-05-21T06:45:57.995+0000] {subprocess.py:106} INFO - org.apache.iceberg#iceberg-spark-runtime-3.5_2.12 added as a dependency
[2026-05-21T06:45:57.996+0000] {subprocess.py:106} INFO - org.apache.hadoop#hadoop-aws added as a dependency
[2026-05-21T06:45:57.996+0000] {subprocess.py:106} INFO - com.amazonaws#aws-java-sdk-bundle added as a dependency
[2026-05-21T06:45:57.997+0000] {subprocess.py:106} INFO - :: resolving dependencies :: org.apache.spark#spark-submit-parent-886d9b11-046c-4548-940b-04f1c15a2c39;1.0
[2026-05-21T06:45:57.997+0000] {subprocess.py:106} INFO - 	confs: [default]
[2026-05-21T06:45:58.197+0000] {subprocess.py:106} INFO - 	found org.apache.iceberg#iceberg-spark-runtime-3.5_2.12;1.5.0 in central
[2026-05-21T06:45:58.283+0000] {subprocess.py:106} INFO - 	found org.apache.hadoop#hadoop-aws;3.3.4 in central
[2026-05-21T06:45:58.318+0000] {subprocess.py:106} INFO - 	found com.amazonaws#aws-java-sdk-bundle;1.12.262 in central
[2026-05-21T06:45:58.364+0000] {subprocess.py:106} INFO - 	found org.wildfly.openssl#wildfly-openssl;1.0.7.Final in central
[2026-05-21T06:45:58.405+0000] {subprocess.py:106} INFO - :: resolution report :: resolve 385ms :: artifacts dl 22ms
[2026-05-21T06:45:58.406+0000] {subprocess.py:106} INFO - 	:: modules in use:
[2026-05-21T06:45:58.407+0000] {subprocess.py:106} INFO - 	com.amazonaws#aws-java-sdk-bundle;1.12.262 from central in [default]
[2026-05-21T06:45:58.408+0000] {subprocess.py:106} INFO - 	org.apache.hadoop#hadoop-aws;3.3.4 from central in [default]
[2026-05-21T06:45:58.409+0000] {subprocess.py:106} INFO - 	org.apache.iceberg#iceberg-spark-runtime-3.5_2.12;1.5.0 from central in [default]
[2026-05-21T06:45:58.410+0000] {subprocess.py:106} INFO - 	org.wildfly.openssl#wildfly-openssl;1.0.7.Final from central in [default]
[2026-05-21T06:45:58.410+0000] {subprocess.py:106} INFO - 	---------------------------------------------------------------------
[2026-05-21T06:45:58.411+0000] {subprocess.py:106} INFO - 	|                  |            modules            ||   artifacts   |
[2026-05-21T06:45:58.412+0000] {subprocess.py:106} INFO - 	|       conf       | number| search|dwnlded|evicted|| number|dwnlded|
[2026-05-21T06:45:58.412+0000] {subprocess.py:106} INFO - 	---------------------------------------------------------------------
[2026-05-21T06:45:58.413+0000] {subprocess.py:106} INFO - 	|      default     |   4   |   0   |   0   |   0   ||   4   |   0   |
[2026-05-21T06:45:58.413+0000] {subprocess.py:106} INFO - 	---------------------------------------------------------------------
[2026-05-21T06:45:58.417+0000] {subprocess.py:106} INFO - :: retrieving :: org.apache.spark#spark-submit-parent-886d9b11-046c-4548-940b-04f1c15a2c39
[2026-05-21T06:45:58.418+0000] {subprocess.py:106} INFO - 	confs: [default]
[2026-05-21T06:45:58.432+0000] {subprocess.py:106} INFO - 	0 artifacts copied, 4 already retrieved (0kB/14ms)
[2026-05-21T06:45:58.846+0000] {subprocess.py:106} INFO - 26/05/21 06:45:58 WARN NativeCodeLoader: Unable to load native-hadoop library for your platform... using builtin-java classes where applicable
[2026-05-21T06:46:00.649+0000] {subprocess.py:106} INFO - 26/05/21 06:46:00 INFO SparkContext: Running Spark version 3.5.3
[2026-05-21T06:46:00.649+0000] {subprocess.py:106} INFO - 26/05/21 06:46:00 INFO SparkContext: OS info Linux, 6.6.87.2-microsoft-standard-WSL2, amd64
[2026-05-21T06:46:00.650+0000] {subprocess.py:106} INFO - 26/05/21 06:46:00 INFO SparkContext: Java version 11.0.24
[2026-05-21T06:46:00.697+0000] {subprocess.py:106} INFO - 26/05/21 06:46:00 INFO ResourceUtils: ==============================================================
[2026-05-21T06:46:00.698+0000] {subprocess.py:106} INFO - 26/05/21 06:46:00 INFO ResourceUtils: No custom resources configured for spark.driver.
[2026-05-21T06:46:00.699+0000] {subprocess.py:106} INFO - 26/05/21 06:46:00 INFO ResourceUtils: ==============================================================
[2026-05-21T06:46:00.701+0000] {subprocess.py:106} INFO - 26/05/21 06:46:00 INFO SparkContext: Submitted application: Load_Bronze_MinIO_Iceberg
[2026-05-21T06:46:00.750+0000] {subprocess.py:106} INFO - 26/05/21 06:46:00 INFO ResourceProfile: Default ResourceProfile created, executor resources: Map(memory -> name: memory, amount: 1024, script: , vendor: , offHeap -> name: offHeap, amount: 0, script: , vendor: ), task resources: Map(cpus -> name: cpus, amount: 1.0)
[2026-05-21T06:46:00.778+0000] {subprocess.py:106} INFO - 26/05/21 06:46:00 INFO ResourceProfile: Limiting resource is cpu
[2026-05-21T06:46:00.780+0000] {subprocess.py:106} INFO - 26/05/21 06:46:00 INFO ResourceProfileManager: Added ResourceProfile id: 0
[2026-05-21T06:46:00.927+0000] {subprocess.py:106} INFO - 26/05/21 06:46:00 INFO SecurityManager: Changing view acls to: spark
[2026-05-21T06:46:00.928+0000] {subprocess.py:106} INFO - 26/05/21 06:46:00 INFO SecurityManager: Changing modify acls to: spark
[2026-05-21T06:46:00.929+0000] {subprocess.py:106} INFO - 26/05/21 06:46:00 INFO SecurityManager: Changing view acls groups to:
[2026-05-21T06:46:00.929+0000] {subprocess.py:106} INFO - 26/05/21 06:46:00 INFO SecurityManager: Changing modify acls groups to:
[2026-05-21T06:46:00.930+0000] {subprocess.py:106} INFO - 26/05/21 06:46:00 INFO SecurityManager: SecurityManager: authentication disabled; ui acls disabled; users with view permissions: spark; groups with view permissions: EMPTY; users with modify permissions: spark; groups with modify permissions: EMPTY
[2026-05-21T06:46:01.262+0000] {subprocess.py:106} INFO - 26/05/21 06:46:01 INFO Utils: Successfully started service 'sparkDriver' on port 33391.
[2026-05-21T06:46:01.338+0000] {subprocess.py:106} INFO - 26/05/21 06:46:01 INFO SparkEnv: Registering MapOutputTracker
[2026-05-21T06:46:01.392+0000] {subprocess.py:106} INFO - 26/05/21 06:46:01 INFO SparkEnv: Registering BlockManagerMaster
[2026-05-21T06:46:01.420+0000] {subprocess.py:106} INFO - 26/05/21 06:46:01 INFO BlockManagerMasterEndpoint: Using org.apache.spark.storage.DefaultTopologyMapper for getting topology information
[2026-05-21T06:46:01.421+0000] {subprocess.py:106} INFO - 26/05/21 06:46:01 INFO BlockManagerMasterEndpoint: BlockManagerMasterEndpoint up
[2026-05-21T06:46:01.427+0000] {subprocess.py:106} INFO - 26/05/21 06:46:01 INFO SparkEnv: Registering BlockManagerMasterHeartbeat
[2026-05-21T06:46:01.481+0000] {subprocess.py:106} INFO - 26/05/21 06:46:01 INFO DiskBlockManager: Created local directory at /tmp/blockmgr-da0fb9f0-4122-45ac-b655-c4fb7d478834
[2026-05-21T06:46:01.505+0000] {subprocess.py:106} INFO - 26/05/21 06:46:01 INFO MemoryStore: MemoryStore started with capacity 434.4 MiB
[2026-05-21T06:46:01.534+0000] {subprocess.py:106} INFO - 26/05/21 06:46:01 INFO SparkEnv: Registering OutputCommitCoordinator
[2026-05-21T06:46:01.889+0000] {subprocess.py:106} INFO - 26/05/21 06:46:01 INFO JettyUtils: Start Jetty 0.0.0.0:4040 for SparkUI
[2026-05-21T06:46:01.983+0000] {subprocess.py:106} INFO - 26/05/21 06:46:01 INFO Utils: Successfully started service 'SparkUI' on port 4040.
[2026-05-21T06:46:02.051+0000] {subprocess.py:106} INFO - 26/05/21 06:46:02 INFO SparkContext: Added JAR file:///home/spark/.ivy2/jars/org.apache.iceberg_iceberg-spark-runtime-3.5_2.12-1.5.0.jar at spark://c05002f484b8:33391/jars/org.apache.iceberg_iceberg-spark-runtime-3.5_2.12-1.5.0.jar with timestamp 1779345960637
[2026-05-21T06:46:02.053+0000] {subprocess.py:106} INFO - 26/05/21 06:46:02 INFO SparkContext: Added JAR file:///home/spark/.ivy2/jars/org.apache.hadoop_hadoop-aws-3.3.4.jar at spark://c05002f484b8:33391/jars/org.apache.hadoop_hadoop-aws-3.3.4.jar with timestamp 1779345960637
[2026-05-21T06:46:02.054+0000] {subprocess.py:106} INFO - 26/05/21 06:46:02 INFO SparkContext: Added JAR file:///home/spark/.ivy2/jars/com.amazonaws_aws-java-sdk-bundle-1.12.262.jar at spark://c05002f484b8:33391/jars/com.amazonaws_aws-java-sdk-bundle-1.12.262.jar with timestamp 1779345960637
[2026-05-21T06:46:02.054+0000] {subprocess.py:106} INFO - 26/05/21 06:46:02 INFO SparkContext: Added JAR file:///home/spark/.ivy2/jars/org.wildfly.openssl_wildfly-openssl-1.0.7.Final.jar at spark://c05002f484b8:33391/jars/org.wildfly.openssl_wildfly-openssl-1.0.7.Final.jar with timestamp 1779345960637
[2026-05-21T06:46:02.061+0000] {subprocess.py:106} INFO - 26/05/21 06:46:02 INFO SparkContext: Added file file:///home/spark/.ivy2/jars/org.apache.iceberg_iceberg-spark-runtime-3.5_2.12-1.5.0.jar at spark://c05002f484b8:33391/files/org.apache.iceberg_iceberg-spark-runtime-3.5_2.12-1.5.0.jar with timestamp 1779345960637
[2026-05-21T06:46:02.064+0000] {subprocess.py:106} INFO - 26/05/21 06:46:02 INFO Utils: Copying /home/spark/.ivy2/jars/org.apache.iceberg_iceberg-spark-runtime-3.5_2.12-1.5.0.jar to /tmp/spark-36fb51eb-eecf-49c7-bc39-76001ffea09a/userFiles-e6a59dd4-f225-4368-becd-abd7d6ceac7e/org.apache.iceberg_iceberg-spark-runtime-3.5_2.12-1.5.0.jar
[2026-05-21T06:46:02.150+0000] {subprocess.py:106} INFO - 26/05/21 06:46:02 INFO SparkContext: Added file file:///home/spark/.ivy2/jars/org.apache.hadoop_hadoop-aws-3.3.4.jar at spark://c05002f484b8:33391/files/org.apache.hadoop_hadoop-aws-3.3.4.jar with timestamp 1779345960637
[2026-05-21T06:46:02.151+0000] {subprocess.py:106} INFO - 26/05/21 06:46:02 INFO Utils: Copying /home/spark/.ivy2/jars/org.apache.hadoop_hadoop-aws-3.3.4.jar to /tmp/spark-36fb51eb-eecf-49c7-bc39-76001ffea09a/userFiles-e6a59dd4-f225-4368-becd-abd7d6ceac7e/org.apache.hadoop_hadoop-aws-3.3.4.jar
[2026-05-21T06:46:02.156+0000] {subprocess.py:106} INFO - 26/05/21 06:46:02 INFO SparkContext: Added file file:///home/spark/.ivy2/jars/com.amazonaws_aws-java-sdk-bundle-1.12.262.jar at spark://c05002f484b8:33391/files/com.amazonaws_aws-java-sdk-bundle-1.12.262.jar with timestamp 1779345960637
[2026-05-21T06:46:02.157+0000] {subprocess.py:106} INFO - 26/05/21 06:46:02 INFO Utils: Copying /home/spark/.ivy2/jars/com.amazonaws_aws-java-sdk-bundle-1.12.262.jar to /tmp/spark-36fb51eb-eecf-49c7-bc39-76001ffea09a/userFiles-e6a59dd4-f225-4368-becd-abd7d6ceac7e/com.amazonaws_aws-java-sdk-bundle-1.12.262.jar
[2026-05-21T06:46:02.600+0000] {subprocess.py:106} INFO - 26/05/21 06:46:02 INFO SparkContext: Added file file:///home/spark/.ivy2/jars/org.wildfly.openssl_wildfly-openssl-1.0.7.Final.jar at spark://c05002f484b8:33391/files/org.wildfly.openssl_wildfly-openssl-1.0.7.Final.jar with timestamp 1779345960637
[2026-05-21T06:46:02.601+0000] {subprocess.py:106} INFO - 26/05/21 06:46:02 INFO Utils: Copying /home/spark/.ivy2/jars/org.wildfly.openssl_wildfly-openssl-1.0.7.Final.jar to /tmp/spark-36fb51eb-eecf-49c7-bc39-76001ffea09a/userFiles-e6a59dd4-f225-4368-becd-abd7d6ceac7e/org.wildfly.openssl_wildfly-openssl-1.0.7.Final.jar
[2026-05-21T06:46:02.723+0000] {subprocess.py:106} INFO - 26/05/21 06:46:02 INFO StandaloneAppClient$ClientEndpoint: Connecting to master spark://spark-master:7077...
[2026-05-21T06:46:02.818+0000] {subprocess.py:106} INFO - 26/05/21 06:46:02 INFO TransportClientFactory: Successfully created connection to spark-master/172.30.0.5:7077 after 66 ms (0 ms spent in bootstraps)
[2026-05-21T06:46:03.301+0000] {subprocess.py:106} INFO - 26/05/21 06:46:03 INFO StandaloneSchedulerBackend: Connected to Spark cluster with app ID app-20260521064603-0000
[2026-05-21T06:46:03.320+0000] {subprocess.py:106} INFO - 26/05/21 06:46:03 INFO Utils: Successfully started service 'org.apache.spark.network.netty.NettyBlockTransferService' on port 32941.
[2026-05-21T06:46:03.321+0000] {subprocess.py:106} INFO - 26/05/21 06:46:03 INFO NettyBlockTransferService: Server created on c05002f484b8:32941
[2026-05-21T06:46:03.325+0000] {subprocess.py:106} INFO - 26/05/21 06:46:03 INFO BlockManager: Using org.apache.spark.storage.RandomBlockReplicationPolicy for block replication policy
[2026-05-21T06:46:03.340+0000] {subprocess.py:106} INFO - 26/05/21 06:46:03 INFO BlockManagerMaster: Registering BlockManager BlockManagerId(driver, c05002f484b8, 32941, None)
[2026-05-21T06:46:03.344+0000] {subprocess.py:106} INFO - 26/05/21 06:46:03 INFO BlockManagerMasterEndpoint: Registering block manager c05002f484b8:32941 with 434.4 MiB RAM, BlockManagerId(driver, c05002f484b8, 32941, None)
[2026-05-21T06:46:03.348+0000] {subprocess.py:106} INFO - 26/05/21 06:46:03 INFO BlockManagerMaster: Registered BlockManager BlockManagerId(driver, c05002f484b8, 32941, None)
[2026-05-21T06:46:03.351+0000] {subprocess.py:106} INFO - 26/05/21 06:46:03 INFO BlockManager: Initialized BlockManager: BlockManagerId(driver, c05002f484b8, 32941, None)
[2026-05-21T06:46:03.462+0000] {subprocess.py:106} INFO - 26/05/21 06:46:03 INFO StandaloneAppClient$ClientEndpoint: Executor added: app-20260521064603-0000/0 on worker-20260521063756-172.30.0.6-39805 (172.30.0.6:39805) with 1 core(s)
[2026-05-21T06:46:03.465+0000] {subprocess.py:106} INFO - 26/05/21 06:46:03 INFO StandaloneSchedulerBackend: Granted executor ID app-20260521064603-0000/0 on hostPort 172.30.0.6:39805 with 1 core(s), 1024.0 MiB RAM
[2026-05-21T06:46:03.885+0000] {subprocess.py:106} INFO - 26/05/21 06:46:03 INFO StandaloneSchedulerBackend: SchedulerBackend is ready for scheduling beginning after reached minRegisteredResourcesRatio: 0.0
[2026-05-21T06:46:04.188+0000] {subprocess.py:106} INFO - 26/05/21 06:46:04 INFO StandaloneAppClient$ClientEndpoint: Executor updated: app-20260521064603-0000/0 is now RUNNING
[2026-05-21T06:46:04.507+0000] {subprocess.py:106} INFO - Reading data from: s3a://warehouse/raw/itviec_jobs_full.csv
[2026-05-21T06:46:04.534+0000] {subprocess.py:106} INFO - 26/05/21 06:46:04 INFO SharedState: Setting hive.metastore.warehouse.dir ('null') to the value of spark.sql.warehouse.dir.
[2026-05-21T06:46:04.539+0000] {subprocess.py:106} INFO - 26/05/21 06:46:04 INFO SharedState: Warehouse path is 'file:/opt/spark/work-dir/spark-warehouse'.
[2026-05-21T06:46:07.875+0000] {subprocess.py:106} INFO - 26/05/21 06:46:07 WARN MetricsConfig: Cannot locate configuration: tried hadoop-metrics2-s3a-file-system.properties,hadoop-metrics2.properties
[2026-05-21T06:46:07.934+0000] {subprocess.py:106} INFO - 26/05/21 06:46:07 INFO MetricsSystemImpl: Scheduled Metric snapshot period at 10 second(s).
[2026-05-21T06:46:07.935+0000] {subprocess.py:106} INFO - 26/05/21 06:46:07 INFO MetricsSystemImpl: s3a-file-system metrics system started
[2026-05-21T06:46:09.397+0000] {subprocess.py:106} INFO - 26/05/21 06:46:09 INFO StandaloneSchedulerBackend$StandaloneDriverEndpoint: Registered executor NettyRpcEndpointRef(spark-client://Executor) (172.30.0.6:53218) with ID 0,  ResourceProfileId 0
[2026-05-21T06:46:09.604+0000] {subprocess.py:106} INFO - 26/05/21 06:46:09 INFO BlockManagerMasterEndpoint: Registering block manager 172.30.0.6:38321 with 434.4 MiB RAM, BlockManagerId(0, 172.30.0.6, 38321, None)
[2026-05-21T06:46:11.068+0000] {subprocess.py:106} INFO - 26/05/21 06:46:11 INFO InMemoryFileIndex: It took 150 ms to list leaf files for 1 paths.
[2026-05-21T06:46:11.337+0000] {subprocess.py:106} INFO - 26/05/21 06:46:11 INFO MemoryStore: Block broadcast_0 stored as values in memory (estimated size 206.5 KiB, free 434.2 MiB)
[2026-05-21T06:46:11.488+0000] {subprocess.py:106} INFO - 26/05/21 06:46:11 INFO MemoryStore: Block broadcast_0_piece0 stored as bytes in memory (estimated size 36.1 KiB, free 434.2 MiB)
[2026-05-21T06:46:11.500+0000] {subprocess.py:106} INFO - 26/05/21 06:46:11 INFO BlockManagerInfo: Added broadcast_0_piece0 in memory on c05002f484b8:32941 (size: 36.1 KiB, free: 434.4 MiB)
[2026-05-21T06:46:11.503+0000] {subprocess.py:106} INFO - 26/05/21 06:46:11 INFO SparkContext: Created broadcast 0 from csv at <unknown>:0
[2026-05-21T06:46:12.285+0000] {subprocess.py:106} INFO - 26/05/21 06:46:12 INFO FileInputFormat: Total input files to process : 1
[2026-05-21T06:46:12.308+0000] {subprocess.py:106} INFO - 26/05/21 06:46:12 INFO FileInputFormat: Total input files to process : 1
[2026-05-21T06:46:12.442+0000] {subprocess.py:106} INFO - 26/05/21 06:46:12 INFO SparkContext: Starting job: csv at <unknown>:0
[2026-05-21T06:46:12.492+0000] {subprocess.py:106} INFO - 26/05/21 06:46:12 INFO DAGScheduler: Got job 0 (csv at <unknown>:0) with 1 output partitions
[2026-05-21T06:46:12.494+0000] {subprocess.py:106} INFO - 26/05/21 06:46:12 INFO DAGScheduler: Final stage: ResultStage 0 (csv at <unknown>:0)
[2026-05-21T06:46:12.501+0000] {subprocess.py:106} INFO - 26/05/21 06:46:12 INFO DAGScheduler: Parents of final stage: List()
[2026-05-21T06:46:12.502+0000] {subprocess.py:106} INFO - 26/05/21 06:46:12 INFO DAGScheduler: Missing parents: List()
[2026-05-21T06:46:12.511+0000] {subprocess.py:106} INFO - 26/05/21 06:46:12 INFO DAGScheduler: Submitting ResultStage 0 (MapPartitionsRDD[2] at csv at <unknown>:0), which has no missing parents
[2026-05-21T06:46:12.564+0000] {subprocess.py:106} INFO - 26/05/21 06:46:12 INFO MemoryStore: Block broadcast_1 stored as values in memory (estimated size 7.6 KiB, free 434.2 MiB)
[2026-05-21T06:46:12.610+0000] {subprocess.py:106} INFO - 26/05/21 06:46:12 INFO MemoryStore: Block broadcast_1_piece0 stored as bytes in memory (estimated size 4.4 KiB, free 434.2 MiB)
[2026-05-21T06:46:12.611+0000] {subprocess.py:106} INFO - 26/05/21 06:46:12 INFO BlockManagerInfo: Added broadcast_1_piece0 in memory on c05002f484b8:32941 (size: 4.4 KiB, free: 434.4 MiB)
[2026-05-21T06:46:12.613+0000] {subprocess.py:106} INFO - 26/05/21 06:46:12 INFO SparkContext: Created broadcast 1 from broadcast at DAGScheduler.scala:1585
[2026-05-21T06:46:12.713+0000] {subprocess.py:106} INFO - 26/05/21 06:46:12 INFO DAGScheduler: Submitting 1 missing tasks from ResultStage 0 (MapPartitionsRDD[2] at csv at <unknown>:0) (first 15 tasks are for partitions Vector(0))
[2026-05-21T06:46:12.716+0000] {subprocess.py:106} INFO - 26/05/21 06:46:12 INFO TaskSchedulerImpl: Adding task set 0.0 with 1 tasks resource profile 0
[2026-05-21T06:46:14.239+0000] {subprocess.py:106} INFO - 26/05/21 06:46:14 INFO TaskSetManager: Starting task 0.0 in stage 0.0 (TID 0) (172.30.0.6, executor 0, partition 0, PROCESS_LOCAL, 10108 bytes)
[2026-05-21T06:46:14.606+0000] {subprocess.py:106} INFO - 26/05/21 06:46:14 INFO BlockManagerInfo: Added broadcast_1_piece0 in memory on 172.30.0.6:38321 (size: 4.4 KiB, free: 434.4 MiB)
[2026-05-21T06:46:14.916+0000] {subprocess.py:106} INFO - 26/05/21 06:46:14 INFO BlockManagerInfo: Added broadcast_0_piece0 in memory on 172.30.0.6:38321 (size: 36.1 KiB, free: 434.4 MiB)
[2026-05-21T06:46:19.829+0000] {subprocess.py:106} INFO - 26/05/21 06:46:19 INFO TaskSetManager: Finished task 0.0 in stage 0.0 (TID 0) in 5614 ms on 172.30.0.6 (executor 0) (1/1)
[2026-05-21T06:46:19.833+0000] {subprocess.py:106} INFO - 26/05/21 06:46:19 INFO TaskSchedulerImpl: Removed TaskSet 0.0, whose tasks have all completed, from pool
[2026-05-21T06:46:19.843+0000] {subprocess.py:106} INFO - 26/05/21 06:46:19 INFO DAGScheduler: ResultStage 0 (csv at <unknown>:0) finished in 7.300 s
[2026-05-21T06:46:19.853+0000] {subprocess.py:106} INFO - 26/05/21 06:46:19 INFO DAGScheduler: Job 0 is finished. Cancelling potential speculative or zombie tasks for this job
[2026-05-21T06:46:19.858+0000] {subprocess.py:106} INFO - 26/05/21 06:46:19 INFO TaskSchedulerImpl: Killing all running tasks in stage 0: Stage finished
[2026-05-21T06:46:19.864+0000] {subprocess.py:106} INFO - 26/05/21 06:46:19 INFO DAGScheduler: Job 0 finished: csv at <unknown>:0, took 4.867584 s
[2026-05-21T06:46:19.951+0000] {subprocess.py:106} INFO - 26/05/21 06:46:19 INFO SparkContext: Starting job: csv at <unknown>:0
[2026-05-21T06:46:19.954+0000] {subprocess.py:106} INFO - 26/05/21 06:46:19 INFO DAGScheduler: Got job 1 (csv at <unknown>:0) with 1 output partitions
[2026-05-21T06:46:19.954+0000] {subprocess.py:106} INFO - 26/05/21 06:46:19 INFO DAGScheduler: Final stage: ResultStage 1 (csv at <unknown>:0)
[2026-05-21T06:46:19.955+0000] {subprocess.py:106} INFO - 26/05/21 06:46:19 INFO DAGScheduler: Parents of final stage: List()
[2026-05-21T06:46:19.956+0000] {subprocess.py:106} INFO - 26/05/21 06:46:19 INFO DAGScheduler: Missing parents: List()
[2026-05-21T06:46:19.959+0000] {subprocess.py:106} INFO - 26/05/21 06:46:19 INFO DAGScheduler: Submitting ResultStage 1 (MapPartitionsRDD[3] at csv at <unknown>:0), which has no missing parents
[2026-05-21T06:46:19.969+0000] {subprocess.py:106} INFO - 26/05/21 06:46:19 INFO MemoryStore: Block broadcast_2 stored as values in memory (estimated size 10.1 KiB, free 434.1 MiB)
[2026-05-21T06:46:19.989+0000] {subprocess.py:106} INFO - 26/05/21 06:46:19 INFO MemoryStore: Block broadcast_2_piece0 stored as bytes in memory (estimated size 5.4 KiB, free 434.1 MiB)
[2026-05-21T06:46:19.995+0000] {subprocess.py:106} INFO - 26/05/21 06:46:19 INFO BlockManagerInfo: Added broadcast_2_piece0 in memory on c05002f484b8:32941 (size: 5.4 KiB, free: 434.4 MiB)
[2026-05-21T06:46:20.000+0000] {subprocess.py:106} INFO - 26/05/21 06:46:19 INFO SparkContext: Created broadcast 2 from broadcast at DAGScheduler.scala:1585
[2026-05-21T06:46:20.007+0000] {subprocess.py:106} INFO - 26/05/21 06:46:19 INFO DAGScheduler: Submitting 1 missing tasks from ResultStage 1 (MapPartitionsRDD[3] at csv at <unknown>:0) (first 15 tasks are for partitions Vector(0))
[2026-05-21T06:46:20.008+0000] {subprocess.py:106} INFO - 26/05/21 06:46:19 INFO TaskSchedulerImpl: Adding task set 1.0 with 1 tasks resource profile 0
[2026-05-21T06:46:20.010+0000] {subprocess.py:106} INFO - 26/05/21 06:46:19 INFO TaskSetManager: Starting task 0.0 in stage 1.0 (TID 1) (172.30.0.6, executor 0, partition 0, PROCESS_LOCAL, 10108 bytes)
[2026-05-21T06:46:20.088+0000] {subprocess.py:106} INFO - 26/05/21 06:46:20 INFO BlockManagerInfo: Removed broadcast_1_piece0 on 172.30.0.6:38321 in memory (size: 4.4 KiB, free: 434.4 MiB)
[2026-05-21T06:46:20.115+0000] {subprocess.py:106} INFO - 26/05/21 06:46:20 INFO BlockManagerInfo: Removed broadcast_1_piece0 on c05002f484b8:32941 in memory (size: 4.4 KiB, free: 434.4 MiB)
[2026-05-21T06:46:20.152+0000] {subprocess.py:106} INFO - 26/05/21 06:46:20 INFO BlockManagerInfo: Added broadcast_2_piece0 in memory on 172.30.0.6:38321 (size: 5.4 KiB, free: 434.4 MiB)
[2026-05-21T06:46:21.897+0000] {subprocess.py:106} INFO - 26/05/21 06:46:21 INFO TaskSetManager: Finished task 0.0 in stage 1.0 (TID 1) in 1897 ms on 172.30.0.6 (executor 0) (1/1)
[2026-05-21T06:46:21.898+0000] {subprocess.py:106} INFO - 26/05/21 06:46:21 INFO TaskSchedulerImpl: Removed TaskSet 1.0, whose tasks have all completed, from pool
[2026-05-21T06:46:21.900+0000] {subprocess.py:106} INFO - 26/05/21 06:46:21 INFO DAGScheduler: ResultStage 1 (csv at <unknown>:0) finished in 1.933 s
[2026-05-21T06:46:21.901+0000] {subprocess.py:106} INFO - 26/05/21 06:46:21 INFO DAGScheduler: Job 1 is finished. Cancelling potential speculative or zombie tasks for this job
[2026-05-21T06:46:21.902+0000] {subprocess.py:106} INFO - 26/05/21 06:46:21 INFO TaskSchedulerImpl: Killing all running tasks in stage 1: Stage finished
[2026-05-21T06:46:21.914+0000] {subprocess.py:106} INFO - 26/05/21 06:46:21 INFO DAGScheduler: Job 1 finished: csv at <unknown>:0, took 1.960106 s
[2026-05-21T06:46:22.567+0000] {subprocess.py:106} INFO - 26/05/21 06:46:22 INFO BlockManagerInfo: Removed broadcast_0_piece0 on c05002f484b8:32941 in memory (size: 36.1 KiB, free: 434.4 MiB)
[2026-05-21T06:46:22.571+0000] {subprocess.py:106} INFO - 26/05/21 06:46:22 INFO BlockManagerInfo: Removed broadcast_0_piece0 on 172.30.0.6:38321 in memory (size: 36.1 KiB, free: 434.4 MiB)
[2026-05-21T06:46:22.589+0000] {subprocess.py:106} INFO - 26/05/21 06:46:22 INFO BlockManagerInfo: Removed broadcast_2_piece0 on c05002f484b8:32941 in memory (size: 5.4 KiB, free: 434.4 MiB)
[2026-05-21T06:46:22.590+0000] {subprocess.py:106} INFO - 26/05/21 06:46:22 INFO BlockManagerInfo: Removed broadcast_2_piece0 on 172.30.0.6:38321 in memory (size: 5.4 KiB, free: 434.4 MiB)
[2026-05-21T06:46:24.424+0000] {subprocess.py:106} INFO - 26/05/21 06:46:24 INFO FileSourceStrategy: Pushed Filters:
[2026-05-21T06:46:24.430+0000] {subprocess.py:106} INFO - 26/05/21 06:46:24 INFO FileSourceStrategy: Post-Scan Filters:
[2026-05-21T06:46:25.139+0000] {subprocess.py:106} INFO - 26/05/21 06:46:25 INFO CodeGenerator: Code generated in 383.537319 ms
[2026-05-21T06:46:25.148+0000] {subprocess.py:106} INFO - 26/05/21 06:46:25 INFO MemoryStore: Block broadcast_3 stored as values in memory (estimated size 205.7 KiB, free 434.2 MiB)
[2026-05-21T06:46:25.169+0000] {subprocess.py:106} INFO - 26/05/21 06:46:25 INFO MemoryStore: Block broadcast_3_piece0 stored as bytes in memory (estimated size 36.1 KiB, free 434.2 MiB)
[2026-05-21T06:46:25.170+0000] {subprocess.py:106} INFO - 26/05/21 06:46:25 INFO BlockManagerInfo: Added broadcast_3_piece0 in memory on c05002f484b8:32941 (size: 36.1 KiB, free: 434.4 MiB)
[2026-05-21T06:46:25.171+0000] {subprocess.py:106} INFO - 26/05/21 06:46:25 INFO SparkContext: Created broadcast 3 from count at <unknown>:0
[2026-05-21T06:46:25.210+0000] {subprocess.py:106} INFO - 26/05/21 06:46:25 INFO FileSourceScanExec: Planning scan with bin packing, max size: 4316793 bytes, open cost is considered as scanning 4194304 bytes.
[2026-05-21T06:46:25.291+0000] {subprocess.py:106} INFO - 26/05/21 06:46:25 INFO DAGScheduler: Registering RDD 7 (count at <unknown>:0) as input to shuffle 0
[2026-05-21T06:46:25.297+0000] {subprocess.py:106} INFO - 26/05/21 06:46:25 INFO DAGScheduler: Got map stage job 2 (count at <unknown>:0) with 1 output partitions
[2026-05-21T06:46:25.298+0000] {subprocess.py:106} INFO - 26/05/21 06:46:25 INFO DAGScheduler: Final stage: ShuffleMapStage 2 (count at <unknown>:0)
[2026-05-21T06:46:25.299+0000] {subprocess.py:106} INFO - 26/05/21 06:46:25 INFO DAGScheduler: Parents of final stage: List()
[2026-05-21T06:46:25.302+0000] {subprocess.py:106} INFO - 26/05/21 06:46:25 INFO DAGScheduler: Missing parents: List()
[2026-05-21T06:46:25.304+0000] {subprocess.py:106} INFO - 26/05/21 06:46:25 INFO DAGScheduler: Submitting ShuffleMapStage 2 (MapPartitionsRDD[7] at count at <unknown>:0), which has no missing parents
[2026-05-21T06:46:25.360+0000] {subprocess.py:106} INFO - 26/05/21 06:46:25 INFO MemoryStore: Block broadcast_4 stored as values in memory (estimated size 18.1 KiB, free 434.1 MiB)
[2026-05-21T06:46:25.371+0000] {subprocess.py:106} INFO - 26/05/21 06:46:25 INFO MemoryStore: Block broadcast_4_piece0 stored as bytes in memory (estimated size 8.9 KiB, free 434.1 MiB)
[2026-05-21T06:46:25.373+0000] {subprocess.py:106} INFO - 26/05/21 06:46:25 INFO BlockManagerInfo: Added broadcast_4_piece0 in memory on c05002f484b8:32941 (size: 8.9 KiB, free: 434.4 MiB)
[2026-05-21T06:46:25.375+0000] {subprocess.py:106} INFO - 26/05/21 06:46:25 INFO SparkContext: Created broadcast 4 from broadcast at DAGScheduler.scala:1585
[2026-05-21T06:46:25.377+0000] {subprocess.py:106} INFO - 26/05/21 06:46:25 INFO DAGScheduler: Submitting 1 missing tasks from ShuffleMapStage 2 (MapPartitionsRDD[7] at count at <unknown>:0) (first 15 tasks are for partitions Vector(0))
[2026-05-21T06:46:25.379+0000] {subprocess.py:106} INFO - 26/05/21 06:46:25 INFO TaskSchedulerImpl: Adding task set 2.0 with 1 tasks resource profile 0
[2026-05-21T06:46:25.389+0000] {subprocess.py:106} INFO - 26/05/21 06:46:25 INFO TaskSetManager: Starting task 0.0 in stage 2.0 (TID 2) (172.30.0.6, executor 0, partition 0, PROCESS_LOCAL, 10568 bytes)
[2026-05-21T06:46:25.455+0000] {subprocess.py:106} INFO - 26/05/21 06:46:25 INFO BlockManagerInfo: Added broadcast_4_piece0 in memory on 172.30.0.6:38321 (size: 8.9 KiB, free: 434.4 MiB)
[2026-05-21T06:46:26.355+0000] {subprocess.py:106} INFO - 26/05/21 06:46:26 INFO BlockManagerInfo: Added broadcast_3_piece0 in memory on 172.30.0.6:38321 (size: 36.1 KiB, free: 434.4 MiB)
[2026-05-21T06:46:26.666+0000] {subprocess.py:106} INFO - 26/05/21 06:46:26 INFO TaskSetManager: Finished task 0.0 in stage 2.0 (TID 2) in 1286 ms on 172.30.0.6 (executor 0) (1/1)
[2026-05-21T06:46:26.668+0000] {subprocess.py:106} INFO - 26/05/21 06:46:26 INFO TaskSchedulerImpl: Removed TaskSet 2.0, whose tasks have all completed, from pool
[2026-05-21T06:46:26.675+0000] {subprocess.py:106} INFO - 26/05/21 06:46:26 INFO DAGScheduler: ShuffleMapStage 2 (count at <unknown>:0) finished in 1.364 s
[2026-05-21T06:46:26.676+0000] {subprocess.py:106} INFO - 26/05/21 06:46:26 INFO DAGScheduler: looking for newly runnable stages
[2026-05-21T06:46:26.678+0000] {subprocess.py:106} INFO - 26/05/21 06:46:26 INFO DAGScheduler: running: Set()
[2026-05-21T06:46:26.679+0000] {subprocess.py:106} INFO - 26/05/21 06:46:26 INFO DAGScheduler: waiting: Set()
[2026-05-21T06:46:26.680+0000] {subprocess.py:106} INFO - 26/05/21 06:46:26 INFO DAGScheduler: failed: Set()
[2026-05-21T06:46:26.773+0000] {subprocess.py:106} INFO - 26/05/21 06:46:26 INFO CodeGenerator: Code generated in 34.228619 ms
[2026-05-21T06:46:26.816+0000] {subprocess.py:106} INFO - 26/05/21 06:46:26 INFO SparkContext: Starting job: count at <unknown>:0
[2026-05-21T06:46:26.822+0000] {subprocess.py:106} INFO - 26/05/21 06:46:26 INFO DAGScheduler: Got job 3 (count at <unknown>:0) with 1 output partitions
[2026-05-21T06:46:26.823+0000] {subprocess.py:106} INFO - 26/05/21 06:46:26 INFO DAGScheduler: Final stage: ResultStage 4 (count at <unknown>:0)
[2026-05-21T06:46:26.824+0000] {subprocess.py:106} INFO - 26/05/21 06:46:26 INFO DAGScheduler: Parents of final stage: List(ShuffleMapStage 3)
[2026-05-21T06:46:26.827+0000] {subprocess.py:106} INFO - 26/05/21 06:46:26 INFO DAGScheduler: Missing parents: List()
[2026-05-21T06:46:26.832+0000] {subprocess.py:106} INFO - 26/05/21 06:46:26 INFO DAGScheduler: Submitting ResultStage 4 (MapPartitionsRDD[10] at count at <unknown>:0), which has no missing parents
[2026-05-21T06:46:26.846+0000] {subprocess.py:106} INFO - 26/05/21 06:46:26 INFO MemoryStore: Block broadcast_5 stored as values in memory (estimated size 12.5 KiB, free 434.1 MiB)
[2026-05-21T06:46:26.870+0000] {subprocess.py:106} INFO - 26/05/21 06:46:26 INFO MemoryStore: Block broadcast_5_piece0 stored as bytes in memory (estimated size 5.9 KiB, free 434.1 MiB)
[2026-05-21T06:46:26.875+0000] {subprocess.py:106} INFO - 26/05/21 06:46:26 INFO BlockManagerInfo: Added broadcast_5_piece0 in memory on c05002f484b8:32941 (size: 5.9 KiB, free: 434.4 MiB)
[2026-05-21T06:46:26.889+0000] {subprocess.py:106} INFO - 26/05/21 06:46:26 INFO SparkContext: Created broadcast 5 from broadcast at DAGScheduler.scala:1585
[2026-05-21T06:46:26.892+0000] {subprocess.py:106} INFO - 26/05/21 06:46:26 INFO DAGScheduler: Submitting 1 missing tasks from ResultStage 4 (MapPartitionsRDD[10] at count at <unknown>:0) (first 15 tasks are for partitions Vector(0))
[2026-05-21T06:46:26.897+0000] {subprocess.py:106} INFO - 26/05/21 06:46:26 INFO TaskSchedulerImpl: Adding task set 4.0 with 1 tasks resource profile 0
[2026-05-21T06:46:26.899+0000] {subprocess.py:106} INFO - 26/05/21 06:46:26 INFO BlockManagerInfo: Removed broadcast_4_piece0 on c05002f484b8:32941 in memory (size: 8.9 KiB, free: 434.4 MiB)
[2026-05-21T06:46:26.901+0000] {subprocess.py:106} INFO - 26/05/21 06:46:26 INFO BlockManagerInfo: Removed broadcast_4_piece0 on 172.30.0.6:38321 in memory (size: 8.9 KiB, free: 434.4 MiB)
[2026-05-21T06:46:26.908+0000] {subprocess.py:106} INFO - 26/05/21 06:46:26 INFO TaskSetManager: Starting task 0.0 in stage 4.0 (TID 3) (172.30.0.6, executor 0, partition 0, NODE_LOCAL, 9976 bytes)
[2026-05-21T06:46:26.980+0000] {subprocess.py:106} INFO - 26/05/21 06:46:26 INFO BlockManagerInfo: Added broadcast_5_piece0 in memory on 172.30.0.6:38321 (size: 5.9 KiB, free: 434.4 MiB)
[2026-05-21T06:46:27.036+0000] {subprocess.py:106} INFO - 26/05/21 06:46:27 INFO MapOutputTrackerMasterEndpoint: Asked to send map output locations for shuffle 0 to 172.30.0.6:53218
[2026-05-21T06:46:27.336+0000] {subprocess.py:106} INFO - 26/05/21 06:46:27 INFO TaskSetManager: Finished task 0.0 in stage 4.0 (TID 3) in 422 ms on 172.30.0.6 (executor 0) (1/1)
[2026-05-21T06:46:27.338+0000] {subprocess.py:106} INFO - 26/05/21 06:46:27 INFO TaskSchedulerImpl: Removed TaskSet 4.0, whose tasks have all completed, from pool
[2026-05-21T06:46:27.339+0000] {subprocess.py:106} INFO - 26/05/21 06:46:27 INFO DAGScheduler: ResultStage 4 (count at <unknown>:0) finished in 0.473 s
[2026-05-21T06:46:27.339+0000] {subprocess.py:106} INFO - 26/05/21 06:46:27 INFO DAGScheduler: Job 3 is finished. Cancelling potential speculative or zombie tasks for this job
[2026-05-21T06:46:27.340+0000] {subprocess.py:106} INFO - 26/05/21 06:46:27 INFO TaskSchedulerImpl: Killing all running tasks in stage 4: Stage finished
[2026-05-21T06:46:27.341+0000] {subprocess.py:106} INFO - 26/05/21 06:46:27 INFO DAGScheduler: Job 3 finished: count at <unknown>:0, took 0.509916 s
[2026-05-21T06:46:27.361+0000] {subprocess.py:106} INFO -  Record loaded from CSV: 14598
[2026-05-21T06:46:27.363+0000] {subprocess.py:106} INFO - root
[2026-05-21T06:46:27.364+0000] {subprocess.py:106} INFO -  |-- job_title: string (nullable = true)
[2026-05-21T06:46:27.365+0000] {subprocess.py:106} INFO -  |-- company_name: string (nullable = true)
[2026-05-21T06:46:27.366+0000] {subprocess.py:106} INFO -  |-- location: string (nullable = true)
[2026-05-21T06:46:27.366+0000] {subprocess.py:106} INFO -  |-- skills_required: string (nullable = true)
[2026-05-21T06:46:27.367+0000] {subprocess.py:106} INFO -  |-- date_posted: timestamp (nullable = true)
[2026-05-21T06:46:27.367+0000] {subprocess.py:106} INFO -  |-- job_link: string (nullable = true)
[2026-05-21T06:46:27.368+0000] {subprocess.py:106} INFO -  |-- job_category: string (nullable = true)
[2026-05-21T06:46:27.369+0000] {subprocess.py:106} INFO -  |-- work_mode: string (nullable = true)
[2026-05-21T06:46:27.369+0000] {subprocess.py:106} INFO -  |-- crawl_date: timestamp (nullable = true)
[2026-05-21T06:46:27.370+0000] {subprocess.py:106} INFO -  |-- date_only: date (nullable = true)
[2026-05-21T06:46:27.370+0000] {subprocess.py:106} INFO - 
[2026-05-21T06:46:27.874+0000] {subprocess.py:106} INFO - 26/05/21 06:46:27 INFO BlockManagerInfo: Removed broadcast_5_piece0 on c05002f484b8:32941 in memory (size: 5.9 KiB, free: 434.4 MiB)
[2026-05-21T06:46:27.876+0000] {subprocess.py:106} INFO - 26/05/21 06:46:27 INFO BlockManagerInfo: Removed broadcast_5_piece0 on 172.30.0.6:38321 in memory (size: 5.9 KiB, free: 434.4 MiB)
[2026-05-21T06:46:27.959+0000] {subprocess.py:106} INFO - 26/05/21 06:46:27 INFO HiveConf: Found configuration file null
[2026-05-21T06:46:28.212+0000] {subprocess.py:106} INFO - 26/05/21 06:46:28 INFO metastore: Trying to connect to metastore with URI thrift://hive-metastore:9083
[2026-05-21T06:46:28.248+0000] {subprocess.py:106} INFO - 26/05/21 06:46:28 INFO metastore: Opened a connection to metastore, current connections: 1
[2026-05-21T06:46:28.456+0000] {subprocess.py:106} INFO - 26/05/21 06:46:28 INFO metastore: Connected to metastore.
[2026-05-21T06:46:29.969+0000] {subprocess.py:106} INFO - 26/05/21 06:46:29 INFO BaseMetastoreTableOperations: Refreshing table metadata from new version: s3a://warehouse/iceberg_data/bronze.db/it_jobs_raw/metadata/00007-e3c1e670-96b5-4717-8f3a-a17cc719ce5b.metadata.json
[2026-05-21T06:46:30.490+0000] {subprocess.py:106} INFO - 26/05/21 06:46:30 INFO BaseMetastoreCatalog: Table loaded by catalog: iceberg.bronze.it_jobs_raw
[2026-05-21T06:46:30.500+0000] {subprocess.py:106} INFO - Table iceberg.bronze.it_jobs_raw exists. Checking for new records...
[2026-05-21T06:46:30.779+0000] {subprocess.py:106} INFO - 26/05/21 06:46:30 INFO BlockManagerInfo: Removed broadcast_3_piece0 on 172.30.0.6:38321 in memory (size: 36.1 KiB, free: 434.4 MiB)
[2026-05-21T06:46:30.789+0000] {subprocess.py:106} INFO - 26/05/21 06:46:30 INFO BlockManagerInfo: Removed broadcast_3_piece0 on c05002f484b8:32941 in memory (size: 36.1 KiB, free: 434.4 MiB)
[2026-05-21T06:46:30.888+0000] {subprocess.py:106} INFO - 26/05/21 06:46:30 INFO V2ScanRelationPushDown:
[2026-05-21T06:46:30.889+0000] {subprocess.py:106} INFO - Pushing operators to iceberg.bronze.it_jobs_raw
[2026-05-21T06:46:30.889+0000] {subprocess.py:106} INFO - Pushed Filters: job_link IS NOT NULL
[2026-05-21T06:46:30.890+0000] {subprocess.py:106} INFO - Post-Scan Filters: isnotnull(job_link#79)
[2026-05-21T06:46:30.890+0000] {subprocess.py:106} INFO - 
[2026-05-21T06:46:30.945+0000] {subprocess.py:106} INFO - 26/05/21 06:46:30 INFO V2ScanRelationPushDown:
[2026-05-21T06:46:30.945+0000] {subprocess.py:106} INFO - Output: job_link#79
[2026-05-21T06:46:30.946+0000] {subprocess.py:106} INFO - 
[2026-05-21T06:46:30.963+0000] {subprocess.py:106} INFO - 26/05/21 06:46:30 INFO SnapshotScan: Scanning table iceberg.bronze.it_jobs_raw snapshot 7226990862268888696 created at 2026-05-14T07:25:30.395+00:00 with filter job_link IS NOT NULL
[2026-05-21T06:46:31.305+0000] {subprocess.py:106} INFO - 26/05/21 06:46:31 INFO BaseDistributedDataScan: Planning file tasks locally for table iceberg.bronze.it_jobs_raw
[2026-05-21T06:46:31.706+0000] {subprocess.py:106} INFO - 26/05/21 06:46:31 INFO SparkPartitioningAwareScan: Reporting UnknownPartitioning with 2 partition(s) for table iceberg.bronze.it_jobs_raw
[2026-05-21T06:46:31.817+0000] {subprocess.py:106} INFO - 26/05/21 06:46:31 INFO FileSourceStrategy: Pushed Filters:
[2026-05-21T06:46:31.818+0000] {subprocess.py:106} INFO - 26/05/21 06:46:31 INFO FileSourceStrategy: Post-Scan Filters:
[2026-05-21T06:46:31.842+0000] {subprocess.py:106} INFO - 26/05/21 06:46:31 INFO MemoryStore: Block broadcast_6 stored as values in memory (estimated size 32.0 KiB, free 434.4 MiB)
[2026-05-21T06:46:31.882+0000] {subprocess.py:106} INFO - 26/05/21 06:46:31 INFO MemoryStore: Block broadcast_6_piece0 stored as bytes in memory (estimated size 30.2 KiB, free 434.3 MiB)
[2026-05-21T06:46:31.885+0000] {subprocess.py:106} INFO - 26/05/21 06:46:31 INFO BlockManagerInfo: Added broadcast_6_piece0 in memory on c05002f484b8:32941 (size: 30.2 KiB, free: 434.4 MiB)
[2026-05-21T06:46:31.886+0000] {subprocess.py:106} INFO - 26/05/21 06:46:31 INFO SparkContext: Created broadcast 6 from broadcast at SparkBatch.java:79
[2026-05-21T06:46:31.918+0000] {subprocess.py:106} INFO - 26/05/21 06:46:31 INFO MemoryStore: Block broadcast_7 stored as values in memory (estimated size 32.0 KiB, free 434.3 MiB)
[2026-05-21T06:46:31.922+0000] {subprocess.py:106} INFO - 26/05/21 06:46:31 INFO MemoryStore: Block broadcast_7_piece0 stored as bytes in memory (estimated size 30.2 KiB, free 434.3 MiB)
[2026-05-21T06:46:31.927+0000] {subprocess.py:106} INFO - 26/05/21 06:46:31 INFO BlockManagerInfo: Added broadcast_7_piece0 in memory on c05002f484b8:32941 (size: 30.2 KiB, free: 434.3 MiB)
[2026-05-21T06:46:31.928+0000] {subprocess.py:106} INFO - 26/05/21 06:46:31 INFO SparkContext: Created broadcast 7 from broadcast at SparkBatch.java:79
[2026-05-21T06:46:32.109+0000] {subprocess.py:106} INFO - 26/05/21 06:46:32 INFO CodeGenerator: Code generated in 37.04844 ms
[2026-05-21T06:46:32.148+0000] {subprocess.py:106} INFO - 26/05/21 06:46:32 INFO SparkContext: Starting job: $anonfun$withThreadLocalCaptured$1 at <unknown>:0
[2026-05-21T06:46:32.150+0000] {subprocess.py:106} INFO - 26/05/21 06:46:32 INFO DAGScheduler: Got job 4 ($anonfun$withThreadLocalCaptured$1 at <unknown>:0) with 2 output partitions
[2026-05-21T06:46:32.152+0000] {subprocess.py:106} INFO - 26/05/21 06:46:32 INFO DAGScheduler: Final stage: ResultStage 5 ($anonfun$withThreadLocalCaptured$1 at <unknown>:0)
[2026-05-21T06:46:32.154+0000] {subprocess.py:106} INFO - 26/05/21 06:46:32 INFO DAGScheduler: Parents of final stage: List()
[2026-05-21T06:46:32.155+0000] {subprocess.py:106} INFO - 26/05/21 06:46:32 INFO DAGScheduler: Missing parents: List()
[2026-05-21T06:46:32.157+0000] {subprocess.py:106} INFO - 26/05/21 06:46:32 INFO DAGScheduler: Submitting ResultStage 5 (MapPartitionsRDD[14] at $anonfun$withThreadLocalCaptured$1 at <unknown>:0), which has no missing parents
[2026-05-21T06:46:32.159+0000] {subprocess.py:106} INFO - 26/05/21 06:46:32 INFO MemoryStore: Block broadcast_8 stored as values in memory (estimated size 13.8 KiB, free 434.3 MiB)
[2026-05-21T06:46:32.182+0000] {subprocess.py:106} INFO - 26/05/21 06:46:32 INFO MemoryStore: Block broadcast_8_piece0 stored as bytes in memory (estimated size 5.5 KiB, free 434.3 MiB)
[2026-05-21T06:46:32.189+0000] {subprocess.py:106} INFO - 26/05/21 06:46:32 INFO BlockManagerInfo: Added broadcast_8_piece0 in memory on c05002f484b8:32941 (size: 5.5 KiB, free: 434.3 MiB)
[2026-05-21T06:46:32.190+0000] {subprocess.py:106} INFO - 26/05/21 06:46:32 INFO SparkContext: Created broadcast 8 from broadcast at DAGScheduler.scala:1585
[2026-05-21T06:46:32.191+0000] {subprocess.py:106} INFO - 26/05/21 06:46:32 INFO DAGScheduler: Submitting 2 missing tasks from ResultStage 5 (MapPartitionsRDD[14] at $anonfun$withThreadLocalCaptured$1 at <unknown>:0) (first 15 tasks are for partitions Vector(0, 1))
[2026-05-21T06:46:32.191+0000] {subprocess.py:106} INFO - 26/05/21 06:46:32 INFO TaskSchedulerImpl: Adding task set 5.0 with 2 tasks resource profile 0
[2026-05-21T06:46:32.218+0000] {subprocess.py:106} INFO - 26/05/21 06:46:32 INFO TaskSetManager: Starting task 0.0 in stage 5.0 (TID 4) (172.30.0.6, executor 0, partition 0, PROCESS_LOCAL, 16335 bytes)
[2026-05-21T06:46:32.777+0000] {subprocess.py:106} INFO - 26/05/21 06:46:32 INFO BlockManagerInfo: Added broadcast_8_piece0 in memory on 172.30.0.6:38321 (size: 5.5 KiB, free: 434.4 MiB)
[2026-05-21T06:46:32.847+0000] {subprocess.py:106} INFO - 26/05/21 06:46:32 INFO BlockManagerInfo: Added broadcast_7_piece0 in memory on 172.30.0.6:38321 (size: 30.2 KiB, free: 434.4 MiB)
[2026-05-21T06:46:34.803+0000] {subprocess.py:106} INFO - 26/05/21 06:46:34 INFO TaskSetManager: Starting task 1.0 in stage 5.0 (TID 5) (172.30.0.6, executor 0, partition 1, PROCESS_LOCAL, 16345 bytes)
[2026-05-21T06:46:34.804+0000] {subprocess.py:106} INFO - 26/05/21 06:46:34 INFO TaskSetManager: Finished task 0.0 in stage 5.0 (TID 4) in 2615 ms on 172.30.0.6 (executor 0) (1/2)
[2026-05-21T06:46:35.109+0000] {subprocess.py:106} INFO - 26/05/21 06:46:35 INFO TaskSetManager: Finished task 1.0 in stage 5.0 (TID 5) in 317 ms on 172.30.0.6 (executor 0) (2/2)
[2026-05-21T06:46:35.110+0000] {subprocess.py:106} INFO - 26/05/21 06:46:35 INFO TaskSchedulerImpl: Removed TaskSet 5.0, whose tasks have all completed, from pool
[2026-05-21T06:46:35.116+0000] {subprocess.py:106} INFO - 26/05/21 06:46:35 INFO DAGScheduler: ResultStage 5 ($anonfun$withThreadLocalCaptured$1 at <unknown>:0) finished in 2.949 s
[2026-05-21T06:46:35.118+0000] {subprocess.py:106} INFO - 26/05/21 06:46:35 INFO DAGScheduler: Job 4 is finished. Cancelling potential speculative or zombie tasks for this job
[2026-05-21T06:46:35.119+0000] {subprocess.py:106} INFO - 26/05/21 06:46:35 INFO TaskSchedulerImpl: Killing all running tasks in stage 5: Stage finished
[2026-05-21T06:46:35.120+0000] {subprocess.py:106} INFO - 26/05/21 06:46:35 INFO DAGScheduler: Job 4 finished: $anonfun$withThreadLocalCaptured$1 at <unknown>:0, took 2.957572 s
[2026-05-21T06:46:35.151+0000] {subprocess.py:106} INFO - 26/05/21 06:46:35 INFO BlockManagerInfo: Removed broadcast_8_piece0 on c05002f484b8:32941 in memory (size: 5.5 KiB, free: 434.3 MiB)
[2026-05-21T06:46:35.157+0000] {subprocess.py:106} INFO - 26/05/21 06:46:35 INFO BlockManagerInfo: Removed broadcast_8_piece0 on 172.30.0.6:38321 in memory (size: 5.5 KiB, free: 434.4 MiB)
[2026-05-21T06:46:35.175+0000] {subprocess.py:106} INFO - 26/05/21 06:46:35 INFO CodeGenerator: Code generated in 16.493997 ms
[2026-05-21T06:46:35.281+0000] {subprocess.py:106} INFO - 26/05/21 06:46:35 INFO MemoryStore: Block broadcast_9_piece0 stored as bytes in memory (estimated size 843.5 KiB, free 433.5 MiB)
[2026-05-21T06:46:35.282+0000] {subprocess.py:106} INFO - 26/05/21 06:46:35 INFO BlockManagerInfo: Added broadcast_9_piece0 in memory on c05002f484b8:32941 (size: 843.5 KiB, free: 433.5 MiB)
[2026-05-21T06:46:35.283+0000] {subprocess.py:106} INFO - 26/05/21 06:46:35 INFO SparkContext: Created broadcast 9 from $anonfun$withThreadLocalCaptured$1 at <unknown>:0
[2026-05-21T06:46:35.292+0000] {subprocess.py:106} INFO - 26/05/21 06:46:35 INFO FileSourceStrategy: Pushed Filters:
[2026-05-21T06:46:35.293+0000] {subprocess.py:106} INFO - 26/05/21 06:46:35 INFO FileSourceStrategy: Post-Scan Filters:
[2026-05-21T06:46:35.358+0000] {subprocess.py:106} INFO - 26/05/21 06:46:35 INFO CodeGenerator: Code generated in 18.255033 ms
[2026-05-21T06:46:35.365+0000] {subprocess.py:106} INFO - 26/05/21 06:46:35 INFO MemoryStore: Block broadcast_10 stored as values in memory (estimated size 205.7 KiB, free 433.3 MiB)
[2026-05-21T06:46:35.396+0000] {subprocess.py:106} INFO - 26/05/21 06:46:35 INFO MemoryStore: Block broadcast_10_piece0 stored as bytes in memory (estimated size 36.1 KiB, free 433.2 MiB)
[2026-05-21T06:46:35.398+0000] {subprocess.py:106} INFO - 26/05/21 06:46:35 INFO BlockManagerInfo: Added broadcast_10_piece0 in memory on c05002f484b8:32941 (size: 36.1 KiB, free: 433.5 MiB)
[2026-05-21T06:46:35.398+0000] {subprocess.py:106} INFO - 26/05/21 06:46:35 INFO SparkContext: Created broadcast 10 from count at <unknown>:0
[2026-05-21T06:46:35.399+0000] {subprocess.py:106} INFO - 26/05/21 06:46:35 INFO FileSourceScanExec: Planning scan with bin packing, max size: 4316793 bytes, open cost is considered as scanning 4194304 bytes.
[2026-05-21T06:46:35.408+0000] {subprocess.py:106} INFO - 26/05/21 06:46:35 INFO DAGScheduler: Registering RDD 18 (count at <unknown>:0) as input to shuffle 1
[2026-05-21T06:46:35.409+0000] {subprocess.py:106} INFO - 26/05/21 06:46:35 INFO DAGScheduler: Got map stage job 5 (count at <unknown>:0) with 1 output partitions
[2026-05-21T06:46:35.411+0000] {subprocess.py:106} INFO - 26/05/21 06:46:35 INFO DAGScheduler: Final stage: ShuffleMapStage 6 (count at <unknown>:0)
[2026-05-21T06:46:35.412+0000] {subprocess.py:106} INFO - 26/05/21 06:46:35 INFO DAGScheduler: Parents of final stage: List()
[2026-05-21T06:46:35.413+0000] {subprocess.py:106} INFO - 26/05/21 06:46:35 INFO DAGScheduler: Missing parents: List()
[2026-05-21T06:46:35.415+0000] {subprocess.py:106} INFO - 26/05/21 06:46:35 INFO DAGScheduler: Submitting ShuffleMapStage 6 (MapPartitionsRDD[18] at count at <unknown>:0), which has no missing parents
[2026-05-21T06:46:35.419+0000] {subprocess.py:106} INFO - 26/05/21 06:46:35 INFO MemoryStore: Block broadcast_11 stored as values in memory (estimated size 20.2 KiB, free 433.2 MiB)
[2026-05-21T06:46:35.423+0000] {subprocess.py:106} INFO - 26/05/21 06:46:35 INFO MemoryStore: Block broadcast_11_piece0 stored as bytes in memory (estimated size 9.8 KiB, free 433.2 MiB)
[2026-05-21T06:46:35.425+0000] {subprocess.py:106} INFO - 26/05/21 06:46:35 INFO BlockManagerInfo: Added broadcast_11_piece0 in memory on c05002f484b8:32941 (size: 9.8 KiB, free: 433.5 MiB)
[2026-05-21T06:46:35.426+0000] {subprocess.py:106} INFO - 26/05/21 06:46:35 INFO SparkContext: Created broadcast 11 from broadcast at DAGScheduler.scala:1585
[2026-05-21T06:46:35.427+0000] {subprocess.py:106} INFO - 26/05/21 06:46:35 INFO DAGScheduler: Submitting 1 missing tasks from ShuffleMapStage 6 (MapPartitionsRDD[18] at count at <unknown>:0) (first 15 tasks are for partitions Vector(0))
[2026-05-21T06:46:35.427+0000] {subprocess.py:106} INFO - 26/05/21 06:46:35 INFO TaskSchedulerImpl: Adding task set 6.0 with 1 tasks resource profile 0
[2026-05-21T06:46:35.431+0000] {subprocess.py:106} INFO - 26/05/21 06:46:35 INFO TaskSetManager: Starting task 0.0 in stage 6.0 (TID 6) (172.30.0.6, executor 0, partition 0, PROCESS_LOCAL, 10568 bytes)
[2026-05-21T06:46:35.461+0000] {subprocess.py:106} INFO - 26/05/21 06:46:35 INFO BlockManagerInfo: Added broadcast_11_piece0 in memory on 172.30.0.6:38321 (size: 9.8 KiB, free: 434.4 MiB)
[2026-05-21T06:46:35.562+0000] {subprocess.py:106} INFO - 26/05/21 06:46:35 INFO BlockManagerInfo: Added broadcast_9_piece0 in memory on 172.30.0.6:38321 (size: 843.5 KiB, free: 433.5 MiB)
[2026-05-21T06:46:35.728+0000] {subprocess.py:106} INFO - 26/05/21 06:46:35 INFO BlockManagerInfo: Added broadcast_10_piece0 in memory on 172.30.0.6:38321 (size: 36.1 KiB, free: 433.5 MiB)
[2026-05-21T06:46:35.925+0000] {subprocess.py:106} INFO - 26/05/21 06:46:35 INFO TaskSetManager: Finished task 0.0 in stage 6.0 (TID 6) in 492 ms on 172.30.0.6 (executor 0) (1/1)
[2026-05-21T06:46:35.931+0000] {subprocess.py:106} INFO - 26/05/21 06:46:35 INFO TaskSchedulerImpl: Removed TaskSet 6.0, whose tasks have all completed, from pool
[2026-05-21T06:46:35.932+0000] {subprocess.py:106} INFO - 26/05/21 06:46:35 INFO DAGScheduler: ShuffleMapStage 6 (count at <unknown>:0) finished in 0.507 s
[2026-05-21T06:46:35.933+0000] {subprocess.py:106} INFO - 26/05/21 06:46:35 INFO DAGScheduler: looking for newly runnable stages
[2026-05-21T06:46:35.934+0000] {subprocess.py:106} INFO - 26/05/21 06:46:35 INFO DAGScheduler: running: Set()
[2026-05-21T06:46:35.935+0000] {subprocess.py:106} INFO - 26/05/21 06:46:35 INFO DAGScheduler: waiting: Set()
[2026-05-21T06:46:35.935+0000] {subprocess.py:106} INFO - 26/05/21 06:46:35 INFO DAGScheduler: failed: Set()
[2026-05-21T06:46:35.960+0000] {subprocess.py:106} INFO - 26/05/21 06:46:35 INFO CodeGenerator: Code generated in 15.459976 ms
[2026-05-21T06:46:35.973+0000] {subprocess.py:106} INFO - 26/05/21 06:46:35 INFO SparkContext: Starting job: count at <unknown>:0
[2026-05-21T06:46:35.975+0000] {subprocess.py:106} INFO - 26/05/21 06:46:35 INFO DAGScheduler: Got job 6 (count at <unknown>:0) with 1 output partitions
[2026-05-21T06:46:35.976+0000] {subprocess.py:106} INFO - 26/05/21 06:46:35 INFO DAGScheduler: Final stage: ResultStage 8 (count at <unknown>:0)
[2026-05-21T06:46:35.977+0000] {subprocess.py:106} INFO - 26/05/21 06:46:35 INFO DAGScheduler: Parents of final stage: List(ShuffleMapStage 7)
[2026-05-21T06:46:35.977+0000] {subprocess.py:106} INFO - 26/05/21 06:46:35 INFO DAGScheduler: Missing parents: List()
[2026-05-21T06:46:35.978+0000] {subprocess.py:106} INFO - 26/05/21 06:46:35 INFO DAGScheduler: Submitting ResultStage 8 (MapPartitionsRDD[21] at count at <unknown>:0), which has no missing parents
[2026-05-21T06:46:35.981+0000] {subprocess.py:106} INFO - 26/05/21 06:46:35 INFO MemoryStore: Block broadcast_12 stored as values in memory (estimated size 12.5 KiB, free 433.2 MiB)
[2026-05-21T06:46:35.994+0000] {subprocess.py:106} INFO - 26/05/21 06:46:35 INFO MemoryStore: Block broadcast_12_piece0 stored as bytes in memory (estimated size 5.9 KiB, free 433.2 MiB)
[2026-05-21T06:46:35.996+0000] {subprocess.py:106} INFO - 26/05/21 06:46:35 INFO BlockManagerInfo: Added broadcast_12_piece0 in memory on c05002f484b8:32941 (size: 5.9 KiB, free: 433.5 MiB)
[2026-05-21T06:46:35.998+0000] {subprocess.py:106} INFO - 26/05/21 06:46:35 INFO SparkContext: Created broadcast 12 from broadcast at DAGScheduler.scala:1585
[2026-05-21T06:46:35.999+0000] {subprocess.py:106} INFO - 26/05/21 06:46:35 INFO DAGScheduler: Submitting 1 missing tasks from ResultStage 8 (MapPartitionsRDD[21] at count at <unknown>:0) (first 15 tasks are for partitions Vector(0))
[2026-05-21T06:46:36.000+0000] {subprocess.py:106} INFO - 26/05/21 06:46:35 INFO TaskSchedulerImpl: Adding task set 8.0 with 1 tasks resource profile 0
[2026-05-21T06:46:36.002+0000] {subprocess.py:106} INFO - 26/05/21 06:46:36 INFO TaskSetManager: Starting task 0.0 in stage 8.0 (TID 7) (172.30.0.6, executor 0, partition 0, NODE_LOCAL, 9976 bytes)
[2026-05-21T06:46:36.003+0000] {subprocess.py:106} INFO - 26/05/21 06:46:36 INFO BlockManagerInfo: Removed broadcast_11_piece0 on 172.30.0.6:38321 in memory (size: 9.8 KiB, free: 433.5 MiB)
[2026-05-21T06:46:36.008+0000] {subprocess.py:106} INFO - 26/05/21 06:46:36 INFO BlockManagerInfo: Removed broadcast_11_piece0 on c05002f484b8:32941 in memory (size: 9.8 KiB, free: 433.5 MiB)
[2026-05-21T06:46:36.033+0000] {subprocess.py:106} INFO - 26/05/21 06:46:36 INFO BlockManagerInfo: Added broadcast_12_piece0 in memory on 172.30.0.6:38321 (size: 5.9 KiB, free: 433.5 MiB)
[2026-05-21T06:46:36.059+0000] {subprocess.py:106} INFO - 26/05/21 06:46:36 INFO MapOutputTrackerMasterEndpoint: Asked to send map output locations for shuffle 1 to 172.30.0.6:53218
[2026-05-21T06:46:36.105+0000] {subprocess.py:106} INFO - 26/05/21 06:46:36 INFO TaskSetManager: Finished task 0.0 in stage 8.0 (TID 7) in 100 ms on 172.30.0.6 (executor 0) (1/1)
[2026-05-21T06:46:36.107+0000] {subprocess.py:106} INFO - 26/05/21 06:46:36 INFO TaskSchedulerImpl: Removed TaskSet 8.0, whose tasks have all completed, from pool
[2026-05-21T06:46:36.109+0000] {subprocess.py:106} INFO - 26/05/21 06:46:36 INFO DAGScheduler: ResultStage 8 (count at <unknown>:0) finished in 0.125 s
[2026-05-21T06:46:36.110+0000] {subprocess.py:106} INFO - 26/05/21 06:46:36 INFO DAGScheduler: Job 6 is finished. Cancelling potential speculative or zombie tasks for this job
[2026-05-21T06:46:36.110+0000] {subprocess.py:106} INFO - 26/05/21 06:46:36 INFO TaskSchedulerImpl: Killing all running tasks in stage 8: Stage finished
[2026-05-21T06:46:36.112+0000] {subprocess.py:106} INFO - 26/05/21 06:46:36 INFO DAGScheduler: Job 6 finished: count at <unknown>:0, took 0.130673 s
[2026-05-21T06:46:36.113+0000] {subprocess.py:106} INFO -  New records to append: 209
[2026-05-21T06:46:36.239+0000] {subprocess.py:106} INFO - 26/05/21 06:46:36 INFO V2ScanRelationPushDown:
[2026-05-21T06:46:36.240+0000] {subprocess.py:106} INFO - Pushing operators to iceberg.bronze.it_jobs_raw
[2026-05-21T06:46:36.240+0000] {subprocess.py:106} INFO - Pushed Filters: job_link IS NOT NULL
[2026-05-21T06:46:36.241+0000] {subprocess.py:106} INFO - Post-Scan Filters: isnotnull(job_link#79)
[2026-05-21T06:46:36.241+0000] {subprocess.py:106} INFO - 
[2026-05-21T06:46:36.242+0000] {subprocess.py:106} INFO - 26/05/21 06:46:36 INFO V2ScanRelationPushDown:
[2026-05-21T06:46:36.243+0000] {subprocess.py:106} INFO - Output: job_link#79
[2026-05-21T06:46:36.244+0000] {subprocess.py:106} INFO - 
[2026-05-21T06:46:36.244+0000] {subprocess.py:106} INFO - 26/05/21 06:46:36 INFO SnapshotScan: Scanning table iceberg.bronze.it_jobs_raw snapshot 7226990862268888696 created at 2026-05-14T07:25:30.395+00:00 with filter job_link IS NOT NULL
[2026-05-21T06:46:36.245+0000] {subprocess.py:106} INFO - 26/05/21 06:46:36 INFO BaseDistributedDataScan: Planning file tasks locally for table iceberg.bronze.it_jobs_raw
[2026-05-21T06:46:36.326+0000] {subprocess.py:106} INFO - 26/05/21 06:46:36 INFO SparkPartitioningAwareScan: Reporting UnknownPartitioning with 2 partition(s) for table iceberg.bronze.it_jobs_raw
[2026-05-21T06:46:36.378+0000] {subprocess.py:106} INFO - 26/05/21 06:46:36 INFO SparkWrite: Requesting 0 bytes advisory partition size for table iceberg.bronze.it_jobs_raw
[2026-05-21T06:46:36.379+0000] {subprocess.py:106} INFO - 26/05/21 06:46:36 INFO SparkWrite: Requesting UnspecifiedDistribution as write distribution for table iceberg.bronze.it_jobs_raw
[2026-05-21T06:46:36.380+0000] {subprocess.py:106} INFO - 26/05/21 06:46:36 INFO SparkWrite: Requesting [] as write ordering for table iceberg.bronze.it_jobs_raw
[2026-05-21T06:46:36.406+0000] {subprocess.py:106} INFO - 26/05/21 06:46:36 INFO FileSourceStrategy: Pushed Filters:
[2026-05-21T06:46:36.408+0000] {subprocess.py:106} INFO - 26/05/21 06:46:36 INFO FileSourceStrategy: Post-Scan Filters:
[2026-05-21T06:46:36.411+0000] {subprocess.py:106} INFO - 26/05/21 06:46:36 INFO MemoryStore: Block broadcast_13 stored as values in memory (estimated size 32.0 KiB, free 433.2 MiB)
[2026-05-21T06:46:36.430+0000] {subprocess.py:106} INFO - 26/05/21 06:46:36 INFO MemoryStore: Block broadcast_13_piece0 stored as bytes in memory (estimated size 30.2 KiB, free 433.1 MiB)
[2026-05-21T06:46:36.431+0000] {subprocess.py:106} INFO - 26/05/21 06:46:36 INFO BlockManagerInfo: Added broadcast_13_piece0 in memory on c05002f484b8:32941 (size: 30.2 KiB, free: 433.4 MiB)
[2026-05-21T06:46:36.434+0000] {subprocess.py:106} INFO - 26/05/21 06:46:36 INFO BlockManagerInfo: Removed broadcast_12_piece0 on c05002f484b8:32941 in memory (size: 5.9 KiB, free: 433.5 MiB)
[2026-05-21T06:46:36.435+0000] {subprocess.py:106} INFO - 26/05/21 06:46:36 INFO SparkContext: Created broadcast 13 from broadcast at SparkBatch.java:79
[2026-05-21T06:46:36.436+0000] {subprocess.py:106} INFO - 26/05/21 06:46:36 INFO BlockManagerInfo: Removed broadcast_12_piece0 on 172.30.0.6:38321 in memory (size: 5.9 KiB, free: 433.5 MiB)
[2026-05-21T06:46:36.450+0000] {subprocess.py:106} INFO - 26/05/21 06:46:36 INFO MemoryStore: Block broadcast_14 stored as values in memory (estimated size 32.0 KiB, free 433.1 MiB)
[2026-05-21T06:46:36.456+0000] {subprocess.py:106} INFO - 26/05/21 06:46:36 INFO MemoryStore: Block broadcast_14_piece0 stored as bytes in memory (estimated size 30.2 KiB, free 433.1 MiB)
[2026-05-21T06:46:36.457+0000] {subprocess.py:106} INFO - 26/05/21 06:46:36 INFO BlockManagerInfo: Added broadcast_14_piece0 in memory on c05002f484b8:32941 (size: 30.2 KiB, free: 433.4 MiB)
[2026-05-21T06:46:36.458+0000] {subprocess.py:106} INFO - 26/05/21 06:46:36 INFO SparkContext: Created broadcast 14 from broadcast at SparkBatch.java:79
[2026-05-21T06:46:36.541+0000] {subprocess.py:106} INFO - 26/05/21 06:46:36 INFO SparkContext: Starting job: $anonfun$withThreadLocalCaptured$1 at <unknown>:0
[2026-05-21T06:46:36.544+0000] {subprocess.py:106} INFO - 26/05/21 06:46:36 INFO DAGScheduler: Got job 7 ($anonfun$withThreadLocalCaptured$1 at <unknown>:0) with 2 output partitions
[2026-05-21T06:46:36.545+0000] {subprocess.py:106} INFO - 26/05/21 06:46:36 INFO DAGScheduler: Final stage: ResultStage 9 ($anonfun$withThreadLocalCaptured$1 at <unknown>:0)
[2026-05-21T06:46:36.546+0000] {subprocess.py:106} INFO - 26/05/21 06:46:36 INFO DAGScheduler: Parents of final stage: List()
[2026-05-21T06:46:36.546+0000] {subprocess.py:106} INFO - 26/05/21 06:46:36 INFO DAGScheduler: Missing parents: List()
[2026-05-21T06:46:36.547+0000] {subprocess.py:106} INFO - 26/05/21 06:46:36 INFO DAGScheduler: Submitting ResultStage 9 (MapPartitionsRDD[25] at $anonfun$withThreadLocalCaptured$1 at <unknown>:0), which has no missing parents
[2026-05-21T06:46:36.550+0000] {subprocess.py:106} INFO - 26/05/21 06:46:36 INFO MemoryStore: Block broadcast_15 stored as values in memory (estimated size 13.7 KiB, free 433.1 MiB)
[2026-05-21T06:46:36.562+0000] {subprocess.py:106} INFO - 26/05/21 06:46:36 INFO MemoryStore: Block broadcast_15_piece0 stored as bytes in memory (estimated size 5.5 KiB, free 433.1 MiB)
[2026-05-21T06:46:36.563+0000] {subprocess.py:106} INFO - 26/05/21 06:46:36 INFO BlockManagerInfo: Added broadcast_15_piece0 in memory on c05002f484b8:32941 (size: 5.5 KiB, free: 433.4 MiB)
[2026-05-21T06:46:36.566+0000] {subprocess.py:106} INFO - 26/05/21 06:46:36 INFO SparkContext: Created broadcast 15 from broadcast at DAGScheduler.scala:1585
[2026-05-21T06:46:36.567+0000] {subprocess.py:106} INFO - 26/05/21 06:46:36 INFO DAGScheduler: Submitting 2 missing tasks from ResultStage 9 (MapPartitionsRDD[25] at $anonfun$withThreadLocalCaptured$1 at <unknown>:0) (first 15 tasks are for partitions Vector(0, 1))
[2026-05-21T06:46:36.568+0000] {subprocess.py:106} INFO - 26/05/21 06:46:36 INFO TaskSchedulerImpl: Adding task set 9.0 with 2 tasks resource profile 0
[2026-05-21T06:46:36.573+0000] {subprocess.py:106} INFO - 26/05/21 06:46:36 INFO TaskSetManager: Starting task 0.0 in stage 9.0 (TID 8) (172.30.0.6, executor 0, partition 0, PROCESS_LOCAL, 16345 bytes)
[2026-05-21T06:46:36.596+0000] {subprocess.py:106} INFO - 26/05/21 06:46:36 INFO BlockManagerInfo: Added broadcast_15_piece0 in memory on 172.30.0.6:38321 (size: 5.5 KiB, free: 433.5 MiB)
[2026-05-21T06:46:36.642+0000] {subprocess.py:106} INFO - 26/05/21 06:46:36 INFO BlockManagerInfo: Added broadcast_14_piece0 in memory on 172.30.0.6:38321 (size: 30.2 KiB, free: 433.5 MiB)
[2026-05-21T06:46:36.853+0000] {subprocess.py:106} INFO - 26/05/21 06:46:36 INFO TaskSetManager: Starting task 1.0 in stage 9.0 (TID 9) (172.30.0.6, executor 0, partition 1, PROCESS_LOCAL, 16344 bytes)
[2026-05-21T06:46:36.860+0000] {subprocess.py:106} INFO - 26/05/21 06:46:36 INFO TaskSetManager: Finished task 0.0 in stage 9.0 (TID 8) in 281 ms on 172.30.0.6 (executor 0) (1/2)
[2026-05-21T06:46:37.185+0000] {subprocess.py:106} INFO - 26/05/21 06:46:37 INFO TaskSetManager: Finished task 1.0 in stage 9.0 (TID 9) in 337 ms on 172.30.0.6 (executor 0) (2/2)
[2026-05-21T06:46:37.185+0000] {subprocess.py:106} INFO - 26/05/21 06:46:37 INFO TaskSchedulerImpl: Removed TaskSet 9.0, whose tasks have all completed, from pool
[2026-05-21T06:46:37.186+0000] {subprocess.py:106} INFO - 26/05/21 06:46:37 INFO DAGScheduler: ResultStage 9 ($anonfun$withThreadLocalCaptured$1 at <unknown>:0) finished in 0.638 s
[2026-05-21T06:46:37.187+0000] {subprocess.py:106} INFO - 26/05/21 06:46:37 INFO DAGScheduler: Job 7 is finished. Cancelling potential speculative or zombie tasks for this job
[2026-05-21T06:46:37.187+0000] {subprocess.py:106} INFO - 26/05/21 06:46:37 INFO TaskSchedulerImpl: Killing all running tasks in stage 9: Stage finished
[2026-05-21T06:46:37.188+0000] {subprocess.py:106} INFO - 26/05/21 06:46:37 INFO DAGScheduler: Job 7 finished: $anonfun$withThreadLocalCaptured$1 at <unknown>:0, took 0.644714 s
[2026-05-21T06:46:37.251+0000] {subprocess.py:106} INFO - 26/05/21 06:46:37 INFO MemoryStore: Block broadcast_16_piece0 stored as bytes in memory (estimated size 845.1 KiB, free 432.3 MiB)
[2026-05-21T06:46:37.253+0000] {subprocess.py:106} INFO - 26/05/21 06:46:37 INFO BlockManagerInfo: Added broadcast_16_piece0 in memory on c05002f484b8:32941 (size: 845.1 KiB, free: 432.6 MiB)
[2026-05-21T06:46:37.254+0000] {subprocess.py:106} INFO - 26/05/21 06:46:37 INFO SparkContext: Created broadcast 16 from $anonfun$withThreadLocalCaptured$1 at <unknown>:0
[2026-05-21T06:46:37.261+0000] {subprocess.py:106} INFO - 26/05/21 06:46:37 INFO FileSourceStrategy: Pushed Filters:
[2026-05-21T06:46:37.262+0000] {subprocess.py:106} INFO - 26/05/21 06:46:37 INFO FileSourceStrategy: Post-Scan Filters:
[2026-05-21T06:46:37.320+0000] {subprocess.py:106} INFO - 26/05/21 06:46:37 INFO CodeGenerator: Code generated in 30.902405 ms
[2026-05-21T06:46:37.325+0000] {subprocess.py:106} INFO - 26/05/21 06:46:37 INFO MemoryStore: Block broadcast_17 stored as values in memory (estimated size 205.7 KiB, free 432.1 MiB)
[2026-05-21T06:46:37.341+0000] {subprocess.py:106} INFO - 26/05/21 06:46:37 INFO BlockManagerInfo: Removed broadcast_15_piece0 on c05002f484b8:32941 in memory (size: 5.5 KiB, free: 432.6 MiB)
[2026-05-21T06:46:37.347+0000] {subprocess.py:106} INFO - 26/05/21 06:46:37 INFO MemoryStore: Block broadcast_17_piece0 stored as bytes in memory (estimated size 36.1 KiB, free 432.0 MiB)
[2026-05-21T06:46:37.349+0000] {subprocess.py:106} INFO - 26/05/21 06:46:37 INFO BlockManagerInfo: Added broadcast_17_piece0 in memory on c05002f484b8:32941 (size: 36.1 KiB, free: 432.6 MiB)
[2026-05-21T06:46:37.349+0000] {subprocess.py:106} INFO - 26/05/21 06:46:37 INFO BlockManagerInfo: Removed broadcast_15_piece0 on 172.30.0.6:38321 in memory (size: 5.5 KiB, free: 433.5 MiB)
[2026-05-21T06:46:37.350+0000] {subprocess.py:106} INFO - 26/05/21 06:46:37 INFO SparkContext: Created broadcast 17 from append at <unknown>:0
[2026-05-21T06:46:37.354+0000] {subprocess.py:106} INFO - 26/05/21 06:46:37 INFO FileSourceScanExec: Planning scan with bin packing, max size: 4316793 bytes, open cost is considered as scanning 4194304 bytes.
[2026-05-21T06:46:37.362+0000] {subprocess.py:106} INFO - 26/05/21 06:46:37 INFO MemoryStore: Block broadcast_18 stored as values in memory (estimated size 32.0 KiB, free 432.0 MiB)
[2026-05-21T06:46:37.365+0000] {subprocess.py:106} INFO - 26/05/21 06:46:37 INFO MemoryStore: Block broadcast_18_piece0 stored as bytes in memory (estimated size 30.2 KiB, free 432.0 MiB)
[2026-05-21T06:46:37.366+0000] {subprocess.py:106} INFO - 26/05/21 06:46:37 INFO BlockManagerInfo: Added broadcast_18_piece0 in memory on c05002f484b8:32941 (size: 30.2 KiB, free: 432.5 MiB)
[2026-05-21T06:46:37.369+0000] {subprocess.py:106} INFO - 26/05/21 06:46:37 INFO SparkContext: Created broadcast 18 from broadcast at SparkWrite.java:193
[2026-05-21T06:46:37.370+0000] {subprocess.py:106} INFO - 26/05/21 06:46:37 INFO AppendDataExec: Start processing data source write support: IcebergBatchWrite(table=iceberg.bronze.it_jobs_raw, format=PARQUET). The input RDD has 1 partitions.
[2026-05-21T06:46:37.381+0000] {subprocess.py:106} INFO - 26/05/21 06:46:37 INFO SparkContext: Starting job: append at <unknown>:0
[2026-05-21T06:46:37.382+0000] {subprocess.py:106} INFO - 26/05/21 06:46:37 INFO DAGScheduler: Got job 8 (append at <unknown>:0) with 1 output partitions
[2026-05-21T06:46:37.383+0000] {subprocess.py:106} INFO - 26/05/21 06:46:37 INFO DAGScheduler: Final stage: ResultStage 10 (append at <unknown>:0)
[2026-05-21T06:46:37.383+0000] {subprocess.py:106} INFO - 26/05/21 06:46:37 INFO DAGScheduler: Parents of final stage: List()
[2026-05-21T06:46:37.385+0000] {subprocess.py:106} INFO - 26/05/21 06:46:37 INFO DAGScheduler: Missing parents: List()
[2026-05-21T06:46:37.387+0000] {subprocess.py:106} INFO - 26/05/21 06:46:37 INFO DAGScheduler: Submitting ResultStage 10 (MapPartitionsRDD[28] at append at <unknown>:0), which has no missing parents
[2026-05-21T06:46:37.405+0000] {subprocess.py:106} INFO - 26/05/21 06:46:37 INFO MemoryStore: Block broadcast_19 stored as values in memory (estimated size 22.5 KiB, free 432.0 MiB)
[2026-05-21T06:46:37.407+0000] {subprocess.py:106} INFO - 26/05/21 06:46:37 INFO MemoryStore: Block broadcast_19_piece0 stored as bytes in memory (estimated size 10.1 KiB, free 431.9 MiB)
[2026-05-21T06:46:37.413+0000] {subprocess.py:106} INFO - 26/05/21 06:46:37 INFO BlockManagerInfo: Added broadcast_19_piece0 in memory on c05002f484b8:32941 (size: 10.1 KiB, free: 432.5 MiB)
[2026-05-21T06:46:37.414+0000] {subprocess.py:106} INFO - 26/05/21 06:46:37 INFO SparkContext: Created broadcast 19 from broadcast at DAGScheduler.scala:1585
[2026-05-21T06:46:37.415+0000] {subprocess.py:106} INFO - 26/05/21 06:46:37 INFO DAGScheduler: Submitting 1 missing tasks from ResultStage 10 (MapPartitionsRDD[28] at append at <unknown>:0) (first 15 tasks are for partitions Vector(0))
[2026-05-21T06:46:37.415+0000] {subprocess.py:106} INFO - 26/05/21 06:46:37 INFO TaskSchedulerImpl: Adding task set 10.0 with 1 tasks resource profile 0
[2026-05-21T06:46:37.416+0000] {subprocess.py:106} INFO - 26/05/21 06:46:37 INFO TaskSetManager: Starting task 0.0 in stage 10.0 (TID 10) (172.30.0.6, executor 0, partition 0, PROCESS_LOCAL, 10579 bytes)
[2026-05-21T06:46:37.442+0000] {subprocess.py:106} INFO - 26/05/21 06:46:37 INFO BlockManagerInfo: Added broadcast_19_piece0 in memory on 172.30.0.6:38321 (size: 10.1 KiB, free: 433.5 MiB)
[2026-05-21T06:46:37.512+0000] {subprocess.py:106} INFO - 26/05/21 06:46:37 INFO BlockManagerInfo: Added broadcast_16_piece0 in memory on 172.30.0.6:38321 (size: 845.1 KiB, free: 432.6 MiB)
[2026-05-21T06:46:37.565+0000] {subprocess.py:106} INFO - 26/05/21 06:46:37 INFO BlockManagerInfo: Added broadcast_18_piece0 in memory on 172.30.0.6:38321 (size: 30.2 KiB, free: 432.6 MiB)
[2026-05-21T06:46:37.889+0000] {subprocess.py:106} INFO - 26/05/21 06:46:37 INFO BlockManagerInfo: Added broadcast_17_piece0 in memory on 172.30.0.6:38321 (size: 36.1 KiB, free: 432.6 MiB)
[2026-05-21T06:46:38.764+0000] {subprocess.py:106} INFO - 26/05/21 06:46:38 INFO TaskSetManager: Finished task 0.0 in stage 10.0 (TID 10) in 1351 ms on 172.30.0.6 (executor 0) (1/1)
[2026-05-21T06:46:38.765+0000] {subprocess.py:106} INFO - 26/05/21 06:46:38 INFO TaskSchedulerImpl: Removed TaskSet 10.0, whose tasks have all completed, from pool
[2026-05-21T06:46:38.766+0000] {subprocess.py:106} INFO - 26/05/21 06:46:38 INFO DAGScheduler: ResultStage 10 (append at <unknown>:0) finished in 1.364 s
[2026-05-21T06:46:38.767+0000] {subprocess.py:106} INFO - 26/05/21 06:46:38 INFO DAGScheduler: Job 8 is finished. Cancelling potential speculative or zombie tasks for this job
[2026-05-21T06:46:38.768+0000] {subprocess.py:106} INFO - 26/05/21 06:46:38 INFO TaskSchedulerImpl: Killing all running tasks in stage 10: Stage finished
[2026-05-21T06:46:38.769+0000] {subprocess.py:106} INFO - 26/05/21 06:46:38 INFO DAGScheduler: Job 8 finished: append at <unknown>:0, took 1.384493 s
[2026-05-21T06:46:38.770+0000] {subprocess.py:106} INFO - 26/05/21 06:46:38 INFO AppendDataExec: Data source write support IcebergBatchWrite(table=iceberg.bronze.it_jobs_raw, format=PARQUET) is committing.
[2026-05-21T06:46:38.797+0000] {subprocess.py:106} INFO - 26/05/21 06:46:38 INFO SparkWrite: Committing append with 1 new data files to table iceberg.bronze.it_jobs_raw
[2026-05-21T06:46:39.014+0000] {subprocess.py:106} INFO - 26/05/21 06:46:39 INFO BlockManagerInfo: Removed broadcast_19_piece0 on c05002f484b8:32941 in memory (size: 10.1 KiB, free: 432.5 MiB)
[2026-05-21T06:46:39.015+0000] {subprocess.py:106} INFO - 26/05/21 06:46:39 INFO BlockManagerInfo: Removed broadcast_19_piece0 on 172.30.0.6:38321 in memory (size: 10.1 KiB, free: 432.6 MiB)
[2026-05-21T06:46:39.836+0000] {subprocess.py:106} INFO - 26/05/21 06:46:39 INFO BlockManagerInfo: Removed broadcast_6_piece0 on c05002f484b8:32941 in memory (size: 30.2 KiB, free: 432.6 MiB)
[2026-05-21T06:46:42.375+0000] {subprocess.py:106} INFO - 26/05/21 06:46:42 INFO HiveTableOperations: Committed to table iceberg.bronze.it_jobs_raw with the new metadata location s3a://warehouse/iceberg_data/bronze.db/it_jobs_raw/metadata/00008-3720e981-74d0-4127-9553-c4c45715e7b9.metadata.json
[2026-05-21T06:46:42.376+0000] {subprocess.py:106} INFO - 26/05/21 06:46:42 INFO BaseMetastoreTableOperations: Successfully committed to table iceberg.bronze.it_jobs_raw in 3155 ms
[2026-05-21T06:46:42.377+0000] {subprocess.py:106} INFO - 26/05/21 06:46:42 INFO SnapshotProducer: Committed snapshot 7405408025552998254 (MergeAppend)
[2026-05-21T06:46:42.411+0000] {subprocess.py:106} INFO - 26/05/21 06:46:42 INFO BaseMetastoreTableOperations: Refreshing table metadata from new version: s3a://warehouse/iceberg_data/bronze.db/it_jobs_raw/metadata/00008-3720e981-74d0-4127-9553-c4c45715e7b9.metadata.json
[2026-05-21T06:46:42.497+0000] {subprocess.py:106} INFO - 26/05/21 06:46:42 INFO LoggingMetricsReporter: Received metrics report: CommitReport{tableName=iceberg.bronze.it_jobs_raw, snapshotId=7405408025552998254, sequenceNumber=9, operation=append, commitMetrics=CommitMetricsResult{totalDuration=TimerResult{timeUnit=NANOSECONDS, totalDuration=PT3.670056193S, count=1}, attempts=CounterResult{unit=COUNT, value=1}, addedDataFiles=CounterResult{unit=COUNT, value=1}, removedDataFiles=null, totalDataFiles=CounterResult{unit=COUNT, value=9}, addedDeleteFiles=null, addedEqualityDeleteFiles=null, addedPositionalDeleteFiles=null, removedDeleteFiles=null, removedEqualityDeleteFiles=null, removedPositionalDeleteFiles=null, totalDeleteFiles=CounterResult{unit=COUNT, value=0}, addedRecords=CounterResult{unit=COUNT, value=209}, removedRecords=null, totalRecords=CounterResult{unit=COUNT, value=14598}, addedFilesSizeInBytes=CounterResult{unit=BYTES, value=20510}, removedFilesSizeInBytes=null, totalFilesSizeInBytes=CounterResult{unit=BYTES, value=609296}, addedPositionalDeletes=null, removedPositionalDeletes=null, totalPositionalDeletes=CounterResult{unit=COUNT, value=0}, addedEqualityDeletes=null, removedEqualityDeletes=null, totalEqualityDeletes=CounterResult{unit=COUNT, value=0}}, metadata={engine-version=3.5.3, app-id=app-20260521064603-0000, engine-name=spark, iceberg-version=Apache Iceberg 1.6.1 (commit 8e9d59d299be42b0bca9461457cd1e95dbaad086)}}
[2026-05-21T06:46:42.497+0000] {subprocess.py:106} INFO - 26/05/21 06:46:42 INFO SparkWrite: Committed in 3698 ms
[2026-05-21T06:46:42.498+0000] {subprocess.py:106} INFO - 26/05/21 06:46:42 INFO AppendDataExec: Data source write support IcebergBatchWrite(table=iceberg.bronze.it_jobs_raw, format=PARQUET) committed.
[2026-05-21T06:46:42.499+0000] {subprocess.py:106} INFO - Append success.
[2026-05-21T06:46:42.501+0000] {subprocess.py:106} INFO - Process finished. Data available at: iceberg.bronze.it_jobs_raw
[2026-05-21T06:46:42.502+0000] {subprocess.py:106} INFO - 26/05/21 06:46:42 INFO SparkContext: SparkContext is stopping with exitCode 0.
[2026-05-21T06:46:42.516+0000] {subprocess.py:106} INFO - 26/05/21 06:46:42 INFO SparkUI: Stopped Spark web UI at http://c05002f484b8:4040
[2026-05-21T06:46:42.523+0000] {subprocess.py:106} INFO - 26/05/21 06:46:42 INFO StandaloneSchedulerBackend: Shutting down all executors
[2026-05-21T06:46:42.524+0000] {subprocess.py:106} INFO - 26/05/21 06:46:42 INFO StandaloneSchedulerBackend$StandaloneDriverEndpoint: Asking each executor to shut down
[2026-05-21T06:46:42.548+0000] {subprocess.py:106} INFO - 26/05/21 06:46:42 INFO MapOutputTrackerMasterEndpoint: MapOutputTrackerMasterEndpoint stopped!
[2026-05-21T06:46:42.574+0000] {subprocess.py:106} INFO - 26/05/21 06:46:42 INFO MemoryStore: MemoryStore cleared
[2026-05-21T06:46:42.575+0000] {subprocess.py:106} INFO - 26/05/21 06:46:42 INFO BlockManager: BlockManager stopped
[2026-05-21T06:46:42.579+0000] {subprocess.py:106} INFO - 26/05/21 06:46:42 INFO BlockManagerMaster: BlockManagerMaster stopped
[2026-05-21T06:46:42.592+0000] {subprocess.py:106} INFO - 26/05/21 06:46:42 INFO OutputCommitCoordinator$OutputCommitCoordinatorEndpoint: OutputCommitCoordinator stopped!
[2026-05-21T06:46:42.665+0000] {subprocess.py:106} INFO - 26/05/21 06:46:42 INFO SparkContext: Successfully stopped SparkContext
[2026-05-21T06:46:43.080+0000] {subprocess.py:106} INFO - 26/05/21 06:46:43 INFO ShutdownHookManager: Shutdown hook called
[2026-05-21T06:46:43.081+0000] {subprocess.py:106} INFO - 26/05/21 06:46:43 INFO ShutdownHookManager: Deleting directory /tmp/spark-36fb51eb-eecf-49c7-bc39-76001ffea09a
[2026-05-21T06:46:43.086+0000] {subprocess.py:106} INFO - 26/05/21 06:46:43 INFO ShutdownHookManager: Deleting directory /tmp/spark-44417e9b-bf27-48b7-a4dd-74662ed7610c
[2026-05-21T06:46:43.090+0000] {subprocess.py:106} INFO - 26/05/21 06:46:43 INFO ShutdownHookManager: Deleting directory /tmp/spark-36fb51eb-eecf-49c7-bc39-76001ffea09a/pyspark-eb8d9ccf-9560-41b5-86e3-267be437eeff
[2026-05-21T06:46:43.098+0000] {subprocess.py:106} INFO - 26/05/21 06:46:43 INFO MetricsSystemImpl: Stopping s3a-file-system metrics system...
[2026-05-21T06:46:43.099+0000] {subprocess.py:106} INFO - 26/05/21 06:46:43 INFO MetricsSystemImpl: s3a-file-system metrics system stopped.
[2026-05-21T06:46:43.099+0000] {subprocess.py:106} INFO - 26/05/21 06:46:43 INFO MetricsSystemImpl: s3a-file-system metrics system shutdown complete.
[2026-05-21T06:46:43.201+0000] {subprocess.py:110} INFO - Command exited with return code 0
[2026-05-21T06:46:43.274+0000] {taskinstance.py:341} INFO - ::group::Post task execution logs
[2026-05-21T06:46:43.274+0000] {taskinstance.py:353} INFO - Marking task as SUCCESS. dag_id=crawl_etl_itjob, task_id=load_bronze, run_id=scheduled__2026-05-13T02:00:00+00:00, execution_date=20260513T020000, start_date=20260521T064553, end_date=20260521T064643
[2026-05-21T06:46:43.393+0000] {local_task_job_runner.py:266} INFO - Task exited with return code 0
[2026-05-21T06:46:43.429+0000] {taskinstance.py:3901} INFO - 1 downstream tasks scheduled from follow-on schedule check
[2026-05-21T06:46:43.431+0000] {local_task_job_runner.py:245} INFO - ::endgroup::
