[2026-03-26T04:24:09.099+0000] {local_task_job_runner.py:123} INFO - ::group::Pre task execution logs
[2026-03-26T04:24:09.125+0000] {taskinstance.py:2614} INFO - Dependencies all met for dep_context=non-requeueable deps ti=<TaskInstance: crawl_etl_itjob.crawl_data scheduled__2026-03-25T02:00:00+00:00 [queued]>
[2026-03-26T04:24:09.133+0000] {taskinstance.py:2614} INFO - Dependencies all met for dep_context=requeueable deps ti=<TaskInstance: crawl_etl_itjob.crawl_data scheduled__2026-03-25T02:00:00+00:00 [queued]>
[2026-03-26T04:24:09.133+0000] {taskinstance.py:2867} INFO - Starting attempt 2 of 2
[2026-03-26T04:24:09.145+0000] {taskinstance.py:2890} INFO - Executing <Task(BashOperator): crawl_data> on 2026-03-25 02:00:00+00:00
[2026-03-26T04:24:09.149+0000] {standard_task_runner.py:72} INFO - Started process 82 to run task
[2026-03-26T04:24:09.154+0000] {standard_task_runner.py:104} INFO - Running: ['***', 'tasks', 'run', 'crawl_etl_itjob', 'crawl_data', 'scheduled__2026-03-25T02:00:00+00:00', '--job-id', '697', '--raw', '--subdir', 'DAGS_FOLDER/Crawl_ETL_ITJob.py', '--cfg-path', '/tmp/tmp_0ufrp91']
[2026-03-26T04:24:09.155+0000] {standard_task_runner.py:105} INFO - Job 697: Subtask crawl_data
[2026-03-26T04:24:09.177+0000] {warnings.py:109} WARNING - /home/***/.local/lib/python3.8/site-packages/***/settings.py:209: DeprecationWarning: The sql_alchemy_conn option in [core] has been moved to the sql_alchemy_conn option in [database] - the old setting has been used, but please update your config.
  SQL_ALCHEMY_CONN = conf.get("database", "SQL_ALCHEMY_CONN")

[2026-03-26T04:24:09.241+0000] {task_command.py:467} INFO - Running <TaskInstance: crawl_etl_itjob.crawl_data scheduled__2026-03-25T02:00:00+00:00 [running]> on host b48ab74ce2ed
[2026-03-26T04:24:09.242+0000] {warnings.py:109} WARNING - /home/***/.local/lib/python3.8/site-packages/***/settings.py:470: DeprecationWarning: The sql_alchemy_conn option in [core] has been moved to the sql_alchemy_conn option in [database] - the old setting has been used, but please update your config.
  if conf.get("database", "sql_alchemy_conn") == "none://":

[2026-03-26T04:24:09.391+0000] {taskinstance.py:3134} INFO - Exporting env vars: AIRFLOW_CTX_DAG_EMAIL='hoa856856@gmail.com' AIRFLOW_CTX_DAG_OWNER='***' AIRFLOW_CTX_DAG_ID='crawl_etl_itjob' AIRFLOW_CTX_TASK_ID='crawl_data' AIRFLOW_CTX_EXECUTION_DATE='2026-03-25T02:00:00+00:00' AIRFLOW_CTX_TRY_NUMBER='2' AIRFLOW_CTX_DAG_RUN_ID='scheduled__2026-03-25T02:00:00+00:00'
[2026-03-26T04:24:09.394+0000] {taskinstance.py:732} INFO - ::endgroup::
[2026-03-26T04:24:09.409+0000] {subprocess.py:78} INFO - Tmp dir root location: /tmp
[2026-03-26T04:24:09.410+0000] {subprocess.py:88} INFO - Running command: ['/bin/bash', '-c', 'docker exec spark-submit bash -c "xvfb-run -a python3 /opt/spark/scripts/Crawl_Data.py"']
[2026-03-26T04:24:09.422+0000] {subprocess.py:99} INFO - Output:
[2026-03-26T04:24:10.185+0000] {subprocess.py:106} INFO -  Bắt đầu crawl ITviec...
[2026-03-26T04:24:12.014+0000] {subprocess.py:106} INFO - Traceback (most recent call last):
[2026-03-26T04:24:12.015+0000] {subprocess.py:106} INFO -   File "/opt/spark/scripts/Crawl_Data.py", line 257, in <module>
[2026-03-26T04:24:12.015+0000] {subprocess.py:106} INFO - !!! Lỗi: Message: session not created: cannot connect to chrome at 127.0.0.1:48109
[2026-03-26T04:24:12.016+0000] {subprocess.py:106} INFO - from session not created: This version of ChromeDriver only supports Chrome version 147
[2026-03-26T04:24:12.016+0000] {subprocess.py:106} INFO - Current browser version is 146.0.7680.80; For documentation on this error, please visit: https://www.selenium.dev/documentation/webdriver/troubleshooting/errors#sessionnotcreatedexception
[2026-03-26T04:24:12.016+0000] {subprocess.py:106} INFO - Stacktrace:
[2026-03-26T04:24:12.016+0000] {subprocess.py:106} INFO - #0 0x5f0e7816838a <unknown>
[2026-03-26T04:24:12.017+0000] {subprocess.py:106} INFO - #1 0x5f0e77b6a3a5 <unknown>
[2026-03-26T04:24:12.017+0000] {subprocess.py:106} INFO - #2 0x5f0e77bad82f <unknown>
[2026-03-26T04:24:12.017+0000] {subprocess.py:106} INFO - #3 0x5f0e77bac5e0 <unknown>
[2026-03-26T04:24:12.017+0000] {subprocess.py:106} INFO - #4 0x5f0e77ba15e1 <unknown>
[2026-03-26T04:24:12.018+0000] {subprocess.py:106} INFO - #5 0x5f0e77bf1fbe <unknown>
[2026-03-26T04:24:12.018+0000] {subprocess.py:106} INFO - #6 0x5f0e77bf16ac <unknown>
[2026-03-26T04:24:12.018+0000] {subprocess.py:106} INFO - #7 0x5f0e77bb06ef <unknown>
[2026-03-26T04:24:12.018+0000] {subprocess.py:106} INFO - #8 0x5f0e77bb14b1 <unknown>
[2026-03-26T04:24:12.019+0000] {subprocess.py:106} INFO - #9 0x5f0e7812bcfb <unknown>
[2026-03-26T04:24:12.019+0000] {subprocess.py:106} INFO - #10 0x5f0e7812ecad <unknown>
[2026-03-26T04:24:12.019+0000] {subprocess.py:106} INFO - #11 0x5f0e78118408 <unknown>
[2026-03-26T04:24:12.019+0000] {subprocess.py:106} INFO - #12 0x5f0e7812f840 <unknown>
[2026-03-26T04:24:12.026+0000] {subprocess.py:106} INFO - #13 0x5f0e780fee50 <unknown>
[2026-03-26T04:24:12.026+0000] {subprocess.py:106} INFO - #14 0x5f0e78155188 <unknown>
[2026-03-26T04:24:12.027+0000] {subprocess.py:106} INFO - #15 0x5f0e78155358 <unknown>
[2026-03-26T04:24:12.027+0000] {subprocess.py:106} INFO - #16 0x5f0e78166dce <unknown>
[2026-03-26T04:24:12.027+0000] {subprocess.py:106} INFO - #17 0x72aaa9b6bea7 start_thread
[2026-03-26T04:24:12.028+0000] {subprocess.py:106} INFO - 
[2026-03-26T04:24:12.028+0000] {subprocess.py:106} INFO -     new_data_df = crawl_itviec_jobs(pages=MAX_PAGES, headless=HEADLESS_MODE)
[2026-03-26T04:24:12.028+0000] {subprocess.py:106} INFO -   File "/opt/spark/scripts/Crawl_Data.py", line 105, in crawl_itviec_jobs
[2026-03-26T04:24:12.028+0000] {subprocess.py:106} INFO -     driver = create_chrome_driver(headless=headless)
[2026-03-26T04:24:12.028+0000] {subprocess.py:106} INFO -   File "/opt/spark/scripts/Crawl_Data.py", line 94, in create_chrome_driver
[2026-03-26T04:24:12.028+0000] {subprocess.py:106} INFO -     raise e
[2026-03-26T04:24:12.029+0000] {subprocess.py:106} INFO -   File "/opt/spark/scripts/Crawl_Data.py", line 85, in create_chrome_driver
[2026-03-26T04:24:12.029+0000] {subprocess.py:106} INFO -     driver = uc.Chrome(
[2026-03-26T04:24:12.029+0000] {subprocess.py:106} INFO -   File "/home/spark/.local/lib/python3.10/site-packages/undetected_chromedriver/__init__.py", line 466, in __init__
[2026-03-26T04:24:12.029+0000] {subprocess.py:106} INFO -     super(Chrome, self).__init__(
[2026-03-26T04:24:12.029+0000] {subprocess.py:106} INFO -   File "/usr/local/lib/python3.10/site-packages/selenium/webdriver/chrome/webdriver.py", line 45, in __init__
[2026-03-26T04:24:12.030+0000] {subprocess.py:106} INFO -     super().__init__(
[2026-03-26T04:24:12.030+0000] {subprocess.py:106} INFO -   File "/usr/local/lib/python3.10/site-packages/selenium/webdriver/chromium/webdriver.py", line 66, in __init__
[2026-03-26T04:24:12.030+0000] {subprocess.py:106} INFO -     super().__init__(command_executor=executor, options=self.options)
[2026-03-26T04:24:12.030+0000] {subprocess.py:106} INFO -   File "/usr/local/lib/python3.10/site-packages/selenium/webdriver/common/webdriver.py", line 25, in __init__
[2026-03-26T04:24:12.030+0000] {subprocess.py:106} INFO -     super().__init__(*args, **kwargs)
[2026-03-26T04:24:12.031+0000] {subprocess.py:106} INFO -   File "/usr/local/lib/python3.10/site-packages/selenium/webdriver/remote/webdriver.py", line 271, in __init__
[2026-03-26T04:24:12.031+0000] {subprocess.py:106} INFO -     self.start_session(capabilities)
[2026-03-26T04:24:12.031+0000] {subprocess.py:106} INFO -   File "/home/spark/.local/lib/python3.10/site-packages/undetected_chromedriver/__init__.py", line 724, in start_session
[2026-03-26T04:24:12.031+0000] {subprocess.py:106} INFO -     super(selenium.webdriver.chrome.webdriver.WebDriver, self).start_session(
[2026-03-26T04:24:12.031+0000] {subprocess.py:106} INFO -   File "/usr/local/lib/python3.10/site-packages/selenium/webdriver/remote/webdriver.py", line 366, in start_session
[2026-03-26T04:24:12.032+0000] {subprocess.py:106} INFO -     response = self.execute(Command.NEW_SESSION, caps)["value"]
[2026-03-26T04:24:12.032+0000] {subprocess.py:106} INFO -   File "/usr/local/lib/python3.10/site-packages/selenium/webdriver/remote/webdriver.py", line 446, in execute
[2026-03-26T04:24:12.032+0000] {subprocess.py:106} INFO -     self.error_handler.check_response(response)
[2026-03-26T04:24:12.032+0000] {subprocess.py:106} INFO -   File "/usr/local/lib/python3.10/site-packages/selenium/webdriver/remote/errorhandler.py", line 232, in check_response
[2026-03-26T04:24:12.032+0000] {subprocess.py:106} INFO -     raise exception_class(message, screen, stacktrace)
[2026-03-26T04:24:12.033+0000] {subprocess.py:106} INFO - selenium.common.exceptions.SessionNotCreatedException: Message: session not created: cannot connect to chrome at 127.0.0.1:48109
[2026-03-26T04:24:12.033+0000] {subprocess.py:106} INFO - from session not created: This version of ChromeDriver only supports Chrome version 147
[2026-03-26T04:24:12.033+0000] {subprocess.py:106} INFO - Current browser version is 146.0.7680.80; For documentation on this error, please visit: https://www.selenium.dev/documentation/webdriver/troubleshooting/errors#sessionnotcreatedexception
[2026-03-26T04:24:12.033+0000] {subprocess.py:106} INFO - Stacktrace:
[2026-03-26T04:24:12.033+0000] {subprocess.py:106} INFO - #0 0x5f0e7816838a <unknown>
[2026-03-26T04:24:12.033+0000] {subprocess.py:106} INFO - #1 0x5f0e77b6a3a5 <unknown>
[2026-03-26T04:24:12.033+0000] {subprocess.py:106} INFO - #2 0x5f0e77bad82f <unknown>
[2026-03-26T04:24:12.034+0000] {subprocess.py:106} INFO - #3 0x5f0e77bac5e0 <unknown>
[2026-03-26T04:24:12.034+0000] {subprocess.py:106} INFO - #4 0x5f0e77ba15e1 <unknown>
[2026-03-26T04:24:12.034+0000] {subprocess.py:106} INFO - #5 0x5f0e77bf1fbe <unknown>
[2026-03-26T04:24:12.034+0000] {subprocess.py:106} INFO - #6 0x5f0e77bf16ac <unknown>
[2026-03-26T04:24:12.034+0000] {subprocess.py:106} INFO - #7 0x5f0e77bb06ef <unknown>
[2026-03-26T04:24:12.035+0000] {subprocess.py:106} INFO - #8 0x5f0e77bb14b1 <unknown>
[2026-03-26T04:24:12.035+0000] {subprocess.py:106} INFO - #9 0x5f0e7812bcfb <unknown>
[2026-03-26T04:24:12.035+0000] {subprocess.py:106} INFO - #10 0x5f0e7812ecad <unknown>
[2026-03-26T04:24:12.035+0000] {subprocess.py:106} INFO - #11 0x5f0e78118408 <unknown>
[2026-03-26T04:24:12.035+0000] {subprocess.py:106} INFO - #12 0x5f0e7812f840 <unknown>
[2026-03-26T04:24:12.035+0000] {subprocess.py:106} INFO - #13 0x5f0e780fee50 <unknown>
[2026-03-26T04:24:12.036+0000] {subprocess.py:106} INFO - #14 0x5f0e78155188 <unknown>
[2026-03-26T04:24:12.036+0000] {subprocess.py:106} INFO - #15 0x5f0e78155358 <unknown>
[2026-03-26T04:24:12.036+0000] {subprocess.py:106} INFO - #16 0x5f0e78166dce <unknown>
[2026-03-26T04:24:12.036+0000] {subprocess.py:106} INFO - #17 0x72aaa9b6bea7 start_thread
[2026-03-26T04:24:12.036+0000] {subprocess.py:106} INFO - 
[2026-03-26T04:24:12.656+0000] {subprocess.py:110} INFO - Command exited with return code 1
[2026-03-26T04:24:12.709+0000] {taskinstance.py:3313} ERROR - Task failed with exception
Traceback (most recent call last):
  File "/home/airflow/.local/lib/python3.8/site-packages/airflow/models/taskinstance.py", line 763, in _execute_task
    result = _execute_callable(context=context, **execute_callable_kwargs)
  File "/home/airflow/.local/lib/python3.8/site-packages/airflow/models/taskinstance.py", line 734, in _execute_callable
    return ExecutionCallableRunner(
  File "/home/airflow/.local/lib/python3.8/site-packages/airflow/utils/operator_helpers.py", line 252, in run
    return self.func(*args, **kwargs)
  File "/home/airflow/.local/lib/python3.8/site-packages/airflow/models/baseoperator.py", line 424, in wrapper
    return func(self, *args, **kwargs)
  File "/home/airflow/.local/lib/python3.8/site-packages/airflow/operators/bash.py", line 276, in execute
    raise AirflowException(
airflow.exceptions.AirflowException: Bash command failed. The command returned a non-zero exit code 1.
[2026-03-26T04:24:12.718+0000] {taskinstance.py:1226} INFO - Marking task as FAILED. dag_id=crawl_etl_itjob, task_id=crawl_data, run_id=scheduled__2026-03-25T02:00:00+00:00, execution_date=20260325T020000, start_date=20260326T042409, end_date=20260326T042412
[2026-03-26T04:24:12.770+0000] {warnings.py:109} WARNING - /home/***/.local/lib/python3.8/site-packages/***/utils/email.py:155: RemovedInAirflow3Warning: Fetching SMTP credentials from configuration variables will be deprecated in a future release. Please set credentials using a connection instead.
  send_mime_email(e_from=mail_from, e_to=recipients, mime_msg=msg, conn_id=conn_id, dryrun=dryrun)

[2026-03-26T04:24:12.771+0000] {configuration.py:1074} WARNING - section/key [smtp/smtp_user] not found in config
[2026-03-26T04:24:12.772+0000] {email.py:272} INFO - Email alerting: attempt 1
[2026-03-26T04:24:12.806+0000] {configuration.py:1074} WARNING - section/key [smtp/smtp_user] not found in config
[2026-03-26T04:24:12.807+0000] {email.py:272} INFO - Email alerting: attempt 1
[2026-03-26T04:24:12.808+0000] {taskinstance.py:1235} ERROR - Failed to send email to: ['hoa856856@gmail.com']
Traceback (most recent call last):
  File "/home/airflow/.local/lib/python3.8/site-packages/airflow/models/taskinstance.py", line 274, in _run_raw_task
    TaskInstance._execute_task_with_callbacks(
  File "/home/airflow/.local/lib/python3.8/site-packages/airflow/models/taskinstance.py", line 3161, in _execute_task_with_callbacks
    result = self._execute_task(context, task_orig)
  File "/home/airflow/.local/lib/python3.8/site-packages/airflow/models/taskinstance.py", line 3185, in _execute_task
    return _execute_task(self, context, task_orig)
  File "/home/airflow/.local/lib/python3.8/site-packages/airflow/models/taskinstance.py", line 763, in _execute_task
    result = _execute_callable(context=context, **execute_callable_kwargs)
  File "/home/airflow/.local/lib/python3.8/site-packages/airflow/models/taskinstance.py", line 734, in _execute_callable
    return ExecutionCallableRunner(
  File "/home/airflow/.local/lib/python3.8/site-packages/airflow/utils/operator_helpers.py", line 252, in run
    return self.func(*args, **kwargs)
  File "/home/airflow/.local/lib/python3.8/site-packages/airflow/models/baseoperator.py", line 424, in wrapper
    return func(self, *args, **kwargs)
  File "/home/airflow/.local/lib/python3.8/site-packages/airflow/operators/bash.py", line 276, in execute
    raise AirflowException(
airflow.exceptions.AirflowException: Bash command failed. The command returned a non-zero exit code 1.

During handling of the above exception, another exception occurred:

Traceback (most recent call last):
  File "/home/airflow/.local/lib/python3.8/site-packages/airflow/models/taskinstance.py", line 1443, in _email_alert
    send_email(task.email, subject, html_content)
  File "/home/airflow/.local/lib/python3.8/site-packages/airflow/utils/email.py", line 80, in send_email
    return backend(
  File "/home/airflow/.local/lib/python3.8/site-packages/airflow/utils/email.py", line 155, in send_email_smtp
    send_mime_email(e_from=mail_from, e_to=recipients, mime_msg=msg, conn_id=conn_id, dryrun=dryrun)
  File "/home/airflow/.local/lib/python3.8/site-packages/airflow/utils/email.py", line 274, in send_mime_email
    smtp_conn = _get_smtp_connection(smtp_host, smtp_port, smtp_timeout, smtp_ssl)
  File "/home/airflow/.local/lib/python3.8/site-packages/airflow/utils/email.py", line 318, in _get_smtp_connection
    return smtplib.SMTP(host=host, port=port, timeout=timeout)
  File "/usr/local/lib/python3.8/smtplib.py", line 255, in __init__
    (code, msg) = self.connect(host, port)
  File "/usr/local/lib/python3.8/smtplib.py", line 339, in connect
    self.sock = self._get_socket(host, port, self.timeout)
  File "/usr/local/lib/python3.8/smtplib.py", line 310, in _get_socket
    return socket.create_connection((host, port), timeout,
  File "/usr/local/lib/python3.8/socket.py", line 808, in create_connection
    raise err
  File "/usr/local/lib/python3.8/socket.py", line 796, in create_connection
    sock.connect(sa)
ConnectionRefusedError: [Errno 111] Connection refused

During handling of the above exception, another exception occurred:

Traceback (most recent call last):
  File "/home/airflow/.local/lib/python3.8/site-packages/airflow/models/taskinstance.py", line 1233, in _handle_failure
    task_instance.email_alert(error, failure_context["task"])
  File "/home/airflow/.local/lib/python3.8/site-packages/airflow/models/taskinstance.py", line 3611, in email_alert
    _email_alert(task_instance=self, exception=exception, task=task)
  File "/home/airflow/.local/lib/python3.8/site-packages/airflow/models/taskinstance.py", line 1445, in _email_alert
    send_email(task.email, subject, html_content_err)
  File "/home/airflow/.local/lib/python3.8/site-packages/airflow/utils/email.py", line 80, in send_email
    return backend(
  File "/home/airflow/.local/lib/python3.8/site-packages/airflow/utils/email.py", line 155, in send_email_smtp
    send_mime_email(e_from=mail_from, e_to=recipients, mime_msg=msg, conn_id=conn_id, dryrun=dryrun)
  File "/home/airflow/.local/lib/python3.8/site-packages/airflow/utils/email.py", line 274, in send_mime_email
    smtp_conn = _get_smtp_connection(smtp_host, smtp_port, smtp_timeout, smtp_ssl)
  File "/home/airflow/.local/lib/python3.8/site-packages/airflow/utils/email.py", line 318, in _get_smtp_connection
    return smtplib.SMTP(host=host, port=port, timeout=timeout)
  File "/usr/local/lib/python3.8/smtplib.py", line 255, in __init__
    (code, msg) = self.connect(host, port)
  File "/usr/local/lib/python3.8/smtplib.py", line 339, in connect
    self.sock = self._get_socket(host, port, self.timeout)
  File "/usr/local/lib/python3.8/smtplib.py", line 310, in _get_socket
    return socket.create_connection((host, port), timeout,
  File "/usr/local/lib/python3.8/socket.py", line 808, in create_connection
    raise err
  File "/usr/local/lib/python3.8/socket.py", line 796, in create_connection
    sock.connect(sa)
ConnectionRefusedError: [Errno 111] Connection refused
[2026-03-26T04:24:12.870+0000] {taskinstance.py:341} INFO - ::group::Post task execution logs
[2026-03-26T04:24:12.871+0000] {standard_task_runner.py:124} ERROR - Failed to execute job 697 for task crawl_data (Bash command failed. The command returned a non-zero exit code 1.; 82)
Traceback (most recent call last):
  File "/home/airflow/.local/lib/python3.8/site-packages/airflow/task/task_runner/standard_task_runner.py", line 117, in _start_by_fork
    ret = args.func(args, dag=self.dag)
  File "/home/airflow/.local/lib/python3.8/site-packages/airflow/cli/cli_config.py", line 49, in command
    return func(*args, **kwargs)
  File "/home/airflow/.local/lib/python3.8/site-packages/airflow/utils/cli.py", line 116, in wrapper
    return f(*args, **kwargs)
  File "/home/airflow/.local/lib/python3.8/site-packages/airflow/cli/commands/task_command.py", line 483, in task_run
    task_return_code = _run_task_by_selected_method(args, _dag, ti)
  File "/home/airflow/.local/lib/python3.8/site-packages/airflow/cli/commands/task_command.py", line 256, in _run_task_by_selected_method
    return _run_raw_task(args, ti)
  File "/home/airflow/.local/lib/python3.8/site-packages/airflow/cli/commands/task_command.py", line 341, in _run_raw_task
    return ti._run_raw_task(
  File "/home/airflow/.local/lib/python3.8/site-packages/airflow/utils/session.py", line 97, in wrapper
    return func(*args, session=session, **kwargs)
  File "/home/airflow/.local/lib/python3.8/site-packages/airflow/models/taskinstance.py", line 3006, in _run_raw_task
    return _run_raw_task(
  File "/home/airflow/.local/lib/python3.8/site-packages/airflow/models/taskinstance.py", line 274, in _run_raw_task
    TaskInstance._execute_task_with_callbacks(
  File "/home/airflow/.local/lib/python3.8/site-packages/airflow/models/taskinstance.py", line 3161, in _execute_task_with_callbacks
    result = self._execute_task(context, task_orig)
  File "/home/airflow/.local/lib/python3.8/site-packages/airflow/models/taskinstance.py", line 3185, in _execute_task
    return _execute_task(self, context, task_orig)
  File "/home/airflow/.local/lib/python3.8/site-packages/airflow/models/taskinstance.py", line 763, in _execute_task
    result = _execute_callable(context=context, **execute_callable_kwargs)
  File "/home/airflow/.local/lib/python3.8/site-packages/airflow/models/taskinstance.py", line 734, in _execute_callable
    return ExecutionCallableRunner(
  File "/home/airflow/.local/lib/python3.8/site-packages/airflow/utils/operator_helpers.py", line 252, in run
    return self.func(*args, **kwargs)
  File "/home/airflow/.local/lib/python3.8/site-packages/airflow/models/baseoperator.py", line 424, in wrapper
    return func(self, *args, **kwargs)
  File "/home/airflow/.local/lib/python3.8/site-packages/airflow/operators/bash.py", line 276, in execute
    raise AirflowException(
airflow.exceptions.AirflowException: Bash command failed. The command returned a non-zero exit code 1.
[2026-03-26T04:24:12.905+0000] {local_task_job_runner.py:266} INFO - Task exited with return code 1
[2026-03-26T04:24:12.947+0000] {taskinstance.py:3901} INFO - 0 downstream tasks scheduled from follow-on schedule check
[2026-03-26T04:24:12.951+0000] {local_task_job_runner.py:245} INFO - ::endgroup::
