[2026-03-17T08:17:55.234+0000] {local_task_job_runner.py:123} INFO - ::group::Pre task execution logs
[2026-03-17T08:17:55.266+0000] {taskinstance.py:2614} INFO - Dependencies all met for dep_context=non-requeueable deps ti=<TaskInstance: crawl_etl_itjob.clean_silver scheduled__2026-03-13T02:00:00+00:00 [queued]>
[2026-03-17T08:17:55.275+0000] {taskinstance.py:2614} INFO - Dependencies all met for dep_context=requeueable deps ti=<TaskInstance: crawl_etl_itjob.clean_silver scheduled__2026-03-13T02:00:00+00:00 [queued]>
[2026-03-17T08:17:55.276+0000] {taskinstance.py:2867} INFO - Starting attempt 1 of 2
[2026-03-17T08:17:55.289+0000] {taskinstance.py:2890} INFO - Executing <Task(BashOperator): clean_silver> on 2026-03-13 02:00:00+00:00
[2026-03-17T08:17:55.294+0000] {standard_task_runner.py:72} INFO - Started process 71 to run task
[2026-03-17T08:17:55.298+0000] {standard_task_runner.py:104} INFO - Running: ['***', 'tasks', 'run', 'crawl_etl_itjob', 'clean_silver', 'scheduled__2026-03-13T02:00:00+00:00', '--job-id', '656', '--raw', '--subdir', 'DAGS_FOLDER/Crawl_ETL_ITJob.py', '--cfg-path', '/tmp/tmp4icps_l4']
[2026-03-17T08:17:55.299+0000] {standard_task_runner.py:105} INFO - Job 656: Subtask clean_silver
[2026-03-17T08:17:55.320+0000] {warnings.py:109} WARNING - /home/***/.local/lib/python3.8/site-packages/***/settings.py:209: DeprecationWarning: The sql_alchemy_conn option in [core] has been moved to the sql_alchemy_conn option in [database] - the old setting has been used, but please update your config.
  SQL_ALCHEMY_CONN = conf.get("database", "SQL_ALCHEMY_CONN")

[2026-03-17T08:17:55.385+0000] {task_command.py:467} INFO - Running <TaskInstance: crawl_etl_itjob.clean_silver scheduled__2026-03-13T02:00:00+00:00 [running]> on host 19d569223134
[2026-03-17T08:17:55.386+0000] {warnings.py:109} WARNING - /home/***/.local/lib/python3.8/site-packages/***/settings.py:470: DeprecationWarning: The sql_alchemy_conn option in [core] has been moved to the sql_alchemy_conn option in [database] - the old setting has been used, but please update your config.
  if conf.get("database", "sql_alchemy_conn") == "none://":

[2026-03-17T08:17:55.494+0000] {taskinstance.py:3134} INFO - Exporting env vars: AIRFLOW_CTX_DAG_EMAIL='hoa856856@gmail.com' AIRFLOW_CTX_DAG_OWNER='***' AIRFLOW_CTX_DAG_ID='crawl_etl_itjob' AIRFLOW_CTX_TASK_ID='clean_silver' AIRFLOW_CTX_EXECUTION_DATE='2026-03-13T02:00:00+00:00' AIRFLOW_CTX_TRY_NUMBER='1' AIRFLOW_CTX_DAG_RUN_ID='scheduled__2026-03-13T02:00:00+00:00'
[2026-03-17T08:17:55.495+0000] {taskinstance.py:732} INFO - ::endgroup::
[2026-03-17T08:17:55.508+0000] {subprocess.py:78} INFO - Tmp dir root location: /tmp
[2026-03-17T08:17:55.510+0000] {subprocess.py:88} INFO - Running command: ['/bin/bash', '-c', "\n        docker exec spark-submit bash -c '\n        /opt/spark/bin/spark-submit         --master spark://spark-master:7077         --deploy-mode client         --packages org.apache.iceberg:iceberg-spark-runtime-3.5_2.12:1.5.0,org.apache.hadoop:hadoop-aws:3.3.4,com.amazonaws:aws-java-sdk-bundle:1.12.262         /opt/spark/scripts/Clean_Silver.py\n        '\n        "]
[2026-03-17T08:17:55.521+0000] {subprocess.py:99} INFO - Output:
[2026-03-17T08:17:57.838+0000] {subprocess.py:106} INFO - :: loading settings :: url = jar:file:/opt/spark/jars/ivy-2.5.1.jar!/org/apache/ivy/core/settings/ivysettings.xml
[2026-03-17T08:17:57.976+0000] {subprocess.py:106} INFO - Ivy Default Cache set to: /home/spark/.ivy2/cache
[2026-03-17T08:17:57.977+0000] {subprocess.py:106} INFO - The jars for the packages stored in: /home/spark/.ivy2/jars
[2026-03-17T08:17:57.987+0000] {subprocess.py:106} INFO - org.apache.iceberg#iceberg-spark-runtime-3.5_2.12 added as a dependency
[2026-03-17T08:17:57.988+0000] {subprocess.py:106} INFO - org.apache.hadoop#hadoop-aws added as a dependency
[2026-03-17T08:17:57.989+0000] {subprocess.py:106} INFO - com.amazonaws#aws-java-sdk-bundle added as a dependency
[2026-03-17T08:17:57.989+0000] {subprocess.py:106} INFO - :: resolving dependencies :: org.apache.spark#spark-submit-parent-9e07910a-5efb-49cd-b7e6-1ea25987a561;1.0
[2026-03-17T08:17:57.990+0000] {subprocess.py:106} INFO - 	confs: [default]
[2026-03-17T08:17:58.096+0000] {subprocess.py:106} INFO - 	found org.apache.iceberg#iceberg-spark-runtime-3.5_2.12;1.5.0 in central
[2026-03-17T08:17:58.153+0000] {subprocess.py:106} INFO - 	found org.apache.hadoop#hadoop-aws;3.3.4 in central
[2026-03-17T08:17:58.180+0000] {subprocess.py:106} INFO - 	found com.amazonaws#aws-java-sdk-bundle;1.12.262 in central
[2026-03-17T08:17:58.205+0000] {subprocess.py:106} INFO - 	found org.wildfly.openssl#wildfly-openssl;1.0.7.Final in central
[2026-03-17T08:17:58.233+0000] {subprocess.py:106} INFO - :: resolution report :: resolve 231ms :: artifacts dl 13ms
[2026-03-17T08:17:58.234+0000] {subprocess.py:106} INFO - 	:: modules in use:
[2026-03-17T08:17:58.235+0000] {subprocess.py:106} INFO - 	com.amazonaws#aws-java-sdk-bundle;1.12.262 from central in [default]
[2026-03-17T08:17:58.235+0000] {subprocess.py:106} INFO - 	org.apache.hadoop#hadoop-aws;3.3.4 from central in [default]
[2026-03-17T08:17:58.236+0000] {subprocess.py:106} INFO - 	org.apache.iceberg#iceberg-spark-runtime-3.5_2.12;1.5.0 from central in [default]
[2026-03-17T08:17:58.236+0000] {subprocess.py:106} INFO - 	org.wildfly.openssl#wildfly-openssl;1.0.7.Final from central in [default]
[2026-03-17T08:17:58.237+0000] {subprocess.py:106} INFO - 	---------------------------------------------------------------------
[2026-03-17T08:17:58.237+0000] {subprocess.py:106} INFO - 	|                  |            modules            ||   artifacts   |
[2026-03-17T08:17:58.238+0000] {subprocess.py:106} INFO - 	|       conf       | number| search|dwnlded|evicted|| number|dwnlded|
[2026-03-17T08:17:58.238+0000] {subprocess.py:106} INFO - 	---------------------------------------------------------------------
[2026-03-17T08:17:58.239+0000] {subprocess.py:106} INFO - 	|      default     |   4   |   0   |   0   |   0   ||   4   |   0   |
[2026-03-17T08:17:58.239+0000] {subprocess.py:106} INFO - 	---------------------------------------------------------------------
[2026-03-17T08:17:58.240+0000] {subprocess.py:106} INFO - :: retrieving :: org.apache.spark#spark-submit-parent-9e07910a-5efb-49cd-b7e6-1ea25987a561
[2026-03-17T08:17:58.241+0000] {subprocess.py:106} INFO - 	confs: [default]
[2026-03-17T08:17:58.249+0000] {subprocess.py:106} INFO - 	0 artifacts copied, 4 already retrieved (0kB/8ms)
[2026-03-17T08:17:58.523+0000] {subprocess.py:106} INFO - 26/03/17 08:17:58 WARN NativeCodeLoader: Unable to load native-hadoop library for your platform... using builtin-java classes where applicable
[2026-03-17T08:17:59.721+0000] {subprocess.py:106} INFO - 26/03/17 08:17:59 INFO SparkContext: Running Spark version 3.5.3
[2026-03-17T08:17:59.722+0000] {subprocess.py:106} INFO - 26/03/17 08:17:59 INFO SparkContext: OS info Linux, 6.6.87.2-microsoft-standard-WSL2, amd64
[2026-03-17T08:17:59.723+0000] {subprocess.py:106} INFO - 26/03/17 08:17:59 INFO SparkContext: Java version 11.0.24
[2026-03-17T08:17:59.753+0000] {subprocess.py:106} INFO - 26/03/17 08:17:59 INFO ResourceUtils: ==============================================================
[2026-03-17T08:17:59.754+0000] {subprocess.py:106} INFO - 26/03/17 08:17:59 INFO ResourceUtils: No custom resources configured for spark.driver.
[2026-03-17T08:17:59.754+0000] {subprocess.py:106} INFO - 26/03/17 08:17:59 INFO ResourceUtils: ==============================================================
[2026-03-17T08:17:59.755+0000] {subprocess.py:106} INFO - 26/03/17 08:17:59 INFO SparkContext: Submitted application: Silver_Etl_Cleaning_Merge
[2026-03-17T08:17:59.785+0000] {subprocess.py:106} INFO - 26/03/17 08:17:59 INFO ResourceProfile: Default ResourceProfile created, executor resources: Map(memory -> name: memory, amount: 1024, script: , vendor: , offHeap -> name: offHeap, amount: 0, script: , vendor: ), task resources: Map(cpus -> name: cpus, amount: 1.0)
[2026-03-17T08:17:59.799+0000] {subprocess.py:106} INFO - 26/03/17 08:17:59 INFO ResourceProfile: Limiting resource is cpu
[2026-03-17T08:17:59.800+0000] {subprocess.py:106} INFO - 26/03/17 08:17:59 INFO ResourceProfileManager: Added ResourceProfile id: 0
[2026-03-17T08:17:59.867+0000] {subprocess.py:106} INFO - 26/03/17 08:17:59 INFO SecurityManager: Changing view acls to: spark
[2026-03-17T08:17:59.869+0000] {subprocess.py:106} INFO - 26/03/17 08:17:59 INFO SecurityManager: Changing modify acls to: spark
[2026-03-17T08:17:59.870+0000] {subprocess.py:106} INFO - 26/03/17 08:17:59 INFO SecurityManager: Changing view acls groups to:
[2026-03-17T08:17:59.871+0000] {subprocess.py:106} INFO - 26/03/17 08:17:59 INFO SecurityManager: Changing modify acls groups to:
[2026-03-17T08:17:59.871+0000] {subprocess.py:106} INFO - 26/03/17 08:17:59 INFO SecurityManager: SecurityManager: authentication disabled; ui acls disabled; users with view permissions: spark; groups with view permissions: EMPTY; users with modify permissions: spark; groups with modify permissions: EMPTY
[2026-03-17T08:18:00.109+0000] {subprocess.py:106} INFO - 26/03/17 08:18:00 INFO Utils: Successfully started service 'sparkDriver' on port 42503.
[2026-03-17T08:18:00.134+0000] {subprocess.py:106} INFO - 26/03/17 08:18:00 INFO SparkEnv: Registering MapOutputTracker
[2026-03-17T08:18:00.167+0000] {subprocess.py:106} INFO - 26/03/17 08:18:00 INFO SparkEnv: Registering BlockManagerMaster
[2026-03-17T08:18:00.185+0000] {subprocess.py:106} INFO - 26/03/17 08:18:00 INFO BlockManagerMasterEndpoint: Using org.apache.spark.storage.DefaultTopologyMapper for getting topology information
[2026-03-17T08:18:00.186+0000] {subprocess.py:106} INFO - 26/03/17 08:18:00 INFO BlockManagerMasterEndpoint: BlockManagerMasterEndpoint up
[2026-03-17T08:18:00.192+0000] {subprocess.py:106} INFO - 26/03/17 08:18:00 INFO SparkEnv: Registering BlockManagerMasterHeartbeat
[2026-03-17T08:18:00.219+0000] {subprocess.py:106} INFO - 26/03/17 08:18:00 INFO DiskBlockManager: Created local directory at /tmp/blockmgr-13432743-cb63-4344-af71-cf6357d0a5eb
[2026-03-17T08:18:00.231+0000] {subprocess.py:106} INFO - 26/03/17 08:18:00 INFO MemoryStore: MemoryStore started with capacity 434.4 MiB
[2026-03-17T08:18:00.245+0000] {subprocess.py:106} INFO - 26/03/17 08:18:00 INFO SparkEnv: Registering OutputCommitCoordinator
[2026-03-17T08:18:00.434+0000] {subprocess.py:106} INFO - 26/03/17 08:18:00 INFO JettyUtils: Start Jetty 0.0.0.0:4040 for SparkUI
[2026-03-17T08:18:00.507+0000] {subprocess.py:106} INFO - 26/03/17 08:18:00 INFO Utils: Successfully started service 'SparkUI' on port 4040.
[2026-03-17T08:18:00.550+0000] {subprocess.py:106} INFO - 26/03/17 08:18:00 INFO SparkContext: Added JAR file:///home/spark/.ivy2/jars/org.apache.iceberg_iceberg-spark-runtime-3.5_2.12-1.5.0.jar at spark://499f1d118d82:42503/jars/org.apache.iceberg_iceberg-spark-runtime-3.5_2.12-1.5.0.jar with timestamp 1773735479710
[2026-03-17T08:18:00.551+0000] {subprocess.py:106} INFO - 26/03/17 08:18:00 INFO SparkContext: Added JAR file:///home/spark/.ivy2/jars/org.apache.hadoop_hadoop-aws-3.3.4.jar at spark://499f1d118d82:42503/jars/org.apache.hadoop_hadoop-aws-3.3.4.jar with timestamp 1773735479710
[2026-03-17T08:18:00.551+0000] {subprocess.py:106} INFO - 26/03/17 08:18:00 INFO SparkContext: Added JAR file:///home/spark/.ivy2/jars/com.amazonaws_aws-java-sdk-bundle-1.12.262.jar at spark://499f1d118d82:42503/jars/com.amazonaws_aws-java-sdk-bundle-1.12.262.jar with timestamp 1773735479710
[2026-03-17T08:18:00.552+0000] {subprocess.py:106} INFO - 26/03/17 08:18:00 INFO SparkContext: Added JAR file:///home/spark/.ivy2/jars/org.wildfly.openssl_wildfly-openssl-1.0.7.Final.jar at spark://499f1d118d82:42503/jars/org.wildfly.openssl_wildfly-openssl-1.0.7.Final.jar with timestamp 1773735479710
[2026-03-17T08:18:00.556+0000] {subprocess.py:106} INFO - 26/03/17 08:18:00 INFO SparkContext: Added file file:///home/spark/.ivy2/jars/org.apache.iceberg_iceberg-spark-runtime-3.5_2.12-1.5.0.jar at spark://499f1d118d82:42503/files/org.apache.iceberg_iceberg-spark-runtime-3.5_2.12-1.5.0.jar with timestamp 1773735479710
[2026-03-17T08:18:00.558+0000] {subprocess.py:106} INFO - 26/03/17 08:18:00 INFO Utils: Copying /home/spark/.ivy2/jars/org.apache.iceberg_iceberg-spark-runtime-3.5_2.12-1.5.0.jar to /tmp/spark-6fd9a8d2-acd9-4ffd-89e1-e2dae60a77b0/userFiles-7dcad002-d1f4-4839-b8b9-768bb68aa284/org.apache.iceberg_iceberg-spark-runtime-3.5_2.12-1.5.0.jar
[2026-03-17T08:18:00.614+0000] {subprocess.py:106} INFO - 26/03/17 08:18:00 INFO SparkContext: Added file file:///home/spark/.ivy2/jars/org.apache.hadoop_hadoop-aws-3.3.4.jar at spark://499f1d118d82:42503/files/org.apache.hadoop_hadoop-aws-3.3.4.jar with timestamp 1773735479710
[2026-03-17T08:18:00.615+0000] {subprocess.py:106} INFO - 26/03/17 08:18:00 INFO Utils: Copying /home/spark/.ivy2/jars/org.apache.hadoop_hadoop-aws-3.3.4.jar to /tmp/spark-6fd9a8d2-acd9-4ffd-89e1-e2dae60a77b0/userFiles-7dcad002-d1f4-4839-b8b9-768bb68aa284/org.apache.hadoop_hadoop-aws-3.3.4.jar
[2026-03-17T08:18:00.620+0000] {subprocess.py:106} INFO - 26/03/17 08:18:00 INFO SparkContext: Added file file:///home/spark/.ivy2/jars/com.amazonaws_aws-java-sdk-bundle-1.12.262.jar at spark://499f1d118d82:42503/files/com.amazonaws_aws-java-sdk-bundle-1.12.262.jar with timestamp 1773735479710
[2026-03-17T08:18:00.620+0000] {subprocess.py:106} INFO - 26/03/17 08:18:00 INFO Utils: Copying /home/spark/.ivy2/jars/com.amazonaws_aws-java-sdk-bundle-1.12.262.jar to /tmp/spark-6fd9a8d2-acd9-4ffd-89e1-e2dae60a77b0/userFiles-7dcad002-d1f4-4839-b8b9-768bb68aa284/com.amazonaws_aws-java-sdk-bundle-1.12.262.jar
[2026-03-17T08:18:00.934+0000] {subprocess.py:106} INFO - 26/03/17 08:18:00 INFO SparkContext: Added file file:///home/spark/.ivy2/jars/org.wildfly.openssl_wildfly-openssl-1.0.7.Final.jar at spark://499f1d118d82:42503/files/org.wildfly.openssl_wildfly-openssl-1.0.7.Final.jar with timestamp 1773735479710
[2026-03-17T08:18:00.935+0000] {subprocess.py:106} INFO - 26/03/17 08:18:00 INFO Utils: Copying /home/spark/.ivy2/jars/org.wildfly.openssl_wildfly-openssl-1.0.7.Final.jar to /tmp/spark-6fd9a8d2-acd9-4ffd-89e1-e2dae60a77b0/userFiles-7dcad002-d1f4-4839-b8b9-768bb68aa284/org.wildfly.openssl_wildfly-openssl-1.0.7.Final.jar
[2026-03-17T08:18:01.040+0000] {subprocess.py:106} INFO - 26/03/17 08:18:01 INFO StandaloneAppClient$ClientEndpoint: Connecting to master spark://spark-master:7077...
[2026-03-17T08:18:01.088+0000] {subprocess.py:106} INFO - 26/03/17 08:18:01 INFO TransportClientFactory: Successfully created connection to spark-master/172.30.0.6:7077 after 29 ms (0 ms spent in bootstraps)
[2026-03-17T08:18:01.174+0000] {subprocess.py:106} INFO - 26/03/17 08:18:01 INFO StandaloneSchedulerBackend: Connected to Spark cluster with app ID app-20260317081801-0001
[2026-03-17T08:18:01.177+0000] {subprocess.py:106} INFO - 26/03/17 08:18:01 INFO StandaloneAppClient$ClientEndpoint: Executor added: app-20260317081801-0001/0 on worker-20260317080332-172.30.0.7-34617 (172.30.0.7:34617) with 1 core(s)
[2026-03-17T08:18:01.180+0000] {subprocess.py:106} INFO - 26/03/17 08:18:01 INFO StandaloneSchedulerBackend: Granted executor ID app-20260317081801-0001/0 on hostPort 172.30.0.7:34617 with 1 core(s), 1024.0 MiB RAM
[2026-03-17T08:18:01.192+0000] {subprocess.py:106} INFO - 26/03/17 08:18:01 INFO Utils: Successfully started service 'org.apache.spark.network.netty.NettyBlockTransferService' on port 43833.
[2026-03-17T08:18:01.193+0000] {subprocess.py:106} INFO - 26/03/17 08:18:01 INFO NettyBlockTransferService: Server created on 499f1d118d82:43833
[2026-03-17T08:18:01.197+0000] {subprocess.py:106} INFO - 26/03/17 08:18:01 INFO BlockManager: Using org.apache.spark.storage.RandomBlockReplicationPolicy for block replication policy
[2026-03-17T08:18:01.209+0000] {subprocess.py:106} INFO - 26/03/17 08:18:01 INFO BlockManagerMaster: Registering BlockManager BlockManagerId(driver, 499f1d118d82, 43833, None)
[2026-03-17T08:18:01.218+0000] {subprocess.py:106} INFO - 26/03/17 08:18:01 INFO BlockManagerMasterEndpoint: Registering block manager 499f1d118d82:43833 with 434.4 MiB RAM, BlockManagerId(driver, 499f1d118d82, 43833, None)
[2026-03-17T08:18:01.223+0000] {subprocess.py:106} INFO - 26/03/17 08:18:01 INFO BlockManagerMaster: Registered BlockManager BlockManagerId(driver, 499f1d118d82, 43833, None)
[2026-03-17T08:18:01.228+0000] {subprocess.py:106} INFO - 26/03/17 08:18:01 INFO BlockManager: Initialized BlockManager: BlockManagerId(driver, 499f1d118d82, 43833, None)
[2026-03-17T08:18:01.254+0000] {subprocess.py:106} INFO - 26/03/17 08:18:01 INFO StandaloneAppClient$ClientEndpoint: Executor updated: app-20260317081801-0001/0 is now RUNNING
[2026-03-17T08:18:01.524+0000] {subprocess.py:106} INFO - 26/03/17 08:18:01 INFO StandaloneSchedulerBackend: SchedulerBackend is ready for scheduling beginning after reached minRegisteredResourcesRatio: 0.0
[2026-03-17T08:18:01.862+0000] {subprocess.py:106} INFO - 26/03/17 08:18:01 INFO SharedState: Setting hive.metastore.warehouse.dir ('null') to the value of spark.sql.warehouse.dir.
[2026-03-17T08:18:01.866+0000] {subprocess.py:106} INFO - 26/03/17 08:18:01 INFO SharedState: Warehouse path is 'file:/opt/spark/work-dir/spark-warehouse'.
[2026-03-17T08:18:04.718+0000] {subprocess.py:106} INFO - 26/03/17 08:18:04 INFO HiveConf: Found configuration file null
[2026-03-17T08:18:04.989+0000] {subprocess.py:106} INFO - 26/03/17 08:18:04 INFO metastore: Trying to connect to metastore with URI thrift://hive-metastore:9083
[2026-03-17T08:18:05.019+0000] {subprocess.py:106} INFO - 26/03/17 08:18:05 INFO metastore: Opened a connection to metastore, current connections: 1
[2026-03-17T08:18:05.029+0000] {subprocess.py:106} INFO - 26/03/17 08:18:05 INFO StandaloneSchedulerBackend$StandaloneDriverEndpoint: Registered executor NettyRpcEndpointRef(spark-client://Executor) (172.30.0.7:52286) with ID 0,  ResourceProfileId 0
[2026-03-17T08:18:05.063+0000] {subprocess.py:106} INFO - 26/03/17 08:18:05 INFO metastore: Connected to metastore.
[2026-03-17T08:18:05.160+0000] {subprocess.py:106} INFO - 26/03/17 08:18:05 INFO BlockManagerMasterEndpoint: Registering block manager 172.30.0.7:43781 with 434.4 MiB RAM, BlockManagerId(0, 172.30.0.7, 43781, None)
[2026-03-17T08:18:05.268+0000] {subprocess.py:106} INFO - 26/03/17 08:18:05 INFO BaseMetastoreTableOperations: Refreshing table metadata from new version: s3a://warehouse/iceberg_data/silver.db/it_jobs_clean/metadata/00014-4664285d-66c5-4376-8d30-555e934327a8.metadata.json
[2026-03-17T08:18:05.505+0000] {subprocess.py:106} INFO - 26/03/17 08:18:05 WARN MetricsConfig: Cannot locate configuration: tried hadoop-metrics2-s3a-file-system.properties,hadoop-metrics2.properties
[2026-03-17T08:18:05.528+0000] {subprocess.py:106} INFO - 26/03/17 08:18:05 INFO MetricsSystemImpl: Scheduled Metric snapshot period at 10 second(s).
[2026-03-17T08:18:05.529+0000] {subprocess.py:106} INFO - 26/03/17 08:18:05 INFO MetricsSystemImpl: s3a-file-system metrics system started
[2026-03-17T08:18:07.901+0000] {subprocess.py:106} INFO - 26/03/17 08:18:07 INFO BaseMetastoreCatalog: Table loaded by catalog: iceberg.silver.it_jobs_clean
[2026-03-17T08:18:09.507+0000] {subprocess.py:106} INFO - 26/03/17 08:18:09 INFO SnapshotScan: Scanning table iceberg.silver.it_jobs_clean snapshot 5691234189526064856 created at 2026-03-13T05:19:47.448+00:00 with filter true
[2026-03-17T08:18:09.811+0000] {subprocess.py:106} INFO - 26/03/17 08:18:09 INFO BaseDistributedDataScan: Planning file tasks locally for table iceberg.silver.it_jobs_clean
[2026-03-17T08:18:10.086+0000] {subprocess.py:106} INFO - 26/03/17 08:18:10 INFO V2ScanRelationPushDown:
[2026-03-17T08:18:10.087+0000] {subprocess.py:106} INFO - Pushing operators to iceberg.silver.it_jobs_clean
[2026-03-17T08:18:10.088+0000] {subprocess.py:106} INFO - Pushed Aggregate Functions:
[2026-03-17T08:18:10.088+0000] {subprocess.py:106} INFO -  MAX(ingest_time)
[2026-03-17T08:18:10.089+0000] {subprocess.py:106} INFO - Pushed Group by:
[2026-03-17T08:18:10.090+0000] {subprocess.py:106} INFO - 
[2026-03-17T08:18:10.090+0000] {subprocess.py:106} INFO - 
[2026-03-17T08:18:10.968+0000] {subprocess.py:106} INFO - 26/03/17 08:18:10 INFO CodeGenerator: Code generated in 210.264096 ms
[2026-03-17T08:18:10.983+0000] {subprocess.py:106} INFO - 26/03/17 08:18:10 INFO CodeGenerator: Code generated in 8.702713 ms
[2026-03-17T08:18:11.088+0000] {subprocess.py:106} INFO - 26/03/17 08:18:11 INFO DAGScheduler: Registering RDD 2 (collect at /opt/spark/scripts/Clean_Silver.py:56) as input to shuffle 0
[2026-03-17T08:18:11.097+0000] {subprocess.py:106} INFO - 26/03/17 08:18:11 INFO DAGScheduler: Got map stage job 0 (collect at /opt/spark/scripts/Clean_Silver.py:56) with 1 output partitions
[2026-03-17T08:18:11.099+0000] {subprocess.py:106} INFO - 26/03/17 08:18:11 INFO DAGScheduler: Final stage: ShuffleMapStage 0 (collect at /opt/spark/scripts/Clean_Silver.py:56)
[2026-03-17T08:18:11.099+0000] {subprocess.py:106} INFO - 26/03/17 08:18:11 INFO DAGScheduler: Parents of final stage: List()
[2026-03-17T08:18:11.100+0000] {subprocess.py:106} INFO - 26/03/17 08:18:11 INFO DAGScheduler: Missing parents: List()
[2026-03-17T08:18:11.106+0000] {subprocess.py:106} INFO - 26/03/17 08:18:11 INFO DAGScheduler: Submitting ShuffleMapStage 0 (MapPartitionsRDD[2] at collect at /opt/spark/scripts/Clean_Silver.py:56), which has no missing parents
[2026-03-17T08:18:11.232+0000] {subprocess.py:106} INFO - 26/03/17 08:18:11 INFO MemoryStore: Block broadcast_0 stored as values in memory (estimated size 12.0 KiB, free 434.4 MiB)
[2026-03-17T08:18:11.255+0000] {subprocess.py:106} INFO - 26/03/17 08:18:11 INFO MemoryStore: Block broadcast_0_piece0 stored as bytes in memory (estimated size 6.0 KiB, free 434.4 MiB)
[2026-03-17T08:18:11.257+0000] {subprocess.py:106} INFO - 26/03/17 08:18:11 INFO BlockManagerInfo: Added broadcast_0_piece0 in memory on 499f1d118d82:43833 (size: 6.0 KiB, free: 434.4 MiB)
[2026-03-17T08:18:11.261+0000] {subprocess.py:106} INFO - 26/03/17 08:18:11 INFO SparkContext: Created broadcast 0 from broadcast at DAGScheduler.scala:1585
[2026-03-17T08:18:11.273+0000] {subprocess.py:106} INFO - 26/03/17 08:18:11 INFO DAGScheduler: Submitting 1 missing tasks from ShuffleMapStage 0 (MapPartitionsRDD[2] at collect at /opt/spark/scripts/Clean_Silver.py:56) (first 15 tasks are for partitions Vector(0))
[2026-03-17T08:18:11.274+0000] {subprocess.py:106} INFO - 26/03/17 08:18:11 INFO TaskSchedulerImpl: Adding task set 0.0 with 1 tasks resource profile 0
[2026-03-17T08:18:11.303+0000] {subprocess.py:106} INFO - 26/03/17 08:18:11 INFO TaskSetManager: Starting task 0.0 in stage 0.0 (TID 0) (172.30.0.7, executor 0, partition 0, PROCESS_LOCAL, 10137 bytes)
[2026-03-17T08:18:11.522+0000] {subprocess.py:106} INFO - 26/03/17 08:18:11 INFO BlockManagerInfo: Added broadcast_0_piece0 in memory on 172.30.0.7:43781 (size: 6.0 KiB, free: 434.4 MiB)
[2026-03-17T08:18:12.211+0000] {subprocess.py:106} INFO - 26/03/17 08:18:12 INFO TaskSetManager: Finished task 0.0 in stage 0.0 (TID 0) in 920 ms on 172.30.0.7 (executor 0) (1/1)
[2026-03-17T08:18:12.214+0000] {subprocess.py:106} INFO - 26/03/17 08:18:12 INFO TaskSchedulerImpl: Removed TaskSet 0.0, whose tasks have all completed, from pool
[2026-03-17T08:18:12.222+0000] {subprocess.py:106} INFO - 26/03/17 08:18:12 INFO DAGScheduler: ShuffleMapStage 0 (collect at /opt/spark/scripts/Clean_Silver.py:56) finished in 1.098 s
[2026-03-17T08:18:12.224+0000] {subprocess.py:106} INFO - 26/03/17 08:18:12 INFO DAGScheduler: looking for newly runnable stages
[2026-03-17T08:18:12.225+0000] {subprocess.py:106} INFO - 26/03/17 08:18:12 INFO DAGScheduler: running: Set()
[2026-03-17T08:18:12.225+0000] {subprocess.py:106} INFO - 26/03/17 08:18:12 INFO DAGScheduler: waiting: Set()
[2026-03-17T08:18:12.225+0000] {subprocess.py:106} INFO - 26/03/17 08:18:12 INFO DAGScheduler: failed: Set()
[2026-03-17T08:18:12.266+0000] {subprocess.py:106} INFO - 26/03/17 08:18:12 INFO CodeGenerator: Code generated in 11.478234 ms
[2026-03-17T08:18:12.317+0000] {subprocess.py:106} INFO - 26/03/17 08:18:12 INFO SparkContext: Starting job: collect at /opt/spark/scripts/Clean_Silver.py:56
[2026-03-17T08:18:12.322+0000] {subprocess.py:106} INFO - 26/03/17 08:18:12 INFO DAGScheduler: Got job 1 (collect at /opt/spark/scripts/Clean_Silver.py:56) with 1 output partitions
[2026-03-17T08:18:12.323+0000] {subprocess.py:106} INFO - 26/03/17 08:18:12 INFO DAGScheduler: Final stage: ResultStage 2 (collect at /opt/spark/scripts/Clean_Silver.py:56)
[2026-03-17T08:18:12.323+0000] {subprocess.py:106} INFO - 26/03/17 08:18:12 INFO DAGScheduler: Parents of final stage: List(ShuffleMapStage 1)
[2026-03-17T08:18:12.324+0000] {subprocess.py:106} INFO - 26/03/17 08:18:12 INFO DAGScheduler: Missing parents: List()
[2026-03-17T08:18:12.327+0000] {subprocess.py:106} INFO - 26/03/17 08:18:12 INFO DAGScheduler: Submitting ResultStage 2 (MapPartitionsRDD[5] at collect at /opt/spark/scripts/Clean_Silver.py:56), which has no missing parents
[2026-03-17T08:18:12.342+0000] {subprocess.py:106} INFO - 26/03/17 08:18:12 INFO MemoryStore: Block broadcast_1 stored as values in memory (estimated size 13.1 KiB, free 434.4 MiB)
[2026-03-17T08:18:12.345+0000] {subprocess.py:106} INFO - 26/03/17 08:18:12 INFO MemoryStore: Block broadcast_1_piece0 stored as bytes in memory (estimated size 6.1 KiB, free 434.4 MiB)
[2026-03-17T08:18:12.345+0000] {subprocess.py:106} INFO - 26/03/17 08:18:12 INFO BlockManagerInfo: Added broadcast_1_piece0 in memory on 499f1d118d82:43833 (size: 6.1 KiB, free: 434.4 MiB)
[2026-03-17T08:18:12.346+0000] {subprocess.py:106} INFO - 26/03/17 08:18:12 INFO SparkContext: Created broadcast 1 from broadcast at DAGScheduler.scala:1585
[2026-03-17T08:18:12.349+0000] {subprocess.py:106} INFO - 26/03/17 08:18:12 INFO DAGScheduler: Submitting 1 missing tasks from ResultStage 2 (MapPartitionsRDD[5] at collect at /opt/spark/scripts/Clean_Silver.py:56) (first 15 tasks are for partitions Vector(0))
[2026-03-17T08:18:12.349+0000] {subprocess.py:106} INFO - 26/03/17 08:18:12 INFO TaskSchedulerImpl: Adding task set 2.0 with 1 tasks resource profile 0
[2026-03-17T08:18:12.357+0000] {subprocess.py:106} INFO - 26/03/17 08:18:12 INFO TaskSetManager: Starting task 0.0 in stage 2.0 (TID 1) (172.30.0.7, executor 0, partition 0, NODE_LOCAL, 9976 bytes)
[2026-03-17T08:18:12.379+0000] {subprocess.py:106} INFO - 26/03/17 08:18:12 INFO BlockManagerInfo: Added broadcast_1_piece0 in memory on 172.30.0.7:43781 (size: 6.1 KiB, free: 434.4 MiB)
[2026-03-17T08:18:12.436+0000] {subprocess.py:106} INFO - 26/03/17 08:18:12 INFO MapOutputTrackerMasterEndpoint: Asked to send map output locations for shuffle 0 to 172.30.0.7:52286
[2026-03-17T08:18:12.485+0000] {subprocess.py:106} INFO - 26/03/17 08:18:12 INFO BlockManagerInfo: Removed broadcast_0_piece0 on 499f1d118d82:43833 in memory (size: 6.0 KiB, free: 434.4 MiB)
[2026-03-17T08:18:12.487+0000] {subprocess.py:106} INFO - 26/03/17 08:18:12 INFO BlockManagerInfo: Removed broadcast_0_piece0 on 172.30.0.7:43781 in memory (size: 6.0 KiB, free: 434.4 MiB)
[2026-03-17T08:18:12.577+0000] {subprocess.py:106} INFO - 26/03/17 08:18:12 INFO TaskSetManager: Finished task 0.0 in stage 2.0 (TID 1) in 223 ms on 172.30.0.7 (executor 0) (1/1)
[2026-03-17T08:18:12.581+0000] {subprocess.py:106} INFO - 26/03/17 08:18:12 INFO TaskSchedulerImpl: Removed TaskSet 2.0, whose tasks have all completed, from pool
[2026-03-17T08:18:12.582+0000] {subprocess.py:106} INFO - 26/03/17 08:18:12 INFO DAGScheduler: ResultStage 2 (collect at /opt/spark/scripts/Clean_Silver.py:56) finished in 0.241 s
[2026-03-17T08:18:12.583+0000] {subprocess.py:106} INFO - 26/03/17 08:18:12 INFO DAGScheduler: Job 1 is finished. Cancelling potential speculative or zombie tasks for this job
[2026-03-17T08:18:12.583+0000] {subprocess.py:106} INFO - 26/03/17 08:18:12 INFO TaskSchedulerImpl: Killing all running tasks in stage 2: Stage finished
[2026-03-17T08:18:12.584+0000] {subprocess.py:106} INFO - 26/03/17 08:18:12 INFO DAGScheduler: Job 1 finished: collect at /opt/spark/scripts/Clean_Silver.py:56, took 0.266419 s
[2026-03-17T08:18:12.789+0000] {subprocess.py:106} INFO - >>> Watermark (Last Processed Time): 2026-03-13 05:19:14.503824
[2026-03-17T08:18:12.814+0000] {subprocess.py:106} INFO - 26/03/17 08:18:12 INFO BaseMetastoreTableOperations: Refreshing table metadata from new version: s3a://warehouse/iceberg_data/bronze.db/it_jobs_raw/metadata/00015-44230b7a-1650-4f8d-b4b7-28d5577c4ee3.metadata.json
[2026-03-17T08:18:12.832+0000] {subprocess.py:106} INFO - 26/03/17 08:18:12 INFO BaseMetastoreCatalog: Table loaded by catalog: iceberg.bronze.it_jobs_raw
[2026-03-17T08:18:12.845+0000] {subprocess.py:106} INFO - >>> INCREMENTAL LOAD: Reading only new data...
[2026-03-17T08:18:13.097+0000] {subprocess.py:106} INFO - 26/03/17 08:18:13 INFO V2ScanRelationPushDown:
[2026-03-17T08:18:13.098+0000] {subprocess.py:106} INFO - Pushing operators to iceberg.bronze.it_jobs_raw
[2026-03-17T08:18:13.098+0000] {subprocess.py:106} INFO - Pushed Filters: ingest_time IS NOT NULL, ingest_time > 1773379154503824
[2026-03-17T08:18:13.099+0000] {subprocess.py:106} INFO - Post-Scan Filters: isnotnull(ingest_time#36),(ingest_time#36 > 2026-03-13 05:19:14.503824)
[2026-03-17T08:18:13.099+0000] {subprocess.py:106} INFO - 
[2026-03-17T08:18:13.124+0000] {subprocess.py:106} INFO - 26/03/17 08:18:13 INFO V2ScanRelationPushDown:
[2026-03-17T08:18:13.124+0000] {subprocess.py:106} INFO - Output: ingest_time#36
[2026-03-17T08:18:13.125+0000] {subprocess.py:106} INFO - 
[2026-03-17T08:18:13.132+0000] {subprocess.py:106} INFO - 26/03/17 08:18:13 INFO SnapshotScan: Scanning table iceberg.bronze.it_jobs_raw snapshot 4862540315189584744 created at 2026-03-17T08:17:51.612+00:00 with filter (ingest_time IS NOT NULL AND ingest_time > (16-digit-int))
[2026-03-17T08:18:13.163+0000] {subprocess.py:106} INFO - 26/03/17 08:18:13 INFO BaseDistributedDataScan: Planning file tasks locally for table iceberg.bronze.it_jobs_raw
[2026-03-17T08:18:13.255+0000] {subprocess.py:106} INFO - 26/03/17 08:18:13 INFO SparkPartitioningAwareScan: Reporting UnknownPartitioning with 1 partition(s) for table iceberg.bronze.it_jobs_raw
[2026-03-17T08:18:13.271+0000] {subprocess.py:106} INFO - 26/03/17 08:18:13 INFO MemoryStore: Block broadcast_2 stored as values in memory (estimated size 32.0 KiB, free 434.3 MiB)
[2026-03-17T08:18:13.281+0000] {subprocess.py:106} INFO - 26/03/17 08:18:13 INFO MemoryStore: Block broadcast_2_piece0 stored as bytes in memory (estimated size 30.3 KiB, free 434.3 MiB)
[2026-03-17T08:18:13.283+0000] {subprocess.py:106} INFO - 26/03/17 08:18:13 INFO BlockManagerInfo: Added broadcast_2_piece0 in memory on 499f1d118d82:43833 (size: 30.3 KiB, free: 434.4 MiB)
[2026-03-17T08:18:13.284+0000] {subprocess.py:106} INFO - 26/03/17 08:18:13 INFO SparkContext: Created broadcast 2 from broadcast at SparkBatch.java:79
[2026-03-17T08:18:13.298+0000] {subprocess.py:106} INFO - 26/03/17 08:18:13 INFO MemoryStore: Block broadcast_3 stored as values in memory (estimated size 32.0 KiB, free 434.3 MiB)
[2026-03-17T08:18:13.313+0000] {subprocess.py:106} INFO - 26/03/17 08:18:13 INFO MemoryStore: Block broadcast_3_piece0 stored as bytes in memory (estimated size 30.2 KiB, free 434.3 MiB)
[2026-03-17T08:18:13.313+0000] {subprocess.py:106} INFO - 26/03/17 08:18:13 INFO BlockManagerInfo: Removed broadcast_1_piece0 on 499f1d118d82:43833 in memory (size: 6.1 KiB, free: 434.4 MiB)
[2026-03-17T08:18:13.314+0000] {subprocess.py:106} INFO - 26/03/17 08:18:13 INFO BlockManagerInfo: Added broadcast_3_piece0 in memory on 499f1d118d82:43833 (size: 30.2 KiB, free: 434.3 MiB)
[2026-03-17T08:18:13.321+0000] {subprocess.py:106} INFO - 26/03/17 08:18:13 INFO SparkContext: Created broadcast 3 from broadcast at SparkBatch.java:79
[2026-03-17T08:18:13.325+0000] {subprocess.py:106} INFO - 26/03/17 08:18:13 INFO BlockManagerInfo: Removed broadcast_1_piece0 on 172.30.0.7:43781 in memory (size: 6.1 KiB, free: 434.4 MiB)
[2026-03-17T08:18:13.405+0000] {subprocess.py:106} INFO - 26/03/17 08:18:13 INFO CodeGenerator: Code generated in 16.962747 ms
[2026-03-17T08:18:13.421+0000] {subprocess.py:106} INFO - 26/03/17 08:18:13 INFO DAGScheduler: Registering RDD 9 (count at <unknown>:0) as input to shuffle 1
[2026-03-17T08:18:13.422+0000] {subprocess.py:106} INFO - 26/03/17 08:18:13 INFO DAGScheduler: Got map stage job 2 (count at <unknown>:0) with 1 output partitions
[2026-03-17T08:18:13.422+0000] {subprocess.py:106} INFO - 26/03/17 08:18:13 INFO DAGScheduler: Final stage: ShuffleMapStage 3 (count at <unknown>:0)
[2026-03-17T08:18:13.423+0000] {subprocess.py:106} INFO - 26/03/17 08:18:13 INFO DAGScheduler: Parents of final stage: List()
[2026-03-17T08:18:13.424+0000] {subprocess.py:106} INFO - 26/03/17 08:18:13 INFO DAGScheduler: Missing parents: List()
[2026-03-17T08:18:13.425+0000] {subprocess.py:106} INFO - 26/03/17 08:18:13 INFO DAGScheduler: Submitting ShuffleMapStage 3 (MapPartitionsRDD[9] at count at <unknown>:0), which has no missing parents
[2026-03-17T08:18:13.433+0000] {subprocess.py:106} INFO - 26/03/17 08:18:13 INFO MemoryStore: Block broadcast_4 stored as values in memory (estimated size 17.8 KiB, free 434.3 MiB)
[2026-03-17T08:18:13.446+0000] {subprocess.py:106} INFO - 26/03/17 08:18:13 INFO MemoryStore: Block broadcast_4_piece0 stored as bytes in memory (estimated size 7.6 KiB, free 434.3 MiB)
[2026-03-17T08:18:13.447+0000] {subprocess.py:106} INFO - 26/03/17 08:18:13 INFO BlockManagerInfo: Added broadcast_4_piece0 in memory on 499f1d118d82:43833 (size: 7.6 KiB, free: 434.3 MiB)
[2026-03-17T08:18:13.448+0000] {subprocess.py:106} INFO - 26/03/17 08:18:13 INFO SparkContext: Created broadcast 4 from broadcast at DAGScheduler.scala:1585
[2026-03-17T08:18:13.449+0000] {subprocess.py:106} INFO - 26/03/17 08:18:13 INFO DAGScheduler: Submitting 1 missing tasks from ShuffleMapStage 3 (MapPartitionsRDD[9] at count at <unknown>:0) (first 15 tasks are for partitions Vector(0))
[2026-03-17T08:18:13.450+0000] {subprocess.py:106} INFO - 26/03/17 08:18:13 INFO TaskSchedulerImpl: Adding task set 3.0 with 1 tasks resource profile 0
[2026-03-17T08:18:13.473+0000] {subprocess.py:106} INFO - 26/03/17 08:18:13 INFO TaskSetManager: Starting task 0.0 in stage 3.0 (TID 2) (172.30.0.7, executor 0, partition 0, PROCESS_LOCAL, 15368 bytes)
[2026-03-17T08:18:14.417+0000] {subprocess.py:106} INFO - 26/03/17 08:18:14 INFO BlockManagerInfo: Added broadcast_4_piece0 in memory on 172.30.0.7:43781 (size: 7.6 KiB, free: 434.4 MiB)
[2026-03-17T08:18:14.498+0000] {subprocess.py:106} INFO - 26/03/17 08:18:14 INFO BlockManagerInfo: Added broadcast_3_piece0 in memory on 172.30.0.7:43781 (size: 30.2 KiB, free: 434.4 MiB)
[2026-03-17T08:18:17.203+0000] {subprocess.py:106} INFO - 26/03/17 08:18:17 INFO TaskSetManager: Finished task 0.0 in stage 3.0 (TID 2) in 3751 ms on 172.30.0.7 (executor 0) (1/1)
[2026-03-17T08:18:17.204+0000] {subprocess.py:106} INFO - 26/03/17 08:18:17 INFO TaskSchedulerImpl: Removed TaskSet 3.0, whose tasks have all completed, from pool
[2026-03-17T08:18:17.206+0000] {subprocess.py:106} INFO - 26/03/17 08:18:17 INFO DAGScheduler: ShuffleMapStage 3 (count at <unknown>:0) finished in 3.777 s
[2026-03-17T08:18:17.207+0000] {subprocess.py:106} INFO - 26/03/17 08:18:17 INFO DAGScheduler: looking for newly runnable stages
[2026-03-17T08:18:17.207+0000] {subprocess.py:106} INFO - 26/03/17 08:18:17 INFO DAGScheduler: running: Set()
[2026-03-17T08:18:17.208+0000] {subprocess.py:106} INFO - 26/03/17 08:18:17 INFO DAGScheduler: waiting: Set()
[2026-03-17T08:18:17.208+0000] {subprocess.py:106} INFO - 26/03/17 08:18:17 INFO DAGScheduler: failed: Set()
[2026-03-17T08:18:17.234+0000] {subprocess.py:106} INFO - 26/03/17 08:18:17 INFO CodeGenerator: Code generated in 14.842092 ms
[2026-03-17T08:18:17.252+0000] {subprocess.py:106} INFO - 26/03/17 08:18:17 INFO SparkContext: Starting job: count at <unknown>:0
[2026-03-17T08:18:17.254+0000] {subprocess.py:106} INFO - 26/03/17 08:18:17 INFO DAGScheduler: Got job 3 (count at <unknown>:0) with 1 output partitions
[2026-03-17T08:18:17.254+0000] {subprocess.py:106} INFO - 26/03/17 08:18:17 INFO DAGScheduler: Final stage: ResultStage 5 (count at <unknown>:0)
[2026-03-17T08:18:17.256+0000] {subprocess.py:106} INFO - 26/03/17 08:18:17 INFO DAGScheduler: Parents of final stage: List(ShuffleMapStage 4)
[2026-03-17T08:18:17.257+0000] {subprocess.py:106} INFO - 26/03/17 08:18:17 INFO DAGScheduler: Missing parents: List()
[2026-03-17T08:18:17.258+0000] {subprocess.py:106} INFO - 26/03/17 08:18:17 INFO DAGScheduler: Submitting ResultStage 5 (MapPartitionsRDD[12] at count at <unknown>:0), which has no missing parents
[2026-03-17T08:18:17.259+0000] {subprocess.py:106} INFO - 26/03/17 08:18:17 INFO MemoryStore: Block broadcast_5 stored as values in memory (estimated size 12.5 KiB, free 434.2 MiB)
[2026-03-17T08:18:17.270+0000] {subprocess.py:106} INFO - 26/03/17 08:18:17 INFO MemoryStore: Block broadcast_5_piece0 stored as bytes in memory (estimated size 5.9 KiB, free 434.2 MiB)
[2026-03-17T08:18:17.272+0000] {subprocess.py:106} INFO - 26/03/17 08:18:17 INFO BlockManagerInfo: Added broadcast_5_piece0 in memory on 499f1d118d82:43833 (size: 5.9 KiB, free: 434.3 MiB)
[2026-03-17T08:18:17.274+0000] {subprocess.py:106} INFO - 26/03/17 08:18:17 INFO BlockManagerInfo: Removed broadcast_4_piece0 on 499f1d118d82:43833 in memory (size: 7.6 KiB, free: 434.3 MiB)
[2026-03-17T08:18:17.275+0000] {subprocess.py:106} INFO - 26/03/17 08:18:17 INFO SparkContext: Created broadcast 5 from broadcast at DAGScheduler.scala:1585
[2026-03-17T08:18:17.276+0000] {subprocess.py:106} INFO - 26/03/17 08:18:17 INFO DAGScheduler: Submitting 1 missing tasks from ResultStage 5 (MapPartitionsRDD[12] at count at <unknown>:0) (first 15 tasks are for partitions Vector(0))
[2026-03-17T08:18:17.276+0000] {subprocess.py:106} INFO - 26/03/17 08:18:17 INFO TaskSchedulerImpl: Adding task set 5.0 with 1 tasks resource profile 0
[2026-03-17T08:18:17.279+0000] {subprocess.py:106} INFO - 26/03/17 08:18:17 INFO BlockManagerInfo: Removed broadcast_4_piece0 on 172.30.0.7:43781 in memory (size: 7.6 KiB, free: 434.4 MiB)
[2026-03-17T08:18:17.279+0000] {subprocess.py:106} INFO - 26/03/17 08:18:17 INFO TaskSetManager: Starting task 0.0 in stage 5.0 (TID 3) (172.30.0.7, executor 0, partition 0, NODE_LOCAL, 9976 bytes)
[2026-03-17T08:18:17.318+0000] {subprocess.py:106} INFO - 26/03/17 08:18:17 INFO BlockManagerInfo: Added broadcast_5_piece0 in memory on 172.30.0.7:43781 (size: 5.9 KiB, free: 434.4 MiB)
[2026-03-17T08:18:17.350+0000] {subprocess.py:106} INFO - 26/03/17 08:18:17 INFO MapOutputTrackerMasterEndpoint: Asked to send map output locations for shuffle 1 to 172.30.0.7:52286
[2026-03-17T08:18:17.394+0000] {subprocess.py:106} INFO - 26/03/17 08:18:17 INFO TaskSetManager: Finished task 0.0 in stage 5.0 (TID 3) in 115 ms on 172.30.0.7 (executor 0) (1/1)
[2026-03-17T08:18:17.399+0000] {subprocess.py:106} INFO - 26/03/17 08:18:17 INFO TaskSchedulerImpl: Removed TaskSet 5.0, whose tasks have all completed, from pool
[2026-03-17T08:18:17.400+0000] {subprocess.py:106} INFO - 26/03/17 08:18:17 INFO DAGScheduler: ResultStage 5 (count at <unknown>:0) finished in 0.139 s
[2026-03-17T08:18:17.401+0000] {subprocess.py:106} INFO - 26/03/17 08:18:17 INFO DAGScheduler: Job 3 is finished. Cancelling potential speculative or zombie tasks for this job
[2026-03-17T08:18:17.402+0000] {subprocess.py:106} INFO - 26/03/17 08:18:17 INFO TaskSchedulerImpl: Killing all running tasks in stage 5: Stage finished
[2026-03-17T08:18:17.403+0000] {subprocess.py:106} INFO - 26/03/17 08:18:17 INFO DAGScheduler: Job 3 finished: count at <unknown>:0, took 0.149290 s
[2026-03-17T08:18:17.408+0000] {subprocess.py:106} INFO - >>> Processing 91 records...
[2026-03-17T08:18:17.955+0000] {subprocess.py:106} INFO - >>> Writing cleaned data to Silver...
[2026-03-17T08:18:18.002+0000] {subprocess.py:106} INFO - >>> Table exists. Performing MERGE (Upsert)...
[2026-03-17T08:18:18.089+0000] {subprocess.py:106} INFO - 26/03/17 08:18:18 INFO BlockManagerInfo: Removed broadcast_2_piece0 on 499f1d118d82:43833 in memory (size: 30.3 KiB, free: 434.4 MiB)
[2026-03-17T08:18:18.098+0000] {subprocess.py:106} INFO - 26/03/17 08:18:18 INFO BlockManagerInfo: Removed broadcast_5_piece0 on 499f1d118d82:43833 in memory (size: 5.9 KiB, free: 434.4 MiB)
[2026-03-17T08:18:18.102+0000] {subprocess.py:106} INFO - 26/03/17 08:18:18 INFO BlockManagerInfo: Removed broadcast_5_piece0 on 172.30.0.7:43781 in memory (size: 5.9 KiB, free: 434.4 MiB)
[2026-03-17T08:18:18.119+0000] {subprocess.py:106} INFO - 26/03/17 08:18:18 INFO BlockManagerInfo: Removed broadcast_3_piece0 on 499f1d118d82:43833 in memory (size: 30.2 KiB, free: 434.4 MiB)
[2026-03-17T08:18:18.123+0000] {subprocess.py:106} INFO - 26/03/17 08:18:18 INFO BlockManagerInfo: Removed broadcast_3_piece0 on 172.30.0.7:43781 in memory (size: 30.2 KiB, free: 434.4 MiB)
[2026-03-17T08:18:18.448+0000] {subprocess.py:106} INFO - 26/03/17 08:18:18 INFO V2ScanRelationPushDown:
[2026-03-17T08:18:18.449+0000] {subprocess.py:106} INFO - Pushing operators to iceberg.bronze.it_jobs_raw
[2026-03-17T08:18:18.450+0000] {subprocess.py:106} INFO - Pushed Filters: ingest_time IS NOT NULL, ingest_time > 1773379154503824, job_link IS NOT NULL, NOT (job_link = '')
[2026-03-17T08:18:18.450+0000] {subprocess.py:106} INFO - Post-Scan Filters: isnotnull(ingest_time#36),(ingest_time#36 > 2026-03-13 05:19:14.503824),isnotnull(trim(job_title#26, None)),NOT (trim(job_title#26, None) = ),isnotnull(upper(trim(company_name#27, None))),NOT (upper(trim(company_name#27, None)) = ),isnotnull(job_link#31),NOT (job_link#31 = )
[2026-03-17T08:18:18.450+0000] {subprocess.py:106} INFO - 
[2026-03-17T08:18:18.453+0000] {subprocess.py:106} INFO - 26/03/17 08:18:18 INFO V2ScanRelationPushDown:
[2026-03-17T08:18:18.453+0000] {subprocess.py:106} INFO - Output: job_title#26, company_name#27, location#28, skills_required#29, date_posted#30, job_link#31, job_category#32, work_mode#33, crawl_date#34, date_only#35, ingest_time#36, source#37
[2026-03-17T08:18:18.454+0000] {subprocess.py:106} INFO - 
[2026-03-17T08:18:18.466+0000] {subprocess.py:106} INFO - 26/03/17 08:18:18 INFO SnapshotScan: Scanning table iceberg.bronze.it_jobs_raw snapshot 4862540315189584744 created at 2026-03-17T08:17:51.612+00:00 with filter (((ingest_time IS NOT NULL AND ingest_time > (16-digit-int)) AND job_link IS NOT NULL) AND NOT (job_link = (hash-00000000)))
[2026-03-17T08:18:18.467+0000] {subprocess.py:106} INFO - 26/03/17 08:18:18 INFO BaseDistributedDataScan: Planning file tasks locally for table iceberg.bronze.it_jobs_raw
[2026-03-17T08:18:18.556+0000] {subprocess.py:106} INFO - 26/03/17 08:18:18 INFO SparkPartitioningAwareScan: Reporting UnknownPartitioning with 1 partition(s) for table iceberg.bronze.it_jobs_raw
[2026-03-17T08:18:18.702+0000] {subprocess.py:106} INFO - 26/03/17 08:18:18 INFO GroupBasedRowLevelOperationScanPlanning:
[2026-03-17T08:18:18.703+0000] {subprocess.py:106} INFO - Pushing operators to iceberg.silver.it_jobs_clean
[2026-03-17T08:18:18.704+0000] {subprocess.py:106} INFO - Pushed filters:
[2026-03-17T08:18:18.704+0000] {subprocess.py:106} INFO - Filters evaluated on data source side:
[2026-03-17T08:18:18.705+0000] {subprocess.py:106} INFO - Filters evaluated on Spark side:
[2026-03-17T08:18:18.705+0000] {subprocess.py:106} INFO - Output: job_title#284, company_name#285, location#286, skills_required#287, date_posted#288, job_link#289, job_category#290, work_mode#291, crawl_date#292, date_only#293, ingest_time#294, source#295, clean_time#296, _file#299
[2026-03-17T08:18:18.706+0000] {subprocess.py:106} INFO - 
[2026-03-17T08:18:18.707+0000] {subprocess.py:106} INFO - 26/03/17 08:18:18 INFO V2ScanRelationPushDown:
[2026-03-17T08:18:18.708+0000] {subprocess.py:106} INFO - Pushing operators to iceberg.bronze.it_jobs_raw
[2026-03-17T08:18:18.709+0000] {subprocess.py:106} INFO - Pushed Filters: ingest_time IS NOT NULL, ingest_time > 1773379154503824, job_link IS NOT NULL, NOT (job_link = '')
[2026-03-17T08:18:18.709+0000] {subprocess.py:106} INFO - Post-Scan Filters: isnotnull(ingest_time#36),(ingest_time#36 > 2026-03-13 05:19:14.503824),isnotnull(trim(job_title#26, None)),NOT (trim(job_title#26, None) = ),isnotnull(upper(trim(company_name#27, None))),NOT (upper(trim(company_name#27, None)) = ),isnotnull(job_link#31),NOT (job_link#31 = )
[2026-03-17T08:18:18.710+0000] {subprocess.py:106} INFO - 
[2026-03-17T08:18:18.714+0000] {subprocess.py:106} INFO - 26/03/17 08:18:18 INFO V2ScanRelationPushDown:
[2026-03-17T08:18:18.715+0000] {subprocess.py:106} INFO - Output: job_title#26, company_name#27, location#28, skills_required#29, date_posted#30, job_link#31, job_category#32, work_mode#33, crawl_date#34, date_only#35, ingest_time#36, source#37
[2026-03-17T08:18:18.715+0000] {subprocess.py:106} INFO - 
[2026-03-17T08:18:18.717+0000] {subprocess.py:106} INFO - 26/03/17 08:18:18 INFO SnapshotScan: Scanning table iceberg.silver.it_jobs_clean snapshot 5691234189526064856 created at 2026-03-13T05:19:47.448+00:00 with filter true
[2026-03-17T08:18:18.804+0000] {subprocess.py:106} INFO - 26/03/17 08:18:18 INFO SparkPartitioningAwareScan: Reporting UnknownPartitioning with 4 partition(s) for table iceberg.silver.it_jobs_clean
[2026-03-17T08:18:18.805+0000] {subprocess.py:106} INFO - 26/03/17 08:18:18 INFO SnapshotScan: Scanning table iceberg.bronze.it_jobs_raw snapshot 4862540315189584744 created at 2026-03-17T08:17:51.612+00:00 with filter (((ingest_time IS NOT NULL AND ingest_time > (16-digit-int)) AND job_link IS NOT NULL) AND NOT (job_link = (hash-00000000)))
[2026-03-17T08:18:18.807+0000] {subprocess.py:106} INFO - 26/03/17 08:18:18 INFO BaseDistributedDataScan: Planning file tasks locally for table iceberg.bronze.it_jobs_raw
[2026-03-17T08:18:18.894+0000] {subprocess.py:106} INFO - 26/03/17 08:18:18 INFO SparkPartitioningAwareScan: Reporting UnknownPartitioning with 1 partition(s) for table iceberg.bronze.it_jobs_raw
[2026-03-17T08:18:18.917+0000] {subprocess.py:106} INFO - 26/03/17 08:18:18 INFO SparkWrite: Requesting 0 bytes advisory partition size for table iceberg.silver.it_jobs_clean
[2026-03-17T08:18:18.918+0000] {subprocess.py:106} INFO - 26/03/17 08:18:18 INFO SparkWrite: Requesting UnspecifiedDistribution as write distribution for table iceberg.silver.it_jobs_clean
[2026-03-17T08:18:18.918+0000] {subprocess.py:106} INFO - 26/03/17 08:18:18 INFO SparkWrite: Requesting [] as write ordering for table iceberg.silver.it_jobs_clean
[2026-03-17T08:18:18.987+0000] {subprocess.py:106} INFO - 26/03/17 08:18:18 INFO V2ScanRelationPushDown:
[2026-03-17T08:18:18.988+0000] {subprocess.py:106} INFO - Pushing operators to iceberg.silver.it_jobs_clean
[2026-03-17T08:18:18.989+0000] {subprocess.py:106} INFO - Pushed Filters: NOT (job_link = ''), job_link IS NOT NULL
[2026-03-17T08:18:18.990+0000] {subprocess.py:106} INFO - Post-Scan Filters: NOT (job_link#421 = ),isnotnull(job_link#421)
[2026-03-17T08:18:18.990+0000] {subprocess.py:106} INFO - 
[2026-03-17T08:18:18.991+0000] {subprocess.py:106} INFO - 26/03/17 08:18:18 INFO V2ScanRelationPushDown:
[2026-03-17T08:18:18.991+0000] {subprocess.py:106} INFO - Output: job_link#421, _file#429
[2026-03-17T08:18:18.992+0000] {subprocess.py:106} INFO - 
[2026-03-17T08:18:18.992+0000] {subprocess.py:106} INFO - 26/03/17 08:18:18 INFO SnapshotScan: Scanning table iceberg.silver.it_jobs_clean snapshot 5691234189526064856 created at 2026-03-13T05:19:47.448+00:00 with filter (NOT (job_link = (hash-00000000)) AND job_link IS NOT NULL)
[2026-03-17T08:18:18.994+0000] {subprocess.py:106} INFO - 26/03/17 08:18:18 INFO BaseDistributedDataScan: Planning file tasks locally for table iceberg.silver.it_jobs_clean
[2026-03-17T08:18:19.067+0000] {subprocess.py:106} INFO - 26/03/17 08:18:19 INFO SparkPartitioningAwareScan: Reporting UnknownPartitioning with 4 partition(s) for table iceberg.silver.it_jobs_clean
[2026-03-17T08:18:19.068+0000] {subprocess.py:106} INFO - 26/03/17 08:18:19 INFO SparkPartitioningAwareScan: Reporting UnknownPartitioning with 1 partition(s) for table iceberg.bronze.it_jobs_raw
[2026-03-17T08:18:19.143+0000] {subprocess.py:106} INFO - 26/03/17 08:18:19 INFO MemoryStore: Block broadcast_6 stored as values in memory (estimated size 32.0 KiB, free 434.4 MiB)
[2026-03-17T08:18:19.158+0000] {subprocess.py:106} INFO - 26/03/17 08:18:19 INFO MemoryStore: Block broadcast_6_piece0 stored as bytes in memory (estimated size 30.4 KiB, free 434.3 MiB)
[2026-03-17T08:18:19.162+0000] {subprocess.py:106} INFO - 26/03/17 08:18:19 INFO BlockManagerInfo: Added broadcast_6_piece0 in memory on 499f1d118d82:43833 (size: 30.4 KiB, free: 434.4 MiB)
[2026-03-17T08:18:19.163+0000] {subprocess.py:106} INFO - 26/03/17 08:18:19 INFO SparkContext: Created broadcast 6 from broadcast at SparkBatch.java:79
[2026-03-17T08:18:19.182+0000] {subprocess.py:106} INFO - 26/03/17 08:18:19 INFO MemoryStore: Block broadcast_7 stored as values in memory (estimated size 32.0 KiB, free 434.3 MiB)
[2026-03-17T08:18:19.187+0000] {subprocess.py:106} INFO - 26/03/17 08:18:19 INFO MemoryStore: Block broadcast_7_piece0 stored as bytes in memory (estimated size 30.2 KiB, free 434.3 MiB)
[2026-03-17T08:18:19.189+0000] {subprocess.py:106} INFO - 26/03/17 08:18:19 INFO BlockManagerInfo: Added broadcast_7_piece0 in memory on 499f1d118d82:43833 (size: 30.2 KiB, free: 434.3 MiB)
[2026-03-17T08:18:19.190+0000] {subprocess.py:106} INFO - 26/03/17 08:18:19 INFO SparkContext: Created broadcast 7 from broadcast at SparkBatch.java:79
[2026-03-17T08:18:19.254+0000] {subprocess.py:106} INFO - 26/03/17 08:18:19 INFO MemoryStore: Block broadcast_8 stored as values in memory (estimated size 32.0 KiB, free 434.2 MiB)
[2026-03-17T08:18:19.260+0000] {subprocess.py:106} INFO - 26/03/17 08:18:19 INFO MemoryStore: Block broadcast_8_piece0 stored as bytes in memory (estimated size 30.4 KiB, free 434.2 MiB)
[2026-03-17T08:18:19.263+0000] {subprocess.py:106} INFO - 26/03/17 08:18:19 INFO BlockManagerInfo: Added broadcast_8_piece0 in memory on 499f1d118d82:43833 (size: 30.4 KiB, free: 434.3 MiB)
[2026-03-17T08:18:19.265+0000] {subprocess.py:106} INFO - 26/03/17 08:18:19 INFO SparkContext: Created broadcast 8 from broadcast at SparkBatch.java:79
[2026-03-17T08:18:19.272+0000] {subprocess.py:106} INFO - 26/03/17 08:18:19 INFO MemoryStore: Block broadcast_9 stored as values in memory (estimated size 32.0 KiB, free 434.2 MiB)
[2026-03-17T08:18:19.288+0000] {subprocess.py:106} INFO - 26/03/17 08:18:19 INFO MemoryStore: Block broadcast_9_piece0 stored as bytes in memory (estimated size 30.2 KiB, free 434.2 MiB)
[2026-03-17T08:18:19.293+0000] {subprocess.py:106} INFO - 26/03/17 08:18:19 INFO BlockManagerInfo: Added broadcast_9_piece0 in memory on 499f1d118d82:43833 (size: 30.2 KiB, free: 434.3 MiB)
[2026-03-17T08:18:19.298+0000] {subprocess.py:106} INFO - 26/03/17 08:18:19 INFO SparkContext: Created broadcast 9 from broadcast at SparkBatch.java:79
[2026-03-17T08:18:19.346+0000] {subprocess.py:106} INFO - 26/03/17 08:18:19 INFO MemoryStore: Block broadcast_10 stored as values in memory (estimated size 32.0 KiB, free 434.1 MiB)
[2026-03-17T08:18:19.350+0000] {subprocess.py:106} INFO - 26/03/17 08:18:19 INFO MemoryStore: Block broadcast_10_piece0 stored as bytes in memory (estimated size 30.4 KiB, free 434.1 MiB)
[2026-03-17T08:18:19.353+0000] {subprocess.py:106} INFO - 26/03/17 08:18:19 INFO BlockManagerInfo: Added broadcast_10_piece0 in memory on 499f1d118d82:43833 (size: 30.4 KiB, free: 434.3 MiB)
[2026-03-17T08:18:19.355+0000] {subprocess.py:106} INFO - 26/03/17 08:18:19 INFO SparkContext: Created broadcast 10 from broadcast at SparkBatch.java:79
[2026-03-17T08:18:19.360+0000] {subprocess.py:106} INFO - 26/03/17 08:18:19 INFO MemoryStore: Block broadcast_11 stored as values in memory (estimated size 32.0 KiB, free 434.1 MiB)
[2026-03-17T08:18:19.364+0000] {subprocess.py:106} INFO - 26/03/17 08:18:19 INFO MemoryStore: Block broadcast_11_piece0 stored as bytes in memory (estimated size 30.2 KiB, free 434.0 MiB)
[2026-03-17T08:18:19.365+0000] {subprocess.py:106} INFO - 26/03/17 08:18:19 INFO BlockManagerInfo: Added broadcast_11_piece0 in memory on 499f1d118d82:43833 (size: 30.2 KiB, free: 434.2 MiB)
[2026-03-17T08:18:19.368+0000] {subprocess.py:106} INFO - 26/03/17 08:18:19 INFO SparkContext: Created broadcast 11 from broadcast at SparkBatch.java:79
[2026-03-17T08:18:19.537+0000] {subprocess.py:106} INFO - 26/03/17 08:18:19 INFO CodeGenerator: Code generated in 32.617957 ms
[2026-03-17T08:18:19.633+0000] {subprocess.py:106} INFO - 26/03/17 08:18:19 INFO CodeGenerator: Code generated in 83.591116 ms
[2026-03-17T08:18:19.748+0000] {subprocess.py:106} INFO - 26/03/17 08:18:19 INFO DAGScheduler: Registering RDD 16 ($anonfun$withThreadLocalCaptured$1 at <unknown>:0) as input to shuffle 2
[2026-03-17T08:18:19.749+0000] {subprocess.py:106} INFO - 26/03/17 08:18:19 INFO DAGScheduler: Got map stage job 4 ($anonfun$withThreadLocalCaptured$1 at <unknown>:0) with 1 output partitions
[2026-03-17T08:18:19.750+0000] {subprocess.py:106} INFO - 26/03/17 08:18:19 INFO DAGScheduler: Final stage: ShuffleMapStage 6 ($anonfun$withThreadLocalCaptured$1 at <unknown>:0)
[2026-03-17T08:18:19.751+0000] {subprocess.py:106} INFO - 26/03/17 08:18:19 INFO DAGScheduler: Parents of final stage: List()
[2026-03-17T08:18:19.755+0000] {subprocess.py:106} INFO - 26/03/17 08:18:19 INFO DAGScheduler: Missing parents: List()
[2026-03-17T08:18:19.756+0000] {subprocess.py:106} INFO - 26/03/17 08:18:19 INFO DAGScheduler: Submitting ShuffleMapStage 6 (MapPartitionsRDD[16] at $anonfun$withThreadLocalCaptured$1 at <unknown>:0), which has no missing parents
[2026-03-17T08:18:19.759+0000] {subprocess.py:106} INFO - 26/03/17 08:18:19 INFO MemoryStore: Block broadcast_12 stored as values in memory (estimated size 44.9 KiB, free 434.0 MiB)
[2026-03-17T08:18:19.781+0000] {subprocess.py:106} INFO - 26/03/17 08:18:19 INFO MemoryStore: Block broadcast_12_piece0 stored as bytes in memory (estimated size 18.7 KiB, free 434.0 MiB)
[2026-03-17T08:18:19.784+0000] {subprocess.py:106} INFO - 26/03/17 08:18:19 INFO BlockManagerInfo: Added broadcast_12_piece0 in memory on 499f1d118d82:43833 (size: 18.7 KiB, free: 434.2 MiB)
[2026-03-17T08:18:19.787+0000] {subprocess.py:106} INFO - 26/03/17 08:18:19 INFO SparkContext: Created broadcast 12 from broadcast at DAGScheduler.scala:1585
[2026-03-17T08:18:19.788+0000] {subprocess.py:106} INFO - 26/03/17 08:18:19 INFO DAGScheduler: Submitting 1 missing tasks from ShuffleMapStage 6 (MapPartitionsRDD[16] at $anonfun$withThreadLocalCaptured$1 at <unknown>:0) (first 15 tasks are for partitions Vector(0))
[2026-03-17T08:18:19.789+0000] {subprocess.py:106} INFO - 26/03/17 08:18:19 INFO TaskSchedulerImpl: Adding task set 6.0 with 1 tasks resource profile 0
[2026-03-17T08:18:19.795+0000] {subprocess.py:106} INFO - 26/03/17 08:18:19 INFO TaskSetManager: Starting task 0.0 in stage 6.0 (TID 4) (172.30.0.7, executor 0, partition 0, PROCESS_LOCAL, 16292 bytes)
[2026-03-17T08:18:19.878+0000] {subprocess.py:106} INFO - 26/03/17 08:18:19 INFO BlockManagerInfo: Added broadcast_12_piece0 in memory on 172.30.0.7:43781 (size: 18.7 KiB, free: 434.4 MiB)
[2026-03-17T08:18:20.345+0000] {subprocess.py:106} INFO - 26/03/17 08:18:20 INFO BlockManagerInfo: Added broadcast_9_piece0 in memory on 172.30.0.7:43781 (size: 30.2 KiB, free: 434.4 MiB)
[2026-03-17T08:18:20.561+0000] {subprocess.py:106} INFO - 26/03/17 08:18:20 INFO TaskSetManager: Finished task 0.0 in stage 6.0 (TID 4) in 769 ms on 172.30.0.7 (executor 0) (1/1)
[2026-03-17T08:18:20.564+0000] {subprocess.py:106} INFO - 26/03/17 08:18:20 INFO TaskSchedulerImpl: Removed TaskSet 6.0, whose tasks have all completed, from pool
[2026-03-17T08:18:20.566+0000] {subprocess.py:106} INFO - 26/03/17 08:18:20 INFO DAGScheduler: ShuffleMapStage 6 ($anonfun$withThreadLocalCaptured$1 at <unknown>:0) finished in 0.809 s
[2026-03-17T08:18:20.567+0000] {subprocess.py:106} INFO - 26/03/17 08:18:20 INFO DAGScheduler: looking for newly runnable stages
[2026-03-17T08:18:20.568+0000] {subprocess.py:106} INFO - 26/03/17 08:18:20 INFO DAGScheduler: running: Set()
[2026-03-17T08:18:20.568+0000] {subprocess.py:106} INFO - 26/03/17 08:18:20 INFO DAGScheduler: waiting: Set()
[2026-03-17T08:18:20.569+0000] {subprocess.py:106} INFO - 26/03/17 08:18:20 INFO DAGScheduler: failed: Set()
[2026-03-17T08:18:20.587+0000] {subprocess.py:106} INFO - 26/03/17 08:18:20 INFO MemoryStore: Block broadcast_13 stored as values in memory (estimated size 32.0 KiB, free 433.9 MiB)
[2026-03-17T08:18:20.613+0000] {subprocess.py:106} INFO - 26/03/17 08:18:20 INFO MemoryStore: Block broadcast_13_piece0 stored as bytes in memory (estimated size 30.4 KiB, free 433.9 MiB)
[2026-03-17T08:18:20.614+0000] {subprocess.py:106} INFO - 26/03/17 08:18:20 INFO BlockManagerInfo: Added broadcast_13_piece0 in memory on 499f1d118d82:43833 (size: 30.4 KiB, free: 434.2 MiB)
[2026-03-17T08:18:20.616+0000] {subprocess.py:106} INFO - 26/03/17 08:18:20 INFO SparkContext: Created broadcast 13 from broadcast at SparkBatch.java:79
[2026-03-17T08:18:20.617+0000] {subprocess.py:106} INFO - 26/03/17 08:18:20 INFO BlockManagerInfo: Removed broadcast_12_piece0 on 499f1d118d82:43833 in memory (size: 18.7 KiB, free: 434.2 MiB)
[2026-03-17T08:18:20.623+0000] {subprocess.py:106} INFO - 26/03/17 08:18:20 INFO BlockManagerInfo: Removed broadcast_12_piece0 on 172.30.0.7:43781 in memory (size: 18.7 KiB, free: 434.4 MiB)
[2026-03-17T08:18:20.639+0000] {subprocess.py:106} INFO - 26/03/17 08:18:20 INFO ShufflePartitionsUtil: For shuffle(2), advisory target size: 67108864, actual target size 1048576, minimum partition size: 1048576
[2026-03-17T08:18:20.719+0000] {subprocess.py:106} INFO - 26/03/17 08:18:20 INFO CodeGenerator: Code generated in 33.020052 ms
[2026-03-17T08:18:20.777+0000] {subprocess.py:106} INFO - 26/03/17 08:18:20 INFO SparkContext: Starting job: $anonfun$withThreadLocalCaptured$1 at <unknown>:0
[2026-03-17T08:18:20.779+0000] {subprocess.py:106} INFO - 26/03/17 08:18:20 INFO DAGScheduler: Got job 5 ($anonfun$withThreadLocalCaptured$1 at <unknown>:0) with 1 output partitions
[2026-03-17T08:18:20.780+0000] {subprocess.py:106} INFO - 26/03/17 08:18:20 INFO DAGScheduler: Final stage: ResultStage 8 ($anonfun$withThreadLocalCaptured$1 at <unknown>:0)
[2026-03-17T08:18:20.781+0000] {subprocess.py:106} INFO - 26/03/17 08:18:20 INFO DAGScheduler: Parents of final stage: List(ShuffleMapStage 7)
[2026-03-17T08:18:20.781+0000] {subprocess.py:106} INFO - 26/03/17 08:18:20 INFO DAGScheduler: Missing parents: List()
[2026-03-17T08:18:20.783+0000] {subprocess.py:106} INFO - 26/03/17 08:18:20 INFO DAGScheduler: Submitting ResultStage 8 (MapPartitionsRDD[19] at $anonfun$withThreadLocalCaptured$1 at <unknown>:0), which has no missing parents
[2026-03-17T08:18:20.793+0000] {subprocess.py:106} INFO - 26/03/17 08:18:20 INFO MemoryStore: Block broadcast_14 stored as values in memory (estimated size 45.0 KiB, free 433.9 MiB)
[2026-03-17T08:18:20.818+0000] {subprocess.py:106} INFO - 26/03/17 08:18:20 INFO MemoryStore: Block broadcast_14_piece0 stored as bytes in memory (estimated size 19.9 KiB, free 433.9 MiB)
[2026-03-17T08:18:20.822+0000] {subprocess.py:106} INFO - 26/03/17 08:18:20 INFO BlockManagerInfo: Added broadcast_14_piece0 in memory on 499f1d118d82:43833 (size: 19.9 KiB, free: 434.2 MiB)
[2026-03-17T08:18:20.824+0000] {subprocess.py:106} INFO - 26/03/17 08:18:20 INFO SparkContext: Created broadcast 14 from broadcast at DAGScheduler.scala:1585
[2026-03-17T08:18:20.825+0000] {subprocess.py:106} INFO - 26/03/17 08:18:20 INFO DAGScheduler: Submitting 1 missing tasks from ResultStage 8 (MapPartitionsRDD[19] at $anonfun$withThreadLocalCaptured$1 at <unknown>:0) (first 15 tasks are for partitions Vector(0))
[2026-03-17T08:18:20.825+0000] {subprocess.py:106} INFO - 26/03/17 08:18:20 INFO TaskSchedulerImpl: Adding task set 8.0 with 1 tasks resource profile 0
[2026-03-17T08:18:20.828+0000] {subprocess.py:106} INFO - 26/03/17 08:18:20 INFO TaskSetManager: Starting task 0.0 in stage 8.0 (TID 5) (172.30.0.7, executor 0, partition 0, NODE_LOCAL, 9976 bytes)
[2026-03-17T08:18:20.830+0000] {subprocess.py:106} INFO - 26/03/17 08:18:20 INFO BlockManagerInfo: Removed broadcast_13_piece0 on 499f1d118d82:43833 in memory (size: 30.4 KiB, free: 434.2 MiB)
[2026-03-17T08:18:20.856+0000] {subprocess.py:106} INFO - 26/03/17 08:18:20 INFO BlockManagerInfo: Added broadcast_14_piece0 in memory on 172.30.0.7:43781 (size: 19.9 KiB, free: 434.4 MiB)
[2026-03-17T08:18:20.913+0000] {subprocess.py:106} INFO - 26/03/17 08:18:20 INFO MapOutputTrackerMasterEndpoint: Asked to send map output locations for shuffle 2 to 172.30.0.7:52286
[2026-03-17T08:18:21.055+0000] {subprocess.py:106} INFO - 26/03/17 08:18:21 INFO TaskSetManager: Finished task 0.0 in stage 8.0 (TID 5) in 230 ms on 172.30.0.7 (executor 0) (1/1)
[2026-03-17T08:18:21.056+0000] {subprocess.py:106} INFO - 26/03/17 08:18:21 INFO TaskSchedulerImpl: Removed TaskSet 8.0, whose tasks have all completed, from pool
[2026-03-17T08:18:21.062+0000] {subprocess.py:106} INFO - 26/03/17 08:18:21 INFO DAGScheduler: ResultStage 8 ($anonfun$withThreadLocalCaptured$1 at <unknown>:0) finished in 0.269 s
[2026-03-17T08:18:21.067+0000] {subprocess.py:106} INFO - 26/03/17 08:18:21 INFO DAGScheduler: Job 5 is finished. Cancelling potential speculative or zombie tasks for this job
[2026-03-17T08:18:21.073+0000] {subprocess.py:106} INFO - 26/03/17 08:18:21 INFO TaskSchedulerImpl: Killing all running tasks in stage 8: Stage finished
[2026-03-17T08:18:21.075+0000] {subprocess.py:106} INFO - 26/03/17 08:18:21 INFO DAGScheduler: Job 5 finished: $anonfun$withThreadLocalCaptured$1 at <unknown>:0, took 0.282666 s
[2026-03-17T08:18:21.098+0000] {subprocess.py:106} INFO - 26/03/17 08:18:21 INFO CodeGenerator: Code generated in 12.211482 ms
[2026-03-17T08:18:21.120+0000] {subprocess.py:106} INFO - 26/03/17 08:18:21 INFO BlockManagerInfo: Removed broadcast_14_piece0 on 499f1d118d82:43833 in memory (size: 19.9 KiB, free: 434.2 MiB)
[2026-03-17T08:18:21.127+0000] {subprocess.py:106} INFO - 26/03/17 08:18:21 INFO BlockManagerInfo: Removed broadcast_14_piece0 on 172.30.0.7:43781 in memory (size: 19.9 KiB, free: 434.4 MiB)
[2026-03-17T08:18:21.135+0000] {subprocess.py:106} INFO - 26/03/17 08:18:21 INFO MemoryStore: Block broadcast_15_piece0 stored as bytes in memory (estimated size 5.4 KiB, free 434.0 MiB)
[2026-03-17T08:18:21.138+0000] {subprocess.py:106} INFO - 26/03/17 08:18:21 INFO BlockManagerInfo: Added broadcast_15_piece0 in memory on 499f1d118d82:43833 (size: 5.4 KiB, free: 434.2 MiB)
[2026-03-17T08:18:21.138+0000] {subprocess.py:106} INFO - 26/03/17 08:18:21 INFO SparkContext: Created broadcast 15 from $anonfun$withThreadLocalCaptured$1 at <unknown>:0
[2026-03-17T08:18:21.146+0000] {subprocess.py:106} INFO - 26/03/17 08:18:21 INFO MemoryStore: Block broadcast_16 stored as values in memory (estimated size 32.0 KiB, free 434.0 MiB)
[2026-03-17T08:18:21.151+0000] {subprocess.py:106} INFO - 26/03/17 08:18:21 INFO MemoryStore: Block broadcast_16_piece0 stored as bytes in memory (estimated size 30.3 KiB, free 434.0 MiB)
[2026-03-17T08:18:21.153+0000] {subprocess.py:106} INFO - 26/03/17 08:18:21 INFO BlockManagerInfo: Added broadcast_16_piece0 in memory on 499f1d118d82:43833 (size: 30.3 KiB, free: 434.2 MiB)
[2026-03-17T08:18:21.154+0000] {subprocess.py:106} INFO - 26/03/17 08:18:21 INFO SparkContext: Created broadcast 16 from broadcast at SparkBatch.java:79
[2026-03-17T08:18:21.233+0000] {subprocess.py:106} INFO - 26/03/17 08:18:21 INFO CodeGenerator: Code generated in 37.873697 ms
[2026-03-17T08:18:21.269+0000] {subprocess.py:106} INFO - 26/03/17 08:18:21 INFO DAGScheduler: Registering RDD 23 ($anonfun$withThreadLocalCaptured$1 at <unknown>:0) as input to shuffle 3
[2026-03-17T08:18:21.269+0000] {subprocess.py:106} INFO - 26/03/17 08:18:21 INFO DAGScheduler: Got map stage job 6 ($anonfun$withThreadLocalCaptured$1 at <unknown>:0) with 4 output partitions
[2026-03-17T08:18:21.270+0000] {subprocess.py:106} INFO - 26/03/17 08:18:21 INFO DAGScheduler: Final stage: ShuffleMapStage 9 ($anonfun$withThreadLocalCaptured$1 at <unknown>:0)
[2026-03-17T08:18:21.271+0000] {subprocess.py:106} INFO - 26/03/17 08:18:21 INFO DAGScheduler: Parents of final stage: List()
[2026-03-17T08:18:21.274+0000] {subprocess.py:106} INFO - 26/03/17 08:18:21 INFO DAGScheduler: Missing parents: List()
[2026-03-17T08:18:21.275+0000] {subprocess.py:106} INFO - 26/03/17 08:18:21 INFO DAGScheduler: Submitting ShuffleMapStage 9 (MapPartitionsRDD[23] at $anonfun$withThreadLocalCaptured$1 at <unknown>:0), which has no missing parents
[2026-03-17T08:18:21.279+0000] {subprocess.py:106} INFO - 26/03/17 08:18:21 INFO MemoryStore: Block broadcast_17 stored as values in memory (estimated size 58.0 KiB, free 433.9 MiB)
[2026-03-17T08:18:21.299+0000] {subprocess.py:106} INFO - 26/03/17 08:18:21 INFO MemoryStore: Block broadcast_17_piece0 stored as bytes in memory (estimated size 24.4 KiB, free 433.9 MiB)
[2026-03-17T08:18:21.300+0000] {subprocess.py:106} INFO - 26/03/17 08:18:21 INFO BlockManagerInfo: Added broadcast_17_piece0 in memory on 499f1d118d82:43833 (size: 24.4 KiB, free: 434.2 MiB)
[2026-03-17T08:18:21.300+0000] {subprocess.py:106} INFO - 26/03/17 08:18:21 INFO SparkContext: Created broadcast 17 from broadcast at DAGScheduler.scala:1585
[2026-03-17T08:18:21.303+0000] {subprocess.py:106} INFO - 26/03/17 08:18:21 INFO DAGScheduler: Submitting 4 missing tasks from ShuffleMapStage 9 (MapPartitionsRDD[23] at $anonfun$withThreadLocalCaptured$1 at <unknown>:0) (first 15 tasks are for partitions Vector(0, 1, 2, 3))
[2026-03-17T08:18:21.304+0000] {subprocess.py:106} INFO - 26/03/17 08:18:21 INFO TaskSchedulerImpl: Adding task set 9.0 with 4 tasks resource profile 0
[2026-03-17T08:18:21.307+0000] {subprocess.py:106} INFO - 26/03/17 08:18:21 INFO BlockManagerInfo: Removed broadcast_16_piece0 on 499f1d118d82:43833 in memory (size: 30.3 KiB, free: 434.2 MiB)
[2026-03-17T08:18:21.309+0000] {subprocess.py:106} INFO - 26/03/17 08:18:21 INFO TaskSetManager: Starting task 0.0 in stage 9.0 (TID 6) (172.30.0.7, executor 0, partition 0, PROCESS_LOCAL, 17030 bytes)
[2026-03-17T08:18:21.341+0000] {subprocess.py:106} INFO - 26/03/17 08:18:21 INFO BlockManagerInfo: Added broadcast_17_piece0 in memory on 172.30.0.7:43781 (size: 24.4 KiB, free: 434.3 MiB)
[2026-03-17T08:18:21.505+0000] {subprocess.py:106} INFO - 26/03/17 08:18:21 INFO BlockManagerInfo: Added broadcast_15_piece0 in memory on 172.30.0.7:43781 (size: 5.4 KiB, free: 434.3 MiB)
[2026-03-17T08:18:21.570+0000] {subprocess.py:106} INFO - 26/03/17 08:18:21 INFO BlockManagerInfo: Added broadcast_8_piece0 in memory on 172.30.0.7:43781 (size: 30.4 KiB, free: 434.3 MiB)
[2026-03-17T08:18:21.837+0000] {subprocess.py:106} INFO - 26/03/17 08:18:21 INFO TaskSetManager: Starting task 1.0 in stage 9.0 (TID 7) (172.30.0.7, executor 0, partition 1, PROCESS_LOCAL, 17033 bytes)
[2026-03-17T08:18:21.839+0000] {subprocess.py:106} INFO - 26/03/17 08:18:21 INFO TaskSetManager: Finished task 0.0 in stage 9.0 (TID 6) in 537 ms on 172.30.0.7 (executor 0) (1/4)
[2026-03-17T08:18:22.075+0000] {subprocess.py:106} INFO - 26/03/17 08:18:22 INFO TaskSetManager: Starting task 2.0 in stage 9.0 (TID 8) (172.30.0.7, executor 0, partition 2, PROCESS_LOCAL, 17032 bytes)
[2026-03-17T08:18:22.076+0000] {subprocess.py:106} INFO - 26/03/17 08:18:22 INFO TaskSetManager: Finished task 1.0 in stage 9.0 (TID 7) in 239 ms on 172.30.0.7 (executor 0) (2/4)
[2026-03-17T08:18:22.282+0000] {subprocess.py:106} INFO - 26/03/17 08:18:22 INFO TaskSetManager: Starting task 3.0 in stage 9.0 (TID 9) (172.30.0.7, executor 0, partition 3, PROCESS_LOCAL, 16570 bytes)
[2026-03-17T08:18:22.286+0000] {subprocess.py:106} INFO - 26/03/17 08:18:22 INFO TaskSetManager: Finished task 2.0 in stage 9.0 (TID 8) in 214 ms on 172.30.0.7 (executor 0) (3/4)
[2026-03-17T08:18:22.467+0000] {subprocess.py:106} INFO - 26/03/17 08:18:22 INFO TaskSetManager: Finished task 3.0 in stage 9.0 (TID 9) in 187 ms on 172.30.0.7 (executor 0) (4/4)
[2026-03-17T08:18:22.469+0000] {subprocess.py:106} INFO - 26/03/17 08:18:22 INFO TaskSchedulerImpl: Removed TaskSet 9.0, whose tasks have all completed, from pool
[2026-03-17T08:18:22.470+0000] {subprocess.py:106} INFO - 26/03/17 08:18:22 INFO DAGScheduler: ShuffleMapStage 9 ($anonfun$withThreadLocalCaptured$1 at <unknown>:0) finished in 1.193 s
[2026-03-17T08:18:22.471+0000] {subprocess.py:106} INFO - 26/03/17 08:18:22 INFO DAGScheduler: looking for newly runnable stages
[2026-03-17T08:18:22.472+0000] {subprocess.py:106} INFO - 26/03/17 08:18:22 INFO DAGScheduler: running: Set()
[2026-03-17T08:18:22.473+0000] {subprocess.py:106} INFO - 26/03/17 08:18:22 INFO DAGScheduler: waiting: Set()
[2026-03-17T08:18:22.475+0000] {subprocess.py:106} INFO - 26/03/17 08:18:22 INFO DAGScheduler: failed: Set()
[2026-03-17T08:18:22.487+0000] {subprocess.py:106} INFO - 26/03/17 08:18:22 INFO MemoryStore: Block broadcast_18 stored as values in memory (estimated size 40.0 B, free 433.9 MiB)
[2026-03-17T08:18:22.510+0000] {subprocess.py:106} INFO - 26/03/17 08:18:22 INFO MemoryStore: Block broadcast_18_piece0 stored as bytes in memory (estimated size 86.0 B, free 433.9 MiB)
[2026-03-17T08:18:22.512+0000] {subprocess.py:106} INFO - 26/03/17 08:18:22 INFO BlockManagerInfo: Added broadcast_18_piece0 in memory on 499f1d118d82:43833 (size: 86.0 B, free: 434.2 MiB)
[2026-03-17T08:18:22.514+0000] {subprocess.py:106} INFO - 26/03/17 08:18:22 INFO SparkContext: Created broadcast 18 from sql at <unknown>:0
[2026-03-17T08:18:22.516+0000] {subprocess.py:106} INFO - 26/03/17 08:18:22 INFO BlockManagerInfo: Removed broadcast_17_piece0 on 172.30.0.7:43781 in memory (size: 24.4 KiB, free: 434.3 MiB)
[2026-03-17T08:18:22.522+0000] {subprocess.py:106} INFO - 26/03/17 08:18:22 INFO BlockManagerInfo: Removed broadcast_17_piece0 on 499f1d118d82:43833 in memory (size: 24.4 KiB, free: 434.2 MiB)
[2026-03-17T08:18:22.529+0000] {subprocess.py:106} INFO - 26/03/17 08:18:22 INFO SparkCopyOnWriteScan: 0 of 15 task(s) for table iceberg.silver.it_jobs_clean matched runtime file filter with 0 location(s)
[2026-03-17T08:18:22.534+0000] {subprocess.py:106} INFO - 26/03/17 08:18:22 INFO MemoryStore: Block broadcast_19 stored as values in memory (estimated size 32.0 KiB, free 434.0 MiB)
[2026-03-17T08:18:22.537+0000] {subprocess.py:106} INFO - 26/03/17 08:18:22 INFO MemoryStore: Block broadcast_19_piece0 stored as bytes in memory (estimated size 30.4 KiB, free 434.0 MiB)
[2026-03-17T08:18:22.538+0000] {subprocess.py:106} INFO - 26/03/17 08:18:22 INFO BlockManagerInfo: Added broadcast_19_piece0 in memory on 499f1d118d82:43833 (size: 30.4 KiB, free: 434.2 MiB)
[2026-03-17T08:18:22.540+0000] {subprocess.py:106} INFO - 26/03/17 08:18:22 INFO SparkContext: Created broadcast 19 from broadcast at SparkBatch.java:79
[2026-03-17T08:18:22.586+0000] {subprocess.py:106} INFO - 26/03/17 08:18:22 INFO CodeGenerator: Code generated in 12.388334 ms
[2026-03-17T08:18:22.620+0000] {subprocess.py:106} INFO - 26/03/17 08:18:22 INFO CodeGenerator: Code generated in 19.208761 ms
[2026-03-17T08:18:22.669+0000] {subprocess.py:106} INFO - 26/03/17 08:18:22 INFO DAGScheduler: Registering RDD 33 (sql at <unknown>:0) as input to shuffle 4
[2026-03-17T08:18:22.670+0000] {subprocess.py:106} INFO - 26/03/17 08:18:22 INFO DAGScheduler: Got map stage job 7 (sql at <unknown>:0) with 1 output partitions
[2026-03-17T08:18:22.671+0000] {subprocess.py:106} INFO - 26/03/17 08:18:22 INFO DAGScheduler: Final stage: ShuffleMapStage 10 (sql at <unknown>:0)
[2026-03-17T08:18:22.672+0000] {subprocess.py:106} INFO - 26/03/17 08:18:22 INFO DAGScheduler: Parents of final stage: List()
[2026-03-17T08:18:22.674+0000] {subprocess.py:106} INFO - 26/03/17 08:18:22 INFO DAGScheduler: Missing parents: List()
[2026-03-17T08:18:22.675+0000] {subprocess.py:106} INFO - 26/03/17 08:18:22 INFO DAGScheduler: Submitting ShuffleMapStage 10 (MapPartitionsRDD[33] at sql at <unknown>:0), which has no missing parents
[2026-03-17T08:18:22.695+0000] {subprocess.py:106} INFO - 26/03/17 08:18:22 INFO MemoryStore: Block broadcast_20 stored as values in memory (estimated size 59.0 KiB, free 433.9 MiB)
[2026-03-17T08:18:22.708+0000] {subprocess.py:106} INFO - 26/03/17 08:18:22 INFO MemoryStore: Block broadcast_20_piece0 stored as bytes in memory (estimated size 22.9 KiB, free 433.9 MiB)
[2026-03-17T08:18:22.709+0000] {subprocess.py:106} INFO - 26/03/17 08:18:22 INFO BlockManagerInfo: Added broadcast_20_piece0 in memory on 499f1d118d82:43833 (size: 22.9 KiB, free: 434.2 MiB)
[2026-03-17T08:18:22.711+0000] {subprocess.py:106} INFO - 26/03/17 08:18:22 INFO SparkContext: Created broadcast 20 from broadcast at DAGScheduler.scala:1585
[2026-03-17T08:18:22.712+0000] {subprocess.py:106} INFO - 26/03/17 08:18:22 INFO BlockManagerInfo: Removed broadcast_19_piece0 on 499f1d118d82:43833 in memory (size: 30.4 KiB, free: 434.2 MiB)
[2026-03-17T08:18:22.713+0000] {subprocess.py:106} INFO - 26/03/17 08:18:22 INFO DAGScheduler: Submitting 1 missing tasks from ShuffleMapStage 10 (MapPartitionsRDD[33] at sql at <unknown>:0) (first 15 tasks are for partitions Vector(0))
[2026-03-17T08:18:22.718+0000] {subprocess.py:106} INFO - 26/03/17 08:18:22 INFO TaskSchedulerImpl: Adding task set 10.0 with 1 tasks resource profile 0
[2026-03-17T08:18:22.719+0000] {subprocess.py:106} INFO - 26/03/17 08:18:22 INFO TaskSetManager: Starting task 0.0 in stage 10.0 (TID 10) (172.30.0.7, executor 0, partition 0, PROCESS_LOCAL, 16292 bytes)
[2026-03-17T08:18:22.740+0000] {subprocess.py:106} INFO - 26/03/17 08:18:22 INFO BlockManagerInfo: Added broadcast_20_piece0 in memory on 172.30.0.7:43781 (size: 22.9 KiB, free: 434.3 MiB)
[2026-03-17T08:18:23.073+0000] {subprocess.py:106} INFO - 26/03/17 08:18:23 INFO BlockManagerInfo: Added broadcast_11_piece0 in memory on 172.30.0.7:43781 (size: 30.2 KiB, free: 434.3 MiB)
[2026-03-17T08:18:23.353+0000] {subprocess.py:106} INFO - 26/03/17 08:18:23 INFO TaskSetManager: Finished task 0.0 in stage 10.0 (TID 10) in 639 ms on 172.30.0.7 (executor 0) (1/1)
[2026-03-17T08:18:23.358+0000] {subprocess.py:106} INFO - 26/03/17 08:18:23 INFO TaskSchedulerImpl: Removed TaskSet 10.0, whose tasks have all completed, from pool
[2026-03-17T08:18:23.359+0000] {subprocess.py:106} INFO - 26/03/17 08:18:23 INFO DAGScheduler: ShuffleMapStage 10 (sql at <unknown>:0) finished in 0.676 s
[2026-03-17T08:18:23.360+0000] {subprocess.py:106} INFO - 26/03/17 08:18:23 INFO DAGScheduler: looking for newly runnable stages
[2026-03-17T08:18:23.360+0000] {subprocess.py:106} INFO - 26/03/17 08:18:23 INFO DAGScheduler: running: Set()
[2026-03-17T08:18:23.361+0000] {subprocess.py:106} INFO - 26/03/17 08:18:23 INFO DAGScheduler: waiting: Set()
[2026-03-17T08:18:23.361+0000] {subprocess.py:106} INFO - 26/03/17 08:18:23 INFO DAGScheduler: failed: Set()
[2026-03-17T08:18:23.365+0000] {subprocess.py:106} INFO - 26/03/17 08:18:23 INFO ShufflePartitionsUtil: For shuffle(4), advisory target size: 67108864, actual target size 1048576, minimum partition size: 1048576
[2026-03-17T08:18:23.381+0000] {subprocess.py:106} INFO - 26/03/17 08:18:23 WARN SparkStringUtils: Truncated the string representation of a plan since it was too large. This behavior can be adjusted by setting 'spark.sql.debug.maxToStringFields'.
[2026-03-17T08:18:23.410+0000] {subprocess.py:106} INFO - 26/03/17 08:18:23 INFO CodeGenerator: Code generated in 19.010948 ms
[2026-03-17T08:18:23.448+0000] {subprocess.py:106} INFO - 26/03/17 08:18:23 INFO CodeGenerator: Code generated in 22.29653 ms
[2026-03-17T08:18:23.463+0000] {subprocess.py:106} INFO - 26/03/17 08:18:23 INFO CodeGenerator: Code generated in 10.306948 ms
[2026-03-17T08:18:23.509+0000] {subprocess.py:106} INFO - 26/03/17 08:18:23 INFO MemoryStore: Block broadcast_21 stored as values in memory (estimated size 32.0 KiB, free 433.9 MiB)
[2026-03-17T08:18:23.522+0000] {subprocess.py:106} INFO - 26/03/17 08:18:23 INFO MemoryStore: Block broadcast_21_piece0 stored as bytes in memory (estimated size 30.3 KiB, free 433.9 MiB)
[2026-03-17T08:18:23.523+0000] {subprocess.py:106} INFO - 26/03/17 08:18:23 INFO BlockManagerInfo: Added broadcast_21_piece0 in memory on 499f1d118d82:43833 (size: 30.3 KiB, free: 434.2 MiB)
[2026-03-17T08:18:23.524+0000] {subprocess.py:106} INFO - 26/03/17 08:18:23 INFO SparkContext: Created broadcast 21 from broadcast at SparkWrite.java:193
[2026-03-17T08:18:23.525+0000] {subprocess.py:106} INFO - 26/03/17 08:18:23 INFO ReplaceDataExec: Start processing data source write support: IcebergBatchWrite(table=iceberg.silver.it_jobs_clean, format=PARQUET). The input RDD has 1 partitions.
[2026-03-17T08:18:23.531+0000] {subprocess.py:106} INFO - 26/03/17 08:18:23 INFO BlockManagerInfo: Removed broadcast_20_piece0 on 499f1d118d82:43833 in memory (size: 22.9 KiB, free: 434.2 MiB)
[2026-03-17T08:18:23.532+0000] {subprocess.py:106} INFO - 26/03/17 08:18:23 INFO BlockManagerInfo: Removed broadcast_20_piece0 on 172.30.0.7:43781 in memory (size: 22.9 KiB, free: 434.3 MiB)
[2026-03-17T08:18:23.535+0000] {subprocess.py:106} INFO - 26/03/17 08:18:23 INFO SparkContext: Starting job: sql at <unknown>:0
[2026-03-17T08:18:23.538+0000] {subprocess.py:106} INFO - 26/03/17 08:18:23 INFO DAGScheduler: Got job 8 (sql at <unknown>:0) with 1 output partitions
[2026-03-17T08:18:23.538+0000] {subprocess.py:106} INFO - 26/03/17 08:18:23 INFO DAGScheduler: Final stage: ResultStage 12 (sql at <unknown>:0)
[2026-03-17T08:18:23.539+0000] {subprocess.py:106} INFO - 26/03/17 08:18:23 INFO DAGScheduler: Parents of final stage: List(ShuffleMapStage 11)
[2026-03-17T08:18:23.544+0000] {subprocess.py:106} INFO - 26/03/17 08:18:23 INFO DAGScheduler: Missing parents: List()
[2026-03-17T08:18:23.545+0000] {subprocess.py:106} INFO - 26/03/17 08:18:23 INFO DAGScheduler: Submitting ResultStage 12 (MapPartitionsRDD[39] at sql at <unknown>:0), which has no missing parents
[2026-03-17T08:18:23.552+0000] {subprocess.py:106} INFO - 26/03/17 08:18:23 INFO MemoryStore: Block broadcast_22 stored as values in memory (estimated size 97.3 KiB, free 433.9 MiB)
[2026-03-17T08:18:23.559+0000] {subprocess.py:106} INFO - 26/03/17 08:18:23 INFO MemoryStore: Block broadcast_22_piece0 stored as bytes in memory (estimated size 33.5 KiB, free 433.8 MiB)
[2026-03-17T08:18:23.559+0000] {subprocess.py:106} INFO - 26/03/17 08:18:23 INFO BlockManagerInfo: Added broadcast_22_piece0 in memory on 499f1d118d82:43833 (size: 33.5 KiB, free: 434.2 MiB)
[2026-03-17T08:18:23.560+0000] {subprocess.py:106} INFO - 26/03/17 08:18:23 INFO SparkContext: Created broadcast 22 from broadcast at DAGScheduler.scala:1585
[2026-03-17T08:18:23.561+0000] {subprocess.py:106} INFO - 26/03/17 08:18:23 INFO DAGScheduler: Submitting 1 missing tasks from ResultStage 12 (MapPartitionsRDD[39] at sql at <unknown>:0) (first 15 tasks are for partitions Vector(0))
[2026-03-17T08:18:23.561+0000] {subprocess.py:106} INFO - 26/03/17 08:18:23 INFO TaskSchedulerImpl: Adding task set 12.0 with 1 tasks resource profile 0
[2026-03-17T08:18:23.562+0000] {subprocess.py:106} INFO - 26/03/17 08:18:23 INFO TaskSetManager: Starting task 0.0 in stage 12.0 (TID 11) (172.30.0.7, executor 0, partition 0, NODE_LOCAL, 9976 bytes)
[2026-03-17T08:18:23.588+0000] {subprocess.py:106} INFO - 26/03/17 08:18:23 INFO BlockManagerInfo: Added broadcast_22_piece0 in memory on 172.30.0.7:43781 (size: 33.5 KiB, free: 434.3 MiB)
[2026-03-17T08:18:23.634+0000] {subprocess.py:106} INFO - 26/03/17 08:18:23 INFO MapOutputTrackerMasterEndpoint: Asked to send map output locations for shuffle 4 to 172.30.0.7:52286
[2026-03-17T08:18:24.080+0000] {subprocess.py:106} INFO - 26/03/17 08:18:24 INFO BlockManagerInfo: Added broadcast_21_piece0 in memory on 172.30.0.7:43781 (size: 30.3 KiB, free: 434.2 MiB)
[2026-03-17T08:18:24.573+0000] {subprocess.py:106} INFO - 26/03/17 08:18:24 INFO TaskSetManager: Finished task 0.0 in stage 12.0 (TID 11) in 1015 ms on 172.30.0.7 (executor 0) (1/1)
[2026-03-17T08:18:24.574+0000] {subprocess.py:106} INFO - 26/03/17 08:18:24 INFO TaskSchedulerImpl: Removed TaskSet 12.0, whose tasks have all completed, from pool
[2026-03-17T08:18:24.578+0000] {subprocess.py:106} INFO - 26/03/17 08:18:24 INFO DAGScheduler: ResultStage 12 (sql at <unknown>:0) finished in 1.026 s
[2026-03-17T08:18:24.579+0000] {subprocess.py:106} INFO - 26/03/17 08:18:24 INFO DAGScheduler: Job 8 is finished. Cancelling potential speculative or zombie tasks for this job
[2026-03-17T08:18:24.580+0000] {subprocess.py:106} INFO - 26/03/17 08:18:24 INFO TaskSchedulerImpl: Killing all running tasks in stage 12: Stage finished
[2026-03-17T08:18:24.580+0000] {subprocess.py:106} INFO - 26/03/17 08:18:24 INFO DAGScheduler: Job 8 finished: sql at <unknown>:0, took 1.038929 s
[2026-03-17T08:18:24.580+0000] {subprocess.py:106} INFO - 26/03/17 08:18:24 INFO ReplaceDataExec: Data source write support IcebergBatchWrite(table=iceberg.silver.it_jobs_clean, format=PARQUET) is committing.
[2026-03-17T08:18:24.603+0000] {subprocess.py:106} INFO - 26/03/17 08:18:24 INFO SparkWrite: Committing overwrite of 0 data files with 1 new data files, scanSnapshotId: 5691234189526064856, conflictDetectionFilter: true to table iceberg.silver.it_jobs_clean
[2026-03-17T08:18:25.247+0000] {subprocess.py:106} INFO - 26/03/17 08:18:25 INFO BlockManagerInfo: Removed broadcast_22_piece0 on 499f1d118d82:43833 in memory (size: 33.5 KiB, free: 434.2 MiB)
[2026-03-17T08:18:25.249+0000] {subprocess.py:106} INFO - 26/03/17 08:18:25 INFO BlockManagerInfo: Removed broadcast_22_piece0 on 172.30.0.7:43781 in memory (size: 33.5 KiB, free: 434.3 MiB)
[2026-03-17T08:18:25.389+0000] {subprocess.py:106} INFO - 26/03/17 08:18:25 INFO HiveTableOperations: Committed to table iceberg.silver.it_jobs_clean with the new metadata location s3a://warehouse/iceberg_data/silver.db/it_jobs_clean/metadata/00015-761e809f-9c0e-4521-86bb-3816adaef448.metadata.json
[2026-03-17T08:18:25.389+0000] {subprocess.py:106} INFO - 26/03/17 08:18:25 INFO BaseMetastoreTableOperations: Successfully committed to table iceberg.silver.it_jobs_clean in 335 ms
[2026-03-17T08:18:25.390+0000] {subprocess.py:106} INFO - 26/03/17 08:18:25 INFO SnapshotProducer: Committed snapshot 4491746287352857724 (BaseOverwriteFiles)
[2026-03-17T08:18:25.403+0000] {subprocess.py:106} INFO - 26/03/17 08:18:25 INFO BaseMetastoreTableOperations: Refreshing table metadata from new version: s3a://warehouse/iceberg_data/silver.db/it_jobs_clean/metadata/00015-761e809f-9c0e-4521-86bb-3816adaef448.metadata.json
[2026-03-17T08:18:25.474+0000] {subprocess.py:106} INFO - 26/03/17 08:18:25 INFO LoggingMetricsReporter: Received metrics report: CommitReport{tableName=iceberg.silver.it_jobs_clean, snapshotId=4491746287352857724, sequenceNumber=16, operation=append, commitMetrics=CommitMetricsResult{totalDuration=TimerResult{timeUnit=NANOSECONDS, totalDuration=PT0.845700588S, count=1}, attempts=CounterResult{unit=COUNT, value=1}, addedDataFiles=CounterResult{unit=COUNT, value=1}, removedDataFiles=null, totalDataFiles=CounterResult{unit=COUNT, value=16}, addedDeleteFiles=null, addedEqualityDeleteFiles=null, addedPositionalDeleteFiles=null, removedDeleteFiles=null, removedEqualityDeleteFiles=null, removedPositionalDeleteFiles=null, totalDeleteFiles=CounterResult{unit=COUNT, value=0}, addedRecords=CounterResult{unit=COUNT, value=91}, removedRecords=null, totalRecords=CounterResult{unit=COUNT, value=8733}, addedFilesSizeInBytes=CounterResult{unit=BYTES, value=13061}, removedFilesSizeInBytes=null, totalFilesSizeInBytes=CounterResult{unit=BYTES, value=421273}, addedPositionalDeletes=null, removedPositionalDeletes=null, totalPositionalDeletes=CounterResult{unit=COUNT, value=0}, addedEqualityDeletes=null, removedEqualityDeletes=null, totalEqualityDeletes=CounterResult{unit=COUNT, value=0}}, metadata={engine-version=3.5.3, app-id=app-20260317081801-0001, engine-name=spark, iceberg-version=Apache Iceberg 1.6.1 (commit 8e9d59d299be42b0bca9461457cd1e95dbaad086)}}
[2026-03-17T08:18:25.475+0000] {subprocess.py:106} INFO - 26/03/17 08:18:25 INFO SparkWrite: Committed in 870 ms
[2026-03-17T08:18:25.475+0000] {subprocess.py:106} INFO - 26/03/17 08:18:25 INFO ReplaceDataExec: Data source write support IcebergBatchWrite(table=iceberg.silver.it_jobs_clean, format=PARQUET) committed.
[2026-03-17T08:18:25.477+0000] {subprocess.py:106} INFO - >>> SUCCESS: Data Merged (Upsert).
[2026-03-17T08:18:25.478+0000] {subprocess.py:106} INFO - 26/03/17 08:18:25 INFO SparkContext: SparkContext is stopping with exitCode 0.
[2026-03-17T08:18:25.490+0000] {subprocess.py:106} INFO - 26/03/17 08:18:25 INFO SparkUI: Stopped Spark web UI at http://499f1d118d82:4040
[2026-03-17T08:18:25.496+0000] {subprocess.py:106} INFO - 26/03/17 08:18:25 INFO StandaloneSchedulerBackend: Shutting down all executors
[2026-03-17T08:18:25.496+0000] {subprocess.py:106} INFO - 26/03/17 08:18:25 INFO StandaloneSchedulerBackend$StandaloneDriverEndpoint: Asking each executor to shut down
[2026-03-17T08:18:25.517+0000] {subprocess.py:106} INFO - 26/03/17 08:18:25 INFO MapOutputTrackerMasterEndpoint: MapOutputTrackerMasterEndpoint stopped!
[2026-03-17T08:18:25.545+0000] {subprocess.py:106} INFO - 26/03/17 08:18:25 INFO MemoryStore: MemoryStore cleared
[2026-03-17T08:18:25.549+0000] {subprocess.py:106} INFO - 26/03/17 08:18:25 INFO BlockManager: BlockManager stopped
[2026-03-17T08:18:25.550+0000] {subprocess.py:106} INFO - 26/03/17 08:18:25 INFO BlockManagerMaster: BlockManagerMaster stopped
[2026-03-17T08:18:25.554+0000] {subprocess.py:106} INFO - 26/03/17 08:18:25 INFO OutputCommitCoordinator$OutputCommitCoordinatorEndpoint: OutputCommitCoordinator stopped!
[2026-03-17T08:18:25.634+0000] {subprocess.py:106} INFO - 26/03/17 08:18:25 INFO SparkContext: Successfully stopped SparkContext
[2026-03-17T08:18:25.688+0000] {subprocess.py:106} INFO - 26/03/17 08:18:25 INFO ShutdownHookManager: Shutdown hook called
[2026-03-17T08:18:25.689+0000] {subprocess.py:106} INFO - 26/03/17 08:18:25 INFO ShutdownHookManager: Deleting directory /tmp/spark-125d47b5-1401-4905-aa6a-3b6156dddfd8
[2026-03-17T08:18:25.691+0000] {subprocess.py:106} INFO - 26/03/17 08:18:25 INFO ShutdownHookManager: Deleting directory /tmp/spark-6fd9a8d2-acd9-4ffd-89e1-e2dae60a77b0/pyspark-85698260-54ac-4e28-8b43-083762e7f2d6
[2026-03-17T08:18:25.694+0000] {subprocess.py:106} INFO - 26/03/17 08:18:25 INFO ShutdownHookManager: Deleting directory /tmp/spark-6fd9a8d2-acd9-4ffd-89e1-e2dae60a77b0
[2026-03-17T08:18:25.701+0000] {subprocess.py:106} INFO - 26/03/17 08:18:25 INFO MetricsSystemImpl: Stopping s3a-file-system metrics system...
[2026-03-17T08:18:25.701+0000] {subprocess.py:106} INFO - 26/03/17 08:18:25 INFO MetricsSystemImpl: s3a-file-system metrics system stopped.
[2026-03-17T08:18:25.702+0000] {subprocess.py:106} INFO - 26/03/17 08:18:25 INFO MetricsSystemImpl: s3a-file-system metrics system shutdown complete.
[2026-03-17T08:18:25.785+0000] {subprocess.py:110} INFO - Command exited with return code 0
[2026-03-17T08:18:25.844+0000] {taskinstance.py:341} INFO - ::group::Post task execution logs
[2026-03-17T08:18:25.844+0000] {taskinstance.py:353} INFO - Marking task as SUCCESS. dag_id=crawl_etl_itjob, task_id=clean_silver, run_id=scheduled__2026-03-13T02:00:00+00:00, execution_date=20260313T020000, start_date=20260317T081755, end_date=20260317T081825
[2026-03-17T08:18:25.937+0000] {local_task_job_runner.py:266} INFO - Task exited with return code 0
[2026-03-17T08:18:25.976+0000] {taskinstance.py:3901} INFO - 1 downstream tasks scheduled from follow-on schedule check
[2026-03-17T08:18:25.978+0000] {local_task_job_runner.py:245} INFO - ::endgroup::
