[2026-05-01T06:49:04.159+0000] {local_task_job_runner.py:123} INFO - ::group::Pre task execution logs
[2026-05-01T06:49:04.189+0000] {taskinstance.py:2614} INFO - Dependencies all met for dep_context=non-requeueable deps ti=<TaskInstance: crawl_etl_itjob.clean_silver scheduled__2026-04-27T02:00:00+00:00 [queued]>
[2026-05-01T06:49:04.199+0000] {taskinstance.py:2614} INFO - Dependencies all met for dep_context=requeueable deps ti=<TaskInstance: crawl_etl_itjob.clean_silver scheduled__2026-04-27T02:00:00+00:00 [queued]>
[2026-05-01T06:49:04.199+0000] {taskinstance.py:2867} INFO - Starting attempt 2 of 3
[2026-05-01T06:49:04.210+0000] {taskinstance.py:2890} INFO - Executing <Task(BashOperator): clean_silver> on 2026-04-27 02:00:00+00:00
[2026-05-01T06:49:04.214+0000] {standard_task_runner.py:72} INFO - Started process 167 to run task
[2026-05-01T06:49:04.217+0000] {standard_task_runner.py:104} INFO - Running: ['***', 'tasks', 'run', 'crawl_etl_itjob', 'clean_silver', 'scheduled__2026-04-27T02:00:00+00:00', '--job-id', '165', '--raw', '--subdir', 'DAGS_FOLDER/Crawl_ETL_ITJob.py', '--cfg-path', '/tmp/tmp31lbfc09']
[2026-05-01T06:49:04.219+0000] {standard_task_runner.py:105} INFO - Job 165: Subtask clean_silver
[2026-05-01T06:49:04.244+0000] {warnings.py:109} WARNING - /home/***/.local/lib/python3.8/site-packages/***/settings.py:209: DeprecationWarning: The sql_alchemy_conn option in [core] has been moved to the sql_alchemy_conn option in [database] - the old setting has been used, but please update your config.
  SQL_ALCHEMY_CONN = conf.get("database", "SQL_ALCHEMY_CONN")

[2026-05-01T06:49:04.329+0000] {task_command.py:467} INFO - Running <TaskInstance: crawl_etl_itjob.clean_silver scheduled__2026-04-27T02:00:00+00:00 [running]> on host 64b3786bead1
[2026-05-01T06:49:04.330+0000] {warnings.py:109} WARNING - /home/***/.local/lib/python3.8/site-packages/***/settings.py:470: DeprecationWarning: The sql_alchemy_conn option in [core] has been moved to the sql_alchemy_conn option in [database] - the old setting has been used, but please update your config.
  if conf.get("database", "sql_alchemy_conn") == "none://":

[2026-05-01T06:49:04.455+0000] {taskinstance.py:3134} INFO - Exporting env vars: AIRFLOW_CTX_DAG_EMAIL='hoa856856@gmail.com' AIRFLOW_CTX_DAG_OWNER='***' AIRFLOW_CTX_DAG_ID='crawl_etl_itjob' AIRFLOW_CTX_TASK_ID='clean_silver' AIRFLOW_CTX_EXECUTION_DATE='2026-04-27T02:00:00+00:00' AIRFLOW_CTX_TRY_NUMBER='2' AIRFLOW_CTX_DAG_RUN_ID='scheduled__2026-04-27T02:00:00+00:00'
[2026-05-01T06:49:04.457+0000] {taskinstance.py:732} INFO - ::endgroup::
[2026-05-01T06:49:04.466+0000] {subprocess.py:78} INFO - Tmp dir root location: /tmp
[2026-05-01T06:49:04.467+0000] {subprocess.py:88} INFO - Running command: ['/bin/bash', '-c', "\n        docker exec spark-submit bash -c '\n        /opt/spark/bin/spark-submit         --master spark://spark-master:7077         --deploy-mode client         --packages org.apache.iceberg:iceberg-spark-runtime-3.5_2.12:1.5.0,org.apache.hadoop:hadoop-aws:3.3.4,com.amazonaws:aws-java-sdk-bundle:1.12.262         /opt/spark/scripts/Clean_Silver.py\n        '\n        "]
[2026-05-01T06:49:04.476+0000] {subprocess.py:99} INFO - Output:
[2026-05-01T06:49:06.336+0000] {subprocess.py:106} INFO - :: loading settings :: url = jar:file:/opt/spark/jars/ivy-2.5.1.jar!/org/apache/ivy/core/settings/ivysettings.xml
[2026-05-01T06:49:05.461+0000] {subprocess.py:106} INFO - Ivy Default Cache set to: /home/spark/.ivy2/cache
[2026-05-01T06:49:05.462+0000] {subprocess.py:106} INFO - The jars for the packages stored in: /home/spark/.ivy2/jars
[2026-05-01T06:49:05.471+0000] {subprocess.py:106} INFO - org.apache.iceberg#iceberg-spark-runtime-3.5_2.12 added as a dependency
[2026-05-01T06:49:05.472+0000] {subprocess.py:106} INFO - org.apache.hadoop#hadoop-aws added as a dependency
[2026-05-01T06:49:05.474+0000] {subprocess.py:106} INFO - com.amazonaws#aws-java-sdk-bundle added as a dependency
[2026-05-01T06:49:05.475+0000] {subprocess.py:106} INFO - :: resolving dependencies :: org.apache.spark#spark-submit-parent-95fb296c-f025-48da-8aa6-c39c5a85fa6c;1.0
[2026-05-01T06:49:05.476+0000] {subprocess.py:106} INFO - 	confs: [default]
[2026-05-01T06:49:05.602+0000] {subprocess.py:106} INFO - 	found org.apache.iceberg#iceberg-spark-runtime-3.5_2.12;1.5.0 in central
[2026-05-01T06:49:09.345+0000] {subprocess.py:106} INFO - 	found org.apache.hadoop#hadoop-aws;3.3.4 in central
[2026-05-01T06:49:09.375+0000] {subprocess.py:106} INFO - 	found com.amazonaws#aws-java-sdk-bundle;1.12.262 in central
[2026-05-01T06:49:09.406+0000] {subprocess.py:106} INFO - 	found org.wildfly.openssl#wildfly-openssl;1.0.7.Final in central
[2026-05-01T06:49:09.426+0000] {subprocess.py:106} INFO - :: resolution report :: resolve 3945ms :: artifacts dl 8ms
[2026-05-01T06:49:09.427+0000] {subprocess.py:106} INFO - 	:: modules in use:
[2026-05-01T06:49:09.427+0000] {subprocess.py:106} INFO - 	com.amazonaws#aws-java-sdk-bundle;1.12.262 from central in [default]
[2026-05-01T06:49:09.428+0000] {subprocess.py:106} INFO - 	org.apache.hadoop#hadoop-aws;3.3.4 from central in [default]
[2026-05-01T06:49:09.428+0000] {subprocess.py:106} INFO - 	org.apache.iceberg#iceberg-spark-runtime-3.5_2.12;1.5.0 from central in [default]
[2026-05-01T06:49:09.428+0000] {subprocess.py:106} INFO - 	org.wildfly.openssl#wildfly-openssl;1.0.7.Final from central in [default]
[2026-05-01T06:49:09.429+0000] {subprocess.py:106} INFO - 	---------------------------------------------------------------------
[2026-05-01T06:49:09.429+0000] {subprocess.py:106} INFO - 	|                  |            modules            ||   artifacts   |
[2026-05-01T06:49:09.430+0000] {subprocess.py:106} INFO - 	|       conf       | number| search|dwnlded|evicted|| number|dwnlded|
[2026-05-01T06:49:09.430+0000] {subprocess.py:106} INFO - 	---------------------------------------------------------------------
[2026-05-01T06:49:09.431+0000] {subprocess.py:106} INFO - 	|      default     |   4   |   0   |   0   |   0   ||   4   |   0   |
[2026-05-01T06:49:09.432+0000] {subprocess.py:106} INFO - 	---------------------------------------------------------------------
[2026-05-01T06:49:09.432+0000] {subprocess.py:106} INFO - :: retrieving :: org.apache.spark#spark-submit-parent-95fb296c-f025-48da-8aa6-c39c5a85fa6c
[2026-05-01T06:49:09.432+0000] {subprocess.py:106} INFO - 	confs: [default]
[2026-05-01T06:49:09.442+0000] {subprocess.py:106} INFO - 	0 artifacts copied, 4 already retrieved (0kB/11ms)
[2026-05-01T06:49:09.840+0000] {subprocess.py:106} INFO - 26/05/01 06:49:09 WARN NativeCodeLoader: Unable to load native-hadoop library for your platform... using builtin-java classes where applicable
[2026-05-01T06:49:10.847+0000] {subprocess.py:106} INFO - 26/05/01 06:49:10 INFO SparkContext: Running Spark version 3.5.3
[2026-05-01T06:49:10.852+0000] {subprocess.py:106} INFO - 26/05/01 06:49:10 INFO SparkContext: OS info Linux, 6.6.87.2-microsoft-standard-WSL2, amd64
[2026-05-01T06:49:10.852+0000] {subprocess.py:106} INFO - 26/05/01 06:49:10 INFO SparkContext: Java version 11.0.24
[2026-05-01T06:49:10.869+0000] {subprocess.py:106} INFO - 26/05/01 06:49:10 INFO ResourceUtils: ==============================================================
[2026-05-01T06:49:10.870+0000] {subprocess.py:106} INFO - 26/05/01 06:49:10 INFO ResourceUtils: No custom resources configured for spark.driver.
[2026-05-01T06:49:10.870+0000] {subprocess.py:106} INFO - 26/05/01 06:49:10 INFO ResourceUtils: ==============================================================
[2026-05-01T06:49:10.871+0000] {subprocess.py:106} INFO - 26/05/01 06:49:10 INFO SparkContext: Submitted application: Silver_Etl_Cleaning_Merge
[2026-05-01T06:49:10.899+0000] {subprocess.py:106} INFO - 26/05/01 06:49:10 INFO ResourceProfile: Default ResourceProfile created, executor resources: Map(memory -> name: memory, amount: 1024, script: , vendor: , offHeap -> name: offHeap, amount: 0, script: , vendor: ), task resources: Map(cpus -> name: cpus, amount: 1.0)
[2026-05-01T06:49:10.910+0000] {subprocess.py:106} INFO - 26/05/01 06:49:10 INFO ResourceProfile: Limiting resource is cpu
[2026-05-01T06:49:10.912+0000] {subprocess.py:106} INFO - 26/05/01 06:49:10 INFO ResourceProfileManager: Added ResourceProfile id: 0
[2026-05-01T06:49:10.964+0000] {subprocess.py:106} INFO - 26/05/01 06:49:10 INFO SecurityManager: Changing view acls to: spark
[2026-05-01T06:49:10.965+0000] {subprocess.py:106} INFO - 26/05/01 06:49:10 INFO SecurityManager: Changing modify acls to: spark
[2026-05-01T06:49:10.966+0000] {subprocess.py:106} INFO - 26/05/01 06:49:10 INFO SecurityManager: Changing view acls groups to:
[2026-05-01T06:49:10.967+0000] {subprocess.py:106} INFO - 26/05/01 06:49:10 INFO SecurityManager: Changing modify acls groups to:
[2026-05-01T06:49:10.968+0000] {subprocess.py:106} INFO - 26/05/01 06:49:10 INFO SecurityManager: SecurityManager: authentication disabled; ui acls disabled; users with view permissions: spark; groups with view permissions: EMPTY; users with modify permissions: spark; groups with modify permissions: EMPTY
[2026-05-01T06:49:11.192+0000] {subprocess.py:106} INFO - 26/05/01 06:49:11 INFO Utils: Successfully started service 'sparkDriver' on port 45335.
[2026-05-01T06:49:11.232+0000] {subprocess.py:106} INFO - 26/05/01 06:49:11 INFO SparkEnv: Registering MapOutputTracker
[2026-05-01T06:49:11.261+0000] {subprocess.py:106} INFO - 26/05/01 06:49:11 INFO SparkEnv: Registering BlockManagerMaster
[2026-05-01T06:49:11.277+0000] {subprocess.py:106} INFO - 26/05/01 06:49:11 INFO BlockManagerMasterEndpoint: Using org.apache.spark.storage.DefaultTopologyMapper for getting topology information
[2026-05-01T06:49:11.277+0000] {subprocess.py:106} INFO - 26/05/01 06:49:11 INFO BlockManagerMasterEndpoint: BlockManagerMasterEndpoint up
[2026-05-01T06:49:11.281+0000] {subprocess.py:106} INFO - 26/05/01 06:49:11 INFO SparkEnv: Registering BlockManagerMasterHeartbeat
[2026-05-01T06:49:11.305+0000] {subprocess.py:106} INFO - 26/05/01 06:49:11 INFO DiskBlockManager: Created local directory at /tmp/blockmgr-a6e8a3c3-4c61-4949-b650-61b119aa8378
[2026-05-01T06:49:11.320+0000] {subprocess.py:106} INFO - 26/05/01 06:49:11 INFO MemoryStore: MemoryStore started with capacity 434.4 MiB
[2026-05-01T06:49:11.335+0000] {subprocess.py:106} INFO - 26/05/01 06:49:11 INFO SparkEnv: Registering OutputCommitCoordinator
[2026-05-01T06:49:11.454+0000] {subprocess.py:106} INFO - 26/05/01 06:49:11 INFO JettyUtils: Start Jetty 0.0.0.0:4040 for SparkUI
[2026-05-01T06:49:11.500+0000] {subprocess.py:106} INFO - 26/05/01 06:49:11 INFO Utils: Successfully started service 'SparkUI' on port 4040.
[2026-05-01T06:49:11.544+0000] {subprocess.py:106} INFO - 26/05/01 06:49:11 INFO SparkContext: Added JAR file:///home/spark/.ivy2/jars/org.apache.iceberg_iceberg-spark-runtime-3.5_2.12-1.5.0.jar at spark://c05002f484b8:45335/jars/org.apache.iceberg_iceberg-spark-runtime-3.5_2.12-1.5.0.jar with timestamp 1777618150837
[2026-05-01T06:49:11.545+0000] {subprocess.py:106} INFO - 26/05/01 06:49:11 INFO SparkContext: Added JAR file:///home/spark/.ivy2/jars/org.apache.hadoop_hadoop-aws-3.3.4.jar at spark://c05002f484b8:45335/jars/org.apache.hadoop_hadoop-aws-3.3.4.jar with timestamp 1777618150837
[2026-05-01T06:49:11.546+0000] {subprocess.py:106} INFO - 26/05/01 06:49:11 INFO SparkContext: Added JAR file:///home/spark/.ivy2/jars/com.amazonaws_aws-java-sdk-bundle-1.12.262.jar at spark://c05002f484b8:45335/jars/com.amazonaws_aws-java-sdk-bundle-1.12.262.jar with timestamp 1777618150837
[2026-05-01T06:49:11.546+0000] {subprocess.py:106} INFO - 26/05/01 06:49:11 INFO SparkContext: Added JAR file:///home/spark/.ivy2/jars/org.wildfly.openssl_wildfly-openssl-1.0.7.Final.jar at spark://c05002f484b8:45335/jars/org.wildfly.openssl_wildfly-openssl-1.0.7.Final.jar with timestamp 1777618150837
[2026-05-01T06:49:11.549+0000] {subprocess.py:106} INFO - 26/05/01 06:49:11 INFO SparkContext: Added file file:///home/spark/.ivy2/jars/org.apache.iceberg_iceberg-spark-runtime-3.5_2.12-1.5.0.jar at spark://c05002f484b8:45335/files/org.apache.iceberg_iceberg-spark-runtime-3.5_2.12-1.5.0.jar with timestamp 1777618150837
[2026-05-01T06:49:11.550+0000] {subprocess.py:106} INFO - 26/05/01 06:49:11 INFO Utils: Copying /home/spark/.ivy2/jars/org.apache.iceberg_iceberg-spark-runtime-3.5_2.12-1.5.0.jar to /tmp/spark-60f4918a-1e33-4de1-9cc8-456478d31641/userFiles-c12a982a-d0db-4a71-8274-783980e3c3ec/org.apache.iceberg_iceberg-spark-runtime-3.5_2.12-1.5.0.jar
[2026-05-01T06:49:11.587+0000] {subprocess.py:106} INFO - 26/05/01 06:49:11 INFO SparkContext: Added file file:///home/spark/.ivy2/jars/org.apache.hadoop_hadoop-aws-3.3.4.jar at spark://c05002f484b8:45335/files/org.apache.hadoop_hadoop-aws-3.3.4.jar with timestamp 1777618150837
[2026-05-01T06:49:11.588+0000] {subprocess.py:106} INFO - 26/05/01 06:49:11 INFO Utils: Copying /home/spark/.ivy2/jars/org.apache.hadoop_hadoop-aws-3.3.4.jar to /tmp/spark-60f4918a-1e33-4de1-9cc8-456478d31641/userFiles-c12a982a-d0db-4a71-8274-783980e3c3ec/org.apache.hadoop_hadoop-aws-3.3.4.jar
[2026-05-01T06:49:11.592+0000] {subprocess.py:106} INFO - 26/05/01 06:49:11 INFO SparkContext: Added file file:///home/spark/.ivy2/jars/com.amazonaws_aws-java-sdk-bundle-1.12.262.jar at spark://c05002f484b8:45335/files/com.amazonaws_aws-java-sdk-bundle-1.12.262.jar with timestamp 1777618150837
[2026-05-01T06:49:11.593+0000] {subprocess.py:106} INFO - 26/05/01 06:49:11 INFO Utils: Copying /home/spark/.ivy2/jars/com.amazonaws_aws-java-sdk-bundle-1.12.262.jar to /tmp/spark-60f4918a-1e33-4de1-9cc8-456478d31641/userFiles-c12a982a-d0db-4a71-8274-783980e3c3ec/com.amazonaws_aws-java-sdk-bundle-1.12.262.jar
[2026-05-01T06:49:11.756+0000] {subprocess.py:106} INFO - 26/05/01 06:49:11 INFO SparkContext: Added file file:///home/spark/.ivy2/jars/org.wildfly.openssl_wildfly-openssl-1.0.7.Final.jar at spark://c05002f484b8:45335/files/org.wildfly.openssl_wildfly-openssl-1.0.7.Final.jar with timestamp 1777618150837
[2026-05-01T06:49:11.757+0000] {subprocess.py:106} INFO - 26/05/01 06:49:11 INFO Utils: Copying /home/spark/.ivy2/jars/org.wildfly.openssl_wildfly-openssl-1.0.7.Final.jar to /tmp/spark-60f4918a-1e33-4de1-9cc8-456478d31641/userFiles-c12a982a-d0db-4a71-8274-783980e3c3ec/org.wildfly.openssl_wildfly-openssl-1.0.7.Final.jar
[2026-05-01T06:49:11.854+0000] {subprocess.py:106} INFO - 26/05/01 06:49:11 INFO StandaloneAppClient$ClientEndpoint: Connecting to master spark://spark-master:7077...
[2026-05-01T06:49:11.894+0000] {subprocess.py:106} INFO - 26/05/01 06:49:11 INFO TransportClientFactory: Successfully created connection to spark-master/172.30.0.6:7077 after 21 ms (0 ms spent in bootstraps)
[2026-05-01T06:49:11.963+0000] {subprocess.py:106} INFO - 26/05/01 06:49:11 INFO StandaloneSchedulerBackend: Connected to Spark cluster with app ID app-20260501064911-0001
[2026-05-01T06:49:11.965+0000] {subprocess.py:106} INFO - 26/05/01 06:49:11 INFO StandaloneAppClient$ClientEndpoint: Executor added: app-20260501064911-0001/0 on worker-20260501064244-172.30.0.7-34759 (172.30.0.7:34759) with 1 core(s)
[2026-05-01T06:49:11.968+0000] {subprocess.py:106} INFO - 26/05/01 06:49:11 INFO StandaloneSchedulerBackend: Granted executor ID app-20260501064911-0001/0 on hostPort 172.30.0.7:34759 with 1 core(s), 1024.0 MiB RAM
[2026-05-01T06:49:11.977+0000] {subprocess.py:106} INFO - 26/05/01 06:49:11 INFO Utils: Successfully started service 'org.apache.spark.network.netty.NettyBlockTransferService' on port 43049.
[2026-05-01T06:49:11.981+0000] {subprocess.py:106} INFO - 26/05/01 06:49:11 INFO NettyBlockTransferService: Server created on c05002f484b8:43049
[2026-05-01T06:49:11.983+0000] {subprocess.py:106} INFO - 26/05/01 06:49:11 INFO BlockManager: Using org.apache.spark.storage.RandomBlockReplicationPolicy for block replication policy
[2026-05-01T06:49:11.987+0000] {subprocess.py:106} INFO - 26/05/01 06:49:11 INFO BlockManagerMaster: Registering BlockManager BlockManagerId(driver, c05002f484b8, 43049, None)
[2026-05-01T06:49:11.993+0000] {subprocess.py:106} INFO - 26/05/01 06:49:11 INFO BlockManagerMasterEndpoint: Registering block manager c05002f484b8:43049 with 434.4 MiB RAM, BlockManagerId(driver, c05002f484b8, 43049, None)
[2026-05-01T06:49:11.996+0000] {subprocess.py:106} INFO - 26/05/01 06:49:11 INFO BlockManagerMaster: Registered BlockManager BlockManagerId(driver, c05002f484b8, 43049, None)
[2026-05-01T06:49:11.998+0000] {subprocess.py:106} INFO - 26/05/01 06:49:11 INFO BlockManager: Initialized BlockManager: BlockManagerId(driver, c05002f484b8, 43049, None)
[2026-05-01T06:49:12.023+0000] {subprocess.py:106} INFO - 26/05/01 06:49:12 INFO StandaloneAppClient$ClientEndpoint: Executor updated: app-20260501064911-0001/0 is now RUNNING
[2026-05-01T06:49:12.306+0000] {subprocess.py:106} INFO - 26/05/01 06:49:12 INFO StandaloneSchedulerBackend: SchedulerBackend is ready for scheduling beginning after reached minRegisteredResourcesRatio: 0.0
[2026-05-01T06:49:12.697+0000] {subprocess.py:106} INFO - 26/05/01 06:49:12 INFO SharedState: Setting hive.metastore.warehouse.dir ('null') to the value of spark.sql.warehouse.dir.
[2026-05-01T06:49:12.702+0000] {subprocess.py:106} INFO - 26/05/01 06:49:12 INFO SharedState: Warehouse path is 'file:/opt/spark/work-dir/spark-warehouse'.
[2026-05-01T06:49:14.930+0000] {subprocess.py:106} INFO - 26/05/01 06:49:14 INFO HiveConf: Found configuration file null
[2026-05-01T06:49:15.124+0000] {subprocess.py:106} INFO - 26/05/01 06:49:15 INFO metastore: Trying to connect to metastore with URI thrift://hive-metastore:9083
[2026-05-01T06:49:15.142+0000] {subprocess.py:106} INFO - 26/05/01 06:49:15 INFO metastore: Opened a connection to metastore, current connections: 1
[2026-05-01T06:49:15.165+0000] {subprocess.py:106} INFO - 26/05/01 06:49:15 INFO metastore: Connected to metastore.
[2026-05-01T06:49:15.318+0000] {subprocess.py:106} INFO - 26/05/01 06:49:15 INFO StandaloneSchedulerBackend$StandaloneDriverEndpoint: Registered executor NettyRpcEndpointRef(spark-client://Executor) (172.30.0.7:41266) with ID 0,  ResourceProfileId 0
[2026-05-01T06:49:15.364+0000] {subprocess.py:106} INFO - 26/05/01 06:49:15 INFO BaseMetastoreTableOperations: Refreshing table metadata from new version: s3a://warehouse/iceberg_data/silver.db/it_jobs_clean/metadata/00003-4e0d7666-a771-420a-81da-03cf6316afa1.metadata.json
[2026-05-01T06:49:15.408+0000] {subprocess.py:106} INFO - 26/05/01 06:49:15 INFO BlockManagerMasterEndpoint: Registering block manager 172.30.0.7:45953 with 434.4 MiB RAM, BlockManagerId(0, 172.30.0.7, 45953, None)
[2026-05-01T06:49:15.543+0000] {subprocess.py:106} INFO - 26/05/01 06:49:15 WARN MetricsConfig: Cannot locate configuration: tried hadoop-metrics2-s3a-file-system.properties,hadoop-metrics2.properties
[2026-05-01T06:49:15.567+0000] {subprocess.py:106} INFO - 26/05/01 06:49:15 INFO MetricsSystemImpl: Scheduled Metric snapshot period at 10 second(s).
[2026-05-01T06:49:15.568+0000] {subprocess.py:106} INFO - 26/05/01 06:49:15 INFO MetricsSystemImpl: s3a-file-system metrics system started
[2026-05-01T06:49:17.378+0000] {subprocess.py:106} INFO - 26/05/01 06:49:17 INFO BaseMetastoreCatalog: Table loaded by catalog: iceberg.silver.it_jobs_clean
[2026-05-01T06:49:18.367+0000] {subprocess.py:106} INFO - 26/05/01 06:49:18 INFO SnapshotScan: Scanning table iceberg.silver.it_jobs_clean snapshot 4650189916692856023 created at 2026-05-01T06:38:34.716+00:00 with filter true
[2026-05-01T06:49:18.608+0000] {subprocess.py:106} INFO - 26/05/01 06:49:18 INFO BaseDistributedDataScan: Planning file tasks locally for table iceberg.silver.it_jobs_clean
[2026-05-01T06:49:18.841+0000] {subprocess.py:106} INFO - 26/05/01 06:49:18 INFO V2ScanRelationPushDown:
[2026-05-01T06:49:18.842+0000] {subprocess.py:106} INFO - Pushing operators to iceberg.silver.it_jobs_clean
[2026-05-01T06:49:18.843+0000] {subprocess.py:106} INFO - Pushed Aggregate Functions:
[2026-05-01T06:49:18.845+0000] {subprocess.py:106} INFO -  MAX(ingest_time)
[2026-05-01T06:49:18.846+0000] {subprocess.py:106} INFO - Pushed Group by:
[2026-05-01T06:49:18.847+0000] {subprocess.py:106} INFO - 
[2026-05-01T06:49:18.848+0000] {subprocess.py:106} INFO - 
[2026-05-01T06:49:19.780+0000] {subprocess.py:106} INFO - 26/05/01 06:49:19 INFO CodeGenerator: Code generated in 241.704172 ms
[2026-05-01T06:49:19.801+0000] {subprocess.py:106} INFO - 26/05/01 06:49:19 INFO CodeGenerator: Code generated in 14.117687 ms
[2026-05-01T06:49:19.881+0000] {subprocess.py:106} INFO - 26/05/01 06:49:19 INFO DAGScheduler: Registering RDD 2 (collect at /opt/spark/scripts/Clean_Silver.py:56) as input to shuffle 0
[2026-05-01T06:49:19.886+0000] {subprocess.py:106} INFO - 26/05/01 06:49:19 INFO DAGScheduler: Got map stage job 0 (collect at /opt/spark/scripts/Clean_Silver.py:56) with 1 output partitions
[2026-05-01T06:49:19.887+0000] {subprocess.py:106} INFO - 26/05/01 06:49:19 INFO DAGScheduler: Final stage: ShuffleMapStage 0 (collect at /opt/spark/scripts/Clean_Silver.py:56)
[2026-05-01T06:49:19.887+0000] {subprocess.py:106} INFO - 26/05/01 06:49:19 INFO DAGScheduler: Parents of final stage: List()
[2026-05-01T06:49:19.890+0000] {subprocess.py:106} INFO - 26/05/01 06:49:19 INFO DAGScheduler: Missing parents: List()
[2026-05-01T06:49:19.894+0000] {subprocess.py:106} INFO - 26/05/01 06:49:19 INFO DAGScheduler: Submitting ShuffleMapStage 0 (MapPartitionsRDD[2] at collect at /opt/spark/scripts/Clean_Silver.py:56), which has no missing parents
[2026-05-01T06:49:20.014+0000] {subprocess.py:106} INFO - 26/05/01 06:49:20 INFO MemoryStore: Block broadcast_0 stored as values in memory (estimated size 12.0 KiB, free 434.4 MiB)
[2026-05-01T06:49:20.055+0000] {subprocess.py:106} INFO - 26/05/01 06:49:20 INFO MemoryStore: Block broadcast_0_piece0 stored as bytes in memory (estimated size 6.0 KiB, free 434.4 MiB)
[2026-05-01T06:49:20.058+0000] {subprocess.py:106} INFO - 26/05/01 06:49:20 INFO BlockManagerInfo: Added broadcast_0_piece0 in memory on c05002f484b8:43049 (size: 6.0 KiB, free: 434.4 MiB)
[2026-05-01T06:49:20.064+0000] {subprocess.py:106} INFO - 26/05/01 06:49:20 INFO SparkContext: Created broadcast 0 from broadcast at DAGScheduler.scala:1585
[2026-05-01T06:49:20.095+0000] {subprocess.py:106} INFO - 26/05/01 06:49:20 INFO DAGScheduler: Submitting 1 missing tasks from ShuffleMapStage 0 (MapPartitionsRDD[2] at collect at /opt/spark/scripts/Clean_Silver.py:56) (first 15 tasks are for partitions Vector(0))
[2026-05-01T06:49:20.096+0000] {subprocess.py:106} INFO - 26/05/01 06:49:20 INFO TaskSchedulerImpl: Adding task set 0.0 with 1 tasks resource profile 0
[2026-05-01T06:49:20.135+0000] {subprocess.py:106} INFO - 26/05/01 06:49:20 INFO TaskSetManager: Starting task 0.0 in stage 0.0 (TID 0) (172.30.0.7, executor 0, partition 0, PROCESS_LOCAL, 10137 bytes)
[2026-05-01T06:49:20.385+0000] {subprocess.py:106} INFO - 26/05/01 06:49:20 INFO BlockManagerInfo: Added broadcast_0_piece0 in memory on 172.30.0.7:45953 (size: 6.0 KiB, free: 434.4 MiB)
[2026-05-01T06:49:21.200+0000] {subprocess.py:106} INFO - 26/05/01 06:49:21 INFO TaskSetManager: Finished task 0.0 in stage 0.0 (TID 0) in 1085 ms on 172.30.0.7 (executor 0) (1/1)
[2026-05-01T06:49:21.203+0000] {subprocess.py:106} INFO - 26/05/01 06:49:21 INFO TaskSchedulerImpl: Removed TaskSet 0.0, whose tasks have all completed, from pool
[2026-05-01T06:49:21.210+0000] {subprocess.py:106} INFO - 26/05/01 06:49:21 INFO DAGScheduler: ShuffleMapStage 0 (collect at /opt/spark/scripts/Clean_Silver.py:56) finished in 1.303 s
[2026-05-01T06:49:21.213+0000] {subprocess.py:106} INFO - 26/05/01 06:49:21 INFO DAGScheduler: looking for newly runnable stages
[2026-05-01T06:49:21.216+0000] {subprocess.py:106} INFO - 26/05/01 06:49:21 INFO DAGScheduler: running: Set()
[2026-05-01T06:49:21.216+0000] {subprocess.py:106} INFO - 26/05/01 06:49:21 INFO DAGScheduler: waiting: Set()
[2026-05-01T06:49:21.217+0000] {subprocess.py:106} INFO - 26/05/01 06:49:21 INFO DAGScheduler: failed: Set()
[2026-05-01T06:49:21.275+0000] {subprocess.py:106} INFO - 26/05/01 06:49:21 INFO CodeGenerator: Code generated in 13.420484 ms
[2026-05-01T06:49:21.320+0000] {subprocess.py:106} INFO - 26/05/01 06:49:21 INFO SparkContext: Starting job: collect at /opt/spark/scripts/Clean_Silver.py:56
[2026-05-01T06:49:21.324+0000] {subprocess.py:106} INFO - 26/05/01 06:49:21 INFO DAGScheduler: Got job 1 (collect at /opt/spark/scripts/Clean_Silver.py:56) with 1 output partitions
[2026-05-01T06:49:21.324+0000] {subprocess.py:106} INFO - 26/05/01 06:49:21 INFO DAGScheduler: Final stage: ResultStage 2 (collect at /opt/spark/scripts/Clean_Silver.py:56)
[2026-05-01T06:49:21.325+0000] {subprocess.py:106} INFO - 26/05/01 06:49:21 INFO DAGScheduler: Parents of final stage: List(ShuffleMapStage 1)
[2026-05-01T06:49:21.325+0000] {subprocess.py:106} INFO - 26/05/01 06:49:21 INFO DAGScheduler: Missing parents: List()
[2026-05-01T06:49:21.327+0000] {subprocess.py:106} INFO - 26/05/01 06:49:21 INFO DAGScheduler: Submitting ResultStage 2 (MapPartitionsRDD[5] at collect at /opt/spark/scripts/Clean_Silver.py:56), which has no missing parents
[2026-05-01T06:49:21.336+0000] {subprocess.py:106} INFO - 26/05/01 06:49:21 INFO MemoryStore: Block broadcast_1 stored as values in memory (estimated size 13.1 KiB, free 434.4 MiB)
[2026-05-01T06:49:21.346+0000] {subprocess.py:106} INFO - 26/05/01 06:49:21 INFO MemoryStore: Block broadcast_1_piece0 stored as bytes in memory (estimated size 6.1 KiB, free 434.4 MiB)
[2026-05-01T06:49:21.346+0000] {subprocess.py:106} INFO - 26/05/01 06:49:21 INFO BlockManagerInfo: Added broadcast_1_piece0 in memory on c05002f484b8:43049 (size: 6.1 KiB, free: 434.4 MiB)
[2026-05-01T06:49:21.347+0000] {subprocess.py:106} INFO - 26/05/01 06:49:21 INFO SparkContext: Created broadcast 1 from broadcast at DAGScheduler.scala:1585
[2026-05-01T06:49:21.351+0000] {subprocess.py:106} INFO - 26/05/01 06:49:21 INFO DAGScheduler: Submitting 1 missing tasks from ResultStage 2 (MapPartitionsRDD[5] at collect at /opt/spark/scripts/Clean_Silver.py:56) (first 15 tasks are for partitions Vector(0))
[2026-05-01T06:49:21.351+0000] {subprocess.py:106} INFO - 26/05/01 06:49:21 INFO TaskSchedulerImpl: Adding task set 2.0 with 1 tasks resource profile 0
[2026-05-01T06:49:21.358+0000] {subprocess.py:106} INFO - 26/05/01 06:49:21 INFO TaskSetManager: Starting task 0.0 in stage 2.0 (TID 1) (172.30.0.7, executor 0, partition 0, NODE_LOCAL, 9976 bytes)
[2026-05-01T06:49:21.378+0000] {subprocess.py:106} INFO - 26/05/01 06:49:21 INFO BlockManagerInfo: Removed broadcast_0_piece0 on c05002f484b8:43049 in memory (size: 6.0 KiB, free: 434.4 MiB)
[2026-05-01T06:49:21.397+0000] {subprocess.py:106} INFO - 26/05/01 06:49:21 INFO BlockManagerInfo: Removed broadcast_0_piece0 on 172.30.0.7:45953 in memory (size: 6.0 KiB, free: 434.4 MiB)
[2026-05-01T06:49:21.410+0000] {subprocess.py:106} INFO - 26/05/01 06:49:21 INFO BlockManagerInfo: Added broadcast_1_piece0 in memory on 172.30.0.7:45953 (size: 6.1 KiB, free: 434.4 MiB)
[2026-05-01T06:49:21.498+0000] {subprocess.py:106} INFO - 26/05/01 06:49:21 INFO MapOutputTrackerMasterEndpoint: Asked to send map output locations for shuffle 0 to 172.30.0.7:41266
[2026-05-01T06:49:21.706+0000] {subprocess.py:106} INFO - 26/05/01 06:49:21 INFO TaskSetManager: Finished task 0.0 in stage 2.0 (TID 1) in 350 ms on 172.30.0.7 (executor 0) (1/1)
[2026-05-01T06:49:21.712+0000] {subprocess.py:106} INFO - 26/05/01 06:49:21 INFO TaskSchedulerImpl: Removed TaskSet 2.0, whose tasks have all completed, from pool
[2026-05-01T06:49:21.713+0000] {subprocess.py:106} INFO - 26/05/01 06:49:21 INFO DAGScheduler: ResultStage 2 (collect at /opt/spark/scripts/Clean_Silver.py:56) finished in 0.375 s
[2026-05-01T06:49:21.714+0000] {subprocess.py:106} INFO - 26/05/01 06:49:21 INFO DAGScheduler: Job 1 is finished. Cancelling potential speculative or zombie tasks for this job
[2026-05-01T06:49:21.714+0000] {subprocess.py:106} INFO - 26/05/01 06:49:21 INFO TaskSchedulerImpl: Killing all running tasks in stage 2: Stage finished
[2026-05-01T06:49:21.717+0000] {subprocess.py:106} INFO - 26/05/01 06:49:21 INFO DAGScheduler: Job 1 finished: collect at /opt/spark/scripts/Clean_Silver.py:56, took 0.394720 s
[2026-05-01T06:49:21.972+0000] {subprocess.py:106} INFO - >>> Watermark (Last Processed Time): 2026-04-25 09:22:01.882244
[2026-05-01T06:49:22.009+0000] {subprocess.py:106} INFO - 26/05/01 06:49:22 INFO BaseMetastoreTableOperations: Refreshing table metadata from new version: s3a://warehouse/iceberg_data/bronze.db/it_jobs_raw/metadata/00002-de4324a1-7580-469a-a983-a9911a7613ba.metadata.json
[2026-05-01T06:49:22.037+0000] {subprocess.py:106} INFO - 26/05/01 06:49:22 INFO BaseMetastoreCatalog: Table loaded by catalog: iceberg.bronze.it_jobs_raw
[2026-05-01T06:49:22.052+0000] {subprocess.py:106} INFO - >>> INCREMENTAL LOAD: Reading only new data...
[2026-05-01T06:49:22.277+0000] {subprocess.py:106} INFO - 26/05/01 06:49:22 INFO V2ScanRelationPushDown:
[2026-05-01T06:49:22.278+0000] {subprocess.py:106} INFO - Pushing operators to iceberg.bronze.it_jobs_raw
[2026-05-01T06:49:22.278+0000] {subprocess.py:106} INFO - Pushed Filters: ingest_time IS NOT NULL, ingest_time > 1777108921882244
[2026-05-01T06:49:22.279+0000] {subprocess.py:106} INFO - Post-Scan Filters: isnotnull(ingest_time#36),(ingest_time#36 > 2026-04-25 09:22:01.882244)
[2026-05-01T06:49:22.279+0000] {subprocess.py:106} INFO - 
[2026-05-01T06:49:22.304+0000] {subprocess.py:106} INFO - 26/05/01 06:49:22 INFO BlockManagerInfo: Removed broadcast_1_piece0 on c05002f484b8:43049 in memory (size: 6.1 KiB, free: 434.4 MiB)
[2026-05-01T06:49:22.308+0000] {subprocess.py:106} INFO - 26/05/01 06:49:22 INFO BlockManagerInfo: Removed broadcast_1_piece0 on 172.30.0.7:45953 in memory (size: 6.1 KiB, free: 434.4 MiB)
[2026-05-01T06:49:22.309+0000] {subprocess.py:106} INFO - 26/05/01 06:49:22 INFO V2ScanRelationPushDown:
[2026-05-01T06:49:22.309+0000] {subprocess.py:106} INFO - Output: ingest_time#36
[2026-05-01T06:49:22.310+0000] {subprocess.py:106} INFO - 
[2026-05-01T06:49:22.320+0000] {subprocess.py:106} INFO - 26/05/01 06:49:22 INFO SnapshotScan: Scanning table iceberg.bronze.it_jobs_raw snapshot 8819792678696333799 created at 2026-05-01T06:37:54.378+00:00 with filter (ingest_time IS NOT NULL AND ingest_time > (16-digit-int))
[2026-05-01T06:49:22.357+0000] {subprocess.py:106} INFO - 26/05/01 06:49:22 INFO BaseDistributedDataScan: Planning file tasks locally for table iceberg.bronze.it_jobs_raw
[2026-05-01T06:49:22.426+0000] {subprocess.py:106} INFO - 26/05/01 06:49:22 INFO SparkPartitioningAwareScan: Reporting UnknownPartitioning with 1 partition(s) for table iceberg.bronze.it_jobs_raw
[2026-05-01T06:49:22.444+0000] {subprocess.py:106} INFO - 26/05/01 06:49:22 INFO MemoryStore: Block broadcast_2 stored as values in memory (estimated size 32.0 KiB, free 434.4 MiB)
[2026-05-01T06:49:22.462+0000] {subprocess.py:106} INFO - 26/05/01 06:49:22 INFO MemoryStore: Block broadcast_2_piece0 stored as bytes in memory (estimated size 30.3 KiB, free 434.3 MiB)
[2026-05-01T06:49:22.464+0000] {subprocess.py:106} INFO - 26/05/01 06:49:22 INFO BlockManagerInfo: Added broadcast_2_piece0 in memory on c05002f484b8:43049 (size: 30.3 KiB, free: 434.4 MiB)
[2026-05-01T06:49:22.468+0000] {subprocess.py:106} INFO - 26/05/01 06:49:22 INFO SparkContext: Created broadcast 2 from broadcast at SparkBatch.java:79
[2026-05-01T06:49:22.483+0000] {subprocess.py:106} INFO - 26/05/01 06:49:22 INFO MemoryStore: Block broadcast_3 stored as values in memory (estimated size 32.0 KiB, free 434.3 MiB)
[2026-05-01T06:49:22.502+0000] {subprocess.py:106} INFO - 26/05/01 06:49:22 INFO MemoryStore: Block broadcast_3_piece0 stored as bytes in memory (estimated size 30.2 KiB, free 434.3 MiB)
[2026-05-01T06:49:22.503+0000] {subprocess.py:106} INFO - 26/05/01 06:49:22 INFO BlockManagerInfo: Added broadcast_3_piece0 in memory on c05002f484b8:43049 (size: 30.2 KiB, free: 434.3 MiB)
[2026-05-01T06:49:22.506+0000] {subprocess.py:106} INFO - 26/05/01 06:49:22 INFO SparkContext: Created broadcast 3 from broadcast at SparkBatch.java:79
[2026-05-01T06:49:22.585+0000] {subprocess.py:106} INFO - 26/05/01 06:49:22 INFO CodeGenerator: Code generated in 17.659365 ms
[2026-05-01T06:49:22.605+0000] {subprocess.py:106} INFO - 26/05/01 06:49:22 INFO DAGScheduler: Registering RDD 9 (count at <unknown>:0) as input to shuffle 1
[2026-05-01T06:49:22.606+0000] {subprocess.py:106} INFO - 26/05/01 06:49:22 INFO DAGScheduler: Got map stage job 2 (count at <unknown>:0) with 1 output partitions
[2026-05-01T06:49:22.607+0000] {subprocess.py:106} INFO - 26/05/01 06:49:22 INFO DAGScheduler: Final stage: ShuffleMapStage 3 (count at <unknown>:0)
[2026-05-01T06:49:22.608+0000] {subprocess.py:106} INFO - 26/05/01 06:49:22 INFO DAGScheduler: Parents of final stage: List()
[2026-05-01T06:49:22.608+0000] {subprocess.py:106} INFO - 26/05/01 06:49:22 INFO DAGScheduler: Missing parents: List()
[2026-05-01T06:49:22.609+0000] {subprocess.py:106} INFO - 26/05/01 06:49:22 INFO DAGScheduler: Submitting ShuffleMapStage 3 (MapPartitionsRDD[9] at count at <unknown>:0), which has no missing parents
[2026-05-01T06:49:22.615+0000] {subprocess.py:106} INFO - 26/05/01 06:49:22 INFO MemoryStore: Block broadcast_4 stored as values in memory (estimated size 17.8 KiB, free 434.3 MiB)
[2026-05-01T06:49:22.624+0000] {subprocess.py:106} INFO - 26/05/01 06:49:22 INFO MemoryStore: Block broadcast_4_piece0 stored as bytes in memory (estimated size 7.6 KiB, free 434.3 MiB)
[2026-05-01T06:49:22.627+0000] {subprocess.py:106} INFO - 26/05/01 06:49:22 INFO BlockManagerInfo: Added broadcast_4_piece0 in memory on c05002f484b8:43049 (size: 7.6 KiB, free: 434.3 MiB)
[2026-05-01T06:49:22.628+0000] {subprocess.py:106} INFO - 26/05/01 06:49:22 INFO SparkContext: Created broadcast 4 from broadcast at DAGScheduler.scala:1585
[2026-05-01T06:49:22.629+0000] {subprocess.py:106} INFO - 26/05/01 06:49:22 INFO DAGScheduler: Submitting 1 missing tasks from ShuffleMapStage 3 (MapPartitionsRDD[9] at count at <unknown>:0) (first 15 tasks are for partitions Vector(0))
[2026-05-01T06:49:22.629+0000] {subprocess.py:106} INFO - 26/05/01 06:49:22 INFO TaskSchedulerImpl: Adding task set 3.0 with 1 tasks resource profile 0
[2026-05-01T06:49:22.648+0000] {subprocess.py:106} INFO - 26/05/01 06:49:22 INFO TaskSetManager: Starting task 0.0 in stage 3.0 (TID 2) (172.30.0.7, executor 0, partition 0, PROCESS_LOCAL, 15826 bytes)
[2026-05-01T06:49:23.063+0000] {subprocess.py:106} INFO - 26/05/01 06:49:23 INFO BlockManagerInfo: Added broadcast_4_piece0 in memory on 172.30.0.7:45953 (size: 7.6 KiB, free: 434.4 MiB)
[2026-05-01T06:49:23.125+0000] {subprocess.py:106} INFO - 26/05/01 06:49:23 INFO BlockManagerInfo: Added broadcast_3_piece0 in memory on 172.30.0.7:45953 (size: 30.2 KiB, free: 434.4 MiB)
[2026-05-01T06:49:25.256+0000] {subprocess.py:106} INFO - 26/05/01 06:49:25 INFO TaskSetManager: Finished task 0.0 in stage 3.0 (TID 2) in 2623 ms on 172.30.0.7 (executor 0) (1/1)
[2026-05-01T06:49:25.258+0000] {subprocess.py:106} INFO - 26/05/01 06:49:25 INFO TaskSchedulerImpl: Removed TaskSet 3.0, whose tasks have all completed, from pool
[2026-05-01T06:49:25.259+0000] {subprocess.py:106} INFO - 26/05/01 06:49:25 INFO DAGScheduler: ShuffleMapStage 3 (count at <unknown>:0) finished in 2.642 s
[2026-05-01T06:49:25.261+0000] {subprocess.py:106} INFO - 26/05/01 06:49:25 INFO DAGScheduler: looking for newly runnable stages
[2026-05-01T06:49:25.261+0000] {subprocess.py:106} INFO - 26/05/01 06:49:25 INFO DAGScheduler: running: Set()
[2026-05-01T06:49:25.262+0000] {subprocess.py:106} INFO - 26/05/01 06:49:25 INFO DAGScheduler: waiting: Set()
[2026-05-01T06:49:25.262+0000] {subprocess.py:106} INFO - 26/05/01 06:49:25 INFO DAGScheduler: failed: Set()
[2026-05-01T06:49:25.281+0000] {subprocess.py:106} INFO - 26/05/01 06:49:25 INFO CodeGenerator: Code generated in 12.512836 ms
[2026-05-01T06:49:25.307+0000] {subprocess.py:106} INFO - 26/05/01 06:49:25 INFO SparkContext: Starting job: count at <unknown>:0
[2026-05-01T06:49:25.309+0000] {subprocess.py:106} INFO - 26/05/01 06:49:25 INFO DAGScheduler: Got job 3 (count at <unknown>:0) with 1 output partitions
[2026-05-01T06:49:25.310+0000] {subprocess.py:106} INFO - 26/05/01 06:49:25 INFO DAGScheduler: Final stage: ResultStage 5 (count at <unknown>:0)
[2026-05-01T06:49:25.310+0000] {subprocess.py:106} INFO - 26/05/01 06:49:25 INFO DAGScheduler: Parents of final stage: List(ShuffleMapStage 4)
[2026-05-01T06:49:25.311+0000] {subprocess.py:106} INFO - 26/05/01 06:49:25 INFO DAGScheduler: Missing parents: List()
[2026-05-01T06:49:25.312+0000] {subprocess.py:106} INFO - 26/05/01 06:49:25 INFO DAGScheduler: Submitting ResultStage 5 (MapPartitionsRDD[12] at count at <unknown>:0), which has no missing parents
[2026-05-01T06:49:25.316+0000] {subprocess.py:106} INFO - 26/05/01 06:49:25 INFO MemoryStore: Block broadcast_5 stored as values in memory (estimated size 12.5 KiB, free 434.2 MiB)
[2026-05-01T06:49:25.325+0000] {subprocess.py:106} INFO - 26/05/01 06:49:25 INFO MemoryStore: Block broadcast_5_piece0 stored as bytes in memory (estimated size 5.9 KiB, free 434.2 MiB)
[2026-05-01T06:49:25.328+0000] {subprocess.py:106} INFO - 26/05/01 06:49:25 INFO BlockManagerInfo: Added broadcast_5_piece0 in memory on c05002f484b8:43049 (size: 5.9 KiB, free: 434.3 MiB)
[2026-05-01T06:49:25.329+0000] {subprocess.py:106} INFO - 26/05/01 06:49:25 INFO SparkContext: Created broadcast 5 from broadcast at DAGScheduler.scala:1585
[2026-05-01T06:49:25.332+0000] {subprocess.py:106} INFO - 26/05/01 06:49:25 INFO BlockManagerInfo: Removed broadcast_4_piece0 on c05002f484b8:43049 in memory (size: 7.6 KiB, free: 434.3 MiB)
[2026-05-01T06:49:25.332+0000] {subprocess.py:106} INFO - 26/05/01 06:49:25 INFO DAGScheduler: Submitting 1 missing tasks from ResultStage 5 (MapPartitionsRDD[12] at count at <unknown>:0) (first 15 tasks are for partitions Vector(0))
[2026-05-01T06:49:25.333+0000] {subprocess.py:106} INFO - 26/05/01 06:49:25 INFO TaskSchedulerImpl: Adding task set 5.0 with 1 tasks resource profile 0
[2026-05-01T06:49:25.334+0000] {subprocess.py:106} INFO - 26/05/01 06:49:25 INFO TaskSetManager: Starting task 0.0 in stage 5.0 (TID 3) (172.30.0.7, executor 0, partition 0, NODE_LOCAL, 9976 bytes)
[2026-05-01T06:49:25.338+0000] {subprocess.py:106} INFO - 26/05/01 06:49:25 INFO BlockManagerInfo: Removed broadcast_4_piece0 on 172.30.0.7:45953 in memory (size: 7.6 KiB, free: 434.4 MiB)
[2026-05-01T06:49:25.386+0000] {subprocess.py:106} INFO - 26/05/01 06:49:25 INFO BlockManagerInfo: Added broadcast_5_piece0 in memory on 172.30.0.7:45953 (size: 5.9 KiB, free: 434.4 MiB)
[2026-05-01T06:49:25.395+0000] {subprocess.py:106} INFO - 26/05/01 06:49:25 INFO MapOutputTrackerMasterEndpoint: Asked to send map output locations for shuffle 1 to 172.30.0.7:41266
[2026-05-01T06:49:25.436+0000] {subprocess.py:106} INFO - 26/05/01 06:49:25 INFO TaskSetManager: Finished task 0.0 in stage 5.0 (TID 3) in 103 ms on 172.30.0.7 (executor 0) (1/1)
[2026-05-01T06:49:25.437+0000] {subprocess.py:106} INFO - 26/05/01 06:49:25 INFO TaskSchedulerImpl: Removed TaskSet 5.0, whose tasks have all completed, from pool
[2026-05-01T06:49:25.439+0000] {subprocess.py:106} INFO - 26/05/01 06:49:25 INFO DAGScheduler: ResultStage 5 (count at <unknown>:0) finished in 0.124 s
[2026-05-01T06:49:25.440+0000] {subprocess.py:106} INFO - 26/05/01 06:49:25 INFO DAGScheduler: Job 3 is finished. Cancelling potential speculative or zombie tasks for this job
[2026-05-01T06:49:25.442+0000] {subprocess.py:106} INFO - 26/05/01 06:49:25 INFO TaskSchedulerImpl: Killing all running tasks in stage 5: Stage finished
[2026-05-01T06:49:25.442+0000] {subprocess.py:106} INFO - 26/05/01 06:49:25 INFO DAGScheduler: Job 3 finished: count at <unknown>:0, took 0.132009 s
[2026-05-01T06:49:25.449+0000] {subprocess.py:106} INFO - >>> Processing 63 records...
[2026-05-01T06:49:25.666+0000] {subprocess.py:106} INFO - 26/05/01 06:49:25 INFO BlockManagerInfo: Removed broadcast_5_piece0 on c05002f484b8:43049 in memory (size: 5.9 KiB, free: 434.3 MiB)
[2026-05-01T06:49:25.670+0000] {subprocess.py:106} INFO - 26/05/01 06:49:25 INFO BlockManagerInfo: Removed broadcast_5_piece0 on 172.30.0.7:45953 in memory (size: 5.9 KiB, free: 434.4 MiB)
[2026-05-01T06:49:25.884+0000] {subprocess.py:106} INFO - 26/05/01 06:49:25 INFO BlockManagerInfo: Removed broadcast_2_piece0 on c05002f484b8:43049 in memory (size: 30.3 KiB, free: 434.4 MiB)
[2026-05-01T06:49:25.900+0000] {subprocess.py:106} INFO - 26/05/01 06:49:25 INFO BlockManagerInfo: Removed broadcast_3_piece0 on c05002f484b8:43049 in memory (size: 30.2 KiB, free: 434.4 MiB)
[2026-05-01T06:49:25.904+0000] {subprocess.py:106} INFO - 26/05/01 06:49:25 INFO BlockManagerInfo: Removed broadcast_3_piece0 on 172.30.0.7:45953 in memory (size: 30.2 KiB, free: 434.4 MiB)
[2026-05-01T06:49:26.072+0000] {subprocess.py:106} INFO - >>> Writing cleaned data to Silver...
[2026-05-01T06:49:26.123+0000] {subprocess.py:106} INFO - >>> Table exists. Performing MERGE (Upsert)...
[2026-05-01T06:49:26.547+0000] {subprocess.py:106} INFO - 26/05/01 06:49:26 INFO V2ScanRelationPushDown:
[2026-05-01T06:49:26.548+0000] {subprocess.py:106} INFO - Pushing operators to iceberg.bronze.it_jobs_raw
[2026-05-01T06:49:26.548+0000] {subprocess.py:106} INFO - Pushed Filters: ingest_time IS NOT NULL, ingest_time > 1777108921882244, job_link IS NOT NULL, NOT (job_link = '')
[2026-05-01T06:49:26.549+0000] {subprocess.py:106} INFO - Post-Scan Filters: isnotnull(ingest_time#36),(ingest_time#36 > 2026-04-25 09:22:01.882244),isnotnull(trim(job_title#26, None)),NOT (trim(job_title#26, None) = ),isnotnull(upper(trim(company_name#27, None))),NOT (upper(trim(company_name#27, None)) = ),isnotnull(job_link#31),NOT (job_link#31 = )
[2026-05-01T06:49:26.550+0000] {subprocess.py:106} INFO - 
[2026-05-01T06:49:26.553+0000] {subprocess.py:106} INFO - 26/05/01 06:49:26 INFO V2ScanRelationPushDown:
[2026-05-01T06:49:26.554+0000] {subprocess.py:106} INFO - Output: job_title#26, company_name#27, location#28, skills_required#29, date_posted#30, job_link#31, job_category#32, work_mode#33, crawl_date#34, date_only#35, ingest_time#36, source#37
[2026-05-01T06:49:26.554+0000] {subprocess.py:106} INFO - 
[2026-05-01T06:49:26.566+0000] {subprocess.py:106} INFO - 26/05/01 06:49:26 INFO SnapshotScan: Scanning table iceberg.bronze.it_jobs_raw snapshot 8819792678696333799 created at 2026-05-01T06:37:54.378+00:00 with filter (((ingest_time IS NOT NULL AND ingest_time > (16-digit-int)) AND job_link IS NOT NULL) AND NOT (job_link = (hash-00000000)))
[2026-05-01T06:49:26.568+0000] {subprocess.py:106} INFO - 26/05/01 06:49:26 INFO BaseDistributedDataScan: Planning file tasks locally for table iceberg.bronze.it_jobs_raw
[2026-05-01T06:49:26.613+0000] {subprocess.py:106} INFO - 26/05/01 06:49:26 INFO SparkPartitioningAwareScan: Reporting UnknownPartitioning with 1 partition(s) for table iceberg.bronze.it_jobs_raw
[2026-05-01T06:49:26.696+0000] {subprocess.py:106} INFO - 26/05/01 06:49:26 INFO GroupBasedRowLevelOperationScanPlanning:
[2026-05-01T06:49:26.697+0000] {subprocess.py:106} INFO - Pushing operators to iceberg.silver.it_jobs_clean
[2026-05-01T06:49:26.697+0000] {subprocess.py:106} INFO - Pushed filters:
[2026-05-01T06:49:26.698+0000] {subprocess.py:106} INFO - Filters evaluated on data source side:
[2026-05-01T06:49:26.698+0000] {subprocess.py:106} INFO - Filters evaluated on Spark side:
[2026-05-01T06:49:26.698+0000] {subprocess.py:106} INFO - Output: job_title#284, company_name#285, location#286, skills_required#287, date_posted#288, job_link#289, job_category#290, work_mode#291, crawl_date#292, date_only#293, ingest_time#294, source#295, clean_time#296, _file#299
[2026-05-01T06:49:26.699+0000] {subprocess.py:106} INFO - 
[2026-05-01T06:49:26.701+0000] {subprocess.py:106} INFO - 26/05/01 06:49:26 INFO V2ScanRelationPushDown:
[2026-05-01T06:49:26.702+0000] {subprocess.py:106} INFO - Pushing operators to iceberg.bronze.it_jobs_raw
[2026-05-01T06:49:26.703+0000] {subprocess.py:106} INFO - Pushed Filters: ingest_time IS NOT NULL, ingest_time > 1777108921882244, job_link IS NOT NULL, NOT (job_link = '')
[2026-05-01T06:49:26.703+0000] {subprocess.py:106} INFO - Post-Scan Filters: isnotnull(ingest_time#36),(ingest_time#36 > 2026-04-25 09:22:01.882244),isnotnull(trim(job_title#26, None)),NOT (trim(job_title#26, None) = ),isnotnull(upper(trim(company_name#27, None))),NOT (upper(trim(company_name#27, None)) = ),isnotnull(job_link#31),NOT (job_link#31 = )
[2026-05-01T06:49:26.704+0000] {subprocess.py:106} INFO - 
[2026-05-01T06:49:26.707+0000] {subprocess.py:106} INFO - 26/05/01 06:49:26 INFO V2ScanRelationPushDown:
[2026-05-01T06:49:26.707+0000] {subprocess.py:106} INFO - Output: job_title#26, company_name#27, location#28, skills_required#29, date_posted#30, job_link#31, job_category#32, work_mode#33, crawl_date#34, date_only#35, ingest_time#36, source#37
[2026-05-01T06:49:26.708+0000] {subprocess.py:106} INFO - 
[2026-05-01T06:49:26.709+0000] {subprocess.py:106} INFO - 26/05/01 06:49:26 INFO SnapshotScan: Scanning table iceberg.silver.it_jobs_clean snapshot 4650189916692856023 created at 2026-05-01T06:38:34.716+00:00 with filter true
[2026-05-01T06:49:26.738+0000] {subprocess.py:106} INFO - 26/05/01 06:49:26 INFO SparkPartitioningAwareScan: Reporting UnknownPartitioning with 1 partition(s) for table iceberg.silver.it_jobs_clean
[2026-05-01T06:49:26.740+0000] {subprocess.py:106} INFO - 26/05/01 06:49:26 INFO SnapshotScan: Scanning table iceberg.bronze.it_jobs_raw snapshot 8819792678696333799 created at 2026-05-01T06:37:54.378+00:00 with filter (((ingest_time IS NOT NULL AND ingest_time > (16-digit-int)) AND job_link IS NOT NULL) AND NOT (job_link = (hash-00000000)))
[2026-05-01T06:49:26.741+0000] {subprocess.py:106} INFO - 26/05/01 06:49:26 INFO BaseDistributedDataScan: Planning file tasks locally for table iceberg.bronze.it_jobs_raw
[2026-05-01T06:49:26.772+0000] {subprocess.py:106} INFO - 26/05/01 06:49:26 INFO SparkPartitioningAwareScan: Reporting UnknownPartitioning with 1 partition(s) for table iceberg.bronze.it_jobs_raw
[2026-05-01T06:49:26.806+0000] {subprocess.py:106} INFO - 26/05/01 06:49:26 INFO SparkWrite: Requesting 0 bytes advisory partition size for table iceberg.silver.it_jobs_clean
[2026-05-01T06:49:26.806+0000] {subprocess.py:106} INFO - 26/05/01 06:49:26 INFO SparkWrite: Requesting UnspecifiedDistribution as write distribution for table iceberg.silver.it_jobs_clean
[2026-05-01T06:49:26.807+0000] {subprocess.py:106} INFO - 26/05/01 06:49:26 INFO SparkWrite: Requesting [] as write ordering for table iceberg.silver.it_jobs_clean
[2026-05-01T06:49:26.882+0000] {subprocess.py:106} INFO - 26/05/01 06:49:26 INFO V2ScanRelationPushDown:
[2026-05-01T06:49:26.883+0000] {subprocess.py:106} INFO - Pushing operators to iceberg.silver.it_jobs_clean
[2026-05-01T06:49:26.883+0000] {subprocess.py:106} INFO - Pushed Filters: NOT (job_link = ''), job_link IS NOT NULL
[2026-05-01T06:49:26.884+0000] {subprocess.py:106} INFO - Post-Scan Filters: NOT (job_link#421 = ),isnotnull(job_link#421)
[2026-05-01T06:49:26.884+0000] {subprocess.py:106} INFO - 
[2026-05-01T06:49:26.885+0000] {subprocess.py:106} INFO - 26/05/01 06:49:26 INFO V2ScanRelationPushDown:
[2026-05-01T06:49:26.885+0000] {subprocess.py:106} INFO - Output: job_link#421, _file#429
[2026-05-01T06:49:26.886+0000] {subprocess.py:106} INFO - 
[2026-05-01T06:49:26.886+0000] {subprocess.py:106} INFO - 26/05/01 06:49:26 INFO SnapshotScan: Scanning table iceberg.silver.it_jobs_clean snapshot 4650189916692856023 created at 2026-05-01T06:38:34.716+00:00 with filter (NOT (job_link = (hash-00000000)) AND job_link IS NOT NULL)
[2026-05-01T06:49:26.887+0000] {subprocess.py:106} INFO - 26/05/01 06:49:26 INFO BaseDistributedDataScan: Planning file tasks locally for table iceberg.silver.it_jobs_clean
[2026-05-01T06:49:26.910+0000] {subprocess.py:106} INFO - 26/05/01 06:49:26 INFO SparkPartitioningAwareScan: Reporting UnknownPartitioning with 1 partition(s) for table iceberg.silver.it_jobs_clean
[2026-05-01T06:49:26.910+0000] {subprocess.py:106} INFO - 26/05/01 06:49:26 INFO SparkPartitioningAwareScan: Reporting UnknownPartitioning with 1 partition(s) for table iceberg.bronze.it_jobs_raw
[2026-05-01T06:49:27.010+0000] {subprocess.py:106} INFO - 26/05/01 06:49:27 INFO MemoryStore: Block broadcast_6 stored as values in memory (estimated size 32.0 KiB, free 434.4 MiB)
[2026-05-01T06:49:27.025+0000] {subprocess.py:106} INFO - 26/05/01 06:49:27 INFO MemoryStore: Block broadcast_6_piece0 stored as bytes in memory (estimated size 30.4 KiB, free 434.3 MiB)
[2026-05-01T06:49:27.028+0000] {subprocess.py:106} INFO - 26/05/01 06:49:27 INFO BlockManagerInfo: Added broadcast_6_piece0 in memory on c05002f484b8:43049 (size: 30.4 KiB, free: 434.4 MiB)
[2026-05-01T06:49:27.030+0000] {subprocess.py:106} INFO - 26/05/01 06:49:27 INFO SparkContext: Created broadcast 6 from broadcast at SparkBatch.java:79
[2026-05-01T06:49:27.048+0000] {subprocess.py:106} INFO - 26/05/01 06:49:27 INFO MemoryStore: Block broadcast_7 stored as values in memory (estimated size 32.0 KiB, free 434.3 MiB)
[2026-05-01T06:49:27.052+0000] {subprocess.py:106} INFO - 26/05/01 06:49:27 INFO MemoryStore: Block broadcast_7_piece0 stored as bytes in memory (estimated size 30.2 KiB, free 434.3 MiB)
[2026-05-01T06:49:27.054+0000] {subprocess.py:106} INFO - 26/05/01 06:49:27 INFO BlockManagerInfo: Added broadcast_7_piece0 in memory on c05002f484b8:43049 (size: 30.2 KiB, free: 434.3 MiB)
[2026-05-01T06:49:27.055+0000] {subprocess.py:106} INFO - 26/05/01 06:49:27 INFO SparkContext: Created broadcast 7 from broadcast at SparkBatch.java:79
[2026-05-01T06:49:27.100+0000] {subprocess.py:106} INFO - 26/05/01 06:49:27 INFO MemoryStore: Block broadcast_8 stored as values in memory (estimated size 32.0 KiB, free 434.2 MiB)
[2026-05-01T06:49:27.103+0000] {subprocess.py:106} INFO - 26/05/01 06:49:27 INFO MemoryStore: Block broadcast_8_piece0 stored as bytes in memory (estimated size 30.4 KiB, free 434.2 MiB)
[2026-05-01T06:49:27.105+0000] {subprocess.py:106} INFO - 26/05/01 06:49:27 INFO BlockManagerInfo: Added broadcast_8_piece0 in memory on c05002f484b8:43049 (size: 30.4 KiB, free: 434.3 MiB)
[2026-05-01T06:49:27.107+0000] {subprocess.py:106} INFO - 26/05/01 06:49:27 INFO SparkContext: Created broadcast 8 from broadcast at SparkBatch.java:79
[2026-05-01T06:49:27.113+0000] {subprocess.py:106} INFO - 26/05/01 06:49:27 INFO MemoryStore: Block broadcast_9 stored as values in memory (estimated size 32.0 KiB, free 434.2 MiB)
[2026-05-01T06:49:27.129+0000] {subprocess.py:106} INFO - 26/05/01 06:49:27 INFO MemoryStore: Block broadcast_9_piece0 stored as bytes in memory (estimated size 30.2 KiB, free 434.2 MiB)
[2026-05-01T06:49:27.130+0000] {subprocess.py:106} INFO - 26/05/01 06:49:27 INFO BlockManagerInfo: Added broadcast_9_piece0 in memory on c05002f484b8:43049 (size: 30.2 KiB, free: 434.3 MiB)
[2026-05-01T06:49:27.136+0000] {subprocess.py:106} INFO - 26/05/01 06:49:27 INFO SparkContext: Created broadcast 9 from broadcast at SparkBatch.java:79
[2026-05-01T06:49:27.161+0000] {subprocess.py:106} INFO - 26/05/01 06:49:27 INFO MemoryStore: Block broadcast_10 stored as values in memory (estimated size 32.0 KiB, free 434.1 MiB)
[2026-05-01T06:49:27.164+0000] {subprocess.py:106} INFO - 26/05/01 06:49:27 INFO MemoryStore: Block broadcast_10_piece0 stored as bytes in memory (estimated size 30.4 KiB, free 434.1 MiB)
[2026-05-01T06:49:27.179+0000] {subprocess.py:106} INFO - 26/05/01 06:49:27 INFO BlockManagerInfo: Added broadcast_10_piece0 in memory on c05002f484b8:43049 (size: 30.4 KiB, free: 434.3 MiB)
[2026-05-01T06:49:27.180+0000] {subprocess.py:106} INFO - 26/05/01 06:49:27 INFO SparkContext: Created broadcast 10 from broadcast at SparkBatch.java:79
[2026-05-01T06:49:27.185+0000] {subprocess.py:106} INFO - 26/05/01 06:49:27 INFO MemoryStore: Block broadcast_11 stored as values in memory (estimated size 32.0 KiB, free 434.1 MiB)
[2026-05-01T06:49:27.189+0000] {subprocess.py:106} INFO - 26/05/01 06:49:27 INFO MemoryStore: Block broadcast_11_piece0 stored as bytes in memory (estimated size 30.2 KiB, free 434.0 MiB)
[2026-05-01T06:49:27.191+0000] {subprocess.py:106} INFO - 26/05/01 06:49:27 INFO BlockManagerInfo: Added broadcast_11_piece0 in memory on c05002f484b8:43049 (size: 30.2 KiB, free: 434.2 MiB)
[2026-05-01T06:49:27.192+0000] {subprocess.py:106} INFO - 26/05/01 06:49:27 INFO SparkContext: Created broadcast 11 from broadcast at SparkBatch.java:79
[2026-05-01T06:49:27.330+0000] {subprocess.py:106} INFO - 26/05/01 06:49:27 INFO CodeGenerator: Code generated in 31.345824 ms
[2026-05-01T06:49:27.405+0000] {subprocess.py:106} INFO - 26/05/01 06:49:27 INFO CodeGenerator: Code generated in 66.36827 ms
[2026-05-01T06:49:27.476+0000] {subprocess.py:106} INFO - 26/05/01 06:49:27 INFO DAGScheduler: Registering RDD 16 ($anonfun$withThreadLocalCaptured$1 at <unknown>:0) as input to shuffle 2
[2026-05-01T06:49:27.477+0000] {subprocess.py:106} INFO - 26/05/01 06:49:27 INFO DAGScheduler: Got map stage job 4 ($anonfun$withThreadLocalCaptured$1 at <unknown>:0) with 1 output partitions
[2026-05-01T06:49:27.478+0000] {subprocess.py:106} INFO - 26/05/01 06:49:27 INFO DAGScheduler: Final stage: ShuffleMapStage 6 ($anonfun$withThreadLocalCaptured$1 at <unknown>:0)
[2026-05-01T06:49:27.484+0000] {subprocess.py:106} INFO - 26/05/01 06:49:27 INFO DAGScheduler: Parents of final stage: List()
[2026-05-01T06:49:27.485+0000] {subprocess.py:106} INFO - 26/05/01 06:49:27 INFO DAGScheduler: Missing parents: List()
[2026-05-01T06:49:27.485+0000] {subprocess.py:106} INFO - 26/05/01 06:49:27 INFO DAGScheduler: Submitting ShuffleMapStage 6 (MapPartitionsRDD[16] at $anonfun$withThreadLocalCaptured$1 at <unknown>:0), which has no missing parents
[2026-05-01T06:49:27.487+0000] {subprocess.py:106} INFO - 26/05/01 06:49:27 INFO MemoryStore: Block broadcast_12 stored as values in memory (estimated size 44.9 KiB, free 434.0 MiB)
[2026-05-01T06:49:27.497+0000] {subprocess.py:106} INFO - 26/05/01 06:49:27 INFO MemoryStore: Block broadcast_12_piece0 stored as bytes in memory (estimated size 18.7 KiB, free 434.0 MiB)
[2026-05-01T06:49:27.504+0000] {subprocess.py:106} INFO - 26/05/01 06:49:27 INFO BlockManagerInfo: Added broadcast_12_piece0 in memory on c05002f484b8:43049 (size: 18.7 KiB, free: 434.2 MiB)
[2026-05-01T06:49:27.505+0000] {subprocess.py:106} INFO - 26/05/01 06:49:27 INFO SparkContext: Created broadcast 12 from broadcast at DAGScheduler.scala:1585
[2026-05-01T06:49:27.506+0000] {subprocess.py:106} INFO - 26/05/01 06:49:27 INFO DAGScheduler: Submitting 1 missing tasks from ShuffleMapStage 6 (MapPartitionsRDD[16] at $anonfun$withThreadLocalCaptured$1 at <unknown>:0) (first 15 tasks are for partitions Vector(0))
[2026-05-01T06:49:27.507+0000] {subprocess.py:106} INFO - 26/05/01 06:49:27 INFO TaskSchedulerImpl: Adding task set 6.0 with 1 tasks resource profile 0
[2026-05-01T06:49:27.510+0000] {subprocess.py:106} INFO - 26/05/01 06:49:27 INFO TaskSetManager: Starting task 0.0 in stage 6.0 (TID 4) (172.30.0.7, executor 0, partition 0, PROCESS_LOCAL, 16750 bytes)
[2026-05-01T06:49:27.537+0000] {subprocess.py:106} INFO - 26/05/01 06:49:27 INFO BlockManagerInfo: Added broadcast_12_piece0 in memory on 172.30.0.7:45953 (size: 18.7 KiB, free: 434.4 MiB)
[2026-05-01T06:49:28.078+0000] {subprocess.py:106} INFO - 26/05/01 06:49:28 INFO BlockManagerInfo: Added broadcast_9_piece0 in memory on 172.30.0.7:45953 (size: 30.2 KiB, free: 434.4 MiB)
[2026-05-01T06:49:28.273+0000] {subprocess.py:106} INFO - 26/05/01 06:49:28 INFO TaskSetManager: Finished task 0.0 in stage 6.0 (TID 4) in 768 ms on 172.30.0.7 (executor 0) (1/1)
[2026-05-01T06:49:28.275+0000] {subprocess.py:106} INFO - 26/05/01 06:49:28 INFO TaskSchedulerImpl: Removed TaskSet 6.0, whose tasks have all completed, from pool
[2026-05-01T06:49:28.276+0000] {subprocess.py:106} INFO - 26/05/01 06:49:28 INFO DAGScheduler: ShuffleMapStage 6 ($anonfun$withThreadLocalCaptured$1 at <unknown>:0) finished in 0.793 s
[2026-05-01T06:49:28.276+0000] {subprocess.py:106} INFO - 26/05/01 06:49:28 INFO DAGScheduler: looking for newly runnable stages
[2026-05-01T06:49:28.277+0000] {subprocess.py:106} INFO - 26/05/01 06:49:28 INFO DAGScheduler: running: Set()
[2026-05-01T06:49:28.277+0000] {subprocess.py:106} INFO - 26/05/01 06:49:28 INFO DAGScheduler: waiting: Set()
[2026-05-01T06:49:28.278+0000] {subprocess.py:106} INFO - 26/05/01 06:49:28 INFO DAGScheduler: failed: Set()
[2026-05-01T06:49:28.285+0000] {subprocess.py:106} INFO - 26/05/01 06:49:28 INFO MemoryStore: Block broadcast_13 stored as values in memory (estimated size 40.0 B, free 434.0 MiB)
[2026-05-01T06:49:28.299+0000] {subprocess.py:106} INFO - 26/05/01 06:49:28 INFO MemoryStore: Block broadcast_13_piece0 stored as bytes in memory (estimated size 86.0 B, free 434.0 MiB)
[2026-05-01T06:49:28.303+0000] {subprocess.py:106} INFO - 26/05/01 06:49:28 INFO BlockManagerInfo: Added broadcast_13_piece0 in memory on c05002f484b8:43049 (size: 86.0 B, free: 434.2 MiB)
[2026-05-01T06:49:28.304+0000] {subprocess.py:106} INFO - 26/05/01 06:49:28 INFO SparkContext: Created broadcast 13 from sql at <unknown>:0
[2026-05-01T06:49:28.307+0000] {subprocess.py:106} INFO - 26/05/01 06:49:28 INFO BlockManagerInfo: Removed broadcast_12_piece0 on c05002f484b8:43049 in memory (size: 18.7 KiB, free: 434.2 MiB)
[2026-05-01T06:49:28.311+0000] {subprocess.py:106} INFO - 26/05/01 06:49:28 INFO BlockManagerInfo: Removed broadcast_12_piece0 on 172.30.0.7:45953 in memory (size: 18.7 KiB, free: 434.4 MiB)
[2026-05-01T06:49:28.323+0000] {subprocess.py:106} INFO - 26/05/01 06:49:28 INFO SparkCopyOnWriteScan: 0 of 2 task(s) for table iceberg.silver.it_jobs_clean matched runtime file filter with 0 location(s)
[2026-05-01T06:49:28.328+0000] {subprocess.py:106} INFO - 26/05/01 06:49:28 INFO MemoryStore: Block broadcast_14 stored as values in memory (estimated size 32.0 KiB, free 434.0 MiB)
[2026-05-01T06:49:28.329+0000] {subprocess.py:106} INFO - 26/05/01 06:49:28 INFO MemoryStore: Block broadcast_14_piece0 stored as bytes in memory (estimated size 30.4 KiB, free 434.0 MiB)
[2026-05-01T06:49:28.330+0000] {subprocess.py:106} INFO - 26/05/01 06:49:28 INFO BlockManagerInfo: Added broadcast_14_piece0 in memory on c05002f484b8:43049 (size: 30.4 KiB, free: 434.2 MiB)
[2026-05-01T06:49:28.333+0000] {subprocess.py:106} INFO - 26/05/01 06:49:28 INFO SparkContext: Created broadcast 14 from broadcast at SparkBatch.java:79
[2026-05-01T06:49:28.378+0000] {subprocess.py:106} INFO - 26/05/01 06:49:28 INFO CodeGenerator: Code generated in 16.228663 ms
[2026-05-01T06:49:28.429+0000] {subprocess.py:106} INFO - 26/05/01 06:49:28 INFO BlockManagerInfo: Removed broadcast_14_piece0 on c05002f484b8:43049 in memory (size: 30.4 KiB, free: 434.2 MiB)
[2026-05-01T06:49:28.438+0000] {subprocess.py:106} INFO - 26/05/01 06:49:28 INFO CodeGenerator: Code generated in 37.356417 ms
[2026-05-01T06:49:28.509+0000] {subprocess.py:106} INFO - 26/05/01 06:49:28 INFO DAGScheduler: Registering RDD 26 (sql at <unknown>:0) as input to shuffle 3
[2026-05-01T06:49:28.513+0000] {subprocess.py:106} INFO - 26/05/01 06:49:28 INFO DAGScheduler: Got map stage job 5 (sql at <unknown>:0) with 1 output partitions
[2026-05-01T06:49:28.514+0000] {subprocess.py:106} INFO - 26/05/01 06:49:28 INFO DAGScheduler: Final stage: ShuffleMapStage 7 (sql at <unknown>:0)
[2026-05-01T06:49:28.515+0000] {subprocess.py:106} INFO - 26/05/01 06:49:28 INFO DAGScheduler: Parents of final stage: List()
[2026-05-01T06:49:28.524+0000] {subprocess.py:106} INFO - 26/05/01 06:49:28 INFO DAGScheduler: Missing parents: List()
[2026-05-01T06:49:28.528+0000] {subprocess.py:106} INFO - 26/05/01 06:49:28 INFO DAGScheduler: Submitting ShuffleMapStage 7 (MapPartitionsRDD[26] at sql at <unknown>:0), which has no missing parents
[2026-05-01T06:49:28.552+0000] {subprocess.py:106} INFO - 26/05/01 06:49:28 INFO MemoryStore: Block broadcast_15 stored as values in memory (estimated size 59.0 KiB, free 434.0 MiB)
[2026-05-01T06:49:28.567+0000] {subprocess.py:106} INFO - 26/05/01 06:49:28 INFO MemoryStore: Block broadcast_15_piece0 stored as bytes in memory (estimated size 22.9 KiB, free 434.0 MiB)
[2026-05-01T06:49:28.567+0000] {subprocess.py:106} INFO - 26/05/01 06:49:28 INFO BlockManagerInfo: Added broadcast_15_piece0 in memory on c05002f484b8:43049 (size: 22.9 KiB, free: 434.2 MiB)
[2026-05-01T06:49:28.568+0000] {subprocess.py:106} INFO - 26/05/01 06:49:28 INFO SparkContext: Created broadcast 15 from broadcast at DAGScheduler.scala:1585
[2026-05-01T06:49:28.569+0000] {subprocess.py:106} INFO - 26/05/01 06:49:28 INFO DAGScheduler: Submitting 1 missing tasks from ShuffleMapStage 7 (MapPartitionsRDD[26] at sql at <unknown>:0) (first 15 tasks are for partitions Vector(0))
[2026-05-01T06:49:28.570+0000] {subprocess.py:106} INFO - 26/05/01 06:49:28 INFO TaskSchedulerImpl: Adding task set 7.0 with 1 tasks resource profile 0
[2026-05-01T06:49:28.572+0000] {subprocess.py:106} INFO - 26/05/01 06:49:28 INFO TaskSetManager: Starting task 0.0 in stage 7.0 (TID 5) (172.30.0.7, executor 0, partition 0, PROCESS_LOCAL, 16750 bytes)
[2026-05-01T06:49:28.591+0000] {subprocess.py:106} INFO - 26/05/01 06:49:28 INFO BlockManagerInfo: Added broadcast_15_piece0 in memory on 172.30.0.7:45953 (size: 22.9 KiB, free: 434.3 MiB)
[2026-05-01T06:49:29.013+0000] {subprocess.py:106} INFO - 26/05/01 06:49:29 INFO BlockManagerInfo: Added broadcast_11_piece0 in memory on 172.30.0.7:45953 (size: 30.2 KiB, free: 434.3 MiB)
[2026-05-01T06:49:29.211+0000] {subprocess.py:106} INFO - 26/05/01 06:49:29 INFO TaskSetManager: Finished task 0.0 in stage 7.0 (TID 5) in 644 ms on 172.30.0.7 (executor 0) (1/1)
[2026-05-01T06:49:29.213+0000] {subprocess.py:106} INFO - 26/05/01 06:49:29 INFO TaskSchedulerImpl: Removed TaskSet 7.0, whose tasks have all completed, from pool
[2026-05-01T06:49:29.218+0000] {subprocess.py:106} INFO - 26/05/01 06:49:29 INFO DAGScheduler: ShuffleMapStage 7 (sql at <unknown>:0) finished in 0.687 s
[2026-05-01T06:49:29.222+0000] {subprocess.py:106} INFO - 26/05/01 06:49:29 INFO DAGScheduler: looking for newly runnable stages
[2026-05-01T06:49:29.223+0000] {subprocess.py:106} INFO - 26/05/01 06:49:29 INFO DAGScheduler: running: Set()
[2026-05-01T06:49:29.223+0000] {subprocess.py:106} INFO - 26/05/01 06:49:29 INFO DAGScheduler: waiting: Set()
[2026-05-01T06:49:29.224+0000] {subprocess.py:106} INFO - 26/05/01 06:49:29 INFO DAGScheduler: failed: Set()
[2026-05-01T06:49:29.232+0000] {subprocess.py:106} INFO - 26/05/01 06:49:29 INFO ShufflePartitionsUtil: For shuffle(3), advisory target size: 67108864, actual target size 1048576, minimum partition size: 1048576
[2026-05-01T06:49:29.265+0000] {subprocess.py:106} INFO - 26/05/01 06:49:29 WARN SparkStringUtils: Truncated the string representation of a plan since it was too large. This behavior can be adjusted by setting 'spark.sql.debug.maxToStringFields'.
[2026-05-01T06:49:29.291+0000] {subprocess.py:106} INFO - 26/05/01 06:49:29 INFO CodeGenerator: Code generated in 14.483658 ms
[2026-05-01T06:49:29.316+0000] {subprocess.py:106} INFO - 26/05/01 06:49:29 INFO BlockManagerInfo: Removed broadcast_15_piece0 on c05002f484b8:43049 in memory (size: 22.9 KiB, free: 434.2 MiB)
[2026-05-01T06:49:29.321+0000] {subprocess.py:106} INFO - 26/05/01 06:49:29 INFO BlockManagerInfo: Removed broadcast_15_piece0 on 172.30.0.7:45953 in memory (size: 22.9 KiB, free: 434.3 MiB)
[2026-05-01T06:49:29.338+0000] {subprocess.py:106} INFO - 26/05/01 06:49:29 INFO CodeGenerator: Code generated in 31.344378 ms
[2026-05-01T06:49:29.358+0000] {subprocess.py:106} INFO - 26/05/01 06:49:29 INFO CodeGenerator: Code generated in 12.137388 ms
[2026-05-01T06:49:29.408+0000] {subprocess.py:106} INFO - 26/05/01 06:49:29 INFO MemoryStore: Block broadcast_16 stored as values in memory (estimated size 32.0 KiB, free 434.0 MiB)
[2026-05-01T06:49:29.416+0000] {subprocess.py:106} INFO - 26/05/01 06:49:29 INFO MemoryStore: Block broadcast_16_piece0 stored as bytes in memory (estimated size 30.3 KiB, free 434.0 MiB)
[2026-05-01T06:49:29.417+0000] {subprocess.py:106} INFO - 26/05/01 06:49:29 INFO BlockManagerInfo: Added broadcast_16_piece0 in memory on c05002f484b8:43049 (size: 30.3 KiB, free: 434.2 MiB)
[2026-05-01T06:49:29.418+0000] {subprocess.py:106} INFO - 26/05/01 06:49:29 INFO SparkContext: Created broadcast 16 from broadcast at SparkWrite.java:193
[2026-05-01T06:49:29.421+0000] {subprocess.py:106} INFO - 26/05/01 06:49:29 INFO ReplaceDataExec: Start processing data source write support: IcebergBatchWrite(table=iceberg.silver.it_jobs_clean, format=PARQUET). The input RDD has 1 partitions.
[2026-05-01T06:49:29.431+0000] {subprocess.py:106} INFO - 26/05/01 06:49:29 INFO SparkContext: Starting job: sql at <unknown>:0
[2026-05-01T06:49:29.432+0000] {subprocess.py:106} INFO - 26/05/01 06:49:29 INFO DAGScheduler: Got job 6 (sql at <unknown>:0) with 1 output partitions
[2026-05-01T06:49:29.436+0000] {subprocess.py:106} INFO - 26/05/01 06:49:29 INFO DAGScheduler: Final stage: ResultStage 9 (sql at <unknown>:0)
[2026-05-01T06:49:29.437+0000] {subprocess.py:106} INFO - 26/05/01 06:49:29 INFO DAGScheduler: Parents of final stage: List(ShuffleMapStage 8)
[2026-05-01T06:49:29.437+0000] {subprocess.py:106} INFO - 26/05/01 06:49:29 INFO DAGScheduler: Missing parents: List()
[2026-05-01T06:49:29.439+0000] {subprocess.py:106} INFO - 26/05/01 06:49:29 INFO DAGScheduler: Submitting ResultStage 9 (MapPartitionsRDD[32] at sql at <unknown>:0), which has no missing parents
[2026-05-01T06:49:29.446+0000] {subprocess.py:106} INFO - 26/05/01 06:49:29 INFO MemoryStore: Block broadcast_17 stored as values in memory (estimated size 97.3 KiB, free 433.9 MiB)
[2026-05-01T06:49:29.447+0000] {subprocess.py:106} INFO - 26/05/01 06:49:29 INFO MemoryStore: Block broadcast_17_piece0 stored as bytes in memory (estimated size 33.5 KiB, free 433.8 MiB)
[2026-05-01T06:49:29.448+0000] {subprocess.py:106} INFO - 26/05/01 06:49:29 INFO BlockManagerInfo: Added broadcast_17_piece0 in memory on c05002f484b8:43049 (size: 33.5 KiB, free: 434.2 MiB)
[2026-05-01T06:49:29.448+0000] {subprocess.py:106} INFO - 26/05/01 06:49:29 INFO SparkContext: Created broadcast 17 from broadcast at DAGScheduler.scala:1585
[2026-05-01T06:49:29.452+0000] {subprocess.py:106} INFO - 26/05/01 06:49:29 INFO DAGScheduler: Submitting 1 missing tasks from ResultStage 9 (MapPartitionsRDD[32] at sql at <unknown>:0) (first 15 tasks are for partitions Vector(0))
[2026-05-01T06:49:29.452+0000] {subprocess.py:106} INFO - 26/05/01 06:49:29 INFO TaskSchedulerImpl: Adding task set 9.0 with 1 tasks resource profile 0
[2026-05-01T06:49:29.453+0000] {subprocess.py:106} INFO - 26/05/01 06:49:29 INFO TaskSetManager: Starting task 0.0 in stage 9.0 (TID 6) (172.30.0.7, executor 0, partition 0, PROCESS_LOCAL, 9976 bytes)
[2026-05-01T06:49:29.480+0000] {subprocess.py:106} INFO - 26/05/01 06:49:29 INFO BlockManagerInfo: Added broadcast_17_piece0 in memory on 172.30.0.7:45953 (size: 33.5 KiB, free: 434.3 MiB)
[2026-05-01T06:49:29.543+0000] {subprocess.py:106} INFO - 26/05/01 06:49:29 INFO MapOutputTrackerMasterEndpoint: Asked to send map output locations for shuffle 3 to 172.30.0.7:41266
[2026-05-01T06:49:29.735+0000] {subprocess.py:106} INFO - 26/05/01 06:49:29 INFO BlockManagerInfo: Added broadcast_16_piece0 in memory on 172.30.0.7:45953 (size: 30.3 KiB, free: 434.3 MiB)
[2026-05-01T06:49:30.004+0000] {subprocess.py:106} INFO - 26/05/01 06:49:30 INFO TaskSetManager: Finished task 0.0 in stage 9.0 (TID 6) in 550 ms on 172.30.0.7 (executor 0) (1/1)
[2026-05-01T06:49:30.005+0000] {subprocess.py:106} INFO - 26/05/01 06:49:30 INFO TaskSchedulerImpl: Removed TaskSet 9.0, whose tasks have all completed, from pool
[2026-05-01T06:49:30.005+0000] {subprocess.py:106} INFO - 26/05/01 06:49:30 INFO DAGScheduler: ResultStage 9 (sql at <unknown>:0) finished in 0.564 s
[2026-05-01T06:49:30.006+0000] {subprocess.py:106} INFO - 26/05/01 06:49:30 INFO DAGScheduler: Job 6 is finished. Cancelling potential speculative or zombie tasks for this job
[2026-05-01T06:49:30.010+0000] {subprocess.py:106} INFO - 26/05/01 06:49:30 INFO TaskSchedulerImpl: Killing all running tasks in stage 9: Stage finished
[2026-05-01T06:49:30.011+0000] {subprocess.py:106} INFO - 26/05/01 06:49:30 INFO DAGScheduler: Job 6 finished: sql at <unknown>:0, took 0.573121 s
[2026-05-01T06:49:30.012+0000] {subprocess.py:106} INFO - 26/05/01 06:49:30 INFO ReplaceDataExec: Data source write support IcebergBatchWrite(table=iceberg.silver.it_jobs_clean, format=PARQUET) is committing.
[2026-05-01T06:49:30.036+0000] {subprocess.py:106} INFO - 26/05/01 06:49:30 INFO SparkWrite: Committing overwrite of 0 data files with 0 new data files, scanSnapshotId: 4650189916692856023, conflictDetectionFilter: true to table iceberg.silver.it_jobs_clean
[2026-05-01T06:49:30.329+0000] {subprocess.py:106} INFO - 26/05/01 06:49:30 INFO BlockManagerInfo: Removed broadcast_17_piece0 on c05002f484b8:43049 in memory (size: 33.5 KiB, free: 434.2 MiB)
[2026-05-01T06:49:30.332+0000] {subprocess.py:106} INFO - 26/05/01 06:49:30 INFO BlockManagerInfo: Removed broadcast_17_piece0 on 172.30.0.7:45953 in memory (size: 33.5 KiB, free: 434.3 MiB)
[2026-05-01T06:49:30.697+0000] {subprocess.py:106} INFO - 26/05/01 06:49:30 INFO HiveTableOperations: Committed to table iceberg.silver.it_jobs_clean with the new metadata location s3a://warehouse/iceberg_data/silver.db/it_jobs_clean/metadata/00004-05075405-28f8-4d03-9441-80bbc70090b9.metadata.json
[2026-05-01T06:49:30.703+0000] {subprocess.py:106} INFO - 26/05/01 06:49:30 INFO BaseMetastoreTableOperations: Successfully committed to table iceberg.silver.it_jobs_clean in 242 ms
[2026-05-01T06:49:30.705+0000] {subprocess.py:106} INFO - 26/05/01 06:49:30 INFO SnapshotProducer: Committed snapshot 1323815688195362383 (BaseOverwriteFiles)
[2026-05-01T06:49:30.739+0000] {subprocess.py:106} INFO - 26/05/01 06:49:30 INFO BaseMetastoreTableOperations: Refreshing table metadata from new version: s3a://warehouse/iceberg_data/silver.db/it_jobs_clean/metadata/00004-05075405-28f8-4d03-9441-80bbc70090b9.metadata.json
[2026-05-01T06:49:30.830+0000] {subprocess.py:106} INFO - 26/05/01 06:49:30 INFO LoggingMetricsReporter: Received metrics report: CommitReport{tableName=iceberg.silver.it_jobs_clean, snapshotId=1323815688195362383, sequenceNumber=5, operation=overwrite, commitMetrics=CommitMetricsResult{totalDuration=TimerResult{timeUnit=NANOSECONDS, totalDuration=PT0.76625959S, count=1}, attempts=CounterResult{unit=COUNT, value=1}, addedDataFiles=null, removedDataFiles=null, totalDataFiles=CounterResult{unit=COUNT, value=2}, addedDeleteFiles=null, addedEqualityDeleteFiles=null, addedPositionalDeleteFiles=null, removedDeleteFiles=null, removedEqualityDeleteFiles=null, removedPositionalDeleteFiles=null, totalDeleteFiles=CounterResult{unit=COUNT, value=0}, addedRecords=null, removedRecords=null, totalRecords=CounterResult{unit=COUNT, value=13926}, addedFilesSizeInBytes=null, removedFilesSizeInBytes=null, totalFilesSizeInBytes=CounterResult{unit=BYTES, value=529243}, addedPositionalDeletes=null, removedPositionalDeletes=null, totalPositionalDeletes=CounterResult{unit=COUNT, value=0}, addedEqualityDeletes=null, removedEqualityDeletes=null, totalEqualityDeletes=CounterResult{unit=COUNT, value=0}}, metadata={engine-version=3.5.3, app-id=app-20260501064911-0001, engine-name=spark, iceberg-version=Apache Iceberg 1.6.1 (commit 8e9d59d299be42b0bca9461457cd1e95dbaad086)}}
[2026-05-01T06:49:30.831+0000] {subprocess.py:106} INFO - 26/05/01 06:49:30 INFO SparkWrite: Committed in 792 ms
[2026-05-01T06:49:30.832+0000] {subprocess.py:106} INFO - 26/05/01 06:49:30 INFO ReplaceDataExec: Data source write support IcebergBatchWrite(table=iceberg.silver.it_jobs_clean, format=PARQUET) committed.
[2026-05-01T06:49:30.836+0000] {subprocess.py:106} INFO - >>> SUCCESS: Data Merged (Upsert).
[2026-05-01T06:49:30.837+0000] {subprocess.py:106} INFO - 26/05/01 06:49:30 INFO SparkContext: SparkContext is stopping with exitCode 0.
[2026-05-01T06:49:30.852+0000] {subprocess.py:106} INFO - 26/05/01 06:49:30 INFO SparkUI: Stopped Spark web UI at http://c05002f484b8:4040
[2026-05-01T06:49:30.878+0000] {subprocess.py:106} INFO - 26/05/01 06:49:30 INFO StandaloneSchedulerBackend: Shutting down all executors
[2026-05-01T06:49:30.885+0000] {subprocess.py:106} INFO - 26/05/01 06:49:30 INFO StandaloneSchedulerBackend$StandaloneDriverEndpoint: Asking each executor to shut down
[2026-05-01T06:49:30.929+0000] {subprocess.py:106} INFO - 26/05/01 06:49:30 INFO MapOutputTrackerMasterEndpoint: MapOutputTrackerMasterEndpoint stopped!
[2026-05-01T06:49:30.997+0000] {subprocess.py:106} INFO - 26/05/01 06:49:30 INFO MemoryStore: MemoryStore cleared
[2026-05-01T06:49:31.000+0000] {subprocess.py:106} INFO - 26/05/01 06:49:30 INFO BlockManager: BlockManager stopped
[2026-05-01T06:49:31.009+0000] {subprocess.py:106} INFO - 26/05/01 06:49:31 INFO BlockManagerMaster: BlockManagerMaster stopped
[2026-05-01T06:49:31.019+0000] {subprocess.py:106} INFO - 26/05/01 06:49:31 INFO OutputCommitCoordinator$OutputCommitCoordinatorEndpoint: OutputCommitCoordinator stopped!
[2026-05-01T06:49:31.077+0000] {subprocess.py:106} INFO - 26/05/01 06:49:31 INFO SparkContext: Successfully stopped SparkContext
[2026-05-01T06:49:31.389+0000] {subprocess.py:106} INFO - 26/05/01 06:49:31 INFO ShutdownHookManager: Shutdown hook called
[2026-05-01T06:49:31.390+0000] {subprocess.py:106} INFO - 26/05/01 06:49:31 INFO ShutdownHookManager: Deleting directory /tmp/spark-43c88adf-2f12-45d7-b0ae-bae953eb984c
[2026-05-01T06:49:31.393+0000] {subprocess.py:106} INFO - 26/05/01 06:49:31 INFO ShutdownHookManager: Deleting directory /tmp/spark-60f4918a-1e33-4de1-9cc8-456478d31641
[2026-05-01T06:49:31.395+0000] {subprocess.py:106} INFO - 26/05/01 06:49:31 INFO ShutdownHookManager: Deleting directory /tmp/spark-60f4918a-1e33-4de1-9cc8-456478d31641/pyspark-989f354d-092b-4788-9265-05363c228529
[2026-05-01T06:49:31.400+0000] {subprocess.py:106} INFO - 26/05/01 06:49:31 INFO MetricsSystemImpl: Stopping s3a-file-system metrics system...
[2026-05-01T06:49:31.401+0000] {subprocess.py:106} INFO - 26/05/01 06:49:31 INFO MetricsSystemImpl: s3a-file-system metrics system stopped.
[2026-05-01T06:49:31.401+0000] {subprocess.py:106} INFO - 26/05/01 06:49:31 INFO MetricsSystemImpl: s3a-file-system metrics system shutdown complete.
[2026-05-01T06:49:31.465+0000] {subprocess.py:110} INFO - Command exited with return code 0
[2026-05-01T06:49:31.523+0000] {taskinstance.py:341} INFO - ::group::Post task execution logs
[2026-05-01T06:49:31.524+0000] {taskinstance.py:353} INFO - Marking task as SUCCESS. dag_id=crawl_etl_itjob, task_id=clean_silver, run_id=scheduled__2026-04-27T02:00:00+00:00, execution_date=20260427T020000, start_date=20260501T064904, end_date=20260501T064931
[2026-05-01T06:49:31.619+0000] {local_task_job_runner.py:266} INFO - Task exited with return code 0
[2026-05-01T06:49:31.649+0000] {taskinstance.py:3901} INFO - 1 downstream tasks scheduled from follow-on schedule check
[2026-05-01T06:49:31.651+0000] {local_task_job_runner.py:245} INFO - ::endgroup::
