[2026-05-27T08:33:14.780+0000] {local_task_job_runner.py:123} INFO - ::group::Pre task execution logs
[2026-05-27T08:33:14.881+0000] {taskinstance.py:2614} INFO - Dependencies all met for dep_context=non-requeueable deps ti=<TaskInstance: crawl_etl_itjob.build_gold scheduled__2026-05-26T02:00:00+00:00 [queued]>
[2026-05-27T08:33:14.900+0000] {taskinstance.py:2614} INFO - Dependencies all met for dep_context=requeueable deps ti=<TaskInstance: crawl_etl_itjob.build_gold scheduled__2026-05-26T02:00:00+00:00 [queued]>
[2026-05-27T08:33:14.902+0000] {taskinstance.py:2867} INFO - Starting attempt 1 of 2
[2026-05-27T08:33:14.923+0000] {taskinstance.py:2890} INFO - Executing <Task(BashOperator): build_gold> on 2026-05-26 02:00:00+00:00
[2026-05-27T08:33:14.934+0000] {standard_task_runner.py:72} INFO - Started process 72 to run task
[2026-05-27T08:33:14.941+0000] {standard_task_runner.py:104} INFO - Running: ['***', 'tasks', 'run', 'crawl_etl_itjob', 'build_gold', 'scheduled__2026-05-26T02:00:00+00:00', '--job-id', '22', '--raw', '--subdir', 'DAGS_FOLDER/Crawl_ETL_ITJob.py', '--cfg-path', '/tmp/tmpyz0u85l4']
[2026-05-27T08:33:14.944+0000] {standard_task_runner.py:105} INFO - Job 22: Subtask build_gold
[2026-05-27T08:33:14.984+0000] {warnings.py:109} WARNING - /home/***/.local/lib/python3.8/site-packages/***/settings.py:209: DeprecationWarning: The sql_alchemy_conn option in [core] has been moved to the sql_alchemy_conn option in [database] - the old setting has been used, but please update your config.
  SQL_ALCHEMY_CONN = conf.get("database", "SQL_ALCHEMY_CONN")

[2026-05-27T08:33:15.119+0000] {task_command.py:467} INFO - Running <TaskInstance: crawl_etl_itjob.build_gold scheduled__2026-05-26T02:00:00+00:00 [running]> on host 40061601da64
[2026-05-27T08:33:15.120+0000] {warnings.py:109} WARNING - /home/***/.local/lib/python3.8/site-packages/***/settings.py:470: DeprecationWarning: The sql_alchemy_conn option in [core] has been moved to the sql_alchemy_conn option in [database] - the old setting has been used, but please update your config.
  if conf.get("database", "sql_alchemy_conn") == "none://":

[2026-05-27T08:33:15.352+0000] {taskinstance.py:3134} INFO - Exporting env vars: AIRFLOW_CTX_DAG_EMAIL='hoa856856@gmail.com' AIRFLOW_CTX_DAG_OWNER='***' AIRFLOW_CTX_DAG_ID='crawl_etl_itjob' AIRFLOW_CTX_TASK_ID='build_gold' AIRFLOW_CTX_EXECUTION_DATE='2026-05-26T02:00:00+00:00' AIRFLOW_CTX_TRY_NUMBER='1' AIRFLOW_CTX_DAG_RUN_ID='scheduled__2026-05-26T02:00:00+00:00'
[2026-05-27T08:33:15.355+0000] {taskinstance.py:732} INFO - ::endgroup::
[2026-05-27T08:33:15.370+0000] {subprocess.py:78} INFO - Tmp dir root location: /tmp
[2026-05-27T08:33:15.372+0000] {subprocess.py:88} INFO - Running command: ['/bin/bash', '-c', "\n        docker exec spark-submit bash -c '\n        /opt/spark/bin/spark-submit         --master spark://spark-master:7077         --deploy-mode client         --packages org.apache.iceberg:iceberg-spark-runtime-3.5_2.12:1.5.0,org.apache.hadoop:hadoop-aws:3.3.4,com.amazonaws:aws-java-sdk-bundle:1.12.262         /opt/spark/scripts/Build_Gold.py\n        '\n        "]
[2026-05-27T08:33:15.391+0000] {subprocess.py:99} INFO - Output:
[2026-05-27T08:33:18.524+0000] {subprocess.py:106} INFO - :: loading settings :: url = jar:file:/opt/spark/jars/ivy-2.5.1.jar!/org/apache/ivy/core/settings/ivysettings.xml
[2026-05-27T08:33:18.632+0000] {subprocess.py:106} INFO - Ivy Default Cache set to: /home/spark/.ivy2/cache
[2026-05-27T08:33:18.633+0000] {subprocess.py:106} INFO - The jars for the packages stored in: /home/spark/.ivy2/jars
[2026-05-27T08:33:18.640+0000] {subprocess.py:106} INFO - org.apache.iceberg#iceberg-spark-runtime-3.5_2.12 added as a dependency
[2026-05-27T08:33:18.641+0000] {subprocess.py:106} INFO - org.apache.hadoop#hadoop-aws added as a dependency
[2026-05-27T08:33:18.642+0000] {subprocess.py:106} INFO - com.amazonaws#aws-java-sdk-bundle added as a dependency
[2026-05-27T08:33:18.643+0000] {subprocess.py:106} INFO - :: resolving dependencies :: org.apache.spark#spark-submit-parent-bb6ec0ac-bc86-4775-ae82-3f019b5ca127;1.0
[2026-05-27T08:33:18.645+0000] {subprocess.py:106} INFO - 	confs: [default]
[2026-05-27T08:33:18.767+0000] {subprocess.py:106} INFO - 	found org.apache.iceberg#iceberg-spark-runtime-3.5_2.12;1.5.0 in central
[2026-05-27T08:33:18.854+0000] {subprocess.py:106} INFO - 	found org.apache.hadoop#hadoop-aws;3.3.4 in central
[2026-05-27T08:33:18.888+0000] {subprocess.py:106} INFO - 	found com.amazonaws#aws-java-sdk-bundle;1.12.262 in central
[2026-05-27T08:33:18.920+0000] {subprocess.py:106} INFO - 	found org.wildfly.openssl#wildfly-openssl;1.0.7.Final in central
[2026-05-27T08:33:18.946+0000] {subprocess.py:106} INFO - :: resolution report :: resolve 291ms :: artifacts dl 12ms
[2026-05-27T08:33:18.946+0000] {subprocess.py:106} INFO - 	:: modules in use:
[2026-05-27T08:33:18.947+0000] {subprocess.py:106} INFO - 	com.amazonaws#aws-java-sdk-bundle;1.12.262 from central in [default]
[2026-05-27T08:33:18.948+0000] {subprocess.py:106} INFO - 	org.apache.hadoop#hadoop-aws;3.3.4 from central in [default]
[2026-05-27T08:33:18.949+0000] {subprocess.py:106} INFO - 	org.apache.iceberg#iceberg-spark-runtime-3.5_2.12;1.5.0 from central in [default]
[2026-05-27T08:33:18.949+0000] {subprocess.py:106} INFO - 	org.wildfly.openssl#wildfly-openssl;1.0.7.Final from central in [default]
[2026-05-27T08:33:18.950+0000] {subprocess.py:106} INFO - 	---------------------------------------------------------------------
[2026-05-27T08:33:18.950+0000] {subprocess.py:106} INFO - 	|                  |            modules            ||   artifacts   |
[2026-05-27T08:33:18.951+0000] {subprocess.py:106} INFO - 	|       conf       | number| search|dwnlded|evicted|| number|dwnlded|
[2026-05-27T08:33:18.951+0000] {subprocess.py:106} INFO - 	---------------------------------------------------------------------
[2026-05-27T08:33:18.952+0000] {subprocess.py:106} INFO - 	|      default     |   4   |   0   |   0   |   0   ||   4   |   0   |
[2026-05-27T08:33:18.953+0000] {subprocess.py:106} INFO - 	---------------------------------------------------------------------
[2026-05-27T08:33:18.953+0000] {subprocess.py:106} INFO - :: retrieving :: org.apache.spark#spark-submit-parent-bb6ec0ac-bc86-4775-ae82-3f019b5ca127
[2026-05-27T08:33:18.956+0000] {subprocess.py:106} INFO - 	confs: [default]
[2026-05-27T08:33:18.963+0000] {subprocess.py:106} INFO - 	0 artifacts copied, 4 already retrieved (0kB/9ms)
[2026-05-27T08:33:19.263+0000] {subprocess.py:106} INFO - 26/05/27 08:33:19 WARN NativeCodeLoader: Unable to load native-hadoop library for your platform... using builtin-java classes where applicable
[2026-05-27T08:33:20.584+0000] {subprocess.py:106} INFO - 26/05/27 08:33:20 INFO SparkContext: Running Spark version 3.5.3
[2026-05-27T08:33:20.584+0000] {subprocess.py:106} INFO - 26/05/27 08:33:20 INFO SparkContext: OS info Linux, 6.6.87.2-microsoft-standard-WSL2, amd64
[2026-05-27T08:33:20.585+0000] {subprocess.py:106} INFO - 26/05/27 08:33:20 INFO SparkContext: Java version 11.0.24
[2026-05-27T08:33:20.626+0000] {subprocess.py:106} INFO - 26/05/27 08:33:20 INFO ResourceUtils: ==============================================================
[2026-05-27T08:33:20.632+0000] {subprocess.py:106} INFO - 26/05/27 08:33:20 INFO ResourceUtils: No custom resources configured for spark.driver.
[2026-05-27T08:33:20.633+0000] {subprocess.py:106} INFO - 26/05/27 08:33:20 INFO ResourceUtils: ==============================================================
[2026-05-27T08:33:20.634+0000] {subprocess.py:106} INFO - 26/05/27 08:33:20 INFO SparkContext: Submitted application: Build_Gold_Layer_Star_Schema
[2026-05-27T08:33:20.670+0000] {subprocess.py:106} INFO - 26/05/27 08:33:20 INFO ResourceProfile: Default ResourceProfile created, executor resources: Map(memory -> name: memory, amount: 1024, script: , vendor: , offHeap -> name: offHeap, amount: 0, script: , vendor: ), task resources: Map(cpus -> name: cpus, amount: 1.0)
[2026-05-27T08:33:20.687+0000] {subprocess.py:106} INFO - 26/05/27 08:33:20 INFO ResourceProfile: Limiting resource is cpu
[2026-05-27T08:33:20.688+0000] {subprocess.py:106} INFO - 26/05/27 08:33:20 INFO ResourceProfileManager: Added ResourceProfile id: 0
[2026-05-27T08:33:20.765+0000] {subprocess.py:106} INFO - 26/05/27 08:33:20 INFO SecurityManager: Changing view acls to: spark
[2026-05-27T08:33:20.766+0000] {subprocess.py:106} INFO - 26/05/27 08:33:20 INFO SecurityManager: Changing modify acls to: spark
[2026-05-27T08:33:20.771+0000] {subprocess.py:106} INFO - 26/05/27 08:33:20 INFO SecurityManager: Changing view acls groups to:
[2026-05-27T08:33:20.772+0000] {subprocess.py:106} INFO - 26/05/27 08:33:20 INFO SecurityManager: Changing modify acls groups to:
[2026-05-27T08:33:20.773+0000] {subprocess.py:106} INFO - 26/05/27 08:33:20 INFO SecurityManager: SecurityManager: authentication disabled; ui acls disabled; users with view permissions: spark; groups with view permissions: EMPTY; users with modify permissions: spark; groups with modify permissions: EMPTY
[2026-05-27T08:33:21.064+0000] {subprocess.py:106} INFO - 26/05/27 08:33:21 INFO Utils: Successfully started service 'sparkDriver' on port 40577.
[2026-05-27T08:33:21.140+0000] {subprocess.py:106} INFO - 26/05/27 08:33:21 INFO SparkEnv: Registering MapOutputTracker
[2026-05-27T08:33:21.196+0000] {subprocess.py:106} INFO - 26/05/27 08:33:21 INFO SparkEnv: Registering BlockManagerMaster
[2026-05-27T08:33:21.221+0000] {subprocess.py:106} INFO - 26/05/27 08:33:21 INFO BlockManagerMasterEndpoint: Using org.apache.spark.storage.DefaultTopologyMapper for getting topology information
[2026-05-27T08:33:21.222+0000] {subprocess.py:106} INFO - 26/05/27 08:33:21 INFO BlockManagerMasterEndpoint: BlockManagerMasterEndpoint up
[2026-05-27T08:33:21.227+0000] {subprocess.py:106} INFO - 26/05/27 08:33:21 INFO SparkEnv: Registering BlockManagerMasterHeartbeat
[2026-05-27T08:33:21.266+0000] {subprocess.py:106} INFO - 26/05/27 08:33:21 INFO DiskBlockManager: Created local directory at /tmp/blockmgr-b1a49987-4a00-4e16-b732-93323ae0d74b
[2026-05-27T08:33:21.287+0000] {subprocess.py:106} INFO - 26/05/27 08:33:21 INFO MemoryStore: MemoryStore started with capacity 434.4 MiB
[2026-05-27T08:33:21.305+0000] {subprocess.py:106} INFO - 26/05/27 08:33:21 INFO SparkEnv: Registering OutputCommitCoordinator
[2026-05-27T08:33:21.493+0000] {subprocess.py:106} INFO - 26/05/27 08:33:21 INFO JettyUtils: Start Jetty 0.0.0.0:4040 for SparkUI
[2026-05-27T08:33:21.573+0000] {subprocess.py:106} INFO - 26/05/27 08:33:21 INFO Utils: Successfully started service 'SparkUI' on port 4040.
[2026-05-27T08:33:21.632+0000] {subprocess.py:106} INFO - 26/05/27 08:33:21 INFO SparkContext: Added JAR file:///home/spark/.ivy2/jars/org.apache.iceberg_iceberg-spark-runtime-3.5_2.12-1.5.0.jar at spark://c05002f484b8:40577/jars/org.apache.iceberg_iceberg-spark-runtime-3.5_2.12-1.5.0.jar with timestamp 1779870800569
[2026-05-27T08:33:21.633+0000] {subprocess.py:106} INFO - 26/05/27 08:33:21 INFO SparkContext: Added JAR file:///home/spark/.ivy2/jars/org.apache.hadoop_hadoop-aws-3.3.4.jar at spark://c05002f484b8:40577/jars/org.apache.hadoop_hadoop-aws-3.3.4.jar with timestamp 1779870800569
[2026-05-27T08:33:21.634+0000] {subprocess.py:106} INFO - 26/05/27 08:33:21 INFO SparkContext: Added JAR file:///home/spark/.ivy2/jars/com.amazonaws_aws-java-sdk-bundle-1.12.262.jar at spark://c05002f484b8:40577/jars/com.amazonaws_aws-java-sdk-bundle-1.12.262.jar with timestamp 1779870800569
[2026-05-27T08:33:21.634+0000] {subprocess.py:106} INFO - 26/05/27 08:33:21 INFO SparkContext: Added JAR file:///home/spark/.ivy2/jars/org.wildfly.openssl_wildfly-openssl-1.0.7.Final.jar at spark://c05002f484b8:40577/jars/org.wildfly.openssl_wildfly-openssl-1.0.7.Final.jar with timestamp 1779870800569
[2026-05-27T08:33:21.639+0000] {subprocess.py:106} INFO - 26/05/27 08:33:21 INFO SparkContext: Added file file:///home/spark/.ivy2/jars/org.apache.iceberg_iceberg-spark-runtime-3.5_2.12-1.5.0.jar at spark://c05002f484b8:40577/files/org.apache.iceberg_iceberg-spark-runtime-3.5_2.12-1.5.0.jar with timestamp 1779870800569
[2026-05-27T08:33:21.641+0000] {subprocess.py:106} INFO - 26/05/27 08:33:21 INFO Utils: Copying /home/spark/.ivy2/jars/org.apache.iceberg_iceberg-spark-runtime-3.5_2.12-1.5.0.jar to /tmp/spark-7496fd92-94c6-407e-937e-816e874d2ba8/userFiles-126786aa-a0b7-4a94-871f-3454196a7913/org.apache.iceberg_iceberg-spark-runtime-3.5_2.12-1.5.0.jar
[2026-05-27T08:33:21.688+0000] {subprocess.py:106} INFO - 26/05/27 08:33:21 INFO SparkContext: Added file file:///home/spark/.ivy2/jars/org.apache.hadoop_hadoop-aws-3.3.4.jar at spark://c05002f484b8:40577/files/org.apache.hadoop_hadoop-aws-3.3.4.jar with timestamp 1779870800569
[2026-05-27T08:33:21.689+0000] {subprocess.py:106} INFO - 26/05/27 08:33:21 INFO Utils: Copying /home/spark/.ivy2/jars/org.apache.hadoop_hadoop-aws-3.3.4.jar to /tmp/spark-7496fd92-94c6-407e-937e-816e874d2ba8/userFiles-126786aa-a0b7-4a94-871f-3454196a7913/org.apache.hadoop_hadoop-aws-3.3.4.jar
[2026-05-27T08:33:21.695+0000] {subprocess.py:106} INFO - 26/05/27 08:33:21 INFO SparkContext: Added file file:///home/spark/.ivy2/jars/com.amazonaws_aws-java-sdk-bundle-1.12.262.jar at spark://c05002f484b8:40577/files/com.amazonaws_aws-java-sdk-bundle-1.12.262.jar with timestamp 1779870800569
[2026-05-27T08:33:21.697+0000] {subprocess.py:106} INFO - 26/05/27 08:33:21 INFO Utils: Copying /home/spark/.ivy2/jars/com.amazonaws_aws-java-sdk-bundle-1.12.262.jar to /tmp/spark-7496fd92-94c6-407e-937e-816e874d2ba8/userFiles-126786aa-a0b7-4a94-871f-3454196a7913/com.amazonaws_aws-java-sdk-bundle-1.12.262.jar
[2026-05-27T08:33:22.066+0000] {subprocess.py:106} INFO - 26/05/27 08:33:22 INFO SparkContext: Added file file:///home/spark/.ivy2/jars/org.wildfly.openssl_wildfly-openssl-1.0.7.Final.jar at spark://c05002f484b8:40577/files/org.wildfly.openssl_wildfly-openssl-1.0.7.Final.jar with timestamp 1779870800569
[2026-05-27T08:33:22.066+0000] {subprocess.py:106} INFO - 26/05/27 08:33:22 INFO Utils: Copying /home/spark/.ivy2/jars/org.wildfly.openssl_wildfly-openssl-1.0.7.Final.jar to /tmp/spark-7496fd92-94c6-407e-937e-816e874d2ba8/userFiles-126786aa-a0b7-4a94-871f-3454196a7913/org.wildfly.openssl_wildfly-openssl-1.0.7.Final.jar
[2026-05-27T08:33:22.168+0000] {subprocess.py:106} INFO - 26/05/27 08:33:22 INFO StandaloneAppClient$ClientEndpoint: Connecting to master spark://spark-master:7077...
[2026-05-27T08:33:22.232+0000] {subprocess.py:106} INFO - 26/05/27 08:33:22 INFO TransportClientFactory: Successfully created connection to spark-master/172.30.0.6:7077 after 34 ms (0 ms spent in bootstraps)
[2026-05-27T08:33:22.358+0000] {subprocess.py:106} INFO - 26/05/27 08:33:22 INFO StandaloneSchedulerBackend: Connected to Spark cluster with app ID app-20260527083322-0002
[2026-05-27T08:33:22.364+0000] {subprocess.py:106} INFO - 26/05/27 08:33:22 INFO StandaloneAppClient$ClientEndpoint: Executor added: app-20260527083322-0002/0 on worker-20260527082840-172.30.0.7-39655 (172.30.0.7:39655) with 1 core(s)
[2026-05-27T08:33:22.368+0000] {subprocess.py:106} INFO - 26/05/27 08:33:22 INFO StandaloneSchedulerBackend: Granted executor ID app-20260527083322-0002/0 on hostPort 172.30.0.7:39655 with 1 core(s), 1024.0 MiB RAM
[2026-05-27T08:33:22.374+0000] {subprocess.py:106} INFO - 26/05/27 08:33:22 INFO Utils: Successfully started service 'org.apache.spark.network.netty.NettyBlockTransferService' on port 41561.
[2026-05-27T08:33:22.374+0000] {subprocess.py:106} INFO - 26/05/27 08:33:22 INFO NettyBlockTransferService: Server created on c05002f484b8:41561
[2026-05-27T08:33:22.377+0000] {subprocess.py:106} INFO - 26/05/27 08:33:22 INFO BlockManager: Using org.apache.spark.storage.RandomBlockReplicationPolicy for block replication policy
[2026-05-27T08:33:22.388+0000] {subprocess.py:106} INFO - 26/05/27 08:33:22 INFO BlockManagerMaster: Registering BlockManager BlockManagerId(driver, c05002f484b8, 41561, None)
[2026-05-27T08:33:22.406+0000] {subprocess.py:106} INFO - 26/05/27 08:33:22 INFO BlockManagerMasterEndpoint: Registering block manager c05002f484b8:41561 with 434.4 MiB RAM, BlockManagerId(driver, c05002f484b8, 41561, None)
[2026-05-27T08:33:22.413+0000] {subprocess.py:106} INFO - 26/05/27 08:33:22 INFO BlockManagerMaster: Registered BlockManager BlockManagerId(driver, c05002f484b8, 41561, None)
[2026-05-27T08:33:22.415+0000] {subprocess.py:106} INFO - 26/05/27 08:33:22 INFO BlockManager: Initialized BlockManager: BlockManagerId(driver, c05002f484b8, 41561, None)
[2026-05-27T08:33:22.436+0000] {subprocess.py:106} INFO - 26/05/27 08:33:22 INFO StandaloneAppClient$ClientEndpoint: Executor updated: app-20260527083322-0002/0 is now RUNNING
[2026-05-27T08:33:22.774+0000] {subprocess.py:106} INFO - 26/05/27 08:33:22 INFO StandaloneSchedulerBackend: SchedulerBackend is ready for scheduling beginning after reached minRegisteredResourcesRatio: 0.0
[2026-05-27T08:33:23.332+0000] {subprocess.py:106} INFO - 26/05/27 08:33:23 INFO SharedState: Setting hive.metastore.warehouse.dir ('null') to the value of spark.sql.warehouse.dir.
[2026-05-27T08:33:23.333+0000] {subprocess.py:106} INFO - 26/05/27 08:33:23 INFO SharedState: Warehouse path is 'file:/opt/spark/work-dir/spark-warehouse'.
[2026-05-27T08:33:27.786+0000] {subprocess.py:106} INFO - 26/05/27 08:33:27 INFO StandaloneSchedulerBackend$StandaloneDriverEndpoint: Registered executor NettyRpcEndpointRef(spark-client://Executor) (172.30.0.7:52842) with ID 0,  ResourceProfileId 0
[2026-05-27T08:33:27.917+0000] {subprocess.py:106} INFO - 26/05/27 08:33:27 INFO BlockManagerMasterEndpoint: Registering block manager 172.30.0.7:46295 with 434.4 MiB RAM, BlockManagerId(0, 172.30.0.7, 46295, None)
[2026-05-27T08:33:28.439+0000] {subprocess.py:106} INFO - 26/05/27 08:33:28 INFO HiveConf: Found configuration file null
[2026-05-27T08:33:28.719+0000] {subprocess.py:106} INFO - 26/05/27 08:33:28 INFO metastore: Trying to connect to metastore with URI thrift://hive-metastore:9083
[2026-05-27T08:33:28.740+0000] {subprocess.py:106} INFO - 26/05/27 08:33:28 INFO metastore: Opened a connection to metastore, current connections: 1
[2026-05-27T08:33:28.772+0000] {subprocess.py:106} INFO - 26/05/27 08:33:28 INFO metastore: Connected to metastore.
[2026-05-27T08:33:30.062+0000] {subprocess.py:106} INFO - 26/05/27 08:33:30 INFO HiveCatalog: Created namespace: gold
[2026-05-27T08:33:30.072+0000] {subprocess.py:106} INFO - >>> Dropping existing GOLD tables for Full Refresh...
[2026-05-27T08:33:30.328+0000] {subprocess.py:106} INFO - >>> Reading Silver Data from iceberg.silver.it_jobs_clean...
[2026-05-27T08:33:30.419+0000] {subprocess.py:106} INFO - 26/05/27 08:33:30 INFO BaseMetastoreTableOperations: Refreshing table metadata from new version: s3a://warehouse/iceberg_data/silver.db/it_jobs_clean/metadata/00000-2373e8d2-0c82-46b4-8ac5-f88bb8ec7e6f.metadata.json
[2026-05-27T08:33:30.630+0000] {subprocess.py:106} INFO - 26/05/27 08:33:30 WARN MetricsConfig: Cannot locate configuration: tried hadoop-metrics2-s3a-file-system.properties,hadoop-metrics2.properties
[2026-05-27T08:33:30.654+0000] {subprocess.py:106} INFO - 26/05/27 08:33:30 INFO MetricsSystemImpl: Scheduled Metric snapshot period at 10 second(s).
[2026-05-27T08:33:30.655+0000] {subprocess.py:106} INFO - 26/05/27 08:33:30 INFO MetricsSystemImpl: s3a-file-system metrics system started
[2026-05-27T08:33:32.318+0000] {subprocess.py:106} INFO - 26/05/27 08:33:32 INFO BaseMetastoreCatalog: Table loaded by catalog: iceberg.silver.it_jobs_clean
[2026-05-27T08:33:33.378+0000] {subprocess.py:106} INFO - 26/05/27 08:33:33 INFO SnapshotScan: Scanning table iceberg.silver.it_jobs_clean snapshot 151613108160638968 created at 2026-05-27T08:33:11.187+00:00 with filter true
[2026-05-27T08:33:33.991+0000] {subprocess.py:106} INFO - 26/05/27 08:33:33 INFO BaseDistributedDataScan: Planning file tasks locally for table iceberg.silver.it_jobs_clean
[2026-05-27T08:33:34.538+0000] {subprocess.py:106} INFO - 26/05/27 08:33:34 INFO V2ScanRelationPushDown:
[2026-05-27T08:33:34.540+0000] {subprocess.py:106} INFO - Pushing operators to iceberg.silver.it_jobs_clean
[2026-05-27T08:33:34.541+0000] {subprocess.py:106} INFO - Pushed Aggregate Functions:
[2026-05-27T08:33:34.544+0000] {subprocess.py:106} INFO -  COUNT(*)
[2026-05-27T08:33:34.546+0000] {subprocess.py:106} INFO - Pushed Group by:
[2026-05-27T08:33:34.548+0000] {subprocess.py:106} INFO - 
[2026-05-27T08:33:34.551+0000] {subprocess.py:106} INFO - 
[2026-05-27T08:33:36.026+0000] {subprocess.py:106} INFO - 26/05/27 08:33:36 INFO CodeGenerator: Code generated in 652.466672 ms
[2026-05-27T08:33:36.062+0000] {subprocess.py:106} INFO - 26/05/27 08:33:36 INFO CodeGenerator: Code generated in 20.93165 ms
[2026-05-27T08:33:36.317+0000] {subprocess.py:106} INFO - 26/05/27 08:33:36 INFO DAGScheduler: Registering RDD 2 (count at <unknown>:0) as input to shuffle 0
[2026-05-27T08:33:36.340+0000] {subprocess.py:106} INFO - 26/05/27 08:33:36 INFO DAGScheduler: Got map stage job 0 (count at <unknown>:0) with 1 output partitions
[2026-05-27T08:33:36.341+0000] {subprocess.py:106} INFO - 26/05/27 08:33:36 INFO DAGScheduler: Final stage: ShuffleMapStage 0 (count at <unknown>:0)
[2026-05-27T08:33:36.342+0000] {subprocess.py:106} INFO - 26/05/27 08:33:36 INFO DAGScheduler: Parents of final stage: List()
[2026-05-27T08:33:36.343+0000] {subprocess.py:106} INFO - 26/05/27 08:33:36 INFO DAGScheduler: Missing parents: List()
[2026-05-27T08:33:36.354+0000] {subprocess.py:106} INFO - 26/05/27 08:33:36 INFO DAGScheduler: Submitting ShuffleMapStage 0 (MapPartitionsRDD[2] at count at <unknown>:0), which has no missing parents
[2026-05-27T08:33:36.796+0000] {subprocess.py:106} INFO - 26/05/27 08:33:36 INFO MemoryStore: Block broadcast_0 stored as values in memory (estimated size 12.6 KiB, free 434.4 MiB)
[2026-05-27T08:33:36.920+0000] {subprocess.py:106} INFO - 26/05/27 08:33:36 INFO MemoryStore: Block broadcast_0_piece0 stored as bytes in memory (estimated size 6.2 KiB, free 434.4 MiB)
[2026-05-27T08:33:36.948+0000] {subprocess.py:106} INFO - 26/05/27 08:33:36 INFO BlockManagerInfo: Added broadcast_0_piece0 in memory on c05002f484b8:41561 (size: 6.2 KiB, free: 434.4 MiB)
[2026-05-27T08:33:36.957+0000] {subprocess.py:106} INFO - 26/05/27 08:33:36 INFO SparkContext: Created broadcast 0 from broadcast at DAGScheduler.scala:1585
[2026-05-27T08:33:37.005+0000] {subprocess.py:106} INFO - 26/05/27 08:33:37 INFO DAGScheduler: Submitting 1 missing tasks from ShuffleMapStage 0 (MapPartitionsRDD[2] at count at <unknown>:0) (first 15 tasks are for partitions Vector(0))
[2026-05-27T08:33:37.008+0000] {subprocess.py:106} INFO - 26/05/27 08:33:37 INFO TaskSchedulerImpl: Adding task set 0.0 with 1 tasks resource profile 0
[2026-05-27T08:33:37.069+0000] {subprocess.py:106} INFO - 26/05/27 08:33:37 INFO TaskSetManager: Starting task 0.0 in stage 0.0 (TID 0) (172.30.0.7, executor 0, partition 0, PROCESS_LOCAL, 10137 bytes)
[2026-05-27T08:33:37.675+0000] {subprocess.py:106} INFO - 26/05/27 08:33:37 INFO BlockManagerInfo: Added broadcast_0_piece0 in memory on 172.30.0.7:46295 (size: 6.2 KiB, free: 434.4 MiB)
[2026-05-27T08:33:38.942+0000] {subprocess.py:106} INFO - 26/05/27 08:33:38 INFO TaskSetManager: Finished task 0.0 in stage 0.0 (TID 0) in 1903 ms on 172.30.0.7 (executor 0) (1/1)
[2026-05-27T08:33:38.946+0000] {subprocess.py:106} INFO - 26/05/27 08:33:38 INFO TaskSchedulerImpl: Removed TaskSet 0.0, whose tasks have all completed, from pool
[2026-05-27T08:33:38.956+0000] {subprocess.py:106} INFO - 26/05/27 08:33:38 INFO DAGScheduler: ShuffleMapStage 0 (count at <unknown>:0) finished in 2.580 s
[2026-05-27T08:33:38.961+0000] {subprocess.py:106} INFO - 26/05/27 08:33:38 INFO DAGScheduler: looking for newly runnable stages
[2026-05-27T08:33:38.962+0000] {subprocess.py:106} INFO - 26/05/27 08:33:38 INFO DAGScheduler: running: Set()
[2026-05-27T08:33:38.963+0000] {subprocess.py:106} INFO - 26/05/27 08:33:38 INFO DAGScheduler: waiting: Set()
[2026-05-27T08:33:38.964+0000] {subprocess.py:106} INFO - 26/05/27 08:33:38 INFO DAGScheduler: failed: Set()
[2026-05-27T08:33:39.045+0000] {subprocess.py:106} INFO - 26/05/27 08:33:39 INFO CodeGenerator: Code generated in 27.87381 ms
[2026-05-27T08:33:39.133+0000] {subprocess.py:106} INFO - 26/05/27 08:33:39 INFO SparkContext: Starting job: count at <unknown>:0
[2026-05-27T08:33:39.136+0000] {subprocess.py:106} INFO - 26/05/27 08:33:39 INFO DAGScheduler: Got job 1 (count at <unknown>:0) with 1 output partitions
[2026-05-27T08:33:39.138+0000] {subprocess.py:106} INFO - 26/05/27 08:33:39 INFO DAGScheduler: Final stage: ResultStage 2 (count at <unknown>:0)
[2026-05-27T08:33:39.140+0000] {subprocess.py:106} INFO - 26/05/27 08:33:39 INFO DAGScheduler: Parents of final stage: List(ShuffleMapStage 1)
[2026-05-27T08:33:39.144+0000] {subprocess.py:106} INFO - 26/05/27 08:33:39 INFO DAGScheduler: Missing parents: List()
[2026-05-27T08:33:39.188+0000] {subprocess.py:106} INFO - 26/05/27 08:33:39 INFO DAGScheduler: Submitting ResultStage 2 (MapPartitionsRDD[5] at count at <unknown>:0), which has no missing parents
[2026-05-27T08:33:39.261+0000] {subprocess.py:106} INFO - 26/05/27 08:33:39 INFO MemoryStore: Block broadcast_1 stored as values in memory (estimated size 13.7 KiB, free 434.4 MiB)
[2026-05-27T08:33:39.288+0000] {subprocess.py:106} INFO - 26/05/27 08:33:39 INFO MemoryStore: Block broadcast_1_piece0 stored as bytes in memory (estimated size 6.3 KiB, free 434.4 MiB)
[2026-05-27T08:33:39.314+0000] {subprocess.py:106} INFO - 26/05/27 08:33:39 INFO BlockManagerInfo: Added broadcast_1_piece0 in memory on c05002f484b8:41561 (size: 6.3 KiB, free: 434.4 MiB)
[2026-05-27T08:33:39.315+0000] {subprocess.py:106} INFO - 26/05/27 08:33:39 INFO SparkContext: Created broadcast 1 from broadcast at DAGScheduler.scala:1585
[2026-05-27T08:33:39.316+0000] {subprocess.py:106} INFO - 26/05/27 08:33:39 INFO DAGScheduler: Submitting 1 missing tasks from ResultStage 2 (MapPartitionsRDD[5] at count at <unknown>:0) (first 15 tasks are for partitions Vector(0))
[2026-05-27T08:33:39.317+0000] {subprocess.py:106} INFO - 26/05/27 08:33:39 INFO TaskSchedulerImpl: Adding task set 2.0 with 1 tasks resource profile 0
[2026-05-27T08:33:39.346+0000] {subprocess.py:106} INFO - 26/05/27 08:33:39 INFO TaskSetManager: Starting task 0.0 in stage 2.0 (TID 1) (172.30.0.7, executor 0, partition 0, NODE_LOCAL, 9976 bytes)
[2026-05-27T08:33:39.415+0000] {subprocess.py:106} INFO - 26/05/27 08:33:39 INFO BlockManagerInfo: Removed broadcast_0_piece0 on c05002f484b8:41561 in memory (size: 6.2 KiB, free: 434.4 MiB)
[2026-05-27T08:33:39.447+0000] {subprocess.py:106} INFO - 26/05/27 08:33:39 INFO BlockManagerInfo: Removed broadcast_0_piece0 on 172.30.0.7:46295 in memory (size: 6.2 KiB, free: 434.4 MiB)
[2026-05-27T08:33:39.459+0000] {subprocess.py:106} INFO - 26/05/27 08:33:39 INFO BlockManagerInfo: Added broadcast_1_piece0 in memory on 172.30.0.7:46295 (size: 6.3 KiB, free: 434.4 MiB)
[2026-05-27T08:33:39.605+0000] {subprocess.py:106} INFO - 26/05/27 08:33:39 INFO MapOutputTrackerMasterEndpoint: Asked to send map output locations for shuffle 0 to 172.30.0.7:52842
[2026-05-27T08:33:39.848+0000] {subprocess.py:106} INFO - 26/05/27 08:33:39 INFO TaskSetManager: Finished task 0.0 in stage 2.0 (TID 1) in 535 ms on 172.30.0.7 (executor 0) (1/1)
[2026-05-27T08:33:39.853+0000] {subprocess.py:106} INFO - 26/05/27 08:33:39 INFO TaskSchedulerImpl: Removed TaskSet 2.0, whose tasks have all completed, from pool
[2026-05-27T08:33:39.854+0000] {subprocess.py:106} INFO - 26/05/27 08:33:39 INFO DAGScheduler: ResultStage 2 (count at <unknown>:0) finished in 0.638 s
[2026-05-27T08:33:39.855+0000] {subprocess.py:106} INFO - 26/05/27 08:33:39 INFO DAGScheduler: Job 1 is finished. Cancelling potential speculative or zombie tasks for this job
[2026-05-27T08:33:39.856+0000] {subprocess.py:106} INFO - 26/05/27 08:33:39 INFO TaskSchedulerImpl: Killing all running tasks in stage 2: Stage finished
[2026-05-27T08:33:39.857+0000] {subprocess.py:106} INFO - 26/05/27 08:33:39 INFO DAGScheduler: Job 1 finished: count at <unknown>:0, took 0.727795 s
[2026-05-27T08:33:39.870+0000] {subprocess.py:106} INFO - >>> Loaded Silver Data: 14588 records.
[2026-05-27T08:33:39.871+0000] {subprocess.py:106} INFO - >>> Building DIM_SKILL...
[2026-05-27T08:33:40.300+0000] {subprocess.py:106} INFO - 26/05/27 08:33:40 INFO BaseMetastoreCatalog: Table properties set at catalog level through catalog properties: {}
[2026-05-27T08:33:40.308+0000] {subprocess.py:106} INFO - 26/05/27 08:33:40 INFO BaseMetastoreCatalog: Table properties enforced at catalog level through catalog properties: {}
[2026-05-27T08:33:40.469+0000] {subprocess.py:106} INFO - 26/05/27 08:33:40 INFO V2ScanRelationPushDown:
[2026-05-27T08:33:40.470+0000] {subprocess.py:106} INFO - Pushing operators to iceberg.silver.it_jobs_clean
[2026-05-27T08:33:40.471+0000] {subprocess.py:106} INFO - Pushed Filters: skills_required IS NOT NULL
[2026-05-27T08:33:40.471+0000] {subprocess.py:106} INFO - Post-Scan Filters: isnotnull(skills_required#3),(size(skills_required#3, true) > 0)
[2026-05-27T08:33:40.472+0000] {subprocess.py:106} INFO - 
[2026-05-27T08:33:40.514+0000] {subprocess.py:106} INFO - 26/05/27 08:33:40 INFO V2ScanRelationPushDown:
[2026-05-27T08:33:40.515+0000] {subprocess.py:106} INFO - Output: skills_required#3
[2026-05-27T08:33:40.515+0000] {subprocess.py:106} INFO - 
[2026-05-27T08:33:40.522+0000] {subprocess.py:106} INFO - 26/05/27 08:33:40 INFO SnapshotScan: Scanning table iceberg.silver.it_jobs_clean snapshot 151613108160638968 created at 2026-05-27T08:33:11.187+00:00 with filter skills_required IS NOT NULL
[2026-05-27T08:33:40.537+0000] {subprocess.py:106} INFO - 26/05/27 08:33:40 INFO BaseDistributedDataScan: Planning file tasks locally for table iceberg.silver.it_jobs_clean
[2026-05-27T08:33:40.600+0000] {subprocess.py:106} INFO - 26/05/27 08:33:40 INFO SparkPartitioningAwareScan: Reporting UnknownPartitioning with 1 partition(s) for table iceberg.silver.it_jobs_clean
[2026-05-27T08:33:40.639+0000] {subprocess.py:106} INFO - 26/05/27 08:33:40 INFO BlockManagerInfo: Removed broadcast_1_piece0 on c05002f484b8:41561 in memory (size: 6.3 KiB, free: 434.4 MiB)
[2026-05-27T08:33:40.642+0000] {subprocess.py:106} INFO - 26/05/27 08:33:40 INFO BlockManagerInfo: Removed broadcast_1_piece0 on 172.30.0.7:46295 in memory (size: 6.3 KiB, free: 434.4 MiB)
[2026-05-27T08:33:40.647+0000] {subprocess.py:106} INFO - 26/05/27 08:33:40 INFO SparkWrite: Requesting 0 bytes advisory partition size for table gold.dim_skill
[2026-05-27T08:33:40.649+0000] {subprocess.py:106} INFO - 26/05/27 08:33:40 INFO SparkWrite: Requesting UnspecifiedDistribution as write distribution for table gold.dim_skill
[2026-05-27T08:33:40.652+0000] {subprocess.py:106} INFO - 26/05/27 08:33:40 INFO SparkWrite: Requesting [] as write ordering for table gold.dim_skill
[2026-05-27T08:33:40.737+0000] {subprocess.py:106} INFO - 26/05/27 08:33:40 INFO MemoryStore: Block broadcast_2 stored as values in memory (estimated size 32.0 KiB, free 434.4 MiB)
[2026-05-27T08:33:40.781+0000] {subprocess.py:106} INFO - 26/05/27 08:33:40 INFO MemoryStore: Block broadcast_2_piece0 stored as bytes in memory (estimated size 30.4 KiB, free 434.3 MiB)
[2026-05-27T08:33:40.784+0000] {subprocess.py:106} INFO - 26/05/27 08:33:40 INFO BlockManagerInfo: Added broadcast_2_piece0 in memory on c05002f484b8:41561 (size: 30.4 KiB, free: 434.4 MiB)
[2026-05-27T08:33:40.786+0000] {subprocess.py:106} INFO - 26/05/27 08:33:40 INFO SparkContext: Created broadcast 2 from broadcast at SparkBatch.java:79
[2026-05-27T08:33:40.814+0000] {subprocess.py:106} INFO - 26/05/27 08:33:40 INFO MemoryStore: Block broadcast_3 stored as values in memory (estimated size 32.0 KiB, free 434.3 MiB)
[2026-05-27T08:33:40.838+0000] {subprocess.py:106} INFO - 26/05/27 08:33:40 INFO MemoryStore: Block broadcast_3_piece0 stored as bytes in memory (estimated size 30.3 KiB, free 434.3 MiB)
[2026-05-27T08:33:40.839+0000] {subprocess.py:106} INFO - 26/05/27 08:33:40 INFO BlockManagerInfo: Added broadcast_3_piece0 in memory on c05002f484b8:41561 (size: 30.3 KiB, free: 434.3 MiB)
[2026-05-27T08:33:40.839+0000] {subprocess.py:106} INFO - 26/05/27 08:33:40 INFO SparkContext: Created broadcast 3 from broadcast at SparkBatch.java:79
[2026-05-27T08:33:41.153+0000] {subprocess.py:106} INFO - 26/05/27 08:33:41 INFO CodeGenerator: Code generated in 170.941771 ms
[2026-05-27T08:33:41.284+0000] {subprocess.py:106} INFO - 26/05/27 08:33:41 INFO DAGScheduler: Registering RDD 9 (create at <unknown>:0) as input to shuffle 1
[2026-05-27T08:33:41.285+0000] {subprocess.py:106} INFO - 26/05/27 08:33:41 INFO DAGScheduler: Got map stage job 2 (create at <unknown>:0) with 1 output partitions
[2026-05-27T08:33:41.285+0000] {subprocess.py:106} INFO - 26/05/27 08:33:41 INFO DAGScheduler: Final stage: ShuffleMapStage 3 (create at <unknown>:0)
[2026-05-27T08:33:41.286+0000] {subprocess.py:106} INFO - 26/05/27 08:33:41 INFO DAGScheduler: Parents of final stage: List()
[2026-05-27T08:33:41.286+0000] {subprocess.py:106} INFO - 26/05/27 08:33:41 INFO DAGScheduler: Missing parents: List()
[2026-05-27T08:33:41.288+0000] {subprocess.py:106} INFO - 26/05/27 08:33:41 INFO DAGScheduler: Submitting ShuffleMapStage 3 (MapPartitionsRDD[9] at create at <unknown>:0), which has no missing parents
[2026-05-27T08:33:41.297+0000] {subprocess.py:106} INFO - 26/05/27 08:33:41 INFO MemoryStore: Block broadcast_4 stored as values in memory (estimated size 40.1 KiB, free 434.2 MiB)
[2026-05-27T08:33:41.316+0000] {subprocess.py:106} INFO - 26/05/27 08:33:41 INFO MemoryStore: Block broadcast_4_piece0 stored as bytes in memory (estimated size 17.5 KiB, free 434.2 MiB)
[2026-05-27T08:33:41.322+0000] {subprocess.py:106} INFO - 26/05/27 08:33:41 INFO BlockManagerInfo: Added broadcast_4_piece0 in memory on c05002f484b8:41561 (size: 17.5 KiB, free: 434.3 MiB)
[2026-05-27T08:33:41.323+0000] {subprocess.py:106} INFO - 26/05/27 08:33:41 INFO SparkContext: Created broadcast 4 from broadcast at DAGScheduler.scala:1585
[2026-05-27T08:33:41.324+0000] {subprocess.py:106} INFO - 26/05/27 08:33:41 INFO DAGScheduler: Submitting 1 missing tasks from ShuffleMapStage 3 (MapPartitionsRDD[9] at create at <unknown>:0) (first 15 tasks are for partitions Vector(0))
[2026-05-27T08:33:41.325+0000] {subprocess.py:106} INFO - 26/05/27 08:33:41 INFO TaskSchedulerImpl: Adding task set 3.0 with 1 tasks resource profile 0
[2026-05-27T08:33:41.358+0000] {subprocess.py:106} INFO - 26/05/27 08:33:41 INFO TaskSetManager: Starting task 0.0 in stage 3.0 (TID 2) (172.30.0.7, executor 0, partition 0, PROCESS_LOCAL, 15304 bytes)
[2026-05-27T08:33:41.915+0000] {subprocess.py:106} INFO - 26/05/27 08:33:41 INFO BlockManagerInfo: Added broadcast_4_piece0 in memory on 172.30.0.7:46295 (size: 17.5 KiB, free: 434.4 MiB)
[2026-05-27T08:33:42.524+0000] {subprocess.py:106} INFO - 26/05/27 08:33:42 INFO BlockManagerInfo: Added broadcast_3_piece0 in memory on 172.30.0.7:46295 (size: 30.3 KiB, free: 434.4 MiB)
[2026-05-27T08:33:46.442+0000] {subprocess.py:106} INFO - 26/05/27 08:33:46 INFO TaskSetManager: Finished task 0.0 in stage 3.0 (TID 2) in 5115 ms on 172.30.0.7 (executor 0) (1/1)
[2026-05-27T08:33:46.450+0000] {subprocess.py:106} INFO - 26/05/27 08:33:46 INFO TaskSchedulerImpl: Removed TaskSet 3.0, whose tasks have all completed, from pool
[2026-05-27T08:33:46.451+0000] {subprocess.py:106} INFO - 26/05/27 08:33:46 INFO DAGScheduler: ShuffleMapStage 3 (create at <unknown>:0) finished in 5.151 s
[2026-05-27T08:33:46.452+0000] {subprocess.py:106} INFO - 26/05/27 08:33:46 INFO DAGScheduler: looking for newly runnable stages
[2026-05-27T08:33:46.453+0000] {subprocess.py:106} INFO - 26/05/27 08:33:46 INFO DAGScheduler: running: Set()
[2026-05-27T08:33:46.453+0000] {subprocess.py:106} INFO - 26/05/27 08:33:46 INFO DAGScheduler: waiting: Set()
[2026-05-27T08:33:46.454+0000] {subprocess.py:106} INFO - 26/05/27 08:33:46 INFO DAGScheduler: failed: Set()
[2026-05-27T08:33:46.473+0000] {subprocess.py:106} INFO - 26/05/27 08:33:46 INFO ShufflePartitionsUtil: For shuffle(1), advisory target size: 67108864, actual target size 1048576, minimum partition size: 1048576
[2026-05-27T08:33:46.648+0000] {subprocess.py:106} INFO - 26/05/27 08:33:46 INFO CodeGenerator: Code generated in 81.20745 ms
[2026-05-27T08:33:46.709+0000] {subprocess.py:106} INFO - 26/05/27 08:33:46 INFO MemoryStore: Block broadcast_5 stored as values in memory (estimated size 32.0 KiB, free 434.2 MiB)
[2026-05-27T08:33:46.768+0000] {subprocess.py:106} INFO - 26/05/27 08:33:46 INFO MemoryStore: Block broadcast_5_piece0 stored as bytes in memory (estimated size 29.8 KiB, free 434.2 MiB)
[2026-05-27T08:33:46.776+0000] {subprocess.py:106} INFO - 26/05/27 08:33:46 INFO BlockManagerInfo: Added broadcast_5_piece0 in memory on c05002f484b8:41561 (size: 29.8 KiB, free: 434.3 MiB)
[2026-05-27T08:33:46.787+0000] {subprocess.py:106} INFO - 26/05/27 08:33:46 INFO SparkContext: Created broadcast 5 from broadcast at SparkWrite.java:193
[2026-05-27T08:33:46.789+0000] {subprocess.py:106} INFO - 26/05/27 08:33:46 INFO BlockManagerInfo: Removed broadcast_4_piece0 on 172.30.0.7:46295 in memory (size: 17.5 KiB, free: 434.4 MiB)
[2026-05-27T08:33:46.792+0000] {subprocess.py:106} INFO - 26/05/27 08:33:46 INFO AppendDataExec: Start processing data source write support: IcebergBatchWrite(table=gold.dim_skill, format=PARQUET). The input RDD has 1 partitions.
[2026-05-27T08:33:46.794+0000] {subprocess.py:106} INFO - 26/05/27 08:33:46 INFO BlockManagerInfo: Removed broadcast_4_piece0 on c05002f484b8:41561 in memory (size: 17.5 KiB, free: 434.3 MiB)
[2026-05-27T08:33:46.811+0000] {subprocess.py:106} INFO - 26/05/27 08:33:46 INFO SparkContext: Starting job: create at <unknown>:0
[2026-05-27T08:33:46.814+0000] {subprocess.py:106} INFO - 26/05/27 08:33:46 INFO DAGScheduler: Got job 3 (create at <unknown>:0) with 1 output partitions
[2026-05-27T08:33:46.815+0000] {subprocess.py:106} INFO - 26/05/27 08:33:46 INFO DAGScheduler: Final stage: ResultStage 5 (create at <unknown>:0)
[2026-05-27T08:33:46.816+0000] {subprocess.py:106} INFO - 26/05/27 08:33:46 INFO DAGScheduler: Parents of final stage: List(ShuffleMapStage 4)
[2026-05-27T08:33:46.822+0000] {subprocess.py:106} INFO - 26/05/27 08:33:46 INFO DAGScheduler: Missing parents: List()
[2026-05-27T08:33:46.822+0000] {subprocess.py:106} INFO - 26/05/27 08:33:46 INFO DAGScheduler: Submitting ResultStage 5 (MapPartitionsRDD[11] at create at <unknown>:0), which has no missing parents
[2026-05-27T08:33:46.841+0000] {subprocess.py:106} INFO - 26/05/27 08:33:46 INFO MemoryStore: Block broadcast_6 stored as values in memory (estimated size 50.7 KiB, free 434.2 MiB)
[2026-05-27T08:33:46.844+0000] {subprocess.py:106} INFO - 26/05/27 08:33:46 INFO MemoryStore: Block broadcast_6_piece0 stored as bytes in memory (estimated size 22.2 KiB, free 434.1 MiB)
[2026-05-27T08:33:46.864+0000] {subprocess.py:106} INFO - 26/05/27 08:33:46 INFO BlockManagerInfo: Added broadcast_6_piece0 in memory on c05002f484b8:41561 (size: 22.2 KiB, free: 434.3 MiB)
[2026-05-27T08:33:46.866+0000] {subprocess.py:106} INFO - 26/05/27 08:33:46 INFO SparkContext: Created broadcast 6 from broadcast at DAGScheduler.scala:1585
[2026-05-27T08:33:46.872+0000] {subprocess.py:106} INFO - 26/05/27 08:33:46 INFO DAGScheduler: Submitting 1 missing tasks from ResultStage 5 (MapPartitionsRDD[11] at create at <unknown>:0) (first 15 tasks are for partitions Vector(0))
[2026-05-27T08:33:46.873+0000] {subprocess.py:106} INFO - 26/05/27 08:33:46 INFO TaskSchedulerImpl: Adding task set 5.0 with 1 tasks resource profile 0
[2026-05-27T08:33:46.874+0000] {subprocess.py:106} INFO - 26/05/27 08:33:46 INFO TaskSetManager: Starting task 0.0 in stage 5.0 (TID 3) (172.30.0.7, executor 0, partition 0, NODE_LOCAL, 9976 bytes)
[2026-05-27T08:33:46.929+0000] {subprocess.py:106} INFO - 26/05/27 08:33:46 INFO BlockManagerInfo: Added broadcast_6_piece0 in memory on 172.30.0.7:46295 (size: 22.2 KiB, free: 434.3 MiB)
[2026-05-27T08:33:47.032+0000] {subprocess.py:106} INFO - 26/05/27 08:33:47 INFO MapOutputTrackerMasterEndpoint: Asked to send map output locations for shuffle 1 to 172.30.0.7:52842
[2026-05-27T08:33:47.213+0000] {subprocess.py:106} INFO - 26/05/27 08:33:47 INFO BlockManagerInfo: Added broadcast_5_piece0 in memory on 172.30.0.7:46295 (size: 29.8 KiB, free: 434.3 MiB)
[2026-05-27T08:33:48.026+0000] {subprocess.py:106} INFO - 26/05/27 08:33:48 INFO TaskSetManager: Finished task 0.0 in stage 5.0 (TID 3) in 1152 ms on 172.30.0.7 (executor 0) (1/1)
[2026-05-27T08:33:48.032+0000] {subprocess.py:106} INFO - 26/05/27 08:33:48 INFO TaskSchedulerImpl: Removed TaskSet 5.0, whose tasks have all completed, from pool
[2026-05-27T08:33:48.033+0000] {subprocess.py:106} INFO - 26/05/27 08:33:48 INFO DAGScheduler: ResultStage 5 (create at <unknown>:0) finished in 1.195 s
[2026-05-27T08:33:48.034+0000] {subprocess.py:106} INFO - 26/05/27 08:33:48 INFO DAGScheduler: Job 3 is finished. Cancelling potential speculative or zombie tasks for this job
[2026-05-27T08:33:48.035+0000] {subprocess.py:106} INFO - 26/05/27 08:33:48 INFO TaskSchedulerImpl: Killing all running tasks in stage 5: Stage finished
[2026-05-27T08:33:48.035+0000] {subprocess.py:106} INFO - 26/05/27 08:33:48 INFO DAGScheduler: Job 3 finished: create at <unknown>:0, took 1.220534 s
[2026-05-27T08:33:48.036+0000] {subprocess.py:106} INFO - 26/05/27 08:33:48 INFO AppendDataExec: Data source write support IcebergBatchWrite(table=gold.dim_skill, format=PARQUET) is committing.
[2026-05-27T08:33:48.082+0000] {subprocess.py:106} INFO - 26/05/27 08:33:48 INFO SparkWrite: Committing append with 1 new data files to table gold.dim_skill
[2026-05-27T08:33:48.508+0000] {subprocess.py:106} INFO - 26/05/27 08:33:48 INFO SnapshotProducer: Committed snapshot 7086109229695480738 (MergeAppend)
[2026-05-27T08:33:48.546+0000] {subprocess.py:106} INFO - 26/05/27 08:33:48 INFO LoggingMetricsReporter: Received metrics report: CommitReport{tableName=gold.dim_skill, snapshotId=7086109229695480738, sequenceNumber=1, operation=append, commitMetrics=CommitMetricsResult{totalDuration=TimerResult{timeUnit=NANOSECONDS, totalDuration=PT0.455519335S, count=1}, attempts=CounterResult{unit=COUNT, value=1}, addedDataFiles=CounterResult{unit=COUNT, value=1}, removedDataFiles=null, totalDataFiles=CounterResult{unit=COUNT, value=1}, addedDeleteFiles=null, addedEqualityDeleteFiles=null, addedPositionalDeleteFiles=null, removedDeleteFiles=null, removedEqualityDeleteFiles=null, removedPositionalDeleteFiles=null, totalDeleteFiles=CounterResult{unit=COUNT, value=0}, addedRecords=CounterResult{unit=COUNT, value=519}, removedRecords=null, totalRecords=CounterResult{unit=COUNT, value=519}, addedFilesSizeInBytes=CounterResult{unit=BYTES, value=8882}, removedFilesSizeInBytes=null, totalFilesSizeInBytes=CounterResult{unit=BYTES, value=8882}, addedPositionalDeletes=null, removedPositionalDeletes=null, totalPositionalDeletes=CounterResult{unit=COUNT, value=0}, addedEqualityDeletes=null, removedEqualityDeletes=null, totalEqualityDeletes=CounterResult{unit=COUNT, value=0}}, metadata={engine-version=3.5.3, app-id=app-20260527083322-0002, engine-name=spark, iceberg-version=Apache Iceberg 1.6.1 (commit 8e9d59d299be42b0bca9461457cd1e95dbaad086)}}
[2026-05-27T08:33:48.547+0000] {subprocess.py:106} INFO - 26/05/27 08:33:48 INFO SparkWrite: Committed in 465 ms
[2026-05-27T08:33:48.548+0000] {subprocess.py:106} INFO - 26/05/27 08:33:48 INFO AppendDataExec: Data source write support IcebergBatchWrite(table=gold.dim_skill, format=PARQUET) committed.
[2026-05-27T08:33:48.704+0000] {subprocess.py:106} INFO - 26/05/27 08:33:48 INFO BlockManagerInfo: Removed broadcast_5_piece0 on c05002f484b8:41561 in memory (size: 29.8 KiB, free: 434.3 MiB)
[2026-05-27T08:33:48.711+0000] {subprocess.py:106} INFO - 26/05/27 08:33:48 INFO BlockManagerInfo: Removed broadcast_5_piece0 on 172.30.0.7:46295 in memory (size: 29.8 KiB, free: 434.3 MiB)
[2026-05-27T08:33:48.730+0000] {subprocess.py:106} INFO - 26/05/27 08:33:48 INFO BlockManagerInfo: Removed broadcast_6_piece0 on c05002f484b8:41561 in memory (size: 22.2 KiB, free: 434.3 MiB)
[2026-05-27T08:33:48.731+0000] {subprocess.py:106} INFO - 26/05/27 08:33:48 INFO BlockManagerInfo: Removed broadcast_6_piece0 on 172.30.0.7:46295 in memory (size: 22.2 KiB, free: 434.4 MiB)
[2026-05-27T08:33:48.905+0000] {subprocess.py:106} INFO - 26/05/27 08:33:48 INFO HiveTableOperations: Committed to table iceberg.gold.dim_skill with the new metadata location s3a://warehouse/iceberg_data/gold.db/dim_skill/metadata/00000-23615471-6b4d-41aa-996b-11b4d6c2693a.metadata.json
[2026-05-27T08:33:48.906+0000] {subprocess.py:106} INFO - 26/05/27 08:33:48 INFO BaseMetastoreTableOperations: Successfully committed to table iceberg.gold.dim_skill in 355 ms
[2026-05-27T08:33:48.906+0000] {subprocess.py:106} INFO - >>> Building DIM_LOCATION...
[2026-05-27T08:33:49.037+0000] {subprocess.py:106} INFO - 26/05/27 08:33:49 INFO BaseMetastoreCatalog: Table properties set at catalog level through catalog properties: {}
[2026-05-27T08:33:49.044+0000] {subprocess.py:106} INFO - 26/05/27 08:33:49 INFO BaseMetastoreCatalog: Table properties enforced at catalog level through catalog properties: {}
[2026-05-27T08:33:49.082+0000] {subprocess.py:106} INFO - 26/05/27 08:33:49 INFO V2ScanRelationPushDown:
[2026-05-27T08:33:49.082+0000] {subprocess.py:106} INFO - Pushing operators to iceberg.silver.it_jobs_clean
[2026-05-27T08:33:49.083+0000] {subprocess.py:106} INFO - Pushed Filters: location IS NOT NULL
[2026-05-27T08:33:49.084+0000] {subprocess.py:106} INFO - Post-Scan Filters: isnotnull(location#2),(size(location#2, true) > 0)
[2026-05-27T08:33:49.085+0000] {subprocess.py:106} INFO - 
[2026-05-27T08:33:49.087+0000] {subprocess.py:106} INFO - 26/05/27 08:33:49 INFO V2ScanRelationPushDown:
[2026-05-27T08:33:49.087+0000] {subprocess.py:106} INFO - Output: location#2
[2026-05-27T08:33:49.088+0000] {subprocess.py:106} INFO - 
[2026-05-27T08:33:49.090+0000] {subprocess.py:106} INFO - 26/05/27 08:33:49 INFO SnapshotScan: Scanning table iceberg.silver.it_jobs_clean snapshot 151613108160638968 created at 2026-05-27T08:33:11.187+00:00 with filter location IS NOT NULL
[2026-05-27T08:33:49.090+0000] {subprocess.py:106} INFO - 26/05/27 08:33:49 INFO BaseDistributedDataScan: Planning file tasks locally for table iceberg.silver.it_jobs_clean
[2026-05-27T08:33:49.117+0000] {subprocess.py:106} INFO - 26/05/27 08:33:49 INFO SparkPartitioningAwareScan: Reporting UnknownPartitioning with 1 partition(s) for table iceberg.silver.it_jobs_clean
[2026-05-27T08:33:49.122+0000] {subprocess.py:106} INFO - 26/05/27 08:33:49 INFO SparkWrite: Requesting 0 bytes advisory partition size for table gold.dim_location
[2026-05-27T08:33:49.122+0000] {subprocess.py:106} INFO - 26/05/27 08:33:49 INFO SparkWrite: Requesting UnspecifiedDistribution as write distribution for table gold.dim_location
[2026-05-27T08:33:49.123+0000] {subprocess.py:106} INFO - 26/05/27 08:33:49 INFO SparkWrite: Requesting [] as write ordering for table gold.dim_location
[2026-05-27T08:33:49.130+0000] {subprocess.py:106} INFO - 26/05/27 08:33:49 INFO MemoryStore: Block broadcast_7 stored as values in memory (estimated size 32.0 KiB, free 434.2 MiB)
[2026-05-27T08:33:49.142+0000] {subprocess.py:106} INFO - 26/05/27 08:33:49 INFO MemoryStore: Block broadcast_7_piece0 stored as bytes in memory (estimated size 30.3 KiB, free 434.2 MiB)
[2026-05-27T08:33:49.143+0000] {subprocess.py:106} INFO - 26/05/27 08:33:49 INFO BlockManagerInfo: Added broadcast_7_piece0 in memory on c05002f484b8:41561 (size: 30.3 KiB, free: 434.3 MiB)
[2026-05-27T08:33:49.145+0000] {subprocess.py:106} INFO - 26/05/27 08:33:49 INFO SparkContext: Created broadcast 7 from broadcast at SparkBatch.java:79
[2026-05-27T08:33:49.151+0000] {subprocess.py:106} INFO - 26/05/27 08:33:49 INFO MemoryStore: Block broadcast_8 stored as values in memory (estimated size 32.0 KiB, free 434.2 MiB)
[2026-05-27T08:33:49.155+0000] {subprocess.py:106} INFO - 26/05/27 08:33:49 INFO MemoryStore: Block broadcast_8_piece0 stored as bytes in memory (estimated size 30.4 KiB, free 434.2 MiB)
[2026-05-27T08:33:49.156+0000] {subprocess.py:106} INFO - 26/05/27 08:33:49 INFO BlockManagerInfo: Added broadcast_8_piece0 in memory on c05002f484b8:41561 (size: 30.4 KiB, free: 434.3 MiB)
[2026-05-27T08:33:49.158+0000] {subprocess.py:106} INFO - 26/05/27 08:33:49 INFO SparkContext: Created broadcast 8 from broadcast at SparkBatch.java:79
[2026-05-27T08:33:49.244+0000] {subprocess.py:106} INFO - 26/05/27 08:33:49 INFO CodeGenerator: Code generated in 41.139809 ms
[2026-05-27T08:33:49.256+0000] {subprocess.py:106} INFO - 26/05/27 08:33:49 INFO DAGScheduler: Registering RDD 15 (create at <unknown>:0) as input to shuffle 2
[2026-05-27T08:33:49.257+0000] {subprocess.py:106} INFO - 26/05/27 08:33:49 INFO DAGScheduler: Got map stage job 4 (create at <unknown>:0) with 1 output partitions
[2026-05-27T08:33:49.257+0000] {subprocess.py:106} INFO - 26/05/27 08:33:49 INFO DAGScheduler: Final stage: ShuffleMapStage 6 (create at <unknown>:0)
[2026-05-27T08:33:49.258+0000] {subprocess.py:106} INFO - 26/05/27 08:33:49 INFO DAGScheduler: Parents of final stage: List()
[2026-05-27T08:33:49.259+0000] {subprocess.py:106} INFO - 26/05/27 08:33:49 INFO DAGScheduler: Missing parents: List()
[2026-05-27T08:33:49.262+0000] {subprocess.py:106} INFO - 26/05/27 08:33:49 INFO DAGScheduler: Submitting ShuffleMapStage 6 (MapPartitionsRDD[15] at create at <unknown>:0), which has no missing parents
[2026-05-27T08:33:49.264+0000] {subprocess.py:106} INFO - 26/05/27 08:33:49 INFO MemoryStore: Block broadcast_9 stored as values in memory (estimated size 39.5 KiB, free 434.1 MiB)
[2026-05-27T08:33:49.285+0000] {subprocess.py:106} INFO - 26/05/27 08:33:49 INFO MemoryStore: Block broadcast_9_piece0 stored as bytes in memory (estimated size 17.2 KiB, free 434.1 MiB)
[2026-05-27T08:33:49.290+0000] {subprocess.py:106} INFO - 26/05/27 08:33:49 INFO BlockManagerInfo: Added broadcast_9_piece0 in memory on c05002f484b8:41561 (size: 17.2 KiB, free: 434.3 MiB)
[2026-05-27T08:33:49.291+0000] {subprocess.py:106} INFO - 26/05/27 08:33:49 INFO SparkContext: Created broadcast 9 from broadcast at DAGScheduler.scala:1585
[2026-05-27T08:33:49.292+0000] {subprocess.py:106} INFO - 26/05/27 08:33:49 INFO DAGScheduler: Submitting 1 missing tasks from ShuffleMapStage 6 (MapPartitionsRDD[15] at create at <unknown>:0) (first 15 tasks are for partitions Vector(0))
[2026-05-27T08:33:49.293+0000] {subprocess.py:106} INFO - 26/05/27 08:33:49 INFO TaskSchedulerImpl: Adding task set 6.0 with 1 tasks resource profile 0
[2026-05-27T08:33:49.293+0000] {subprocess.py:106} INFO - 26/05/27 08:33:49 INFO TaskSetManager: Starting task 0.0 in stage 6.0 (TID 4) (172.30.0.7, executor 0, partition 0, PROCESS_LOCAL, 15290 bytes)
[2026-05-27T08:33:49.331+0000] {subprocess.py:106} INFO - 26/05/27 08:33:49 INFO BlockManagerInfo: Added broadcast_9_piece0 in memory on 172.30.0.7:46295 (size: 17.2 KiB, free: 434.4 MiB)
[2026-05-27T08:33:49.463+0000] {subprocess.py:106} INFO - 26/05/27 08:33:49 INFO BlockManagerInfo: Added broadcast_8_piece0 in memory on 172.30.0.7:46295 (size: 30.4 KiB, free: 434.3 MiB)
[2026-05-27T08:33:49.677+0000] {subprocess.py:106} INFO - 26/05/27 08:33:49 INFO TaskSetManager: Finished task 0.0 in stage 6.0 (TID 4) in 381 ms on 172.30.0.7 (executor 0) (1/1)
[2026-05-27T08:33:49.678+0000] {subprocess.py:106} INFO - 26/05/27 08:33:49 INFO TaskSchedulerImpl: Removed TaskSet 6.0, whose tasks have all completed, from pool
[2026-05-27T08:33:49.681+0000] {subprocess.py:106} INFO - 26/05/27 08:33:49 INFO DAGScheduler: ShuffleMapStage 6 (create at <unknown>:0) finished in 0.414 s
[2026-05-27T08:33:49.682+0000] {subprocess.py:106} INFO - 26/05/27 08:33:49 INFO DAGScheduler: looking for newly runnable stages
[2026-05-27T08:33:49.685+0000] {subprocess.py:106} INFO - 26/05/27 08:33:49 INFO DAGScheduler: running: Set()
[2026-05-27T08:33:49.690+0000] {subprocess.py:106} INFO - 26/05/27 08:33:49 INFO DAGScheduler: waiting: Set()
[2026-05-27T08:33:49.691+0000] {subprocess.py:106} INFO - 26/05/27 08:33:49 INFO DAGScheduler: failed: Set()
[2026-05-27T08:33:49.700+0000] {subprocess.py:106} INFO - 26/05/27 08:33:49 INFO ShufflePartitionsUtil: For shuffle(2), advisory target size: 67108864, actual target size 1048576, minimum partition size: 1048576
[2026-05-27T08:33:49.792+0000] {subprocess.py:106} INFO - 26/05/27 08:33:49 INFO CodeGenerator: Code generated in 64.131568 ms
[2026-05-27T08:33:49.808+0000] {subprocess.py:106} INFO - 26/05/27 08:33:49 INFO MemoryStore: Block broadcast_10 stored as values in memory (estimated size 32.0 KiB, free 434.1 MiB)
[2026-05-27T08:33:49.832+0000] {subprocess.py:106} INFO - 26/05/27 08:33:49 INFO MemoryStore: Block broadcast_10_piece0 stored as bytes in memory (estimated size 29.7 KiB, free 434.0 MiB)
[2026-05-27T08:33:49.840+0000] {subprocess.py:106} INFO - 26/05/27 08:33:49 INFO BlockManagerInfo: Added broadcast_10_piece0 in memory on c05002f484b8:41561 (size: 29.7 KiB, free: 434.2 MiB)
[2026-05-27T08:33:49.841+0000] {subprocess.py:106} INFO - 26/05/27 08:33:49 INFO SparkContext: Created broadcast 10 from broadcast at SparkWrite.java:193
[2026-05-27T08:33:49.845+0000] {subprocess.py:106} INFO - 26/05/27 08:33:49 INFO AppendDataExec: Start processing data source write support: IcebergBatchWrite(table=gold.dim_location, format=PARQUET). The input RDD has 1 partitions.
[2026-05-27T08:33:49.848+0000] {subprocess.py:106} INFO - 26/05/27 08:33:49 INFO SparkContext: Starting job: create at <unknown>:0
[2026-05-27T08:33:49.849+0000] {subprocess.py:106} INFO - 26/05/27 08:33:49 INFO DAGScheduler: Got job 5 (create at <unknown>:0) with 1 output partitions
[2026-05-27T08:33:49.852+0000] {subprocess.py:106} INFO - 26/05/27 08:33:49 INFO DAGScheduler: Final stage: ResultStage 8 (create at <unknown>:0)
[2026-05-27T08:33:49.852+0000] {subprocess.py:106} INFO - 26/05/27 08:33:49 INFO DAGScheduler: Parents of final stage: List(ShuffleMapStage 7)
[2026-05-27T08:33:49.853+0000] {subprocess.py:106} INFO - 26/05/27 08:33:49 INFO BlockManagerInfo: Removed broadcast_9_piece0 on 172.30.0.7:46295 in memory (size: 17.2 KiB, free: 434.3 MiB)
[2026-05-27T08:33:49.853+0000] {subprocess.py:106} INFO - 26/05/27 08:33:49 INFO BlockManagerInfo: Removed broadcast_9_piece0 on c05002f484b8:41561 in memory (size: 17.2 KiB, free: 434.3 MiB)
[2026-05-27T08:33:49.854+0000] {subprocess.py:106} INFO - 26/05/27 08:33:49 INFO DAGScheduler: Missing parents: List()
[2026-05-27T08:33:49.862+0000] {subprocess.py:106} INFO - 26/05/27 08:33:49 INFO DAGScheduler: Submitting ResultStage 8 (MapPartitionsRDD[17] at create at <unknown>:0), which has no missing parents
[2026-05-27T08:33:49.868+0000] {subprocess.py:106} INFO - 26/05/27 08:33:49 INFO MemoryStore: Block broadcast_11 stored as values in memory (estimated size 53.3 KiB, free 434.0 MiB)
[2026-05-27T08:33:49.871+0000] {subprocess.py:106} INFO - 26/05/27 08:33:49 INFO MemoryStore: Block broadcast_11_piece0 stored as bytes in memory (estimated size 22.5 KiB, free 434.0 MiB)
[2026-05-27T08:33:49.877+0000] {subprocess.py:106} INFO - 26/05/27 08:33:49 INFO BlockManagerInfo: Added broadcast_11_piece0 in memory on c05002f484b8:41561 (size: 22.5 KiB, free: 434.2 MiB)
[2026-05-27T08:33:49.879+0000] {subprocess.py:106} INFO - 26/05/27 08:33:49 INFO SparkContext: Created broadcast 11 from broadcast at DAGScheduler.scala:1585
[2026-05-27T08:33:49.880+0000] {subprocess.py:106} INFO - 26/05/27 08:33:49 INFO DAGScheduler: Submitting 1 missing tasks from ResultStage 8 (MapPartitionsRDD[17] at create at <unknown>:0) (first 15 tasks are for partitions Vector(0))
[2026-05-27T08:33:49.881+0000] {subprocess.py:106} INFO - 26/05/27 08:33:49 INFO TaskSchedulerImpl: Adding task set 8.0 with 1 tasks resource profile 0
[2026-05-27T08:33:49.881+0000] {subprocess.py:106} INFO - 26/05/27 08:33:49 INFO TaskSetManager: Starting task 0.0 in stage 8.0 (TID 5) (172.30.0.7, executor 0, partition 0, NODE_LOCAL, 9976 bytes)
[2026-05-27T08:33:49.934+0000] {subprocess.py:106} INFO - 26/05/27 08:33:49 INFO BlockManagerInfo: Added broadcast_11_piece0 in memory on 172.30.0.7:46295 (size: 22.5 KiB, free: 434.3 MiB)
[2026-05-27T08:33:49.962+0000] {subprocess.py:106} INFO - 26/05/27 08:33:49 INFO MapOutputTrackerMasterEndpoint: Asked to send map output locations for shuffle 2 to 172.30.0.7:52842
[2026-05-27T08:33:50.086+0000] {subprocess.py:106} INFO - 26/05/27 08:33:50 INFO BlockManagerInfo: Removed broadcast_2_piece0 on c05002f484b8:41561 in memory (size: 30.4 KiB, free: 434.3 MiB)
[2026-05-27T08:33:50.118+0000] {subprocess.py:106} INFO - 26/05/27 08:33:50 INFO BlockManagerInfo: Added broadcast_10_piece0 in memory on 172.30.0.7:46295 (size: 29.7 KiB, free: 434.3 MiB)
[2026-05-27T08:33:50.288+0000] {subprocess.py:106} INFO - 26/05/27 08:33:50 INFO TaskSetManager: Finished task 0.0 in stage 8.0 (TID 5) in 408 ms on 172.30.0.7 (executor 0) (1/1)
[2026-05-27T08:33:50.292+0000] {subprocess.py:106} INFO - 26/05/27 08:33:50 INFO TaskSchedulerImpl: Removed TaskSet 8.0, whose tasks have all completed, from pool
[2026-05-27T08:33:50.293+0000] {subprocess.py:106} INFO - 26/05/27 08:33:50 INFO DAGScheduler: ResultStage 8 (create at <unknown>:0) finished in 0.425 s
[2026-05-27T08:33:50.294+0000] {subprocess.py:106} INFO - 26/05/27 08:33:50 INFO DAGScheduler: Job 5 is finished. Cancelling potential speculative or zombie tasks for this job
[2026-05-27T08:33:50.294+0000] {subprocess.py:106} INFO - 26/05/27 08:33:50 INFO TaskSchedulerImpl: Killing all running tasks in stage 8: Stage finished
[2026-05-27T08:33:50.295+0000] {subprocess.py:106} INFO - 26/05/27 08:33:50 INFO DAGScheduler: Job 5 finished: create at <unknown>:0, took 0.449448 s
[2026-05-27T08:33:50.295+0000] {subprocess.py:106} INFO - 26/05/27 08:33:50 INFO AppendDataExec: Data source write support IcebergBatchWrite(table=gold.dim_location, format=PARQUET) is committing.
[2026-05-27T08:33:50.296+0000] {subprocess.py:106} INFO - 26/05/27 08:33:50 INFO SparkWrite: Committing append with 1 new data files to table gold.dim_location
[2026-05-27T08:33:50.494+0000] {subprocess.py:106} INFO - 26/05/27 08:33:50 INFO SnapshotProducer: Committed snapshot 2305567647101519231 (MergeAppend)
[2026-05-27T08:33:50.526+0000] {subprocess.py:106} INFO - 26/05/27 08:33:50 INFO LoggingMetricsReporter: Received metrics report: CommitReport{tableName=gold.dim_location, snapshotId=2305567647101519231, sequenceNumber=1, operation=append, commitMetrics=CommitMetricsResult{totalDuration=TimerResult{timeUnit=NANOSECONDS, totalDuration=PT0.229418832S, count=1}, attempts=CounterResult{unit=COUNT, value=1}, addedDataFiles=CounterResult{unit=COUNT, value=1}, removedDataFiles=null, totalDataFiles=CounterResult{unit=COUNT, value=1}, addedDeleteFiles=null, addedEqualityDeleteFiles=null, addedPositionalDeleteFiles=null, removedDeleteFiles=null, removedEqualityDeleteFiles=null, removedPositionalDeleteFiles=null, totalDeleteFiles=CounterResult{unit=COUNT, value=0}, addedRecords=CounterResult{unit=COUNT, value=14}, removedRecords=null, totalRecords=CounterResult{unit=COUNT, value=14}, addedFilesSizeInBytes=CounterResult{unit=BYTES, value=1240}, removedFilesSizeInBytes=null, totalFilesSizeInBytes=CounterResult{unit=BYTES, value=1240}, addedPositionalDeletes=null, removedPositionalDeletes=null, totalPositionalDeletes=CounterResult{unit=COUNT, value=0}, addedEqualityDeletes=null, removedEqualityDeletes=null, totalEqualityDeletes=CounterResult{unit=COUNT, value=0}}, metadata={engine-version=3.5.3, app-id=app-20260527083322-0002, engine-name=spark, iceberg-version=Apache Iceberg 1.6.1 (commit 8e9d59d299be42b0bca9461457cd1e95dbaad086)}}
[2026-05-27T08:33:50.527+0000] {subprocess.py:106} INFO - 26/05/27 08:33:50 INFO SparkWrite: Committed in 230 ms
[2026-05-27T08:33:50.528+0000] {subprocess.py:106} INFO - 26/05/27 08:33:50 INFO AppendDataExec: Data source write support IcebergBatchWrite(table=gold.dim_location, format=PARQUET) committed.
[2026-05-27T08:33:50.753+0000] {subprocess.py:106} INFO - 26/05/27 08:33:50 INFO HiveTableOperations: Committed to table iceberg.gold.dim_location with the new metadata location s3a://warehouse/iceberg_data/gold.db/dim_location/metadata/00000-f004f803-8a74-44f2-805a-3834cc2f5315.metadata.json
[2026-05-27T08:33:50.754+0000] {subprocess.py:106} INFO - 26/05/27 08:33:50 INFO BaseMetastoreTableOperations: Successfully committed to table iceberg.gold.dim_location in 226 ms
[2026-05-27T08:33:50.755+0000] {subprocess.py:106} INFO - >>> Building DIM_COMPANY...
[2026-05-27T08:33:50.839+0000] {subprocess.py:106} INFO - 26/05/27 08:33:50 INFO BaseMetastoreCatalog: Table properties set at catalog level through catalog properties: {}
[2026-05-27T08:33:50.849+0000] {subprocess.py:106} INFO - 26/05/27 08:33:50 INFO BaseMetastoreCatalog: Table properties enforced at catalog level through catalog properties: {}
[2026-05-27T08:33:50.869+0000] {subprocess.py:106} INFO - 26/05/27 08:33:50 INFO V2ScanRelationPushDown:
[2026-05-27T08:33:50.870+0000] {subprocess.py:106} INFO - Pushing operators to iceberg.silver.it_jobs_clean
[2026-05-27T08:33:50.870+0000] {subprocess.py:106} INFO - Pushed Filters: company_name IS NOT NULL
[2026-05-27T08:33:50.871+0000] {subprocess.py:106} INFO - Post-Scan Filters: isnotnull(company_name#1)
[2026-05-27T08:33:50.872+0000] {subprocess.py:106} INFO - 
[2026-05-27T08:33:50.872+0000] {subprocess.py:106} INFO - 26/05/27 08:33:50 INFO V2ScanRelationPushDown:
[2026-05-27T08:33:50.873+0000] {subprocess.py:106} INFO - Output: company_name#1
[2026-05-27T08:33:50.873+0000] {subprocess.py:106} INFO - 
[2026-05-27T08:33:50.874+0000] {subprocess.py:106} INFO - 26/05/27 08:33:50 INFO SnapshotScan: Scanning table iceberg.silver.it_jobs_clean snapshot 151613108160638968 created at 2026-05-27T08:33:11.187+00:00 with filter company_name IS NOT NULL
[2026-05-27T08:33:50.875+0000] {subprocess.py:106} INFO - 26/05/27 08:33:50 INFO BaseDistributedDataScan: Planning file tasks locally for table iceberg.silver.it_jobs_clean
[2026-05-27T08:33:50.904+0000] {subprocess.py:106} INFO - 26/05/27 08:33:50 INFO SparkPartitioningAwareScan: Reporting UnknownPartitioning with 1 partition(s) for table iceberg.silver.it_jobs_clean
[2026-05-27T08:33:50.905+0000] {subprocess.py:106} INFO - 26/05/27 08:33:50 INFO SparkWrite: Requesting 0 bytes advisory partition size for table gold.dim_company
[2026-05-27T08:33:50.905+0000] {subprocess.py:106} INFO - 26/05/27 08:33:50 INFO SparkWrite: Requesting UnspecifiedDistribution as write distribution for table gold.dim_company
[2026-05-27T08:33:50.906+0000] {subprocess.py:106} INFO - 26/05/27 08:33:50 INFO SparkWrite: Requesting [] as write ordering for table gold.dim_company
[2026-05-27T08:33:50.912+0000] {subprocess.py:106} INFO - 26/05/27 08:33:50 INFO MemoryStore: Block broadcast_12 stored as values in memory (estimated size 32.0 KiB, free 434.1 MiB)
[2026-05-27T08:33:50.935+0000] {subprocess.py:106} INFO - 26/05/27 08:33:50 INFO MemoryStore: Block broadcast_12_piece0 stored as bytes in memory (estimated size 30.4 KiB, free 434.0 MiB)
[2026-05-27T08:33:50.946+0000] {subprocess.py:106} INFO - 26/05/27 08:33:50 INFO BlockManagerInfo: Added broadcast_12_piece0 in memory on c05002f484b8:41561 (size: 30.4 KiB, free: 434.2 MiB)
[2026-05-27T08:33:50.948+0000] {subprocess.py:106} INFO - 26/05/27 08:33:50 INFO BlockManagerInfo: Removed broadcast_10_piece0 on c05002f484b8:41561 in memory (size: 29.7 KiB, free: 434.3 MiB)
[2026-05-27T08:33:50.950+0000] {subprocess.py:106} INFO - 26/05/27 08:33:50 INFO SparkContext: Created broadcast 12 from broadcast at SparkBatch.java:79
[2026-05-27T08:33:50.951+0000] {subprocess.py:106} INFO - 26/05/27 08:33:50 INFO BlockManagerInfo: Removed broadcast_10_piece0 on 172.30.0.7:46295 in memory (size: 29.7 KiB, free: 434.3 MiB)
[2026-05-27T08:33:50.951+0000] {subprocess.py:106} INFO - 26/05/27 08:33:50 INFO MemoryStore: Block broadcast_13 stored as values in memory (estimated size 32.0 KiB, free 434.1 MiB)
[2026-05-27T08:33:50.955+0000] {subprocess.py:106} INFO - 26/05/27 08:33:50 INFO MemoryStore: Block broadcast_13_piece0 stored as bytes in memory (estimated size 30.3 KiB, free 434.0 MiB)
[2026-05-27T08:33:50.957+0000] {subprocess.py:106} INFO - 26/05/27 08:33:50 INFO BlockManagerInfo: Added broadcast_13_piece0 in memory on c05002f484b8:41561 (size: 30.3 KiB, free: 434.2 MiB)
[2026-05-27T08:33:50.959+0000] {subprocess.py:106} INFO - 26/05/27 08:33:50 INFO SparkContext: Created broadcast 13 from broadcast at SparkBatch.java:79
[2026-05-27T08:33:50.968+0000] {subprocess.py:106} INFO - 26/05/27 08:33:50 INFO BlockManagerInfo: Removed broadcast_8_piece0 on c05002f484b8:41561 in memory (size: 30.4 KiB, free: 434.3 MiB)
[2026-05-27T08:33:50.969+0000] {subprocess.py:106} INFO - 26/05/27 08:33:50 INFO BlockManagerInfo: Removed broadcast_8_piece0 on 172.30.0.7:46295 in memory (size: 30.4 KiB, free: 434.3 MiB)
[2026-05-27T08:33:51.031+0000] {subprocess.py:106} INFO - 26/05/27 08:33:51 INFO BlockManagerInfo: Removed broadcast_11_piece0 on 172.30.0.7:46295 in memory (size: 22.5 KiB, free: 434.4 MiB)
[2026-05-27T08:33:51.032+0000] {subprocess.py:106} INFO - 26/05/27 08:33:51 INFO BlockManagerInfo: Removed broadcast_11_piece0 on c05002f484b8:41561 in memory (size: 22.5 KiB, free: 434.3 MiB)
[2026-05-27T08:33:51.051+0000] {subprocess.py:106} INFO - 26/05/27 08:33:51 INFO BlockManagerInfo: Removed broadcast_7_piece0 on c05002f484b8:41561 in memory (size: 30.3 KiB, free: 434.3 MiB)
[2026-05-27T08:33:51.086+0000] {subprocess.py:106} INFO - 26/05/27 08:33:51 INFO CodeGenerator: Code generated in 46.088566 ms
[2026-05-27T08:33:51.101+0000] {subprocess.py:106} INFO - 26/05/27 08:33:51 INFO DAGScheduler: Registering RDD 21 (create at <unknown>:0) as input to shuffle 3
[2026-05-27T08:33:51.101+0000] {subprocess.py:106} INFO - 26/05/27 08:33:51 INFO DAGScheduler: Got map stage job 6 (create at <unknown>:0) with 1 output partitions
[2026-05-27T08:33:51.102+0000] {subprocess.py:106} INFO - 26/05/27 08:33:51 INFO DAGScheduler: Final stage: ShuffleMapStage 9 (create at <unknown>:0)
[2026-05-27T08:33:51.104+0000] {subprocess.py:106} INFO - 26/05/27 08:33:51 INFO DAGScheduler: Parents of final stage: List()
[2026-05-27T08:33:51.105+0000] {subprocess.py:106} INFO - 26/05/27 08:33:51 INFO DAGScheduler: Missing parents: List()
[2026-05-27T08:33:51.105+0000] {subprocess.py:106} INFO - 26/05/27 08:33:51 INFO DAGScheduler: Submitting ShuffleMapStage 9 (MapPartitionsRDD[21] at create at <unknown>:0), which has no missing parents
[2026-05-27T08:33:51.108+0000] {subprocess.py:106} INFO - 26/05/27 08:33:51 INFO MemoryStore: Block broadcast_14 stored as values in memory (estimated size 37.1 KiB, free 434.2 MiB)
[2026-05-27T08:33:51.120+0000] {subprocess.py:106} INFO - 26/05/27 08:33:51 INFO MemoryStore: Block broadcast_14_piece0 stored as bytes in memory (estimated size 16.2 KiB, free 434.2 MiB)
[2026-05-27T08:33:51.121+0000] {subprocess.py:106} INFO - 26/05/27 08:33:51 INFO BlockManagerInfo: Added broadcast_14_piece0 in memory on c05002f484b8:41561 (size: 16.2 KiB, free: 434.3 MiB)
[2026-05-27T08:33:51.121+0000] {subprocess.py:106} INFO - 26/05/27 08:33:51 INFO SparkContext: Created broadcast 14 from broadcast at DAGScheduler.scala:1585
[2026-05-27T08:33:51.126+0000] {subprocess.py:106} INFO - 26/05/27 08:33:51 INFO DAGScheduler: Submitting 1 missing tasks from ShuffleMapStage 9 (MapPartitionsRDD[21] at create at <unknown>:0) (first 15 tasks are for partitions Vector(0))
[2026-05-27T08:33:51.127+0000] {subprocess.py:106} INFO - 26/05/27 08:33:51 INFO TaskSchedulerImpl: Adding task set 9.0 with 1 tasks resource profile 0
[2026-05-27T08:33:51.131+0000] {subprocess.py:106} INFO - 26/05/27 08:33:51 INFO TaskSetManager: Starting task 0.0 in stage 9.0 (TID 6) (172.30.0.7, executor 0, partition 0, PROCESS_LOCAL, 15231 bytes)
[2026-05-27T08:33:51.148+0000] {subprocess.py:106} INFO - 26/05/27 08:33:51 INFO BlockManagerInfo: Added broadcast_14_piece0 in memory on 172.30.0.7:46295 (size: 16.2 KiB, free: 434.4 MiB)
[2026-05-27T08:33:51.273+0000] {subprocess.py:106} INFO - 26/05/27 08:33:51 INFO BlockManagerInfo: Added broadcast_13_piece0 in memory on 172.30.0.7:46295 (size: 30.3 KiB, free: 434.3 MiB)
[2026-05-27T08:33:51.455+0000] {local_task_job_runner.py:346} WARNING - State of this instance has been externally set to queued. Terminating instance.
[2026-05-27T08:33:51.456+0000] {local_task_job_runner.py:245} INFO - ::endgroup::
[2026-05-27T08:33:51.458+0000] {process_utils.py:132} INFO - Sending 15 to group 72. PIDs of all processes in the group: [74, 75, 72]
[2026-05-27T08:33:51.458+0000] {process_utils.py:87} INFO - Sending the signal 15 to group 72
[2026-05-27T08:33:51.459+0000] {taskinstance.py:3094} ERROR - Received SIGTERM. Terminating subprocesses.
[2026-05-27T08:33:51.485+0000] {taskinstance.py:3095} ERROR - Stacktrace: 
  File "/home/***/.local/bin/***", line 8, in <module>
    sys.exit(main())
  File "/home/***/.local/lib/python3.8/site-packages/***/__main__.py", line 62, in main
    args.func(args)
  File "/home/***/.local/lib/python3.8/site-packages/***/cli/cli_config.py", line 49, in command
    return func(*args, **kwargs)
  File "/home/***/.local/lib/python3.8/site-packages/***/utils/cli.py", line 116, in wrapper
    return f(*args, **kwargs)
  File "/home/***/.local/lib/python3.8/site-packages/***/utils/providers_configuration_loader.py", line 55, in wrapped_function
    return func(*args, **kwargs)
  File "/home/***/.local/lib/python3.8/site-packages/***/cli/commands/celery_command.py", line 218, in worker
    run_command_with_daemon_option(
  File "/home/***/.local/lib/python3.8/site-packages/***/cli/commands/daemon_utils.py", line 86, in run_command_with_daemon_option
    callback()
  File "/home/***/.local/lib/python3.8/site-packages/***/cli/commands/celery_command.py", line 211, in run_celery_worker
    celery_app.worker_main(options)
  File "/home/***/.local/lib/python3.8/site-packages/celery/app/base.py", line 388, in worker_main
    self.start(argv=argv)
  File "/home/***/.local/lib/python3.8/site-packages/celery/app/base.py", line 368, in start
    celery.main(args=argv, standalone_mode=False)
  File "/home/***/.local/lib/python3.8/site-packages/click/core.py", line 1078, in main
    rv = self.invoke(ctx)
  File "/home/***/.local/lib/python3.8/site-packages/click/core.py", line 1688, in invoke
    return _process_result(sub_ctx.command.invoke(sub_ctx))
  File "/home/***/.local/lib/python3.8/site-packages/click/core.py", line 1434, in invoke
    return ctx.invoke(self.callback, **ctx.params)
  File "/home/***/.local/lib/python3.8/site-packages/click/core.py", line 783, in invoke
    return __callback(*args, **kwargs)
  File "/home/***/.local/lib/python3.8/site-packages/click/decorators.py", line 33, in new_func
    return f(get_current_context(), *args, **kwargs)
  File "/home/***/.local/lib/python3.8/site-packages/celery/bin/base.py", line 134, in caller
    return f(ctx, *args, **kwargs)
  File "/home/***/.local/lib/python3.8/site-packages/celery/bin/worker.py", line 356, in worker
    worker.start()
  File "/home/***/.local/lib/python3.8/site-packages/celery/worker/worker.py", line 202, in start
    self.blueprint.start(self)
  File "/home/***/.local/lib/python3.8/site-packages/celery/bootsteps.py", line 116, in start
    step.start(parent)
  File "/home/***/.local/lib/python3.8/site-packages/celery/bootsteps.py", line 365, in start
    return self.obj.start()
  File "/home/***/.local/lib/python3.8/site-packages/celery/concurrency/base.py", line 130, in start
    self.on_start()
  File "/home/***/.local/lib/python3.8/site-packages/celery/concurrency/prefork.py", line 109, in on_start
    P = self._pool = Pool(processes=self.limit,
  File "/home/***/.local/lib/python3.8/site-packages/celery/concurrency/asynpool.py", line 464, in __init__
    super().__init__(processes, *args, **kwargs)
  File "/home/***/.local/lib/python3.8/site-packages/billiard/pool.py", line 1045, in __init__
    self._create_worker_process(i)
  File "/home/***/.local/lib/python3.8/site-packages/celery/concurrency/asynpool.py", line 482, in _create_worker_process
    return super()._create_worker_process(i)
  File "/home/***/.local/lib/python3.8/site-packages/billiard/pool.py", line 1157, in _create_worker_process
    w.start()
  File "/home/***/.local/lib/python3.8/site-packages/billiard/process.py", line 120, in start
    self._popen = self._Popen(self)
  File "/home/***/.local/lib/python3.8/site-packages/billiard/context.py", line 331, in _Popen
    return Popen(process_obj)
  File "/home/***/.local/lib/python3.8/site-packages/billiard/popen_fork.py", line 22, in __init__
    self._launch(process_obj)
  File "/home/***/.local/lib/python3.8/site-packages/billiard/popen_fork.py", line 77, in _launch
    code = process_obj._bootstrap()
  File "/home/***/.local/lib/python3.8/site-packages/billiard/process.py", line 323, in _bootstrap
    self.run()
  File "/home/***/.local/lib/python3.8/site-packages/billiard/process.py", line 110, in run
    self._target(*self._args, **self._kwargs)
  File "/home/***/.local/lib/python3.8/site-packages/billiard/pool.py", line 291, in __call__
    sys.exit(self.workloop(pid=pid))
  File "/home/***/.local/lib/python3.8/site-packages/billiard/pool.py", line 361, in workloop
    result = (True, prepare_result(fun(*args, **kwargs)))
  File "/home/***/.local/lib/python3.8/site-packages/celery/app/trace.py", line 675, in fast_trace_task
    R, I, T, Rstr = tasks[task].__trace__(
  File "/home/***/.local/lib/python3.8/site-packages/celery/app/trace.py", line 477, in trace_task
    R = retval = fun(*args, **kwargs)
  File "/home/***/.local/lib/python3.8/site-packages/celery/app/trace.py", line 760, in __protected_call__
    return self.run(*args, **kwargs)
  File "/home/***/.local/lib/python3.8/site-packages/***/providers/celery/executors/celery_executor_utils.py", line 123, in execute_command
    _execute_in_fork(command_to_exec, celery_task_id)
  File "/home/***/.local/lib/python3.8/site-packages/***/providers/celery/executors/celery_executor_utils.py", line 157, in _execute_in_fork
    args.func(args)
  File "/home/***/.local/lib/python3.8/site-packages/***/cli/cli_config.py", line 49, in command
    return func(*args, **kwargs)
  File "/home/***/.local/lib/python3.8/site-packages/***/utils/cli.py", line 116, in wrapper
    return f(*args, **kwargs)
  File "/home/***/.local/lib/python3.8/site-packages/***/cli/commands/task_command.py", line 483, in task_run
    task_return_code = _run_task_by_selected_method(args, _dag, ti)
  File "/home/***/.local/lib/python3.8/site-packages/***/cli/commands/task_command.py", line 254, in _run_task_by_selected_method
    return _run_task_by_local_task_job(args, ti)
  File "/home/***/.local/lib/python3.8/site-packages/***/cli/commands/task_command.py", line 322, in _run_task_by_local_task_job
    ret = run_job(job=job_runner.job, execute_callable=job_runner._execute)
  File "/home/***/.local/lib/python3.8/site-packages/***/utils/session.py", line 97, in wrapper
    return func(*args, session=session, **kwargs)
  File "/home/***/.local/lib/python3.8/site-packages/***/jobs/job.py", line 421, in run_job
    return execute_job(job, execute_callable=execute_callable)
  File "/home/***/.local/lib/python3.8/site-packages/***/jobs/job.py", line 450, in execute_job
    ret = execute_callable()
  File "/home/***/.local/lib/python3.8/site-packages/***/jobs/local_task_job_runner.py", line 171, in _execute
    self.task_runner.start()
  File "/home/***/.local/lib/python3.8/site-packages/***/task/task_runner/standard_task_runner.py", line 55, in start
    self.process = self._start_by_fork()
  File "/home/***/.local/lib/python3.8/site-packages/***/task/task_runner/standard_task_runner.py", line 117, in _start_by_fork
    ret = args.func(args, dag=self.dag)
  File "/home/***/.local/lib/python3.8/site-packages/***/cli/cli_config.py", line 49, in command
    return func(*args, **kwargs)
  File "/home/***/.local/lib/python3.8/site-packages/***/utils/cli.py", line 116, in wrapper
    return f(*args, **kwargs)
  File "/home/***/.local/lib/python3.8/site-packages/***/cli/commands/task_command.py", line 483, in task_run
    task_return_code = _run_task_by_selected_method(args, _dag, ti)
  File "/home/***/.local/lib/python3.8/site-packages/***/cli/commands/task_command.py", line 256, in _run_task_by_selected_method
    return _run_raw_task(args, ti)
  File "/home/***/.local/lib/python3.8/site-packages/***/cli/commands/task_command.py", line 341, in _run_raw_task
    return ti._run_raw_task(
  File "/home/***/.local/lib/python3.8/site-packages/***/utils/session.py", line 97, in wrapper
    return func(*args, session=session, **kwargs)
  File "/home/***/.local/lib/python3.8/site-packages/***/models/taskinstance.py", line 3006, in _run_raw_task
    return _run_raw_task(
  File "/home/***/.local/lib/python3.8/site-packages/***/models/taskinstance.py", line 274, in _run_raw_task
    TaskInstance._execute_task_with_callbacks(
  File "/home/***/.local/lib/python3.8/site-packages/***/models/taskinstance.py", line 3161, in _execute_task_with_callbacks
    result = self._execute_task(context, task_orig)
  File "/home/***/.local/lib/python3.8/site-packages/***/models/taskinstance.py", line 3185, in _execute_task
    return _execute_task(self, context, task_orig)
  File "/home/***/.local/lib/python3.8/site-packages/***/models/taskinstance.py", line 763, in _execute_task
    result = _execute_callable(context=context, **execute_callable_kwargs)
  File "/home/***/.local/lib/python3.8/site-packages/***/models/taskinstance.py", line 734, in _execute_callable
    return ExecutionCallableRunner(
  File "/home/***/.local/lib/python3.8/site-packages/***/utils/operator_helpers.py", line 252, in run
    return self.func(*args, **kwargs)
  File "/home/***/.local/lib/python3.8/site-packages/***/models/baseoperator.py", line 424, in wrapper
    return func(self, *args, **kwargs)
  File "/home/***/.local/lib/python3.8/site-packages/***/operators/bash.py", line 257, in execute
    result = self._run_inline_command(bash_path=bash_path, env=env)
  File "/home/***/.local/lib/python3.8/site-packages/***/operators/bash.py", line 284, in _run_inline_command
    return self.subprocess_hook.run_command(
  File "/home/***/.local/lib/python3.8/site-packages/***/hooks/subprocess.py", line 104, in run_command
    for raw_line in iter(self.sub_process.stdout.readline, b""):
  File "/home/***/.local/lib/python3.8/site-packages/***/models/taskinstance.py", line 3095, in signal_handler
    self.log.error("Stacktrace: \n%s", "".join(traceback.format_stack()))

[2026-05-27T08:33:51.488+0000] {subprocess.py:117} INFO - Sending SIGTERM signal to process group
[2026-05-27T08:33:51.527+0000] {taskinstance.py:3313} ERROR - Task failed with exception
Traceback (most recent call last):
  File "/home/airflow/.local/lib/python3.8/site-packages/airflow/models/taskinstance.py", line 763, in _execute_task
    result = _execute_callable(context=context, **execute_callable_kwargs)
  File "/home/airflow/.local/lib/python3.8/site-packages/airflow/models/taskinstance.py", line 734, in _execute_callable
    return ExecutionCallableRunner(
  File "/home/airflow/.local/lib/python3.8/site-packages/airflow/utils/operator_helpers.py", line 252, in run
    return self.func(*args, **kwargs)
  File "/home/airflow/.local/lib/python3.8/site-packages/airflow/models/baseoperator.py", line 424, in wrapper
    return func(self, *args, **kwargs)
  File "/home/airflow/.local/lib/python3.8/site-packages/airflow/operators/bash.py", line 257, in execute
    result = self._run_inline_command(bash_path=bash_path, env=env)
  File "/home/airflow/.local/lib/python3.8/site-packages/airflow/operators/bash.py", line 284, in _run_inline_command
    return self.subprocess_hook.run_command(
  File "/home/airflow/.local/lib/python3.8/site-packages/airflow/hooks/subprocess.py", line 104, in run_command
    for raw_line in iter(self.sub_process.stdout.readline, b""):
  File "/home/airflow/.local/lib/python3.8/site-packages/airflow/models/taskinstance.py", line 3097, in signal_handler
    raise AirflowTaskTerminated("Task received SIGTERM signal")
airflow.exceptions.AirflowTaskTerminated: Task received SIGTERM signal
[2026-05-27T08:33:51.532+0000] {taskinstance.py:1226} INFO - Marking task as UP_FOR_RETRY. dag_id=crawl_etl_itjob, task_id=build_gold, run_id=scheduled__2026-05-26T02:00:00+00:00, execution_date=20260526T020000, start_date=20260527T083314, end_date=20260527T083351
[2026-05-27T08:33:51.744+0000] {taskinstance.py:341} INFO - ::group::Post task execution logs
[2026-05-27T08:33:51.792+0000] {process_utils.py:80} INFO - Process psutil.Process(pid=74, status='terminated', started='08:33:14') (74) terminated with exit code None
[2026-05-27T08:33:51.793+0000] {process_utils.py:80} INFO - Process psutil.Process(pid=72, status='terminated', exitcode=2, started='08:33:14') (72) terminated with exit code 2
[2026-05-27T08:33:51.794+0000] {process_utils.py:80} INFO - Process psutil.Process(pid=75, status='terminated', started='08:33:14') (75) terminated with exit code None
