[2026-03-26T07:35:03.787+0000] {local_task_job_runner.py:123} INFO - ::group::Pre task execution logs
[2026-03-26T07:35:03.812+0000] {taskinstance.py:2614} INFO - Dependencies all met for dep_context=non-requeueable deps ti=<TaskInstance: crawl_etl_itjob.crawl_data scheduled__2026-03-21T02:00:00+00:00 [queued]>
[2026-03-26T07:35:03.820+0000] {taskinstance.py:2614} INFO - Dependencies all met for dep_context=requeueable deps ti=<TaskInstance: crawl_etl_itjob.crawl_data scheduled__2026-03-21T02:00:00+00:00 [queued]>
[2026-03-26T07:35:03.820+0000] {taskinstance.py:2867} INFO - Starting attempt 5 of 6
[2026-03-26T07:35:03.832+0000] {taskinstance.py:2890} INFO - Executing <Task(BashOperator): crawl_data> on 2026-03-21 02:00:00+00:00
[2026-03-26T07:35:03.836+0000] {standard_task_runner.py:72} INFO - Started process 57 to run task
[2026-03-26T07:35:03.839+0000] {standard_task_runner.py:104} INFO - Running: ['***', 'tasks', 'run', 'crawl_etl_itjob', 'crawl_data', 'scheduled__2026-03-21T02:00:00+00:00', '--job-id', '702', '--raw', '--subdir', 'DAGS_FOLDER/Crawl_ETL_ITJob.py', '--cfg-path', '/tmp/tmp8lj4_lq7']
[2026-03-26T07:35:03.841+0000] {standard_task_runner.py:105} INFO - Job 702: Subtask crawl_data
[2026-03-26T07:35:03.863+0000] {warnings.py:109} WARNING - /home/***/.local/lib/python3.8/site-packages/***/settings.py:209: DeprecationWarning: The sql_alchemy_conn option in [core] has been moved to the sql_alchemy_conn option in [database] - the old setting has been used, but please update your config.
  SQL_ALCHEMY_CONN = conf.get("database", "SQL_ALCHEMY_CONN")

[2026-03-26T07:35:03.934+0000] {task_command.py:467} INFO - Running <TaskInstance: crawl_etl_itjob.crawl_data scheduled__2026-03-21T02:00:00+00:00 [running]> on host b48ab74ce2ed
[2026-03-26T07:35:03.935+0000] {warnings.py:109} WARNING - /home/***/.local/lib/python3.8/site-packages/***/settings.py:470: DeprecationWarning: The sql_alchemy_conn option in [core] has been moved to the sql_alchemy_conn option in [database] - the old setting has been used, but please update your config.
  if conf.get("database", "sql_alchemy_conn") == "none://":

[2026-03-26T07:35:04.091+0000] {taskinstance.py:3134} INFO - Exporting env vars: AIRFLOW_CTX_DAG_EMAIL='hoa856856@gmail.com' AIRFLOW_CTX_DAG_OWNER='***' AIRFLOW_CTX_DAG_ID='crawl_etl_itjob' AIRFLOW_CTX_TASK_ID='crawl_data' AIRFLOW_CTX_EXECUTION_DATE='2026-03-21T02:00:00+00:00' AIRFLOW_CTX_TRY_NUMBER='5' AIRFLOW_CTX_DAG_RUN_ID='scheduled__2026-03-21T02:00:00+00:00'
[2026-03-26T07:35:04.093+0000] {taskinstance.py:732} INFO - ::endgroup::
[2026-03-26T07:35:04.105+0000] {subprocess.py:78} INFO - Tmp dir root location: /tmp
[2026-03-26T07:35:04.106+0000] {subprocess.py:88} INFO - Running command: ['/bin/bash', '-c', 'docker exec spark-submit bash -c "xvfb-run -a python3 /opt/spark/scripts/Crawl_Data.py"']
[2026-03-26T07:35:04.115+0000] {subprocess.py:99} INFO - Output:
[2026-03-26T07:35:04.953+0000] {subprocess.py:106} INFO -  Bắt đầu crawl ITviec...
[2026-03-26T07:35:07.368+0000] {subprocess.py:106} INFO - !!! Lỗi khởi tạo Chrome: Message: session not created: cannot connect to chrome at 127.0.0.1:51533
[2026-03-26T07:35:07.370+0000] {subprocess.py:106} INFO - from session not created: This version of ChromeDriver only supports Chrome version 147
[2026-03-26T07:35:07.371+0000] {subprocess.py:106} INFO - Current browser version is 146.0.7680.80; For documentation on this error, please visit: https://www.selenium.dev/documentation/webdriver/troubleshooting/errors#sessionnotcreatedexception
[2026-03-26T07:35:07.372+0000] {subprocess.py:106} INFO - Stacktrace:
[2026-03-26T07:35:07.374+0000] {subprocess.py:106} INFO - #0 0x5b422720438a <unknown>
[2026-03-26T07:35:07.375+0000] {subprocess.py:106} INFO - #1 0x5b4226c063a5 <unknown>
[2026-03-26T07:35:07.377+0000] {subprocess.py:106} INFO - #2 0x5b4226c4982f <unknown>
[2026-03-26T07:35:07.377+0000] {subprocess.py:106} INFO - #3 0x5b4226c485e0 <unknown>
[2026-03-26T07:35:07.378+0000] {subprocess.py:106} INFO - #4 0x5b4226c3d5e1 <unknown>
[2026-03-26T07:35:07.380+0000] {subprocess.py:106} INFO - #5 0x5b4226c8dfbe <unknown>
[2026-03-26T07:35:07.381+0000] {subprocess.py:106} INFO - #6 0x5b4226c8d6ac <unknown>
[2026-03-26T07:35:07.382+0000] {subprocess.py:106} INFO - #7 0x5b4226c4c6ef <unknown>
[2026-03-26T07:35:07.382+0000] {subprocess.py:106} INFO - #8 0x5b4226c4d4b1 <unknown>
[2026-03-26T07:35:07.383+0000] {subprocess.py:106} INFO - #9 0x5b42271c7cfb <unknown>
[2026-03-26T07:35:07.383+0000] {subprocess.py:106} INFO - #10 0x5b42271cacad <unknown>
[2026-03-26T07:35:07.384+0000] {subprocess.py:106} INFO - #11 0x5b42271b4408 <unknown>
[2026-03-26T07:35:07.385+0000] {subprocess.py:106} INFO - #12 0x5b42271cb840 <unknown>
[2026-03-26T07:35:07.385+0000] {subprocess.py:106} INFO - #13 0x5b422719ae50 <unknown>
[2026-03-26T07:35:07.386+0000] {subprocess.py:106} INFO - #14 0x5b42271f1188 <unknown>
[2026-03-26T07:35:07.387+0000] {subprocess.py:106} INFO - #15 0x5b42271f1358 <unknown>
[2026-03-26T07:35:07.387+0000] {subprocess.py:106} INFO - #16 0x5b4227202dce <unknown>
[2026-03-26T07:35:07.389+0000] {subprocess.py:106} INFO - #17 0x7411f7777ea7 start_thread
[2026-03-26T07:35:07.392+0000] {subprocess.py:106} INFO - 
[2026-03-26T07:35:07.393+0000] {subprocess.py:106} INFO - Traceback (most recent call last):
[2026-03-26T07:35:07.394+0000] {subprocess.py:106} INFO -   File "/opt/spark/scripts/Crawl_Data.py", line 250, in <module>
[2026-03-26T07:35:07.396+0000] {subprocess.py:106} INFO -     new_data_df = crawl_itviec_jobs(pages=MAX_PAGES, headless=HEADLESS_MODE)
[2026-03-26T07:35:07.397+0000] {subprocess.py:106} INFO -   File "/opt/spark/scripts/Crawl_Data.py", line 98, in crawl_itviec_jobs
[2026-03-26T07:35:07.398+0000] {subprocess.py:106} INFO -     driver = create_chrome_driver(headless=headless)
[2026-03-26T07:35:07.398+0000] {subprocess.py:106} INFO -   File "/opt/spark/scripts/Crawl_Data.py", line 88, in create_chrome_driver
[2026-03-26T07:35:07.399+0000] {subprocess.py:106} INFO -     raise e
[2026-03-26T07:35:07.399+0000] {subprocess.py:106} INFO -   File "/opt/spark/scripts/Crawl_Data.py", line 78, in create_chrome_driver
[2026-03-26T07:35:07.400+0000] {subprocess.py:106} INFO -     driver = uc.Chrome(
[2026-03-26T07:35:07.400+0000] {subprocess.py:106} INFO -   File "/home/spark/.local/lib/python3.10/site-packages/undetected_chromedriver/__init__.py", line 466, in __init__
[2026-03-26T07:35:07.401+0000] {subprocess.py:106} INFO -     super(Chrome, self).__init__(
[2026-03-26T07:35:07.401+0000] {subprocess.py:106} INFO -   File "/usr/local/lib/python3.10/site-packages/selenium/webdriver/chrome/webdriver.py", line 45, in __init__
[2026-03-26T07:35:07.402+0000] {subprocess.py:106} INFO -     super().__init__(
[2026-03-26T07:35:07.402+0000] {subprocess.py:106} INFO -   File "/usr/local/lib/python3.10/site-packages/selenium/webdriver/chromium/webdriver.py", line 66, in __init__
[2026-03-26T07:35:07.402+0000] {subprocess.py:106} INFO -     super().__init__(command_executor=executor, options=self.options)
[2026-03-26T07:35:07.403+0000] {subprocess.py:106} INFO -   File "/usr/local/lib/python3.10/site-packages/selenium/webdriver/common/webdriver.py", line 25, in __init__
[2026-03-26T07:35:07.403+0000] {subprocess.py:106} INFO -     super().__init__(*args, **kwargs)
[2026-03-26T07:35:07.404+0000] {subprocess.py:106} INFO -   File "/usr/local/lib/python3.10/site-packages/selenium/webdriver/remote/webdriver.py", line 271, in __init__
[2026-03-26T07:35:07.405+0000] {subprocess.py:106} INFO -     self.start_session(capabilities)
[2026-03-26T07:35:07.406+0000] {subprocess.py:106} INFO -   File "/home/spark/.local/lib/python3.10/site-packages/undetected_chromedriver/__init__.py", line 724, in start_session
[2026-03-26T07:35:07.407+0000] {subprocess.py:106} INFO -     super(selenium.webdriver.chrome.webdriver.WebDriver, self).start_session(
[2026-03-26T07:35:07.408+0000] {subprocess.py:106} INFO -   File "/usr/local/lib/python3.10/site-packages/selenium/webdriver/remote/webdriver.py", line 366, in start_session
[2026-03-26T07:35:07.408+0000] {subprocess.py:106} INFO -     response = self.execute(Command.NEW_SESSION, caps)["value"]
[2026-03-26T07:35:07.409+0000] {subprocess.py:106} INFO -   File "/usr/local/lib/python3.10/site-packages/selenium/webdriver/remote/webdriver.py", line 446, in execute
[2026-03-26T07:35:07.410+0000] {subprocess.py:106} INFO -     self.error_handler.check_response(response)
[2026-03-26T07:35:07.410+0000] {subprocess.py:106} INFO -   File "/usr/local/lib/python3.10/site-packages/selenium/webdriver/remote/errorhandler.py", line 232, in check_response
[2026-03-26T07:35:07.411+0000] {subprocess.py:106} INFO -     raise exception_class(message, screen, stacktrace)
[2026-03-26T07:35:07.411+0000] {subprocess.py:106} INFO - selenium.common.exceptions.SessionNotCreatedException: Message: session not created: cannot connect to chrome at 127.0.0.1:51533
[2026-03-26T07:35:07.412+0000] {subprocess.py:106} INFO - from session not created: This version of ChromeDriver only supports Chrome version 147
[2026-03-26T07:35:07.413+0000] {subprocess.py:106} INFO - Current browser version is 146.0.7680.80; For documentation on this error, please visit: https://www.selenium.dev/documentation/webdriver/troubleshooting/errors#sessionnotcreatedexception
[2026-03-26T07:35:07.413+0000] {subprocess.py:106} INFO - Stacktrace:
[2026-03-26T07:35:07.414+0000] {subprocess.py:106} INFO - #0 0x5b422720438a <unknown>
[2026-03-26T07:35:07.414+0000] {subprocess.py:106} INFO - #1 0x5b4226c063a5 <unknown>
[2026-03-26T07:35:07.415+0000] {subprocess.py:106} INFO - #2 0x5b4226c4982f <unknown>
[2026-03-26T07:35:07.415+0000] {subprocess.py:106} INFO - #3 0x5b4226c485e0 <unknown>
[2026-03-26T07:35:07.416+0000] {subprocess.py:106} INFO - #4 0x5b4226c3d5e1 <unknown>
[2026-03-26T07:35:07.416+0000] {subprocess.py:106} INFO - #5 0x5b4226c8dfbe <unknown>
[2026-03-26T07:35:07.421+0000] {subprocess.py:106} INFO - #6 0x5b4226c8d6ac <unknown>
[2026-03-26T07:35:07.421+0000] {subprocess.py:106} INFO - #7 0x5b4226c4c6ef <unknown>
[2026-03-26T07:35:07.422+0000] {subprocess.py:106} INFO - #8 0x5b4226c4d4b1 <unknown>
[2026-03-26T07:35:07.423+0000] {subprocess.py:106} INFO - #9 0x5b42271c7cfb <unknown>
[2026-03-26T07:35:07.423+0000] {subprocess.py:106} INFO - #10 0x5b42271cacad <unknown>
[2026-03-26T07:35:07.423+0000] {subprocess.py:106} INFO - #11 0x5b42271b4408 <unknown>
[2026-03-26T07:35:07.424+0000] {subprocess.py:106} INFO - #12 0x5b42271cb840 <unknown>
[2026-03-26T07:35:07.424+0000] {subprocess.py:106} INFO - #13 0x5b422719ae50 <unknown>
[2026-03-26T07:35:07.424+0000] {subprocess.py:106} INFO - #14 0x5b42271f1188 <unknown>
[2026-03-26T07:35:07.425+0000] {subprocess.py:106} INFO - #15 0x5b42271f1358 <unknown>
[2026-03-26T07:35:07.425+0000] {subprocess.py:106} INFO - #16 0x5b4227202dce <unknown>
[2026-03-26T07:35:07.425+0000] {subprocess.py:106} INFO - #17 0x7411f7777ea7 start_thread
[2026-03-26T07:35:07.426+0000] {subprocess.py:106} INFO - 
[2026-03-26T07:35:07.499+0000] {subprocess.py:110} INFO - Command exited with return code 1
[2026-03-26T07:35:07.520+0000] {taskinstance.py:3313} ERROR - Task failed with exception
Traceback (most recent call last):
  File "/home/airflow/.local/lib/python3.8/site-packages/airflow/models/taskinstance.py", line 763, in _execute_task
    result = _execute_callable(context=context, **execute_callable_kwargs)
  File "/home/airflow/.local/lib/python3.8/site-packages/airflow/models/taskinstance.py", line 734, in _execute_callable
    return ExecutionCallableRunner(
  File "/home/airflow/.local/lib/python3.8/site-packages/airflow/utils/operator_helpers.py", line 252, in run
    return self.func(*args, **kwargs)
  File "/home/airflow/.local/lib/python3.8/site-packages/airflow/models/baseoperator.py", line 424, in wrapper
    return func(self, *args, **kwargs)
  File "/home/airflow/.local/lib/python3.8/site-packages/airflow/operators/bash.py", line 276, in execute
    raise AirflowException(
airflow.exceptions.AirflowException: Bash command failed. The command returned a non-zero exit code 1.
[2026-03-26T07:35:07.528+0000] {taskinstance.py:1226} INFO - Marking task as UP_FOR_RETRY. dag_id=crawl_etl_itjob, task_id=crawl_data, run_id=scheduled__2026-03-21T02:00:00+00:00, execution_date=20260321T020000, start_date=20260326T073503, end_date=20260326T073507
[2026-03-26T07:35:07.616+0000] {taskinstance.py:341} INFO - ::group::Post task execution logs
[2026-03-26T07:35:07.616+0000] {standard_task_runner.py:124} ERROR - Failed to execute job 702 for task crawl_data (Bash command failed. The command returned a non-zero exit code 1.; 57)
Traceback (most recent call last):
  File "/home/airflow/.local/lib/python3.8/site-packages/airflow/task/task_runner/standard_task_runner.py", line 117, in _start_by_fork
    ret = args.func(args, dag=self.dag)
  File "/home/airflow/.local/lib/python3.8/site-packages/airflow/cli/cli_config.py", line 49, in command
    return func(*args, **kwargs)
  File "/home/airflow/.local/lib/python3.8/site-packages/airflow/utils/cli.py", line 116, in wrapper
    return f(*args, **kwargs)
  File "/home/airflow/.local/lib/python3.8/site-packages/airflow/cli/commands/task_command.py", line 483, in task_run
    task_return_code = _run_task_by_selected_method(args, _dag, ti)
  File "/home/airflow/.local/lib/python3.8/site-packages/airflow/cli/commands/task_command.py", line 256, in _run_task_by_selected_method
    return _run_raw_task(args, ti)
  File "/home/airflow/.local/lib/python3.8/site-packages/airflow/cli/commands/task_command.py", line 341, in _run_raw_task
    return ti._run_raw_task(
  File "/home/airflow/.local/lib/python3.8/site-packages/airflow/utils/session.py", line 97, in wrapper
    return func(*args, session=session, **kwargs)
  File "/home/airflow/.local/lib/python3.8/site-packages/airflow/models/taskinstance.py", line 3006, in _run_raw_task
    return _run_raw_task(
  File "/home/airflow/.local/lib/python3.8/site-packages/airflow/models/taskinstance.py", line 274, in _run_raw_task
    TaskInstance._execute_task_with_callbacks(
  File "/home/airflow/.local/lib/python3.8/site-packages/airflow/models/taskinstance.py", line 3161, in _execute_task_with_callbacks
    result = self._execute_task(context, task_orig)
  File "/home/airflow/.local/lib/python3.8/site-packages/airflow/models/taskinstance.py", line 3185, in _execute_task
    return _execute_task(self, context, task_orig)
  File "/home/airflow/.local/lib/python3.8/site-packages/airflow/models/taskinstance.py", line 763, in _execute_task
    result = _execute_callable(context=context, **execute_callable_kwargs)
  File "/home/airflow/.local/lib/python3.8/site-packages/airflow/models/taskinstance.py", line 734, in _execute_callable
    return ExecutionCallableRunner(
  File "/home/airflow/.local/lib/python3.8/site-packages/airflow/utils/operator_helpers.py", line 252, in run
    return self.func(*args, **kwargs)
  File "/home/airflow/.local/lib/python3.8/site-packages/airflow/models/baseoperator.py", line 424, in wrapper
    return func(self, *args, **kwargs)
  File "/home/airflow/.local/lib/python3.8/site-packages/airflow/operators/bash.py", line 276, in execute
    raise AirflowException(
airflow.exceptions.AirflowException: Bash command failed. The command returned a non-zero exit code 1.
[2026-03-26T07:35:07.627+0000] {local_task_job_runner.py:266} INFO - Task exited with return code 1
[2026-03-26T07:35:07.657+0000] {taskinstance.py:3901} INFO - 0 downstream tasks scheduled from follow-on schedule check
[2026-03-26T07:35:07.659+0000] {local_task_job_runner.py:245} INFO - ::endgroup::
