[2026-03-13T04:52:08.928+0000] {processor.py:186} INFO - Started process (PID=38) to work on /opt/airflow/dags/ETL_Without_Crawl.py
[2026-03-13T04:52:08.932+0000] {processor.py:914} INFO - Processing file /opt/airflow/dags/ETL_Without_Crawl.py for tasks to queue
[2026-03-13T04:52:08.938+0000] {logging_mixin.py:190} INFO - [2026-03-13T04:52:08.936+0000] {dagbag.py:588} INFO - Filling up the DagBag from /opt/airflow/dags/ETL_Without_Crawl.py
[2026-03-13T04:52:08.995+0000] {processor.py:925} INFO - DAG(s) 'etl_without_crawl' retrieved from /opt/airflow/dags/ETL_Without_Crawl.py
[2026-03-13T04:52:09.104+0000] {logging_mixin.py:190} INFO - [2026-03-13T04:52:09.103+0000] {dag.py:3239} INFO - Sync 1 DAGs
[2026-03-13T04:52:09.247+0000] {logging_mixin.py:190} INFO - [2026-03-13T04:52:09.247+0000] {dag.py:4180} INFO - Setting next_dagrun for etl_without_crawl to None, run_after=None
[2026-03-13T04:52:09.311+0000] {processor.py:208} INFO - Processing /opt/airflow/dags/ETL_Without_Crawl.py took 0.411 seconds
[2026-03-13T04:52:39.987+0000] {processor.py:186} INFO - Started process (PID=42) to work on /opt/airflow/dags/ETL_Without_Crawl.py
[2026-03-13T04:52:39.988+0000] {processor.py:914} INFO - Processing file /opt/airflow/dags/ETL_Without_Crawl.py for tasks to queue
[2026-03-13T04:52:39.989+0000] {logging_mixin.py:190} INFO - [2026-03-13T04:52:39.989+0000] {dagbag.py:588} INFO - Filling up the DagBag from /opt/airflow/dags/ETL_Without_Crawl.py
[2026-03-13T04:52:40.010+0000] {processor.py:925} INFO - DAG(s) 'etl_without_crawl' retrieved from /opt/airflow/dags/ETL_Without_Crawl.py
[2026-03-13T04:52:40.071+0000] {logging_mixin.py:190} INFO - [2026-03-13T04:52:40.071+0000] {dag.py:3239} INFO - Sync 1 DAGs
[2026-03-13T04:52:40.103+0000] {logging_mixin.py:190} INFO - [2026-03-13T04:52:40.103+0000] {dag.py:4180} INFO - Setting next_dagrun for etl_without_crawl to None, run_after=None
[2026-03-13T04:52:40.214+0000] {processor.py:208} INFO - Processing /opt/airflow/dags/ETL_Without_Crawl.py took 0.234 seconds
[2026-03-13T04:53:10.823+0000] {processor.py:186} INFO - Started process (PID=46) to work on /opt/airflow/dags/ETL_Without_Crawl.py
[2026-03-13T04:53:10.825+0000] {processor.py:914} INFO - Processing file /opt/airflow/dags/ETL_Without_Crawl.py for tasks to queue
[2026-03-13T04:53:10.828+0000] {logging_mixin.py:190} INFO - [2026-03-13T04:53:10.827+0000] {dagbag.py:588} INFO - Filling up the DagBag from /opt/airflow/dags/ETL_Without_Crawl.py
[2026-03-13T04:53:10.879+0000] {processor.py:925} INFO - DAG(s) 'etl_without_crawl' retrieved from /opt/airflow/dags/ETL_Without_Crawl.py
[2026-03-13T04:53:10.966+0000] {logging_mixin.py:190} INFO - [2026-03-13T04:53:10.965+0000] {dag.py:3239} INFO - Sync 1 DAGs
[2026-03-13T04:53:11.006+0000] {logging_mixin.py:190} INFO - [2026-03-13T04:53:11.006+0000] {dag.py:4180} INFO - Setting next_dagrun for etl_without_crawl to None, run_after=None
[2026-03-13T04:53:11.064+0000] {processor.py:208} INFO - Processing /opt/airflow/dags/ETL_Without_Crawl.py took 0.254 seconds
[2026-03-13T04:53:41.712+0000] {processor.py:186} INFO - Started process (PID=50) to work on /opt/airflow/dags/ETL_Without_Crawl.py
[2026-03-13T04:53:41.713+0000] {processor.py:914} INFO - Processing file /opt/airflow/dags/ETL_Without_Crawl.py for tasks to queue
[2026-03-13T04:53:41.715+0000] {logging_mixin.py:190} INFO - [2026-03-13T04:53:41.715+0000] {dagbag.py:588} INFO - Filling up the DagBag from /opt/airflow/dags/ETL_Without_Crawl.py
[2026-03-13T04:53:41.752+0000] {processor.py:925} INFO - DAG(s) 'etl_without_crawl' retrieved from /opt/airflow/dags/ETL_Without_Crawl.py
[2026-03-13T04:53:41.845+0000] {logging_mixin.py:190} INFO - [2026-03-13T04:53:41.845+0000] {dag.py:3239} INFO - Sync 1 DAGs
[2026-03-13T04:53:41.881+0000] {logging_mixin.py:190} INFO - [2026-03-13T04:53:41.881+0000] {dag.py:4180} INFO - Setting next_dagrun for etl_without_crawl to None, run_after=None
[2026-03-13T04:53:41.951+0000] {processor.py:208} INFO - Processing /opt/airflow/dags/ETL_Without_Crawl.py took 0.253 seconds
[2026-03-13T04:54:12.525+0000] {processor.py:186} INFO - Started process (PID=54) to work on /opt/airflow/dags/ETL_Without_Crawl.py
[2026-03-13T04:54:12.526+0000] {processor.py:914} INFO - Processing file /opt/airflow/dags/ETL_Without_Crawl.py for tasks to queue
[2026-03-13T04:54:12.527+0000] {logging_mixin.py:190} INFO - [2026-03-13T04:54:12.527+0000] {dagbag.py:588} INFO - Filling up the DagBag from /opt/airflow/dags/ETL_Without_Crawl.py
[2026-03-13T04:54:12.543+0000] {processor.py:925} INFO - DAG(s) 'etl_without_crawl' retrieved from /opt/airflow/dags/ETL_Without_Crawl.py
[2026-03-13T04:54:12.578+0000] {logging_mixin.py:190} INFO - [2026-03-13T04:54:12.578+0000] {dag.py:3239} INFO - Sync 1 DAGs
[2026-03-13T04:54:12.599+0000] {logging_mixin.py:190} INFO - [2026-03-13T04:54:12.599+0000] {dag.py:4180} INFO - Setting next_dagrun for etl_without_crawl to None, run_after=None
[2026-03-13T04:54:12.633+0000] {processor.py:208} INFO - Processing /opt/airflow/dags/ETL_Without_Crawl.py took 0.115 seconds
[2026-03-13T04:54:43.220+0000] {processor.py:186} INFO - Started process (PID=58) to work on /opt/airflow/dags/ETL_Without_Crawl.py
[2026-03-13T04:54:43.220+0000] {processor.py:914} INFO - Processing file /opt/airflow/dags/ETL_Without_Crawl.py for tasks to queue
[2026-03-13T04:54:43.222+0000] {logging_mixin.py:190} INFO - [2026-03-13T04:54:43.222+0000] {dagbag.py:588} INFO - Filling up the DagBag from /opt/airflow/dags/ETL_Without_Crawl.py
[2026-03-13T04:54:43.250+0000] {processor.py:925} INFO - DAG(s) 'etl_without_crawl' retrieved from /opt/airflow/dags/ETL_Without_Crawl.py
[2026-03-13T04:54:43.305+0000] {logging_mixin.py:190} INFO - [2026-03-13T04:54:43.305+0000] {dag.py:3239} INFO - Sync 1 DAGs
[2026-03-13T04:54:43.347+0000] {logging_mixin.py:190} INFO - [2026-03-13T04:54:43.347+0000] {dag.py:4180} INFO - Setting next_dagrun for etl_without_crawl to None, run_after=None
[2026-03-13T04:54:43.413+0000] {processor.py:208} INFO - Processing /opt/airflow/dags/ETL_Without_Crawl.py took 0.204 seconds
[2026-03-13T04:55:14.033+0000] {processor.py:186} INFO - Started process (PID=62) to work on /opt/airflow/dags/ETL_Without_Crawl.py
[2026-03-13T04:55:14.034+0000] {processor.py:914} INFO - Processing file /opt/airflow/dags/ETL_Without_Crawl.py for tasks to queue
[2026-03-13T04:55:14.035+0000] {logging_mixin.py:190} INFO - [2026-03-13T04:55:14.035+0000] {dagbag.py:588} INFO - Filling up the DagBag from /opt/airflow/dags/ETL_Without_Crawl.py
[2026-03-13T04:55:14.052+0000] {processor.py:925} INFO - DAG(s) 'etl_without_crawl' retrieved from /opt/airflow/dags/ETL_Without_Crawl.py
[2026-03-13T04:55:14.094+0000] {logging_mixin.py:190} INFO - [2026-03-13T04:55:14.094+0000] {dag.py:3239} INFO - Sync 1 DAGs
[2026-03-13T04:55:14.121+0000] {logging_mixin.py:190} INFO - [2026-03-13T04:55:14.120+0000] {dag.py:4180} INFO - Setting next_dagrun for etl_without_crawl to None, run_after=None
[2026-03-13T04:55:14.157+0000] {processor.py:208} INFO - Processing /opt/airflow/dags/ETL_Without_Crawl.py took 0.130 seconds
[2026-03-13T04:55:44.634+0000] {processor.py:186} INFO - Started process (PID=66) to work on /opt/airflow/dags/ETL_Without_Crawl.py
[2026-03-13T04:55:44.635+0000] {processor.py:914} INFO - Processing file /opt/airflow/dags/ETL_Without_Crawl.py for tasks to queue
[2026-03-13T04:55:44.636+0000] {logging_mixin.py:190} INFO - [2026-03-13T04:55:44.635+0000] {dagbag.py:588} INFO - Filling up the DagBag from /opt/airflow/dags/ETL_Without_Crawl.py
[2026-03-13T04:55:44.654+0000] {processor.py:925} INFO - DAG(s) 'etl_without_crawl' retrieved from /opt/airflow/dags/ETL_Without_Crawl.py
[2026-03-13T04:55:44.689+0000] {logging_mixin.py:190} INFO - [2026-03-13T04:55:44.689+0000] {dag.py:3239} INFO - Sync 1 DAGs
[2026-03-13T04:55:44.712+0000] {logging_mixin.py:190} INFO - [2026-03-13T04:55:44.712+0000] {dag.py:4180} INFO - Setting next_dagrun for etl_without_crawl to None, run_after=None
[2026-03-13T04:55:44.756+0000] {processor.py:208} INFO - Processing /opt/airflow/dags/ETL_Without_Crawl.py took 0.128 seconds
[2026-03-13T04:56:15.334+0000] {processor.py:186} INFO - Started process (PID=70) to work on /opt/airflow/dags/ETL_Without_Crawl.py
[2026-03-13T04:56:15.335+0000] {processor.py:914} INFO - Processing file /opt/airflow/dags/ETL_Without_Crawl.py for tasks to queue
[2026-03-13T04:56:15.337+0000] {logging_mixin.py:190} INFO - [2026-03-13T04:56:15.336+0000] {dagbag.py:588} INFO - Filling up the DagBag from /opt/airflow/dags/ETL_Without_Crawl.py
[2026-03-13T04:56:15.360+0000] {processor.py:925} INFO - DAG(s) 'etl_without_crawl' retrieved from /opt/airflow/dags/ETL_Without_Crawl.py
[2026-03-13T04:56:15.424+0000] {logging_mixin.py:190} INFO - [2026-03-13T04:56:15.424+0000] {dag.py:3239} INFO - Sync 1 DAGs
[2026-03-13T04:56:15.459+0000] {logging_mixin.py:190} INFO - [2026-03-13T04:56:15.458+0000] {dag.py:4180} INFO - Setting next_dagrun for etl_without_crawl to None, run_after=None
[2026-03-13T04:56:15.518+0000] {processor.py:208} INFO - Processing /opt/airflow/dags/ETL_Without_Crawl.py took 0.197 seconds
[2026-03-13T04:56:46.124+0000] {processor.py:186} INFO - Started process (PID=74) to work on /opt/airflow/dags/ETL_Without_Crawl.py
[2026-03-13T04:56:46.125+0000] {processor.py:914} INFO - Processing file /opt/airflow/dags/ETL_Without_Crawl.py for tasks to queue
[2026-03-13T04:56:46.126+0000] {logging_mixin.py:190} INFO - [2026-03-13T04:56:46.126+0000] {dagbag.py:588} INFO - Filling up the DagBag from /opt/airflow/dags/ETL_Without_Crawl.py
[2026-03-13T04:56:46.141+0000] {processor.py:925} INFO - DAG(s) 'etl_without_crawl' retrieved from /opt/airflow/dags/ETL_Without_Crawl.py
[2026-03-13T04:56:46.198+0000] {logging_mixin.py:190} INFO - [2026-03-13T04:56:46.198+0000] {dag.py:3239} INFO - Sync 1 DAGs
[2026-03-13T04:56:46.225+0000] {logging_mixin.py:190} INFO - [2026-03-13T04:56:46.225+0000] {dag.py:4180} INFO - Setting next_dagrun for etl_without_crawl to None, run_after=None
[2026-03-13T04:56:46.265+0000] {processor.py:208} INFO - Processing /opt/airflow/dags/ETL_Without_Crawl.py took 0.148 seconds
[2026-03-13T04:57:16.801+0000] {processor.py:186} INFO - Started process (PID=78) to work on /opt/airflow/dags/ETL_Without_Crawl.py
[2026-03-13T04:57:16.802+0000] {processor.py:914} INFO - Processing file /opt/airflow/dags/ETL_Without_Crawl.py for tasks to queue
[2026-03-13T04:57:16.804+0000] {logging_mixin.py:190} INFO - [2026-03-13T04:57:16.804+0000] {dagbag.py:588} INFO - Filling up the DagBag from /opt/airflow/dags/ETL_Without_Crawl.py
[2026-03-13T04:57:16.831+0000] {processor.py:925} INFO - DAG(s) 'etl_without_crawl' retrieved from /opt/airflow/dags/ETL_Without_Crawl.py
[2026-03-13T04:57:16.887+0000] {logging_mixin.py:190} INFO - [2026-03-13T04:57:16.886+0000] {dag.py:3239} INFO - Sync 1 DAGs
[2026-03-13T04:57:16.918+0000] {logging_mixin.py:190} INFO - [2026-03-13T04:57:16.918+0000] {dag.py:4180} INFO - Setting next_dagrun for etl_without_crawl to None, run_after=None
[2026-03-13T04:57:16.970+0000] {processor.py:208} INFO - Processing /opt/airflow/dags/ETL_Without_Crawl.py took 0.176 seconds
[2026-03-13T04:57:47.564+0000] {processor.py:186} INFO - Started process (PID=82) to work on /opt/airflow/dags/ETL_Without_Crawl.py
[2026-03-13T04:57:47.565+0000] {processor.py:914} INFO - Processing file /opt/airflow/dags/ETL_Without_Crawl.py for tasks to queue
[2026-03-13T04:57:47.566+0000] {logging_mixin.py:190} INFO - [2026-03-13T04:57:47.566+0000] {dagbag.py:588} INFO - Filling up the DagBag from /opt/airflow/dags/ETL_Without_Crawl.py
[2026-03-13T04:57:47.583+0000] {processor.py:925} INFO - DAG(s) 'etl_without_crawl' retrieved from /opt/airflow/dags/ETL_Without_Crawl.py
[2026-03-13T04:57:47.638+0000] {logging_mixin.py:190} INFO - [2026-03-13T04:57:47.638+0000] {dag.py:3239} INFO - Sync 1 DAGs
[2026-03-13T04:57:47.682+0000] {logging_mixin.py:190} INFO - [2026-03-13T04:57:47.681+0000] {dag.py:4180} INFO - Setting next_dagrun for etl_without_crawl to None, run_after=None
[2026-03-13T04:57:47.735+0000] {processor.py:208} INFO - Processing /opt/airflow/dags/ETL_Without_Crawl.py took 0.176 seconds
[2026-03-13T04:58:18.360+0000] {processor.py:186} INFO - Started process (PID=86) to work on /opt/airflow/dags/ETL_Without_Crawl.py
[2026-03-13T04:58:18.361+0000] {processor.py:914} INFO - Processing file /opt/airflow/dags/ETL_Without_Crawl.py for tasks to queue
[2026-03-13T04:58:18.362+0000] {logging_mixin.py:190} INFO - [2026-03-13T04:58:18.362+0000] {dagbag.py:588} INFO - Filling up the DagBag from /opt/airflow/dags/ETL_Without_Crawl.py
[2026-03-13T04:58:18.380+0000] {processor.py:925} INFO - DAG(s) 'etl_without_crawl' retrieved from /opt/airflow/dags/ETL_Without_Crawl.py
[2026-03-13T04:58:18.429+0000] {logging_mixin.py:190} INFO - [2026-03-13T04:58:18.429+0000] {dag.py:3239} INFO - Sync 1 DAGs
[2026-03-13T04:58:18.477+0000] {logging_mixin.py:190} INFO - [2026-03-13T04:58:18.477+0000] {dag.py:4180} INFO - Setting next_dagrun for etl_without_crawl to None, run_after=None
[2026-03-13T04:58:18.524+0000] {processor.py:208} INFO - Processing /opt/airflow/dags/ETL_Without_Crawl.py took 0.171 seconds
[2026-03-13T04:58:49.070+0000] {processor.py:186} INFO - Started process (PID=90) to work on /opt/airflow/dags/ETL_Without_Crawl.py
[2026-03-13T04:58:49.072+0000] {processor.py:914} INFO - Processing file /opt/airflow/dags/ETL_Without_Crawl.py for tasks to queue
[2026-03-13T04:58:49.074+0000] {logging_mixin.py:190} INFO - [2026-03-13T04:58:49.073+0000] {dagbag.py:588} INFO - Filling up the DagBag from /opt/airflow/dags/ETL_Without_Crawl.py
[2026-03-13T04:58:49.097+0000] {processor.py:925} INFO - DAG(s) 'etl_without_crawl' retrieved from /opt/airflow/dags/ETL_Without_Crawl.py
[2026-03-13T04:58:49.145+0000] {logging_mixin.py:190} INFO - [2026-03-13T04:58:49.144+0000] {dag.py:3239} INFO - Sync 1 DAGs
[2026-03-13T04:58:49.181+0000] {logging_mixin.py:190} INFO - [2026-03-13T04:58:49.181+0000] {dag.py:4180} INFO - Setting next_dagrun for etl_without_crawl to None, run_after=None
[2026-03-13T04:58:49.248+0000] {processor.py:208} INFO - Processing /opt/airflow/dags/ETL_Without_Crawl.py took 0.187 seconds
[2026-03-13T04:59:19.848+0000] {processor.py:186} INFO - Started process (PID=94) to work on /opt/airflow/dags/ETL_Without_Crawl.py
[2026-03-13T04:59:19.849+0000] {processor.py:914} INFO - Processing file /opt/airflow/dags/ETL_Without_Crawl.py for tasks to queue
[2026-03-13T04:59:19.852+0000] {logging_mixin.py:190} INFO - [2026-03-13T04:59:19.851+0000] {dagbag.py:588} INFO - Filling up the DagBag from /opt/airflow/dags/ETL_Without_Crawl.py
[2026-03-13T04:59:19.875+0000] {processor.py:925} INFO - DAG(s) 'etl_without_crawl' retrieved from /opt/airflow/dags/ETL_Without_Crawl.py
[2026-03-13T04:59:19.935+0000] {logging_mixin.py:190} INFO - [2026-03-13T04:59:19.935+0000] {dag.py:3239} INFO - Sync 1 DAGs
[2026-03-13T04:59:19.966+0000] {logging_mixin.py:190} INFO - [2026-03-13T04:59:19.966+0000] {dag.py:4180} INFO - Setting next_dagrun for etl_without_crawl to None, run_after=None
[2026-03-13T04:59:20.002+0000] {processor.py:208} INFO - Processing /opt/airflow/dags/ETL_Without_Crawl.py took 0.163 seconds
[2026-03-13T04:59:50.596+0000] {processor.py:186} INFO - Started process (PID=98) to work on /opt/airflow/dags/ETL_Without_Crawl.py
[2026-03-13T04:59:50.596+0000] {processor.py:914} INFO - Processing file /opt/airflow/dags/ETL_Without_Crawl.py for tasks to queue
[2026-03-13T04:59:50.598+0000] {logging_mixin.py:190} INFO - [2026-03-13T04:59:50.597+0000] {dagbag.py:588} INFO - Filling up the DagBag from /opt/airflow/dags/ETL_Without_Crawl.py
[2026-03-13T04:59:50.617+0000] {processor.py:925} INFO - DAG(s) 'etl_without_crawl' retrieved from /opt/airflow/dags/ETL_Without_Crawl.py
[2026-03-13T04:59:50.668+0000] {logging_mixin.py:190} INFO - [2026-03-13T04:59:50.667+0000] {dag.py:3239} INFO - Sync 1 DAGs
[2026-03-13T04:59:50.692+0000] {logging_mixin.py:190} INFO - [2026-03-13T04:59:50.692+0000] {dag.py:4180} INFO - Setting next_dagrun for etl_without_crawl to None, run_after=None
[2026-03-13T04:59:50.725+0000] {processor.py:208} INFO - Processing /opt/airflow/dags/ETL_Without_Crawl.py took 0.136 seconds
[2026-03-13T05:00:21.298+0000] {processor.py:186} INFO - Started process (PID=102) to work on /opt/airflow/dags/ETL_Without_Crawl.py
[2026-03-13T05:00:21.300+0000] {processor.py:914} INFO - Processing file /opt/airflow/dags/ETL_Without_Crawl.py for tasks to queue
[2026-03-13T05:00:21.312+0000] {logging_mixin.py:190} INFO - [2026-03-13T05:00:21.310+0000] {dagbag.py:588} INFO - Filling up the DagBag from /opt/airflow/dags/ETL_Without_Crawl.py
[2026-03-13T05:00:21.382+0000] {processor.py:925} INFO - DAG(s) 'etl_without_crawl' retrieved from /opt/airflow/dags/ETL_Without_Crawl.py
[2026-03-13T05:00:21.490+0000] {logging_mixin.py:190} INFO - [2026-03-13T05:00:21.490+0000] {dag.py:3239} INFO - Sync 1 DAGs
[2026-03-13T05:00:21.519+0000] {logging_mixin.py:190} INFO - [2026-03-13T05:00:21.519+0000] {dag.py:4180} INFO - Setting next_dagrun for etl_without_crawl to None, run_after=None
[2026-03-13T05:00:21.562+0000] {processor.py:208} INFO - Processing /opt/airflow/dags/ETL_Without_Crawl.py took 0.279 seconds
[2026-03-13T05:00:52.064+0000] {processor.py:186} INFO - Started process (PID=106) to work on /opt/airflow/dags/ETL_Without_Crawl.py
[2026-03-13T05:00:52.065+0000] {processor.py:914} INFO - Processing file /opt/airflow/dags/ETL_Without_Crawl.py for tasks to queue
[2026-03-13T05:00:52.066+0000] {logging_mixin.py:190} INFO - [2026-03-13T05:00:52.065+0000] {dagbag.py:588} INFO - Filling up the DagBag from /opt/airflow/dags/ETL_Without_Crawl.py
[2026-03-13T05:00:52.080+0000] {processor.py:925} INFO - DAG(s) 'etl_without_crawl' retrieved from /opt/airflow/dags/ETL_Without_Crawl.py
[2026-03-13T05:00:52.130+0000] {logging_mixin.py:190} INFO - [2026-03-13T05:00:52.130+0000] {dag.py:3239} INFO - Sync 1 DAGs
[2026-03-13T05:00:52.157+0000] {logging_mixin.py:190} INFO - [2026-03-13T05:00:52.156+0000] {dag.py:4180} INFO - Setting next_dagrun for etl_without_crawl to None, run_after=None
[2026-03-13T05:00:52.186+0000] {processor.py:208} INFO - Processing /opt/airflow/dags/ETL_Without_Crawl.py took 0.128 seconds
[2026-03-13T05:01:22.593+0000] {processor.py:186} INFO - Started process (PID=110) to work on /opt/airflow/dags/ETL_Without_Crawl.py
[2026-03-13T05:01:22.594+0000] {processor.py:914} INFO - Processing file /opt/airflow/dags/ETL_Without_Crawl.py for tasks to queue
[2026-03-13T05:01:22.596+0000] {logging_mixin.py:190} INFO - [2026-03-13T05:01:22.596+0000] {dagbag.py:588} INFO - Filling up the DagBag from /opt/airflow/dags/ETL_Without_Crawl.py
[2026-03-13T05:01:22.633+0000] {processor.py:925} INFO - DAG(s) 'etl_without_crawl' retrieved from /opt/airflow/dags/ETL_Without_Crawl.py
[2026-03-13T05:01:22.710+0000] {logging_mixin.py:190} INFO - [2026-03-13T05:01:22.710+0000] {dag.py:3239} INFO - Sync 1 DAGs
[2026-03-13T05:01:22.751+0000] {logging_mixin.py:190} INFO - [2026-03-13T05:01:22.751+0000] {dag.py:4180} INFO - Setting next_dagrun for etl_without_crawl to None, run_after=None
[2026-03-13T05:01:22.785+0000] {processor.py:208} INFO - Processing /opt/airflow/dags/ETL_Without_Crawl.py took 0.204 seconds
[2026-03-13T05:01:53.430+0000] {processor.py:186} INFO - Started process (PID=114) to work on /opt/airflow/dags/ETL_Without_Crawl.py
[2026-03-13T05:01:53.432+0000] {processor.py:914} INFO - Processing file /opt/airflow/dags/ETL_Without_Crawl.py for tasks to queue
[2026-03-13T05:01:53.434+0000] {logging_mixin.py:190} INFO - [2026-03-13T05:01:53.434+0000] {dagbag.py:588} INFO - Filling up the DagBag from /opt/airflow/dags/ETL_Without_Crawl.py
[2026-03-13T05:01:53.455+0000] {processor.py:925} INFO - DAG(s) 'etl_without_crawl' retrieved from /opt/airflow/dags/ETL_Without_Crawl.py
[2026-03-13T05:01:53.515+0000] {logging_mixin.py:190} INFO - [2026-03-13T05:01:53.515+0000] {dag.py:3239} INFO - Sync 1 DAGs
[2026-03-13T05:01:53.542+0000] {logging_mixin.py:190} INFO - [2026-03-13T05:01:53.542+0000] {dag.py:4180} INFO - Setting next_dagrun for etl_without_crawl to None, run_after=None
[2026-03-13T05:01:53.576+0000] {processor.py:208} INFO - Processing /opt/airflow/dags/ETL_Without_Crawl.py took 0.159 seconds
[2026-03-13T05:02:24.129+0000] {processor.py:186} INFO - Started process (PID=118) to work on /opt/airflow/dags/ETL_Without_Crawl.py
[2026-03-13T05:02:24.130+0000] {processor.py:914} INFO - Processing file /opt/airflow/dags/ETL_Without_Crawl.py for tasks to queue
[2026-03-13T05:02:24.131+0000] {logging_mixin.py:190} INFO - [2026-03-13T05:02:24.131+0000] {dagbag.py:588} INFO - Filling up the DagBag from /opt/airflow/dags/ETL_Without_Crawl.py
[2026-03-13T05:02:24.155+0000] {processor.py:925} INFO - DAG(s) 'etl_without_crawl' retrieved from /opt/airflow/dags/ETL_Without_Crawl.py
[2026-03-13T05:02:24.208+0000] {logging_mixin.py:190} INFO - [2026-03-13T05:02:24.208+0000] {dag.py:3239} INFO - Sync 1 DAGs
[2026-03-13T05:02:24.234+0000] {logging_mixin.py:190} INFO - [2026-03-13T05:02:24.234+0000] {dag.py:4180} INFO - Setting next_dagrun for etl_without_crawl to None, run_after=None
[2026-03-13T05:02:24.269+0000] {processor.py:208} INFO - Processing /opt/airflow/dags/ETL_Without_Crawl.py took 0.148 seconds
[2026-03-13T05:02:54.858+0000] {processor.py:186} INFO - Started process (PID=122) to work on /opt/airflow/dags/ETL_Without_Crawl.py
[2026-03-13T05:02:54.861+0000] {processor.py:914} INFO - Processing file /opt/airflow/dags/ETL_Without_Crawl.py for tasks to queue
[2026-03-13T05:02:54.863+0000] {logging_mixin.py:190} INFO - [2026-03-13T05:02:54.863+0000] {dagbag.py:588} INFO - Filling up the DagBag from /opt/airflow/dags/ETL_Without_Crawl.py
[2026-03-13T05:02:54.890+0000] {processor.py:925} INFO - DAG(s) 'etl_without_crawl' retrieved from /opt/airflow/dags/ETL_Without_Crawl.py
[2026-03-13T05:02:54.951+0000] {logging_mixin.py:190} INFO - [2026-03-13T05:02:54.950+0000] {dag.py:3239} INFO - Sync 1 DAGs
[2026-03-13T05:02:54.983+0000] {logging_mixin.py:190} INFO - [2026-03-13T05:02:54.982+0000] {dag.py:4180} INFO - Setting next_dagrun for etl_without_crawl to None, run_after=None
[2026-03-13T05:02:55.025+0000] {processor.py:208} INFO - Processing /opt/airflow/dags/ETL_Without_Crawl.py took 0.173 seconds
[2026-03-13T05:03:25.746+0000] {processor.py:186} INFO - Started process (PID=126) to work on /opt/airflow/dags/ETL_Without_Crawl.py
[2026-03-13T05:03:25.747+0000] {processor.py:914} INFO - Processing file /opt/airflow/dags/ETL_Without_Crawl.py for tasks to queue
[2026-03-13T05:03:25.750+0000] {logging_mixin.py:190} INFO - [2026-03-13T05:03:25.749+0000] {dagbag.py:588} INFO - Filling up the DagBag from /opt/airflow/dags/ETL_Without_Crawl.py
[2026-03-13T05:03:25.773+0000] {processor.py:925} INFO - DAG(s) 'etl_without_crawl' retrieved from /opt/airflow/dags/ETL_Without_Crawl.py
[2026-03-13T05:03:25.820+0000] {logging_mixin.py:190} INFO - [2026-03-13T05:03:25.820+0000] {dag.py:3239} INFO - Sync 1 DAGs
[2026-03-13T05:03:25.849+0000] {logging_mixin.py:190} INFO - [2026-03-13T05:03:25.849+0000] {dag.py:4180} INFO - Setting next_dagrun for etl_without_crawl to None, run_after=None
[2026-03-13T05:03:25.883+0000] {processor.py:208} INFO - Processing /opt/airflow/dags/ETL_Without_Crawl.py took 0.145 seconds
[2026-03-13T05:03:56.512+0000] {processor.py:186} INFO - Started process (PID=130) to work on /opt/airflow/dags/ETL_Without_Crawl.py
[2026-03-13T05:03:56.513+0000] {processor.py:914} INFO - Processing file /opt/airflow/dags/ETL_Without_Crawl.py for tasks to queue
[2026-03-13T05:03:56.515+0000] {logging_mixin.py:190} INFO - [2026-03-13T05:03:56.515+0000] {dagbag.py:588} INFO - Filling up the DagBag from /opt/airflow/dags/ETL_Without_Crawl.py
[2026-03-13T05:03:56.539+0000] {processor.py:925} INFO - DAG(s) 'etl_without_crawl' retrieved from /opt/airflow/dags/ETL_Without_Crawl.py
[2026-03-13T05:03:56.588+0000] {logging_mixin.py:190} INFO - [2026-03-13T05:03:56.588+0000] {dag.py:3239} INFO - Sync 1 DAGs
[2026-03-13T05:03:56.618+0000] {logging_mixin.py:190} INFO - [2026-03-13T05:03:56.618+0000] {dag.py:4180} INFO - Setting next_dagrun for etl_without_crawl to None, run_after=None
[2026-03-13T05:03:56.663+0000] {processor.py:208} INFO - Processing /opt/airflow/dags/ETL_Without_Crawl.py took 0.164 seconds
[2026-03-13T05:04:27.252+0000] {processor.py:186} INFO - Started process (PID=134) to work on /opt/airflow/dags/ETL_Without_Crawl.py
[2026-03-13T05:04:27.253+0000] {processor.py:914} INFO - Processing file /opt/airflow/dags/ETL_Without_Crawl.py for tasks to queue
[2026-03-13T05:04:27.254+0000] {logging_mixin.py:190} INFO - [2026-03-13T05:04:27.254+0000] {dagbag.py:588} INFO - Filling up the DagBag from /opt/airflow/dags/ETL_Without_Crawl.py
[2026-03-13T05:04:27.270+0000] {processor.py:925} INFO - DAG(s) 'etl_without_crawl' retrieved from /opt/airflow/dags/ETL_Without_Crawl.py
[2026-03-13T05:04:27.329+0000] {logging_mixin.py:190} INFO - [2026-03-13T05:04:27.329+0000] {dag.py:3239} INFO - Sync 1 DAGs
[2026-03-13T05:04:27.363+0000] {logging_mixin.py:190} INFO - [2026-03-13T05:04:27.363+0000] {dag.py:4180} INFO - Setting next_dagrun for etl_without_crawl to None, run_after=None
[2026-03-13T05:04:27.400+0000] {processor.py:208} INFO - Processing /opt/airflow/dags/ETL_Without_Crawl.py took 0.154 seconds
[2026-03-13T05:04:58.082+0000] {processor.py:186} INFO - Started process (PID=138) to work on /opt/airflow/dags/ETL_Without_Crawl.py
[2026-03-13T05:04:58.083+0000] {processor.py:914} INFO - Processing file /opt/airflow/dags/ETL_Without_Crawl.py for tasks to queue
[2026-03-13T05:04:58.086+0000] {logging_mixin.py:190} INFO - [2026-03-13T05:04:58.086+0000] {dagbag.py:588} INFO - Filling up the DagBag from /opt/airflow/dags/ETL_Without_Crawl.py
[2026-03-13T05:04:58.120+0000] {processor.py:925} INFO - DAG(s) 'etl_without_crawl' retrieved from /opt/airflow/dags/ETL_Without_Crawl.py
[2026-03-13T05:04:58.207+0000] {logging_mixin.py:190} INFO - [2026-03-13T05:04:58.206+0000] {dag.py:3239} INFO - Sync 1 DAGs
[2026-03-13T05:04:58.235+0000] {logging_mixin.py:190} INFO - [2026-03-13T05:04:58.235+0000] {dag.py:4180} INFO - Setting next_dagrun for etl_without_crawl to None, run_after=None
[2026-03-13T05:04:58.296+0000] {processor.py:208} INFO - Processing /opt/airflow/dags/ETL_Without_Crawl.py took 0.225 seconds
[2026-03-13T05:05:29.057+0000] {processor.py:186} INFO - Started process (PID=142) to work on /opt/airflow/dags/ETL_Without_Crawl.py
[2026-03-13T05:05:29.062+0000] {processor.py:914} INFO - Processing file /opt/airflow/dags/ETL_Without_Crawl.py for tasks to queue
[2026-03-13T05:05:29.066+0000] {logging_mixin.py:190} INFO - [2026-03-13T05:05:29.066+0000] {dagbag.py:588} INFO - Filling up the DagBag from /opt/airflow/dags/ETL_Without_Crawl.py
[2026-03-13T05:05:29.097+0000] {processor.py:925} INFO - DAG(s) 'etl_without_crawl' retrieved from /opt/airflow/dags/ETL_Without_Crawl.py
[2026-03-13T05:05:29.179+0000] {logging_mixin.py:190} INFO - [2026-03-13T05:05:29.178+0000] {dag.py:3239} INFO - Sync 1 DAGs
[2026-03-13T05:05:29.233+0000] {logging_mixin.py:190} INFO - [2026-03-13T05:05:29.233+0000] {dag.py:4180} INFO - Setting next_dagrun for etl_without_crawl to None, run_after=None
[2026-03-13T05:05:29.318+0000] {processor.py:208} INFO - Processing /opt/airflow/dags/ETL_Without_Crawl.py took 0.274 seconds
[2026-03-13T05:05:59.707+0000] {processor.py:186} INFO - Started process (PID=146) to work on /opt/airflow/dags/ETL_Without_Crawl.py
[2026-03-13T05:05:59.707+0000] {processor.py:914} INFO - Processing file /opt/airflow/dags/ETL_Without_Crawl.py for tasks to queue
[2026-03-13T05:05:59.709+0000] {logging_mixin.py:190} INFO - [2026-03-13T05:05:59.709+0000] {dagbag.py:588} INFO - Filling up the DagBag from /opt/airflow/dags/ETL_Without_Crawl.py
[2026-03-13T05:05:59.734+0000] {processor.py:925} INFO - DAG(s) 'etl_without_crawl' retrieved from /opt/airflow/dags/ETL_Without_Crawl.py
[2026-03-13T05:05:59.796+0000] {logging_mixin.py:190} INFO - [2026-03-13T05:05:59.795+0000] {dag.py:3239} INFO - Sync 1 DAGs
[2026-03-13T05:05:59.828+0000] {logging_mixin.py:190} INFO - [2026-03-13T05:05:59.828+0000] {dag.py:4180} INFO - Setting next_dagrun for etl_without_crawl to None, run_after=None
[2026-03-13T05:05:59.880+0000] {processor.py:208} INFO - Processing /opt/airflow/dags/ETL_Without_Crawl.py took 0.182 seconds
[2026-03-13T05:06:30.554+0000] {processor.py:186} INFO - Started process (PID=150) to work on /opt/airflow/dags/ETL_Without_Crawl.py
[2026-03-13T05:06:30.555+0000] {processor.py:914} INFO - Processing file /opt/airflow/dags/ETL_Without_Crawl.py for tasks to queue
[2026-03-13T05:06:30.556+0000] {logging_mixin.py:190} INFO - [2026-03-13T05:06:30.556+0000] {dagbag.py:588} INFO - Filling up the DagBag from /opt/airflow/dags/ETL_Without_Crawl.py
[2026-03-13T05:06:30.575+0000] {processor.py:925} INFO - DAG(s) 'etl_without_crawl' retrieved from /opt/airflow/dags/ETL_Without_Crawl.py
[2026-03-13T05:06:30.625+0000] {logging_mixin.py:190} INFO - [2026-03-13T05:06:30.625+0000] {dag.py:3239} INFO - Sync 1 DAGs
[2026-03-13T05:06:30.648+0000] {logging_mixin.py:190} INFO - [2026-03-13T05:06:30.648+0000] {dag.py:4180} INFO - Setting next_dagrun for etl_without_crawl to None, run_after=None
[2026-03-13T05:06:30.684+0000] {processor.py:208} INFO - Processing /opt/airflow/dags/ETL_Without_Crawl.py took 0.137 seconds
[2026-03-13T05:07:01.217+0000] {processor.py:186} INFO - Started process (PID=154) to work on /opt/airflow/dags/ETL_Without_Crawl.py
[2026-03-13T05:07:01.219+0000] {processor.py:914} INFO - Processing file /opt/airflow/dags/ETL_Without_Crawl.py for tasks to queue
[2026-03-13T05:07:01.221+0000] {logging_mixin.py:190} INFO - [2026-03-13T05:07:01.220+0000] {dagbag.py:588} INFO - Filling up the DagBag from /opt/airflow/dags/ETL_Without_Crawl.py
[2026-03-13T05:07:01.246+0000] {processor.py:925} INFO - DAG(s) 'etl_without_crawl' retrieved from /opt/airflow/dags/ETL_Without_Crawl.py
[2026-03-13T05:07:01.308+0000] {logging_mixin.py:190} INFO - [2026-03-13T05:07:01.308+0000] {dag.py:3239} INFO - Sync 1 DAGs
[2026-03-13T05:07:01.362+0000] {logging_mixin.py:190} INFO - [2026-03-13T05:07:01.362+0000] {dag.py:4180} INFO - Setting next_dagrun for etl_without_crawl to None, run_after=None
[2026-03-13T05:07:01.422+0000] {processor.py:208} INFO - Processing /opt/airflow/dags/ETL_Without_Crawl.py took 0.213 seconds
[2026-03-13T05:07:32.082+0000] {processor.py:186} INFO - Started process (PID=158) to work on /opt/airflow/dags/ETL_Without_Crawl.py
[2026-03-13T05:07:32.082+0000] {processor.py:914} INFO - Processing file /opt/airflow/dags/ETL_Without_Crawl.py for tasks to queue
[2026-03-13T05:07:32.084+0000] {logging_mixin.py:190} INFO - [2026-03-13T05:07:32.083+0000] {dagbag.py:588} INFO - Filling up the DagBag from /opt/airflow/dags/ETL_Without_Crawl.py
[2026-03-13T05:07:32.098+0000] {processor.py:925} INFO - DAG(s) 'etl_without_crawl' retrieved from /opt/airflow/dags/ETL_Without_Crawl.py
[2026-03-13T05:07:32.133+0000] {logging_mixin.py:190} INFO - [2026-03-13T05:07:32.133+0000] {dag.py:3239} INFO - Sync 1 DAGs
[2026-03-13T05:07:32.156+0000] {logging_mixin.py:190} INFO - [2026-03-13T05:07:32.155+0000] {dag.py:4180} INFO - Setting next_dagrun for etl_without_crawl to None, run_after=None
[2026-03-13T05:07:32.198+0000] {processor.py:208} INFO - Processing /opt/airflow/dags/ETL_Without_Crawl.py took 0.121 seconds
[2026-03-13T05:08:02.802+0000] {processor.py:186} INFO - Started process (PID=162) to work on /opt/airflow/dags/ETL_Without_Crawl.py
[2026-03-13T05:08:02.803+0000] {processor.py:914} INFO - Processing file /opt/airflow/dags/ETL_Without_Crawl.py for tasks to queue
[2026-03-13T05:08:02.805+0000] {logging_mixin.py:190} INFO - [2026-03-13T05:08:02.805+0000] {dagbag.py:588} INFO - Filling up the DagBag from /opt/airflow/dags/ETL_Without_Crawl.py
[2026-03-13T05:08:02.836+0000] {processor.py:925} INFO - DAG(s) 'etl_without_crawl' retrieved from /opt/airflow/dags/ETL_Without_Crawl.py
[2026-03-13T05:08:02.911+0000] {logging_mixin.py:190} INFO - [2026-03-13T05:08:02.911+0000] {dag.py:3239} INFO - Sync 1 DAGs
[2026-03-13T05:08:02.948+0000] {logging_mixin.py:190} INFO - [2026-03-13T05:08:02.947+0000] {dag.py:4180} INFO - Setting next_dagrun for etl_without_crawl to None, run_after=None
[2026-03-13T05:08:02.984+0000] {processor.py:208} INFO - Processing /opt/airflow/dags/ETL_Without_Crawl.py took 0.190 seconds
[2026-03-13T05:08:33.537+0000] {processor.py:186} INFO - Started process (PID=166) to work on /opt/airflow/dags/ETL_Without_Crawl.py
[2026-03-13T05:08:33.538+0000] {processor.py:914} INFO - Processing file /opt/airflow/dags/ETL_Without_Crawl.py for tasks to queue
[2026-03-13T05:08:33.542+0000] {logging_mixin.py:190} INFO - [2026-03-13T05:08:33.541+0000] {dagbag.py:588} INFO - Filling up the DagBag from /opt/airflow/dags/ETL_Without_Crawl.py
[2026-03-13T05:08:33.575+0000] {processor.py:925} INFO - DAG(s) 'etl_without_crawl' retrieved from /opt/airflow/dags/ETL_Without_Crawl.py
[2026-03-13T05:08:33.639+0000] {logging_mixin.py:190} INFO - [2026-03-13T05:08:33.639+0000] {dag.py:3239} INFO - Sync 1 DAGs
[2026-03-13T05:08:33.685+0000] {logging_mixin.py:190} INFO - [2026-03-13T05:08:33.684+0000] {dag.py:4180} INFO - Setting next_dagrun for etl_without_crawl to None, run_after=None
[2026-03-13T05:08:33.747+0000] {processor.py:208} INFO - Processing /opt/airflow/dags/ETL_Without_Crawl.py took 0.223 seconds
[2026-03-13T05:09:04.384+0000] {processor.py:186} INFO - Started process (PID=170) to work on /opt/airflow/dags/ETL_Without_Crawl.py
[2026-03-13T05:09:04.384+0000] {processor.py:914} INFO - Processing file /opt/airflow/dags/ETL_Without_Crawl.py for tasks to queue
[2026-03-13T05:09:04.385+0000] {logging_mixin.py:190} INFO - [2026-03-13T05:09:04.385+0000] {dagbag.py:588} INFO - Filling up the DagBag from /opt/airflow/dags/ETL_Without_Crawl.py
[2026-03-13T05:09:04.402+0000] {processor.py:925} INFO - DAG(s) 'etl_without_crawl' retrieved from /opt/airflow/dags/ETL_Without_Crawl.py
[2026-03-13T05:09:04.454+0000] {logging_mixin.py:190} INFO - [2026-03-13T05:09:04.454+0000] {dag.py:3239} INFO - Sync 1 DAGs
[2026-03-13T05:09:04.474+0000] {logging_mixin.py:190} INFO - [2026-03-13T05:09:04.474+0000] {dag.py:4180} INFO - Setting next_dagrun for etl_without_crawl to None, run_after=None
[2026-03-13T05:09:04.509+0000] {processor.py:208} INFO - Processing /opt/airflow/dags/ETL_Without_Crawl.py took 0.131 seconds
[2026-03-13T05:09:35.056+0000] {processor.py:186} INFO - Started process (PID=174) to work on /opt/airflow/dags/ETL_Without_Crawl.py
[2026-03-13T05:09:35.056+0000] {processor.py:914} INFO - Processing file /opt/airflow/dags/ETL_Without_Crawl.py for tasks to queue
[2026-03-13T05:09:35.059+0000] {logging_mixin.py:190} INFO - [2026-03-13T05:09:35.058+0000] {dagbag.py:588} INFO - Filling up the DagBag from /opt/airflow/dags/ETL_Without_Crawl.py
[2026-03-13T05:09:35.086+0000] {processor.py:925} INFO - DAG(s) 'etl_without_crawl' retrieved from /opt/airflow/dags/ETL_Without_Crawl.py
[2026-03-13T05:09:35.153+0000] {logging_mixin.py:190} INFO - [2026-03-13T05:09:35.153+0000] {dag.py:3239} INFO - Sync 1 DAGs
[2026-03-13T05:09:35.181+0000] {logging_mixin.py:190} INFO - [2026-03-13T05:09:35.181+0000] {dag.py:4180} INFO - Setting next_dagrun for etl_without_crawl to None, run_after=None
[2026-03-13T05:09:35.220+0000] {processor.py:208} INFO - Processing /opt/airflow/dags/ETL_Without_Crawl.py took 0.172 seconds
[2026-03-13T05:10:05.825+0000] {processor.py:186} INFO - Started process (PID=178) to work on /opt/airflow/dags/ETL_Without_Crawl.py
[2026-03-13T05:10:05.825+0000] {processor.py:914} INFO - Processing file /opt/airflow/dags/ETL_Without_Crawl.py for tasks to queue
[2026-03-13T05:10:05.827+0000] {logging_mixin.py:190} INFO - [2026-03-13T05:10:05.826+0000] {dagbag.py:588} INFO - Filling up the DagBag from /opt/airflow/dags/ETL_Without_Crawl.py
[2026-03-13T05:10:05.841+0000] {processor.py:925} INFO - DAG(s) 'etl_without_crawl' retrieved from /opt/airflow/dags/ETL_Without_Crawl.py
[2026-03-13T05:10:05.875+0000] {logging_mixin.py:190} INFO - [2026-03-13T05:10:05.875+0000] {dag.py:3239} INFO - Sync 1 DAGs
[2026-03-13T05:10:05.899+0000] {logging_mixin.py:190} INFO - [2026-03-13T05:10:05.899+0000] {dag.py:4180} INFO - Setting next_dagrun for etl_without_crawl to None, run_after=None
[2026-03-13T05:10:05.938+0000] {processor.py:208} INFO - Processing /opt/airflow/dags/ETL_Without_Crawl.py took 0.119 seconds
[2026-03-13T05:10:36.471+0000] {processor.py:186} INFO - Started process (PID=182) to work on /opt/airflow/dags/ETL_Without_Crawl.py
[2026-03-13T05:10:36.471+0000] {processor.py:914} INFO - Processing file /opt/airflow/dags/ETL_Without_Crawl.py for tasks to queue
[2026-03-13T05:10:36.473+0000] {logging_mixin.py:190} INFO - [2026-03-13T05:10:36.472+0000] {dagbag.py:588} INFO - Filling up the DagBag from /opt/airflow/dags/ETL_Without_Crawl.py
[2026-03-13T05:10:36.488+0000] {processor.py:925} INFO - DAG(s) 'etl_without_crawl' retrieved from /opt/airflow/dags/ETL_Without_Crawl.py
[2026-03-13T05:10:36.525+0000] {logging_mixin.py:190} INFO - [2026-03-13T05:10:36.524+0000] {dag.py:3239} INFO - Sync 1 DAGs
[2026-03-13T05:10:36.541+0000] {logging_mixin.py:190} INFO - [2026-03-13T05:10:36.541+0000] {dag.py:4180} INFO - Setting next_dagrun for etl_without_crawl to None, run_after=None
[2026-03-13T05:10:36.572+0000] {processor.py:208} INFO - Processing /opt/airflow/dags/ETL_Without_Crawl.py took 0.107 seconds
[2026-03-13T05:11:07.133+0000] {processor.py:186} INFO - Started process (PID=186) to work on /opt/airflow/dags/ETL_Without_Crawl.py
[2026-03-13T05:11:07.134+0000] {processor.py:914} INFO - Processing file /opt/airflow/dags/ETL_Without_Crawl.py for tasks to queue
[2026-03-13T05:11:07.137+0000] {logging_mixin.py:190} INFO - [2026-03-13T05:11:07.137+0000] {dagbag.py:588} INFO - Filling up the DagBag from /opt/airflow/dags/ETL_Without_Crawl.py
[2026-03-13T05:11:07.166+0000] {processor.py:925} INFO - DAG(s) 'etl_without_crawl' retrieved from /opt/airflow/dags/ETL_Without_Crawl.py
[2026-03-13T05:11:07.231+0000] {logging_mixin.py:190} INFO - [2026-03-13T05:11:07.231+0000] {dag.py:3239} INFO - Sync 1 DAGs
[2026-03-13T05:11:07.262+0000] {logging_mixin.py:190} INFO - [2026-03-13T05:11:07.261+0000] {dag.py:4180} INFO - Setting next_dagrun for etl_without_crawl to None, run_after=None
[2026-03-13T05:11:07.297+0000] {processor.py:208} INFO - Processing /opt/airflow/dags/ETL_Without_Crawl.py took 0.175 seconds
[2026-03-13T05:11:37.885+0000] {processor.py:186} INFO - Started process (PID=190) to work on /opt/airflow/dags/ETL_Without_Crawl.py
[2026-03-13T05:11:37.885+0000] {processor.py:914} INFO - Processing file /opt/airflow/dags/ETL_Without_Crawl.py for tasks to queue
[2026-03-13T05:11:37.887+0000] {logging_mixin.py:190} INFO - [2026-03-13T05:11:37.887+0000] {dagbag.py:588} INFO - Filling up the DagBag from /opt/airflow/dags/ETL_Without_Crawl.py
[2026-03-13T05:11:37.904+0000] {processor.py:925} INFO - DAG(s) 'etl_without_crawl' retrieved from /opt/airflow/dags/ETL_Without_Crawl.py
[2026-03-13T05:11:37.949+0000] {logging_mixin.py:190} INFO - [2026-03-13T05:11:37.948+0000] {dag.py:3239} INFO - Sync 1 DAGs
[2026-03-13T05:11:37.977+0000] {logging_mixin.py:190} INFO - [2026-03-13T05:11:37.977+0000] {dag.py:4180} INFO - Setting next_dagrun for etl_without_crawl to None, run_after=None
[2026-03-13T05:11:38.024+0000] {processor.py:208} INFO - Processing /opt/airflow/dags/ETL_Without_Crawl.py took 0.145 seconds
[2026-03-13T05:12:08.638+0000] {processor.py:186} INFO - Started process (PID=194) to work on /opt/airflow/dags/ETL_Without_Crawl.py
[2026-03-13T05:12:08.639+0000] {processor.py:914} INFO - Processing file /opt/airflow/dags/ETL_Without_Crawl.py for tasks to queue
[2026-03-13T05:12:08.640+0000] {logging_mixin.py:190} INFO - [2026-03-13T05:12:08.640+0000] {dagbag.py:588} INFO - Filling up the DagBag from /opt/airflow/dags/ETL_Without_Crawl.py
[2026-03-13T05:12:08.658+0000] {processor.py:925} INFO - DAG(s) 'etl_without_crawl' retrieved from /opt/airflow/dags/ETL_Without_Crawl.py
[2026-03-13T05:12:08.698+0000] {logging_mixin.py:190} INFO - [2026-03-13T05:12:08.698+0000] {dag.py:3239} INFO - Sync 1 DAGs
[2026-03-13T05:12:08.718+0000] {logging_mixin.py:190} INFO - [2026-03-13T05:12:08.718+0000] {dag.py:4180} INFO - Setting next_dagrun for etl_without_crawl to None, run_after=None
[2026-03-13T05:12:08.748+0000] {processor.py:208} INFO - Processing /opt/airflow/dags/ETL_Without_Crawl.py took 0.118 seconds
[2026-03-13T05:12:39.328+0000] {processor.py:186} INFO - Started process (PID=198) to work on /opt/airflow/dags/ETL_Without_Crawl.py
[2026-03-13T05:12:39.331+0000] {processor.py:914} INFO - Processing file /opt/airflow/dags/ETL_Without_Crawl.py for tasks to queue
[2026-03-13T05:12:39.333+0000] {logging_mixin.py:190} INFO - [2026-03-13T05:12:39.333+0000] {dagbag.py:588} INFO - Filling up the DagBag from /opt/airflow/dags/ETL_Without_Crawl.py
[2026-03-13T05:12:39.367+0000] {processor.py:925} INFO - DAG(s) 'etl_without_crawl' retrieved from /opt/airflow/dags/ETL_Without_Crawl.py
[2026-03-13T05:12:39.438+0000] {logging_mixin.py:190} INFO - [2026-03-13T05:12:39.438+0000] {dag.py:3239} INFO - Sync 1 DAGs
[2026-03-13T05:12:39.472+0000] {logging_mixin.py:190} INFO - [2026-03-13T05:12:39.472+0000] {dag.py:4180} INFO - Setting next_dagrun for etl_without_crawl to None, run_after=None
[2026-03-13T05:12:39.527+0000] {processor.py:208} INFO - Processing /opt/airflow/dags/ETL_Without_Crawl.py took 0.208 seconds
[2026-03-13T05:13:10.140+0000] {processor.py:186} INFO - Started process (PID=202) to work on /opt/airflow/dags/ETL_Without_Crawl.py
[2026-03-13T05:13:10.141+0000] {processor.py:914} INFO - Processing file /opt/airflow/dags/ETL_Without_Crawl.py for tasks to queue
[2026-03-13T05:13:10.143+0000] {logging_mixin.py:190} INFO - [2026-03-13T05:13:10.142+0000] {dagbag.py:588} INFO - Filling up the DagBag from /opt/airflow/dags/ETL_Without_Crawl.py
[2026-03-13T05:13:10.157+0000] {processor.py:925} INFO - DAG(s) 'etl_without_crawl' retrieved from /opt/airflow/dags/ETL_Without_Crawl.py
[2026-03-13T05:13:10.194+0000] {logging_mixin.py:190} INFO - [2026-03-13T05:13:10.194+0000] {dag.py:3239} INFO - Sync 1 DAGs
[2026-03-13T05:13:10.215+0000] {logging_mixin.py:190} INFO - [2026-03-13T05:13:10.215+0000] {dag.py:4180} INFO - Setting next_dagrun for etl_without_crawl to None, run_after=None
[2026-03-13T05:13:10.244+0000] {processor.py:208} INFO - Processing /opt/airflow/dags/ETL_Without_Crawl.py took 0.109 seconds
[2026-03-13T05:13:40.751+0000] {processor.py:186} INFO - Started process (PID=206) to work on /opt/airflow/dags/ETL_Without_Crawl.py
[2026-03-13T05:13:40.752+0000] {processor.py:914} INFO - Processing file /opt/airflow/dags/ETL_Without_Crawl.py for tasks to queue
[2026-03-13T05:13:40.754+0000] {logging_mixin.py:190} INFO - [2026-03-13T05:13:40.753+0000] {dagbag.py:588} INFO - Filling up the DagBag from /opt/airflow/dags/ETL_Without_Crawl.py
[2026-03-13T05:13:40.778+0000] {processor.py:925} INFO - DAG(s) 'etl_without_crawl' retrieved from /opt/airflow/dags/ETL_Without_Crawl.py
[2026-03-13T05:13:40.838+0000] {logging_mixin.py:190} INFO - [2026-03-13T05:13:40.838+0000] {dag.py:3239} INFO - Sync 1 DAGs
[2026-03-13T05:13:40.868+0000] {logging_mixin.py:190} INFO - [2026-03-13T05:13:40.868+0000] {dag.py:4180} INFO - Setting next_dagrun for etl_without_crawl to None, run_after=None
[2026-03-13T05:13:40.920+0000] {processor.py:208} INFO - Processing /opt/airflow/dags/ETL_Without_Crawl.py took 0.177 seconds
[2026-03-13T05:14:11.598+0000] {processor.py:186} INFO - Started process (PID=210) to work on /opt/airflow/dags/ETL_Without_Crawl.py
[2026-03-13T05:14:11.599+0000] {processor.py:914} INFO - Processing file /opt/airflow/dags/ETL_Without_Crawl.py for tasks to queue
[2026-03-13T05:14:11.601+0000] {logging_mixin.py:190} INFO - [2026-03-13T05:14:11.601+0000] {dagbag.py:588} INFO - Filling up the DagBag from /opt/airflow/dags/ETL_Without_Crawl.py
[2026-03-13T05:14:11.654+0000] {processor.py:925} INFO - DAG(s) 'etl_without_crawl' retrieved from /opt/airflow/dags/ETL_Without_Crawl.py
[2026-03-13T05:14:11.794+0000] {logging_mixin.py:190} INFO - [2026-03-13T05:14:11.794+0000] {dag.py:3239} INFO - Sync 1 DAGs
[2026-03-13T05:14:11.856+0000] {logging_mixin.py:190} INFO - [2026-03-13T05:14:11.855+0000] {dag.py:4180} INFO - Setting next_dagrun for etl_without_crawl to None, run_after=None
[2026-03-13T05:14:11.918+0000] {processor.py:208} INFO - Processing /opt/airflow/dags/ETL_Without_Crawl.py took 0.333 seconds
[2026-03-13T05:14:42.571+0000] {processor.py:186} INFO - Started process (PID=214) to work on /opt/airflow/dags/ETL_Without_Crawl.py
[2026-03-13T05:14:42.571+0000] {processor.py:914} INFO - Processing file /opt/airflow/dags/ETL_Without_Crawl.py for tasks to queue
[2026-03-13T05:14:42.572+0000] {logging_mixin.py:190} INFO - [2026-03-13T05:14:42.572+0000] {dagbag.py:588} INFO - Filling up the DagBag from /opt/airflow/dags/ETL_Without_Crawl.py
[2026-03-13T05:14:42.595+0000] {processor.py:925} INFO - DAG(s) 'etl_without_crawl' retrieved from /opt/airflow/dags/ETL_Without_Crawl.py
[2026-03-13T05:14:42.641+0000] {logging_mixin.py:190} INFO - [2026-03-13T05:14:42.641+0000] {dag.py:3239} INFO - Sync 1 DAGs
[2026-03-13T05:14:42.672+0000] {logging_mixin.py:190} INFO - [2026-03-13T05:14:42.672+0000] {dag.py:4180} INFO - Setting next_dagrun for etl_without_crawl to None, run_after=None
[2026-03-13T05:14:42.714+0000] {processor.py:208} INFO - Processing /opt/airflow/dags/ETL_Without_Crawl.py took 0.150 seconds
[2026-03-13T05:15:13.266+0000] {processor.py:186} INFO - Started process (PID=218) to work on /opt/airflow/dags/ETL_Without_Crawl.py
[2026-03-13T05:15:13.267+0000] {processor.py:914} INFO - Processing file /opt/airflow/dags/ETL_Without_Crawl.py for tasks to queue
[2026-03-13T05:15:13.270+0000] {logging_mixin.py:190} INFO - [2026-03-13T05:15:13.270+0000] {dagbag.py:588} INFO - Filling up the DagBag from /opt/airflow/dags/ETL_Without_Crawl.py
[2026-03-13T05:15:13.295+0000] {processor.py:925} INFO - DAG(s) 'etl_without_crawl' retrieved from /opt/airflow/dags/ETL_Without_Crawl.py
[2026-03-13T05:15:13.366+0000] {logging_mixin.py:190} INFO - [2026-03-13T05:15:13.366+0000] {dag.py:3239} INFO - Sync 1 DAGs
[2026-03-13T05:15:13.396+0000] {logging_mixin.py:190} INFO - [2026-03-13T05:15:13.396+0000] {dag.py:4180} INFO - Setting next_dagrun for etl_without_crawl to None, run_after=None
[2026-03-13T05:15:13.446+0000] {processor.py:208} INFO - Processing /opt/airflow/dags/ETL_Without_Crawl.py took 0.189 seconds
[2026-03-13T05:15:44.123+0000] {processor.py:186} INFO - Started process (PID=222) to work on /opt/airflow/dags/ETL_Without_Crawl.py
[2026-03-13T05:15:44.124+0000] {processor.py:914} INFO - Processing file /opt/airflow/dags/ETL_Without_Crawl.py for tasks to queue
[2026-03-13T05:15:44.126+0000] {logging_mixin.py:190} INFO - [2026-03-13T05:15:44.125+0000] {dagbag.py:588} INFO - Filling up the DagBag from /opt/airflow/dags/ETL_Without_Crawl.py
[2026-03-13T05:15:44.156+0000] {processor.py:925} INFO - DAG(s) 'etl_without_crawl' retrieved from /opt/airflow/dags/ETL_Without_Crawl.py
[2026-03-13T05:15:44.226+0000] {logging_mixin.py:190} INFO - [2026-03-13T05:15:44.226+0000] {dag.py:3239} INFO - Sync 1 DAGs
[2026-03-13T05:15:44.263+0000] {logging_mixin.py:190} INFO - [2026-03-13T05:15:44.263+0000] {dag.py:4180} INFO - Setting next_dagrun for etl_without_crawl to None, run_after=None
[2026-03-13T05:15:44.313+0000] {processor.py:208} INFO - Processing /opt/airflow/dags/ETL_Without_Crawl.py took 0.200 seconds
[2026-03-13T05:16:14.867+0000] {processor.py:186} INFO - Started process (PID=226) to work on /opt/airflow/dags/ETL_Without_Crawl.py
[2026-03-13T05:16:14.867+0000] {processor.py:914} INFO - Processing file /opt/airflow/dags/ETL_Without_Crawl.py for tasks to queue
[2026-03-13T05:16:14.868+0000] {logging_mixin.py:190} INFO - [2026-03-13T05:16:14.868+0000] {dagbag.py:588} INFO - Filling up the DagBag from /opt/airflow/dags/ETL_Without_Crawl.py
[2026-03-13T05:16:14.883+0000] {processor.py:925} INFO - DAG(s) 'etl_without_crawl' retrieved from /opt/airflow/dags/ETL_Without_Crawl.py
[2026-03-13T05:16:14.930+0000] {logging_mixin.py:190} INFO - [2026-03-13T05:16:14.930+0000] {dag.py:3239} INFO - Sync 1 DAGs
[2026-03-13T05:16:14.951+0000] {logging_mixin.py:190} INFO - [2026-03-13T05:16:14.950+0000] {dag.py:4180} INFO - Setting next_dagrun for etl_without_crawl to None, run_after=None
[2026-03-13T05:16:14.990+0000] {processor.py:208} INFO - Processing /opt/airflow/dags/ETL_Without_Crawl.py took 0.129 seconds
[2026-03-13T05:16:45.539+0000] {processor.py:186} INFO - Started process (PID=230) to work on /opt/airflow/dags/ETL_Without_Crawl.py
[2026-03-13T05:16:45.540+0000] {processor.py:914} INFO - Processing file /opt/airflow/dags/ETL_Without_Crawl.py for tasks to queue
[2026-03-13T05:16:45.543+0000] {logging_mixin.py:190} INFO - [2026-03-13T05:16:45.543+0000] {dagbag.py:588} INFO - Filling up the DagBag from /opt/airflow/dags/ETL_Without_Crawl.py
[2026-03-13T05:16:45.569+0000] {processor.py:925} INFO - DAG(s) 'etl_without_crawl' retrieved from /opt/airflow/dags/ETL_Without_Crawl.py
[2026-03-13T05:16:45.635+0000] {logging_mixin.py:190} INFO - [2026-03-13T05:16:45.635+0000] {dag.py:3239} INFO - Sync 1 DAGs
[2026-03-13T05:16:45.668+0000] {logging_mixin.py:190} INFO - [2026-03-13T05:16:45.668+0000] {dag.py:4180} INFO - Setting next_dagrun for etl_without_crawl to None, run_after=None
[2026-03-13T05:16:45.710+0000] {processor.py:208} INFO - Processing /opt/airflow/dags/ETL_Without_Crawl.py took 0.181 seconds
[2026-03-13T05:17:16.288+0000] {processor.py:186} INFO - Started process (PID=234) to work on /opt/airflow/dags/ETL_Without_Crawl.py
[2026-03-13T05:17:16.288+0000] {processor.py:914} INFO - Processing file /opt/airflow/dags/ETL_Without_Crawl.py for tasks to queue
[2026-03-13T05:17:16.290+0000] {logging_mixin.py:190} INFO - [2026-03-13T05:17:16.290+0000] {dagbag.py:588} INFO - Filling up the DagBag from /opt/airflow/dags/ETL_Without_Crawl.py
[2026-03-13T05:17:16.311+0000] {processor.py:925} INFO - DAG(s) 'etl_without_crawl' retrieved from /opt/airflow/dags/ETL_Without_Crawl.py
[2026-03-13T05:17:16.369+0000] {logging_mixin.py:190} INFO - [2026-03-13T05:17:16.368+0000] {dag.py:3239} INFO - Sync 1 DAGs
[2026-03-13T05:17:16.398+0000] {logging_mixin.py:190} INFO - [2026-03-13T05:17:16.398+0000] {dag.py:4180} INFO - Setting next_dagrun for etl_without_crawl to None, run_after=None
[2026-03-13T05:17:16.452+0000] {processor.py:208} INFO - Processing /opt/airflow/dags/ETL_Without_Crawl.py took 0.172 seconds
[2026-03-13T05:17:47.070+0000] {processor.py:186} INFO - Started process (PID=238) to work on /opt/airflow/dags/ETL_Without_Crawl.py
[2026-03-13T05:17:47.070+0000] {processor.py:914} INFO - Processing file /opt/airflow/dags/ETL_Without_Crawl.py for tasks to queue
[2026-03-13T05:17:47.072+0000] {logging_mixin.py:190} INFO - [2026-03-13T05:17:47.072+0000] {dagbag.py:588} INFO - Filling up the DagBag from /opt/airflow/dags/ETL_Without_Crawl.py
[2026-03-13T05:17:47.087+0000] {processor.py:925} INFO - DAG(s) 'etl_without_crawl' retrieved from /opt/airflow/dags/ETL_Without_Crawl.py
[2026-03-13T05:17:47.165+0000] {logging_mixin.py:190} INFO - [2026-03-13T05:17:47.164+0000] {dag.py:3239} INFO - Sync 1 DAGs
[2026-03-13T05:17:47.210+0000] {logging_mixin.py:190} INFO - [2026-03-13T05:17:47.210+0000] {dag.py:4180} INFO - Setting next_dagrun for etl_without_crawl to None, run_after=None
[2026-03-13T05:17:47.282+0000] {processor.py:208} INFO - Processing /opt/airflow/dags/ETL_Without_Crawl.py took 0.218 seconds
[2026-03-13T05:18:17.923+0000] {processor.py:186} INFO - Started process (PID=242) to work on /opt/airflow/dags/ETL_Without_Crawl.py
[2026-03-13T05:18:17.924+0000] {processor.py:914} INFO - Processing file /opt/airflow/dags/ETL_Without_Crawl.py for tasks to queue
[2026-03-13T05:18:17.925+0000] {logging_mixin.py:190} INFO - [2026-03-13T05:18:17.925+0000] {dagbag.py:588} INFO - Filling up the DagBag from /opt/airflow/dags/ETL_Without_Crawl.py
[2026-03-13T05:18:17.952+0000] {processor.py:925} INFO - DAG(s) 'etl_without_crawl' retrieved from /opt/airflow/dags/ETL_Without_Crawl.py
[2026-03-13T05:18:18.004+0000] {logging_mixin.py:190} INFO - [2026-03-13T05:18:18.004+0000] {dag.py:3239} INFO - Sync 1 DAGs
[2026-03-13T05:18:18.029+0000] {logging_mixin.py:190} INFO - [2026-03-13T05:18:18.029+0000] {dag.py:4180} INFO - Setting next_dagrun for etl_without_crawl to None, run_after=None
[2026-03-13T05:18:18.083+0000] {processor.py:208} INFO - Processing /opt/airflow/dags/ETL_Without_Crawl.py took 0.169 seconds
[2026-03-13T05:18:48.688+0000] {processor.py:186} INFO - Started process (PID=246) to work on /opt/airflow/dags/ETL_Without_Crawl.py
[2026-03-13T05:18:48.689+0000] {processor.py:914} INFO - Processing file /opt/airflow/dags/ETL_Without_Crawl.py for tasks to queue
[2026-03-13T05:18:48.691+0000] {logging_mixin.py:190} INFO - [2026-03-13T05:18:48.691+0000] {dagbag.py:588} INFO - Filling up the DagBag from /opt/airflow/dags/ETL_Without_Crawl.py
[2026-03-13T05:18:48.714+0000] {processor.py:925} INFO - DAG(s) 'etl_without_crawl' retrieved from /opt/airflow/dags/ETL_Without_Crawl.py
[2026-03-13T05:18:48.766+0000] {logging_mixin.py:190} INFO - [2026-03-13T05:18:48.766+0000] {dag.py:3239} INFO - Sync 1 DAGs
[2026-03-13T05:18:48.796+0000] {logging_mixin.py:190} INFO - [2026-03-13T05:18:48.796+0000] {dag.py:4180} INFO - Setting next_dagrun for etl_without_crawl to None, run_after=None
[2026-03-13T05:18:48.844+0000] {processor.py:208} INFO - Processing /opt/airflow/dags/ETL_Without_Crawl.py took 0.162 seconds
[2026-03-13T05:19:19.517+0000] {processor.py:186} INFO - Started process (PID=250) to work on /opt/airflow/dags/ETL_Without_Crawl.py
[2026-03-13T05:19:19.519+0000] {processor.py:914} INFO - Processing file /opt/airflow/dags/ETL_Without_Crawl.py for tasks to queue
[2026-03-13T05:19:19.523+0000] {logging_mixin.py:190} INFO - [2026-03-13T05:19:19.522+0000] {dagbag.py:588} INFO - Filling up the DagBag from /opt/airflow/dags/ETL_Without_Crawl.py
[2026-03-13T05:19:19.560+0000] {processor.py:925} INFO - DAG(s) 'etl_without_crawl' retrieved from /opt/airflow/dags/ETL_Without_Crawl.py
[2026-03-13T05:19:19.627+0000] {logging_mixin.py:190} INFO - [2026-03-13T05:19:19.626+0000] {dag.py:3239} INFO - Sync 1 DAGs
[2026-03-13T05:19:19.653+0000] {logging_mixin.py:190} INFO - [2026-03-13T05:19:19.653+0000] {dag.py:4180} INFO - Setting next_dagrun for etl_without_crawl to None, run_after=None
[2026-03-13T05:19:19.680+0000] {processor.py:208} INFO - Processing /opt/airflow/dags/ETL_Without_Crawl.py took 0.180 seconds
[2026-03-13T05:19:50.310+0000] {processor.py:186} INFO - Started process (PID=254) to work on /opt/airflow/dags/ETL_Without_Crawl.py
[2026-03-13T05:19:50.311+0000] {processor.py:914} INFO - Processing file /opt/airflow/dags/ETL_Without_Crawl.py for tasks to queue
[2026-03-13T05:19:50.313+0000] {logging_mixin.py:190} INFO - [2026-03-13T05:19:50.313+0000] {dagbag.py:588} INFO - Filling up the DagBag from /opt/airflow/dags/ETL_Without_Crawl.py
[2026-03-13T05:19:50.340+0000] {processor.py:925} INFO - DAG(s) 'etl_without_crawl' retrieved from /opt/airflow/dags/ETL_Without_Crawl.py
[2026-03-13T05:19:50.396+0000] {logging_mixin.py:190} INFO - [2026-03-13T05:19:50.395+0000] {dag.py:3239} INFO - Sync 1 DAGs
[2026-03-13T05:19:50.426+0000] {logging_mixin.py:190} INFO - [2026-03-13T05:19:50.426+0000] {dag.py:4180} INFO - Setting next_dagrun for etl_without_crawl to None, run_after=None
[2026-03-13T05:19:50.467+0000] {processor.py:208} INFO - Processing /opt/airflow/dags/ETL_Without_Crawl.py took 0.170 seconds
[2026-03-13T05:20:21.302+0000] {processor.py:186} INFO - Started process (PID=258) to work on /opt/airflow/dags/ETL_Without_Crawl.py
[2026-03-13T05:20:21.304+0000] {processor.py:914} INFO - Processing file /opt/airflow/dags/ETL_Without_Crawl.py for tasks to queue
[2026-03-13T05:20:21.307+0000] {logging_mixin.py:190} INFO - [2026-03-13T05:20:21.307+0000] {dagbag.py:588} INFO - Filling up the DagBag from /opt/airflow/dags/ETL_Without_Crawl.py
[2026-03-13T05:20:21.346+0000] {processor.py:925} INFO - DAG(s) 'etl_without_crawl' retrieved from /opt/airflow/dags/ETL_Without_Crawl.py
[2026-03-13T05:20:21.413+0000] {logging_mixin.py:190} INFO - [2026-03-13T05:20:21.413+0000] {dag.py:3239} INFO - Sync 1 DAGs
[2026-03-13T05:20:21.443+0000] {logging_mixin.py:190} INFO - [2026-03-13T05:20:21.442+0000] {dag.py:4180} INFO - Setting next_dagrun for etl_without_crawl to None, run_after=None
[2026-03-13T05:20:21.491+0000] {processor.py:208} INFO - Processing /opt/airflow/dags/ETL_Without_Crawl.py took 0.201 seconds
[2026-03-13T05:20:52.138+0000] {processor.py:186} INFO - Started process (PID=262) to work on /opt/airflow/dags/ETL_Without_Crawl.py
[2026-03-13T05:20:52.139+0000] {processor.py:914} INFO - Processing file /opt/airflow/dags/ETL_Without_Crawl.py for tasks to queue
[2026-03-13T05:20:52.140+0000] {logging_mixin.py:190} INFO - [2026-03-13T05:20:52.140+0000] {dagbag.py:588} INFO - Filling up the DagBag from /opt/airflow/dags/ETL_Without_Crawl.py
[2026-03-13T05:20:52.156+0000] {processor.py:925} INFO - DAG(s) 'etl_without_crawl' retrieved from /opt/airflow/dags/ETL_Without_Crawl.py
[2026-03-13T05:20:52.192+0000] {logging_mixin.py:190} INFO - [2026-03-13T05:20:52.192+0000] {dag.py:3239} INFO - Sync 1 DAGs
[2026-03-13T05:20:52.215+0000] {logging_mixin.py:190} INFO - [2026-03-13T05:20:52.215+0000] {dag.py:4180} INFO - Setting next_dagrun for etl_without_crawl to None, run_after=None
[2026-03-13T05:20:52.239+0000] {processor.py:208} INFO - Processing /opt/airflow/dags/ETL_Without_Crawl.py took 0.107 seconds
[2026-03-13T05:21:22.801+0000] {processor.py:186} INFO - Started process (PID=266) to work on /opt/airflow/dags/ETL_Without_Crawl.py
[2026-03-13T05:21:22.802+0000] {processor.py:914} INFO - Processing file /opt/airflow/dags/ETL_Without_Crawl.py for tasks to queue
[2026-03-13T05:21:22.803+0000] {logging_mixin.py:190} INFO - [2026-03-13T05:21:22.803+0000] {dagbag.py:588} INFO - Filling up the DagBag from /opt/airflow/dags/ETL_Without_Crawl.py
[2026-03-13T05:21:22.820+0000] {processor.py:925} INFO - DAG(s) 'etl_without_crawl' retrieved from /opt/airflow/dags/ETL_Without_Crawl.py
[2026-03-13T05:21:22.865+0000] {logging_mixin.py:190} INFO - [2026-03-13T05:21:22.865+0000] {dag.py:3239} INFO - Sync 1 DAGs
[2026-03-13T05:21:22.890+0000] {logging_mixin.py:190} INFO - [2026-03-13T05:21:22.890+0000] {dag.py:4180} INFO - Setting next_dagrun for etl_without_crawl to None, run_after=None
[2026-03-13T05:21:22.923+0000] {processor.py:208} INFO - Processing /opt/airflow/dags/ETL_Without_Crawl.py took 0.131 seconds
[2026-03-13T05:21:53.424+0000] {processor.py:186} INFO - Started process (PID=270) to work on /opt/airflow/dags/ETL_Without_Crawl.py
[2026-03-13T05:21:53.425+0000] {processor.py:914} INFO - Processing file /opt/airflow/dags/ETL_Without_Crawl.py for tasks to queue
[2026-03-13T05:21:53.426+0000] {logging_mixin.py:190} INFO - [2026-03-13T05:21:53.426+0000] {dagbag.py:588} INFO - Filling up the DagBag from /opt/airflow/dags/ETL_Without_Crawl.py
[2026-03-13T05:21:53.440+0000] {processor.py:925} INFO - DAG(s) 'etl_without_crawl' retrieved from /opt/airflow/dags/ETL_Without_Crawl.py
[2026-03-13T05:21:53.480+0000] {logging_mixin.py:190} INFO - [2026-03-13T05:21:53.480+0000] {dag.py:3239} INFO - Sync 1 DAGs
[2026-03-13T05:21:53.500+0000] {logging_mixin.py:190} INFO - [2026-03-13T05:21:53.500+0000] {dag.py:4180} INFO - Setting next_dagrun for etl_without_crawl to None, run_after=None
[2026-03-13T05:21:53.535+0000] {processor.py:208} INFO - Processing /opt/airflow/dags/ETL_Without_Crawl.py took 0.119 seconds
[2026-03-13T05:22:24.033+0000] {processor.py:186} INFO - Started process (PID=274) to work on /opt/airflow/dags/ETL_Without_Crawl.py
[2026-03-13T05:22:24.033+0000] {processor.py:914} INFO - Processing file /opt/airflow/dags/ETL_Without_Crawl.py for tasks to queue
[2026-03-13T05:22:24.035+0000] {logging_mixin.py:190} INFO - [2026-03-13T05:22:24.034+0000] {dagbag.py:588} INFO - Filling up the DagBag from /opt/airflow/dags/ETL_Without_Crawl.py
[2026-03-13T05:22:24.051+0000] {processor.py:925} INFO - DAG(s) 'etl_without_crawl' retrieved from /opt/airflow/dags/ETL_Without_Crawl.py
[2026-03-13T05:22:24.090+0000] {logging_mixin.py:190} INFO - [2026-03-13T05:22:24.090+0000] {dag.py:3239} INFO - Sync 1 DAGs
[2026-03-13T05:22:24.109+0000] {logging_mixin.py:190} INFO - [2026-03-13T05:22:24.109+0000] {dag.py:4180} INFO - Setting next_dagrun for etl_without_crawl to None, run_after=None
[2026-03-13T05:22:24.153+0000] {processor.py:208} INFO - Processing /opt/airflow/dags/ETL_Without_Crawl.py took 0.126 seconds
[2026-03-13T05:22:54.640+0000] {processor.py:186} INFO - Started process (PID=278) to work on /opt/airflow/dags/ETL_Without_Crawl.py
[2026-03-13T05:22:54.640+0000] {processor.py:914} INFO - Processing file /opt/airflow/dags/ETL_Without_Crawl.py for tasks to queue
[2026-03-13T05:22:54.642+0000] {logging_mixin.py:190} INFO - [2026-03-13T05:22:54.641+0000] {dagbag.py:588} INFO - Filling up the DagBag from /opt/airflow/dags/ETL_Without_Crawl.py
[2026-03-13T05:22:54.657+0000] {processor.py:925} INFO - DAG(s) 'etl_without_crawl' retrieved from /opt/airflow/dags/ETL_Without_Crawl.py
[2026-03-13T05:22:54.695+0000] {logging_mixin.py:190} INFO - [2026-03-13T05:22:54.694+0000] {dag.py:3239} INFO - Sync 1 DAGs
[2026-03-13T05:22:54.713+0000] {logging_mixin.py:190} INFO - [2026-03-13T05:22:54.713+0000] {dag.py:4180} INFO - Setting next_dagrun for etl_without_crawl to None, run_after=None
[2026-03-13T05:22:54.742+0000] {processor.py:208} INFO - Processing /opt/airflow/dags/ETL_Without_Crawl.py took 0.108 seconds
