[2026-03-27T14:19:28.173+0000] {local_task_job_runner.py:123} INFO - ::group::Pre task execution logs
[2026-03-27T14:19:28.220+0000] {taskinstance.py:2614} INFO - Dependencies all met for dep_context=non-requeueable deps ti=<TaskInstance: crawl_etl_itjob.clean_silver scheduled__2026-03-25T02:00:00+00:00 [queued]>
[2026-03-27T14:19:28.243+0000] {taskinstance.py:2614} INFO - Dependencies all met for dep_context=requeueable deps ti=<TaskInstance: crawl_etl_itjob.clean_silver scheduled__2026-03-25T02:00:00+00:00 [queued]>
[2026-03-27T14:19:28.244+0000] {taskinstance.py:2867} INFO - Starting attempt 1 of 2
[2026-03-27T14:19:28.274+0000] {taskinstance.py:2890} INFO - Executing <Task(BashOperator): clean_silver> on 2026-03-25 02:00:00+00:00
[2026-03-27T14:19:28.296+0000] {standard_task_runner.py:72} INFO - Started process 142 to run task
[2026-03-27T14:19:28.303+0000] {standard_task_runner.py:104} INFO - Running: ['***', 'tasks', 'run', 'crawl_etl_itjob', 'clean_silver', 'scheduled__2026-03-25T02:00:00+00:00', '--job-id', '736', '--raw', '--subdir', 'DAGS_FOLDER/Crawl_ETL_ITJob.py', '--cfg-path', '/tmp/tmp4vur2347']
[2026-03-27T14:19:28.305+0000] {standard_task_runner.py:105} INFO - Job 736: Subtask clean_silver
[2026-03-27T14:19:28.376+0000] {warnings.py:109} WARNING - /home/***/.local/lib/python3.8/site-packages/***/settings.py:209: DeprecationWarning: The sql_alchemy_conn option in [core] has been moved to the sql_alchemy_conn option in [database] - the old setting has been used, but please update your config.
  SQL_ALCHEMY_CONN = conf.get("database", "SQL_ALCHEMY_CONN")

[2026-03-27T14:19:28.557+0000] {task_command.py:467} INFO - Running <TaskInstance: crawl_etl_itjob.clean_silver scheduled__2026-03-25T02:00:00+00:00 [running]> on host b48ab74ce2ed
[2026-03-27T14:19:28.558+0000] {warnings.py:109} WARNING - /home/***/.local/lib/python3.8/site-packages/***/settings.py:470: DeprecationWarning: The sql_alchemy_conn option in [core] has been moved to the sql_alchemy_conn option in [database] - the old setting has been used, but please update your config.
  if conf.get("database", "sql_alchemy_conn") == "none://":

[2026-03-27T14:19:28.762+0000] {taskinstance.py:3134} INFO - Exporting env vars: AIRFLOW_CTX_DAG_EMAIL='hoa856856@gmail.com' AIRFLOW_CTX_DAG_OWNER='***' AIRFLOW_CTX_DAG_ID='crawl_etl_itjob' AIRFLOW_CTX_TASK_ID='clean_silver' AIRFLOW_CTX_EXECUTION_DATE='2026-03-25T02:00:00+00:00' AIRFLOW_CTX_TRY_NUMBER='1' AIRFLOW_CTX_DAG_RUN_ID='scheduled__2026-03-25T02:00:00+00:00'
[2026-03-27T14:19:28.763+0000] {taskinstance.py:732} INFO - ::endgroup::
[2026-03-27T14:19:28.781+0000] {subprocess.py:78} INFO - Tmp dir root location: /tmp
[2026-03-27T14:19:28.782+0000] {subprocess.py:88} INFO - Running command: ['/bin/bash', '-c', "\n        docker exec spark-submit bash -c '\n        /opt/spark/bin/spark-submit         --master spark://spark-master:7077         --deploy-mode client         --packages org.apache.iceberg:iceberg-spark-runtime-3.5_2.12:1.5.0,org.apache.hadoop:hadoop-aws:3.3.4,com.amazonaws:aws-java-sdk-bundle:1.12.262         /opt/spark/scripts/Clean_Silver.py\n        '\n        "]
[2026-03-27T14:19:28.795+0000] {subprocess.py:99} INFO - Output:
[2026-03-27T14:19:28.936+0000] {subprocess.py:106} INFO - /opt/spark/bin/load-spark-env.sh: line 68: ps: command not found
[2026-03-27T14:19:30.809+0000] {subprocess.py:106} INFO - :: loading settings :: url = jar:file:/opt/spark/jars/ivy-2.5.1.jar!/org/apache/ivy/core/settings/ivysettings.xml
[2026-03-27T14:19:30.969+0000] {subprocess.py:106} INFO - Ivy Default Cache set to: /home/spark/.ivy2/cache
[2026-03-27T14:19:30.970+0000] {subprocess.py:106} INFO - The jars for the packages stored in: /home/spark/.ivy2/jars
[2026-03-27T14:19:30.978+0000] {subprocess.py:106} INFO - org.apache.iceberg#iceberg-spark-runtime-3.5_2.12 added as a dependency
[2026-03-27T14:19:30.979+0000] {subprocess.py:106} INFO - org.apache.hadoop#hadoop-aws added as a dependency
[2026-03-27T14:19:30.979+0000] {subprocess.py:106} INFO - com.amazonaws#aws-java-sdk-bundle added as a dependency
[2026-03-27T14:19:30.980+0000] {subprocess.py:106} INFO - :: resolving dependencies :: org.apache.spark#spark-submit-parent-4b3c3507-0373-44d2-81d6-19b605838b9d;1.0
[2026-03-27T14:19:30.980+0000] {subprocess.py:106} INFO - 	confs: [default]
[2026-03-27T14:19:31.107+0000] {subprocess.py:106} INFO - 	found org.apache.iceberg#iceberg-spark-runtime-3.5_2.12;1.5.0 in central
[2026-03-27T14:19:31.200+0000] {subprocess.py:106} INFO - 	found org.apache.hadoop#hadoop-aws;3.3.4 in central
[2026-03-27T14:19:31.230+0000] {subprocess.py:106} INFO - 	found com.amazonaws#aws-java-sdk-bundle;1.12.262 in central
[2026-03-27T14:19:31.267+0000] {subprocess.py:106} INFO - 	found org.wildfly.openssl#wildfly-openssl;1.0.7.Final in central
[2026-03-27T14:19:31.302+0000] {subprocess.py:106} INFO - :: resolution report :: resolve 308ms :: artifacts dl 14ms
[2026-03-27T14:19:31.302+0000] {subprocess.py:106} INFO - 	:: modules in use:
[2026-03-27T14:19:31.304+0000] {subprocess.py:106} INFO - 	com.amazonaws#aws-java-sdk-bundle;1.12.262 from central in [default]
[2026-03-27T14:19:31.304+0000] {subprocess.py:106} INFO - 	org.apache.hadoop#hadoop-aws;3.3.4 from central in [default]
[2026-03-27T14:19:31.305+0000] {subprocess.py:106} INFO - 	org.apache.iceberg#iceberg-spark-runtime-3.5_2.12;1.5.0 from central in [default]
[2026-03-27T14:19:31.306+0000] {subprocess.py:106} INFO - 	org.wildfly.openssl#wildfly-openssl;1.0.7.Final from central in [default]
[2026-03-27T14:19:31.306+0000] {subprocess.py:106} INFO - 	---------------------------------------------------------------------
[2026-03-27T14:19:31.307+0000] {subprocess.py:106} INFO - 	|                  |            modules            ||   artifacts   |
[2026-03-27T14:19:31.308+0000] {subprocess.py:106} INFO - 	|       conf       | number| search|dwnlded|evicted|| number|dwnlded|
[2026-03-27T14:19:31.308+0000] {subprocess.py:106} INFO - 	---------------------------------------------------------------------
[2026-03-27T14:19:31.309+0000] {subprocess.py:106} INFO - 	|      default     |   4   |   0   |   0   |   0   ||   4   |   0   |
[2026-03-27T14:19:31.310+0000] {subprocess.py:106} INFO - 	---------------------------------------------------------------------
[2026-03-27T14:19:31.311+0000] {subprocess.py:106} INFO - :: retrieving :: org.apache.spark#spark-submit-parent-4b3c3507-0373-44d2-81d6-19b605838b9d
[2026-03-27T14:19:31.312+0000] {subprocess.py:106} INFO - 	confs: [default]
[2026-03-27T14:19:31.322+0000] {subprocess.py:106} INFO - 	0 artifacts copied, 4 already retrieved (0kB/11ms)
[2026-03-27T14:19:31.643+0000] {subprocess.py:106} INFO - 26/03/27 14:19:31 WARN NativeCodeLoader: Unable to load native-hadoop library for your platform... using builtin-java classes where applicable
[2026-03-27T14:19:32.766+0000] {subprocess.py:106} INFO - 26/03/27 14:19:32 INFO SparkContext: Running Spark version 3.5.3
[2026-03-27T14:19:32.767+0000] {subprocess.py:106} INFO - 26/03/27 14:19:32 INFO SparkContext: OS info Linux, 6.6.87.2-microsoft-standard-WSL2, amd64
[2026-03-27T14:19:32.767+0000] {subprocess.py:106} INFO - 26/03/27 14:19:32 INFO SparkContext: Java version 11.0.30
[2026-03-27T14:19:32.791+0000] {subprocess.py:106} INFO - 26/03/27 14:19:32 INFO ResourceUtils: ==============================================================
[2026-03-27T14:19:32.792+0000] {subprocess.py:106} INFO - 26/03/27 14:19:32 INFO ResourceUtils: No custom resources configured for spark.driver.
[2026-03-27T14:19:32.792+0000] {subprocess.py:106} INFO - 26/03/27 14:19:32 INFO ResourceUtils: ==============================================================
[2026-03-27T14:19:32.793+0000] {subprocess.py:106} INFO - 26/03/27 14:19:32 INFO SparkContext: Submitted application: Silver_Etl_Cleaning_Merge
[2026-03-27T14:19:32.815+0000] {subprocess.py:106} INFO - 26/03/27 14:19:32 INFO ResourceProfile: Default ResourceProfile created, executor resources: Map(memory -> name: memory, amount: 1024, script: , vendor: , offHeap -> name: offHeap, amount: 0, script: , vendor: ), task resources: Map(cpus -> name: cpus, amount: 1.0)
[2026-03-27T14:19:32.825+0000] {subprocess.py:106} INFO - 26/03/27 14:19:32 INFO ResourceProfile: Limiting resource is cpu
[2026-03-27T14:19:32.826+0000] {subprocess.py:106} INFO - 26/03/27 14:19:32 INFO ResourceProfileManager: Added ResourceProfile id: 0
[2026-03-27T14:19:32.873+0000] {subprocess.py:106} INFO - 26/03/27 14:19:32 INFO SecurityManager: Changing view acls to: spark
[2026-03-27T14:19:32.874+0000] {subprocess.py:106} INFO - 26/03/27 14:19:32 INFO SecurityManager: Changing modify acls to: spark
[2026-03-27T14:19:32.875+0000] {subprocess.py:106} INFO - 26/03/27 14:19:32 INFO SecurityManager: Changing view acls groups to:
[2026-03-27T14:19:32.875+0000] {subprocess.py:106} INFO - 26/03/27 14:19:32 INFO SecurityManager: Changing modify acls groups to:
[2026-03-27T14:19:32.875+0000] {subprocess.py:106} INFO - 26/03/27 14:19:32 INFO SecurityManager: SecurityManager: authentication disabled; ui acls disabled; users with view permissions: spark; groups with view permissions: EMPTY; users with modify permissions: spark; groups with modify permissions: EMPTY
[2026-03-27T14:19:33.103+0000] {subprocess.py:106} INFO - 26/03/27 14:19:33 INFO Utils: Successfully started service 'sparkDriver' on port 36509.
[2026-03-27T14:19:33.127+0000] {subprocess.py:106} INFO - 26/03/27 14:19:33 INFO SparkEnv: Registering MapOutputTracker
[2026-03-27T14:19:33.164+0000] {subprocess.py:106} INFO - 26/03/27 14:19:33 INFO SparkEnv: Registering BlockManagerMaster
[2026-03-27T14:19:33.178+0000] {subprocess.py:106} INFO - 26/03/27 14:19:33 INFO BlockManagerMasterEndpoint: Using org.apache.spark.storage.DefaultTopologyMapper for getting topology information
[2026-03-27T14:19:33.180+0000] {subprocess.py:106} INFO - 26/03/27 14:19:33 INFO BlockManagerMasterEndpoint: BlockManagerMasterEndpoint up
[2026-03-27T14:19:33.183+0000] {subprocess.py:106} INFO - 26/03/27 14:19:33 INFO SparkEnv: Registering BlockManagerMasterHeartbeat
[2026-03-27T14:19:33.205+0000] {subprocess.py:106} INFO - 26/03/27 14:19:33 INFO DiskBlockManager: Created local directory at /tmp/blockmgr-411312da-93cd-420d-88ae-eb253599098c
[2026-03-27T14:19:33.218+0000] {subprocess.py:106} INFO - 26/03/27 14:19:33 INFO MemoryStore: MemoryStore started with capacity 434.4 MiB
[2026-03-27T14:19:33.234+0000] {subprocess.py:106} INFO - 26/03/27 14:19:33 INFO SparkEnv: Registering OutputCommitCoordinator
[2026-03-27T14:19:33.363+0000] {subprocess.py:106} INFO - 26/03/27 14:19:33 INFO JettyUtils: Start Jetty 0.0.0.0:4040 for SparkUI
[2026-03-27T14:19:33.423+0000] {subprocess.py:106} INFO - 26/03/27 14:19:33 INFO Utils: Successfully started service 'SparkUI' on port 4040.
[2026-03-27T14:19:33.462+0000] {subprocess.py:106} INFO - 26/03/27 14:19:33 INFO SparkContext: Added JAR file:///home/spark/.ivy2/jars/org.apache.iceberg_iceberg-spark-runtime-3.5_2.12-1.5.0.jar at spark://d0f687c55036:36509/jars/org.apache.iceberg_iceberg-spark-runtime-3.5_2.12-1.5.0.jar with timestamp 1774621172756
[2026-03-27T14:19:33.463+0000] {subprocess.py:106} INFO - 26/03/27 14:19:33 INFO SparkContext: Added JAR file:///home/spark/.ivy2/jars/org.apache.hadoop_hadoop-aws-3.3.4.jar at spark://d0f687c55036:36509/jars/org.apache.hadoop_hadoop-aws-3.3.4.jar with timestamp 1774621172756
[2026-03-27T14:19:33.464+0000] {subprocess.py:106} INFO - 26/03/27 14:19:33 INFO SparkContext: Added JAR file:///home/spark/.ivy2/jars/com.amazonaws_aws-java-sdk-bundle-1.12.262.jar at spark://d0f687c55036:36509/jars/com.amazonaws_aws-java-sdk-bundle-1.12.262.jar with timestamp 1774621172756
[2026-03-27T14:19:33.465+0000] {subprocess.py:106} INFO - 26/03/27 14:19:33 INFO SparkContext: Added JAR file:///home/spark/.ivy2/jars/org.wildfly.openssl_wildfly-openssl-1.0.7.Final.jar at spark://d0f687c55036:36509/jars/org.wildfly.openssl_wildfly-openssl-1.0.7.Final.jar with timestamp 1774621172756
[2026-03-27T14:19:33.468+0000] {subprocess.py:106} INFO - 26/03/27 14:19:33 INFO SparkContext: Added file file:///home/spark/.ivy2/jars/org.apache.iceberg_iceberg-spark-runtime-3.5_2.12-1.5.0.jar at spark://d0f687c55036:36509/files/org.apache.iceberg_iceberg-spark-runtime-3.5_2.12-1.5.0.jar with timestamp 1774621172756
[2026-03-27T14:19:33.470+0000] {subprocess.py:106} INFO - 26/03/27 14:19:33 INFO Utils: Copying /home/spark/.ivy2/jars/org.apache.iceberg_iceberg-spark-runtime-3.5_2.12-1.5.0.jar to /tmp/spark-a123ad80-b480-471b-8b84-cd98829421fb/userFiles-16b9878e-86c5-4293-8209-d1212a9dc665/org.apache.iceberg_iceberg-spark-runtime-3.5_2.12-1.5.0.jar
[2026-03-27T14:19:33.505+0000] {subprocess.py:106} INFO - 26/03/27 14:19:33 INFO SparkContext: Added file file:///home/spark/.ivy2/jars/org.apache.hadoop_hadoop-aws-3.3.4.jar at spark://d0f687c55036:36509/files/org.apache.hadoop_hadoop-aws-3.3.4.jar with timestamp 1774621172756
[2026-03-27T14:19:33.506+0000] {subprocess.py:106} INFO - 26/03/27 14:19:33 INFO Utils: Copying /home/spark/.ivy2/jars/org.apache.hadoop_hadoop-aws-3.3.4.jar to /tmp/spark-a123ad80-b480-471b-8b84-cd98829421fb/userFiles-16b9878e-86c5-4293-8209-d1212a9dc665/org.apache.hadoop_hadoop-aws-3.3.4.jar
[2026-03-27T14:19:33.510+0000] {subprocess.py:106} INFO - 26/03/27 14:19:33 INFO SparkContext: Added file file:///home/spark/.ivy2/jars/com.amazonaws_aws-java-sdk-bundle-1.12.262.jar at spark://d0f687c55036:36509/files/com.amazonaws_aws-java-sdk-bundle-1.12.262.jar with timestamp 1774621172756
[2026-03-27T14:19:33.511+0000] {subprocess.py:106} INFO - 26/03/27 14:19:33 INFO Utils: Copying /home/spark/.ivy2/jars/com.amazonaws_aws-java-sdk-bundle-1.12.262.jar to /tmp/spark-a123ad80-b480-471b-8b84-cd98829421fb/userFiles-16b9878e-86c5-4293-8209-d1212a9dc665/com.amazonaws_aws-java-sdk-bundle-1.12.262.jar
[2026-03-27T14:19:33.741+0000] {subprocess.py:106} INFO - 26/03/27 14:19:33 INFO SparkContext: Added file file:///home/spark/.ivy2/jars/org.wildfly.openssl_wildfly-openssl-1.0.7.Final.jar at spark://d0f687c55036:36509/files/org.wildfly.openssl_wildfly-openssl-1.0.7.Final.jar with timestamp 1774621172756
[2026-03-27T14:19:33.742+0000] {subprocess.py:106} INFO - 26/03/27 14:19:33 INFO Utils: Copying /home/spark/.ivy2/jars/org.wildfly.openssl_wildfly-openssl-1.0.7.Final.jar to /tmp/spark-a123ad80-b480-471b-8b84-cd98829421fb/userFiles-16b9878e-86c5-4293-8209-d1212a9dc665/org.wildfly.openssl_wildfly-openssl-1.0.7.Final.jar
[2026-03-27T14:19:33.813+0000] {subprocess.py:106} INFO - 26/03/27 14:19:33 INFO StandaloneAppClient$ClientEndpoint: Connecting to master spark://spark-master:7077...
[2026-03-27T14:19:33.852+0000] {subprocess.py:106} INFO - 26/03/27 14:19:33 INFO TransportClientFactory: Successfully created connection to spark-master/172.30.0.6:7077 after 23 ms (0 ms spent in bootstraps)
[2026-03-27T14:19:33.991+0000] {subprocess.py:106} INFO - 26/03/27 14:19:33 INFO StandaloneSchedulerBackend: Connected to Spark cluster with app ID app-20260327141933-0004
[2026-03-27T14:19:33.999+0000] {subprocess.py:106} INFO - 26/03/27 14:19:33 INFO StandaloneAppClient$ClientEndpoint: Executor added: app-20260327141933-0004/0 on worker-20260327133452-172.30.0.7-38657 (172.30.0.7:38657) with 8 core(s)
[2026-03-27T14:19:34.005+0000] {subprocess.py:106} INFO - 26/03/27 14:19:33 INFO StandaloneSchedulerBackend: Granted executor ID app-20260327141933-0004/0 on hostPort 172.30.0.7:38657 with 8 core(s), 1024.0 MiB RAM
[2026-03-27T14:19:34.015+0000] {subprocess.py:106} INFO - 26/03/27 14:19:34 INFO Utils: Successfully started service 'org.apache.spark.network.netty.NettyBlockTransferService' on port 35397.
[2026-03-27T14:19:34.016+0000] {subprocess.py:106} INFO - 26/03/27 14:19:34 INFO NettyBlockTransferService: Server created on d0f687c55036:35397
[2026-03-27T14:19:34.021+0000] {subprocess.py:106} INFO - 26/03/27 14:19:34 INFO BlockManager: Using org.apache.spark.storage.RandomBlockReplicationPolicy for block replication policy
[2026-03-27T14:19:34.035+0000] {subprocess.py:106} INFO - 26/03/27 14:19:34 INFO BlockManagerMaster: Registering BlockManager BlockManagerId(driver, d0f687c55036, 35397, None)
[2026-03-27T14:19:34.042+0000] {subprocess.py:106} INFO - 26/03/27 14:19:34 INFO BlockManagerMasterEndpoint: Registering block manager d0f687c55036:35397 with 434.4 MiB RAM, BlockManagerId(driver, d0f687c55036, 35397, None)
[2026-03-27T14:19:34.049+0000] {subprocess.py:106} INFO - 26/03/27 14:19:34 INFO BlockManagerMaster: Registered BlockManager BlockManagerId(driver, d0f687c55036, 35397, None)
[2026-03-27T14:19:34.050+0000] {subprocess.py:106} INFO - 26/03/27 14:19:34 INFO BlockManager: Initialized BlockManager: BlockManagerId(driver, d0f687c55036, 35397, None)
[2026-03-27T14:19:34.104+0000] {subprocess.py:106} INFO - 26/03/27 14:19:34 INFO StandaloneAppClient$ClientEndpoint: Executor updated: app-20260327141933-0004/0 is now RUNNING
[2026-03-27T14:19:34.339+0000] {subprocess.py:106} INFO - 26/03/27 14:19:34 INFO StandaloneSchedulerBackend: SchedulerBackend is ready for scheduling beginning after reached minRegisteredResourcesRatio: 0.0
[2026-03-27T14:19:34.712+0000] {subprocess.py:106} INFO - 26/03/27 14:19:34 INFO SharedState: Setting hive.metastore.warehouse.dir ('null') to the value of spark.sql.warehouse.dir.
[2026-03-27T14:19:34.716+0000] {subprocess.py:106} INFO - 26/03/27 14:19:34 INFO SharedState: Warehouse path is 'file:/opt/spark/spark-warehouse'.
[2026-03-27T14:19:37.079+0000] {subprocess.py:106} INFO - 26/03/27 14:19:37 INFO HiveConf: Found configuration file null
[2026-03-27T14:19:37.316+0000] {subprocess.py:106} INFO - 26/03/27 14:19:37 INFO metastore: Trying to connect to metastore with URI thrift://hive-metastore:9083
[2026-03-27T14:19:37.343+0000] {subprocess.py:106} INFO - 26/03/27 14:19:37 INFO metastore: Opened a connection to metastore, current connections: 1
[2026-03-27T14:19:37.374+0000] {subprocess.py:106} INFO - 26/03/27 14:19:37 INFO metastore: Connected to metastore.
[2026-03-27T14:19:37.579+0000] {subprocess.py:106} INFO - 26/03/27 14:19:37 INFO StandaloneSchedulerBackend$StandaloneDriverEndpoint: Registered executor NettyRpcEndpointRef(spark-client://Executor) (172.30.0.7:60036) with ID 0,  ResourceProfileId 0
[2026-03-27T14:19:37.607+0000] {subprocess.py:106} INFO - 26/03/27 14:19:37 INFO BaseMetastoreTableOperations: Refreshing table metadata from new version: s3a://warehouse/iceberg_data/silver.db/it_jobs_clean/metadata/00020-296c0ee2-810f-43f4-aff1-ade783fea134.metadata.json
[2026-03-27T14:19:37.672+0000] {subprocess.py:106} INFO - 26/03/27 14:19:37 INFO BlockManagerMasterEndpoint: Registering block manager 172.30.0.7:37417 with 434.4 MiB RAM, BlockManagerId(0, 172.30.0.7, 37417, None)
[2026-03-27T14:19:37.881+0000] {subprocess.py:106} INFO - 26/03/27 14:19:37 WARN MetricsConfig: Cannot locate configuration: tried hadoop-metrics2-s3a-file-system.properties,hadoop-metrics2.properties
[2026-03-27T14:19:37.924+0000] {subprocess.py:106} INFO - 26/03/27 14:19:37 INFO MetricsSystemImpl: Scheduled Metric snapshot period at 10 second(s).
[2026-03-27T14:19:37.925+0000] {subprocess.py:106} INFO - 26/03/27 14:19:37 INFO MetricsSystemImpl: s3a-file-system metrics system started
[2026-03-27T14:19:39.832+0000] {subprocess.py:106} INFO - 26/03/27 14:19:39 INFO BaseMetastoreCatalog: Table loaded by catalog: iceberg.silver.it_jobs_clean
[2026-03-27T14:19:42.698+0000] {subprocess.py:106} INFO - 26/03/27 14:19:42 INFO SnapshotScan: Scanning table iceberg.silver.it_jobs_clean snapshot 7858053573548200746 created at 2026-03-27T14:00:01.684+00:00 with filter true
[2026-03-27T14:19:43.030+0000] {subprocess.py:106} INFO - 26/03/27 14:19:43 INFO BaseDistributedDataScan: Planning file tasks locally for table iceberg.silver.it_jobs_clean
[2026-03-27T14:19:43.486+0000] {subprocess.py:106} INFO - 26/03/27 14:19:43 INFO V2ScanRelationPushDown:
[2026-03-27T14:19:43.487+0000] {subprocess.py:106} INFO - Pushing operators to iceberg.silver.it_jobs_clean
[2026-03-27T14:19:43.492+0000] {subprocess.py:106} INFO - Pushed Aggregate Functions:
[2026-03-27T14:19:43.494+0000] {subprocess.py:106} INFO -  MAX(ingest_time)
[2026-03-27T14:19:43.494+0000] {subprocess.py:106} INFO - Pushed Group by:
[2026-03-27T14:19:43.495+0000] {subprocess.py:106} INFO - 
[2026-03-27T14:19:43.495+0000] {subprocess.py:106} INFO - 
[2026-03-27T14:19:44.484+0000] {subprocess.py:106} INFO - 26/03/27 14:19:44 INFO CodeGenerator: Code generated in 225.931347 ms
[2026-03-27T14:19:44.506+0000] {subprocess.py:106} INFO - 26/03/27 14:19:44 INFO CodeGenerator: Code generated in 12.167639 ms
[2026-03-27T14:19:44.592+0000] {subprocess.py:106} INFO - 26/03/27 14:19:44 INFO DAGScheduler: Registering RDD 2 (collect at /opt/spark/scripts/Clean_Silver.py:56) as input to shuffle 0
[2026-03-27T14:19:44.597+0000] {subprocess.py:106} INFO - 26/03/27 14:19:44 INFO DAGScheduler: Got map stage job 0 (collect at /opt/spark/scripts/Clean_Silver.py:56) with 1 output partitions
[2026-03-27T14:19:44.597+0000] {subprocess.py:106} INFO - 26/03/27 14:19:44 INFO DAGScheduler: Final stage: ShuffleMapStage 0 (collect at /opt/spark/scripts/Clean_Silver.py:56)
[2026-03-27T14:19:44.599+0000] {subprocess.py:106} INFO - 26/03/27 14:19:44 INFO DAGScheduler: Parents of final stage: List()
[2026-03-27T14:19:44.600+0000] {subprocess.py:106} INFO - 26/03/27 14:19:44 INFO DAGScheduler: Missing parents: List()
[2026-03-27T14:19:44.604+0000] {subprocess.py:106} INFO - 26/03/27 14:19:44 INFO DAGScheduler: Submitting ShuffleMapStage 0 (MapPartitionsRDD[2] at collect at /opt/spark/scripts/Clean_Silver.py:56), which has no missing parents
[2026-03-27T14:19:44.703+0000] {subprocess.py:106} INFO - 26/03/27 14:19:44 INFO MemoryStore: Block broadcast_0 stored as values in memory (estimated size 12.0 KiB, free 434.4 MiB)
[2026-03-27T14:19:44.746+0000] {subprocess.py:106} INFO - 26/03/27 14:19:44 INFO MemoryStore: Block broadcast_0_piece0 stored as bytes in memory (estimated size 6.0 KiB, free 434.4 MiB)
[2026-03-27T14:19:44.750+0000] {subprocess.py:106} INFO - 26/03/27 14:19:44 INFO BlockManagerInfo: Added broadcast_0_piece0 in memory on d0f687c55036:35397 (size: 6.0 KiB, free: 434.4 MiB)
[2026-03-27T14:19:44.765+0000] {subprocess.py:106} INFO - 26/03/27 14:19:44 INFO SparkContext: Created broadcast 0 from broadcast at DAGScheduler.scala:1585
[2026-03-27T14:19:44.789+0000] {subprocess.py:106} INFO - 26/03/27 14:19:44 INFO DAGScheduler: Submitting 1 missing tasks from ShuffleMapStage 0 (MapPartitionsRDD[2] at collect at /opt/spark/scripts/Clean_Silver.py:56) (first 15 tasks are for partitions Vector(0))
[2026-03-27T14:19:44.791+0000] {subprocess.py:106} INFO - 26/03/27 14:19:44 INFO TaskSchedulerImpl: Adding task set 0.0 with 1 tasks resource profile 0
[2026-03-27T14:19:44.837+0000] {subprocess.py:106} INFO - 26/03/27 14:19:44 INFO TaskSetManager: Starting task 0.0 in stage 0.0 (TID 0) (172.30.0.7, executor 0, partition 0, PROCESS_LOCAL, 10137 bytes)
[2026-03-27T14:19:45.123+0000] {subprocess.py:106} INFO - 26/03/27 14:19:45 INFO BlockManagerInfo: Added broadcast_0_piece0 in memory on 172.30.0.7:37417 (size: 6.0 KiB, free: 434.4 MiB)
[2026-03-27T14:19:46.009+0000] {subprocess.py:106} INFO - 26/03/27 14:19:46 INFO TaskSetManager: Finished task 0.0 in stage 0.0 (TID 0) in 1191 ms on 172.30.0.7 (executor 0) (1/1)
[2026-03-27T14:19:46.012+0000] {subprocess.py:106} INFO - 26/03/27 14:19:46 INFO TaskSchedulerImpl: Removed TaskSet 0.0, whose tasks have all completed, from pool
[2026-03-27T14:19:46.019+0000] {subprocess.py:106} INFO - 26/03/27 14:19:46 INFO DAGScheduler: ShuffleMapStage 0 (collect at /opt/spark/scripts/Clean_Silver.py:56) finished in 1.403 s
[2026-03-27T14:19:46.020+0000] {subprocess.py:106} INFO - 26/03/27 14:19:46 INFO DAGScheduler: looking for newly runnable stages
[2026-03-27T14:19:46.021+0000] {subprocess.py:106} INFO - 26/03/27 14:19:46 INFO DAGScheduler: running: Set()
[2026-03-27T14:19:46.022+0000] {subprocess.py:106} INFO - 26/03/27 14:19:46 INFO DAGScheduler: waiting: Set()
[2026-03-27T14:19:46.024+0000] {subprocess.py:106} INFO - 26/03/27 14:19:46 INFO DAGScheduler: failed: Set()
[2026-03-27T14:19:46.116+0000] {subprocess.py:106} INFO - 26/03/27 14:19:46 INFO CodeGenerator: Code generated in 13.112473 ms
[2026-03-27T14:19:46.180+0000] {subprocess.py:106} INFO - 26/03/27 14:19:46 INFO SparkContext: Starting job: collect at /opt/spark/scripts/Clean_Silver.py:56
[2026-03-27T14:19:46.186+0000] {subprocess.py:106} INFO - 26/03/27 14:19:46 INFO DAGScheduler: Got job 1 (collect at /opt/spark/scripts/Clean_Silver.py:56) with 1 output partitions
[2026-03-27T14:19:46.188+0000] {subprocess.py:106} INFO - 26/03/27 14:19:46 INFO DAGScheduler: Final stage: ResultStage 2 (collect at /opt/spark/scripts/Clean_Silver.py:56)
[2026-03-27T14:19:46.188+0000] {subprocess.py:106} INFO - 26/03/27 14:19:46 INFO DAGScheduler: Parents of final stage: List(ShuffleMapStage 1)
[2026-03-27T14:19:46.189+0000] {subprocess.py:106} INFO - 26/03/27 14:19:46 INFO DAGScheduler: Missing parents: List()
[2026-03-27T14:19:46.191+0000] {subprocess.py:106} INFO - 26/03/27 14:19:46 INFO DAGScheduler: Submitting ResultStage 2 (MapPartitionsRDD[5] at collect at /opt/spark/scripts/Clean_Silver.py:56), which has no missing parents
[2026-03-27T14:19:46.205+0000] {subprocess.py:106} INFO - 26/03/27 14:19:46 INFO MemoryStore: Block broadcast_1 stored as values in memory (estimated size 13.1 KiB, free 434.4 MiB)
[2026-03-27T14:19:46.218+0000] {subprocess.py:106} INFO - 26/03/27 14:19:46 INFO MemoryStore: Block broadcast_1_piece0 stored as bytes in memory (estimated size 6.1 KiB, free 434.4 MiB)
[2026-03-27T14:19:46.221+0000] {subprocess.py:106} INFO - 26/03/27 14:19:46 INFO BlockManagerInfo: Added broadcast_1_piece0 in memory on d0f687c55036:35397 (size: 6.1 KiB, free: 434.4 MiB)
[2026-03-27T14:19:46.225+0000] {subprocess.py:106} INFO - 26/03/27 14:19:46 INFO SparkContext: Created broadcast 1 from broadcast at DAGScheduler.scala:1585
[2026-03-27T14:19:46.225+0000] {subprocess.py:106} INFO - 26/03/27 14:19:46 INFO DAGScheduler: Submitting 1 missing tasks from ResultStage 2 (MapPartitionsRDD[5] at collect at /opt/spark/scripts/Clean_Silver.py:56) (first 15 tasks are for partitions Vector(0))
[2026-03-27T14:19:46.227+0000] {subprocess.py:106} INFO - 26/03/27 14:19:46 INFO TaskSchedulerImpl: Adding task set 2.0 with 1 tasks resource profile 0
[2026-03-27T14:19:46.240+0000] {subprocess.py:106} INFO - 26/03/27 14:19:46 INFO TaskSetManager: Starting task 0.0 in stage 2.0 (TID 1) (172.30.0.7, executor 0, partition 0, NODE_LOCAL, 9976 bytes)
[2026-03-27T14:19:46.268+0000] {subprocess.py:106} INFO - 26/03/27 14:19:46 INFO BlockManagerInfo: Removed broadcast_0_piece0 on d0f687c55036:35397 in memory (size: 6.0 KiB, free: 434.4 MiB)
[2026-03-27T14:19:46.288+0000] {subprocess.py:106} INFO - 26/03/27 14:19:46 INFO BlockManagerInfo: Removed broadcast_0_piece0 on 172.30.0.7:37417 in memory (size: 6.0 KiB, free: 434.4 MiB)
[2026-03-27T14:19:46.308+0000] {subprocess.py:106} INFO - 26/03/27 14:19:46 INFO BlockManagerInfo: Added broadcast_1_piece0 in memory on 172.30.0.7:37417 (size: 6.1 KiB, free: 434.4 MiB)
[2026-03-27T14:19:46.381+0000] {subprocess.py:106} INFO - 26/03/27 14:19:46 INFO MapOutputTrackerMasterEndpoint: Asked to send map output locations for shuffle 0 to 172.30.0.7:60036
[2026-03-27T14:19:46.535+0000] {subprocess.py:106} INFO - 26/03/27 14:19:46 INFO TaskSetManager: Finished task 0.0 in stage 2.0 (TID 1) in 304 ms on 172.30.0.7 (executor 0) (1/1)
[2026-03-27T14:19:46.536+0000] {subprocess.py:106} INFO - 26/03/27 14:19:46 INFO TaskSchedulerImpl: Removed TaskSet 2.0, whose tasks have all completed, from pool
[2026-03-27T14:19:46.538+0000] {subprocess.py:106} INFO - 26/03/27 14:19:46 INFO DAGScheduler: ResultStage 2 (collect at /opt/spark/scripts/Clean_Silver.py:56) finished in 0.336 s
[2026-03-27T14:19:46.541+0000] {subprocess.py:106} INFO - 26/03/27 14:19:46 INFO DAGScheduler: Job 1 is finished. Cancelling potential speculative or zombie tasks for this job
[2026-03-27T14:19:46.546+0000] {subprocess.py:106} INFO - 26/03/27 14:19:46 INFO TaskSchedulerImpl: Killing all running tasks in stage 2: Stage finished
[2026-03-27T14:19:46.549+0000] {subprocess.py:106} INFO - 26/03/27 14:19:46 INFO DAGScheduler: Job 1 finished: collect at /opt/spark/scripts/Clean_Silver.py:56, took 0.369292 s
[2026-03-27T14:19:46.768+0000] {subprocess.py:106} INFO - >>> Watermark (Last Processed Time): 2026-03-21 04:57:09.213115
[2026-03-27T14:19:46.794+0000] {subprocess.py:106} INFO - 26/03/27 14:19:46 INFO BaseMetastoreTableOperations: Refreshing table metadata from new version: s3a://warehouse/iceberg_data/bronze.db/it_jobs_raw/metadata/00021-14da2e48-74ff-496a-a92d-db3c0c38e163.metadata.json
[2026-03-27T14:19:46.815+0000] {subprocess.py:106} INFO - 26/03/27 14:19:46 INFO BaseMetastoreCatalog: Table loaded by catalog: iceberg.bronze.it_jobs_raw
[2026-03-27T14:19:46.829+0000] {subprocess.py:106} INFO - >>> INCREMENTAL LOAD: Reading only new data...
[2026-03-27T14:19:47.110+0000] {subprocess.py:106} INFO - 26/03/27 14:19:47 INFO V2ScanRelationPushDown:
[2026-03-27T14:19:47.110+0000] {subprocess.py:106} INFO - Pushing operators to iceberg.bronze.it_jobs_raw
[2026-03-27T14:19:47.111+0000] {subprocess.py:106} INFO - Pushed Filters: ingest_time IS NOT NULL, ingest_time > 1774069029213115
[2026-03-27T14:19:47.112+0000] {subprocess.py:106} INFO - Post-Scan Filters: isnotnull(ingest_time#36),(ingest_time#36 > 2026-03-21 04:57:09.213115)
[2026-03-27T14:19:47.112+0000] {subprocess.py:106} INFO - 
[2026-03-27T14:19:47.136+0000] {subprocess.py:106} INFO - 26/03/27 14:19:47 INFO V2ScanRelationPushDown:
[2026-03-27T14:19:47.137+0000] {subprocess.py:106} INFO - Output: ingest_time#36
[2026-03-27T14:19:47.137+0000] {subprocess.py:106} INFO - 
[2026-03-27T14:19:47.147+0000] {subprocess.py:106} INFO - 26/03/27 14:19:47 INFO SnapshotScan: Scanning table iceberg.bronze.it_jobs_raw snapshot 5977606312172636567 created at 2026-03-27T14:19:26.688+00:00 with filter (ingest_time IS NOT NULL AND ingest_time > (16-digit-int))
[2026-03-27T14:19:47.195+0000] {subprocess.py:106} INFO - 26/03/27 14:19:47 INFO BaseDistributedDataScan: Planning file tasks locally for table iceberg.bronze.it_jobs_raw
[2026-03-27T14:19:47.286+0000] {subprocess.py:106} INFO - 26/03/27 14:19:47 INFO BlockManagerInfo: Removed broadcast_1_piece0 on d0f687c55036:35397 in memory (size: 6.1 KiB, free: 434.4 MiB)
[2026-03-27T14:19:47.287+0000] {subprocess.py:106} INFO - 26/03/27 14:19:47 INFO BlockManagerInfo: Removed broadcast_1_piece0 on 172.30.0.7:37417 in memory (size: 6.1 KiB, free: 434.4 MiB)
[2026-03-27T14:19:47.409+0000] {subprocess.py:106} INFO - 26/03/27 14:19:47 INFO SparkPartitioningAwareScan: Reporting UnknownPartitioning with 1 partition(s) for table iceberg.bronze.it_jobs_raw
[2026-03-27T14:19:47.432+0000] {subprocess.py:106} INFO - 26/03/27 14:19:47 INFO MemoryStore: Block broadcast_2 stored as values in memory (estimated size 32.0 KiB, free 434.4 MiB)
[2026-03-27T14:19:47.460+0000] {subprocess.py:106} INFO - 26/03/27 14:19:47 INFO MemoryStore: Block broadcast_2_piece0 stored as bytes in memory (estimated size 30.3 KiB, free 434.3 MiB)
[2026-03-27T14:19:47.463+0000] {subprocess.py:106} INFO - 26/03/27 14:19:47 INFO BlockManagerInfo: Added broadcast_2_piece0 in memory on d0f687c55036:35397 (size: 30.3 KiB, free: 434.4 MiB)
[2026-03-27T14:19:47.464+0000] {subprocess.py:106} INFO - 26/03/27 14:19:47 INFO SparkContext: Created broadcast 2 from broadcast at SparkBatch.java:79
[2026-03-27T14:19:47.479+0000] {subprocess.py:106} INFO - 26/03/27 14:19:47 INFO MemoryStore: Block broadcast_3 stored as values in memory (estimated size 32.0 KiB, free 434.3 MiB)
[2026-03-27T14:19:47.482+0000] {subprocess.py:106} INFO - 26/03/27 14:19:47 INFO MemoryStore: Block broadcast_3_piece0 stored as bytes in memory (estimated size 30.2 KiB, free 434.3 MiB)
[2026-03-27T14:19:47.483+0000] {subprocess.py:106} INFO - 26/03/27 14:19:47 INFO BlockManagerInfo: Added broadcast_3_piece0 in memory on d0f687c55036:35397 (size: 30.2 KiB, free: 434.3 MiB)
[2026-03-27T14:19:47.484+0000] {subprocess.py:106} INFO - 26/03/27 14:19:47 INFO SparkContext: Created broadcast 3 from broadcast at SparkBatch.java:79
[2026-03-27T14:19:47.587+0000] {subprocess.py:106} INFO - 26/03/27 14:19:47 INFO CodeGenerator: Code generated in 24.094986 ms
[2026-03-27T14:19:47.607+0000] {subprocess.py:106} INFO - 26/03/27 14:19:47 INFO DAGScheduler: Registering RDD 9 (count at NativeMethodAccessorImpl.java:0) as input to shuffle 1
[2026-03-27T14:19:47.608+0000] {subprocess.py:106} INFO - 26/03/27 14:19:47 INFO DAGScheduler: Got map stage job 2 (count at NativeMethodAccessorImpl.java:0) with 1 output partitions
[2026-03-27T14:19:47.609+0000] {subprocess.py:106} INFO - 26/03/27 14:19:47 INFO DAGScheduler: Final stage: ShuffleMapStage 3 (count at NativeMethodAccessorImpl.java:0)
[2026-03-27T14:19:47.609+0000] {subprocess.py:106} INFO - 26/03/27 14:19:47 INFO DAGScheduler: Parents of final stage: List()
[2026-03-27T14:19:47.610+0000] {subprocess.py:106} INFO - 26/03/27 14:19:47 INFO DAGScheduler: Missing parents: List()
[2026-03-27T14:19:47.611+0000] {subprocess.py:106} INFO - 26/03/27 14:19:47 INFO DAGScheduler: Submitting ShuffleMapStage 3 (MapPartitionsRDD[9] at count at NativeMethodAccessorImpl.java:0), which has no missing parents
[2026-03-27T14:19:47.619+0000] {subprocess.py:106} INFO - 26/03/27 14:19:47 INFO MemoryStore: Block broadcast_4 stored as values in memory (estimated size 17.8 KiB, free 434.3 MiB)
[2026-03-27T14:19:47.632+0000] {subprocess.py:106} INFO - 26/03/27 14:19:47 INFO MemoryStore: Block broadcast_4_piece0 stored as bytes in memory (estimated size 7.6 KiB, free 434.3 MiB)
[2026-03-27T14:19:47.635+0000] {subprocess.py:106} INFO - 26/03/27 14:19:47 INFO BlockManagerInfo: Added broadcast_4_piece0 in memory on d0f687c55036:35397 (size: 7.6 KiB, free: 434.3 MiB)
[2026-03-27T14:19:47.642+0000] {subprocess.py:106} INFO - 26/03/27 14:19:47 INFO SparkContext: Created broadcast 4 from broadcast at DAGScheduler.scala:1585
[2026-03-27T14:19:47.649+0000] {subprocess.py:106} INFO - 26/03/27 14:19:47 INFO DAGScheduler: Submitting 1 missing tasks from ShuffleMapStage 3 (MapPartitionsRDD[9] at count at NativeMethodAccessorImpl.java:0) (first 15 tasks are for partitions Vector(0))
[2026-03-27T14:19:47.654+0000] {subprocess.py:106} INFO - 26/03/27 14:19:47 INFO TaskSchedulerImpl: Adding task set 3.0 with 1 tasks resource profile 0
[2026-03-27T14:19:47.713+0000] {subprocess.py:106} INFO - 26/03/27 14:19:47 INFO TaskSetManager: Starting task 0.0 in stage 3.0 (TID 2) (172.30.0.7, executor 0, partition 0, PROCESS_LOCAL, 15828 bytes)
[2026-03-27T14:19:48.246+0000] {subprocess.py:106} INFO - 26/03/27 14:19:48 INFO BlockManagerInfo: Added broadcast_4_piece0 in memory on 172.30.0.7:37417 (size: 7.6 KiB, free: 434.4 MiB)
[2026-03-27T14:19:48.375+0000] {subprocess.py:106} INFO - 26/03/27 14:19:48 INFO BlockManagerInfo: Added broadcast_3_piece0 in memory on 172.30.0.7:37417 (size: 30.2 KiB, free: 434.4 MiB)
[2026-03-27T14:19:51.036+0000] {subprocess.py:106} INFO - 26/03/27 14:19:51 INFO TaskSetManager: Finished task 0.0 in stage 3.0 (TID 2) in 3399 ms on 172.30.0.7 (executor 0) (1/1)
[2026-03-27T14:19:51.040+0000] {subprocess.py:106} INFO - 26/03/27 14:19:51 INFO TaskSchedulerImpl: Removed TaskSet 3.0, whose tasks have all completed, from pool
[2026-03-27T14:19:51.044+0000] {subprocess.py:106} INFO - 26/03/27 14:19:51 INFO DAGScheduler: ShuffleMapStage 3 (count at NativeMethodAccessorImpl.java:0) finished in 3.424 s
[2026-03-27T14:19:51.045+0000] {subprocess.py:106} INFO - 26/03/27 14:19:51 INFO DAGScheduler: looking for newly runnable stages
[2026-03-27T14:19:51.046+0000] {subprocess.py:106} INFO - 26/03/27 14:19:51 INFO DAGScheduler: running: Set()
[2026-03-27T14:19:51.046+0000] {subprocess.py:106} INFO - 26/03/27 14:19:51 INFO DAGScheduler: waiting: Set()
[2026-03-27T14:19:51.047+0000] {subprocess.py:106} INFO - 26/03/27 14:19:51 INFO DAGScheduler: failed: Set()
[2026-03-27T14:19:51.075+0000] {subprocess.py:106} INFO - 26/03/27 14:19:51 INFO CodeGenerator: Code generated in 16.103454 ms
[2026-03-27T14:19:51.097+0000] {subprocess.py:106} INFO - 26/03/27 14:19:51 INFO SparkContext: Starting job: count at NativeMethodAccessorImpl.java:0
[2026-03-27T14:19:51.099+0000] {subprocess.py:106} INFO - 26/03/27 14:19:51 INFO DAGScheduler: Got job 3 (count at NativeMethodAccessorImpl.java:0) with 1 output partitions
[2026-03-27T14:19:51.101+0000] {subprocess.py:106} INFO - 26/03/27 14:19:51 INFO DAGScheduler: Final stage: ResultStage 5 (count at NativeMethodAccessorImpl.java:0)
[2026-03-27T14:19:51.103+0000] {subprocess.py:106} INFO - 26/03/27 14:19:51 INFO DAGScheduler: Parents of final stage: List(ShuffleMapStage 4)
[2026-03-27T14:19:51.104+0000] {subprocess.py:106} INFO - 26/03/27 14:19:51 INFO DAGScheduler: Missing parents: List()
[2026-03-27T14:19:51.105+0000] {subprocess.py:106} INFO - 26/03/27 14:19:51 INFO DAGScheduler: Submitting ResultStage 5 (MapPartitionsRDD[12] at count at NativeMethodAccessorImpl.java:0), which has no missing parents
[2026-03-27T14:19:51.108+0000] {subprocess.py:106} INFO - 26/03/27 14:19:51 INFO MemoryStore: Block broadcast_5 stored as values in memory (estimated size 12.5 KiB, free 434.2 MiB)
[2026-03-27T14:19:51.128+0000] {subprocess.py:106} INFO - 26/03/27 14:19:51 INFO MemoryStore: Block broadcast_5_piece0 stored as bytes in memory (estimated size 5.9 KiB, free 434.2 MiB)
[2026-03-27T14:19:51.129+0000] {subprocess.py:106} INFO - 26/03/27 14:19:51 INFO BlockManagerInfo: Added broadcast_5_piece0 in memory on d0f687c55036:35397 (size: 5.9 KiB, free: 434.3 MiB)
[2026-03-27T14:19:51.130+0000] {subprocess.py:106} INFO - 26/03/27 14:19:51 INFO SparkContext: Created broadcast 5 from broadcast at DAGScheduler.scala:1585
[2026-03-27T14:19:51.131+0000] {subprocess.py:106} INFO - 26/03/27 14:19:51 INFO DAGScheduler: Submitting 1 missing tasks from ResultStage 5 (MapPartitionsRDD[12] at count at NativeMethodAccessorImpl.java:0) (first 15 tasks are for partitions Vector(0))
[2026-03-27T14:19:51.132+0000] {subprocess.py:106} INFO - 26/03/27 14:19:51 INFO TaskSchedulerImpl: Adding task set 5.0 with 1 tasks resource profile 0
[2026-03-27T14:19:51.132+0000] {subprocess.py:106} INFO - 26/03/27 14:19:51 INFO BlockManagerInfo: Removed broadcast_4_piece0 on 172.30.0.7:37417 in memory (size: 7.6 KiB, free: 434.4 MiB)
[2026-03-27T14:19:51.137+0000] {subprocess.py:106} INFO - 26/03/27 14:19:51 INFO TaskSetManager: Starting task 0.0 in stage 5.0 (TID 3) (172.30.0.7, executor 0, partition 0, NODE_LOCAL, 9976 bytes)
[2026-03-27T14:19:51.138+0000] {subprocess.py:106} INFO - 26/03/27 14:19:51 INFO BlockManagerInfo: Removed broadcast_4_piece0 on d0f687c55036:35397 in memory (size: 7.6 KiB, free: 434.3 MiB)
[2026-03-27T14:19:51.210+0000] {subprocess.py:106} INFO - 26/03/27 14:19:51 INFO BlockManagerInfo: Added broadcast_5_piece0 in memory on 172.30.0.7:37417 (size: 5.9 KiB, free: 434.4 MiB)
[2026-03-27T14:19:51.230+0000] {subprocess.py:106} INFO - 26/03/27 14:19:51 INFO MapOutputTrackerMasterEndpoint: Asked to send map output locations for shuffle 1 to 172.30.0.7:60036
[2026-03-27T14:19:51.292+0000] {subprocess.py:106} INFO - 26/03/27 14:19:51 INFO TaskSetManager: Finished task 0.0 in stage 5.0 (TID 3) in 160 ms on 172.30.0.7 (executor 0) (1/1)
[2026-03-27T14:19:51.295+0000] {subprocess.py:106} INFO - 26/03/27 14:19:51 INFO TaskSchedulerImpl: Removed TaskSet 5.0, whose tasks have all completed, from pool
[2026-03-27T14:19:51.304+0000] {subprocess.py:106} INFO - 26/03/27 14:19:51 INFO DAGScheduler: ResultStage 5 (count at NativeMethodAccessorImpl.java:0) finished in 0.191 s
[2026-03-27T14:19:51.306+0000] {subprocess.py:106} INFO - 26/03/27 14:19:51 INFO DAGScheduler: Job 3 is finished. Cancelling potential speculative or zombie tasks for this job
[2026-03-27T14:19:51.307+0000] {subprocess.py:106} INFO - 26/03/27 14:19:51 INFO TaskSchedulerImpl: Killing all running tasks in stage 5: Stage finished
[2026-03-27T14:19:51.309+0000] {subprocess.py:106} INFO - 26/03/27 14:19:51 INFO DAGScheduler: Job 3 finished: count at NativeMethodAccessorImpl.java:0, took 0.199409 s
[2026-03-27T14:19:51.310+0000] {subprocess.py:106} INFO - >>> Processing 1206 records...
[2026-03-27T14:19:51.759+0000] {subprocess.py:106} INFO - 26/03/27 14:19:51 INFO BlockManagerInfo: Removed broadcast_5_piece0 on d0f687c55036:35397 in memory (size: 5.9 KiB, free: 434.3 MiB)
[2026-03-27T14:19:51.764+0000] {subprocess.py:106} INFO - 26/03/27 14:19:51 INFO BlockManagerInfo: Removed broadcast_5_piece0 on 172.30.0.7:37417 in memory (size: 5.9 KiB, free: 434.4 MiB)
[2026-03-27T14:19:52.434+0000] {subprocess.py:106} INFO - >>> Writing cleaned data to Silver...
[2026-03-27T14:19:52.492+0000] {subprocess.py:106} INFO - >>> Table exists. Performing MERGE (Upsert)...
[2026-03-27T14:19:52.616+0000] {subprocess.py:106} INFO - 26/03/27 14:19:52 INFO BlockManagerInfo: Removed broadcast_2_piece0 on d0f687c55036:35397 in memory (size: 30.3 KiB, free: 434.4 MiB)
[2026-03-27T14:19:52.988+0000] {subprocess.py:106} INFO - 26/03/27 14:19:52 INFO V2ScanRelationPushDown:
[2026-03-27T14:19:52.989+0000] {subprocess.py:106} INFO - Pushing operators to iceberg.bronze.it_jobs_raw
[2026-03-27T14:19:52.989+0000] {subprocess.py:106} INFO - Pushed Filters: ingest_time IS NOT NULL, ingest_time > 1774069029213115, job_link IS NOT NULL, NOT (job_link = '')
[2026-03-27T14:19:52.990+0000] {subprocess.py:106} INFO - Post-Scan Filters: isnotnull(ingest_time#36),(ingest_time#36 > 2026-03-21 04:57:09.213115),isnotnull(trim(job_title#26, None)),NOT (trim(job_title#26, None) = ),isnotnull(upper(trim(company_name#27, None))),NOT (upper(trim(company_name#27, None)) = ),isnotnull(job_link#31),NOT (job_link#31 = )
[2026-03-27T14:19:52.990+0000] {subprocess.py:106} INFO - 
[2026-03-27T14:19:52.996+0000] {subprocess.py:106} INFO - 26/03/27 14:19:52 INFO V2ScanRelationPushDown:
[2026-03-27T14:19:52.997+0000] {subprocess.py:106} INFO - Output: job_title#26, company_name#27, location#28, skills_required#29, date_posted#30, job_link#31, job_category#32, work_mode#33, crawl_date#34, date_only#35, ingest_time#36, source#37
[2026-03-27T14:19:52.997+0000] {subprocess.py:106} INFO - 
[2026-03-27T14:19:53.006+0000] {subprocess.py:106} INFO - 26/03/27 14:19:53 INFO SnapshotScan: Scanning table iceberg.bronze.it_jobs_raw snapshot 5977606312172636567 created at 2026-03-27T14:19:26.688+00:00 with filter (((ingest_time IS NOT NULL AND ingest_time > (16-digit-int)) AND job_link IS NOT NULL) AND NOT (job_link = (hash-00000000)))
[2026-03-27T14:19:53.007+0000] {subprocess.py:106} INFO - 26/03/27 14:19:53 INFO BaseDistributedDataScan: Planning file tasks locally for table iceberg.bronze.it_jobs_raw
[2026-03-27T14:19:53.134+0000] {subprocess.py:106} INFO - 26/03/27 14:19:53 INFO SparkPartitioningAwareScan: Reporting UnknownPartitioning with 1 partition(s) for table iceberg.bronze.it_jobs_raw
[2026-03-27T14:19:53.227+0000] {subprocess.py:106} INFO - 26/03/27 14:19:53 INFO GroupBasedRowLevelOperationScanPlanning:
[2026-03-27T14:19:53.228+0000] {subprocess.py:106} INFO - Pushing operators to iceberg.silver.it_jobs_clean
[2026-03-27T14:19:53.228+0000] {subprocess.py:106} INFO - Pushed filters:
[2026-03-27T14:19:53.229+0000] {subprocess.py:106} INFO - Filters evaluated on data source side:
[2026-03-27T14:19:53.229+0000] {subprocess.py:106} INFO - Filters evaluated on Spark side:
[2026-03-27T14:19:53.229+0000] {subprocess.py:106} INFO - Output: job_title#284, company_name#285, location#286, skills_required#287, date_posted#288, job_link#289, job_category#290, work_mode#291, crawl_date#292, date_only#293, ingest_time#294, source#295, clean_time#296, _file#299
[2026-03-27T14:19:53.230+0000] {subprocess.py:106} INFO - 
[2026-03-27T14:19:53.232+0000] {subprocess.py:106} INFO - 26/03/27 14:19:53 INFO V2ScanRelationPushDown:
[2026-03-27T14:19:53.232+0000] {subprocess.py:106} INFO - Pushing operators to iceberg.bronze.it_jobs_raw
[2026-03-27T14:19:53.233+0000] {subprocess.py:106} INFO - Pushed Filters: ingest_time IS NOT NULL, ingest_time > 1774069029213115, job_link IS NOT NULL, NOT (job_link = '')
[2026-03-27T14:19:53.233+0000] {subprocess.py:106} INFO - Post-Scan Filters: isnotnull(ingest_time#36),(ingest_time#36 > 2026-03-21 04:57:09.213115),isnotnull(trim(job_title#26, None)),NOT (trim(job_title#26, None) = ),isnotnull(upper(trim(company_name#27, None))),NOT (upper(trim(company_name#27, None)) = ),isnotnull(job_link#31),NOT (job_link#31 = )
[2026-03-27T14:19:53.234+0000] {subprocess.py:106} INFO - 
[2026-03-27T14:19:53.241+0000] {subprocess.py:106} INFO - 26/03/27 14:19:53 INFO V2ScanRelationPushDown:
[2026-03-27T14:19:53.242+0000] {subprocess.py:106} INFO - Output: job_title#26, company_name#27, location#28, skills_required#29, date_posted#30, job_link#31, job_category#32, work_mode#33, crawl_date#34, date_only#35, ingest_time#36, source#37
[2026-03-27T14:19:53.243+0000] {subprocess.py:106} INFO - 
[2026-03-27T14:19:53.244+0000] {subprocess.py:106} INFO - 26/03/27 14:19:53 INFO SnapshotScan: Scanning table iceberg.silver.it_jobs_clean snapshot 7858053573548200746 created at 2026-03-27T14:00:01.684+00:00 with filter true
[2026-03-27T14:19:53.419+0000] {subprocess.py:106} INFO - 26/03/27 14:19:53 INFO SparkPartitioningAwareScan: Reporting UnknownPartitioning with 5 partition(s) for table iceberg.silver.it_jobs_clean
[2026-03-27T14:19:53.424+0000] {subprocess.py:106} INFO - 26/03/27 14:19:53 INFO SnapshotScan: Scanning table iceberg.bronze.it_jobs_raw snapshot 5977606312172636567 created at 2026-03-27T14:19:26.688+00:00 with filter (((ingest_time IS NOT NULL AND ingest_time > (16-digit-int)) AND job_link IS NOT NULL) AND NOT (job_link = (hash-00000000)))
[2026-03-27T14:19:53.428+0000] {subprocess.py:106} INFO - 26/03/27 14:19:53 INFO BlockManagerInfo: Removed broadcast_3_piece0 on d0f687c55036:35397 in memory (size: 30.2 KiB, free: 434.4 MiB)
[2026-03-27T14:19:53.429+0000] {subprocess.py:106} INFO - 26/03/27 14:19:53 INFO BaseDistributedDataScan: Planning file tasks locally for table iceberg.bronze.it_jobs_raw
[2026-03-27T14:19:53.441+0000] {subprocess.py:106} INFO - 26/03/27 14:19:53 INFO BlockManagerInfo: Removed broadcast_3_piece0 on 172.30.0.7:37417 in memory (size: 30.2 KiB, free: 434.4 MiB)
[2026-03-27T14:19:53.554+0000] {subprocess.py:106} INFO - 26/03/27 14:19:53 INFO SparkPartitioningAwareScan: Reporting UnknownPartitioning with 1 partition(s) for table iceberg.bronze.it_jobs_raw
[2026-03-27T14:19:53.584+0000] {subprocess.py:106} INFO - 26/03/27 14:19:53 INFO SparkWrite: Requesting 0 bytes advisory partition size for table iceberg.silver.it_jobs_clean
[2026-03-27T14:19:53.588+0000] {subprocess.py:106} INFO - 26/03/27 14:19:53 INFO SparkWrite: Requesting UnspecifiedDistribution as write distribution for table iceberg.silver.it_jobs_clean
[2026-03-27T14:19:53.589+0000] {subprocess.py:106} INFO - 26/03/27 14:19:53 INFO SparkWrite: Requesting [] as write ordering for table iceberg.silver.it_jobs_clean
[2026-03-27T14:19:53.674+0000] {subprocess.py:106} INFO - 26/03/27 14:19:53 INFO V2ScanRelationPushDown:
[2026-03-27T14:19:53.675+0000] {subprocess.py:106} INFO - Pushing operators to iceberg.silver.it_jobs_clean
[2026-03-27T14:19:53.675+0000] {subprocess.py:106} INFO - Pushed Filters: NOT (job_link = ''), job_link IS NOT NULL
[2026-03-27T14:19:53.676+0000] {subprocess.py:106} INFO - Post-Scan Filters: NOT (job_link#421 = ),isnotnull(job_link#421)
[2026-03-27T14:19:53.676+0000] {subprocess.py:106} INFO - 
[2026-03-27T14:19:53.677+0000] {subprocess.py:106} INFO - 26/03/27 14:19:53 INFO V2ScanRelationPushDown:
[2026-03-27T14:19:53.677+0000] {subprocess.py:106} INFO - Output: job_link#421, _file#429
[2026-03-27T14:19:53.678+0000] {subprocess.py:106} INFO - 
[2026-03-27T14:19:53.678+0000] {subprocess.py:106} INFO - 26/03/27 14:19:53 INFO SnapshotScan: Scanning table iceberg.silver.it_jobs_clean snapshot 7858053573548200746 created at 2026-03-27T14:00:01.684+00:00 with filter (NOT (job_link = (hash-00000000)) AND job_link IS NOT NULL)
[2026-03-27T14:19:53.679+0000] {subprocess.py:106} INFO - 26/03/27 14:19:53 INFO BaseDistributedDataScan: Planning file tasks locally for table iceberg.silver.it_jobs_clean
[2026-03-27T14:19:53.777+0000] {subprocess.py:106} INFO - 26/03/27 14:19:53 INFO SparkPartitioningAwareScan: Reporting UnknownPartitioning with 5 partition(s) for table iceberg.silver.it_jobs_clean
[2026-03-27T14:19:53.777+0000] {subprocess.py:106} INFO - 26/03/27 14:19:53 INFO SparkPartitioningAwareScan: Reporting UnknownPartitioning with 1 partition(s) for table iceberg.bronze.it_jobs_raw
[2026-03-27T14:19:53.852+0000] {subprocess.py:106} INFO - 26/03/27 14:19:53 INFO MemoryStore: Block broadcast_6 stored as values in memory (estimated size 32.0 KiB, free 434.4 MiB)
[2026-03-27T14:19:53.862+0000] {subprocess.py:106} INFO - 26/03/27 14:19:53 INFO MemoryStore: Block broadcast_6_piece0 stored as bytes in memory (estimated size 30.4 KiB, free 434.3 MiB)
[2026-03-27T14:19:53.864+0000] {subprocess.py:106} INFO - 26/03/27 14:19:53 INFO BlockManagerInfo: Added broadcast_6_piece0 in memory on d0f687c55036:35397 (size: 30.4 KiB, free: 434.4 MiB)
[2026-03-27T14:19:53.865+0000] {subprocess.py:106} INFO - 26/03/27 14:19:53 INFO SparkContext: Created broadcast 6 from broadcast at SparkBatch.java:79
[2026-03-27T14:19:53.878+0000] {subprocess.py:106} INFO - 26/03/27 14:19:53 INFO MemoryStore: Block broadcast_7 stored as values in memory (estimated size 32.0 KiB, free 434.3 MiB)
[2026-03-27T14:19:53.882+0000] {subprocess.py:106} INFO - 26/03/27 14:19:53 INFO MemoryStore: Block broadcast_7_piece0 stored as bytes in memory (estimated size 30.2 KiB, free 434.3 MiB)
[2026-03-27T14:19:53.883+0000] {subprocess.py:106} INFO - 26/03/27 14:19:53 INFO BlockManagerInfo: Added broadcast_7_piece0 in memory on d0f687c55036:35397 (size: 30.2 KiB, free: 434.3 MiB)
[2026-03-27T14:19:53.884+0000] {subprocess.py:106} INFO - 26/03/27 14:19:53 INFO SparkContext: Created broadcast 7 from broadcast at SparkBatch.java:79
[2026-03-27T14:19:53.920+0000] {subprocess.py:106} INFO - 26/03/27 14:19:53 INFO MemoryStore: Block broadcast_8 stored as values in memory (estimated size 32.0 KiB, free 434.2 MiB)
[2026-03-27T14:19:53.925+0000] {subprocess.py:106} INFO - 26/03/27 14:19:53 INFO MemoryStore: Block broadcast_8_piece0 stored as bytes in memory (estimated size 30.4 KiB, free 434.2 MiB)
[2026-03-27T14:19:53.928+0000] {subprocess.py:106} INFO - 26/03/27 14:19:53 INFO BlockManagerInfo: Added broadcast_8_piece0 in memory on d0f687c55036:35397 (size: 30.4 KiB, free: 434.3 MiB)
[2026-03-27T14:19:53.930+0000] {subprocess.py:106} INFO - 26/03/27 14:19:53 INFO SparkContext: Created broadcast 8 from broadcast at SparkBatch.java:79
[2026-03-27T14:19:53.935+0000] {subprocess.py:106} INFO - 26/03/27 14:19:53 INFO MemoryStore: Block broadcast_9 stored as values in memory (estimated size 32.0 KiB, free 434.2 MiB)
[2026-03-27T14:19:53.940+0000] {subprocess.py:106} INFO - 26/03/27 14:19:53 INFO MemoryStore: Block broadcast_9_piece0 stored as bytes in memory (estimated size 30.2 KiB, free 434.2 MiB)
[2026-03-27T14:19:53.942+0000] {subprocess.py:106} INFO - 26/03/27 14:19:53 INFO BlockManagerInfo: Added broadcast_9_piece0 in memory on d0f687c55036:35397 (size: 30.2 KiB, free: 434.3 MiB)
[2026-03-27T14:19:53.943+0000] {subprocess.py:106} INFO - 26/03/27 14:19:53 INFO SparkContext: Created broadcast 9 from broadcast at SparkBatch.java:79
[2026-03-27T14:19:53.969+0000] {subprocess.py:106} INFO - 26/03/27 14:19:53 INFO MemoryStore: Block broadcast_10 stored as values in memory (estimated size 32.0 KiB, free 434.1 MiB)
[2026-03-27T14:19:53.983+0000] {subprocess.py:106} INFO - 26/03/27 14:19:53 INFO MemoryStore: Block broadcast_10_piece0 stored as bytes in memory (estimated size 30.4 KiB, free 434.1 MiB)
[2026-03-27T14:19:53.984+0000] {subprocess.py:106} INFO - 26/03/27 14:19:53 INFO BlockManagerInfo: Added broadcast_10_piece0 in memory on d0f687c55036:35397 (size: 30.4 KiB, free: 434.3 MiB)
[2026-03-27T14:19:53.985+0000] {subprocess.py:106} INFO - 26/03/27 14:19:53 INFO SparkContext: Created broadcast 10 from broadcast at SparkBatch.java:79
[2026-03-27T14:19:53.990+0000] {subprocess.py:106} INFO - 26/03/27 14:19:53 INFO MemoryStore: Block broadcast_11 stored as values in memory (estimated size 32.0 KiB, free 434.1 MiB)
[2026-03-27T14:19:53.993+0000] {subprocess.py:106} INFO - 26/03/27 14:19:53 INFO MemoryStore: Block broadcast_11_piece0 stored as bytes in memory (estimated size 30.2 KiB, free 434.0 MiB)
[2026-03-27T14:19:53.995+0000] {subprocess.py:106} INFO - 26/03/27 14:19:53 INFO BlockManagerInfo: Added broadcast_11_piece0 in memory on d0f687c55036:35397 (size: 30.2 KiB, free: 434.2 MiB)
[2026-03-27T14:19:53.997+0000] {subprocess.py:106} INFO - 26/03/27 14:19:53 INFO SparkContext: Created broadcast 11 from broadcast at SparkBatch.java:79
[2026-03-27T14:19:54.152+0000] {subprocess.py:106} INFO - 26/03/27 14:19:54 INFO CodeGenerator: Code generated in 28.070408 ms
[2026-03-27T14:19:54.220+0000] {subprocess.py:106} INFO - 26/03/27 14:19:54 INFO CodeGenerator: Code generated in 64.414134 ms
[2026-03-27T14:19:54.293+0000] {subprocess.py:106} INFO - 26/03/27 14:19:54 INFO DAGScheduler: Registering RDD 16 ($anonfun$withThreadLocalCaptured$1 at FutureTask.java:264) as input to shuffle 2
[2026-03-27T14:19:54.294+0000] {subprocess.py:106} INFO - 26/03/27 14:19:54 INFO DAGScheduler: Got map stage job 4 ($anonfun$withThreadLocalCaptured$1 at FutureTask.java:264) with 1 output partitions
[2026-03-27T14:19:54.297+0000] {subprocess.py:106} INFO - 26/03/27 14:19:54 INFO DAGScheduler: Final stage: ShuffleMapStage 6 ($anonfun$withThreadLocalCaptured$1 at FutureTask.java:264)
[2026-03-27T14:19:54.298+0000] {subprocess.py:106} INFO - 26/03/27 14:19:54 INFO DAGScheduler: Parents of final stage: List()
[2026-03-27T14:19:54.300+0000] {subprocess.py:106} INFO - 26/03/27 14:19:54 INFO DAGScheduler: Missing parents: List()
[2026-03-27T14:19:54.301+0000] {subprocess.py:106} INFO - 26/03/27 14:19:54 INFO DAGScheduler: Submitting ShuffleMapStage 6 (MapPartitionsRDD[16] at $anonfun$withThreadLocalCaptured$1 at FutureTask.java:264), which has no missing parents
[2026-03-27T14:19:54.301+0000] {subprocess.py:106} INFO - 26/03/27 14:19:54 INFO MemoryStore: Block broadcast_12 stored as values in memory (estimated size 44.9 KiB, free 434.0 MiB)
[2026-03-27T14:19:54.319+0000] {subprocess.py:106} INFO - 26/03/27 14:19:54 INFO MemoryStore: Block broadcast_12_piece0 stored as bytes in memory (estimated size 18.7 KiB, free 434.0 MiB)
[2026-03-27T14:19:54.324+0000] {subprocess.py:106} INFO - 26/03/27 14:19:54 INFO BlockManagerInfo: Added broadcast_12_piece0 in memory on d0f687c55036:35397 (size: 18.7 KiB, free: 434.2 MiB)
[2026-03-27T14:19:54.325+0000] {subprocess.py:106} INFO - 26/03/27 14:19:54 INFO SparkContext: Created broadcast 12 from broadcast at DAGScheduler.scala:1585
[2026-03-27T14:19:54.328+0000] {subprocess.py:106} INFO - 26/03/27 14:19:54 INFO DAGScheduler: Submitting 1 missing tasks from ShuffleMapStage 6 (MapPartitionsRDD[16] at $anonfun$withThreadLocalCaptured$1 at FutureTask.java:264) (first 15 tasks are for partitions Vector(0))
[2026-03-27T14:19:54.329+0000] {subprocess.py:106} INFO - 26/03/27 14:19:54 INFO TaskSchedulerImpl: Adding task set 6.0 with 1 tasks resource profile 0
[2026-03-27T14:19:54.336+0000] {subprocess.py:106} INFO - 26/03/27 14:19:54 INFO TaskSetManager: Starting task 0.0 in stage 6.0 (TID 4) (172.30.0.7, executor 0, partition 0, PROCESS_LOCAL, 16752 bytes)
[2026-03-27T14:19:54.455+0000] {subprocess.py:106} INFO - 26/03/27 14:19:54 INFO BlockManagerInfo: Added broadcast_12_piece0 in memory on 172.30.0.7:37417 (size: 18.7 KiB, free: 434.4 MiB)
[2026-03-27T14:19:54.933+0000] {subprocess.py:106} INFO - 26/03/27 14:19:54 INFO BlockManagerInfo: Added broadcast_9_piece0 in memory on 172.30.0.7:37417 (size: 30.2 KiB, free: 434.4 MiB)
[2026-03-27T14:19:55.158+0000] {subprocess.py:106} INFO - 26/03/27 14:19:55 INFO TaskSetManager: Finished task 0.0 in stage 6.0 (TID 4) in 828 ms on 172.30.0.7 (executor 0) (1/1)
[2026-03-27T14:19:55.161+0000] {subprocess.py:106} INFO - 26/03/27 14:19:55 INFO TaskSchedulerImpl: Removed TaskSet 6.0, whose tasks have all completed, from pool
[2026-03-27T14:19:55.164+0000] {subprocess.py:106} INFO - 26/03/27 14:19:55 INFO DAGScheduler: ShuffleMapStage 6 ($anonfun$withThreadLocalCaptured$1 at FutureTask.java:264) finished in 0.865 s
[2026-03-27T14:19:55.165+0000] {subprocess.py:106} INFO - 26/03/27 14:19:55 INFO DAGScheduler: looking for newly runnable stages
[2026-03-27T14:19:55.166+0000] {subprocess.py:106} INFO - 26/03/27 14:19:55 INFO DAGScheduler: running: Set()
[2026-03-27T14:19:55.167+0000] {subprocess.py:106} INFO - 26/03/27 14:19:55 INFO DAGScheduler: waiting: Set()
[2026-03-27T14:19:55.169+0000] {subprocess.py:106} INFO - 26/03/27 14:19:55 INFO DAGScheduler: failed: Set()
[2026-03-27T14:19:55.182+0000] {subprocess.py:106} INFO - 26/03/27 14:19:55 INFO MemoryStore: Block broadcast_13 stored as values in memory (estimated size 40.0 B, free 434.0 MiB)
[2026-03-27T14:19:55.223+0000] {subprocess.py:106} INFO - 26/03/27 14:19:55 INFO MemoryStore: Block broadcast_13_piece0 stored as bytes in memory (estimated size 86.0 B, free 434.0 MiB)
[2026-03-27T14:19:55.224+0000] {subprocess.py:106} INFO - 26/03/27 14:19:55 INFO BlockManagerInfo: Added broadcast_13_piece0 in memory on d0f687c55036:35397 (size: 86.0 B, free: 434.2 MiB)
[2026-03-27T14:19:55.226+0000] {subprocess.py:106} INFO - 26/03/27 14:19:55 INFO SparkContext: Created broadcast 13 from sql at NativeMethodAccessorImpl.java:0
[2026-03-27T14:19:55.238+0000] {subprocess.py:106} INFO - 26/03/27 14:19:55 INFO BlockManagerInfo: Removed broadcast_12_piece0 on d0f687c55036:35397 in memory (size: 18.7 KiB, free: 434.2 MiB)
[2026-03-27T14:19:55.239+0000] {subprocess.py:106} INFO - 26/03/27 14:19:55 INFO BlockManagerInfo: Removed broadcast_12_piece0 on 172.30.0.7:37417 in memory (size: 18.7 KiB, free: 434.4 MiB)
[2026-03-27T14:19:55.248+0000] {subprocess.py:106} INFO - 26/03/27 14:19:55 INFO SparkCopyOnWriteScan: 0 of 20 task(s) for table iceberg.silver.it_jobs_clean matched runtime file filter with 0 location(s)
[2026-03-27T14:19:55.252+0000] {subprocess.py:106} INFO - 26/03/27 14:19:55 INFO MemoryStore: Block broadcast_14 stored as values in memory (estimated size 32.0 KiB, free 434.0 MiB)
[2026-03-27T14:19:55.256+0000] {subprocess.py:106} INFO - 26/03/27 14:19:55 INFO MemoryStore: Block broadcast_14_piece0 stored as bytes in memory (estimated size 30.4 KiB, free 434.0 MiB)
[2026-03-27T14:19:55.257+0000] {subprocess.py:106} INFO - 26/03/27 14:19:55 INFO BlockManagerInfo: Added broadcast_14_piece0 in memory on d0f687c55036:35397 (size: 30.4 KiB, free: 434.2 MiB)
[2026-03-27T14:19:55.258+0000] {subprocess.py:106} INFO - 26/03/27 14:19:55 INFO SparkContext: Created broadcast 14 from broadcast at SparkBatch.java:79
[2026-03-27T14:19:55.324+0000] {subprocess.py:106} INFO - 26/03/27 14:19:55 INFO CodeGenerator: Code generated in 25.883026 ms
[2026-03-27T14:19:55.365+0000] {subprocess.py:106} INFO - 26/03/27 14:19:55 INFO CodeGenerator: Code generated in 23.050714 ms
[2026-03-27T14:19:55.453+0000] {subprocess.py:106} INFO - 26/03/27 14:19:55 INFO DAGScheduler: Registering RDD 26 (sql at NativeMethodAccessorImpl.java:0) as input to shuffle 3
[2026-03-27T14:19:55.455+0000] {subprocess.py:106} INFO - 26/03/27 14:19:55 INFO DAGScheduler: Got map stage job 5 (sql at NativeMethodAccessorImpl.java:0) with 1 output partitions
[2026-03-27T14:19:55.456+0000] {subprocess.py:106} INFO - 26/03/27 14:19:55 INFO DAGScheduler: Final stage: ShuffleMapStage 7 (sql at NativeMethodAccessorImpl.java:0)
[2026-03-27T14:19:55.458+0000] {subprocess.py:106} INFO - 26/03/27 14:19:55 INFO DAGScheduler: Parents of final stage: List()
[2026-03-27T14:19:55.459+0000] {subprocess.py:106} INFO - 26/03/27 14:19:55 INFO DAGScheduler: Missing parents: List()
[2026-03-27T14:19:55.461+0000] {subprocess.py:106} INFO - 26/03/27 14:19:55 INFO DAGScheduler: Submitting ShuffleMapStage 7 (MapPartitionsRDD[26] at sql at NativeMethodAccessorImpl.java:0), which has no missing parents
[2026-03-27T14:19:55.489+0000] {subprocess.py:106} INFO - 26/03/27 14:19:55 INFO MemoryStore: Block broadcast_15 stored as values in memory (estimated size 59.0 KiB, free 433.9 MiB)
[2026-03-27T14:19:55.503+0000] {subprocess.py:106} INFO - 26/03/27 14:19:55 INFO MemoryStore: Block broadcast_15_piece0 stored as bytes in memory (estimated size 22.9 KiB, free 433.9 MiB)
[2026-03-27T14:19:55.504+0000] {subprocess.py:106} INFO - 26/03/27 14:19:55 INFO BlockManagerInfo: Added broadcast_15_piece0 in memory on d0f687c55036:35397 (size: 22.9 KiB, free: 434.2 MiB)
[2026-03-27T14:19:55.506+0000] {subprocess.py:106} INFO - 26/03/27 14:19:55 INFO SparkContext: Created broadcast 15 from broadcast at DAGScheduler.scala:1585
[2026-03-27T14:19:55.509+0000] {subprocess.py:106} INFO - 26/03/27 14:19:55 INFO DAGScheduler: Submitting 1 missing tasks from ShuffleMapStage 7 (MapPartitionsRDD[26] at sql at NativeMethodAccessorImpl.java:0) (first 15 tasks are for partitions Vector(0))
[2026-03-27T14:19:55.514+0000] {subprocess.py:106} INFO - 26/03/27 14:19:55 INFO TaskSchedulerImpl: Adding task set 7.0 with 1 tasks resource profile 0
[2026-03-27T14:19:55.515+0000] {subprocess.py:106} INFO - 26/03/27 14:19:55 INFO BlockManagerInfo: Removed broadcast_14_piece0 on d0f687c55036:35397 in memory (size: 30.4 KiB, free: 434.2 MiB)
[2026-03-27T14:19:55.520+0000] {subprocess.py:106} INFO - 26/03/27 14:19:55 INFO TaskSetManager: Starting task 0.0 in stage 7.0 (TID 5) (172.30.0.7, executor 0, partition 0, PROCESS_LOCAL, 16752 bytes)
[2026-03-27T14:19:55.561+0000] {subprocess.py:106} INFO - 26/03/27 14:19:55 INFO BlockManagerInfo: Added broadcast_15_piece0 in memory on 172.30.0.7:37417 (size: 22.9 KiB, free: 434.3 MiB)
[2026-03-27T14:19:56.046+0000] {subprocess.py:106} INFO - 26/03/27 14:19:56 INFO BlockManagerInfo: Added broadcast_11_piece0 in memory on 172.30.0.7:37417 (size: 30.2 KiB, free: 434.3 MiB)
[2026-03-27T14:19:56.275+0000] {subprocess.py:106} INFO - 26/03/27 14:19:56 INFO TaskSetManager: Finished task 0.0 in stage 7.0 (TID 5) in 763 ms on 172.30.0.7 (executor 0) (1/1)
[2026-03-27T14:19:56.277+0000] {subprocess.py:106} INFO - 26/03/27 14:19:56 INFO DAGScheduler: ShuffleMapStage 7 (sql at NativeMethodAccessorImpl.java:0) finished in 0.816 s
[2026-03-27T14:19:56.279+0000] {subprocess.py:106} INFO - 26/03/27 14:19:56 INFO DAGScheduler: looking for newly runnable stages
[2026-03-27T14:19:56.280+0000] {subprocess.py:106} INFO - 26/03/27 14:19:56 INFO DAGScheduler: running: Set()
[2026-03-27T14:19:56.281+0000] {subprocess.py:106} INFO - 26/03/27 14:19:56 INFO DAGScheduler: waiting: Set()
[2026-03-27T14:19:56.281+0000] {subprocess.py:106} INFO - 26/03/27 14:19:56 INFO TaskSchedulerImpl: Removed TaskSet 7.0, whose tasks have all completed, from pool
[2026-03-27T14:19:56.282+0000] {subprocess.py:106} INFO - 26/03/27 14:19:56 INFO DAGScheduler: failed: Set()
[2026-03-27T14:19:56.300+0000] {subprocess.py:106} INFO - 26/03/27 14:19:56 INFO ShufflePartitionsUtil: For shuffle(3), advisory target size: 67108864, actual target size 1048576, minimum partition size: 1048576
[2026-03-27T14:19:56.338+0000] {subprocess.py:106} INFO - 26/03/27 14:19:56 WARN SparkStringUtils: Truncated the string representation of a plan since it was too large. This behavior can be adjusted by setting 'spark.sql.debug.maxToStringFields'.
[2026-03-27T14:19:56.364+0000] {subprocess.py:106} INFO - 26/03/27 14:19:56 INFO CodeGenerator: Code generated in 14.751227 ms
[2026-03-27T14:19:56.401+0000] {subprocess.py:106} INFO - 26/03/27 14:19:56 INFO CodeGenerator: Code generated in 23.479542 ms
[2026-03-27T14:19:56.414+0000] {subprocess.py:106} INFO - 26/03/27 14:19:56 INFO CodeGenerator: Code generated in 8.664482 ms
[2026-03-27T14:19:56.471+0000] {subprocess.py:106} INFO - 26/03/27 14:19:56 INFO MemoryStore: Block broadcast_16 stored as values in memory (estimated size 32.0 KiB, free 433.9 MiB)
[2026-03-27T14:19:56.482+0000] {subprocess.py:106} INFO - 26/03/27 14:19:56 INFO MemoryStore: Block broadcast_16_piece0 stored as bytes in memory (estimated size 30.3 KiB, free 433.9 MiB)
[2026-03-27T14:19:56.484+0000] {subprocess.py:106} INFO - 26/03/27 14:19:56 INFO BlockManagerInfo: Added broadcast_16_piece0 in memory on d0f687c55036:35397 (size: 30.3 KiB, free: 434.2 MiB)
[2026-03-27T14:19:56.488+0000] {subprocess.py:106} INFO - 26/03/27 14:19:56 INFO SparkContext: Created broadcast 16 from broadcast at SparkWrite.java:193
[2026-03-27T14:19:56.489+0000] {subprocess.py:106} INFO - 26/03/27 14:19:56 INFO BlockManagerInfo: Removed broadcast_15_piece0 on 172.30.0.7:37417 in memory (size: 22.9 KiB, free: 434.3 MiB)
[2026-03-27T14:19:56.489+0000] {subprocess.py:106} INFO - 26/03/27 14:19:56 INFO ReplaceDataExec: Start processing data source write support: IcebergBatchWrite(table=iceberg.silver.it_jobs_clean, format=PARQUET). The input RDD has 1 partitions.
[2026-03-27T14:19:56.492+0000] {subprocess.py:106} INFO - 26/03/27 14:19:56 INFO BlockManagerInfo: Removed broadcast_15_piece0 on d0f687c55036:35397 in memory (size: 22.9 KiB, free: 434.2 MiB)
[2026-03-27T14:19:56.500+0000] {subprocess.py:106} INFO - 26/03/27 14:19:56 INFO SparkContext: Starting job: sql at NativeMethodAccessorImpl.java:0
[2026-03-27T14:19:56.502+0000] {subprocess.py:106} INFO - 26/03/27 14:19:56 INFO DAGScheduler: Got job 6 (sql at NativeMethodAccessorImpl.java:0) with 1 output partitions
[2026-03-27T14:19:56.503+0000] {subprocess.py:106} INFO - 26/03/27 14:19:56 INFO DAGScheduler: Final stage: ResultStage 9 (sql at NativeMethodAccessorImpl.java:0)
[2026-03-27T14:19:56.504+0000] {subprocess.py:106} INFO - 26/03/27 14:19:56 INFO DAGScheduler: Parents of final stage: List(ShuffleMapStage 8)
[2026-03-27T14:19:56.508+0000] {subprocess.py:106} INFO - 26/03/27 14:19:56 INFO DAGScheduler: Missing parents: List()
[2026-03-27T14:19:56.515+0000] {subprocess.py:106} INFO - 26/03/27 14:19:56 INFO DAGScheduler: Submitting ResultStage 9 (MapPartitionsRDD[32] at sql at NativeMethodAccessorImpl.java:0), which has no missing parents
[2026-03-27T14:19:56.521+0000] {subprocess.py:106} INFO - 26/03/27 14:19:56 INFO MemoryStore: Block broadcast_17 stored as values in memory (estimated size 97.2 KiB, free 433.9 MiB)
[2026-03-27T14:19:56.523+0000] {subprocess.py:106} INFO - 26/03/27 14:19:56 INFO MemoryStore: Block broadcast_17_piece0 stored as bytes in memory (estimated size 33.5 KiB, free 433.8 MiB)
[2026-03-27T14:19:56.524+0000] {subprocess.py:106} INFO - 26/03/27 14:19:56 INFO BlockManagerInfo: Added broadcast_17_piece0 in memory on d0f687c55036:35397 (size: 33.5 KiB, free: 434.2 MiB)
[2026-03-27T14:19:56.525+0000] {subprocess.py:106} INFO - 26/03/27 14:19:56 INFO SparkContext: Created broadcast 17 from broadcast at DAGScheduler.scala:1585
[2026-03-27T14:19:56.526+0000] {subprocess.py:106} INFO - 26/03/27 14:19:56 INFO DAGScheduler: Submitting 1 missing tasks from ResultStage 9 (MapPartitionsRDD[32] at sql at NativeMethodAccessorImpl.java:0) (first 15 tasks are for partitions Vector(0))
[2026-03-27T14:19:56.527+0000] {subprocess.py:106} INFO - 26/03/27 14:19:56 INFO TaskSchedulerImpl: Adding task set 9.0 with 1 tasks resource profile 0
[2026-03-27T14:19:56.531+0000] {subprocess.py:106} INFO - 26/03/27 14:19:56 INFO TaskSetManager: Starting task 0.0 in stage 9.0 (TID 6) (172.30.0.7, executor 0, partition 0, PROCESS_LOCAL, 9976 bytes)
[2026-03-27T14:19:56.571+0000] {subprocess.py:106} INFO - 26/03/27 14:19:56 INFO BlockManagerInfo: Added broadcast_17_piece0 in memory on 172.30.0.7:37417 (size: 33.5 KiB, free: 434.3 MiB)
[2026-03-27T14:19:56.675+0000] {subprocess.py:106} INFO - 26/03/27 14:19:56 INFO MapOutputTrackerMasterEndpoint: Asked to send map output locations for shuffle 3 to 172.30.0.7:60036
[2026-03-27T14:19:56.956+0000] {subprocess.py:106} INFO - 26/03/27 14:19:56 INFO BlockManagerInfo: Added broadcast_16_piece0 in memory on 172.30.0.7:37417 (size: 30.3 KiB, free: 434.3 MiB)
[2026-03-27T14:19:57.249+0000] {subprocess.py:106} INFO - 26/03/27 14:19:57 INFO TaskSetManager: Finished task 0.0 in stage 9.0 (TID 6) in 720 ms on 172.30.0.7 (executor 0) (1/1)
[2026-03-27T14:19:57.251+0000] {subprocess.py:106} INFO - 26/03/27 14:19:57 INFO TaskSchedulerImpl: Removed TaskSet 9.0, whose tasks have all completed, from pool
[2026-03-27T14:19:57.257+0000] {subprocess.py:106} INFO - 26/03/27 14:19:57 INFO DAGScheduler: ResultStage 9 (sql at NativeMethodAccessorImpl.java:0) finished in 0.737 s
[2026-03-27T14:19:57.258+0000] {subprocess.py:106} INFO - 26/03/27 14:19:57 INFO DAGScheduler: Job 6 is finished. Cancelling potential speculative or zombie tasks for this job
[2026-03-27T14:19:57.260+0000] {subprocess.py:106} INFO - 26/03/27 14:19:57 INFO TaskSchedulerImpl: Killing all running tasks in stage 9: Stage finished
[2026-03-27T14:19:57.261+0000] {subprocess.py:106} INFO - 26/03/27 14:19:57 INFO DAGScheduler: Job 6 finished: sql at NativeMethodAccessorImpl.java:0, took 0.751938 s
[2026-03-27T14:19:57.263+0000] {subprocess.py:106} INFO - 26/03/27 14:19:57 INFO ReplaceDataExec: Data source write support IcebergBatchWrite(table=iceberg.silver.it_jobs_clean, format=PARQUET) is committing.
[2026-03-27T14:19:57.296+0000] {subprocess.py:106} INFO - 26/03/27 14:19:57 INFO SparkWrite: Committing overwrite of 0 data files with 0 new data files, scanSnapshotId: 7858053573548200746, conflictDetectionFilter: true to table iceberg.silver.it_jobs_clean
[2026-03-27T14:19:57.616+0000] {subprocess.py:106} INFO - 26/03/27 14:19:57 INFO BlockManagerInfo: Removed broadcast_17_piece0 on d0f687c55036:35397 in memory (size: 33.5 KiB, free: 434.2 MiB)
[2026-03-27T14:19:57.622+0000] {subprocess.py:106} INFO - 26/03/27 14:19:57 INFO BlockManagerInfo: Removed broadcast_17_piece0 on 172.30.0.7:37417 in memory (size: 33.5 KiB, free: 434.3 MiB)
[2026-03-27T14:19:57.964+0000] {subprocess.py:106} INFO - 26/03/27 14:19:57 INFO HiveTableOperations: Committed to table iceberg.silver.it_jobs_clean with the new metadata location s3a://warehouse/iceberg_data/silver.db/it_jobs_clean/metadata/00021-5dd6f5f4-40ee-4469-95c9-777eadc43a59.metadata.json
[2026-03-27T14:19:57.965+0000] {subprocess.py:106} INFO - 26/03/27 14:19:57 INFO BaseMetastoreTableOperations: Successfully committed to table iceberg.silver.it_jobs_clean in 303 ms
[2026-03-27T14:19:57.966+0000] {subprocess.py:106} INFO - 26/03/27 14:19:57 INFO SnapshotProducer: Committed snapshot 920184727014240056 (BaseOverwriteFiles)
[2026-03-27T14:19:57.980+0000] {subprocess.py:106} INFO - 26/03/27 14:19:57 INFO BaseMetastoreTableOperations: Refreshing table metadata from new version: s3a://warehouse/iceberg_data/silver.db/it_jobs_clean/metadata/00021-5dd6f5f4-40ee-4469-95c9-777eadc43a59.metadata.json
[2026-03-27T14:19:58.056+0000] {subprocess.py:106} INFO - 26/03/27 14:19:58 INFO LoggingMetricsReporter: Received metrics report: CommitReport{tableName=iceberg.silver.it_jobs_clean, snapshotId=920184727014240056, sequenceNumber=22, operation=overwrite, commitMetrics=CommitMetricsResult{totalDuration=TimerResult{timeUnit=NANOSECONDS, totalDuration=PT0.728383949S, count=1}, attempts=CounterResult{unit=COUNT, value=1}, addedDataFiles=null, removedDataFiles=null, totalDataFiles=CounterResult{unit=COUNT, value=20}, addedDeleteFiles=null, addedEqualityDeleteFiles=null, addedPositionalDeleteFiles=null, removedDeleteFiles=null, removedEqualityDeleteFiles=null, removedPositionalDeleteFiles=null, totalDeleteFiles=CounterResult{unit=COUNT, value=0}, addedRecords=null, removedRecords=null, totalRecords=CounterResult{unit=COUNT, value=9014}, addedFilesSizeInBytes=null, removedFilesSizeInBytes=null, totalFilesSizeInBytes=CounterResult{unit=BYTES, value=467314}, addedPositionalDeletes=null, removedPositionalDeletes=null, totalPositionalDeletes=CounterResult{unit=COUNT, value=0}, addedEqualityDeletes=null, removedEqualityDeletes=null, totalEqualityDeletes=CounterResult{unit=COUNT, value=0}}, metadata={engine-version=3.5.3, app-id=app-20260327141933-0004, engine-name=spark, iceberg-version=Apache Iceberg 1.6.1 (commit 8e9d59d299be42b0bca9461457cd1e95dbaad086)}}
[2026-03-27T14:19:58.056+0000] {subprocess.py:106} INFO - 26/03/27 14:19:58 INFO SparkWrite: Committed in 759 ms
[2026-03-27T14:19:58.057+0000] {subprocess.py:106} INFO - 26/03/27 14:19:58 INFO ReplaceDataExec: Data source write support IcebergBatchWrite(table=iceberg.silver.it_jobs_clean, format=PARQUET) committed.
[2026-03-27T14:19:58.059+0000] {subprocess.py:106} INFO - >>> SUCCESS: Data Merged (Upsert).
[2026-03-27T14:19:58.060+0000] {subprocess.py:106} INFO - 26/03/27 14:19:58 INFO SparkContext: SparkContext is stopping with exitCode 0.
[2026-03-27T14:19:58.075+0000] {subprocess.py:106} INFO - 26/03/27 14:19:58 INFO SparkUI: Stopped Spark web UI at http://d0f687c55036:4040
[2026-03-27T14:19:58.083+0000] {subprocess.py:106} INFO - 26/03/27 14:19:58 INFO StandaloneSchedulerBackend: Shutting down all executors
[2026-03-27T14:19:58.085+0000] {subprocess.py:106} INFO - 26/03/27 14:19:58 INFO StandaloneSchedulerBackend$StandaloneDriverEndpoint: Asking each executor to shut down
[2026-03-27T14:19:58.125+0000] {subprocess.py:106} INFO - 26/03/27 14:19:58 INFO MapOutputTrackerMasterEndpoint: MapOutputTrackerMasterEndpoint stopped!
[2026-03-27T14:19:58.166+0000] {subprocess.py:106} INFO - 26/03/27 14:19:58 INFO MemoryStore: MemoryStore cleared
[2026-03-27T14:19:58.172+0000] {subprocess.py:106} INFO - 26/03/27 14:19:58 INFO BlockManager: BlockManager stopped
[2026-03-27T14:19:58.176+0000] {subprocess.py:106} INFO - 26/03/27 14:19:58 INFO BlockManagerMaster: BlockManagerMaster stopped
[2026-03-27T14:19:58.189+0000] {subprocess.py:106} INFO - 26/03/27 14:19:58 INFO OutputCommitCoordinator$OutputCommitCoordinatorEndpoint: OutputCommitCoordinator stopped!
[2026-03-27T14:19:58.289+0000] {subprocess.py:106} INFO - 26/03/27 14:19:58 INFO SparkContext: Successfully stopped SparkContext
[2026-03-27T14:19:58.714+0000] {subprocess.py:106} INFO - 26/03/27 14:19:58 INFO ShutdownHookManager: Shutdown hook called
[2026-03-27T14:19:58.714+0000] {subprocess.py:106} INFO - 26/03/27 14:19:58 INFO ShutdownHookManager: Deleting directory /tmp/spark-a123ad80-b480-471b-8b84-cd98829421fb
[2026-03-27T14:19:58.719+0000] {subprocess.py:106} INFO - 26/03/27 14:19:58 INFO ShutdownHookManager: Deleting directory /tmp/spark-a123ad80-b480-471b-8b84-cd98829421fb/pyspark-1e7976ba-9a0d-4362-8542-445157eae3b3
[2026-03-27T14:19:58.723+0000] {subprocess.py:106} INFO - 26/03/27 14:19:58 INFO ShutdownHookManager: Deleting directory /tmp/spark-f7d1f3c8-8c4b-4021-b972-8673b6dcb9d8
[2026-03-27T14:19:58.730+0000] {subprocess.py:106} INFO - 26/03/27 14:19:58 INFO MetricsSystemImpl: Stopping s3a-file-system metrics system...
[2026-03-27T14:19:58.732+0000] {subprocess.py:106} INFO - 26/03/27 14:19:58 INFO MetricsSystemImpl: s3a-file-system metrics system stopped.
[2026-03-27T14:19:58.733+0000] {subprocess.py:106} INFO - 26/03/27 14:19:58 INFO MetricsSystemImpl: s3a-file-system metrics system shutdown complete.
[2026-03-27T14:19:58.935+0000] {subprocess.py:110} INFO - Command exited with return code 0
[2026-03-27T14:19:59.002+0000] {taskinstance.py:341} INFO - ::group::Post task execution logs
[2026-03-27T14:19:59.003+0000] {taskinstance.py:353} INFO - Marking task as SUCCESS. dag_id=crawl_etl_itjob, task_id=clean_silver, run_id=scheduled__2026-03-25T02:00:00+00:00, execution_date=20260325T020000, start_date=20260327T141928, end_date=20260327T141959
[2026-03-27T14:19:59.113+0000] {local_task_job_runner.py:266} INFO - Task exited with return code 0
[2026-03-27T14:19:59.147+0000] {taskinstance.py:3901} INFO - 1 downstream tasks scheduled from follow-on schedule check
[2026-03-27T14:19:59.149+0000] {local_task_job_runner.py:245} INFO - ::endgroup::
