[2026-04-18T08:57:15.094+0000] {processor.py:186} INFO - Started process (PID=38) to work on /opt/airflow/dags/Crawl_ETL_ITJob.py
[2026-04-18T08:57:15.096+0000] {processor.py:914} INFO - Processing file /opt/airflow/dags/Crawl_ETL_ITJob.py for tasks to queue
[2026-04-18T08:57:15.100+0000] {logging_mixin.py:190} INFO - [2026-04-18T08:57:15.099+0000] {dagbag.py:588} INFO - Filling up the DagBag from /opt/airflow/dags/Crawl_ETL_ITJob.py
[2026-04-18T08:57:15.148+0000] {processor.py:925} INFO - DAG(s) 'crawl_etl_itjob' retrieved from /opt/airflow/dags/Crawl_ETL_ITJob.py
[2026-04-18T08:57:15.252+0000] {logging_mixin.py:190} INFO - [2026-04-18T08:57:15.252+0000] {dag.py:3239} INFO - Sync 1 DAGs
[2026-04-18T08:57:15.497+0000] {processor.py:208} INFO - Processing /opt/airflow/dags/Crawl_ETL_ITJob.py took 0.423 seconds
[2026-04-18T08:57:45.897+0000] {processor.py:186} INFO - Started process (PID=42) to work on /opt/airflow/dags/Crawl_ETL_ITJob.py
[2026-04-18T08:57:45.899+0000] {processor.py:914} INFO - Processing file /opt/airflow/dags/Crawl_ETL_ITJob.py for tasks to queue
[2026-04-18T08:57:45.903+0000] {logging_mixin.py:190} INFO - [2026-04-18T08:57:45.902+0000] {dagbag.py:588} INFO - Filling up the DagBag from /opt/airflow/dags/Crawl_ETL_ITJob.py
[2026-04-18T08:57:45.943+0000] {processor.py:925} INFO - DAG(s) 'crawl_etl_itjob' retrieved from /opt/airflow/dags/Crawl_ETL_ITJob.py
[2026-04-18T08:57:45.993+0000] {logging_mixin.py:190} INFO - [2026-04-18T08:57:45.993+0000] {dag.py:3239} INFO - Sync 1 DAGs
[2026-04-18T08:57:46.091+0000] {processor.py:208} INFO - Processing /opt/airflow/dags/Crawl_ETL_ITJob.py took 0.211 seconds
[2026-04-18T08:58:16.721+0000] {processor.py:186} INFO - Started process (PID=46) to work on /opt/airflow/dags/Crawl_ETL_ITJob.py
[2026-04-18T08:58:16.722+0000] {processor.py:914} INFO - Processing file /opt/airflow/dags/Crawl_ETL_ITJob.py for tasks to queue
[2026-04-18T08:58:16.723+0000] {logging_mixin.py:190} INFO - [2026-04-18T08:58:16.723+0000] {dagbag.py:588} INFO - Filling up the DagBag from /opt/airflow/dags/Crawl_ETL_ITJob.py
[2026-04-18T08:58:16.745+0000] {processor.py:925} INFO - DAG(s) 'crawl_etl_itjob' retrieved from /opt/airflow/dags/Crawl_ETL_ITJob.py
[2026-04-18T08:58:16.797+0000] {logging_mixin.py:190} INFO - [2026-04-18T08:58:16.797+0000] {dag.py:3239} INFO - Sync 1 DAGs
[2026-04-18T08:58:16.868+0000] {processor.py:208} INFO - Processing /opt/airflow/dags/Crawl_ETL_ITJob.py took 0.153 seconds
[2026-04-18T08:58:47.047+0000] {processor.py:186} INFO - Started process (PID=50) to work on /opt/airflow/dags/Crawl_ETL_ITJob.py
[2026-04-18T08:58:47.047+0000] {processor.py:914} INFO - Processing file /opt/airflow/dags/Crawl_ETL_ITJob.py for tasks to queue
[2026-04-18T08:58:47.049+0000] {logging_mixin.py:190} INFO - [2026-04-18T08:58:47.049+0000] {dagbag.py:588} INFO - Filling up the DagBag from /opt/airflow/dags/Crawl_ETL_ITJob.py
[2026-04-18T08:58:47.068+0000] {processor.py:925} INFO - DAG(s) 'crawl_etl_itjob' retrieved from /opt/airflow/dags/Crawl_ETL_ITJob.py
[2026-04-18T08:58:47.118+0000] {logging_mixin.py:190} INFO - [2026-04-18T08:58:47.118+0000] {dag.py:3239} INFO - Sync 1 DAGs
[2026-04-18T08:58:47.200+0000] {processor.py:208} INFO - Processing /opt/airflow/dags/Crawl_ETL_ITJob.py took 0.158 seconds
[2026-04-18T08:59:17.364+0000] {processor.py:186} INFO - Started process (PID=54) to work on /opt/airflow/dags/Crawl_ETL_ITJob.py
[2026-04-18T08:59:17.365+0000] {processor.py:914} INFO - Processing file /opt/airflow/dags/Crawl_ETL_ITJob.py for tasks to queue
[2026-04-18T08:59:17.367+0000] {logging_mixin.py:190} INFO - [2026-04-18T08:59:17.366+0000] {dagbag.py:588} INFO - Filling up the DagBag from /opt/airflow/dags/Crawl_ETL_ITJob.py
[2026-04-18T08:59:17.386+0000] {processor.py:925} INFO - DAG(s) 'crawl_etl_itjob' retrieved from /opt/airflow/dags/Crawl_ETL_ITJob.py
[2026-04-18T08:59:17.437+0000] {logging_mixin.py:190} INFO - [2026-04-18T08:59:17.436+0000] {dag.py:3239} INFO - Sync 1 DAGs
[2026-04-18T08:59:17.519+0000] {processor.py:208} INFO - Processing /opt/airflow/dags/Crawl_ETL_ITJob.py took 0.162 seconds
[2026-04-18T08:59:47.702+0000] {processor.py:186} INFO - Started process (PID=58) to work on /opt/airflow/dags/Crawl_ETL_ITJob.py
[2026-04-18T08:59:47.703+0000] {processor.py:914} INFO - Processing file /opt/airflow/dags/Crawl_ETL_ITJob.py for tasks to queue
[2026-04-18T08:59:47.704+0000] {logging_mixin.py:190} INFO - [2026-04-18T08:59:47.704+0000] {dagbag.py:588} INFO - Filling up the DagBag from /opt/airflow/dags/Crawl_ETL_ITJob.py
[2026-04-18T08:59:47.726+0000] {processor.py:925} INFO - DAG(s) 'crawl_etl_itjob' retrieved from /opt/airflow/dags/Crawl_ETL_ITJob.py
[2026-04-18T08:59:47.772+0000] {logging_mixin.py:190} INFO - [2026-04-18T08:59:47.772+0000] {dag.py:3239} INFO - Sync 1 DAGs
[2026-04-18T08:59:47.874+0000] {processor.py:208} INFO - Processing /opt/airflow/dags/Crawl_ETL_ITJob.py took 0.177 seconds
[2026-04-18T09:00:18.616+0000] {processor.py:186} INFO - Started process (PID=62) to work on /opt/airflow/dags/Crawl_ETL_ITJob.py
[2026-04-18T09:00:18.617+0000] {processor.py:914} INFO - Processing file /opt/airflow/dags/Crawl_ETL_ITJob.py for tasks to queue
[2026-04-18T09:00:18.619+0000] {logging_mixin.py:190} INFO - [2026-04-18T09:00:18.619+0000] {dagbag.py:588} INFO - Filling up the DagBag from /opt/airflow/dags/Crawl_ETL_ITJob.py
[2026-04-18T09:00:18.653+0000] {processor.py:925} INFO - DAG(s) 'crawl_etl_itjob' retrieved from /opt/airflow/dags/Crawl_ETL_ITJob.py
[2026-04-18T09:00:18.722+0000] {logging_mixin.py:190} INFO - [2026-04-18T09:00:18.722+0000] {dag.py:3239} INFO - Sync 1 DAGs
[2026-04-18T09:00:18.828+0000] {processor.py:208} INFO - Processing /opt/airflow/dags/Crawl_ETL_ITJob.py took 0.221 seconds
[2026-04-18T09:00:49.357+0000] {processor.py:186} INFO - Started process (PID=66) to work on /opt/airflow/dags/Crawl_ETL_ITJob.py
[2026-04-18T09:00:49.358+0000] {processor.py:914} INFO - Processing file /opt/airflow/dags/Crawl_ETL_ITJob.py for tasks to queue
[2026-04-18T09:00:49.360+0000] {logging_mixin.py:190} INFO - [2026-04-18T09:00:49.359+0000] {dagbag.py:588} INFO - Filling up the DagBag from /opt/airflow/dags/Crawl_ETL_ITJob.py
[2026-04-18T09:00:49.387+0000] {processor.py:925} INFO - DAG(s) 'crawl_etl_itjob' retrieved from /opt/airflow/dags/Crawl_ETL_ITJob.py
[2026-04-18T09:00:49.447+0000] {logging_mixin.py:190} INFO - [2026-04-18T09:00:49.447+0000] {dag.py:3239} INFO - Sync 1 DAGs
[2026-04-18T09:00:49.528+0000] {processor.py:208} INFO - Processing /opt/airflow/dags/Crawl_ETL_ITJob.py took 0.179 seconds
[2026-04-18T09:01:19.801+0000] {processor.py:186} INFO - Started process (PID=70) to work on /opt/airflow/dags/Crawl_ETL_ITJob.py
[2026-04-18T09:01:19.802+0000] {processor.py:914} INFO - Processing file /opt/airflow/dags/Crawl_ETL_ITJob.py for tasks to queue
[2026-04-18T09:01:19.804+0000] {logging_mixin.py:190} INFO - [2026-04-18T09:01:19.803+0000] {dagbag.py:588} INFO - Filling up the DagBag from /opt/airflow/dags/Crawl_ETL_ITJob.py
[2026-04-18T09:01:19.830+0000] {processor.py:925} INFO - DAG(s) 'crawl_etl_itjob' retrieved from /opt/airflow/dags/Crawl_ETL_ITJob.py
[2026-04-18T09:01:19.903+0000] {logging_mixin.py:190} INFO - [2026-04-18T09:01:19.902+0000] {dag.py:3239} INFO - Sync 1 DAGs
[2026-04-18T09:01:20.023+0000] {processor.py:208} INFO - Processing /opt/airflow/dags/Crawl_ETL_ITJob.py took 0.230 seconds
[2026-04-18T09:01:50.400+0000] {processor.py:186} INFO - Started process (PID=74) to work on /opt/airflow/dags/Crawl_ETL_ITJob.py
[2026-04-18T09:01:50.401+0000] {processor.py:914} INFO - Processing file /opt/airflow/dags/Crawl_ETL_ITJob.py for tasks to queue
[2026-04-18T09:01:50.406+0000] {logging_mixin.py:190} INFO - [2026-04-18T09:01:50.405+0000] {dagbag.py:588} INFO - Filling up the DagBag from /opt/airflow/dags/Crawl_ETL_ITJob.py
[2026-04-18T09:01:50.459+0000] {processor.py:925} INFO - DAG(s) 'crawl_etl_itjob' retrieved from /opt/airflow/dags/Crawl_ETL_ITJob.py
[2026-04-18T09:01:50.533+0000] {logging_mixin.py:190} INFO - [2026-04-18T09:01:50.533+0000] {dag.py:3239} INFO - Sync 1 DAGs
[2026-04-18T09:01:50.649+0000] {processor.py:208} INFO - Processing /opt/airflow/dags/Crawl_ETL_ITJob.py took 0.263 seconds
[2026-04-18T09:02:20.867+0000] {processor.py:186} INFO - Started process (PID=78) to work on /opt/airflow/dags/Crawl_ETL_ITJob.py
[2026-04-18T09:02:20.868+0000] {processor.py:914} INFO - Processing file /opt/airflow/dags/Crawl_ETL_ITJob.py for tasks to queue
[2026-04-18T09:02:20.869+0000] {logging_mixin.py:190} INFO - [2026-04-18T09:02:20.869+0000] {dagbag.py:588} INFO - Filling up the DagBag from /opt/airflow/dags/Crawl_ETL_ITJob.py
[2026-04-18T09:02:20.894+0000] {processor.py:925} INFO - DAG(s) 'crawl_etl_itjob' retrieved from /opt/airflow/dags/Crawl_ETL_ITJob.py
[2026-04-18T09:02:20.943+0000] {logging_mixin.py:190} INFO - [2026-04-18T09:02:20.942+0000] {dag.py:3239} INFO - Sync 1 DAGs
[2026-04-18T09:02:21.012+0000] {processor.py:208} INFO - Processing /opt/airflow/dags/Crawl_ETL_ITJob.py took 0.151 seconds
[2026-04-18T09:02:51.215+0000] {processor.py:186} INFO - Started process (PID=82) to work on /opt/airflow/dags/Crawl_ETL_ITJob.py
[2026-04-18T09:02:51.217+0000] {processor.py:914} INFO - Processing file /opt/airflow/dags/Crawl_ETL_ITJob.py for tasks to queue
[2026-04-18T09:02:51.220+0000] {logging_mixin.py:190} INFO - [2026-04-18T09:02:51.219+0000] {dagbag.py:588} INFO - Filling up the DagBag from /opt/airflow/dags/Crawl_ETL_ITJob.py
[2026-04-18T09:02:51.261+0000] {processor.py:925} INFO - DAG(s) 'crawl_etl_itjob' retrieved from /opt/airflow/dags/Crawl_ETL_ITJob.py
[2026-04-18T09:02:51.335+0000] {logging_mixin.py:190} INFO - [2026-04-18T09:02:51.334+0000] {dag.py:3239} INFO - Sync 1 DAGs
[2026-04-18T09:02:51.430+0000] {processor.py:208} INFO - Processing /opt/airflow/dags/Crawl_ETL_ITJob.py took 0.224 seconds
[2026-04-18T09:03:21.675+0000] {processor.py:186} INFO - Started process (PID=86) to work on /opt/airflow/dags/Crawl_ETL_ITJob.py
[2026-04-18T09:03:21.677+0000] {processor.py:914} INFO - Processing file /opt/airflow/dags/Crawl_ETL_ITJob.py for tasks to queue
[2026-04-18T09:03:21.681+0000] {logging_mixin.py:190} INFO - [2026-04-18T09:03:21.680+0000] {dagbag.py:588} INFO - Filling up the DagBag from /opt/airflow/dags/Crawl_ETL_ITJob.py
[2026-04-18T09:03:21.719+0000] {processor.py:925} INFO - DAG(s) 'crawl_etl_itjob' retrieved from /opt/airflow/dags/Crawl_ETL_ITJob.py
[2026-04-18T09:03:21.788+0000] {logging_mixin.py:190} INFO - [2026-04-18T09:03:21.788+0000] {dag.py:3239} INFO - Sync 1 DAGs
[2026-04-18T09:03:21.880+0000] {processor.py:208} INFO - Processing /opt/airflow/dags/Crawl_ETL_ITJob.py took 0.216 seconds
[2026-04-18T09:03:51.948+0000] {processor.py:186} INFO - Started process (PID=90) to work on /opt/airflow/dags/Crawl_ETL_ITJob.py
[2026-04-18T09:03:51.949+0000] {processor.py:914} INFO - Processing file /opt/airflow/dags/Crawl_ETL_ITJob.py for tasks to queue
[2026-04-18T09:03:51.951+0000] {logging_mixin.py:190} INFO - [2026-04-18T09:03:51.950+0000] {dagbag.py:588} INFO - Filling up the DagBag from /opt/airflow/dags/Crawl_ETL_ITJob.py
[2026-04-18T09:03:51.972+0000] {processor.py:925} INFO - DAG(s) 'crawl_etl_itjob' retrieved from /opt/airflow/dags/Crawl_ETL_ITJob.py
[2026-04-18T09:03:52.021+0000] {logging_mixin.py:190} INFO - [2026-04-18T09:03:52.020+0000] {dag.py:3239} INFO - Sync 1 DAGs
[2026-04-18T09:03:52.118+0000] {processor.py:208} INFO - Processing /opt/airflow/dags/Crawl_ETL_ITJob.py took 0.177 seconds
[2026-04-18T09:04:22.558+0000] {processor.py:186} INFO - Started process (PID=94) to work on /opt/airflow/dags/Crawl_ETL_ITJob.py
[2026-04-18T09:04:22.558+0000] {processor.py:914} INFO - Processing file /opt/airflow/dags/Crawl_ETL_ITJob.py for tasks to queue
[2026-04-18T09:04:22.560+0000] {logging_mixin.py:190} INFO - [2026-04-18T09:04:22.559+0000] {dagbag.py:588} INFO - Filling up the DagBag from /opt/airflow/dags/Crawl_ETL_ITJob.py
[2026-04-18T09:04:22.577+0000] {processor.py:925} INFO - DAG(s) 'crawl_etl_itjob' retrieved from /opt/airflow/dags/Crawl_ETL_ITJob.py
[2026-04-18T09:04:22.618+0000] {logging_mixin.py:190} INFO - [2026-04-18T09:04:22.618+0000] {dag.py:3239} INFO - Sync 1 DAGs
[2026-04-18T09:04:22.689+0000] {processor.py:208} INFO - Processing /opt/airflow/dags/Crawl_ETL_ITJob.py took 0.137 seconds
[2026-04-18T09:04:53.093+0000] {processor.py:186} INFO - Started process (PID=98) to work on /opt/airflow/dags/Crawl_ETL_ITJob.py
[2026-04-18T09:04:53.093+0000] {processor.py:914} INFO - Processing file /opt/airflow/dags/Crawl_ETL_ITJob.py for tasks to queue
[2026-04-18T09:04:53.095+0000] {logging_mixin.py:190} INFO - [2026-04-18T09:04:53.095+0000] {dagbag.py:588} INFO - Filling up the DagBag from /opt/airflow/dags/Crawl_ETL_ITJob.py
[2026-04-18T09:04:53.120+0000] {processor.py:925} INFO - DAG(s) 'crawl_etl_itjob' retrieved from /opt/airflow/dags/Crawl_ETL_ITJob.py
[2026-04-18T09:04:53.169+0000] {logging_mixin.py:190} INFO - [2026-04-18T09:04:53.169+0000] {dag.py:3239} INFO - Sync 1 DAGs
[2026-04-18T09:04:53.246+0000] {processor.py:208} INFO - Processing /opt/airflow/dags/Crawl_ETL_ITJob.py took 0.160 seconds
[2026-04-18T09:05:23.513+0000] {processor.py:186} INFO - Started process (PID=102) to work on /opt/airflow/dags/Crawl_ETL_ITJob.py
[2026-04-18T09:05:23.517+0000] {processor.py:914} INFO - Processing file /opt/airflow/dags/Crawl_ETL_ITJob.py for tasks to queue
[2026-04-18T09:05:23.523+0000] {logging_mixin.py:190} INFO - [2026-04-18T09:05:23.523+0000] {dagbag.py:588} INFO - Filling up the DagBag from /opt/airflow/dags/Crawl_ETL_ITJob.py
[2026-04-18T09:05:23.562+0000] {processor.py:925} INFO - DAG(s) 'crawl_etl_itjob' retrieved from /opt/airflow/dags/Crawl_ETL_ITJob.py
[2026-04-18T09:05:23.648+0000] {logging_mixin.py:190} INFO - [2026-04-18T09:05:23.647+0000] {dag.py:3239} INFO - Sync 1 DAGs
[2026-04-18T09:05:23.781+0000] {processor.py:208} INFO - Processing /opt/airflow/dags/Crawl_ETL_ITJob.py took 0.279 seconds
[2026-04-18T09:05:54.683+0000] {processor.py:186} INFO - Started process (PID=106) to work on /opt/airflow/dags/Crawl_ETL_ITJob.py
[2026-04-18T09:05:54.683+0000] {processor.py:914} INFO - Processing file /opt/airflow/dags/Crawl_ETL_ITJob.py for tasks to queue
[2026-04-18T09:05:54.684+0000] {logging_mixin.py:190} INFO - [2026-04-18T09:05:54.684+0000] {dagbag.py:588} INFO - Filling up the DagBag from /opt/airflow/dags/Crawl_ETL_ITJob.py
[2026-04-18T09:05:54.700+0000] {processor.py:925} INFO - DAG(s) 'crawl_etl_itjob' retrieved from /opt/airflow/dags/Crawl_ETL_ITJob.py
[2026-04-18T09:05:54.734+0000] {logging_mixin.py:190} INFO - [2026-04-18T09:05:54.734+0000] {dag.py:3239} INFO - Sync 1 DAGs
[2026-04-18T09:05:54.795+0000] {processor.py:208} INFO - Processing /opt/airflow/dags/Crawl_ETL_ITJob.py took 0.117 seconds
[2026-04-18T09:06:24.906+0000] {processor.py:186} INFO - Started process (PID=110) to work on /opt/airflow/dags/Crawl_ETL_ITJob.py
[2026-04-18T09:06:24.906+0000] {processor.py:914} INFO - Processing file /opt/airflow/dags/Crawl_ETL_ITJob.py for tasks to queue
[2026-04-18T09:06:24.909+0000] {logging_mixin.py:190} INFO - [2026-04-18T09:06:24.909+0000] {dagbag.py:588} INFO - Filling up the DagBag from /opt/airflow/dags/Crawl_ETL_ITJob.py
[2026-04-18T09:06:24.929+0000] {processor.py:925} INFO - DAG(s) 'crawl_etl_itjob' retrieved from /opt/airflow/dags/Crawl_ETL_ITJob.py
[2026-04-18T09:06:24.985+0000] {logging_mixin.py:190} INFO - [2026-04-18T09:06:24.985+0000] {dag.py:3239} INFO - Sync 1 DAGs
[2026-04-18T09:06:25.068+0000] {processor.py:208} INFO - Processing /opt/airflow/dags/Crawl_ETL_ITJob.py took 0.169 seconds
[2026-04-18T09:06:56.114+0000] {processor.py:186} INFO - Started process (PID=114) to work on /opt/airflow/dags/Crawl_ETL_ITJob.py
[2026-04-18T09:06:56.115+0000] {processor.py:914} INFO - Processing file /opt/airflow/dags/Crawl_ETL_ITJob.py for tasks to queue
[2026-04-18T09:06:56.116+0000] {logging_mixin.py:190} INFO - [2026-04-18T09:06:56.116+0000] {dagbag.py:588} INFO - Filling up the DagBag from /opt/airflow/dags/Crawl_ETL_ITJob.py
[2026-04-18T09:06:56.147+0000] {processor.py:925} INFO - DAG(s) 'crawl_etl_itjob' retrieved from /opt/airflow/dags/Crawl_ETL_ITJob.py
[2026-04-18T09:06:56.232+0000] {logging_mixin.py:190} INFO - [2026-04-18T09:06:56.232+0000] {dag.py:3239} INFO - Sync 1 DAGs
[2026-04-18T09:06:56.308+0000] {processor.py:208} INFO - Processing /opt/airflow/dags/Crawl_ETL_ITJob.py took 0.202 seconds
[2026-04-18T09:07:29.427+0000] {processor.py:186} INFO - Started process (PID=118) to work on /opt/airflow/dags/Crawl_ETL_ITJob.py
[2026-04-18T09:07:29.428+0000] {processor.py:914} INFO - Processing file /opt/airflow/dags/Crawl_ETL_ITJob.py for tasks to queue
[2026-04-18T09:07:29.430+0000] {logging_mixin.py:190} INFO - [2026-04-18T09:07:29.430+0000] {dagbag.py:588} INFO - Filling up the DagBag from /opt/airflow/dags/Crawl_ETL_ITJob.py
[2026-04-18T09:07:29.458+0000] {processor.py:925} INFO - DAG(s) 'crawl_etl_itjob' retrieved from /opt/airflow/dags/Crawl_ETL_ITJob.py
[2026-04-18T09:07:29.544+0000] {logging_mixin.py:190} INFO - [2026-04-18T09:07:29.544+0000] {dag.py:3239} INFO - Sync 1 DAGs
[2026-04-18T09:07:29.662+0000] {processor.py:208} INFO - Processing /opt/airflow/dags/Crawl_ETL_ITJob.py took 0.244 seconds
[2026-04-18T09:07:59.860+0000] {processor.py:186} INFO - Started process (PID=122) to work on /opt/airflow/dags/Crawl_ETL_ITJob.py
[2026-04-18T09:07:59.860+0000] {processor.py:914} INFO - Processing file /opt/airflow/dags/Crawl_ETL_ITJob.py for tasks to queue
[2026-04-18T09:07:59.863+0000] {logging_mixin.py:190} INFO - [2026-04-18T09:07:59.862+0000] {dagbag.py:588} INFO - Filling up the DagBag from /opt/airflow/dags/Crawl_ETL_ITJob.py
[2026-04-18T09:07:59.887+0000] {processor.py:925} INFO - DAG(s) 'crawl_etl_itjob' retrieved from /opt/airflow/dags/Crawl_ETL_ITJob.py
[2026-04-18T09:07:59.939+0000] {logging_mixin.py:190} INFO - [2026-04-18T09:07:59.939+0000] {dag.py:3239} INFO - Sync 1 DAGs
[2026-04-18T09:08:00.016+0000] {processor.py:208} INFO - Processing /opt/airflow/dags/Crawl_ETL_ITJob.py took 0.166 seconds
[2026-04-18T09:08:30.677+0000] {processor.py:186} INFO - Started process (PID=126) to work on /opt/airflow/dags/Crawl_ETL_ITJob.py
[2026-04-18T09:08:30.678+0000] {processor.py:914} INFO - Processing file /opt/airflow/dags/Crawl_ETL_ITJob.py for tasks to queue
[2026-04-18T09:08:30.679+0000] {logging_mixin.py:190} INFO - [2026-04-18T09:08:30.679+0000] {dagbag.py:588} INFO - Filling up the DagBag from /opt/airflow/dags/Crawl_ETL_ITJob.py
[2026-04-18T09:08:30.704+0000] {processor.py:925} INFO - DAG(s) 'crawl_etl_itjob' retrieved from /opt/airflow/dags/Crawl_ETL_ITJob.py
[2026-04-18T09:08:30.750+0000] {logging_mixin.py:190} INFO - [2026-04-18T09:08:30.750+0000] {dag.py:3239} INFO - Sync 1 DAGs
[2026-04-18T09:08:30.821+0000] {processor.py:208} INFO - Processing /opt/airflow/dags/Crawl_ETL_ITJob.py took 0.151 seconds
[2026-04-18T09:09:01.323+0000] {processor.py:186} INFO - Started process (PID=130) to work on /opt/airflow/dags/Crawl_ETL_ITJob.py
[2026-04-18T09:09:01.324+0000] {processor.py:914} INFO - Processing file /opt/airflow/dags/Crawl_ETL_ITJob.py for tasks to queue
[2026-04-18T09:09:01.326+0000] {logging_mixin.py:190} INFO - [2026-04-18T09:09:01.326+0000] {dagbag.py:588} INFO - Filling up the DagBag from /opt/airflow/dags/Crawl_ETL_ITJob.py
[2026-04-18T09:09:01.349+0000] {processor.py:925} INFO - DAG(s) 'crawl_etl_itjob' retrieved from /opt/airflow/dags/Crawl_ETL_ITJob.py
[2026-04-18T09:09:01.398+0000] {logging_mixin.py:190} INFO - [2026-04-18T09:09:01.398+0000] {dag.py:3239} INFO - Sync 1 DAGs
[2026-04-18T09:09:01.479+0000] {processor.py:208} INFO - Processing /opt/airflow/dags/Crawl_ETL_ITJob.py took 0.163 seconds
[2026-04-18T09:09:32.760+0000] {processor.py:186} INFO - Started process (PID=134) to work on /opt/airflow/dags/Crawl_ETL_ITJob.py
[2026-04-18T09:09:32.761+0000] {processor.py:914} INFO - Processing file /opt/airflow/dags/Crawl_ETL_ITJob.py for tasks to queue
[2026-04-18T09:09:32.763+0000] {logging_mixin.py:190} INFO - [2026-04-18T09:09:32.762+0000] {dagbag.py:588} INFO - Filling up the DagBag from /opt/airflow/dags/Crawl_ETL_ITJob.py
[2026-04-18T09:09:32.788+0000] {processor.py:925} INFO - DAG(s) 'crawl_etl_itjob' retrieved from /opt/airflow/dags/Crawl_ETL_ITJob.py
[2026-04-18T09:09:32.838+0000] {logging_mixin.py:190} INFO - [2026-04-18T09:09:32.838+0000] {dag.py:3239} INFO - Sync 1 DAGs
[2026-04-18T09:09:32.922+0000] {processor.py:208} INFO - Processing /opt/airflow/dags/Crawl_ETL_ITJob.py took 0.170 seconds
[2026-04-18T09:10:02.986+0000] {processor.py:186} INFO - Started process (PID=138) to work on /opt/airflow/dags/Crawl_ETL_ITJob.py
[2026-04-18T09:10:02.987+0000] {processor.py:914} INFO - Processing file /opt/airflow/dags/Crawl_ETL_ITJob.py for tasks to queue
[2026-04-18T09:10:02.988+0000] {logging_mixin.py:190} INFO - [2026-04-18T09:10:02.988+0000] {dagbag.py:588} INFO - Filling up the DagBag from /opt/airflow/dags/Crawl_ETL_ITJob.py
[2026-04-18T09:10:03.008+0000] {processor.py:925} INFO - DAG(s) 'crawl_etl_itjob' retrieved from /opt/airflow/dags/Crawl_ETL_ITJob.py
[2026-04-18T09:10:03.049+0000] {logging_mixin.py:190} INFO - [2026-04-18T09:10:03.049+0000] {dag.py:3239} INFO - Sync 1 DAGs
[2026-04-18T09:10:03.122+0000] {processor.py:208} INFO - Processing /opt/airflow/dags/Crawl_ETL_ITJob.py took 0.144 seconds
[2026-04-18T09:10:35.427+0000] {processor.py:186} INFO - Started process (PID=142) to work on /opt/airflow/dags/Crawl_ETL_ITJob.py
[2026-04-18T09:10:35.427+0000] {processor.py:914} INFO - Processing file /opt/airflow/dags/Crawl_ETL_ITJob.py for tasks to queue
[2026-04-18T09:10:35.428+0000] {logging_mixin.py:190} INFO - [2026-04-18T09:10:35.428+0000] {dagbag.py:588} INFO - Filling up the DagBag from /opt/airflow/dags/Crawl_ETL_ITJob.py
[2026-04-18T09:10:35.451+0000] {processor.py:925} INFO - DAG(s) 'crawl_etl_itjob' retrieved from /opt/airflow/dags/Crawl_ETL_ITJob.py
[2026-04-18T09:10:35.505+0000] {logging_mixin.py:190} INFO - [2026-04-18T09:10:35.505+0000] {dag.py:3239} INFO - Sync 1 DAGs
[2026-04-18T09:10:35.617+0000] {processor.py:208} INFO - Processing /opt/airflow/dags/Crawl_ETL_ITJob.py took 0.197 seconds
[2026-04-18T09:11:06.268+0000] {processor.py:186} INFO - Started process (PID=146) to work on /opt/airflow/dags/Crawl_ETL_ITJob.py
[2026-04-18T09:11:06.269+0000] {processor.py:914} INFO - Processing file /opt/airflow/dags/Crawl_ETL_ITJob.py for tasks to queue
[2026-04-18T09:11:06.273+0000] {logging_mixin.py:190} INFO - [2026-04-18T09:11:06.272+0000] {dagbag.py:588} INFO - Filling up the DagBag from /opt/airflow/dags/Crawl_ETL_ITJob.py
[2026-04-18T09:11:06.325+0000] {processor.py:925} INFO - DAG(s) 'crawl_etl_itjob' retrieved from /opt/airflow/dags/Crawl_ETL_ITJob.py
[2026-04-18T09:11:06.399+0000] {logging_mixin.py:190} INFO - [2026-04-18T09:11:06.398+0000] {dag.py:3239} INFO - Sync 1 DAGs
[2026-04-18T09:11:06.499+0000] {processor.py:208} INFO - Processing /opt/airflow/dags/Crawl_ETL_ITJob.py took 0.240 seconds
[2026-04-18T09:11:37.083+0000] {processor.py:186} INFO - Started process (PID=150) to work on /opt/airflow/dags/Crawl_ETL_ITJob.py
[2026-04-18T09:11:37.084+0000] {processor.py:914} INFO - Processing file /opt/airflow/dags/Crawl_ETL_ITJob.py for tasks to queue
[2026-04-18T09:11:37.087+0000] {logging_mixin.py:190} INFO - [2026-04-18T09:11:37.087+0000] {dagbag.py:588} INFO - Filling up the DagBag from /opt/airflow/dags/Crawl_ETL_ITJob.py
[2026-04-18T09:11:37.118+0000] {processor.py:925} INFO - DAG(s) 'crawl_etl_itjob' retrieved from /opt/airflow/dags/Crawl_ETL_ITJob.py
[2026-04-18T09:11:37.200+0000] {logging_mixin.py:190} INFO - [2026-04-18T09:11:37.199+0000] {dag.py:3239} INFO - Sync 1 DAGs
[2026-04-18T09:11:37.310+0000] {processor.py:208} INFO - Processing /opt/airflow/dags/Crawl_ETL_ITJob.py took 0.237 seconds
[2026-04-18T09:12:07.496+0000] {processor.py:186} INFO - Started process (PID=154) to work on /opt/airflow/dags/Crawl_ETL_ITJob.py
[2026-04-18T09:12:07.496+0000] {processor.py:914} INFO - Processing file /opt/airflow/dags/Crawl_ETL_ITJob.py for tasks to queue
[2026-04-18T09:12:07.497+0000] {logging_mixin.py:190} INFO - [2026-04-18T09:12:07.497+0000] {dagbag.py:588} INFO - Filling up the DagBag from /opt/airflow/dags/Crawl_ETL_ITJob.py
[2026-04-18T09:12:07.517+0000] {processor.py:925} INFO - DAG(s) 'crawl_etl_itjob' retrieved from /opt/airflow/dags/Crawl_ETL_ITJob.py
[2026-04-18T09:12:07.566+0000] {logging_mixin.py:190} INFO - [2026-04-18T09:12:07.565+0000] {dag.py:3239} INFO - Sync 1 DAGs
[2026-04-18T09:12:07.638+0000] {processor.py:208} INFO - Processing /opt/airflow/dags/Crawl_ETL_ITJob.py took 0.149 seconds
[2026-04-18T09:12:39.277+0000] {processor.py:186} INFO - Started process (PID=158) to work on /opt/airflow/dags/Crawl_ETL_ITJob.py
[2026-04-18T09:12:39.278+0000] {processor.py:914} INFO - Processing file /opt/airflow/dags/Crawl_ETL_ITJob.py for tasks to queue
[2026-04-18T09:12:39.281+0000] {logging_mixin.py:190} INFO - [2026-04-18T09:12:39.280+0000] {dagbag.py:588} INFO - Filling up the DagBag from /opt/airflow/dags/Crawl_ETL_ITJob.py
[2026-04-18T09:12:39.313+0000] {processor.py:925} INFO - DAG(s) 'crawl_etl_itjob' retrieved from /opt/airflow/dags/Crawl_ETL_ITJob.py
[2026-04-18T09:12:39.386+0000] {logging_mixin.py:190} INFO - [2026-04-18T09:12:39.386+0000] {dag.py:3239} INFO - Sync 1 DAGs
[2026-04-18T09:12:39.491+0000] {processor.py:208} INFO - Processing /opt/airflow/dags/Crawl_ETL_ITJob.py took 0.225 seconds
[2026-04-18T09:13:09.884+0000] {processor.py:186} INFO - Started process (PID=162) to work on /opt/airflow/dags/Crawl_ETL_ITJob.py
[2026-04-18T09:13:09.885+0000] {processor.py:914} INFO - Processing file /opt/airflow/dags/Crawl_ETL_ITJob.py for tasks to queue
[2026-04-18T09:13:09.886+0000] {logging_mixin.py:190} INFO - [2026-04-18T09:13:09.886+0000] {dagbag.py:588} INFO - Filling up the DagBag from /opt/airflow/dags/Crawl_ETL_ITJob.py
[2026-04-18T09:13:09.907+0000] {processor.py:925} INFO - DAG(s) 'crawl_etl_itjob' retrieved from /opt/airflow/dags/Crawl_ETL_ITJob.py
[2026-04-18T09:13:09.953+0000] {logging_mixin.py:190} INFO - [2026-04-18T09:13:09.953+0000] {dag.py:3239} INFO - Sync 1 DAGs
[2026-04-18T09:13:10.031+0000] {processor.py:208} INFO - Processing /opt/airflow/dags/Crawl_ETL_ITJob.py took 0.154 seconds
[2026-04-18T09:13:40.213+0000] {processor.py:186} INFO - Started process (PID=166) to work on /opt/airflow/dags/Crawl_ETL_ITJob.py
[2026-04-18T09:13:40.214+0000] {processor.py:914} INFO - Processing file /opt/airflow/dags/Crawl_ETL_ITJob.py for tasks to queue
[2026-04-18T09:13:40.215+0000] {logging_mixin.py:190} INFO - [2026-04-18T09:13:40.215+0000] {dagbag.py:588} INFO - Filling up the DagBag from /opt/airflow/dags/Crawl_ETL_ITJob.py
[2026-04-18T09:13:40.240+0000] {processor.py:925} INFO - DAG(s) 'crawl_etl_itjob' retrieved from /opt/airflow/dags/Crawl_ETL_ITJob.py
[2026-04-18T09:13:40.286+0000] {logging_mixin.py:190} INFO - [2026-04-18T09:13:40.285+0000] {dag.py:3239} INFO - Sync 1 DAGs
[2026-04-18T09:13:40.368+0000] {processor.py:208} INFO - Processing /opt/airflow/dags/Crawl_ETL_ITJob.py took 0.161 seconds
[2026-04-18T09:14:11.375+0000] {processor.py:186} INFO - Started process (PID=170) to work on /opt/airflow/dags/Crawl_ETL_ITJob.py
[2026-04-18T09:14:11.376+0000] {processor.py:914} INFO - Processing file /opt/airflow/dags/Crawl_ETL_ITJob.py for tasks to queue
[2026-04-18T09:14:11.377+0000] {logging_mixin.py:190} INFO - [2026-04-18T09:14:11.377+0000] {dagbag.py:588} INFO - Filling up the DagBag from /opt/airflow/dags/Crawl_ETL_ITJob.py
[2026-04-18T09:14:11.399+0000] {processor.py:925} INFO - DAG(s) 'crawl_etl_itjob' retrieved from /opt/airflow/dags/Crawl_ETL_ITJob.py
[2026-04-18T09:14:11.446+0000] {logging_mixin.py:190} INFO - [2026-04-18T09:14:11.446+0000] {dag.py:3239} INFO - Sync 1 DAGs
[2026-04-18T09:14:11.517+0000] {processor.py:208} INFO - Processing /opt/airflow/dags/Crawl_ETL_ITJob.py took 0.148 seconds
[2026-04-18T09:14:43.659+0000] {processor.py:186} INFO - Started process (PID=174) to work on /opt/airflow/dags/Crawl_ETL_ITJob.py
[2026-04-18T09:14:43.660+0000] {processor.py:914} INFO - Processing file /opt/airflow/dags/Crawl_ETL_ITJob.py for tasks to queue
[2026-04-18T09:14:43.663+0000] {logging_mixin.py:190} INFO - [2026-04-18T09:14:43.663+0000] {dagbag.py:588} INFO - Filling up the DagBag from /opt/airflow/dags/Crawl_ETL_ITJob.py
[2026-04-18T09:14:43.684+0000] {processor.py:925} INFO - DAG(s) 'crawl_etl_itjob' retrieved from /opt/airflow/dags/Crawl_ETL_ITJob.py
[2026-04-18T09:14:43.733+0000] {logging_mixin.py:190} INFO - [2026-04-18T09:14:43.733+0000] {dag.py:3239} INFO - Sync 1 DAGs
[2026-04-18T09:14:43.815+0000] {processor.py:208} INFO - Processing /opt/airflow/dags/Crawl_ETL_ITJob.py took 0.162 seconds
[2026-04-18T09:15:14.457+0000] {processor.py:186} INFO - Started process (PID=178) to work on /opt/airflow/dags/Crawl_ETL_ITJob.py
[2026-04-18T09:15:14.458+0000] {processor.py:914} INFO - Processing file /opt/airflow/dags/Crawl_ETL_ITJob.py for tasks to queue
[2026-04-18T09:15:14.460+0000] {logging_mixin.py:190} INFO - [2026-04-18T09:15:14.460+0000] {dagbag.py:588} INFO - Filling up the DagBag from /opt/airflow/dags/Crawl_ETL_ITJob.py
[2026-04-18T09:15:14.485+0000] {processor.py:925} INFO - DAG(s) 'crawl_etl_itjob' retrieved from /opt/airflow/dags/Crawl_ETL_ITJob.py
[2026-04-18T09:15:14.534+0000] {logging_mixin.py:190} INFO - [2026-04-18T09:15:14.533+0000] {dag.py:3239} INFO - Sync 1 DAGs
[2026-04-18T09:15:14.605+0000] {processor.py:208} INFO - Processing /opt/airflow/dags/Crawl_ETL_ITJob.py took 0.154 seconds
[2026-04-18T09:15:45.891+0000] {processor.py:186} INFO - Started process (PID=182) to work on /opt/airflow/dags/Crawl_ETL_ITJob.py
[2026-04-18T09:15:45.892+0000] {processor.py:914} INFO - Processing file /opt/airflow/dags/Crawl_ETL_ITJob.py for tasks to queue
[2026-04-18T09:15:45.894+0000] {logging_mixin.py:190} INFO - [2026-04-18T09:15:45.893+0000] {dagbag.py:588} INFO - Filling up the DagBag from /opt/airflow/dags/Crawl_ETL_ITJob.py
[2026-04-18T09:15:45.916+0000] {processor.py:925} INFO - DAG(s) 'crawl_etl_itjob' retrieved from /opt/airflow/dags/Crawl_ETL_ITJob.py
[2026-04-18T09:15:45.980+0000] {logging_mixin.py:190} INFO - [2026-04-18T09:15:45.980+0000] {dag.py:3239} INFO - Sync 1 DAGs
[2026-04-18T09:15:46.085+0000] {processor.py:208} INFO - Processing /opt/airflow/dags/Crawl_ETL_ITJob.py took 0.202 seconds
[2026-04-18T09:16:16.164+0000] {processor.py:186} INFO - Started process (PID=186) to work on /opt/airflow/dags/Crawl_ETL_ITJob.py
[2026-04-18T09:16:16.165+0000] {processor.py:914} INFO - Processing file /opt/airflow/dags/Crawl_ETL_ITJob.py for tasks to queue
[2026-04-18T09:16:16.168+0000] {logging_mixin.py:190} INFO - [2026-04-18T09:16:16.168+0000] {dagbag.py:588} INFO - Filling up the DagBag from /opt/airflow/dags/Crawl_ETL_ITJob.py
[2026-04-18T09:16:16.192+0000] {processor.py:925} INFO - DAG(s) 'crawl_etl_itjob' retrieved from /opt/airflow/dags/Crawl_ETL_ITJob.py
[2026-04-18T09:16:16.251+0000] {logging_mixin.py:190} INFO - [2026-04-18T09:16:16.250+0000] {dag.py:3239} INFO - Sync 1 DAGs
[2026-04-18T09:16:16.326+0000] {processor.py:208} INFO - Processing /opt/airflow/dags/Crawl_ETL_ITJob.py took 0.168 seconds
[2026-04-18T09:16:46.762+0000] {processor.py:186} INFO - Started process (PID=190) to work on /opt/airflow/dags/Crawl_ETL_ITJob.py
[2026-04-18T09:16:46.766+0000] {processor.py:914} INFO - Processing file /opt/airflow/dags/Crawl_ETL_ITJob.py for tasks to queue
[2026-04-18T09:16:46.768+0000] {logging_mixin.py:190} INFO - [2026-04-18T09:16:46.768+0000] {dagbag.py:588} INFO - Filling up the DagBag from /opt/airflow/dags/Crawl_ETL_ITJob.py
[2026-04-18T09:16:46.803+0000] {processor.py:925} INFO - DAG(s) 'crawl_etl_itjob' retrieved from /opt/airflow/dags/Crawl_ETL_ITJob.py
[2026-04-18T09:16:46.865+0000] {logging_mixin.py:190} INFO - [2026-04-18T09:16:46.865+0000] {dag.py:3239} INFO - Sync 1 DAGs
[2026-04-18T09:16:46.940+0000] {processor.py:208} INFO - Processing /opt/airflow/dags/Crawl_ETL_ITJob.py took 0.186 seconds
[2026-04-18T09:17:18.257+0000] {processor.py:186} INFO - Started process (PID=194) to work on /opt/airflow/dags/Crawl_ETL_ITJob.py
[2026-04-18T09:17:18.258+0000] {processor.py:914} INFO - Processing file /opt/airflow/dags/Crawl_ETL_ITJob.py for tasks to queue
[2026-04-18T09:17:18.260+0000] {logging_mixin.py:190} INFO - [2026-04-18T09:17:18.259+0000] {dagbag.py:588} INFO - Filling up the DagBag from /opt/airflow/dags/Crawl_ETL_ITJob.py
[2026-04-18T09:17:18.286+0000] {processor.py:925} INFO - DAG(s) 'crawl_etl_itjob' retrieved from /opt/airflow/dags/Crawl_ETL_ITJob.py
[2026-04-18T09:17:18.345+0000] {logging_mixin.py:190} INFO - [2026-04-18T09:17:18.345+0000] {dag.py:3239} INFO - Sync 1 DAGs
[2026-04-18T09:17:18.425+0000] {processor.py:208} INFO - Processing /opt/airflow/dags/Crawl_ETL_ITJob.py took 0.176 seconds
[2026-04-18T09:17:48.615+0000] {processor.py:186} INFO - Started process (PID=198) to work on /opt/airflow/dags/Crawl_ETL_ITJob.py
[2026-04-18T09:17:48.616+0000] {processor.py:914} INFO - Processing file /opt/airflow/dags/Crawl_ETL_ITJob.py for tasks to queue
[2026-04-18T09:17:48.619+0000] {logging_mixin.py:190} INFO - [2026-04-18T09:17:48.619+0000] {dagbag.py:588} INFO - Filling up the DagBag from /opt/airflow/dags/Crawl_ETL_ITJob.py
[2026-04-18T09:17:48.649+0000] {processor.py:925} INFO - DAG(s) 'crawl_etl_itjob' retrieved from /opt/airflow/dags/Crawl_ETL_ITJob.py
[2026-04-18T09:17:48.712+0000] {logging_mixin.py:190} INFO - [2026-04-18T09:17:48.712+0000] {dag.py:3239} INFO - Sync 1 DAGs
[2026-04-18T09:17:48.858+0000] {processor.py:208} INFO - Processing /opt/airflow/dags/Crawl_ETL_ITJob.py took 0.254 seconds
[2026-04-18T09:18:18.973+0000] {processor.py:186} INFO - Started process (PID=202) to work on /opt/airflow/dags/Crawl_ETL_ITJob.py
[2026-04-18T09:18:18.975+0000] {processor.py:914} INFO - Processing file /opt/airflow/dags/Crawl_ETL_ITJob.py for tasks to queue
[2026-04-18T09:18:18.977+0000] {logging_mixin.py:190} INFO - [2026-04-18T09:18:18.977+0000] {dagbag.py:588} INFO - Filling up the DagBag from /opt/airflow/dags/Crawl_ETL_ITJob.py
[2026-04-18T09:18:18.997+0000] {processor.py:925} INFO - DAG(s) 'crawl_etl_itjob' retrieved from /opt/airflow/dags/Crawl_ETL_ITJob.py
[2026-04-18T09:18:19.058+0000] {logging_mixin.py:190} INFO - [2026-04-18T09:18:19.058+0000] {dag.py:3239} INFO - Sync 1 DAGs
[2026-04-18T09:18:19.145+0000] {processor.py:208} INFO - Processing /opt/airflow/dags/Crawl_ETL_ITJob.py took 0.178 seconds
[2026-04-18T09:18:52.393+0000] {processor.py:186} INFO - Started process (PID=206) to work on /opt/airflow/dags/Crawl_ETL_ITJob.py
[2026-04-18T09:18:52.394+0000] {processor.py:914} INFO - Processing file /opt/airflow/dags/Crawl_ETL_ITJob.py for tasks to queue
[2026-04-18T09:18:52.395+0000] {logging_mixin.py:190} INFO - [2026-04-18T09:18:52.395+0000] {dagbag.py:588} INFO - Filling up the DagBag from /opt/airflow/dags/Crawl_ETL_ITJob.py
[2026-04-18T09:18:52.422+0000] {processor.py:925} INFO - DAG(s) 'crawl_etl_itjob' retrieved from /opt/airflow/dags/Crawl_ETL_ITJob.py
[2026-04-18T09:18:52.476+0000] {logging_mixin.py:190} INFO - [2026-04-18T09:18:52.475+0000] {dag.py:3239} INFO - Sync 1 DAGs
[2026-04-18T09:18:52.569+0000] {processor.py:208} INFO - Processing /opt/airflow/dags/Crawl_ETL_ITJob.py took 0.184 seconds
[2026-04-18T09:19:22.931+0000] {processor.py:186} INFO - Started process (PID=210) to work on /opt/airflow/dags/Crawl_ETL_ITJob.py
[2026-04-18T09:19:22.932+0000] {processor.py:914} INFO - Processing file /opt/airflow/dags/Crawl_ETL_ITJob.py for tasks to queue
[2026-04-18T09:19:22.934+0000] {logging_mixin.py:190} INFO - [2026-04-18T09:19:22.934+0000] {dagbag.py:588} INFO - Filling up the DagBag from /opt/airflow/dags/Crawl_ETL_ITJob.py
[2026-04-18T09:19:22.958+0000] {processor.py:925} INFO - DAG(s) 'crawl_etl_itjob' retrieved from /opt/airflow/dags/Crawl_ETL_ITJob.py
[2026-04-18T09:19:23.004+0000] {logging_mixin.py:190} INFO - [2026-04-18T09:19:23.004+0000] {dag.py:3239} INFO - Sync 1 DAGs
[2026-04-18T09:19:23.089+0000] {processor.py:208} INFO - Processing /opt/airflow/dags/Crawl_ETL_ITJob.py took 0.166 seconds
[2026-04-18T09:19:53.266+0000] {processor.py:186} INFO - Started process (PID=214) to work on /opt/airflow/dags/Crawl_ETL_ITJob.py
[2026-04-18T09:19:53.267+0000] {processor.py:914} INFO - Processing file /opt/airflow/dags/Crawl_ETL_ITJob.py for tasks to queue
[2026-04-18T09:19:53.269+0000] {logging_mixin.py:190} INFO - [2026-04-18T09:19:53.269+0000] {dagbag.py:588} INFO - Filling up the DagBag from /opt/airflow/dags/Crawl_ETL_ITJob.py
[2026-04-18T09:19:53.287+0000] {processor.py:925} INFO - DAG(s) 'crawl_etl_itjob' retrieved from /opt/airflow/dags/Crawl_ETL_ITJob.py
[2026-04-18T09:19:53.336+0000] {logging_mixin.py:190} INFO - [2026-04-18T09:19:53.336+0000] {dag.py:3239} INFO - Sync 1 DAGs
[2026-04-18T09:19:53.415+0000] {processor.py:208} INFO - Processing /opt/airflow/dags/Crawl_ETL_ITJob.py took 0.155 seconds
[2026-04-18T09:20:24.549+0000] {processor.py:186} INFO - Started process (PID=218) to work on /opt/airflow/dags/Crawl_ETL_ITJob.py
[2026-04-18T09:20:24.553+0000] {processor.py:914} INFO - Processing file /opt/airflow/dags/Crawl_ETL_ITJob.py for tasks to queue
[2026-04-18T09:20:24.554+0000] {logging_mixin.py:190} INFO - [2026-04-18T09:20:24.554+0000] {dagbag.py:588} INFO - Filling up the DagBag from /opt/airflow/dags/Crawl_ETL_ITJob.py
[2026-04-18T09:20:24.583+0000] {processor.py:925} INFO - DAG(s) 'crawl_etl_itjob' retrieved from /opt/airflow/dags/Crawl_ETL_ITJob.py
[2026-04-18T09:20:24.640+0000] {logging_mixin.py:190} INFO - [2026-04-18T09:20:24.640+0000] {dag.py:3239} INFO - Sync 1 DAGs
[2026-04-18T09:20:24.723+0000] {processor.py:208} INFO - Processing /opt/airflow/dags/Crawl_ETL_ITJob.py took 0.186 seconds
[2026-04-18T09:20:55.253+0000] {processor.py:186} INFO - Started process (PID=222) to work on /opt/airflow/dags/Crawl_ETL_ITJob.py
[2026-04-18T09:20:55.254+0000] {processor.py:914} INFO - Processing file /opt/airflow/dags/Crawl_ETL_ITJob.py for tasks to queue
[2026-04-18T09:20:55.255+0000] {logging_mixin.py:190} INFO - [2026-04-18T09:20:55.255+0000] {dagbag.py:588} INFO - Filling up the DagBag from /opt/airflow/dags/Crawl_ETL_ITJob.py
[2026-04-18T09:20:55.276+0000] {processor.py:925} INFO - DAG(s) 'crawl_etl_itjob' retrieved from /opt/airflow/dags/Crawl_ETL_ITJob.py
[2026-04-18T09:20:55.325+0000] {logging_mixin.py:190} INFO - [2026-04-18T09:20:55.325+0000] {dag.py:3239} INFO - Sync 1 DAGs
[2026-04-18T09:20:55.395+0000] {processor.py:208} INFO - Processing /opt/airflow/dags/Crawl_ETL_ITJob.py took 0.149 seconds
[2026-04-18T09:21:25.769+0000] {processor.py:186} INFO - Started process (PID=226) to work on /opt/airflow/dags/Crawl_ETL_ITJob.py
[2026-04-18T09:21:25.770+0000] {processor.py:914} INFO - Processing file /opt/airflow/dags/Crawl_ETL_ITJob.py for tasks to queue
[2026-04-18T09:21:25.773+0000] {logging_mixin.py:190} INFO - [2026-04-18T09:21:25.772+0000] {dagbag.py:588} INFO - Filling up the DagBag from /opt/airflow/dags/Crawl_ETL_ITJob.py
[2026-04-18T09:21:25.798+0000] {processor.py:925} INFO - DAG(s) 'crawl_etl_itjob' retrieved from /opt/airflow/dags/Crawl_ETL_ITJob.py
[2026-04-18T09:21:25.865+0000] {logging_mixin.py:190} INFO - [2026-04-18T09:21:25.865+0000] {dag.py:3239} INFO - Sync 1 DAGs
[2026-04-18T09:21:25.955+0000] {processor.py:208} INFO - Processing /opt/airflow/dags/Crawl_ETL_ITJob.py took 0.193 seconds
[2026-04-18T09:21:56.120+0000] {processor.py:186} INFO - Started process (PID=230) to work on /opt/airflow/dags/Crawl_ETL_ITJob.py
[2026-04-18T09:21:56.120+0000] {processor.py:914} INFO - Processing file /opt/airflow/dags/Crawl_ETL_ITJob.py for tasks to queue
[2026-04-18T09:21:56.121+0000] {logging_mixin.py:190} INFO - [2026-04-18T09:21:56.121+0000] {dagbag.py:588} INFO - Filling up the DagBag from /opt/airflow/dags/Crawl_ETL_ITJob.py
[2026-04-18T09:21:56.140+0000] {processor.py:925} INFO - DAG(s) 'crawl_etl_itjob' retrieved from /opt/airflow/dags/Crawl_ETL_ITJob.py
[2026-04-18T09:21:56.186+0000] {logging_mixin.py:190} INFO - [2026-04-18T09:21:56.186+0000] {dag.py:3239} INFO - Sync 1 DAGs
[2026-04-18T09:21:56.254+0000] {processor.py:208} INFO - Processing /opt/airflow/dags/Crawl_ETL_ITJob.py took 0.140 seconds
[2026-04-18T09:22:29.422+0000] {processor.py:186} INFO - Started process (PID=234) to work on /opt/airflow/dags/Crawl_ETL_ITJob.py
[2026-04-18T09:22:29.423+0000] {processor.py:914} INFO - Processing file /opt/airflow/dags/Crawl_ETL_ITJob.py for tasks to queue
[2026-04-18T09:22:29.424+0000] {logging_mixin.py:190} INFO - [2026-04-18T09:22:29.424+0000] {dagbag.py:588} INFO - Filling up the DagBag from /opt/airflow/dags/Crawl_ETL_ITJob.py
[2026-04-18T09:22:29.441+0000] {processor.py:925} INFO - DAG(s) 'crawl_etl_itjob' retrieved from /opt/airflow/dags/Crawl_ETL_ITJob.py
[2026-04-18T09:22:29.487+0000] {logging_mixin.py:190} INFO - [2026-04-18T09:22:29.487+0000] {dag.py:3239} INFO - Sync 1 DAGs
[2026-04-18T09:22:29.556+0000] {processor.py:208} INFO - Processing /opt/airflow/dags/Crawl_ETL_ITJob.py took 0.140 seconds
[2026-04-18T09:23:01.703+0000] {processor.py:186} INFO - Started process (PID=238) to work on /opt/airflow/dags/Crawl_ETL_ITJob.py
[2026-04-18T09:23:01.705+0000] {processor.py:914} INFO - Processing file /opt/airflow/dags/Crawl_ETL_ITJob.py for tasks to queue
[2026-04-18T09:23:01.708+0000] {logging_mixin.py:190} INFO - [2026-04-18T09:23:01.708+0000] {dagbag.py:588} INFO - Filling up the DagBag from /opt/airflow/dags/Crawl_ETL_ITJob.py
[2026-04-18T09:23:01.734+0000] {processor.py:925} INFO - DAG(s) 'crawl_etl_itjob' retrieved from /opt/airflow/dags/Crawl_ETL_ITJob.py
[2026-04-18T09:23:01.790+0000] {logging_mixin.py:190} INFO - [2026-04-18T09:23:01.790+0000] {dag.py:3239} INFO - Sync 1 DAGs
[2026-04-18T09:23:01.864+0000] {processor.py:208} INFO - Processing /opt/airflow/dags/Crawl_ETL_ITJob.py took 0.166 seconds
[2026-04-18T09:23:33.385+0000] {processor.py:186} INFO - Started process (PID=242) to work on /opt/airflow/dags/Crawl_ETL_ITJob.py
[2026-04-18T09:23:33.386+0000] {processor.py:914} INFO - Processing file /opt/airflow/dags/Crawl_ETL_ITJob.py for tasks to queue
[2026-04-18T09:23:33.387+0000] {logging_mixin.py:190} INFO - [2026-04-18T09:23:33.387+0000] {dagbag.py:588} INFO - Filling up the DagBag from /opt/airflow/dags/Crawl_ETL_ITJob.py
[2026-04-18T09:23:33.419+0000] {processor.py:925} INFO - DAG(s) 'crawl_etl_itjob' retrieved from /opt/airflow/dags/Crawl_ETL_ITJob.py
[2026-04-18T09:23:33.485+0000] {logging_mixin.py:190} INFO - [2026-04-18T09:23:33.485+0000] {dag.py:3239} INFO - Sync 1 DAGs
[2026-04-18T09:23:33.609+0000] {processor.py:208} INFO - Processing /opt/airflow/dags/Crawl_ETL_ITJob.py took 0.234 seconds
[2026-04-18T09:24:03.831+0000] {processor.py:186} INFO - Started process (PID=246) to work on /opt/airflow/dags/Crawl_ETL_ITJob.py
[2026-04-18T09:24:03.832+0000] {processor.py:914} INFO - Processing file /opt/airflow/dags/Crawl_ETL_ITJob.py for tasks to queue
[2026-04-18T09:24:03.834+0000] {logging_mixin.py:190} INFO - [2026-04-18T09:24:03.833+0000] {dagbag.py:588} INFO - Filling up the DagBag from /opt/airflow/dags/Crawl_ETL_ITJob.py
[2026-04-18T09:24:03.864+0000] {processor.py:925} INFO - DAG(s) 'crawl_etl_itjob' retrieved from /opt/airflow/dags/Crawl_ETL_ITJob.py
[2026-04-18T09:24:03.917+0000] {logging_mixin.py:190} INFO - [2026-04-18T09:24:03.917+0000] {dag.py:3239} INFO - Sync 1 DAGs
[2026-04-18T09:24:04.011+0000] {processor.py:208} INFO - Processing /opt/airflow/dags/Crawl_ETL_ITJob.py took 0.189 seconds
[2026-04-18T09:24:34.143+0000] {processor.py:186} INFO - Started process (PID=250) to work on /opt/airflow/dags/Crawl_ETL_ITJob.py
[2026-04-18T09:24:34.150+0000] {processor.py:914} INFO - Processing file /opt/airflow/dags/Crawl_ETL_ITJob.py for tasks to queue
[2026-04-18T09:24:34.166+0000] {logging_mixin.py:190} INFO - [2026-04-18T09:24:34.165+0000] {dagbag.py:588} INFO - Filling up the DagBag from /opt/airflow/dags/Crawl_ETL_ITJob.py
[2026-04-18T09:24:34.214+0000] {processor.py:925} INFO - DAG(s) 'crawl_etl_itjob' retrieved from /opt/airflow/dags/Crawl_ETL_ITJob.py
[2026-04-18T09:24:34.361+0000] {logging_mixin.py:190} INFO - [2026-04-18T09:24:34.361+0000] {dag.py:3239} INFO - Sync 1 DAGs
[2026-04-18T09:24:34.559+0000] {processor.py:208} INFO - Processing /opt/airflow/dags/Crawl_ETL_ITJob.py took 0.437 seconds
[2026-04-18T09:25:05.009+0000] {processor.py:186} INFO - Started process (PID=254) to work on /opt/airflow/dags/Crawl_ETL_ITJob.py
[2026-04-18T09:25:05.010+0000] {processor.py:914} INFO - Processing file /opt/airflow/dags/Crawl_ETL_ITJob.py for tasks to queue
[2026-04-18T09:25:05.015+0000] {logging_mixin.py:190} INFO - [2026-04-18T09:25:05.014+0000] {dagbag.py:588} INFO - Filling up the DagBag from /opt/airflow/dags/Crawl_ETL_ITJob.py
[2026-04-18T09:25:05.069+0000] {processor.py:925} INFO - DAG(s) 'crawl_etl_itjob' retrieved from /opt/airflow/dags/Crawl_ETL_ITJob.py
[2026-04-18T09:25:05.152+0000] {logging_mixin.py:190} INFO - [2026-04-18T09:25:05.152+0000] {dag.py:3239} INFO - Sync 1 DAGs
[2026-04-18T09:25:05.260+0000] {processor.py:208} INFO - Processing /opt/airflow/dags/Crawl_ETL_ITJob.py took 0.276 seconds
[2026-04-18T09:25:35.863+0000] {processor.py:186} INFO - Started process (PID=258) to work on /opt/airflow/dags/Crawl_ETL_ITJob.py
[2026-04-18T09:25:35.864+0000] {processor.py:914} INFO - Processing file /opt/airflow/dags/Crawl_ETL_ITJob.py for tasks to queue
[2026-04-18T09:25:35.868+0000] {logging_mixin.py:190} INFO - [2026-04-18T09:25:35.867+0000] {dagbag.py:588} INFO - Filling up the DagBag from /opt/airflow/dags/Crawl_ETL_ITJob.py
[2026-04-18T09:25:35.921+0000] {processor.py:925} INFO - DAG(s) 'crawl_etl_itjob' retrieved from /opt/airflow/dags/Crawl_ETL_ITJob.py
[2026-04-18T09:25:36.016+0000] {logging_mixin.py:190} INFO - [2026-04-18T09:25:36.015+0000] {dag.py:3239} INFO - Sync 1 DAGs
[2026-04-18T09:25:36.145+0000] {processor.py:208} INFO - Processing /opt/airflow/dags/Crawl_ETL_ITJob.py took 0.303 seconds
[2026-04-18T09:26:09.094+0000] {processor.py:186} INFO - Started process (PID=262) to work on /opt/airflow/dags/Crawl_ETL_ITJob.py
[2026-04-18T09:26:09.095+0000] {processor.py:914} INFO - Processing file /opt/airflow/dags/Crawl_ETL_ITJob.py for tasks to queue
[2026-04-18T09:26:09.098+0000] {logging_mixin.py:190} INFO - [2026-04-18T09:26:09.097+0000] {dagbag.py:588} INFO - Filling up the DagBag from /opt/airflow/dags/Crawl_ETL_ITJob.py
[2026-04-18T09:26:09.149+0000] {processor.py:925} INFO - DAG(s) 'crawl_etl_itjob' retrieved from /opt/airflow/dags/Crawl_ETL_ITJob.py
[2026-04-18T09:26:09.233+0000] {logging_mixin.py:190} INFO - [2026-04-18T09:26:09.233+0000] {dag.py:3239} INFO - Sync 1 DAGs
[2026-04-18T09:26:09.384+0000] {processor.py:208} INFO - Processing /opt/airflow/dags/Crawl_ETL_ITJob.py took 0.309 seconds
[2026-04-18T09:26:41.090+0000] {processor.py:186} INFO - Started process (PID=266) to work on /opt/airflow/dags/Crawl_ETL_ITJob.py
[2026-04-18T09:26:41.091+0000] {processor.py:914} INFO - Processing file /opt/airflow/dags/Crawl_ETL_ITJob.py for tasks to queue
[2026-04-18T09:26:41.093+0000] {logging_mixin.py:190} INFO - [2026-04-18T09:26:41.093+0000] {dagbag.py:588} INFO - Filling up the DagBag from /opt/airflow/dags/Crawl_ETL_ITJob.py
[2026-04-18T09:26:41.133+0000] {processor.py:925} INFO - DAG(s) 'crawl_etl_itjob' retrieved from /opt/airflow/dags/Crawl_ETL_ITJob.py
[2026-04-18T09:26:41.210+0000] {logging_mixin.py:190} INFO - [2026-04-18T09:26:41.210+0000] {dag.py:3239} INFO - Sync 1 DAGs
[2026-04-18T09:26:41.340+0000] {processor.py:208} INFO - Processing /opt/airflow/dags/Crawl_ETL_ITJob.py took 0.262 seconds
[2026-04-18T09:27:12.039+0000] {processor.py:186} INFO - Started process (PID=270) to work on /opt/airflow/dags/Crawl_ETL_ITJob.py
[2026-04-18T09:27:12.040+0000] {processor.py:914} INFO - Processing file /opt/airflow/dags/Crawl_ETL_ITJob.py for tasks to queue
[2026-04-18T09:27:12.044+0000] {logging_mixin.py:190} INFO - [2026-04-18T09:27:12.043+0000] {dagbag.py:588} INFO - Filling up the DagBag from /opt/airflow/dags/Crawl_ETL_ITJob.py
[2026-04-18T09:27:12.092+0000] {processor.py:925} INFO - DAG(s) 'crawl_etl_itjob' retrieved from /opt/airflow/dags/Crawl_ETL_ITJob.py
[2026-04-18T09:27:12.170+0000] {logging_mixin.py:190} INFO - [2026-04-18T09:27:12.170+0000] {dag.py:3239} INFO - Sync 1 DAGs
[2026-04-18T09:27:12.280+0000] {processor.py:208} INFO - Processing /opt/airflow/dags/Crawl_ETL_ITJob.py took 0.255 seconds
[2026-04-18T09:27:42.793+0000] {processor.py:186} INFO - Started process (PID=274) to work on /opt/airflow/dags/Crawl_ETL_ITJob.py
[2026-04-18T09:27:42.793+0000] {processor.py:914} INFO - Processing file /opt/airflow/dags/Crawl_ETL_ITJob.py for tasks to queue
[2026-04-18T09:27:42.795+0000] {logging_mixin.py:190} INFO - [2026-04-18T09:27:42.795+0000] {dagbag.py:588} INFO - Filling up the DagBag from /opt/airflow/dags/Crawl_ETL_ITJob.py
[2026-04-18T09:27:42.819+0000] {processor.py:925} INFO - DAG(s) 'crawl_etl_itjob' retrieved from /opt/airflow/dags/Crawl_ETL_ITJob.py
[2026-04-18T09:27:42.870+0000] {logging_mixin.py:190} INFO - [2026-04-18T09:27:42.869+0000] {dag.py:3239} INFO - Sync 1 DAGs
[2026-04-18T09:27:42.962+0000] {processor.py:208} INFO - Processing /opt/airflow/dags/Crawl_ETL_ITJob.py took 0.176 seconds
