[2026-04-18T08:57:15.907+0000] {processor.py:186} INFO - Started process (PID=41) to work on /opt/airflow/dags/etl_datalake_dag.py
[2026-04-18T08:57:15.912+0000] {processor.py:914} INFO - Processing file /opt/airflow/dags/etl_datalake_dag.py for tasks to queue
[2026-04-18T08:57:15.914+0000] {logging_mixin.py:190} INFO - [2026-04-18T08:57:15.914+0000] {dagbag.py:588} INFO - Filling up the DagBag from /opt/airflow/dags/etl_datalake_dag.py
[2026-04-18T08:57:15.940+0000] {processor.py:925} INFO - DAG(s) 'etl_datalake_hive_iceberg' retrieved from /opt/airflow/dags/etl_datalake_dag.py
[2026-04-18T08:57:15.997+0000] {logging_mixin.py:190} INFO - [2026-04-18T08:57:15.997+0000] {dag.py:3239} INFO - Sync 1 DAGs
[2026-04-18T08:57:16.052+0000] {logging_mixin.py:190} INFO - [2026-04-18T08:57:16.052+0000] {dag.py:4180} INFO - Setting next_dagrun for etl_datalake_hive_iceberg to 2026-04-17T00:00:00+00:00, run_after=2026-04-18T00:00:00+00:00
[2026-04-18T08:57:16.086+0000] {processor.py:208} INFO - Processing /opt/airflow/dags/etl_datalake_dag.py took 0.189 seconds
[2026-04-18T08:57:46.331+0000] {processor.py:186} INFO - Started process (PID=45) to work on /opt/airflow/dags/etl_datalake_dag.py
[2026-04-18T08:57:46.332+0000] {processor.py:914} INFO - Processing file /opt/airflow/dags/etl_datalake_dag.py for tasks to queue
[2026-04-18T08:57:46.334+0000] {logging_mixin.py:190} INFO - [2026-04-18T08:57:46.333+0000] {dagbag.py:588} INFO - Filling up the DagBag from /opt/airflow/dags/etl_datalake_dag.py
[2026-04-18T08:57:46.357+0000] {processor.py:925} INFO - DAG(s) 'etl_datalake_hive_iceberg' retrieved from /opt/airflow/dags/etl_datalake_dag.py
[2026-04-18T08:57:46.397+0000] {logging_mixin.py:190} INFO - [2026-04-18T08:57:46.397+0000] {dag.py:3239} INFO - Sync 1 DAGs
[2026-04-18T08:57:46.432+0000] {logging_mixin.py:190} INFO - [2026-04-18T08:57:46.432+0000] {dag.py:4180} INFO - Setting next_dagrun for etl_datalake_hive_iceberg to 2026-04-17T00:00:00+00:00, run_after=2026-04-18T00:00:00+00:00
[2026-04-18T08:57:46.454+0000] {processor.py:208} INFO - Processing /opt/airflow/dags/etl_datalake_dag.py took 0.131 seconds
[2026-04-18T08:58:17.043+0000] {processor.py:186} INFO - Started process (PID=49) to work on /opt/airflow/dags/etl_datalake_dag.py
[2026-04-18T08:58:17.044+0000] {processor.py:914} INFO - Processing file /opt/airflow/dags/etl_datalake_dag.py for tasks to queue
[2026-04-18T08:58:17.045+0000] {logging_mixin.py:190} INFO - [2026-04-18T08:58:17.045+0000] {dagbag.py:588} INFO - Filling up the DagBag from /opt/airflow/dags/etl_datalake_dag.py
[2026-04-18T08:58:17.061+0000] {processor.py:925} INFO - DAG(s) 'etl_datalake_hive_iceberg' retrieved from /opt/airflow/dags/etl_datalake_dag.py
[2026-04-18T08:58:17.098+0000] {logging_mixin.py:190} INFO - [2026-04-18T08:58:17.097+0000] {dag.py:3239} INFO - Sync 1 DAGs
[2026-04-18T08:58:17.135+0000] {logging_mixin.py:190} INFO - [2026-04-18T08:58:17.134+0000] {dag.py:4180} INFO - Setting next_dagrun for etl_datalake_hive_iceberg to 2026-04-17T00:00:00+00:00, run_after=2026-04-18T00:00:00+00:00
[2026-04-18T08:58:17.159+0000] {processor.py:208} INFO - Processing /opt/airflow/dags/etl_datalake_dag.py took 0.122 seconds
[2026-04-18T08:58:47.385+0000] {processor.py:186} INFO - Started process (PID=53) to work on /opt/airflow/dags/etl_datalake_dag.py
[2026-04-18T08:58:47.386+0000] {processor.py:914} INFO - Processing file /opt/airflow/dags/etl_datalake_dag.py for tasks to queue
[2026-04-18T08:58:47.387+0000] {logging_mixin.py:190} INFO - [2026-04-18T08:58:47.387+0000] {dagbag.py:588} INFO - Filling up the DagBag from /opt/airflow/dags/etl_datalake_dag.py
[2026-04-18T08:58:47.404+0000] {processor.py:925} INFO - DAG(s) 'etl_datalake_hive_iceberg' retrieved from /opt/airflow/dags/etl_datalake_dag.py
[2026-04-18T08:58:47.441+0000] {logging_mixin.py:190} INFO - [2026-04-18T08:58:47.441+0000] {dag.py:3239} INFO - Sync 1 DAGs
[2026-04-18T08:58:47.481+0000] {logging_mixin.py:190} INFO - [2026-04-18T08:58:47.481+0000] {dag.py:4180} INFO - Setting next_dagrun for etl_datalake_hive_iceberg to 2026-04-17T00:00:00+00:00, run_after=2026-04-18T00:00:00+00:00
[2026-04-18T08:58:47.511+0000] {processor.py:208} INFO - Processing /opt/airflow/dags/etl_datalake_dag.py took 0.133 seconds
[2026-04-18T08:59:17.698+0000] {processor.py:186} INFO - Started process (PID=57) to work on /opt/airflow/dags/etl_datalake_dag.py
[2026-04-18T08:59:17.699+0000] {processor.py:914} INFO - Processing file /opt/airflow/dags/etl_datalake_dag.py for tasks to queue
[2026-04-18T08:59:17.700+0000] {logging_mixin.py:190} INFO - [2026-04-18T08:59:17.700+0000] {dagbag.py:588} INFO - Filling up the DagBag from /opt/airflow/dags/etl_datalake_dag.py
[2026-04-18T08:59:17.720+0000] {processor.py:925} INFO - DAG(s) 'etl_datalake_hive_iceberg' retrieved from /opt/airflow/dags/etl_datalake_dag.py
[2026-04-18T08:59:17.754+0000] {logging_mixin.py:190} INFO - [2026-04-18T08:59:17.754+0000] {dag.py:3239} INFO - Sync 1 DAGs
[2026-04-18T08:59:17.782+0000] {logging_mixin.py:190} INFO - [2026-04-18T08:59:17.782+0000] {dag.py:4180} INFO - Setting next_dagrun for etl_datalake_hive_iceberg to 2026-04-17T00:00:00+00:00, run_after=2026-04-18T00:00:00+00:00
[2026-04-18T08:59:17.804+0000] {processor.py:208} INFO - Processing /opt/airflow/dags/etl_datalake_dag.py took 0.113 seconds
[2026-04-18T08:59:48.074+0000] {processor.py:186} INFO - Started process (PID=61) to work on /opt/airflow/dags/etl_datalake_dag.py
[2026-04-18T08:59:48.075+0000] {processor.py:914} INFO - Processing file /opt/airflow/dags/etl_datalake_dag.py for tasks to queue
[2026-04-18T08:59:48.076+0000] {logging_mixin.py:190} INFO - [2026-04-18T08:59:48.076+0000] {dagbag.py:588} INFO - Filling up the DagBag from /opt/airflow/dags/etl_datalake_dag.py
[2026-04-18T08:59:48.097+0000] {processor.py:925} INFO - DAG(s) 'etl_datalake_hive_iceberg' retrieved from /opt/airflow/dags/etl_datalake_dag.py
[2026-04-18T08:59:48.134+0000] {logging_mixin.py:190} INFO - [2026-04-18T08:59:48.134+0000] {dag.py:3239} INFO - Sync 1 DAGs
[2026-04-18T08:59:48.164+0000] {logging_mixin.py:190} INFO - [2026-04-18T08:59:48.164+0000] {dag.py:4180} INFO - Setting next_dagrun for etl_datalake_hive_iceberg to 2026-04-17T00:00:00+00:00, run_after=2026-04-18T00:00:00+00:00
[2026-04-18T08:59:48.186+0000] {processor.py:208} INFO - Processing /opt/airflow/dags/etl_datalake_dag.py took 0.119 seconds
[2026-04-18T09:00:19.129+0000] {processor.py:186} INFO - Started process (PID=65) to work on /opt/airflow/dags/etl_datalake_dag.py
[2026-04-18T09:00:19.130+0000] {processor.py:914} INFO - Processing file /opt/airflow/dags/etl_datalake_dag.py for tasks to queue
[2026-04-18T09:00:19.134+0000] {logging_mixin.py:190} INFO - [2026-04-18T09:00:19.133+0000] {dagbag.py:588} INFO - Filling up the DagBag from /opt/airflow/dags/etl_datalake_dag.py
[2026-04-18T09:00:19.165+0000] {processor.py:925} INFO - DAG(s) 'etl_datalake_hive_iceberg' retrieved from /opt/airflow/dags/etl_datalake_dag.py
[2026-04-18T09:00:19.209+0000] {logging_mixin.py:190} INFO - [2026-04-18T09:00:19.209+0000] {dag.py:3239} INFO - Sync 1 DAGs
[2026-04-18T09:00:19.257+0000] {logging_mixin.py:190} INFO - [2026-04-18T09:00:19.257+0000] {dag.py:4180} INFO - Setting next_dagrun for etl_datalake_hive_iceberg to 2026-04-17T00:00:00+00:00, run_after=2026-04-18T00:00:00+00:00
[2026-04-18T09:00:19.291+0000] {processor.py:208} INFO - Processing /opt/airflow/dags/etl_datalake_dag.py took 0.171 seconds
[2026-04-18T09:00:49.736+0000] {processor.py:186} INFO - Started process (PID=69) to work on /opt/airflow/dags/etl_datalake_dag.py
[2026-04-18T09:00:49.737+0000] {processor.py:914} INFO - Processing file /opt/airflow/dags/etl_datalake_dag.py for tasks to queue
[2026-04-18T09:00:49.738+0000] {logging_mixin.py:190} INFO - [2026-04-18T09:00:49.738+0000] {dagbag.py:588} INFO - Filling up the DagBag from /opt/airflow/dags/etl_datalake_dag.py
[2026-04-18T09:00:49.764+0000] {processor.py:925} INFO - DAG(s) 'etl_datalake_hive_iceberg' retrieved from /opt/airflow/dags/etl_datalake_dag.py
[2026-04-18T09:00:49.843+0000] {logging_mixin.py:190} INFO - [2026-04-18T09:00:49.842+0000] {dag.py:3239} INFO - Sync 1 DAGs
[2026-04-18T09:00:49.909+0000] {logging_mixin.py:190} INFO - [2026-04-18T09:00:49.909+0000] {dag.py:4180} INFO - Setting next_dagrun for etl_datalake_hive_iceberg to 2026-04-17T00:00:00+00:00, run_after=2026-04-18T00:00:00+00:00
[2026-04-18T09:00:50.104+0000] {processor.py:208} INFO - Processing /opt/airflow/dags/etl_datalake_dag.py took 0.375 seconds
[2026-04-18T09:01:20.342+0000] {processor.py:186} INFO - Started process (PID=73) to work on /opt/airflow/dags/etl_datalake_dag.py
[2026-04-18T09:01:20.343+0000] {processor.py:914} INFO - Processing file /opt/airflow/dags/etl_datalake_dag.py for tasks to queue
[2026-04-18T09:01:20.344+0000] {logging_mixin.py:190} INFO - [2026-04-18T09:01:20.344+0000] {dagbag.py:588} INFO - Filling up the DagBag from /opt/airflow/dags/etl_datalake_dag.py
[2026-04-18T09:01:20.368+0000] {processor.py:925} INFO - DAG(s) 'etl_datalake_hive_iceberg' retrieved from /opt/airflow/dags/etl_datalake_dag.py
[2026-04-18T09:01:20.420+0000] {logging_mixin.py:190} INFO - [2026-04-18T09:01:20.420+0000] {dag.py:3239} INFO - Sync 1 DAGs
[2026-04-18T09:01:20.477+0000] {logging_mixin.py:190} INFO - [2026-04-18T09:01:20.477+0000] {dag.py:4180} INFO - Setting next_dagrun for etl_datalake_hive_iceberg to 2026-04-17T00:00:00+00:00, run_after=2026-04-18T00:00:00+00:00
[2026-04-18T09:01:20.511+0000] {processor.py:208} INFO - Processing /opt/airflow/dags/etl_datalake_dag.py took 0.177 seconds
[2026-04-18T09:01:51.046+0000] {processor.py:186} INFO - Started process (PID=77) to work on /opt/airflow/dags/etl_datalake_dag.py
[2026-04-18T09:01:51.047+0000] {processor.py:914} INFO - Processing file /opt/airflow/dags/etl_datalake_dag.py for tasks to queue
[2026-04-18T09:01:51.050+0000] {logging_mixin.py:190} INFO - [2026-04-18T09:01:51.050+0000] {dagbag.py:588} INFO - Filling up the DagBag from /opt/airflow/dags/etl_datalake_dag.py
[2026-04-18T09:01:51.085+0000] {processor.py:925} INFO - DAG(s) 'etl_datalake_hive_iceberg' retrieved from /opt/airflow/dags/etl_datalake_dag.py
[2026-04-18T09:01:51.219+0000] {logging_mixin.py:190} INFO - [2026-04-18T09:01:51.219+0000] {dag.py:3239} INFO - Sync 1 DAGs
[2026-04-18T09:01:51.347+0000] {logging_mixin.py:190} INFO - [2026-04-18T09:01:51.347+0000] {dag.py:4180} INFO - Setting next_dagrun for etl_datalake_hive_iceberg to 2026-04-17T00:00:00+00:00, run_after=2026-04-18T00:00:00+00:00
[2026-04-18T09:01:51.412+0000] {processor.py:208} INFO - Processing /opt/airflow/dags/etl_datalake_dag.py took 0.378 seconds
[2026-04-18T09:02:22.091+0000] {processor.py:186} INFO - Started process (PID=81) to work on /opt/airflow/dags/etl_datalake_dag.py
[2026-04-18T09:02:22.099+0000] {processor.py:914} INFO - Processing file /opt/airflow/dags/etl_datalake_dag.py for tasks to queue
[2026-04-18T09:02:22.102+0000] {logging_mixin.py:190} INFO - [2026-04-18T09:02:22.101+0000] {dagbag.py:588} INFO - Filling up the DagBag from /opt/airflow/dags/etl_datalake_dag.py
[2026-04-18T09:02:22.154+0000] {processor.py:925} INFO - DAG(s) 'etl_datalake_hive_iceberg' retrieved from /opt/airflow/dags/etl_datalake_dag.py
[2026-04-18T09:02:22.217+0000] {logging_mixin.py:190} INFO - [2026-04-18T09:02:22.217+0000] {dag.py:3239} INFO - Sync 1 DAGs
[2026-04-18T09:02:22.251+0000] {logging_mixin.py:190} INFO - [2026-04-18T09:02:22.251+0000] {dag.py:4180} INFO - Setting next_dagrun for etl_datalake_hive_iceberg to 2026-04-17T00:00:00+00:00, run_after=2026-04-18T00:00:00+00:00
[2026-04-18T09:02:22.294+0000] {processor.py:208} INFO - Processing /opt/airflow/dags/etl_datalake_dag.py took 0.223 seconds
[2026-04-18T09:02:52.533+0000] {processor.py:186} INFO - Started process (PID=85) to work on /opt/airflow/dags/etl_datalake_dag.py
[2026-04-18T09:02:52.534+0000] {processor.py:914} INFO - Processing file /opt/airflow/dags/etl_datalake_dag.py for tasks to queue
[2026-04-18T09:02:52.536+0000] {logging_mixin.py:190} INFO - [2026-04-18T09:02:52.536+0000] {dagbag.py:588} INFO - Filling up the DagBag from /opt/airflow/dags/etl_datalake_dag.py
[2026-04-18T09:02:52.627+0000] {processor.py:925} INFO - DAG(s) 'etl_datalake_hive_iceberg' retrieved from /opt/airflow/dags/etl_datalake_dag.py
[2026-04-18T09:02:52.984+0000] {logging_mixin.py:190} INFO - [2026-04-18T09:02:52.983+0000] {dag.py:3239} INFO - Sync 1 DAGs
[2026-04-18T09:02:53.073+0000] {logging_mixin.py:190} INFO - [2026-04-18T09:02:53.070+0000] {dag.py:4180} INFO - Setting next_dagrun for etl_datalake_hive_iceberg to 2026-04-17T00:00:00+00:00, run_after=2026-04-18T00:00:00+00:00
[2026-04-18T09:02:53.160+0000] {processor.py:208} INFO - Processing /opt/airflow/dags/etl_datalake_dag.py took 0.646 seconds
[2026-04-18T09:03:23.950+0000] {processor.py:186} INFO - Started process (PID=89) to work on /opt/airflow/dags/etl_datalake_dag.py
[2026-04-18T09:03:23.952+0000] {processor.py:914} INFO - Processing file /opt/airflow/dags/etl_datalake_dag.py for tasks to queue
[2026-04-18T09:03:23.956+0000] {logging_mixin.py:190} INFO - [2026-04-18T09:03:23.955+0000] {dagbag.py:588} INFO - Filling up the DagBag from /opt/airflow/dags/etl_datalake_dag.py
[2026-04-18T09:03:23.984+0000] {processor.py:925} INFO - DAG(s) 'etl_datalake_hive_iceberg' retrieved from /opt/airflow/dags/etl_datalake_dag.py
[2026-04-18T09:03:24.034+0000] {logging_mixin.py:190} INFO - [2026-04-18T09:03:24.034+0000] {dag.py:3239} INFO - Sync 1 DAGs
[2026-04-18T09:03:24.086+0000] {logging_mixin.py:190} INFO - [2026-04-18T09:03:24.086+0000] {dag.py:4180} INFO - Setting next_dagrun for etl_datalake_hive_iceberg to 2026-04-17T00:00:00+00:00, run_after=2026-04-18T00:00:00+00:00
[2026-04-18T09:03:24.129+0000] {processor.py:208} INFO - Processing /opt/airflow/dags/etl_datalake_dag.py took 0.187 seconds
[2026-04-18T09:03:54.184+0000] {processor.py:186} INFO - Started process (PID=93) to work on /opt/airflow/dags/etl_datalake_dag.py
[2026-04-18T09:03:54.185+0000] {processor.py:914} INFO - Processing file /opt/airflow/dags/etl_datalake_dag.py for tasks to queue
[2026-04-18T09:03:54.186+0000] {logging_mixin.py:190} INFO - [2026-04-18T09:03:54.186+0000] {dagbag.py:588} INFO - Filling up the DagBag from /opt/airflow/dags/etl_datalake_dag.py
[2026-04-18T09:03:54.205+0000] {processor.py:925} INFO - DAG(s) 'etl_datalake_hive_iceberg' retrieved from /opt/airflow/dags/etl_datalake_dag.py
[2026-04-18T09:03:54.245+0000] {logging_mixin.py:190} INFO - [2026-04-18T09:03:54.245+0000] {dag.py:3239} INFO - Sync 1 DAGs
[2026-04-18T09:03:54.282+0000] {logging_mixin.py:190} INFO - [2026-04-18T09:03:54.282+0000] {dag.py:4180} INFO - Setting next_dagrun for etl_datalake_hive_iceberg to 2026-04-17T00:00:00+00:00, run_after=2026-04-18T00:00:00+00:00
[2026-04-18T09:03:54.319+0000] {processor.py:208} INFO - Processing /opt/airflow/dags/etl_datalake_dag.py took 0.141 seconds
[2026-04-18T09:04:24.788+0000] {processor.py:186} INFO - Started process (PID=97) to work on /opt/airflow/dags/etl_datalake_dag.py
[2026-04-18T09:04:24.789+0000] {processor.py:914} INFO - Processing file /opt/airflow/dags/etl_datalake_dag.py for tasks to queue
[2026-04-18T09:04:24.791+0000] {logging_mixin.py:190} INFO - [2026-04-18T09:04:24.790+0000] {dagbag.py:588} INFO - Filling up the DagBag from /opt/airflow/dags/etl_datalake_dag.py
[2026-04-18T09:04:24.813+0000] {processor.py:925} INFO - DAG(s) 'etl_datalake_hive_iceberg' retrieved from /opt/airflow/dags/etl_datalake_dag.py
[2026-04-18T09:04:24.856+0000] {logging_mixin.py:190} INFO - [2026-04-18T09:04:24.856+0000] {dag.py:3239} INFO - Sync 1 DAGs
[2026-04-18T09:04:24.892+0000] {logging_mixin.py:190} INFO - [2026-04-18T09:04:24.892+0000] {dag.py:4180} INFO - Setting next_dagrun for etl_datalake_hive_iceberg to 2026-04-17T00:00:00+00:00, run_after=2026-04-18T00:00:00+00:00
[2026-04-18T09:04:24.925+0000] {processor.py:208} INFO - Processing /opt/airflow/dags/etl_datalake_dag.py took 0.146 seconds
[2026-04-18T09:04:55.314+0000] {processor.py:186} INFO - Started process (PID=101) to work on /opt/airflow/dags/etl_datalake_dag.py
[2026-04-18T09:04:55.315+0000] {processor.py:914} INFO - Processing file /opt/airflow/dags/etl_datalake_dag.py for tasks to queue
[2026-04-18T09:04:55.317+0000] {logging_mixin.py:190} INFO - [2026-04-18T09:04:55.317+0000] {dagbag.py:588} INFO - Filling up the DagBag from /opt/airflow/dags/etl_datalake_dag.py
[2026-04-18T09:04:55.339+0000] {processor.py:925} INFO - DAG(s) 'etl_datalake_hive_iceberg' retrieved from /opt/airflow/dags/etl_datalake_dag.py
[2026-04-18T09:04:55.381+0000] {logging_mixin.py:190} INFO - [2026-04-18T09:04:55.381+0000] {dag.py:3239} INFO - Sync 1 DAGs
[2026-04-18T09:04:55.412+0000] {logging_mixin.py:190} INFO - [2026-04-18T09:04:55.412+0000] {dag.py:4180} INFO - Setting next_dagrun for etl_datalake_hive_iceberg to 2026-04-17T00:00:00+00:00, run_after=2026-04-18T00:00:00+00:00
[2026-04-18T09:04:55.442+0000] {processor.py:208} INFO - Processing /opt/airflow/dags/etl_datalake_dag.py took 0.134 seconds
[2026-04-18T09:05:25.846+0000] {processor.py:186} INFO - Started process (PID=105) to work on /opt/airflow/dags/etl_datalake_dag.py
[2026-04-18T09:05:25.847+0000] {processor.py:914} INFO - Processing file /opt/airflow/dags/etl_datalake_dag.py for tasks to queue
[2026-04-18T09:05:25.848+0000] {logging_mixin.py:190} INFO - [2026-04-18T09:05:25.848+0000] {dagbag.py:588} INFO - Filling up the DagBag from /opt/airflow/dags/etl_datalake_dag.py
[2026-04-18T09:05:25.865+0000] {processor.py:925} INFO - DAG(s) 'etl_datalake_hive_iceberg' retrieved from /opt/airflow/dags/etl_datalake_dag.py
[2026-04-18T09:05:25.900+0000] {logging_mixin.py:190} INFO - [2026-04-18T09:05:25.900+0000] {dag.py:3239} INFO - Sync 1 DAGs
[2026-04-18T09:05:25.926+0000] {logging_mixin.py:190} INFO - [2026-04-18T09:05:25.926+0000] {dag.py:4180} INFO - Setting next_dagrun for etl_datalake_hive_iceberg to 2026-04-17T00:00:00+00:00, run_after=2026-04-18T00:00:00+00:00
[2026-04-18T09:05:25.960+0000] {processor.py:208} INFO - Processing /opt/airflow/dags/etl_datalake_dag.py took 0.121 seconds
[2026-04-18T09:05:56.840+0000] {processor.py:186} INFO - Started process (PID=109) to work on /opt/airflow/dags/etl_datalake_dag.py
[2026-04-18T09:05:56.841+0000] {processor.py:914} INFO - Processing file /opt/airflow/dags/etl_datalake_dag.py for tasks to queue
[2026-04-18T09:05:56.842+0000] {logging_mixin.py:190} INFO - [2026-04-18T09:05:56.842+0000] {dagbag.py:588} INFO - Filling up the DagBag from /opt/airflow/dags/etl_datalake_dag.py
[2026-04-18T09:05:56.864+0000] {processor.py:925} INFO - DAG(s) 'etl_datalake_hive_iceberg' retrieved from /opt/airflow/dags/etl_datalake_dag.py
[2026-04-18T09:05:56.906+0000] {logging_mixin.py:190} INFO - [2026-04-18T09:05:56.905+0000] {dag.py:3239} INFO - Sync 1 DAGs
[2026-04-18T09:05:56.942+0000] {logging_mixin.py:190} INFO - [2026-04-18T09:05:56.941+0000] {dag.py:4180} INFO - Setting next_dagrun for etl_datalake_hive_iceberg to 2026-04-17T00:00:00+00:00, run_after=2026-04-18T00:00:00+00:00
[2026-04-18T09:05:56.974+0000] {processor.py:208} INFO - Processing /opt/airflow/dags/etl_datalake_dag.py took 0.139 seconds
[2026-04-18T09:06:27.131+0000] {processor.py:186} INFO - Started process (PID=113) to work on /opt/airflow/dags/etl_datalake_dag.py
[2026-04-18T09:06:27.131+0000] {processor.py:914} INFO - Processing file /opt/airflow/dags/etl_datalake_dag.py for tasks to queue
[2026-04-18T09:06:27.133+0000] {logging_mixin.py:190} INFO - [2026-04-18T09:06:27.132+0000] {dagbag.py:588} INFO - Filling up the DagBag from /opt/airflow/dags/etl_datalake_dag.py
[2026-04-18T09:06:27.148+0000] {processor.py:925} INFO - DAG(s) 'etl_datalake_hive_iceberg' retrieved from /opt/airflow/dags/etl_datalake_dag.py
[2026-04-18T09:06:27.182+0000] {logging_mixin.py:190} INFO - [2026-04-18T09:06:27.182+0000] {dag.py:3239} INFO - Sync 1 DAGs
[2026-04-18T09:06:27.208+0000] {logging_mixin.py:190} INFO - [2026-04-18T09:06:27.208+0000] {dag.py:4180} INFO - Setting next_dagrun for etl_datalake_hive_iceberg to 2026-04-17T00:00:00+00:00, run_after=2026-04-18T00:00:00+00:00
[2026-04-18T09:06:27.233+0000] {processor.py:208} INFO - Processing /opt/airflow/dags/etl_datalake_dag.py took 0.108 seconds
[2026-04-18T09:06:57.349+0000] {processor.py:186} INFO - Started process (PID=117) to work on /opt/airflow/dags/etl_datalake_dag.py
[2026-04-18T09:06:57.349+0000] {processor.py:914} INFO - Processing file /opt/airflow/dags/etl_datalake_dag.py for tasks to queue
[2026-04-18T09:06:57.351+0000] {logging_mixin.py:190} INFO - [2026-04-18T09:06:57.351+0000] {dagbag.py:588} INFO - Filling up the DagBag from /opt/airflow/dags/etl_datalake_dag.py
[2026-04-18T09:06:57.366+0000] {processor.py:925} INFO - DAG(s) 'etl_datalake_hive_iceberg' retrieved from /opt/airflow/dags/etl_datalake_dag.py
[2026-04-18T09:06:57.396+0000] {logging_mixin.py:190} INFO - [2026-04-18T09:06:57.396+0000] {dag.py:3239} INFO - Sync 1 DAGs
[2026-04-18T09:06:57.422+0000] {logging_mixin.py:190} INFO - [2026-04-18T09:06:57.422+0000] {dag.py:4180} INFO - Setting next_dagrun for etl_datalake_hive_iceberg to 2026-04-17T00:00:00+00:00, run_after=2026-04-18T00:00:00+00:00
[2026-04-18T09:06:57.450+0000] {processor.py:208} INFO - Processing /opt/airflow/dags/etl_datalake_dag.py took 0.107 seconds
[2026-04-18T09:07:29.713+0000] {processor.py:186} INFO - Started process (PID=121) to work on /opt/airflow/dags/etl_datalake_dag.py
[2026-04-18T09:07:29.716+0000] {processor.py:914} INFO - Processing file /opt/airflow/dags/etl_datalake_dag.py for tasks to queue
[2026-04-18T09:07:29.718+0000] {logging_mixin.py:190} INFO - [2026-04-18T09:07:29.718+0000] {dagbag.py:588} INFO - Filling up the DagBag from /opt/airflow/dags/etl_datalake_dag.py
[2026-04-18T09:07:29.748+0000] {processor.py:925} INFO - DAG(s) 'etl_datalake_hive_iceberg' retrieved from /opt/airflow/dags/etl_datalake_dag.py
[2026-04-18T09:07:29.807+0000] {logging_mixin.py:190} INFO - [2026-04-18T09:07:29.806+0000] {dag.py:3239} INFO - Sync 1 DAGs
[2026-04-18T09:07:29.856+0000] {logging_mixin.py:190} INFO - [2026-04-18T09:07:29.855+0000] {dag.py:4180} INFO - Setting next_dagrun for etl_datalake_hive_iceberg to 2026-04-17T00:00:00+00:00, run_after=2026-04-18T00:00:00+00:00
[2026-04-18T09:07:29.891+0000] {processor.py:208} INFO - Processing /opt/airflow/dags/etl_datalake_dag.py took 0.188 seconds
[2026-04-18T09:08:00.201+0000] {processor.py:186} INFO - Started process (PID=125) to work on /opt/airflow/dags/etl_datalake_dag.py
[2026-04-18T09:08:00.202+0000] {processor.py:914} INFO - Processing file /opt/airflow/dags/etl_datalake_dag.py for tasks to queue
[2026-04-18T09:08:00.204+0000] {logging_mixin.py:190} INFO - [2026-04-18T09:08:00.203+0000] {dagbag.py:588} INFO - Filling up the DagBag from /opt/airflow/dags/etl_datalake_dag.py
[2026-04-18T09:08:00.221+0000] {processor.py:925} INFO - DAG(s) 'etl_datalake_hive_iceberg' retrieved from /opt/airflow/dags/etl_datalake_dag.py
[2026-04-18T09:08:00.258+0000] {logging_mixin.py:190} INFO - [2026-04-18T09:08:00.258+0000] {dag.py:3239} INFO - Sync 1 DAGs
[2026-04-18T09:08:00.292+0000] {logging_mixin.py:190} INFO - [2026-04-18T09:08:00.291+0000] {dag.py:4180} INFO - Setting next_dagrun for etl_datalake_hive_iceberg to 2026-04-17T00:00:00+00:00, run_after=2026-04-18T00:00:00+00:00
[2026-04-18T09:08:00.319+0000] {processor.py:208} INFO - Processing /opt/airflow/dags/etl_datalake_dag.py took 0.124 seconds
[2026-04-18T09:08:31.027+0000] {processor.py:186} INFO - Started process (PID=129) to work on /opt/airflow/dags/etl_datalake_dag.py
[2026-04-18T09:08:31.028+0000] {processor.py:914} INFO - Processing file /opt/airflow/dags/etl_datalake_dag.py for tasks to queue
[2026-04-18T09:08:31.031+0000] {logging_mixin.py:190} INFO - [2026-04-18T09:08:31.031+0000] {dagbag.py:588} INFO - Filling up the DagBag from /opt/airflow/dags/etl_datalake_dag.py
[2026-04-18T09:08:31.051+0000] {processor.py:925} INFO - DAG(s) 'etl_datalake_hive_iceberg' retrieved from /opt/airflow/dags/etl_datalake_dag.py
[2026-04-18T09:08:31.086+0000] {logging_mixin.py:190} INFO - [2026-04-18T09:08:31.086+0000] {dag.py:3239} INFO - Sync 1 DAGs
[2026-04-18T09:08:31.120+0000] {logging_mixin.py:190} INFO - [2026-04-18T09:08:31.120+0000] {dag.py:4180} INFO - Setting next_dagrun for etl_datalake_hive_iceberg to 2026-04-17T00:00:00+00:00, run_after=2026-04-18T00:00:00+00:00
[2026-04-18T09:08:31.143+0000] {processor.py:208} INFO - Processing /opt/airflow/dags/etl_datalake_dag.py took 0.124 seconds
[2026-04-18T09:09:01.698+0000] {processor.py:186} INFO - Started process (PID=133) to work on /opt/airflow/dags/etl_datalake_dag.py
[2026-04-18T09:09:01.700+0000] {processor.py:914} INFO - Processing file /opt/airflow/dags/etl_datalake_dag.py for tasks to queue
[2026-04-18T09:09:01.702+0000] {logging_mixin.py:190} INFO - [2026-04-18T09:09:01.702+0000] {dagbag.py:588} INFO - Filling up the DagBag from /opt/airflow/dags/etl_datalake_dag.py
[2026-04-18T09:09:01.723+0000] {processor.py:925} INFO - DAG(s) 'etl_datalake_hive_iceberg' retrieved from /opt/airflow/dags/etl_datalake_dag.py
[2026-04-18T09:09:01.763+0000] {logging_mixin.py:190} INFO - [2026-04-18T09:09:01.762+0000] {dag.py:3239} INFO - Sync 1 DAGs
[2026-04-18T09:09:01.797+0000] {logging_mixin.py:190} INFO - [2026-04-18T09:09:01.796+0000] {dag.py:4180} INFO - Setting next_dagrun for etl_datalake_hive_iceberg to 2026-04-17T00:00:00+00:00, run_after=2026-04-18T00:00:00+00:00
[2026-04-18T09:09:01.836+0000] {processor.py:208} INFO - Processing /opt/airflow/dags/etl_datalake_dag.py took 0.145 seconds
[2026-04-18T09:09:33.154+0000] {processor.py:186} INFO - Started process (PID=137) to work on /opt/airflow/dags/etl_datalake_dag.py
[2026-04-18T09:09:33.155+0000] {processor.py:914} INFO - Processing file /opt/airflow/dags/etl_datalake_dag.py for tasks to queue
[2026-04-18T09:09:33.160+0000] {logging_mixin.py:190} INFO - [2026-04-18T09:09:33.160+0000] {dagbag.py:588} INFO - Filling up the DagBag from /opt/airflow/dags/etl_datalake_dag.py
[2026-04-18T09:09:33.195+0000] {processor.py:925} INFO - DAG(s) 'etl_datalake_hive_iceberg' retrieved from /opt/airflow/dags/etl_datalake_dag.py
[2026-04-18T09:09:33.254+0000] {logging_mixin.py:190} INFO - [2026-04-18T09:09:33.254+0000] {dag.py:3239} INFO - Sync 1 DAGs
[2026-04-18T09:09:33.301+0000] {logging_mixin.py:190} INFO - [2026-04-18T09:09:33.301+0000] {dag.py:4180} INFO - Setting next_dagrun for etl_datalake_hive_iceberg to 2026-04-17T00:00:00+00:00, run_after=2026-04-18T00:00:00+00:00
[2026-04-18T09:09:33.352+0000] {processor.py:208} INFO - Processing /opt/airflow/dags/etl_datalake_dag.py took 0.207 seconds
[2026-04-18T09:10:03.447+0000] {processor.py:186} INFO - Started process (PID=141) to work on /opt/airflow/dags/etl_datalake_dag.py
[2026-04-18T09:10:03.448+0000] {processor.py:914} INFO - Processing file /opt/airflow/dags/etl_datalake_dag.py for tasks to queue
[2026-04-18T09:10:03.450+0000] {logging_mixin.py:190} INFO - [2026-04-18T09:10:03.450+0000] {dagbag.py:588} INFO - Filling up the DagBag from /opt/airflow/dags/etl_datalake_dag.py
[2026-04-18T09:10:03.473+0000] {processor.py:925} INFO - DAG(s) 'etl_datalake_hive_iceberg' retrieved from /opt/airflow/dags/etl_datalake_dag.py
[2026-04-18T09:10:03.517+0000] {logging_mixin.py:190} INFO - [2026-04-18T09:10:03.517+0000] {dag.py:3239} INFO - Sync 1 DAGs
[2026-04-18T09:10:03.554+0000] {logging_mixin.py:190} INFO - [2026-04-18T09:10:03.553+0000] {dag.py:4180} INFO - Setting next_dagrun for etl_datalake_hive_iceberg to 2026-04-17T00:00:00+00:00, run_after=2026-04-18T00:00:00+00:00
[2026-04-18T09:10:03.577+0000] {processor.py:208} INFO - Processing /opt/airflow/dags/etl_datalake_dag.py took 0.139 seconds
[2026-04-18T09:10:35.825+0000] {processor.py:186} INFO - Started process (PID=145) to work on /opt/airflow/dags/etl_datalake_dag.py
[2026-04-18T09:10:35.826+0000] {processor.py:914} INFO - Processing file /opt/airflow/dags/etl_datalake_dag.py for tasks to queue
[2026-04-18T09:10:35.827+0000] {logging_mixin.py:190} INFO - [2026-04-18T09:10:35.827+0000] {dagbag.py:588} INFO - Filling up the DagBag from /opt/airflow/dags/etl_datalake_dag.py
[2026-04-18T09:10:35.848+0000] {processor.py:925} INFO - DAG(s) 'etl_datalake_hive_iceberg' retrieved from /opt/airflow/dags/etl_datalake_dag.py
[2026-04-18T09:10:35.890+0000] {logging_mixin.py:190} INFO - [2026-04-18T09:10:35.890+0000] {dag.py:3239} INFO - Sync 1 DAGs
[2026-04-18T09:10:35.921+0000] {logging_mixin.py:190} INFO - [2026-04-18T09:10:35.921+0000] {dag.py:4180} INFO - Setting next_dagrun for etl_datalake_hive_iceberg to 2026-04-17T00:00:00+00:00, run_after=2026-04-18T00:00:00+00:00
[2026-04-18T09:10:35.944+0000] {processor.py:208} INFO - Processing /opt/airflow/dags/etl_datalake_dag.py took 0.126 seconds
[2026-04-18T09:11:06.757+0000] {processor.py:186} INFO - Started process (PID=149) to work on /opt/airflow/dags/etl_datalake_dag.py
[2026-04-18T09:11:06.759+0000] {processor.py:914} INFO - Processing file /opt/airflow/dags/etl_datalake_dag.py for tasks to queue
[2026-04-18T09:11:06.761+0000] {logging_mixin.py:190} INFO - [2026-04-18T09:11:06.761+0000] {dagbag.py:588} INFO - Filling up the DagBag from /opt/airflow/dags/etl_datalake_dag.py
[2026-04-18T09:11:06.789+0000] {processor.py:925} INFO - DAG(s) 'etl_datalake_hive_iceberg' retrieved from /opt/airflow/dags/etl_datalake_dag.py
[2026-04-18T09:11:06.849+0000] {logging_mixin.py:190} INFO - [2026-04-18T09:11:06.849+0000] {dag.py:3239} INFO - Sync 1 DAGs
[2026-04-18T09:11:06.895+0000] {logging_mixin.py:190} INFO - [2026-04-18T09:11:06.895+0000] {dag.py:4180} INFO - Setting next_dagrun for etl_datalake_hive_iceberg to 2026-04-17T00:00:00+00:00, run_after=2026-04-18T00:00:00+00:00
[2026-04-18T09:11:06.928+0000] {processor.py:208} INFO - Processing /opt/airflow/dags/etl_datalake_dag.py took 0.183 seconds
[2026-04-18T09:11:37.530+0000] {processor.py:186} INFO - Started process (PID=153) to work on /opt/airflow/dags/etl_datalake_dag.py
[2026-04-18T09:11:37.531+0000] {processor.py:914} INFO - Processing file /opt/airflow/dags/etl_datalake_dag.py for tasks to queue
[2026-04-18T09:11:37.533+0000] {logging_mixin.py:190} INFO - [2026-04-18T09:11:37.533+0000] {dagbag.py:588} INFO - Filling up the DagBag from /opt/airflow/dags/etl_datalake_dag.py
[2026-04-18T09:11:37.551+0000] {processor.py:925} INFO - DAG(s) 'etl_datalake_hive_iceberg' retrieved from /opt/airflow/dags/etl_datalake_dag.py
[2026-04-18T09:11:37.599+0000] {logging_mixin.py:190} INFO - [2026-04-18T09:11:37.599+0000] {dag.py:3239} INFO - Sync 1 DAGs
[2026-04-18T09:11:37.637+0000] {logging_mixin.py:190} INFO - [2026-04-18T09:11:37.637+0000] {dag.py:4180} INFO - Setting next_dagrun for etl_datalake_hive_iceberg to 2026-04-17T00:00:00+00:00, run_after=2026-04-18T00:00:00+00:00
[2026-04-18T09:11:37.663+0000] {processor.py:208} INFO - Processing /opt/airflow/dags/etl_datalake_dag.py took 0.141 seconds
[2026-04-18T09:12:07.847+0000] {processor.py:186} INFO - Started process (PID=157) to work on /opt/airflow/dags/etl_datalake_dag.py
[2026-04-18T09:12:07.848+0000] {processor.py:914} INFO - Processing file /opt/airflow/dags/etl_datalake_dag.py for tasks to queue
[2026-04-18T09:12:07.849+0000] {logging_mixin.py:190} INFO - [2026-04-18T09:12:07.849+0000] {dagbag.py:588} INFO - Filling up the DagBag from /opt/airflow/dags/etl_datalake_dag.py
[2026-04-18T09:12:07.868+0000] {processor.py:925} INFO - DAG(s) 'etl_datalake_hive_iceberg' retrieved from /opt/airflow/dags/etl_datalake_dag.py
[2026-04-18T09:12:07.909+0000] {logging_mixin.py:190} INFO - [2026-04-18T09:12:07.909+0000] {dag.py:3239} INFO - Sync 1 DAGs
[2026-04-18T09:12:07.947+0000] {logging_mixin.py:190} INFO - [2026-04-18T09:12:07.946+0000] {dag.py:4180} INFO - Setting next_dagrun for etl_datalake_hive_iceberg to 2026-04-17T00:00:00+00:00, run_after=2026-04-18T00:00:00+00:00
[2026-04-18T09:12:07.972+0000] {processor.py:208} INFO - Processing /opt/airflow/dags/etl_datalake_dag.py took 0.131 seconds
[2026-04-18T09:12:39.712+0000] {processor.py:186} INFO - Started process (PID=161) to work on /opt/airflow/dags/etl_datalake_dag.py
[2026-04-18T09:12:39.713+0000] {processor.py:914} INFO - Processing file /opt/airflow/dags/etl_datalake_dag.py for tasks to queue
[2026-04-18T09:12:39.714+0000] {logging_mixin.py:190} INFO - [2026-04-18T09:12:39.714+0000] {dagbag.py:588} INFO - Filling up the DagBag from /opt/airflow/dags/etl_datalake_dag.py
[2026-04-18T09:12:39.734+0000] {processor.py:925} INFO - DAG(s) 'etl_datalake_hive_iceberg' retrieved from /opt/airflow/dags/etl_datalake_dag.py
[2026-04-18T09:12:39.771+0000] {logging_mixin.py:190} INFO - [2026-04-18T09:12:39.771+0000] {dag.py:3239} INFO - Sync 1 DAGs
[2026-04-18T09:12:39.801+0000] {logging_mixin.py:190} INFO - [2026-04-18T09:12:39.801+0000] {dag.py:4180} INFO - Setting next_dagrun for etl_datalake_hive_iceberg to 2026-04-17T00:00:00+00:00, run_after=2026-04-18T00:00:00+00:00
[2026-04-18T09:12:39.827+0000] {processor.py:208} INFO - Processing /opt/airflow/dags/etl_datalake_dag.py took 0.122 seconds
[2026-04-18T09:13:10.215+0000] {processor.py:186} INFO - Started process (PID=165) to work on /opt/airflow/dags/etl_datalake_dag.py
[2026-04-18T09:13:10.215+0000] {processor.py:914} INFO - Processing file /opt/airflow/dags/etl_datalake_dag.py for tasks to queue
[2026-04-18T09:13:10.218+0000] {logging_mixin.py:190} INFO - [2026-04-18T09:13:10.217+0000] {dagbag.py:588} INFO - Filling up the DagBag from /opt/airflow/dags/etl_datalake_dag.py
[2026-04-18T09:13:10.236+0000] {processor.py:925} INFO - DAG(s) 'etl_datalake_hive_iceberg' retrieved from /opt/airflow/dags/etl_datalake_dag.py
[2026-04-18T09:13:10.270+0000] {logging_mixin.py:190} INFO - [2026-04-18T09:13:10.270+0000] {dag.py:3239} INFO - Sync 1 DAGs
[2026-04-18T09:13:10.298+0000] {logging_mixin.py:190} INFO - [2026-04-18T09:13:10.298+0000] {dag.py:4180} INFO - Setting next_dagrun for etl_datalake_hive_iceberg to 2026-04-17T00:00:00+00:00, run_after=2026-04-18T00:00:00+00:00
[2026-04-18T09:13:10.320+0000] {processor.py:208} INFO - Processing /opt/airflow/dags/etl_datalake_dag.py took 0.112 seconds
[2026-04-18T09:13:40.555+0000] {processor.py:186} INFO - Started process (PID=169) to work on /opt/airflow/dags/etl_datalake_dag.py
[2026-04-18T09:13:40.556+0000] {processor.py:914} INFO - Processing file /opt/airflow/dags/etl_datalake_dag.py for tasks to queue
[2026-04-18T09:13:40.558+0000] {logging_mixin.py:190} INFO - [2026-04-18T09:13:40.558+0000] {dagbag.py:588} INFO - Filling up the DagBag from /opt/airflow/dags/etl_datalake_dag.py
[2026-04-18T09:13:40.579+0000] {processor.py:925} INFO - DAG(s) 'etl_datalake_hive_iceberg' retrieved from /opt/airflow/dags/etl_datalake_dag.py
[2026-04-18T09:13:40.618+0000] {logging_mixin.py:190} INFO - [2026-04-18T09:13:40.618+0000] {dag.py:3239} INFO - Sync 1 DAGs
[2026-04-18T09:13:40.647+0000] {logging_mixin.py:190} INFO - [2026-04-18T09:13:40.646+0000] {dag.py:4180} INFO - Setting next_dagrun for etl_datalake_hive_iceberg to 2026-04-17T00:00:00+00:00, run_after=2026-04-18T00:00:00+00:00
[2026-04-18T09:13:40.668+0000] {processor.py:208} INFO - Processing /opt/airflow/dags/etl_datalake_dag.py took 0.121 seconds
[2026-04-18T09:14:11.708+0000] {processor.py:186} INFO - Started process (PID=173) to work on /opt/airflow/dags/etl_datalake_dag.py
[2026-04-18T09:14:11.709+0000] {processor.py:914} INFO - Processing file /opt/airflow/dags/etl_datalake_dag.py for tasks to queue
[2026-04-18T09:14:11.711+0000] {logging_mixin.py:190} INFO - [2026-04-18T09:14:11.710+0000] {dagbag.py:588} INFO - Filling up the DagBag from /opt/airflow/dags/etl_datalake_dag.py
[2026-04-18T09:14:11.728+0000] {processor.py:925} INFO - DAG(s) 'etl_datalake_hive_iceberg' retrieved from /opt/airflow/dags/etl_datalake_dag.py
[2026-04-18T09:14:11.763+0000] {logging_mixin.py:190} INFO - [2026-04-18T09:14:11.762+0000] {dag.py:3239} INFO - Sync 1 DAGs
[2026-04-18T09:14:11.788+0000] {logging_mixin.py:190} INFO - [2026-04-18T09:14:11.788+0000] {dag.py:4180} INFO - Setting next_dagrun for etl_datalake_hive_iceberg to 2026-04-17T00:00:00+00:00, run_after=2026-04-18T00:00:00+00:00
[2026-04-18T09:14:11.810+0000] {processor.py:208} INFO - Processing /opt/airflow/dags/etl_datalake_dag.py took 0.109 seconds
[2026-04-18T09:14:44.212+0000] {processor.py:186} INFO - Started process (PID=177) to work on /opt/airflow/dags/etl_datalake_dag.py
[2026-04-18T09:14:44.213+0000] {processor.py:914} INFO - Processing file /opt/airflow/dags/etl_datalake_dag.py for tasks to queue
[2026-04-18T09:14:44.214+0000] {logging_mixin.py:190} INFO - [2026-04-18T09:14:44.214+0000] {dagbag.py:588} INFO - Filling up the DagBag from /opt/airflow/dags/etl_datalake_dag.py
[2026-04-18T09:14:44.257+0000] {processor.py:925} INFO - DAG(s) 'etl_datalake_hive_iceberg' retrieved from /opt/airflow/dags/etl_datalake_dag.py
[2026-04-18T09:14:44.317+0000] {logging_mixin.py:190} INFO - [2026-04-18T09:14:44.317+0000] {dag.py:3239} INFO - Sync 1 DAGs
[2026-04-18T09:14:44.359+0000] {logging_mixin.py:190} INFO - [2026-04-18T09:14:44.359+0000] {dag.py:4180} INFO - Setting next_dagrun for etl_datalake_hive_iceberg to 2026-04-17T00:00:00+00:00, run_after=2026-04-18T00:00:00+00:00
[2026-04-18T09:14:44.389+0000] {processor.py:208} INFO - Processing /opt/airflow/dags/etl_datalake_dag.py took 0.192 seconds
[2026-04-18T09:15:14.881+0000] {processor.py:186} INFO - Started process (PID=181) to work on /opt/airflow/dags/etl_datalake_dag.py
[2026-04-18T09:15:14.882+0000] {processor.py:914} INFO - Processing file /opt/airflow/dags/etl_datalake_dag.py for tasks to queue
[2026-04-18T09:15:14.883+0000] {logging_mixin.py:190} INFO - [2026-04-18T09:15:14.883+0000] {dagbag.py:588} INFO - Filling up the DagBag from /opt/airflow/dags/etl_datalake_dag.py
[2026-04-18T09:15:14.901+0000] {processor.py:925} INFO - DAG(s) 'etl_datalake_hive_iceberg' retrieved from /opt/airflow/dags/etl_datalake_dag.py
[2026-04-18T09:15:14.942+0000] {logging_mixin.py:190} INFO - [2026-04-18T09:15:14.942+0000] {dag.py:3239} INFO - Sync 1 DAGs
[2026-04-18T09:15:14.985+0000] {logging_mixin.py:190} INFO - [2026-04-18T09:15:14.985+0000] {dag.py:4180} INFO - Setting next_dagrun for etl_datalake_hive_iceberg to 2026-04-17T00:00:00+00:00, run_after=2026-04-18T00:00:00+00:00
[2026-04-18T09:15:15.020+0000] {processor.py:208} INFO - Processing /opt/airflow/dags/etl_datalake_dag.py took 0.146 seconds
[2026-04-18T09:15:46.387+0000] {processor.py:186} INFO - Started process (PID=185) to work on /opt/airflow/dags/etl_datalake_dag.py
[2026-04-18T09:15:46.389+0000] {processor.py:914} INFO - Processing file /opt/airflow/dags/etl_datalake_dag.py for tasks to queue
[2026-04-18T09:15:46.394+0000] {logging_mixin.py:190} INFO - [2026-04-18T09:15:46.394+0000] {dagbag.py:588} INFO - Filling up the DagBag from /opt/airflow/dags/etl_datalake_dag.py
[2026-04-18T09:15:46.456+0000] {processor.py:925} INFO - DAG(s) 'etl_datalake_hive_iceberg' retrieved from /opt/airflow/dags/etl_datalake_dag.py
[2026-04-18T09:15:46.524+0000] {logging_mixin.py:190} INFO - [2026-04-18T09:15:46.524+0000] {dag.py:3239} INFO - Sync 1 DAGs
[2026-04-18T09:15:46.569+0000] {logging_mixin.py:190} INFO - [2026-04-18T09:15:46.569+0000] {dag.py:4180} INFO - Setting next_dagrun for etl_datalake_hive_iceberg to 2026-04-17T00:00:00+00:00, run_after=2026-04-18T00:00:00+00:00
[2026-04-18T09:15:46.611+0000] {processor.py:208} INFO - Processing /opt/airflow/dags/etl_datalake_dag.py took 0.235 seconds
[2026-04-18T09:16:17.388+0000] {processor.py:186} INFO - Started process (PID=189) to work on /opt/airflow/dags/etl_datalake_dag.py
[2026-04-18T09:16:17.389+0000] {processor.py:914} INFO - Processing file /opt/airflow/dags/etl_datalake_dag.py for tasks to queue
[2026-04-18T09:16:17.391+0000] {logging_mixin.py:190} INFO - [2026-04-18T09:16:17.391+0000] {dagbag.py:588} INFO - Filling up the DagBag from /opt/airflow/dags/etl_datalake_dag.py
[2026-04-18T09:16:17.415+0000] {processor.py:925} INFO - DAG(s) 'etl_datalake_hive_iceberg' retrieved from /opt/airflow/dags/etl_datalake_dag.py
[2026-04-18T09:16:17.465+0000] {logging_mixin.py:190} INFO - [2026-04-18T09:16:17.465+0000] {dag.py:3239} INFO - Sync 1 DAGs
[2026-04-18T09:16:17.507+0000] {logging_mixin.py:190} INFO - [2026-04-18T09:16:17.506+0000] {dag.py:4180} INFO - Setting next_dagrun for etl_datalake_hive_iceberg to 2026-04-17T00:00:00+00:00, run_after=2026-04-18T00:00:00+00:00
[2026-04-18T09:16:17.549+0000] {processor.py:208} INFO - Processing /opt/airflow/dags/etl_datalake_dag.py took 0.170 seconds
[2026-04-18T09:16:47.889+0000] {processor.py:186} INFO - Started process (PID=193) to work on /opt/airflow/dags/etl_datalake_dag.py
[2026-04-18T09:16:47.890+0000] {processor.py:914} INFO - Processing file /opt/airflow/dags/etl_datalake_dag.py for tasks to queue
[2026-04-18T09:16:47.892+0000] {logging_mixin.py:190} INFO - [2026-04-18T09:16:47.891+0000] {dagbag.py:588} INFO - Filling up the DagBag from /opt/airflow/dags/etl_datalake_dag.py
[2026-04-18T09:16:47.915+0000] {processor.py:925} INFO - DAG(s) 'etl_datalake_hive_iceberg' retrieved from /opt/airflow/dags/etl_datalake_dag.py
[2026-04-18T09:16:47.965+0000] {logging_mixin.py:190} INFO - [2026-04-18T09:16:47.965+0000] {dag.py:3239} INFO - Sync 1 DAGs
[2026-04-18T09:16:48.002+0000] {logging_mixin.py:190} INFO - [2026-04-18T09:16:48.001+0000] {dag.py:4180} INFO - Setting next_dagrun for etl_datalake_hive_iceberg to 2026-04-17T00:00:00+00:00, run_after=2026-04-18T00:00:00+00:00
[2026-04-18T09:16:48.045+0000] {processor.py:208} INFO - Processing /opt/airflow/dags/etl_datalake_dag.py took 0.162 seconds
[2026-04-18T09:17:18.473+0000] {processor.py:186} INFO - Started process (PID=197) to work on /opt/airflow/dags/etl_datalake_dag.py
[2026-04-18T09:17:18.474+0000] {processor.py:914} INFO - Processing file /opt/airflow/dags/etl_datalake_dag.py for tasks to queue
[2026-04-18T09:17:18.476+0000] {logging_mixin.py:190} INFO - [2026-04-18T09:17:18.476+0000] {dagbag.py:588} INFO - Filling up the DagBag from /opt/airflow/dags/etl_datalake_dag.py
[2026-04-18T09:17:18.500+0000] {processor.py:925} INFO - DAG(s) 'etl_datalake_hive_iceberg' retrieved from /opt/airflow/dags/etl_datalake_dag.py
[2026-04-18T09:17:18.548+0000] {logging_mixin.py:190} INFO - [2026-04-18T09:17:18.548+0000] {dag.py:3239} INFO - Sync 1 DAGs
[2026-04-18T09:17:18.593+0000] {logging_mixin.py:190} INFO - [2026-04-18T09:17:18.593+0000] {dag.py:4180} INFO - Setting next_dagrun for etl_datalake_hive_iceberg to 2026-04-17T00:00:00+00:00, run_after=2026-04-18T00:00:00+00:00
[2026-04-18T09:17:18.638+0000] {processor.py:208} INFO - Processing /opt/airflow/dags/etl_datalake_dag.py took 0.175 seconds
[2026-04-18T09:17:48.962+0000] {processor.py:186} INFO - Started process (PID=201) to work on /opt/airflow/dags/etl_datalake_dag.py
[2026-04-18T09:17:48.963+0000] {processor.py:914} INFO - Processing file /opt/airflow/dags/etl_datalake_dag.py for tasks to queue
[2026-04-18T09:17:48.966+0000] {logging_mixin.py:190} INFO - [2026-04-18T09:17:48.966+0000] {dagbag.py:588} INFO - Filling up the DagBag from /opt/airflow/dags/etl_datalake_dag.py
[2026-04-18T09:17:49.002+0000] {processor.py:925} INFO - DAG(s) 'etl_datalake_hive_iceberg' retrieved from /opt/airflow/dags/etl_datalake_dag.py
[2026-04-18T09:17:49.071+0000] {logging_mixin.py:190} INFO - [2026-04-18T09:17:49.070+0000] {dag.py:3239} INFO - Sync 1 DAGs
[2026-04-18T09:17:49.123+0000] {logging_mixin.py:190} INFO - [2026-04-18T09:17:49.122+0000] {dag.py:4180} INFO - Setting next_dagrun for etl_datalake_hive_iceberg to 2026-04-17T00:00:00+00:00, run_after=2026-04-18T00:00:00+00:00
[2026-04-18T09:17:49.165+0000] {processor.py:208} INFO - Processing /opt/airflow/dags/etl_datalake_dag.py took 0.214 seconds
[2026-04-18T09:18:19.353+0000] {processor.py:186} INFO - Started process (PID=205) to work on /opt/airflow/dags/etl_datalake_dag.py
[2026-04-18T09:18:19.354+0000] {processor.py:914} INFO - Processing file /opt/airflow/dags/etl_datalake_dag.py for tasks to queue
[2026-04-18T09:18:19.356+0000] {logging_mixin.py:190} INFO - [2026-04-18T09:18:19.355+0000] {dagbag.py:588} INFO - Filling up the DagBag from /opt/airflow/dags/etl_datalake_dag.py
[2026-04-18T09:18:19.374+0000] {processor.py:925} INFO - DAG(s) 'etl_datalake_hive_iceberg' retrieved from /opt/airflow/dags/etl_datalake_dag.py
[2026-04-18T09:18:19.411+0000] {logging_mixin.py:190} INFO - [2026-04-18T09:18:19.411+0000] {dag.py:3239} INFO - Sync 1 DAGs
[2026-04-18T09:18:19.441+0000] {logging_mixin.py:190} INFO - [2026-04-18T09:18:19.441+0000] {dag.py:4180} INFO - Setting next_dagrun for etl_datalake_hive_iceberg to 2026-04-17T00:00:00+00:00, run_after=2026-04-18T00:00:00+00:00
[2026-04-18T09:18:19.473+0000] {processor.py:208} INFO - Processing /opt/airflow/dags/etl_datalake_dag.py took 0.126 seconds
[2026-04-18T09:18:52.612+0000] {processor.py:186} INFO - Started process (PID=209) to work on /opt/airflow/dags/etl_datalake_dag.py
[2026-04-18T09:18:52.613+0000] {processor.py:914} INFO - Processing file /opt/airflow/dags/etl_datalake_dag.py for tasks to queue
[2026-04-18T09:18:52.615+0000] {logging_mixin.py:190} INFO - [2026-04-18T09:18:52.615+0000] {dagbag.py:588} INFO - Filling up the DagBag from /opt/airflow/dags/etl_datalake_dag.py
[2026-04-18T09:18:52.640+0000] {processor.py:925} INFO - DAG(s) 'etl_datalake_hive_iceberg' retrieved from /opt/airflow/dags/etl_datalake_dag.py
[2026-04-18T09:18:52.693+0000] {logging_mixin.py:190} INFO - [2026-04-18T09:18:52.693+0000] {dag.py:3239} INFO - Sync 1 DAGs
[2026-04-18T09:18:52.735+0000] {logging_mixin.py:190} INFO - [2026-04-18T09:18:52.735+0000] {dag.py:4180} INFO - Setting next_dagrun for etl_datalake_hive_iceberg to 2026-04-17T00:00:00+00:00, run_after=2026-04-18T00:00:00+00:00
[2026-04-18T09:18:52.778+0000] {processor.py:208} INFO - Processing /opt/airflow/dags/etl_datalake_dag.py took 0.174 seconds
[2026-04-18T09:19:23.130+0000] {processor.py:186} INFO - Started process (PID=213) to work on /opt/airflow/dags/etl_datalake_dag.py
[2026-04-18T09:19:23.131+0000] {processor.py:914} INFO - Processing file /opt/airflow/dags/etl_datalake_dag.py for tasks to queue
[2026-04-18T09:19:23.133+0000] {logging_mixin.py:190} INFO - [2026-04-18T09:19:23.132+0000] {dagbag.py:588} INFO - Filling up the DagBag from /opt/airflow/dags/etl_datalake_dag.py
[2026-04-18T09:19:23.157+0000] {processor.py:925} INFO - DAG(s) 'etl_datalake_hive_iceberg' retrieved from /opt/airflow/dags/etl_datalake_dag.py
[2026-04-18T09:19:23.204+0000] {logging_mixin.py:190} INFO - [2026-04-18T09:19:23.204+0000] {dag.py:3239} INFO - Sync 1 DAGs
[2026-04-18T09:19:23.245+0000] {logging_mixin.py:190} INFO - [2026-04-18T09:19:23.245+0000] {dag.py:4180} INFO - Setting next_dagrun for etl_datalake_hive_iceberg to 2026-04-17T00:00:00+00:00, run_after=2026-04-18T00:00:00+00:00
[2026-04-18T09:19:23.278+0000] {processor.py:208} INFO - Processing /opt/airflow/dags/etl_datalake_dag.py took 0.155 seconds
[2026-04-18T09:19:53.635+0000] {processor.py:186} INFO - Started process (PID=217) to work on /opt/airflow/dags/etl_datalake_dag.py
[2026-04-18T09:19:53.636+0000] {processor.py:914} INFO - Processing file /opt/airflow/dags/etl_datalake_dag.py for tasks to queue
[2026-04-18T09:19:53.637+0000] {logging_mixin.py:190} INFO - [2026-04-18T09:19:53.637+0000] {dagbag.py:588} INFO - Filling up the DagBag from /opt/airflow/dags/etl_datalake_dag.py
[2026-04-18T09:19:53.658+0000] {processor.py:925} INFO - DAG(s) 'etl_datalake_hive_iceberg' retrieved from /opt/airflow/dags/etl_datalake_dag.py
[2026-04-18T09:19:53.699+0000] {logging_mixin.py:190} INFO - [2026-04-18T09:19:53.699+0000] {dag.py:3239} INFO - Sync 1 DAGs
[2026-04-18T09:19:53.731+0000] {logging_mixin.py:190} INFO - [2026-04-18T09:19:53.731+0000] {dag.py:4180} INFO - Setting next_dagrun for etl_datalake_hive_iceberg to 2026-04-17T00:00:00+00:00, run_after=2026-04-18T00:00:00+00:00
[2026-04-18T09:19:53.754+0000] {processor.py:208} INFO - Processing /opt/airflow/dags/etl_datalake_dag.py took 0.126 seconds
[2026-04-18T09:20:24.922+0000] {processor.py:186} INFO - Started process (PID=221) to work on /opt/airflow/dags/etl_datalake_dag.py
[2026-04-18T09:20:24.923+0000] {processor.py:914} INFO - Processing file /opt/airflow/dags/etl_datalake_dag.py for tasks to queue
[2026-04-18T09:20:24.925+0000] {logging_mixin.py:190} INFO - [2026-04-18T09:20:24.925+0000] {dagbag.py:588} INFO - Filling up the DagBag from /opt/airflow/dags/etl_datalake_dag.py
[2026-04-18T09:20:24.944+0000] {processor.py:925} INFO - DAG(s) 'etl_datalake_hive_iceberg' retrieved from /opt/airflow/dags/etl_datalake_dag.py
[2026-04-18T09:20:24.993+0000] {logging_mixin.py:190} INFO - [2026-04-18T09:20:24.993+0000] {dag.py:3239} INFO - Sync 1 DAGs
[2026-04-18T09:20:25.026+0000] {logging_mixin.py:190} INFO - [2026-04-18T09:20:25.026+0000] {dag.py:4180} INFO - Setting next_dagrun for etl_datalake_hive_iceberg to 2026-04-17T00:00:00+00:00, run_after=2026-04-18T00:00:00+00:00
[2026-04-18T09:20:25.055+0000] {processor.py:208} INFO - Processing /opt/airflow/dags/etl_datalake_dag.py took 0.139 seconds
[2026-04-18T09:20:55.594+0000] {processor.py:186} INFO - Started process (PID=225) to work on /opt/airflow/dags/etl_datalake_dag.py
[2026-04-18T09:20:55.595+0000] {processor.py:914} INFO - Processing file /opt/airflow/dags/etl_datalake_dag.py for tasks to queue
[2026-04-18T09:20:55.596+0000] {logging_mixin.py:190} INFO - [2026-04-18T09:20:55.596+0000] {dagbag.py:588} INFO - Filling up the DagBag from /opt/airflow/dags/etl_datalake_dag.py
[2026-04-18T09:20:55.620+0000] {processor.py:925} INFO - DAG(s) 'etl_datalake_hive_iceberg' retrieved from /opt/airflow/dags/etl_datalake_dag.py
[2026-04-18T09:20:55.670+0000] {logging_mixin.py:190} INFO - [2026-04-18T09:20:55.669+0000] {dag.py:3239} INFO - Sync 1 DAGs
[2026-04-18T09:20:55.704+0000] {logging_mixin.py:190} INFO - [2026-04-18T09:20:55.704+0000] {dag.py:4180} INFO - Setting next_dagrun for etl_datalake_hive_iceberg to 2026-04-17T00:00:00+00:00, run_after=2026-04-18T00:00:00+00:00
[2026-04-18T09:20:55.730+0000] {processor.py:208} INFO - Processing /opt/airflow/dags/etl_datalake_dag.py took 0.143 seconds
[2026-04-18T09:21:26.169+0000] {processor.py:186} INFO - Started process (PID=229) to work on /opt/airflow/dags/etl_datalake_dag.py
[2026-04-18T09:21:26.169+0000] {processor.py:914} INFO - Processing file /opt/airflow/dags/etl_datalake_dag.py for tasks to queue
[2026-04-18T09:21:26.171+0000] {logging_mixin.py:190} INFO - [2026-04-18T09:21:26.170+0000] {dagbag.py:588} INFO - Filling up the DagBag from /opt/airflow/dags/etl_datalake_dag.py
[2026-04-18T09:21:26.189+0000] {processor.py:925} INFO - DAG(s) 'etl_datalake_hive_iceberg' retrieved from /opt/airflow/dags/etl_datalake_dag.py
[2026-04-18T09:21:26.234+0000] {logging_mixin.py:190} INFO - [2026-04-18T09:21:26.234+0000] {dag.py:3239} INFO - Sync 1 DAGs
[2026-04-18T09:21:26.269+0000] {logging_mixin.py:190} INFO - [2026-04-18T09:21:26.269+0000] {dag.py:4180} INFO - Setting next_dagrun for etl_datalake_hive_iceberg to 2026-04-17T00:00:00+00:00, run_after=2026-04-18T00:00:00+00:00
[2026-04-18T09:21:26.299+0000] {processor.py:208} INFO - Processing /opt/airflow/dags/etl_datalake_dag.py took 0.137 seconds
[2026-04-18T09:21:56.451+0000] {processor.py:186} INFO - Started process (PID=233) to work on /opt/airflow/dags/etl_datalake_dag.py
[2026-04-18T09:21:56.452+0000] {processor.py:914} INFO - Processing file /opt/airflow/dags/etl_datalake_dag.py for tasks to queue
[2026-04-18T09:21:56.453+0000] {logging_mixin.py:190} INFO - [2026-04-18T09:21:56.453+0000] {dagbag.py:588} INFO - Filling up the DagBag from /opt/airflow/dags/etl_datalake_dag.py
[2026-04-18T09:21:56.472+0000] {processor.py:925} INFO - DAG(s) 'etl_datalake_hive_iceberg' retrieved from /opt/airflow/dags/etl_datalake_dag.py
[2026-04-18T09:21:56.510+0000] {logging_mixin.py:190} INFO - [2026-04-18T09:21:56.510+0000] {dag.py:3239} INFO - Sync 1 DAGs
[2026-04-18T09:21:56.544+0000] {logging_mixin.py:190} INFO - [2026-04-18T09:21:56.544+0000] {dag.py:4180} INFO - Setting next_dagrun for etl_datalake_hive_iceberg to 2026-04-17T00:00:00+00:00, run_after=2026-04-18T00:00:00+00:00
[2026-04-18T09:21:56.572+0000] {processor.py:208} INFO - Processing /opt/airflow/dags/etl_datalake_dag.py took 0.128 seconds
[2026-04-18T09:22:29.734+0000] {processor.py:186} INFO - Started process (PID=237) to work on /opt/airflow/dags/etl_datalake_dag.py
[2026-04-18T09:22:29.734+0000] {processor.py:914} INFO - Processing file /opt/airflow/dags/etl_datalake_dag.py for tasks to queue
[2026-04-18T09:22:29.736+0000] {logging_mixin.py:190} INFO - [2026-04-18T09:22:29.736+0000] {dagbag.py:588} INFO - Filling up the DagBag from /opt/airflow/dags/etl_datalake_dag.py
[2026-04-18T09:22:29.763+0000] {processor.py:925} INFO - DAG(s) 'etl_datalake_hive_iceberg' retrieved from /opt/airflow/dags/etl_datalake_dag.py
[2026-04-18T09:22:29.813+0000] {logging_mixin.py:190} INFO - [2026-04-18T09:22:29.813+0000] {dag.py:3239} INFO - Sync 1 DAGs
[2026-04-18T09:22:29.901+0000] {logging_mixin.py:190} INFO - [2026-04-18T09:22:29.901+0000] {dag.py:4180} INFO - Setting next_dagrun for etl_datalake_hive_iceberg to 2026-04-17T00:00:00+00:00, run_after=2026-04-18T00:00:00+00:00
[2026-04-18T09:22:29.948+0000] {processor.py:208} INFO - Processing /opt/airflow/dags/etl_datalake_dag.py took 0.220 seconds
[2026-04-18T09:23:02.069+0000] {processor.py:186} INFO - Started process (PID=241) to work on /opt/airflow/dags/etl_datalake_dag.py
[2026-04-18T09:23:02.070+0000] {processor.py:914} INFO - Processing file /opt/airflow/dags/etl_datalake_dag.py for tasks to queue
[2026-04-18T09:23:02.071+0000] {logging_mixin.py:190} INFO - [2026-04-18T09:23:02.071+0000] {dagbag.py:588} INFO - Filling up the DagBag from /opt/airflow/dags/etl_datalake_dag.py
[2026-04-18T09:23:02.092+0000] {processor.py:925} INFO - DAG(s) 'etl_datalake_hive_iceberg' retrieved from /opt/airflow/dags/etl_datalake_dag.py
[2026-04-18T09:23:02.142+0000] {logging_mixin.py:190} INFO - [2026-04-18T09:23:02.142+0000] {dag.py:3239} INFO - Sync 1 DAGs
[2026-04-18T09:23:02.176+0000] {logging_mixin.py:190} INFO - [2026-04-18T09:23:02.176+0000] {dag.py:4180} INFO - Setting next_dagrun for etl_datalake_hive_iceberg to 2026-04-17T00:00:00+00:00, run_after=2026-04-18T00:00:00+00:00
[2026-04-18T09:23:02.200+0000] {processor.py:208} INFO - Processing /opt/airflow/dags/etl_datalake_dag.py took 0.140 seconds
[2026-04-18T09:23:33.891+0000] {processor.py:186} INFO - Started process (PID=245) to work on /opt/airflow/dags/etl_datalake_dag.py
[2026-04-18T09:23:33.892+0000] {processor.py:914} INFO - Processing file /opt/airflow/dags/etl_datalake_dag.py for tasks to queue
[2026-04-18T09:23:33.894+0000] {logging_mixin.py:190} INFO - [2026-04-18T09:23:33.893+0000] {dagbag.py:588} INFO - Filling up the DagBag from /opt/airflow/dags/etl_datalake_dag.py
[2026-04-18T09:23:33.916+0000] {processor.py:925} INFO - DAG(s) 'etl_datalake_hive_iceberg' retrieved from /opt/airflow/dags/etl_datalake_dag.py
[2026-04-18T09:23:33.968+0000] {logging_mixin.py:190} INFO - [2026-04-18T09:23:33.967+0000] {dag.py:3239} INFO - Sync 1 DAGs
[2026-04-18T09:23:34.001+0000] {logging_mixin.py:190} INFO - [2026-04-18T09:23:34.000+0000] {dag.py:4180} INFO - Setting next_dagrun for etl_datalake_hive_iceberg to 2026-04-17T00:00:00+00:00, run_after=2026-04-18T00:00:00+00:00
[2026-04-18T09:23:34.023+0000] {processor.py:208} INFO - Processing /opt/airflow/dags/etl_datalake_dag.py took 0.139 seconds
[2026-04-18T09:24:04.272+0000] {processor.py:186} INFO - Started process (PID=249) to work on /opt/airflow/dags/etl_datalake_dag.py
[2026-04-18T09:24:04.273+0000] {processor.py:914} INFO - Processing file /opt/airflow/dags/etl_datalake_dag.py for tasks to queue
[2026-04-18T09:24:04.275+0000] {logging_mixin.py:190} INFO - [2026-04-18T09:24:04.274+0000] {dagbag.py:588} INFO - Filling up the DagBag from /opt/airflow/dags/etl_datalake_dag.py
[2026-04-18T09:24:04.312+0000] {processor.py:925} INFO - DAG(s) 'etl_datalake_hive_iceberg' retrieved from /opt/airflow/dags/etl_datalake_dag.py
[2026-04-18T09:24:04.375+0000] {logging_mixin.py:190} INFO - [2026-04-18T09:24:04.374+0000] {dag.py:3239} INFO - Sync 1 DAGs
[2026-04-18T09:24:04.431+0000] {logging_mixin.py:190} INFO - [2026-04-18T09:24:04.431+0000] {dag.py:4180} INFO - Setting next_dagrun for etl_datalake_hive_iceberg to 2026-04-17T00:00:00+00:00, run_after=2026-04-18T00:00:00+00:00
[2026-04-18T09:24:04.507+0000] {processor.py:208} INFO - Processing /opt/airflow/dags/etl_datalake_dag.py took 0.245 seconds
[2026-04-18T09:24:35.161+0000] {processor.py:186} INFO - Started process (PID=253) to work on /opt/airflow/dags/etl_datalake_dag.py
[2026-04-18T09:24:35.162+0000] {processor.py:914} INFO - Processing file /opt/airflow/dags/etl_datalake_dag.py for tasks to queue
[2026-04-18T09:24:35.164+0000] {logging_mixin.py:190} INFO - [2026-04-18T09:24:35.163+0000] {dagbag.py:588} INFO - Filling up the DagBag from /opt/airflow/dags/etl_datalake_dag.py
[2026-04-18T09:24:35.211+0000] {processor.py:925} INFO - DAG(s) 'etl_datalake_hive_iceberg' retrieved from /opt/airflow/dags/etl_datalake_dag.py
[2026-04-18T09:24:35.305+0000] {logging_mixin.py:190} INFO - [2026-04-18T09:24:35.305+0000] {dag.py:3239} INFO - Sync 1 DAGs
[2026-04-18T09:24:35.383+0000] {logging_mixin.py:190} INFO - [2026-04-18T09:24:35.383+0000] {dag.py:4180} INFO - Setting next_dagrun for etl_datalake_hive_iceberg to 2026-04-17T00:00:00+00:00, run_after=2026-04-18T00:00:00+00:00
[2026-04-18T09:24:35.432+0000] {processor.py:208} INFO - Processing /opt/airflow/dags/etl_datalake_dag.py took 0.285 seconds
[2026-04-18T09:25:05.547+0000] {processor.py:186} INFO - Started process (PID=257) to work on /opt/airflow/dags/etl_datalake_dag.py
[2026-04-18T09:25:05.548+0000] {processor.py:914} INFO - Processing file /opt/airflow/dags/etl_datalake_dag.py for tasks to queue
[2026-04-18T09:25:05.549+0000] {logging_mixin.py:190} INFO - [2026-04-18T09:25:05.549+0000] {dagbag.py:588} INFO - Filling up the DagBag from /opt/airflow/dags/etl_datalake_dag.py
[2026-04-18T09:25:05.574+0000] {processor.py:925} INFO - DAG(s) 'etl_datalake_hive_iceberg' retrieved from /opt/airflow/dags/etl_datalake_dag.py
[2026-04-18T09:25:05.618+0000] {logging_mixin.py:190} INFO - [2026-04-18T09:25:05.618+0000] {dag.py:3239} INFO - Sync 1 DAGs
[2026-04-18T09:25:05.661+0000] {logging_mixin.py:190} INFO - [2026-04-18T09:25:05.660+0000] {dag.py:4180} INFO - Setting next_dagrun for etl_datalake_hive_iceberg to 2026-04-17T00:00:00+00:00, run_after=2026-04-18T00:00:00+00:00
[2026-04-18T09:25:05.695+0000] {processor.py:208} INFO - Processing /opt/airflow/dags/etl_datalake_dag.py took 0.156 seconds
[2026-04-18T09:25:36.512+0000] {processor.py:186} INFO - Started process (PID=261) to work on /opt/airflow/dags/etl_datalake_dag.py
[2026-04-18T09:25:36.515+0000] {processor.py:914} INFO - Processing file /opt/airflow/dags/etl_datalake_dag.py for tasks to queue
[2026-04-18T09:25:36.518+0000] {logging_mixin.py:190} INFO - [2026-04-18T09:25:36.517+0000] {dagbag.py:588} INFO - Filling up the DagBag from /opt/airflow/dags/etl_datalake_dag.py
[2026-04-18T09:25:36.567+0000] {processor.py:925} INFO - DAG(s) 'etl_datalake_hive_iceberg' retrieved from /opt/airflow/dags/etl_datalake_dag.py
[2026-04-18T09:25:36.708+0000] {logging_mixin.py:190} INFO - [2026-04-18T09:25:36.707+0000] {dag.py:3239} INFO - Sync 1 DAGs
[2026-04-18T09:25:36.776+0000] {logging_mixin.py:190} INFO - [2026-04-18T09:25:36.776+0000] {dag.py:4180} INFO - Setting next_dagrun for etl_datalake_hive_iceberg to 2026-04-17T00:00:00+00:00, run_after=2026-04-18T00:00:00+00:00
[2026-04-18T09:25:36.825+0000] {processor.py:208} INFO - Processing /opt/airflow/dags/etl_datalake_dag.py took 0.323 seconds
[2026-04-18T09:26:09.747+0000] {processor.py:186} INFO - Started process (PID=265) to work on /opt/airflow/dags/etl_datalake_dag.py
[2026-04-18T09:26:09.748+0000] {processor.py:914} INFO - Processing file /opt/airflow/dags/etl_datalake_dag.py for tasks to queue
[2026-04-18T09:26:09.751+0000] {logging_mixin.py:190} INFO - [2026-04-18T09:26:09.751+0000] {dagbag.py:588} INFO - Filling up the DagBag from /opt/airflow/dags/etl_datalake_dag.py
[2026-04-18T09:26:09.783+0000] {processor.py:925} INFO - DAG(s) 'etl_datalake_hive_iceberg' retrieved from /opt/airflow/dags/etl_datalake_dag.py
[2026-04-18T09:26:09.853+0000] {logging_mixin.py:190} INFO - [2026-04-18T09:26:09.853+0000] {dag.py:3239} INFO - Sync 1 DAGs
[2026-04-18T09:26:09.898+0000] {logging_mixin.py:190} INFO - [2026-04-18T09:26:09.898+0000] {dag.py:4180} INFO - Setting next_dagrun for etl_datalake_hive_iceberg to 2026-04-17T00:00:00+00:00, run_after=2026-04-18T00:00:00+00:00
[2026-04-18T09:26:09.943+0000] {processor.py:208} INFO - Processing /opt/airflow/dags/etl_datalake_dag.py took 0.208 seconds
[2026-04-18T09:26:41.396+0000] {processor.py:186} INFO - Started process (PID=269) to work on /opt/airflow/dags/etl_datalake_dag.py
[2026-04-18T09:26:41.397+0000] {processor.py:914} INFO - Processing file /opt/airflow/dags/etl_datalake_dag.py for tasks to queue
[2026-04-18T09:26:41.400+0000] {logging_mixin.py:190} INFO - [2026-04-18T09:26:41.400+0000] {dagbag.py:588} INFO - Filling up the DagBag from /opt/airflow/dags/etl_datalake_dag.py
[2026-04-18T09:26:41.435+0000] {processor.py:925} INFO - DAG(s) 'etl_datalake_hive_iceberg' retrieved from /opt/airflow/dags/etl_datalake_dag.py
[2026-04-18T09:26:41.501+0000] {logging_mixin.py:190} INFO - [2026-04-18T09:26:41.500+0000] {dag.py:3239} INFO - Sync 1 DAGs
[2026-04-18T09:26:41.562+0000] {logging_mixin.py:190} INFO - [2026-04-18T09:26:41.561+0000] {dag.py:4180} INFO - Setting next_dagrun for etl_datalake_hive_iceberg to 2026-04-17T00:00:00+00:00, run_after=2026-04-18T00:00:00+00:00
[2026-04-18T09:26:41.613+0000] {processor.py:208} INFO - Processing /opt/airflow/dags/etl_datalake_dag.py took 0.229 seconds
[2026-04-18T09:27:12.499+0000] {processor.py:186} INFO - Started process (PID=273) to work on /opt/airflow/dags/etl_datalake_dag.py
[2026-04-18T09:27:12.500+0000] {processor.py:914} INFO - Processing file /opt/airflow/dags/etl_datalake_dag.py for tasks to queue
[2026-04-18T09:27:12.502+0000] {logging_mixin.py:190} INFO - [2026-04-18T09:27:12.502+0000] {dagbag.py:588} INFO - Filling up the DagBag from /opt/airflow/dags/etl_datalake_dag.py
[2026-04-18T09:27:12.533+0000] {processor.py:925} INFO - DAG(s) 'etl_datalake_hive_iceberg' retrieved from /opt/airflow/dags/etl_datalake_dag.py
[2026-04-18T09:27:12.578+0000] {logging_mixin.py:190} INFO - [2026-04-18T09:27:12.578+0000] {dag.py:3239} INFO - Sync 1 DAGs
[2026-04-18T09:27:12.613+0000] {logging_mixin.py:190} INFO - [2026-04-18T09:27:12.612+0000] {dag.py:4180} INFO - Setting next_dagrun for etl_datalake_hive_iceberg to 2026-04-17T00:00:00+00:00, run_after=2026-04-18T00:00:00+00:00
[2026-04-18T09:27:12.637+0000] {processor.py:208} INFO - Processing /opt/airflow/dags/etl_datalake_dag.py took 0.146 seconds
[2026-04-18T09:27:43.237+0000] {processor.py:186} INFO - Started process (PID=277) to work on /opt/airflow/dags/etl_datalake_dag.py
[2026-04-18T09:27:43.238+0000] {processor.py:914} INFO - Processing file /opt/airflow/dags/etl_datalake_dag.py for tasks to queue
[2026-04-18T09:27:43.240+0000] {logging_mixin.py:190} INFO - [2026-04-18T09:27:43.240+0000] {dagbag.py:588} INFO - Filling up the DagBag from /opt/airflow/dags/etl_datalake_dag.py
[2026-04-18T09:27:43.267+0000] {processor.py:925} INFO - DAG(s) 'etl_datalake_hive_iceberg' retrieved from /opt/airflow/dags/etl_datalake_dag.py
[2026-04-18T09:27:43.326+0000] {logging_mixin.py:190} INFO - [2026-04-18T09:27:43.326+0000] {dag.py:3239} INFO - Sync 1 DAGs
[2026-04-18T09:27:43.378+0000] {logging_mixin.py:190} INFO - [2026-04-18T09:27:43.378+0000] {dag.py:4180} INFO - Setting next_dagrun for etl_datalake_hive_iceberg to 2026-04-17T00:00:00+00:00, run_after=2026-04-18T00:00:00+00:00
[2026-04-18T09:27:43.413+0000] {processor.py:208} INFO - Processing /opt/airflow/dags/etl_datalake_dag.py took 0.185 seconds
