[2026-04-08T13:46:27.473+0000] {local_task_job_runner.py:123} INFO - ::group::Pre task execution logs
[2026-04-08T13:46:27.528+0000] {taskinstance.py:2614} INFO - Dependencies all met for dep_context=non-requeueable deps ti=<TaskInstance: crawl_etl_itjob.crawl_data scheduled__2026-04-07T02:00:00+00:00 [queued]>
[2026-04-08T13:46:27.543+0000] {taskinstance.py:2614} INFO - Dependencies all met for dep_context=requeueable deps ti=<TaskInstance: crawl_etl_itjob.crawl_data scheduled__2026-04-07T02:00:00+00:00 [queued]>
[2026-04-08T13:46:27.544+0000] {taskinstance.py:2867} INFO - Starting attempt 4 of 5
[2026-04-08T13:46:27.562+0000] {taskinstance.py:2890} INFO - Executing <Task(BashOperator): crawl_data> on 2026-04-07 02:00:00+00:00
[2026-04-08T13:46:27.570+0000] {standard_task_runner.py:72} INFO - Started process 84 to run task
[2026-04-08T13:46:27.575+0000] {standard_task_runner.py:104} INFO - Running: ['***', 'tasks', 'run', 'crawl_etl_itjob', 'crawl_data', 'scheduled__2026-04-07T02:00:00+00:00', '--job-id', '26', '--raw', '--subdir', 'DAGS_FOLDER/Crawl_ETL_ITJob.py', '--cfg-path', '/tmp/tmpfuj4_fc2']
[2026-04-08T13:46:27.581+0000] {standard_task_runner.py:105} INFO - Job 26: Subtask crawl_data
[2026-04-08T13:46:27.619+0000] {warnings.py:109} WARNING - /home/***/.local/lib/python3.8/site-packages/***/settings.py:209: DeprecationWarning: The sql_alchemy_conn option in [core] has been moved to the sql_alchemy_conn option in [database] - the old setting has been used, but please update your config.
  SQL_ALCHEMY_CONN = conf.get("database", "SQL_ALCHEMY_CONN")

[2026-04-08T13:46:27.714+0000] {task_command.py:467} INFO - Running <TaskInstance: crawl_etl_itjob.crawl_data scheduled__2026-04-07T02:00:00+00:00 [running]> on host 64b3786bead1
[2026-04-08T13:46:27.715+0000] {warnings.py:109} WARNING - /home/***/.local/lib/python3.8/site-packages/***/settings.py:470: DeprecationWarning: The sql_alchemy_conn option in [core] has been moved to the sql_alchemy_conn option in [database] - the old setting has been used, but please update your config.
  if conf.get("database", "sql_alchemy_conn") == "none://":

[2026-04-08T13:46:27.940+0000] {taskinstance.py:3134} INFO - Exporting env vars: AIRFLOW_CTX_DAG_EMAIL='hoa856856@gmail.com' AIRFLOW_CTX_DAG_OWNER='***' AIRFLOW_CTX_DAG_ID='crawl_etl_itjob' AIRFLOW_CTX_TASK_ID='crawl_data' AIRFLOW_CTX_EXECUTION_DATE='2026-04-07T02:00:00+00:00' AIRFLOW_CTX_TRY_NUMBER='4' AIRFLOW_CTX_DAG_RUN_ID='scheduled__2026-04-07T02:00:00+00:00'
[2026-04-08T13:46:27.941+0000] {taskinstance.py:732} INFO - ::endgroup::
[2026-04-08T13:46:27.955+0000] {subprocess.py:78} INFO - Tmp dir root location: /tmp
[2026-04-08T13:46:27.956+0000] {subprocess.py:88} INFO - Running command: ['/bin/bash', '-c', 'docker exec spark-submit bash -c "xvfb-run -a python3 /opt/spark/scripts/Crawl_Data.py"']
[2026-04-08T13:46:27.966+0000] {subprocess.py:99} INFO - Output:
[2026-04-08T13:46:29.182+0000] {subprocess.py:106} INFO -  Bắt đầu crawl ITviec...
[2026-04-08T13:46:33.770+0000] {subprocess.py:106} INFO - 
[2026-04-08T13:46:33.771+0000] {subprocess.py:106} INFO - --- Đang xử lý trang 1 ---
[2026-04-08T13:46:40.705+0000] {subprocess.py:106} INFO -  Lấy thành công 20 jobs từ trang 1.
[2026-04-08T13:46:40.706+0000] {subprocess.py:106} INFO -  !!! Lỗi nghiêm trọng trong quá trình crawl: name 'TimeoutException' is not defined
[2026-04-08T13:46:40.706+0000] {subprocess.py:106} INFO -  Output file local: /tmp/itviec_jobs_full.csv
[2026-04-08T13:46:40.720+0000] {subprocess.py:106} INFO -  Đã đọc 955 dòng cũ từ file local.
[2026-04-08T13:46:40.745+0000] {subprocess.py:106} INFO -  Crawl xong 20 việc làm mới. Tổng Local: 967 dòng.
[2026-04-08T13:46:40.746+0000] {subprocess.py:106} INFO -  Đang cập nhật file lên MinIO (S3)...
[2026-04-08T13:46:41.953+0000] {subprocess.py:106} INFO -  Đã đọc được 13504 dòng từ MinIO: s3://warehouse/raw/itviec_jobs_full.csv
[2026-04-08T13:46:41.954+0000] {subprocess.py:106} INFO -  Tổng sau khi gộp với MinIO: 13516 dòng.
[2026-04-08T13:46:41.954+0000] {subprocess.py:106} INFO -  Đã cập nhật thành công lên MinIO: s3://warehouse/raw/itviec_jobs_full.csv
[2026-04-08T13:46:41.955+0000] {subprocess.py:106} INFO -  Tổng số record hiện tại trên Data Lake: 13516
[2026-04-08T13:46:42.102+0000] {subprocess.py:110} INFO - Command exited with return code 0
[2026-04-08T13:46:42.243+0000] {taskinstance.py:341} INFO - ::group::Post task execution logs
[2026-04-08T13:46:42.244+0000] {taskinstance.py:353} INFO - Marking task as SUCCESS. dag_id=crawl_etl_itjob, task_id=crawl_data, run_id=scheduled__2026-04-07T02:00:00+00:00, execution_date=20260407T020000, start_date=20260408T134627, end_date=20260408T134642
[2026-04-08T13:46:42.340+0000] {local_task_job_runner.py:266} INFO - Task exited with return code 0
[2026-04-08T13:46:42.489+0000] {taskinstance.py:3901} INFO - 1 downstream tasks scheduled from follow-on schedule check
[2026-04-08T13:46:42.526+0000] {local_task_job_runner.py:245} INFO - ::endgroup::
[2026-04-08T13:46:42.592+0000] {standard_task_runner.py:217} INFO - Process not found (most likely exited), stop collecting metrics
