[2026-04-25T05:01:11.244+0000] {local_task_job_runner.py:123} INFO - ::group::Pre task execution logs
[2026-04-25T05:01:11.305+0000] {taskinstance.py:2614} INFO - Dependencies all met for dep_context=non-requeueable deps ti=<TaskInstance: crawl_etl_itjob.crawl_data scheduled__2026-04-22T02:00:00+00:00 [queued]>
[2026-04-25T05:01:11.326+0000] {taskinstance.py:2614} INFO - Dependencies all met for dep_context=requeueable deps ti=<TaskInstance: crawl_etl_itjob.crawl_data scheduled__2026-04-22T02:00:00+00:00 [queued]>
[2026-04-25T05:01:11.327+0000] {taskinstance.py:2867} INFO - Starting attempt 1 of 2
[2026-04-25T05:01:11.372+0000] {taskinstance.py:2890} INFO - Executing <Task(BashOperator): crawl_data> on 2026-04-22 02:00:00+00:00
[2026-04-25T05:01:11.379+0000] {standard_task_runner.py:72} INFO - Started process 41 to run task
[2026-04-25T05:01:11.385+0000] {standard_task_runner.py:104} INFO - Running: ['***', 'tasks', 'run', 'crawl_etl_itjob', 'crawl_data', 'scheduled__2026-04-22T02:00:00+00:00', '--job-id', '126', '--raw', '--subdir', 'DAGS_FOLDER/Crawl_ETL_ITJob.py', '--cfg-path', '/tmp/tmpnrf53cuj']
[2026-04-25T05:01:11.387+0000] {standard_task_runner.py:105} INFO - Job 126: Subtask crawl_data
[2026-04-25T05:01:11.424+0000] {warnings.py:109} WARNING - /home/***/.local/lib/python3.8/site-packages/***/settings.py:209: DeprecationWarning: The sql_alchemy_conn option in [core] has been moved to the sql_alchemy_conn option in [database] - the old setting has been used, but please update your config.
  SQL_ALCHEMY_CONN = conf.get("database", "SQL_ALCHEMY_CONN")

[2026-04-25T05:01:11.533+0000] {task_command.py:467} INFO - Running <TaskInstance: crawl_etl_itjob.crawl_data scheduled__2026-04-22T02:00:00+00:00 [running]> on host 64b3786bead1
[2026-04-25T05:01:11.534+0000] {warnings.py:109} WARNING - /home/***/.local/lib/python3.8/site-packages/***/settings.py:470: DeprecationWarning: The sql_alchemy_conn option in [core] has been moved to the sql_alchemy_conn option in [database] - the old setting has been used, but please update your config.
  if conf.get("database", "sql_alchemy_conn") == "none://":

[2026-04-25T05:01:11.765+0000] {taskinstance.py:3134} INFO - Exporting env vars: AIRFLOW_CTX_DAG_EMAIL='hoa856856@gmail.com' AIRFLOW_CTX_DAG_OWNER='***' AIRFLOW_CTX_DAG_ID='crawl_etl_itjob' AIRFLOW_CTX_TASK_ID='crawl_data' AIRFLOW_CTX_EXECUTION_DATE='2026-04-22T02:00:00+00:00' AIRFLOW_CTX_TRY_NUMBER='1' AIRFLOW_CTX_DAG_RUN_ID='scheduled__2026-04-22T02:00:00+00:00'
[2026-04-25T05:01:11.766+0000] {taskinstance.py:732} INFO - ::endgroup::
[2026-04-25T05:01:11.796+0000] {subprocess.py:78} INFO - Tmp dir root location: /tmp
[2026-04-25T05:01:11.799+0000] {subprocess.py:88} INFO - Running command: ['/bin/bash', '-c', 'docker exec spark-submit bash -c "xvfb-run -a python3 /opt/spark/scripts/Crawl_Data.py"']
[2026-04-25T05:01:11.809+0000] {subprocess.py:99} INFO - Output:
[2026-04-25T05:01:14.978+0000] {subprocess.py:106} INFO -  Bắt đầu crawl ITviec...
[2026-04-25T05:01:17.542+0000] {subprocess.py:106} INFO - !!! Lỗi khởi tạo Chrome: Message: session not created: cannot connect to chrome at 127.0.0.1:36423
[2026-04-25T05:01:17.543+0000] {subprocess.py:106} INFO - from session not created: This version of ChromeDriver only supports Chrome version 148
[2026-04-25T05:01:17.545+0000] {subprocess.py:106} INFO - Current browser version is 147.0.7727.55
[2026-04-25T05:01:17.547+0000] {subprocess.py:106} INFO - Stacktrace:
[2026-04-25T05:01:17.548+0000] {subprocess.py:106} INFO - #0 0x615a03f4e31a <unknown>
[2026-04-25T05:01:17.549+0000] {subprocess.py:106} INFO - #1 0x615a03946b39 <unknown>
[2026-04-25T05:01:17.550+0000] {subprocess.py:106} INFO - #2 0x615a0398b86f <unknown>
[2026-04-25T05:01:17.552+0000] {subprocess.py:106} INFO - #3 0x615a0398a620 <unknown>
[2026-04-25T05:01:17.559+0000] {subprocess.py:106} INFO - #4 0x615a0397f621 <unknown>
[2026-04-25T05:01:17.564+0000] {subprocess.py:106} INFO - #5 0x615a039cf5ae <unknown>
[2026-04-25T05:01:17.564+0000] {subprocess.py:106} INFO - #6 0x615a039cec9c <unknown>
[2026-04-25T05:01:17.565+0000] {subprocess.py:106} INFO - #7 0x615a0398e73f <unknown>
[2026-04-25T05:01:17.569+0000] {subprocess.py:106} INFO - #8 0x615a0398f501 <unknown>
[2026-04-25T05:01:17.574+0000] {subprocess.py:106} INFO - #9 0x615a03f117bb <unknown>
[2026-04-25T05:01:17.576+0000] {subprocess.py:106} INFO - #10 0x615a03f146bd <unknown>
[2026-04-25T05:01:17.577+0000] {subprocess.py:106} INFO - #11 0x615a03efe608 <unknown>
[2026-04-25T05:01:17.578+0000] {subprocess.py:106} INFO - #12 0x615a03f15250 <unknown>
[2026-04-25T05:01:17.582+0000] {subprocess.py:106} INFO - #13 0x615a03ee5030 <unknown>
[2026-04-25T05:01:17.586+0000] {subprocess.py:106} INFO - #14 0x615a03f3ac78 <unknown>
[2026-04-25T05:01:17.588+0000] {subprocess.py:106} INFO - #15 0x615a03f3ae15 <unknown>
[2026-04-25T05:01:17.589+0000] {subprocess.py:106} INFO - #16 0x615a03f4cd4e <unknown>
[2026-04-25T05:01:17.590+0000] {subprocess.py:106} INFO - #17 0x7e609c8f3609 start_thread
[2026-04-25T05:01:17.593+0000] {subprocess.py:106} INFO - 
[2026-04-25T05:01:17.608+0000] {subprocess.py:106} INFO - Traceback (most recent call last):
[2026-04-25T05:01:17.610+0000] {subprocess.py:106} INFO -   File "/opt/spark/scripts/Crawl_Data.py", line 207, in <module>
[2026-04-25T05:01:17.612+0000] {subprocess.py:106} INFO -     new_data_df = crawl_itviec_jobs(pages=MAX_PAGES, headless=HEADLESS_MODE)
[2026-04-25T05:01:17.614+0000] {subprocess.py:106} INFO -   File "/opt/spark/scripts/Crawl_Data.py", line 107, in crawl_itviec_jobs
[2026-04-25T05:01:17.622+0000] {subprocess.py:106} INFO -     driver = create_chrome_driver(headless=headless)
[2026-04-25T05:01:17.623+0000] {subprocess.py:106} INFO -   File "/opt/spark/scripts/Crawl_Data.py", line 102, in create_chrome_driver
[2026-04-25T05:01:17.625+0000] {subprocess.py:106} INFO -     raise e
[2026-04-25T05:01:17.628+0000] {subprocess.py:106} INFO -   File "/opt/spark/scripts/Crawl_Data.py", line 94, in create_chrome_driver
[2026-04-25T05:01:17.630+0000] {subprocess.py:106} INFO -     driver = uc.Chrome(
[2026-04-25T05:01:17.630+0000] {subprocess.py:106} INFO -   File "/usr/local/lib/python3.8/dist-packages/undetected_chromedriver/__init__.py", line 466, in __init__
[2026-04-25T05:01:17.631+0000] {subprocess.py:106} INFO -     super(Chrome, self).__init__(
[2026-04-25T05:01:17.632+0000] {subprocess.py:106} INFO -   File "/usr/local/lib/python3.8/dist-packages/selenium/webdriver/chrome/webdriver.py", line 45, in __init__
[2026-04-25T05:01:17.635+0000] {subprocess.py:106} INFO -     super().__init__(
[2026-04-25T05:01:17.636+0000] {subprocess.py:106} INFO -   File "/usr/local/lib/python3.8/dist-packages/selenium/webdriver/chromium/webdriver.py", line 66, in __init__
[2026-04-25T05:01:17.642+0000] {subprocess.py:106} INFO -     super().__init__(command_executor=executor, options=options)
[2026-04-25T05:01:17.646+0000] {subprocess.py:106} INFO -   File "/usr/local/lib/python3.8/dist-packages/selenium/webdriver/remote/webdriver.py", line 241, in __init__
[2026-04-25T05:01:17.647+0000] {subprocess.py:106} INFO -     self.start_session(capabilities)
[2026-04-25T05:01:17.649+0000] {subprocess.py:106} INFO -   File "/usr/local/lib/python3.8/dist-packages/undetected_chromedriver/__init__.py", line 724, in start_session
[2026-04-25T05:01:17.649+0000] {subprocess.py:106} INFO -     super(selenium.webdriver.chrome.webdriver.WebDriver, self).start_session(
[2026-04-25T05:01:17.650+0000] {subprocess.py:106} INFO -   File "/usr/local/lib/python3.8/dist-packages/selenium/webdriver/remote/webdriver.py", line 329, in start_session
[2026-04-25T05:01:17.652+0000] {subprocess.py:106} INFO -     response = self.execute(Command.NEW_SESSION, caps)["value"]
[2026-04-25T05:01:17.653+0000] {subprocess.py:106} INFO -   File "/usr/local/lib/python3.8/dist-packages/selenium/webdriver/remote/webdriver.py", line 384, in execute
[2026-04-25T05:01:17.654+0000] {subprocess.py:106} INFO -     self.error_handler.check_response(response)
[2026-04-25T05:01:17.654+0000] {subprocess.py:106} INFO -   File "/usr/local/lib/python3.8/dist-packages/selenium/webdriver/remote/errorhandler.py", line 232, in check_response
[2026-04-25T05:01:17.655+0000] {subprocess.py:106} INFO -     raise exception_class(message, screen, stacktrace)
[2026-04-25T05:01:17.655+0000] {subprocess.py:106} INFO - selenium.common.exceptions.SessionNotCreatedException: Message: session not created: cannot connect to chrome at 127.0.0.1:36423
[2026-04-25T05:01:17.656+0000] {subprocess.py:106} INFO - from session not created: This version of ChromeDriver only supports Chrome version 148
[2026-04-25T05:01:17.656+0000] {subprocess.py:106} INFO - Current browser version is 147.0.7727.55
[2026-04-25T05:01:17.657+0000] {subprocess.py:106} INFO - Stacktrace:
[2026-04-25T05:01:17.657+0000] {subprocess.py:106} INFO - #0 0x615a03f4e31a <unknown>
[2026-04-25T05:01:17.658+0000] {subprocess.py:106} INFO - #1 0x615a03946b39 <unknown>
[2026-04-25T05:01:17.658+0000] {subprocess.py:106} INFO - #2 0x615a0398b86f <unknown>
[2026-04-25T05:01:17.658+0000] {subprocess.py:106} INFO - #3 0x615a0398a620 <unknown>
[2026-04-25T05:01:17.659+0000] {subprocess.py:106} INFO - #4 0x615a0397f621 <unknown>
[2026-04-25T05:01:17.659+0000] {subprocess.py:106} INFO - #5 0x615a039cf5ae <unknown>
[2026-04-25T05:01:17.660+0000] {subprocess.py:106} INFO - #6 0x615a039cec9c <unknown>
[2026-04-25T05:01:17.660+0000] {subprocess.py:106} INFO - #7 0x615a0398e73f <unknown>
[2026-04-25T05:01:17.661+0000] {subprocess.py:106} INFO - #8 0x615a0398f501 <unknown>
[2026-04-25T05:01:17.661+0000] {subprocess.py:106} INFO - #9 0x615a03f117bb <unknown>
[2026-04-25T05:01:17.662+0000] {subprocess.py:106} INFO - #10 0x615a03f146bd <unknown>
[2026-04-25T05:01:17.662+0000] {subprocess.py:106} INFO - #11 0x615a03efe608 <unknown>
[2026-04-25T05:01:17.663+0000] {subprocess.py:106} INFO - #12 0x615a03f15250 <unknown>
[2026-04-25T05:01:17.663+0000] {subprocess.py:106} INFO - #13 0x615a03ee5030 <unknown>
[2026-04-25T05:01:17.664+0000] {subprocess.py:106} INFO - #14 0x615a03f3ac78 <unknown>
[2026-04-25T05:01:17.664+0000] {subprocess.py:106} INFO - #15 0x615a03f3ae15 <unknown>
[2026-04-25T05:01:17.665+0000] {subprocess.py:106} INFO - #16 0x615a03f4cd4e <unknown>
[2026-04-25T05:01:17.665+0000] {subprocess.py:106} INFO - #17 0x7e609c8f3609 start_thread
[2026-04-25T05:01:17.666+0000] {subprocess.py:106} INFO - 
[2026-04-25T05:01:17.795+0000] {subprocess.py:110} INFO - Command exited with return code 1
[2026-04-25T05:01:17.858+0000] {taskinstance.py:3313} ERROR - Task failed with exception
Traceback (most recent call last):
  File "/home/airflow/.local/lib/python3.8/site-packages/airflow/models/taskinstance.py", line 763, in _execute_task
    result = _execute_callable(context=context, **execute_callable_kwargs)
  File "/home/airflow/.local/lib/python3.8/site-packages/airflow/models/taskinstance.py", line 734, in _execute_callable
    return ExecutionCallableRunner(
  File "/home/airflow/.local/lib/python3.8/site-packages/airflow/utils/operator_helpers.py", line 252, in run
    return self.func(*args, **kwargs)
  File "/home/airflow/.local/lib/python3.8/site-packages/airflow/models/baseoperator.py", line 424, in wrapper
    return func(self, *args, **kwargs)
  File "/home/airflow/.local/lib/python3.8/site-packages/airflow/operators/bash.py", line 276, in execute
    raise AirflowException(
airflow.exceptions.AirflowException: Bash command failed. The command returned a non-zero exit code 1.
[2026-04-25T05:01:17.979+0000] {taskinstance.py:1226} INFO - Marking task as UP_FOR_RETRY. dag_id=crawl_etl_itjob, task_id=crawl_data, run_id=scheduled__2026-04-22T02:00:00+00:00, execution_date=20260422T020000, start_date=20260425T050111, end_date=20260425T050117
[2026-04-25T05:01:18.202+0000] {taskinstance.py:341} INFO - ::group::Post task execution logs
[2026-04-25T05:01:18.203+0000] {standard_task_runner.py:124} ERROR - Failed to execute job 126 for task crawl_data (Bash command failed. The command returned a non-zero exit code 1.; 41)
Traceback (most recent call last):
  File "/home/airflow/.local/lib/python3.8/site-packages/airflow/task/task_runner/standard_task_runner.py", line 117, in _start_by_fork
    ret = args.func(args, dag=self.dag)
  File "/home/airflow/.local/lib/python3.8/site-packages/airflow/cli/cli_config.py", line 49, in command
    return func(*args, **kwargs)
  File "/home/airflow/.local/lib/python3.8/site-packages/airflow/utils/cli.py", line 116, in wrapper
    return f(*args, **kwargs)
  File "/home/airflow/.local/lib/python3.8/site-packages/airflow/cli/commands/task_command.py", line 483, in task_run
    task_return_code = _run_task_by_selected_method(args, _dag, ti)
  File "/home/airflow/.local/lib/python3.8/site-packages/airflow/cli/commands/task_command.py", line 256, in _run_task_by_selected_method
    return _run_raw_task(args, ti)
  File "/home/airflow/.local/lib/python3.8/site-packages/airflow/cli/commands/task_command.py", line 341, in _run_raw_task
    return ti._run_raw_task(
  File "/home/airflow/.local/lib/python3.8/site-packages/airflow/utils/session.py", line 97, in wrapper
    return func(*args, session=session, **kwargs)
  File "/home/airflow/.local/lib/python3.8/site-packages/airflow/models/taskinstance.py", line 3006, in _run_raw_task
    return _run_raw_task(
  File "/home/airflow/.local/lib/python3.8/site-packages/airflow/models/taskinstance.py", line 274, in _run_raw_task
    TaskInstance._execute_task_with_callbacks(
  File "/home/airflow/.local/lib/python3.8/site-packages/airflow/models/taskinstance.py", line 3161, in _execute_task_with_callbacks
    result = self._execute_task(context, task_orig)
  File "/home/airflow/.local/lib/python3.8/site-packages/airflow/models/taskinstance.py", line 3185, in _execute_task
    return _execute_task(self, context, task_orig)
  File "/home/airflow/.local/lib/python3.8/site-packages/airflow/models/taskinstance.py", line 763, in _execute_task
    result = _execute_callable(context=context, **execute_callable_kwargs)
  File "/home/airflow/.local/lib/python3.8/site-packages/airflow/models/taskinstance.py", line 734, in _execute_callable
    return ExecutionCallableRunner(
  File "/home/airflow/.local/lib/python3.8/site-packages/airflow/utils/operator_helpers.py", line 252, in run
    return self.func(*args, **kwargs)
  File "/home/airflow/.local/lib/python3.8/site-packages/airflow/models/baseoperator.py", line 424, in wrapper
    return func(self, *args, **kwargs)
  File "/home/airflow/.local/lib/python3.8/site-packages/airflow/operators/bash.py", line 276, in execute
    raise AirflowException(
airflow.exceptions.AirflowException: Bash command failed. The command returned a non-zero exit code 1.
[2026-04-25T05:01:18.217+0000] {local_task_job_runner.py:266} INFO - Task exited with return code 1
[2026-04-25T05:01:18.256+0000] {taskinstance.py:3901} INFO - 0 downstream tasks scheduled from follow-on schedule check
[2026-04-25T05:01:18.258+0000] {local_task_job_runner.py:245} INFO - ::endgroup::
