[2026-05-25T07:21:12.197+0000] {local_task_job_runner.py:123} INFO - ::group::Pre task execution logs
[2026-05-25T07:21:12.244+0000] {taskinstance.py:2614} INFO - Dependencies all met for dep_context=non-requeueable deps ti=<TaskInstance: crawl_etl_itjob.load_bronze scheduled__2026-05-24T02:00:00+00:00 [queued]>
[2026-05-25T07:21:12.259+0000] {taskinstance.py:2614} INFO - Dependencies all met for dep_context=requeueable deps ti=<TaskInstance: crawl_etl_itjob.load_bronze scheduled__2026-05-24T02:00:00+00:00 [queued]>
[2026-05-25T07:21:12.259+0000] {taskinstance.py:2867} INFO - Starting attempt 1 of 2
[2026-05-25T07:21:12.291+0000] {taskinstance.py:2890} INFO - Executing <Task(BashOperator): load_bronze> on 2026-05-24 02:00:00+00:00
[2026-05-25T07:21:12.298+0000] {standard_task_runner.py:72} INFO - Started process 77 to run task
[2026-05-25T07:21:12.304+0000] {standard_task_runner.py:104} INFO - Running: ['***', 'tasks', 'run', 'crawl_etl_itjob', 'load_bronze', 'scheduled__2026-05-24T02:00:00+00:00', '--job-id', '5', '--raw', '--subdir', 'DAGS_FOLDER/Crawl_ETL_ITJob.py', '--cfg-path', '/tmp/tmp8xdn6x5h']
[2026-05-25T07:21:12.307+0000] {standard_task_runner.py:105} INFO - Job 5: Subtask load_bronze
[2026-05-25T07:21:12.379+0000] {warnings.py:109} WARNING - /home/***/.local/lib/python3.8/site-packages/***/settings.py:209: DeprecationWarning: The sql_alchemy_conn option in [core] has been moved to the sql_alchemy_conn option in [database] - the old setting has been used, but please update your config.
  SQL_ALCHEMY_CONN = conf.get("database", "SQL_ALCHEMY_CONN")

[2026-05-25T07:21:12.531+0000] {task_command.py:467} INFO - Running <TaskInstance: crawl_etl_itjob.load_bronze scheduled__2026-05-24T02:00:00+00:00 [running]> on host 40061601da64
[2026-05-25T07:21:12.532+0000] {warnings.py:109} WARNING - /home/***/.local/lib/python3.8/site-packages/***/settings.py:470: DeprecationWarning: The sql_alchemy_conn option in [core] has been moved to the sql_alchemy_conn option in [database] - the old setting has been used, but please update your config.
  if conf.get("database", "sql_alchemy_conn") == "none://":

[2026-05-25T07:21:12.682+0000] {taskinstance.py:3134} INFO - Exporting env vars: AIRFLOW_CTX_DAG_EMAIL='hoa856856@gmail.com' AIRFLOW_CTX_DAG_OWNER='***' AIRFLOW_CTX_DAG_ID='crawl_etl_itjob' AIRFLOW_CTX_TASK_ID='load_bronze' AIRFLOW_CTX_EXECUTION_DATE='2026-05-24T02:00:00+00:00' AIRFLOW_CTX_TRY_NUMBER='1' AIRFLOW_CTX_DAG_RUN_ID='scheduled__2026-05-24T02:00:00+00:00'
[2026-05-25T07:21:12.684+0000] {taskinstance.py:732} INFO - ::endgroup::
[2026-05-25T07:21:12.704+0000] {subprocess.py:78} INFO - Tmp dir root location: /tmp
[2026-05-25T07:21:12.706+0000] {subprocess.py:88} INFO - Running command: ['/bin/bash', '-c', "\n        docker exec spark-submit bash -c '\n        /opt/spark/bin/spark-submit         --master spark://spark-master:7077         --deploy-mode client         --packages org.apache.iceberg:iceberg-spark-runtime-3.5_2.12:1.5.0,org.apache.hadoop:hadoop-aws:3.3.4,com.amazonaws:aws-java-sdk-bundle:1.12.262         /opt/spark/scripts/Load_Bronze.py\n        '\n        "]
[2026-05-25T07:21:12.719+0000] {subprocess.py:99} INFO - Output:
[2026-05-25T07:21:16.200+0000] {subprocess.py:106} INFO - :: loading settings :: url = jar:file:/opt/spark/jars/ivy-2.5.1.jar!/org/apache/ivy/core/settings/ivysettings.xml
[2026-05-25T07:21:16.360+0000] {subprocess.py:106} INFO - Ivy Default Cache set to: /home/spark/.ivy2/cache
[2026-05-25T07:21:16.361+0000] {subprocess.py:106} INFO - The jars for the packages stored in: /home/spark/.ivy2/jars
[2026-05-25T07:21:16.366+0000] {subprocess.py:106} INFO - org.apache.iceberg#iceberg-spark-runtime-3.5_2.12 added as a dependency
[2026-05-25T07:21:16.367+0000] {subprocess.py:106} INFO - org.apache.hadoop#hadoop-aws added as a dependency
[2026-05-25T07:21:16.369+0000] {subprocess.py:106} INFO - com.amazonaws#aws-java-sdk-bundle added as a dependency
[2026-05-25T07:21:16.370+0000] {subprocess.py:106} INFO - :: resolving dependencies :: org.apache.spark#spark-submit-parent-caac21ab-fcd5-472d-9b22-1948da7cb2f6;1.0
[2026-05-25T07:21:16.371+0000] {subprocess.py:106} INFO - 	confs: [default]
[2026-05-25T07:21:16.540+0000] {subprocess.py:106} INFO - 	found org.apache.iceberg#iceberg-spark-runtime-3.5_2.12;1.5.0 in central
[2026-05-25T07:21:16.677+0000] {subprocess.py:106} INFO - 	found org.apache.hadoop#hadoop-aws;3.3.4 in central
[2026-05-25T07:21:16.718+0000] {subprocess.py:106} INFO - 	found com.amazonaws#aws-java-sdk-bundle;1.12.262 in central
[2026-05-25T07:21:16.756+0000] {subprocess.py:106} INFO - 	found org.wildfly.openssl#wildfly-openssl;1.0.7.Final in central
[2026-05-25T07:21:16.794+0000] {subprocess.py:106} INFO - :: resolution report :: resolve 406ms :: artifacts dl 19ms
[2026-05-25T07:21:16.796+0000] {subprocess.py:106} INFO - 	:: modules in use:
[2026-05-25T07:21:16.797+0000] {subprocess.py:106} INFO - 	com.amazonaws#aws-java-sdk-bundle;1.12.262 from central in [default]
[2026-05-25T07:21:16.798+0000] {subprocess.py:106} INFO - 	org.apache.hadoop#hadoop-aws;3.3.4 from central in [default]
[2026-05-25T07:21:16.798+0000] {subprocess.py:106} INFO - 	org.apache.iceberg#iceberg-spark-runtime-3.5_2.12;1.5.0 from central in [default]
[2026-05-25T07:21:16.799+0000] {subprocess.py:106} INFO - 	org.wildfly.openssl#wildfly-openssl;1.0.7.Final from central in [default]
[2026-05-25T07:21:16.799+0000] {subprocess.py:106} INFO - 	---------------------------------------------------------------------
[2026-05-25T07:21:16.800+0000] {subprocess.py:106} INFO - 	|                  |            modules            ||   artifacts   |
[2026-05-25T07:21:16.800+0000] {subprocess.py:106} INFO - 	|       conf       | number| search|dwnlded|evicted|| number|dwnlded|
[2026-05-25T07:21:16.801+0000] {subprocess.py:106} INFO - 	---------------------------------------------------------------------
[2026-05-25T07:21:16.802+0000] {subprocess.py:106} INFO - 	|      default     |   4   |   0   |   0   |   0   ||   4   |   0   |
[2026-05-25T07:21:16.803+0000] {subprocess.py:106} INFO - 	---------------------------------------------------------------------
[2026-05-25T07:21:16.804+0000] {subprocess.py:106} INFO - :: retrieving :: org.apache.spark#spark-submit-parent-caac21ab-fcd5-472d-9b22-1948da7cb2f6
[2026-05-25T07:21:16.805+0000] {subprocess.py:106} INFO - 	confs: [default]
[2026-05-25T07:21:16.814+0000] {subprocess.py:106} INFO - 	0 artifacts copied, 4 already retrieved (0kB/11ms)
[2026-05-25T07:21:17.330+0000] {subprocess.py:106} INFO - 26/05/25 07:21:17 WARN NativeCodeLoader: Unable to load native-hadoop library for your platform... using builtin-java classes where applicable
[2026-05-25T07:21:19.022+0000] {subprocess.py:106} INFO - 26/05/25 07:21:19 INFO SparkContext: Running Spark version 3.5.3
[2026-05-25T07:21:19.023+0000] {subprocess.py:106} INFO - 26/05/25 07:21:19 INFO SparkContext: OS info Linux, 6.6.87.2-microsoft-standard-WSL2, amd64
[2026-05-25T07:21:19.024+0000] {subprocess.py:106} INFO - 26/05/25 07:21:19 INFO SparkContext: Java version 11.0.24
[2026-05-25T07:21:19.066+0000] {subprocess.py:106} INFO - 26/05/25 07:21:19 INFO ResourceUtils: ==============================================================
[2026-05-25T07:21:19.067+0000] {subprocess.py:106} INFO - 26/05/25 07:21:19 INFO ResourceUtils: No custom resources configured for spark.driver.
[2026-05-25T07:21:19.068+0000] {subprocess.py:106} INFO - 26/05/25 07:21:19 INFO ResourceUtils: ==============================================================
[2026-05-25T07:21:19.070+0000] {subprocess.py:106} INFO - 26/05/25 07:21:19 INFO SparkContext: Submitted application: Load_Bronze_MinIO_Iceberg
[2026-05-25T07:21:19.123+0000] {subprocess.py:106} INFO - 26/05/25 07:21:19 INFO ResourceProfile: Default ResourceProfile created, executor resources: Map(memory -> name: memory, amount: 1024, script: , vendor: , offHeap -> name: offHeap, amount: 0, script: , vendor: ), task resources: Map(cpus -> name: cpus, amount: 1.0)
[2026-05-25T07:21:19.147+0000] {subprocess.py:106} INFO - 26/05/25 07:21:19 INFO ResourceProfile: Limiting resource is cpu
[2026-05-25T07:21:19.148+0000] {subprocess.py:106} INFO - 26/05/25 07:21:19 INFO ResourceProfileManager: Added ResourceProfile id: 0
[2026-05-25T07:21:19.267+0000] {subprocess.py:106} INFO - 26/05/25 07:21:19 INFO SecurityManager: Changing view acls to: spark
[2026-05-25T07:21:19.270+0000] {subprocess.py:106} INFO - 26/05/25 07:21:19 INFO SecurityManager: Changing modify acls to: spark
[2026-05-25T07:21:19.271+0000] {subprocess.py:106} INFO - 26/05/25 07:21:19 INFO SecurityManager: Changing view acls groups to:
[2026-05-25T07:21:19.273+0000] {subprocess.py:106} INFO - 26/05/25 07:21:19 INFO SecurityManager: Changing modify acls groups to:
[2026-05-25T07:21:19.274+0000] {subprocess.py:106} INFO - 26/05/25 07:21:19 INFO SecurityManager: SecurityManager: authentication disabled; ui acls disabled; users with view permissions: spark; groups with view permissions: EMPTY; users with modify permissions: spark; groups with modify permissions: EMPTY
[2026-05-25T07:21:19.657+0000] {subprocess.py:106} INFO - 26/05/25 07:21:19 INFO Utils: Successfully started service 'sparkDriver' on port 43921.
[2026-05-25T07:21:19.741+0000] {subprocess.py:106} INFO - 26/05/25 07:21:19 INFO SparkEnv: Registering MapOutputTracker
[2026-05-25T07:21:19.839+0000] {subprocess.py:106} INFO - 26/05/25 07:21:19 INFO SparkEnv: Registering BlockManagerMaster
[2026-05-25T07:21:19.869+0000] {subprocess.py:106} INFO - 26/05/25 07:21:19 INFO BlockManagerMasterEndpoint: Using org.apache.spark.storage.DefaultTopologyMapper for getting topology information
[2026-05-25T07:21:19.871+0000] {subprocess.py:106} INFO - 26/05/25 07:21:19 INFO BlockManagerMasterEndpoint: BlockManagerMasterEndpoint up
[2026-05-25T07:21:19.881+0000] {subprocess.py:106} INFO - 26/05/25 07:21:19 INFO SparkEnv: Registering BlockManagerMasterHeartbeat
[2026-05-25T07:21:19.920+0000] {subprocess.py:106} INFO - 26/05/25 07:21:19 INFO DiskBlockManager: Created local directory at /tmp/blockmgr-1f078da1-eab7-406a-b9d2-c0119dc213f8
[2026-05-25T07:21:19.937+0000] {subprocess.py:106} INFO - 26/05/25 07:21:19 INFO MemoryStore: MemoryStore started with capacity 434.4 MiB
[2026-05-25T07:21:19.961+0000] {subprocess.py:106} INFO - 26/05/25 07:21:19 INFO SparkEnv: Registering OutputCommitCoordinator
[2026-05-25T07:21:20.171+0000] {subprocess.py:106} INFO - 26/05/25 07:21:20 INFO JettyUtils: Start Jetty 0.0.0.0:4040 for SparkUI
[2026-05-25T07:21:20.247+0000] {subprocess.py:106} INFO - 26/05/25 07:21:20 INFO Utils: Successfully started service 'SparkUI' on port 4040.
[2026-05-25T07:21:20.299+0000] {subprocess.py:106} INFO - 26/05/25 07:21:20 INFO SparkContext: Added JAR file:///home/spark/.ivy2/jars/org.apache.iceberg_iceberg-spark-runtime-3.5_2.12-1.5.0.jar at spark://c05002f484b8:43921/jars/org.apache.iceberg_iceberg-spark-runtime-3.5_2.12-1.5.0.jar with timestamp 1779693679009
[2026-05-25T07:21:20.300+0000] {subprocess.py:106} INFO - 26/05/25 07:21:20 INFO SparkContext: Added JAR file:///home/spark/.ivy2/jars/org.apache.hadoop_hadoop-aws-3.3.4.jar at spark://c05002f484b8:43921/jars/org.apache.hadoop_hadoop-aws-3.3.4.jar with timestamp 1779693679009
[2026-05-25T07:21:20.301+0000] {subprocess.py:106} INFO - 26/05/25 07:21:20 INFO SparkContext: Added JAR file:///home/spark/.ivy2/jars/com.amazonaws_aws-java-sdk-bundle-1.12.262.jar at spark://c05002f484b8:43921/jars/com.amazonaws_aws-java-sdk-bundle-1.12.262.jar with timestamp 1779693679009
[2026-05-25T07:21:20.307+0000] {subprocess.py:106} INFO - 26/05/25 07:21:20 INFO SparkContext: Added JAR file:///home/spark/.ivy2/jars/org.wildfly.openssl_wildfly-openssl-1.0.7.Final.jar at spark://c05002f484b8:43921/jars/org.wildfly.openssl_wildfly-openssl-1.0.7.Final.jar with timestamp 1779693679009
[2026-05-25T07:21:20.308+0000] {subprocess.py:106} INFO - 26/05/25 07:21:20 INFO SparkContext: Added file file:///home/spark/.ivy2/jars/org.apache.iceberg_iceberg-spark-runtime-3.5_2.12-1.5.0.jar at spark://c05002f484b8:43921/files/org.apache.iceberg_iceberg-spark-runtime-3.5_2.12-1.5.0.jar with timestamp 1779693679009
[2026-05-25T07:21:20.309+0000] {subprocess.py:106} INFO - 26/05/25 07:21:20 INFO Utils: Copying /home/spark/.ivy2/jars/org.apache.iceberg_iceberg-spark-runtime-3.5_2.12-1.5.0.jar to /tmp/spark-de3d33c9-957d-4254-8444-d968a12e8138/userFiles-14c3f0fc-d7f6-4930-a21b-df8e8b5e2748/org.apache.iceberg_iceberg-spark-runtime-3.5_2.12-1.5.0.jar
[2026-05-25T07:21:20.507+0000] {subprocess.py:106} INFO - 26/05/25 07:21:20 INFO SparkContext: Added file file:///home/spark/.ivy2/jars/org.apache.hadoop_hadoop-aws-3.3.4.jar at spark://c05002f484b8:43921/files/org.apache.hadoop_hadoop-aws-3.3.4.jar with timestamp 1779693679009
[2026-05-25T07:21:20.508+0000] {subprocess.py:106} INFO - 26/05/25 07:21:20 INFO Utils: Copying /home/spark/.ivy2/jars/org.apache.hadoop_hadoop-aws-3.3.4.jar to /tmp/spark-de3d33c9-957d-4254-8444-d968a12e8138/userFiles-14c3f0fc-d7f6-4930-a21b-df8e8b5e2748/org.apache.hadoop_hadoop-aws-3.3.4.jar
[2026-05-25T07:21:20.518+0000] {subprocess.py:106} INFO - 26/05/25 07:21:20 INFO SparkContext: Added file file:///home/spark/.ivy2/jars/com.amazonaws_aws-java-sdk-bundle-1.12.262.jar at spark://c05002f484b8:43921/files/com.amazonaws_aws-java-sdk-bundle-1.12.262.jar with timestamp 1779693679009
[2026-05-25T07:21:20.519+0000] {subprocess.py:106} INFO - 26/05/25 07:21:20 INFO Utils: Copying /home/spark/.ivy2/jars/com.amazonaws_aws-java-sdk-bundle-1.12.262.jar to /tmp/spark-de3d33c9-957d-4254-8444-d968a12e8138/userFiles-14c3f0fc-d7f6-4930-a21b-df8e8b5e2748/com.amazonaws_aws-java-sdk-bundle-1.12.262.jar
[2026-05-25T07:21:23.029+0000] {subprocess.py:106} INFO - 26/05/25 07:21:23 INFO SparkContext: Added file file:///home/spark/.ivy2/jars/org.wildfly.openssl_wildfly-openssl-1.0.7.Final.jar at spark://c05002f484b8:43921/files/org.wildfly.openssl_wildfly-openssl-1.0.7.Final.jar with timestamp 1779693679009
[2026-05-25T07:21:23.030+0000] {subprocess.py:106} INFO - 26/05/25 07:21:23 INFO Utils: Copying /home/spark/.ivy2/jars/org.wildfly.openssl_wildfly-openssl-1.0.7.Final.jar to /tmp/spark-de3d33c9-957d-4254-8444-d968a12e8138/userFiles-14c3f0fc-d7f6-4930-a21b-df8e8b5e2748/org.wildfly.openssl_wildfly-openssl-1.0.7.Final.jar
[2026-05-25T07:21:23.187+0000] {subprocess.py:106} INFO - 26/05/25 07:21:23 INFO StandaloneAppClient$ClientEndpoint: Connecting to master spark://spark-master:7077...
[2026-05-25T07:21:23.289+0000] {subprocess.py:106} INFO - 26/05/25 07:21:23 INFO TransportClientFactory: Successfully created connection to spark-master/172.30.0.5:7077 after 68 ms (0 ms spent in bootstraps)
[2026-05-25T07:21:25.221+0000] {subprocess.py:106} INFO - 26/05/25 07:21:25 INFO StandaloneSchedulerBackend: Connected to Spark cluster with app ID app-20260525072124-0000
[2026-05-25T07:21:25.238+0000] {subprocess.py:106} INFO - 26/05/25 07:21:25 INFO Utils: Successfully started service 'org.apache.spark.network.netty.NettyBlockTransferService' on port 32987.
[2026-05-25T07:21:25.239+0000] {subprocess.py:106} INFO - 26/05/25 07:21:25 INFO NettyBlockTransferService: Server created on c05002f484b8:32987
[2026-05-25T07:21:25.242+0000] {subprocess.py:106} INFO - 26/05/25 07:21:25 INFO BlockManager: Using org.apache.spark.storage.RandomBlockReplicationPolicy for block replication policy
[2026-05-25T07:21:25.258+0000] {subprocess.py:106} INFO - 26/05/25 07:21:25 INFO BlockManagerMaster: Registering BlockManager BlockManagerId(driver, c05002f484b8, 32987, None)
[2026-05-25T07:21:25.263+0000] {subprocess.py:106} INFO - 26/05/25 07:21:25 INFO BlockManagerMasterEndpoint: Registering block manager c05002f484b8:32987 with 434.4 MiB RAM, BlockManagerId(driver, c05002f484b8, 32987, None)
[2026-05-25T07:21:25.268+0000] {subprocess.py:106} INFO - 26/05/25 07:21:25 INFO BlockManagerMaster: Registered BlockManager BlockManagerId(driver, c05002f484b8, 32987, None)
[2026-05-25T07:21:25.270+0000] {subprocess.py:106} INFO - 26/05/25 07:21:25 INFO BlockManager: Initialized BlockManager: BlockManagerId(driver, c05002f484b8, 32987, None)
[2026-05-25T07:21:25.673+0000] {subprocess.py:106} INFO - 26/05/25 07:21:25 INFO StandaloneSchedulerBackend: SchedulerBackend is ready for scheduling beginning after reached minRegisteredResourcesRatio: 0.0
[2026-05-25T07:21:26.148+0000] {subprocess.py:106} INFO - Reading data from: s3a://warehouse/raw/itviec_jobs_full.csv
[2026-05-25T07:21:26.165+0000] {subprocess.py:106} INFO - 26/05/25 07:21:26 INFO SharedState: Setting hive.metastore.warehouse.dir ('null') to the value of spark.sql.warehouse.dir.
[2026-05-25T07:21:26.171+0000] {subprocess.py:106} INFO - 26/05/25 07:21:26 INFO SharedState: Warehouse path is 'file:/opt/spark/work-dir/spark-warehouse'.
[2026-05-25T07:21:26.394+0000] {subprocess.py:106} INFO - 26/05/25 07:21:26 INFO StandaloneAppClient$ClientEndpoint: Executor added: app-20260525072124-0000/0 on worker-20260525064124-172.30.0.6-45121 (172.30.0.6:45121) with 1 core(s)
[2026-05-25T07:21:26.399+0000] {subprocess.py:106} INFO - 26/05/25 07:21:26 INFO StandaloneSchedulerBackend: Granted executor ID app-20260525072124-0000/0 on hostPort 172.30.0.6:45121 with 1 core(s), 1024.0 MiB RAM
[2026-05-25T07:21:29.918+0000] {subprocess.py:106} INFO - 26/05/25 07:21:29 WARN MetricsConfig: Cannot locate configuration: tried hadoop-metrics2-s3a-file-system.properties,hadoop-metrics2.properties
[2026-05-25T07:21:29.940+0000] {subprocess.py:106} INFO - 26/05/25 07:21:29 INFO MetricsSystemImpl: Scheduled Metric snapshot period at 10 second(s).
[2026-05-25T07:21:29.941+0000] {subprocess.py:106} INFO - 26/05/25 07:21:29 INFO MetricsSystemImpl: s3a-file-system metrics system started
[2026-05-25T07:21:30.040+0000] {subprocess.py:106} INFO - 26/05/25 07:21:30 INFO StandaloneAppClient$ClientEndpoint: Executor updated: app-20260525072124-0000/0 is now RUNNING
[2026-05-25T07:21:35.463+0000] {subprocess.py:106} INFO - 26/05/25 07:21:35 INFO StandaloneSchedulerBackend$StandaloneDriverEndpoint: Registered executor NettyRpcEndpointRef(spark-client://Executor) (172.30.0.6:48868) with ID 0,  ResourceProfileId 0
[2026-05-25T07:21:35.727+0000] {subprocess.py:106} INFO - 26/05/25 07:21:35 INFO BlockManagerMasterEndpoint: Registering block manager 172.30.0.6:33737 with 434.4 MiB RAM, BlockManagerId(0, 172.30.0.6, 33737, None)
[2026-05-25T07:21:36.001+0000] {local_task_job_runner.py:127} ERROR - Received SIGTERM. Terminating subprocesses
[2026-05-25T07:21:36.025+0000] {process_utils.py:132} INFO - Sending 15 to group 77. PIDs of all processes in the group: [79, 80, 77]
[2026-05-25T07:21:36.036+0000] {process_utils.py:87} INFO - Sending the signal 15 to group 77
[2026-05-25T07:21:36.037+0000] {taskinstance.py:3094} ERROR - Received SIGTERM. Terminating subprocesses.
[2026-05-25T07:21:36.132+0000] {taskinstance.py:3095} ERROR - Stacktrace: 
  File "/home/***/.local/bin/***", line 8, in <module>
    sys.exit(main())
  File "/home/***/.local/lib/python3.8/site-packages/***/__main__.py", line 62, in main
    args.func(args)
  File "/home/***/.local/lib/python3.8/site-packages/***/cli/cli_config.py", line 49, in command
    return func(*args, **kwargs)
  File "/home/***/.local/lib/python3.8/site-packages/***/utils/cli.py", line 116, in wrapper
    return f(*args, **kwargs)
  File "/home/***/.local/lib/python3.8/site-packages/***/utils/providers_configuration_loader.py", line 55, in wrapped_function
    return func(*args, **kwargs)
  File "/home/***/.local/lib/python3.8/site-packages/***/cli/commands/celery_command.py", line 218, in worker
    run_command_with_daemon_option(
  File "/home/***/.local/lib/python3.8/site-packages/***/cli/commands/daemon_utils.py", line 86, in run_command_with_daemon_option
    callback()
  File "/home/***/.local/lib/python3.8/site-packages/***/cli/commands/celery_command.py", line 211, in run_celery_worker
    celery_app.worker_main(options)
  File "/home/***/.local/lib/python3.8/site-packages/celery/app/base.py", line 388, in worker_main
    self.start(argv=argv)
  File "/home/***/.local/lib/python3.8/site-packages/celery/app/base.py", line 368, in start
    celery.main(args=argv, standalone_mode=False)
  File "/home/***/.local/lib/python3.8/site-packages/click/core.py", line 1078, in main
    rv = self.invoke(ctx)
  File "/home/***/.local/lib/python3.8/site-packages/click/core.py", line 1688, in invoke
    return _process_result(sub_ctx.command.invoke(sub_ctx))
  File "/home/***/.local/lib/python3.8/site-packages/click/core.py", line 1434, in invoke
    return ctx.invoke(self.callback, **ctx.params)
  File "/home/***/.local/lib/python3.8/site-packages/click/core.py", line 783, in invoke
    return __callback(*args, **kwargs)
  File "/home/***/.local/lib/python3.8/site-packages/click/decorators.py", line 33, in new_func
    return f(get_current_context(), *args, **kwargs)
  File "/home/***/.local/lib/python3.8/site-packages/celery/bin/base.py", line 134, in caller
    return f(ctx, *args, **kwargs)
  File "/home/***/.local/lib/python3.8/site-packages/celery/bin/worker.py", line 356, in worker
    worker.start()
  File "/home/***/.local/lib/python3.8/site-packages/celery/worker/worker.py", line 202, in start
    self.blueprint.start(self)
  File "/home/***/.local/lib/python3.8/site-packages/celery/bootsteps.py", line 116, in start
    step.start(parent)
  File "/home/***/.local/lib/python3.8/site-packages/celery/bootsteps.py", line 365, in start
    return self.obj.start()
  File "/home/***/.local/lib/python3.8/site-packages/celery/concurrency/base.py", line 130, in start
    self.on_start()
  File "/home/***/.local/lib/python3.8/site-packages/celery/concurrency/prefork.py", line 109, in on_start
    P = self._pool = Pool(processes=self.limit,
  File "/home/***/.local/lib/python3.8/site-packages/celery/concurrency/asynpool.py", line 464, in __init__
    super().__init__(processes, *args, **kwargs)
  File "/home/***/.local/lib/python3.8/site-packages/billiard/pool.py", line 1045, in __init__
    self._create_worker_process(i)
  File "/home/***/.local/lib/python3.8/site-packages/celery/concurrency/asynpool.py", line 482, in _create_worker_process
    return super()._create_worker_process(i)
  File "/home/***/.local/lib/python3.8/site-packages/billiard/pool.py", line 1157, in _create_worker_process
    w.start()
  File "/home/***/.local/lib/python3.8/site-packages/billiard/process.py", line 120, in start
    self._popen = self._Popen(self)
  File "/home/***/.local/lib/python3.8/site-packages/billiard/context.py", line 331, in _Popen
    return Popen(process_obj)
  File "/home/***/.local/lib/python3.8/site-packages/billiard/popen_fork.py", line 22, in __init__
    self._launch(process_obj)
  File "/home/***/.local/lib/python3.8/site-packages/billiard/popen_fork.py", line 77, in _launch
    code = process_obj._bootstrap()
  File "/home/***/.local/lib/python3.8/site-packages/billiard/process.py", line 323, in _bootstrap
    self.run()
  File "/home/***/.local/lib/python3.8/site-packages/billiard/process.py", line 110, in run
    self._target(*self._args, **self._kwargs)
  File "/home/***/.local/lib/python3.8/site-packages/billiard/pool.py", line 291, in __call__
    sys.exit(self.workloop(pid=pid))
  File "/home/***/.local/lib/python3.8/site-packages/billiard/pool.py", line 361, in workloop
    result = (True, prepare_result(fun(*args, **kwargs)))
  File "/home/***/.local/lib/python3.8/site-packages/celery/app/trace.py", line 675, in fast_trace_task
    R, I, T, Rstr = tasks[task].__trace__(
  File "/home/***/.local/lib/python3.8/site-packages/celery/app/trace.py", line 477, in trace_task
    R = retval = fun(*args, **kwargs)
  File "/home/***/.local/lib/python3.8/site-packages/celery/app/trace.py", line 760, in __protected_call__
    return self.run(*args, **kwargs)
  File "/home/***/.local/lib/python3.8/site-packages/***/providers/celery/executors/celery_executor_utils.py", line 123, in execute_command
    _execute_in_fork(command_to_exec, celery_task_id)
  File "/home/***/.local/lib/python3.8/site-packages/***/providers/celery/executors/celery_executor_utils.py", line 157, in _execute_in_fork
    args.func(args)
  File "/home/***/.local/lib/python3.8/site-packages/***/cli/cli_config.py", line 49, in command
    return func(*args, **kwargs)
  File "/home/***/.local/lib/python3.8/site-packages/***/utils/cli.py", line 116, in wrapper
    return f(*args, **kwargs)
  File "/home/***/.local/lib/python3.8/site-packages/***/cli/commands/task_command.py", line 483, in task_run
    task_return_code = _run_task_by_selected_method(args, _dag, ti)
  File "/home/***/.local/lib/python3.8/site-packages/***/cli/commands/task_command.py", line 254, in _run_task_by_selected_method
    return _run_task_by_local_task_job(args, ti)
  File "/home/***/.local/lib/python3.8/site-packages/***/cli/commands/task_command.py", line 322, in _run_task_by_local_task_job
    ret = run_job(job=job_runner.job, execute_callable=job_runner._execute)
  File "/home/***/.local/lib/python3.8/site-packages/***/utils/session.py", line 97, in wrapper
    return func(*args, session=session, **kwargs)
  File "/home/***/.local/lib/python3.8/site-packages/***/jobs/job.py", line 421, in run_job
    return execute_job(job, execute_callable=execute_callable)
  File "/home/***/.local/lib/python3.8/site-packages/***/jobs/job.py", line 450, in execute_job
    ret = execute_callable()
  File "/home/***/.local/lib/python3.8/site-packages/***/jobs/local_task_job_runner.py", line 171, in _execute
    self.task_runner.start()
  File "/home/***/.local/lib/python3.8/site-packages/***/task/task_runner/standard_task_runner.py", line 55, in start
    self.process = self._start_by_fork()
  File "/home/***/.local/lib/python3.8/site-packages/***/task/task_runner/standard_task_runner.py", line 117, in _start_by_fork
    ret = args.func(args, dag=self.dag)
  File "/home/***/.local/lib/python3.8/site-packages/***/cli/cli_config.py", line 49, in command
    return func(*args, **kwargs)
  File "/home/***/.local/lib/python3.8/site-packages/***/utils/cli.py", line 116, in wrapper
    return f(*args, **kwargs)
  File "/home/***/.local/lib/python3.8/site-packages/***/cli/commands/task_command.py", line 483, in task_run
    task_return_code = _run_task_by_selected_method(args, _dag, ti)
  File "/home/***/.local/lib/python3.8/site-packages/***/cli/commands/task_command.py", line 256, in _run_task_by_selected_method
    return _run_raw_task(args, ti)
  File "/home/***/.local/lib/python3.8/site-packages/***/cli/commands/task_command.py", line 341, in _run_raw_task
    return ti._run_raw_task(
  File "/home/***/.local/lib/python3.8/site-packages/***/utils/session.py", line 97, in wrapper
    return func(*args, session=session, **kwargs)
  File "/home/***/.local/lib/python3.8/site-packages/***/models/taskinstance.py", line 3006, in _run_raw_task
    return _run_raw_task(
  File "/home/***/.local/lib/python3.8/site-packages/***/models/taskinstance.py", line 274, in _run_raw_task
    TaskInstance._execute_task_with_callbacks(
  File "/home/***/.local/lib/python3.8/site-packages/***/models/taskinstance.py", line 3161, in _execute_task_with_callbacks
    result = self._execute_task(context, task_orig)
  File "/home/***/.local/lib/python3.8/site-packages/***/models/taskinstance.py", line 3185, in _execute_task
    return _execute_task(self, context, task_orig)
  File "/home/***/.local/lib/python3.8/site-packages/***/models/taskinstance.py", line 763, in _execute_task
    result = _execute_callable(context=context, **execute_callable_kwargs)
  File "/home/***/.local/lib/python3.8/site-packages/***/models/taskinstance.py", line 734, in _execute_callable
    return ExecutionCallableRunner(
  File "/home/***/.local/lib/python3.8/site-packages/***/utils/operator_helpers.py", line 252, in run
    return self.func(*args, **kwargs)
  File "/home/***/.local/lib/python3.8/site-packages/***/models/baseoperator.py", line 424, in wrapper
    return func(self, *args, **kwargs)
  File "/home/***/.local/lib/python3.8/site-packages/***/operators/bash.py", line 257, in execute
    result = self._run_inline_command(bash_path=bash_path, env=env)
  File "/home/***/.local/lib/python3.8/site-packages/***/operators/bash.py", line 284, in _run_inline_command
    return self.subprocess_hook.run_command(
  File "/home/***/.local/lib/python3.8/site-packages/***/hooks/subprocess.py", line 104, in run_command
    for raw_line in iter(self.sub_process.stdout.readline, b""):
  File "/home/***/.local/lib/python3.8/site-packages/***/models/taskinstance.py", line 3095, in signal_handler
    self.log.error("Stacktrace: \n%s", "".join(traceback.format_stack()))

[2026-05-25T07:21:36.141+0000] {subprocess.py:117} INFO - Sending SIGTERM signal to process group
[2026-05-25T07:21:36.527+0000] {taskinstance.py:3313} ERROR - Task failed with exception
Traceback (most recent call last):
  File "/home/airflow/.local/lib/python3.8/site-packages/airflow/models/taskinstance.py", line 763, in _execute_task
    result = _execute_callable(context=context, **execute_callable_kwargs)
  File "/home/airflow/.local/lib/python3.8/site-packages/airflow/models/taskinstance.py", line 734, in _execute_callable
    return ExecutionCallableRunner(
  File "/home/airflow/.local/lib/python3.8/site-packages/airflow/utils/operator_helpers.py", line 252, in run
    return self.func(*args, **kwargs)
  File "/home/airflow/.local/lib/python3.8/site-packages/airflow/models/baseoperator.py", line 424, in wrapper
    return func(self, *args, **kwargs)
  File "/home/airflow/.local/lib/python3.8/site-packages/airflow/operators/bash.py", line 257, in execute
    result = self._run_inline_command(bash_path=bash_path, env=env)
  File "/home/airflow/.local/lib/python3.8/site-packages/airflow/operators/bash.py", line 284, in _run_inline_command
    return self.subprocess_hook.run_command(
  File "/home/airflow/.local/lib/python3.8/site-packages/airflow/hooks/subprocess.py", line 104, in run_command
    for raw_line in iter(self.sub_process.stdout.readline, b""):
  File "/home/airflow/.local/lib/python3.8/site-packages/airflow/models/taskinstance.py", line 3097, in signal_handler
    raise AirflowTaskTerminated("Task received SIGTERM signal")
airflow.exceptions.AirflowTaskTerminated: Task received SIGTERM signal
[2026-05-25T07:21:36.586+0000] {taskinstance.py:1226} INFO - Marking task as UP_FOR_RETRY. dag_id=crawl_etl_itjob, task_id=load_bronze, run_id=scheduled__2026-05-24T02:00:00+00:00, execution_date=20260524T020000, start_date=20260525T072112, end_date=20260525T072136
[2026-05-25T07:21:36.762+0000] {process_utils.py:80} INFO - Process psutil.Process(pid=80, status='terminated', started='07:21:11') (80) terminated with exit code None
[2026-05-25T07:21:37.259+0000] {taskinstance.py:341} INFO - ::group::Post task execution logs
[2026-05-25T07:21:37.298+0000] {process_utils.py:80} INFO - Process psutil.Process(pid=79, status='terminated', started='07:21:11') (79) terminated with exit code None
[2026-05-25T07:21:37.299+0000] {process_utils.py:80} INFO - Process psutil.Process(pid=77, status='terminated', exitcode=2, started='07:21:11') (77) terminated with exit code 2
[2026-05-25T07:21:37.302+0000] {local_task_job_runner.py:266} INFO - Task exited with return code 143
[2026-05-25T07:21:37.331+0000] {standard_task_runner.py:217} INFO - Process not found (most likely exited), stop collecting metrics
[2026-05-25T07:21:37.572+0000] {taskinstance.py:3901} INFO - 0 downstream tasks scheduled from follow-on schedule check
[2026-05-25T07:21:37.928+0000] {local_task_job_runner.py:245} INFO - ::endgroup::
