[2026-04-05T10:24:25.006+0000] {local_task_job_runner.py:123} INFO - ::group::Pre task execution logs
[2026-04-05T10:24:25.071+0000] {taskinstance.py:2614} INFO - Dependencies all met for dep_context=non-requeueable deps ti=<TaskInstance: crawl_etl_itjob.load_bronze scheduled__2026-04-02T02:00:00+00:00 [queued]>
[2026-04-05T10:24:25.087+0000] {taskinstance.py:2614} INFO - Dependencies all met for dep_context=requeueable deps ti=<TaskInstance: crawl_etl_itjob.load_bronze scheduled__2026-04-02T02:00:00+00:00 [queued]>
[2026-04-05T10:24:25.088+0000] {taskinstance.py:2867} INFO - Starting attempt 1 of 2
[2026-04-05T10:24:25.115+0000] {taskinstance.py:2890} INFO - Executing <Task(BashOperator): load_bronze> on 2026-04-02 02:00:00+00:00
[2026-04-05T10:24:25.120+0000] {standard_task_runner.py:72} INFO - Started process 55 to run task
[2026-04-05T10:24:25.126+0000] {standard_task_runner.py:104} INFO - Running: ['***', 'tasks', 'run', 'crawl_etl_itjob', 'load_bronze', 'scheduled__2026-04-02T02:00:00+00:00', '--job-id', '769', '--raw', '--subdir', 'DAGS_FOLDER/Crawl_ETL_ITJob.py', '--cfg-path', '/tmp/tmp4elovcwj']
[2026-04-05T10:24:25.128+0000] {standard_task_runner.py:105} INFO - Job 769: Subtask load_bronze
[2026-04-05T10:24:25.159+0000] {warnings.py:109} WARNING - /home/***/.local/lib/python3.8/site-packages/***/settings.py:209: DeprecationWarning: The sql_alchemy_conn option in [core] has been moved to the sql_alchemy_conn option in [database] - the old setting has been used, but please update your config.
  SQL_ALCHEMY_CONN = conf.get("database", "SQL_ALCHEMY_CONN")

[2026-04-05T10:24:25.252+0000] {task_command.py:467} INFO - Running <TaskInstance: crawl_etl_itjob.load_bronze scheduled__2026-04-02T02:00:00+00:00 [running]> on host b48ab74ce2ed
[2026-04-05T10:24:25.253+0000] {warnings.py:109} WARNING - /home/***/.local/lib/python3.8/site-packages/***/settings.py:470: DeprecationWarning: The sql_alchemy_conn option in [core] has been moved to the sql_alchemy_conn option in [database] - the old setting has been used, but please update your config.
  if conf.get("database", "sql_alchemy_conn") == "none://":

[2026-04-05T10:24:25.461+0000] {taskinstance.py:3134} INFO - Exporting env vars: AIRFLOW_CTX_DAG_EMAIL='hoa856856@gmail.com' AIRFLOW_CTX_DAG_OWNER='***' AIRFLOW_CTX_DAG_ID='crawl_etl_itjob' AIRFLOW_CTX_TASK_ID='load_bronze' AIRFLOW_CTX_EXECUTION_DATE='2026-04-02T02:00:00+00:00' AIRFLOW_CTX_TRY_NUMBER='1' AIRFLOW_CTX_DAG_RUN_ID='scheduled__2026-04-02T02:00:00+00:00'
[2026-04-05T10:24:25.462+0000] {taskinstance.py:732} INFO - ::endgroup::
[2026-04-05T10:24:25.484+0000] {subprocess.py:78} INFO - Tmp dir root location: /tmp
[2026-04-05T10:24:25.486+0000] {subprocess.py:88} INFO - Running command: ['/bin/bash', '-c', "\n        docker exec spark-submit bash -c '\n        /opt/spark/bin/spark-submit         --master spark://spark-master:7077         --deploy-mode client         --packages org.apache.iceberg:iceberg-spark-runtime-3.5_2.12:1.5.0,org.apache.hadoop:hadoop-aws:3.3.4,com.amazonaws:aws-java-sdk-bundle:1.12.262         /opt/spark/scripts/Load_Bronze.py\n        '\n        "]
[2026-04-05T10:24:25.499+0000] {subprocess.py:99} INFO - Output:
[2026-04-05T10:24:25.734+0000] {subprocess.py:106} INFO - /opt/spark/bin/load-spark-env.sh: line 68: ps: command not found
[2026-04-05T10:24:28.257+0000] {subprocess.py:106} INFO - :: loading settings :: url = jar:file:/opt/spark/jars/ivy-2.5.1.jar!/org/apache/ivy/core/settings/ivysettings.xml
[2026-04-05T10:24:28.388+0000] {subprocess.py:106} INFO - Ivy Default Cache set to: /home/spark/.ivy2/cache
[2026-04-05T10:24:28.389+0000] {subprocess.py:106} INFO - The jars for the packages stored in: /home/spark/.ivy2/jars
[2026-04-05T10:24:28.399+0000] {subprocess.py:106} INFO - org.apache.iceberg#iceberg-spark-runtime-3.5_2.12 added as a dependency
[2026-04-05T10:24:28.400+0000] {subprocess.py:106} INFO - org.apache.hadoop#hadoop-aws added as a dependency
[2026-04-05T10:24:28.401+0000] {subprocess.py:106} INFO - com.amazonaws#aws-java-sdk-bundle added as a dependency
[2026-04-05T10:24:28.402+0000] {subprocess.py:106} INFO - :: resolving dependencies :: org.apache.spark#spark-submit-parent-b0489351-57ad-4a3a-bec2-615abbeadb55;1.0
[2026-04-05T10:24:28.402+0000] {subprocess.py:106} INFO - 	confs: [default]
[2026-04-05T10:24:28.576+0000] {subprocess.py:106} INFO - 	found org.apache.iceberg#iceberg-spark-runtime-3.5_2.12;1.5.0 in central
[2026-04-05T10:24:28.676+0000] {subprocess.py:106} INFO - 	found org.apache.hadoop#hadoop-aws;3.3.4 in central
[2026-04-05T10:24:28.708+0000] {subprocess.py:106} INFO - 	found com.amazonaws#aws-java-sdk-bundle;1.12.262 in central
[2026-04-05T10:24:28.738+0000] {subprocess.py:106} INFO - 	found org.wildfly.openssl#wildfly-openssl;1.0.7.Final in central
[2026-04-05T10:24:28.762+0000] {subprocess.py:106} INFO - :: resolution report :: resolve 353ms :: artifacts dl 8ms
[2026-04-05T10:24:28.763+0000] {subprocess.py:106} INFO - 	:: modules in use:
[2026-04-05T10:24:28.764+0000] {subprocess.py:106} INFO - 	com.amazonaws#aws-java-sdk-bundle;1.12.262 from central in [default]
[2026-04-05T10:24:28.764+0000] {subprocess.py:106} INFO - 	org.apache.hadoop#hadoop-aws;3.3.4 from central in [default]
[2026-04-05T10:24:28.765+0000] {subprocess.py:106} INFO - 	org.apache.iceberg#iceberg-spark-runtime-3.5_2.12;1.5.0 from central in [default]
[2026-04-05T10:24:28.766+0000] {subprocess.py:106} INFO - 	org.wildfly.openssl#wildfly-openssl;1.0.7.Final from central in [default]
[2026-04-05T10:24:28.767+0000] {subprocess.py:106} INFO - 	---------------------------------------------------------------------
[2026-04-05T10:24:28.767+0000] {subprocess.py:106} INFO - 	|                  |            modules            ||   artifacts   |
[2026-04-05T10:24:28.767+0000] {subprocess.py:106} INFO - 	|       conf       | number| search|dwnlded|evicted|| number|dwnlded|
[2026-04-05T10:24:28.768+0000] {subprocess.py:106} INFO - 	---------------------------------------------------------------------
[2026-04-05T10:24:28.768+0000] {subprocess.py:106} INFO - 	|      default     |   4   |   0   |   0   |   0   ||   4   |   0   |
[2026-04-05T10:24:28.769+0000] {subprocess.py:106} INFO - 	---------------------------------------------------------------------
[2026-04-05T10:24:28.770+0000] {subprocess.py:106} INFO - :: retrieving :: org.apache.spark#spark-submit-parent-b0489351-57ad-4a3a-bec2-615abbeadb55
[2026-04-05T10:24:28.770+0000] {subprocess.py:106} INFO - 	confs: [default]
[2026-04-05T10:24:28.777+0000] {subprocess.py:106} INFO - 	0 artifacts copied, 4 already retrieved (0kB/8ms)
[2026-04-05T10:24:29.093+0000] {subprocess.py:106} INFO - 26/04/05 10:24:29 WARN NativeCodeLoader: Unable to load native-hadoop library for your platform... using builtin-java classes where applicable
[2026-04-05T10:24:30.697+0000] {subprocess.py:106} INFO - 26/04/05 10:24:30 INFO SparkContext: Running Spark version 3.5.3
[2026-04-05T10:24:30.702+0000] {subprocess.py:106} INFO - 26/04/05 10:24:30 INFO SparkContext: OS info Linux, 6.6.87.2-microsoft-standard-WSL2, amd64
[2026-04-05T10:24:30.702+0000] {subprocess.py:106} INFO - 26/04/05 10:24:30 INFO SparkContext: Java version 11.0.30
[2026-04-05T10:24:30.740+0000] {subprocess.py:106} INFO - 26/04/05 10:24:30 INFO ResourceUtils: ==============================================================
[2026-04-05T10:24:30.741+0000] {subprocess.py:106} INFO - 26/04/05 10:24:30 INFO ResourceUtils: No custom resources configured for spark.driver.
[2026-04-05T10:24:30.742+0000] {subprocess.py:106} INFO - 26/04/05 10:24:30 INFO ResourceUtils: ==============================================================
[2026-04-05T10:24:30.743+0000] {subprocess.py:106} INFO - 26/04/05 10:24:30 INFO SparkContext: Submitted application: Load_Bronze_MinIO_Iceberg
[2026-04-05T10:24:30.786+0000] {subprocess.py:106} INFO - 26/04/05 10:24:30 INFO ResourceProfile: Default ResourceProfile created, executor resources: Map(memory -> name: memory, amount: 1024, script: , vendor: , offHeap -> name: offHeap, amount: 0, script: , vendor: ), task resources: Map(cpus -> name: cpus, amount: 1.0)
[2026-04-05T10:24:30.803+0000] {subprocess.py:106} INFO - 26/04/05 10:24:30 INFO ResourceProfile: Limiting resource is cpu
[2026-04-05T10:24:30.804+0000] {subprocess.py:106} INFO - 26/04/05 10:24:30 INFO ResourceProfileManager: Added ResourceProfile id: 0
[2026-04-05T10:24:30.921+0000] {subprocess.py:106} INFO - 26/04/05 10:24:30 INFO SecurityManager: Changing view acls to: spark
[2026-04-05T10:24:30.922+0000] {subprocess.py:106} INFO - 26/04/05 10:24:30 INFO SecurityManager: Changing modify acls to: spark
[2026-04-05T10:24:30.923+0000] {subprocess.py:106} INFO - 26/04/05 10:24:30 INFO SecurityManager: Changing view acls groups to:
[2026-04-05T10:24:30.924+0000] {subprocess.py:106} INFO - 26/04/05 10:24:30 INFO SecurityManager: Changing modify acls groups to:
[2026-04-05T10:24:30.925+0000] {subprocess.py:106} INFO - 26/04/05 10:24:30 INFO SecurityManager: SecurityManager: authentication disabled; ui acls disabled; users with view permissions: spark; groups with view permissions: EMPTY; users with modify permissions: spark; groups with modify permissions: EMPTY
[2026-04-05T10:24:31.289+0000] {subprocess.py:106} INFO - 26/04/05 10:24:31 INFO Utils: Successfully started service 'sparkDriver' on port 44643.
[2026-04-05T10:24:31.358+0000] {subprocess.py:106} INFO - 26/04/05 10:24:31 INFO SparkEnv: Registering MapOutputTracker
[2026-04-05T10:24:31.417+0000] {subprocess.py:106} INFO - 26/04/05 10:24:31 INFO SparkEnv: Registering BlockManagerMaster
[2026-04-05T10:24:31.441+0000] {subprocess.py:106} INFO - 26/04/05 10:24:31 INFO BlockManagerMasterEndpoint: Using org.apache.spark.storage.DefaultTopologyMapper for getting topology information
[2026-04-05T10:24:31.442+0000] {subprocess.py:106} INFO - 26/04/05 10:24:31 INFO BlockManagerMasterEndpoint: BlockManagerMasterEndpoint up
[2026-04-05T10:24:31.454+0000] {subprocess.py:106} INFO - 26/04/05 10:24:31 INFO SparkEnv: Registering BlockManagerMasterHeartbeat
[2026-04-05T10:24:31.571+0000] {subprocess.py:106} INFO - 26/04/05 10:24:31 INFO DiskBlockManager: Created local directory at /tmp/blockmgr-b88a26be-81a1-4055-a097-432ba1f2ec7c
[2026-04-05T10:24:31.637+0000] {subprocess.py:106} INFO - 26/04/05 10:24:31 INFO MemoryStore: MemoryStore started with capacity 434.4 MiB
[2026-04-05T10:24:31.693+0000] {subprocess.py:106} INFO - 26/04/05 10:24:31 INFO SparkEnv: Registering OutputCommitCoordinator
[2026-04-05T10:24:32.096+0000] {subprocess.py:106} INFO - 26/04/05 10:24:32 INFO JettyUtils: Start Jetty 0.0.0.0:4040 for SparkUI
[2026-04-05T10:24:32.198+0000] {subprocess.py:106} INFO - 26/04/05 10:24:32 INFO Utils: Successfully started service 'SparkUI' on port 4040.
[2026-04-05T10:24:32.259+0000] {subprocess.py:106} INFO - 26/04/05 10:24:32 INFO SparkContext: Added JAR file:///home/spark/.ivy2/jars/org.apache.iceberg_iceberg-spark-runtime-3.5_2.12-1.5.0.jar at spark://d0f687c55036:44643/jars/org.apache.iceberg_iceberg-spark-runtime-3.5_2.12-1.5.0.jar with timestamp 1775384670683
[2026-04-05T10:24:32.260+0000] {subprocess.py:106} INFO - 26/04/05 10:24:32 INFO SparkContext: Added JAR file:///home/spark/.ivy2/jars/org.apache.hadoop_hadoop-aws-3.3.4.jar at spark://d0f687c55036:44643/jars/org.apache.hadoop_hadoop-aws-3.3.4.jar with timestamp 1775384670683
[2026-04-05T10:24:32.260+0000] {subprocess.py:106} INFO - 26/04/05 10:24:32 INFO SparkContext: Added JAR file:///home/spark/.ivy2/jars/com.amazonaws_aws-java-sdk-bundle-1.12.262.jar at spark://d0f687c55036:44643/jars/com.amazonaws_aws-java-sdk-bundle-1.12.262.jar with timestamp 1775384670683
[2026-04-05T10:24:32.261+0000] {subprocess.py:106} INFO - 26/04/05 10:24:32 INFO SparkContext: Added JAR file:///home/spark/.ivy2/jars/org.wildfly.openssl_wildfly-openssl-1.0.7.Final.jar at spark://d0f687c55036:44643/jars/org.wildfly.openssl_wildfly-openssl-1.0.7.Final.jar with timestamp 1775384670683
[2026-04-05T10:24:32.265+0000] {subprocess.py:106} INFO - 26/04/05 10:24:32 INFO SparkContext: Added file file:///home/spark/.ivy2/jars/org.apache.iceberg_iceberg-spark-runtime-3.5_2.12-1.5.0.jar at spark://d0f687c55036:44643/files/org.apache.iceberg_iceberg-spark-runtime-3.5_2.12-1.5.0.jar with timestamp 1775384670683
[2026-04-05T10:24:32.272+0000] {subprocess.py:106} INFO - 26/04/05 10:24:32 INFO Utils: Copying /home/spark/.ivy2/jars/org.apache.iceberg_iceberg-spark-runtime-3.5_2.12-1.5.0.jar to /tmp/spark-2197e045-ce0e-4fcf-b94c-b1b828231220/userFiles-e0bc187a-6eb6-413e-9be6-93f694fd58b8/org.apache.iceberg_iceberg-spark-runtime-3.5_2.12-1.5.0.jar
[2026-04-05T10:24:32.472+0000] {subprocess.py:106} INFO - 26/04/05 10:24:32 INFO SparkContext: Added file file:///home/spark/.ivy2/jars/org.apache.hadoop_hadoop-aws-3.3.4.jar at spark://d0f687c55036:44643/files/org.apache.hadoop_hadoop-aws-3.3.4.jar with timestamp 1775384670683
[2026-04-05T10:24:32.473+0000] {subprocess.py:106} INFO - 26/04/05 10:24:32 INFO Utils: Copying /home/spark/.ivy2/jars/org.apache.hadoop_hadoop-aws-3.3.4.jar to /tmp/spark-2197e045-ce0e-4fcf-b94c-b1b828231220/userFiles-e0bc187a-6eb6-413e-9be6-93f694fd58b8/org.apache.hadoop_hadoop-aws-3.3.4.jar
[2026-04-05T10:24:32.484+0000] {subprocess.py:106} INFO - 26/04/05 10:24:32 INFO SparkContext: Added file file:///home/spark/.ivy2/jars/com.amazonaws_aws-java-sdk-bundle-1.12.262.jar at spark://d0f687c55036:44643/files/com.amazonaws_aws-java-sdk-bundle-1.12.262.jar with timestamp 1775384670683
[2026-04-05T10:24:32.485+0000] {subprocess.py:106} INFO - 26/04/05 10:24:32 INFO Utils: Copying /home/spark/.ivy2/jars/com.amazonaws_aws-java-sdk-bundle-1.12.262.jar to /tmp/spark-2197e045-ce0e-4fcf-b94c-b1b828231220/userFiles-e0bc187a-6eb6-413e-9be6-93f694fd58b8/com.amazonaws_aws-java-sdk-bundle-1.12.262.jar
[2026-04-05T10:24:34.914+0000] {subprocess.py:106} INFO - 26/04/05 10:24:34 INFO SparkContext: Added file file:///home/spark/.ivy2/jars/org.wildfly.openssl_wildfly-openssl-1.0.7.Final.jar at spark://d0f687c55036:44643/files/org.wildfly.openssl_wildfly-openssl-1.0.7.Final.jar with timestamp 1775384670683
[2026-04-05T10:24:34.915+0000] {subprocess.py:106} INFO - 26/04/05 10:24:34 INFO Utils: Copying /home/spark/.ivy2/jars/org.wildfly.openssl_wildfly-openssl-1.0.7.Final.jar to /tmp/spark-2197e045-ce0e-4fcf-b94c-b1b828231220/userFiles-e0bc187a-6eb6-413e-9be6-93f694fd58b8/org.wildfly.openssl_wildfly-openssl-1.0.7.Final.jar
[2026-04-05T10:24:35.114+0000] {subprocess.py:106} INFO - 26/04/05 10:24:35 INFO StandaloneAppClient$ClientEndpoint: Connecting to master spark://spark-master:7077...
[2026-04-05T10:24:35.210+0000] {subprocess.py:106} INFO - 26/04/05 10:24:35 INFO TransportClientFactory: Successfully created connection to spark-master/172.30.0.5:7077 after 61 ms (0 ms spent in bootstraps)
[2026-04-05T10:24:36.044+0000] {subprocess.py:106} INFO - 26/04/05 10:24:36 INFO StandaloneSchedulerBackend: Connected to Spark cluster with app ID app-20260405102435-0000
[2026-04-05T10:24:36.067+0000] {subprocess.py:106} INFO - 26/04/05 10:24:36 INFO Utils: Successfully started service 'org.apache.spark.network.netty.NettyBlockTransferService' on port 40409.
[2026-04-05T10:24:36.069+0000] {subprocess.py:106} INFO - 26/04/05 10:24:36 INFO NettyBlockTransferService: Server created on d0f687c55036:40409
[2026-04-05T10:24:36.072+0000] {subprocess.py:106} INFO - 26/04/05 10:24:36 INFO BlockManager: Using org.apache.spark.storage.RandomBlockReplicationPolicy for block replication policy
[2026-04-05T10:24:36.086+0000] {subprocess.py:106} INFO - 26/04/05 10:24:36 INFO BlockManagerMaster: Registering BlockManager BlockManagerId(driver, d0f687c55036, 40409, None)
[2026-04-05T10:24:36.090+0000] {subprocess.py:106} INFO - 26/04/05 10:24:36 INFO StandaloneAppClient$ClientEndpoint: Executor added: app-20260405102435-0000/0 on worker-20260405101051-172.30.0.6-42535 (172.30.0.6:42535) with 8 core(s)
[2026-04-05T10:24:34.301+0000] {subprocess.py:106} INFO - 26/04/05 10:24:36 INFO StandaloneSchedulerBackend: Granted executor ID app-20260405102435-0000/0 on hostPort 172.30.0.6:42535 with 8 core(s), 1024.0 MiB RAM
[2026-04-05T10:24:34.303+0000] {subprocess.py:106} INFO - 26/04/05 10:24:34 INFO BlockManagerMasterEndpoint: Registering block manager d0f687c55036:40409 with 434.4 MiB RAM, BlockManagerId(driver, d0f687c55036, 40409, None)
[2026-04-05T10:24:34.307+0000] {subprocess.py:106} INFO - 26/04/05 10:24:34 INFO BlockManagerMaster: Registered BlockManager BlockManagerId(driver, d0f687c55036, 40409, None)
[2026-04-05T10:24:34.309+0000] {subprocess.py:106} INFO - 26/04/05 10:24:34 INFO BlockManager: Initialized BlockManager: BlockManagerId(driver, d0f687c55036, 40409, None)
[2026-04-05T10:24:39.306+0000] {subprocess.py:106} INFO - 26/04/05 10:24:39 INFO StandaloneSchedulerBackend: SchedulerBackend is ready for scheduling beginning after reached minRegisteredResourcesRatio: 0.0
[2026-04-05T10:24:39.853+0000] {subprocess.py:106} INFO - 26/04/05 10:24:39 INFO StandaloneAppClient$ClientEndpoint: Executor updated: app-20260405102435-0000/0 is now RUNNING
[2026-04-05T10:24:40.085+0000] {subprocess.py:106} INFO - Reading data from: s3a://warehouse/raw/itviec_jobs_full.csv
[2026-04-05T10:24:40.105+0000] {subprocess.py:106} INFO - 26/04/05 10:24:40 INFO SharedState: Setting hive.metastore.warehouse.dir ('null') to the value of spark.sql.warehouse.dir.
[2026-04-05T10:24:40.114+0000] {subprocess.py:106} INFO - 26/04/05 10:24:40 INFO SharedState: Warehouse path is 'file:/opt/spark/spark-warehouse'.
[2026-04-05T10:24:43.129+0000] {subprocess.py:106} INFO - 26/04/05 10:24:43 WARN MetricsConfig: Cannot locate configuration: tried hadoop-metrics2-s3a-file-system.properties,hadoop-metrics2.properties
[2026-04-05T10:24:43.175+0000] {subprocess.py:106} INFO - 26/04/05 10:24:43 INFO MetricsSystemImpl: Scheduled Metric snapshot period at 10 second(s).
[2026-04-05T10:24:43.181+0000] {subprocess.py:106} INFO - 26/04/05 10:24:43 INFO MetricsSystemImpl: s3a-file-system metrics system started
[2026-04-05T10:24:45.904+0000] {subprocess.py:106} INFO - 26/04/05 10:24:45 INFO StandaloneSchedulerBackend$StandaloneDriverEndpoint: Registered executor NettyRpcEndpointRef(spark-client://Executor) (172.30.0.6:36204) with ID 0,  ResourceProfileId 0
[2026-04-05T10:24:46.223+0000] {subprocess.py:106} INFO - 26/04/05 10:24:46 INFO BlockManagerMasterEndpoint: Registering block manager 172.30.0.6:46459 with 434.4 MiB RAM, BlockManagerId(0, 172.30.0.6, 46459, None)
[2026-04-05T10:24:46.777+0000] {subprocess.py:106} INFO - 26/04/05 10:24:46 INFO InMemoryFileIndex: It took 145 ms to list leaf files for 1 paths.
[2026-04-05T10:24:47.237+0000] {subprocess.py:106} INFO - 26/04/05 10:24:47 INFO MemoryStore: Block broadcast_0 stored as values in memory (estimated size 206.2 KiB, free 434.2 MiB)
[2026-04-05T10:24:47.523+0000] {subprocess.py:106} INFO - 26/04/05 10:24:47 INFO MemoryStore: Block broadcast_0_piece0 stored as bytes in memory (estimated size 36.1 KiB, free 434.2 MiB)
[2026-04-05T10:24:47.531+0000] {subprocess.py:106} INFO - 26/04/05 10:24:47 INFO BlockManagerInfo: Added broadcast_0_piece0 in memory on d0f687c55036:40409 (size: 36.1 KiB, free: 434.4 MiB)
[2026-04-05T10:24:47.548+0000] {subprocess.py:106} INFO - 26/04/05 10:24:47 INFO SparkContext: Created broadcast 0 from csv at NativeMethodAccessorImpl.java:0
[2026-04-05T10:24:48.776+0000] {subprocess.py:106} INFO - 26/04/05 10:24:48 INFO FileInputFormat: Total input files to process : 1
[2026-04-05T10:24:48.843+0000] {subprocess.py:106} INFO - 26/04/05 10:24:48 INFO FileInputFormat: Total input files to process : 1
[2026-04-05T10:24:49.385+0000] {subprocess.py:106} INFO - 26/04/05 10:24:49 INFO SparkContext: Starting job: csv at NativeMethodAccessorImpl.java:0
[2026-04-05T10:24:49.439+0000] {subprocess.py:106} INFO - 26/04/05 10:24:49 INFO DAGScheduler: Got job 0 (csv at NativeMethodAccessorImpl.java:0) with 1 output partitions
[2026-04-05T10:24:49.442+0000] {subprocess.py:106} INFO - 26/04/05 10:24:49 INFO DAGScheduler: Final stage: ResultStage 0 (csv at NativeMethodAccessorImpl.java:0)
[2026-04-05T10:24:49.453+0000] {subprocess.py:106} INFO - 26/04/05 10:24:49 INFO DAGScheduler: Parents of final stage: List()
[2026-04-05T10:24:49.455+0000] {subprocess.py:106} INFO - 26/04/05 10:24:49 INFO DAGScheduler: Missing parents: List()
[2026-04-05T10:24:49.475+0000] {subprocess.py:106} INFO - 26/04/05 10:24:49 INFO DAGScheduler: Submitting ResultStage 0 (MapPartitionsRDD[2] at csv at NativeMethodAccessorImpl.java:0), which has no missing parents
[2026-04-05T10:24:49.589+0000] {subprocess.py:106} INFO - 26/04/05 10:24:49 INFO MemoryStore: Block broadcast_1 stored as values in memory (estimated size 7.6 KiB, free 434.2 MiB)
[2026-04-05T10:24:49.641+0000] {subprocess.py:106} INFO - 26/04/05 10:24:49 INFO MemoryStore: Block broadcast_1_piece0 stored as bytes in memory (estimated size 4.4 KiB, free 434.2 MiB)
[2026-04-05T10:24:49.642+0000] {subprocess.py:106} INFO - 26/04/05 10:24:49 INFO BlockManagerInfo: Added broadcast_1_piece0 in memory on d0f687c55036:40409 (size: 4.4 KiB, free: 434.4 MiB)
[2026-04-05T10:24:49.652+0000] {subprocess.py:106} INFO - 26/04/05 10:24:49 INFO SparkContext: Created broadcast 1 from broadcast at DAGScheduler.scala:1585
[2026-04-05T10:24:50.114+0000] {subprocess.py:106} INFO - 26/04/05 10:24:50 INFO DAGScheduler: Submitting 1 missing tasks from ResultStage 0 (MapPartitionsRDD[2] at csv at NativeMethodAccessorImpl.java:0) (first 15 tasks are for partitions Vector(0))
[2026-04-05T10:24:50.635+0000] {subprocess.py:106} INFO - 26/04/05 10:24:50 INFO TaskSchedulerImpl: Adding task set 0.0 with 1 tasks resource profile 0
[2026-04-05T10:24:57.021+0000] {subprocess.py:106} INFO - 26/04/05 10:24:57 INFO TaskSetManager: Starting task 0.0 in stage 0.0 (TID 0) (172.30.0.6, executor 0, partition 0, PROCESS_LOCAL, 10108 bytes)
[2026-04-05T10:24:57.479+0000] {subprocess.py:106} INFO - 26/04/05 10:24:57 INFO BlockManagerInfo: Added broadcast_1_piece0 in memory on 172.30.0.6:46459 (size: 4.4 KiB, free: 434.4 MiB)
[2026-04-05T10:24:57.929+0000] {subprocess.py:106} INFO - 26/04/05 10:24:57 INFO BlockManagerInfo: Added broadcast_0_piece0 in memory on 172.30.0.6:46459 (size: 36.1 KiB, free: 434.4 MiB)
[2026-04-05T10:25:00.348+0000] {subprocess.py:106} INFO - 26/04/05 10:25:00 INFO TaskSetManager: Finished task 0.0 in stage 0.0 (TID 0) in 3343 ms on 172.30.0.6 (executor 0) (1/1)
[2026-04-05T10:25:00.358+0000] {subprocess.py:106} INFO - 26/04/05 10:25:00 INFO TaskSchedulerImpl: Removed TaskSet 0.0, whose tasks have all completed, from pool
[2026-04-05T10:25:00.380+0000] {subprocess.py:106} INFO - 26/04/05 10:25:00 INFO DAGScheduler: ResultStage 0 (csv at NativeMethodAccessorImpl.java:0) finished in 10.800 s
[2026-04-05T10:25:00.400+0000] {subprocess.py:106} INFO - 26/04/05 10:25:00 INFO DAGScheduler: Job 0 is finished. Cancelling potential speculative or zombie tasks for this job
[2026-04-05T10:25:00.404+0000] {subprocess.py:106} INFO - 26/04/05 10:25:00 INFO TaskSchedulerImpl: Killing all running tasks in stage 0: Stage finished
[2026-04-05T10:25:00.406+0000] {subprocess.py:106} INFO - 26/04/05 10:25:00 INFO DAGScheduler: Job 0 finished: csv at NativeMethodAccessorImpl.java:0, took 11.047390 s
[2026-04-05T10:25:00.503+0000] {subprocess.py:106} INFO - 26/04/05 10:25:00 INFO SparkContext: Starting job: csv at NativeMethodAccessorImpl.java:0
[2026-04-05T10:25:00.505+0000] {subprocess.py:106} INFO - 26/04/05 10:25:00 INFO DAGScheduler: Got job 1 (csv at NativeMethodAccessorImpl.java:0) with 1 output partitions
[2026-04-05T10:25:00.506+0000] {subprocess.py:106} INFO - 26/04/05 10:25:00 INFO DAGScheduler: Final stage: ResultStage 1 (csv at NativeMethodAccessorImpl.java:0)
[2026-04-05T10:25:00.507+0000] {subprocess.py:106} INFO - 26/04/05 10:25:00 INFO DAGScheduler: Parents of final stage: List()
[2026-04-05T10:25:00.510+0000] {subprocess.py:106} INFO - 26/04/05 10:25:00 INFO DAGScheduler: Missing parents: List()
[2026-04-05T10:25:00.511+0000] {subprocess.py:106} INFO - 26/04/05 10:25:00 INFO DAGScheduler: Submitting ResultStage 1 (MapPartitionsRDD[3] at csv at NativeMethodAccessorImpl.java:0), which has no missing parents
[2026-04-05T10:25:00.515+0000] {subprocess.py:106} INFO - 26/04/05 10:25:00 INFO MemoryStore: Block broadcast_2 stored as values in memory (estimated size 10.1 KiB, free 434.1 MiB)
[2026-04-05T10:25:00.534+0000] {subprocess.py:106} INFO - 26/04/05 10:25:00 INFO MemoryStore: Block broadcast_2_piece0 stored as bytes in memory (estimated size 5.4 KiB, free 434.1 MiB)
[2026-04-05T10:25:00.536+0000] {subprocess.py:106} INFO - 26/04/05 10:25:00 INFO BlockManagerInfo: Added broadcast_2_piece0 in memory on d0f687c55036:40409 (size: 5.4 KiB, free: 434.4 MiB)
[2026-04-05T10:25:00.538+0000] {subprocess.py:106} INFO - 26/04/05 10:25:00 INFO SparkContext: Created broadcast 2 from broadcast at DAGScheduler.scala:1585
[2026-04-05T10:25:00.546+0000] {subprocess.py:106} INFO - 26/04/05 10:25:00 INFO DAGScheduler: Submitting 1 missing tasks from ResultStage 1 (MapPartitionsRDD[3] at csv at NativeMethodAccessorImpl.java:0) (first 15 tasks are for partitions Vector(0))
[2026-04-05T10:25:00.547+0000] {subprocess.py:106} INFO - 26/04/05 10:25:00 INFO TaskSchedulerImpl: Adding task set 1.0 with 1 tasks resource profile 0
[2026-04-05T10:25:00.550+0000] {subprocess.py:106} INFO - 26/04/05 10:25:00 INFO TaskSetManager: Starting task 0.0 in stage 1.0 (TID 1) (172.30.0.6, executor 0, partition 0, PROCESS_LOCAL, 10108 bytes)
[2026-04-05T10:25:00.627+0000] {subprocess.py:106} INFO - 26/04/05 10:25:00 INFO BlockManagerInfo: Removed broadcast_1_piece0 on d0f687c55036:40409 in memory (size: 4.4 KiB, free: 434.4 MiB)
[2026-04-05T10:25:00.645+0000] {subprocess.py:106} INFO - 26/04/05 10:25:00 INFO BlockManagerInfo: Added broadcast_2_piece0 in memory on 172.30.0.6:46459 (size: 5.4 KiB, free: 434.4 MiB)
[2026-04-05T10:25:00.655+0000] {subprocess.py:106} INFO - 26/04/05 10:25:00 INFO BlockManagerInfo: Removed broadcast_1_piece0 on 172.30.0.6:46459 in memory (size: 4.4 KiB, free: 434.4 MiB)
[2026-04-05T10:25:02.654+0000] {subprocess.py:106} INFO - 26/04/05 10:25:02 INFO TaskSetManager: Finished task 0.0 in stage 1.0 (TID 1) in 2101 ms on 172.30.0.6 (executor 0) (1/1)
[2026-04-05T10:25:02.659+0000] {subprocess.py:106} INFO - 26/04/05 10:25:02 INFO TaskSchedulerImpl: Removed TaskSet 1.0, whose tasks have all completed, from pool
[2026-04-05T10:25:02.660+0000] {subprocess.py:106} INFO - 26/04/05 10:25:02 INFO DAGScheduler: ResultStage 1 (csv at NativeMethodAccessorImpl.java:0) finished in 2.140 s
[2026-04-05T10:25:02.661+0000] {subprocess.py:106} INFO - 26/04/05 10:25:02 INFO DAGScheduler: Job 1 is finished. Cancelling potential speculative or zombie tasks for this job
[2026-04-05T10:25:02.662+0000] {subprocess.py:106} INFO - 26/04/05 10:25:02 INFO TaskSchedulerImpl: Killing all running tasks in stage 1: Stage finished
[2026-04-05T10:25:02.669+0000] {subprocess.py:106} INFO - 26/04/05 10:25:02 INFO DAGScheduler: Job 1 finished: csv at NativeMethodAccessorImpl.java:0, took 2.165435 s
[2026-04-05T10:25:03.278+0000] {subprocess.py:106} INFO - 26/04/05 10:25:03 INFO BlockManagerInfo: Removed broadcast_2_piece0 on d0f687c55036:40409 in memory (size: 5.4 KiB, free: 434.4 MiB)
[2026-04-05T10:25:03.283+0000] {subprocess.py:106} INFO - 26/04/05 10:25:03 INFO BlockManagerInfo: Removed broadcast_2_piece0 on 172.30.0.6:46459 in memory (size: 5.4 KiB, free: 434.4 MiB)
[2026-04-05T10:25:03.773+0000] {subprocess.py:106} INFO - 26/04/05 10:25:03 INFO BlockManagerInfo: Removed broadcast_0_piece0 on d0f687c55036:40409 in memory (size: 36.1 KiB, free: 434.4 MiB)
[2026-04-05T10:25:03.788+0000] {subprocess.py:106} INFO - 26/04/05 10:25:03 INFO BlockManagerInfo: Removed broadcast_0_piece0 on 172.30.0.6:46459 in memory (size: 36.1 KiB, free: 434.4 MiB)
[2026-04-05T10:25:04.798+0000] {subprocess.py:106} INFO - 26/04/05 10:25:04 INFO FileSourceStrategy: Pushed Filters:
[2026-04-05T10:25:04.801+0000] {subprocess.py:106} INFO - 26/04/05 10:25:04 INFO FileSourceStrategy: Post-Scan Filters:
[2026-04-05T10:25:05.655+0000] {subprocess.py:106} INFO - 26/04/05 10:25:05 INFO CodeGenerator: Code generated in 486.965457 ms
[2026-04-05T10:25:05.668+0000] {subprocess.py:106} INFO - 26/04/05 10:25:05 INFO MemoryStore: Block broadcast_3 stored as values in memory (estimated size 205.1 KiB, free 434.2 MiB)
[2026-04-05T10:25:05.701+0000] {subprocess.py:106} INFO - 26/04/05 10:25:05 INFO MemoryStore: Block broadcast_3_piece0 stored as bytes in memory (estimated size 36.0 KiB, free 434.2 MiB)
[2026-04-05T10:25:05.702+0000] {subprocess.py:106} INFO - 26/04/05 10:25:05 INFO BlockManagerInfo: Added broadcast_3_piece0 in memory on d0f687c55036:40409 (size: 36.0 KiB, free: 434.4 MiB)
[2026-04-05T10:25:05.705+0000] {subprocess.py:106} INFO - 26/04/05 10:25:05 INFO SparkContext: Created broadcast 3 from count at NativeMethodAccessorImpl.java:0
[2026-04-05T10:25:05.742+0000] {subprocess.py:106} INFO - 26/04/05 10:25:05 INFO FileSourceScanExec: Planning scan with bin packing, max size: 4194304 bytes, open cost is considered as scanning 4194304 bytes.
[2026-04-05T10:25:05.811+0000] {subprocess.py:106} INFO - 26/04/05 10:25:05 INFO DAGScheduler: Registering RDD 7 (count at NativeMethodAccessorImpl.java:0) as input to shuffle 0
[2026-04-05T10:25:05.816+0000] {subprocess.py:106} INFO - 26/04/05 10:25:05 INFO DAGScheduler: Got map stage job 2 (count at NativeMethodAccessorImpl.java:0) with 1 output partitions
[2026-04-05T10:25:05.819+0000] {subprocess.py:106} INFO - 26/04/05 10:25:05 INFO DAGScheduler: Final stage: ShuffleMapStage 2 (count at NativeMethodAccessorImpl.java:0)
[2026-04-05T10:25:05.826+0000] {subprocess.py:106} INFO - 26/04/05 10:25:05 INFO DAGScheduler: Parents of final stage: List()
[2026-04-05T10:25:05.828+0000] {subprocess.py:106} INFO - 26/04/05 10:25:05 INFO DAGScheduler: Missing parents: List()
[2026-04-05T10:25:05.829+0000] {subprocess.py:106} INFO - 26/04/05 10:25:05 INFO DAGScheduler: Submitting ShuffleMapStage 2 (MapPartitionsRDD[7] at count at NativeMethodAccessorImpl.java:0), which has no missing parents
[2026-04-05T10:25:05.881+0000] {subprocess.py:106} INFO - 26/04/05 10:25:05 INFO MemoryStore: Block broadcast_4 stored as values in memory (estimated size 18.1 KiB, free 434.1 MiB)
[2026-04-05T10:25:05.895+0000] {subprocess.py:106} INFO - 26/04/05 10:25:05 INFO MemoryStore: Block broadcast_4_piece0 stored as bytes in memory (estimated size 8.9 KiB, free 434.1 MiB)
[2026-04-05T10:25:05.896+0000] {subprocess.py:106} INFO - 26/04/05 10:25:05 INFO BlockManagerInfo: Added broadcast_4_piece0 in memory on d0f687c55036:40409 (size: 8.9 KiB, free: 434.4 MiB)
[2026-04-05T10:25:05.899+0000] {subprocess.py:106} INFO - 26/04/05 10:25:05 INFO SparkContext: Created broadcast 4 from broadcast at DAGScheduler.scala:1585
[2026-04-05T10:25:05.907+0000] {subprocess.py:106} INFO - 26/04/05 10:25:05 INFO DAGScheduler: Submitting 1 missing tasks from ShuffleMapStage 2 (MapPartitionsRDD[7] at count at NativeMethodAccessorImpl.java:0) (first 15 tasks are for partitions Vector(0))
[2026-04-05T10:25:05.908+0000] {subprocess.py:106} INFO - 26/04/05 10:25:05 INFO TaskSchedulerImpl: Adding task set 2.0 with 1 tasks resource profile 0
[2026-04-05T10:25:05.912+0000] {subprocess.py:106} INFO - 26/04/05 10:25:05 INFO TaskSetManager: Starting task 0.0 in stage 2.0 (TID 2) (172.30.0.6, executor 0, partition 0, PROCESS_LOCAL, 10568 bytes)
[2026-04-05T10:25:05.975+0000] {subprocess.py:106} INFO - 26/04/05 10:25:05 INFO BlockManagerInfo: Added broadcast_4_piece0 in memory on 172.30.0.6:46459 (size: 8.9 KiB, free: 434.4 MiB)
[2026-04-05T10:25:06.724+0000] {subprocess.py:106} INFO - 26/04/05 10:25:06 INFO BlockManagerInfo: Added broadcast_3_piece0 in memory on 172.30.0.6:46459 (size: 36.0 KiB, free: 434.4 MiB)
[2026-04-05T10:25:07.009+0000] {subprocess.py:106} INFO - 26/04/05 10:25:07 INFO TaskSetManager: Finished task 0.0 in stage 2.0 (TID 2) in 1102 ms on 172.30.0.6 (executor 0) (1/1)
[2026-04-05T10:25:07.011+0000] {subprocess.py:106} INFO - 26/04/05 10:25:07 INFO TaskSchedulerImpl: Removed TaskSet 2.0, whose tasks have all completed, from pool
[2026-04-05T10:25:07.020+0000] {subprocess.py:106} INFO - 26/04/05 10:25:07 INFO DAGScheduler: ShuffleMapStage 2 (count at NativeMethodAccessorImpl.java:0) finished in 1.179 s
[2026-04-05T10:25:07.021+0000] {subprocess.py:106} INFO - 26/04/05 10:25:07 INFO DAGScheduler: looking for newly runnable stages
[2026-04-05T10:25:07.029+0000] {subprocess.py:106} INFO - 26/04/05 10:25:07 INFO DAGScheduler: running: Set()
[2026-04-05T10:25:07.037+0000] {subprocess.py:106} INFO - 26/04/05 10:25:07 INFO DAGScheduler: waiting: Set()
[2026-04-05T10:25:07.038+0000] {subprocess.py:106} INFO - 26/04/05 10:25:07 INFO DAGScheduler: failed: Set()
[2026-04-05T10:25:07.097+0000] {subprocess.py:106} INFO - 26/04/05 10:25:07 INFO CodeGenerator: Code generated in 25.59575 ms
[2026-04-05T10:25:07.140+0000] {subprocess.py:106} INFO - 26/04/05 10:25:07 INFO SparkContext: Starting job: count at NativeMethodAccessorImpl.java:0
[2026-04-05T10:25:07.144+0000] {subprocess.py:106} INFO - 26/04/05 10:25:07 INFO DAGScheduler: Got job 3 (count at NativeMethodAccessorImpl.java:0) with 1 output partitions
[2026-04-05T10:25:07.145+0000] {subprocess.py:106} INFO - 26/04/05 10:25:07 INFO DAGScheduler: Final stage: ResultStage 4 (count at NativeMethodAccessorImpl.java:0)
[2026-04-05T10:25:07.146+0000] {subprocess.py:106} INFO - 26/04/05 10:25:07 INFO DAGScheduler: Parents of final stage: List(ShuffleMapStage 3)
[2026-04-05T10:25:07.146+0000] {subprocess.py:106} INFO - 26/04/05 10:25:07 INFO DAGScheduler: Missing parents: List()
[2026-04-05T10:25:07.147+0000] {subprocess.py:106} INFO - 26/04/05 10:25:07 INFO DAGScheduler: Submitting ResultStage 4 (MapPartitionsRDD[10] at count at NativeMethodAccessorImpl.java:0), which has no missing parents
[2026-04-05T10:25:07.165+0000] {subprocess.py:106} INFO - 26/04/05 10:25:07 INFO MemoryStore: Block broadcast_5 stored as values in memory (estimated size 12.5 KiB, free 434.1 MiB)
[2026-04-05T10:25:07.187+0000] {subprocess.py:106} INFO - 26/04/05 10:25:07 INFO MemoryStore: Block broadcast_5_piece0 stored as bytes in memory (estimated size 5.9 KiB, free 434.1 MiB)
[2026-04-05T10:25:07.189+0000] {subprocess.py:106} INFO - 26/04/05 10:25:07 INFO BlockManagerInfo: Added broadcast_5_piece0 in memory on d0f687c55036:40409 (size: 5.9 KiB, free: 434.4 MiB)
[2026-04-05T10:25:07.190+0000] {subprocess.py:106} INFO - 26/04/05 10:25:07 INFO SparkContext: Created broadcast 5 from broadcast at DAGScheduler.scala:1585
[2026-04-05T10:25:07.191+0000] {subprocess.py:106} INFO - 26/04/05 10:25:07 INFO DAGScheduler: Submitting 1 missing tasks from ResultStage 4 (MapPartitionsRDD[10] at count at NativeMethodAccessorImpl.java:0) (first 15 tasks are for partitions Vector(0))
[2026-04-05T10:25:07.192+0000] {subprocess.py:106} INFO - 26/04/05 10:25:07 INFO TaskSchedulerImpl: Adding task set 4.0 with 1 tasks resource profile 0
[2026-04-05T10:25:07.194+0000] {subprocess.py:106} INFO - 26/04/05 10:25:07 INFO BlockManagerInfo: Removed broadcast_4_piece0 on d0f687c55036:40409 in memory (size: 8.9 KiB, free: 434.4 MiB)
[2026-04-05T10:25:07.198+0000] {subprocess.py:106} INFO - 26/04/05 10:25:07 INFO BlockManagerInfo: Removed broadcast_4_piece0 on 172.30.0.6:46459 in memory (size: 8.9 KiB, free: 434.4 MiB)
[2026-04-05T10:25:07.206+0000] {subprocess.py:106} INFO - 26/04/05 10:25:07 INFO TaskSetManager: Starting task 0.0 in stage 4.0 (TID 3) (172.30.0.6, executor 0, partition 0, NODE_LOCAL, 9976 bytes)
[2026-04-05T10:25:07.268+0000] {subprocess.py:106} INFO - 26/04/05 10:25:07 INFO BlockManagerInfo: Added broadcast_5_piece0 in memory on 172.30.0.6:46459 (size: 5.9 KiB, free: 434.4 MiB)
[2026-04-05T10:25:07.318+0000] {subprocess.py:106} INFO - 26/04/05 10:25:07 INFO MapOutputTrackerMasterEndpoint: Asked to send map output locations for shuffle 0 to 172.30.0.6:36204
[2026-04-05T10:25:07.631+0000] {subprocess.py:106} INFO - 26/04/05 10:25:07 INFO TaskSetManager: Finished task 0.0 in stage 4.0 (TID 3) in 423 ms on 172.30.0.6 (executor 0) (1/1)
[2026-04-05T10:25:07.631+0000] {subprocess.py:106} INFO - 26/04/05 10:25:07 INFO TaskSchedulerImpl: Removed TaskSet 4.0, whose tasks have all completed, from pool
[2026-04-05T10:25:07.633+0000] {subprocess.py:106} INFO - 26/04/05 10:25:07 INFO DAGScheduler: ResultStage 4 (count at NativeMethodAccessorImpl.java:0) finished in 0.464 s
[2026-04-05T10:25:07.635+0000] {subprocess.py:106} INFO - 26/04/05 10:25:07 INFO DAGScheduler: Job 3 is finished. Cancelling potential speculative or zombie tasks for this job
[2026-04-05T10:25:07.636+0000] {subprocess.py:106} INFO - 26/04/05 10:25:07 INFO TaskSchedulerImpl: Killing all running tasks in stage 4: Stage finished
[2026-04-05T10:25:07.637+0000] {subprocess.py:106} INFO - 26/04/05 10:25:07 INFO DAGScheduler: Job 3 finished: count at NativeMethodAccessorImpl.java:0, took 0.493771 s
[2026-04-05T10:25:07.665+0000] {subprocess.py:106} INFO -  Record loaded from CSV: 16183
[2026-04-05T10:25:07.671+0000] {subprocess.py:106} INFO - root
[2026-04-05T10:25:07.680+0000] {subprocess.py:106} INFO -  |-- job_title: string (nullable = true)
[2026-04-05T10:25:07.681+0000] {subprocess.py:106} INFO -  |-- company_name: string (nullable = true)
[2026-04-05T10:25:07.681+0000] {subprocess.py:106} INFO -  |-- location: string (nullable = true)
[2026-04-05T10:25:07.686+0000] {subprocess.py:106} INFO -  |-- skills_required: string (nullable = true)
[2026-04-05T10:25:07.688+0000] {subprocess.py:106} INFO -  |-- date_posted: timestamp (nullable = true)
[2026-04-05T10:25:07.691+0000] {subprocess.py:106} INFO -  |-- job_link: string (nullable = true)
[2026-04-05T10:25:07.692+0000] {subprocess.py:106} INFO -  |-- job_category: string (nullable = true)
[2026-04-05T10:25:07.692+0000] {subprocess.py:106} INFO -  |-- work_mode: string (nullable = true)
[2026-04-05T10:25:07.696+0000] {subprocess.py:106} INFO -  |-- crawl_date: timestamp (nullable = true)
[2026-04-05T10:25:07.699+0000] {subprocess.py:106} INFO -  |-- date_only: date (nullable = true)
[2026-04-05T10:25:07.702+0000] {subprocess.py:106} INFO - 
[2026-04-05T10:25:08.230+0000] {subprocess.py:106} INFO - 26/04/05 10:25:08 INFO BlockManagerInfo: Removed broadcast_5_piece0 on d0f687c55036:40409 in memory (size: 5.9 KiB, free: 434.4 MiB)
[2026-04-05T10:25:08.234+0000] {subprocess.py:106} INFO - 26/04/05 10:25:08 INFO BlockManagerInfo: Removed broadcast_5_piece0 on 172.30.0.6:46459 in memory (size: 5.9 KiB, free: 434.4 MiB)
[2026-04-05T10:25:08.375+0000] {subprocess.py:106} INFO - 26/04/05 10:25:08 INFO HiveConf: Found configuration file null
[2026-04-05T10:25:08.670+0000] {subprocess.py:106} INFO - 26/04/05 10:25:08 INFO metastore: Trying to connect to metastore with URI thrift://hive-metastore:9083
[2026-04-05T10:25:08.709+0000] {subprocess.py:106} INFO - 26/04/05 10:25:08 INFO metastore: Opened a connection to metastore, current connections: 1
[2026-04-05T10:25:07.271+0000] {subprocess.py:106} INFO - 26/04/05 10:25:07 INFO metastore: Connected to metastore.
[2026-04-05T10:25:13.427+0000] {subprocess.py:106} INFO - 26/04/05 10:25:13 INFO BaseMetastoreTableOperations: Refreshing table metadata from new version: s3a://warehouse/iceberg_data/bronze.db/it_jobs_raw/metadata/00026-8f66f8a2-aeb7-4ef0-bc55-53c388273916.metadata.json
[2026-04-05T10:25:14.106+0000] {subprocess.py:106} INFO - 26/04/05 10:25:14 INFO BaseMetastoreCatalog: Table loaded by catalog: iceberg.bronze.it_jobs_raw
[2026-04-05T10:25:14.126+0000] {subprocess.py:106} INFO - Table iceberg.bronze.it_jobs_raw exists. Checking for new records...
[2026-04-05T10:25:14.184+0000] {subprocess.py:106} INFO - 26/04/05 10:25:14 INFO BlockManagerInfo: Removed broadcast_3_piece0 on d0f687c55036:40409 in memory (size: 36.0 KiB, free: 434.4 MiB)
[2026-04-05T10:25:14.189+0000] {subprocess.py:106} INFO - 26/04/05 10:25:14 INFO BlockManagerInfo: Removed broadcast_3_piece0 on 172.30.0.6:46459 in memory (size: 36.0 KiB, free: 434.4 MiB)
[2026-04-05T10:25:14.618+0000] {subprocess.py:106} INFO - 26/04/05 10:25:14 INFO V2ScanRelationPushDown:
[2026-04-05T10:25:14.619+0000] {subprocess.py:106} INFO - Pushing operators to iceberg.bronze.it_jobs_raw
[2026-04-05T10:25:14.619+0000] {subprocess.py:106} INFO - Pushed Filters: job_link IS NOT NULL
[2026-04-05T10:25:14.620+0000] {subprocess.py:106} INFO - Post-Scan Filters: isnotnull(job_link#79)
[2026-04-05T10:25:14.622+0000] {subprocess.py:106} INFO - 
[2026-04-05T10:25:14.690+0000] {subprocess.py:106} INFO - 26/04/05 10:25:14 INFO V2ScanRelationPushDown:
[2026-04-05T10:25:14.691+0000] {subprocess.py:106} INFO - Output: job_link#79
[2026-04-05T10:25:14.691+0000] {subprocess.py:106} INFO - 
[2026-04-05T10:25:14.715+0000] {subprocess.py:106} INFO - 26/04/05 10:25:14 INFO SnapshotScan: Scanning table iceberg.bronze.it_jobs_raw snapshot 7847104756895724996 created at 2026-04-02T02:26:21.182+00:00 with filter job_link IS NOT NULL
[2026-04-05T10:25:15.036+0000] {subprocess.py:106} INFO - 26/04/05 10:25:15 INFO BaseDistributedDataScan: Planning file tasks locally for table iceberg.bronze.it_jobs_raw
[2026-04-05T10:25:15.558+0000] {subprocess.py:106} INFO - 26/04/05 10:25:15 INFO SparkPartitioningAwareScan: Reporting UnknownPartitioning with 7 partition(s) for table iceberg.bronze.it_jobs_raw
[2026-04-05T10:25:15.639+0000] {subprocess.py:106} INFO - 26/04/05 10:25:15 INFO FileSourceStrategy: Pushed Filters:
[2026-04-05T10:25:15.639+0000] {subprocess.py:106} INFO - 26/04/05 10:25:15 INFO FileSourceStrategy: Post-Scan Filters:
[2026-04-05T10:25:15.661+0000] {subprocess.py:106} INFO - 26/04/05 10:25:15 INFO MemoryStore: Block broadcast_6 stored as values in memory (estimated size 32.0 KiB, free 434.4 MiB)
[2026-04-05T10:25:15.689+0000] {subprocess.py:106} INFO - 26/04/05 10:25:15 INFO MemoryStore: Block broadcast_6_piece0 stored as bytes in memory (estimated size 30.1 KiB, free 434.3 MiB)
[2026-04-05T10:25:15.692+0000] {subprocess.py:106} INFO - 26/04/05 10:25:15 INFO BlockManagerInfo: Added broadcast_6_piece0 in memory on d0f687c55036:40409 (size: 30.1 KiB, free: 434.4 MiB)
[2026-04-05T10:25:15.693+0000] {subprocess.py:106} INFO - 26/04/05 10:25:15 INFO SparkContext: Created broadcast 6 from broadcast at SparkBatch.java:79
[2026-04-05T10:25:15.722+0000] {subprocess.py:106} INFO - 26/04/05 10:25:15 INFO MemoryStore: Block broadcast_7 stored as values in memory (estimated size 32.0 KiB, free 434.3 MiB)
[2026-04-05T10:25:15.725+0000] {subprocess.py:106} INFO - 26/04/05 10:25:15 INFO MemoryStore: Block broadcast_7_piece0 stored as bytes in memory (estimated size 30.1 KiB, free 434.3 MiB)
[2026-04-05T10:25:15.728+0000] {subprocess.py:106} INFO - 26/04/05 10:25:15 INFO BlockManagerInfo: Added broadcast_7_piece0 in memory on d0f687c55036:40409 (size: 30.1 KiB, free: 434.3 MiB)
[2026-04-05T10:25:15.729+0000] {subprocess.py:106} INFO - 26/04/05 10:25:15 INFO SparkContext: Created broadcast 7 from broadcast at SparkBatch.java:79
[2026-04-05T10:25:15.852+0000] {subprocess.py:106} INFO - 26/04/05 10:25:15 INFO CodeGenerator: Code generated in 34.281097 ms
[2026-04-05T10:25:15.900+0000] {subprocess.py:106} INFO - 26/04/05 10:25:15 INFO SparkContext: Starting job: $anonfun$withThreadLocalCaptured$1 at FutureTask.java:264
[2026-04-05T10:25:15.907+0000] {subprocess.py:106} INFO - 26/04/05 10:25:15 INFO DAGScheduler: Got job 4 ($anonfun$withThreadLocalCaptured$1 at FutureTask.java:264) with 7 output partitions
[2026-04-05T10:25:15.908+0000] {subprocess.py:106} INFO - 26/04/05 10:25:15 INFO DAGScheduler: Final stage: ResultStage 5 ($anonfun$withThreadLocalCaptured$1 at FutureTask.java:264)
[2026-04-05T10:25:15.908+0000] {subprocess.py:106} INFO - 26/04/05 10:25:15 INFO DAGScheduler: Parents of final stage: List()
[2026-04-05T10:25:15.909+0000] {subprocess.py:106} INFO - 26/04/05 10:25:15 INFO DAGScheduler: Missing parents: List()
[2026-04-05T10:25:15.910+0000] {subprocess.py:106} INFO - 26/04/05 10:25:15 INFO DAGScheduler: Submitting ResultStage 5 (MapPartitionsRDD[14] at $anonfun$withThreadLocalCaptured$1 at FutureTask.java:264), which has no missing parents
[2026-04-05T10:25:15.910+0000] {subprocess.py:106} INFO - 26/04/05 10:25:15 INFO MemoryStore: Block broadcast_8 stored as values in memory (estimated size 13.8 KiB, free 434.3 MiB)
[2026-04-05T10:25:15.935+0000] {subprocess.py:106} INFO - 26/04/05 10:25:15 INFO MemoryStore: Block broadcast_8_piece0 stored as bytes in memory (estimated size 5.5 KiB, free 434.3 MiB)
[2026-04-05T10:25:15.944+0000] {subprocess.py:106} INFO - 26/04/05 10:25:15 INFO BlockManagerInfo: Added broadcast_8_piece0 in memory on d0f687c55036:40409 (size: 5.5 KiB, free: 434.3 MiB)
[2026-04-05T10:25:15.945+0000] {subprocess.py:106} INFO - 26/04/05 10:25:15 INFO SparkContext: Created broadcast 8 from broadcast at DAGScheduler.scala:1585
[2026-04-05T10:25:15.948+0000] {subprocess.py:106} INFO - 26/04/05 10:25:15 INFO DAGScheduler: Submitting 7 missing tasks from ResultStage 5 (MapPartitionsRDD[14] at $anonfun$withThreadLocalCaptured$1 at FutureTask.java:264) (first 15 tasks are for partitions Vector(0, 1, 2, 3, 4, 5, 6))
[2026-04-05T10:25:15.950+0000] {subprocess.py:106} INFO - 26/04/05 10:25:15 INFO TaskSchedulerImpl: Adding task set 5.0 with 7 tasks resource profile 0
[2026-04-05T10:25:15.975+0000] {subprocess.py:106} INFO - 26/04/05 10:25:15 INFO TaskSetManager: Starting task 0.0 in stage 5.0 (TID 4) (172.30.0.6, executor 0, partition 0, PROCESS_LOCAL, 16347 bytes)
[2026-04-05T10:25:15.981+0000] {subprocess.py:106} INFO - 26/04/05 10:25:15 INFO TaskSetManager: Starting task 1.0 in stage 5.0 (TID 5) (172.30.0.6, executor 0, partition 1, PROCESS_LOCAL, 16346 bytes)
[2026-04-05T10:25:15.985+0000] {subprocess.py:106} INFO - 26/04/05 10:25:15 INFO TaskSetManager: Starting task 2.0 in stage 5.0 (TID 6) (172.30.0.6, executor 0, partition 2, PROCESS_LOCAL, 16345 bytes)
[2026-04-05T10:25:15.989+0000] {subprocess.py:106} INFO - 26/04/05 10:25:15 INFO TaskSetManager: Starting task 3.0 in stage 5.0 (TID 7) (172.30.0.6, executor 0, partition 3, PROCESS_LOCAL, 16346 bytes)
[2026-04-05T10:25:16.015+0000] {subprocess.py:106} INFO - 26/04/05 10:25:16 INFO TaskSetManager: Starting task 4.0 in stage 5.0 (TID 8) (172.30.0.6, executor 0, partition 4, PROCESS_LOCAL, 16347 bytes)
[2026-04-05T10:25:16.016+0000] {subprocess.py:106} INFO - 26/04/05 10:25:16 INFO TaskSetManager: Starting task 5.0 in stage 5.0 (TID 9) (172.30.0.6, executor 0, partition 5, PROCESS_LOCAL, 16347 bytes)
[2026-04-05T10:25:16.017+0000] {subprocess.py:106} INFO - 26/04/05 10:25:16 INFO TaskSetManager: Starting task 6.0 in stage 5.0 (TID 10) (172.30.0.6, executor 0, partition 6, PROCESS_LOCAL, 15886 bytes)
[2026-04-05T10:25:16.713+0000] {subprocess.py:106} INFO - 26/04/05 10:25:16 INFO BlockManagerInfo: Added broadcast_8_piece0 in memory on 172.30.0.6:46459 (size: 5.5 KiB, free: 434.4 MiB)
[2026-04-05T10:25:16.812+0000] {subprocess.py:106} INFO - 26/04/05 10:25:16 INFO BlockManagerInfo: Added broadcast_7_piece0 in memory on 172.30.0.6:46459 (size: 30.1 KiB, free: 434.4 MiB)
[2026-04-05T10:25:19.114+0000] {subprocess.py:106} INFO - 26/04/05 10:25:19 INFO TaskSetManager: Finished task 6.0 in stage 5.0 (TID 10) in 3092 ms on 172.30.0.6 (executor 0) (1/7)
[2026-04-05T10:25:19.230+0000] {subprocess.py:106} INFO - 26/04/05 10:25:19 INFO TaskSetManager: Finished task 4.0 in stage 5.0 (TID 8) in 3237 ms on 172.30.0.6 (executor 0) (2/7)
[2026-04-05T10:25:19.276+0000] {subprocess.py:106} INFO - 26/04/05 10:25:19 INFO TaskSetManager: Finished task 0.0 in stage 5.0 (TID 4) in 3322 ms on 172.30.0.6 (executor 0) (3/7)
[2026-04-05T10:25:19.281+0000] {subprocess.py:106} INFO - 26/04/05 10:25:19 INFO TaskSetManager: Finished task 3.0 in stage 5.0 (TID 7) in 3295 ms on 172.30.0.6 (executor 0) (4/7)
[2026-04-05T10:25:19.313+0000] {subprocess.py:106} INFO - 26/04/05 10:25:19 INFO TaskSetManager: Finished task 1.0 in stage 5.0 (TID 5) in 3336 ms on 172.30.0.6 (executor 0) (5/7)
[2026-04-05T10:25:19.318+0000] {subprocess.py:106} INFO - 26/04/05 10:25:19 INFO TaskSetManager: Finished task 5.0 in stage 5.0 (TID 9) in 3303 ms on 172.30.0.6 (executor 0) (6/7)
[2026-04-05T10:25:19.353+0000] {subprocess.py:106} INFO - 26/04/05 10:25:19 INFO TaskSetManager: Finished task 2.0 in stage 5.0 (TID 6) in 3370 ms on 172.30.0.6 (executor 0) (7/7)
[2026-04-05T10:25:19.354+0000] {subprocess.py:106} INFO - 26/04/05 10:25:19 INFO TaskSchedulerImpl: Removed TaskSet 5.0, whose tasks have all completed, from pool
[2026-04-05T10:25:19.354+0000] {subprocess.py:106} INFO - 26/04/05 10:25:19 INFO DAGScheduler: ResultStage 5 ($anonfun$withThreadLocalCaptured$1 at FutureTask.java:264) finished in 3.447 s
[2026-04-05T10:25:19.356+0000] {subprocess.py:106} INFO - 26/04/05 10:25:19 INFO DAGScheduler: Job 4 is finished. Cancelling potential speculative or zombie tasks for this job
[2026-04-05T10:25:19.357+0000] {subprocess.py:106} INFO - 26/04/05 10:25:19 INFO TaskSchedulerImpl: Killing all running tasks in stage 5: Stage finished
[2026-04-05T10:25:19.362+0000] {subprocess.py:106} INFO - 26/04/05 10:25:19 INFO DAGScheduler: Job 4 finished: $anonfun$withThreadLocalCaptured$1 at FutureTask.java:264, took 3.459304 s
[2026-04-05T10:25:19.414+0000] {subprocess.py:106} INFO - 26/04/05 10:25:19 INFO BlockManagerInfo: Removed broadcast_8_piece0 on d0f687c55036:40409 in memory (size: 5.5 KiB, free: 434.3 MiB)
[2026-04-05T10:25:19.436+0000] {subprocess.py:106} INFO - 26/04/05 10:25:19 INFO BlockManagerInfo: Removed broadcast_8_piece0 on 172.30.0.6:46459 in memory (size: 5.5 KiB, free: 434.4 MiB)
[2026-04-05T10:25:19.472+0000] {subprocess.py:106} INFO - 26/04/05 10:25:19 INFO CodeGenerator: Code generated in 43.587253 ms
[2026-04-05T10:25:19.669+0000] {subprocess.py:106} INFO - 26/04/05 10:25:19 INFO MemoryStore: Block broadcast_9_piece0 stored as bytes in memory (estimated size 902.8 KiB, free 433.4 MiB)
[2026-04-05T10:25:19.674+0000] {subprocess.py:106} INFO - 26/04/05 10:25:19 INFO BlockManagerInfo: Added broadcast_9_piece0 in memory on d0f687c55036:40409 (size: 902.8 KiB, free: 433.5 MiB)
[2026-04-05T10:25:19.676+0000] {subprocess.py:106} INFO - 26/04/05 10:25:19 INFO SparkContext: Created broadcast 9 from $anonfun$withThreadLocalCaptured$1 at FutureTask.java:264
[2026-04-05T10:25:19.700+0000] {subprocess.py:106} INFO - 26/04/05 10:25:19 INFO FileSourceStrategy: Pushed Filters:
[2026-04-05T10:25:19.701+0000] {subprocess.py:106} INFO - 26/04/05 10:25:19 INFO FileSourceStrategy: Post-Scan Filters:
[2026-04-05T10:25:19.781+0000] {subprocess.py:106} INFO - 26/04/05 10:25:19 INFO CodeGenerator: Code generated in 26.810936 ms
[2026-04-05T10:25:19.790+0000] {subprocess.py:106} INFO - 26/04/05 10:25:19 INFO MemoryStore: Block broadcast_10 stored as values in memory (estimated size 205.1 KiB, free 433.2 MiB)
[2026-04-05T10:25:19.824+0000] {subprocess.py:106} INFO - 26/04/05 10:25:19 INFO MemoryStore: Block broadcast_10_piece0 stored as bytes in memory (estimated size 36.0 KiB, free 433.2 MiB)
[2026-04-05T10:25:19.827+0000] {subprocess.py:106} INFO - 26/04/05 10:25:19 INFO BlockManagerInfo: Added broadcast_10_piece0 in memory on d0f687c55036:40409 (size: 36.0 KiB, free: 433.4 MiB)
[2026-04-05T10:25:19.828+0000] {subprocess.py:106} INFO - 26/04/05 10:25:19 INFO SparkContext: Created broadcast 10 from count at NativeMethodAccessorImpl.java:0
[2026-04-05T10:25:19.834+0000] {subprocess.py:106} INFO - 26/04/05 10:25:19 INFO FileSourceScanExec: Planning scan with bin packing, max size: 4194304 bytes, open cost is considered as scanning 4194304 bytes.
[2026-04-05T10:25:19.844+0000] {subprocess.py:106} INFO - 26/04/05 10:25:19 INFO DAGScheduler: Registering RDD 18 (count at NativeMethodAccessorImpl.java:0) as input to shuffle 1
[2026-04-05T10:25:19.846+0000] {subprocess.py:106} INFO - 26/04/05 10:25:19 INFO DAGScheduler: Got map stage job 5 (count at NativeMethodAccessorImpl.java:0) with 1 output partitions
[2026-04-05T10:25:19.848+0000] {subprocess.py:106} INFO - 26/04/05 10:25:19 INFO DAGScheduler: Final stage: ShuffleMapStage 6 (count at NativeMethodAccessorImpl.java:0)
[2026-04-05T10:25:19.849+0000] {subprocess.py:106} INFO - 26/04/05 10:25:19 INFO DAGScheduler: Parents of final stage: List()
[2026-04-05T10:25:19.854+0000] {subprocess.py:106} INFO - 26/04/05 10:25:19 INFO DAGScheduler: Missing parents: List()
[2026-04-05T10:25:19.855+0000] {subprocess.py:106} INFO - 26/04/05 10:25:19 INFO DAGScheduler: Submitting ShuffleMapStage 6 (MapPartitionsRDD[18] at count at NativeMethodAccessorImpl.java:0), which has no missing parents
[2026-04-05T10:25:19.858+0000] {subprocess.py:106} INFO - 26/04/05 10:25:19 INFO MemoryStore: Block broadcast_11 stored as values in memory (estimated size 20.2 KiB, free 433.1 MiB)
[2026-04-05T10:25:19.865+0000] {subprocess.py:106} INFO - 26/04/05 10:25:19 INFO MemoryStore: Block broadcast_11_piece0 stored as bytes in memory (estimated size 9.8 KiB, free 433.1 MiB)
[2026-04-05T10:25:19.867+0000] {subprocess.py:106} INFO - 26/04/05 10:25:19 INFO BlockManagerInfo: Added broadcast_11_piece0 in memory on d0f687c55036:40409 (size: 9.8 KiB, free: 433.4 MiB)
[2026-04-05T10:25:19.870+0000] {subprocess.py:106} INFO - 26/04/05 10:25:19 INFO SparkContext: Created broadcast 11 from broadcast at DAGScheduler.scala:1585
[2026-04-05T10:25:19.871+0000] {subprocess.py:106} INFO - 26/04/05 10:25:19 INFO DAGScheduler: Submitting 1 missing tasks from ShuffleMapStage 6 (MapPartitionsRDD[18] at count at NativeMethodAccessorImpl.java:0) (first 15 tasks are for partitions Vector(0))
[2026-04-05T10:25:19.872+0000] {subprocess.py:106} INFO - 26/04/05 10:25:19 INFO TaskSchedulerImpl: Adding task set 6.0 with 1 tasks resource profile 0
[2026-04-05T10:25:19.873+0000] {subprocess.py:106} INFO - 26/04/05 10:25:19 INFO TaskSetManager: Starting task 0.0 in stage 6.0 (TID 11) (172.30.0.6, executor 0, partition 0, PROCESS_LOCAL, 10568 bytes)
[2026-04-05T10:25:19.928+0000] {subprocess.py:106} INFO - 26/04/05 10:25:19 INFO BlockManagerInfo: Added broadcast_11_piece0 in memory on 172.30.0.6:46459 (size: 9.8 KiB, free: 434.4 MiB)
[2026-04-05T10:25:20.026+0000] {subprocess.py:106} INFO - 26/04/05 10:25:20 INFO BlockManagerInfo: Added broadcast_9_piece0 in memory on 172.30.0.6:46459 (size: 902.8 KiB, free: 433.5 MiB)
[2026-04-05T10:25:20.222+0000] {subprocess.py:106} INFO - 26/04/05 10:25:20 INFO BlockManagerInfo: Added broadcast_10_piece0 in memory on 172.30.0.6:46459 (size: 36.0 KiB, free: 433.4 MiB)
[2026-04-05T10:25:20.604+0000] {subprocess.py:106} INFO - 26/04/05 10:25:20 INFO TaskSetManager: Finished task 0.0 in stage 6.0 (TID 11) in 725 ms on 172.30.0.6 (executor 0) (1/1)
[2026-04-05T10:25:20.605+0000] {subprocess.py:106} INFO - 26/04/05 10:25:20 INFO TaskSchedulerImpl: Removed TaskSet 6.0, whose tasks have all completed, from pool
[2026-04-05T10:25:20.610+0000] {subprocess.py:106} INFO - 26/04/05 10:25:20 INFO DAGScheduler: ShuffleMapStage 6 (count at NativeMethodAccessorImpl.java:0) finished in 0.744 s
[2026-04-05T10:25:20.613+0000] {subprocess.py:106} INFO - 26/04/05 10:25:20 INFO DAGScheduler: looking for newly runnable stages
[2026-04-05T10:25:20.616+0000] {subprocess.py:106} INFO - 26/04/05 10:25:20 INFO DAGScheduler: running: Set()
[2026-04-05T10:25:20.617+0000] {subprocess.py:106} INFO - 26/04/05 10:25:20 INFO DAGScheduler: waiting: Set()
[2026-04-05T10:25:20.618+0000] {subprocess.py:106} INFO - 26/04/05 10:25:20 INFO DAGScheduler: failed: Set()
[2026-04-05T10:25:20.660+0000] {subprocess.py:106} INFO - 26/04/05 10:25:20 INFO CodeGenerator: Code generated in 17.400446 ms
[2026-04-05T10:25:20.673+0000] {subprocess.py:106} INFO - 26/04/05 10:25:20 INFO SparkContext: Starting job: count at NativeMethodAccessorImpl.java:0
[2026-04-05T10:25:20.674+0000] {subprocess.py:106} INFO - 26/04/05 10:25:20 INFO DAGScheduler: Got job 6 (count at NativeMethodAccessorImpl.java:0) with 1 output partitions
[2026-04-05T10:25:20.675+0000] {subprocess.py:106} INFO - 26/04/05 10:25:20 INFO DAGScheduler: Final stage: ResultStage 8 (count at NativeMethodAccessorImpl.java:0)
[2026-04-05T10:25:20.676+0000] {subprocess.py:106} INFO - 26/04/05 10:25:20 INFO DAGScheduler: Parents of final stage: List(ShuffleMapStage 7)
[2026-04-05T10:25:20.678+0000] {subprocess.py:106} INFO - 26/04/05 10:25:20 INFO DAGScheduler: Missing parents: List()
[2026-04-05T10:25:20.678+0000] {subprocess.py:106} INFO - 26/04/05 10:25:20 INFO DAGScheduler: Submitting ResultStage 8 (MapPartitionsRDD[21] at count at NativeMethodAccessorImpl.java:0), which has no missing parents
[2026-04-05T10:25:20.681+0000] {subprocess.py:106} INFO - 26/04/05 10:25:20 INFO MemoryStore: Block broadcast_12 stored as values in memory (estimated size 12.5 KiB, free 433.1 MiB)
[2026-04-05T10:25:20.718+0000] {subprocess.py:106} INFO - 26/04/05 10:25:20 INFO MemoryStore: Block broadcast_12_piece0 stored as bytes in memory (estimated size 5.9 KiB, free 433.1 MiB)
[2026-04-05T10:25:20.720+0000] {subprocess.py:106} INFO - 26/04/05 10:25:20 INFO BlockManagerInfo: Added broadcast_12_piece0 in memory on d0f687c55036:40409 (size: 5.9 KiB, free: 433.4 MiB)
[2026-04-05T10:25:20.722+0000] {subprocess.py:106} INFO - 26/04/05 10:25:20 INFO BlockManagerInfo: Removed broadcast_11_piece0 on d0f687c55036:40409 in memory (size: 9.8 KiB, free: 433.4 MiB)
[2026-04-05T10:25:20.724+0000] {subprocess.py:106} INFO - 26/04/05 10:25:20 INFO SparkContext: Created broadcast 12 from broadcast at DAGScheduler.scala:1585
[2026-04-05T10:25:20.725+0000] {subprocess.py:106} INFO - 26/04/05 10:25:20 INFO DAGScheduler: Submitting 1 missing tasks from ResultStage 8 (MapPartitionsRDD[21] at count at NativeMethodAccessorImpl.java:0) (first 15 tasks are for partitions Vector(0))
[2026-04-05T10:25:20.726+0000] {subprocess.py:106} INFO - 26/04/05 10:25:20 INFO TaskSchedulerImpl: Adding task set 8.0 with 1 tasks resource profile 0
[2026-04-05T10:25:20.727+0000] {subprocess.py:106} INFO - 26/04/05 10:25:20 INFO BlockManagerInfo: Removed broadcast_11_piece0 on 172.30.0.6:46459 in memory (size: 9.8 KiB, free: 433.5 MiB)
[2026-04-05T10:25:20.728+0000] {subprocess.py:106} INFO - 26/04/05 10:25:20 INFO TaskSetManager: Starting task 0.0 in stage 8.0 (TID 12) (172.30.0.6, executor 0, partition 0, NODE_LOCAL, 9976 bytes)
[2026-04-05T10:25:20.770+0000] {subprocess.py:106} INFO - 26/04/05 10:25:20 INFO BlockManagerInfo: Added broadcast_12_piece0 in memory on 172.30.0.6:46459 (size: 5.9 KiB, free: 433.4 MiB)
[2026-04-05T10:25:20.795+0000] {subprocess.py:106} INFO - 26/04/05 10:25:20 INFO MapOutputTrackerMasterEndpoint: Asked to send map output locations for shuffle 1 to 172.30.0.6:36204
[2026-04-05T10:25:20.858+0000] {subprocess.py:106} INFO - 26/04/05 10:25:20 INFO TaskSetManager: Finished task 0.0 in stage 8.0 (TID 12) in 129 ms on 172.30.0.6 (executor 0) (1/1)
[2026-04-05T10:25:20.860+0000] {subprocess.py:106} INFO - 26/04/05 10:25:20 INFO TaskSchedulerImpl: Removed TaskSet 8.0, whose tasks have all completed, from pool
[2026-04-05T10:25:20.862+0000] {subprocess.py:106} INFO - 26/04/05 10:25:20 INFO DAGScheduler: ResultStage 8 (count at NativeMethodAccessorImpl.java:0) finished in 0.179 s
[2026-04-05T10:25:20.863+0000] {subprocess.py:106} INFO - 26/04/05 10:25:20 INFO DAGScheduler: Job 6 is finished. Cancelling potential speculative or zombie tasks for this job
[2026-04-05T10:25:20.864+0000] {subprocess.py:106} INFO - 26/04/05 10:25:20 INFO TaskSchedulerImpl: Killing all running tasks in stage 8: Stage finished
[2026-04-05T10:25:20.865+0000] {subprocess.py:106} INFO - 26/04/05 10:25:20 INFO DAGScheduler: Job 6 finished: count at NativeMethodAccessorImpl.java:0, took 0.187125 s
[2026-04-05T10:25:20.869+0000] {subprocess.py:106} INFO -  New records to append: 947
[2026-04-05T10:25:20.975+0000] {subprocess.py:106} INFO - 26/04/05 10:25:20 INFO V2ScanRelationPushDown:
[2026-04-05T10:25:20.976+0000] {subprocess.py:106} INFO - Pushing operators to iceberg.bronze.it_jobs_raw
[2026-04-05T10:25:20.977+0000] {subprocess.py:106} INFO - Pushed Filters: job_link IS NOT NULL
[2026-04-05T10:25:20.978+0000] {subprocess.py:106} INFO - Post-Scan Filters: isnotnull(job_link#79)
[2026-04-05T10:25:20.978+0000] {subprocess.py:106} INFO - 
[2026-04-05T10:25:20.979+0000] {subprocess.py:106} INFO - 26/04/05 10:25:20 INFO V2ScanRelationPushDown:
[2026-04-05T10:25:20.979+0000] {subprocess.py:106} INFO - Output: job_link#79
[2026-04-05T10:25:20.980+0000] {subprocess.py:106} INFO - 
[2026-04-05T10:25:20.981+0000] {subprocess.py:106} INFO - 26/04/05 10:25:20 INFO SnapshotScan: Scanning table iceberg.bronze.it_jobs_raw snapshot 7847104756895724996 created at 2026-04-02T02:26:21.182+00:00 with filter job_link IS NOT NULL
[2026-04-05T10:25:20.981+0000] {subprocess.py:106} INFO - 26/04/05 10:25:20 INFO BaseDistributedDataScan: Planning file tasks locally for table iceberg.bronze.it_jobs_raw
[2026-04-05T10:25:21.146+0000] {subprocess.py:106} INFO - 26/04/05 10:25:21 INFO BlockManagerInfo: Removed broadcast_12_piece0 on d0f687c55036:40409 in memory (size: 5.9 KiB, free: 433.4 MiB)
[2026-04-05T10:25:21.149+0000] {subprocess.py:106} INFO - 26/04/05 10:25:21 INFO BlockManagerInfo: Removed broadcast_12_piece0 on 172.30.0.6:46459 in memory (size: 5.9 KiB, free: 433.5 MiB)
[2026-04-05T10:25:21.175+0000] {subprocess.py:106} INFO - 26/04/05 10:25:21 INFO SparkPartitioningAwareScan: Reporting UnknownPartitioning with 7 partition(s) for table iceberg.bronze.it_jobs_raw
[2026-04-05T10:25:21.220+0000] {subprocess.py:106} INFO - 26/04/05 10:25:21 INFO SparkWrite: Requesting 0 bytes advisory partition size for table iceberg.bronze.it_jobs_raw
[2026-04-05T10:25:21.221+0000] {subprocess.py:106} INFO - 26/04/05 10:25:21 INFO SparkWrite: Requesting UnspecifiedDistribution as write distribution for table iceberg.bronze.it_jobs_raw
[2026-04-05T10:25:21.221+0000] {subprocess.py:106} INFO - 26/04/05 10:25:21 INFO SparkWrite: Requesting [] as write ordering for table iceberg.bronze.it_jobs_raw
[2026-04-05T10:25:21.245+0000] {subprocess.py:106} INFO - 26/04/05 10:25:21 INFO FileSourceStrategy: Pushed Filters:
[2026-04-05T10:25:21.246+0000] {subprocess.py:106} INFO - 26/04/05 10:25:21 INFO FileSourceStrategy: Post-Scan Filters:
[2026-04-05T10:25:21.249+0000] {subprocess.py:106} INFO - 26/04/05 10:25:21 INFO MemoryStore: Block broadcast_13 stored as values in memory (estimated size 32.0 KiB, free 433.1 MiB)
[2026-04-05T10:25:21.260+0000] {subprocess.py:106} INFO - 26/04/05 10:25:21 INFO MemoryStore: Block broadcast_13_piece0 stored as bytes in memory (estimated size 30.1 KiB, free 433.1 MiB)
[2026-04-05T10:25:21.265+0000] {subprocess.py:106} INFO - 26/04/05 10:25:21 INFO BlockManagerInfo: Added broadcast_13_piece0 in memory on d0f687c55036:40409 (size: 30.1 KiB, free: 433.4 MiB)
[2026-04-05T10:25:21.267+0000] {subprocess.py:106} INFO - 26/04/05 10:25:21 INFO SparkContext: Created broadcast 13 from broadcast at SparkBatch.java:79
[2026-04-05T10:25:21.274+0000] {subprocess.py:106} INFO - 26/04/05 10:25:21 INFO MemoryStore: Block broadcast_14 stored as values in memory (estimated size 32.0 KiB, free 433.1 MiB)
[2026-04-05T10:25:21.281+0000] {subprocess.py:106} INFO - 26/04/05 10:25:21 INFO MemoryStore: Block broadcast_14_piece0 stored as bytes in memory (estimated size 30.1 KiB, free 433.0 MiB)
[2026-04-05T10:25:21.282+0000] {subprocess.py:106} INFO - 26/04/05 10:25:21 INFO BlockManagerInfo: Added broadcast_14_piece0 in memory on d0f687c55036:40409 (size: 30.1 KiB, free: 433.4 MiB)
[2026-04-05T10:25:21.283+0000] {subprocess.py:106} INFO - 26/04/05 10:25:21 INFO SparkContext: Created broadcast 14 from broadcast at SparkBatch.java:79
[2026-04-05T10:25:21.356+0000] {subprocess.py:106} INFO - 26/04/05 10:25:21 INFO SparkContext: Starting job: $anonfun$withThreadLocalCaptured$1 at FutureTask.java:264
[2026-04-05T10:25:21.358+0000] {subprocess.py:106} INFO - 26/04/05 10:25:21 INFO DAGScheduler: Got job 7 ($anonfun$withThreadLocalCaptured$1 at FutureTask.java:264) with 7 output partitions
[2026-04-05T10:25:21.359+0000] {subprocess.py:106} INFO - 26/04/05 10:25:21 INFO DAGScheduler: Final stage: ResultStage 9 ($anonfun$withThreadLocalCaptured$1 at FutureTask.java:264)
[2026-04-05T10:25:21.360+0000] {subprocess.py:106} INFO - 26/04/05 10:25:21 INFO DAGScheduler: Parents of final stage: List()
[2026-04-05T10:25:21.361+0000] {subprocess.py:106} INFO - 26/04/05 10:25:21 INFO DAGScheduler: Missing parents: List()
[2026-04-05T10:25:21.361+0000] {subprocess.py:106} INFO - 26/04/05 10:25:21 INFO DAGScheduler: Submitting ResultStage 9 (MapPartitionsRDD[25] at $anonfun$withThreadLocalCaptured$1 at FutureTask.java:264), which has no missing parents
[2026-04-05T10:25:21.363+0000] {subprocess.py:106} INFO - 26/04/05 10:25:21 INFO MemoryStore: Block broadcast_15 stored as values in memory (estimated size 13.7 KiB, free 433.0 MiB)
[2026-04-05T10:25:21.375+0000] {subprocess.py:106} INFO - 26/04/05 10:25:21 INFO MemoryStore: Block broadcast_15_piece0 stored as bytes in memory (estimated size 5.5 KiB, free 433.0 MiB)
[2026-04-05T10:25:21.376+0000] {subprocess.py:106} INFO - 26/04/05 10:25:21 INFO BlockManagerInfo: Added broadcast_15_piece0 in memory on d0f687c55036:40409 (size: 5.5 KiB, free: 433.4 MiB)
[2026-04-05T10:25:21.377+0000] {subprocess.py:106} INFO - 26/04/05 10:25:21 INFO SparkContext: Created broadcast 15 from broadcast at DAGScheduler.scala:1585
[2026-04-05T10:25:21.377+0000] {subprocess.py:106} INFO - 26/04/05 10:25:21 INFO DAGScheduler: Submitting 7 missing tasks from ResultStage 9 (MapPartitionsRDD[25] at $anonfun$withThreadLocalCaptured$1 at FutureTask.java:264) (first 15 tasks are for partitions Vector(0, 1, 2, 3, 4, 5, 6))
[2026-04-05T10:25:21.378+0000] {subprocess.py:106} INFO - 26/04/05 10:25:21 INFO TaskSchedulerImpl: Adding task set 9.0 with 7 tasks resource profile 0
[2026-04-05T10:25:21.379+0000] {subprocess.py:106} INFO - 26/04/05 10:25:21 INFO TaskSetManager: Starting task 0.0 in stage 9.0 (TID 13) (172.30.0.6, executor 0, partition 0, PROCESS_LOCAL, 16346 bytes)
[2026-04-05T10:25:21.383+0000] {subprocess.py:106} INFO - 26/04/05 10:25:21 INFO TaskSetManager: Starting task 1.0 in stage 9.0 (TID 14) (172.30.0.6, executor 0, partition 1, PROCESS_LOCAL, 16347 bytes)
[2026-04-05T10:25:21.388+0000] {subprocess.py:106} INFO - 26/04/05 10:25:21 INFO TaskSetManager: Starting task 2.0 in stage 9.0 (TID 15) (172.30.0.6, executor 0, partition 2, PROCESS_LOCAL, 16346 bytes)
[2026-04-05T10:25:21.392+0000] {subprocess.py:106} INFO - 26/04/05 10:25:21 INFO TaskSetManager: Starting task 3.0 in stage 9.0 (TID 16) (172.30.0.6, executor 0, partition 3, PROCESS_LOCAL, 16345 bytes)
[2026-04-05T10:25:21.396+0000] {subprocess.py:106} INFO - 26/04/05 10:25:21 INFO TaskSetManager: Starting task 4.0 in stage 9.0 (TID 17) (172.30.0.6, executor 0, partition 4, PROCESS_LOCAL, 16347 bytes)
[2026-04-05T10:25:21.408+0000] {subprocess.py:106} INFO - 26/04/05 10:25:21 INFO TaskSetManager: Starting task 5.0 in stage 9.0 (TID 18) (172.30.0.6, executor 0, partition 5, PROCESS_LOCAL, 16347 bytes)
[2026-04-05T10:25:21.411+0000] {subprocess.py:106} INFO - 26/04/05 10:25:21 INFO TaskSetManager: Starting task 6.0 in stage 9.0 (TID 19) (172.30.0.6, executor 0, partition 6, PROCESS_LOCAL, 15886 bytes)
[2026-04-05T10:25:21.432+0000] {subprocess.py:106} INFO - 26/04/05 10:25:21 INFO BlockManagerInfo: Added broadcast_15_piece0 in memory on 172.30.0.6:46459 (size: 5.5 KiB, free: 433.4 MiB)
[2026-04-05T10:25:21.485+0000] {subprocess.py:106} INFO - 26/04/05 10:25:21 INFO BlockManagerInfo: Added broadcast_14_piece0 in memory on 172.30.0.6:46459 (size: 30.1 KiB, free: 433.4 MiB)
[2026-04-05T10:25:22.001+0000] {subprocess.py:106} INFO - 26/04/05 10:25:21 INFO TaskSetManager: Finished task 6.0 in stage 9.0 (TID 19) in 603 ms on 172.30.0.6 (executor 0) (1/7)
[2026-04-05T10:25:22.114+0000] {subprocess.py:106} INFO - 26/04/05 10:25:22 INFO TaskSetManager: Finished task 2.0 in stage 9.0 (TID 15) in 728 ms on 172.30.0.6 (executor 0) (2/7)
[2026-04-05T10:25:22.152+0000] {subprocess.py:106} INFO - 26/04/05 10:25:22 INFO TaskSetManager: Finished task 4.0 in stage 9.0 (TID 17) in 754 ms on 172.30.0.6 (executor 0) (3/7)
[2026-04-05T10:25:22.153+0000] {subprocess.py:106} INFO - 26/04/05 10:25:22 INFO TaskSetManager: Finished task 0.0 in stage 9.0 (TID 13) in 774 ms on 172.30.0.6 (executor 0) (4/7)
[2026-04-05T10:25:22.173+0000] {subprocess.py:106} INFO - 26/04/05 10:25:22 INFO TaskSetManager: Finished task 1.0 in stage 9.0 (TID 14) in 787 ms on 172.30.0.6 (executor 0) (5/7)
[2026-04-05T10:25:22.229+0000] {subprocess.py:106} INFO - 26/04/05 10:25:22 INFO TaskSetManager: Finished task 5.0 in stage 9.0 (TID 18) in 824 ms on 172.30.0.6 (executor 0) (6/7)
[2026-04-05T10:25:22.276+0000] {subprocess.py:106} INFO - 26/04/05 10:25:22 INFO TaskSetManager: Finished task 3.0 in stage 9.0 (TID 16) in 885 ms on 172.30.0.6 (executor 0) (7/7)
[2026-04-05T10:25:22.277+0000] {subprocess.py:106} INFO - 26/04/05 10:25:22 INFO DAGScheduler: ResultStage 9 ($anonfun$withThreadLocalCaptured$1 at FutureTask.java:264) finished in 0.914 s
[2026-04-05T10:25:22.282+0000] {subprocess.py:106} INFO - 26/04/05 10:25:22 INFO TaskSchedulerImpl: Removed TaskSet 9.0, whose tasks have all completed, from pool
[2026-04-05T10:25:22.295+0000] {subprocess.py:106} INFO - 26/04/05 10:25:22 INFO DAGScheduler: Job 7 is finished. Cancelling potential speculative or zombie tasks for this job
[2026-04-05T10:25:22.295+0000] {subprocess.py:106} INFO - 26/04/05 10:25:22 INFO TaskSchedulerImpl: Killing all running tasks in stage 9: Stage finished
[2026-04-05T10:25:22.296+0000] {subprocess.py:106} INFO - 26/04/05 10:25:22 INFO DAGScheduler: Job 7 finished: $anonfun$withThreadLocalCaptured$1 at FutureTask.java:264, took 0.926375 s
[2026-04-05T10:25:22.370+0000] {subprocess.py:106} INFO - 26/04/05 10:25:22 INFO BlockManagerInfo: Removed broadcast_15_piece0 on d0f687c55036:40409 in memory (size: 5.5 KiB, free: 433.4 MiB)
[2026-04-05T10:25:22.379+0000] {subprocess.py:106} INFO - 26/04/05 10:25:22 INFO BlockManagerInfo: Removed broadcast_15_piece0 on 172.30.0.6:46459 in memory (size: 5.5 KiB, free: 433.4 MiB)
[2026-04-05T10:25:22.453+0000] {subprocess.py:106} INFO - 26/04/05 10:25:22 INFO MemoryStore: Block broadcast_16_piece0 stored as bytes in memory (estimated size 903.7 KiB, free 432.2 MiB)
[2026-04-05T10:25:22.455+0000] {subprocess.py:106} INFO - 26/04/05 10:25:22 INFO BlockManagerInfo: Added broadcast_16_piece0 in memory on d0f687c55036:40409 (size: 903.7 KiB, free: 432.5 MiB)
[2026-04-05T10:25:22.456+0000] {subprocess.py:106} INFO - 26/04/05 10:25:22 INFO SparkContext: Created broadcast 16 from $anonfun$withThreadLocalCaptured$1 at FutureTask.java:264
[2026-04-05T10:25:22.457+0000] {subprocess.py:106} INFO - 26/04/05 10:25:22 INFO FileSourceStrategy: Pushed Filters:
[2026-04-05T10:25:22.458+0000] {subprocess.py:106} INFO - 26/04/05 10:25:22 INFO FileSourceStrategy: Post-Scan Filters:
[2026-04-05T10:25:22.565+0000] {subprocess.py:106} INFO - 26/04/05 10:25:22 INFO CodeGenerator: Code generated in 47.180608 ms
[2026-04-05T10:25:22.572+0000] {subprocess.py:106} INFO - 26/04/05 10:25:22 INFO MemoryStore: Block broadcast_17 stored as values in memory (estimated size 205.1 KiB, free 432.0 MiB)
[2026-04-05T10:25:22.607+0000] {subprocess.py:106} INFO - 26/04/05 10:25:22 INFO MemoryStore: Block broadcast_17_piece0 stored as bytes in memory (estimated size 36.0 KiB, free 431.9 MiB)
[2026-04-05T10:25:22.609+0000] {subprocess.py:106} INFO - 26/04/05 10:25:22 INFO BlockManagerInfo: Added broadcast_17_piece0 in memory on d0f687c55036:40409 (size: 36.0 KiB, free: 432.4 MiB)
[2026-04-05T10:25:22.612+0000] {subprocess.py:106} INFO - 26/04/05 10:25:22 INFO SparkContext: Created broadcast 17 from append at NativeMethodAccessorImpl.java:0
[2026-04-05T10:25:22.618+0000] {subprocess.py:106} INFO - 26/04/05 10:25:22 INFO FileSourceScanExec: Planning scan with bin packing, max size: 4194304 bytes, open cost is considered as scanning 4194304 bytes.
[2026-04-05T10:25:22.634+0000] {subprocess.py:106} INFO - 26/04/05 10:25:22 INFO MemoryStore: Block broadcast_18 stored as values in memory (estimated size 32.0 KiB, free 431.9 MiB)
[2026-04-05T10:25:22.644+0000] {subprocess.py:106} INFO - 26/04/05 10:25:22 INFO MemoryStore: Block broadcast_18_piece0 stored as bytes in memory (estimated size 30.1 KiB, free 431.9 MiB)
[2026-04-05T10:25:22.645+0000] {subprocess.py:106} INFO - 26/04/05 10:25:22 INFO BlockManagerInfo: Added broadcast_18_piece0 in memory on d0f687c55036:40409 (size: 30.1 KiB, free: 432.4 MiB)
[2026-04-05T10:25:22.646+0000] {subprocess.py:106} INFO - 26/04/05 10:25:22 INFO SparkContext: Created broadcast 18 from broadcast at SparkWrite.java:193
[2026-04-05T10:25:22.659+0000] {subprocess.py:106} INFO - 26/04/05 10:25:22 INFO AppendDataExec: Start processing data source write support: IcebergBatchWrite(table=iceberg.bronze.it_jobs_raw, format=PARQUET). The input RDD has 1 partitions.
[2026-04-05T10:25:22.684+0000] {subprocess.py:106} INFO - 26/04/05 10:25:22 INFO SparkContext: Starting job: append at NativeMethodAccessorImpl.java:0
[2026-04-05T10:25:22.686+0000] {subprocess.py:106} INFO - 26/04/05 10:25:22 INFO DAGScheduler: Got job 8 (append at NativeMethodAccessorImpl.java:0) with 1 output partitions
[2026-04-05T10:25:22.687+0000] {subprocess.py:106} INFO - 26/04/05 10:25:22 INFO DAGScheduler: Final stage: ResultStage 10 (append at NativeMethodAccessorImpl.java:0)
[2026-04-05T10:25:22.688+0000] {subprocess.py:106} INFO - 26/04/05 10:25:22 INFO DAGScheduler: Parents of final stage: List()
[2026-04-05T10:25:22.691+0000] {subprocess.py:106} INFO - 26/04/05 10:25:22 INFO DAGScheduler: Missing parents: List()
[2026-04-05T10:25:22.693+0000] {subprocess.py:106} INFO - 26/04/05 10:25:22 INFO DAGScheduler: Submitting ResultStage 10 (MapPartitionsRDD[28] at append at NativeMethodAccessorImpl.java:0), which has no missing parents
[2026-04-05T10:25:22.705+0000] {subprocess.py:106} INFO - 26/04/05 10:25:22 INFO MemoryStore: Block broadcast_19 stored as values in memory (estimated size 22.8 KiB, free 431.8 MiB)
[2026-04-05T10:25:22.707+0000] {subprocess.py:106} INFO - 26/04/05 10:25:22 INFO MemoryStore: Block broadcast_19_piece0 stored as bytes in memory (estimated size 10.2 KiB, free 431.8 MiB)
[2026-04-05T10:25:22.708+0000] {subprocess.py:106} INFO - 26/04/05 10:25:22 INFO BlockManagerInfo: Added broadcast_19_piece0 in memory on d0f687c55036:40409 (size: 10.2 KiB, free: 432.4 MiB)
[2026-04-05T10:25:22.709+0000] {subprocess.py:106} INFO - 26/04/05 10:25:22 INFO SparkContext: Created broadcast 19 from broadcast at DAGScheduler.scala:1585
[2026-04-05T10:25:22.714+0000] {subprocess.py:106} INFO - 26/04/05 10:25:22 INFO DAGScheduler: Submitting 1 missing tasks from ResultStage 10 (MapPartitionsRDD[28] at append at NativeMethodAccessorImpl.java:0) (first 15 tasks are for partitions Vector(0))
[2026-04-05T10:25:22.716+0000] {subprocess.py:106} INFO - 26/04/05 10:25:22 INFO TaskSchedulerImpl: Adding task set 10.0 with 1 tasks resource profile 0
[2026-04-05T10:25:22.718+0000] {subprocess.py:106} INFO - 26/04/05 10:25:22 INFO TaskSetManager: Starting task 0.0 in stage 10.0 (TID 20) (172.30.0.6, executor 0, partition 0, PROCESS_LOCAL, 10579 bytes)
[2026-04-05T10:25:22.731+0000] {subprocess.py:106} INFO - 26/04/05 10:25:22 INFO BlockManagerInfo: Added broadcast_19_piece0 in memory on 172.30.0.6:46459 (size: 10.2 KiB, free: 433.4 MiB)
[2026-04-05T10:25:22.821+0000] {subprocess.py:106} INFO - 26/04/05 10:25:22 INFO BlockManagerInfo: Added broadcast_16_piece0 in memory on 172.30.0.6:46459 (size: 903.7 KiB, free: 432.5 MiB)
[2026-04-05T10:25:22.866+0000] {subprocess.py:106} INFO - 26/04/05 10:25:22 INFO BlockManagerInfo: Added broadcast_18_piece0 in memory on 172.30.0.6:46459 (size: 30.1 KiB, free: 432.5 MiB)
[2026-04-05T10:25:23.529+0000] {subprocess.py:106} INFO - 26/04/05 10:25:23 INFO BlockManagerInfo: Added broadcast_17_piece0 in memory on 172.30.0.6:46459 (size: 36.0 KiB, free: 432.5 MiB)
[2026-04-05T10:25:24.608+0000] {subprocess.py:106} INFO - 26/04/05 10:25:24 INFO TaskSetManager: Finished task 0.0 in stage 10.0 (TID 20) in 1889 ms on 172.30.0.6 (executor 0) (1/1)
[2026-04-05T10:25:24.609+0000] {subprocess.py:106} INFO - 26/04/05 10:25:24 INFO TaskSchedulerImpl: Removed TaskSet 10.0, whose tasks have all completed, from pool
[2026-04-05T10:25:24.610+0000] {subprocess.py:106} INFO - 26/04/05 10:25:24 INFO DAGScheduler: ResultStage 10 (append at NativeMethodAccessorImpl.java:0) finished in 1.908 s
[2026-04-05T10:25:24.611+0000] {subprocess.py:106} INFO - 26/04/05 10:25:24 INFO DAGScheduler: Job 8 is finished. Cancelling potential speculative or zombie tasks for this job
[2026-04-05T10:25:24.611+0000] {subprocess.py:106} INFO - 26/04/05 10:25:24 INFO TaskSchedulerImpl: Killing all running tasks in stage 10: Stage finished
[2026-04-05T10:25:24.612+0000] {subprocess.py:106} INFO - 26/04/05 10:25:24 INFO DAGScheduler: Job 8 finished: append at NativeMethodAccessorImpl.java:0, took 1.918907 s
[2026-04-05T10:25:24.618+0000] {subprocess.py:106} INFO - 26/04/05 10:25:24 INFO AppendDataExec: Data source write support IcebergBatchWrite(table=iceberg.bronze.it_jobs_raw, format=PARQUET) is committing.
[2026-04-05T10:25:24.652+0000] {subprocess.py:106} INFO - 26/04/05 10:25:24 INFO SparkWrite: Committing append with 1 new data files to table iceberg.bronze.it_jobs_raw
[2026-04-05T10:25:24.970+0000] {subprocess.py:106} INFO - 26/04/05 10:25:24 INFO BlockManagerInfo: Removed broadcast_19_piece0 on d0f687c55036:40409 in memory (size: 10.2 KiB, free: 432.4 MiB)
[2026-04-05T10:25:24.974+0000] {subprocess.py:106} INFO - 26/04/05 10:25:24 INFO BlockManagerInfo: Removed broadcast_19_piece0 on 172.30.0.6:46459 in memory (size: 10.2 KiB, free: 432.5 MiB)
[2026-04-05T10:25:29.129+0000] {subprocess.py:106} INFO - 26/04/05 10:25:29 INFO HiveTableOperations: Committed to table iceberg.bronze.it_jobs_raw with the new metadata location s3a://warehouse/iceberg_data/bronze.db/it_jobs_raw/metadata/00027-9dd8d64a-1f92-4400-ba0e-7977e48d8806.metadata.json
[2026-04-05T10:25:29.132+0000] {subprocess.py:106} INFO - 26/04/05 10:25:29 INFO BaseMetastoreTableOperations: Successfully committed to table iceberg.bronze.it_jobs_raw in 3906 ms
[2026-04-05T10:25:29.133+0000] {subprocess.py:106} INFO - 26/04/05 10:25:29 INFO SnapshotProducer: Committed snapshot 4193367902875482364 (MergeAppend)
[2026-04-05T10:25:29.159+0000] {subprocess.py:106} INFO - 26/04/05 10:25:29 INFO BaseMetastoreTableOperations: Refreshing table metadata from new version: s3a://warehouse/iceberg_data/bronze.db/it_jobs_raw/metadata/00027-9dd8d64a-1f92-4400-ba0e-7977e48d8806.metadata.json
[2026-04-05T10:25:29.262+0000] {subprocess.py:106} INFO - 26/04/05 10:25:29 INFO LoggingMetricsReporter: Received metrics report: CommitReport{tableName=iceberg.bronze.it_jobs_raw, snapshotId=4193367902875482364, sequenceNumber=28, operation=append, commitMetrics=CommitMetricsResult{totalDuration=TimerResult{timeUnit=NANOSECONDS, totalDuration=PT4.578183298S, count=1}, attempts=CounterResult{unit=COUNT, value=1}, addedDataFiles=CounterResult{unit=COUNT, value=1}, removedDataFiles=null, totalDataFiles=CounterResult{unit=COUNT, value=28}, addedDeleteFiles=null, addedEqualityDeleteFiles=null, addedPositionalDeleteFiles=null, removedDeleteFiles=null, removedEqualityDeleteFiles=null, removedPositionalDeleteFiles=null, totalDeleteFiles=CounterResult{unit=COUNT, value=0}, addedRecords=CounterResult{unit=COUNT, value=947}, removedRecords=null, totalRecords=CounterResult{unit=COUNT, value=16183}, addedFilesSizeInBytes=CounterResult{unit=BYTES, value=32357}, removedFilesSizeInBytes=null, totalFilesSizeInBytes=CounterResult{unit=BYTES, value=776942}, addedPositionalDeletes=null, removedPositionalDeletes=null, totalPositionalDeletes=CounterResult{unit=COUNT, value=0}, addedEqualityDeletes=null, removedEqualityDeletes=null, totalEqualityDeletes=CounterResult{unit=COUNT, value=0}}, metadata={engine-version=3.5.3, app-id=app-20260405102435-0000, engine-name=spark, iceberg-version=Apache Iceberg 1.6.1 (commit 8e9d59d299be42b0bca9461457cd1e95dbaad086)}}
[2026-04-05T10:25:29.264+0000] {subprocess.py:106} INFO - 26/04/05 10:25:29 INFO SparkWrite: Committed in 4619 ms
[2026-04-05T10:25:29.265+0000] {subprocess.py:106} INFO - 26/04/05 10:25:29 INFO AppendDataExec: Data source write support IcebergBatchWrite(table=iceberg.bronze.it_jobs_raw, format=PARQUET) committed.
[2026-04-05T10:25:29.267+0000] {subprocess.py:106} INFO - Append success.
[2026-04-05T10:25:29.268+0000] {subprocess.py:106} INFO - Process finished. Data available at: iceberg.bronze.it_jobs_raw
[2026-04-05T10:25:29.269+0000] {subprocess.py:106} INFO - 26/04/05 10:25:29 INFO SparkContext: SparkContext is stopping with exitCode 0.
[2026-04-05T10:25:29.286+0000] {subprocess.py:106} INFO - 26/04/05 10:25:29 INFO SparkUI: Stopped Spark web UI at http://d0f687c55036:4040
[2026-04-05T10:25:29.294+0000] {subprocess.py:106} INFO - 26/04/05 10:25:29 INFO StandaloneSchedulerBackend: Shutting down all executors
[2026-04-05T10:25:29.296+0000] {subprocess.py:106} INFO - 26/04/05 10:25:29 INFO StandaloneSchedulerBackend$StandaloneDriverEndpoint: Asking each executor to shut down
[2026-04-05T10:25:29.319+0000] {subprocess.py:106} INFO - 26/04/05 10:25:29 INFO MapOutputTrackerMasterEndpoint: MapOutputTrackerMasterEndpoint stopped!
[2026-04-05T10:25:29.368+0000] {subprocess.py:106} INFO - 26/04/05 10:25:29 INFO MemoryStore: MemoryStore cleared
[2026-04-05T10:25:29.372+0000] {subprocess.py:106} INFO - 26/04/05 10:25:29 INFO BlockManager: BlockManager stopped
[2026-04-05T10:25:29.386+0000] {subprocess.py:106} INFO - 26/04/05 10:25:29 INFO BlockManagerMaster: BlockManagerMaster stopped
[2026-04-05T10:25:29.395+0000] {subprocess.py:106} INFO - 26/04/05 10:25:29 INFO OutputCommitCoordinator$OutputCommitCoordinatorEndpoint: OutputCommitCoordinator stopped!
[2026-04-05T10:25:29.443+0000] {subprocess.py:106} INFO - 26/04/05 10:25:29 INFO SparkContext: Successfully stopped SparkContext
[2026-04-05T10:25:29.815+0000] {subprocess.py:106} INFO - 26/04/05 10:25:29 INFO ShutdownHookManager: Shutdown hook called
[2026-04-05T10:25:29.815+0000] {subprocess.py:106} INFO - 26/04/05 10:25:29 INFO ShutdownHookManager: Deleting directory /tmp/spark-2197e045-ce0e-4fcf-b94c-b1b828231220
[2026-04-05T10:25:29.820+0000] {subprocess.py:106} INFO - 26/04/05 10:25:29 INFO ShutdownHookManager: Deleting directory /tmp/spark-cba868b3-c321-4d40-9673-8164fc6b0217
[2026-04-05T10:25:29.824+0000] {subprocess.py:106} INFO - 26/04/05 10:25:29 INFO ShutdownHookManager: Deleting directory /tmp/spark-2197e045-ce0e-4fcf-b94c-b1b828231220/pyspark-e3357523-f609-49b7-9b35-c0be1ecd8f9a
[2026-04-05T10:25:29.836+0000] {subprocess.py:106} INFO - 26/04/05 10:25:29 INFO MetricsSystemImpl: Stopping s3a-file-system metrics system...
[2026-04-05T10:25:29.837+0000] {subprocess.py:106} INFO - 26/04/05 10:25:29 INFO MetricsSystemImpl: s3a-file-system metrics system stopped.
[2026-04-05T10:25:29.837+0000] {subprocess.py:106} INFO - 26/04/05 10:25:29 INFO MetricsSystemImpl: s3a-file-system metrics system shutdown complete.
[2026-04-05T10:25:29.969+0000] {subprocess.py:110} INFO - Command exited with return code 0
[2026-04-05T10:25:30.072+0000] {taskinstance.py:341} INFO - ::group::Post task execution logs
[2026-04-05T10:25:30.073+0000] {taskinstance.py:353} INFO - Marking task as SUCCESS. dag_id=crawl_etl_itjob, task_id=load_bronze, run_id=scheduled__2026-04-02T02:00:00+00:00, execution_date=20260402T020000, start_date=20260405T102425, end_date=20260405T102530
[2026-04-05T10:25:30.205+0000] {local_task_job_runner.py:266} INFO - Task exited with return code 0
[2026-04-05T10:25:30.258+0000] {taskinstance.py:3901} INFO - 1 downstream tasks scheduled from follow-on schedule check
[2026-04-05T10:25:30.262+0000] {local_task_job_runner.py:245} INFO - ::endgroup::
