[2026-05-12T08:15:43.734+0000] {processor.py:186} INFO - Started process (PID=40) to work on /opt/airflow/dags/etl_datalake_dag.py
[2026-05-12T08:15:43.735+0000] {processor.py:914} INFO - Processing file /opt/airflow/dags/etl_datalake_dag.py for tasks to queue
[2026-05-12T08:15:43.736+0000] {logging_mixin.py:190} INFO - [2026-05-12T08:15:43.736+0000] {dagbag.py:588} INFO - Filling up the DagBag from /opt/airflow/dags/etl_datalake_dag.py
[2026-05-12T08:15:43.758+0000] {processor.py:925} INFO - DAG(s) 'etl_datalake_hive_iceberg' retrieved from /opt/airflow/dags/etl_datalake_dag.py
[2026-05-12T08:15:43.807+0000] {logging_mixin.py:190} INFO - [2026-05-12T08:15:43.807+0000] {dag.py:3239} INFO - Sync 1 DAGs
[2026-05-12T08:15:43.846+0000] {logging_mixin.py:190} INFO - [2026-05-12T08:15:43.846+0000] {dag.py:4180} INFO - Setting next_dagrun for etl_datalake_hive_iceberg to 2026-05-11T00:00:00+00:00, run_after=2026-05-12T00:00:00+00:00
[2026-05-12T08:15:43.885+0000] {processor.py:208} INFO - Processing /opt/airflow/dags/etl_datalake_dag.py took 0.159 seconds
[2026-05-12T08:16:14.793+0000] {processor.py:186} INFO - Started process (PID=44) to work on /opt/airflow/dags/etl_datalake_dag.py
[2026-05-12T08:16:14.796+0000] {processor.py:914} INFO - Processing file /opt/airflow/dags/etl_datalake_dag.py for tasks to queue
[2026-05-12T08:16:14.799+0000] {logging_mixin.py:190} INFO - [2026-05-12T08:16:14.798+0000] {dagbag.py:588} INFO - Filling up the DagBag from /opt/airflow/dags/etl_datalake_dag.py
[2026-05-12T08:16:14.835+0000] {processor.py:925} INFO - DAG(s) 'etl_datalake_hive_iceberg' retrieved from /opt/airflow/dags/etl_datalake_dag.py
[2026-05-12T08:16:14.888+0000] {logging_mixin.py:190} INFO - [2026-05-12T08:16:14.888+0000] {dag.py:3239} INFO - Sync 1 DAGs
[2026-05-12T08:16:14.929+0000] {logging_mixin.py:190} INFO - [2026-05-12T08:16:14.929+0000] {dag.py:4180} INFO - Setting next_dagrun for etl_datalake_hive_iceberg to 2026-05-11T00:00:00+00:00, run_after=2026-05-12T00:00:00+00:00
[2026-05-12T08:16:14.968+0000] {processor.py:208} INFO - Processing /opt/airflow/dags/etl_datalake_dag.py took 0.186 seconds
[2026-05-12T08:16:45.374+0000] {processor.py:186} INFO - Started process (PID=48) to work on /opt/airflow/dags/etl_datalake_dag.py
[2026-05-12T08:16:45.375+0000] {processor.py:914} INFO - Processing file /opt/airflow/dags/etl_datalake_dag.py for tasks to queue
[2026-05-12T08:16:45.377+0000] {logging_mixin.py:190} INFO - [2026-05-12T08:16:45.376+0000] {dagbag.py:588} INFO - Filling up the DagBag from /opt/airflow/dags/etl_datalake_dag.py
[2026-05-12T08:16:45.403+0000] {processor.py:925} INFO - DAG(s) 'etl_datalake_hive_iceberg' retrieved from /opt/airflow/dags/etl_datalake_dag.py
[2026-05-12T08:16:45.455+0000] {logging_mixin.py:190} INFO - [2026-05-12T08:16:45.455+0000] {dag.py:3239} INFO - Sync 1 DAGs
[2026-05-12T08:16:45.492+0000] {logging_mixin.py:190} INFO - [2026-05-12T08:16:45.492+0000] {dag.py:4180} INFO - Setting next_dagrun for etl_datalake_hive_iceberg to 2026-05-11T00:00:00+00:00, run_after=2026-05-12T00:00:00+00:00
[2026-05-12T08:16:45.529+0000] {processor.py:208} INFO - Processing /opt/airflow/dags/etl_datalake_dag.py took 0.165 seconds
[2026-05-12T08:17:16.094+0000] {processor.py:186} INFO - Started process (PID=52) to work on /opt/airflow/dags/etl_datalake_dag.py
[2026-05-12T08:17:16.095+0000] {processor.py:914} INFO - Processing file /opt/airflow/dags/etl_datalake_dag.py for tasks to queue
[2026-05-12T08:17:16.096+0000] {logging_mixin.py:190} INFO - [2026-05-12T08:17:16.096+0000] {dagbag.py:588} INFO - Filling up the DagBag from /opt/airflow/dags/etl_datalake_dag.py
[2026-05-12T08:17:16.120+0000] {processor.py:925} INFO - DAG(s) 'etl_datalake_hive_iceberg' retrieved from /opt/airflow/dags/etl_datalake_dag.py
[2026-05-12T08:17:16.163+0000] {logging_mixin.py:190} INFO - [2026-05-12T08:17:16.163+0000] {dag.py:3239} INFO - Sync 1 DAGs
[2026-05-12T08:17:16.192+0000] {logging_mixin.py:190} INFO - [2026-05-12T08:17:16.192+0000] {dag.py:4180} INFO - Setting next_dagrun for etl_datalake_hive_iceberg to 2026-05-11T00:00:00+00:00, run_after=2026-05-12T00:00:00+00:00
[2026-05-12T08:17:16.221+0000] {processor.py:208} INFO - Processing /opt/airflow/dags/etl_datalake_dag.py took 0.136 seconds
[2026-05-12T08:17:46.955+0000] {processor.py:186} INFO - Started process (PID=56) to work on /opt/airflow/dags/etl_datalake_dag.py
[2026-05-12T08:17:46.956+0000] {processor.py:914} INFO - Processing file /opt/airflow/dags/etl_datalake_dag.py for tasks to queue
[2026-05-12T08:17:46.958+0000] {logging_mixin.py:190} INFO - [2026-05-12T08:17:46.958+0000] {dagbag.py:588} INFO - Filling up the DagBag from /opt/airflow/dags/etl_datalake_dag.py
[2026-05-12T08:17:46.986+0000] {processor.py:925} INFO - DAG(s) 'etl_datalake_hive_iceberg' retrieved from /opt/airflow/dags/etl_datalake_dag.py
[2026-05-12T08:17:47.039+0000] {logging_mixin.py:190} INFO - [2026-05-12T08:17:47.039+0000] {dag.py:3239} INFO - Sync 1 DAGs
[2026-05-12T08:17:47.153+0000] {logging_mixin.py:190} INFO - [2026-05-12T08:17:47.153+0000] {dag.py:4180} INFO - Setting next_dagrun for etl_datalake_hive_iceberg to 2026-05-11T00:00:00+00:00, run_after=2026-05-12T00:00:00+00:00
[2026-05-12T08:17:47.209+0000] {processor.py:208} INFO - Processing /opt/airflow/dags/etl_datalake_dag.py took 0.264 seconds
[2026-05-12T08:18:17.548+0000] {processor.py:186} INFO - Started process (PID=60) to work on /opt/airflow/dags/etl_datalake_dag.py
[2026-05-12T08:18:17.550+0000] {processor.py:914} INFO - Processing file /opt/airflow/dags/etl_datalake_dag.py for tasks to queue
[2026-05-12T08:18:17.552+0000] {logging_mixin.py:190} INFO - [2026-05-12T08:18:17.552+0000] {dagbag.py:588} INFO - Filling up the DagBag from /opt/airflow/dags/etl_datalake_dag.py
[2026-05-12T08:18:17.584+0000] {processor.py:925} INFO - DAG(s) 'etl_datalake_hive_iceberg' retrieved from /opt/airflow/dags/etl_datalake_dag.py
[2026-05-12T08:18:17.639+0000] {logging_mixin.py:190} INFO - [2026-05-12T08:18:17.638+0000] {dag.py:3239} INFO - Sync 1 DAGs
[2026-05-12T08:18:17.681+0000] {logging_mixin.py:190} INFO - [2026-05-12T08:18:17.681+0000] {dag.py:4180} INFO - Setting next_dagrun for etl_datalake_hive_iceberg to 2026-05-11T00:00:00+00:00, run_after=2026-05-12T00:00:00+00:00
[2026-05-12T08:18:17.733+0000] {processor.py:208} INFO - Processing /opt/airflow/dags/etl_datalake_dag.py took 0.194 seconds
[2026-05-12T08:18:48.153+0000] {processor.py:186} INFO - Started process (PID=64) to work on /opt/airflow/dags/etl_datalake_dag.py
[2026-05-12T08:18:48.153+0000] {processor.py:914} INFO - Processing file /opt/airflow/dags/etl_datalake_dag.py for tasks to queue
[2026-05-12T08:18:48.155+0000] {logging_mixin.py:190} INFO - [2026-05-12T08:18:48.155+0000] {dagbag.py:588} INFO - Filling up the DagBag from /opt/airflow/dags/etl_datalake_dag.py
[2026-05-12T08:18:48.178+0000] {processor.py:925} INFO - DAG(s) 'etl_datalake_hive_iceberg' retrieved from /opt/airflow/dags/etl_datalake_dag.py
[2026-05-12T08:18:48.228+0000] {logging_mixin.py:190} INFO - [2026-05-12T08:18:48.227+0000] {dag.py:3239} INFO - Sync 1 DAGs
[2026-05-12T08:18:48.268+0000] {logging_mixin.py:190} INFO - [2026-05-12T08:18:48.267+0000] {dag.py:4180} INFO - Setting next_dagrun for etl_datalake_hive_iceberg to 2026-05-11T00:00:00+00:00, run_after=2026-05-12T00:00:00+00:00
[2026-05-12T08:18:48.298+0000] {processor.py:208} INFO - Processing /opt/airflow/dags/etl_datalake_dag.py took 0.154 seconds
[2026-05-12T08:19:18.939+0000] {processor.py:186} INFO - Started process (PID=68) to work on /opt/airflow/dags/etl_datalake_dag.py
[2026-05-12T08:19:18.942+0000] {processor.py:914} INFO - Processing file /opt/airflow/dags/etl_datalake_dag.py for tasks to queue
[2026-05-12T08:19:18.945+0000] {logging_mixin.py:190} INFO - [2026-05-12T08:19:18.945+0000] {dagbag.py:588} INFO - Filling up the DagBag from /opt/airflow/dags/etl_datalake_dag.py
[2026-05-12T08:19:18.997+0000] {processor.py:925} INFO - DAG(s) 'etl_datalake_hive_iceberg' retrieved from /opt/airflow/dags/etl_datalake_dag.py
[2026-05-12T08:19:19.092+0000] {logging_mixin.py:190} INFO - [2026-05-12T08:19:19.092+0000] {dag.py:3239} INFO - Sync 1 DAGs
[2026-05-12T08:19:19.162+0000] {logging_mixin.py:190} INFO - [2026-05-12T08:19:19.162+0000] {dag.py:4180} INFO - Setting next_dagrun for etl_datalake_hive_iceberg to 2026-05-11T00:00:00+00:00, run_after=2026-05-12T00:00:00+00:00
[2026-05-12T08:19:19.221+0000] {processor.py:208} INFO - Processing /opt/airflow/dags/etl_datalake_dag.py took 0.293 seconds
[2026-05-12T08:19:50.210+0000] {processor.py:186} INFO - Started process (PID=72) to work on /opt/airflow/dags/etl_datalake_dag.py
[2026-05-12T08:19:50.210+0000] {processor.py:914} INFO - Processing file /opt/airflow/dags/etl_datalake_dag.py for tasks to queue
[2026-05-12T08:19:50.212+0000] {logging_mixin.py:190} INFO - [2026-05-12T08:19:50.211+0000] {dagbag.py:588} INFO - Filling up the DagBag from /opt/airflow/dags/etl_datalake_dag.py
[2026-05-12T08:19:50.234+0000] {processor.py:925} INFO - DAG(s) 'etl_datalake_hive_iceberg' retrieved from /opt/airflow/dags/etl_datalake_dag.py
[2026-05-12T08:19:50.280+0000] {logging_mixin.py:190} INFO - [2026-05-12T08:19:50.280+0000] {dag.py:3239} INFO - Sync 1 DAGs
[2026-05-12T08:19:50.322+0000] {logging_mixin.py:190} INFO - [2026-05-12T08:19:50.322+0000] {dag.py:4180} INFO - Setting next_dagrun for etl_datalake_hive_iceberg to 2026-05-11T00:00:00+00:00, run_after=2026-05-12T00:00:00+00:00
[2026-05-12T08:19:50.378+0000] {processor.py:208} INFO - Processing /opt/airflow/dags/etl_datalake_dag.py took 0.178 seconds
[2026-05-12T08:20:20.768+0000] {processor.py:186} INFO - Started process (PID=76) to work on /opt/airflow/dags/etl_datalake_dag.py
[2026-05-12T08:20:20.768+0000] {processor.py:914} INFO - Processing file /opt/airflow/dags/etl_datalake_dag.py for tasks to queue
[2026-05-12T08:20:20.771+0000] {logging_mixin.py:190} INFO - [2026-05-12T08:20:20.770+0000] {dagbag.py:588} INFO - Filling up the DagBag from /opt/airflow/dags/etl_datalake_dag.py
[2026-05-12T08:20:20.796+0000] {processor.py:925} INFO - DAG(s) 'etl_datalake_hive_iceberg' retrieved from /opt/airflow/dags/etl_datalake_dag.py
[2026-05-12T08:20:20.875+0000] {logging_mixin.py:190} INFO - [2026-05-12T08:20:20.874+0000] {dag.py:3239} INFO - Sync 1 DAGs
[2026-05-12T08:20:20.992+0000] {logging_mixin.py:190} INFO - [2026-05-12T08:20:20.991+0000] {dag.py:4180} INFO - Setting next_dagrun for etl_datalake_hive_iceberg to 2026-05-11T00:00:00+00:00, run_after=2026-05-12T00:00:00+00:00
[2026-05-12T08:20:21.064+0000] {processor.py:208} INFO - Processing /opt/airflow/dags/etl_datalake_dag.py took 0.306 seconds
[2026-05-12T08:20:53.373+0000] {processor.py:186} INFO - Started process (PID=80) to work on /opt/airflow/dags/etl_datalake_dag.py
[2026-05-12T08:20:53.374+0000] {processor.py:914} INFO - Processing file /opt/airflow/dags/etl_datalake_dag.py for tasks to queue
[2026-05-12T08:20:53.375+0000] {logging_mixin.py:190} INFO - [2026-05-12T08:20:53.375+0000] {dagbag.py:588} INFO - Filling up the DagBag from /opt/airflow/dags/etl_datalake_dag.py
[2026-05-12T08:20:53.408+0000] {processor.py:925} INFO - DAG(s) 'etl_datalake_hive_iceberg' retrieved from /opt/airflow/dags/etl_datalake_dag.py
[2026-05-12T08:20:53.493+0000] {logging_mixin.py:190} INFO - [2026-05-12T08:20:53.493+0000] {dag.py:3239} INFO - Sync 1 DAGs
[2026-05-12T08:20:53.556+0000] {logging_mixin.py:190} INFO - [2026-05-12T08:20:53.556+0000] {dag.py:4180} INFO - Setting next_dagrun for etl_datalake_hive_iceberg to 2026-05-11T00:00:00+00:00, run_after=2026-05-12T00:00:00+00:00
[2026-05-12T08:20:53.594+0000] {processor.py:208} INFO - Processing /opt/airflow/dags/etl_datalake_dag.py took 0.232 seconds
[2026-05-12T08:21:24.511+0000] {processor.py:186} INFO - Started process (PID=84) to work on /opt/airflow/dags/etl_datalake_dag.py
[2026-05-12T08:21:24.512+0000] {processor.py:914} INFO - Processing file /opt/airflow/dags/etl_datalake_dag.py for tasks to queue
[2026-05-12T08:21:24.514+0000] {logging_mixin.py:190} INFO - [2026-05-12T08:21:24.514+0000] {dagbag.py:588} INFO - Filling up the DagBag from /opt/airflow/dags/etl_datalake_dag.py
[2026-05-12T08:21:24.555+0000] {processor.py:925} INFO - DAG(s) 'etl_datalake_hive_iceberg' retrieved from /opt/airflow/dags/etl_datalake_dag.py
[2026-05-12T08:21:24.636+0000] {logging_mixin.py:190} INFO - [2026-05-12T08:21:24.636+0000] {dag.py:3239} INFO - Sync 1 DAGs
[2026-05-12T08:21:24.696+0000] {logging_mixin.py:190} INFO - [2026-05-12T08:21:24.695+0000] {dag.py:4180} INFO - Setting next_dagrun for etl_datalake_hive_iceberg to 2026-05-11T00:00:00+00:00, run_after=2026-05-12T00:00:00+00:00
[2026-05-12T08:21:24.743+0000] {processor.py:208} INFO - Processing /opt/airflow/dags/etl_datalake_dag.py took 0.249 seconds
[2026-05-12T08:21:54.978+0000] {processor.py:186} INFO - Started process (PID=88) to work on /opt/airflow/dags/etl_datalake_dag.py
[2026-05-12T08:21:54.979+0000] {processor.py:914} INFO - Processing file /opt/airflow/dags/etl_datalake_dag.py for tasks to queue
[2026-05-12T08:21:54.981+0000] {logging_mixin.py:190} INFO - [2026-05-12T08:21:54.981+0000] {dagbag.py:588} INFO - Filling up the DagBag from /opt/airflow/dags/etl_datalake_dag.py
[2026-05-12T08:21:55.004+0000] {processor.py:925} INFO - DAG(s) 'etl_datalake_hive_iceberg' retrieved from /opt/airflow/dags/etl_datalake_dag.py
[2026-05-12T08:21:55.061+0000] {logging_mixin.py:190} INFO - [2026-05-12T08:21:55.060+0000] {dag.py:3239} INFO - Sync 1 DAGs
[2026-05-12T08:21:55.121+0000] {logging_mixin.py:190} INFO - [2026-05-12T08:21:55.121+0000] {dag.py:4180} INFO - Setting next_dagrun for etl_datalake_hive_iceberg to 2026-05-11T00:00:00+00:00, run_after=2026-05-12T00:00:00+00:00
[2026-05-12T08:21:55.167+0000] {processor.py:208} INFO - Processing /opt/airflow/dags/etl_datalake_dag.py took 0.197 seconds
[2026-05-12T08:22:25.599+0000] {processor.py:186} INFO - Started process (PID=92) to work on /opt/airflow/dags/etl_datalake_dag.py
[2026-05-12T08:22:25.600+0000] {processor.py:914} INFO - Processing file /opt/airflow/dags/etl_datalake_dag.py for tasks to queue
[2026-05-12T08:22:25.602+0000] {logging_mixin.py:190} INFO - [2026-05-12T08:22:25.602+0000] {dagbag.py:588} INFO - Filling up the DagBag from /opt/airflow/dags/etl_datalake_dag.py
[2026-05-12T08:22:25.630+0000] {processor.py:925} INFO - DAG(s) 'etl_datalake_hive_iceberg' retrieved from /opt/airflow/dags/etl_datalake_dag.py
[2026-05-12T08:22:25.684+0000] {logging_mixin.py:190} INFO - [2026-05-12T08:22:25.684+0000] {dag.py:3239} INFO - Sync 1 DAGs
[2026-05-12T08:22:25.742+0000] {logging_mixin.py:190} INFO - [2026-05-12T08:22:25.740+0000] {dag.py:4180} INFO - Setting next_dagrun for etl_datalake_hive_iceberg to 2026-05-11T00:00:00+00:00, run_after=2026-05-12T00:00:00+00:00
[2026-05-12T08:22:25.818+0000] {processor.py:208} INFO - Processing /opt/airflow/dags/etl_datalake_dag.py took 0.231 seconds
[2026-05-12T08:22:56.347+0000] {processor.py:186} INFO - Started process (PID=96) to work on /opt/airflow/dags/etl_datalake_dag.py
[2026-05-12T08:22:56.348+0000] {processor.py:914} INFO - Processing file /opt/airflow/dags/etl_datalake_dag.py for tasks to queue
[2026-05-12T08:22:56.350+0000] {logging_mixin.py:190} INFO - [2026-05-12T08:22:56.350+0000] {dagbag.py:588} INFO - Filling up the DagBag from /opt/airflow/dags/etl_datalake_dag.py
[2026-05-12T08:22:56.386+0000] {processor.py:925} INFO - DAG(s) 'etl_datalake_hive_iceberg' retrieved from /opt/airflow/dags/etl_datalake_dag.py
[2026-05-12T08:22:56.474+0000] {logging_mixin.py:190} INFO - [2026-05-12T08:22:56.474+0000] {dag.py:3239} INFO - Sync 1 DAGs
[2026-05-12T08:22:56.532+0000] {logging_mixin.py:190} INFO - [2026-05-12T08:22:56.532+0000] {dag.py:4180} INFO - Setting next_dagrun for etl_datalake_hive_iceberg to 2026-05-11T00:00:00+00:00, run_after=2026-05-12T00:00:00+00:00
[2026-05-12T08:22:56.584+0000] {processor.py:208} INFO - Processing /opt/airflow/dags/etl_datalake_dag.py took 0.250 seconds
[2026-05-12T08:23:27.914+0000] {processor.py:186} INFO - Started process (PID=100) to work on /opt/airflow/dags/etl_datalake_dag.py
[2026-05-12T08:23:27.915+0000] {processor.py:914} INFO - Processing file /opt/airflow/dags/etl_datalake_dag.py for tasks to queue
[2026-05-12T08:23:27.919+0000] {logging_mixin.py:190} INFO - [2026-05-12T08:23:27.918+0000] {dagbag.py:588} INFO - Filling up the DagBag from /opt/airflow/dags/etl_datalake_dag.py
[2026-05-12T08:23:27.956+0000] {processor.py:925} INFO - DAG(s) 'etl_datalake_hive_iceberg' retrieved from /opt/airflow/dags/etl_datalake_dag.py
[2026-05-12T08:23:28.065+0000] {logging_mixin.py:190} INFO - [2026-05-12T08:23:28.065+0000] {dag.py:3239} INFO - Sync 1 DAGs
[2026-05-12T08:23:28.134+0000] {logging_mixin.py:190} INFO - [2026-05-12T08:23:28.134+0000] {dag.py:4180} INFO - Setting next_dagrun for etl_datalake_hive_iceberg to 2026-05-11T00:00:00+00:00, run_after=2026-05-12T00:00:00+00:00
[2026-05-12T08:23:30.340+0000] {processor.py:208} INFO - Processing /opt/airflow/dags/etl_datalake_dag.py took 2.442 seconds
[2026-05-12T08:24:00.701+0000] {processor.py:186} INFO - Started process (PID=104) to work on /opt/airflow/dags/etl_datalake_dag.py
[2026-05-12T08:24:00.703+0000] {processor.py:914} INFO - Processing file /opt/airflow/dags/etl_datalake_dag.py for tasks to queue
[2026-05-12T08:24:00.707+0000] {logging_mixin.py:190} INFO - [2026-05-12T08:24:00.707+0000] {dagbag.py:588} INFO - Filling up the DagBag from /opt/airflow/dags/etl_datalake_dag.py
[2026-05-12T08:24:00.771+0000] {processor.py:925} INFO - DAG(s) 'etl_datalake_hive_iceberg' retrieved from /opt/airflow/dags/etl_datalake_dag.py
[2026-05-12T08:24:00.856+0000] {logging_mixin.py:190} INFO - [2026-05-12T08:24:00.855+0000] {dag.py:3239} INFO - Sync 1 DAGs
[2026-05-12T08:24:00.916+0000] {logging_mixin.py:190} INFO - [2026-05-12T08:24:00.915+0000] {dag.py:4180} INFO - Setting next_dagrun for etl_datalake_hive_iceberg to 2026-05-11T00:00:00+00:00, run_after=2026-05-12T00:00:00+00:00
[2026-05-12T08:24:00.964+0000] {processor.py:208} INFO - Processing /opt/airflow/dags/etl_datalake_dag.py took 0.284 seconds
[2026-05-12T08:24:31.172+0000] {processor.py:186} INFO - Started process (PID=108) to work on /opt/airflow/dags/etl_datalake_dag.py
[2026-05-12T08:24:31.173+0000] {processor.py:914} INFO - Processing file /opt/airflow/dags/etl_datalake_dag.py for tasks to queue
[2026-05-12T08:24:31.175+0000] {logging_mixin.py:190} INFO - [2026-05-12T08:24:31.175+0000] {dagbag.py:588} INFO - Filling up the DagBag from /opt/airflow/dags/etl_datalake_dag.py
[2026-05-12T08:24:31.198+0000] {processor.py:925} INFO - DAG(s) 'etl_datalake_hive_iceberg' retrieved from /opt/airflow/dags/etl_datalake_dag.py
[2026-05-12T08:24:31.246+0000] {logging_mixin.py:190} INFO - [2026-05-12T08:24:31.245+0000] {dag.py:3239} INFO - Sync 1 DAGs
[2026-05-12T08:24:31.285+0000] {logging_mixin.py:190} INFO - [2026-05-12T08:24:31.284+0000] {dag.py:4180} INFO - Setting next_dagrun for etl_datalake_hive_iceberg to 2026-05-11T00:00:00+00:00, run_after=2026-05-12T00:00:00+00:00
[2026-05-12T08:24:31.320+0000] {processor.py:208} INFO - Processing /opt/airflow/dags/etl_datalake_dag.py took 0.155 seconds
[2026-05-12T08:25:01.418+0000] {processor.py:186} INFO - Started process (PID=112) to work on /opt/airflow/dags/etl_datalake_dag.py
[2026-05-12T08:25:01.419+0000] {processor.py:914} INFO - Processing file /opt/airflow/dags/etl_datalake_dag.py for tasks to queue
[2026-05-12T08:25:01.421+0000] {logging_mixin.py:190} INFO - [2026-05-12T08:25:01.421+0000] {dagbag.py:588} INFO - Filling up the DagBag from /opt/airflow/dags/etl_datalake_dag.py
[2026-05-12T08:25:01.450+0000] {processor.py:925} INFO - DAG(s) 'etl_datalake_hive_iceberg' retrieved from /opt/airflow/dags/etl_datalake_dag.py
[2026-05-12T08:25:01.515+0000] {logging_mixin.py:190} INFO - [2026-05-12T08:25:01.514+0000] {dag.py:3239} INFO - Sync 1 DAGs
[2026-05-12T08:25:01.563+0000] {logging_mixin.py:190} INFO - [2026-05-12T08:25:01.563+0000] {dag.py:4180} INFO - Setting next_dagrun for etl_datalake_hive_iceberg to 2026-05-11T00:00:00+00:00, run_after=2026-05-12T00:00:00+00:00
[2026-05-12T08:25:01.598+0000] {processor.py:208} INFO - Processing /opt/airflow/dags/etl_datalake_dag.py took 0.190 seconds
[2026-05-12T08:25:31.883+0000] {processor.py:186} INFO - Started process (PID=116) to work on /opt/airflow/dags/etl_datalake_dag.py
[2026-05-12T08:25:31.883+0000] {processor.py:914} INFO - Processing file /opt/airflow/dags/etl_datalake_dag.py for tasks to queue
[2026-05-12T08:25:31.885+0000] {logging_mixin.py:190} INFO - [2026-05-12T08:25:31.884+0000] {dagbag.py:588} INFO - Filling up the DagBag from /opt/airflow/dags/etl_datalake_dag.py
[2026-05-12T08:25:31.902+0000] {processor.py:925} INFO - DAG(s) 'etl_datalake_hive_iceberg' retrieved from /opt/airflow/dags/etl_datalake_dag.py
[2026-05-12T08:25:31.941+0000] {logging_mixin.py:190} INFO - [2026-05-12T08:25:31.940+0000] {dag.py:3239} INFO - Sync 1 DAGs
[2026-05-12T08:25:31.978+0000] {logging_mixin.py:190} INFO - [2026-05-12T08:25:31.978+0000] {dag.py:4180} INFO - Setting next_dagrun for etl_datalake_hive_iceberg to 2026-05-11T00:00:00+00:00, run_after=2026-05-12T00:00:00+00:00
[2026-05-12T08:25:32.037+0000] {processor.py:208} INFO - Processing /opt/airflow/dags/etl_datalake_dag.py took 0.161 seconds
[2026-05-12T08:26:02.323+0000] {processor.py:186} INFO - Started process (PID=120) to work on /opt/airflow/dags/etl_datalake_dag.py
[2026-05-12T08:26:02.324+0000] {processor.py:914} INFO - Processing file /opt/airflow/dags/etl_datalake_dag.py for tasks to queue
[2026-05-12T08:26:02.326+0000] {logging_mixin.py:190} INFO - [2026-05-12T08:26:02.325+0000] {dagbag.py:588} INFO - Filling up the DagBag from /opt/airflow/dags/etl_datalake_dag.py
[2026-05-12T08:26:02.355+0000] {processor.py:925} INFO - DAG(s) 'etl_datalake_hive_iceberg' retrieved from /opt/airflow/dags/etl_datalake_dag.py
[2026-05-12T08:26:02.414+0000] {logging_mixin.py:190} INFO - [2026-05-12T08:26:02.413+0000] {dag.py:3239} INFO - Sync 1 DAGs
[2026-05-12T08:26:02.484+0000] {logging_mixin.py:190} INFO - [2026-05-12T08:26:02.483+0000] {dag.py:4180} INFO - Setting next_dagrun for etl_datalake_hive_iceberg to 2026-05-11T00:00:00+00:00, run_after=2026-05-12T00:00:00+00:00
[2026-05-12T08:26:02.543+0000] {processor.py:208} INFO - Processing /opt/airflow/dags/etl_datalake_dag.py took 0.230 seconds
[2026-05-12T08:26:32.907+0000] {processor.py:186} INFO - Started process (PID=124) to work on /opt/airflow/dags/etl_datalake_dag.py
[2026-05-12T08:26:32.908+0000] {processor.py:914} INFO - Processing file /opt/airflow/dags/etl_datalake_dag.py for tasks to queue
[2026-05-12T08:26:32.910+0000] {logging_mixin.py:190} INFO - [2026-05-12T08:26:32.910+0000] {dagbag.py:588} INFO - Filling up the DagBag from /opt/airflow/dags/etl_datalake_dag.py
[2026-05-12T08:26:32.934+0000] {processor.py:925} INFO - DAG(s) 'etl_datalake_hive_iceberg' retrieved from /opt/airflow/dags/etl_datalake_dag.py
[2026-05-12T08:26:32.996+0000] {logging_mixin.py:190} INFO - [2026-05-12T08:26:32.996+0000] {dag.py:3239} INFO - Sync 1 DAGs
[2026-05-12T08:26:33.035+0000] {logging_mixin.py:190} INFO - [2026-05-12T08:26:33.035+0000] {dag.py:4180} INFO - Setting next_dagrun for etl_datalake_hive_iceberg to 2026-05-11T00:00:00+00:00, run_after=2026-05-12T00:00:00+00:00
[2026-05-12T08:26:33.084+0000] {processor.py:208} INFO - Processing /opt/airflow/dags/etl_datalake_dag.py took 0.185 seconds
[2026-05-12T08:27:03.488+0000] {processor.py:186} INFO - Started process (PID=128) to work on /opt/airflow/dags/etl_datalake_dag.py
[2026-05-12T08:27:03.489+0000] {processor.py:914} INFO - Processing file /opt/airflow/dags/etl_datalake_dag.py for tasks to queue
[2026-05-12T08:27:03.491+0000] {logging_mixin.py:190} INFO - [2026-05-12T08:27:03.491+0000] {dagbag.py:588} INFO - Filling up the DagBag from /opt/airflow/dags/etl_datalake_dag.py
[2026-05-12T08:27:03.520+0000] {processor.py:925} INFO - DAG(s) 'etl_datalake_hive_iceberg' retrieved from /opt/airflow/dags/etl_datalake_dag.py
[2026-05-12T08:27:03.576+0000] {logging_mixin.py:190} INFO - [2026-05-12T08:27:03.575+0000] {dag.py:3239} INFO - Sync 1 DAGs
[2026-05-12T08:27:03.623+0000] {logging_mixin.py:190} INFO - [2026-05-12T08:27:03.623+0000] {dag.py:4180} INFO - Setting next_dagrun for etl_datalake_hive_iceberg to 2026-05-11T00:00:00+00:00, run_after=2026-05-12T00:00:00+00:00
[2026-05-12T08:27:03.664+0000] {processor.py:208} INFO - Processing /opt/airflow/dags/etl_datalake_dag.py took 0.184 seconds
