[2026-03-21T04:40:52.630+0000] {local_task_job_runner.py:123} INFO - ::group::Pre task execution logs
[2026-03-21T04:40:52.666+0000] {taskinstance.py:2614} INFO - Dependencies all met for dep_context=non-requeueable deps ti=<TaskInstance: crawl_etl_itjob.load_bronze scheduled__2026-03-18T02:00:00+00:00 [queued]>
[2026-03-21T04:40:52.677+0000] {taskinstance.py:2614} INFO - Dependencies all met for dep_context=requeueable deps ti=<TaskInstance: crawl_etl_itjob.load_bronze scheduled__2026-03-18T02:00:00+00:00 [queued]>
[2026-03-21T04:40:52.677+0000] {taskinstance.py:2867} INFO - Starting attempt 1 of 2
[2026-03-21T04:40:52.698+0000] {taskinstance.py:2890} INFO - Executing <Task(BashOperator): load_bronze> on 2026-03-18 02:00:00+00:00
[2026-03-21T04:40:52.704+0000] {standard_task_runner.py:72} INFO - Started process 55 to run task
[2026-03-21T04:40:52.709+0000] {standard_task_runner.py:104} INFO - Running: ['***', 'tasks', 'run', 'crawl_etl_itjob', 'load_bronze', 'scheduled__2026-03-18T02:00:00+00:00', '--job-id', '685', '--raw', '--subdir', 'DAGS_FOLDER/Crawl_ETL_ITJob.py', '--cfg-path', '/tmp/tmp5yh2ycss']
[2026-03-21T04:40:52.712+0000] {standard_task_runner.py:105} INFO - Job 685: Subtask load_bronze
[2026-03-21T04:40:52.745+0000] {warnings.py:109} WARNING - /home/***/.local/lib/python3.8/site-packages/***/settings.py:209: DeprecationWarning: The sql_alchemy_conn option in [core] has been moved to the sql_alchemy_conn option in [database] - the old setting has been used, but please update your config.
  SQL_ALCHEMY_CONN = conf.get("database", "SQL_ALCHEMY_CONN")

[2026-03-21T04:40:52.830+0000] {task_command.py:467} INFO - Running <TaskInstance: crawl_etl_itjob.load_bronze scheduled__2026-03-18T02:00:00+00:00 [running]> on host b48ab74ce2ed
[2026-03-21T04:40:52.831+0000] {warnings.py:109} WARNING - /home/***/.local/lib/python3.8/site-packages/***/settings.py:470: DeprecationWarning: The sql_alchemy_conn option in [core] has been moved to the sql_alchemy_conn option in [database] - the old setting has been used, but please update your config.
  if conf.get("database", "sql_alchemy_conn") == "none://":

[2026-03-21T04:40:52.994+0000] {taskinstance.py:3134} INFO - Exporting env vars: AIRFLOW_CTX_DAG_EMAIL='hoa856856@gmail.com' AIRFLOW_CTX_DAG_OWNER='***' AIRFLOW_CTX_DAG_ID='crawl_etl_itjob' AIRFLOW_CTX_TASK_ID='load_bronze' AIRFLOW_CTX_EXECUTION_DATE='2026-03-18T02:00:00+00:00' AIRFLOW_CTX_TRY_NUMBER='1' AIRFLOW_CTX_DAG_RUN_ID='scheduled__2026-03-18T02:00:00+00:00'
[2026-03-21T04:40:52.995+0000] {taskinstance.py:732} INFO - ::endgroup::
[2026-03-21T04:40:53.015+0000] {subprocess.py:78} INFO - Tmp dir root location: /tmp
[2026-03-21T04:40:53.017+0000] {subprocess.py:88} INFO - Running command: ['/bin/bash', '-c', "\n        docker exec spark-submit bash -c '\n        /opt/spark/bin/spark-submit         --master spark://spark-master:7077         --deploy-mode client         --packages org.apache.iceberg:iceberg-spark-runtime-3.5_2.12:1.5.0,org.apache.hadoop:hadoop-aws:3.3.4,com.amazonaws:aws-java-sdk-bundle:1.12.262         /opt/spark/scripts/Load_Bronze.py\n        '\n        "]
[2026-03-21T04:40:53.029+0000] {subprocess.py:99} INFO - Output:
[2026-03-21T04:40:53.195+0000] {subprocess.py:106} INFO - /opt/spark/bin/load-spark-env.sh: line 68: ps: command not found
[2026-03-21T04:40:55.032+0000] {subprocess.py:106} INFO - :: loading settings :: url = jar:file:/opt/spark/jars/ivy-2.5.1.jar!/org/apache/ivy/core/settings/ivysettings.xml
[2026-03-21T04:40:55.193+0000] {subprocess.py:106} INFO - Ivy Default Cache set to: /home/spark/.ivy2/cache
[2026-03-21T04:40:55.194+0000] {subprocess.py:106} INFO - The jars for the packages stored in: /home/spark/.ivy2/jars
[2026-03-21T04:40:55.203+0000] {subprocess.py:106} INFO - org.apache.iceberg#iceberg-spark-runtime-3.5_2.12 added as a dependency
[2026-03-21T04:40:55.205+0000] {subprocess.py:106} INFO - org.apache.hadoop#hadoop-aws added as a dependency
[2026-03-21T04:40:55.206+0000] {subprocess.py:106} INFO - com.amazonaws#aws-java-sdk-bundle added as a dependency
[2026-03-21T04:40:55.207+0000] {subprocess.py:106} INFO - :: resolving dependencies :: org.apache.spark#spark-submit-parent-ca91c795-302e-439d-b00e-dca84d017908;1.0
[2026-03-21T04:40:55.208+0000] {subprocess.py:106} INFO - 	confs: [default]
[2026-03-21T04:40:55.377+0000] {subprocess.py:106} INFO - 	found org.apache.iceberg#iceberg-spark-runtime-3.5_2.12;1.5.0 in central
[2026-03-21T04:40:55.458+0000] {subprocess.py:106} INFO - 	found org.apache.hadoop#hadoop-aws;3.3.4 in central
[2026-03-21T04:40:55.490+0000] {subprocess.py:106} INFO - 	found com.amazonaws#aws-java-sdk-bundle;1.12.262 in central
[2026-03-21T04:40:55.523+0000] {subprocess.py:106} INFO - 	found org.wildfly.openssl#wildfly-openssl;1.0.7.Final in central
[2026-03-21T04:40:55.563+0000] {subprocess.py:106} INFO - :: resolution report :: resolve 342ms :: artifacts dl 15ms
[2026-03-21T04:40:55.564+0000] {subprocess.py:106} INFO - 	:: modules in use:
[2026-03-21T04:40:55.565+0000] {subprocess.py:106} INFO - 	com.amazonaws#aws-java-sdk-bundle;1.12.262 from central in [default]
[2026-03-21T04:40:55.565+0000] {subprocess.py:106} INFO - 	org.apache.hadoop#hadoop-aws;3.3.4 from central in [default]
[2026-03-21T04:40:55.568+0000] {subprocess.py:106} INFO - 	org.apache.iceberg#iceberg-spark-runtime-3.5_2.12;1.5.0 from central in [default]
[2026-03-21T04:40:55.569+0000] {subprocess.py:106} INFO - 	org.wildfly.openssl#wildfly-openssl;1.0.7.Final from central in [default]
[2026-03-21T04:40:55.570+0000] {subprocess.py:106} INFO - 	---------------------------------------------------------------------
[2026-03-21T04:40:55.570+0000] {subprocess.py:106} INFO - 	|                  |            modules            ||   artifacts   |
[2026-03-21T04:40:55.571+0000] {subprocess.py:106} INFO - 	|       conf       | number| search|dwnlded|evicted|| number|dwnlded|
[2026-03-21T04:40:55.571+0000] {subprocess.py:106} INFO - 	---------------------------------------------------------------------
[2026-03-21T04:40:55.572+0000] {subprocess.py:106} INFO - 	|      default     |   4   |   0   |   0   |   0   ||   4   |   0   |
[2026-03-21T04:40:55.572+0000] {subprocess.py:106} INFO - 	---------------------------------------------------------------------
[2026-03-21T04:40:55.573+0000] {subprocess.py:106} INFO - :: retrieving :: org.apache.spark#spark-submit-parent-ca91c795-302e-439d-b00e-dca84d017908
[2026-03-21T04:40:55.574+0000] {subprocess.py:106} INFO - 	confs: [default]
[2026-03-21T04:40:55.586+0000] {subprocess.py:106} INFO - 	0 artifacts copied, 4 already retrieved (0kB/10ms)
[2026-03-21T04:40:55.872+0000] {subprocess.py:106} INFO - 26/03/21 04:40:55 WARN NativeCodeLoader: Unable to load native-hadoop library for your platform... using builtin-java classes where applicable
[2026-03-21T04:40:59.903+0000] {subprocess.py:106} INFO - 26/03/21 04:40:59 INFO SparkContext: Running Spark version 3.5.3
[2026-03-21T04:40:59.903+0000] {subprocess.py:106} INFO - 26/03/21 04:40:59 INFO SparkContext: OS info Linux, 6.6.87.2-microsoft-standard-WSL2, amd64
[2026-03-21T04:40:59.904+0000] {subprocess.py:106} INFO - 26/03/21 04:40:59 INFO SparkContext: Java version 11.0.30
[2026-03-21T04:40:59.928+0000] {subprocess.py:106} INFO - 26/03/21 04:40:59 INFO ResourceUtils: ==============================================================
[2026-03-21T04:40:59.929+0000] {subprocess.py:106} INFO - 26/03/21 04:40:59 INFO ResourceUtils: No custom resources configured for spark.driver.
[2026-03-21T04:40:59.930+0000] {subprocess.py:106} INFO - 26/03/21 04:40:59 INFO ResourceUtils: ==============================================================
[2026-03-21T04:40:59.930+0000] {subprocess.py:106} INFO - 26/03/21 04:40:59 INFO SparkContext: Submitted application: Load_Bronze_MinIO_Iceberg
[2026-03-21T04:40:59.961+0000] {subprocess.py:106} INFO - 26/03/21 04:40:59 INFO ResourceProfile: Default ResourceProfile created, executor resources: Map(memory -> name: memory, amount: 1024, script: , vendor: , offHeap -> name: offHeap, amount: 0, script: , vendor: ), task resources: Map(cpus -> name: cpus, amount: 1.0)
[2026-03-21T04:40:59.973+0000] {subprocess.py:106} INFO - 26/03/21 04:40:59 INFO ResourceProfile: Limiting resource is cpu
[2026-03-21T04:40:59.975+0000] {subprocess.py:106} INFO - 26/03/21 04:40:59 INFO ResourceProfileManager: Added ResourceProfile id: 0
[2026-03-21T04:41:00.054+0000] {subprocess.py:106} INFO - 26/03/21 04:41:00 INFO SecurityManager: Changing view acls to: spark
[2026-03-21T04:41:00.055+0000] {subprocess.py:106} INFO - 26/03/21 04:41:00 INFO SecurityManager: Changing modify acls to: spark
[2026-03-21T04:41:00.056+0000] {subprocess.py:106} INFO - 26/03/21 04:41:00 INFO SecurityManager: Changing view acls groups to:
[2026-03-21T04:41:00.057+0000] {subprocess.py:106} INFO - 26/03/21 04:41:00 INFO SecurityManager: Changing modify acls groups to:
[2026-03-21T04:41:00.057+0000] {subprocess.py:106} INFO - 26/03/21 04:41:00 INFO SecurityManager: SecurityManager: authentication disabled; ui acls disabled; users with view permissions: spark; groups with view permissions: EMPTY; users with modify permissions: spark; groups with modify permissions: EMPTY
[2026-03-21T04:41:00.287+0000] {subprocess.py:106} INFO - 26/03/21 04:41:00 INFO Utils: Successfully started service 'sparkDriver' on port 36117.
[2026-03-21T04:41:00.321+0000] {subprocess.py:106} INFO - 26/03/21 04:41:00 INFO SparkEnv: Registering MapOutputTracker
[2026-03-21T04:41:00.357+0000] {subprocess.py:106} INFO - 26/03/21 04:41:00 INFO SparkEnv: Registering BlockManagerMaster
[2026-03-21T04:41:00.371+0000] {subprocess.py:106} INFO - 26/03/21 04:41:00 INFO BlockManagerMasterEndpoint: Using org.apache.spark.storage.DefaultTopologyMapper for getting topology information
[2026-03-21T04:41:00.372+0000] {subprocess.py:106} INFO - 26/03/21 04:41:00 INFO BlockManagerMasterEndpoint: BlockManagerMasterEndpoint up
[2026-03-21T04:41:00.377+0000] {subprocess.py:106} INFO - 26/03/21 04:41:00 INFO SparkEnv: Registering BlockManagerMasterHeartbeat
[2026-03-21T04:41:00.408+0000] {subprocess.py:106} INFO - 26/03/21 04:41:00 INFO DiskBlockManager: Created local directory at /tmp/blockmgr-ce368356-12cd-43b8-b6a4-a8340f467200
[2026-03-21T04:41:00.423+0000] {subprocess.py:106} INFO - 26/03/21 04:41:00 INFO MemoryStore: MemoryStore started with capacity 434.4 MiB
[2026-03-21T04:41:00.440+0000] {subprocess.py:106} INFO - 26/03/21 04:41:00 INFO SparkEnv: Registering OutputCommitCoordinator
[2026-03-21T04:41:00.600+0000] {subprocess.py:106} INFO - 26/03/21 04:41:00 INFO JettyUtils: Start Jetty 0.0.0.0:4040 for SparkUI
[2026-03-21T04:41:00.670+0000] {subprocess.py:106} INFO - 26/03/21 04:41:00 INFO Utils: Successfully started service 'SparkUI' on port 4040.
[2026-03-21T04:41:00.723+0000] {subprocess.py:106} INFO - 26/03/21 04:41:00 INFO SparkContext: Added JAR file:///home/spark/.ivy2/jars/org.apache.iceberg_iceberg-spark-runtime-3.5_2.12-1.5.0.jar at spark://2c78fe4103d4:36117/jars/org.apache.iceberg_iceberg-spark-runtime-3.5_2.12-1.5.0.jar with timestamp 1774068059892
[2026-03-21T04:41:00.723+0000] {subprocess.py:106} INFO - 26/03/21 04:41:00 INFO SparkContext: Added JAR file:///home/spark/.ivy2/jars/org.apache.hadoop_hadoop-aws-3.3.4.jar at spark://2c78fe4103d4:36117/jars/org.apache.hadoop_hadoop-aws-3.3.4.jar with timestamp 1774068059892
[2026-03-21T04:41:00.724+0000] {subprocess.py:106} INFO - 26/03/21 04:41:00 INFO SparkContext: Added JAR file:///home/spark/.ivy2/jars/com.amazonaws_aws-java-sdk-bundle-1.12.262.jar at spark://2c78fe4103d4:36117/jars/com.amazonaws_aws-java-sdk-bundle-1.12.262.jar with timestamp 1774068059892
[2026-03-21T04:41:00.728+0000] {subprocess.py:106} INFO - 26/03/21 04:41:00 INFO SparkContext: Added JAR file:///home/spark/.ivy2/jars/org.wildfly.openssl_wildfly-openssl-1.0.7.Final.jar at spark://2c78fe4103d4:36117/jars/org.wildfly.openssl_wildfly-openssl-1.0.7.Final.jar with timestamp 1774068059892
[2026-03-21T04:41:00.730+0000] {subprocess.py:106} INFO - 26/03/21 04:41:00 INFO SparkContext: Added file file:///home/spark/.ivy2/jars/org.apache.iceberg_iceberg-spark-runtime-3.5_2.12-1.5.0.jar at spark://2c78fe4103d4:36117/files/org.apache.iceberg_iceberg-spark-runtime-3.5_2.12-1.5.0.jar with timestamp 1774068059892
[2026-03-21T04:41:00.733+0000] {subprocess.py:106} INFO - 26/03/21 04:41:00 INFO Utils: Copying /home/spark/.ivy2/jars/org.apache.iceberg_iceberg-spark-runtime-3.5_2.12-1.5.0.jar to /tmp/spark-0f55186e-cec4-4a25-b8c3-ae3aee9d3c1b/userFiles-ff07a8ca-21d8-417e-9479-5ca2d79d4f1a/org.apache.iceberg_iceberg-spark-runtime-3.5_2.12-1.5.0.jar
[2026-03-21T04:41:00.866+0000] {subprocess.py:106} INFO - 26/03/21 04:41:00 INFO SparkContext: Added file file:///home/spark/.ivy2/jars/org.apache.hadoop_hadoop-aws-3.3.4.jar at spark://2c78fe4103d4:36117/files/org.apache.hadoop_hadoop-aws-3.3.4.jar with timestamp 1774068059892
[2026-03-21T04:41:00.867+0000] {subprocess.py:106} INFO - 26/03/21 04:41:00 INFO Utils: Copying /home/spark/.ivy2/jars/org.apache.hadoop_hadoop-aws-3.3.4.jar to /tmp/spark-0f55186e-cec4-4a25-b8c3-ae3aee9d3c1b/userFiles-ff07a8ca-21d8-417e-9479-5ca2d79d4f1a/org.apache.hadoop_hadoop-aws-3.3.4.jar
[2026-03-21T04:41:00.886+0000] {subprocess.py:106} INFO - 26/03/21 04:41:00 INFO SparkContext: Added file file:///home/spark/.ivy2/jars/com.amazonaws_aws-java-sdk-bundle-1.12.262.jar at spark://2c78fe4103d4:36117/files/com.amazonaws_aws-java-sdk-bundle-1.12.262.jar with timestamp 1774068059892
[2026-03-21T04:41:00.888+0000] {subprocess.py:106} INFO - 26/03/21 04:41:00 INFO Utils: Copying /home/spark/.ivy2/jars/com.amazonaws_aws-java-sdk-bundle-1.12.262.jar to /tmp/spark-0f55186e-cec4-4a25-b8c3-ae3aee9d3c1b/userFiles-ff07a8ca-21d8-417e-9479-5ca2d79d4f1a/com.amazonaws_aws-java-sdk-bundle-1.12.262.jar
[2026-03-21T04:41:01.955+0000] {subprocess.py:106} INFO - 26/03/21 04:41:01 INFO SparkContext: Added file file:///home/spark/.ivy2/jars/org.wildfly.openssl_wildfly-openssl-1.0.7.Final.jar at spark://2c78fe4103d4:36117/files/org.wildfly.openssl_wildfly-openssl-1.0.7.Final.jar with timestamp 1774068059892
[2026-03-21T04:41:01.955+0000] {subprocess.py:106} INFO - 26/03/21 04:41:01 INFO Utils: Copying /home/spark/.ivy2/jars/org.wildfly.openssl_wildfly-openssl-1.0.7.Final.jar to /tmp/spark-0f55186e-cec4-4a25-b8c3-ae3aee9d3c1b/userFiles-ff07a8ca-21d8-417e-9479-5ca2d79d4f1a/org.wildfly.openssl_wildfly-openssl-1.0.7.Final.jar
[2026-03-21T04:41:02.070+0000] {subprocess.py:106} INFO - 26/03/21 04:41:02 INFO StandaloneAppClient$ClientEndpoint: Connecting to master spark://spark-master:7077...
[2026-03-21T04:41:02.120+0000] {subprocess.py:106} INFO - 26/03/21 04:41:02 INFO TransportClientFactory: Successfully created connection to spark-master/172.30.0.5:7077 after 33 ms (0 ms spent in bootstraps)
[2026-03-21T04:41:02.370+0000] {subprocess.py:106} INFO - 26/03/21 04:41:02 INFO StandaloneSchedulerBackend: Connected to Spark cluster with app ID app-20260321044102-0000
[2026-03-21T04:41:02.383+0000] {subprocess.py:106} INFO - 26/03/21 04:41:02 INFO Utils: Successfully started service 'org.apache.spark.network.netty.NettyBlockTransferService' on port 42685.
[2026-03-21T04:41:02.383+0000] {subprocess.py:106} INFO - 26/03/21 04:41:02 INFO NettyBlockTransferService: Server created on 2c78fe4103d4:42685
[2026-03-21T04:41:02.385+0000] {subprocess.py:106} INFO - 26/03/21 04:41:02 INFO BlockManager: Using org.apache.spark.storage.RandomBlockReplicationPolicy for block replication policy
[2026-03-21T04:41:02.395+0000] {subprocess.py:106} INFO - 26/03/21 04:41:02 INFO BlockManagerMaster: Registering BlockManager BlockManagerId(driver, 2c78fe4103d4, 42685, None)
[2026-03-21T04:41:02.398+0000] {subprocess.py:106} INFO - 26/03/21 04:41:02 INFO BlockManagerMasterEndpoint: Registering block manager 2c78fe4103d4:42685 with 434.4 MiB RAM, BlockManagerId(driver, 2c78fe4103d4, 42685, None)
[2026-03-21T04:41:02.402+0000] {subprocess.py:106} INFO - 26/03/21 04:41:02 INFO BlockManagerMaster: Registered BlockManager BlockManagerId(driver, 2c78fe4103d4, 42685, None)
[2026-03-21T04:41:02.404+0000] {subprocess.py:106} INFO - 26/03/21 04:41:02 INFO BlockManager: Initialized BlockManager: BlockManagerId(driver, 2c78fe4103d4, 42685, None)
[2026-03-21T04:41:02.415+0000] {subprocess.py:106} INFO - 26/03/21 04:41:02 INFO StandaloneAppClient$ClientEndpoint: Executor added: app-20260321044102-0000/0 on worker-20260321042636-172.30.0.6-32893 (172.30.0.6:32893) with 8 core(s)
[2026-03-21T04:41:02.418+0000] {subprocess.py:106} INFO - 26/03/21 04:41:02 INFO StandaloneSchedulerBackend: Granted executor ID app-20260321044102-0000/0 on hostPort 172.30.0.6:32893 with 8 core(s), 1024.0 MiB RAM
[2026-03-21T04:41:02.776+0000] {subprocess.py:106} INFO - 26/03/21 04:41:02 INFO StandaloneSchedulerBackend: SchedulerBackend is ready for scheduling beginning after reached minRegisteredResourcesRatio: 0.0
[2026-03-21T04:41:02.914+0000] {subprocess.py:106} INFO - 26/03/21 04:41:02 INFO StandaloneAppClient$ClientEndpoint: Executor updated: app-20260321044102-0000/0 is now RUNNING
[2026-03-21T04:41:03.227+0000] {subprocess.py:106} INFO - Reading data from: s3a://warehouse/raw/itviec_jobs_full.csv
[2026-03-21T04:41:03.240+0000] {subprocess.py:106} INFO - 26/03/21 04:41:03 INFO SharedState: Setting hive.metastore.warehouse.dir ('null') to the value of spark.sql.warehouse.dir.
[2026-03-21T04:41:03.246+0000] {subprocess.py:106} INFO - 26/03/21 04:41:03 INFO SharedState: Warehouse path is 'file:/opt/spark/spark-warehouse'.
[2026-03-21T04:41:05.387+0000] {subprocess.py:106} INFO - 26/03/21 04:41:05 WARN MetricsConfig: Cannot locate configuration: tried hadoop-metrics2-s3a-file-system.properties,hadoop-metrics2.properties
[2026-03-21T04:41:05.412+0000] {subprocess.py:106} INFO - 26/03/21 04:41:05 INFO MetricsSystemImpl: Scheduled Metric snapshot period at 10 second(s).
[2026-03-21T04:41:05.416+0000] {subprocess.py:106} INFO - 26/03/21 04:41:05 INFO MetricsSystemImpl: s3a-file-system metrics system started
[2026-03-21T04:41:06.599+0000] {subprocess.py:106} INFO - 26/03/21 04:41:06 INFO StandaloneSchedulerBackend$StandaloneDriverEndpoint: Registered executor NettyRpcEndpointRef(spark-client://Executor) (172.30.0.6:35488) with ID 0,  ResourceProfileId 0
[2026-03-21T04:41:06.770+0000] {subprocess.py:106} INFO - 26/03/21 04:41:06 INFO BlockManagerMasterEndpoint: Registering block manager 172.30.0.6:33665 with 434.4 MiB RAM, BlockManagerId(0, 172.30.0.6, 33665, None)
[2026-03-21T04:41:07.301+0000] {subprocess.py:106} INFO - 26/03/21 04:41:07 INFO InMemoryFileIndex: It took 101 ms to list leaf files for 1 paths.
[2026-03-21T04:41:07.653+0000] {subprocess.py:106} INFO - 26/03/21 04:41:07 INFO MemoryStore: Block broadcast_0 stored as values in memory (estimated size 206.2 KiB, free 434.2 MiB)
[2026-03-21T04:41:08.091+0000] {subprocess.py:106} INFO - 26/03/21 04:41:08 INFO MemoryStore: Block broadcast_0_piece0 stored as bytes in memory (estimated size 36.1 KiB, free 434.2 MiB)
[2026-03-21T04:41:08.096+0000] {subprocess.py:106} INFO - 26/03/21 04:41:08 INFO BlockManagerInfo: Added broadcast_0_piece0 in memory on 2c78fe4103d4:42685 (size: 36.1 KiB, free: 434.4 MiB)
[2026-03-21T04:41:08.102+0000] {subprocess.py:106} INFO - 26/03/21 04:41:08 INFO SparkContext: Created broadcast 0 from csv at NativeMethodAccessorImpl.java:0
[2026-03-21T04:41:08.879+0000] {subprocess.py:106} INFO - 26/03/21 04:41:08 INFO FileInputFormat: Total input files to process : 1
[2026-03-21T04:41:08.889+0000] {subprocess.py:106} INFO - 26/03/21 04:41:08 INFO FileInputFormat: Total input files to process : 1
[2026-03-21T04:41:08.975+0000] {subprocess.py:106} INFO - 26/03/21 04:41:08 INFO SparkContext: Starting job: csv at NativeMethodAccessorImpl.java:0
[2026-03-21T04:41:09.004+0000] {subprocess.py:106} INFO - 26/03/21 04:41:09 INFO DAGScheduler: Got job 0 (csv at NativeMethodAccessorImpl.java:0) with 1 output partitions
[2026-03-21T04:41:09.006+0000] {subprocess.py:106} INFO - 26/03/21 04:41:09 INFO DAGScheduler: Final stage: ResultStage 0 (csv at NativeMethodAccessorImpl.java:0)
[2026-03-21T04:41:09.008+0000] {subprocess.py:106} INFO - 26/03/21 04:41:09 INFO DAGScheduler: Parents of final stage: List()
[2026-03-21T04:41:09.013+0000] {subprocess.py:106} INFO - 26/03/21 04:41:09 INFO DAGScheduler: Missing parents: List()
[2026-03-21T04:41:09.020+0000] {subprocess.py:106} INFO - 26/03/21 04:41:09 INFO DAGScheduler: Submitting ResultStage 0 (MapPartitionsRDD[2] at csv at NativeMethodAccessorImpl.java:0), which has no missing parents
[2026-03-21T04:41:10.451+0000] {subprocess.py:106} INFO - 26/03/21 04:41:10 INFO MemoryStore: Block broadcast_1 stored as values in memory (estimated size 7.6 KiB, free 434.2 MiB)
[2026-03-21T04:41:10.469+0000] {subprocess.py:106} INFO - 26/03/21 04:41:10 INFO MemoryStore: Block broadcast_1_piece0 stored as bytes in memory (estimated size 4.4 KiB, free 434.2 MiB)
[2026-03-21T04:41:10.474+0000] {subprocess.py:106} INFO - 26/03/21 04:41:10 INFO BlockManagerInfo: Added broadcast_1_piece0 in memory on 2c78fe4103d4:42685 (size: 4.4 KiB, free: 434.4 MiB)
[2026-03-21T04:41:10.475+0000] {subprocess.py:106} INFO - 26/03/21 04:41:10 INFO SparkContext: Created broadcast 1 from broadcast at DAGScheduler.scala:1585
[2026-03-21T04:41:10.509+0000] {subprocess.py:106} INFO - 26/03/21 04:41:10 INFO DAGScheduler: Submitting 1 missing tasks from ResultStage 0 (MapPartitionsRDD[2] at csv at NativeMethodAccessorImpl.java:0) (first 15 tasks are for partitions Vector(0))
[2026-03-21T04:41:10.515+0000] {subprocess.py:106} INFO - 26/03/21 04:41:10 INFO TaskSchedulerImpl: Adding task set 0.0 with 1 tasks resource profile 0
[2026-03-21T04:41:10.519+0000] {subprocess.py:106} INFO - 26/03/21 04:41:10 INFO AsyncEventQueue: Process of event SparkListenerJobStart(0,1774068069010,WrappedArray(org.apache.spark.scheduler.StageInfo@2114165b),{spark.rdd.scope={"id":"2","name":"take"}, spark.rdd.scope.noOverride=true}) by listener AppStatusListener took 1.501105773s.
[2026-03-21T04:41:12.331+0000] {subprocess.py:106} INFO - 26/03/21 04:41:12 INFO TaskSetManager: Starting task 0.0 in stage 0.0 (TID 0) (172.30.0.6, executor 0, partition 0, PROCESS_LOCAL, 10108 bytes)
[2026-03-21T04:41:12.596+0000] {subprocess.py:106} INFO - 26/03/21 04:41:12 INFO BlockManagerInfo: Added broadcast_1_piece0 in memory on 172.30.0.6:33665 (size: 4.4 KiB, free: 434.4 MiB)
[2026-03-21T04:41:12.928+0000] {subprocess.py:106} INFO - 26/03/21 04:41:12 INFO BlockManagerInfo: Added broadcast_0_piece0 in memory on 172.30.0.6:33665 (size: 36.1 KiB, free: 434.4 MiB)
[2026-03-21T04:41:14.572+0000] {subprocess.py:106} INFO - 26/03/21 04:41:14 INFO TaskSetManager: Finished task 0.0 in stage 0.0 (TID 0) in 2262 ms on 172.30.0.6 (executor 0) (1/1)
[2026-03-21T04:41:14.576+0000] {subprocess.py:106} INFO - 26/03/21 04:41:14 INFO TaskSchedulerImpl: Removed TaskSet 0.0, whose tasks have all completed, from pool
[2026-03-21T04:41:14.583+0000] {subprocess.py:106} INFO - 26/03/21 04:41:14 INFO DAGScheduler: ResultStage 0 (csv at NativeMethodAccessorImpl.java:0) finished in 4.137 s
[2026-03-21T04:41:14.588+0000] {subprocess.py:106} INFO - 26/03/21 04:41:14 INFO DAGScheduler: Job 0 is finished. Cancelling potential speculative or zombie tasks for this job
[2026-03-21T04:41:14.589+0000] {subprocess.py:106} INFO - 26/03/21 04:41:14 INFO TaskSchedulerImpl: Killing all running tasks in stage 0: Stage finished
[2026-03-21T04:41:14.593+0000] {subprocess.py:106} INFO - 26/03/21 04:41:14 INFO DAGScheduler: Job 0 finished: csv at NativeMethodAccessorImpl.java:0, took 5.616323 s
[2026-03-21T04:41:14.647+0000] {subprocess.py:106} INFO - 26/03/21 04:41:14 INFO SparkContext: Starting job: csv at NativeMethodAccessorImpl.java:0
[2026-03-21T04:41:14.652+0000] {subprocess.py:106} INFO - 26/03/21 04:41:14 INFO DAGScheduler: Got job 1 (csv at NativeMethodAccessorImpl.java:0) with 1 output partitions
[2026-03-21T04:41:14.652+0000] {subprocess.py:106} INFO - 26/03/21 04:41:14 INFO DAGScheduler: Final stage: ResultStage 1 (csv at NativeMethodAccessorImpl.java:0)
[2026-03-21T04:41:14.653+0000] {subprocess.py:106} INFO - 26/03/21 04:41:14 INFO DAGScheduler: Parents of final stage: List()
[2026-03-21T04:41:14.653+0000] {subprocess.py:106} INFO - 26/03/21 04:41:14 INFO DAGScheduler: Missing parents: List()
[2026-03-21T04:41:14.654+0000] {subprocess.py:106} INFO - 26/03/21 04:41:14 INFO DAGScheduler: Submitting ResultStage 1 (MapPartitionsRDD[3] at csv at NativeMethodAccessorImpl.java:0), which has no missing parents
[2026-03-21T04:41:14.656+0000] {subprocess.py:106} INFO - 26/03/21 04:41:14 INFO MemoryStore: Block broadcast_2 stored as values in memory (estimated size 10.1 KiB, free 434.1 MiB)
[2026-03-21T04:41:14.664+0000] {subprocess.py:106} INFO - 26/03/21 04:41:14 INFO MemoryStore: Block broadcast_2_piece0 stored as bytes in memory (estimated size 5.4 KiB, free 434.1 MiB)
[2026-03-21T04:41:14.665+0000] {subprocess.py:106} INFO - 26/03/21 04:41:14 INFO BlockManagerInfo: Added broadcast_2_piece0 in memory on 2c78fe4103d4:42685 (size: 5.4 KiB, free: 434.4 MiB)
[2026-03-21T04:41:14.671+0000] {subprocess.py:106} INFO - 26/03/21 04:41:14 INFO SparkContext: Created broadcast 2 from broadcast at DAGScheduler.scala:1585
[2026-03-21T04:41:14.673+0000] {subprocess.py:106} INFO - 26/03/21 04:41:14 INFO DAGScheduler: Submitting 1 missing tasks from ResultStage 1 (MapPartitionsRDD[3] at csv at NativeMethodAccessorImpl.java:0) (first 15 tasks are for partitions Vector(0))
[2026-03-21T04:41:14.674+0000] {subprocess.py:106} INFO - 26/03/21 04:41:14 INFO TaskSchedulerImpl: Adding task set 1.0 with 1 tasks resource profile 0
[2026-03-21T04:41:14.675+0000] {subprocess.py:106} INFO - 26/03/21 04:41:14 INFO TaskSetManager: Starting task 0.0 in stage 1.0 (TID 1) (172.30.0.6, executor 0, partition 0, PROCESS_LOCAL, 10108 bytes)
[2026-03-21T04:41:14.731+0000] {subprocess.py:106} INFO - 26/03/21 04:41:14 INFO BlockManagerInfo: Removed broadcast_1_piece0 on 2c78fe4103d4:42685 in memory (size: 4.4 KiB, free: 434.4 MiB)
[2026-03-21T04:41:14.736+0000] {subprocess.py:106} INFO - 26/03/21 04:41:14 INFO BlockManagerInfo: Removed broadcast_1_piece0 on 172.30.0.6:33665 in memory (size: 4.4 KiB, free: 434.4 MiB)
[2026-03-21T04:41:14.742+0000] {subprocess.py:106} INFO - 26/03/21 04:41:14 INFO BlockManagerInfo: Added broadcast_2_piece0 in memory on 172.30.0.6:33665 (size: 5.4 KiB, free: 434.4 MiB)
[2026-03-21T04:41:15.596+0000] {subprocess.py:106} INFO - 26/03/21 04:41:15 INFO TaskSetManager: Finished task 0.0 in stage 1.0 (TID 1) in 921 ms on 172.30.0.6 (executor 0) (1/1)
[2026-03-21T04:41:15.598+0000] {subprocess.py:106} INFO - 26/03/21 04:41:15 INFO TaskSchedulerImpl: Removed TaskSet 1.0, whose tasks have all completed, from pool
[2026-03-21T04:41:15.598+0000] {subprocess.py:106} INFO - 26/03/21 04:41:15 INFO DAGScheduler: ResultStage 1 (csv at NativeMethodAccessorImpl.java:0) finished in 0.942 s
[2026-03-21T04:41:15.599+0000] {subprocess.py:106} INFO - 26/03/21 04:41:15 INFO DAGScheduler: Job 1 is finished. Cancelling potential speculative or zombie tasks for this job
[2026-03-21T04:41:15.600+0000] {subprocess.py:106} INFO - 26/03/21 04:41:15 INFO TaskSchedulerImpl: Killing all running tasks in stage 1: Stage finished
[2026-03-21T04:41:15.605+0000] {subprocess.py:106} INFO - 26/03/21 04:41:15 INFO DAGScheduler: Job 1 finished: csv at NativeMethodAccessorImpl.java:0, took 0.957667 s
[2026-03-21T04:41:15.895+0000] {subprocess.py:106} INFO - 26/03/21 04:41:15 INFO BlockManagerInfo: Removed broadcast_2_piece0 on 2c78fe4103d4:42685 in memory (size: 5.4 KiB, free: 434.4 MiB)
[2026-03-21T04:41:15.899+0000] {subprocess.py:106} INFO - 26/03/21 04:41:15 INFO BlockManagerInfo: Removed broadcast_2_piece0 on 172.30.0.6:33665 in memory (size: 5.4 KiB, free: 434.4 MiB)
[2026-03-21T04:41:15.908+0000] {subprocess.py:106} INFO - 26/03/21 04:41:15 INFO BlockManagerInfo: Removed broadcast_0_piece0 on 2c78fe4103d4:42685 in memory (size: 36.1 KiB, free: 434.4 MiB)
[2026-03-21T04:41:15.911+0000] {subprocess.py:106} INFO - 26/03/21 04:41:15 INFO BlockManagerInfo: Removed broadcast_0_piece0 on 172.30.0.6:33665 in memory (size: 36.1 KiB, free: 434.4 MiB)
[2026-03-21T04:41:17.026+0000] {subprocess.py:106} INFO - 26/03/21 04:41:17 INFO FileSourceStrategy: Pushed Filters:
[2026-03-21T04:41:17.027+0000] {subprocess.py:106} INFO - 26/03/21 04:41:17 INFO FileSourceStrategy: Post-Scan Filters:
[2026-03-21T04:41:17.499+0000] {subprocess.py:106} INFO - 26/03/21 04:41:17 INFO CodeGenerator: Code generated in 263.736359 ms
[2026-03-21T04:41:17.508+0000] {subprocess.py:106} INFO - 26/03/21 04:41:17 INFO MemoryStore: Block broadcast_3 stored as values in memory (estimated size 205.1 KiB, free 434.2 MiB)
[2026-03-21T04:41:17.527+0000] {subprocess.py:106} INFO - 26/03/21 04:41:17 INFO MemoryStore: Block broadcast_3_piece0 stored as bytes in memory (estimated size 36.1 KiB, free 434.2 MiB)
[2026-03-21T04:41:17.528+0000] {subprocess.py:106} INFO - 26/03/21 04:41:17 INFO BlockManagerInfo: Added broadcast_3_piece0 in memory on 2c78fe4103d4:42685 (size: 36.1 KiB, free: 434.4 MiB)
[2026-03-21T04:41:17.529+0000] {subprocess.py:106} INFO - 26/03/21 04:41:17 INFO SparkContext: Created broadcast 3 from count at NativeMethodAccessorImpl.java:0
[2026-03-21T04:41:17.561+0000] {subprocess.py:106} INFO - 26/03/21 04:41:17 INFO FileSourceScanExec: Planning scan with bin packing, max size: 4194304 bytes, open cost is considered as scanning 4194304 bytes.
[2026-03-21T04:41:17.611+0000] {subprocess.py:106} INFO - 26/03/21 04:41:17 INFO DAGScheduler: Registering RDD 7 (count at NativeMethodAccessorImpl.java:0) as input to shuffle 0
[2026-03-21T04:41:17.616+0000] {subprocess.py:106} INFO - 26/03/21 04:41:17 INFO DAGScheduler: Got map stage job 2 (count at NativeMethodAccessorImpl.java:0) with 1 output partitions
[2026-03-21T04:41:17.617+0000] {subprocess.py:106} INFO - 26/03/21 04:41:17 INFO DAGScheduler: Final stage: ShuffleMapStage 2 (count at NativeMethodAccessorImpl.java:0)
[2026-03-21T04:41:17.617+0000] {subprocess.py:106} INFO - 26/03/21 04:41:17 INFO DAGScheduler: Parents of final stage: List()
[2026-03-21T04:41:17.620+0000] {subprocess.py:106} INFO - 26/03/21 04:41:17 INFO DAGScheduler: Missing parents: List()
[2026-03-21T04:41:17.624+0000] {subprocess.py:106} INFO - 26/03/21 04:41:17 INFO DAGScheduler: Submitting ShuffleMapStage 2 (MapPartitionsRDD[7] at count at NativeMethodAccessorImpl.java:0), which has no missing parents
[2026-03-21T04:41:17.666+0000] {subprocess.py:106} INFO - 26/03/21 04:41:17 INFO MemoryStore: Block broadcast_4 stored as values in memory (estimated size 18.1 KiB, free 434.1 MiB)
[2026-03-21T04:41:17.675+0000] {subprocess.py:106} INFO - 26/03/21 04:41:17 INFO MemoryStore: Block broadcast_4_piece0 stored as bytes in memory (estimated size 8.9 KiB, free 434.1 MiB)
[2026-03-21T04:41:17.677+0000] {subprocess.py:106} INFO - 26/03/21 04:41:17 INFO BlockManagerInfo: Added broadcast_4_piece0 in memory on 2c78fe4103d4:42685 (size: 8.9 KiB, free: 434.4 MiB)
[2026-03-21T04:41:17.678+0000] {subprocess.py:106} INFO - 26/03/21 04:41:17 INFO SparkContext: Created broadcast 4 from broadcast at DAGScheduler.scala:1585
[2026-03-21T04:41:17.681+0000] {subprocess.py:106} INFO - 26/03/21 04:41:17 INFO DAGScheduler: Submitting 1 missing tasks from ShuffleMapStage 2 (MapPartitionsRDD[7] at count at NativeMethodAccessorImpl.java:0) (first 15 tasks are for partitions Vector(0))
[2026-03-21T04:41:17.683+0000] {subprocess.py:106} INFO - 26/03/21 04:41:17 INFO TaskSchedulerImpl: Adding task set 2.0 with 1 tasks resource profile 0
[2026-03-21T04:41:17.687+0000] {subprocess.py:106} INFO - 26/03/21 04:41:17 INFO TaskSetManager: Starting task 0.0 in stage 2.0 (TID 2) (172.30.0.6, executor 0, partition 0, PROCESS_LOCAL, 10568 bytes)
[2026-03-21T04:41:17.733+0000] {subprocess.py:106} INFO - 26/03/21 04:41:17 INFO BlockManagerInfo: Added broadcast_4_piece0 in memory on 172.30.0.6:33665 (size: 8.9 KiB, free: 434.4 MiB)
[2026-03-21T04:41:18.290+0000] {subprocess.py:106} INFO - 26/03/21 04:41:18 INFO BlockManagerInfo: Added broadcast_3_piece0 in memory on 172.30.0.6:33665 (size: 36.1 KiB, free: 434.4 MiB)
[2026-03-21T04:41:18.483+0000] {subprocess.py:106} INFO - 26/03/21 04:41:18 INFO TaskSetManager: Finished task 0.0 in stage 2.0 (TID 2) in 798 ms on 172.30.0.6 (executor 0) (1/1)
[2026-03-21T04:41:18.484+0000] {subprocess.py:106} INFO - 26/03/21 04:41:18 INFO TaskSchedulerImpl: Removed TaskSet 2.0, whose tasks have all completed, from pool
[2026-03-21T04:41:18.488+0000] {subprocess.py:106} INFO - 26/03/21 04:41:18 INFO DAGScheduler: ShuffleMapStage 2 (count at NativeMethodAccessorImpl.java:0) finished in 0.855 s
[2026-03-21T04:41:18.489+0000] {subprocess.py:106} INFO - 26/03/21 04:41:18 INFO DAGScheduler: looking for newly runnable stages
[2026-03-21T04:41:18.489+0000] {subprocess.py:106} INFO - 26/03/21 04:41:18 INFO DAGScheduler: running: Set()
[2026-03-21T04:41:18.490+0000] {subprocess.py:106} INFO - 26/03/21 04:41:18 INFO DAGScheduler: waiting: Set()
[2026-03-21T04:41:18.490+0000] {subprocess.py:106} INFO - 26/03/21 04:41:18 INFO DAGScheduler: failed: Set()
[2026-03-21T04:41:18.533+0000] {subprocess.py:106} INFO - 26/03/21 04:41:18 INFO CodeGenerator: Code generated in 10.957283 ms
[2026-03-21T04:41:18.555+0000] {subprocess.py:106} INFO - 26/03/21 04:41:18 INFO SparkContext: Starting job: count at NativeMethodAccessorImpl.java:0
[2026-03-21T04:41:18.558+0000] {subprocess.py:106} INFO - 26/03/21 04:41:18 INFO DAGScheduler: Got job 3 (count at NativeMethodAccessorImpl.java:0) with 1 output partitions
[2026-03-21T04:41:18.559+0000] {subprocess.py:106} INFO - 26/03/21 04:41:18 INFO DAGScheduler: Final stage: ResultStage 4 (count at NativeMethodAccessorImpl.java:0)
[2026-03-21T04:41:18.560+0000] {subprocess.py:106} INFO - 26/03/21 04:41:18 INFO DAGScheduler: Parents of final stage: List(ShuffleMapStage 3)
[2026-03-21T04:41:18.560+0000] {subprocess.py:106} INFO - 26/03/21 04:41:18 INFO DAGScheduler: Missing parents: List()
[2026-03-21T04:41:18.561+0000] {subprocess.py:106} INFO - 26/03/21 04:41:18 INFO DAGScheduler: Submitting ResultStage 4 (MapPartitionsRDD[10] at count at NativeMethodAccessorImpl.java:0), which has no missing parents
[2026-03-21T04:41:18.569+0000] {subprocess.py:106} INFO - 26/03/21 04:41:18 INFO MemoryStore: Block broadcast_5 stored as values in memory (estimated size 12.5 KiB, free 434.1 MiB)
[2026-03-21T04:41:18.578+0000] {subprocess.py:106} INFO - 26/03/21 04:41:18 INFO MemoryStore: Block broadcast_5_piece0 stored as bytes in memory (estimated size 5.9 KiB, free 434.1 MiB)
[2026-03-21T04:41:18.584+0000] {subprocess.py:106} INFO - 26/03/21 04:41:18 INFO BlockManagerInfo: Added broadcast_5_piece0 in memory on 2c78fe4103d4:42685 (size: 5.9 KiB, free: 434.4 MiB)
[2026-03-21T04:41:18.585+0000] {subprocess.py:106} INFO - 26/03/21 04:41:18 INFO BlockManagerInfo: Removed broadcast_4_piece0 on 2c78fe4103d4:42685 in memory (size: 8.9 KiB, free: 434.4 MiB)
[2026-03-21T04:41:18.586+0000] {subprocess.py:106} INFO - 26/03/21 04:41:18 INFO BlockManagerInfo: Removed broadcast_4_piece0 on 172.30.0.6:33665 in memory (size: 8.9 KiB, free: 434.4 MiB)
[2026-03-21T04:41:18.589+0000] {subprocess.py:106} INFO - 26/03/21 04:41:18 INFO SparkContext: Created broadcast 5 from broadcast at DAGScheduler.scala:1585
[2026-03-21T04:41:18.589+0000] {subprocess.py:106} INFO - 26/03/21 04:41:18 INFO DAGScheduler: Submitting 1 missing tasks from ResultStage 4 (MapPartitionsRDD[10] at count at NativeMethodAccessorImpl.java:0) (first 15 tasks are for partitions Vector(0))
[2026-03-21T04:41:18.590+0000] {subprocess.py:106} INFO - 26/03/21 04:41:18 INFO TaskSchedulerImpl: Adding task set 4.0 with 1 tasks resource profile 0
[2026-03-21T04:41:18.596+0000] {subprocess.py:106} INFO - 26/03/21 04:41:18 INFO TaskSetManager: Starting task 0.0 in stage 4.0 (TID 3) (172.30.0.6, executor 0, partition 0, NODE_LOCAL, 9976 bytes)
[2026-03-21T04:41:18.638+0000] {subprocess.py:106} INFO - 26/03/21 04:41:18 INFO BlockManagerInfo: Added broadcast_5_piece0 in memory on 172.30.0.6:33665 (size: 5.9 KiB, free: 434.4 MiB)
[2026-03-21T04:41:18.668+0000] {subprocess.py:106} INFO - 26/03/21 04:41:18 INFO MapOutputTrackerMasterEndpoint: Asked to send map output locations for shuffle 0 to 172.30.0.6:35488
[2026-03-21T04:41:18.807+0000] {subprocess.py:106} INFO - 26/03/21 04:41:18 INFO TaskSetManager: Finished task 0.0 in stage 4.0 (TID 3) in 212 ms on 172.30.0.6 (executor 0) (1/1)
[2026-03-21T04:41:18.808+0000] {subprocess.py:106} INFO - 26/03/21 04:41:18 INFO TaskSchedulerImpl: Removed TaskSet 4.0, whose tasks have all completed, from pool
[2026-03-21T04:41:18.812+0000] {subprocess.py:106} INFO - 26/03/21 04:41:18 INFO DAGScheduler: ResultStage 4 (count at NativeMethodAccessorImpl.java:0) finished in 0.239 s
[2026-03-21T04:41:18.812+0000] {subprocess.py:106} INFO - 26/03/21 04:41:18 INFO DAGScheduler: Job 3 is finished. Cancelling potential speculative or zombie tasks for this job
[2026-03-21T04:41:18.813+0000] {subprocess.py:106} INFO - 26/03/21 04:41:18 INFO TaskSchedulerImpl: Killing all running tasks in stage 4: Stage finished
[2026-03-21T04:41:18.814+0000] {subprocess.py:106} INFO - 26/03/21 04:41:18 INFO DAGScheduler: Job 3 finished: count at NativeMethodAccessorImpl.java:0, took 0.252680 s
[2026-03-21T04:41:18.819+0000] {subprocess.py:106} INFO -  Record loaded from CSV: 9128
[2026-03-21T04:41:18.821+0000] {subprocess.py:106} INFO - root
[2026-03-21T04:41:18.822+0000] {subprocess.py:106} INFO -  |-- job_title: string (nullable = true)
[2026-03-21T04:41:18.823+0000] {subprocess.py:106} INFO -  |-- company_name: string (nullable = true)
[2026-03-21T04:41:18.823+0000] {subprocess.py:106} INFO -  |-- location: string (nullable = true)
[2026-03-21T04:41:18.824+0000] {subprocess.py:106} INFO -  |-- skills_required: string (nullable = true)
[2026-03-21T04:41:18.824+0000] {subprocess.py:106} INFO -  |-- date_posted: timestamp (nullable = true)
[2026-03-21T04:41:18.824+0000] {subprocess.py:106} INFO -  |-- job_link: string (nullable = true)
[2026-03-21T04:41:18.825+0000] {subprocess.py:106} INFO -  |-- job_category: string (nullable = true)
[2026-03-21T04:41:18.825+0000] {subprocess.py:106} INFO -  |-- work_mode: string (nullable = true)
[2026-03-21T04:41:18.825+0000] {subprocess.py:106} INFO -  |-- crawl_date: timestamp (nullable = true)
[2026-03-21T04:41:18.826+0000] {subprocess.py:106} INFO -  |-- date_only: date (nullable = true)
[2026-03-21T04:41:18.826+0000] {subprocess.py:106} INFO - 
[2026-03-21T04:41:19.040+0000] {subprocess.py:106} INFO - 26/03/21 04:41:19 INFO BlockManagerInfo: Removed broadcast_5_piece0 on 2c78fe4103d4:42685 in memory (size: 5.9 KiB, free: 434.4 MiB)
[2026-03-21T04:41:19.043+0000] {subprocess.py:106} INFO - 26/03/21 04:41:19 INFO BlockManagerInfo: Removed broadcast_5_piece0 on 172.30.0.6:33665 in memory (size: 5.9 KiB, free: 434.4 MiB)
[2026-03-21T04:41:19.300+0000] {subprocess.py:106} INFO - 26/03/21 04:41:19 INFO HiveConf: Found configuration file null
[2026-03-21T04:41:19.700+0000] {subprocess.py:106} INFO - 26/03/21 04:41:19 INFO metastore: Trying to connect to metastore with URI thrift://hive-metastore:9083
[2026-03-21T04:41:19.751+0000] {subprocess.py:106} INFO - 26/03/21 04:41:19 INFO metastore: Opened a connection to metastore, current connections: 1
[2026-03-21T04:41:19.886+0000] {subprocess.py:106} INFO - 26/03/21 04:41:19 INFO metastore: Connected to metastore.
[2026-03-21T04:41:20.785+0000] {subprocess.py:106} INFO - 26/03/21 04:41:20 INFO BaseMetastoreTableOperations: Refreshing table metadata from new version: s3a://warehouse/iceberg_data/bronze.db/it_jobs_raw/metadata/00017-b64531dc-a22e-4d98-8c62-0df93efb85c6.metadata.json
[2026-03-21T04:41:20.872+0000] {subprocess.py:106} INFO - 26/03/21 04:41:20 INFO BlockManagerInfo: Removed broadcast_3_piece0 on 2c78fe4103d4:42685 in memory (size: 36.1 KiB, free: 434.4 MiB)
[2026-03-21T04:41:20.880+0000] {subprocess.py:106} INFO - 26/03/21 04:41:20 INFO BlockManagerInfo: Removed broadcast_3_piece0 on 172.30.0.6:33665 in memory (size: 36.1 KiB, free: 434.4 MiB)
[2026-03-21T04:41:21.214+0000] {subprocess.py:106} INFO - 26/03/21 04:41:21 INFO BaseMetastoreCatalog: Table loaded by catalog: iceberg.bronze.it_jobs_raw
[2026-03-21T04:41:21.223+0000] {subprocess.py:106} INFO - Table iceberg.bronze.it_jobs_raw exists. Checking for new records...
[2026-03-21T04:41:21.498+0000] {subprocess.py:106} INFO - 26/03/21 04:41:21 INFO V2ScanRelationPushDown:
[2026-03-21T04:41:21.499+0000] {subprocess.py:106} INFO - Pushing operators to iceberg.bronze.it_jobs_raw
[2026-03-21T04:41:21.499+0000] {subprocess.py:106} INFO - Pushed Filters: job_link IS NOT NULL
[2026-03-21T04:41:21.500+0000] {subprocess.py:106} INFO - Post-Scan Filters: isnotnull(job_link#79)
[2026-03-21T04:41:21.500+0000] {subprocess.py:106} INFO - 
[2026-03-21T04:41:21.545+0000] {subprocess.py:106} INFO - 26/03/21 04:41:21 INFO V2ScanRelationPushDown:
[2026-03-21T04:41:21.546+0000] {subprocess.py:106} INFO - Output: job_link#79
[2026-03-21T04:41:21.546+0000] {subprocess.py:106} INFO - 
[2026-03-21T04:41:21.560+0000] {subprocess.py:106} INFO - 26/03/21 04:41:21 INFO SnapshotScan: Scanning table iceberg.bronze.it_jobs_raw snapshot 2433373360090164082 created at 2026-03-18T04:18:01.428+00:00 with filter job_link IS NOT NULL
[2026-03-21T04:41:21.914+0000] {subprocess.py:106} INFO - 26/03/21 04:41:21 INFO BaseDistributedDataScan: Planning file tasks locally for table iceberg.bronze.it_jobs_raw
[2026-03-21T04:41:22.146+0000] {subprocess.py:106} INFO - 26/03/21 04:41:22 INFO SparkPartitioningAwareScan: Reporting UnknownPartitioning with 5 partition(s) for table iceberg.bronze.it_jobs_raw
[2026-03-21T04:41:22.226+0000] {subprocess.py:106} INFO - 26/03/21 04:41:22 INFO FileSourceStrategy: Pushed Filters:
[2026-03-21T04:41:22.227+0000] {subprocess.py:106} INFO - 26/03/21 04:41:22 INFO FileSourceStrategy: Post-Scan Filters:
[2026-03-21T04:41:22.241+0000] {subprocess.py:106} INFO - 26/03/21 04:41:22 INFO MemoryStore: Block broadcast_6 stored as values in memory (estimated size 32.0 KiB, free 434.4 MiB)
[2026-03-21T04:41:22.273+0000] {subprocess.py:106} INFO - 26/03/21 04:41:22 INFO MemoryStore: Block broadcast_6_piece0 stored as bytes in memory (estimated size 30.1 KiB, free 434.3 MiB)
[2026-03-21T04:41:22.277+0000] {subprocess.py:106} INFO - 26/03/21 04:41:22 INFO BlockManagerInfo: Added broadcast_6_piece0 in memory on 2c78fe4103d4:42685 (size: 30.1 KiB, free: 434.4 MiB)
[2026-03-21T04:41:22.280+0000] {subprocess.py:106} INFO - 26/03/21 04:41:22 INFO SparkContext: Created broadcast 6 from broadcast at SparkBatch.java:79
[2026-03-21T04:41:22.292+0000] {subprocess.py:106} INFO - 26/03/21 04:41:22 INFO MemoryStore: Block broadcast_7 stored as values in memory (estimated size 32.0 KiB, free 434.3 MiB)
[2026-03-21T04:41:22.297+0000] {subprocess.py:106} INFO - 26/03/21 04:41:22 INFO MemoryStore: Block broadcast_7_piece0 stored as bytes in memory (estimated size 30.1 KiB, free 434.3 MiB)
[2026-03-21T04:41:22.300+0000] {subprocess.py:106} INFO - 26/03/21 04:41:22 INFO BlockManagerInfo: Added broadcast_7_piece0 in memory on 2c78fe4103d4:42685 (size: 30.1 KiB, free: 434.3 MiB)
[2026-03-21T04:41:22.302+0000] {subprocess.py:106} INFO - 26/03/21 04:41:22 INFO SparkContext: Created broadcast 7 from broadcast at SparkBatch.java:79
[2026-03-21T04:41:22.417+0000] {subprocess.py:106} INFO - 26/03/21 04:41:22 INFO CodeGenerator: Code generated in 25.084259 ms
[2026-03-21T04:41:22.453+0000] {subprocess.py:106} INFO - 26/03/21 04:41:22 INFO SparkContext: Starting job: $anonfun$withThreadLocalCaptured$1 at FutureTask.java:264
[2026-03-21T04:41:22.456+0000] {subprocess.py:106} INFO - 26/03/21 04:41:22 INFO DAGScheduler: Got job 4 ($anonfun$withThreadLocalCaptured$1 at FutureTask.java:264) with 5 output partitions
[2026-03-21T04:41:22.457+0000] {subprocess.py:106} INFO - 26/03/21 04:41:22 INFO DAGScheduler: Final stage: ResultStage 5 ($anonfun$withThreadLocalCaptured$1 at FutureTask.java:264)
[2026-03-21T04:41:22.458+0000] {subprocess.py:106} INFO - 26/03/21 04:41:22 INFO DAGScheduler: Parents of final stage: List()
[2026-03-21T04:41:22.458+0000] {subprocess.py:106} INFO - 26/03/21 04:41:22 INFO DAGScheduler: Missing parents: List()
[2026-03-21T04:41:22.459+0000] {subprocess.py:106} INFO - 26/03/21 04:41:22 INFO DAGScheduler: Submitting ResultStage 5 (MapPartitionsRDD[14] at $anonfun$withThreadLocalCaptured$1 at FutureTask.java:264), which has no missing parents
[2026-03-21T04:41:22.461+0000] {subprocess.py:106} INFO - 26/03/21 04:41:22 INFO MemoryStore: Block broadcast_8 stored as values in memory (estimated size 13.8 KiB, free 434.3 MiB)
[2026-03-21T04:41:22.473+0000] {subprocess.py:106} INFO - 26/03/21 04:41:22 INFO MemoryStore: Block broadcast_8_piece0 stored as bytes in memory (estimated size 5.5 KiB, free 434.3 MiB)
[2026-03-21T04:41:22.479+0000] {subprocess.py:106} INFO - 26/03/21 04:41:22 INFO BlockManagerInfo: Added broadcast_8_piece0 in memory on 2c78fe4103d4:42685 (size: 5.5 KiB, free: 434.3 MiB)
[2026-03-21T04:41:22.484+0000] {subprocess.py:106} INFO - 26/03/21 04:41:22 INFO SparkContext: Created broadcast 8 from broadcast at DAGScheduler.scala:1585
[2026-03-21T04:41:22.485+0000] {subprocess.py:106} INFO - 26/03/21 04:41:22 INFO DAGScheduler: Submitting 5 missing tasks from ResultStage 5 (MapPartitionsRDD[14] at $anonfun$withThreadLocalCaptured$1 at FutureTask.java:264) (first 15 tasks are for partitions Vector(0, 1, 2, 3, 4))
[2026-03-21T04:41:22.486+0000] {subprocess.py:106} INFO - 26/03/21 04:41:22 INFO TaskSchedulerImpl: Adding task set 5.0 with 5 tasks resource profile 0
[2026-03-21T04:41:22.506+0000] {subprocess.py:106} INFO - 26/03/21 04:41:22 INFO TaskSetManager: Starting task 0.0 in stage 5.0 (TID 4) (172.30.0.6, executor 0, partition 0, PROCESS_LOCAL, 16338 bytes)
[2026-03-21T04:41:22.509+0000] {subprocess.py:106} INFO - 26/03/21 04:41:22 INFO TaskSetManager: Starting task 1.0 in stage 5.0 (TID 5) (172.30.0.6, executor 0, partition 1, PROCESS_LOCAL, 16337 bytes)
[2026-03-21T04:41:22.513+0000] {subprocess.py:106} INFO - 26/03/21 04:41:22 INFO TaskSetManager: Starting task 2.0 in stage 5.0 (TID 6) (172.30.0.6, executor 0, partition 2, PROCESS_LOCAL, 16346 bytes)
[2026-03-21T04:41:22.517+0000] {subprocess.py:106} INFO - 26/03/21 04:41:22 INFO TaskSetManager: Starting task 3.0 in stage 5.0 (TID 7) (172.30.0.6, executor 0, partition 3, PROCESS_LOCAL, 16346 bytes)
[2026-03-21T04:41:22.519+0000] {subprocess.py:106} INFO - 26/03/21 04:41:22 INFO TaskSetManager: Starting task 4.0 in stage 5.0 (TID 8) (172.30.0.6, executor 0, partition 4, PROCESS_LOCAL, 15425 bytes)
[2026-03-21T04:41:23.093+0000] {subprocess.py:106} INFO - 26/03/21 04:41:23 INFO BlockManagerInfo: Added broadcast_8_piece0 in memory on 172.30.0.6:33665 (size: 5.5 KiB, free: 434.4 MiB)
[2026-03-21T04:41:23.186+0000] {subprocess.py:106} INFO - 26/03/21 04:41:23 INFO BlockManagerInfo: Added broadcast_7_piece0 in memory on 172.30.0.6:33665 (size: 30.1 KiB, free: 434.4 MiB)
[2026-03-21T04:41:24.884+0000] {subprocess.py:106} INFO - 26/03/21 04:41:24 INFO TaskSetManager: Finished task 4.0 in stage 5.0 (TID 8) in 2362 ms on 172.30.0.6 (executor 0) (1/5)
[2026-03-21T04:41:25.044+0000] {subprocess.py:106} INFO - 26/03/21 04:41:25 INFO TaskSetManager: Finished task 3.0 in stage 5.0 (TID 7) in 2530 ms on 172.30.0.6 (executor 0) (2/5)
[2026-03-21T04:41:25.048+0000] {subprocess.py:106} INFO - 26/03/21 04:41:25 INFO TaskSetManager: Finished task 0.0 in stage 5.0 (TID 4) in 2568 ms on 172.30.0.6 (executor 0) (3/5)
[2026-03-21T04:41:25.052+0000] {subprocess.py:106} INFO - 26/03/21 04:41:25 INFO TaskSetManager: Finished task 1.0 in stage 5.0 (TID 5) in 2545 ms on 172.30.0.6 (executor 0) (4/5)
[2026-03-21T04:41:25.129+0000] {subprocess.py:106} INFO - 26/03/21 04:41:25 INFO TaskSetManager: Finished task 2.0 in stage 5.0 (TID 6) in 2619 ms on 172.30.0.6 (executor 0) (5/5)
[2026-03-21T04:41:25.133+0000] {subprocess.py:106} INFO - 26/03/21 04:41:25 INFO TaskSchedulerImpl: Removed TaskSet 5.0, whose tasks have all completed, from pool
[2026-03-21T04:41:25.134+0000] {subprocess.py:106} INFO - 26/03/21 04:41:25 INFO DAGScheduler: ResultStage 5 ($anonfun$withThreadLocalCaptured$1 at FutureTask.java:264) finished in 2.672 s
[2026-03-21T04:41:25.134+0000] {subprocess.py:106} INFO - 26/03/21 04:41:25 INFO DAGScheduler: Job 4 is finished. Cancelling potential speculative or zombie tasks for this job
[2026-03-21T04:41:25.135+0000] {subprocess.py:106} INFO - 26/03/21 04:41:25 INFO TaskSchedulerImpl: Killing all running tasks in stage 5: Stage finished
[2026-03-21T04:41:25.135+0000] {subprocess.py:106} INFO - 26/03/21 04:41:25 INFO DAGScheduler: Job 4 finished: $anonfun$withThreadLocalCaptured$1 at FutureTask.java:264, took 2.679519 s
[2026-03-21T04:41:25.175+0000] {subprocess.py:106} INFO - 26/03/21 04:41:25 INFO CodeGenerator: Code generated in 10.482293 ms
[2026-03-21T04:41:25.197+0000] {subprocess.py:106} INFO - 26/03/21 04:41:25 INFO BlockManagerInfo: Removed broadcast_8_piece0 on 2c78fe4103d4:42685 in memory (size: 5.5 KiB, free: 434.3 MiB)
[2026-03-21T04:41:25.200+0000] {subprocess.py:106} INFO - 26/03/21 04:41:25 INFO BlockManagerInfo: Removed broadcast_8_piece0 on 172.30.0.6:33665 in memory (size: 5.5 KiB, free: 434.4 MiB)
[2026-03-21T04:41:25.280+0000] {subprocess.py:106} INFO - 26/03/21 04:41:25 INFO MemoryStore: Block broadcast_9_piece0 stored as bytes in memory (estimated size 526.4 KiB, free 433.8 MiB)
[2026-03-21T04:41:25.282+0000] {subprocess.py:106} INFO - 26/03/21 04:41:25 INFO BlockManagerInfo: Added broadcast_9_piece0 in memory on 2c78fe4103d4:42685 (size: 526.4 KiB, free: 433.8 MiB)
[2026-03-21T04:41:25.283+0000] {subprocess.py:106} INFO - 26/03/21 04:41:25 INFO SparkContext: Created broadcast 9 from $anonfun$withThreadLocalCaptured$1 at FutureTask.java:264
[2026-03-21T04:41:25.291+0000] {subprocess.py:106} INFO - 26/03/21 04:41:25 INFO FileSourceStrategy: Pushed Filters:
[2026-03-21T04:41:25.292+0000] {subprocess.py:106} INFO - 26/03/21 04:41:25 INFO FileSourceStrategy: Post-Scan Filters:
[2026-03-21T04:41:25.364+0000] {subprocess.py:106} INFO - 26/03/21 04:41:25 INFO CodeGenerator: Code generated in 16.602718 ms
[2026-03-21T04:41:25.368+0000] {subprocess.py:106} INFO - 26/03/21 04:41:25 INFO MemoryStore: Block broadcast_10 stored as values in memory (estimated size 205.1 KiB, free 433.6 MiB)
[2026-03-21T04:41:25.384+0000] {subprocess.py:106} INFO - 26/03/21 04:41:25 INFO MemoryStore: Block broadcast_10_piece0 stored as bytes in memory (estimated size 36.1 KiB, free 433.5 MiB)
[2026-03-21T04:41:25.385+0000] {subprocess.py:106} INFO - 26/03/21 04:41:25 INFO BlockManagerInfo: Added broadcast_10_piece0 in memory on 2c78fe4103d4:42685 (size: 36.1 KiB, free: 433.8 MiB)
[2026-03-21T04:41:25.387+0000] {subprocess.py:106} INFO - 26/03/21 04:41:25 INFO SparkContext: Created broadcast 10 from count at NativeMethodAccessorImpl.java:0
[2026-03-21T04:41:25.389+0000] {subprocess.py:106} INFO - 26/03/21 04:41:25 INFO FileSourceScanExec: Planning scan with bin packing, max size: 4194304 bytes, open cost is considered as scanning 4194304 bytes.
[2026-03-21T04:41:25.397+0000] {subprocess.py:106} INFO - 26/03/21 04:41:25 INFO DAGScheduler: Registering RDD 18 (count at NativeMethodAccessorImpl.java:0) as input to shuffle 1
[2026-03-21T04:41:25.398+0000] {subprocess.py:106} INFO - 26/03/21 04:41:25 INFO DAGScheduler: Got map stage job 5 (count at NativeMethodAccessorImpl.java:0) with 1 output partitions
[2026-03-21T04:41:25.398+0000] {subprocess.py:106} INFO - 26/03/21 04:41:25 INFO DAGScheduler: Final stage: ShuffleMapStage 6 (count at NativeMethodAccessorImpl.java:0)
[2026-03-21T04:41:25.399+0000] {subprocess.py:106} INFO - 26/03/21 04:41:25 INFO DAGScheduler: Parents of final stage: List()
[2026-03-21T04:41:25.400+0000] {subprocess.py:106} INFO - 26/03/21 04:41:25 INFO DAGScheduler: Missing parents: List()
[2026-03-21T04:41:25.402+0000] {subprocess.py:106} INFO - 26/03/21 04:41:25 INFO DAGScheduler: Submitting ShuffleMapStage 6 (MapPartitionsRDD[18] at count at NativeMethodAccessorImpl.java:0), which has no missing parents
[2026-03-21T04:41:25.407+0000] {subprocess.py:106} INFO - 26/03/21 04:41:25 INFO MemoryStore: Block broadcast_11 stored as values in memory (estimated size 20.2 KiB, free 433.5 MiB)
[2026-03-21T04:41:25.409+0000] {subprocess.py:106} INFO - 26/03/21 04:41:25 INFO MemoryStore: Block broadcast_11_piece0 stored as bytes in memory (estimated size 9.8 KiB, free 433.5 MiB)
[2026-03-21T04:41:25.410+0000] {subprocess.py:106} INFO - 26/03/21 04:41:25 INFO BlockManagerInfo: Added broadcast_11_piece0 in memory on 2c78fe4103d4:42685 (size: 9.8 KiB, free: 433.8 MiB)
[2026-03-21T04:41:25.411+0000] {subprocess.py:106} INFO - 26/03/21 04:41:25 INFO SparkContext: Created broadcast 11 from broadcast at DAGScheduler.scala:1585
[2026-03-21T04:41:25.413+0000] {subprocess.py:106} INFO - 26/03/21 04:41:25 INFO DAGScheduler: Submitting 1 missing tasks from ShuffleMapStage 6 (MapPartitionsRDD[18] at count at NativeMethodAccessorImpl.java:0) (first 15 tasks are for partitions Vector(0))
[2026-03-21T04:41:25.414+0000] {subprocess.py:106} INFO - 26/03/21 04:41:25 INFO TaskSchedulerImpl: Adding task set 6.0 with 1 tasks resource profile 0
[2026-03-21T04:41:25.415+0000] {subprocess.py:106} INFO - 26/03/21 04:41:25 INFO TaskSetManager: Starting task 0.0 in stage 6.0 (TID 9) (172.30.0.6, executor 0, partition 0, PROCESS_LOCAL, 10568 bytes)
[2026-03-21T04:41:25.456+0000] {subprocess.py:106} INFO - 26/03/21 04:41:25 INFO BlockManagerInfo: Added broadcast_11_piece0 in memory on 172.30.0.6:33665 (size: 9.8 KiB, free: 434.4 MiB)
[2026-03-21T04:41:25.525+0000] {subprocess.py:106} INFO - 26/03/21 04:41:25 INFO BlockManagerInfo: Added broadcast_9_piece0 in memory on 172.30.0.6:33665 (size: 526.4 KiB, free: 433.8 MiB)
[2026-03-21T04:41:25.701+0000] {subprocess.py:106} INFO - 26/03/21 04:41:25 INFO BlockManagerInfo: Added broadcast_10_piece0 in memory on 172.30.0.6:33665 (size: 36.1 KiB, free: 433.8 MiB)
[2026-03-21T04:41:25.869+0000] {subprocess.py:106} INFO - 26/03/21 04:41:25 INFO TaskSetManager: Finished task 0.0 in stage 6.0 (TID 9) in 454 ms on 172.30.0.6 (executor 0) (1/1)
[2026-03-21T04:41:25.870+0000] {subprocess.py:106} INFO - 26/03/21 04:41:25 INFO TaskSchedulerImpl: Removed TaskSet 6.0, whose tasks have all completed, from pool
[2026-03-21T04:41:25.870+0000] {subprocess.py:106} INFO - 26/03/21 04:41:25 INFO DAGScheduler: ShuffleMapStage 6 (count at NativeMethodAccessorImpl.java:0) finished in 0.467 s
[2026-03-21T04:41:25.871+0000] {subprocess.py:106} INFO - 26/03/21 04:41:25 INFO DAGScheduler: looking for newly runnable stages
[2026-03-21T04:41:25.872+0000] {subprocess.py:106} INFO - 26/03/21 04:41:25 INFO DAGScheduler: running: Set()
[2026-03-21T04:41:25.873+0000] {subprocess.py:106} INFO - 26/03/21 04:41:25 INFO DAGScheduler: waiting: Set()
[2026-03-21T04:41:25.874+0000] {subprocess.py:106} INFO - 26/03/21 04:41:25 INFO DAGScheduler: failed: Set()
[2026-03-21T04:41:25.910+0000] {subprocess.py:106} INFO - 26/03/21 04:41:25 INFO CodeGenerator: Code generated in 19.949177 ms
[2026-03-21T04:41:25.927+0000] {subprocess.py:106} INFO - 26/03/21 04:41:25 INFO SparkContext: Starting job: count at NativeMethodAccessorImpl.java:0
[2026-03-21T04:41:25.929+0000] {subprocess.py:106} INFO - 26/03/21 04:41:25 INFO DAGScheduler: Got job 6 (count at NativeMethodAccessorImpl.java:0) with 1 output partitions
[2026-03-21T04:41:25.930+0000] {subprocess.py:106} INFO - 26/03/21 04:41:25 INFO DAGScheduler: Final stage: ResultStage 8 (count at NativeMethodAccessorImpl.java:0)
[2026-03-21T04:41:25.931+0000] {subprocess.py:106} INFO - 26/03/21 04:41:25 INFO DAGScheduler: Parents of final stage: List(ShuffleMapStage 7)
[2026-03-21T04:41:25.933+0000] {subprocess.py:106} INFO - 26/03/21 04:41:25 INFO DAGScheduler: Missing parents: List()
[2026-03-21T04:41:25.934+0000] {subprocess.py:106} INFO - 26/03/21 04:41:25 INFO DAGScheduler: Submitting ResultStage 8 (MapPartitionsRDD[21] at count at NativeMethodAccessorImpl.java:0), which has no missing parents
[2026-03-21T04:41:25.935+0000] {subprocess.py:106} INFO - 26/03/21 04:41:25 INFO MemoryStore: Block broadcast_12 stored as values in memory (estimated size 12.5 KiB, free 433.5 MiB)
[2026-03-21T04:41:25.948+0000] {subprocess.py:106} INFO - 26/03/21 04:41:25 INFO MemoryStore: Block broadcast_12_piece0 stored as bytes in memory (estimated size 5.9 KiB, free 433.5 MiB)
[2026-03-21T04:41:25.952+0000] {subprocess.py:106} INFO - 26/03/21 04:41:25 INFO BlockManagerInfo: Added broadcast_12_piece0 in memory on 2c78fe4103d4:42685 (size: 5.9 KiB, free: 433.8 MiB)
[2026-03-21T04:41:25.953+0000] {subprocess.py:106} INFO - 26/03/21 04:41:25 INFO BlockManagerInfo: Removed broadcast_11_piece0 on 2c78fe4103d4:42685 in memory (size: 9.8 KiB, free: 433.8 MiB)
[2026-03-21T04:41:25.958+0000] {subprocess.py:106} INFO - 26/03/21 04:41:25 INFO SparkContext: Created broadcast 12 from broadcast at DAGScheduler.scala:1585
[2026-03-21T04:41:25.959+0000] {subprocess.py:106} INFO - 26/03/21 04:41:25 INFO DAGScheduler: Submitting 1 missing tasks from ResultStage 8 (MapPartitionsRDD[21] at count at NativeMethodAccessorImpl.java:0) (first 15 tasks are for partitions Vector(0))
[2026-03-21T04:41:25.960+0000] {subprocess.py:106} INFO - 26/03/21 04:41:25 INFO TaskSchedulerImpl: Adding task set 8.0 with 1 tasks resource profile 0
[2026-03-21T04:41:25.961+0000] {subprocess.py:106} INFO - 26/03/21 04:41:25 INFO BlockManagerInfo: Removed broadcast_11_piece0 on 172.30.0.6:33665 in memory (size: 9.8 KiB, free: 433.8 MiB)
[2026-03-21T04:41:25.962+0000] {subprocess.py:106} INFO - 26/03/21 04:41:25 INFO TaskSetManager: Starting task 0.0 in stage 8.0 (TID 10) (172.30.0.6, executor 0, partition 0, NODE_LOCAL, 9976 bytes)
[2026-03-21T04:41:25.977+0000] {subprocess.py:106} INFO - 26/03/21 04:41:25 INFO BlockManagerInfo: Added broadcast_12_piece0 in memory on 172.30.0.6:33665 (size: 5.9 KiB, free: 433.8 MiB)
[2026-03-21T04:41:25.986+0000] {subprocess.py:106} INFO - 26/03/21 04:41:25 INFO MapOutputTrackerMasterEndpoint: Asked to send map output locations for shuffle 1 to 172.30.0.6:35488
[2026-03-21T04:41:26.024+0000] {subprocess.py:106} INFO - 26/03/21 04:41:26 INFO TaskSetManager: Finished task 0.0 in stage 8.0 (TID 10) in 68 ms on 172.30.0.6 (executor 0) (1/1)
[2026-03-21T04:41:26.029+0000] {subprocess.py:106} INFO - 26/03/21 04:41:26 INFO TaskSchedulerImpl: Removed TaskSet 8.0, whose tasks have all completed, from pool
[2026-03-21T04:41:26.030+0000] {subprocess.py:106} INFO - 26/03/21 04:41:26 INFO DAGScheduler: ResultStage 8 (count at NativeMethodAccessorImpl.java:0) finished in 0.093 s
[2026-03-21T04:41:26.033+0000] {subprocess.py:106} INFO - 26/03/21 04:41:26 INFO DAGScheduler: Job 6 is finished. Cancelling potential speculative or zombie tasks for this job
[2026-03-21T04:41:26.034+0000] {subprocess.py:106} INFO - 26/03/21 04:41:26 INFO TaskSchedulerImpl: Killing all running tasks in stage 8: Stage finished
[2026-03-21T04:41:26.035+0000] {subprocess.py:106} INFO - 26/03/21 04:41:26 INFO DAGScheduler: Job 6 finished: count at NativeMethodAccessorImpl.java:0, took 0.101071 s
[2026-03-21T04:41:26.040+0000] {subprocess.py:106} INFO -  New records to append: 123
[2026-03-21T04:41:26.114+0000] {subprocess.py:106} INFO - 26/03/21 04:41:26 INFO V2ScanRelationPushDown:
[2026-03-21T04:41:26.115+0000] {subprocess.py:106} INFO - Pushing operators to iceberg.bronze.it_jobs_raw
[2026-03-21T04:41:26.116+0000] {subprocess.py:106} INFO - Pushed Filters: job_link IS NOT NULL
[2026-03-21T04:41:26.117+0000] {subprocess.py:106} INFO - Post-Scan Filters: isnotnull(job_link#79)
[2026-03-21T04:41:26.118+0000] {subprocess.py:106} INFO - 
[2026-03-21T04:41:26.123+0000] {subprocess.py:106} INFO - 26/03/21 04:41:26 INFO V2ScanRelationPushDown:
[2026-03-21T04:41:26.125+0000] {subprocess.py:106} INFO - Output: job_link#79
[2026-03-21T04:41:26.126+0000] {subprocess.py:106} INFO - 
[2026-03-21T04:41:26.128+0000] {subprocess.py:106} INFO - 26/03/21 04:41:26 INFO SnapshotScan: Scanning table iceberg.bronze.it_jobs_raw snapshot 2433373360090164082 created at 2026-03-18T04:18:01.428+00:00 with filter job_link IS NOT NULL
[2026-03-21T04:41:26.132+0000] {subprocess.py:106} INFO - 26/03/21 04:41:26 INFO BaseDistributedDataScan: Planning file tasks locally for table iceberg.bronze.it_jobs_raw
[2026-03-21T04:41:26.207+0000] {subprocess.py:106} INFO - 26/03/21 04:41:26 INFO BlockManagerInfo: Removed broadcast_12_piece0 on 2c78fe4103d4:42685 in memory (size: 5.9 KiB, free: 433.8 MiB)
[2026-03-21T04:41:26.212+0000] {subprocess.py:106} INFO - 26/03/21 04:41:26 INFO BlockManagerInfo: Removed broadcast_12_piece0 on 172.30.0.6:33665 in memory (size: 5.9 KiB, free: 433.8 MiB)
[2026-03-21T04:41:26.254+0000] {subprocess.py:106} INFO - 26/03/21 04:41:26 INFO SparkPartitioningAwareScan: Reporting UnknownPartitioning with 5 partition(s) for table iceberg.bronze.it_jobs_raw
[2026-03-21T04:41:26.290+0000] {subprocess.py:106} INFO - 26/03/21 04:41:26 INFO SparkWrite: Requesting 0 bytes advisory partition size for table iceberg.bronze.it_jobs_raw
[2026-03-21T04:41:26.291+0000] {subprocess.py:106} INFO - 26/03/21 04:41:26 INFO SparkWrite: Requesting UnspecifiedDistribution as write distribution for table iceberg.bronze.it_jobs_raw
[2026-03-21T04:41:26.292+0000] {subprocess.py:106} INFO - 26/03/21 04:41:26 INFO SparkWrite: Requesting [] as write ordering for table iceberg.bronze.it_jobs_raw
[2026-03-21T04:41:26.312+0000] {subprocess.py:106} INFO - 26/03/21 04:41:26 INFO FileSourceStrategy: Pushed Filters:
[2026-03-21T04:41:26.313+0000] {subprocess.py:106} INFO - 26/03/21 04:41:26 INFO FileSourceStrategy: Post-Scan Filters:
[2026-03-21T04:41:26.315+0000] {subprocess.py:106} INFO - 26/03/21 04:41:26 INFO MemoryStore: Block broadcast_13 stored as values in memory (estimated size 32.0 KiB, free 433.5 MiB)
[2026-03-21T04:41:26.326+0000] {subprocess.py:106} INFO - 26/03/21 04:41:26 INFO MemoryStore: Block broadcast_13_piece0 stored as bytes in memory (estimated size 30.1 KiB, free 433.5 MiB)
[2026-03-21T04:41:26.332+0000] {subprocess.py:106} INFO - 26/03/21 04:41:26 INFO BlockManagerInfo: Added broadcast_13_piece0 in memory on 2c78fe4103d4:42685 (size: 30.1 KiB, free: 433.8 MiB)
[2026-03-21T04:41:26.332+0000] {subprocess.py:106} INFO - 26/03/21 04:41:26 INFO SparkContext: Created broadcast 13 from broadcast at SparkBatch.java:79
[2026-03-21T04:41:26.340+0000] {subprocess.py:106} INFO - 26/03/21 04:41:26 INFO MemoryStore: Block broadcast_14 stored as values in memory (estimated size 32.0 KiB, free 433.4 MiB)
[2026-03-21T04:41:26.340+0000] {subprocess.py:106} INFO - 26/03/21 04:41:26 INFO MemoryStore: Block broadcast_14_piece0 stored as bytes in memory (estimated size 30.1 KiB, free 433.4 MiB)
[2026-03-21T04:41:26.344+0000] {subprocess.py:106} INFO - 26/03/21 04:41:26 INFO BlockManagerInfo: Added broadcast_14_piece0 in memory on 2c78fe4103d4:42685 (size: 30.1 KiB, free: 433.7 MiB)
[2026-03-21T04:41:26.344+0000] {subprocess.py:106} INFO - 26/03/21 04:41:26 INFO SparkContext: Created broadcast 14 from broadcast at SparkBatch.java:79
[2026-03-21T04:41:26.395+0000] {subprocess.py:106} INFO - 26/03/21 04:41:26 INFO BlockManagerInfo: Removed broadcast_6_piece0 on 2c78fe4103d4:42685 in memory (size: 30.1 KiB, free: 433.8 MiB)
[2026-03-21T04:41:26.417+0000] {subprocess.py:106} INFO - 26/03/21 04:41:26 INFO SparkContext: Starting job: $anonfun$withThreadLocalCaptured$1 at FutureTask.java:264
[2026-03-21T04:41:26.418+0000] {subprocess.py:106} INFO - 26/03/21 04:41:26 INFO DAGScheduler: Got job 7 ($anonfun$withThreadLocalCaptured$1 at FutureTask.java:264) with 5 output partitions
[2026-03-21T04:41:26.419+0000] {subprocess.py:106} INFO - 26/03/21 04:41:26 INFO DAGScheduler: Final stage: ResultStage 9 ($anonfun$withThreadLocalCaptured$1 at FutureTask.java:264)
[2026-03-21T04:41:26.421+0000] {subprocess.py:106} INFO - 26/03/21 04:41:26 INFO DAGScheduler: Parents of final stage: List()
[2026-03-21T04:41:26.422+0000] {subprocess.py:106} INFO - 26/03/21 04:41:26 INFO DAGScheduler: Missing parents: List()
[2026-03-21T04:41:26.424+0000] {subprocess.py:106} INFO - 26/03/21 04:41:26 INFO DAGScheduler: Submitting ResultStage 9 (MapPartitionsRDD[25] at $anonfun$withThreadLocalCaptured$1 at FutureTask.java:264), which has no missing parents
[2026-03-21T04:41:26.425+0000] {subprocess.py:106} INFO - 26/03/21 04:41:26 INFO MemoryStore: Block broadcast_15 stored as values in memory (estimated size 13.7 KiB, free 433.5 MiB)
[2026-03-21T04:41:26.440+0000] {subprocess.py:106} INFO - 26/03/21 04:41:26 INFO MemoryStore: Block broadcast_15_piece0 stored as bytes in memory (estimated size 5.5 KiB, free 433.4 MiB)
[2026-03-21T04:41:26.441+0000] {subprocess.py:106} INFO - 26/03/21 04:41:26 INFO BlockManagerInfo: Added broadcast_15_piece0 in memory on 2c78fe4103d4:42685 (size: 5.5 KiB, free: 433.8 MiB)
[2026-03-21T04:41:26.444+0000] {subprocess.py:106} INFO - 26/03/21 04:41:26 INFO SparkContext: Created broadcast 15 from broadcast at DAGScheduler.scala:1585
[2026-03-21T04:41:26.445+0000] {subprocess.py:106} INFO - 26/03/21 04:41:26 INFO DAGScheduler: Submitting 5 missing tasks from ResultStage 9 (MapPartitionsRDD[25] at $anonfun$withThreadLocalCaptured$1 at FutureTask.java:264) (first 15 tasks are for partitions Vector(0, 1, 2, 3, 4))
[2026-03-21T04:41:26.446+0000] {subprocess.py:106} INFO - 26/03/21 04:41:26 INFO TaskSchedulerImpl: Adding task set 9.0 with 5 tasks resource profile 0
[2026-03-21T04:41:26.448+0000] {subprocess.py:106} INFO - 26/03/21 04:41:26 INFO TaskSetManager: Starting task 0.0 in stage 9.0 (TID 11) (172.30.0.6, executor 0, partition 0, PROCESS_LOCAL, 16347 bytes)
[2026-03-21T04:41:26.451+0000] {subprocess.py:106} INFO - 26/03/21 04:41:26 INFO TaskSetManager: Starting task 1.0 in stage 9.0 (TID 12) (172.30.0.6, executor 0, partition 1, PROCESS_LOCAL, 16337 bytes)
[2026-03-21T04:41:26.452+0000] {subprocess.py:106} INFO - 26/03/21 04:41:26 INFO TaskSetManager: Starting task 2.0 in stage 9.0 (TID 13) (172.30.0.6, executor 0, partition 2, PROCESS_LOCAL, 16346 bytes)
[2026-03-21T04:41:26.453+0000] {subprocess.py:106} INFO - 26/03/21 04:41:26 INFO TaskSetManager: Starting task 3.0 in stage 9.0 (TID 14) (172.30.0.6, executor 0, partition 3, PROCESS_LOCAL, 16345 bytes)
[2026-03-21T04:41:26.456+0000] {subprocess.py:106} INFO - 26/03/21 04:41:26 INFO TaskSetManager: Starting task 4.0 in stage 9.0 (TID 15) (172.30.0.6, executor 0, partition 4, PROCESS_LOCAL, 15426 bytes)
[2026-03-21T04:41:26.499+0000] {subprocess.py:106} INFO - 26/03/21 04:41:26 INFO BlockManagerInfo: Added broadcast_15_piece0 in memory on 172.30.0.6:33665 (size: 5.5 KiB, free: 433.8 MiB)
[2026-03-21T04:41:26.518+0000] {subprocess.py:106} INFO - 26/03/21 04:41:26 INFO BlockManagerInfo: Added broadcast_14_piece0 in memory on 172.30.0.6:33665 (size: 30.1 KiB, free: 433.8 MiB)
[2026-03-21T04:41:26.759+0000] {subprocess.py:106} INFO - 26/03/21 04:41:26 INFO TaskSetManager: Finished task 4.0 in stage 9.0 (TID 15) in 298 ms on 172.30.0.6 (executor 0) (1/5)
[2026-03-21T04:41:26.879+0000] {subprocess.py:106} INFO - 26/03/21 04:41:26 INFO TaskSetManager: Finished task 1.0 in stage 9.0 (TID 12) in 430 ms on 172.30.0.6 (executor 0) (2/5)
[2026-03-21T04:41:26.898+0000] {subprocess.py:106} INFO - 26/03/21 04:41:26 INFO TaskSetManager: Finished task 0.0 in stage 9.0 (TID 11) in 457 ms on 172.30.0.6 (executor 0) (3/5)
[2026-03-21T04:41:26.905+0000] {subprocess.py:106} INFO - 26/03/21 04:41:26 INFO TaskSetManager: Finished task 3.0 in stage 9.0 (TID 14) in 451 ms on 172.30.0.6 (executor 0) (4/5)
[2026-03-21T04:41:27.013+0000] {subprocess.py:106} INFO - 26/03/21 04:41:27 INFO TaskSetManager: Finished task 2.0 in stage 9.0 (TID 13) in 557 ms on 172.30.0.6 (executor 0) (5/5)
[2026-03-21T04:41:27.019+0000] {subprocess.py:106} INFO - 26/03/21 04:41:27 INFO TaskSchedulerImpl: Removed TaskSet 9.0, whose tasks have all completed, from pool
[2026-03-21T04:41:27.025+0000] {subprocess.py:106} INFO - 26/03/21 04:41:27 INFO DAGScheduler: ResultStage 9 ($anonfun$withThreadLocalCaptured$1 at FutureTask.java:264) finished in 0.586 s
[2026-03-21T04:41:27.034+0000] {subprocess.py:106} INFO - 26/03/21 04:41:27 INFO DAGScheduler: Job 7 is finished. Cancelling potential speculative or zombie tasks for this job
[2026-03-21T04:41:27.037+0000] {subprocess.py:106} INFO - 26/03/21 04:41:27 INFO TaskSchedulerImpl: Killing all running tasks in stage 9: Stage finished
[2026-03-21T04:41:27.038+0000] {subprocess.py:106} INFO - 26/03/21 04:41:27 INFO DAGScheduler: Job 7 finished: $anonfun$withThreadLocalCaptured$1 at FutureTask.java:264, took 0.591963 s
[2026-03-21T04:41:27.055+0000] {subprocess.py:106} INFO - 26/03/21 04:41:27 INFO BlockManagerInfo: Removed broadcast_15_piece0 on 172.30.0.6:33665 in memory (size: 5.5 KiB, free: 433.8 MiB)
[2026-03-21T04:41:27.061+0000] {subprocess.py:106} INFO - 26/03/21 04:41:27 INFO BlockManagerInfo: Removed broadcast_15_piece0 on 2c78fe4103d4:42685 in memory (size: 5.5 KiB, free: 433.8 MiB)
[2026-03-21T04:41:27.081+0000] {subprocess.py:106} INFO - 26/03/21 04:41:27 INFO BlockManagerInfo: Removed broadcast_10_piece0 on 2c78fe4103d4:42685 in memory (size: 36.1 KiB, free: 433.8 MiB)
[2026-03-21T04:41:27.086+0000] {subprocess.py:106} INFO - 26/03/21 04:41:27 INFO BlockManagerInfo: Removed broadcast_10_piece0 on 172.30.0.6:33665 in memory (size: 36.1 KiB, free: 433.8 MiB)
[2026-03-21T04:41:27.090+0000] {subprocess.py:106} INFO - 26/03/21 04:41:27 INFO MemoryStore: Block broadcast_16_piece0 stored as bytes in memory (estimated size 526.4 KiB, free 433.2 MiB)
[2026-03-21T04:41:27.092+0000] {subprocess.py:106} INFO - 26/03/21 04:41:27 INFO BlockManagerInfo: Added broadcast_16_piece0 in memory on 2c78fe4103d4:42685 (size: 526.4 KiB, free: 433.3 MiB)
[2026-03-21T04:41:27.092+0000] {subprocess.py:106} INFO - 26/03/21 04:41:27 INFO SparkContext: Created broadcast 16 from $anonfun$withThreadLocalCaptured$1 at FutureTask.java:264
[2026-03-21T04:41:27.109+0000] {subprocess.py:106} INFO - 26/03/21 04:41:27 INFO FileSourceStrategy: Pushed Filters:
[2026-03-21T04:41:27.112+0000] {subprocess.py:106} INFO - 26/03/21 04:41:27 INFO FileSourceStrategy: Post-Scan Filters:
[2026-03-21T04:41:27.172+0000] {subprocess.py:106} INFO - 26/03/21 04:41:27 INFO CodeGenerator: Code generated in 35.189467 ms
[2026-03-21T04:41:27.179+0000] {subprocess.py:106} INFO - 26/03/21 04:41:27 INFO MemoryStore: Block broadcast_17 stored as values in memory (estimated size 205.1 KiB, free 433.0 MiB)
[2026-03-21T04:41:27.198+0000] {subprocess.py:106} INFO - 26/03/21 04:41:27 INFO MemoryStore: Block broadcast_17_piece0 stored as bytes in memory (estimated size 36.1 KiB, free 433.0 MiB)
[2026-03-21T04:41:27.199+0000] {subprocess.py:106} INFO - 26/03/21 04:41:27 INFO BlockManagerInfo: Added broadcast_17_piece0 in memory on 2c78fe4103d4:42685 (size: 36.1 KiB, free: 433.2 MiB)
[2026-03-21T04:41:27.199+0000] {subprocess.py:106} INFO - 26/03/21 04:41:27 INFO SparkContext: Created broadcast 17 from append at NativeMethodAccessorImpl.java:0
[2026-03-21T04:41:27.201+0000] {subprocess.py:106} INFO - 26/03/21 04:41:27 INFO FileSourceScanExec: Planning scan with bin packing, max size: 4194304 bytes, open cost is considered as scanning 4194304 bytes.
[2026-03-21T04:41:27.213+0000] {subprocess.py:106} INFO - 26/03/21 04:41:27 INFO MemoryStore: Block broadcast_18 stored as values in memory (estimated size 32.0 KiB, free 432.9 MiB)
[2026-03-21T04:41:27.216+0000] {subprocess.py:106} INFO - 26/03/21 04:41:27 INFO MemoryStore: Block broadcast_18_piece0 stored as bytes in memory (estimated size 30.1 KiB, free 432.9 MiB)
[2026-03-21T04:41:27.218+0000] {subprocess.py:106} INFO - 26/03/21 04:41:27 INFO BlockManagerInfo: Added broadcast_18_piece0 in memory on 2c78fe4103d4:42685 (size: 30.1 KiB, free: 433.2 MiB)
[2026-03-21T04:41:27.220+0000] {subprocess.py:106} INFO - 26/03/21 04:41:27 INFO SparkContext: Created broadcast 18 from broadcast at SparkWrite.java:193
[2026-03-21T04:41:27.222+0000] {subprocess.py:106} INFO - 26/03/21 04:41:27 INFO AppendDataExec: Start processing data source write support: IcebergBatchWrite(table=iceberg.bronze.it_jobs_raw, format=PARQUET). The input RDD has 1 partitions.
[2026-03-21T04:41:27.245+0000] {subprocess.py:106} INFO - 26/03/21 04:41:27 INFO SparkContext: Starting job: append at NativeMethodAccessorImpl.java:0
[2026-03-21T04:41:27.245+0000] {subprocess.py:106} INFO - 26/03/21 04:41:27 INFO BlockManagerInfo: Removed broadcast_9_piece0 on 172.30.0.6:33665 in memory (size: 526.4 KiB, free: 434.3 MiB)
[2026-03-21T04:41:27.246+0000] {subprocess.py:106} INFO - 26/03/21 04:41:27 INFO DAGScheduler: Got job 8 (append at NativeMethodAccessorImpl.java:0) with 1 output partitions
[2026-03-21T04:41:27.248+0000] {subprocess.py:106} INFO - 26/03/21 04:41:27 INFO DAGScheduler: Final stage: ResultStage 10 (append at NativeMethodAccessorImpl.java:0)
[2026-03-21T04:41:27.249+0000] {subprocess.py:106} INFO - 26/03/21 04:41:27 INFO DAGScheduler: Parents of final stage: List()
[2026-03-21T04:41:27.250+0000] {subprocess.py:106} INFO - 26/03/21 04:41:27 INFO BlockManagerInfo: Removed broadcast_9_piece0 on 2c78fe4103d4:42685 in memory (size: 526.4 KiB, free: 433.7 MiB)
[2026-03-21T04:41:27.253+0000] {subprocess.py:106} INFO - 26/03/21 04:41:27 INFO DAGScheduler: Missing parents: List()
[2026-03-21T04:41:27.254+0000] {subprocess.py:106} INFO - 26/03/21 04:41:27 INFO DAGScheduler: Submitting ResultStage 10 (MapPartitionsRDD[28] at append at NativeMethodAccessorImpl.java:0), which has no missing parents
[2026-03-21T04:41:27.257+0000] {subprocess.py:106} INFO - 26/03/21 04:41:27 INFO BlockManagerInfo: Removed broadcast_7_piece0 on 2c78fe4103d4:42685 in memory (size: 30.1 KiB, free: 433.8 MiB)
[2026-03-21T04:41:27.260+0000] {subprocess.py:106} INFO - 26/03/21 04:41:27 INFO MemoryStore: Block broadcast_19 stored as values in memory (estimated size 22.8 KiB, free 433.4 MiB)
[2026-03-21T04:41:27.261+0000] {subprocess.py:106} INFO - 26/03/21 04:41:27 INFO MemoryStore: Block broadcast_19_piece0 stored as bytes in memory (estimated size 10.2 KiB, free 433.4 MiB)
[2026-03-21T04:41:27.263+0000] {subprocess.py:106} INFO - 26/03/21 04:41:27 INFO BlockManagerInfo: Added broadcast_19_piece0 in memory on 2c78fe4103d4:42685 (size: 10.2 KiB, free: 433.8 MiB)
[2026-03-21T04:41:27.267+0000] {subprocess.py:106} INFO - 26/03/21 04:41:27 INFO BlockManagerInfo: Removed broadcast_7_piece0 on 172.30.0.6:33665 in memory (size: 30.1 KiB, free: 434.4 MiB)
[2026-03-21T04:41:27.267+0000] {subprocess.py:106} INFO - 26/03/21 04:41:27 INFO SparkContext: Created broadcast 19 from broadcast at DAGScheduler.scala:1585
[2026-03-21T04:41:27.268+0000] {subprocess.py:106} INFO - 26/03/21 04:41:27 INFO DAGScheduler: Submitting 1 missing tasks from ResultStage 10 (MapPartitionsRDD[28] at append at NativeMethodAccessorImpl.java:0) (first 15 tasks are for partitions Vector(0))
[2026-03-21T04:41:27.269+0000] {subprocess.py:106} INFO - 26/03/21 04:41:27 INFO TaskSchedulerImpl: Adding task set 10.0 with 1 tasks resource profile 0
[2026-03-21T04:41:27.269+0000] {subprocess.py:106} INFO - 26/03/21 04:41:27 INFO TaskSetManager: Starting task 0.0 in stage 10.0 (TID 16) (172.30.0.6, executor 0, partition 0, PROCESS_LOCAL, 10579 bytes)
[2026-03-21T04:41:27.284+0000] {subprocess.py:106} INFO - 26/03/21 04:41:27 INFO BlockManagerInfo: Added broadcast_19_piece0 in memory on 172.30.0.6:33665 (size: 10.2 KiB, free: 434.4 MiB)
[2026-03-21T04:41:27.352+0000] {subprocess.py:106} INFO - 26/03/21 04:41:27 INFO BlockManagerInfo: Added broadcast_16_piece0 in memory on 172.30.0.6:33665 (size: 526.4 KiB, free: 433.8 MiB)
[2026-03-21T04:41:27.403+0000] {subprocess.py:106} INFO - 26/03/21 04:41:27 INFO BlockManagerInfo: Added broadcast_18_piece0 in memory on 172.30.0.6:33665 (size: 30.1 KiB, free: 433.8 MiB)
[2026-03-21T04:41:28.752+0000] {subprocess.py:106} INFO - 26/03/21 04:41:28 INFO BlockManagerInfo: Added broadcast_17_piece0 in memory on 172.30.0.6:33665 (size: 36.1 KiB, free: 433.8 MiB)
[2026-03-21T04:41:29.427+0000] {subprocess.py:106} INFO - 26/03/21 04:41:29 INFO TaskSetManager: Finished task 0.0 in stage 10.0 (TID 16) in 2159 ms on 172.30.0.6 (executor 0) (1/1)
[2026-03-21T04:41:29.428+0000] {subprocess.py:106} INFO - 26/03/21 04:41:29 INFO TaskSchedulerImpl: Removed TaskSet 10.0, whose tasks have all completed, from pool
[2026-03-21T04:41:29.432+0000] {subprocess.py:106} INFO - 26/03/21 04:41:29 INFO DAGScheduler: ResultStage 10 (append at NativeMethodAccessorImpl.java:0) finished in 2.172 s
[2026-03-21T04:41:29.433+0000] {subprocess.py:106} INFO - 26/03/21 04:41:29 INFO DAGScheduler: Job 8 is finished. Cancelling potential speculative or zombie tasks for this job
[2026-03-21T04:41:29.433+0000] {subprocess.py:106} INFO - 26/03/21 04:41:29 INFO TaskSchedulerImpl: Killing all running tasks in stage 10: Stage finished
[2026-03-21T04:41:29.434+0000] {subprocess.py:106} INFO - 26/03/21 04:41:29 INFO DAGScheduler: Job 8 finished: append at NativeMethodAccessorImpl.java:0, took 2.184472 s
[2026-03-21T04:41:29.434+0000] {subprocess.py:106} INFO - 26/03/21 04:41:29 INFO AppendDataExec: Data source write support IcebergBatchWrite(table=iceberg.bronze.it_jobs_raw, format=PARQUET) is committing.
[2026-03-21T04:41:29.460+0000] {subprocess.py:106} INFO - 26/03/21 04:41:29 INFO SparkWrite: Committing append with 1 new data files to table iceberg.bronze.it_jobs_raw
[2026-03-21T04:41:26.408+0000] {subprocess.py:106} INFO - 26/03/21 04:41:26 INFO BlockManagerInfo: Removed broadcast_19_piece0 on 2c78fe4103d4:42685 in memory (size: 10.2 KiB, free: 433.8 MiB)
[2026-03-21T04:41:26.413+0000] {subprocess.py:106} INFO - 26/03/21 04:41:26 INFO BlockManagerInfo: Removed broadcast_19_piece0 on 172.30.0.6:33665 in memory (size: 10.2 KiB, free: 433.8 MiB)
[2026-03-21T04:41:35.660+0000] {subprocess.py:106} INFO - 26/03/21 04:41:35 INFO HiveTableOperations: Committed to table iceberg.bronze.it_jobs_raw with the new metadata location s3a://warehouse/iceberg_data/bronze.db/it_jobs_raw/metadata/00018-bcaad1fe-3bc2-4e3f-99ae-cc1821ac861d.metadata.json
[2026-03-21T04:41:35.661+0000] {subprocess.py:106} INFO - 26/03/21 04:41:35 INFO BaseMetastoreTableOperations: Successfully committed to table iceberg.bronze.it_jobs_raw in 3036 ms
[2026-03-21T04:41:35.661+0000] {subprocess.py:106} INFO - 26/03/21 04:41:35 INFO SnapshotProducer: Committed snapshot 1115320765510069887 (MergeAppend)
[2026-03-21T04:41:35.678+0000] {subprocess.py:106} INFO - 26/03/21 04:41:35 INFO BaseMetastoreTableOperations: Refreshing table metadata from new version: s3a://warehouse/iceberg_data/bronze.db/it_jobs_raw/metadata/00018-bcaad1fe-3bc2-4e3f-99ae-cc1821ac861d.metadata.json
[2026-03-21T04:41:35.754+0000] {subprocess.py:106} INFO - 26/03/21 04:41:35 INFO LoggingMetricsReporter: Received metrics report: CommitReport{tableName=iceberg.bronze.it_jobs_raw, snapshotId=1115320765510069887, sequenceNumber=19, operation=append, commitMetrics=CommitMetricsResult{totalDuration=TimerResult{timeUnit=NANOSECONDS, totalDuration=PT3.522797389S, count=1}, attempts=CounterResult{unit=COUNT, value=1}, addedDataFiles=CounterResult{unit=COUNT, value=1}, removedDataFiles=null, totalDataFiles=CounterResult{unit=COUNT, value=19}, addedDeleteFiles=null, addedEqualityDeleteFiles=null, addedPositionalDeleteFiles=null, removedDeleteFiles=null, removedEqualityDeleteFiles=null, removedPositionalDeleteFiles=null, totalDeleteFiles=CounterResult{unit=COUNT, value=0}, addedRecords=CounterResult{unit=COUNT, value=123}, removedRecords=null, totalRecords=CounterResult{unit=COUNT, value=9128}, addedFilesSizeInBytes=CounterResult{unit=BYTES, value=16325}, removedFilesSizeInBytes=null, totalFilesSizeInBytes=CounterResult{unit=BYTES, value=529128}, addedPositionalDeletes=null, removedPositionalDeletes=null, totalPositionalDeletes=CounterResult{unit=COUNT, value=0}, addedEqualityDeletes=null, removedEqualityDeletes=null, totalEqualityDeletes=CounterResult{unit=COUNT, value=0}}, metadata={engine-version=3.5.3, app-id=app-20260321044102-0000, engine-name=spark, iceberg-version=Apache Iceberg 1.6.1 (commit 8e9d59d299be42b0bca9461457cd1e95dbaad086)}}
[2026-03-21T04:41:35.755+0000] {subprocess.py:106} INFO - 26/03/21 04:41:35 INFO SparkWrite: Committed in 6293 ms
[2026-03-21T04:41:35.756+0000] {subprocess.py:106} INFO - 26/03/21 04:41:35 INFO AppendDataExec: Data source write support IcebergBatchWrite(table=iceberg.bronze.it_jobs_raw, format=PARQUET) committed.
[2026-03-21T04:41:35.758+0000] {subprocess.py:106} INFO - Append success.
[2026-03-21T04:41:35.759+0000] {subprocess.py:106} INFO - Process finished. Data available at: iceberg.bronze.it_jobs_raw
[2026-03-21T04:41:35.760+0000] {subprocess.py:106} INFO - 26/03/21 04:41:35 INFO SparkContext: SparkContext is stopping with exitCode 0.
[2026-03-21T04:41:35.776+0000] {subprocess.py:106} INFO - 26/03/21 04:41:35 INFO SparkUI: Stopped Spark web UI at http://2c78fe4103d4:4040
[2026-03-21T04:41:35.781+0000] {subprocess.py:106} INFO - 26/03/21 04:41:35 INFO StandaloneSchedulerBackend: Shutting down all executors
[2026-03-21T04:41:35.782+0000] {subprocess.py:106} INFO - 26/03/21 04:41:35 INFO StandaloneSchedulerBackend$StandaloneDriverEndpoint: Asking each executor to shut down
[2026-03-21T04:41:35.841+0000] {subprocess.py:106} INFO - 26/03/21 04:41:35 INFO MapOutputTrackerMasterEndpoint: MapOutputTrackerMasterEndpoint stopped!
[2026-03-21T04:41:35.855+0000] {subprocess.py:106} INFO - 26/03/21 04:41:35 INFO MemoryStore: MemoryStore cleared
[2026-03-21T04:41:35.856+0000] {subprocess.py:106} INFO - 26/03/21 04:41:35 INFO BlockManager: BlockManager stopped
[2026-03-21T04:41:35.861+0000] {subprocess.py:106} INFO - 26/03/21 04:41:35 INFO BlockManagerMaster: BlockManagerMaster stopped
[2026-03-21T04:41:35.868+0000] {subprocess.py:106} INFO - 26/03/21 04:41:35 INFO OutputCommitCoordinator$OutputCommitCoordinatorEndpoint: OutputCommitCoordinator stopped!
[2026-03-21T04:41:35.923+0000] {subprocess.py:106} INFO - 26/03/21 04:41:35 INFO SparkContext: Successfully stopped SparkContext
[2026-03-21T04:41:36.117+0000] {subprocess.py:106} INFO - 26/03/21 04:41:36 INFO ShutdownHookManager: Shutdown hook called
[2026-03-21T04:41:36.118+0000] {subprocess.py:106} INFO - 26/03/21 04:41:36 INFO ShutdownHookManager: Deleting directory /tmp/spark-0f55186e-cec4-4a25-b8c3-ae3aee9d3c1b
[2026-03-21T04:41:36.120+0000] {subprocess.py:106} INFO - 26/03/21 04:41:36 INFO ShutdownHookManager: Deleting directory /tmp/spark-0f55186e-cec4-4a25-b8c3-ae3aee9d3c1b/pyspark-4e1eb0bc-0e94-4908-9306-1ca15448e05e
[2026-03-21T04:41:36.123+0000] {subprocess.py:106} INFO - 26/03/21 04:41:36 INFO ShutdownHookManager: Deleting directory /tmp/spark-74537809-016e-4afa-b799-fc9e438a4d0f
[2026-03-21T04:41:36.131+0000] {subprocess.py:106} INFO - 26/03/21 04:41:36 INFO MetricsSystemImpl: Stopping s3a-file-system metrics system...
[2026-03-21T04:41:36.131+0000] {subprocess.py:106} INFO - 26/03/21 04:41:36 INFO MetricsSystemImpl: s3a-file-system metrics system stopped.
[2026-03-21T04:41:36.132+0000] {subprocess.py:106} INFO - 26/03/21 04:41:36 INFO MetricsSystemImpl: s3a-file-system metrics system shutdown complete.
[2026-03-21T04:41:36.213+0000] {subprocess.py:110} INFO - Command exited with return code 0
[2026-03-21T04:41:36.281+0000] {taskinstance.py:341} INFO - ::group::Post task execution logs
[2026-03-21T04:41:36.282+0000] {taskinstance.py:353} INFO - Marking task as SUCCESS. dag_id=crawl_etl_itjob, task_id=load_bronze, run_id=scheduled__2026-03-18T02:00:00+00:00, execution_date=20260318T020000, start_date=20260321T044052, end_date=20260321T044136
[2026-03-21T04:41:36.356+0000] {local_task_job_runner.py:266} INFO - Task exited with return code 0
[2026-03-21T04:41:36.401+0000] {taskinstance.py:3901} INFO - 1 downstream tasks scheduled from follow-on schedule check
[2026-03-21T04:41:36.403+0000] {local_task_job_runner.py:245} INFO - ::endgroup::
