[2026-04-05T10:25:31.293+0000] {local_task_job_runner.py:123} INFO - ::group::Pre task execution logs
[2026-04-05T10:25:31.341+0000] {taskinstance.py:2614} INFO - Dependencies all met for dep_context=non-requeueable deps ti=<TaskInstance: crawl_etl_itjob.clean_silver scheduled__2026-04-02T02:00:00+00:00 [queued]>
[2026-04-05T10:25:31.353+0000] {taskinstance.py:2614} INFO - Dependencies all met for dep_context=requeueable deps ti=<TaskInstance: crawl_etl_itjob.clean_silver scheduled__2026-04-02T02:00:00+00:00 [queued]>
[2026-04-05T10:25:31.354+0000] {taskinstance.py:2867} INFO - Starting attempt 1 of 2
[2026-04-05T10:25:31.369+0000] {taskinstance.py:2890} INFO - Executing <Task(BashOperator): clean_silver> on 2026-04-02 02:00:00+00:00
[2026-04-05T10:25:31.374+0000] {standard_task_runner.py:72} INFO - Started process 70 to run task
[2026-04-05T10:25:31.379+0000] {standard_task_runner.py:104} INFO - Running: ['***', 'tasks', 'run', 'crawl_etl_itjob', 'clean_silver', 'scheduled__2026-04-02T02:00:00+00:00', '--job-id', '770', '--raw', '--subdir', 'DAGS_FOLDER/Crawl_ETL_ITJob.py', '--cfg-path', '/tmp/tmpj1sfeywj']
[2026-04-05T10:25:31.382+0000] {standard_task_runner.py:105} INFO - Job 770: Subtask clean_silver
[2026-04-05T10:25:31.415+0000] {warnings.py:109} WARNING - /home/***/.local/lib/python3.8/site-packages/***/settings.py:209: DeprecationWarning: The sql_alchemy_conn option in [core] has been moved to the sql_alchemy_conn option in [database] - the old setting has been used, but please update your config.
  SQL_ALCHEMY_CONN = conf.get("database", "SQL_ALCHEMY_CONN")

[2026-04-05T10:25:31.502+0000] {task_command.py:467} INFO - Running <TaskInstance: crawl_etl_itjob.clean_silver scheduled__2026-04-02T02:00:00+00:00 [running]> on host b48ab74ce2ed
[2026-04-05T10:25:31.503+0000] {warnings.py:109} WARNING - /home/***/.local/lib/python3.8/site-packages/***/settings.py:470: DeprecationWarning: The sql_alchemy_conn option in [core] has been moved to the sql_alchemy_conn option in [database] - the old setting has been used, but please update your config.
  if conf.get("database", "sql_alchemy_conn") == "none://":

[2026-04-05T10:25:31.660+0000] {taskinstance.py:3134} INFO - Exporting env vars: AIRFLOW_CTX_DAG_EMAIL='hoa856856@gmail.com' AIRFLOW_CTX_DAG_OWNER='***' AIRFLOW_CTX_DAG_ID='crawl_etl_itjob' AIRFLOW_CTX_TASK_ID='clean_silver' AIRFLOW_CTX_EXECUTION_DATE='2026-04-02T02:00:00+00:00' AIRFLOW_CTX_TRY_NUMBER='1' AIRFLOW_CTX_DAG_RUN_ID='scheduled__2026-04-02T02:00:00+00:00'
[2026-04-05T10:25:31.661+0000] {taskinstance.py:732} INFO - ::endgroup::
[2026-04-05T10:25:31.675+0000] {subprocess.py:78} INFO - Tmp dir root location: /tmp
[2026-04-05T10:25:31.676+0000] {subprocess.py:88} INFO - Running command: ['/bin/bash', '-c', "\n        docker exec spark-submit bash -c '\n        /opt/spark/bin/spark-submit         --master spark://spark-master:7077         --deploy-mode client         --packages org.apache.iceberg:iceberg-spark-runtime-3.5_2.12:1.5.0,org.apache.hadoop:hadoop-aws:3.3.4,com.amazonaws:aws-java-sdk-bundle:1.12.262         /opt/spark/scripts/Clean_Silver.py\n        '\n        "]
[2026-04-05T10:25:31.687+0000] {subprocess.py:99} INFO - Output:
[2026-04-05T10:25:31.869+0000] {subprocess.py:106} INFO - /opt/spark/bin/load-spark-env.sh: line 68: ps: command not found
[2026-04-05T10:25:34.441+0000] {subprocess.py:106} INFO - :: loading settings :: url = jar:file:/opt/spark/jars/ivy-2.5.1.jar!/org/apache/ivy/core/settings/ivysettings.xml
[2026-04-05T10:25:34.596+0000] {subprocess.py:106} INFO - Ivy Default Cache set to: /home/spark/.ivy2/cache
[2026-04-05T10:25:34.597+0000] {subprocess.py:106} INFO - The jars for the packages stored in: /home/spark/.ivy2/jars
[2026-04-05T10:25:34.603+0000] {subprocess.py:106} INFO - org.apache.iceberg#iceberg-spark-runtime-3.5_2.12 added as a dependency
[2026-04-05T10:25:34.604+0000] {subprocess.py:106} INFO - org.apache.hadoop#hadoop-aws added as a dependency
[2026-04-05T10:25:34.605+0000] {subprocess.py:106} INFO - com.amazonaws#aws-java-sdk-bundle added as a dependency
[2026-04-05T10:25:34.605+0000] {subprocess.py:106} INFO - :: resolving dependencies :: org.apache.spark#spark-submit-parent-f20d06f2-6a35-4549-92cb-a203eda04044;1.0
[2026-04-05T10:25:34.606+0000] {subprocess.py:106} INFO - 	confs: [default]
[2026-04-05T10:25:34.774+0000] {subprocess.py:106} INFO - 	found org.apache.iceberg#iceberg-spark-runtime-3.5_2.12;1.5.0 in central
[2026-04-05T10:25:34.891+0000] {subprocess.py:106} INFO - 	found org.apache.hadoop#hadoop-aws;3.3.4 in central
[2026-04-05T10:25:34.920+0000] {subprocess.py:106} INFO - 	found com.amazonaws#aws-java-sdk-bundle;1.12.262 in central
[2026-04-05T10:25:34.964+0000] {subprocess.py:106} INFO - 	found org.wildfly.openssl#wildfly-openssl;1.0.7.Final in central
[2026-04-05T10:25:35.024+0000] {subprocess.py:106} INFO - :: resolution report :: resolve 379ms :: artifacts dl 33ms
[2026-04-05T10:25:35.025+0000] {subprocess.py:106} INFO - 	:: modules in use:
[2026-04-05T10:25:35.026+0000] {subprocess.py:106} INFO - 	com.amazonaws#aws-java-sdk-bundle;1.12.262 from central in [default]
[2026-04-05T10:25:35.026+0000] {subprocess.py:106} INFO - 	org.apache.hadoop#hadoop-aws;3.3.4 from central in [default]
[2026-04-05T10:25:35.027+0000] {subprocess.py:106} INFO - 	org.apache.iceberg#iceberg-spark-runtime-3.5_2.12;1.5.0 from central in [default]
[2026-04-05T10:25:35.027+0000] {subprocess.py:106} INFO - 	org.wildfly.openssl#wildfly-openssl;1.0.7.Final from central in [default]
[2026-04-05T10:25:35.028+0000] {subprocess.py:106} INFO - 	---------------------------------------------------------------------
[2026-04-05T10:25:35.029+0000] {subprocess.py:106} INFO - 	|                  |            modules            ||   artifacts   |
[2026-04-05T10:25:35.029+0000] {subprocess.py:106} INFO - 	|       conf       | number| search|dwnlded|evicted|| number|dwnlded|
[2026-04-05T10:25:35.030+0000] {subprocess.py:106} INFO - 	---------------------------------------------------------------------
[2026-04-05T10:25:35.030+0000] {subprocess.py:106} INFO - 	|      default     |   4   |   0   |   0   |   0   ||   4   |   0   |
[2026-04-05T10:25:35.031+0000] {subprocess.py:106} INFO - 	---------------------------------------------------------------------
[2026-04-05T10:25:35.032+0000] {subprocess.py:106} INFO - :: retrieving :: org.apache.spark#spark-submit-parent-f20d06f2-6a35-4549-92cb-a203eda04044
[2026-04-05T10:25:35.033+0000] {subprocess.py:106} INFO - 	confs: [default]
[2026-04-05T10:25:35.044+0000] {subprocess.py:106} INFO - 	0 artifacts copied, 4 already retrieved (0kB/11ms)
[2026-04-05T10:25:35.456+0000] {subprocess.py:106} INFO - 26/04/05 10:25:35 WARN NativeCodeLoader: Unable to load native-hadoop library for your platform... using builtin-java classes where applicable
[2026-04-05T10:25:37.148+0000] {subprocess.py:106} INFO - 26/04/05 10:25:37 INFO SparkContext: Running Spark version 3.5.3
[2026-04-05T10:25:37.149+0000] {subprocess.py:106} INFO - 26/04/05 10:25:37 INFO SparkContext: OS info Linux, 6.6.87.2-microsoft-standard-WSL2, amd64
[2026-04-05T10:25:37.150+0000] {subprocess.py:106} INFO - 26/04/05 10:25:37 INFO SparkContext: Java version 11.0.30
[2026-04-05T10:25:37.180+0000] {subprocess.py:106} INFO - 26/04/05 10:25:37 INFO ResourceUtils: ==============================================================
[2026-04-05T10:25:37.181+0000] {subprocess.py:106} INFO - 26/04/05 10:25:37 INFO ResourceUtils: No custom resources configured for spark.driver.
[2026-04-05T10:25:37.181+0000] {subprocess.py:106} INFO - 26/04/05 10:25:37 INFO ResourceUtils: ==============================================================
[2026-04-05T10:25:37.182+0000] {subprocess.py:106} INFO - 26/04/05 10:25:37 INFO SparkContext: Submitted application: Silver_Etl_Cleaning_Merge
[2026-04-05T10:25:37.213+0000] {subprocess.py:106} INFO - 26/04/05 10:25:37 INFO ResourceProfile: Default ResourceProfile created, executor resources: Map(memory -> name: memory, amount: 1024, script: , vendor: , offHeap -> name: offHeap, amount: 0, script: , vendor: ), task resources: Map(cpus -> name: cpus, amount: 1.0)
[2026-04-05T10:25:37.232+0000] {subprocess.py:106} INFO - 26/04/05 10:25:37 INFO ResourceProfile: Limiting resource is cpu
[2026-04-05T10:25:37.234+0000] {subprocess.py:106} INFO - 26/04/05 10:25:37 INFO ResourceProfileManager: Added ResourceProfile id: 0
[2026-04-05T10:25:37.308+0000] {subprocess.py:106} INFO - 26/04/05 10:25:37 INFO SecurityManager: Changing view acls to: spark
[2026-04-05T10:25:37.309+0000] {subprocess.py:106} INFO - 26/04/05 10:25:37 INFO SecurityManager: Changing modify acls to: spark
[2026-04-05T10:25:37.310+0000] {subprocess.py:106} INFO - 26/04/05 10:25:37 INFO SecurityManager: Changing view acls groups to:
[2026-04-05T10:25:37.310+0000] {subprocess.py:106} INFO - 26/04/05 10:25:37 INFO SecurityManager: Changing modify acls groups to:
[2026-04-05T10:25:37.311+0000] {subprocess.py:106} INFO - 26/04/05 10:25:37 INFO SecurityManager: SecurityManager: authentication disabled; ui acls disabled; users with view permissions: spark; groups with view permissions: EMPTY; users with modify permissions: spark; groups with modify permissions: EMPTY
[2026-04-05T10:25:37.609+0000] {subprocess.py:106} INFO - 26/04/05 10:25:37 INFO Utils: Successfully started service 'sparkDriver' on port 40791.
[2026-04-05T10:25:37.640+0000] {subprocess.py:106} INFO - 26/04/05 10:25:37 INFO SparkEnv: Registering MapOutputTracker
[2026-04-05T10:25:37.683+0000] {subprocess.py:106} INFO - 26/04/05 10:25:37 INFO SparkEnv: Registering BlockManagerMaster
[2026-04-05T10:25:37.717+0000] {subprocess.py:106} INFO - 26/04/05 10:25:37 INFO BlockManagerMasterEndpoint: Using org.apache.spark.storage.DefaultTopologyMapper for getting topology information
[2026-04-05T10:25:37.719+0000] {subprocess.py:106} INFO - 26/04/05 10:25:37 INFO BlockManagerMasterEndpoint: BlockManagerMasterEndpoint up
[2026-04-05T10:25:37.727+0000] {subprocess.py:106} INFO - 26/04/05 10:25:37 INFO SparkEnv: Registering BlockManagerMasterHeartbeat
[2026-04-05T10:25:37.753+0000] {subprocess.py:106} INFO - 26/04/05 10:25:37 INFO DiskBlockManager: Created local directory at /tmp/blockmgr-c80917a2-ccd4-4803-b47e-98877b8c7605
[2026-04-05T10:25:37.770+0000] {subprocess.py:106} INFO - 26/04/05 10:25:37 INFO MemoryStore: MemoryStore started with capacity 434.4 MiB
[2026-04-05T10:25:37.785+0000] {subprocess.py:106} INFO - 26/04/05 10:25:37 INFO SparkEnv: Registering OutputCommitCoordinator
[2026-04-05T10:25:37.969+0000] {subprocess.py:106} INFO - 26/04/05 10:25:37 INFO JettyUtils: Start Jetty 0.0.0.0:4040 for SparkUI
[2026-04-05T10:25:38.036+0000] {subprocess.py:106} INFO - 26/04/05 10:25:38 INFO Utils: Successfully started service 'SparkUI' on port 4040.
[2026-04-05T10:25:38.094+0000] {subprocess.py:106} INFO - 26/04/05 10:25:38 INFO SparkContext: Added JAR file:///home/spark/.ivy2/jars/org.apache.iceberg_iceberg-spark-runtime-3.5_2.12-1.5.0.jar at spark://d0f687c55036:40791/jars/org.apache.iceberg_iceberg-spark-runtime-3.5_2.12-1.5.0.jar with timestamp 1775384737134
[2026-04-05T10:25:38.095+0000] {subprocess.py:106} INFO - 26/04/05 10:25:38 INFO SparkContext: Added JAR file:///home/spark/.ivy2/jars/org.apache.hadoop_hadoop-aws-3.3.4.jar at spark://d0f687c55036:40791/jars/org.apache.hadoop_hadoop-aws-3.3.4.jar with timestamp 1775384737134
[2026-04-05T10:25:38.096+0000] {subprocess.py:106} INFO - 26/04/05 10:25:38 INFO SparkContext: Added JAR file:///home/spark/.ivy2/jars/com.amazonaws_aws-java-sdk-bundle-1.12.262.jar at spark://d0f687c55036:40791/jars/com.amazonaws_aws-java-sdk-bundle-1.12.262.jar with timestamp 1775384737134
[2026-04-05T10:25:38.096+0000] {subprocess.py:106} INFO - 26/04/05 10:25:38 INFO SparkContext: Added JAR file:///home/spark/.ivy2/jars/org.wildfly.openssl_wildfly-openssl-1.0.7.Final.jar at spark://d0f687c55036:40791/jars/org.wildfly.openssl_wildfly-openssl-1.0.7.Final.jar with timestamp 1775384737134
[2026-04-05T10:25:38.103+0000] {subprocess.py:106} INFO - 26/04/05 10:25:38 INFO SparkContext: Added file file:///home/spark/.ivy2/jars/org.apache.iceberg_iceberg-spark-runtime-3.5_2.12-1.5.0.jar at spark://d0f687c55036:40791/files/org.apache.iceberg_iceberg-spark-runtime-3.5_2.12-1.5.0.jar with timestamp 1775384737134
[2026-04-05T10:25:38.107+0000] {subprocess.py:106} INFO - 26/04/05 10:25:38 INFO Utils: Copying /home/spark/.ivy2/jars/org.apache.iceberg_iceberg-spark-runtime-3.5_2.12-1.5.0.jar to /tmp/spark-9ec388ac-1e8d-4866-9781-d263d0423f46/userFiles-f8331871-5e50-4ce5-af45-58b4cb194bff/org.apache.iceberg_iceberg-spark-runtime-3.5_2.12-1.5.0.jar
[2026-04-05T10:25:38.172+0000] {subprocess.py:106} INFO - 26/04/05 10:25:38 INFO SparkContext: Added file file:///home/spark/.ivy2/jars/org.apache.hadoop_hadoop-aws-3.3.4.jar at spark://d0f687c55036:40791/files/org.apache.hadoop_hadoop-aws-3.3.4.jar with timestamp 1775384737134
[2026-04-05T10:25:38.173+0000] {subprocess.py:106} INFO - 26/04/05 10:25:38 INFO Utils: Copying /home/spark/.ivy2/jars/org.apache.hadoop_hadoop-aws-3.3.4.jar to /tmp/spark-9ec388ac-1e8d-4866-9781-d263d0423f46/userFiles-f8331871-5e50-4ce5-af45-58b4cb194bff/org.apache.hadoop_hadoop-aws-3.3.4.jar
[2026-04-05T10:25:38.180+0000] {subprocess.py:106} INFO - 26/04/05 10:25:38 INFO SparkContext: Added file file:///home/spark/.ivy2/jars/com.amazonaws_aws-java-sdk-bundle-1.12.262.jar at spark://d0f687c55036:40791/files/com.amazonaws_aws-java-sdk-bundle-1.12.262.jar with timestamp 1775384737134
[2026-04-05T10:25:38.181+0000] {subprocess.py:106} INFO - 26/04/05 10:25:38 INFO Utils: Copying /home/spark/.ivy2/jars/com.amazonaws_aws-java-sdk-bundle-1.12.262.jar to /tmp/spark-9ec388ac-1e8d-4866-9781-d263d0423f46/userFiles-f8331871-5e50-4ce5-af45-58b4cb194bff/com.amazonaws_aws-java-sdk-bundle-1.12.262.jar
[2026-04-05T10:25:38.600+0000] {subprocess.py:106} INFO - 26/04/05 10:25:38 INFO SparkContext: Added file file:///home/spark/.ivy2/jars/org.wildfly.openssl_wildfly-openssl-1.0.7.Final.jar at spark://d0f687c55036:40791/files/org.wildfly.openssl_wildfly-openssl-1.0.7.Final.jar with timestamp 1775384737134
[2026-04-05T10:25:38.600+0000] {subprocess.py:106} INFO - 26/04/05 10:25:38 INFO Utils: Copying /home/spark/.ivy2/jars/org.wildfly.openssl_wildfly-openssl-1.0.7.Final.jar to /tmp/spark-9ec388ac-1e8d-4866-9781-d263d0423f46/userFiles-f8331871-5e50-4ce5-af45-58b4cb194bff/org.wildfly.openssl_wildfly-openssl-1.0.7.Final.jar
[2026-04-05T10:25:38.710+0000] {subprocess.py:106} INFO - 26/04/05 10:25:38 INFO StandaloneAppClient$ClientEndpoint: Connecting to master spark://spark-master:7077...
[2026-04-05T10:25:38.760+0000] {subprocess.py:106} INFO - 26/04/05 10:25:38 INFO TransportClientFactory: Successfully created connection to spark-master/172.30.0.5:7077 after 31 ms (0 ms spent in bootstraps)
[2026-04-05T10:25:38.904+0000] {subprocess.py:106} INFO - 26/04/05 10:25:38 INFO StandaloneSchedulerBackend: Connected to Spark cluster with app ID app-20260405102538-0001
[2026-04-05T10:25:38.905+0000] {subprocess.py:106} INFO - 26/04/05 10:25:38 INFO StandaloneAppClient$ClientEndpoint: Executor added: app-20260405102538-0001/0 on worker-20260405101051-172.30.0.6-42535 (172.30.0.6:42535) with 8 core(s)
[2026-04-05T10:25:38.911+0000] {subprocess.py:106} INFO - 26/04/05 10:25:38 INFO StandaloneSchedulerBackend: Granted executor ID app-20260405102538-0001/0 on hostPort 172.30.0.6:42535 with 8 core(s), 1024.0 MiB RAM
[2026-04-05T10:25:38.924+0000] {subprocess.py:106} INFO - 26/04/05 10:25:38 INFO Utils: Successfully started service 'org.apache.spark.network.netty.NettyBlockTransferService' on port 39851.
[2026-04-05T10:25:38.926+0000] {subprocess.py:106} INFO - 26/04/05 10:25:38 INFO NettyBlockTransferService: Server created on d0f687c55036:39851
[2026-04-05T10:25:38.926+0000] {subprocess.py:106} INFO - 26/04/05 10:25:38 INFO BlockManager: Using org.apache.spark.storage.RandomBlockReplicationPolicy for block replication policy
[2026-04-05T10:25:38.936+0000] {subprocess.py:106} INFO - 26/04/05 10:25:38 INFO BlockManagerMaster: Registering BlockManager BlockManagerId(driver, d0f687c55036, 39851, None)
[2026-04-05T10:25:38.942+0000] {subprocess.py:106} INFO - 26/04/05 10:25:38 INFO BlockManagerMasterEndpoint: Registering block manager d0f687c55036:39851 with 434.4 MiB RAM, BlockManagerId(driver, d0f687c55036, 39851, None)
[2026-04-05T10:25:38.946+0000] {subprocess.py:106} INFO - 26/04/05 10:25:38 INFO BlockManagerMaster: Registered BlockManager BlockManagerId(driver, d0f687c55036, 39851, None)
[2026-04-05T10:25:38.954+0000] {subprocess.py:106} INFO - 26/04/05 10:25:38 INFO BlockManager: Initialized BlockManager: BlockManagerId(driver, d0f687c55036, 39851, None)
[2026-04-05T10:25:38.979+0000] {subprocess.py:106} INFO - 26/04/05 10:25:38 INFO StandaloneAppClient$ClientEndpoint: Executor updated: app-20260405102538-0001/0 is now RUNNING
[2026-04-05T10:25:39.368+0000] {subprocess.py:106} INFO - 26/04/05 10:25:39 INFO StandaloneSchedulerBackend: SchedulerBackend is ready for scheduling beginning after reached minRegisteredResourcesRatio: 0.0
[2026-04-05T10:25:39.910+0000] {subprocess.py:106} INFO - 26/04/05 10:25:39 INFO SharedState: Setting hive.metastore.warehouse.dir ('null') to the value of spark.sql.warehouse.dir.
[2026-04-05T10:25:39.917+0000] {subprocess.py:106} INFO - 26/04/05 10:25:39 INFO SharedState: Warehouse path is 'file:/opt/spark/spark-warehouse'.
[2026-04-05T10:25:47.743+0000] {subprocess.py:106} INFO - 26/04/05 10:25:47 INFO HiveConf: Found configuration file null
[2026-04-05T10:25:47.790+0000] {subprocess.py:106} INFO - 26/04/05 10:25:47 INFO StandaloneSchedulerBackend$StandaloneDriverEndpoint: Registered executor NettyRpcEndpointRef(spark-client://Executor) (172.30.0.6:38490) with ID 0,  ResourceProfileId 0
[2026-04-05T10:25:48.018+0000] {subprocess.py:106} INFO - 26/04/05 10:25:48 INFO BlockManagerMasterEndpoint: Registering block manager 172.30.0.6:43965 with 434.4 MiB RAM, BlockManagerId(0, 172.30.0.6, 43965, None)
[2026-04-05T10:25:48.169+0000] {subprocess.py:106} INFO - 26/04/05 10:25:48 INFO metastore: Trying to connect to metastore with URI thrift://hive-metastore:9083
[2026-04-05T10:25:48.229+0000] {subprocess.py:106} INFO - 26/04/05 10:25:48 INFO metastore: Opened a connection to metastore, current connections: 1
[2026-04-05T10:25:48.276+0000] {subprocess.py:106} INFO - 26/04/05 10:25:48 INFO metastore: Connected to metastore.
[2026-04-05T10:25:48.586+0000] {subprocess.py:106} INFO - 26/04/05 10:25:48 INFO BaseMetastoreTableOperations: Refreshing table metadata from new version: s3a://warehouse/iceberg_data/silver.db/it_jobs_clean/metadata/00026-23793dd6-af29-4668-b11b-12a3215c92e0.metadata.json
[2026-04-05T10:25:48.806+0000] {subprocess.py:106} INFO - 26/04/05 10:25:48 WARN MetricsConfig: Cannot locate configuration: tried hadoop-metrics2-s3a-file-system.properties,hadoop-metrics2.properties
[2026-04-05T10:25:48.824+0000] {subprocess.py:106} INFO - 26/04/05 10:25:48 INFO MetricsSystemImpl: Scheduled Metric snapshot period at 10 second(s).
[2026-04-05T10:25:48.825+0000] {subprocess.py:106} INFO - 26/04/05 10:25:48 INFO MetricsSystemImpl: s3a-file-system metrics system started
[2026-04-05T10:25:51.379+0000] {subprocess.py:106} INFO - 26/04/05 10:25:51 INFO BaseMetastoreCatalog: Table loaded by catalog: iceberg.silver.it_jobs_clean
[2026-04-05T10:25:53.361+0000] {subprocess.py:106} INFO - 26/04/05 10:25:53 INFO SnapshotScan: Scanning table iceberg.silver.it_jobs_clean snapshot 2517528183689698673 created at 2026-04-02T02:26:52.257+00:00 with filter true
[2026-04-05T10:25:54.001+0000] {subprocess.py:106} INFO - 26/04/05 10:25:53 INFO BaseDistributedDataScan: Planning file tasks locally for table iceberg.silver.it_jobs_clean
[2026-04-05T10:25:54.426+0000] {subprocess.py:106} INFO - 26/04/05 10:25:54 INFO V2ScanRelationPushDown:
[2026-04-05T10:25:54.427+0000] {subprocess.py:106} INFO - Pushing operators to iceberg.silver.it_jobs_clean
[2026-04-05T10:25:54.428+0000] {subprocess.py:106} INFO - Pushed Aggregate Functions:
[2026-04-05T10:25:54.428+0000] {subprocess.py:106} INFO -  MAX(ingest_time)
[2026-04-05T10:25:54.429+0000] {subprocess.py:106} INFO - Pushed Group by:
[2026-04-05T10:25:54.430+0000] {subprocess.py:106} INFO - 
[2026-04-05T10:25:54.431+0000] {subprocess.py:106} INFO - 
[2026-04-05T10:25:55.995+0000] {subprocess.py:106} INFO - 26/04/05 10:25:55 INFO CodeGenerator: Code generated in 399.099805 ms
[2026-04-05T10:25:56.027+0000] {subprocess.py:106} INFO - 26/04/05 10:25:56 INFO CodeGenerator: Code generated in 18.178334 ms
[2026-04-05T10:25:56.184+0000] {subprocess.py:106} INFO - 26/04/05 10:25:56 INFO DAGScheduler: Registering RDD 2 (collect at /opt/spark/scripts/Clean_Silver.py:56) as input to shuffle 0
[2026-04-05T10:25:56.196+0000] {subprocess.py:106} INFO - 26/04/05 10:25:56 INFO DAGScheduler: Got map stage job 0 (collect at /opt/spark/scripts/Clean_Silver.py:56) with 1 output partitions
[2026-04-05T10:25:56.197+0000] {subprocess.py:106} INFO - 26/04/05 10:25:56 INFO DAGScheduler: Final stage: ShuffleMapStage 0 (collect at /opt/spark/scripts/Clean_Silver.py:56)
[2026-04-05T10:25:56.197+0000] {subprocess.py:106} INFO - 26/04/05 10:25:56 INFO DAGScheduler: Parents of final stage: List()
[2026-04-05T10:25:56.201+0000] {subprocess.py:106} INFO - 26/04/05 10:25:56 INFO DAGScheduler: Missing parents: List()
[2026-04-05T10:25:56.214+0000] {subprocess.py:106} INFO - 26/04/05 10:25:56 INFO DAGScheduler: Submitting ShuffleMapStage 0 (MapPartitionsRDD[2] at collect at /opt/spark/scripts/Clean_Silver.py:56), which has no missing parents
[2026-04-05T10:25:56.455+0000] {subprocess.py:106} INFO - 26/04/05 10:25:56 INFO MemoryStore: Block broadcast_0 stored as values in memory (estimated size 12.0 KiB, free 434.4 MiB)
[2026-04-05T10:25:56.521+0000] {subprocess.py:106} INFO - 26/04/05 10:25:56 INFO MemoryStore: Block broadcast_0_piece0 stored as bytes in memory (estimated size 6.0 KiB, free 434.4 MiB)
[2026-04-05T10:25:56.526+0000] {subprocess.py:106} INFO - 26/04/05 10:25:56 INFO BlockManagerInfo: Added broadcast_0_piece0 in memory on d0f687c55036:39851 (size: 6.0 KiB, free: 434.4 MiB)
[2026-04-05T10:25:56.535+0000] {subprocess.py:106} INFO - 26/04/05 10:25:56 INFO SparkContext: Created broadcast 0 from broadcast at DAGScheduler.scala:1585
[2026-04-05T10:25:56.583+0000] {subprocess.py:106} INFO - 26/04/05 10:25:56 INFO DAGScheduler: Submitting 1 missing tasks from ShuffleMapStage 0 (MapPartitionsRDD[2] at collect at /opt/spark/scripts/Clean_Silver.py:56) (first 15 tasks are for partitions Vector(0))
[2026-04-05T10:25:56.585+0000] {subprocess.py:106} INFO - 26/04/05 10:25:56 INFO TaskSchedulerImpl: Adding task set 0.0 with 1 tasks resource profile 0
[2026-04-05T10:25:56.666+0000] {subprocess.py:106} INFO - 26/04/05 10:25:56 INFO TaskSetManager: Starting task 0.0 in stage 0.0 (TID 0) (172.30.0.6, executor 0, partition 0, PROCESS_LOCAL, 10137 bytes)
[2026-04-05T10:25:57.083+0000] {subprocess.py:106} INFO - 26/04/05 10:25:57 INFO BlockManagerInfo: Added broadcast_0_piece0 in memory on 172.30.0.6:43965 (size: 6.0 KiB, free: 434.4 MiB)
[2026-04-05T10:25:58.719+0000] {subprocess.py:106} INFO - 26/04/05 10:25:58 INFO TaskSetManager: Finished task 0.0 in stage 0.0 (TID 0) in 2097 ms on 172.30.0.6 (executor 0) (1/1)
[2026-04-05T10:25:58.725+0000] {subprocess.py:106} INFO - 26/04/05 10:25:58 INFO TaskSchedulerImpl: Removed TaskSet 0.0, whose tasks have all completed, from pool
[2026-04-05T10:25:58.742+0000] {subprocess.py:106} INFO - 26/04/05 10:25:58 INFO DAGScheduler: ShuffleMapStage 0 (collect at /opt/spark/scripts/Clean_Silver.py:56) finished in 2.490 s
[2026-04-05T10:25:58.743+0000] {subprocess.py:106} INFO - 26/04/05 10:25:58 INFO DAGScheduler: looking for newly runnable stages
[2026-04-05T10:25:58.744+0000] {subprocess.py:106} INFO - 26/04/05 10:25:58 INFO DAGScheduler: running: Set()
[2026-04-05T10:25:58.744+0000] {subprocess.py:106} INFO - 26/04/05 10:25:58 INFO DAGScheduler: waiting: Set()
[2026-04-05T10:25:58.745+0000] {subprocess.py:106} INFO - 26/04/05 10:25:58 INFO DAGScheduler: failed: Set()
[2026-04-05T10:25:58.824+0000] {subprocess.py:106} INFO - 26/04/05 10:25:58 INFO CodeGenerator: Code generated in 16.813759 ms
[2026-04-05T10:25:58.911+0000] {subprocess.py:106} INFO - 26/04/05 10:25:58 INFO SparkContext: Starting job: collect at /opt/spark/scripts/Clean_Silver.py:56
[2026-04-05T10:25:58.922+0000] {subprocess.py:106} INFO - 26/04/05 10:25:58 INFO DAGScheduler: Got job 1 (collect at /opt/spark/scripts/Clean_Silver.py:56) with 1 output partitions
[2026-04-05T10:25:58.926+0000] {subprocess.py:106} INFO - 26/04/05 10:25:58 INFO DAGScheduler: Final stage: ResultStage 2 (collect at /opt/spark/scripts/Clean_Silver.py:56)
[2026-04-05T10:25:58.927+0000] {subprocess.py:106} INFO - 26/04/05 10:25:58 INFO DAGScheduler: Parents of final stage: List(ShuffleMapStage 1)
[2026-04-05T10:25:58.930+0000] {subprocess.py:106} INFO - 26/04/05 10:25:58 INFO DAGScheduler: Missing parents: List()
[2026-04-05T10:25:58.939+0000] {subprocess.py:106} INFO - 26/04/05 10:25:58 INFO DAGScheduler: Submitting ResultStage 2 (MapPartitionsRDD[5] at collect at /opt/spark/scripts/Clean_Silver.py:56), which has no missing parents
[2026-04-05T10:25:58.957+0000] {subprocess.py:106} INFO - 26/04/05 10:25:58 INFO MemoryStore: Block broadcast_1 stored as values in memory (estimated size 13.1 KiB, free 434.4 MiB)
[2026-04-05T10:25:58.986+0000] {subprocess.py:106} INFO - 26/04/05 10:25:58 INFO MemoryStore: Block broadcast_1_piece0 stored as bytes in memory (estimated size 6.1 KiB, free 434.4 MiB)
[2026-04-05T10:25:58.989+0000] {subprocess.py:106} INFO - 26/04/05 10:25:58 INFO BlockManagerInfo: Added broadcast_1_piece0 in memory on d0f687c55036:39851 (size: 6.1 KiB, free: 434.4 MiB)
[2026-04-05T10:25:58.990+0000] {subprocess.py:106} INFO - 26/04/05 10:25:58 INFO SparkContext: Created broadcast 1 from broadcast at DAGScheduler.scala:1585
[2026-04-05T10:25:59.002+0000] {subprocess.py:106} INFO - 26/04/05 10:25:58 INFO DAGScheduler: Submitting 1 missing tasks from ResultStage 2 (MapPartitionsRDD[5] at collect at /opt/spark/scripts/Clean_Silver.py:56) (first 15 tasks are for partitions Vector(0))
[2026-04-05T10:25:59.004+0000] {subprocess.py:106} INFO - 26/04/05 10:25:58 INFO TaskSchedulerImpl: Adding task set 2.0 with 1 tasks resource profile 0
[2026-04-05T10:25:59.035+0000] {subprocess.py:106} INFO - 26/04/05 10:25:59 INFO TaskSetManager: Starting task 0.0 in stage 2.0 (TID 1) (172.30.0.6, executor 0, partition 0, NODE_LOCAL, 9976 bytes)
[2026-04-05T10:25:59.044+0000] {subprocess.py:106} INFO - 26/04/05 10:25:59 INFO BlockManagerInfo: Removed broadcast_0_piece0 on d0f687c55036:39851 in memory (size: 6.0 KiB, free: 434.4 MiB)
[2026-04-05T10:25:59.085+0000] {subprocess.py:106} INFO - 26/04/05 10:25:59 INFO BlockManagerInfo: Removed broadcast_0_piece0 on 172.30.0.6:43965 in memory (size: 6.0 KiB, free: 434.4 MiB)
[2026-04-05T10:25:59.109+0000] {subprocess.py:106} INFO - 26/04/05 10:25:59 INFO BlockManagerInfo: Added broadcast_1_piece0 in memory on 172.30.0.6:43965 (size: 6.1 KiB, free: 434.4 MiB)
[2026-04-05T10:25:59.277+0000] {subprocess.py:106} INFO - 26/04/05 10:25:59 INFO MapOutputTrackerMasterEndpoint: Asked to send map output locations for shuffle 0 to 172.30.0.6:38490
[2026-04-05T10:25:59.538+0000] {subprocess.py:106} INFO - 26/04/05 10:25:59 INFO TaskSetManager: Finished task 0.0 in stage 2.0 (TID 1) in 520 ms on 172.30.0.6 (executor 0) (1/1)
[2026-04-05T10:25:59.540+0000] {subprocess.py:106} INFO - 26/04/05 10:25:59 INFO TaskSchedulerImpl: Removed TaskSet 2.0, whose tasks have all completed, from pool
[2026-04-05T10:25:59.546+0000] {subprocess.py:106} INFO - 26/04/05 10:25:59 INFO DAGScheduler: ResultStage 2 (collect at /opt/spark/scripts/Clean_Silver.py:56) finished in 0.595 s
[2026-04-05T10:25:59.550+0000] {subprocess.py:106} INFO - 26/04/05 10:25:59 INFO DAGScheduler: Job 1 is finished. Cancelling potential speculative or zombie tasks for this job
[2026-04-05T10:25:59.551+0000] {subprocess.py:106} INFO - 26/04/05 10:25:59 INFO TaskSchedulerImpl: Killing all running tasks in stage 2: Stage finished
[2026-04-05T10:25:59.552+0000] {subprocess.py:106} INFO - 26/04/05 10:25:59 INFO DAGScheduler: Job 1 finished: collect at /opt/spark/scripts/Clean_Silver.py:56, took 0.639435 s
[2026-04-05T10:25:59.979+0000] {subprocess.py:106} INFO - >>> Watermark (Last Processed Time): 2026-03-21 04:57:09.213115
[2026-04-05T10:26:00.033+0000] {subprocess.py:106} INFO - 26/04/05 10:26:00 INFO BaseMetastoreTableOperations: Refreshing table metadata from new version: s3a://warehouse/iceberg_data/bronze.db/it_jobs_raw/metadata/00027-9dd8d64a-1f92-4400-ba0e-7977e48d8806.metadata.json
[2026-04-05T10:26:00.065+0000] {subprocess.py:106} INFO - 26/04/05 10:26:00 INFO BaseMetastoreCatalog: Table loaded by catalog: iceberg.bronze.it_jobs_raw
[2026-04-05T10:26:00.096+0000] {subprocess.py:106} INFO - >>> INCREMENTAL LOAD: Reading only new data...
[2026-04-05T10:26:00.532+0000] {subprocess.py:106} INFO - 26/04/05 10:26:00 INFO V2ScanRelationPushDown:
[2026-04-05T10:26:00.533+0000] {subprocess.py:106} INFO - Pushing operators to iceberg.bronze.it_jobs_raw
[2026-04-05T10:26:00.533+0000] {subprocess.py:106} INFO - Pushed Filters: ingest_time IS NOT NULL, ingest_time > 1774069029213115
[2026-04-05T10:26:00.535+0000] {subprocess.py:106} INFO - Post-Scan Filters: isnotnull(ingest_time#36),(ingest_time#36 > 2026-03-21 04:57:09.213115)
[2026-04-05T10:26:00.536+0000] {subprocess.py:106} INFO - 
[2026-04-05T10:26:00.591+0000] {subprocess.py:106} INFO - 26/04/05 10:26:00 INFO V2ScanRelationPushDown:
[2026-04-05T10:26:00.592+0000] {subprocess.py:106} INFO - Output: ingest_time#36
[2026-04-05T10:26:00.593+0000] {subprocess.py:106} INFO - 
[2026-04-05T10:26:00.609+0000] {subprocess.py:106} INFO - 26/04/05 10:26:00 INFO SnapshotScan: Scanning table iceberg.bronze.it_jobs_raw snapshot 4193367902875482364 created at 2026-04-05T10:25:25.213+00:00 with filter (ingest_time IS NOT NULL AND ingest_time > (16-digit-int))
[2026-04-05T10:26:00.684+0000] {subprocess.py:106} INFO - 26/04/05 10:26:00 INFO BaseDistributedDataScan: Planning file tasks locally for table iceberg.bronze.it_jobs_raw
[2026-04-05T10:26:00.830+0000] {subprocess.py:106} INFO - 26/04/05 10:26:00 INFO BlockManagerInfo: Removed broadcast_1_piece0 on d0f687c55036:39851 in memory (size: 6.1 KiB, free: 434.4 MiB)
[2026-04-05T10:26:00.834+0000] {subprocess.py:106} INFO - 26/04/05 10:26:00 INFO BlockManagerInfo: Removed broadcast_1_piece0 on 172.30.0.6:43965 in memory (size: 6.1 KiB, free: 434.4 MiB)
[2026-04-05T10:26:00.994+0000] {subprocess.py:106} INFO - 26/04/05 10:26:00 INFO SparkPartitioningAwareScan: Reporting UnknownPartitioning with 2 partition(s) for table iceberg.bronze.it_jobs_raw
[2026-04-05T10:26:01.025+0000] {subprocess.py:106} INFO - 26/04/05 10:26:01 INFO MemoryStore: Block broadcast_2 stored as values in memory (estimated size 32.0 KiB, free 434.4 MiB)
[2026-04-05T10:26:01.048+0000] {subprocess.py:106} INFO - 26/04/05 10:26:01 INFO MemoryStore: Block broadcast_2_piece0 stored as bytes in memory (estimated size 30.3 KiB, free 434.3 MiB)
[2026-04-05T10:26:01.051+0000] {subprocess.py:106} INFO - 26/04/05 10:26:01 INFO BlockManagerInfo: Added broadcast_2_piece0 in memory on d0f687c55036:39851 (size: 30.3 KiB, free: 434.4 MiB)
[2026-04-05T10:26:01.059+0000] {subprocess.py:106} INFO - 26/04/05 10:26:01 INFO SparkContext: Created broadcast 2 from broadcast at SparkBatch.java:79
[2026-04-05T10:26:01.076+0000] {subprocess.py:106} INFO - 26/04/05 10:26:01 INFO MemoryStore: Block broadcast_3 stored as values in memory (estimated size 32.0 KiB, free 434.3 MiB)
[2026-04-05T10:26:01.088+0000] {subprocess.py:106} INFO - 26/04/05 10:26:01 INFO MemoryStore: Block broadcast_3_piece0 stored as bytes in memory (estimated size 30.2 KiB, free 434.3 MiB)
[2026-04-05T10:26:01.089+0000] {subprocess.py:106} INFO - 26/04/05 10:26:01 INFO BlockManagerInfo: Added broadcast_3_piece0 in memory on d0f687c55036:39851 (size: 30.2 KiB, free: 434.3 MiB)
[2026-04-05T10:26:01.090+0000] {subprocess.py:106} INFO - 26/04/05 10:26:01 INFO SparkContext: Created broadcast 3 from broadcast at SparkBatch.java:79
[2026-04-05T10:26:01.223+0000] {subprocess.py:106} INFO - 26/04/05 10:26:01 INFO CodeGenerator: Code generated in 35.486489 ms
[2026-04-05T10:26:01.256+0000] {subprocess.py:106} INFO - 26/04/05 10:26:01 INFO DAGScheduler: Registering RDD 9 (count at NativeMethodAccessorImpl.java:0) as input to shuffle 1
[2026-04-05T10:26:01.257+0000] {subprocess.py:106} INFO - 26/04/05 10:26:01 INFO DAGScheduler: Got map stage job 2 (count at NativeMethodAccessorImpl.java:0) with 2 output partitions
[2026-04-05T10:26:01.258+0000] {subprocess.py:106} INFO - 26/04/05 10:26:01 INFO DAGScheduler: Final stage: ShuffleMapStage 3 (count at NativeMethodAccessorImpl.java:0)
[2026-04-05T10:26:01.259+0000] {subprocess.py:106} INFO - 26/04/05 10:26:01 INFO DAGScheduler: Parents of final stage: List()
[2026-04-05T10:26:01.261+0000] {subprocess.py:106} INFO - 26/04/05 10:26:01 INFO DAGScheduler: Missing parents: List()
[2026-04-05T10:26:01.262+0000] {subprocess.py:106} INFO - 26/04/05 10:26:01 INFO DAGScheduler: Submitting ShuffleMapStage 3 (MapPartitionsRDD[9] at count at NativeMethodAccessorImpl.java:0), which has no missing parents
[2026-04-05T10:26:01.273+0000] {subprocess.py:106} INFO - 26/04/05 10:26:01 INFO MemoryStore: Block broadcast_4 stored as values in memory (estimated size 17.8 KiB, free 434.3 MiB)
[2026-04-05T10:26:01.300+0000] {subprocess.py:106} INFO - 26/04/05 10:26:01 INFO MemoryStore: Block broadcast_4_piece0 stored as bytes in memory (estimated size 7.6 KiB, free 434.3 MiB)
[2026-04-05T10:26:01.301+0000] {subprocess.py:106} INFO - 26/04/05 10:26:01 INFO BlockManagerInfo: Added broadcast_4_piece0 in memory on d0f687c55036:39851 (size: 7.6 KiB, free: 434.3 MiB)
[2026-04-05T10:26:01.302+0000] {subprocess.py:106} INFO - 26/04/05 10:26:01 INFO SparkContext: Created broadcast 4 from broadcast at DAGScheduler.scala:1585
[2026-04-05T10:26:01.302+0000] {subprocess.py:106} INFO - 26/04/05 10:26:01 INFO DAGScheduler: Submitting 2 missing tasks from ShuffleMapStage 3 (MapPartitionsRDD[9] at count at NativeMethodAccessorImpl.java:0) (first 15 tasks are for partitions Vector(0, 1))
[2026-04-05T10:26:01.305+0000] {subprocess.py:106} INFO - 26/04/05 10:26:01 INFO TaskSchedulerImpl: Adding task set 3.0 with 2 tasks resource profile 0
[2026-04-05T10:26:01.334+0000] {subprocess.py:106} INFO - 26/04/05 10:26:01 INFO TaskSetManager: Starting task 0.0 in stage 3.0 (TID 2) (172.30.0.6, executor 0, partition 0, PROCESS_LOCAL, 16748 bytes)
[2026-04-05T10:26:01.335+0000] {subprocess.py:106} INFO - 26/04/05 10:26:01 INFO TaskSetManager: Starting task 1.0 in stage 3.0 (TID 3) (172.30.0.6, executor 0, partition 1, PROCESS_LOCAL, 16748 bytes)
[2026-04-05T10:26:01.955+0000] {subprocess.py:106} INFO - 26/04/05 10:26:01 INFO BlockManagerInfo: Added broadcast_4_piece0 in memory on 172.30.0.6:43965 (size: 7.6 KiB, free: 434.4 MiB)
[2026-04-05T10:26:02.089+0000] {subprocess.py:106} INFO - 26/04/05 10:26:02 INFO BlockManagerInfo: Added broadcast_3_piece0 in memory on 172.30.0.6:43965 (size: 30.2 KiB, free: 434.4 MiB)
[2026-04-05T10:26:06.404+0000] {subprocess.py:106} INFO - 26/04/05 10:26:06 INFO TaskSetManager: Finished task 1.0 in stage 3.0 (TID 3) in 5068 ms on 172.30.0.6 (executor 0) (1/2)
[2026-04-05T10:26:06.408+0000] {subprocess.py:106} INFO - 26/04/05 10:26:06 INFO TaskSetManager: Finished task 0.0 in stage 3.0 (TID 2) in 5099 ms on 172.30.0.6 (executor 0) (2/2)
[2026-04-05T10:26:06.409+0000] {subprocess.py:106} INFO - 26/04/05 10:26:06 INFO TaskSchedulerImpl: Removed TaskSet 3.0, whose tasks have all completed, from pool
[2026-04-05T10:26:06.410+0000] {subprocess.py:106} INFO - 26/04/05 10:26:06 INFO DAGScheduler: ShuffleMapStage 3 (count at NativeMethodAccessorImpl.java:0) finished in 5.146 s
[2026-04-05T10:26:06.411+0000] {subprocess.py:106} INFO - 26/04/05 10:26:06 INFO DAGScheduler: looking for newly runnable stages
[2026-04-05T10:26:06.412+0000] {subprocess.py:106} INFO - 26/04/05 10:26:06 INFO DAGScheduler: running: Set()
[2026-04-05T10:26:06.412+0000] {subprocess.py:106} INFO - 26/04/05 10:26:06 INFO DAGScheduler: waiting: Set()
[2026-04-05T10:26:06.413+0000] {subprocess.py:106} INFO - 26/04/05 10:26:06 INFO DAGScheduler: failed: Set()
[2026-04-05T10:26:06.485+0000] {subprocess.py:106} INFO - 26/04/05 10:26:06 INFO CodeGenerator: Code generated in 20.995718 ms
[2026-04-05T10:26:06.513+0000] {subprocess.py:106} INFO - 26/04/05 10:26:06 INFO SparkContext: Starting job: count at NativeMethodAccessorImpl.java:0
[2026-04-05T10:26:06.516+0000] {subprocess.py:106} INFO - 26/04/05 10:26:06 INFO DAGScheduler: Got job 3 (count at NativeMethodAccessorImpl.java:0) with 1 output partitions
[2026-04-05T10:26:06.517+0000] {subprocess.py:106} INFO - 26/04/05 10:26:06 INFO DAGScheduler: Final stage: ResultStage 5 (count at NativeMethodAccessorImpl.java:0)
[2026-04-05T10:26:06.517+0000] {subprocess.py:106} INFO - 26/04/05 10:26:06 INFO DAGScheduler: Parents of final stage: List(ShuffleMapStage 4)
[2026-04-05T10:26:06.518+0000] {subprocess.py:106} INFO - 26/04/05 10:26:06 INFO DAGScheduler: Missing parents: List()
[2026-04-05T10:26:06.523+0000] {subprocess.py:106} INFO - 26/04/05 10:26:06 INFO DAGScheduler: Submitting ResultStage 5 (MapPartitionsRDD[12] at count at NativeMethodAccessorImpl.java:0), which has no missing parents
[2026-04-05T10:26:06.524+0000] {subprocess.py:106} INFO - 26/04/05 10:26:06 INFO MemoryStore: Block broadcast_5 stored as values in memory (estimated size 12.5 KiB, free 434.2 MiB)
[2026-04-05T10:26:06.534+0000] {subprocess.py:106} INFO - 26/04/05 10:26:06 INFO MemoryStore: Block broadcast_5_piece0 stored as bytes in memory (estimated size 5.9 KiB, free 434.2 MiB)
[2026-04-05T10:26:06.535+0000] {subprocess.py:106} INFO - 26/04/05 10:26:06 INFO BlockManagerInfo: Removed broadcast_4_piece0 on d0f687c55036:39851 in memory (size: 7.6 KiB, free: 434.3 MiB)
[2026-04-05T10:26:06.540+0000] {subprocess.py:106} INFO - 26/04/05 10:26:06 INFO BlockManagerInfo: Added broadcast_5_piece0 in memory on d0f687c55036:39851 (size: 5.9 KiB, free: 434.3 MiB)
[2026-04-05T10:26:06.541+0000] {subprocess.py:106} INFO - 26/04/05 10:26:06 INFO SparkContext: Created broadcast 5 from broadcast at DAGScheduler.scala:1585
[2026-04-05T10:26:06.542+0000] {subprocess.py:106} INFO - 26/04/05 10:26:06 INFO DAGScheduler: Submitting 1 missing tasks from ResultStage 5 (MapPartitionsRDD[12] at count at NativeMethodAccessorImpl.java:0) (first 15 tasks are for partitions Vector(0))
[2026-04-05T10:26:06.544+0000] {subprocess.py:106} INFO - 26/04/05 10:26:06 INFO TaskSchedulerImpl: Adding task set 5.0 with 1 tasks resource profile 0
[2026-04-05T10:26:06.546+0000] {subprocess.py:106} INFO - 26/04/05 10:26:06 INFO BlockManagerInfo: Removed broadcast_4_piece0 on 172.30.0.6:43965 in memory (size: 7.6 KiB, free: 434.4 MiB)
[2026-04-05T10:26:06.548+0000] {subprocess.py:106} INFO - 26/04/05 10:26:06 INFO TaskSetManager: Starting task 0.0 in stage 5.0 (TID 4) (172.30.0.6, executor 0, partition 0, NODE_LOCAL, 9976 bytes)
[2026-04-05T10:26:06.609+0000] {subprocess.py:106} INFO - 26/04/05 10:26:06 INFO BlockManagerInfo: Added broadcast_5_piece0 in memory on 172.30.0.6:43965 (size: 5.9 KiB, free: 434.4 MiB)
[2026-04-05T10:26:06.624+0000] {subprocess.py:106} INFO - 26/04/05 10:26:06 INFO MapOutputTrackerMasterEndpoint: Asked to send map output locations for shuffle 1 to 172.30.0.6:38490
[2026-04-05T10:26:06.692+0000] {subprocess.py:106} INFO - 26/04/05 10:26:06 INFO TaskSetManager: Finished task 0.0 in stage 5.0 (TID 4) in 144 ms on 172.30.0.6 (executor 0) (1/1)
[2026-04-05T10:26:06.693+0000] {subprocess.py:106} INFO - 26/04/05 10:26:06 INFO TaskSchedulerImpl: Removed TaskSet 5.0, whose tasks have all completed, from pool
[2026-04-05T10:26:06.738+0000] {subprocess.py:106} INFO - 26/04/05 10:26:06 INFO DAGScheduler: ResultStage 5 (count at NativeMethodAccessorImpl.java:0) finished in 0.206 s
[2026-04-05T10:26:06.740+0000] {subprocess.py:106} INFO - 26/04/05 10:26:06 INFO DAGScheduler: Job 3 is finished. Cancelling potential speculative or zombie tasks for this job
[2026-04-05T10:26:06.741+0000] {subprocess.py:106} INFO - 26/04/05 10:26:06 INFO TaskSchedulerImpl: Killing all running tasks in stage 5: Stage finished
[2026-04-05T10:26:06.746+0000] {subprocess.py:106} INFO - 26/04/05 10:26:06 INFO DAGScheduler: Job 3 finished: count at NativeMethodAccessorImpl.java:0, took 0.217241 s
[2026-04-05T10:26:06.746+0000] {subprocess.py:106} INFO - >>> Processing 7014 records...
[2026-04-05T10:26:07.156+0000] {subprocess.py:106} INFO - 26/04/05 10:26:07 INFO BlockManagerInfo: Removed broadcast_5_piece0 on d0f687c55036:39851 in memory (size: 5.9 KiB, free: 434.3 MiB)
[2026-04-05T10:26:07.159+0000] {subprocess.py:106} INFO - 26/04/05 10:26:07 INFO BlockManagerInfo: Removed broadcast_5_piece0 on 172.30.0.6:43965 in memory (size: 5.9 KiB, free: 434.4 MiB)
[2026-04-05T10:26:07.463+0000] {subprocess.py:106} INFO - >>> Writing cleaned data to Silver...
[2026-04-05T10:26:07.525+0000] {subprocess.py:106} INFO - >>> Table exists. Performing MERGE (Upsert)...
[2026-04-05T10:26:07.753+0000] {subprocess.py:106} INFO - 26/04/05 10:26:07 INFO BlockManagerInfo: Removed broadcast_2_piece0 on d0f687c55036:39851 in memory (size: 30.3 KiB, free: 434.4 MiB)
[2026-04-05T10:26:08.096+0000] {subprocess.py:106} INFO - 26/04/05 10:26:08 INFO V2ScanRelationPushDown:
[2026-04-05T10:26:08.096+0000] {subprocess.py:106} INFO - Pushing operators to iceberg.bronze.it_jobs_raw
[2026-04-05T10:26:08.097+0000] {subprocess.py:106} INFO - Pushed Filters: ingest_time IS NOT NULL, ingest_time > 1774069029213115, job_link IS NOT NULL, NOT (job_link = '')
[2026-04-05T10:26:08.097+0000] {subprocess.py:106} INFO - Post-Scan Filters: isnotnull(ingest_time#36),(ingest_time#36 > 2026-03-21 04:57:09.213115),isnotnull(trim(job_title#26, None)),NOT (trim(job_title#26, None) = ),isnotnull(upper(trim(company_name#27, None))),NOT (upper(trim(company_name#27, None)) = ),isnotnull(job_link#31),NOT (job_link#31 = )
[2026-04-05T10:26:08.098+0000] {subprocess.py:106} INFO - 
[2026-04-05T10:26:08.102+0000] {subprocess.py:106} INFO - 26/04/05 10:26:08 INFO V2ScanRelationPushDown:
[2026-04-05T10:26:08.102+0000] {subprocess.py:106} INFO - Output: job_title#26, company_name#27, location#28, skills_required#29, date_posted#30, job_link#31, job_category#32, work_mode#33, crawl_date#34, date_only#35, ingest_time#36, source#37
[2026-04-05T10:26:08.103+0000] {subprocess.py:106} INFO - 
[2026-04-05T10:26:08.115+0000] {subprocess.py:106} INFO - 26/04/05 10:26:08 INFO SnapshotScan: Scanning table iceberg.bronze.it_jobs_raw snapshot 4193367902875482364 created at 2026-04-05T10:25:25.213+00:00 with filter (((ingest_time IS NOT NULL AND ingest_time > (16-digit-int)) AND job_link IS NOT NULL) AND NOT (job_link = (hash-00000000)))
[2026-04-05T10:26:08.118+0000] {subprocess.py:106} INFO - 26/04/05 10:26:08 INFO BaseDistributedDataScan: Planning file tasks locally for table iceberg.bronze.it_jobs_raw
[2026-04-05T10:26:08.307+0000] {subprocess.py:106} INFO - 26/04/05 10:26:08 INFO SparkPartitioningAwareScan: Reporting UnknownPartitioning with 2 partition(s) for table iceberg.bronze.it_jobs_raw
[2026-04-05T10:26:08.392+0000] {subprocess.py:106} INFO - 26/04/05 10:26:08 INFO GroupBasedRowLevelOperationScanPlanning:
[2026-04-05T10:26:08.392+0000] {subprocess.py:106} INFO - Pushing operators to iceberg.silver.it_jobs_clean
[2026-04-05T10:26:08.393+0000] {subprocess.py:106} INFO - Pushed filters:
[2026-04-05T10:26:08.394+0000] {subprocess.py:106} INFO - Filters evaluated on data source side:
[2026-04-05T10:26:08.394+0000] {subprocess.py:106} INFO - Filters evaluated on Spark side:
[2026-04-05T10:26:08.394+0000] {subprocess.py:106} INFO - Output: job_title#284, company_name#285, location#286, skills_required#287, date_posted#288, job_link#289, job_category#290, work_mode#291, crawl_date#292, date_only#293, ingest_time#294, source#295, clean_time#296, _file#299
[2026-04-05T10:26:08.395+0000] {subprocess.py:106} INFO - 
[2026-04-05T10:26:08.396+0000] {subprocess.py:106} INFO - 26/04/05 10:26:08 INFO V2ScanRelationPushDown:
[2026-04-05T10:26:08.397+0000] {subprocess.py:106} INFO - Pushing operators to iceberg.bronze.it_jobs_raw
[2026-04-05T10:26:08.398+0000] {subprocess.py:106} INFO - Pushed Filters: ingest_time IS NOT NULL, ingest_time > 1774069029213115, job_link IS NOT NULL, NOT (job_link = '')
[2026-04-05T10:26:08.399+0000] {subprocess.py:106} INFO - Post-Scan Filters: isnotnull(ingest_time#36),(ingest_time#36 > 2026-03-21 04:57:09.213115),isnotnull(trim(job_title#26, None)),NOT (trim(job_title#26, None) = ),isnotnull(upper(trim(company_name#27, None))),NOT (upper(trim(company_name#27, None)) = ),isnotnull(job_link#31),NOT (job_link#31 = )
[2026-04-05T10:26:08.399+0000] {subprocess.py:106} INFO - 
[2026-04-05T10:26:08.402+0000] {subprocess.py:106} INFO - 26/04/05 10:26:08 INFO V2ScanRelationPushDown:
[2026-04-05T10:26:08.403+0000] {subprocess.py:106} INFO - Output: job_title#26, company_name#27, location#28, skills_required#29, date_posted#30, job_link#31, job_category#32, work_mode#33, crawl_date#34, date_only#35, ingest_time#36, source#37
[2026-04-05T10:26:08.403+0000] {subprocess.py:106} INFO - 
[2026-04-05T10:26:08.405+0000] {subprocess.py:106} INFO - 26/04/05 10:26:08 INFO SnapshotScan: Scanning table iceberg.silver.it_jobs_clean snapshot 2517528183689698673 created at 2026-04-02T02:26:52.257+00:00 with filter true
[2026-04-05T10:26:08.546+0000] {subprocess.py:106} INFO - 26/04/05 10:26:08 INFO SparkPartitioningAwareScan: Reporting UnknownPartitioning with 5 partition(s) for table iceberg.silver.it_jobs_clean
[2026-04-05T10:26:08.547+0000] {subprocess.py:106} INFO - 26/04/05 10:26:08 INFO SnapshotScan: Scanning table iceberg.bronze.it_jobs_raw snapshot 4193367902875482364 created at 2026-04-05T10:25:25.213+00:00 with filter (((ingest_time IS NOT NULL AND ingest_time > (16-digit-int)) AND job_link IS NOT NULL) AND NOT (job_link = (hash-00000000)))
[2026-04-05T10:26:08.548+0000] {subprocess.py:106} INFO - 26/04/05 10:26:08 INFO BaseDistributedDataScan: Planning file tasks locally for table iceberg.bronze.it_jobs_raw
[2026-04-05T10:26:08.633+0000] {subprocess.py:106} INFO - 26/04/05 10:26:08 INFO BlockManagerInfo: Removed broadcast_3_piece0 on d0f687c55036:39851 in memory (size: 30.2 KiB, free: 434.4 MiB)
[2026-04-05T10:26:08.641+0000] {subprocess.py:106} INFO - 26/04/05 10:26:08 INFO BlockManagerInfo: Removed broadcast_3_piece0 on 172.30.0.6:43965 in memory (size: 30.2 KiB, free: 434.4 MiB)
[2026-04-05T10:26:08.759+0000] {subprocess.py:106} INFO - 26/04/05 10:26:08 INFO SparkPartitioningAwareScan: Reporting UnknownPartitioning with 2 partition(s) for table iceberg.bronze.it_jobs_raw
[2026-04-05T10:26:08.784+0000] {subprocess.py:106} INFO - 26/04/05 10:26:08 INFO SparkWrite: Requesting 0 bytes advisory partition size for table iceberg.silver.it_jobs_clean
[2026-04-05T10:26:08.788+0000] {subprocess.py:106} INFO - 26/04/05 10:26:08 INFO SparkWrite: Requesting UnspecifiedDistribution as write distribution for table iceberg.silver.it_jobs_clean
[2026-04-05T10:26:08.789+0000] {subprocess.py:106} INFO - 26/04/05 10:26:08 INFO SparkWrite: Requesting [] as write ordering for table iceberg.silver.it_jobs_clean
[2026-04-05T10:26:08.880+0000] {subprocess.py:106} INFO - 26/04/05 10:26:08 INFO V2ScanRelationPushDown:
[2026-04-05T10:26:08.880+0000] {subprocess.py:106} INFO - Pushing operators to iceberg.silver.it_jobs_clean
[2026-04-05T10:26:08.881+0000] {subprocess.py:106} INFO - Pushed Filters: NOT (job_link = ''), job_link IS NOT NULL
[2026-04-05T10:26:08.882+0000] {subprocess.py:106} INFO - Post-Scan Filters: NOT (job_link#421 = ),isnotnull(job_link#421)
[2026-04-05T10:26:08.883+0000] {subprocess.py:106} INFO - 
[2026-04-05T10:26:08.884+0000] {subprocess.py:106} INFO - 26/04/05 10:26:08 INFO V2ScanRelationPushDown:
[2026-04-05T10:26:08.884+0000] {subprocess.py:106} INFO - Output: job_link#421, _file#429
[2026-04-05T10:26:08.886+0000] {subprocess.py:106} INFO - 
[2026-04-05T10:26:08.887+0000] {subprocess.py:106} INFO - 26/04/05 10:26:08 INFO SnapshotScan: Scanning table iceberg.silver.it_jobs_clean snapshot 2517528183689698673 created at 2026-04-02T02:26:52.257+00:00 with filter (NOT (job_link = (hash-00000000)) AND job_link IS NOT NULL)
[2026-04-05T10:26:08.889+0000] {subprocess.py:106} INFO - 26/04/05 10:26:08 INFO BaseDistributedDataScan: Planning file tasks locally for table iceberg.silver.it_jobs_clean
[2026-04-05T10:26:09.000+0000] {subprocess.py:106} INFO - 26/04/05 10:26:08 INFO SparkPartitioningAwareScan: Reporting UnknownPartitioning with 5 partition(s) for table iceberg.silver.it_jobs_clean
[2026-04-05T10:26:09.001+0000] {subprocess.py:106} INFO - 26/04/05 10:26:08 INFO SparkPartitioningAwareScan: Reporting UnknownPartitioning with 2 partition(s) for table iceberg.bronze.it_jobs_raw
[2026-04-05T10:26:09.094+0000] {subprocess.py:106} INFO - 26/04/05 10:26:09 INFO MemoryStore: Block broadcast_6 stored as values in memory (estimated size 32.0 KiB, free 434.4 MiB)
[2026-04-05T10:26:09.114+0000] {subprocess.py:106} INFO - 26/04/05 10:26:09 INFO MemoryStore: Block broadcast_6_piece0 stored as bytes in memory (estimated size 30.4 KiB, free 434.3 MiB)
[2026-04-05T10:26:09.115+0000] {subprocess.py:106} INFO - 26/04/05 10:26:09 INFO BlockManagerInfo: Added broadcast_6_piece0 in memory on d0f687c55036:39851 (size: 30.4 KiB, free: 434.4 MiB)
[2026-04-05T10:26:09.116+0000] {subprocess.py:106} INFO - 26/04/05 10:26:09 INFO SparkContext: Created broadcast 6 from broadcast at SparkBatch.java:79
[2026-04-05T10:26:09.127+0000] {subprocess.py:106} INFO - 26/04/05 10:26:09 INFO MemoryStore: Block broadcast_7 stored as values in memory (estimated size 32.0 KiB, free 434.3 MiB)
[2026-04-05T10:26:09.134+0000] {subprocess.py:106} INFO - 26/04/05 10:26:09 INFO MemoryStore: Block broadcast_7_piece0 stored as bytes in memory (estimated size 30.2 KiB, free 434.3 MiB)
[2026-04-05T10:26:09.136+0000] {subprocess.py:106} INFO - 26/04/05 10:26:09 INFO BlockManagerInfo: Added broadcast_7_piece0 in memory on d0f687c55036:39851 (size: 30.2 KiB, free: 434.3 MiB)
[2026-04-05T10:26:09.140+0000] {subprocess.py:106} INFO - 26/04/05 10:26:09 INFO SparkContext: Created broadcast 7 from broadcast at SparkBatch.java:79
[2026-04-05T10:26:09.176+0000] {subprocess.py:106} INFO - 26/04/05 10:26:09 INFO MemoryStore: Block broadcast_8 stored as values in memory (estimated size 32.0 KiB, free 434.2 MiB)
[2026-04-05T10:26:09.181+0000] {subprocess.py:106} INFO - 26/04/05 10:26:09 INFO MemoryStore: Block broadcast_8_piece0 stored as bytes in memory (estimated size 30.4 KiB, free 434.2 MiB)
[2026-04-05T10:26:09.183+0000] {subprocess.py:106} INFO - 26/04/05 10:26:09 INFO BlockManagerInfo: Added broadcast_8_piece0 in memory on d0f687c55036:39851 (size: 30.4 KiB, free: 434.3 MiB)
[2026-04-05T10:26:09.184+0000] {subprocess.py:106} INFO - 26/04/05 10:26:09 INFO SparkContext: Created broadcast 8 from broadcast at SparkBatch.java:79
[2026-04-05T10:26:09.194+0000] {subprocess.py:106} INFO - 26/04/05 10:26:09 INFO MemoryStore: Block broadcast_9 stored as values in memory (estimated size 32.0 KiB, free 434.2 MiB)
[2026-04-05T10:26:09.197+0000] {subprocess.py:106} INFO - 26/04/05 10:26:09 INFO MemoryStore: Block broadcast_9_piece0 stored as bytes in memory (estimated size 30.2 KiB, free 434.2 MiB)
[2026-04-05T10:26:09.199+0000] {subprocess.py:106} INFO - 26/04/05 10:26:09 INFO BlockManagerInfo: Added broadcast_9_piece0 in memory on d0f687c55036:39851 (size: 30.2 KiB, free: 434.3 MiB)
[2026-04-05T10:26:09.200+0000] {subprocess.py:106} INFO - 26/04/05 10:26:09 INFO SparkContext: Created broadcast 9 from broadcast at SparkBatch.java:79
[2026-04-05T10:26:09.231+0000] {subprocess.py:106} INFO - 26/04/05 10:26:09 INFO MemoryStore: Block broadcast_10 stored as values in memory (estimated size 32.0 KiB, free 434.1 MiB)
[2026-04-05T10:26:09.244+0000] {subprocess.py:106} INFO - 26/04/05 10:26:09 INFO MemoryStore: Block broadcast_10_piece0 stored as bytes in memory (estimated size 30.4 KiB, free 434.1 MiB)
[2026-04-05T10:26:09.246+0000] {subprocess.py:106} INFO - 26/04/05 10:26:09 INFO BlockManagerInfo: Added broadcast_10_piece0 in memory on d0f687c55036:39851 (size: 30.4 KiB, free: 434.3 MiB)
[2026-04-05T10:26:09.250+0000] {subprocess.py:106} INFO - 26/04/05 10:26:09 INFO SparkContext: Created broadcast 10 from broadcast at SparkBatch.java:79
[2026-04-05T10:26:09.253+0000] {subprocess.py:106} INFO - 26/04/05 10:26:09 INFO MemoryStore: Block broadcast_11 stored as values in memory (estimated size 32.0 KiB, free 434.1 MiB)
[2026-04-05T10:26:09.256+0000] {subprocess.py:106} INFO - 26/04/05 10:26:09 INFO MemoryStore: Block broadcast_11_piece0 stored as bytes in memory (estimated size 30.2 KiB, free 434.0 MiB)
[2026-04-05T10:26:09.257+0000] {subprocess.py:106} INFO - 26/04/05 10:26:09 INFO BlockManagerInfo: Added broadcast_11_piece0 in memory on d0f687c55036:39851 (size: 30.2 KiB, free: 434.2 MiB)
[2026-04-05T10:26:09.258+0000] {subprocess.py:106} INFO - 26/04/05 10:26:09 INFO SparkContext: Created broadcast 11 from broadcast at SparkBatch.java:79
[2026-04-05T10:26:09.446+0000] {subprocess.py:106} INFO - 26/04/05 10:26:09 INFO CodeGenerator: Code generated in 44.902772 ms
[2026-04-05T10:26:09.551+0000] {subprocess.py:106} INFO - 26/04/05 10:26:09 INFO CodeGenerator: Code generated in 95.189424 ms
[2026-04-05T10:26:09.619+0000] {subprocess.py:106} INFO - 26/04/05 10:26:09 INFO DAGScheduler: Registering RDD 16 ($anonfun$withThreadLocalCaptured$1 at FutureTask.java:264) as input to shuffle 2
[2026-04-05T10:26:09.621+0000] {subprocess.py:106} INFO - 26/04/05 10:26:09 INFO DAGScheduler: Got map stage job 4 ($anonfun$withThreadLocalCaptured$1 at FutureTask.java:264) with 2 output partitions
[2026-04-05T10:26:09.626+0000] {subprocess.py:106} INFO - 26/04/05 10:26:09 INFO DAGScheduler: Final stage: ShuffleMapStage 6 ($anonfun$withThreadLocalCaptured$1 at FutureTask.java:264)
[2026-04-05T10:26:09.627+0000] {subprocess.py:106} INFO - 26/04/05 10:26:09 INFO DAGScheduler: Parents of final stage: List()
[2026-04-05T10:26:09.627+0000] {subprocess.py:106} INFO - 26/04/05 10:26:09 INFO DAGScheduler: Missing parents: List()
[2026-04-05T10:26:09.628+0000] {subprocess.py:106} INFO - 26/04/05 10:26:09 INFO DAGScheduler: Submitting ShuffleMapStage 6 (MapPartitionsRDD[16] at $anonfun$withThreadLocalCaptured$1 at FutureTask.java:264), which has no missing parents
[2026-04-05T10:26:09.629+0000] {subprocess.py:106} INFO - 26/04/05 10:26:09 INFO MemoryStore: Block broadcast_12 stored as values in memory (estimated size 44.9 KiB, free 434.0 MiB)
[2026-04-05T10:26:09.640+0000] {subprocess.py:106} INFO - 26/04/05 10:26:09 INFO MemoryStore: Block broadcast_12_piece0 stored as bytes in memory (estimated size 18.7 KiB, free 434.0 MiB)
[2026-04-05T10:26:09.642+0000] {subprocess.py:106} INFO - 26/04/05 10:26:09 INFO BlockManagerInfo: Added broadcast_12_piece0 in memory on d0f687c55036:39851 (size: 18.7 KiB, free: 434.2 MiB)
[2026-04-05T10:26:09.646+0000] {subprocess.py:106} INFO - 26/04/05 10:26:09 INFO SparkContext: Created broadcast 12 from broadcast at DAGScheduler.scala:1585
[2026-04-05T10:26:09.647+0000] {subprocess.py:106} INFO - 26/04/05 10:26:09 INFO DAGScheduler: Submitting 2 missing tasks from ShuffleMapStage 6 (MapPartitionsRDD[16] at $anonfun$withThreadLocalCaptured$1 at FutureTask.java:264) (first 15 tasks are for partitions Vector(0, 1))
[2026-04-05T10:26:09.648+0000] {subprocess.py:106} INFO - 26/04/05 10:26:09 INFO TaskSchedulerImpl: Adding task set 6.0 with 2 tasks resource profile 0
[2026-04-05T10:26:09.653+0000] {subprocess.py:106} INFO - 26/04/05 10:26:09 INFO TaskSetManager: Starting task 0.0 in stage 6.0 (TID 5) (172.30.0.6, executor 0, partition 0, PROCESS_LOCAL, 17672 bytes)
[2026-04-05T10:26:09.663+0000] {subprocess.py:106} INFO - 26/04/05 10:26:09 INFO TaskSetManager: Starting task 1.0 in stage 6.0 (TID 6) (172.30.0.6, executor 0, partition 1, PROCESS_LOCAL, 17672 bytes)
[2026-04-05T10:26:09.693+0000] {subprocess.py:106} INFO - 26/04/05 10:26:09 INFO BlockManagerInfo: Added broadcast_12_piece0 in memory on 172.30.0.6:43965 (size: 18.7 KiB, free: 434.4 MiB)
[2026-04-05T10:26:10.262+0000] {subprocess.py:106} INFO - 26/04/05 10:26:10 INFO BlockManagerInfo: Added broadcast_9_piece0 in memory on 172.30.0.6:43965 (size: 30.2 KiB, free: 434.4 MiB)
[2026-04-05T10:26:10.722+0000] {subprocess.py:106} INFO - 26/04/05 10:26:10 INFO TaskSetManager: Finished task 1.0 in stage 6.0 (TID 6) in 1060 ms on 172.30.0.6 (executor 0) (1/2)
[2026-04-05T10:26:10.723+0000] {subprocess.py:106} INFO - 26/04/05 10:26:10 INFO TaskSetManager: Finished task 0.0 in stage 6.0 (TID 5) in 1071 ms on 172.30.0.6 (executor 0) (2/2)
[2026-04-05T10:26:10.724+0000] {subprocess.py:106} INFO - 26/04/05 10:26:10 INFO DAGScheduler: ShuffleMapStage 6 ($anonfun$withThreadLocalCaptured$1 at FutureTask.java:264) finished in 1.095 s
[2026-04-05T10:26:10.725+0000] {subprocess.py:106} INFO - 26/04/05 10:26:10 INFO DAGScheduler: looking for newly runnable stages
[2026-04-05T10:26:10.730+0000] {subprocess.py:106} INFO - 26/04/05 10:26:10 INFO DAGScheduler: running: Set()
[2026-04-05T10:26:10.732+0000] {subprocess.py:106} INFO - 26/04/05 10:26:10 INFO DAGScheduler: waiting: Set()
[2026-04-05T10:26:10.733+0000] {subprocess.py:106} INFO - 26/04/05 10:26:10 INFO DAGScheduler: failed: Set()
[2026-04-05T10:26:10.733+0000] {subprocess.py:106} INFO - 26/04/05 10:26:10 INFO TaskSchedulerImpl: Removed TaskSet 6.0, whose tasks have all completed, from pool
[2026-04-05T10:26:10.747+0000] {subprocess.py:106} INFO - 26/04/05 10:26:10 INFO MemoryStore: Block broadcast_13 stored as values in memory (estimated size 40.0 B, free 434.0 MiB)
[2026-04-05T10:26:10.776+0000] {subprocess.py:106} INFO - 26/04/05 10:26:10 INFO MemoryStore: Block broadcast_13_piece0 stored as bytes in memory (estimated size 86.0 B, free 434.0 MiB)
[2026-04-05T10:26:10.782+0000] {subprocess.py:106} INFO - 26/04/05 10:26:10 INFO BlockManagerInfo: Added broadcast_13_piece0 in memory on d0f687c55036:39851 (size: 86.0 B, free: 434.2 MiB)
[2026-04-05T10:26:10.786+0000] {subprocess.py:106} INFO - 26/04/05 10:26:10 INFO BlockManagerInfo: Removed broadcast_12_piece0 on d0f687c55036:39851 in memory (size: 18.7 KiB, free: 434.2 MiB)
[2026-04-05T10:26:10.789+0000] {subprocess.py:106} INFO - 26/04/05 10:26:10 INFO SparkContext: Created broadcast 13 from sql at NativeMethodAccessorImpl.java:0
[2026-04-05T10:26:10.791+0000] {subprocess.py:106} INFO - 26/04/05 10:26:10 INFO BlockManagerInfo: Removed broadcast_12_piece0 on 172.30.0.6:43965 in memory (size: 18.7 KiB, free: 434.4 MiB)
[2026-04-05T10:26:10.810+0000] {subprocess.py:106} INFO - 26/04/05 10:26:10 INFO SparkCopyOnWriteScan: 0 of 20 task(s) for table iceberg.silver.it_jobs_clean matched runtime file filter with 0 location(s)
[2026-04-05T10:26:10.813+0000] {subprocess.py:106} INFO - 26/04/05 10:26:10 INFO MemoryStore: Block broadcast_14 stored as values in memory (estimated size 32.0 KiB, free 434.0 MiB)
[2026-04-05T10:26:10.827+0000] {subprocess.py:106} INFO - 26/04/05 10:26:10 INFO MemoryStore: Block broadcast_14_piece0 stored as bytes in memory (estimated size 30.4 KiB, free 434.0 MiB)
[2026-04-05T10:26:10.828+0000] {subprocess.py:106} INFO - 26/04/05 10:26:10 INFO BlockManagerInfo: Added broadcast_14_piece0 in memory on d0f687c55036:39851 (size: 30.4 KiB, free: 434.2 MiB)
[2026-04-05T10:26:10.830+0000] {subprocess.py:106} INFO - 26/04/05 10:26:10 INFO SparkContext: Created broadcast 14 from broadcast at SparkBatch.java:79
[2026-04-05T10:26:10.889+0000] {subprocess.py:106} INFO - 26/04/05 10:26:10 INFO CodeGenerator: Code generated in 19.520172 ms
[2026-04-05T10:26:10.941+0000] {subprocess.py:106} INFO - 26/04/05 10:26:10 INFO CodeGenerator: Code generated in 34.829835 ms
[2026-04-05T10:26:11.007+0000] {subprocess.py:106} INFO - 26/04/05 10:26:11 INFO DAGScheduler: Registering RDD 26 (sql at NativeMethodAccessorImpl.java:0) as input to shuffle 3
[2026-04-05T10:26:11.008+0000] {subprocess.py:106} INFO - 26/04/05 10:26:11 INFO DAGScheduler: Got map stage job 5 (sql at NativeMethodAccessorImpl.java:0) with 2 output partitions
[2026-04-05T10:26:11.009+0000] {subprocess.py:106} INFO - 26/04/05 10:26:11 INFO DAGScheduler: Final stage: ShuffleMapStage 7 (sql at NativeMethodAccessorImpl.java:0)
[2026-04-05T10:26:11.009+0000] {subprocess.py:106} INFO - 26/04/05 10:26:11 INFO DAGScheduler: Parents of final stage: List()
[2026-04-05T10:26:11.010+0000] {subprocess.py:106} INFO - 26/04/05 10:26:11 INFO DAGScheduler: Missing parents: List()
[2026-04-05T10:26:11.017+0000] {subprocess.py:106} INFO - 26/04/05 10:26:11 INFO DAGScheduler: Submitting ShuffleMapStage 7 (MapPartitionsRDD[26] at sql at NativeMethodAccessorImpl.java:0), which has no missing parents
[2026-04-05T10:26:11.038+0000] {subprocess.py:106} INFO - 26/04/05 10:26:11 INFO MemoryStore: Block broadcast_15 stored as values in memory (estimated size 59.0 KiB, free 433.9 MiB)
[2026-04-05T10:26:11.065+0000] {subprocess.py:106} INFO - 26/04/05 10:26:11 INFO MemoryStore: Block broadcast_15_piece0 stored as bytes in memory (estimated size 22.9 KiB, free 434.0 MiB)
[2026-04-05T10:26:11.067+0000] {subprocess.py:106} INFO - 26/04/05 10:26:11 INFO BlockManagerInfo: Removed broadcast_14_piece0 on d0f687c55036:39851 in memory (size: 30.4 KiB, free: 434.2 MiB)
[2026-04-05T10:26:11.071+0000] {subprocess.py:106} INFO - 26/04/05 10:26:11 INFO BlockManagerInfo: Added broadcast_15_piece0 in memory on d0f687c55036:39851 (size: 22.9 KiB, free: 434.2 MiB)
[2026-04-05T10:26:11.073+0000] {subprocess.py:106} INFO - 26/04/05 10:26:11 INFO SparkContext: Created broadcast 15 from broadcast at DAGScheduler.scala:1585
[2026-04-05T10:26:11.074+0000] {subprocess.py:106} INFO - 26/04/05 10:26:11 INFO DAGScheduler: Submitting 2 missing tasks from ShuffleMapStage 7 (MapPartitionsRDD[26] at sql at NativeMethodAccessorImpl.java:0) (first 15 tasks are for partitions Vector(0, 1))
[2026-04-05T10:26:11.086+0000] {subprocess.py:106} INFO - 26/04/05 10:26:11 INFO TaskSchedulerImpl: Adding task set 7.0 with 2 tasks resource profile 0
[2026-04-05T10:26:11.087+0000] {subprocess.py:106} INFO - 26/04/05 10:26:11 INFO TaskSetManager: Starting task 0.0 in stage 7.0 (TID 7) (172.30.0.6, executor 0, partition 0, PROCESS_LOCAL, 17672 bytes)
[2026-04-05T10:26:11.093+0000] {subprocess.py:106} INFO - 26/04/05 10:26:11 INFO TaskSetManager: Starting task 1.0 in stage 7.0 (TID 8) (172.30.0.6, executor 0, partition 1, PROCESS_LOCAL, 17672 bytes)
[2026-04-05T10:26:11.155+0000] {subprocess.py:106} INFO - 26/04/05 10:26:11 INFO BlockManagerInfo: Added broadcast_15_piece0 in memory on 172.30.0.6:43965 (size: 22.9 KiB, free: 434.3 MiB)
[2026-04-05T10:26:11.877+0000] {subprocess.py:106} INFO - 26/04/05 10:26:11 INFO BlockManagerInfo: Added broadcast_11_piece0 in memory on 172.30.0.6:43965 (size: 30.2 KiB, free: 434.3 MiB)
[2026-04-05T10:26:12.360+0000] {subprocess.py:106} INFO - 26/04/05 10:26:12 INFO TaskSetManager: Finished task 0.0 in stage 7.0 (TID 7) in 1292 ms on 172.30.0.6 (executor 0) (1/2)
[2026-04-05T10:26:12.377+0000] {subprocess.py:106} INFO - 26/04/05 10:26:12 INFO TaskSetManager: Finished task 1.0 in stage 7.0 (TID 8) in 1290 ms on 172.30.0.6 (executor 0) (2/2)
[2026-04-05T10:26:12.378+0000] {subprocess.py:106} INFO - 26/04/05 10:26:12 INFO TaskSchedulerImpl: Removed TaskSet 7.0, whose tasks have all completed, from pool
[2026-04-05T10:26:12.381+0000] {subprocess.py:106} INFO - 26/04/05 10:26:12 INFO DAGScheduler: ShuffleMapStage 7 (sql at NativeMethodAccessorImpl.java:0) finished in 1.367 s
[2026-04-05T10:26:12.382+0000] {subprocess.py:106} INFO - 26/04/05 10:26:12 INFO DAGScheduler: looking for newly runnable stages
[2026-04-05T10:26:12.383+0000] {subprocess.py:106} INFO - 26/04/05 10:26:12 INFO DAGScheduler: running: Set()
[2026-04-05T10:26:12.384+0000] {subprocess.py:106} INFO - 26/04/05 10:26:12 INFO DAGScheduler: waiting: Set()
[2026-04-05T10:26:12.385+0000] {subprocess.py:106} INFO - 26/04/05 10:26:12 INFO DAGScheduler: failed: Set()
[2026-04-05T10:26:12.414+0000] {subprocess.py:106} INFO - 26/04/05 10:26:12 INFO ShufflePartitionsUtil: For shuffle(3), advisory target size: 67108864, actual target size 1048576, minimum partition size: 1048576
[2026-04-05T10:26:12.474+0000] {subprocess.py:106} INFO - 26/04/05 10:26:12 WARN SparkStringUtils: Truncated the string representation of a plan since it was too large. This behavior can be adjusted by setting 'spark.sql.debug.maxToStringFields'.
[2026-04-05T10:26:12.522+0000] {subprocess.py:106} INFO - 26/04/05 10:26:12 INFO CodeGenerator: Code generated in 32.787307 ms
[2026-04-05T10:26:12.568+0000] {subprocess.py:106} INFO - 26/04/05 10:26:12 INFO CodeGenerator: Code generated in 32.166612 ms
[2026-04-05T10:26:12.589+0000] {subprocess.py:106} INFO - 26/04/05 10:26:12 INFO CodeGenerator: Code generated in 12.448178 ms
[2026-04-05T10:26:12.655+0000] {subprocess.py:106} INFO - 26/04/05 10:26:12 INFO MemoryStore: Block broadcast_16 stored as values in memory (estimated size 32.0 KiB, free 433.9 MiB)
[2026-04-05T10:26:12.678+0000] {subprocess.py:106} INFO - 26/04/05 10:26:12 INFO BlockManagerInfo: Removed broadcast_15_piece0 on d0f687c55036:39851 in memory (size: 22.9 KiB, free: 434.2 MiB)
[2026-04-05T10:26:12.680+0000] {subprocess.py:106} INFO - 26/04/05 10:26:12 INFO MemoryStore: Block broadcast_16_piece0 stored as bytes in memory (estimated size 30.3 KiB, free 434.0 MiB)
[2026-04-05T10:26:12.681+0000] {subprocess.py:106} INFO - 26/04/05 10:26:12 INFO BlockManagerInfo: Added broadcast_16_piece0 in memory on d0f687c55036:39851 (size: 30.3 KiB, free: 434.2 MiB)
[2026-04-05T10:26:12.681+0000] {subprocess.py:106} INFO - 26/04/05 10:26:12 INFO SparkContext: Created broadcast 16 from broadcast at SparkWrite.java:193
[2026-04-05T10:26:12.684+0000] {subprocess.py:106} INFO - 26/04/05 10:26:12 INFO ReplaceDataExec: Start processing data source write support: IcebergBatchWrite(table=iceberg.silver.it_jobs_clean, format=PARQUET). The input RDD has 1 partitions.
[2026-04-05T10:26:12.699+0000] {subprocess.py:106} INFO - 26/04/05 10:26:12 INFO BlockManagerInfo: Removed broadcast_15_piece0 on 172.30.0.6:43965 in memory (size: 22.9 KiB, free: 434.3 MiB)
[2026-04-05T10:26:12.705+0000] {subprocess.py:106} INFO - 26/04/05 10:26:12 INFO SparkContext: Starting job: sql at NativeMethodAccessorImpl.java:0
[2026-04-05T10:26:12.713+0000] {subprocess.py:106} INFO - 26/04/05 10:26:12 INFO DAGScheduler: Got job 6 (sql at NativeMethodAccessorImpl.java:0) with 1 output partitions
[2026-04-05T10:26:12.715+0000] {subprocess.py:106} INFO - 26/04/05 10:26:12 INFO DAGScheduler: Final stage: ResultStage 9 (sql at NativeMethodAccessorImpl.java:0)
[2026-04-05T10:26:12.717+0000] {subprocess.py:106} INFO - 26/04/05 10:26:12 INFO DAGScheduler: Parents of final stage: List(ShuffleMapStage 8)
[2026-04-05T10:26:12.720+0000] {subprocess.py:106} INFO - 26/04/05 10:26:12 INFO DAGScheduler: Missing parents: List()
[2026-04-05T10:26:12.730+0000] {subprocess.py:106} INFO - 26/04/05 10:26:12 INFO DAGScheduler: Submitting ResultStage 9 (MapPartitionsRDD[32] at sql at NativeMethodAccessorImpl.java:0), which has no missing parents
[2026-04-05T10:26:12.741+0000] {subprocess.py:106} INFO - 26/04/05 10:26:12 INFO MemoryStore: Block broadcast_17 stored as values in memory (estimated size 97.2 KiB, free 433.9 MiB)
[2026-04-05T10:26:12.744+0000] {subprocess.py:106} INFO - 26/04/05 10:26:12 INFO MemoryStore: Block broadcast_17_piece0 stored as bytes in memory (estimated size 33.5 KiB, free 433.8 MiB)
[2026-04-05T10:26:12.748+0000] {subprocess.py:106} INFO - 26/04/05 10:26:12 INFO BlockManagerInfo: Added broadcast_17_piece0 in memory on d0f687c55036:39851 (size: 33.5 KiB, free: 434.2 MiB)
[2026-04-05T10:26:12.749+0000] {subprocess.py:106} INFO - 26/04/05 10:26:12 INFO SparkContext: Created broadcast 17 from broadcast at DAGScheduler.scala:1585
[2026-04-05T10:26:12.750+0000] {subprocess.py:106} INFO - 26/04/05 10:26:12 INFO DAGScheduler: Submitting 1 missing tasks from ResultStage 9 (MapPartitionsRDD[32] at sql at NativeMethodAccessorImpl.java:0) (first 15 tasks are for partitions Vector(0))
[2026-04-05T10:26:12.757+0000] {subprocess.py:106} INFO - 26/04/05 10:26:12 INFO TaskSchedulerImpl: Adding task set 9.0 with 1 tasks resource profile 0
[2026-04-05T10:26:12.776+0000] {subprocess.py:106} INFO - 26/04/05 10:26:12 INFO TaskSetManager: Starting task 0.0 in stage 9.0 (TID 9) (172.30.0.6, executor 0, partition 0, PROCESS_LOCAL, 9976 bytes)
[2026-04-05T10:26:12.801+0000] {subprocess.py:106} INFO - 26/04/05 10:26:12 INFO BlockManagerInfo: Added broadcast_17_piece0 in memory on 172.30.0.6:43965 (size: 33.5 KiB, free: 434.3 MiB)
[2026-04-05T10:26:12.878+0000] {subprocess.py:106} INFO - 26/04/05 10:26:12 INFO MapOutputTrackerMasterEndpoint: Asked to send map output locations for shuffle 3 to 172.30.0.6:38490
[2026-04-05T10:26:13.224+0000] {subprocess.py:106} INFO - 26/04/05 10:26:13 INFO BlockManagerInfo: Added broadcast_16_piece0 in memory on 172.30.0.6:43965 (size: 30.3 KiB, free: 434.3 MiB)
[2026-04-05T10:26:13.726+0000] {subprocess.py:106} INFO - 26/04/05 10:26:13 INFO TaskSetManager: Finished task 0.0 in stage 9.0 (TID 9) in 935 ms on 172.30.0.6 (executor 0) (1/1)
[2026-04-05T10:26:13.730+0000] {subprocess.py:106} INFO - 26/04/05 10:26:13 INFO TaskSchedulerImpl: Removed TaskSet 9.0, whose tasks have all completed, from pool
[2026-04-05T10:26:13.732+0000] {subprocess.py:106} INFO - 26/04/05 10:26:13 INFO DAGScheduler: ResultStage 9 (sql at NativeMethodAccessorImpl.java:0) finished in 0.977 s
[2026-04-05T10:26:13.734+0000] {subprocess.py:106} INFO - 26/04/05 10:26:13 INFO DAGScheduler: Job 6 is finished. Cancelling potential speculative or zombie tasks for this job
[2026-04-05T10:26:13.734+0000] {subprocess.py:106} INFO - 26/04/05 10:26:13 INFO TaskSchedulerImpl: Killing all running tasks in stage 9: Stage finished
[2026-04-05T10:26:13.735+0000] {subprocess.py:106} INFO - 26/04/05 10:26:13 INFO DAGScheduler: Job 6 finished: sql at NativeMethodAccessorImpl.java:0, took 1.016333 s
[2026-04-05T10:26:13.736+0000] {subprocess.py:106} INFO - 26/04/05 10:26:13 INFO ReplaceDataExec: Data source write support IcebergBatchWrite(table=iceberg.silver.it_jobs_clean, format=PARQUET) is committing.
[2026-04-05T10:26:13.783+0000] {subprocess.py:106} INFO - 26/04/05 10:26:13 INFO SparkWrite: Committing overwrite of 0 data files with 0 new data files, scanSnapshotId: 2517528183689698673, conflictDetectionFilter: true to table iceberg.silver.it_jobs_clean
[2026-04-05T10:26:17.569+0000] {subprocess.py:106} INFO - 26/04/05 10:26:17 INFO BlockManagerInfo: Removed broadcast_17_piece0 on d0f687c55036:39851 in memory (size: 33.5 KiB, free: 434.2 MiB)
[2026-04-05T10:26:17.580+0000] {subprocess.py:106} INFO - 26/04/05 10:26:17 INFO BlockManagerInfo: Removed broadcast_17_piece0 on 172.30.0.6:43965 in memory (size: 33.5 KiB, free: 434.3 MiB)
[2026-04-05T10:26:17.885+0000] {subprocess.py:106} INFO - 26/04/05 10:26:17 INFO HiveTableOperations: Committed to table iceberg.silver.it_jobs_clean with the new metadata location s3a://warehouse/iceberg_data/silver.db/it_jobs_clean/metadata/00027-c7ebe823-cbff-431e-8021-292d9b06a145.metadata.json
[2026-04-05T10:26:17.886+0000] {subprocess.py:106} INFO - 26/04/05 10:26:17 INFO BaseMetastoreTableOperations: Successfully committed to table iceberg.silver.it_jobs_clean in 3419 ms
[2026-04-05T10:26:17.887+0000] {subprocess.py:106} INFO - 26/04/05 10:26:17 INFO SnapshotProducer: Committed snapshot 7532329983147219645 (BaseOverwriteFiles)
[2026-04-05T10:26:17.915+0000] {subprocess.py:106} INFO - 26/04/05 10:26:17 INFO BaseMetastoreTableOperations: Refreshing table metadata from new version: s3a://warehouse/iceberg_data/silver.db/it_jobs_clean/metadata/00027-c7ebe823-cbff-431e-8021-292d9b06a145.metadata.json
[2026-04-05T10:26:18.081+0000] {subprocess.py:106} INFO - 26/04/05 10:26:18 INFO LoggingMetricsReporter: Received metrics report: CommitReport{tableName=iceberg.silver.it_jobs_clean, snapshotId=7532329983147219645, sequenceNumber=28, operation=overwrite, commitMetrics=CommitMetricsResult{totalDuration=TimerResult{timeUnit=NANOSECONDS, totalDuration=PT1.402549319S, count=1}, attempts=CounterResult{unit=COUNT, value=1}, addedDataFiles=null, removedDataFiles=null, totalDataFiles=CounterResult{unit=COUNT, value=20}, addedDeleteFiles=null, addedEqualityDeleteFiles=null, addedPositionalDeleteFiles=null, removedDeleteFiles=null, removedEqualityDeleteFiles=null, removedPositionalDeleteFiles=null, totalDeleteFiles=CounterResult{unit=COUNT, value=0}, addedRecords=null, removedRecords=null, totalRecords=CounterResult{unit=COUNT, value=9014}, addedFilesSizeInBytes=null, removedFilesSizeInBytes=null, totalFilesSizeInBytes=CounterResult{unit=BYTES, value=467314}, addedPositionalDeletes=null, removedPositionalDeletes=null, totalPositionalDeletes=CounterResult{unit=COUNT, value=0}, addedEqualityDeletes=null, removedEqualityDeletes=null, totalEqualityDeletes=CounterResult{unit=COUNT, value=0}}, metadata={engine-version=3.5.3, app-id=app-20260405102538-0001, engine-name=spark, iceberg-version=Apache Iceberg 1.6.1 (commit 8e9d59d299be42b0bca9461457cd1e95dbaad086)}}
[2026-04-05T10:26:18.082+0000] {subprocess.py:106} INFO - 26/04/05 10:26:18 INFO SparkWrite: Committed in 4293 ms
[2026-04-05T10:26:18.084+0000] {subprocess.py:106} INFO - 26/04/05 10:26:18 INFO ReplaceDataExec: Data source write support IcebergBatchWrite(table=iceberg.silver.it_jobs_clean, format=PARQUET) committed.
[2026-04-05T10:26:18.085+0000] {subprocess.py:106} INFO - >>> SUCCESS: Data Merged (Upsert).
[2026-04-05T10:26:18.087+0000] {subprocess.py:106} INFO - 26/04/05 10:26:18 INFO SparkContext: SparkContext is stopping with exitCode 0.
[2026-04-05T10:26:18.117+0000] {subprocess.py:106} INFO - 26/04/05 10:26:18 INFO SparkUI: Stopped Spark web UI at http://d0f687c55036:4040
[2026-04-05T10:26:18.137+0000] {subprocess.py:106} INFO - 26/04/05 10:26:18 INFO StandaloneSchedulerBackend: Shutting down all executors
[2026-04-05T10:26:18.148+0000] {subprocess.py:106} INFO - 26/04/05 10:26:18 INFO StandaloneSchedulerBackend$StandaloneDriverEndpoint: Asking each executor to shut down
[2026-04-05T10:26:18.188+0000] {subprocess.py:106} INFO - 26/04/05 10:26:18 INFO MapOutputTrackerMasterEndpoint: MapOutputTrackerMasterEndpoint stopped!
[2026-04-05T10:26:18.240+0000] {subprocess.py:106} INFO - 26/04/05 10:26:18 INFO MemoryStore: MemoryStore cleared
[2026-04-05T10:26:18.241+0000] {subprocess.py:106} INFO - 26/04/05 10:26:18 INFO BlockManager: BlockManager stopped
[2026-04-05T10:26:18.257+0000] {subprocess.py:106} INFO - 26/04/05 10:26:18 INFO BlockManagerMaster: BlockManagerMaster stopped
[2026-04-05T10:26:18.289+0000] {subprocess.py:106} INFO - 26/04/05 10:26:18 INFO OutputCommitCoordinator$OutputCommitCoordinatorEndpoint: OutputCommitCoordinator stopped!
[2026-04-05T10:26:18.453+0000] {subprocess.py:106} INFO - 26/04/05 10:26:18 INFO SparkContext: Successfully stopped SparkContext
[2026-04-05T10:26:18.695+0000] {subprocess.py:106} INFO - 26/04/05 10:26:18 INFO ShutdownHookManager: Shutdown hook called
[2026-04-05T10:26:18.697+0000] {subprocess.py:106} INFO - 26/04/05 10:26:18 INFO ShutdownHookManager: Deleting directory /tmp/spark-9ec388ac-1e8d-4866-9781-d263d0423f46
[2026-04-05T10:26:18.709+0000] {subprocess.py:106} INFO - 26/04/05 10:26:18 INFO ShutdownHookManager: Deleting directory /tmp/spark-996842e8-271d-4c0b-a361-d3f19303fa86
[2026-04-05T10:26:18.711+0000] {subprocess.py:106} INFO - 26/04/05 10:26:18 INFO ShutdownHookManager: Deleting directory /tmp/spark-9ec388ac-1e8d-4866-9781-d263d0423f46/pyspark-e288f3bd-ec55-4793-8b55-2c3e1deb03a4
[2026-04-05T10:26:18.724+0000] {subprocess.py:106} INFO - 26/04/05 10:26:18 INFO MetricsSystemImpl: Stopping s3a-file-system metrics system...
[2026-04-05T10:26:18.725+0000] {subprocess.py:106} INFO - 26/04/05 10:26:18 INFO MetricsSystemImpl: s3a-file-system metrics system stopped.
[2026-04-05T10:26:18.726+0000] {subprocess.py:106} INFO - 26/04/05 10:26:18 INFO MetricsSystemImpl: s3a-file-system metrics system shutdown complete.
[2026-04-05T10:26:18.846+0000] {subprocess.py:110} INFO - Command exited with return code 0
[2026-04-05T10:26:18.925+0000] {taskinstance.py:341} INFO - ::group::Post task execution logs
[2026-04-05T10:26:18.926+0000] {taskinstance.py:353} INFO - Marking task as SUCCESS. dag_id=crawl_etl_itjob, task_id=clean_silver, run_id=scheduled__2026-04-02T02:00:00+00:00, execution_date=20260402T020000, start_date=20260405T102531, end_date=20260405T102618
[2026-04-05T10:26:19.074+0000] {local_task_job_runner.py:266} INFO - Task exited with return code 0
[2026-04-05T10:26:19.119+0000] {taskinstance.py:3901} INFO - 1 downstream tasks scheduled from follow-on schedule check
[2026-04-05T10:26:19.122+0000] {local_task_job_runner.py:245} INFO - ::endgroup::
