[2026-04-02T02:25:50.758+0000] {local_task_job_runner.py:123} INFO - ::group::Pre task execution logs
[2026-04-02T02:25:50.798+0000] {taskinstance.py:2614} INFO - Dependencies all met for dep_context=non-requeueable deps ti=<TaskInstance: crawl_etl_itjob.load_bronze scheduled__2026-04-01T02:00:00+00:00 [queued]>
[2026-04-02T02:25:50.809+0000] {taskinstance.py:2614} INFO - Dependencies all met for dep_context=requeueable deps ti=<TaskInstance: crawl_etl_itjob.load_bronze scheduled__2026-04-01T02:00:00+00:00 [queued]>
[2026-04-02T02:25:50.810+0000] {taskinstance.py:2867} INFO - Starting attempt 1 of 2
[2026-04-02T02:25:50.826+0000] {taskinstance.py:2890} INFO - Executing <Task(BashOperator): load_bronze> on 2026-04-01 02:00:00+00:00
[2026-04-02T02:25:50.831+0000] {standard_task_runner.py:72} INFO - Started process 113 to run task
[2026-04-02T02:25:50.836+0000] {standard_task_runner.py:104} INFO - Running: ['***', 'tasks', 'run', 'crawl_etl_itjob', 'load_bronze', 'scheduled__2026-04-01T02:00:00+00:00', '--job-id', '763', '--raw', '--subdir', 'DAGS_FOLDER/Crawl_ETL_ITJob.py', '--cfg-path', '/tmp/tmpervu7mg4']
[2026-04-02T02:25:50.838+0000] {standard_task_runner.py:105} INFO - Job 763: Subtask load_bronze
[2026-04-02T02:25:50.862+0000] {warnings.py:109} WARNING - /home/***/.local/lib/python3.8/site-packages/***/settings.py:209: DeprecationWarning: The sql_alchemy_conn option in [core] has been moved to the sql_alchemy_conn option in [database] - the old setting has been used, but please update your config.
  SQL_ALCHEMY_CONN = conf.get("database", "SQL_ALCHEMY_CONN")

[2026-04-02T02:25:50.954+0000] {task_command.py:467} INFO - Running <TaskInstance: crawl_etl_itjob.load_bronze scheduled__2026-04-01T02:00:00+00:00 [running]> on host b48ab74ce2ed
[2026-04-02T02:25:50.955+0000] {warnings.py:109} WARNING - /home/***/.local/lib/python3.8/site-packages/***/settings.py:470: DeprecationWarning: The sql_alchemy_conn option in [core] has been moved to the sql_alchemy_conn option in [database] - the old setting has been used, but please update your config.
  if conf.get("database", "sql_alchemy_conn") == "none://":

[2026-04-02T02:25:51.070+0000] {taskinstance.py:3134} INFO - Exporting env vars: AIRFLOW_CTX_DAG_EMAIL='hoa856856@gmail.com' AIRFLOW_CTX_DAG_OWNER='***' AIRFLOW_CTX_DAG_ID='crawl_etl_itjob' AIRFLOW_CTX_TASK_ID='load_bronze' AIRFLOW_CTX_EXECUTION_DATE='2026-04-01T02:00:00+00:00' AIRFLOW_CTX_TRY_NUMBER='1' AIRFLOW_CTX_DAG_RUN_ID='scheduled__2026-04-01T02:00:00+00:00'
[2026-04-02T02:25:51.071+0000] {taskinstance.py:732} INFO - ::endgroup::
[2026-04-02T02:25:51.082+0000] {subprocess.py:78} INFO - Tmp dir root location: /tmp
[2026-04-02T02:25:51.083+0000] {subprocess.py:88} INFO - Running command: ['/bin/bash', '-c', "\n        docker exec spark-submit bash -c '\n        /opt/spark/bin/spark-submit         --master spark://spark-master:7077         --deploy-mode client         --packages org.apache.iceberg:iceberg-spark-runtime-3.5_2.12:1.5.0,org.apache.hadoop:hadoop-aws:3.3.4,com.amazonaws:aws-java-sdk-bundle:1.12.262         /opt/spark/scripts/Load_Bronze.py\n        '\n        "]
[2026-04-02T02:25:51.092+0000] {subprocess.py:99} INFO - Output:
[2026-04-02T02:25:51.184+0000] {subprocess.py:106} INFO - /opt/spark/bin/load-spark-env.sh: line 68: ps: command not found
[2026-04-02T02:25:52.688+0000] {subprocess.py:106} INFO - :: loading settings :: url = jar:file:/opt/spark/jars/ivy-2.5.1.jar!/org/apache/ivy/core/settings/ivysettings.xml
[2026-04-02T02:25:52.785+0000] {subprocess.py:106} INFO - Ivy Default Cache set to: /home/spark/.ivy2/cache
[2026-04-02T02:25:52.789+0000] {subprocess.py:106} INFO - The jars for the packages stored in: /home/spark/.ivy2/jars
[2026-04-02T02:25:52.793+0000] {subprocess.py:106} INFO - org.apache.iceberg#iceberg-spark-runtime-3.5_2.12 added as a dependency
[2026-04-02T02:25:52.794+0000] {subprocess.py:106} INFO - org.apache.hadoop#hadoop-aws added as a dependency
[2026-04-02T02:25:52.795+0000] {subprocess.py:106} INFO - com.amazonaws#aws-java-sdk-bundle added as a dependency
[2026-04-02T02:25:52.795+0000] {subprocess.py:106} INFO - :: resolving dependencies :: org.apache.spark#spark-submit-parent-89bb28d0-6cf8-450f-97c0-f1f2c41c8e03;1.0
[2026-04-02T02:25:52.796+0000] {subprocess.py:106} INFO - 	confs: [default]
[2026-04-02T02:25:52.904+0000] {subprocess.py:106} INFO - 	found org.apache.iceberg#iceberg-spark-runtime-3.5_2.12;1.5.0 in central
[2026-04-02T02:25:52.973+0000] {subprocess.py:106} INFO - 	found org.apache.hadoop#hadoop-aws;3.3.4 in central
[2026-04-02T02:25:52.999+0000] {subprocess.py:106} INFO - 	found com.amazonaws#aws-java-sdk-bundle;1.12.262 in central
[2026-04-02T02:25:53.025+0000] {subprocess.py:106} INFO - 	found org.wildfly.openssl#wildfly-openssl;1.0.7.Final in central
[2026-04-02T02:25:53.055+0000] {subprocess.py:106} INFO - :: resolution report :: resolve 245ms :: artifacts dl 14ms
[2026-04-02T02:25:53.056+0000] {subprocess.py:106} INFO - 	:: modules in use:
[2026-04-02T02:25:53.057+0000] {subprocess.py:106} INFO - 	com.amazonaws#aws-java-sdk-bundle;1.12.262 from central in [default]
[2026-04-02T02:25:53.057+0000] {subprocess.py:106} INFO - 	org.apache.hadoop#hadoop-aws;3.3.4 from central in [default]
[2026-04-02T02:25:53.058+0000] {subprocess.py:106} INFO - 	org.apache.iceberg#iceberg-spark-runtime-3.5_2.12;1.5.0 from central in [default]
[2026-04-02T02:25:53.059+0000] {subprocess.py:106} INFO - 	org.wildfly.openssl#wildfly-openssl;1.0.7.Final from central in [default]
[2026-04-02T02:25:53.059+0000] {subprocess.py:106} INFO - 	---------------------------------------------------------------------
[2026-04-02T02:25:53.060+0000] {subprocess.py:106} INFO - 	|                  |            modules            ||   artifacts   |
[2026-04-02T02:25:53.060+0000] {subprocess.py:106} INFO - 	|       conf       | number| search|dwnlded|evicted|| number|dwnlded|
[2026-04-02T02:25:53.061+0000] {subprocess.py:106} INFO - 	---------------------------------------------------------------------
[2026-04-02T02:25:53.061+0000] {subprocess.py:106} INFO - 	|      default     |   4   |   0   |   0   |   0   ||   4   |   0   |
[2026-04-02T02:25:53.062+0000] {subprocess.py:106} INFO - 	---------------------------------------------------------------------
[2026-04-02T02:25:53.065+0000] {subprocess.py:106} INFO - :: retrieving :: org.apache.spark#spark-submit-parent-89bb28d0-6cf8-450f-97c0-f1f2c41c8e03
[2026-04-02T02:25:53.066+0000] {subprocess.py:106} INFO - 	confs: [default]
[2026-04-02T02:25:53.074+0000] {subprocess.py:106} INFO - 	0 artifacts copied, 4 already retrieved (0kB/8ms)
[2026-04-02T02:25:53.327+0000] {subprocess.py:106} INFO - 26/04/02 02:25:53 WARN NativeCodeLoader: Unable to load native-hadoop library for your platform... using builtin-java classes where applicable
[2026-04-02T02:25:54.325+0000] {subprocess.py:106} INFO - 26/04/02 02:25:54 INFO SparkContext: Running Spark version 3.5.3
[2026-04-02T02:25:54.326+0000] {subprocess.py:106} INFO - 26/04/02 02:25:54 INFO SparkContext: OS info Linux, 6.6.87.2-microsoft-standard-WSL2, amd64
[2026-04-02T02:25:54.326+0000] {subprocess.py:106} INFO - 26/04/02 02:25:54 INFO SparkContext: Java version 11.0.30
[2026-04-02T02:25:54.344+0000] {subprocess.py:106} INFO - 26/04/02 02:25:54 INFO ResourceUtils: ==============================================================
[2026-04-02T02:25:54.344+0000] {subprocess.py:106} INFO - 26/04/02 02:25:54 INFO ResourceUtils: No custom resources configured for spark.driver.
[2026-04-02T02:25:54.345+0000] {subprocess.py:106} INFO - 26/04/02 02:25:54 INFO ResourceUtils: ==============================================================
[2026-04-02T02:25:54.345+0000] {subprocess.py:106} INFO - 26/04/02 02:25:54 INFO SparkContext: Submitted application: Load_Bronze_MinIO_Iceberg
[2026-04-02T02:25:54.368+0000] {subprocess.py:106} INFO - 26/04/02 02:25:54 INFO ResourceProfile: Default ResourceProfile created, executor resources: Map(memory -> name: memory, amount: 1024, script: , vendor: , offHeap -> name: offHeap, amount: 0, script: , vendor: ), task resources: Map(cpus -> name: cpus, amount: 1.0)
[2026-04-02T02:25:54.381+0000] {subprocess.py:106} INFO - 26/04/02 02:25:54 INFO ResourceProfile: Limiting resource is cpu
[2026-04-02T02:25:54.382+0000] {subprocess.py:106} INFO - 26/04/02 02:25:54 INFO ResourceProfileManager: Added ResourceProfile id: 0
[2026-04-02T02:25:54.434+0000] {subprocess.py:106} INFO - 26/04/02 02:25:54 INFO SecurityManager: Changing view acls to: spark
[2026-04-02T02:25:54.435+0000] {subprocess.py:106} INFO - 26/04/02 02:25:54 INFO SecurityManager: Changing modify acls to: spark
[2026-04-02T02:25:54.435+0000] {subprocess.py:106} INFO - 26/04/02 02:25:54 INFO SecurityManager: Changing view acls groups to:
[2026-04-02T02:25:54.436+0000] {subprocess.py:106} INFO - 26/04/02 02:25:54 INFO SecurityManager: Changing modify acls groups to:
[2026-04-02T02:25:54.436+0000] {subprocess.py:106} INFO - 26/04/02 02:25:54 INFO SecurityManager: SecurityManager: authentication disabled; ui acls disabled; users with view permissions: spark; groups with view permissions: EMPTY; users with modify permissions: spark; groups with modify permissions: EMPTY
[2026-04-02T02:25:54.653+0000] {subprocess.py:106} INFO - 26/04/02 02:25:54 INFO Utils: Successfully started service 'sparkDriver' on port 45533.
[2026-04-02T02:25:54.681+0000] {subprocess.py:106} INFO - 26/04/02 02:25:54 INFO SparkEnv: Registering MapOutputTracker
[2026-04-02T02:25:54.714+0000] {subprocess.py:106} INFO - 26/04/02 02:25:54 INFO SparkEnv: Registering BlockManagerMaster
[2026-04-02T02:25:54.731+0000] {subprocess.py:106} INFO - 26/04/02 02:25:54 INFO BlockManagerMasterEndpoint: Using org.apache.spark.storage.DefaultTopologyMapper for getting topology information
[2026-04-02T02:25:54.732+0000] {subprocess.py:106} INFO - 26/04/02 02:25:54 INFO BlockManagerMasterEndpoint: BlockManagerMasterEndpoint up
[2026-04-02T02:25:54.735+0000] {subprocess.py:106} INFO - 26/04/02 02:25:54 INFO SparkEnv: Registering BlockManagerMasterHeartbeat
[2026-04-02T02:25:54.755+0000] {subprocess.py:106} INFO - 26/04/02 02:25:54 INFO DiskBlockManager: Created local directory at /tmp/blockmgr-c008c43d-36fd-4ec7-8fbb-7c1d17a039f8
[2026-04-02T02:25:54.766+0000] {subprocess.py:106} INFO - 26/04/02 02:25:54 INFO MemoryStore: MemoryStore started with capacity 434.4 MiB
[2026-04-02T02:25:54.779+0000] {subprocess.py:106} INFO - 26/04/02 02:25:54 INFO SparkEnv: Registering OutputCommitCoordinator
[2026-04-02T02:25:54.892+0000] {subprocess.py:106} INFO - 26/04/02 02:25:54 INFO JettyUtils: Start Jetty 0.0.0.0:4040 for SparkUI
[2026-04-02T02:25:54.936+0000] {subprocess.py:106} INFO - 26/04/02 02:25:54 INFO Utils: Successfully started service 'SparkUI' on port 4040.
[2026-04-02T02:25:54.972+0000] {subprocess.py:106} INFO - 26/04/02 02:25:54 INFO SparkContext: Added JAR file:///home/spark/.ivy2/jars/org.apache.iceberg_iceberg-spark-runtime-3.5_2.12-1.5.0.jar at spark://d0f687c55036:45533/jars/org.apache.iceberg_iceberg-spark-runtime-3.5_2.12-1.5.0.jar with timestamp 1775096754318
[2026-04-02T02:25:54.973+0000] {subprocess.py:106} INFO - 26/04/02 02:25:54 INFO SparkContext: Added JAR file:///home/spark/.ivy2/jars/org.apache.hadoop_hadoop-aws-3.3.4.jar at spark://d0f687c55036:45533/jars/org.apache.hadoop_hadoop-aws-3.3.4.jar with timestamp 1775096754318
[2026-04-02T02:25:54.974+0000] {subprocess.py:106} INFO - 26/04/02 02:25:54 INFO SparkContext: Added JAR file:///home/spark/.ivy2/jars/com.amazonaws_aws-java-sdk-bundle-1.12.262.jar at spark://d0f687c55036:45533/jars/com.amazonaws_aws-java-sdk-bundle-1.12.262.jar with timestamp 1775096754318
[2026-04-02T02:25:54.974+0000] {subprocess.py:106} INFO - 26/04/02 02:25:54 INFO SparkContext: Added JAR file:///home/spark/.ivy2/jars/org.wildfly.openssl_wildfly-openssl-1.0.7.Final.jar at spark://d0f687c55036:45533/jars/org.wildfly.openssl_wildfly-openssl-1.0.7.Final.jar with timestamp 1775096754318
[2026-04-02T02:25:54.978+0000] {subprocess.py:106} INFO - 26/04/02 02:25:54 INFO SparkContext: Added file file:///home/spark/.ivy2/jars/org.apache.iceberg_iceberg-spark-runtime-3.5_2.12-1.5.0.jar at spark://d0f687c55036:45533/files/org.apache.iceberg_iceberg-spark-runtime-3.5_2.12-1.5.0.jar with timestamp 1775096754318
[2026-04-02T02:25:54.987+0000] {subprocess.py:106} INFO - 26/04/02 02:25:54 INFO Utils: Copying /home/spark/.ivy2/jars/org.apache.iceberg_iceberg-spark-runtime-3.5_2.12-1.5.0.jar to /tmp/spark-4c9d2a51-957f-436b-9d6a-ff784c2e1b66/userFiles-18135bf3-063a-493a-88bb-d9dd40167b3b/org.apache.iceberg_iceberg-spark-runtime-3.5_2.12-1.5.0.jar
[2026-04-02T02:25:55.047+0000] {subprocess.py:106} INFO - 26/04/02 02:25:55 INFO SparkContext: Added file file:///home/spark/.ivy2/jars/org.apache.hadoop_hadoop-aws-3.3.4.jar at spark://d0f687c55036:45533/files/org.apache.hadoop_hadoop-aws-3.3.4.jar with timestamp 1775096754318
[2026-04-02T02:25:55.048+0000] {subprocess.py:106} INFO - 26/04/02 02:25:55 INFO Utils: Copying /home/spark/.ivy2/jars/org.apache.hadoop_hadoop-aws-3.3.4.jar to /tmp/spark-4c9d2a51-957f-436b-9d6a-ff784c2e1b66/userFiles-18135bf3-063a-493a-88bb-d9dd40167b3b/org.apache.hadoop_hadoop-aws-3.3.4.jar
[2026-04-02T02:25:55.053+0000] {subprocess.py:106} INFO - 26/04/02 02:25:55 INFO SparkContext: Added file file:///home/spark/.ivy2/jars/com.amazonaws_aws-java-sdk-bundle-1.12.262.jar at spark://d0f687c55036:45533/files/com.amazonaws_aws-java-sdk-bundle-1.12.262.jar with timestamp 1775096754318
[2026-04-02T02:25:55.054+0000] {subprocess.py:106} INFO - 26/04/02 02:25:55 INFO Utils: Copying /home/spark/.ivy2/jars/com.amazonaws_aws-java-sdk-bundle-1.12.262.jar to /tmp/spark-4c9d2a51-957f-436b-9d6a-ff784c2e1b66/userFiles-18135bf3-063a-493a-88bb-d9dd40167b3b/com.amazonaws_aws-java-sdk-bundle-1.12.262.jar
[2026-04-02T02:25:55.327+0000] {subprocess.py:106} INFO - 26/04/02 02:25:55 INFO SparkContext: Added file file:///home/spark/.ivy2/jars/org.wildfly.openssl_wildfly-openssl-1.0.7.Final.jar at spark://d0f687c55036:45533/files/org.wildfly.openssl_wildfly-openssl-1.0.7.Final.jar with timestamp 1775096754318
[2026-04-02T02:25:55.328+0000] {subprocess.py:106} INFO - 26/04/02 02:25:55 INFO Utils: Copying /home/spark/.ivy2/jars/org.wildfly.openssl_wildfly-openssl-1.0.7.Final.jar to /tmp/spark-4c9d2a51-957f-436b-9d6a-ff784c2e1b66/userFiles-18135bf3-063a-493a-88bb-d9dd40167b3b/org.wildfly.openssl_wildfly-openssl-1.0.7.Final.jar
[2026-04-02T02:25:55.416+0000] {subprocess.py:106} INFO - 26/04/02 02:25:55 INFO StandaloneAppClient$ClientEndpoint: Connecting to master spark://spark-master:7077...
[2026-04-02T02:25:55.462+0000] {subprocess.py:106} INFO - 26/04/02 02:25:55 INFO TransportClientFactory: Successfully created connection to spark-master/172.30.0.6:7077 after 26 ms (0 ms spent in bootstraps)
[2026-04-02T02:25:55.541+0000] {subprocess.py:106} INFO - 26/04/02 02:25:55 INFO StandaloneSchedulerBackend: Connected to Spark cluster with app ID app-20260402022555-0003
[2026-04-02T02:25:55.544+0000] {subprocess.py:106} INFO - 26/04/02 02:25:55 INFO StandaloneAppClient$ClientEndpoint: Executor added: app-20260402022555-0003/0 on worker-20260402015722-172.30.0.7-37641 (172.30.0.7:37641) with 8 core(s)
[2026-04-02T02:25:55.550+0000] {subprocess.py:106} INFO - 26/04/02 02:25:55 INFO StandaloneSchedulerBackend: Granted executor ID app-20260402022555-0003/0 on hostPort 172.30.0.7:37641 with 8 core(s), 1024.0 MiB RAM
[2026-04-02T02:25:55.559+0000] {subprocess.py:106} INFO - 26/04/02 02:25:55 INFO Utils: Successfully started service 'org.apache.spark.network.netty.NettyBlockTransferService' on port 44377.
[2026-04-02T02:25:55.560+0000] {subprocess.py:106} INFO - 26/04/02 02:25:55 INFO NettyBlockTransferService: Server created on d0f687c55036:44377
[2026-04-02T02:25:55.563+0000] {subprocess.py:106} INFO - 26/04/02 02:25:55 INFO BlockManager: Using org.apache.spark.storage.RandomBlockReplicationPolicy for block replication policy
[2026-04-02T02:25:55.571+0000] {subprocess.py:106} INFO - 26/04/02 02:25:55 INFO BlockManagerMaster: Registering BlockManager BlockManagerId(driver, d0f687c55036, 44377, None)
[2026-04-02T02:25:55.576+0000] {subprocess.py:106} INFO - 26/04/02 02:25:55 INFO BlockManagerMasterEndpoint: Registering block manager d0f687c55036:44377 with 434.4 MiB RAM, BlockManagerId(driver, d0f687c55036, 44377, None)
[2026-04-02T02:25:55.579+0000] {subprocess.py:106} INFO - 26/04/02 02:25:55 INFO BlockManagerMaster: Registered BlockManager BlockManagerId(driver, d0f687c55036, 44377, None)
[2026-04-02T02:25:55.581+0000] {subprocess.py:106} INFO - 26/04/02 02:25:55 INFO BlockManager: Initialized BlockManager: BlockManagerId(driver, d0f687c55036, 44377, None)
[2026-04-02T02:25:55.605+0000] {subprocess.py:106} INFO - 26/04/02 02:25:55 INFO StandaloneAppClient$ClientEndpoint: Executor updated: app-20260402022555-0003/0 is now RUNNING
[2026-04-02T02:25:55.886+0000] {subprocess.py:106} INFO - 26/04/02 02:25:55 INFO StandaloneSchedulerBackend: SchedulerBackend is ready for scheduling beginning after reached minRegisteredResourcesRatio: 0.0
[2026-04-02T02:25:56.186+0000] {subprocess.py:106} INFO - Reading data from: s3a://warehouse/raw/itviec_jobs_full.csv
[2026-04-02T02:25:56.193+0000] {subprocess.py:106} INFO - 26/04/02 02:25:56 INFO SharedState: Setting hive.metastore.warehouse.dir ('null') to the value of spark.sql.warehouse.dir.
[2026-04-02T02:25:56.197+0000] {subprocess.py:106} INFO - 26/04/02 02:25:56 INFO SharedState: Warehouse path is 'file:/opt/spark/spark-warehouse'.
[2026-04-02T02:25:57.710+0000] {subprocess.py:106} INFO - 26/04/02 02:25:57 WARN MetricsConfig: Cannot locate configuration: tried hadoop-metrics2-s3a-file-system.properties,hadoop-metrics2.properties
[2026-04-02T02:25:57.733+0000] {subprocess.py:106} INFO - 26/04/02 02:25:57 INFO MetricsSystemImpl: Scheduled Metric snapshot period at 10 second(s).
[2026-04-02T02:25:57.734+0000] {subprocess.py:106} INFO - 26/04/02 02:25:57 INFO MetricsSystemImpl: s3a-file-system metrics system started
[2026-04-02T02:25:58.635+0000] {subprocess.py:106} INFO - 26/04/02 02:25:58 INFO StandaloneSchedulerBackend$StandaloneDriverEndpoint: Registered executor NettyRpcEndpointRef(spark-client://Executor) (172.30.0.7:56320) with ID 0,  ResourceProfileId 0
[2026-04-02T02:25:58.778+0000] {subprocess.py:106} INFO - 26/04/02 02:25:58 INFO BlockManagerMasterEndpoint: Registering block manager 172.30.0.7:37047 with 434.4 MiB RAM, BlockManagerId(0, 172.30.0.7, 37047, None)
[2026-04-02T02:25:59.349+0000] {subprocess.py:106} INFO - 26/04/02 02:25:59 INFO InMemoryFileIndex: It took 168 ms to list leaf files for 1 paths.
[2026-04-02T02:25:59.717+0000] {subprocess.py:106} INFO - 26/04/02 02:25:59 INFO MemoryStore: Block broadcast_0 stored as values in memory (estimated size 206.2 KiB, free 434.2 MiB)
[2026-04-02T02:25:59.814+0000] {subprocess.py:106} INFO - 26/04/02 02:25:59 INFO MemoryStore: Block broadcast_0_piece0 stored as bytes in memory (estimated size 36.1 KiB, free 434.2 MiB)
[2026-04-02T02:25:59.817+0000] {subprocess.py:106} INFO - 26/04/02 02:25:59 INFO BlockManagerInfo: Added broadcast_0_piece0 in memory on d0f687c55036:44377 (size: 36.1 KiB, free: 434.4 MiB)
[2026-04-02T02:25:59.823+0000] {subprocess.py:106} INFO - 26/04/02 02:25:59 INFO SparkContext: Created broadcast 0 from csv at NativeMethodAccessorImpl.java:0
[2026-04-02T02:26:00.228+0000] {subprocess.py:106} INFO - 26/04/02 02:26:00 INFO FileInputFormat: Total input files to process : 1
[2026-04-02T02:26:00.241+0000] {subprocess.py:106} INFO - 26/04/02 02:26:00 INFO FileInputFormat: Total input files to process : 1
[2026-04-02T02:26:00.299+0000] {subprocess.py:106} INFO - 26/04/02 02:26:00 INFO SparkContext: Starting job: csv at NativeMethodAccessorImpl.java:0
[2026-04-02T02:26:00.324+0000] {subprocess.py:106} INFO - 26/04/02 02:26:00 INFO DAGScheduler: Got job 0 (csv at NativeMethodAccessorImpl.java:0) with 1 output partitions
[2026-04-02T02:26:00.324+0000] {subprocess.py:106} INFO - 26/04/02 02:26:00 INFO DAGScheduler: Final stage: ResultStage 0 (csv at NativeMethodAccessorImpl.java:0)
[2026-04-02T02:26:00.325+0000] {subprocess.py:106} INFO - 26/04/02 02:26:00 INFO DAGScheduler: Parents of final stage: List()
[2026-04-02T02:26:00.327+0000] {subprocess.py:106} INFO - 26/04/02 02:26:00 INFO DAGScheduler: Missing parents: List()
[2026-04-02T02:26:00.340+0000] {subprocess.py:106} INFO - 26/04/02 02:26:00 INFO DAGScheduler: Submitting ResultStage 0 (MapPartitionsRDD[2] at csv at NativeMethodAccessorImpl.java:0), which has no missing parents
[2026-04-02T02:26:00.363+0000] {subprocess.py:106} INFO - 26/04/02 02:26:00 INFO MemoryStore: Block broadcast_1 stored as values in memory (estimated size 7.6 KiB, free 434.2 MiB)
[2026-04-02T02:26:00.378+0000] {subprocess.py:106} INFO - 26/04/02 02:26:00 INFO MemoryStore: Block broadcast_1_piece0 stored as bytes in memory (estimated size 4.4 KiB, free 434.2 MiB)
[2026-04-02T02:26:00.379+0000] {subprocess.py:106} INFO - 26/04/02 02:26:00 INFO BlockManagerInfo: Added broadcast_1_piece0 in memory on d0f687c55036:44377 (size: 4.4 KiB, free: 434.4 MiB)
[2026-04-02T02:26:00.381+0000] {subprocess.py:106} INFO - 26/04/02 02:26:00 INFO SparkContext: Created broadcast 1 from broadcast at DAGScheduler.scala:1585
[2026-04-02T02:26:00.439+0000] {subprocess.py:106} INFO - 26/04/02 02:26:00 INFO DAGScheduler: Submitting 1 missing tasks from ResultStage 0 (MapPartitionsRDD[2] at csv at NativeMethodAccessorImpl.java:0) (first 15 tasks are for partitions Vector(0))
[2026-04-02T02:26:00.442+0000] {subprocess.py:106} INFO - 26/04/02 02:26:00 INFO TaskSchedulerImpl: Adding task set 0.0 with 1 tasks resource profile 0
[2026-04-02T02:26:01.830+0000] {subprocess.py:106} INFO - 26/04/02 02:26:01 INFO TaskSetManager: Starting task 0.0 in stage 0.0 (TID 0) (172.30.0.7, executor 0, partition 0, PROCESS_LOCAL, 10108 bytes)
[2026-04-02T02:26:02.070+0000] {subprocess.py:106} INFO - 26/04/02 02:26:02 INFO BlockManagerInfo: Added broadcast_1_piece0 in memory on 172.30.0.7:37047 (size: 4.4 KiB, free: 434.4 MiB)
[2026-04-02T02:26:02.318+0000] {subprocess.py:106} INFO - 26/04/02 02:26:02 INFO BlockManagerInfo: Added broadcast_0_piece0 in memory on 172.30.0.7:37047 (size: 36.1 KiB, free: 434.4 MiB)
[2026-04-02T02:26:09.757+0000] {subprocess.py:106} INFO - 26/04/02 02:26:09 INFO TaskSetManager: Finished task 0.0 in stage 0.0 (TID 0) in 7938 ms on 172.30.0.7 (executor 0) (1/1)
[2026-04-02T02:26:09.759+0000] {subprocess.py:106} INFO - 26/04/02 02:26:09 INFO TaskSchedulerImpl: Removed TaskSet 0.0, whose tasks have all completed, from pool
[2026-04-02T02:26:09.765+0000] {subprocess.py:106} INFO - 26/04/02 02:26:09 INFO DAGScheduler: ResultStage 0 (csv at NativeMethodAccessorImpl.java:0) finished in 9.409 s
[2026-04-02T02:26:09.769+0000] {subprocess.py:106} INFO - 26/04/02 02:26:09 INFO DAGScheduler: Job 0 is finished. Cancelling potential speculative or zombie tasks for this job
[2026-04-02T02:26:09.770+0000] {subprocess.py:106} INFO - 26/04/02 02:26:09 INFO TaskSchedulerImpl: Killing all running tasks in stage 0: Stage finished
[2026-04-02T02:26:09.773+0000] {subprocess.py:106} INFO - 26/04/02 02:26:09 INFO DAGScheduler: Job 0 finished: csv at NativeMethodAccessorImpl.java:0, took 6.137555 s
[2026-04-02T02:26:09.818+0000] {subprocess.py:106} INFO - 26/04/02 02:26:09 INFO SparkContext: Starting job: csv at NativeMethodAccessorImpl.java:0
[2026-04-02T02:26:09.821+0000] {subprocess.py:106} INFO - 26/04/02 02:26:09 INFO DAGScheduler: Got job 1 (csv at NativeMethodAccessorImpl.java:0) with 1 output partitions
[2026-04-02T02:26:09.822+0000] {subprocess.py:106} INFO - 26/04/02 02:26:09 INFO DAGScheduler: Final stage: ResultStage 1 (csv at NativeMethodAccessorImpl.java:0)
[2026-04-02T02:26:09.823+0000] {subprocess.py:106} INFO - 26/04/02 02:26:09 INFO DAGScheduler: Parents of final stage: List()
[2026-04-02T02:26:09.823+0000] {subprocess.py:106} INFO - 26/04/02 02:26:09 INFO DAGScheduler: Missing parents: List()
[2026-04-02T02:26:09.824+0000] {subprocess.py:106} INFO - 26/04/02 02:26:09 INFO DAGScheduler: Submitting ResultStage 1 (MapPartitionsRDD[3] at csv at NativeMethodAccessorImpl.java:0), which has no missing parents
[2026-04-02T02:26:09.826+0000] {subprocess.py:106} INFO - 26/04/02 02:26:09 INFO MemoryStore: Block broadcast_2 stored as values in memory (estimated size 10.1 KiB, free 434.1 MiB)
[2026-04-02T02:26:09.838+0000] {subprocess.py:106} INFO - 26/04/02 02:26:09 INFO MemoryStore: Block broadcast_2_piece0 stored as bytes in memory (estimated size 5.4 KiB, free 434.1 MiB)
[2026-04-02T02:26:09.839+0000] {subprocess.py:106} INFO - 26/04/02 02:26:09 INFO BlockManagerInfo: Added broadcast_2_piece0 in memory on d0f687c55036:44377 (size: 5.4 KiB, free: 434.4 MiB)
[2026-04-02T02:26:09.840+0000] {subprocess.py:106} INFO - 26/04/02 02:26:09 INFO SparkContext: Created broadcast 2 from broadcast at DAGScheduler.scala:1585
[2026-04-02T02:26:09.841+0000] {subprocess.py:106} INFO - 26/04/02 02:26:09 INFO DAGScheduler: Submitting 1 missing tasks from ResultStage 1 (MapPartitionsRDD[3] at csv at NativeMethodAccessorImpl.java:0) (first 15 tasks are for partitions Vector(0))
[2026-04-02T02:26:09.842+0000] {subprocess.py:106} INFO - 26/04/02 02:26:09 INFO TaskSchedulerImpl: Adding task set 1.0 with 1 tasks resource profile 0
[2026-04-02T02:26:09.844+0000] {subprocess.py:106} INFO - 26/04/02 02:26:09 INFO TaskSetManager: Starting task 0.0 in stage 1.0 (TID 1) (172.30.0.7, executor 0, partition 0, PROCESS_LOCAL, 10108 bytes)
[2026-04-02T02:26:09.883+0000] {subprocess.py:106} INFO - 26/04/02 02:26:09 INFO BlockManagerInfo: Removed broadcast_1_piece0 on 172.30.0.7:37047 in memory (size: 4.4 KiB, free: 434.4 MiB)
[2026-04-02T02:26:09.885+0000] {subprocess.py:106} INFO - 26/04/02 02:26:09 INFO BlockManagerInfo: Removed broadcast_1_piece0 on d0f687c55036:44377 in memory (size: 4.4 KiB, free: 434.4 MiB)
[2026-04-02T02:26:09.914+0000] {subprocess.py:106} INFO - 26/04/02 02:26:09 INFO BlockManagerInfo: Added broadcast_2_piece0 in memory on 172.30.0.7:37047 (size: 5.4 KiB, free: 434.4 MiB)
[2026-04-02T02:26:10.735+0000] {subprocess.py:106} INFO - 26/04/02 02:26:10 INFO TaskSetManager: Finished task 0.0 in stage 1.0 (TID 1) in 891 ms on 172.30.0.7 (executor 0) (1/1)
[2026-04-02T02:26:10.736+0000] {subprocess.py:106} INFO - 26/04/02 02:26:10 INFO TaskSchedulerImpl: Removed TaskSet 1.0, whose tasks have all completed, from pool
[2026-04-02T02:26:10.737+0000] {subprocess.py:106} INFO - 26/04/02 02:26:10 INFO DAGScheduler: ResultStage 1 (csv at NativeMethodAccessorImpl.java:0) finished in 0.912 s
[2026-04-02T02:26:10.738+0000] {subprocess.py:106} INFO - 26/04/02 02:26:10 INFO DAGScheduler: Job 1 is finished. Cancelling potential speculative or zombie tasks for this job
[2026-04-02T02:26:10.739+0000] {subprocess.py:106} INFO - 26/04/02 02:26:10 INFO TaskSchedulerImpl: Killing all running tasks in stage 1: Stage finished
[2026-04-02T02:26:10.745+0000] {subprocess.py:106} INFO - 26/04/02 02:26:10 INFO DAGScheduler: Job 1 finished: csv at NativeMethodAccessorImpl.java:0, took 0.926240 s
[2026-04-02T02:26:11.066+0000] {subprocess.py:106} INFO - 26/04/02 02:26:11 INFO BlockManagerInfo: Removed broadcast_2_piece0 on d0f687c55036:44377 in memory (size: 5.4 KiB, free: 434.4 MiB)
[2026-04-02T02:26:11.070+0000] {subprocess.py:106} INFO - 26/04/02 02:26:11 INFO BlockManagerInfo: Removed broadcast_2_piece0 on 172.30.0.7:37047 in memory (size: 5.4 KiB, free: 434.4 MiB)
[2026-04-02T02:26:11.481+0000] {subprocess.py:106} INFO - 26/04/02 02:26:11 INFO BlockManagerInfo: Removed broadcast_0_piece0 on d0f687c55036:44377 in memory (size: 36.1 KiB, free: 434.4 MiB)
[2026-04-02T02:26:11.482+0000] {subprocess.py:106} INFO - 26/04/02 02:26:11 INFO BlockManagerInfo: Removed broadcast_0_piece0 on 172.30.0.7:37047 in memory (size: 36.1 KiB, free: 434.4 MiB)
[2026-04-02T02:26:12.169+0000] {subprocess.py:106} INFO - 26/04/02 02:26:12 INFO FileSourceStrategy: Pushed Filters:
[2026-04-02T02:26:12.170+0000] {subprocess.py:106} INFO - 26/04/02 02:26:12 INFO FileSourceStrategy: Post-Scan Filters:
[2026-04-02T02:26:12.584+0000] {subprocess.py:106} INFO - 26/04/02 02:26:12 INFO CodeGenerator: Code generated in 218.843621 ms
[2026-04-02T02:26:12.593+0000] {subprocess.py:106} INFO - 26/04/02 02:26:12 INFO MemoryStore: Block broadcast_3 stored as values in memory (estimated size 205.1 KiB, free 434.2 MiB)
[2026-04-02T02:26:12.616+0000] {subprocess.py:106} INFO - 26/04/02 02:26:12 INFO MemoryStore: Block broadcast_3_piece0 stored as bytes in memory (estimated size 36.0 KiB, free 434.2 MiB)
[2026-04-02T02:26:12.617+0000] {subprocess.py:106} INFO - 26/04/02 02:26:12 INFO BlockManagerInfo: Added broadcast_3_piece0 in memory on d0f687c55036:44377 (size: 36.0 KiB, free: 434.4 MiB)
[2026-04-02T02:26:12.619+0000] {subprocess.py:106} INFO - 26/04/02 02:26:12 INFO SparkContext: Created broadcast 3 from count at NativeMethodAccessorImpl.java:0
[2026-04-02T02:26:12.660+0000] {subprocess.py:106} INFO - 26/04/02 02:26:12 INFO FileSourceScanExec: Planning scan with bin packing, max size: 4194304 bytes, open cost is considered as scanning 4194304 bytes.
[2026-04-02T02:26:12.707+0000] {subprocess.py:106} INFO - 26/04/02 02:26:12 INFO DAGScheduler: Registering RDD 7 (count at NativeMethodAccessorImpl.java:0) as input to shuffle 0
[2026-04-02T02:26:12.712+0000] {subprocess.py:106} INFO - 26/04/02 02:26:12 INFO DAGScheduler: Got map stage job 2 (count at NativeMethodAccessorImpl.java:0) with 1 output partitions
[2026-04-02T02:26:12.713+0000] {subprocess.py:106} INFO - 26/04/02 02:26:12 INFO DAGScheduler: Final stage: ShuffleMapStage 2 (count at NativeMethodAccessorImpl.java:0)
[2026-04-02T02:26:12.714+0000] {subprocess.py:106} INFO - 26/04/02 02:26:12 INFO DAGScheduler: Parents of final stage: List()
[2026-04-02T02:26:12.715+0000] {subprocess.py:106} INFO - 26/04/02 02:26:12 INFO DAGScheduler: Missing parents: List()
[2026-04-02T02:26:12.718+0000] {subprocess.py:106} INFO - 26/04/02 02:26:12 INFO DAGScheduler: Submitting ShuffleMapStage 2 (MapPartitionsRDD[7] at count at NativeMethodAccessorImpl.java:0), which has no missing parents
[2026-04-02T02:26:12.774+0000] {subprocess.py:106} INFO - 26/04/02 02:26:12 INFO MemoryStore: Block broadcast_4 stored as values in memory (estimated size 18.1 KiB, free 434.1 MiB)
[2026-04-02T02:26:12.786+0000] {subprocess.py:106} INFO - 26/04/02 02:26:12 INFO MemoryStore: Block broadcast_4_piece0 stored as bytes in memory (estimated size 8.9 KiB, free 434.1 MiB)
[2026-04-02T02:26:12.787+0000] {subprocess.py:106} INFO - 26/04/02 02:26:12 INFO BlockManagerInfo: Added broadcast_4_piece0 in memory on d0f687c55036:44377 (size: 8.9 KiB, free: 434.4 MiB)
[2026-04-02T02:26:12.789+0000] {subprocess.py:106} INFO - 26/04/02 02:26:12 INFO SparkContext: Created broadcast 4 from broadcast at DAGScheduler.scala:1585
[2026-04-02T02:26:12.792+0000] {subprocess.py:106} INFO - 26/04/02 02:26:12 INFO DAGScheduler: Submitting 1 missing tasks from ShuffleMapStage 2 (MapPartitionsRDD[7] at count at NativeMethodAccessorImpl.java:0) (first 15 tasks are for partitions Vector(0))
[2026-04-02T02:26:12.792+0000] {subprocess.py:106} INFO - 26/04/02 02:26:12 INFO TaskSchedulerImpl: Adding task set 2.0 with 1 tasks resource profile 0
[2026-04-02T02:26:12.799+0000] {subprocess.py:106} INFO - 26/04/02 02:26:12 INFO TaskSetManager: Starting task 0.0 in stage 2.0 (TID 2) (172.30.0.7, executor 0, partition 0, PROCESS_LOCAL, 10568 bytes)
[2026-04-02T02:26:12.838+0000] {subprocess.py:106} INFO - 26/04/02 02:26:12 INFO BlockManagerInfo: Added broadcast_4_piece0 in memory on 172.30.0.7:37047 (size: 8.9 KiB, free: 434.4 MiB)
[2026-04-02T02:26:13.328+0000] {subprocess.py:106} INFO - 26/04/02 02:26:13 INFO BlockManagerInfo: Added broadcast_3_piece0 in memory on 172.30.0.7:37047 (size: 36.0 KiB, free: 434.4 MiB)
[2026-04-02T02:26:13.511+0000] {subprocess.py:106} INFO - 26/04/02 02:26:13 INFO TaskSetManager: Finished task 0.0 in stage 2.0 (TID 2) in 717 ms on 172.30.0.7 (executor 0) (1/1)
[2026-04-02T02:26:13.512+0000] {subprocess.py:106} INFO - 26/04/02 02:26:13 INFO TaskSchedulerImpl: Removed TaskSet 2.0, whose tasks have all completed, from pool
[2026-04-02T02:26:13.514+0000] {subprocess.py:106} INFO - 26/04/02 02:26:13 INFO DAGScheduler: ShuffleMapStage 2 (count at NativeMethodAccessorImpl.java:0) finished in 0.788 s
[2026-04-02T02:26:13.515+0000] {subprocess.py:106} INFO - 26/04/02 02:26:13 INFO DAGScheduler: looking for newly runnable stages
[2026-04-02T02:26:13.518+0000] {subprocess.py:106} INFO - 26/04/02 02:26:13 INFO DAGScheduler: running: Set()
[2026-04-02T02:26:13.518+0000] {subprocess.py:106} INFO - 26/04/02 02:26:13 INFO DAGScheduler: waiting: Set()
[2026-04-02T02:26:13.519+0000] {subprocess.py:106} INFO - 26/04/02 02:26:13 INFO DAGScheduler: failed: Set()
[2026-04-02T02:26:13.574+0000] {subprocess.py:106} INFO - 26/04/02 02:26:13 INFO CodeGenerator: Code generated in 14.902816 ms
[2026-04-02T02:26:13.603+0000] {subprocess.py:106} INFO - 26/04/02 02:26:13 INFO SparkContext: Starting job: count at NativeMethodAccessorImpl.java:0
[2026-04-02T02:26:13.606+0000] {subprocess.py:106} INFO - 26/04/02 02:26:13 INFO DAGScheduler: Got job 3 (count at NativeMethodAccessorImpl.java:0) with 1 output partitions
[2026-04-02T02:26:13.607+0000] {subprocess.py:106} INFO - 26/04/02 02:26:13 INFO DAGScheduler: Final stage: ResultStage 4 (count at NativeMethodAccessorImpl.java:0)
[2026-04-02T02:26:13.609+0000] {subprocess.py:106} INFO - 26/04/02 02:26:13 INFO DAGScheduler: Parents of final stage: List(ShuffleMapStage 3)
[2026-04-02T02:26:13.610+0000] {subprocess.py:106} INFO - 26/04/02 02:26:13 INFO DAGScheduler: Missing parents: List()
[2026-04-02T02:26:13.611+0000] {subprocess.py:106} INFO - 26/04/02 02:26:13 INFO DAGScheduler: Submitting ResultStage 4 (MapPartitionsRDD[10] at count at NativeMethodAccessorImpl.java:0), which has no missing parents
[2026-04-02T02:26:13.622+0000] {subprocess.py:106} INFO - 26/04/02 02:26:13 INFO MemoryStore: Block broadcast_5 stored as values in memory (estimated size 12.5 KiB, free 434.1 MiB)
[2026-04-02T02:26:13.634+0000] {subprocess.py:106} INFO - 26/04/02 02:26:13 INFO MemoryStore: Block broadcast_5_piece0 stored as bytes in memory (estimated size 5.9 KiB, free 434.1 MiB)
[2026-04-02T02:26:13.639+0000] {subprocess.py:106} INFO - 26/04/02 02:26:13 INFO BlockManagerInfo: Added broadcast_5_piece0 in memory on d0f687c55036:44377 (size: 5.9 KiB, free: 434.4 MiB)
[2026-04-02T02:26:13.640+0000] {subprocess.py:106} INFO - 26/04/02 02:26:13 INFO BlockManagerInfo: Removed broadcast_4_piece0 on d0f687c55036:44377 in memory (size: 8.9 KiB, free: 434.4 MiB)
[2026-04-02T02:26:13.641+0000] {subprocess.py:106} INFO - 26/04/02 02:26:13 INFO SparkContext: Created broadcast 5 from broadcast at DAGScheduler.scala:1585
[2026-04-02T02:26:13.642+0000] {subprocess.py:106} INFO - 26/04/02 02:26:13 INFO DAGScheduler: Submitting 1 missing tasks from ResultStage 4 (MapPartitionsRDD[10] at count at NativeMethodAccessorImpl.java:0) (first 15 tasks are for partitions Vector(0))
[2026-04-02T02:26:13.642+0000] {subprocess.py:106} INFO - 26/04/02 02:26:13 INFO TaskSchedulerImpl: Adding task set 4.0 with 1 tasks resource profile 0
[2026-04-02T02:26:13.645+0000] {subprocess.py:106} INFO - 26/04/02 02:26:13 INFO BlockManagerInfo: Removed broadcast_4_piece0 on 172.30.0.7:37047 in memory (size: 8.9 KiB, free: 434.4 MiB)
[2026-04-02T02:26:13.650+0000] {subprocess.py:106} INFO - 26/04/02 02:26:13 INFO TaskSetManager: Starting task 0.0 in stage 4.0 (TID 3) (172.30.0.7, executor 0, partition 0, NODE_LOCAL, 9976 bytes)
[2026-04-02T02:26:13.693+0000] {subprocess.py:106} INFO - 26/04/02 02:26:13 INFO BlockManagerInfo: Added broadcast_5_piece0 in memory on 172.30.0.7:37047 (size: 5.9 KiB, free: 434.4 MiB)
[2026-04-02T02:26:13.724+0000] {subprocess.py:106} INFO - 26/04/02 02:26:13 INFO MapOutputTrackerMasterEndpoint: Asked to send map output locations for shuffle 0 to 172.30.0.7:56320
[2026-04-02T02:26:13.898+0000] {subprocess.py:106} INFO - 26/04/02 02:26:13 INFO TaskSetManager: Finished task 0.0 in stage 4.0 (TID 3) in 250 ms on 172.30.0.7 (executor 0) (1/1)
[2026-04-02T02:26:13.899+0000] {subprocess.py:106} INFO - 26/04/02 02:26:13 INFO TaskSchedulerImpl: Removed TaskSet 4.0, whose tasks have all completed, from pool
[2026-04-02T02:26:13.899+0000] {subprocess.py:106} INFO - 26/04/02 02:26:13 INFO DAGScheduler: ResultStage 4 (count at NativeMethodAccessorImpl.java:0) finished in 0.277 s
[2026-04-02T02:26:13.900+0000] {subprocess.py:106} INFO - 26/04/02 02:26:13 INFO DAGScheduler: Job 3 is finished. Cancelling potential speculative or zombie tasks for this job
[2026-04-02T02:26:13.900+0000] {subprocess.py:106} INFO - 26/04/02 02:26:13 INFO TaskSchedulerImpl: Killing all running tasks in stage 4: Stage finished
[2026-04-02T02:26:13.903+0000] {subprocess.py:106} INFO - 26/04/02 02:26:13 INFO DAGScheduler: Job 3 finished: count at NativeMethodAccessorImpl.java:0, took 0.295580 s
[2026-04-02T02:26:13.913+0000] {subprocess.py:106} INFO -  Record loaded from CSV: 15236
[2026-04-02T02:26:13.918+0000] {subprocess.py:106} INFO - root
[2026-04-02T02:26:13.920+0000] {subprocess.py:106} INFO -  |-- job_title: string (nullable = true)
[2026-04-02T02:26:13.921+0000] {subprocess.py:106} INFO -  |-- company_name: string (nullable = true)
[2026-04-02T02:26:13.922+0000] {subprocess.py:106} INFO -  |-- location: string (nullable = true)
[2026-04-02T02:26:13.923+0000] {subprocess.py:106} INFO -  |-- skills_required: string (nullable = true)
[2026-04-02T02:26:13.923+0000] {subprocess.py:106} INFO -  |-- date_posted: timestamp (nullable = true)
[2026-04-02T02:26:13.924+0000] {subprocess.py:106} INFO -  |-- job_link: string (nullable = true)
[2026-04-02T02:26:13.925+0000] {subprocess.py:106} INFO -  |-- job_category: string (nullable = true)
[2026-04-02T02:26:13.926+0000] {subprocess.py:106} INFO -  |-- work_mode: string (nullable = true)
[2026-04-02T02:26:13.926+0000] {subprocess.py:106} INFO -  |-- crawl_date: timestamp (nullable = true)
[2026-04-02T02:26:13.927+0000] {subprocess.py:106} INFO -  |-- date_only: date (nullable = true)
[2026-04-02T02:26:13.928+0000] {subprocess.py:106} INFO - 
[2026-04-02T02:26:14.183+0000] {subprocess.py:106} INFO - 26/04/02 02:26:14 INFO BlockManagerInfo: Removed broadcast_5_piece0 on d0f687c55036:44377 in memory (size: 5.9 KiB, free: 434.4 MiB)
[2026-04-02T02:26:14.187+0000] {subprocess.py:106} INFO - 26/04/02 02:26:14 INFO BlockManagerInfo: Removed broadcast_5_piece0 on 172.30.0.7:37047 in memory (size: 5.9 KiB, free: 434.4 MiB)
[2026-04-02T02:26:14.274+0000] {subprocess.py:106} INFO - 26/04/02 02:26:14 INFO HiveConf: Found configuration file null
[2026-04-02T02:26:14.497+0000] {subprocess.py:106} INFO - 26/04/02 02:26:14 INFO metastore: Trying to connect to metastore with URI thrift://hive-metastore:9083
[2026-04-02T02:26:14.519+0000] {subprocess.py:106} INFO - 26/04/02 02:26:14 INFO metastore: Opened a connection to metastore, current connections: 1
[2026-04-02T02:26:14.548+0000] {subprocess.py:106} INFO - 26/04/02 02:26:14 INFO metastore: Connected to metastore.
[2026-04-02T02:26:14.806+0000] {subprocess.py:106} INFO - 26/04/02 02:26:14 INFO BaseMetastoreTableOperations: Refreshing table metadata from new version: s3a://warehouse/iceberg_data/bronze.db/it_jobs_raw/metadata/00025-bddbf8b5-2db9-4674-85d8-8ba59b4dc797.metadata.json
[2026-04-02T02:26:15.090+0000] {subprocess.py:106} INFO - 26/04/02 02:26:15 INFO BaseMetastoreCatalog: Table loaded by catalog: iceberg.bronze.it_jobs_raw
[2026-04-02T02:26:15.096+0000] {subprocess.py:106} INFO - Table iceberg.bronze.it_jobs_raw exists. Checking for new records...
[2026-04-02T02:26:15.195+0000] {subprocess.py:106} INFO - 26/04/02 02:26:15 INFO BlockManagerInfo: Removed broadcast_3_piece0 on d0f687c55036:44377 in memory (size: 36.0 KiB, free: 434.4 MiB)
[2026-04-02T02:26:15.196+0000] {subprocess.py:106} INFO - 26/04/02 02:26:15 INFO BlockManagerInfo: Removed broadcast_3_piece0 on 172.30.0.7:37047 in memory (size: 36.0 KiB, free: 434.4 MiB)
[2026-04-02T02:26:15.319+0000] {subprocess.py:106} INFO - 26/04/02 02:26:15 INFO V2ScanRelationPushDown:
[2026-04-02T02:26:15.319+0000] {subprocess.py:106} INFO - Pushing operators to iceberg.bronze.it_jobs_raw
[2026-04-02T02:26:15.320+0000] {subprocess.py:106} INFO - Pushed Filters: job_link IS NOT NULL
[2026-04-02T02:26:15.320+0000] {subprocess.py:106} INFO - Post-Scan Filters: isnotnull(job_link#79)
[2026-04-02T02:26:15.320+0000] {subprocess.py:106} INFO - 
[2026-04-02T02:26:15.349+0000] {subprocess.py:106} INFO - 26/04/02 02:26:15 INFO V2ScanRelationPushDown:
[2026-04-02T02:26:15.350+0000] {subprocess.py:106} INFO - Output: job_link#79
[2026-04-02T02:26:15.350+0000] {subprocess.py:106} INFO - 
[2026-04-02T02:26:15.360+0000] {subprocess.py:106} INFO - 26/04/02 02:26:15 INFO SnapshotScan: Scanning table iceberg.bronze.it_jobs_raw snapshot 507397020722033464 created at 2026-04-02T02:11:09.449+00:00 with filter job_link IS NOT NULL
[2026-04-02T02:26:15.525+0000] {subprocess.py:106} INFO - 26/04/02 02:26:15 INFO BaseDistributedDataScan: Planning file tasks locally for table iceberg.bronze.it_jobs_raw
[2026-04-02T02:26:15.793+0000] {subprocess.py:106} INFO - 26/04/02 02:26:15 INFO SparkPartitioningAwareScan: Reporting UnknownPartitioning with 7 partition(s) for table iceberg.bronze.it_jobs_raw
[2026-04-02T02:26:15.843+0000] {subprocess.py:106} INFO - 26/04/02 02:26:15 INFO FileSourceStrategy: Pushed Filters:
[2026-04-02T02:26:15.849+0000] {subprocess.py:106} INFO - 26/04/02 02:26:15 INFO FileSourceStrategy: Post-Scan Filters:
[2026-04-02T02:26:15.855+0000] {subprocess.py:106} INFO - 26/04/02 02:26:15 INFO MemoryStore: Block broadcast_6 stored as values in memory (estimated size 32.0 KiB, free 434.4 MiB)
[2026-04-02T02:26:15.872+0000] {subprocess.py:106} INFO - 26/04/02 02:26:15 INFO MemoryStore: Block broadcast_6_piece0 stored as bytes in memory (estimated size 30.1 KiB, free 434.3 MiB)
[2026-04-02T02:26:15.874+0000] {subprocess.py:106} INFO - 26/04/02 02:26:15 INFO BlockManagerInfo: Added broadcast_6_piece0 in memory on d0f687c55036:44377 (size: 30.1 KiB, free: 434.4 MiB)
[2026-04-02T02:26:15.875+0000] {subprocess.py:106} INFO - 26/04/02 02:26:15 INFO SparkContext: Created broadcast 6 from broadcast at SparkBatch.java:79
[2026-04-02T02:26:15.897+0000] {subprocess.py:106} INFO - 26/04/02 02:26:15 INFO MemoryStore: Block broadcast_7 stored as values in memory (estimated size 32.0 KiB, free 434.3 MiB)
[2026-04-02T02:26:15.902+0000] {subprocess.py:106} INFO - 26/04/02 02:26:15 INFO MemoryStore: Block broadcast_7_piece0 stored as bytes in memory (estimated size 30.1 KiB, free 434.3 MiB)
[2026-04-02T02:26:15.913+0000] {subprocess.py:106} INFO - 26/04/02 02:26:15 INFO BlockManagerInfo: Added broadcast_7_piece0 in memory on d0f687c55036:44377 (size: 30.1 KiB, free: 434.3 MiB)
[2026-04-02T02:26:15.914+0000] {subprocess.py:106} INFO - 26/04/02 02:26:15 INFO SparkContext: Created broadcast 7 from broadcast at SparkBatch.java:79
[2026-04-02T02:26:15.992+0000] {subprocess.py:106} INFO - 26/04/02 02:26:15 INFO CodeGenerator: Code generated in 19.199712 ms
[2026-04-02T02:26:16.024+0000] {subprocess.py:106} INFO - 26/04/02 02:26:16 INFO SparkContext: Starting job: $anonfun$withThreadLocalCaptured$1 at FutureTask.java:264
[2026-04-02T02:26:16.025+0000] {subprocess.py:106} INFO - 26/04/02 02:26:16 INFO DAGScheduler: Got job 4 ($anonfun$withThreadLocalCaptured$1 at FutureTask.java:264) with 7 output partitions
[2026-04-02T02:26:16.026+0000] {subprocess.py:106} INFO - 26/04/02 02:26:16 INFO DAGScheduler: Final stage: ResultStage 5 ($anonfun$withThreadLocalCaptured$1 at FutureTask.java:264)
[2026-04-02T02:26:16.026+0000] {subprocess.py:106} INFO - 26/04/02 02:26:16 INFO DAGScheduler: Parents of final stage: List()
[2026-04-02T02:26:16.027+0000] {subprocess.py:106} INFO - 26/04/02 02:26:16 INFO DAGScheduler: Missing parents: List()
[2026-04-02T02:26:16.028+0000] {subprocess.py:106} INFO - 26/04/02 02:26:16 INFO DAGScheduler: Submitting ResultStage 5 (MapPartitionsRDD[14] at $anonfun$withThreadLocalCaptured$1 at FutureTask.java:264), which has no missing parents
[2026-04-02T02:26:16.031+0000] {subprocess.py:106} INFO - 26/04/02 02:26:16 INFO MemoryStore: Block broadcast_8 stored as values in memory (estimated size 13.8 KiB, free 434.3 MiB)
[2026-04-02T02:26:16.040+0000] {subprocess.py:106} INFO - 26/04/02 02:26:16 INFO MemoryStore: Block broadcast_8_piece0 stored as bytes in memory (estimated size 5.5 KiB, free 434.3 MiB)
[2026-04-02T02:26:16.042+0000] {subprocess.py:106} INFO - 26/04/02 02:26:16 INFO BlockManagerInfo: Added broadcast_8_piece0 in memory on d0f687c55036:44377 (size: 5.5 KiB, free: 434.3 MiB)
[2026-04-02T02:26:16.043+0000] {subprocess.py:106} INFO - 26/04/02 02:26:16 INFO SparkContext: Created broadcast 8 from broadcast at DAGScheduler.scala:1585
[2026-04-02T02:26:16.044+0000] {subprocess.py:106} INFO - 26/04/02 02:26:16 INFO DAGScheduler: Submitting 7 missing tasks from ResultStage 5 (MapPartitionsRDD[14] at $anonfun$withThreadLocalCaptured$1 at FutureTask.java:264) (first 15 tasks are for partitions Vector(0, 1, 2, 3, 4, 5, 6))
[2026-04-02T02:26:16.045+0000] {subprocess.py:106} INFO - 26/04/02 02:26:16 INFO TaskSchedulerImpl: Adding task set 5.0 with 7 tasks resource profile 0
[2026-04-02T02:26:16.064+0000] {subprocess.py:106} INFO - 26/04/02 02:26:16 INFO TaskSetManager: Starting task 0.0 in stage 5.0 (TID 4) (172.30.0.7, executor 0, partition 0, PROCESS_LOCAL, 16346 bytes)
[2026-04-02T02:26:16.067+0000] {subprocess.py:106} INFO - 26/04/02 02:26:16 INFO TaskSetManager: Starting task 1.0 in stage 5.0 (TID 5) (172.30.0.7, executor 0, partition 1, PROCESS_LOCAL, 16346 bytes)
[2026-04-02T02:26:16.073+0000] {subprocess.py:106} INFO - 26/04/02 02:26:16 INFO TaskSetManager: Starting task 2.0 in stage 5.0 (TID 6) (172.30.0.7, executor 0, partition 2, PROCESS_LOCAL, 16346 bytes)
[2026-04-02T02:26:16.078+0000] {subprocess.py:106} INFO - 26/04/02 02:26:16 INFO TaskSetManager: Starting task 3.0 in stage 5.0 (TID 7) (172.30.0.7, executor 0, partition 3, PROCESS_LOCAL, 16346 bytes)
[2026-04-02T02:26:16.086+0000] {subprocess.py:106} INFO - 26/04/02 02:26:16 INFO TaskSetManager: Starting task 4.0 in stage 5.0 (TID 8) (172.30.0.7, executor 0, partition 4, PROCESS_LOCAL, 16347 bytes)
[2026-04-02T02:26:16.089+0000] {subprocess.py:106} INFO - 26/04/02 02:26:16 INFO TaskSetManager: Starting task 5.0 in stage 5.0 (TID 9) (172.30.0.7, executor 0, partition 5, PROCESS_LOCAL, 16347 bytes)
[2026-04-02T02:26:16.090+0000] {subprocess.py:106} INFO - 26/04/02 02:26:16 INFO TaskSetManager: Starting task 6.0 in stage 5.0 (TID 10) (172.30.0.7, executor 0, partition 6, PROCESS_LOCAL, 15426 bytes)
[2026-04-02T02:26:16.487+0000] {subprocess.py:106} INFO - 26/04/02 02:26:16 INFO BlockManagerInfo: Added broadcast_8_piece0 in memory on 172.30.0.7:37047 (size: 5.5 KiB, free: 434.4 MiB)
[2026-04-02T02:26:16.545+0000] {subprocess.py:106} INFO - 26/04/02 02:26:16 INFO BlockManagerInfo: Added broadcast_7_piece0 in memory on 172.30.0.7:37047 (size: 30.1 KiB, free: 434.4 MiB)
[2026-04-02T02:26:17.647+0000] {subprocess.py:106} INFO - 26/04/02 02:26:17 INFO TaskSetManager: Finished task 6.0 in stage 5.0 (TID 10) in 1561 ms on 172.30.0.7 (executor 0) (1/7)
[2026-04-02T02:26:17.838+0000] {subprocess.py:106} INFO - 26/04/02 02:26:17 INFO TaskSetManager: Finished task 1.0 in stage 5.0 (TID 5) in 1772 ms on 172.30.0.7 (executor 0) (2/7)
[2026-04-02T02:26:17.861+0000] {subprocess.py:106} INFO - 26/04/02 02:26:17 INFO TaskSetManager: Finished task 4.0 in stage 5.0 (TID 8) in 1781 ms on 172.30.0.7 (executor 0) (3/7)
[2026-04-02T02:26:17.871+0000] {subprocess.py:106} INFO - 26/04/02 02:26:17 INFO TaskSetManager: Finished task 3.0 in stage 5.0 (TID 7) in 1796 ms on 172.30.0.7 (executor 0) (4/7)
[2026-04-02T02:26:17.882+0000] {subprocess.py:106} INFO - 26/04/02 02:26:17 INFO TaskSetManager: Finished task 0.0 in stage 5.0 (TID 4) in 1834 ms on 172.30.0.7 (executor 0) (5/7)
[2026-04-02T02:26:17.888+0000] {subprocess.py:106} INFO - 26/04/02 02:26:17 INFO TaskSetManager: Finished task 5.0 in stage 5.0 (TID 9) in 1802 ms on 172.30.0.7 (executor 0) (6/7)
[2026-04-02T02:26:17.914+0000] {subprocess.py:106} INFO - 26/04/02 02:26:17 INFO TaskSetManager: Finished task 2.0 in stage 5.0 (TID 6) in 1846 ms on 172.30.0.7 (executor 0) (7/7)
[2026-04-02T02:26:17.915+0000] {subprocess.py:106} INFO - 26/04/02 02:26:17 INFO TaskSchedulerImpl: Removed TaskSet 5.0, whose tasks have all completed, from pool
[2026-04-02T02:26:17.915+0000] {subprocess.py:106} INFO - 26/04/02 02:26:17 INFO DAGScheduler: ResultStage 5 ($anonfun$withThreadLocalCaptured$1 at FutureTask.java:264) finished in 1.885 s
[2026-04-02T02:26:17.916+0000] {subprocess.py:106} INFO - 26/04/02 02:26:17 INFO DAGScheduler: Job 4 is finished. Cancelling potential speculative or zombie tasks for this job
[2026-04-02T02:26:17.916+0000] {subprocess.py:106} INFO - 26/04/02 02:26:17 INFO TaskSchedulerImpl: Killing all running tasks in stage 5: Stage finished
[2026-04-02T02:26:17.917+0000] {subprocess.py:106} INFO - 26/04/02 02:26:17 INFO DAGScheduler: Job 4 finished: $anonfun$withThreadLocalCaptured$1 at FutureTask.java:264, took 1.893757 s
[2026-04-02T02:26:17.946+0000] {subprocess.py:106} INFO - 26/04/02 02:26:17 INFO BlockManagerInfo: Removed broadcast_8_piece0 on d0f687c55036:44377 in memory (size: 5.5 KiB, free: 434.3 MiB)
[2026-04-02T02:26:17.950+0000] {subprocess.py:106} INFO - 26/04/02 02:26:17 INFO BlockManagerInfo: Removed broadcast_8_piece0 on 172.30.0.7:37047 in memory (size: 5.5 KiB, free: 434.4 MiB)
[2026-04-02T02:26:17.969+0000] {subprocess.py:106} INFO - 26/04/02 02:26:17 INFO CodeGenerator: Code generated in 13.843963 ms
[2026-04-02T02:26:18.073+0000] {subprocess.py:106} INFO - 26/04/02 02:26:18 INFO MemoryStore: Block broadcast_9_piece0 stored as bytes in memory (estimated size 869.3 KiB, free 433.4 MiB)
[2026-04-02T02:26:18.074+0000] {subprocess.py:106} INFO - 26/04/02 02:26:18 INFO BlockManagerInfo: Added broadcast_9_piece0 in memory on d0f687c55036:44377 (size: 869.3 KiB, free: 433.5 MiB)
[2026-04-02T02:26:18.075+0000] {subprocess.py:106} INFO - 26/04/02 02:26:18 INFO SparkContext: Created broadcast 9 from $anonfun$withThreadLocalCaptured$1 at FutureTask.java:264
[2026-04-02T02:26:18.083+0000] {subprocess.py:106} INFO - 26/04/02 02:26:18 INFO FileSourceStrategy: Pushed Filters:
[2026-04-02T02:26:18.083+0000] {subprocess.py:106} INFO - 26/04/02 02:26:18 INFO FileSourceStrategy: Post-Scan Filters:
[2026-04-02T02:26:18.126+0000] {subprocess.py:106} INFO - 26/04/02 02:26:18 INFO CodeGenerator: Code generated in 14.727605 ms
[2026-04-02T02:26:18.129+0000] {subprocess.py:106} INFO - 26/04/02 02:26:18 INFO MemoryStore: Block broadcast_10 stored as values in memory (estimated size 205.1 KiB, free 433.2 MiB)
[2026-04-02T02:26:18.145+0000] {subprocess.py:106} INFO - 26/04/02 02:26:18 INFO MemoryStore: Block broadcast_10_piece0 stored as bytes in memory (estimated size 36.0 KiB, free 433.2 MiB)
[2026-04-02T02:26:18.147+0000] {subprocess.py:106} INFO - 26/04/02 02:26:18 INFO BlockManagerInfo: Added broadcast_10_piece0 in memory on d0f687c55036:44377 (size: 36.0 KiB, free: 433.5 MiB)
[2026-04-02T02:26:18.149+0000] {subprocess.py:106} INFO - 26/04/02 02:26:18 INFO SparkContext: Created broadcast 10 from count at NativeMethodAccessorImpl.java:0
[2026-04-02T02:26:18.150+0000] {subprocess.py:106} INFO - 26/04/02 02:26:18 INFO FileSourceScanExec: Planning scan with bin packing, max size: 4194304 bytes, open cost is considered as scanning 4194304 bytes.
[2026-04-02T02:26:18.160+0000] {subprocess.py:106} INFO - 26/04/02 02:26:18 INFO DAGScheduler: Registering RDD 18 (count at NativeMethodAccessorImpl.java:0) as input to shuffle 1
[2026-04-02T02:26:18.161+0000] {subprocess.py:106} INFO - 26/04/02 02:26:18 INFO DAGScheduler: Got map stage job 5 (count at NativeMethodAccessorImpl.java:0) with 1 output partitions
[2026-04-02T02:26:18.162+0000] {subprocess.py:106} INFO - 26/04/02 02:26:18 INFO DAGScheduler: Final stage: ShuffleMapStage 6 (count at NativeMethodAccessorImpl.java:0)
[2026-04-02T02:26:18.165+0000] {subprocess.py:106} INFO - 26/04/02 02:26:18 INFO DAGScheduler: Parents of final stage: List()
[2026-04-02T02:26:18.166+0000] {subprocess.py:106} INFO - 26/04/02 02:26:18 INFO DAGScheduler: Missing parents: List()
[2026-04-02T02:26:18.169+0000] {subprocess.py:106} INFO - 26/04/02 02:26:18 INFO DAGScheduler: Submitting ShuffleMapStage 6 (MapPartitionsRDD[18] at count at NativeMethodAccessorImpl.java:0), which has no missing parents
[2026-04-02T02:26:18.170+0000] {subprocess.py:106} INFO - 26/04/02 02:26:18 INFO MemoryStore: Block broadcast_11 stored as values in memory (estimated size 20.2 KiB, free 433.2 MiB)
[2026-04-02T02:26:18.172+0000] {subprocess.py:106} INFO - 26/04/02 02:26:18 INFO MemoryStore: Block broadcast_11_piece0 stored as bytes in memory (estimated size 9.8 KiB, free 433.2 MiB)
[2026-04-02T02:26:18.173+0000] {subprocess.py:106} INFO - 26/04/02 02:26:18 INFO BlockManagerInfo: Added broadcast_11_piece0 in memory on d0f687c55036:44377 (size: 9.8 KiB, free: 433.4 MiB)
[2026-04-02T02:26:18.176+0000] {subprocess.py:106} INFO - 26/04/02 02:26:18 INFO SparkContext: Created broadcast 11 from broadcast at DAGScheduler.scala:1585
[2026-04-02T02:26:18.180+0000] {subprocess.py:106} INFO - 26/04/02 02:26:18 INFO DAGScheduler: Submitting 1 missing tasks from ShuffleMapStage 6 (MapPartitionsRDD[18] at count at NativeMethodAccessorImpl.java:0) (first 15 tasks are for partitions Vector(0))
[2026-04-02T02:26:18.181+0000] {subprocess.py:106} INFO - 26/04/02 02:26:18 INFO TaskSchedulerImpl: Adding task set 6.0 with 1 tasks resource profile 0
[2026-04-02T02:26:18.190+0000] {subprocess.py:106} INFO - 26/04/02 02:26:18 INFO TaskSetManager: Starting task 0.0 in stage 6.0 (TID 11) (172.30.0.7, executor 0, partition 0, PROCESS_LOCAL, 10568 bytes)
[2026-04-02T02:26:18.207+0000] {subprocess.py:106} INFO - 26/04/02 02:26:18 INFO BlockManagerInfo: Added broadcast_11_piece0 in memory on 172.30.0.7:37047 (size: 9.8 KiB, free: 434.4 MiB)
[2026-04-02T02:26:18.260+0000] {subprocess.py:106} INFO - 26/04/02 02:26:18 INFO BlockManagerInfo: Added broadcast_9_piece0 in memory on 172.30.0.7:37047 (size: 869.3 KiB, free: 433.5 MiB)
[2026-04-02T02:26:18.400+0000] {subprocess.py:106} INFO - 26/04/02 02:26:18 INFO BlockManagerInfo: Added broadcast_10_piece0 in memory on 172.30.0.7:37047 (size: 36.0 KiB, free: 433.5 MiB)
[2026-04-02T02:26:18.559+0000] {subprocess.py:106} INFO - 26/04/02 02:26:18 INFO TaskSetManager: Finished task 0.0 in stage 6.0 (TID 11) in 371 ms on 172.30.0.7 (executor 0) (1/1)
[2026-04-02T02:26:18.560+0000] {subprocess.py:106} INFO - 26/04/02 02:26:18 INFO TaskSchedulerImpl: Removed TaskSet 6.0, whose tasks have all completed, from pool
[2026-04-02T02:26:18.572+0000] {subprocess.py:106} INFO - 26/04/02 02:26:18 INFO DAGScheduler: ShuffleMapStage 6 (count at NativeMethodAccessorImpl.java:0) finished in 0.393 s
[2026-04-02T02:26:18.573+0000] {subprocess.py:106} INFO - 26/04/02 02:26:18 INFO DAGScheduler: looking for newly runnable stages
[2026-04-02T02:26:18.577+0000] {subprocess.py:106} INFO - 26/04/02 02:26:18 INFO DAGScheduler: running: Set()
[2026-04-02T02:26:18.578+0000] {subprocess.py:106} INFO - 26/04/02 02:26:18 INFO DAGScheduler: waiting: Set()
[2026-04-02T02:26:18.580+0000] {subprocess.py:106} INFO - 26/04/02 02:26:18 INFO DAGScheduler: failed: Set()
[2026-04-02T02:26:18.586+0000] {subprocess.py:106} INFO - 26/04/02 02:26:18 INFO CodeGenerator: Code generated in 13.702079 ms
[2026-04-02T02:26:18.605+0000] {subprocess.py:106} INFO - 26/04/02 02:26:18 INFO SparkContext: Starting job: count at NativeMethodAccessorImpl.java:0
[2026-04-02T02:26:18.607+0000] {subprocess.py:106} INFO - 26/04/02 02:26:18 INFO DAGScheduler: Got job 6 (count at NativeMethodAccessorImpl.java:0) with 1 output partitions
[2026-04-02T02:26:18.609+0000] {subprocess.py:106} INFO - 26/04/02 02:26:18 INFO DAGScheduler: Final stage: ResultStage 8 (count at NativeMethodAccessorImpl.java:0)
[2026-04-02T02:26:18.609+0000] {subprocess.py:106} INFO - 26/04/02 02:26:18 INFO DAGScheduler: Parents of final stage: List(ShuffleMapStage 7)
[2026-04-02T02:26:18.610+0000] {subprocess.py:106} INFO - 26/04/02 02:26:18 INFO DAGScheduler: Missing parents: List()
[2026-04-02T02:26:18.610+0000] {subprocess.py:106} INFO - 26/04/02 02:26:18 INFO DAGScheduler: Submitting ResultStage 8 (MapPartitionsRDD[21] at count at NativeMethodAccessorImpl.java:0), which has no missing parents
[2026-04-02T02:26:18.612+0000] {subprocess.py:106} INFO - 26/04/02 02:26:18 INFO MemoryStore: Block broadcast_12 stored as values in memory (estimated size 12.5 KiB, free 433.2 MiB)
[2026-04-02T02:26:18.624+0000] {subprocess.py:106} INFO - 26/04/02 02:26:18 INFO MemoryStore: Block broadcast_12_piece0 stored as bytes in memory (estimated size 5.9 KiB, free 433.1 MiB)
[2026-04-02T02:26:18.625+0000] {subprocess.py:106} INFO - 26/04/02 02:26:18 INFO BlockManagerInfo: Added broadcast_12_piece0 in memory on d0f687c55036:44377 (size: 5.9 KiB, free: 433.4 MiB)
[2026-04-02T02:26:18.626+0000] {subprocess.py:106} INFO - 26/04/02 02:26:18 INFO SparkContext: Created broadcast 12 from broadcast at DAGScheduler.scala:1585
[2026-04-02T02:26:18.631+0000] {subprocess.py:106} INFO - 26/04/02 02:26:18 INFO DAGScheduler: Submitting 1 missing tasks from ResultStage 8 (MapPartitionsRDD[21] at count at NativeMethodAccessorImpl.java:0) (first 15 tasks are for partitions Vector(0))
[2026-04-02T02:26:18.632+0000] {subprocess.py:106} INFO - 26/04/02 02:26:18 INFO TaskSchedulerImpl: Adding task set 8.0 with 1 tasks resource profile 0
[2026-04-02T02:26:18.632+0000] {subprocess.py:106} INFO - 26/04/02 02:26:18 INFO BlockManagerInfo: Removed broadcast_11_piece0 on 172.30.0.7:37047 in memory (size: 9.8 KiB, free: 433.5 MiB)
[2026-04-02T02:26:18.633+0000] {subprocess.py:106} INFO - 26/04/02 02:26:18 INFO TaskSetManager: Starting task 0.0 in stage 8.0 (TID 12) (172.30.0.7, executor 0, partition 0, NODE_LOCAL, 9976 bytes)
[2026-04-02T02:26:18.635+0000] {subprocess.py:106} INFO - 26/04/02 02:26:18 INFO BlockManagerInfo: Removed broadcast_11_piece0 on d0f687c55036:44377 in memory (size: 9.8 KiB, free: 433.5 MiB)
[2026-04-02T02:26:18.651+0000] {subprocess.py:106} INFO - 26/04/02 02:26:18 INFO BlockManagerInfo: Added broadcast_12_piece0 in memory on 172.30.0.7:37047 (size: 5.9 KiB, free: 433.5 MiB)
[2026-04-02T02:26:18.659+0000] {subprocess.py:106} INFO - 26/04/02 02:26:18 INFO MapOutputTrackerMasterEndpoint: Asked to send map output locations for shuffle 1 to 172.30.0.7:56320
[2026-04-02T02:26:18.702+0000] {subprocess.py:106} INFO - 26/04/02 02:26:18 INFO TaskSetManager: Finished task 0.0 in stage 8.0 (TID 12) in 74 ms on 172.30.0.7 (executor 0) (1/1)
[2026-04-02T02:26:18.703+0000] {subprocess.py:106} INFO - 26/04/02 02:26:18 INFO TaskSchedulerImpl: Removed TaskSet 8.0, whose tasks have all completed, from pool
[2026-04-02T02:26:18.705+0000] {subprocess.py:106} INFO - 26/04/02 02:26:18 INFO DAGScheduler: ResultStage 8 (count at NativeMethodAccessorImpl.java:0) finished in 0.093 s
[2026-04-02T02:26:18.706+0000] {subprocess.py:106} INFO - 26/04/02 02:26:18 INFO DAGScheduler: Job 6 is finished. Cancelling potential speculative or zombie tasks for this job
[2026-04-02T02:26:18.707+0000] {subprocess.py:106} INFO - 26/04/02 02:26:18 INFO TaskSchedulerImpl: Killing all running tasks in stage 8: Stage finished
[2026-04-02T02:26:18.709+0000] {subprocess.py:106} INFO - 26/04/02 02:26:18 INFO DAGScheduler: Job 6 finished: count at NativeMethodAccessorImpl.java:0, took 0.101524 s
[2026-04-02T02:26:18.710+0000] {subprocess.py:106} INFO -  New records to append: 569
[2026-04-02T02:26:18.800+0000] {subprocess.py:106} INFO - 26/04/02 02:26:18 INFO V2ScanRelationPushDown:
[2026-04-02T02:26:18.801+0000] {subprocess.py:106} INFO - Pushing operators to iceberg.bronze.it_jobs_raw
[2026-04-02T02:26:18.801+0000] {subprocess.py:106} INFO - Pushed Filters: job_link IS NOT NULL
[2026-04-02T02:26:18.802+0000] {subprocess.py:106} INFO - Post-Scan Filters: isnotnull(job_link#79)
[2026-04-02T02:26:18.803+0000] {subprocess.py:106} INFO - 
[2026-04-02T02:26:18.803+0000] {subprocess.py:106} INFO - 26/04/02 02:26:18 INFO V2ScanRelationPushDown:
[2026-04-02T02:26:18.804+0000] {subprocess.py:106} INFO - Output: job_link#79
[2026-04-02T02:26:18.805+0000] {subprocess.py:106} INFO - 
[2026-04-02T02:26:18.807+0000] {subprocess.py:106} INFO - 26/04/02 02:26:18 INFO SnapshotScan: Scanning table iceberg.bronze.it_jobs_raw snapshot 507397020722033464 created at 2026-04-02T02:11:09.449+00:00 with filter job_link IS NOT NULL
[2026-04-02T02:26:18.811+0000] {subprocess.py:106} INFO - 26/04/02 02:26:18 INFO BaseDistributedDataScan: Planning file tasks locally for table iceberg.bronze.it_jobs_raw
[2026-04-02T02:26:18.957+0000] {subprocess.py:106} INFO - 26/04/02 02:26:18 INFO BlockManagerInfo: Removed broadcast_12_piece0 on d0f687c55036:44377 in memory (size: 5.9 KiB, free: 433.5 MiB)
[2026-04-02T02:26:18.961+0000] {subprocess.py:106} INFO - 26/04/02 02:26:18 INFO BlockManagerInfo: Removed broadcast_12_piece0 on 172.30.0.7:37047 in memory (size: 5.9 KiB, free: 433.5 MiB)
[2026-04-02T02:26:18.976+0000] {subprocess.py:106} INFO - 26/04/02 02:26:18 INFO SparkPartitioningAwareScan: Reporting UnknownPartitioning with 7 partition(s) for table iceberg.bronze.it_jobs_raw
[2026-04-02T02:26:19.005+0000] {subprocess.py:106} INFO - 26/04/02 02:26:19 INFO SparkWrite: Requesting 0 bytes advisory partition size for table iceberg.bronze.it_jobs_raw
[2026-04-02T02:26:19.006+0000] {subprocess.py:106} INFO - 26/04/02 02:26:19 INFO SparkWrite: Requesting UnspecifiedDistribution as write distribution for table iceberg.bronze.it_jobs_raw
[2026-04-02T02:26:19.007+0000] {subprocess.py:106} INFO - 26/04/02 02:26:19 INFO SparkWrite: Requesting [] as write ordering for table iceberg.bronze.it_jobs_raw
[2026-04-02T02:26:19.022+0000] {subprocess.py:106} INFO - 26/04/02 02:26:19 INFO FileSourceStrategy: Pushed Filters:
[2026-04-02T02:26:19.023+0000] {subprocess.py:106} INFO - 26/04/02 02:26:19 INFO FileSourceStrategy: Post-Scan Filters:
[2026-04-02T02:26:19.025+0000] {subprocess.py:106} INFO - 26/04/02 02:26:19 INFO MemoryStore: Block broadcast_13 stored as values in memory (estimated size 32.0 KiB, free 433.2 MiB)
[2026-04-02T02:26:19.035+0000] {subprocess.py:106} INFO - 26/04/02 02:26:19 INFO MemoryStore: Block broadcast_13_piece0 stored as bytes in memory (estimated size 30.1 KiB, free 433.1 MiB)
[2026-04-02T02:26:19.037+0000] {subprocess.py:106} INFO - 26/04/02 02:26:19 INFO BlockManagerInfo: Added broadcast_13_piece0 in memory on d0f687c55036:44377 (size: 30.1 KiB, free: 433.4 MiB)
[2026-04-02T02:26:19.038+0000] {subprocess.py:106} INFO - 26/04/02 02:26:19 INFO SparkContext: Created broadcast 13 from broadcast at SparkBatch.java:79
[2026-04-02T02:26:19.045+0000] {subprocess.py:106} INFO - 26/04/02 02:26:19 INFO MemoryStore: Block broadcast_14 stored as values in memory (estimated size 32.0 KiB, free 433.1 MiB)
[2026-04-02T02:26:19.049+0000] {subprocess.py:106} INFO - 26/04/02 02:26:19 INFO MemoryStore: Block broadcast_14_piece0 stored as bytes in memory (estimated size 30.1 KiB, free 433.1 MiB)
[2026-04-02T02:26:19.050+0000] {subprocess.py:106} INFO - 26/04/02 02:26:19 INFO BlockManagerInfo: Added broadcast_14_piece0 in memory on d0f687c55036:44377 (size: 30.1 KiB, free: 433.4 MiB)
[2026-04-02T02:26:19.051+0000] {subprocess.py:106} INFO - 26/04/02 02:26:19 INFO SparkContext: Created broadcast 14 from broadcast at SparkBatch.java:79
[2026-04-02T02:26:19.121+0000] {subprocess.py:106} INFO - 26/04/02 02:26:19 INFO SparkContext: Starting job: $anonfun$withThreadLocalCaptured$1 at FutureTask.java:264
[2026-04-02T02:26:19.123+0000] {subprocess.py:106} INFO - 26/04/02 02:26:19 INFO DAGScheduler: Got job 7 ($anonfun$withThreadLocalCaptured$1 at FutureTask.java:264) with 7 output partitions
[2026-04-02T02:26:19.124+0000] {subprocess.py:106} INFO - 26/04/02 02:26:19 INFO DAGScheduler: Final stage: ResultStage 9 ($anonfun$withThreadLocalCaptured$1 at FutureTask.java:264)
[2026-04-02T02:26:19.124+0000] {subprocess.py:106} INFO - 26/04/02 02:26:19 INFO DAGScheduler: Parents of final stage: List()
[2026-04-02T02:26:19.125+0000] {subprocess.py:106} INFO - 26/04/02 02:26:19 INFO DAGScheduler: Missing parents: List()
[2026-04-02T02:26:19.126+0000] {subprocess.py:106} INFO - 26/04/02 02:26:19 INFO DAGScheduler: Submitting ResultStage 9 (MapPartitionsRDD[25] at $anonfun$withThreadLocalCaptured$1 at FutureTask.java:264), which has no missing parents
[2026-04-02T02:26:19.129+0000] {subprocess.py:106} INFO - 26/04/02 02:26:19 INFO MemoryStore: Block broadcast_15 stored as values in memory (estimated size 13.7 KiB, free 433.1 MiB)
[2026-04-02T02:26:19.143+0000] {subprocess.py:106} INFO - 26/04/02 02:26:19 INFO MemoryStore: Block broadcast_15_piece0 stored as bytes in memory (estimated size 5.5 KiB, free 433.1 MiB)
[2026-04-02T02:26:19.144+0000] {subprocess.py:106} INFO - 26/04/02 02:26:19 INFO BlockManagerInfo: Added broadcast_15_piece0 in memory on d0f687c55036:44377 (size: 5.5 KiB, free: 433.4 MiB)
[2026-04-02T02:26:19.145+0000] {subprocess.py:106} INFO - 26/04/02 02:26:19 INFO SparkContext: Created broadcast 15 from broadcast at DAGScheduler.scala:1585
[2026-04-02T02:26:19.145+0000] {subprocess.py:106} INFO - 26/04/02 02:26:19 INFO DAGScheduler: Submitting 7 missing tasks from ResultStage 9 (MapPartitionsRDD[25] at $anonfun$withThreadLocalCaptured$1 at FutureTask.java:264) (first 15 tasks are for partitions Vector(0, 1, 2, 3, 4, 5, 6))
[2026-04-02T02:26:19.146+0000] {subprocess.py:106} INFO - 26/04/02 02:26:19 INFO TaskSchedulerImpl: Adding task set 9.0 with 7 tasks resource profile 0
[2026-04-02T02:26:19.147+0000] {subprocess.py:106} INFO - 26/04/02 02:26:19 INFO TaskSetManager: Starting task 0.0 in stage 9.0 (TID 13) (172.30.0.7, executor 0, partition 0, PROCESS_LOCAL, 16346 bytes)
[2026-04-02T02:26:19.150+0000] {subprocess.py:106} INFO - 26/04/02 02:26:19 INFO TaskSetManager: Starting task 1.0 in stage 9.0 (TID 14) (172.30.0.7, executor 0, partition 1, PROCESS_LOCAL, 16346 bytes)
[2026-04-02T02:26:19.153+0000] {subprocess.py:106} INFO - 26/04/02 02:26:19 INFO TaskSetManager: Starting task 2.0 in stage 9.0 (TID 15) (172.30.0.7, executor 0, partition 2, PROCESS_LOCAL, 16346 bytes)
[2026-04-02T02:26:19.156+0000] {subprocess.py:106} INFO - 26/04/02 02:26:19 INFO TaskSetManager: Starting task 3.0 in stage 9.0 (TID 16) (172.30.0.7, executor 0, partition 3, PROCESS_LOCAL, 16346 bytes)
[2026-04-02T02:26:19.167+0000] {subprocess.py:106} INFO - 26/04/02 02:26:19 INFO TaskSetManager: Starting task 4.0 in stage 9.0 (TID 17) (172.30.0.7, executor 0, partition 4, PROCESS_LOCAL, 16347 bytes)
[2026-04-02T02:26:19.170+0000] {subprocess.py:106} INFO - 26/04/02 02:26:19 INFO TaskSetManager: Starting task 5.0 in stage 9.0 (TID 18) (172.30.0.7, executor 0, partition 5, PROCESS_LOCAL, 16347 bytes)
[2026-04-02T02:26:19.171+0000] {subprocess.py:106} INFO - 26/04/02 02:26:19 INFO TaskSetManager: Starting task 6.0 in stage 9.0 (TID 19) (172.30.0.7, executor 0, partition 6, PROCESS_LOCAL, 15426 bytes)
[2026-04-02T02:26:19.207+0000] {subprocess.py:106} INFO - 26/04/02 02:26:19 INFO BlockManagerInfo: Added broadcast_15_piece0 in memory on 172.30.0.7:37047 (size: 5.5 KiB, free: 433.5 MiB)
[2026-04-02T02:26:19.226+0000] {subprocess.py:106} INFO - 26/04/02 02:26:19 INFO BlockManagerInfo: Added broadcast_14_piece0 in memory on 172.30.0.7:37047 (size: 30.1 KiB, free: 433.5 MiB)
[2026-04-02T02:26:19.416+0000] {subprocess.py:106} INFO - 26/04/02 02:26:19 INFO TaskSetManager: Finished task 6.0 in stage 9.0 (TID 19) in 246 ms on 172.30.0.7 (executor 0) (1/7)
[2026-04-02T02:26:19.589+0000] {subprocess.py:106} INFO - 26/04/02 02:26:19 INFO TaskSetManager: Finished task 0.0 in stage 9.0 (TID 13) in 445 ms on 172.30.0.7 (executor 0) (2/7)
[2026-04-02T02:26:19.600+0000] {subprocess.py:106} INFO - 26/04/02 02:26:19 INFO TaskSetManager: Finished task 1.0 in stage 9.0 (TID 14) in 452 ms on 172.30.0.7 (executor 0) (3/7)
[2026-04-02T02:26:19.605+0000] {subprocess.py:106} INFO - 26/04/02 02:26:19 INFO TaskSetManager: Finished task 5.0 in stage 9.0 (TID 18) in 431 ms on 172.30.0.7 (executor 0) (4/7)
[2026-04-02T02:26:19.609+0000] {subprocess.py:106} INFO - 26/04/02 02:26:19 INFO TaskSetManager: Finished task 3.0 in stage 9.0 (TID 16) in 447 ms on 172.30.0.7 (executor 0) (5/7)
[2026-04-02T02:26:19.610+0000] {subprocess.py:106} INFO - 26/04/02 02:26:19 INFO TaskSetManager: Finished task 4.0 in stage 9.0 (TID 17) in 447 ms on 172.30.0.7 (executor 0) (6/7)
[2026-04-02T02:26:19.648+0000] {subprocess.py:106} INFO - 26/04/02 02:26:19 INFO TaskSetManager: Finished task 2.0 in stage 9.0 (TID 15) in 495 ms on 172.30.0.7 (executor 0) (7/7)
[2026-04-02T02:26:19.649+0000] {subprocess.py:106} INFO - 26/04/02 02:26:19 INFO TaskSchedulerImpl: Removed TaskSet 9.0, whose tasks have all completed, from pool
[2026-04-02T02:26:19.651+0000] {subprocess.py:106} INFO - 26/04/02 02:26:19 INFO DAGScheduler: ResultStage 9 ($anonfun$withThreadLocalCaptured$1 at FutureTask.java:264) finished in 0.521 s
[2026-04-02T02:26:19.652+0000] {subprocess.py:106} INFO - 26/04/02 02:26:19 INFO DAGScheduler: Job 7 is finished. Cancelling potential speculative or zombie tasks for this job
[2026-04-02T02:26:19.659+0000] {subprocess.py:106} INFO - 26/04/02 02:26:19 INFO TaskSchedulerImpl: Killing all running tasks in stage 9: Stage finished
[2026-04-02T02:26:19.660+0000] {subprocess.py:106} INFO - 26/04/02 02:26:19 INFO DAGScheduler: Job 7 finished: $anonfun$withThreadLocalCaptured$1 at FutureTask.java:264, took 0.526601 s
[2026-04-02T02:26:19.681+0000] {subprocess.py:106} INFO - 26/04/02 02:26:19 INFO BlockManagerInfo: Removed broadcast_15_piece0 on d0f687c55036:44377 in memory (size: 5.5 KiB, free: 433.4 MiB)
[2026-04-02T02:26:19.686+0000] {subprocess.py:106} INFO - 26/04/02 02:26:19 INFO BlockManagerInfo: Removed broadcast_15_piece0 on 172.30.0.7:37047 in memory (size: 5.5 KiB, free: 433.5 MiB)
[2026-04-02T02:26:19.732+0000] {subprocess.py:106} INFO - 26/04/02 02:26:19 INFO MemoryStore: Block broadcast_16_piece0 stored as bytes in memory (estimated size 867.3 KiB, free 432.2 MiB)
[2026-04-02T02:26:19.732+0000] {subprocess.py:106} INFO - 26/04/02 02:26:19 INFO BlockManagerInfo: Added broadcast_16_piece0 in memory on d0f687c55036:44377 (size: 867.3 KiB, free: 432.6 MiB)
[2026-04-02T02:26:19.733+0000] {subprocess.py:106} INFO - 26/04/02 02:26:19 INFO SparkContext: Created broadcast 16 from $anonfun$withThreadLocalCaptured$1 at FutureTask.java:264
[2026-04-02T02:26:19.738+0000] {subprocess.py:106} INFO - 26/04/02 02:26:19 INFO FileSourceStrategy: Pushed Filters:
[2026-04-02T02:26:19.740+0000] {subprocess.py:106} INFO - 26/04/02 02:26:19 INFO FileSourceStrategy: Post-Scan Filters:
[2026-04-02T02:26:19.789+0000] {subprocess.py:106} INFO - 26/04/02 02:26:19 INFO CodeGenerator: Code generated in 26.342331 ms
[2026-04-02T02:26:19.794+0000] {subprocess.py:106} INFO - 26/04/02 02:26:19 INFO MemoryStore: Block broadcast_17 stored as values in memory (estimated size 205.1 KiB, free 432.0 MiB)
[2026-04-02T02:26:19.814+0000] {subprocess.py:106} INFO - 26/04/02 02:26:19 INFO MemoryStore: Block broadcast_17_piece0 stored as bytes in memory (estimated size 36.0 KiB, free 432.0 MiB)
[2026-04-02T02:26:19.818+0000] {subprocess.py:106} INFO - 26/04/02 02:26:19 INFO BlockManagerInfo: Added broadcast_17_piece0 in memory on d0f687c55036:44377 (size: 36.0 KiB, free: 432.5 MiB)
[2026-04-02T02:26:19.819+0000] {subprocess.py:106} INFO - 26/04/02 02:26:19 INFO SparkContext: Created broadcast 17 from append at NativeMethodAccessorImpl.java:0
[2026-04-02T02:26:19.819+0000] {subprocess.py:106} INFO - 26/04/02 02:26:19 INFO FileSourceScanExec: Planning scan with bin packing, max size: 4194304 bytes, open cost is considered as scanning 4194304 bytes.
[2026-04-02T02:26:19.828+0000] {subprocess.py:106} INFO - 26/04/02 02:26:19 INFO MemoryStore: Block broadcast_18 stored as values in memory (estimated size 32.0 KiB, free 432.0 MiB)
[2026-04-02T02:26:19.831+0000] {subprocess.py:106} INFO - 26/04/02 02:26:19 INFO MemoryStore: Block broadcast_18_piece0 stored as bytes in memory (estimated size 30.1 KiB, free 431.9 MiB)
[2026-04-02T02:26:19.832+0000] {subprocess.py:106} INFO - 26/04/02 02:26:19 INFO BlockManagerInfo: Added broadcast_18_piece0 in memory on d0f687c55036:44377 (size: 30.1 KiB, free: 432.5 MiB)
[2026-04-02T02:26:19.833+0000] {subprocess.py:106} INFO - 26/04/02 02:26:19 INFO SparkContext: Created broadcast 18 from broadcast at SparkWrite.java:193
[2026-04-02T02:26:19.837+0000] {subprocess.py:106} INFO - 26/04/02 02:26:19 INFO AppendDataExec: Start processing data source write support: IcebergBatchWrite(table=iceberg.bronze.it_jobs_raw, format=PARQUET). The input RDD has 1 partitions.
[2026-04-02T02:26:19.862+0000] {subprocess.py:106} INFO - 26/04/02 02:26:19 INFO SparkContext: Starting job: append at NativeMethodAccessorImpl.java:0
[2026-04-02T02:26:19.863+0000] {subprocess.py:106} INFO - 26/04/02 02:26:19 INFO DAGScheduler: Got job 8 (append at NativeMethodAccessorImpl.java:0) with 1 output partitions
[2026-04-02T02:26:19.864+0000] {subprocess.py:106} INFO - 26/04/02 02:26:19 INFO DAGScheduler: Final stage: ResultStage 10 (append at NativeMethodAccessorImpl.java:0)
[2026-04-02T02:26:19.865+0000] {subprocess.py:106} INFO - 26/04/02 02:26:19 INFO DAGScheduler: Parents of final stage: List()
[2026-04-02T02:26:19.866+0000] {subprocess.py:106} INFO - 26/04/02 02:26:19 INFO BlockManagerInfo: Removed broadcast_6_piece0 on d0f687c55036:44377 in memory (size: 30.1 KiB, free: 432.5 MiB)
[2026-04-02T02:26:19.867+0000] {subprocess.py:106} INFO - 26/04/02 02:26:19 INFO DAGScheduler: Missing parents: List()
[2026-04-02T02:26:19.872+0000] {subprocess.py:106} INFO - 26/04/02 02:26:19 INFO DAGScheduler: Submitting ResultStage 10 (MapPartitionsRDD[28] at append at NativeMethodAccessorImpl.java:0), which has no missing parents
[2026-04-02T02:26:19.873+0000] {subprocess.py:106} INFO - 26/04/02 02:26:19 INFO MemoryStore: Block broadcast_19 stored as values in memory (estimated size 22.8 KiB, free 432.0 MiB)
[2026-04-02T02:26:19.875+0000] {subprocess.py:106} INFO - 26/04/02 02:26:19 INFO MemoryStore: Block broadcast_19_piece0 stored as bytes in memory (estimated size 10.2 KiB, free 432.0 MiB)
[2026-04-02T02:26:19.876+0000] {subprocess.py:106} INFO - 26/04/02 02:26:19 INFO BlockManagerInfo: Added broadcast_19_piece0 in memory on d0f687c55036:44377 (size: 10.2 KiB, free: 432.5 MiB)
[2026-04-02T02:26:19.877+0000] {subprocess.py:106} INFO - 26/04/02 02:26:19 INFO SparkContext: Created broadcast 19 from broadcast at DAGScheduler.scala:1585
[2026-04-02T02:26:19.878+0000] {subprocess.py:106} INFO - 26/04/02 02:26:19 INFO DAGScheduler: Submitting 1 missing tasks from ResultStage 10 (MapPartitionsRDD[28] at append at NativeMethodAccessorImpl.java:0) (first 15 tasks are for partitions Vector(0))
[2026-04-02T02:26:19.878+0000] {subprocess.py:106} INFO - 26/04/02 02:26:19 INFO TaskSchedulerImpl: Adding task set 10.0 with 1 tasks resource profile 0
[2026-04-02T02:26:19.879+0000] {subprocess.py:106} INFO - 26/04/02 02:26:19 INFO TaskSetManager: Starting task 0.0 in stage 10.0 (TID 20) (172.30.0.7, executor 0, partition 0, PROCESS_LOCAL, 10579 bytes)
[2026-04-02T02:26:19.894+0000] {subprocess.py:106} INFO - 26/04/02 02:26:19 INFO BlockManagerInfo: Added broadcast_19_piece0 in memory on 172.30.0.7:37047 (size: 10.2 KiB, free: 433.4 MiB)
[2026-04-02T02:26:19.950+0000] {subprocess.py:106} INFO - 26/04/02 02:26:19 INFO BlockManagerInfo: Added broadcast_16_piece0 in memory on 172.30.0.7:37047 (size: 867.3 KiB, free: 432.6 MiB)
[2026-04-02T02:26:19.984+0000] {subprocess.py:106} INFO - 26/04/02 02:26:19 INFO BlockManagerInfo: Added broadcast_18_piece0 in memory on 172.30.0.7:37047 (size: 30.1 KiB, free: 432.6 MiB)
[2026-04-02T02:26:20.156+0000] {subprocess.py:106} INFO - 26/04/02 02:26:20 INFO BlockManagerInfo: Added broadcast_17_piece0 in memory on 172.30.0.7:37047 (size: 36.0 KiB, free: 432.5 MiB)
[2026-04-02T02:26:20.823+0000] {subprocess.py:106} INFO - 26/04/02 02:26:20 INFO TaskSetManager: Finished task 0.0 in stage 10.0 (TID 20) in 945 ms on 172.30.0.7 (executor 0) (1/1)
[2026-04-02T02:26:20.824+0000] {subprocess.py:106} INFO - 26/04/02 02:26:20 INFO TaskSchedulerImpl: Removed TaskSet 10.0, whose tasks have all completed, from pool
[2026-04-02T02:26:20.829+0000] {subprocess.py:106} INFO - 26/04/02 02:26:20 INFO DAGScheduler: ResultStage 10 (append at NativeMethodAccessorImpl.java:0) finished in 0.954 s
[2026-04-02T02:26:20.829+0000] {subprocess.py:106} INFO - 26/04/02 02:26:20 INFO DAGScheduler: Job 8 is finished. Cancelling potential speculative or zombie tasks for this job
[2026-04-02T02:26:20.830+0000] {subprocess.py:106} INFO - 26/04/02 02:26:20 INFO TaskSchedulerImpl: Killing all running tasks in stage 10: Stage finished
[2026-04-02T02:26:20.830+0000] {subprocess.py:106} INFO - 26/04/02 02:26:20 INFO DAGScheduler: Job 8 finished: append at NativeMethodAccessorImpl.java:0, took 0.963664 s
[2026-04-02T02:26:20.831+0000] {subprocess.py:106} INFO - 26/04/02 02:26:20 INFO AppendDataExec: Data source write support IcebergBatchWrite(table=iceberg.bronze.it_jobs_raw, format=PARQUET) is committing.
[2026-04-02T02:26:20.846+0000] {subprocess.py:106} INFO - 26/04/02 02:26:20 INFO SparkWrite: Committing append with 1 new data files to table iceberg.bronze.it_jobs_raw
[2026-04-02T02:26:21.044+0000] {subprocess.py:106} INFO - 26/04/02 02:26:21 INFO BlockManagerInfo: Removed broadcast_19_piece0 on d0f687c55036:44377 in memory (size: 10.2 KiB, free: 432.5 MiB)
[2026-04-02T02:26:21.047+0000] {subprocess.py:106} INFO - 26/04/02 02:26:21 INFO BlockManagerInfo: Removed broadcast_19_piece0 on 172.30.0.7:37047 in memory (size: 10.2 KiB, free: 432.5 MiB)
[2026-04-02T02:26:21.422+0000] {subprocess.py:106} INFO - 26/04/02 02:26:21 INFO HiveTableOperations: Committed to table iceberg.bronze.it_jobs_raw with the new metadata location s3a://warehouse/iceberg_data/bronze.db/it_jobs_raw/metadata/00026-8f66f8a2-aeb7-4ef0-bc55-53c388273916.metadata.json
[2026-04-02T02:26:21.422+0000] {subprocess.py:106} INFO - 26/04/02 02:26:21 INFO BaseMetastoreTableOperations: Successfully committed to table iceberg.bronze.it_jobs_raw in 231 ms
[2026-04-02T02:26:21.423+0000] {subprocess.py:106} INFO - 26/04/02 02:26:21 INFO SnapshotProducer: Committed snapshot 7847104756895724996 (MergeAppend)
[2026-04-02T02:26:21.432+0000] {subprocess.py:106} INFO - 26/04/02 02:26:21 INFO BaseMetastoreTableOperations: Refreshing table metadata from new version: s3a://warehouse/iceberg_data/bronze.db/it_jobs_raw/metadata/00026-8f66f8a2-aeb7-4ef0-bc55-53c388273916.metadata.json
[2026-04-02T02:26:21.491+0000] {subprocess.py:106} INFO - 26/04/02 02:26:21 INFO LoggingMetricsReporter: Received metrics report: CommitReport{tableName=iceberg.bronze.it_jobs_raw, snapshotId=7847104756895724996, sequenceNumber=27, operation=append, commitMetrics=CommitMetricsResult{totalDuration=TimerResult{timeUnit=NANOSECONDS, totalDuration=PT0.626232909S, count=1}, attempts=CounterResult{unit=COUNT, value=1}, addedDataFiles=CounterResult{unit=COUNT, value=1}, removedDataFiles=null, totalDataFiles=CounterResult{unit=COUNT, value=27}, addedDeleteFiles=null, addedEqualityDeleteFiles=null, addedPositionalDeleteFiles=null, removedDeleteFiles=null, removedEqualityDeleteFiles=null, removedPositionalDeleteFiles=null, totalDeleteFiles=CounterResult{unit=COUNT, value=0}, addedRecords=CounterResult{unit=COUNT, value=569}, removedRecords=null, totalRecords=CounterResult{unit=COUNT, value=15236}, addedFilesSizeInBytes=CounterResult{unit=BYTES, value=21862}, removedFilesSizeInBytes=null, totalFilesSizeInBytes=CounterResult{unit=BYTES, value=744585}, addedPositionalDeletes=null, removedPositionalDeletes=null, totalPositionalDeletes=CounterResult{unit=COUNT, value=0}, addedEqualityDeletes=null, removedEqualityDeletes=null, totalEqualityDeletes=CounterResult{unit=COUNT, value=0}}, metadata={engine-version=3.5.3, app-id=app-20260402022555-0003, engine-name=spark, iceberg-version=Apache Iceberg 1.6.1 (commit 8e9d59d299be42b0bca9461457cd1e95dbaad086)}}
[2026-04-02T02:26:21.492+0000] {subprocess.py:106} INFO - 26/04/02 02:26:21 INFO SparkWrite: Committed in 643 ms
[2026-04-02T02:26:21.492+0000] {subprocess.py:106} INFO - 26/04/02 02:26:21 INFO AppendDataExec: Data source write support IcebergBatchWrite(table=iceberg.bronze.it_jobs_raw, format=PARQUET) committed.
[2026-04-02T02:26:21.493+0000] {subprocess.py:106} INFO - Append success.
[2026-04-02T02:26:21.494+0000] {subprocess.py:106} INFO - Process finished. Data available at: iceberg.bronze.it_jobs_raw
[2026-04-02T02:26:21.495+0000] {subprocess.py:106} INFO - 26/04/02 02:26:21 INFO SparkContext: SparkContext is stopping with exitCode 0.
[2026-04-02T02:26:21.504+0000] {subprocess.py:106} INFO - 26/04/02 02:26:21 INFO SparkUI: Stopped Spark web UI at http://d0f687c55036:4040
[2026-04-02T02:26:21.509+0000] {subprocess.py:106} INFO - 26/04/02 02:26:21 INFO StandaloneSchedulerBackend: Shutting down all executors
[2026-04-02T02:26:21.510+0000] {subprocess.py:106} INFO - 26/04/02 02:26:21 INFO StandaloneSchedulerBackend$StandaloneDriverEndpoint: Asking each executor to shut down
[2026-04-02T02:26:21.530+0000] {subprocess.py:106} INFO - 26/04/02 02:26:21 INFO MapOutputTrackerMasterEndpoint: MapOutputTrackerMasterEndpoint stopped!
[2026-04-02T02:26:21.548+0000] {subprocess.py:106} INFO - 26/04/02 02:26:21 INFO MemoryStore: MemoryStore cleared
[2026-04-02T02:26:21.550+0000] {subprocess.py:106} INFO - 26/04/02 02:26:21 INFO BlockManager: BlockManager stopped
[2026-04-02T02:26:21.557+0000] {subprocess.py:106} INFO - 26/04/02 02:26:21 INFO BlockManagerMaster: BlockManagerMaster stopped
[2026-04-02T02:26:21.559+0000] {subprocess.py:106} INFO - 26/04/02 02:26:21 INFO OutputCommitCoordinator$OutputCommitCoordinatorEndpoint: OutputCommitCoordinator stopped!
[2026-04-02T02:26:21.630+0000] {subprocess.py:106} INFO - 26/04/02 02:26:21 INFO SparkContext: Successfully stopped SparkContext
[2026-04-02T02:26:21.813+0000] {subprocess.py:106} INFO - 26/04/02 02:26:21 INFO ShutdownHookManager: Shutdown hook called
[2026-04-02T02:26:21.813+0000] {subprocess.py:106} INFO - 26/04/02 02:26:21 INFO ShutdownHookManager: Deleting directory /tmp/spark-9c1a21bd-0c3d-44af-9a71-45c3113a599a
[2026-04-02T02:26:21.816+0000] {subprocess.py:106} INFO - 26/04/02 02:26:21 INFO ShutdownHookManager: Deleting directory /tmp/spark-4c9d2a51-957f-436b-9d6a-ff784c2e1b66
[2026-04-02T02:26:21.818+0000] {subprocess.py:106} INFO - 26/04/02 02:26:21 INFO ShutdownHookManager: Deleting directory /tmp/spark-4c9d2a51-957f-436b-9d6a-ff784c2e1b66/pyspark-3559d318-c01d-4927-aeb8-5825fc35d7e1
[2026-04-02T02:26:21.825+0000] {subprocess.py:106} INFO - 26/04/02 02:26:21 INFO MetricsSystemImpl: Stopping s3a-file-system metrics system...
[2026-04-02T02:26:21.825+0000] {subprocess.py:106} INFO - 26/04/02 02:26:21 INFO MetricsSystemImpl: s3a-file-system metrics system stopped.
[2026-04-02T02:26:21.826+0000] {subprocess.py:106} INFO - 26/04/02 02:26:21 INFO MetricsSystemImpl: s3a-file-system metrics system shutdown complete.
[2026-04-02T02:26:21.895+0000] {subprocess.py:110} INFO - Command exited with return code 0
[2026-04-02T02:26:21.976+0000] {taskinstance.py:341} INFO - ::group::Post task execution logs
[2026-04-02T02:26:21.976+0000] {taskinstance.py:353} INFO - Marking task as SUCCESS. dag_id=crawl_etl_itjob, task_id=load_bronze, run_id=scheduled__2026-04-01T02:00:00+00:00, execution_date=20260401T020000, start_date=20260402T022550, end_date=20260402T022621
[2026-04-02T02:26:22.068+0000] {local_task_job_runner.py:266} INFO - Task exited with return code 0
[2026-04-02T02:26:22.100+0000] {taskinstance.py:3901} INFO - 1 downstream tasks scheduled from follow-on schedule check
[2026-04-02T02:26:22.102+0000] {local_task_job_runner.py:245} INFO - ::endgroup::
