[2026-05-12T08:21:51.836+0000] {local_task_job_runner.py:123} INFO - ::group::Pre task execution logs
[2026-05-12T08:21:51.871+0000] {taskinstance.py:2614} INFO - Dependencies all met for dep_context=non-requeueable deps ti=<TaskInstance: crawl_etl_itjob.load_bronze scheduled__2026-05-10T02:00:00+00:00 [queued]>
[2026-05-12T08:21:51.882+0000] {taskinstance.py:2614} INFO - Dependencies all met for dep_context=requeueable deps ti=<TaskInstance: crawl_etl_itjob.load_bronze scheduled__2026-05-10T02:00:00+00:00 [queued]>
[2026-05-12T08:21:51.882+0000] {taskinstance.py:2867} INFO - Starting attempt 1 of 2
[2026-05-12T08:21:51.897+0000] {taskinstance.py:2890} INFO - Executing <Task(BashOperator): load_bronze> on 2026-05-10 02:00:00+00:00
[2026-05-12T08:21:51.902+0000] {standard_task_runner.py:72} INFO - Started process 54 to run task
[2026-05-12T08:21:51.907+0000] {standard_task_runner.py:104} INFO - Running: ['***', 'tasks', 'run', 'crawl_etl_itjob', 'load_bronze', 'scheduled__2026-05-10T02:00:00+00:00', '--job-id', '196', '--raw', '--subdir', 'DAGS_FOLDER/Crawl_ETL_ITJob.py', '--cfg-path', '/tmp/tmp26njdq23']
[2026-05-12T08:21:51.909+0000] {standard_task_runner.py:105} INFO - Job 196: Subtask load_bronze
[2026-05-12T08:21:51.940+0000] {warnings.py:109} WARNING - /home/***/.local/lib/python3.8/site-packages/***/settings.py:209: DeprecationWarning: The sql_alchemy_conn option in [core] has been moved to the sql_alchemy_conn option in [database] - the old setting has been used, but please update your config.
  SQL_ALCHEMY_CONN = conf.get("database", "SQL_ALCHEMY_CONN")

[2026-05-12T08:21:52.029+0000] {task_command.py:467} INFO - Running <TaskInstance: crawl_etl_itjob.load_bronze scheduled__2026-05-10T02:00:00+00:00 [running]> on host 64b3786bead1
[2026-05-12T08:21:52.030+0000] {warnings.py:109} WARNING - /home/***/.local/lib/python3.8/site-packages/***/settings.py:470: DeprecationWarning: The sql_alchemy_conn option in [core] has been moved to the sql_alchemy_conn option in [database] - the old setting has been used, but please update your config.
  if conf.get("database", "sql_alchemy_conn") == "none://":

[2026-05-12T08:21:52.149+0000] {taskinstance.py:3134} INFO - Exporting env vars: AIRFLOW_CTX_DAG_EMAIL='hoa856856@gmail.com' AIRFLOW_CTX_DAG_OWNER='***' AIRFLOW_CTX_DAG_ID='crawl_etl_itjob' AIRFLOW_CTX_TASK_ID='load_bronze' AIRFLOW_CTX_EXECUTION_DATE='2026-05-10T02:00:00+00:00' AIRFLOW_CTX_TRY_NUMBER='1' AIRFLOW_CTX_DAG_RUN_ID='scheduled__2026-05-10T02:00:00+00:00'
[2026-05-12T08:21:52.150+0000] {taskinstance.py:732} INFO - ::endgroup::
[2026-05-12T08:21:52.179+0000] {subprocess.py:78} INFO - Tmp dir root location: /tmp
[2026-05-12T08:21:52.180+0000] {subprocess.py:88} INFO - Running command: ['/bin/bash', '-c', "\n        docker exec spark-submit bash -c '\n        /opt/spark/bin/spark-submit         --master spark://spark-master:7077         --deploy-mode client         --packages org.apache.iceberg:iceberg-spark-runtime-3.5_2.12:1.5.0,org.apache.hadoop:hadoop-aws:3.3.4,com.amazonaws:aws-java-sdk-bundle:1.12.262         /opt/spark/scripts/Load_Bronze.py\n        '\n        "]
[2026-05-12T08:21:52.193+0000] {subprocess.py:99} INFO - Output:
[2026-05-12T08:21:54.392+0000] {subprocess.py:106} INFO - :: loading settings :: url = jar:file:/opt/spark/jars/ivy-2.5.1.jar!/org/apache/ivy/core/settings/ivysettings.xml
[2026-05-12T08:21:54.554+0000] {subprocess.py:106} INFO - Ivy Default Cache set to: /home/spark/.ivy2/cache
[2026-05-12T08:21:54.555+0000] {subprocess.py:106} INFO - The jars for the packages stored in: /home/spark/.ivy2/jars
[2026-05-12T08:21:54.562+0000] {subprocess.py:106} INFO - org.apache.iceberg#iceberg-spark-runtime-3.5_2.12 added as a dependency
[2026-05-12T08:21:54.566+0000] {subprocess.py:106} INFO - org.apache.hadoop#hadoop-aws added as a dependency
[2026-05-12T08:21:54.568+0000] {subprocess.py:106} INFO - com.amazonaws#aws-java-sdk-bundle added as a dependency
[2026-05-12T08:21:54.569+0000] {subprocess.py:106} INFO - :: resolving dependencies :: org.apache.spark#spark-submit-parent-c4aa1a4f-ac0c-4c1a-b667-3a4bd66281a3;1.0
[2026-05-12T08:21:54.569+0000] {subprocess.py:106} INFO - 	confs: [default]
[2026-05-12T08:21:54.736+0000] {subprocess.py:106} INFO - 	found org.apache.iceberg#iceberg-spark-runtime-3.5_2.12;1.5.0 in central
[2026-05-12T08:21:54.830+0000] {subprocess.py:106} INFO - 	found org.apache.hadoop#hadoop-aws;3.3.4 in central
[2026-05-12T08:21:54.864+0000] {subprocess.py:106} INFO - 	found com.amazonaws#aws-java-sdk-bundle;1.12.262 in central
[2026-05-12T08:21:54.899+0000] {subprocess.py:106} INFO - 	found org.wildfly.openssl#wildfly-openssl;1.0.7.Final in central
[2026-05-12T08:21:54.937+0000] {subprocess.py:106} INFO - :: resolution report :: resolve 354ms :: artifacts dl 19ms
[2026-05-12T08:21:54.938+0000] {subprocess.py:106} INFO - 	:: modules in use:
[2026-05-12T08:21:54.939+0000] {subprocess.py:106} INFO - 	com.amazonaws#aws-java-sdk-bundle;1.12.262 from central in [default]
[2026-05-12T08:21:54.940+0000] {subprocess.py:106} INFO - 	org.apache.hadoop#hadoop-aws;3.3.4 from central in [default]
[2026-05-12T08:21:54.940+0000] {subprocess.py:106} INFO - 	org.apache.iceberg#iceberg-spark-runtime-3.5_2.12;1.5.0 from central in [default]
[2026-05-12T08:21:54.941+0000] {subprocess.py:106} INFO - 	org.wildfly.openssl#wildfly-openssl;1.0.7.Final from central in [default]
[2026-05-12T08:21:54.941+0000] {subprocess.py:106} INFO - 	---------------------------------------------------------------------
[2026-05-12T08:21:54.942+0000] {subprocess.py:106} INFO - 	|                  |            modules            ||   artifacts   |
[2026-05-12T08:21:54.943+0000] {subprocess.py:106} INFO - 	|       conf       | number| search|dwnlded|evicted|| number|dwnlded|
[2026-05-12T08:21:54.944+0000] {subprocess.py:106} INFO - 	---------------------------------------------------------------------
[2026-05-12T08:21:54.944+0000] {subprocess.py:106} INFO - 	|      default     |   4   |   0   |   0   |   0   ||   4   |   0   |
[2026-05-12T08:21:54.945+0000] {subprocess.py:106} INFO - 	---------------------------------------------------------------------
[2026-05-12T08:21:54.946+0000] {subprocess.py:106} INFO - :: retrieving :: org.apache.spark#spark-submit-parent-c4aa1a4f-ac0c-4c1a-b667-3a4bd66281a3
[2026-05-12T08:21:54.947+0000] {subprocess.py:106} INFO - 	confs: [default]
[2026-05-12T08:21:54.958+0000] {subprocess.py:106} INFO - 	0 artifacts copied, 4 already retrieved (0kB/12ms)
[2026-05-12T08:21:55.243+0000] {subprocess.py:106} INFO - 26/05/12 08:21:55 WARN NativeCodeLoader: Unable to load native-hadoop library for your platform... using builtin-java classes where applicable
[2026-05-12T08:21:57.629+0000] {subprocess.py:106} INFO - 26/05/12 08:21:57 INFO SparkContext: Running Spark version 3.5.3
[2026-05-12T08:21:57.630+0000] {subprocess.py:106} INFO - 26/05/12 08:21:57 INFO SparkContext: OS info Linux, 6.6.87.2-microsoft-standard-WSL2, amd64
[2026-05-12T08:21:57.637+0000] {subprocess.py:106} INFO - 26/05/12 08:21:57 INFO SparkContext: Java version 11.0.24
[2026-05-12T08:21:57.659+0000] {subprocess.py:106} INFO - 26/05/12 08:21:57 INFO ResourceUtils: ==============================================================
[2026-05-12T08:21:57.660+0000] {subprocess.py:106} INFO - 26/05/12 08:21:57 INFO ResourceUtils: No custom resources configured for spark.driver.
[2026-05-12T08:21:57.660+0000] {subprocess.py:106} INFO - 26/05/12 08:21:57 INFO ResourceUtils: ==============================================================
[2026-05-12T08:21:57.661+0000] {subprocess.py:106} INFO - 26/05/12 08:21:57 INFO SparkContext: Submitted application: Load_Bronze_MinIO_Iceberg
[2026-05-12T08:21:57.701+0000] {subprocess.py:106} INFO - 26/05/12 08:21:57 INFO ResourceProfile: Default ResourceProfile created, executor resources: Map(memory -> name: memory, amount: 1024, script: , vendor: , offHeap -> name: offHeap, amount: 0, script: , vendor: ), task resources: Map(cpus -> name: cpus, amount: 1.0)
[2026-05-12T08:21:57.713+0000] {subprocess.py:106} INFO - 26/05/12 08:21:57 INFO ResourceProfile: Limiting resource is cpu
[2026-05-12T08:21:57.714+0000] {subprocess.py:106} INFO - 26/05/12 08:21:57 INFO ResourceProfileManager: Added ResourceProfile id: 0
[2026-05-12T08:21:57.799+0000] {subprocess.py:106} INFO - 26/05/12 08:21:57 INFO SecurityManager: Changing view acls to: spark
[2026-05-12T08:21:57.800+0000] {subprocess.py:106} INFO - 26/05/12 08:21:57 INFO SecurityManager: Changing modify acls to: spark
[2026-05-12T08:21:57.801+0000] {subprocess.py:106} INFO - 26/05/12 08:21:57 INFO SecurityManager: Changing view acls groups to:
[2026-05-12T08:21:57.801+0000] {subprocess.py:106} INFO - 26/05/12 08:21:57 INFO SecurityManager: Changing modify acls groups to:
[2026-05-12T08:21:57.801+0000] {subprocess.py:106} INFO - 26/05/12 08:21:57 INFO SecurityManager: SecurityManager: authentication disabled; ui acls disabled; users with view permissions: spark; groups with view permissions: EMPTY; users with modify permissions: spark; groups with modify permissions: EMPTY
[2026-05-12T08:21:58.048+0000] {subprocess.py:106} INFO - 26/05/12 08:21:58 INFO Utils: Successfully started service 'sparkDriver' on port 35175.
[2026-05-12T08:21:58.089+0000] {subprocess.py:106} INFO - 26/05/12 08:21:58 INFO SparkEnv: Registering MapOutputTracker
[2026-05-12T08:21:58.134+0000] {subprocess.py:106} INFO - 26/05/12 08:21:58 INFO SparkEnv: Registering BlockManagerMaster
[2026-05-12T08:21:58.151+0000] {subprocess.py:106} INFO - 26/05/12 08:21:58 INFO BlockManagerMasterEndpoint: Using org.apache.spark.storage.DefaultTopologyMapper for getting topology information
[2026-05-12T08:21:58.152+0000] {subprocess.py:106} INFO - 26/05/12 08:21:58 INFO BlockManagerMasterEndpoint: BlockManagerMasterEndpoint up
[2026-05-12T08:21:58.160+0000] {subprocess.py:106} INFO - 26/05/12 08:21:58 INFO SparkEnv: Registering BlockManagerMasterHeartbeat
[2026-05-12T08:21:58.197+0000] {subprocess.py:106} INFO - 26/05/12 08:21:58 INFO DiskBlockManager: Created local directory at /tmp/blockmgr-766dd679-0795-482f-93a6-a0bbb89bc2c4
[2026-05-12T08:21:58.218+0000] {subprocess.py:106} INFO - 26/05/12 08:21:58 INFO MemoryStore: MemoryStore started with capacity 434.4 MiB
[2026-05-12T08:21:58.239+0000] {subprocess.py:106} INFO - 26/05/12 08:21:58 INFO SparkEnv: Registering OutputCommitCoordinator
[2026-05-12T08:21:58.375+0000] {subprocess.py:106} INFO - 26/05/12 08:21:58 INFO JettyUtils: Start Jetty 0.0.0.0:4040 for SparkUI
[2026-05-12T08:21:58.428+0000] {subprocess.py:106} INFO - 26/05/12 08:21:58 INFO Utils: Successfully started service 'SparkUI' on port 4040.
[2026-05-12T08:21:58.470+0000] {subprocess.py:106} INFO - 26/05/12 08:21:58 INFO SparkContext: Added JAR file:///home/spark/.ivy2/jars/org.apache.iceberg_iceberg-spark-runtime-3.5_2.12-1.5.0.jar at spark://c05002f484b8:35175/jars/org.apache.iceberg_iceberg-spark-runtime-3.5_2.12-1.5.0.jar with timestamp 1778574117618
[2026-05-12T08:21:58.471+0000] {subprocess.py:106} INFO - 26/05/12 08:21:58 INFO SparkContext: Added JAR file:///home/spark/.ivy2/jars/org.apache.hadoop_hadoop-aws-3.3.4.jar at spark://c05002f484b8:35175/jars/org.apache.hadoop_hadoop-aws-3.3.4.jar with timestamp 1778574117618
[2026-05-12T08:21:58.471+0000] {subprocess.py:106} INFO - 26/05/12 08:21:58 INFO SparkContext: Added JAR file:///home/spark/.ivy2/jars/com.amazonaws_aws-java-sdk-bundle-1.12.262.jar at spark://c05002f484b8:35175/jars/com.amazonaws_aws-java-sdk-bundle-1.12.262.jar with timestamp 1778574117618
[2026-05-12T08:21:58.472+0000] {subprocess.py:106} INFO - 26/05/12 08:21:58 INFO SparkContext: Added JAR file:///home/spark/.ivy2/jars/org.wildfly.openssl_wildfly-openssl-1.0.7.Final.jar at spark://c05002f484b8:35175/jars/org.wildfly.openssl_wildfly-openssl-1.0.7.Final.jar with timestamp 1778574117618
[2026-05-12T08:21:58.477+0000] {subprocess.py:106} INFO - 26/05/12 08:21:58 INFO SparkContext: Added file file:///home/spark/.ivy2/jars/org.apache.iceberg_iceberg-spark-runtime-3.5_2.12-1.5.0.jar at spark://c05002f484b8:35175/files/org.apache.iceberg_iceberg-spark-runtime-3.5_2.12-1.5.0.jar with timestamp 1778574117618
[2026-05-12T08:21:58.479+0000] {subprocess.py:106} INFO - 26/05/12 08:21:58 INFO Utils: Copying /home/spark/.ivy2/jars/org.apache.iceberg_iceberg-spark-runtime-3.5_2.12-1.5.0.jar to /tmp/spark-c18d4caa-bc5e-417a-ac77-a62e9a33bf9e/userFiles-38861cb3-a910-492f-81ce-4cd2b08976ce/org.apache.iceberg_iceberg-spark-runtime-3.5_2.12-1.5.0.jar
[2026-05-12T08:21:58.580+0000] {subprocess.py:106} INFO - 26/05/12 08:21:58 INFO SparkContext: Added file file:///home/spark/.ivy2/jars/org.apache.hadoop_hadoop-aws-3.3.4.jar at spark://c05002f484b8:35175/files/org.apache.hadoop_hadoop-aws-3.3.4.jar with timestamp 1778574117618
[2026-05-12T08:21:58.581+0000] {subprocess.py:106} INFO - 26/05/12 08:21:58 INFO Utils: Copying /home/spark/.ivy2/jars/org.apache.hadoop_hadoop-aws-3.3.4.jar to /tmp/spark-c18d4caa-bc5e-417a-ac77-a62e9a33bf9e/userFiles-38861cb3-a910-492f-81ce-4cd2b08976ce/org.apache.hadoop_hadoop-aws-3.3.4.jar
[2026-05-12T08:21:58.586+0000] {subprocess.py:106} INFO - 26/05/12 08:21:58 INFO SparkContext: Added file file:///home/spark/.ivy2/jars/com.amazonaws_aws-java-sdk-bundle-1.12.262.jar at spark://c05002f484b8:35175/files/com.amazonaws_aws-java-sdk-bundle-1.12.262.jar with timestamp 1778574117618
[2026-05-12T08:21:58.587+0000] {subprocess.py:106} INFO - 26/05/12 08:21:58 INFO Utils: Copying /home/spark/.ivy2/jars/com.amazonaws_aws-java-sdk-bundle-1.12.262.jar to /tmp/spark-c18d4caa-bc5e-417a-ac77-a62e9a33bf9e/userFiles-38861cb3-a910-492f-81ce-4cd2b08976ce/com.amazonaws_aws-java-sdk-bundle-1.12.262.jar
[2026-05-12T08:21:59.203+0000] {subprocess.py:106} INFO - 26/05/12 08:21:59 INFO SparkContext: Added file file:///home/spark/.ivy2/jars/org.wildfly.openssl_wildfly-openssl-1.0.7.Final.jar at spark://c05002f484b8:35175/files/org.wildfly.openssl_wildfly-openssl-1.0.7.Final.jar with timestamp 1778574117618
[2026-05-12T08:21:59.204+0000] {subprocess.py:106} INFO - 26/05/12 08:21:59 INFO Utils: Copying /home/spark/.ivy2/jars/org.wildfly.openssl_wildfly-openssl-1.0.7.Final.jar to /tmp/spark-c18d4caa-bc5e-417a-ac77-a62e9a33bf9e/userFiles-38861cb3-a910-492f-81ce-4cd2b08976ce/org.wildfly.openssl_wildfly-openssl-1.0.7.Final.jar
[2026-05-12T08:21:59.356+0000] {subprocess.py:106} INFO - 26/05/12 08:21:59 INFO StandaloneAppClient$ClientEndpoint: Connecting to master spark://spark-master:7077...
[2026-05-12T08:21:59.415+0000] {subprocess.py:106} INFO - 26/05/12 08:21:59 INFO TransportClientFactory: Successfully created connection to spark-master/172.30.0.6:7077 after 39 ms (0 ms spent in bootstraps)
[2026-05-12T08:21:59.585+0000] {subprocess.py:106} INFO - 26/05/12 08:21:59 INFO StandaloneSchedulerBackend: Connected to Spark cluster with app ID app-20260512082159-0000
[2026-05-12T08:21:59.597+0000] {subprocess.py:106} INFO - 26/05/12 08:21:59 INFO Utils: Successfully started service 'org.apache.spark.network.netty.NettyBlockTransferService' on port 39499.
[2026-05-12T08:21:59.601+0000] {subprocess.py:106} INFO - 26/05/12 08:21:59 INFO NettyBlockTransferService: Server created on c05002f484b8:39499
[2026-05-12T08:21:59.602+0000] {subprocess.py:106} INFO - 26/05/12 08:21:59 INFO BlockManager: Using org.apache.spark.storage.RandomBlockReplicationPolicy for block replication policy
[2026-05-12T08:21:59.609+0000] {subprocess.py:106} INFO - 26/05/12 08:21:59 INFO BlockManagerMaster: Registering BlockManager BlockManagerId(driver, c05002f484b8, 39499, None)
[2026-05-12T08:21:59.614+0000] {subprocess.py:106} INFO - 26/05/12 08:21:59 INFO BlockManagerMasterEndpoint: Registering block manager c05002f484b8:39499 with 434.4 MiB RAM, BlockManagerId(driver, c05002f484b8, 39499, None)
[2026-05-12T08:21:59.618+0000] {subprocess.py:106} INFO - 26/05/12 08:21:59 INFO BlockManagerMaster: Registered BlockManager BlockManagerId(driver, c05002f484b8, 39499, None)
[2026-05-12T08:21:59.620+0000] {subprocess.py:106} INFO - 26/05/12 08:21:59 INFO BlockManager: Initialized BlockManager: BlockManagerId(driver, c05002f484b8, 39499, None)
[2026-05-12T08:21:59.627+0000] {subprocess.py:106} INFO - 26/05/12 08:21:59 INFO StandaloneAppClient$ClientEndpoint: Executor added: app-20260512082159-0000/0 on worker-20260512081518-172.30.0.8-41457 (172.30.0.8:41457) with 1 core(s)
[2026-05-12T08:21:59.630+0000] {subprocess.py:106} INFO - 26/05/12 08:21:59 INFO StandaloneSchedulerBackend: Granted executor ID app-20260512082159-0000/0 on hostPort 172.30.0.8:41457 with 1 core(s), 1024.0 MiB RAM
[2026-05-12T08:21:59.842+0000] {subprocess.py:106} INFO - 26/05/12 08:21:59 INFO StandaloneAppClient$ClientEndpoint: Executor updated: app-20260512082159-0000/0 is now RUNNING
[2026-05-12T08:21:59.983+0000] {subprocess.py:106} INFO - 26/05/12 08:21:59 INFO StandaloneSchedulerBackend: SchedulerBackend is ready for scheduling beginning after reached minRegisteredResourcesRatio: 0.0
[2026-05-12T08:22:00.496+0000] {subprocess.py:106} INFO - Reading data from: s3a://warehouse/raw/itviec_jobs_full.csv
[2026-05-12T08:22:00.507+0000] {subprocess.py:106} INFO - 26/05/12 08:22:00 INFO SharedState: Setting hive.metastore.warehouse.dir ('null') to the value of spark.sql.warehouse.dir.
[2026-05-12T08:22:00.511+0000] {subprocess.py:106} INFO - 26/05/12 08:22:00 INFO SharedState: Warehouse path is 'file:/opt/spark/work-dir/spark-warehouse'.
[2026-05-12T08:22:03.100+0000] {subprocess.py:106} INFO - 26/05/12 08:22:03 WARN MetricsConfig: Cannot locate configuration: tried hadoop-metrics2-s3a-file-system.properties,hadoop-metrics2.properties
[2026-05-12T08:22:03.116+0000] {subprocess.py:106} INFO - 26/05/12 08:22:03 INFO MetricsSystemImpl: Scheduled Metric snapshot period at 10 second(s).
[2026-05-12T08:22:03.117+0000] {subprocess.py:106} INFO - 26/05/12 08:22:03 INFO MetricsSystemImpl: s3a-file-system metrics system started
[2026-05-12T08:22:03.731+0000] {subprocess.py:106} INFO - 26/05/12 08:22:03 INFO StandaloneSchedulerBackend$StandaloneDriverEndpoint: Registered executor NettyRpcEndpointRef(spark-client://Executor) (172.30.0.8:32998) with ID 0,  ResourceProfileId 0
[2026-05-12T08:22:03.855+0000] {subprocess.py:106} INFO - 26/05/12 08:22:03 INFO BlockManagerMasterEndpoint: Registering block manager 172.30.0.8:33915 with 434.4 MiB RAM, BlockManagerId(0, 172.30.0.8, 33915, None)
[2026-05-12T08:22:05.662+0000] {subprocess.py:106} INFO - 26/05/12 08:22:05 INFO InMemoryFileIndex: It took 132 ms to list leaf files for 1 paths.
[2026-05-12T08:22:06.001+0000] {subprocess.py:106} INFO - 26/05/12 08:22:05 INFO MemoryStore: Block broadcast_0 stored as values in memory (estimated size 206.5 KiB, free 434.2 MiB)
[2026-05-12T08:22:06.684+0000] {subprocess.py:106} INFO - 26/05/12 08:22:06 INFO MemoryStore: Block broadcast_0_piece0 stored as bytes in memory (estimated size 36.1 KiB, free 434.2 MiB)
[2026-05-12T08:22:06.688+0000] {subprocess.py:106} INFO - 26/05/12 08:22:06 INFO BlockManagerInfo: Added broadcast_0_piece0 in memory on c05002f484b8:39499 (size: 36.1 KiB, free: 434.4 MiB)
[2026-05-12T08:22:06.693+0000] {subprocess.py:106} INFO - 26/05/12 08:22:06 INFO SparkContext: Created broadcast 0 from csv at <unknown>:0
[2026-05-12T08:22:07.285+0000] {subprocess.py:106} INFO - 26/05/12 08:22:07 INFO FileInputFormat: Total input files to process : 1
[2026-05-12T08:22:07.297+0000] {subprocess.py:106} INFO - 26/05/12 08:22:07 INFO FileInputFormat: Total input files to process : 1
[2026-05-12T08:22:07.374+0000] {subprocess.py:106} INFO - 26/05/12 08:22:07 INFO SparkContext: Starting job: csv at <unknown>:0
[2026-05-12T08:22:07.395+0000] {subprocess.py:106} INFO - 26/05/12 08:22:07 INFO DAGScheduler: Got job 0 (csv at <unknown>:0) with 1 output partitions
[2026-05-12T08:22:07.398+0000] {subprocess.py:106} INFO - 26/05/12 08:22:07 INFO DAGScheduler: Final stage: ResultStage 0 (csv at <unknown>:0)
[2026-05-12T08:22:07.399+0000] {subprocess.py:106} INFO - 26/05/12 08:22:07 INFO DAGScheduler: Parents of final stage: List()
[2026-05-12T08:22:07.400+0000] {subprocess.py:106} INFO - 26/05/12 08:22:07 INFO DAGScheduler: Missing parents: List()
[2026-05-12T08:22:07.406+0000] {subprocess.py:106} INFO - 26/05/12 08:22:07 INFO DAGScheduler: Submitting ResultStage 0 (MapPartitionsRDD[2] at csv at <unknown>:0), which has no missing parents
[2026-05-12T08:22:07.453+0000] {subprocess.py:106} INFO - 26/05/12 08:22:07 INFO MemoryStore: Block broadcast_1 stored as values in memory (estimated size 7.6 KiB, free 434.2 MiB)
[2026-05-12T08:22:07.470+0000] {subprocess.py:106} INFO - 26/05/12 08:22:07 INFO MemoryStore: Block broadcast_1_piece0 stored as bytes in memory (estimated size 4.4 KiB, free 434.2 MiB)
[2026-05-12T08:22:07.471+0000] {subprocess.py:106} INFO - 26/05/12 08:22:07 INFO BlockManagerInfo: Added broadcast_1_piece0 in memory on c05002f484b8:39499 (size: 4.4 KiB, free: 434.4 MiB)
[2026-05-12T08:22:07.472+0000] {subprocess.py:106} INFO - 26/05/12 08:22:07 INFO SparkContext: Created broadcast 1 from broadcast at DAGScheduler.scala:1585
[2026-05-12T08:22:07.516+0000] {subprocess.py:106} INFO - 26/05/12 08:22:07 INFO DAGScheduler: Submitting 1 missing tasks from ResultStage 0 (MapPartitionsRDD[2] at csv at <unknown>:0) (first 15 tasks are for partitions Vector(0))
[2026-05-12T08:22:07.517+0000] {subprocess.py:106} INFO - 26/05/12 08:22:07 INFO TaskSchedulerImpl: Adding task set 0.0 with 1 tasks resource profile 0
[2026-05-12T08:22:11.372+0000] {subprocess.py:106} INFO - 26/05/12 08:22:11 INFO TaskSetManager: Starting task 0.0 in stage 0.0 (TID 0) (172.30.0.8, executor 0, partition 0, PROCESS_LOCAL, 10108 bytes)
[2026-05-12T08:22:11.712+0000] {subprocess.py:106} INFO - 26/05/12 08:22:11 INFO BlockManagerInfo: Added broadcast_1_piece0 in memory on 172.30.0.8:33915 (size: 4.4 KiB, free: 434.4 MiB)
[2026-05-12T08:22:12.132+0000] {subprocess.py:106} INFO - 26/05/12 08:22:12 INFO BlockManagerInfo: Added broadcast_0_piece0 in memory on 172.30.0.8:33915 (size: 36.1 KiB, free: 434.4 MiB)
[2026-05-12T08:22:14.490+0000] {subprocess.py:106} INFO - 26/05/12 08:22:14 INFO TaskSetManager: Finished task 0.0 in stage 0.0 (TID 0) in 3142 ms on 172.30.0.8 (executor 0) (1/1)
[2026-05-12T08:22:14.493+0000] {subprocess.py:106} INFO - 26/05/12 08:22:14 INFO TaskSchedulerImpl: Removed TaskSet 0.0, whose tasks have all completed, from pool
[2026-05-12T08:22:14.502+0000] {subprocess.py:106} INFO - 26/05/12 08:22:14 INFO DAGScheduler: ResultStage 0 (csv at <unknown>:0) finished in 7.059 s
[2026-05-12T08:22:14.506+0000] {subprocess.py:106} INFO - 26/05/12 08:22:14 INFO DAGScheduler: Job 0 is finished. Cancelling potential speculative or zombie tasks for this job
[2026-05-12T08:22:14.507+0000] {subprocess.py:106} INFO - 26/05/12 08:22:14 INFO TaskSchedulerImpl: Killing all running tasks in stage 0: Stage finished
[2026-05-12T08:22:14.510+0000] {subprocess.py:106} INFO - 26/05/12 08:22:14 INFO DAGScheduler: Job 0 finished: csv at <unknown>:0, took 7.135477 s
[2026-05-12T08:22:14.570+0000] {subprocess.py:106} INFO - 26/05/12 08:22:14 INFO SparkContext: Starting job: csv at <unknown>:0
[2026-05-12T08:22:14.571+0000] {subprocess.py:106} INFO - 26/05/12 08:22:14 INFO DAGScheduler: Got job 1 (csv at <unknown>:0) with 1 output partitions
[2026-05-12T08:22:14.572+0000] {subprocess.py:106} INFO - 26/05/12 08:22:14 INFO DAGScheduler: Final stage: ResultStage 1 (csv at <unknown>:0)
[2026-05-12T08:22:14.575+0000] {subprocess.py:106} INFO - 26/05/12 08:22:14 INFO DAGScheduler: Parents of final stage: List()
[2026-05-12T08:22:14.576+0000] {subprocess.py:106} INFO - 26/05/12 08:22:14 INFO DAGScheduler: Missing parents: List()
[2026-05-12T08:22:14.577+0000] {subprocess.py:106} INFO - 26/05/12 08:22:14 INFO DAGScheduler: Submitting ResultStage 1 (MapPartitionsRDD[3] at csv at <unknown>:0), which has no missing parents
[2026-05-12T08:22:14.580+0000] {subprocess.py:106} INFO - 26/05/12 08:22:14 INFO MemoryStore: Block broadcast_2 stored as values in memory (estimated size 10.1 KiB, free 434.1 MiB)
[2026-05-12T08:22:14.602+0000] {subprocess.py:106} INFO - 26/05/12 08:22:14 INFO MemoryStore: Block broadcast_2_piece0 stored as bytes in memory (estimated size 5.4 KiB, free 434.1 MiB)
[2026-05-12T08:22:14.602+0000] {subprocess.py:106} INFO - 26/05/12 08:22:14 INFO BlockManagerInfo: Added broadcast_2_piece0 in memory on c05002f484b8:39499 (size: 5.4 KiB, free: 434.4 MiB)
[2026-05-12T08:22:14.603+0000] {subprocess.py:106} INFO - 26/05/12 08:22:14 INFO SparkContext: Created broadcast 2 from broadcast at DAGScheduler.scala:1585
[2026-05-12T08:22:14.604+0000] {subprocess.py:106} INFO - 26/05/12 08:22:14 INFO DAGScheduler: Submitting 1 missing tasks from ResultStage 1 (MapPartitionsRDD[3] at csv at <unknown>:0) (first 15 tasks are for partitions Vector(0))
[2026-05-12T08:22:14.604+0000] {subprocess.py:106} INFO - 26/05/12 08:22:14 INFO TaskSchedulerImpl: Adding task set 1.0 with 1 tasks resource profile 0
[2026-05-12T08:22:14.605+0000] {subprocess.py:106} INFO - 26/05/12 08:22:14 INFO TaskSetManager: Starting task 0.0 in stage 1.0 (TID 1) (172.30.0.8, executor 0, partition 0, PROCESS_LOCAL, 10108 bytes)
[2026-05-12T08:22:14.661+0000] {subprocess.py:106} INFO - 26/05/12 08:22:14 INFO BlockManagerInfo: Removed broadcast_1_piece0 on c05002f484b8:39499 in memory (size: 4.4 KiB, free: 434.4 MiB)
[2026-05-12T08:22:14.665+0000] {subprocess.py:106} INFO - 26/05/12 08:22:14 INFO BlockManagerInfo: Added broadcast_2_piece0 in memory on 172.30.0.8:33915 (size: 5.4 KiB, free: 434.4 MiB)
[2026-05-12T08:22:14.673+0000] {subprocess.py:106} INFO - 26/05/12 08:22:14 INFO BlockManagerInfo: Removed broadcast_1_piece0 on 172.30.0.8:33915 in memory (size: 4.4 KiB, free: 434.4 MiB)
[2026-05-12T08:22:15.822+0000] {subprocess.py:106} INFO - 26/05/12 08:22:15 INFO TaskSetManager: Finished task 0.0 in stage 1.0 (TID 1) in 1219 ms on 172.30.0.8 (executor 0) (1/1)
[2026-05-12T08:22:15.823+0000] {subprocess.py:106} INFO - 26/05/12 08:22:15 INFO TaskSchedulerImpl: Removed TaskSet 1.0, whose tasks have all completed, from pool
[2026-05-12T08:22:15.824+0000] {subprocess.py:106} INFO - 26/05/12 08:22:15 INFO DAGScheduler: ResultStage 1 (csv at <unknown>:0) finished in 1.247 s
[2026-05-12T08:22:15.824+0000] {subprocess.py:106} INFO - 26/05/12 08:22:15 INFO DAGScheduler: Job 1 is finished. Cancelling potential speculative or zombie tasks for this job
[2026-05-12T08:22:15.826+0000] {subprocess.py:106} INFO - 26/05/12 08:22:15 INFO TaskSchedulerImpl: Killing all running tasks in stage 1: Stage finished
[2026-05-12T08:22:15.834+0000] {subprocess.py:106} INFO - 26/05/12 08:22:15 INFO DAGScheduler: Job 1 finished: csv at <unknown>:0, took 1.264368 s
[2026-05-12T08:22:16.152+0000] {subprocess.py:106} INFO - 26/05/12 08:22:16 INFO BlockManagerInfo: Removed broadcast_2_piece0 on c05002f484b8:39499 in memory (size: 5.4 KiB, free: 434.4 MiB)
[2026-05-12T08:22:16.156+0000] {subprocess.py:106} INFO - 26/05/12 08:22:16 INFO BlockManagerInfo: Removed broadcast_2_piece0 on 172.30.0.8:33915 in memory (size: 5.4 KiB, free: 434.4 MiB)
[2026-05-12T08:22:16.164+0000] {subprocess.py:106} INFO - 26/05/12 08:22:16 INFO BlockManagerInfo: Removed broadcast_0_piece0 on c05002f484b8:39499 in memory (size: 36.1 KiB, free: 434.4 MiB)
[2026-05-12T08:22:16.167+0000] {subprocess.py:106} INFO - 26/05/12 08:22:16 INFO BlockManagerInfo: Removed broadcast_0_piece0 on 172.30.0.8:33915 in memory (size: 36.1 KiB, free: 434.4 MiB)
[2026-05-12T08:22:17.545+0000] {subprocess.py:106} INFO - 26/05/12 08:22:17 INFO FileSourceStrategy: Pushed Filters:
[2026-05-12T08:22:17.547+0000] {subprocess.py:106} INFO - 26/05/12 08:22:17 INFO FileSourceStrategy: Post-Scan Filters:
[2026-05-12T08:22:18.125+0000] {subprocess.py:106} INFO - 26/05/12 08:22:18 INFO CodeGenerator: Code generated in 298.192339 ms
[2026-05-12T08:22:18.138+0000] {subprocess.py:106} INFO - 26/05/12 08:22:18 INFO MemoryStore: Block broadcast_3 stored as values in memory (estimated size 205.7 KiB, free 434.2 MiB)
[2026-05-12T08:22:18.156+0000] {subprocess.py:106} INFO - 26/05/12 08:22:18 INFO MemoryStore: Block broadcast_3_piece0 stored as bytes in memory (estimated size 36.1 KiB, free 434.2 MiB)
[2026-05-12T08:22:18.157+0000] {subprocess.py:106} INFO - 26/05/12 08:22:18 INFO BlockManagerInfo: Added broadcast_3_piece0 in memory on c05002f484b8:39499 (size: 36.1 KiB, free: 434.4 MiB)
[2026-05-12T08:22:18.158+0000] {subprocess.py:106} INFO - 26/05/12 08:22:18 INFO SparkContext: Created broadcast 3 from count at <unknown>:0
[2026-05-12T08:22:18.193+0000] {subprocess.py:106} INFO - 26/05/12 08:22:18 INFO FileSourceScanExec: Planning scan with bin packing, max size: 4282730 bytes, open cost is considered as scanning 4194304 bytes.
[2026-05-12T08:22:18.246+0000] {subprocess.py:106} INFO - 26/05/12 08:22:18 INFO DAGScheduler: Registering RDD 7 (count at <unknown>:0) as input to shuffle 0
[2026-05-12T08:22:18.252+0000] {subprocess.py:106} INFO - 26/05/12 08:22:18 INFO DAGScheduler: Got map stage job 2 (count at <unknown>:0) with 1 output partitions
[2026-05-12T08:22:18.253+0000] {subprocess.py:106} INFO - 26/05/12 08:22:18 INFO DAGScheduler: Final stage: ShuffleMapStage 2 (count at <unknown>:0)
[2026-05-12T08:22:18.254+0000] {subprocess.py:106} INFO - 26/05/12 08:22:18 INFO DAGScheduler: Parents of final stage: List()
[2026-05-12T08:22:18.258+0000] {subprocess.py:106} INFO - 26/05/12 08:22:18 INFO DAGScheduler: Missing parents: List()
[2026-05-12T08:22:18.261+0000] {subprocess.py:106} INFO - 26/05/12 08:22:18 INFO DAGScheduler: Submitting ShuffleMapStage 2 (MapPartitionsRDD[7] at count at <unknown>:0), which has no missing parents
[2026-05-12T08:22:18.309+0000] {subprocess.py:106} INFO - 26/05/12 08:22:18 INFO MemoryStore: Block broadcast_4 stored as values in memory (estimated size 18.1 KiB, free 434.1 MiB)
[2026-05-12T08:22:18.318+0000] {subprocess.py:106} INFO - 26/05/12 08:22:18 INFO MemoryStore: Block broadcast_4_piece0 stored as bytes in memory (estimated size 8.9 KiB, free 434.1 MiB)
[2026-05-12T08:22:18.321+0000] {subprocess.py:106} INFO - 26/05/12 08:22:18 INFO BlockManagerInfo: Added broadcast_4_piece0 in memory on c05002f484b8:39499 (size: 8.9 KiB, free: 434.4 MiB)
[2026-05-12T08:22:18.323+0000] {subprocess.py:106} INFO - 26/05/12 08:22:18 INFO SparkContext: Created broadcast 4 from broadcast at DAGScheduler.scala:1585
[2026-05-12T08:22:18.325+0000] {subprocess.py:106} INFO - 26/05/12 08:22:18 INFO DAGScheduler: Submitting 1 missing tasks from ShuffleMapStage 2 (MapPartitionsRDD[7] at count at <unknown>:0) (first 15 tasks are for partitions Vector(0))
[2026-05-12T08:22:18.326+0000] {subprocess.py:106} INFO - 26/05/12 08:22:18 INFO TaskSchedulerImpl: Adding task set 2.0 with 1 tasks resource profile 0
[2026-05-12T08:22:18.332+0000] {subprocess.py:106} INFO - 26/05/12 08:22:18 INFO TaskSetManager: Starting task 0.0 in stage 2.0 (TID 2) (172.30.0.8, executor 0, partition 0, PROCESS_LOCAL, 10568 bytes)
[2026-05-12T08:22:18.387+0000] {subprocess.py:106} INFO - 26/05/12 08:22:18 INFO BlockManagerInfo: Added broadcast_4_piece0 in memory on 172.30.0.8:33915 (size: 8.9 KiB, free: 434.4 MiB)
[2026-05-12T08:22:18.984+0000] {subprocess.py:106} INFO - 26/05/12 08:22:18 INFO BlockManagerInfo: Added broadcast_3_piece0 in memory on 172.30.0.8:33915 (size: 36.1 KiB, free: 434.4 MiB)
[2026-05-12T08:22:19.214+0000] {subprocess.py:106} INFO - 26/05/12 08:22:19 INFO TaskSetManager: Finished task 0.0 in stage 2.0 (TID 2) in 879 ms on 172.30.0.8 (executor 0) (1/1)
[2026-05-12T08:22:19.215+0000] {subprocess.py:106} INFO - 26/05/12 08:22:19 INFO TaskSchedulerImpl: Removed TaskSet 2.0, whose tasks have all completed, from pool
[2026-05-12T08:22:19.215+0000] {subprocess.py:106} INFO - 26/05/12 08:22:19 INFO DAGScheduler: ShuffleMapStage 2 (count at <unknown>:0) finished in 0.947 s
[2026-05-12T08:22:19.216+0000] {subprocess.py:106} INFO - 26/05/12 08:22:19 INFO DAGScheduler: looking for newly runnable stages
[2026-05-12T08:22:19.217+0000] {subprocess.py:106} INFO - 26/05/12 08:22:19 INFO DAGScheduler: running: Set()
[2026-05-12T08:22:19.220+0000] {subprocess.py:106} INFO - 26/05/12 08:22:19 INFO DAGScheduler: waiting: Set()
[2026-05-12T08:22:19.221+0000] {subprocess.py:106} INFO - 26/05/12 08:22:19 INFO DAGScheduler: failed: Set()
[2026-05-12T08:22:19.319+0000] {subprocess.py:106} INFO - 26/05/12 08:22:19 INFO CodeGenerator: Code generated in 18.618238 ms
[2026-05-12T08:22:19.362+0000] {subprocess.py:106} INFO - 26/05/12 08:22:19 INFO SparkContext: Starting job: count at <unknown>:0
[2026-05-12T08:22:19.364+0000] {subprocess.py:106} INFO - 26/05/12 08:22:19 INFO DAGScheduler: Got job 3 (count at <unknown>:0) with 1 output partitions
[2026-05-12T08:22:19.365+0000] {subprocess.py:106} INFO - 26/05/12 08:22:19 INFO DAGScheduler: Final stage: ResultStage 4 (count at <unknown>:0)
[2026-05-12T08:22:19.367+0000] {subprocess.py:106} INFO - 26/05/12 08:22:19 INFO DAGScheduler: Parents of final stage: List(ShuffleMapStage 3)
[2026-05-12T08:22:19.368+0000] {subprocess.py:106} INFO - 26/05/12 08:22:19 INFO DAGScheduler: Missing parents: List()
[2026-05-12T08:22:19.369+0000] {subprocess.py:106} INFO - 26/05/12 08:22:19 INFO DAGScheduler: Submitting ResultStage 4 (MapPartitionsRDD[10] at count at <unknown>:0), which has no missing parents
[2026-05-12T08:22:19.386+0000] {subprocess.py:106} INFO - 26/05/12 08:22:19 INFO MemoryStore: Block broadcast_5 stored as values in memory (estimated size 12.5 KiB, free 434.1 MiB)
[2026-05-12T08:22:19.406+0000] {subprocess.py:106} INFO - 26/05/12 08:22:19 INFO MemoryStore: Block broadcast_5_piece0 stored as bytes in memory (estimated size 5.9 KiB, free 434.1 MiB)
[2026-05-12T08:22:19.412+0000] {subprocess.py:106} INFO - 26/05/12 08:22:19 INFO BlockManagerInfo: Added broadcast_5_piece0 in memory on c05002f484b8:39499 (size: 5.9 KiB, free: 434.4 MiB)
[2026-05-12T08:22:19.414+0000] {subprocess.py:106} INFO - 26/05/12 08:22:19 INFO SparkContext: Created broadcast 5 from broadcast at DAGScheduler.scala:1585
[2026-05-12T08:22:19.415+0000] {subprocess.py:106} INFO - 26/05/12 08:22:19 INFO DAGScheduler: Submitting 1 missing tasks from ResultStage 4 (MapPartitionsRDD[10] at count at <unknown>:0) (first 15 tasks are for partitions Vector(0))
[2026-05-12T08:22:19.415+0000] {subprocess.py:106} INFO - 26/05/12 08:22:19 INFO TaskSchedulerImpl: Adding task set 4.0 with 1 tasks resource profile 0
[2026-05-12T08:22:19.421+0000] {subprocess.py:106} INFO - 26/05/12 08:22:19 INFO BlockManagerInfo: Removed broadcast_4_piece0 on c05002f484b8:39499 in memory (size: 8.9 KiB, free: 434.4 MiB)
[2026-05-12T08:22:19.430+0000] {subprocess.py:106} INFO - 26/05/12 08:22:19 INFO BlockManagerInfo: Removed broadcast_4_piece0 on 172.30.0.8:33915 in memory (size: 8.9 KiB, free: 434.4 MiB)
[2026-05-12T08:22:19.431+0000] {subprocess.py:106} INFO - 26/05/12 08:22:19 INFO TaskSetManager: Starting task 0.0 in stage 4.0 (TID 3) (172.30.0.8, executor 0, partition 0, NODE_LOCAL, 9976 bytes)
[2026-05-12T08:22:19.501+0000] {subprocess.py:106} INFO - 26/05/12 08:22:19 INFO BlockManagerInfo: Added broadcast_5_piece0 in memory on 172.30.0.8:33915 (size: 5.9 KiB, free: 434.4 MiB)
[2026-05-12T08:22:19.562+0000] {subprocess.py:106} INFO - 26/05/12 08:22:19 INFO MapOutputTrackerMasterEndpoint: Asked to send map output locations for shuffle 0 to 172.30.0.8:32998
[2026-05-12T08:22:19.766+0000] {subprocess.py:106} INFO - 26/05/12 08:22:19 INFO TaskSetManager: Finished task 0.0 in stage 4.0 (TID 3) in 342 ms on 172.30.0.8 (executor 0) (1/1)
[2026-05-12T08:22:19.767+0000] {subprocess.py:106} INFO - 26/05/12 08:22:19 INFO TaskSchedulerImpl: Removed TaskSet 4.0, whose tasks have all completed, from pool
[2026-05-12T08:22:19.768+0000] {subprocess.py:106} INFO - 26/05/12 08:22:19 INFO DAGScheduler: ResultStage 4 (count at <unknown>:0) finished in 0.381 s
[2026-05-12T08:22:19.770+0000] {subprocess.py:106} INFO - 26/05/12 08:22:19 INFO DAGScheduler: Job 3 is finished. Cancelling potential speculative or zombie tasks for this job
[2026-05-12T08:22:19.771+0000] {subprocess.py:106} INFO - 26/05/12 08:22:19 INFO TaskSchedulerImpl: Killing all running tasks in stage 4: Stage finished
[2026-05-12T08:22:19.773+0000] {subprocess.py:106} INFO - 26/05/12 08:22:19 INFO DAGScheduler: Job 3 finished: count at <unknown>:0, took 0.405923 s
[2026-05-12T08:22:19.789+0000] {subprocess.py:106} INFO -  Record loaded from CSV: 14330
[2026-05-12T08:22:19.790+0000] {subprocess.py:106} INFO - root
[2026-05-12T08:22:19.794+0000] {subprocess.py:106} INFO -  |-- job_title: string (nullable = true)
[2026-05-12T08:22:19.795+0000] {subprocess.py:106} INFO -  |-- company_name: string (nullable = true)
[2026-05-12T08:22:19.795+0000] {subprocess.py:106} INFO -  |-- location: string (nullable = true)
[2026-05-12T08:22:19.796+0000] {subprocess.py:106} INFO -  |-- skills_required: string (nullable = true)
[2026-05-12T08:22:19.797+0000] {subprocess.py:106} INFO -  |-- date_posted: timestamp (nullable = true)
[2026-05-12T08:22:19.798+0000] {subprocess.py:106} INFO -  |-- job_link: string (nullable = true)
[2026-05-12T08:22:19.798+0000] {subprocess.py:106} INFO -  |-- job_category: string (nullable = true)
[2026-05-12T08:22:19.799+0000] {subprocess.py:106} INFO -  |-- work_mode: string (nullable = true)
[2026-05-12T08:22:19.801+0000] {subprocess.py:106} INFO -  |-- crawl_date: timestamp (nullable = true)
[2026-05-12T08:22:19.802+0000] {subprocess.py:106} INFO -  |-- date_only: date (nullable = true)
[2026-05-12T08:22:19.804+0000] {subprocess.py:106} INFO - 
[2026-05-12T08:22:20.034+0000] {subprocess.py:106} INFO - 26/05/12 08:22:20 INFO BlockManagerInfo: Removed broadcast_5_piece0 on c05002f484b8:39499 in memory (size: 5.9 KiB, free: 434.4 MiB)
[2026-05-12T08:22:20.038+0000] {subprocess.py:106} INFO - 26/05/12 08:22:20 INFO BlockManagerInfo: Removed broadcast_5_piece0 on 172.30.0.8:33915 in memory (size: 5.9 KiB, free: 434.4 MiB)
[2026-05-12T08:22:20.258+0000] {subprocess.py:106} INFO - 26/05/12 08:22:20 INFO HiveConf: Found configuration file null
[2026-05-12T08:22:20.500+0000] {subprocess.py:106} INFO - 26/05/12 08:22:20 INFO metastore: Trying to connect to metastore with URI thrift://hive-metastore:9083
[2026-05-12T08:22:20.539+0000] {subprocess.py:106} INFO - 26/05/12 08:22:20 INFO metastore: Opened a connection to metastore, current connections: 1
[2026-05-12T08:22:20.606+0000] {subprocess.py:106} INFO - 26/05/12 08:22:20 INFO metastore: Connected to metastore.
[2026-05-12T08:22:21.474+0000] {subprocess.py:106} INFO - 26/05/12 08:22:21 INFO BaseMetastoreTableOperations: Refreshing table metadata from new version: s3a://warehouse/iceberg_data/bronze.db/it_jobs_raw/metadata/00005-216dc426-8831-4d84-9a67-e56c65a9a32d.metadata.json
[2026-05-12T08:22:21.644+0000] {subprocess.py:106} INFO - 26/05/12 08:22:21 INFO BlockManagerInfo: Removed broadcast_3_piece0 on c05002f484b8:39499 in memory (size: 36.1 KiB, free: 434.4 MiB)
[2026-05-12T08:22:21.650+0000] {subprocess.py:106} INFO - 26/05/12 08:22:21 INFO BlockManagerInfo: Removed broadcast_3_piece0 on 172.30.0.8:33915 in memory (size: 36.1 KiB, free: 434.4 MiB)
[2026-05-12T08:22:21.881+0000] {subprocess.py:106} INFO - 26/05/12 08:22:21 INFO BaseMetastoreCatalog: Table loaded by catalog: iceberg.bronze.it_jobs_raw
[2026-05-12T08:22:21.890+0000] {subprocess.py:106} INFO - Table iceberg.bronze.it_jobs_raw exists. Checking for new records...
[2026-05-12T08:22:22.123+0000] {subprocess.py:106} INFO - 26/05/12 08:22:22 INFO V2ScanRelationPushDown:
[2026-05-12T08:22:22.123+0000] {subprocess.py:106} INFO - Pushing operators to iceberg.bronze.it_jobs_raw
[2026-05-12T08:22:22.124+0000] {subprocess.py:106} INFO - Pushed Filters: job_link IS NOT NULL
[2026-05-12T08:22:22.125+0000] {subprocess.py:106} INFO - Post-Scan Filters: isnotnull(job_link#79)
[2026-05-12T08:22:22.125+0000] {subprocess.py:106} INFO - 
[2026-05-12T08:22:22.187+0000] {subprocess.py:106} INFO - 26/05/12 08:22:22 INFO V2ScanRelationPushDown:
[2026-05-12T08:22:22.188+0000] {subprocess.py:106} INFO - Output: job_link#79
[2026-05-12T08:22:22.188+0000] {subprocess.py:106} INFO - 
[2026-05-12T08:22:22.207+0000] {subprocess.py:106} INFO - 26/05/12 08:22:22 INFO SnapshotScan: Scanning table iceberg.bronze.it_jobs_raw snapshot 2164420888096526360 created at 2026-05-10T07:30:19.966+00:00 with filter job_link IS NOT NULL
[2026-05-12T08:22:22.584+0000] {subprocess.py:106} INFO - 26/05/12 08:22:22 INFO BaseDistributedDataScan: Planning file tasks locally for table iceberg.bronze.it_jobs_raw
[2026-05-12T08:22:22.792+0000] {subprocess.py:106} INFO - 26/05/12 08:22:22 INFO SparkPartitioningAwareScan: Reporting UnknownPartitioning with 2 partition(s) for table iceberg.bronze.it_jobs_raw
[2026-05-12T08:22:22.865+0000] {subprocess.py:106} INFO - 26/05/12 08:22:22 INFO FileSourceStrategy: Pushed Filters:
[2026-05-12T08:22:22.866+0000] {subprocess.py:106} INFO - 26/05/12 08:22:22 INFO FileSourceStrategy: Post-Scan Filters:
[2026-05-12T08:22:22.880+0000] {subprocess.py:106} INFO - 26/05/12 08:22:22 INFO MemoryStore: Block broadcast_6 stored as values in memory (estimated size 32.0 KiB, free 434.4 MiB)
[2026-05-12T08:22:22.898+0000] {subprocess.py:106} INFO - 26/05/12 08:22:22 INFO MemoryStore: Block broadcast_6_piece0 stored as bytes in memory (estimated size 30.2 KiB, free 434.3 MiB)
[2026-05-12T08:22:22.899+0000] {subprocess.py:106} INFO - 26/05/12 08:22:22 INFO BlockManagerInfo: Added broadcast_6_piece0 in memory on c05002f484b8:39499 (size: 30.2 KiB, free: 434.4 MiB)
[2026-05-12T08:22:22.901+0000] {subprocess.py:106} INFO - 26/05/12 08:22:22 INFO SparkContext: Created broadcast 6 from broadcast at SparkBatch.java:79
[2026-05-12T08:22:22.938+0000] {subprocess.py:106} INFO - 26/05/12 08:22:22 INFO MemoryStore: Block broadcast_7 stored as values in memory (estimated size 32.0 KiB, free 434.3 MiB)
[2026-05-12T08:22:22.943+0000] {subprocess.py:106} INFO - 26/05/12 08:22:22 INFO MemoryStore: Block broadcast_7_piece0 stored as bytes in memory (estimated size 30.2 KiB, free 434.3 MiB)
[2026-05-12T08:22:22.944+0000] {subprocess.py:106} INFO - 26/05/12 08:22:22 INFO BlockManagerInfo: Added broadcast_7_piece0 in memory on c05002f484b8:39499 (size: 30.2 KiB, free: 434.3 MiB)
[2026-05-12T08:22:22.946+0000] {subprocess.py:106} INFO - 26/05/12 08:22:22 INFO SparkContext: Created broadcast 7 from broadcast at SparkBatch.java:79
[2026-05-12T08:22:23.045+0000] {subprocess.py:106} INFO - 26/05/12 08:22:23 INFO CodeGenerator: Code generated in 25.011686 ms
[2026-05-12T08:22:23.079+0000] {subprocess.py:106} INFO - 26/05/12 08:22:23 INFO SparkContext: Starting job: $anonfun$withThreadLocalCaptured$1 at <unknown>:0
[2026-05-12T08:22:23.080+0000] {subprocess.py:106} INFO - 26/05/12 08:22:23 INFO DAGScheduler: Got job 4 ($anonfun$withThreadLocalCaptured$1 at <unknown>:0) with 2 output partitions
[2026-05-12T08:22:23.081+0000] {subprocess.py:106} INFO - 26/05/12 08:22:23 INFO DAGScheduler: Final stage: ResultStage 5 ($anonfun$withThreadLocalCaptured$1 at <unknown>:0)
[2026-05-12T08:22:23.085+0000] {subprocess.py:106} INFO - 26/05/12 08:22:23 INFO DAGScheduler: Parents of final stage: List()
[2026-05-12T08:22:23.086+0000] {subprocess.py:106} INFO - 26/05/12 08:22:23 INFO DAGScheduler: Missing parents: List()
[2026-05-12T08:22:23.087+0000] {subprocess.py:106} INFO - 26/05/12 08:22:23 INFO DAGScheduler: Submitting ResultStage 5 (MapPartitionsRDD[14] at $anonfun$withThreadLocalCaptured$1 at <unknown>:0), which has no missing parents
[2026-05-12T08:22:23.088+0000] {subprocess.py:106} INFO - 26/05/12 08:22:23 INFO MemoryStore: Block broadcast_8 stored as values in memory (estimated size 13.8 KiB, free 434.3 MiB)
[2026-05-12T08:22:23.102+0000] {subprocess.py:106} INFO - 26/05/12 08:22:23 INFO MemoryStore: Block broadcast_8_piece0 stored as bytes in memory (estimated size 5.5 KiB, free 434.3 MiB)
[2026-05-12T08:22:23.103+0000] {subprocess.py:106} INFO - 26/05/12 08:22:23 INFO BlockManagerInfo: Added broadcast_8_piece0 in memory on c05002f484b8:39499 (size: 5.5 KiB, free: 434.3 MiB)
[2026-05-12T08:22:23.106+0000] {subprocess.py:106} INFO - 26/05/12 08:22:23 INFO SparkContext: Created broadcast 8 from broadcast at DAGScheduler.scala:1585
[2026-05-12T08:22:23.107+0000] {subprocess.py:106} INFO - 26/05/12 08:22:23 INFO DAGScheduler: Submitting 2 missing tasks from ResultStage 5 (MapPartitionsRDD[14] at $anonfun$withThreadLocalCaptured$1 at <unknown>:0) (first 15 tasks are for partitions Vector(0, 1))
[2026-05-12T08:22:23.108+0000] {subprocess.py:106} INFO - 26/05/12 08:22:23 INFO TaskSchedulerImpl: Adding task set 5.0 with 2 tasks resource profile 0
[2026-05-12T08:22:23.136+0000] {subprocess.py:106} INFO - 26/05/12 08:22:23 INFO TaskSetManager: Starting task 0.0 in stage 5.0 (TID 4) (172.30.0.8, executor 0, partition 0, PROCESS_LOCAL, 16335 bytes)
[2026-05-12T08:22:23.604+0000] {subprocess.py:106} INFO - 26/05/12 08:22:23 INFO BlockManagerInfo: Added broadcast_8_piece0 in memory on 172.30.0.8:33915 (size: 5.5 KiB, free: 434.4 MiB)
[2026-05-12T08:22:23.690+0000] {subprocess.py:106} INFO - 26/05/12 08:22:23 INFO BlockManagerInfo: Added broadcast_7_piece0 in memory on 172.30.0.8:33915 (size: 30.2 KiB, free: 434.4 MiB)
[2026-05-12T08:22:25.515+0000] {subprocess.py:106} INFO - 26/05/12 08:22:25 INFO TaskSetManager: Starting task 1.0 in stage 5.0 (TID 5) (172.30.0.8, executor 0, partition 1, PROCESS_LOCAL, 15425 bytes)
[2026-05-12T08:22:25.516+0000] {subprocess.py:106} INFO - 26/05/12 08:22:25 INFO TaskSetManager: Finished task 0.0 in stage 5.0 (TID 4) in 2407 ms on 172.30.0.8 (executor 0) (1/2)
[2026-05-12T08:22:25.777+0000] {subprocess.py:106} INFO - 26/05/12 08:22:25 INFO TaskSetManager: Finished task 1.0 in stage 5.0 (TID 5) in 267 ms on 172.30.0.8 (executor 0) (2/2)
[2026-05-12T08:22:25.779+0000] {subprocess.py:106} INFO - 26/05/12 08:22:25 INFO TaskSchedulerImpl: Removed TaskSet 5.0, whose tasks have all completed, from pool
[2026-05-12T08:22:25.780+0000] {subprocess.py:106} INFO - 26/05/12 08:22:25 INFO DAGScheduler: ResultStage 5 ($anonfun$withThreadLocalCaptured$1 at <unknown>:0) finished in 2.692 s
[2026-05-12T08:22:25.781+0000] {subprocess.py:106} INFO - 26/05/12 08:22:25 INFO DAGScheduler: Job 4 is finished. Cancelling potential speculative or zombie tasks for this job
[2026-05-12T08:22:25.782+0000] {subprocess.py:106} INFO - 26/05/12 08:22:25 INFO TaskSchedulerImpl: Killing all running tasks in stage 5: Stage finished
[2026-05-12T08:22:25.783+0000] {subprocess.py:106} INFO - 26/05/12 08:22:25 INFO DAGScheduler: Job 4 finished: $anonfun$withThreadLocalCaptured$1 at <unknown>:0, took 2.700826 s
[2026-05-12T08:22:25.861+0000] {subprocess.py:106} INFO - 26/05/12 08:22:25 INFO CodeGenerator: Code generated in 40.752547 ms
[2026-05-12T08:22:25.909+0000] {subprocess.py:106} INFO - 26/05/12 08:22:25 INFO BlockManagerInfo: Removed broadcast_8_piece0 on c05002f484b8:39499 in memory (size: 5.5 KiB, free: 434.3 MiB)
[2026-05-12T08:22:25.912+0000] {subprocess.py:106} INFO - 26/05/12 08:22:25 INFO BlockManagerInfo: Removed broadcast_8_piece0 on 172.30.0.8:33915 in memory (size: 5.5 KiB, free: 434.4 MiB)
[2026-05-12T08:22:25.964+0000] {subprocess.py:106} INFO - 26/05/12 08:22:25 INFO MemoryStore: Block broadcast_9_piece0 stored as bytes in memory (estimated size 837.4 KiB, free 433.5 MiB)
[2026-05-12T08:22:25.966+0000] {subprocess.py:106} INFO - 26/05/12 08:22:25 INFO BlockManagerInfo: Added broadcast_9_piece0 in memory on c05002f484b8:39499 (size: 837.4 KiB, free: 433.5 MiB)
[2026-05-12T08:22:25.967+0000] {subprocess.py:106} INFO - 26/05/12 08:22:25 INFO SparkContext: Created broadcast 9 from $anonfun$withThreadLocalCaptured$1 at <unknown>:0
[2026-05-12T08:22:25.976+0000] {subprocess.py:106} INFO - 26/05/12 08:22:25 INFO FileSourceStrategy: Pushed Filters:
[2026-05-12T08:22:25.977+0000] {subprocess.py:106} INFO - 26/05/12 08:22:25 INFO FileSourceStrategy: Post-Scan Filters:
[2026-05-12T08:22:26.015+0000] {subprocess.py:106} INFO - 26/05/12 08:22:26 INFO CodeGenerator: Code generated in 11.531279 ms
[2026-05-12T08:22:26.020+0000] {subprocess.py:106} INFO - 26/05/12 08:22:26 INFO MemoryStore: Block broadcast_10 stored as values in memory (estimated size 205.7 KiB, free 433.3 MiB)
[2026-05-12T08:22:26.045+0000] {subprocess.py:106} INFO - 26/05/12 08:22:26 INFO MemoryStore: Block broadcast_10_piece0 stored as bytes in memory (estimated size 36.1 KiB, free 433.2 MiB)
[2026-05-12T08:22:26.052+0000] {subprocess.py:106} INFO - 26/05/12 08:22:26 INFO BlockManagerInfo: Added broadcast_10_piece0 in memory on c05002f484b8:39499 (size: 36.1 KiB, free: 433.5 MiB)
[2026-05-12T08:22:26.053+0000] {subprocess.py:106} INFO - 26/05/12 08:22:26 INFO SparkContext: Created broadcast 10 from count at <unknown>:0
[2026-05-12T08:22:26.055+0000] {subprocess.py:106} INFO - 26/05/12 08:22:26 INFO FileSourceScanExec: Planning scan with bin packing, max size: 4282730 bytes, open cost is considered as scanning 4194304 bytes.
[2026-05-12T08:22:26.066+0000] {subprocess.py:106} INFO - 26/05/12 08:22:26 INFO DAGScheduler: Registering RDD 18 (count at <unknown>:0) as input to shuffle 1
[2026-05-12T08:22:26.067+0000] {subprocess.py:106} INFO - 26/05/12 08:22:26 INFO DAGScheduler: Got map stage job 5 (count at <unknown>:0) with 1 output partitions
[2026-05-12T08:22:26.068+0000] {subprocess.py:106} INFO - 26/05/12 08:22:26 INFO DAGScheduler: Final stage: ShuffleMapStage 6 (count at <unknown>:0)
[2026-05-12T08:22:26.069+0000] {subprocess.py:106} INFO - 26/05/12 08:22:26 INFO DAGScheduler: Parents of final stage: List()
[2026-05-12T08:22:26.072+0000] {subprocess.py:106} INFO - 26/05/12 08:22:26 INFO DAGScheduler: Missing parents: List()
[2026-05-12T08:22:26.074+0000] {subprocess.py:106} INFO - 26/05/12 08:22:26 INFO DAGScheduler: Submitting ShuffleMapStage 6 (MapPartitionsRDD[18] at count at <unknown>:0), which has no missing parents
[2026-05-12T08:22:26.081+0000] {subprocess.py:106} INFO - 26/05/12 08:22:26 INFO MemoryStore: Block broadcast_11 stored as values in memory (estimated size 20.2 KiB, free 433.2 MiB)
[2026-05-12T08:22:26.085+0000] {subprocess.py:106} INFO - 26/05/12 08:22:26 INFO MemoryStore: Block broadcast_11_piece0 stored as bytes in memory (estimated size 9.8 KiB, free 433.2 MiB)
[2026-05-12T08:22:26.086+0000] {subprocess.py:106} INFO - 26/05/12 08:22:26 INFO BlockManagerInfo: Added broadcast_11_piece0 in memory on c05002f484b8:39499 (size: 9.8 KiB, free: 433.5 MiB)
[2026-05-12T08:22:26.088+0000] {subprocess.py:106} INFO - 26/05/12 08:22:26 INFO SparkContext: Created broadcast 11 from broadcast at DAGScheduler.scala:1585
[2026-05-12T08:22:26.091+0000] {subprocess.py:106} INFO - 26/05/12 08:22:26 INFO DAGScheduler: Submitting 1 missing tasks from ShuffleMapStage 6 (MapPartitionsRDD[18] at count at <unknown>:0) (first 15 tasks are for partitions Vector(0))
[2026-05-12T08:22:26.092+0000] {subprocess.py:106} INFO - 26/05/12 08:22:26 INFO TaskSchedulerImpl: Adding task set 6.0 with 1 tasks resource profile 0
[2026-05-12T08:22:26.100+0000] {subprocess.py:106} INFO - 26/05/12 08:22:26 INFO TaskSetManager: Starting task 0.0 in stage 6.0 (TID 6) (172.30.0.8, executor 0, partition 0, PROCESS_LOCAL, 10568 bytes)
[2026-05-12T08:22:26.142+0000] {subprocess.py:106} INFO - 26/05/12 08:22:26 INFO BlockManagerInfo: Added broadcast_11_piece0 in memory on 172.30.0.8:33915 (size: 9.8 KiB, free: 434.4 MiB)
[2026-05-12T08:22:26.212+0000] {subprocess.py:106} INFO - 26/05/12 08:22:26 INFO BlockManagerInfo: Added broadcast_9_piece0 in memory on 172.30.0.8:33915 (size: 837.4 KiB, free: 433.5 MiB)
[2026-05-12T08:22:26.343+0000] {subprocess.py:106} INFO - 26/05/12 08:22:26 INFO BlockManagerInfo: Added broadcast_10_piece0 in memory on 172.30.0.8:33915 (size: 36.1 KiB, free: 433.5 MiB)
[2026-05-12T08:22:26.530+0000] {subprocess.py:106} INFO - 26/05/12 08:22:26 INFO TaskSetManager: Finished task 0.0 in stage 6.0 (TID 6) in 438 ms on 172.30.0.8 (executor 0) (1/1)
[2026-05-12T08:22:26.531+0000] {subprocess.py:106} INFO - 26/05/12 08:22:26 INFO TaskSchedulerImpl: Removed TaskSet 6.0, whose tasks have all completed, from pool
[2026-05-12T08:22:26.533+0000] {subprocess.py:106} INFO - 26/05/12 08:22:26 INFO DAGScheduler: ShuffleMapStage 6 (count at <unknown>:0) finished in 0.457 s
[2026-05-12T08:22:26.534+0000] {subprocess.py:106} INFO - 26/05/12 08:22:26 INFO DAGScheduler: looking for newly runnable stages
[2026-05-12T08:22:26.535+0000] {subprocess.py:106} INFO - 26/05/12 08:22:26 INFO DAGScheduler: running: Set()
[2026-05-12T08:22:26.536+0000] {subprocess.py:106} INFO - 26/05/12 08:22:26 INFO DAGScheduler: waiting: Set()
[2026-05-12T08:22:26.537+0000] {subprocess.py:106} INFO - 26/05/12 08:22:26 INFO DAGScheduler: failed: Set()
[2026-05-12T08:22:26.561+0000] {subprocess.py:106} INFO - 26/05/12 08:22:26 INFO CodeGenerator: Code generated in 12.362302 ms
[2026-05-12T08:22:26.580+0000] {subprocess.py:106} INFO - 26/05/12 08:22:26 INFO SparkContext: Starting job: count at <unknown>:0
[2026-05-12T08:22:26.584+0000] {subprocess.py:106} INFO - 26/05/12 08:22:26 INFO DAGScheduler: Got job 6 (count at <unknown>:0) with 1 output partitions
[2026-05-12T08:22:26.585+0000] {subprocess.py:106} INFO - 26/05/12 08:22:26 INFO DAGScheduler: Final stage: ResultStage 8 (count at <unknown>:0)
[2026-05-12T08:22:26.585+0000] {subprocess.py:106} INFO - 26/05/12 08:22:26 INFO DAGScheduler: Parents of final stage: List(ShuffleMapStage 7)
[2026-05-12T08:22:26.586+0000] {subprocess.py:106} INFO - 26/05/12 08:22:26 INFO DAGScheduler: Missing parents: List()
[2026-05-12T08:22:26.586+0000] {subprocess.py:106} INFO - 26/05/12 08:22:26 INFO DAGScheduler: Submitting ResultStage 8 (MapPartitionsRDD[21] at count at <unknown>:0), which has no missing parents
[2026-05-12T08:22:26.587+0000] {subprocess.py:106} INFO - 26/05/12 08:22:26 INFO MemoryStore: Block broadcast_12 stored as values in memory (estimated size 12.5 KiB, free 433.2 MiB)
[2026-05-12T08:22:26.595+0000] {subprocess.py:106} INFO - 26/05/12 08:22:26 INFO MemoryStore: Block broadcast_12_piece0 stored as bytes in memory (estimated size 5.9 KiB, free 433.2 MiB)
[2026-05-12T08:22:26.602+0000] {subprocess.py:106} INFO - 26/05/12 08:22:26 INFO BlockManagerInfo: Added broadcast_12_piece0 in memory on c05002f484b8:39499 (size: 5.9 KiB, free: 433.5 MiB)
[2026-05-12T08:22:26.603+0000] {subprocess.py:106} INFO - 26/05/12 08:22:26 INFO SparkContext: Created broadcast 12 from broadcast at DAGScheduler.scala:1585
[2026-05-12T08:22:26.604+0000] {subprocess.py:106} INFO - 26/05/12 08:22:26 INFO BlockManagerInfo: Removed broadcast_11_piece0 on 172.30.0.8:33915 in memory (size: 9.8 KiB, free: 433.5 MiB)
[2026-05-12T08:22:26.604+0000] {subprocess.py:106} INFO - 26/05/12 08:22:26 INFO BlockManagerInfo: Removed broadcast_11_piece0 on c05002f484b8:39499 in memory (size: 9.8 KiB, free: 433.5 MiB)
[2026-05-12T08:22:26.605+0000] {subprocess.py:106} INFO - 26/05/12 08:22:26 INFO DAGScheduler: Submitting 1 missing tasks from ResultStage 8 (MapPartitionsRDD[21] at count at <unknown>:0) (first 15 tasks are for partitions Vector(0))
[2026-05-12T08:22:26.605+0000] {subprocess.py:106} INFO - 26/05/12 08:22:26 INFO TaskSchedulerImpl: Adding task set 8.0 with 1 tasks resource profile 0
[2026-05-12T08:22:26.609+0000] {subprocess.py:106} INFO - 26/05/12 08:22:26 INFO TaskSetManager: Starting task 0.0 in stage 8.0 (TID 7) (172.30.0.8, executor 0, partition 0, NODE_LOCAL, 9976 bytes)
[2026-05-12T08:22:26.626+0000] {subprocess.py:106} INFO - 26/05/12 08:22:26 INFO BlockManagerInfo: Added broadcast_12_piece0 in memory on 172.30.0.8:33915 (size: 5.9 KiB, free: 433.5 MiB)
[2026-05-12T08:22:26.636+0000] {subprocess.py:106} INFO - 26/05/12 08:22:26 INFO MapOutputTrackerMasterEndpoint: Asked to send map output locations for shuffle 1 to 172.30.0.8:32998
[2026-05-12T08:22:26.677+0000] {subprocess.py:106} INFO - 26/05/12 08:22:26 INFO TaskSetManager: Finished task 0.0 in stage 8.0 (TID 7) in 70 ms on 172.30.0.8 (executor 0) (1/1)
[2026-05-12T08:22:26.678+0000] {subprocess.py:106} INFO - 26/05/12 08:22:26 INFO DAGScheduler: ResultStage 8 (count at <unknown>:0) finished in 0.092 s
[2026-05-12T08:22:26.679+0000] {subprocess.py:106} INFO - 26/05/12 08:22:26 INFO TaskSchedulerImpl: Removed TaskSet 8.0, whose tasks have all completed, from pool
[2026-05-12T08:22:26.681+0000] {subprocess.py:106} INFO - 26/05/12 08:22:26 INFO DAGScheduler: Job 6 is finished. Cancelling potential speculative or zombie tasks for this job
[2026-05-12T08:22:26.682+0000] {subprocess.py:106} INFO - 26/05/12 08:22:26 INFO TaskSchedulerImpl: Killing all running tasks in stage 8: Stage finished
[2026-05-12T08:22:26.682+0000] {subprocess.py:106} INFO - 26/05/12 08:22:26 INFO DAGScheduler: Job 6 finished: count at <unknown>:0, took 0.100209 s
[2026-05-12T08:22:26.690+0000] {subprocess.py:106} INFO -  New records to append: 70
[2026-05-12T08:22:26.782+0000] {subprocess.py:106} INFO - 26/05/12 08:22:26 INFO V2ScanRelationPushDown:
[2026-05-12T08:22:26.782+0000] {subprocess.py:106} INFO - Pushing operators to iceberg.bronze.it_jobs_raw
[2026-05-12T08:22:26.786+0000] {subprocess.py:106} INFO - Pushed Filters: job_link IS NOT NULL
[2026-05-12T08:22:26.786+0000] {subprocess.py:106} INFO - Post-Scan Filters: isnotnull(job_link#79)
[2026-05-12T08:22:26.787+0000] {subprocess.py:106} INFO - 
[2026-05-12T08:22:26.789+0000] {subprocess.py:106} INFO - 26/05/12 08:22:26 INFO V2ScanRelationPushDown:
[2026-05-12T08:22:26.790+0000] {subprocess.py:106} INFO - Output: job_link#79
[2026-05-12T08:22:26.790+0000] {subprocess.py:106} INFO - 
[2026-05-12T08:22:26.791+0000] {subprocess.py:106} INFO - 26/05/12 08:22:26 INFO SnapshotScan: Scanning table iceberg.bronze.it_jobs_raw snapshot 2164420888096526360 created at 2026-05-10T07:30:19.966+00:00 with filter job_link IS NOT NULL
[2026-05-12T08:22:26.798+0000] {subprocess.py:106} INFO - 26/05/12 08:22:26 INFO BaseDistributedDataScan: Planning file tasks locally for table iceberg.bronze.it_jobs_raw
[2026-05-12T08:22:26.846+0000] {subprocess.py:106} INFO - 26/05/12 08:22:26 INFO SparkPartitioningAwareScan: Reporting UnknownPartitioning with 2 partition(s) for table iceberg.bronze.it_jobs_raw
[2026-05-12T08:22:26.886+0000] {subprocess.py:106} INFO - 26/05/12 08:22:26 INFO BlockManagerInfo: Removed broadcast_12_piece0 on c05002f484b8:39499 in memory (size: 5.9 KiB, free: 433.5 MiB)
[2026-05-12T08:22:26.890+0000] {subprocess.py:106} INFO - 26/05/12 08:22:26 INFO SparkWrite: Requesting 0 bytes advisory partition size for table iceberg.bronze.it_jobs_raw
[2026-05-12T08:22:26.891+0000] {subprocess.py:106} INFO - 26/05/12 08:22:26 INFO SparkWrite: Requesting UnspecifiedDistribution as write distribution for table iceberg.bronze.it_jobs_raw
[2026-05-12T08:22:26.891+0000] {subprocess.py:106} INFO - 26/05/12 08:22:26 INFO SparkWrite: Requesting [] as write ordering for table iceberg.bronze.it_jobs_raw
[2026-05-12T08:22:26.892+0000] {subprocess.py:106} INFO - 26/05/12 08:22:26 INFO BlockManagerInfo: Removed broadcast_12_piece0 on 172.30.0.8:33915 in memory (size: 5.9 KiB, free: 433.5 MiB)
[2026-05-12T08:22:26.913+0000] {subprocess.py:106} INFO - 26/05/12 08:22:26 INFO FileSourceStrategy: Pushed Filters:
[2026-05-12T08:22:26.914+0000] {subprocess.py:106} INFO - 26/05/12 08:22:26 INFO FileSourceStrategy: Post-Scan Filters:
[2026-05-12T08:22:26.916+0000] {subprocess.py:106} INFO - 26/05/12 08:22:26 INFO MemoryStore: Block broadcast_13 stored as values in memory (estimated size 32.0 KiB, free 433.2 MiB)
[2026-05-12T08:22:26.927+0000] {subprocess.py:106} INFO - 26/05/12 08:22:26 INFO MemoryStore: Block broadcast_13_piece0 stored as bytes in memory (estimated size 30.2 KiB, free 433.2 MiB)
[2026-05-12T08:22:26.928+0000] {subprocess.py:106} INFO - 26/05/12 08:22:26 INFO BlockManagerInfo: Added broadcast_13_piece0 in memory on c05002f484b8:39499 (size: 30.2 KiB, free: 433.5 MiB)
[2026-05-12T08:22:26.934+0000] {subprocess.py:106} INFO - 26/05/12 08:22:26 INFO SparkContext: Created broadcast 13 from broadcast at SparkBatch.java:79
[2026-05-12T08:22:26.941+0000] {subprocess.py:106} INFO - 26/05/12 08:22:26 INFO MemoryStore: Block broadcast_14 stored as values in memory (estimated size 32.0 KiB, free 433.1 MiB)
[2026-05-12T08:22:26.946+0000] {subprocess.py:106} INFO - 26/05/12 08:22:26 INFO MemoryStore: Block broadcast_14_piece0 stored as bytes in memory (estimated size 30.2 KiB, free 433.1 MiB)
[2026-05-12T08:22:26.947+0000] {subprocess.py:106} INFO - 26/05/12 08:22:26 INFO BlockManagerInfo: Added broadcast_14_piece0 in memory on c05002f484b8:39499 (size: 30.2 KiB, free: 433.4 MiB)
[2026-05-12T08:22:26.949+0000] {subprocess.py:106} INFO - 26/05/12 08:22:26 INFO SparkContext: Created broadcast 14 from broadcast at SparkBatch.java:79
[2026-05-12T08:22:26.993+0000] {subprocess.py:106} INFO - 26/05/12 08:22:26 INFO BlockManagerInfo: Removed broadcast_6_piece0 on c05002f484b8:39499 in memory (size: 30.2 KiB, free: 433.5 MiB)
[2026-05-12T08:22:27.019+0000] {subprocess.py:106} INFO - 26/05/12 08:22:27 INFO SparkContext: Starting job: $anonfun$withThreadLocalCaptured$1 at <unknown>:0
[2026-05-12T08:22:27.021+0000] {subprocess.py:106} INFO - 26/05/12 08:22:27 INFO DAGScheduler: Got job 7 ($anonfun$withThreadLocalCaptured$1 at <unknown>:0) with 2 output partitions
[2026-05-12T08:22:27.021+0000] {subprocess.py:106} INFO - 26/05/12 08:22:27 INFO DAGScheduler: Final stage: ResultStage 9 ($anonfun$withThreadLocalCaptured$1 at <unknown>:0)
[2026-05-12T08:22:27.022+0000] {subprocess.py:106} INFO - 26/05/12 08:22:27 INFO DAGScheduler: Parents of final stage: List()
[2026-05-12T08:22:27.023+0000] {subprocess.py:106} INFO - 26/05/12 08:22:27 INFO DAGScheduler: Missing parents: List()
[2026-05-12T08:22:27.024+0000] {subprocess.py:106} INFO - 26/05/12 08:22:27 INFO DAGScheduler: Submitting ResultStage 9 (MapPartitionsRDD[25] at $anonfun$withThreadLocalCaptured$1 at <unknown>:0), which has no missing parents
[2026-05-12T08:22:27.026+0000] {subprocess.py:106} INFO - 26/05/12 08:22:27 INFO MemoryStore: Block broadcast_15 stored as values in memory (estimated size 13.7 KiB, free 433.2 MiB)
[2026-05-12T08:22:27.036+0000] {subprocess.py:106} INFO - 26/05/12 08:22:27 INFO MemoryStore: Block broadcast_15_piece0 stored as bytes in memory (estimated size 5.5 KiB, free 433.1 MiB)
[2026-05-12T08:22:27.037+0000] {subprocess.py:106} INFO - 26/05/12 08:22:27 INFO BlockManagerInfo: Added broadcast_15_piece0 in memory on c05002f484b8:39499 (size: 5.5 KiB, free: 433.5 MiB)
[2026-05-12T08:22:27.038+0000] {subprocess.py:106} INFO - 26/05/12 08:22:27 INFO SparkContext: Created broadcast 15 from broadcast at DAGScheduler.scala:1585
[2026-05-12T08:22:27.041+0000] {subprocess.py:106} INFO - 26/05/12 08:22:27 INFO DAGScheduler: Submitting 2 missing tasks from ResultStage 9 (MapPartitionsRDD[25] at $anonfun$withThreadLocalCaptured$1 at <unknown>:0) (first 15 tasks are for partitions Vector(0, 1))
[2026-05-12T08:22:27.043+0000] {subprocess.py:106} INFO - 26/05/12 08:22:27 INFO TaskSchedulerImpl: Adding task set 9.0 with 2 tasks resource profile 0
[2026-05-12T08:22:27.044+0000] {subprocess.py:106} INFO - 26/05/12 08:22:27 INFO TaskSetManager: Starting task 0.0 in stage 9.0 (TID 8) (172.30.0.8, executor 0, partition 0, PROCESS_LOCAL, 16343 bytes)
[2026-05-12T08:22:27.063+0000] {subprocess.py:106} INFO - 26/05/12 08:22:27 INFO BlockManagerInfo: Added broadcast_15_piece0 in memory on 172.30.0.8:33915 (size: 5.5 KiB, free: 433.5 MiB)
[2026-05-12T08:22:27.092+0000] {subprocess.py:106} INFO - 26/05/12 08:22:27 INFO BlockManagerInfo: Added broadcast_14_piece0 in memory on 172.30.0.8:33915 (size: 30.2 KiB, free: 433.5 MiB)
[2026-05-12T08:22:26.628+0000] {subprocess.py:106} INFO - 26/05/12 08:22:26 INFO TaskSetManager: Starting task 1.0 in stage 9.0 (TID 9) (172.30.0.8, executor 0, partition 1, PROCESS_LOCAL, 15426 bytes)
[2026-05-12T08:22:26.629+0000] {subprocess.py:106} INFO - 26/05/12 08:22:26 INFO TaskSetManager: Finished task 0.0 in stage 9.0 (TID 8) in -413 ms on 172.30.0.8 (executor 0) (1/2)
[2026-05-12T08:22:26.828+0000] {subprocess.py:106} INFO - 26/05/12 08:22:26 INFO BlockManagerInfo: Removed broadcast_10_piece0 on c05002f484b8:39499 in memory (size: 36.1 KiB, free: 433.5 MiB)
[2026-05-12T08:22:26.833+0000] {subprocess.py:106} INFO - 26/05/12 08:22:26 INFO TaskSetManager: Finished task 1.0 in stage 9.0 (TID 9) in -466 ms on 172.30.0.8 (executor 0) (2/2)
[2026-05-12T08:22:26.835+0000] {subprocess.py:106} INFO - 26/05/12 08:22:26 INFO TaskSchedulerImpl: Removed TaskSet 9.0, whose tasks have all completed, from pool
[2026-05-12T08:22:26.836+0000] {subprocess.py:106} INFO - 26/05/12 08:22:26 INFO DAGScheduler: ResultStage 9 ($anonfun$withThreadLocalCaptured$1 at <unknown>:0) finished in -0.191 s
[2026-05-12T08:22:26.836+0000] {subprocess.py:106} INFO - 26/05/12 08:22:26 INFO DAGScheduler: Job 7 is finished. Cancelling potential speculative or zombie tasks for this job
[2026-05-12T08:22:26.837+0000] {subprocess.py:106} INFO - 26/05/12 08:22:26 INFO TaskSchedulerImpl: Killing all running tasks in stage 9: Stage finished
[2026-05-12T08:22:26.838+0000] {subprocess.py:106} INFO - 26/05/12 08:22:26 INFO DAGScheduler: Job 7 finished: $anonfun$withThreadLocalCaptured$1 at <unknown>:0, took 0.488128 s
[2026-05-12T08:22:26.840+0000] {subprocess.py:106} INFO - 26/05/12 08:22:26 INFO BlockManagerInfo: Removed broadcast_10_piece0 on 172.30.0.8:33915 in memory (size: 36.1 KiB, free: 433.5 MiB)
[2026-05-12T08:22:26.895+0000] {subprocess.py:106} INFO - 26/05/12 08:22:26 INFO MemoryStore: Block broadcast_16_piece0 stored as bytes in memory (estimated size 837.2 KiB, free 432.6 MiB)
[2026-05-12T08:22:26.896+0000] {subprocess.py:106} INFO - 26/05/12 08:22:26 INFO BlockManagerInfo: Added broadcast_16_piece0 in memory on c05002f484b8:39499 (size: 837.2 KiB, free: 432.7 MiB)
[2026-05-12T08:22:26.897+0000] {subprocess.py:106} INFO - 26/05/12 08:22:26 INFO SparkContext: Created broadcast 16 from $anonfun$withThreadLocalCaptured$1 at <unknown>:0
[2026-05-12T08:22:26.905+0000] {subprocess.py:106} INFO - 26/05/12 08:22:26 INFO FileSourceStrategy: Pushed Filters:
[2026-05-12T08:22:26.905+0000] {subprocess.py:106} INFO - 26/05/12 08:22:26 INFO FileSourceStrategy: Post-Scan Filters:
[2026-05-12T08:22:30.320+0000] {subprocess.py:106} INFO - 26/05/12 08:22:30 INFO CodeGenerator: Code generated in 23.088465 ms
[2026-05-12T08:22:30.325+0000] {subprocess.py:106} INFO - 26/05/12 08:22:30 INFO MemoryStore: Block broadcast_17 stored as values in memory (estimated size 205.7 KiB, free 432.4 MiB)
[2026-05-12T08:22:30.338+0000] {subprocess.py:106} INFO - 26/05/12 08:22:30 INFO BlockManagerInfo: Removed broadcast_15_piece0 on c05002f484b8:39499 in memory (size: 5.5 KiB, free: 432.7 MiB)
[2026-05-12T08:22:30.340+0000] {subprocess.py:106} INFO - 26/05/12 08:22:30 INFO BlockManagerInfo: Removed broadcast_15_piece0 on 172.30.0.8:33915 in memory (size: 5.5 KiB, free: 433.5 MiB)
[2026-05-12T08:22:30.343+0000] {subprocess.py:106} INFO - 26/05/12 08:22:30 INFO MemoryStore: Block broadcast_17_piece0 stored as bytes in memory (estimated size 36.1 KiB, free 432.3 MiB)
[2026-05-12T08:22:30.346+0000] {subprocess.py:106} INFO - 26/05/12 08:22:30 INFO BlockManagerInfo: Added broadcast_17_piece0 in memory on c05002f484b8:39499 (size: 36.1 KiB, free: 432.6 MiB)
[2026-05-12T08:22:30.347+0000] {subprocess.py:106} INFO - 26/05/12 08:22:30 INFO SparkContext: Created broadcast 17 from append at <unknown>:0
[2026-05-12T08:22:30.351+0000] {subprocess.py:106} INFO - 26/05/12 08:22:30 INFO FileSourceScanExec: Planning scan with bin packing, max size: 4282730 bytes, open cost is considered as scanning 4194304 bytes.
[2026-05-12T08:22:30.358+0000] {subprocess.py:106} INFO - 26/05/12 08:22:30 INFO MemoryStore: Block broadcast_18 stored as values in memory (estimated size 32.0 KiB, free 432.3 MiB)
[2026-05-12T08:22:30.361+0000] {subprocess.py:106} INFO - 26/05/12 08:22:30 INFO MemoryStore: Block broadcast_18_piece0 stored as bytes in memory (estimated size 30.2 KiB, free 432.3 MiB)
[2026-05-12T08:22:30.361+0000] {subprocess.py:106} INFO - 26/05/12 08:22:30 INFO BlockManagerInfo: Added broadcast_18_piece0 in memory on c05002f484b8:39499 (size: 30.2 KiB, free: 432.6 MiB)
[2026-05-12T08:22:30.362+0000] {subprocess.py:106} INFO - 26/05/12 08:22:30 INFO SparkContext: Created broadcast 18 from broadcast at SparkWrite.java:193
[2026-05-12T08:22:30.367+0000] {subprocess.py:106} INFO - 26/05/12 08:22:30 INFO AppendDataExec: Start processing data source write support: IcebergBatchWrite(table=iceberg.bronze.it_jobs_raw, format=PARQUET). The input RDD has 1 partitions.
[2026-05-12T08:22:30.388+0000] {subprocess.py:106} INFO - 26/05/12 08:22:30 INFO BlockManagerInfo: Removed broadcast_9_piece0 on c05002f484b8:39499 in memory (size: 837.4 KiB, free: 433.4 MiB)
[2026-05-12T08:22:30.391+0000] {subprocess.py:106} INFO - 26/05/12 08:22:30 INFO BlockManagerInfo: Removed broadcast_9_piece0 on 172.30.0.8:33915 in memory (size: 837.4 KiB, free: 434.3 MiB)
[2026-05-12T08:22:30.394+0000] {subprocess.py:106} INFO - 26/05/12 08:22:30 INFO SparkContext: Starting job: append at <unknown>:0
[2026-05-12T08:22:30.396+0000] {subprocess.py:106} INFO - 26/05/12 08:22:30 INFO DAGScheduler: Got job 8 (append at <unknown>:0) with 1 output partitions
[2026-05-12T08:22:30.396+0000] {subprocess.py:106} INFO - 26/05/12 08:22:30 INFO DAGScheduler: Final stage: ResultStage 10 (append at <unknown>:0)
[2026-05-12T08:22:30.397+0000] {subprocess.py:106} INFO - 26/05/12 08:22:30 INFO DAGScheduler: Parents of final stage: List()
[2026-05-12T08:22:30.403+0000] {subprocess.py:106} INFO - 26/05/12 08:22:30 INFO DAGScheduler: Missing parents: List()
[2026-05-12T08:22:30.404+0000] {subprocess.py:106} INFO - 26/05/12 08:22:30 INFO DAGScheduler: Submitting ResultStage 10 (MapPartitionsRDD[28] at append at <unknown>:0), which has no missing parents
[2026-05-12T08:22:30.407+0000] {subprocess.py:106} INFO - 26/05/12 08:22:30 INFO MemoryStore: Block broadcast_19 stored as values in memory (estimated size 22.5 KiB, free 433.1 MiB)
[2026-05-12T08:22:30.408+0000] {subprocess.py:106} INFO - 26/05/12 08:22:30 INFO BlockManagerInfo: Removed broadcast_7_piece0 on c05002f484b8:39499 in memory (size: 30.2 KiB, free: 433.5 MiB)
[2026-05-12T08:22:30.414+0000] {subprocess.py:106} INFO - 26/05/12 08:22:30 INFO MemoryStore: Block broadcast_19_piece0 stored as bytes in memory (estimated size 10.1 KiB, free 433.1 MiB)
[2026-05-12T08:22:30.419+0000] {subprocess.py:106} INFO - 26/05/12 08:22:30 INFO BlockManagerInfo: Removed broadcast_7_piece0 on 172.30.0.8:33915 in memory (size: 30.2 KiB, free: 434.4 MiB)
[2026-05-12T08:22:30.420+0000] {subprocess.py:106} INFO - 26/05/12 08:22:30 INFO BlockManagerInfo: Added broadcast_19_piece0 in memory on c05002f484b8:39499 (size: 10.1 KiB, free: 433.4 MiB)
[2026-05-12T08:22:30.420+0000] {subprocess.py:106} INFO - 26/05/12 08:22:30 INFO SparkContext: Created broadcast 19 from broadcast at DAGScheduler.scala:1585
[2026-05-12T08:22:30.421+0000] {subprocess.py:106} INFO - 26/05/12 08:22:30 INFO DAGScheduler: Submitting 1 missing tasks from ResultStage 10 (MapPartitionsRDD[28] at append at <unknown>:0) (first 15 tasks are for partitions Vector(0))
[2026-05-12T08:22:30.421+0000] {subprocess.py:106} INFO - 26/05/12 08:22:30 INFO TaskSchedulerImpl: Adding task set 10.0 with 1 tasks resource profile 0
[2026-05-12T08:22:30.422+0000] {subprocess.py:106} INFO - 26/05/12 08:22:30 INFO TaskSetManager: Starting task 0.0 in stage 10.0 (TID 10) (172.30.0.8, executor 0, partition 0, PROCESS_LOCAL, 10579 bytes)
[2026-05-12T08:22:30.436+0000] {subprocess.py:106} INFO - 26/05/12 08:22:30 INFO BlockManagerInfo: Added broadcast_19_piece0 in memory on 172.30.0.8:33915 (size: 10.1 KiB, free: 434.4 MiB)
[2026-05-12T08:22:30.503+0000] {subprocess.py:106} INFO - 26/05/12 08:22:30 INFO BlockManagerInfo: Added broadcast_16_piece0 in memory on 172.30.0.8:33915 (size: 837.2 KiB, free: 433.5 MiB)
[2026-05-12T08:22:30.552+0000] {subprocess.py:106} INFO - 26/05/12 08:22:30 INFO BlockManagerInfo: Added broadcast_18_piece0 in memory on 172.30.0.8:33915 (size: 30.2 KiB, free: 433.5 MiB)
[2026-05-12T08:22:30.847+0000] {subprocess.py:106} INFO - 26/05/12 08:22:30 INFO BlockManagerInfo: Added broadcast_17_piece0 in memory on 172.30.0.8:33915 (size: 36.1 KiB, free: 433.5 MiB)
[2026-05-12T08:22:31.819+0000] {subprocess.py:106} INFO - 26/05/12 08:22:31 INFO TaskSetManager: Finished task 0.0 in stage 10.0 (TID 10) in 1396 ms on 172.30.0.8 (executor 0) (1/1)
[2026-05-12T08:22:31.821+0000] {subprocess.py:106} INFO - 26/05/12 08:22:31 INFO TaskSchedulerImpl: Removed TaskSet 10.0, whose tasks have all completed, from pool
[2026-05-12T08:22:31.821+0000] {subprocess.py:106} INFO - 26/05/12 08:22:31 INFO DAGScheduler: ResultStage 10 (append at <unknown>:0) finished in 1.413 s
[2026-05-12T08:22:31.822+0000] {subprocess.py:106} INFO - 26/05/12 08:22:31 INFO DAGScheduler: Job 8 is finished. Cancelling potential speculative or zombie tasks for this job
[2026-05-12T08:22:31.822+0000] {subprocess.py:106} INFO - 26/05/12 08:22:31 INFO TaskSchedulerImpl: Killing all running tasks in stage 10: Stage finished
[2026-05-12T08:22:31.823+0000] {subprocess.py:106} INFO - 26/05/12 08:22:31 INFO DAGScheduler: Job 8 finished: append at <unknown>:0, took 1.428832 s
[2026-05-12T08:22:31.823+0000] {subprocess.py:106} INFO - 26/05/12 08:22:31 INFO AppendDataExec: Data source write support IcebergBatchWrite(table=iceberg.bronze.it_jobs_raw, format=PARQUET) is committing.
[2026-05-12T08:22:31.844+0000] {subprocess.py:106} INFO - 26/05/12 08:22:31 INFO SparkWrite: Committing append with 1 new data files to table iceberg.bronze.it_jobs_raw
[2026-05-12T08:22:31.953+0000] {subprocess.py:106} INFO - 26/05/12 08:22:31 INFO BlockManagerInfo: Removed broadcast_19_piece0 on c05002f484b8:39499 in memory (size: 10.1 KiB, free: 433.5 MiB)
[2026-05-12T08:22:31.960+0000] {subprocess.py:106} INFO - 26/05/12 08:22:31 INFO BlockManagerInfo: Removed broadcast_19_piece0 on 172.30.0.8:33915 in memory (size: 10.1 KiB, free: 433.5 MiB)
[2026-05-12T08:22:35.481+0000] {subprocess.py:106} INFO - 26/05/12 08:22:35 INFO HiveTableOperations: Committed to table iceberg.bronze.it_jobs_raw with the new metadata location s3a://warehouse/iceberg_data/bronze.db/it_jobs_raw/metadata/00006-1a856cf7-b0e2-459d-bbc5-6ed3bae862c2.metadata.json
[2026-05-12T08:22:35.482+0000] {subprocess.py:106} INFO - 26/05/12 08:22:35 INFO BaseMetastoreTableOperations: Successfully committed to table iceberg.bronze.it_jobs_raw in 3106 ms
[2026-05-12T08:22:35.482+0000] {subprocess.py:106} INFO - 26/05/12 08:22:35 INFO SnapshotProducer: Committed snapshot 6952860676300137349 (MergeAppend)
[2026-05-12T08:22:35.497+0000] {subprocess.py:106} INFO - 26/05/12 08:22:35 INFO BaseMetastoreTableOperations: Refreshing table metadata from new version: s3a://warehouse/iceberg_data/bronze.db/it_jobs_raw/metadata/00006-1a856cf7-b0e2-459d-bbc5-6ed3bae862c2.metadata.json
[2026-05-12T08:22:35.563+0000] {subprocess.py:106} INFO - 26/05/12 08:22:35 INFO LoggingMetricsReporter: Received metrics report: CommitReport{tableName=iceberg.bronze.it_jobs_raw, snapshotId=6952860676300137349, sequenceNumber=7, operation=append, commitMetrics=CommitMetricsResult{totalDuration=TimerResult{timeUnit=NANOSECONDS, totalDuration=PT3.692727368S, count=1}, attempts=CounterResult{unit=COUNT, value=1}, addedDataFiles=CounterResult{unit=COUNT, value=1}, removedDataFiles=null, totalDataFiles=CounterResult{unit=COUNT, value=7}, addedDeleteFiles=null, addedEqualityDeleteFiles=null, addedPositionalDeleteFiles=null, removedDeleteFiles=null, removedEqualityDeleteFiles=null, removedPositionalDeleteFiles=null, totalDeleteFiles=CounterResult{unit=COUNT, value=0}, addedRecords=CounterResult{unit=COUNT, value=70}, removedRecords=null, totalRecords=CounterResult{unit=COUNT, value=14330}, addedFilesSizeInBytes=CounterResult{unit=BYTES, value=10130}, removedFilesSizeInBytes=null, totalFilesSizeInBytes=CounterResult{unit=BYTES, value=578998}, addedPositionalDeletes=null, removedPositionalDeletes=null, totalPositionalDeletes=CounterResult{unit=COUNT, value=0}, addedEqualityDeletes=null, removedEqualityDeletes=null, totalEqualityDeletes=CounterResult{unit=COUNT, value=0}}, metadata={engine-version=3.5.3, app-id=app-20260512082159-0000, engine-name=spark, iceberg-version=Apache Iceberg 1.6.1 (commit 8e9d59d299be42b0bca9461457cd1e95dbaad086)}}
[2026-05-12T08:22:35.564+0000] {subprocess.py:106} INFO - 26/05/12 08:22:35 INFO SparkWrite: Committed in 3719 ms
[2026-05-12T08:22:35.564+0000] {subprocess.py:106} INFO - 26/05/12 08:22:35 INFO AppendDataExec: Data source write support IcebergBatchWrite(table=iceberg.bronze.it_jobs_raw, format=PARQUET) committed.
[2026-05-12T08:22:35.567+0000] {subprocess.py:106} INFO - Append success.
[2026-05-12T08:22:35.568+0000] {subprocess.py:106} INFO - Process finished. Data available at: iceberg.bronze.it_jobs_raw
[2026-05-12T08:22:35.568+0000] {subprocess.py:106} INFO - 26/05/12 08:22:35 INFO SparkContext: SparkContext is stopping with exitCode 0.
[2026-05-12T08:22:35.582+0000] {subprocess.py:106} INFO - 26/05/12 08:22:35 INFO SparkUI: Stopped Spark web UI at http://c05002f484b8:4040
[2026-05-12T08:22:35.587+0000] {subprocess.py:106} INFO - 26/05/12 08:22:35 INFO StandaloneSchedulerBackend: Shutting down all executors
[2026-05-12T08:22:35.589+0000] {subprocess.py:106} INFO - 26/05/12 08:22:35 INFO StandaloneSchedulerBackend$StandaloneDriverEndpoint: Asking each executor to shut down
[2026-05-12T08:22:35.615+0000] {subprocess.py:106} INFO - 26/05/12 08:22:35 INFO MapOutputTrackerMasterEndpoint: MapOutputTrackerMasterEndpoint stopped!
[2026-05-12T08:22:35.652+0000] {subprocess.py:106} INFO - 26/05/12 08:22:35 INFO MemoryStore: MemoryStore cleared
[2026-05-12T08:22:35.653+0000] {subprocess.py:106} INFO - 26/05/12 08:22:35 INFO BlockManager: BlockManager stopped
[2026-05-12T08:22:35.663+0000] {subprocess.py:106} INFO - 26/05/12 08:22:35 INFO BlockManagerMaster: BlockManagerMaster stopped
[2026-05-12T08:22:35.668+0000] {subprocess.py:106} INFO - 26/05/12 08:22:35 INFO OutputCommitCoordinator$OutputCommitCoordinatorEndpoint: OutputCommitCoordinator stopped!
[2026-05-12T08:22:35.747+0000] {subprocess.py:106} INFO - 26/05/12 08:22:35 INFO SparkContext: Successfully stopped SparkContext
[2026-05-12T08:22:35.927+0000] {subprocess.py:106} INFO - 26/05/12 08:22:35 INFO ShutdownHookManager: Shutdown hook called
[2026-05-12T08:22:35.929+0000] {subprocess.py:106} INFO - 26/05/12 08:22:35 INFO ShutdownHookManager: Deleting directory /tmp/spark-c18d4caa-bc5e-417a-ac77-a62e9a33bf9e/pyspark-568d5939-7ba4-4794-b11e-8137505bf17d
[2026-05-12T08:22:35.942+0000] {subprocess.py:106} INFO - 26/05/12 08:22:35 INFO ShutdownHookManager: Deleting directory /tmp/spark-c18d4caa-bc5e-417a-ac77-a62e9a33bf9e
[2026-05-12T08:22:35.949+0000] {subprocess.py:106} INFO - 26/05/12 08:22:35 INFO ShutdownHookManager: Deleting directory /tmp/spark-24237e94-3815-4543-ac30-abf38faacd5f
[2026-05-12T08:22:35.959+0000] {subprocess.py:106} INFO - 26/05/12 08:22:35 INFO MetricsSystemImpl: Stopping s3a-file-system metrics system...
[2026-05-12T08:22:35.960+0000] {subprocess.py:106} INFO - 26/05/12 08:22:35 INFO MetricsSystemImpl: s3a-file-system metrics system stopped.
[2026-05-12T08:22:35.960+0000] {subprocess.py:106} INFO - 26/05/12 08:22:35 INFO MetricsSystemImpl: s3a-file-system metrics system shutdown complete.
[2026-05-12T08:22:36.116+0000] {subprocess.py:110} INFO - Command exited with return code 0
[2026-05-12T08:22:36.233+0000] {taskinstance.py:341} INFO - ::group::Post task execution logs
[2026-05-12T08:22:36.234+0000] {taskinstance.py:353} INFO - Marking task as SUCCESS. dag_id=crawl_etl_itjob, task_id=load_bronze, run_id=scheduled__2026-05-10T02:00:00+00:00, execution_date=20260510T020000, start_date=20260512T082151, end_date=20260512T082236
[2026-05-12T08:22:36.329+0000] {local_task_job_runner.py:266} INFO - Task exited with return code 0
[2026-05-12T08:22:36.379+0000] {taskinstance.py:3901} INFO - 1 downstream tasks scheduled from follow-on schedule check
[2026-05-12T08:22:36.383+0000] {local_task_job_runner.py:245} INFO - ::endgroup::
