[2026-04-05T10:41:11.133+0000] {local_task_job_runner.py:123} INFO - ::group::Pre task execution logs
[2026-04-05T10:41:11.219+0000] {taskinstance.py:2614} INFO - Dependencies all met for dep_context=non-requeueable deps ti=<TaskInstance: crawl_etl_itjob.clean_silver scheduled__2026-04-04T02:00:00+00:00 [queued]>
[2026-04-05T10:41:11.230+0000] {taskinstance.py:2614} INFO - Dependencies all met for dep_context=requeueable deps ti=<TaskInstance: crawl_etl_itjob.clean_silver scheduled__2026-04-04T02:00:00+00:00 [queued]>
[2026-04-05T10:41:11.231+0000] {taskinstance.py:2867} INFO - Starting attempt 1 of 2
[2026-04-05T10:41:11.241+0000] {taskinstance.py:2890} INFO - Executing <Task(BashOperator): clean_silver> on 2026-04-04 02:00:00+00:00
[2026-04-05T10:41:11.245+0000] {standard_task_runner.py:72} INFO - Started process 129 to run task
[2026-04-05T10:41:11.249+0000] {standard_task_runner.py:104} INFO - Running: ['***', 'tasks', 'run', 'crawl_etl_itjob', 'clean_silver', 'scheduled__2026-04-04T02:00:00+00:00', '--job-id', '774', '--raw', '--subdir', 'DAGS_FOLDER/Crawl_ETL_ITJob.py', '--cfg-path', '/tmp/tmphkhvz_bc']
[2026-04-05T10:41:11.250+0000] {standard_task_runner.py:105} INFO - Job 774: Subtask clean_silver
[2026-04-05T10:41:11.274+0000] {warnings.py:109} WARNING - /home/***/.local/lib/python3.8/site-packages/***/settings.py:209: DeprecationWarning: The sql_alchemy_conn option in [core] has been moved to the sql_alchemy_conn option in [database] - the old setting has been used, but please update your config.
  SQL_ALCHEMY_CONN = conf.get("database", "SQL_ALCHEMY_CONN")

[2026-04-05T10:41:11.372+0000] {task_command.py:467} INFO - Running <TaskInstance: crawl_etl_itjob.clean_silver scheduled__2026-04-04T02:00:00+00:00 [running]> on host b48ab74ce2ed
[2026-04-05T10:41:11.373+0000] {warnings.py:109} WARNING - /home/***/.local/lib/python3.8/site-packages/***/settings.py:470: DeprecationWarning: The sql_alchemy_conn option in [core] has been moved to the sql_alchemy_conn option in [database] - the old setting has been used, but please update your config.
  if conf.get("database", "sql_alchemy_conn") == "none://":

[2026-04-05T10:41:11.504+0000] {taskinstance.py:3134} INFO - Exporting env vars: AIRFLOW_CTX_DAG_EMAIL='hoa856856@gmail.com' AIRFLOW_CTX_DAG_OWNER='***' AIRFLOW_CTX_DAG_ID='crawl_etl_itjob' AIRFLOW_CTX_TASK_ID='clean_silver' AIRFLOW_CTX_EXECUTION_DATE='2026-04-04T02:00:00+00:00' AIRFLOW_CTX_TRY_NUMBER='1' AIRFLOW_CTX_DAG_RUN_ID='scheduled__2026-04-04T02:00:00+00:00'
[2026-04-05T10:41:11.505+0000] {taskinstance.py:732} INFO - ::endgroup::
[2026-04-05T10:41:11.516+0000] {subprocess.py:78} INFO - Tmp dir root location: /tmp
[2026-04-05T10:41:11.517+0000] {subprocess.py:88} INFO - Running command: ['/bin/bash', '-c', "\n        docker exec spark-submit bash -c '\n        /opt/spark/bin/spark-submit         --master spark://spark-master:7077         --deploy-mode client         --packages org.apache.iceberg:iceberg-spark-runtime-3.5_2.12:1.5.0,org.apache.hadoop:hadoop-aws:3.3.4,com.amazonaws:aws-java-sdk-bundle:1.12.262         /opt/spark/scripts/Clean_Silver.py\n        '\n        "]
[2026-04-05T10:41:11.527+0000] {subprocess.py:99} INFO - Output:
[2026-04-05T10:41:11.642+0000] {subprocess.py:106} INFO - /opt/spark/bin/load-spark-env.sh: line 68: ps: command not found
[2026-04-05T10:41:13.469+0000] {subprocess.py:106} INFO - :: loading settings :: url = jar:file:/opt/spark/jars/ivy-2.5.1.jar!/org/apache/ivy/core/settings/ivysettings.xml
[2026-04-05T10:41:13.581+0000] {subprocess.py:106} INFO - Ivy Default Cache set to: /home/spark/.ivy2/cache
[2026-04-05T10:41:13.582+0000] {subprocess.py:106} INFO - The jars for the packages stored in: /home/spark/.ivy2/jars
[2026-04-05T10:41:13.587+0000] {subprocess.py:106} INFO - org.apache.iceberg#iceberg-spark-runtime-3.5_2.12 added as a dependency
[2026-04-05T10:41:13.589+0000] {subprocess.py:106} INFO - org.apache.hadoop#hadoop-aws added as a dependency
[2026-04-05T10:41:13.589+0000] {subprocess.py:106} INFO - com.amazonaws#aws-java-sdk-bundle added as a dependency
[2026-04-05T10:41:13.590+0000] {subprocess.py:106} INFO - :: resolving dependencies :: org.apache.spark#spark-submit-parent-1953b844-10ef-45da-8a17-3af38088ce0c;1.0
[2026-04-05T10:41:13.590+0000] {subprocess.py:106} INFO - 	confs: [default]
[2026-04-05T10:41:13.693+0000] {subprocess.py:106} INFO - 	found org.apache.iceberg#iceberg-spark-runtime-3.5_2.12;1.5.0 in central
[2026-04-05T10:41:13.788+0000] {subprocess.py:106} INFO - 	found org.apache.hadoop#hadoop-aws;3.3.4 in central
[2026-04-05T10:41:13.825+0000] {subprocess.py:106} INFO - 	found com.amazonaws#aws-java-sdk-bundle;1.12.262 in central
[2026-04-05T10:41:13.866+0000] {subprocess.py:106} INFO - 	found org.wildfly.openssl#wildfly-openssl;1.0.7.Final in central
[2026-04-05T10:41:13.895+0000] {subprocess.py:106} INFO - :: resolution report :: resolve 293ms :: artifacts dl 13ms
[2026-04-05T10:41:13.896+0000] {subprocess.py:106} INFO - 	:: modules in use:
[2026-04-05T10:41:13.897+0000] {subprocess.py:106} INFO - 	com.amazonaws#aws-java-sdk-bundle;1.12.262 from central in [default]
[2026-04-05T10:41:13.898+0000] {subprocess.py:106} INFO - 	org.apache.hadoop#hadoop-aws;3.3.4 from central in [default]
[2026-04-05T10:41:13.899+0000] {subprocess.py:106} INFO - 	org.apache.iceberg#iceberg-spark-runtime-3.5_2.12;1.5.0 from central in [default]
[2026-04-05T10:41:13.899+0000] {subprocess.py:106} INFO - 	org.wildfly.openssl#wildfly-openssl;1.0.7.Final from central in [default]
[2026-04-05T10:41:13.900+0000] {subprocess.py:106} INFO - 	---------------------------------------------------------------------
[2026-04-05T10:41:13.900+0000] {subprocess.py:106} INFO - 	|                  |            modules            ||   artifacts   |
[2026-04-05T10:41:13.900+0000] {subprocess.py:106} INFO - 	|       conf       | number| search|dwnlded|evicted|| number|dwnlded|
[2026-04-05T10:41:13.901+0000] {subprocess.py:106} INFO - 	---------------------------------------------------------------------
[2026-04-05T10:41:13.901+0000] {subprocess.py:106} INFO - 	|      default     |   4   |   0   |   0   |   0   ||   4   |   0   |
[2026-04-05T10:41:13.902+0000] {subprocess.py:106} INFO - 	---------------------------------------------------------------------
[2026-04-05T10:41:13.905+0000] {subprocess.py:106} INFO - :: retrieving :: org.apache.spark#spark-submit-parent-1953b844-10ef-45da-8a17-3af38088ce0c
[2026-04-05T10:41:13.906+0000] {subprocess.py:106} INFO - 	confs: [default]
[2026-04-05T10:41:13.913+0000] {subprocess.py:106} INFO - 	0 artifacts copied, 4 already retrieved (0kB/8ms)
[2026-04-05T10:41:14.142+0000] {subprocess.py:106} INFO - 26/04/05 10:41:14 WARN NativeCodeLoader: Unable to load native-hadoop library for your platform... using builtin-java classes where applicable
[2026-04-05T10:41:15.419+0000] {subprocess.py:106} INFO - 26/04/05 10:41:15 INFO SparkContext: Running Spark version 3.5.3
[2026-04-05T10:41:15.420+0000] {subprocess.py:106} INFO - 26/04/05 10:41:15 INFO SparkContext: OS info Linux, 6.6.87.2-microsoft-standard-WSL2, amd64
[2026-04-05T10:41:15.423+0000] {subprocess.py:106} INFO - 26/04/05 10:41:15 INFO SparkContext: Java version 11.0.30
[2026-04-05T10:41:15.443+0000] {subprocess.py:106} INFO - 26/04/05 10:41:15 INFO ResourceUtils: ==============================================================
[2026-04-05T10:41:15.444+0000] {subprocess.py:106} INFO - 26/04/05 10:41:15 INFO ResourceUtils: No custom resources configured for spark.driver.
[2026-04-05T10:41:15.445+0000] {subprocess.py:106} INFO - 26/04/05 10:41:15 INFO ResourceUtils: ==============================================================
[2026-04-05T10:41:15.445+0000] {subprocess.py:106} INFO - 26/04/05 10:41:15 INFO SparkContext: Submitted application: Silver_Etl_Cleaning_Merge
[2026-04-05T10:41:15.467+0000] {subprocess.py:106} INFO - 26/04/05 10:41:15 INFO ResourceProfile: Default ResourceProfile created, executor resources: Map(memory -> name: memory, amount: 1024, script: , vendor: , offHeap -> name: offHeap, amount: 0, script: , vendor: ), task resources: Map(cpus -> name: cpus, amount: 1.0)
[2026-04-05T10:41:15.477+0000] {subprocess.py:106} INFO - 26/04/05 10:41:15 INFO ResourceProfile: Limiting resource is cpu
[2026-04-05T10:41:15.478+0000] {subprocess.py:106} INFO - 26/04/05 10:41:15 INFO ResourceProfileManager: Added ResourceProfile id: 0
[2026-04-05T10:41:15.524+0000] {subprocess.py:106} INFO - 26/04/05 10:41:15 INFO SecurityManager: Changing view acls to: spark
[2026-04-05T10:41:15.525+0000] {subprocess.py:106} INFO - 26/04/05 10:41:15 INFO SecurityManager: Changing modify acls to: spark
[2026-04-05T10:41:15.527+0000] {subprocess.py:106} INFO - 26/04/05 10:41:15 INFO SecurityManager: Changing view acls groups to:
[2026-04-05T10:41:15.528+0000] {subprocess.py:106} INFO - 26/04/05 10:41:15 INFO SecurityManager: Changing modify acls groups to:
[2026-04-05T10:41:15.529+0000] {subprocess.py:106} INFO - 26/04/05 10:41:15 INFO SecurityManager: SecurityManager: authentication disabled; ui acls disabled; users with view permissions: spark; groups with view permissions: EMPTY; users with modify permissions: spark; groups with modify permissions: EMPTY
[2026-04-05T10:41:15.960+0000] {subprocess.py:106} INFO - 26/04/05 10:41:15 INFO Utils: Successfully started service 'sparkDriver' on port 44439.
[2026-04-05T10:41:15.991+0000] {subprocess.py:106} INFO - 26/04/05 10:41:15 INFO SparkEnv: Registering MapOutputTracker
[2026-04-05T10:41:16.045+0000] {subprocess.py:106} INFO - 26/04/05 10:41:16 INFO SparkEnv: Registering BlockManagerMaster
[2026-04-05T10:41:16.066+0000] {subprocess.py:106} INFO - 26/04/05 10:41:16 INFO BlockManagerMasterEndpoint: Using org.apache.spark.storage.DefaultTopologyMapper for getting topology information
[2026-04-05T10:41:16.067+0000] {subprocess.py:106} INFO - 26/04/05 10:41:16 INFO BlockManagerMasterEndpoint: BlockManagerMasterEndpoint up
[2026-04-05T10:41:16.074+0000] {subprocess.py:106} INFO - 26/04/05 10:41:16 INFO SparkEnv: Registering BlockManagerMasterHeartbeat
[2026-04-05T10:41:16.104+0000] {subprocess.py:106} INFO - 26/04/05 10:41:16 INFO DiskBlockManager: Created local directory at /tmp/blockmgr-0f502ab7-33ff-495a-b0b7-88bba8637927
[2026-04-05T10:41:16.119+0000] {subprocess.py:106} INFO - 26/04/05 10:41:16 INFO MemoryStore: MemoryStore started with capacity 434.4 MiB
[2026-04-05T10:41:16.137+0000] {subprocess.py:106} INFO - 26/04/05 10:41:16 INFO SparkEnv: Registering OutputCommitCoordinator
[2026-04-05T10:41:16.368+0000] {subprocess.py:106} INFO - 26/04/05 10:41:16 INFO JettyUtils: Start Jetty 0.0.0.0:4040 for SparkUI
[2026-04-05T10:41:16.422+0000] {subprocess.py:106} INFO - 26/04/05 10:41:16 INFO Utils: Successfully started service 'SparkUI' on port 4040.
[2026-04-05T10:41:16.458+0000] {subprocess.py:106} INFO - 26/04/05 10:41:16 INFO SparkContext: Added JAR file:///home/spark/.ivy2/jars/org.apache.iceberg_iceberg-spark-runtime-3.5_2.12-1.5.0.jar at spark://d0f687c55036:44439/jars/org.apache.iceberg_iceberg-spark-runtime-3.5_2.12-1.5.0.jar with timestamp 1775385675408
[2026-04-05T10:41:16.460+0000] {subprocess.py:106} INFO - 26/04/05 10:41:16 INFO SparkContext: Added JAR file:///home/spark/.ivy2/jars/org.apache.hadoop_hadoop-aws-3.3.4.jar at spark://d0f687c55036:44439/jars/org.apache.hadoop_hadoop-aws-3.3.4.jar with timestamp 1775385675408
[2026-04-05T10:41:16.461+0000] {subprocess.py:106} INFO - 26/04/05 10:41:16 INFO SparkContext: Added JAR file:///home/spark/.ivy2/jars/com.amazonaws_aws-java-sdk-bundle-1.12.262.jar at spark://d0f687c55036:44439/jars/com.amazonaws_aws-java-sdk-bundle-1.12.262.jar with timestamp 1775385675408
[2026-04-05T10:41:16.461+0000] {subprocess.py:106} INFO - 26/04/05 10:41:16 INFO SparkContext: Added JAR file:///home/spark/.ivy2/jars/org.wildfly.openssl_wildfly-openssl-1.0.7.Final.jar at spark://d0f687c55036:44439/jars/org.wildfly.openssl_wildfly-openssl-1.0.7.Final.jar with timestamp 1775385675408
[2026-04-05T10:41:16.464+0000] {subprocess.py:106} INFO - 26/04/05 10:41:16 INFO SparkContext: Added file file:///home/spark/.ivy2/jars/org.apache.iceberg_iceberg-spark-runtime-3.5_2.12-1.5.0.jar at spark://d0f687c55036:44439/files/org.apache.iceberg_iceberg-spark-runtime-3.5_2.12-1.5.0.jar with timestamp 1775385675408
[2026-04-05T10:41:16.466+0000] {subprocess.py:106} INFO - 26/04/05 10:41:16 INFO Utils: Copying /home/spark/.ivy2/jars/org.apache.iceberg_iceberg-spark-runtime-3.5_2.12-1.5.0.jar to /tmp/spark-8d21e648-248c-4de0-baa6-c9e3952bb0c4/userFiles-bf210365-4590-409a-97b6-4cbb26530292/org.apache.iceberg_iceberg-spark-runtime-3.5_2.12-1.5.0.jar
[2026-04-05T10:41:16.529+0000] {subprocess.py:106} INFO - 26/04/05 10:41:16 INFO SparkContext: Added file file:///home/spark/.ivy2/jars/org.apache.hadoop_hadoop-aws-3.3.4.jar at spark://d0f687c55036:44439/files/org.apache.hadoop_hadoop-aws-3.3.4.jar with timestamp 1775385675408
[2026-04-05T10:41:16.530+0000] {subprocess.py:106} INFO - 26/04/05 10:41:16 INFO Utils: Copying /home/spark/.ivy2/jars/org.apache.hadoop_hadoop-aws-3.3.4.jar to /tmp/spark-8d21e648-248c-4de0-baa6-c9e3952bb0c4/userFiles-bf210365-4590-409a-97b6-4cbb26530292/org.apache.hadoop_hadoop-aws-3.3.4.jar
[2026-04-05T10:41:16.542+0000] {subprocess.py:106} INFO - 26/04/05 10:41:16 INFO SparkContext: Added file file:///home/spark/.ivy2/jars/com.amazonaws_aws-java-sdk-bundle-1.12.262.jar at spark://d0f687c55036:44439/files/com.amazonaws_aws-java-sdk-bundle-1.12.262.jar with timestamp 1775385675408
[2026-04-05T10:41:16.543+0000] {subprocess.py:106} INFO - 26/04/05 10:41:16 INFO Utils: Copying /home/spark/.ivy2/jars/com.amazonaws_aws-java-sdk-bundle-1.12.262.jar to /tmp/spark-8d21e648-248c-4de0-baa6-c9e3952bb0c4/userFiles-bf210365-4590-409a-97b6-4cbb26530292/com.amazonaws_aws-java-sdk-bundle-1.12.262.jar
[2026-04-05T10:41:16.800+0000] {subprocess.py:106} INFO - 26/04/05 10:41:16 INFO SparkContext: Added file file:///home/spark/.ivy2/jars/org.wildfly.openssl_wildfly-openssl-1.0.7.Final.jar at spark://d0f687c55036:44439/files/org.wildfly.openssl_wildfly-openssl-1.0.7.Final.jar with timestamp 1775385675408
[2026-04-05T10:41:16.801+0000] {subprocess.py:106} INFO - 26/04/05 10:41:16 INFO Utils: Copying /home/spark/.ivy2/jars/org.wildfly.openssl_wildfly-openssl-1.0.7.Final.jar to /tmp/spark-8d21e648-248c-4de0-baa6-c9e3952bb0c4/userFiles-bf210365-4590-409a-97b6-4cbb26530292/org.wildfly.openssl_wildfly-openssl-1.0.7.Final.jar
[2026-04-05T10:41:16.925+0000] {subprocess.py:106} INFO - 26/04/05 10:41:16 INFO StandaloneAppClient$ClientEndpoint: Connecting to master spark://spark-master:7077...
[2026-04-05T10:41:16.979+0000] {subprocess.py:106} INFO - 26/04/05 10:41:16 INFO TransportClientFactory: Successfully created connection to spark-master/172.30.0.5:7077 after 34 ms (0 ms spent in bootstraps)
[2026-04-05T10:41:17.094+0000] {subprocess.py:106} INFO - 26/04/05 10:41:17 INFO StandaloneSchedulerBackend: Connected to Spark cluster with app ID app-20260405104117-0004
[2026-04-05T10:41:17.097+0000] {subprocess.py:106} INFO - 26/04/05 10:41:17 INFO StandaloneAppClient$ClientEndpoint: Executor added: app-20260405104117-0004/0 on worker-20260405101051-172.30.0.6-42535 (172.30.0.6:42535) with 8 core(s)
[2026-04-05T10:41:17.103+0000] {subprocess.py:106} INFO - 26/04/05 10:41:17 INFO StandaloneSchedulerBackend: Granted executor ID app-20260405104117-0004/0 on hostPort 172.30.0.6:42535 with 8 core(s), 1024.0 MiB RAM
[2026-04-05T10:41:17.112+0000] {subprocess.py:106} INFO - 26/04/05 10:41:17 INFO Utils: Successfully started service 'org.apache.spark.network.netty.NettyBlockTransferService' on port 46673.
[2026-04-05T10:41:17.113+0000] {subprocess.py:106} INFO - 26/04/05 10:41:17 INFO NettyBlockTransferService: Server created on d0f687c55036:46673
[2026-04-05T10:41:17.115+0000] {subprocess.py:106} INFO - 26/04/05 10:41:17 INFO BlockManager: Using org.apache.spark.storage.RandomBlockReplicationPolicy for block replication policy
[2026-04-05T10:41:17.125+0000] {subprocess.py:106} INFO - 26/04/05 10:41:17 INFO BlockManagerMaster: Registering BlockManager BlockManagerId(driver, d0f687c55036, 46673, None)
[2026-04-05T10:41:17.130+0000] {subprocess.py:106} INFO - 26/04/05 10:41:17 INFO BlockManagerMasterEndpoint: Registering block manager d0f687c55036:46673 with 434.4 MiB RAM, BlockManagerId(driver, d0f687c55036, 46673, None)
[2026-04-05T10:41:17.134+0000] {subprocess.py:106} INFO - 26/04/05 10:41:17 INFO BlockManagerMaster: Registered BlockManager BlockManagerId(driver, d0f687c55036, 46673, None)
[2026-04-05T10:41:17.137+0000] {subprocess.py:106} INFO - 26/04/05 10:41:17 INFO BlockManager: Initialized BlockManager: BlockManagerId(driver, d0f687c55036, 46673, None)
[2026-04-05T10:41:17.187+0000] {subprocess.py:106} INFO - 26/04/05 10:41:17 INFO StandaloneAppClient$ClientEndpoint: Executor updated: app-20260405104117-0004/0 is now RUNNING
[2026-04-05T10:41:17.517+0000] {subprocess.py:106} INFO - 26/04/05 10:41:17 INFO StandaloneSchedulerBackend: SchedulerBackend is ready for scheduling beginning after reached minRegisteredResourcesRatio: 0.0
[2026-04-05T10:41:17.846+0000] {subprocess.py:106} INFO - 26/04/05 10:41:17 INFO SharedState: Setting hive.metastore.warehouse.dir ('null') to the value of spark.sql.warehouse.dir.
[2026-04-05T10:41:17.850+0000] {subprocess.py:106} INFO - 26/04/05 10:41:17 INFO SharedState: Warehouse path is 'file:/opt/spark/spark-warehouse'.
[2026-04-05T10:41:20.790+0000] {subprocess.py:106} INFO - 26/04/05 10:41:20 INFO HiveConf: Found configuration file null
[2026-04-05T10:41:21.035+0000] {subprocess.py:106} INFO - 26/04/05 10:41:21 INFO metastore: Trying to connect to metastore with URI thrift://hive-metastore:9083
[2026-04-05T10:41:21.065+0000] {subprocess.py:106} INFO - 26/04/05 10:41:21 INFO metastore: Opened a connection to metastore, current connections: 1
[2026-04-05T10:41:21.084+0000] {subprocess.py:106} INFO - 26/04/05 10:41:21 INFO StandaloneSchedulerBackend$StandaloneDriverEndpoint: Registered executor NettyRpcEndpointRef(spark-client://Executor) (172.30.0.6:40026) with ID 0,  ResourceProfileId 0
[2026-04-05T10:41:21.127+0000] {subprocess.py:106} INFO - 26/04/05 10:41:21 INFO metastore: Connected to metastore.
[2026-04-05T10:41:21.247+0000] {subprocess.py:106} INFO - 26/04/05 10:41:21 INFO BlockManagerMasterEndpoint: Registering block manager 172.30.0.6:35303 with 434.4 MiB RAM, BlockManagerId(0, 172.30.0.6, 35303, None)
[2026-04-05T10:41:21.438+0000] {subprocess.py:106} INFO - 26/04/05 10:41:21 INFO BaseMetastoreTableOperations: Refreshing table metadata from new version: s3a://warehouse/iceberg_data/silver.db/it_jobs_clean/metadata/00027-c7ebe823-cbff-431e-8021-292d9b06a145.metadata.json
[2026-04-05T10:41:21.712+0000] {subprocess.py:106} INFO - 26/04/05 10:41:21 WARN MetricsConfig: Cannot locate configuration: tried hadoop-metrics2-s3a-file-system.properties,hadoop-metrics2.properties
[2026-04-05T10:41:21.764+0000] {subprocess.py:106} INFO - 26/04/05 10:41:21 INFO MetricsSystemImpl: Scheduled Metric snapshot period at 10 second(s).
[2026-04-05T10:41:21.765+0000] {subprocess.py:106} INFO - 26/04/05 10:41:21 INFO MetricsSystemImpl: s3a-file-system metrics system started
[2026-04-05T10:41:23.877+0000] {subprocess.py:106} INFO - 26/04/05 10:41:23 INFO BaseMetastoreCatalog: Table loaded by catalog: iceberg.silver.it_jobs_clean
[2026-04-05T10:41:25.297+0000] {subprocess.py:106} INFO - 26/04/05 10:41:25 INFO SnapshotScan: Scanning table iceberg.silver.it_jobs_clean snapshot 7532329983147219645 created at 2026-04-05T10:26:14.449+00:00 with filter true
[2026-04-05T10:41:25.651+0000] {subprocess.py:106} INFO - 26/04/05 10:41:25 INFO BaseDistributedDataScan: Planning file tasks locally for table iceberg.silver.it_jobs_clean
[2026-04-05T10:41:26.051+0000] {subprocess.py:106} INFO - 26/04/05 10:41:26 INFO V2ScanRelationPushDown:
[2026-04-05T10:41:26.052+0000] {subprocess.py:106} INFO - Pushing operators to iceberg.silver.it_jobs_clean
[2026-04-05T10:41:26.053+0000] {subprocess.py:106} INFO - Pushed Aggregate Functions:
[2026-04-05T10:41:26.054+0000] {subprocess.py:106} INFO -  MAX(ingest_time)
[2026-04-05T10:41:26.054+0000] {subprocess.py:106} INFO - Pushed Group by:
[2026-04-05T10:41:26.055+0000] {subprocess.py:106} INFO - 
[2026-04-05T10:41:26.056+0000] {subprocess.py:106} INFO - 
[2026-04-05T10:41:27.263+0000] {subprocess.py:106} INFO - 26/04/05 10:41:27 INFO CodeGenerator: Code generated in 372.46021 ms
[2026-04-05T10:41:27.283+0000] {subprocess.py:106} INFO - 26/04/05 10:41:27 INFO CodeGenerator: Code generated in 12.294895 ms
[2026-04-05T10:41:27.375+0000] {subprocess.py:106} INFO - 26/04/05 10:41:27 INFO DAGScheduler: Registering RDD 2 (collect at /opt/spark/scripts/Clean_Silver.py:56) as input to shuffle 0
[2026-04-05T10:41:27.380+0000] {subprocess.py:106} INFO - 26/04/05 10:41:27 INFO DAGScheduler: Got map stage job 0 (collect at /opt/spark/scripts/Clean_Silver.py:56) with 1 output partitions
[2026-04-05T10:41:27.380+0000] {subprocess.py:106} INFO - 26/04/05 10:41:27 INFO DAGScheduler: Final stage: ShuffleMapStage 0 (collect at /opt/spark/scripts/Clean_Silver.py:56)
[2026-04-05T10:41:27.381+0000] {subprocess.py:106} INFO - 26/04/05 10:41:27 INFO DAGScheduler: Parents of final stage: List()
[2026-04-05T10:41:27.383+0000] {subprocess.py:106} INFO - 26/04/05 10:41:27 INFO DAGScheduler: Missing parents: List()
[2026-04-05T10:41:27.386+0000] {subprocess.py:106} INFO - 26/04/05 10:41:27 INFO DAGScheduler: Submitting ShuffleMapStage 0 (MapPartitionsRDD[2] at collect at /opt/spark/scripts/Clean_Silver.py:56), which has no missing parents
[2026-04-05T10:41:27.488+0000] {subprocess.py:106} INFO - 26/04/05 10:41:27 INFO MemoryStore: Block broadcast_0 stored as values in memory (estimated size 12.0 KiB, free 434.4 MiB)
[2026-04-05T10:41:27.527+0000] {subprocess.py:106} INFO - 26/04/05 10:41:27 INFO MemoryStore: Block broadcast_0_piece0 stored as bytes in memory (estimated size 6.0 KiB, free 434.4 MiB)
[2026-04-05T10:41:27.531+0000] {subprocess.py:106} INFO - 26/04/05 10:41:27 INFO BlockManagerInfo: Added broadcast_0_piece0 in memory on d0f687c55036:46673 (size: 6.0 KiB, free: 434.4 MiB)
[2026-04-05T10:41:27.545+0000] {subprocess.py:106} INFO - 26/04/05 10:41:27 INFO SparkContext: Created broadcast 0 from broadcast at DAGScheduler.scala:1585
[2026-04-05T10:41:27.567+0000] {subprocess.py:106} INFO - 26/04/05 10:41:27 INFO DAGScheduler: Submitting 1 missing tasks from ShuffleMapStage 0 (MapPartitionsRDD[2] at collect at /opt/spark/scripts/Clean_Silver.py:56) (first 15 tasks are for partitions Vector(0))
[2026-04-05T10:41:27.569+0000] {subprocess.py:106} INFO - 26/04/05 10:41:27 INFO TaskSchedulerImpl: Adding task set 0.0 with 1 tasks resource profile 0
[2026-04-05T10:41:27.600+0000] {subprocess.py:106} INFO - 26/04/05 10:41:27 INFO TaskSetManager: Starting task 0.0 in stage 0.0 (TID 0) (172.30.0.6, executor 0, partition 0, PROCESS_LOCAL, 10137 bytes)
[2026-04-05T10:41:27.822+0000] {subprocess.py:106} INFO - 26/04/05 10:41:27 INFO BlockManagerInfo: Added broadcast_0_piece0 in memory on 172.30.0.6:35303 (size: 6.0 KiB, free: 434.4 MiB)
[2026-04-05T10:41:28.933+0000] {subprocess.py:106} INFO - 26/04/05 10:41:28 INFO TaskSetManager: Finished task 0.0 in stage 0.0 (TID 0) in 1347 ms on 172.30.0.6 (executor 0) (1/1)
[2026-04-05T10:41:28.935+0000] {subprocess.py:106} INFO - 26/04/05 10:41:28 INFO TaskSchedulerImpl: Removed TaskSet 0.0, whose tasks have all completed, from pool
[2026-04-05T10:41:28.942+0000] {subprocess.py:106} INFO - 26/04/05 10:41:28 INFO DAGScheduler: ShuffleMapStage 0 (collect at /opt/spark/scripts/Clean_Silver.py:56) finished in 1.543 s
[2026-04-05T10:41:28.943+0000] {subprocess.py:106} INFO - 26/04/05 10:41:28 INFO DAGScheduler: looking for newly runnable stages
[2026-04-05T10:41:28.944+0000] {subprocess.py:106} INFO - 26/04/05 10:41:28 INFO DAGScheduler: running: Set()
[2026-04-05T10:41:28.945+0000] {subprocess.py:106} INFO - 26/04/05 10:41:28 INFO DAGScheduler: waiting: Set()
[2026-04-05T10:41:28.947+0000] {subprocess.py:106} INFO - 26/04/05 10:41:28 INFO DAGScheduler: failed: Set()
[2026-04-05T10:41:28.989+0000] {subprocess.py:106} INFO - 26/04/05 10:41:28 INFO CodeGenerator: Code generated in 12.103886 ms
[2026-04-05T10:41:29.052+0000] {subprocess.py:106} INFO - 26/04/05 10:41:29 INFO SparkContext: Starting job: collect at /opt/spark/scripts/Clean_Silver.py:56
[2026-04-05T10:41:29.057+0000] {subprocess.py:106} INFO - 26/04/05 10:41:29 INFO DAGScheduler: Got job 1 (collect at /opt/spark/scripts/Clean_Silver.py:56) with 1 output partitions
[2026-04-05T10:41:29.058+0000] {subprocess.py:106} INFO - 26/04/05 10:41:29 INFO DAGScheduler: Final stage: ResultStage 2 (collect at /opt/spark/scripts/Clean_Silver.py:56)
[2026-04-05T10:41:29.059+0000] {subprocess.py:106} INFO - 26/04/05 10:41:29 INFO DAGScheduler: Parents of final stage: List(ShuffleMapStage 1)
[2026-04-05T10:41:29.060+0000] {subprocess.py:106} INFO - 26/04/05 10:41:29 INFO DAGScheduler: Missing parents: List()
[2026-04-05T10:41:29.065+0000] {subprocess.py:106} INFO - 26/04/05 10:41:29 INFO DAGScheduler: Submitting ResultStage 2 (MapPartitionsRDD[5] at collect at /opt/spark/scripts/Clean_Silver.py:56), which has no missing parents
[2026-04-05T10:41:29.086+0000] {subprocess.py:106} INFO - 26/04/05 10:41:29 INFO MemoryStore: Block broadcast_1 stored as values in memory (estimated size 13.1 KiB, free 434.4 MiB)
[2026-04-05T10:41:29.109+0000] {subprocess.py:106} INFO - 26/04/05 10:41:29 INFO MemoryStore: Block broadcast_1_piece0 stored as bytes in memory (estimated size 6.1 KiB, free 434.4 MiB)
[2026-04-05T10:41:29.113+0000] {subprocess.py:106} INFO - 26/04/05 10:41:29 INFO BlockManagerInfo: Added broadcast_1_piece0 in memory on d0f687c55036:46673 (size: 6.1 KiB, free: 434.4 MiB)
[2026-04-05T10:41:29.116+0000] {subprocess.py:106} INFO - 26/04/05 10:41:29 INFO SparkContext: Created broadcast 1 from broadcast at DAGScheduler.scala:1585
[2026-04-05T10:41:29.124+0000] {subprocess.py:106} INFO - 26/04/05 10:41:29 INFO DAGScheduler: Submitting 1 missing tasks from ResultStage 2 (MapPartitionsRDD[5] at collect at /opt/spark/scripts/Clean_Silver.py:56) (first 15 tasks are for partitions Vector(0))
[2026-04-05T10:41:29.126+0000] {subprocess.py:106} INFO - 26/04/05 10:41:29 INFO TaskSchedulerImpl: Adding task set 2.0 with 1 tasks resource profile 0
[2026-04-05T10:41:29.137+0000] {subprocess.py:106} INFO - 26/04/05 10:41:29 INFO TaskSetManager: Starting task 0.0 in stage 2.0 (TID 1) (172.30.0.6, executor 0, partition 0, NODE_LOCAL, 9976 bytes)
[2026-04-05T10:41:29.159+0000] {subprocess.py:106} INFO - 26/04/05 10:41:29 INFO BlockManagerInfo: Removed broadcast_0_piece0 on d0f687c55036:46673 in memory (size: 6.0 KiB, free: 434.4 MiB)
[2026-04-05T10:41:29.192+0000] {subprocess.py:106} INFO - 26/04/05 10:41:29 INFO BlockManagerInfo: Removed broadcast_0_piece0 on 172.30.0.6:35303 in memory (size: 6.0 KiB, free: 434.4 MiB)
[2026-04-05T10:41:29.212+0000] {subprocess.py:106} INFO - 26/04/05 10:41:29 INFO BlockManagerInfo: Added broadcast_1_piece0 in memory on 172.30.0.6:35303 (size: 6.1 KiB, free: 434.4 MiB)
[2026-04-05T10:41:29.325+0000] {subprocess.py:106} INFO - 26/04/05 10:41:29 INFO MapOutputTrackerMasterEndpoint: Asked to send map output locations for shuffle 0 to 172.30.0.6:40026
[2026-04-05T10:41:29.539+0000] {subprocess.py:106} INFO - 26/04/05 10:41:29 INFO TaskSetManager: Finished task 0.0 in stage 2.0 (TID 1) in 404 ms on 172.30.0.6 (executor 0) (1/1)
[2026-04-05T10:41:29.540+0000] {subprocess.py:106} INFO - 26/04/05 10:41:29 INFO TaskSchedulerImpl: Removed TaskSet 2.0, whose tasks have all completed, from pool
[2026-04-05T10:41:29.543+0000] {subprocess.py:106} INFO - 26/04/05 10:41:29 INFO DAGScheduler: ResultStage 2 (collect at /opt/spark/scripts/Clean_Silver.py:56) finished in 0.463 s
[2026-04-05T10:41:29.551+0000] {subprocess.py:106} INFO - 26/04/05 10:41:29 INFO DAGScheduler: Job 1 is finished. Cancelling potential speculative or zombie tasks for this job
[2026-04-05T10:41:29.552+0000] {subprocess.py:106} INFO - 26/04/05 10:41:29 INFO TaskSchedulerImpl: Killing all running tasks in stage 2: Stage finished
[2026-04-05T10:41:29.552+0000] {subprocess.py:106} INFO - 26/04/05 10:41:29 INFO DAGScheduler: Job 1 finished: collect at /opt/spark/scripts/Clean_Silver.py:56, took 0.499193 s
[2026-04-05T10:41:29.861+0000] {subprocess.py:106} INFO - >>> Watermark (Last Processed Time): 2026-03-21 04:57:09.213115
[2026-04-05T10:41:29.900+0000] {subprocess.py:106} INFO - 26/04/05 10:41:29 INFO BaseMetastoreTableOperations: Refreshing table metadata from new version: s3a://warehouse/iceberg_data/bronze.db/it_jobs_raw/metadata/00028-35e954d2-f9e4-4d74-8d40-2373ad666cbf.metadata.json
[2026-04-05T10:41:29.926+0000] {subprocess.py:106} INFO - 26/04/05 10:41:29 INFO BaseMetastoreCatalog: Table loaded by catalog: iceberg.bronze.it_jobs_raw
[2026-04-05T10:41:29.945+0000] {subprocess.py:106} INFO - >>> INCREMENTAL LOAD: Reading only new data...
[2026-04-05T10:41:30.276+0000] {subprocess.py:106} INFO - 26/04/05 10:41:30 INFO V2ScanRelationPushDown:
[2026-04-05T10:41:30.277+0000] {subprocess.py:106} INFO - Pushing operators to iceberg.bronze.it_jobs_raw
[2026-04-05T10:41:30.277+0000] {subprocess.py:106} INFO - Pushed Filters: ingest_time IS NOT NULL, ingest_time > 1774069029213115
[2026-04-05T10:41:30.278+0000] {subprocess.py:106} INFO - Post-Scan Filters: isnotnull(ingest_time#36),(ingest_time#36 > 2026-03-21 04:57:09.213115)
[2026-04-05T10:41:30.278+0000] {subprocess.py:106} INFO - 
[2026-04-05T10:41:30.308+0000] {subprocess.py:106} INFO - 26/04/05 10:41:30 INFO V2ScanRelationPushDown:
[2026-04-05T10:41:30.309+0000] {subprocess.py:106} INFO - Output: ingest_time#36
[2026-04-05T10:41:30.309+0000] {subprocess.py:106} INFO - 
[2026-04-05T10:41:30.319+0000] {subprocess.py:106} INFO - 26/04/05 10:41:30 INFO SnapshotScan: Scanning table iceberg.bronze.it_jobs_raw snapshot 1127584520729198846 created at 2026-04-05T10:41:07.874+00:00 with filter (ingest_time IS NOT NULL AND ingest_time > (16-digit-int))
[2026-04-05T10:41:30.370+0000] {subprocess.py:106} INFO - 26/04/05 10:41:30 INFO BaseDistributedDataScan: Planning file tasks locally for table iceberg.bronze.it_jobs_raw
[2026-04-05T10:41:30.482+0000] {subprocess.py:106} INFO - 26/04/05 10:41:30 INFO BlockManagerInfo: Removed broadcast_1_piece0 on 172.30.0.6:35303 in memory (size: 6.1 KiB, free: 434.4 MiB)
[2026-04-05T10:41:30.492+0000] {subprocess.py:106} INFO - 26/04/05 10:41:30 INFO BlockManagerInfo: Removed broadcast_1_piece0 on d0f687c55036:46673 in memory (size: 6.1 KiB, free: 434.4 MiB)
[2026-04-05T10:41:30.564+0000] {subprocess.py:106} INFO - 26/04/05 10:41:30 INFO SparkPartitioningAwareScan: Reporting UnknownPartitioning with 3 partition(s) for table iceberg.bronze.it_jobs_raw
[2026-04-05T10:41:30.588+0000] {subprocess.py:106} INFO - 26/04/05 10:41:30 INFO MemoryStore: Block broadcast_2 stored as values in memory (estimated size 32.0 KiB, free 434.4 MiB)
[2026-04-05T10:41:30.634+0000] {subprocess.py:106} INFO - 26/04/05 10:41:30 INFO MemoryStore: Block broadcast_2_piece0 stored as bytes in memory (estimated size 30.3 KiB, free 434.3 MiB)
[2026-04-05T10:41:30.637+0000] {subprocess.py:106} INFO - 26/04/05 10:41:30 INFO BlockManagerInfo: Added broadcast_2_piece0 in memory on d0f687c55036:46673 (size: 30.3 KiB, free: 434.4 MiB)
[2026-04-05T10:41:30.639+0000] {subprocess.py:106} INFO - 26/04/05 10:41:30 INFO SparkContext: Created broadcast 2 from broadcast at SparkBatch.java:79
[2026-04-05T10:41:30.656+0000] {subprocess.py:106} INFO - 26/04/05 10:41:30 INFO MemoryStore: Block broadcast_3 stored as values in memory (estimated size 32.0 KiB, free 434.3 MiB)
[2026-04-05T10:41:30.661+0000] {subprocess.py:106} INFO - 26/04/05 10:41:30 INFO MemoryStore: Block broadcast_3_piece0 stored as bytes in memory (estimated size 30.2 KiB, free 434.3 MiB)
[2026-04-05T10:41:30.662+0000] {subprocess.py:106} INFO - 26/04/05 10:41:30 INFO BlockManagerInfo: Added broadcast_3_piece0 in memory on d0f687c55036:46673 (size: 30.2 KiB, free: 434.3 MiB)
[2026-04-05T10:41:30.677+0000] {subprocess.py:106} INFO - 26/04/05 10:41:30 INFO SparkContext: Created broadcast 3 from broadcast at SparkBatch.java:79
[2026-04-05T10:41:30.816+0000] {subprocess.py:106} INFO - 26/04/05 10:41:30 INFO CodeGenerator: Code generated in 40.474462 ms
[2026-04-05T10:41:30.839+0000] {subprocess.py:106} INFO - 26/04/05 10:41:30 INFO DAGScheduler: Registering RDD 9 (count at NativeMethodAccessorImpl.java:0) as input to shuffle 1
[2026-04-05T10:41:30.840+0000] {subprocess.py:106} INFO - 26/04/05 10:41:30 INFO DAGScheduler: Got map stage job 2 (count at NativeMethodAccessorImpl.java:0) with 3 output partitions
[2026-04-05T10:41:30.841+0000] {subprocess.py:106} INFO - 26/04/05 10:41:30 INFO DAGScheduler: Final stage: ShuffleMapStage 3 (count at NativeMethodAccessorImpl.java:0)
[2026-04-05T10:41:30.846+0000] {subprocess.py:106} INFO - 26/04/05 10:41:30 INFO DAGScheduler: Parents of final stage: List()
[2026-04-05T10:41:30.847+0000] {subprocess.py:106} INFO - 26/04/05 10:41:30 INFO DAGScheduler: Missing parents: List()
[2026-04-05T10:41:30.852+0000] {subprocess.py:106} INFO - 26/04/05 10:41:30 INFO DAGScheduler: Submitting ShuffleMapStage 3 (MapPartitionsRDD[9] at count at NativeMethodAccessorImpl.java:0), which has no missing parents
[2026-04-05T10:41:30.852+0000] {subprocess.py:106} INFO - 26/04/05 10:41:30 INFO MemoryStore: Block broadcast_4 stored as values in memory (estimated size 17.8 KiB, free 434.3 MiB)
[2026-04-05T10:41:30.863+0000] {subprocess.py:106} INFO - 26/04/05 10:41:30 INFO MemoryStore: Block broadcast_4_piece0 stored as bytes in memory (estimated size 7.6 KiB, free 434.3 MiB)
[2026-04-05T10:41:30.866+0000] {subprocess.py:106} INFO - 26/04/05 10:41:30 INFO BlockManagerInfo: Added broadcast_4_piece0 in memory on d0f687c55036:46673 (size: 7.6 KiB, free: 434.3 MiB)
[2026-04-05T10:41:30.868+0000] {subprocess.py:106} INFO - 26/04/05 10:41:30 INFO SparkContext: Created broadcast 4 from broadcast at DAGScheduler.scala:1585
[2026-04-05T10:41:30.875+0000] {subprocess.py:106} INFO - 26/04/05 10:41:30 INFO DAGScheduler: Submitting 3 missing tasks from ShuffleMapStage 3 (MapPartitionsRDD[9] at count at NativeMethodAccessorImpl.java:0) (first 15 tasks are for partitions Vector(0, 1, 2))
[2026-04-05T10:41:30.888+0000] {subprocess.py:106} INFO - 26/04/05 10:41:30 INFO TaskSchedulerImpl: Adding task set 3.0 with 3 tasks resource profile 0
[2026-04-05T10:41:30.934+0000] {subprocess.py:106} INFO - 26/04/05 10:41:30 INFO TaskSetManager: Starting task 0.0 in stage 3.0 (TID 2) (172.30.0.6, executor 0, partition 0, PROCESS_LOCAL, 16748 bytes)
[2026-04-05T10:41:30.936+0000] {subprocess.py:106} INFO - 26/04/05 10:41:30 INFO TaskSetManager: Starting task 1.0 in stage 3.0 (TID 3) (172.30.0.6, executor 0, partition 1, PROCESS_LOCAL, 16748 bytes)
[2026-04-05T10:41:30.939+0000] {subprocess.py:106} INFO - 26/04/05 10:41:30 INFO TaskSetManager: Starting task 2.0 in stage 3.0 (TID 4) (172.30.0.6, executor 0, partition 2, PROCESS_LOCAL, 15368 bytes)
[2026-04-05T10:41:31.453+0000] {subprocess.py:106} INFO - 26/04/05 10:41:31 INFO BlockManagerInfo: Added broadcast_4_piece0 in memory on 172.30.0.6:35303 (size: 7.6 KiB, free: 434.4 MiB)
[2026-04-05T10:41:31.531+0000] {subprocess.py:106} INFO - 26/04/05 10:41:31 INFO BlockManagerInfo: Added broadcast_3_piece0 in memory on 172.30.0.6:35303 (size: 30.2 KiB, free: 434.4 MiB)
[2026-04-05T10:41:37.399+0000] {subprocess.py:106} INFO - 26/04/05 10:41:37 INFO TaskSetManager: Finished task 2.0 in stage 3.0 (TID 4) in 6457 ms on 172.30.0.6 (executor 0) (1/3)
[2026-04-05T10:41:37.726+0000] {subprocess.py:106} INFO - 26/04/05 10:41:37 INFO TaskSetManager: Finished task 0.0 in stage 3.0 (TID 2) in 6854 ms on 172.30.0.6 (executor 0) (2/3)
[2026-04-05T10:41:37.733+0000] {subprocess.py:106} INFO - 26/04/05 10:41:37 INFO TaskSetManager: Finished task 1.0 in stage 3.0 (TID 3) in 6799 ms on 172.30.0.6 (executor 0) (3/3)
[2026-04-05T10:41:37.736+0000] {subprocess.py:106} INFO - 26/04/05 10:41:37 INFO TaskSchedulerImpl: Removed TaskSet 3.0, whose tasks have all completed, from pool
[2026-04-05T10:41:37.738+0000] {subprocess.py:106} INFO - 26/04/05 10:41:37 INFO DAGScheduler: ShuffleMapStage 3 (count at NativeMethodAccessorImpl.java:0) finished in 6.890 s
[2026-04-05T10:41:37.740+0000] {subprocess.py:106} INFO - 26/04/05 10:41:37 INFO DAGScheduler: looking for newly runnable stages
[2026-04-05T10:41:37.746+0000] {subprocess.py:106} INFO - 26/04/05 10:41:37 INFO DAGScheduler: running: Set()
[2026-04-05T10:41:37.747+0000] {subprocess.py:106} INFO - 26/04/05 10:41:37 INFO DAGScheduler: waiting: Set()
[2026-04-05T10:41:37.751+0000] {subprocess.py:106} INFO - 26/04/05 10:41:37 INFO DAGScheduler: failed: Set()
[2026-04-05T10:41:37.779+0000] {subprocess.py:106} INFO - 26/04/05 10:41:37 INFO CodeGenerator: Code generated in 18.111979 ms
[2026-04-05T10:41:37.804+0000] {subprocess.py:106} INFO - 26/04/05 10:41:37 INFO SparkContext: Starting job: count at NativeMethodAccessorImpl.java:0
[2026-04-05T10:41:37.806+0000] {subprocess.py:106} INFO - 26/04/05 10:41:37 INFO DAGScheduler: Got job 3 (count at NativeMethodAccessorImpl.java:0) with 1 output partitions
[2026-04-05T10:41:37.807+0000] {subprocess.py:106} INFO - 26/04/05 10:41:37 INFO DAGScheduler: Final stage: ResultStage 5 (count at NativeMethodAccessorImpl.java:0)
[2026-04-05T10:41:37.808+0000] {subprocess.py:106} INFO - 26/04/05 10:41:37 INFO DAGScheduler: Parents of final stage: List(ShuffleMapStage 4)
[2026-04-05T10:41:37.809+0000] {subprocess.py:106} INFO - 26/04/05 10:41:37 INFO DAGScheduler: Missing parents: List()
[2026-04-05T10:41:37.813+0000] {subprocess.py:106} INFO - 26/04/05 10:41:37 INFO DAGScheduler: Submitting ResultStage 5 (MapPartitionsRDD[12] at count at NativeMethodAccessorImpl.java:0), which has no missing parents
[2026-04-05T10:41:37.814+0000] {subprocess.py:106} INFO - 26/04/05 10:41:37 INFO MemoryStore: Block broadcast_5 stored as values in memory (estimated size 12.5 KiB, free 434.2 MiB)
[2026-04-05T10:41:37.829+0000] {subprocess.py:106} INFO - 26/04/05 10:41:37 INFO MemoryStore: Block broadcast_5_piece0 stored as bytes in memory (estimated size 5.9 KiB, free 434.2 MiB)
[2026-04-05T10:41:37.833+0000] {subprocess.py:106} INFO - 26/04/05 10:41:37 INFO BlockManagerInfo: Added broadcast_5_piece0 in memory on d0f687c55036:46673 (size: 5.9 KiB, free: 434.3 MiB)
[2026-04-05T10:41:37.834+0000] {subprocess.py:106} INFO - 26/04/05 10:41:37 INFO SparkContext: Created broadcast 5 from broadcast at DAGScheduler.scala:1585
[2026-04-05T10:41:37.836+0000] {subprocess.py:106} INFO - 26/04/05 10:41:37 INFO DAGScheduler: Submitting 1 missing tasks from ResultStage 5 (MapPartitionsRDD[12] at count at NativeMethodAccessorImpl.java:0) (first 15 tasks are for partitions Vector(0))
[2026-04-05T10:41:37.837+0000] {subprocess.py:106} INFO - 26/04/05 10:41:37 INFO TaskSchedulerImpl: Adding task set 5.0 with 1 tasks resource profile 0
[2026-04-05T10:41:37.843+0000] {subprocess.py:106} INFO - 26/04/05 10:41:37 INFO TaskSetManager: Starting task 0.0 in stage 5.0 (TID 5) (172.30.0.6, executor 0, partition 0, NODE_LOCAL, 9976 bytes)
[2026-04-05T10:41:37.844+0000] {subprocess.py:106} INFO - 26/04/05 10:41:37 INFO BlockManagerInfo: Removed broadcast_4_piece0 on d0f687c55036:46673 in memory (size: 7.6 KiB, free: 434.3 MiB)
[2026-04-05T10:41:37.845+0000] {subprocess.py:106} INFO - 26/04/05 10:41:37 INFO BlockManagerInfo: Removed broadcast_4_piece0 on 172.30.0.6:35303 in memory (size: 7.6 KiB, free: 434.4 MiB)
[2026-04-05T10:41:37.940+0000] {subprocess.py:106} INFO - 26/04/05 10:41:37 INFO BlockManagerInfo: Added broadcast_5_piece0 in memory on 172.30.0.6:35303 (size: 5.9 KiB, free: 434.4 MiB)
[2026-04-05T10:41:37.954+0000] {subprocess.py:106} INFO - 26/04/05 10:41:37 INFO MapOutputTrackerMasterEndpoint: Asked to send map output locations for shuffle 1 to 172.30.0.6:40026
[2026-04-05T10:41:38.046+0000] {subprocess.py:106} INFO - 26/04/05 10:41:38 INFO TaskSetManager: Finished task 0.0 in stage 5.0 (TID 5) in 202 ms on 172.30.0.6 (executor 0) (1/1)
[2026-04-05T10:41:38.050+0000] {subprocess.py:106} INFO - 26/04/05 10:41:38 INFO TaskSchedulerImpl: Removed TaskSet 5.0, whose tasks have all completed, from pool
[2026-04-05T10:41:38.051+0000] {subprocess.py:106} INFO - 26/04/05 10:41:38 INFO DAGScheduler: ResultStage 5 (count at NativeMethodAccessorImpl.java:0) finished in 0.234 s
[2026-04-05T10:41:38.052+0000] {subprocess.py:106} INFO - 26/04/05 10:41:38 INFO DAGScheduler: Job 3 is finished. Cancelling potential speculative or zombie tasks for this job
[2026-04-05T10:41:38.053+0000] {subprocess.py:106} INFO - 26/04/05 10:41:38 INFO TaskSchedulerImpl: Killing all running tasks in stage 5: Stage finished
[2026-04-05T10:41:38.054+0000] {subprocess.py:106} INFO - 26/04/05 10:41:38 INFO DAGScheduler: Job 3 finished: count at NativeMethodAccessorImpl.java:0, took 0.240330 s
[2026-04-05T10:41:38.061+0000] {subprocess.py:106} INFO - >>> Processing 7107 records...
[2026-04-05T10:41:38.578+0000] {subprocess.py:106} INFO - 26/04/05 10:41:38 INFO BlockManagerInfo: Removed broadcast_5_piece0 on d0f687c55036:46673 in memory (size: 5.9 KiB, free: 434.3 MiB)
[2026-04-05T10:41:38.584+0000] {subprocess.py:106} INFO - 26/04/05 10:41:38 INFO BlockManagerInfo: Removed broadcast_5_piece0 on 172.30.0.6:35303 in memory (size: 5.9 KiB, free: 434.4 MiB)
[2026-04-05T10:41:39.108+0000] {subprocess.py:106} INFO - >>> Writing cleaned data to Silver...
[2026-04-05T10:41:39.162+0000] {subprocess.py:106} INFO - >>> Table exists. Performing MERGE (Upsert)...
[2026-04-05T10:41:39.318+0000] {subprocess.py:106} INFO - 26/04/05 10:41:39 INFO BlockManagerInfo: Removed broadcast_2_piece0 on d0f687c55036:46673 in memory (size: 30.3 KiB, free: 434.4 MiB)
[2026-04-05T10:41:39.803+0000] {subprocess.py:106} INFO - 26/04/05 10:41:39 INFO V2ScanRelationPushDown:
[2026-04-05T10:41:39.811+0000] {subprocess.py:106} INFO - Pushing operators to iceberg.bronze.it_jobs_raw
[2026-04-05T10:41:39.812+0000] {subprocess.py:106} INFO - Pushed Filters: ingest_time IS NOT NULL, ingest_time > 1774069029213115, job_link IS NOT NULL, NOT (job_link = '')
[2026-04-05T10:41:39.812+0000] {subprocess.py:106} INFO - Post-Scan Filters: isnotnull(ingest_time#36),(ingest_time#36 > 2026-03-21 04:57:09.213115),isnotnull(trim(job_title#26, None)),NOT (trim(job_title#26, None) = ),isnotnull(upper(trim(company_name#27, None))),NOT (upper(trim(company_name#27, None)) = ),isnotnull(job_link#31),NOT (job_link#31 = )
[2026-04-05T10:41:39.813+0000] {subprocess.py:106} INFO - 
[2026-04-05T10:41:39.814+0000] {subprocess.py:106} INFO - 26/04/05 10:41:39 INFO V2ScanRelationPushDown:
[2026-04-05T10:41:39.815+0000] {subprocess.py:106} INFO - Output: job_title#26, company_name#27, location#28, skills_required#29, date_posted#30, job_link#31, job_category#32, work_mode#33, crawl_date#34, date_only#35, ingest_time#36, source#37
[2026-04-05T10:41:39.815+0000] {subprocess.py:106} INFO - 
[2026-04-05T10:41:39.833+0000] {subprocess.py:106} INFO - 26/04/05 10:41:39 INFO SnapshotScan: Scanning table iceberg.bronze.it_jobs_raw snapshot 1127584520729198846 created at 2026-04-05T10:41:07.874+00:00 with filter (((ingest_time IS NOT NULL AND ingest_time > (16-digit-int)) AND job_link IS NOT NULL) AND NOT (job_link = (hash-00000000)))
[2026-04-05T10:41:39.836+0000] {subprocess.py:106} INFO - 26/04/05 10:41:39 INFO BaseDistributedDataScan: Planning file tasks locally for table iceberg.bronze.it_jobs_raw
[2026-04-05T10:41:40.164+0000] {subprocess.py:106} INFO - 26/04/05 10:41:40 INFO SparkPartitioningAwareScan: Reporting UnknownPartitioning with 3 partition(s) for table iceberg.bronze.it_jobs_raw
[2026-04-05T10:41:40.334+0000] {subprocess.py:106} INFO - 26/04/05 10:41:40 INFO GroupBasedRowLevelOperationScanPlanning:
[2026-04-05T10:41:40.335+0000] {subprocess.py:106} INFO - Pushing operators to iceberg.silver.it_jobs_clean
[2026-04-05T10:41:40.336+0000] {subprocess.py:106} INFO - Pushed filters:
[2026-04-05T10:41:40.336+0000] {subprocess.py:106} INFO - Filters evaluated on data source side:
[2026-04-05T10:41:40.337+0000] {subprocess.py:106} INFO - Filters evaluated on Spark side:
[2026-04-05T10:41:40.337+0000] {subprocess.py:106} INFO - Output: job_title#284, company_name#285, location#286, skills_required#287, date_posted#288, job_link#289, job_category#290, work_mode#291, crawl_date#292, date_only#293, ingest_time#294, source#295, clean_time#296, _file#299
[2026-04-05T10:41:40.338+0000] {subprocess.py:106} INFO - 
[2026-04-05T10:41:40.339+0000] {subprocess.py:106} INFO - 26/04/05 10:41:40 INFO V2ScanRelationPushDown:
[2026-04-05T10:41:40.339+0000] {subprocess.py:106} INFO - Pushing operators to iceberg.bronze.it_jobs_raw
[2026-04-05T10:41:40.340+0000] {subprocess.py:106} INFO - Pushed Filters: ingest_time IS NOT NULL, ingest_time > 1774069029213115, job_link IS NOT NULL, NOT (job_link = '')
[2026-04-05T10:41:40.341+0000] {subprocess.py:106} INFO - Post-Scan Filters: isnotnull(ingest_time#36),(ingest_time#36 > 2026-03-21 04:57:09.213115),isnotnull(trim(job_title#26, None)),NOT (trim(job_title#26, None) = ),isnotnull(upper(trim(company_name#27, None))),NOT (upper(trim(company_name#27, None)) = ),isnotnull(job_link#31),NOT (job_link#31 = )
[2026-04-05T10:41:40.342+0000] {subprocess.py:106} INFO - 
[2026-04-05T10:41:40.348+0000] {subprocess.py:106} INFO - 26/04/05 10:41:40 INFO V2ScanRelationPushDown:
[2026-04-05T10:41:40.350+0000] {subprocess.py:106} INFO - Output: job_title#26, company_name#27, location#28, skills_required#29, date_posted#30, job_link#31, job_category#32, work_mode#33, crawl_date#34, date_only#35, ingest_time#36, source#37
[2026-04-05T10:41:40.354+0000] {subprocess.py:106} INFO - 
[2026-04-05T10:41:40.362+0000] {subprocess.py:106} INFO - 26/04/05 10:41:40 INFO SnapshotScan: Scanning table iceberg.silver.it_jobs_clean snapshot 7532329983147219645 created at 2026-04-05T10:26:14.449+00:00 with filter true
[2026-04-05T10:41:40.544+0000] {subprocess.py:106} INFO - 26/04/05 10:41:40 INFO BlockManagerInfo: Removed broadcast_3_piece0 on d0f687c55036:46673 in memory (size: 30.2 KiB, free: 434.4 MiB)
[2026-04-05T10:41:40.556+0000] {subprocess.py:106} INFO - 26/04/05 10:41:40 INFO BlockManagerInfo: Removed broadcast_3_piece0 on 172.30.0.6:35303 in memory (size: 30.2 KiB, free: 434.4 MiB)
[2026-04-05T10:41:40.568+0000] {subprocess.py:106} INFO - 26/04/05 10:41:40 INFO SparkPartitioningAwareScan: Reporting UnknownPartitioning with 5 partition(s) for table iceberg.silver.it_jobs_clean
[2026-04-05T10:41:40.571+0000] {subprocess.py:106} INFO - 26/04/05 10:41:40 INFO SnapshotScan: Scanning table iceberg.bronze.it_jobs_raw snapshot 1127584520729198846 created at 2026-04-05T10:41:07.874+00:00 with filter (((ingest_time IS NOT NULL AND ingest_time > (16-digit-int)) AND job_link IS NOT NULL) AND NOT (job_link = (hash-00000000)))
[2026-04-05T10:41:40.572+0000] {subprocess.py:106} INFO - 26/04/05 10:41:40 INFO BaseDistributedDataScan: Planning file tasks locally for table iceberg.bronze.it_jobs_raw
[2026-04-05T10:41:40.733+0000] {subprocess.py:106} INFO - 26/04/05 10:41:40 INFO SparkPartitioningAwareScan: Reporting UnknownPartitioning with 3 partition(s) for table iceberg.bronze.it_jobs_raw
[2026-04-05T10:41:40.761+0000] {subprocess.py:106} INFO - 26/04/05 10:41:40 INFO SparkWrite: Requesting 0 bytes advisory partition size for table iceberg.silver.it_jobs_clean
[2026-04-05T10:41:40.762+0000] {subprocess.py:106} INFO - 26/04/05 10:41:40 INFO SparkWrite: Requesting UnspecifiedDistribution as write distribution for table iceberg.silver.it_jobs_clean
[2026-04-05T10:41:40.766+0000] {subprocess.py:106} INFO - 26/04/05 10:41:40 INFO SparkWrite: Requesting [] as write ordering for table iceberg.silver.it_jobs_clean
[2026-04-05T10:41:40.839+0000] {subprocess.py:106} INFO - 26/04/05 10:41:40 INFO V2ScanRelationPushDown:
[2026-04-05T10:41:40.840+0000] {subprocess.py:106} INFO - Pushing operators to iceberg.silver.it_jobs_clean
[2026-04-05T10:41:40.840+0000] {subprocess.py:106} INFO - Pushed Filters: NOT (job_link = ''), job_link IS NOT NULL
[2026-04-05T10:41:40.843+0000] {subprocess.py:106} INFO - Post-Scan Filters: NOT (job_link#421 = ),isnotnull(job_link#421)
[2026-04-05T10:41:40.844+0000] {subprocess.py:106} INFO - 
[2026-04-05T10:41:40.845+0000] {subprocess.py:106} INFO - 26/04/05 10:41:40 INFO V2ScanRelationPushDown:
[2026-04-05T10:41:40.846+0000] {subprocess.py:106} INFO - Output: job_link#421, _file#429
[2026-04-05T10:41:40.847+0000] {subprocess.py:106} INFO - 
[2026-04-05T10:41:40.848+0000] {subprocess.py:106} INFO - 26/04/05 10:41:40 INFO SnapshotScan: Scanning table iceberg.silver.it_jobs_clean snapshot 7532329983147219645 created at 2026-04-05T10:26:14.449+00:00 with filter (NOT (job_link = (hash-00000000)) AND job_link IS NOT NULL)
[2026-04-05T10:41:40.849+0000] {subprocess.py:106} INFO - 26/04/05 10:41:40 INFO BaseDistributedDataScan: Planning file tasks locally for table iceberg.silver.it_jobs_clean
[2026-04-05T10:41:40.992+0000] {subprocess.py:106} INFO - 26/04/05 10:41:40 INFO SparkPartitioningAwareScan: Reporting UnknownPartitioning with 5 partition(s) for table iceberg.silver.it_jobs_clean
[2026-04-05T10:41:40.996+0000] {subprocess.py:106} INFO - 26/04/05 10:41:40 INFO SparkPartitioningAwareScan: Reporting UnknownPartitioning with 3 partition(s) for table iceberg.bronze.it_jobs_raw
[2026-04-05T10:41:41.140+0000] {subprocess.py:106} INFO - 26/04/05 10:41:41 INFO MemoryStore: Block broadcast_6 stored as values in memory (estimated size 32.0 KiB, free 434.4 MiB)
[2026-04-05T10:41:41.162+0000] {subprocess.py:106} INFO - 26/04/05 10:41:41 INFO MemoryStore: Block broadcast_6_piece0 stored as bytes in memory (estimated size 30.4 KiB, free 434.3 MiB)
[2026-04-05T10:41:41.164+0000] {subprocess.py:106} INFO - 26/04/05 10:41:41 INFO BlockManagerInfo: Added broadcast_6_piece0 in memory on d0f687c55036:46673 (size: 30.4 KiB, free: 434.4 MiB)
[2026-04-05T10:41:41.165+0000] {subprocess.py:106} INFO - 26/04/05 10:41:41 INFO SparkContext: Created broadcast 6 from broadcast at SparkBatch.java:79
[2026-04-05T10:41:41.178+0000] {subprocess.py:106} INFO - 26/04/05 10:41:41 INFO MemoryStore: Block broadcast_7 stored as values in memory (estimated size 32.0 KiB, free 434.3 MiB)
[2026-04-05T10:41:41.185+0000] {subprocess.py:106} INFO - 26/04/05 10:41:41 INFO MemoryStore: Block broadcast_7_piece0 stored as bytes in memory (estimated size 30.2 KiB, free 434.3 MiB)
[2026-04-05T10:41:41.190+0000] {subprocess.py:106} INFO - 26/04/05 10:41:41 INFO BlockManagerInfo: Added broadcast_7_piece0 in memory on d0f687c55036:46673 (size: 30.2 KiB, free: 434.3 MiB)
[2026-04-05T10:41:41.192+0000] {subprocess.py:106} INFO - 26/04/05 10:41:41 INFO SparkContext: Created broadcast 7 from broadcast at SparkBatch.java:79
[2026-04-05T10:41:41.229+0000] {subprocess.py:106} INFO - 26/04/05 10:41:41 INFO MemoryStore: Block broadcast_8 stored as values in memory (estimated size 32.0 KiB, free 434.2 MiB)
[2026-04-05T10:41:41.236+0000] {subprocess.py:106} INFO - 26/04/05 10:41:41 INFO MemoryStore: Block broadcast_8_piece0 stored as bytes in memory (estimated size 30.4 KiB, free 434.2 MiB)
[2026-04-05T10:41:41.241+0000] {subprocess.py:106} INFO - 26/04/05 10:41:41 INFO BlockManagerInfo: Added broadcast_8_piece0 in memory on d0f687c55036:46673 (size: 30.4 KiB, free: 434.3 MiB)
[2026-04-05T10:41:41.243+0000] {subprocess.py:106} INFO - 26/04/05 10:41:41 INFO SparkContext: Created broadcast 8 from broadcast at SparkBatch.java:79
[2026-04-05T10:41:41.252+0000] {subprocess.py:106} INFO - 26/04/05 10:41:41 INFO MemoryStore: Block broadcast_9 stored as values in memory (estimated size 32.0 KiB, free 434.2 MiB)
[2026-04-05T10:41:41.278+0000] {subprocess.py:106} INFO - 26/04/05 10:41:41 INFO MemoryStore: Block broadcast_9_piece0 stored as bytes in memory (estimated size 30.2 KiB, free 434.2 MiB)
[2026-04-05T10:41:41.280+0000] {subprocess.py:106} INFO - 26/04/05 10:41:41 INFO BlockManagerInfo: Added broadcast_9_piece0 in memory on d0f687c55036:46673 (size: 30.2 KiB, free: 434.3 MiB)
[2026-04-05T10:41:41.281+0000] {subprocess.py:106} INFO - 26/04/05 10:41:41 INFO SparkContext: Created broadcast 9 from broadcast at SparkBatch.java:79
[2026-04-05T10:41:41.329+0000] {subprocess.py:106} INFO - 26/04/05 10:41:41 INFO MemoryStore: Block broadcast_10 stored as values in memory (estimated size 32.0 KiB, free 434.1 MiB)
[2026-04-05T10:41:41.362+0000] {subprocess.py:106} INFO - 26/04/05 10:41:41 INFO MemoryStore: Block broadcast_10_piece0 stored as bytes in memory (estimated size 30.4 KiB, free 434.1 MiB)
[2026-04-05T10:41:41.363+0000] {subprocess.py:106} INFO - 26/04/05 10:41:41 INFO BlockManagerInfo: Added broadcast_10_piece0 in memory on d0f687c55036:46673 (size: 30.4 KiB, free: 434.3 MiB)
[2026-04-05T10:41:41.364+0000] {subprocess.py:106} INFO - 26/04/05 10:41:41 INFO SparkContext: Created broadcast 10 from broadcast at SparkBatch.java:79
[2026-04-05T10:41:41.377+0000] {subprocess.py:106} INFO - 26/04/05 10:41:41 INFO MemoryStore: Block broadcast_11 stored as values in memory (estimated size 32.0 KiB, free 434.1 MiB)
[2026-04-05T10:41:41.378+0000] {subprocess.py:106} INFO - 26/04/05 10:41:41 INFO MemoryStore: Block broadcast_11_piece0 stored as bytes in memory (estimated size 30.2 KiB, free 434.0 MiB)
[2026-04-05T10:41:41.379+0000] {subprocess.py:106} INFO - 26/04/05 10:41:41 INFO BlockManagerInfo: Added broadcast_11_piece0 in memory on d0f687c55036:46673 (size: 30.2 KiB, free: 434.2 MiB)
[2026-04-05T10:41:41.379+0000] {subprocess.py:106} INFO - 26/04/05 10:41:41 INFO SparkContext: Created broadcast 11 from broadcast at SparkBatch.java:79
[2026-04-05T10:41:41.594+0000] {subprocess.py:106} INFO - 26/04/05 10:41:41 INFO CodeGenerator: Code generated in 36.178753 ms
[2026-04-05T10:41:41.715+0000] {subprocess.py:106} INFO - 26/04/05 10:41:41 INFO CodeGenerator: Code generated in 102.906944 ms
[2026-04-05T10:41:41.779+0000] {subprocess.py:106} INFO - 26/04/05 10:41:41 INFO DAGScheduler: Registering RDD 16 ($anonfun$withThreadLocalCaptured$1 at FutureTask.java:264) as input to shuffle 2
[2026-04-05T10:41:41.780+0000] {subprocess.py:106} INFO - 26/04/05 10:41:41 INFO DAGScheduler: Got map stage job 4 ($anonfun$withThreadLocalCaptured$1 at FutureTask.java:264) with 3 output partitions
[2026-04-05T10:41:41.781+0000] {subprocess.py:106} INFO - 26/04/05 10:41:41 INFO DAGScheduler: Final stage: ShuffleMapStage 6 ($anonfun$withThreadLocalCaptured$1 at FutureTask.java:264)
[2026-04-05T10:41:41.782+0000] {subprocess.py:106} INFO - 26/04/05 10:41:41 INFO DAGScheduler: Parents of final stage: List()
[2026-04-05T10:41:41.783+0000] {subprocess.py:106} INFO - 26/04/05 10:41:41 INFO DAGScheduler: Missing parents: List()
[2026-04-05T10:41:41.783+0000] {subprocess.py:106} INFO - 26/04/05 10:41:41 INFO DAGScheduler: Submitting ShuffleMapStage 6 (MapPartitionsRDD[16] at $anonfun$withThreadLocalCaptured$1 at FutureTask.java:264), which has no missing parents
[2026-04-05T10:41:41.787+0000] {subprocess.py:106} INFO - 26/04/05 10:41:41 INFO MemoryStore: Block broadcast_12 stored as values in memory (estimated size 44.9 KiB, free 434.0 MiB)
[2026-04-05T10:41:41.810+0000] {subprocess.py:106} INFO - 26/04/05 10:41:41 INFO MemoryStore: Block broadcast_12_piece0 stored as bytes in memory (estimated size 18.7 KiB, free 434.0 MiB)
[2026-04-05T10:41:41.811+0000] {subprocess.py:106} INFO - 26/04/05 10:41:41 INFO BlockManagerInfo: Added broadcast_12_piece0 in memory on d0f687c55036:46673 (size: 18.7 KiB, free: 434.2 MiB)
[2026-04-05T10:41:41.812+0000] {subprocess.py:106} INFO - 26/04/05 10:41:41 INFO SparkContext: Created broadcast 12 from broadcast at DAGScheduler.scala:1585
[2026-04-05T10:41:41.813+0000] {subprocess.py:106} INFO - 26/04/05 10:41:41 INFO DAGScheduler: Submitting 3 missing tasks from ShuffleMapStage 6 (MapPartitionsRDD[16] at $anonfun$withThreadLocalCaptured$1 at FutureTask.java:264) (first 15 tasks are for partitions Vector(0, 1, 2))
[2026-04-05T10:41:41.814+0000] {subprocess.py:106} INFO - 26/04/05 10:41:41 INFO TaskSchedulerImpl: Adding task set 6.0 with 3 tasks resource profile 0
[2026-04-05T10:41:41.818+0000] {subprocess.py:106} INFO - 26/04/05 10:41:41 INFO TaskSetManager: Starting task 0.0 in stage 6.0 (TID 6) (172.30.0.6, executor 0, partition 0, PROCESS_LOCAL, 17672 bytes)
[2026-04-05T10:41:41.824+0000] {subprocess.py:106} INFO - 26/04/05 10:41:41 INFO TaskSetManager: Starting task 1.0 in stage 6.0 (TID 7) (172.30.0.6, executor 0, partition 1, PROCESS_LOCAL, 17672 bytes)
[2026-04-05T10:41:41.830+0000] {subprocess.py:106} INFO - 26/04/05 10:41:41 INFO TaskSetManager: Starting task 2.0 in stage 6.0 (TID 8) (172.30.0.6, executor 0, partition 2, PROCESS_LOCAL, 16292 bytes)
[2026-04-05T10:41:41.895+0000] {subprocess.py:106} INFO - 26/04/05 10:41:41 INFO BlockManagerInfo: Added broadcast_12_piece0 in memory on 172.30.0.6:35303 (size: 18.7 KiB, free: 434.4 MiB)
[2026-04-05T10:41:42.501+0000] {subprocess.py:106} INFO - 26/04/05 10:41:42 INFO BlockManagerInfo: Added broadcast_9_piece0 in memory on 172.30.0.6:35303 (size: 30.2 KiB, free: 434.4 MiB)
[2026-04-05T10:41:42.735+0000] {subprocess.py:106} INFO - 26/04/05 10:41:42 INFO TaskSetManager: Finished task 2.0 in stage 6.0 (TID 8) in 909 ms on 172.30.0.6 (executor 0) (1/3)
[2026-04-05T10:41:43.192+0000] {subprocess.py:106} INFO - 26/04/05 10:41:43 INFO TaskSetManager: Finished task 1.0 in stage 6.0 (TID 7) in 1335 ms on 172.30.0.6 (executor 0) (2/3)
[2026-04-05T10:41:43.288+0000] {subprocess.py:106} INFO - 26/04/05 10:41:43 INFO TaskSetManager: Finished task 0.0 in stage 6.0 (TID 6) in 1465 ms on 172.30.0.6 (executor 0) (3/3)
[2026-04-05T10:41:43.289+0000] {subprocess.py:106} INFO - 26/04/05 10:41:43 INFO TaskSchedulerImpl: Removed TaskSet 6.0, whose tasks have all completed, from pool
[2026-04-05T10:41:43.291+0000] {subprocess.py:106} INFO - 26/04/05 10:41:43 INFO DAGScheduler: ShuffleMapStage 6 ($anonfun$withThreadLocalCaptured$1 at FutureTask.java:264) finished in 1.496 s
[2026-04-05T10:41:43.301+0000] {subprocess.py:106} INFO - 26/04/05 10:41:43 INFO DAGScheduler: looking for newly runnable stages
[2026-04-05T10:41:43.307+0000] {subprocess.py:106} INFO - 26/04/05 10:41:43 INFO DAGScheduler: running: Set()
[2026-04-05T10:41:43.312+0000] {subprocess.py:106} INFO - 26/04/05 10:41:43 INFO DAGScheduler: waiting: Set()
[2026-04-05T10:41:43.313+0000] {subprocess.py:106} INFO - 26/04/05 10:41:43 INFO DAGScheduler: failed: Set()
[2026-04-05T10:41:43.317+0000] {subprocess.py:106} INFO - 26/04/05 10:41:43 INFO MemoryStore: Block broadcast_13 stored as values in memory (estimated size 40.0 B, free 434.0 MiB)
[2026-04-05T10:41:43.365+0000] {subprocess.py:106} INFO - 26/04/05 10:41:43 INFO MemoryStore: Block broadcast_13_piece0 stored as bytes in memory (estimated size 86.0 B, free 434.0 MiB)
[2026-04-05T10:41:43.382+0000] {subprocess.py:106} INFO - 26/04/05 10:41:43 INFO BlockManagerInfo: Added broadcast_13_piece0 in memory on d0f687c55036:46673 (size: 86.0 B, free: 434.2 MiB)
[2026-04-05T10:41:43.402+0000] {subprocess.py:106} INFO - 26/04/05 10:41:43 INFO BlockManagerInfo: Removed broadcast_12_piece0 on 172.30.0.6:35303 in memory (size: 18.7 KiB, free: 434.4 MiB)
[2026-04-05T10:41:43.430+0000] {subprocess.py:106} INFO - 26/04/05 10:41:43 INFO SparkContext: Created broadcast 13 from sql at NativeMethodAccessorImpl.java:0
[2026-04-05T10:41:43.432+0000] {subprocess.py:106} INFO - 26/04/05 10:41:43 INFO BlockManagerInfo: Removed broadcast_12_piece0 on d0f687c55036:46673 in memory (size: 18.7 KiB, free: 434.2 MiB)
[2026-04-05T10:41:43.456+0000] {subprocess.py:106} INFO - 26/04/05 10:41:43 INFO SparkCopyOnWriteScan: 0 of 20 task(s) for table iceberg.silver.it_jobs_clean matched runtime file filter with 0 location(s)
[2026-04-05T10:41:43.462+0000] {subprocess.py:106} INFO - 26/04/05 10:41:43 INFO MemoryStore: Block broadcast_14 stored as values in memory (estimated size 32.0 KiB, free 434.0 MiB)
[2026-04-05T10:41:43.491+0000] {subprocess.py:106} INFO - 26/04/05 10:41:43 INFO MemoryStore: Block broadcast_14_piece0 stored as bytes in memory (estimated size 30.4 KiB, free 434.0 MiB)
[2026-04-05T10:41:43.492+0000] {subprocess.py:106} INFO - 26/04/05 10:41:43 INFO BlockManagerInfo: Added broadcast_14_piece0 in memory on d0f687c55036:46673 (size: 30.4 KiB, free: 434.2 MiB)
[2026-04-05T10:41:43.492+0000] {subprocess.py:106} INFO - 26/04/05 10:41:43 INFO SparkContext: Created broadcast 14 from broadcast at SparkBatch.java:79
[2026-04-05T10:41:43.545+0000] {subprocess.py:106} INFO - 26/04/05 10:41:43 INFO CodeGenerator: Code generated in 27.382723 ms
[2026-04-05T10:41:43.605+0000] {subprocess.py:106} INFO - 26/04/05 10:41:43 INFO CodeGenerator: Code generated in 31.394282 ms
[2026-04-05T10:41:43.700+0000] {subprocess.py:106} INFO - 26/04/05 10:41:43 INFO DAGScheduler: Registering RDD 26 (sql at NativeMethodAccessorImpl.java:0) as input to shuffle 3
[2026-04-05T10:41:43.701+0000] {subprocess.py:106} INFO - 26/04/05 10:41:43 INFO DAGScheduler: Got map stage job 5 (sql at NativeMethodAccessorImpl.java:0) with 3 output partitions
[2026-04-05T10:41:43.702+0000] {subprocess.py:106} INFO - 26/04/05 10:41:43 INFO DAGScheduler: Final stage: ShuffleMapStage 7 (sql at NativeMethodAccessorImpl.java:0)
[2026-04-05T10:41:43.703+0000] {subprocess.py:106} INFO - 26/04/05 10:41:43 INFO DAGScheduler: Parents of final stage: List()
[2026-04-05T10:41:43.704+0000] {subprocess.py:106} INFO - 26/04/05 10:41:43 INFO DAGScheduler: Missing parents: List()
[2026-04-05T10:41:43.710+0000] {subprocess.py:106} INFO - 26/04/05 10:41:43 INFO DAGScheduler: Submitting ShuffleMapStage 7 (MapPartitionsRDD[26] at sql at NativeMethodAccessorImpl.java:0), which has no missing parents
[2026-04-05T10:41:43.744+0000] {subprocess.py:106} INFO - 26/04/05 10:41:43 INFO MemoryStore: Block broadcast_15 stored as values in memory (estimated size 59.0 KiB, free 433.9 MiB)
[2026-04-05T10:41:43.767+0000] {subprocess.py:106} INFO - 26/04/05 10:41:43 INFO MemoryStore: Block broadcast_15_piece0 stored as bytes in memory (estimated size 22.9 KiB, free 433.9 MiB)
[2026-04-05T10:41:43.768+0000] {subprocess.py:106} INFO - 26/04/05 10:41:43 INFO BlockManagerInfo: Added broadcast_15_piece0 in memory on d0f687c55036:46673 (size: 22.9 KiB, free: 434.2 MiB)
[2026-04-05T10:41:43.770+0000] {subprocess.py:106} INFO - 26/04/05 10:41:43 INFO SparkContext: Created broadcast 15 from broadcast at DAGScheduler.scala:1585
[2026-04-05T10:41:43.771+0000] {subprocess.py:106} INFO - 26/04/05 10:41:43 INFO DAGScheduler: Submitting 3 missing tasks from ShuffleMapStage 7 (MapPartitionsRDD[26] at sql at NativeMethodAccessorImpl.java:0) (first 15 tasks are for partitions Vector(0, 1, 2))
[2026-04-05T10:41:43.772+0000] {subprocess.py:106} INFO - 26/04/05 10:41:43 INFO TaskSchedulerImpl: Adding task set 7.0 with 3 tasks resource profile 0
[2026-04-05T10:41:43.775+0000] {subprocess.py:106} INFO - 26/04/05 10:41:43 INFO BlockManagerInfo: Removed broadcast_14_piece0 on d0f687c55036:46673 in memory (size: 30.4 KiB, free: 434.2 MiB)
[2026-04-05T10:41:43.778+0000] {subprocess.py:106} INFO - 26/04/05 10:41:43 INFO TaskSetManager: Starting task 0.0 in stage 7.0 (TID 9) (172.30.0.6, executor 0, partition 0, PROCESS_LOCAL, 17672 bytes)
[2026-04-05T10:41:43.782+0000] {subprocess.py:106} INFO - 26/04/05 10:41:43 INFO TaskSetManager: Starting task 1.0 in stage 7.0 (TID 10) (172.30.0.6, executor 0, partition 1, PROCESS_LOCAL, 17672 bytes)
[2026-04-05T10:41:43.790+0000] {subprocess.py:106} INFO - 26/04/05 10:41:43 INFO TaskSetManager: Starting task 2.0 in stage 7.0 (TID 11) (172.30.0.6, executor 0, partition 2, PROCESS_LOCAL, 16292 bytes)
[2026-04-05T10:41:43.832+0000] {subprocess.py:106} INFO - 26/04/05 10:41:43 INFO BlockManagerInfo: Added broadcast_15_piece0 in memory on 172.30.0.6:35303 (size: 22.9 KiB, free: 434.3 MiB)
[2026-04-05T10:41:44.417+0000] {subprocess.py:106} INFO - 26/04/05 10:41:44 INFO BlockManagerInfo: Added broadcast_11_piece0 in memory on 172.30.0.6:35303 (size: 30.2 KiB, free: 434.3 MiB)
[2026-04-05T10:41:44.533+0000] {subprocess.py:106} INFO - 26/04/05 10:41:44 INFO TaskSetManager: Finished task 2.0 in stage 7.0 (TID 11) in 749 ms on 172.30.0.6 (executor 0) (1/3)
[2026-04-05T10:41:44.734+0000] {subprocess.py:106} INFO - 26/04/05 10:41:44 INFO TaskSetManager: Finished task 1.0 in stage 7.0 (TID 10) in 952 ms on 172.30.0.6 (executor 0) (2/3)
[2026-04-05T10:41:44.749+0000] {subprocess.py:106} INFO - 26/04/05 10:41:44 INFO TaskSetManager: Finished task 0.0 in stage 7.0 (TID 9) in 975 ms on 172.30.0.6 (executor 0) (3/3)
[2026-04-05T10:41:44.749+0000] {subprocess.py:106} INFO - 26/04/05 10:41:44 INFO TaskSchedulerImpl: Removed TaskSet 7.0, whose tasks have all completed, from pool
[2026-04-05T10:41:44.754+0000] {subprocess.py:106} INFO - 26/04/05 10:41:44 INFO DAGScheduler: ShuffleMapStage 7 (sql at NativeMethodAccessorImpl.java:0) finished in 1.039 s
[2026-04-05T10:41:44.755+0000] {subprocess.py:106} INFO - 26/04/05 10:41:44 INFO DAGScheduler: looking for newly runnable stages
[2026-04-05T10:41:44.756+0000] {subprocess.py:106} INFO - 26/04/05 10:41:44 INFO DAGScheduler: running: Set()
[2026-04-05T10:41:44.757+0000] {subprocess.py:106} INFO - 26/04/05 10:41:44 INFO DAGScheduler: waiting: Set()
[2026-04-05T10:41:44.757+0000] {subprocess.py:106} INFO - 26/04/05 10:41:44 INFO DAGScheduler: failed: Set()
[2026-04-05T10:41:44.777+0000] {subprocess.py:106} INFO - 26/04/05 10:41:44 INFO ShufflePartitionsUtil: For shuffle(3), advisory target size: 67108864, actual target size 1048576, minimum partition size: 1048576
[2026-04-05T10:41:44.787+0000] {local_task_job_runner.py:346} WARNING - State of this instance has been externally set to success. Terminating instance.
[2026-04-05T10:41:44.788+0000] {local_task_job_runner.py:245} INFO - ::endgroup::
[2026-04-05T10:41:44.794+0000] {process_utils.py:132} INFO - Sending 15 to group 129. PIDs of all processes in the group: [131, 132, 129]
[2026-04-05T10:41:44.797+0000] {process_utils.py:87} INFO - Sending the signal 15 to group 129
[2026-04-05T10:41:44.798+0000] {taskinstance.py:3094} ERROR - Received SIGTERM. Terminating subprocesses.
[2026-04-05T10:41:44.885+0000] {taskinstance.py:3095} ERROR - Stacktrace: 
  File "/home/***/.local/bin/***", line 8, in <module>
    sys.exit(main())
  File "/home/***/.local/lib/python3.8/site-packages/***/__main__.py", line 62, in main
    args.func(args)
  File "/home/***/.local/lib/python3.8/site-packages/***/cli/cli_config.py", line 49, in command
    return func(*args, **kwargs)
  File "/home/***/.local/lib/python3.8/site-packages/***/utils/cli.py", line 116, in wrapper
    return f(*args, **kwargs)
  File "/home/***/.local/lib/python3.8/site-packages/***/utils/providers_configuration_loader.py", line 55, in wrapped_function
    return func(*args, **kwargs)
  File "/home/***/.local/lib/python3.8/site-packages/***/cli/commands/celery_command.py", line 218, in worker
    run_command_with_daemon_option(
  File "/home/***/.local/lib/python3.8/site-packages/***/cli/commands/daemon_utils.py", line 86, in run_command_with_daemon_option
    callback()
  File "/home/***/.local/lib/python3.8/site-packages/***/cli/commands/celery_command.py", line 211, in run_celery_worker
    celery_app.worker_main(options)
  File "/home/***/.local/lib/python3.8/site-packages/celery/app/base.py", line 388, in worker_main
    self.start(argv=argv)
  File "/home/***/.local/lib/python3.8/site-packages/celery/app/base.py", line 368, in start
    celery.main(args=argv, standalone_mode=False)
  File "/home/***/.local/lib/python3.8/site-packages/click/core.py", line 1078, in main
    rv = self.invoke(ctx)
  File "/home/***/.local/lib/python3.8/site-packages/click/core.py", line 1688, in invoke
    return _process_result(sub_ctx.command.invoke(sub_ctx))
  File "/home/***/.local/lib/python3.8/site-packages/click/core.py", line 1434, in invoke
    return ctx.invoke(self.callback, **ctx.params)
  File "/home/***/.local/lib/python3.8/site-packages/click/core.py", line 783, in invoke
    return __callback(*args, **kwargs)
  File "/home/***/.local/lib/python3.8/site-packages/click/decorators.py", line 33, in new_func
    return f(get_current_context(), *args, **kwargs)
  File "/home/***/.local/lib/python3.8/site-packages/celery/bin/base.py", line 134, in caller
    return f(ctx, *args, **kwargs)
  File "/home/***/.local/lib/python3.8/site-packages/celery/bin/worker.py", line 356, in worker
    worker.start()
  File "/home/***/.local/lib/python3.8/site-packages/celery/worker/worker.py", line 202, in start
    self.blueprint.start(self)
  File "/home/***/.local/lib/python3.8/site-packages/celery/bootsteps.py", line 116, in start
    step.start(parent)
  File "/home/***/.local/lib/python3.8/site-packages/celery/bootsteps.py", line 365, in start
    return self.obj.start()
  File "/home/***/.local/lib/python3.8/site-packages/celery/concurrency/base.py", line 130, in start
    self.on_start()
  File "/home/***/.local/lib/python3.8/site-packages/celery/concurrency/prefork.py", line 109, in on_start
    P = self._pool = Pool(processes=self.limit,
  File "/home/***/.local/lib/python3.8/site-packages/celery/concurrency/asynpool.py", line 464, in __init__
    super().__init__(processes, *args, **kwargs)
  File "/home/***/.local/lib/python3.8/site-packages/billiard/pool.py", line 1045, in __init__
    self._create_worker_process(i)
  File "/home/***/.local/lib/python3.8/site-packages/celery/concurrency/asynpool.py", line 482, in _create_worker_process
    return super()._create_worker_process(i)
  File "/home/***/.local/lib/python3.8/site-packages/billiard/pool.py", line 1157, in _create_worker_process
    w.start()
  File "/home/***/.local/lib/python3.8/site-packages/billiard/process.py", line 120, in start
    self._popen = self._Popen(self)
  File "/home/***/.local/lib/python3.8/site-packages/billiard/context.py", line 331, in _Popen
    return Popen(process_obj)
  File "/home/***/.local/lib/python3.8/site-packages/billiard/popen_fork.py", line 22, in __init__
    self._launch(process_obj)
  File "/home/***/.local/lib/python3.8/site-packages/billiard/popen_fork.py", line 77, in _launch
    code = process_obj._bootstrap()
  File "/home/***/.local/lib/python3.8/site-packages/billiard/process.py", line 323, in _bootstrap
    self.run()
  File "/home/***/.local/lib/python3.8/site-packages/billiard/process.py", line 110, in run
    self._target(*self._args, **self._kwargs)
  File "/home/***/.local/lib/python3.8/site-packages/billiard/pool.py", line 291, in __call__
    sys.exit(self.workloop(pid=pid))
  File "/home/***/.local/lib/python3.8/site-packages/billiard/pool.py", line 361, in workloop
    result = (True, prepare_result(fun(*args, **kwargs)))
  File "/home/***/.local/lib/python3.8/site-packages/celery/app/trace.py", line 675, in fast_trace_task
    R, I, T, Rstr = tasks[task].__trace__(
  File "/home/***/.local/lib/python3.8/site-packages/celery/app/trace.py", line 477, in trace_task
    R = retval = fun(*args, **kwargs)
  File "/home/***/.local/lib/python3.8/site-packages/celery/app/trace.py", line 760, in __protected_call__
    return self.run(*args, **kwargs)
  File "/home/***/.local/lib/python3.8/site-packages/***/providers/celery/executors/celery_executor_utils.py", line 123, in execute_command
    _execute_in_fork(command_to_exec, celery_task_id)
  File "/home/***/.local/lib/python3.8/site-packages/***/providers/celery/executors/celery_executor_utils.py", line 157, in _execute_in_fork
    args.func(args)
  File "/home/***/.local/lib/python3.8/site-packages/***/cli/cli_config.py", line 49, in command
    return func(*args, **kwargs)
  File "/home/***/.local/lib/python3.8/site-packages/***/utils/cli.py", line 116, in wrapper
    return f(*args, **kwargs)
  File "/home/***/.local/lib/python3.8/site-packages/***/cli/commands/task_command.py", line 483, in task_run
    task_return_code = _run_task_by_selected_method(args, _dag, ti)
  File "/home/***/.local/lib/python3.8/site-packages/***/cli/commands/task_command.py", line 254, in _run_task_by_selected_method
    return _run_task_by_local_task_job(args, ti)
  File "/home/***/.local/lib/python3.8/site-packages/***/cli/commands/task_command.py", line 322, in _run_task_by_local_task_job
    ret = run_job(job=job_runner.job, execute_callable=job_runner._execute)
  File "/home/***/.local/lib/python3.8/site-packages/***/utils/session.py", line 97, in wrapper
    return func(*args, session=session, **kwargs)
  File "/home/***/.local/lib/python3.8/site-packages/***/jobs/job.py", line 421, in run_job
    return execute_job(job, execute_callable=execute_callable)
  File "/home/***/.local/lib/python3.8/site-packages/***/jobs/job.py", line 450, in execute_job
    ret = execute_callable()
  File "/home/***/.local/lib/python3.8/site-packages/***/jobs/local_task_job_runner.py", line 171, in _execute
    self.task_runner.start()
  File "/home/***/.local/lib/python3.8/site-packages/***/task/task_runner/standard_task_runner.py", line 55, in start
    self.process = self._start_by_fork()
  File "/home/***/.local/lib/python3.8/site-packages/***/task/task_runner/standard_task_runner.py", line 117, in _start_by_fork
    ret = args.func(args, dag=self.dag)
  File "/home/***/.local/lib/python3.8/site-packages/***/cli/cli_config.py", line 49, in command
    return func(*args, **kwargs)
  File "/home/***/.local/lib/python3.8/site-packages/***/utils/cli.py", line 116, in wrapper
    return f(*args, **kwargs)
  File "/home/***/.local/lib/python3.8/site-packages/***/cli/commands/task_command.py", line 483, in task_run
    task_return_code = _run_task_by_selected_method(args, _dag, ti)
  File "/home/***/.local/lib/python3.8/site-packages/***/cli/commands/task_command.py", line 256, in _run_task_by_selected_method
    return _run_raw_task(args, ti)
  File "/home/***/.local/lib/python3.8/site-packages/***/cli/commands/task_command.py", line 341, in _run_raw_task
    return ti._run_raw_task(
  File "/home/***/.local/lib/python3.8/site-packages/***/utils/session.py", line 97, in wrapper
    return func(*args, session=session, **kwargs)
  File "/home/***/.local/lib/python3.8/site-packages/***/models/taskinstance.py", line 3006, in _run_raw_task
    return _run_raw_task(
  File "/home/***/.local/lib/python3.8/site-packages/***/models/taskinstance.py", line 274, in _run_raw_task
    TaskInstance._execute_task_with_callbacks(
  File "/home/***/.local/lib/python3.8/site-packages/***/models/taskinstance.py", line 3161, in _execute_task_with_callbacks
    result = self._execute_task(context, task_orig)
  File "/home/***/.local/lib/python3.8/site-packages/***/models/taskinstance.py", line 3185, in _execute_task
    return _execute_task(self, context, task_orig)
  File "/home/***/.local/lib/python3.8/site-packages/***/models/taskinstance.py", line 763, in _execute_task
    result = _execute_callable(context=context, **execute_callable_kwargs)
  File "/home/***/.local/lib/python3.8/site-packages/***/models/taskinstance.py", line 734, in _execute_callable
    return ExecutionCallableRunner(
  File "/home/***/.local/lib/python3.8/site-packages/***/utils/operator_helpers.py", line 252, in run
    return self.func(*args, **kwargs)
  File "/home/***/.local/lib/python3.8/site-packages/***/models/baseoperator.py", line 424, in wrapper
    return func(self, *args, **kwargs)
  File "/home/***/.local/lib/python3.8/site-packages/***/operators/bash.py", line 257, in execute
    result = self._run_inline_command(bash_path=bash_path, env=env)
  File "/home/***/.local/lib/python3.8/site-packages/***/operators/bash.py", line 284, in _run_inline_command
    return self.subprocess_hook.run_command(
  File "/home/***/.local/lib/python3.8/site-packages/***/hooks/subprocess.py", line 104, in run_command
    for raw_line in iter(self.sub_process.stdout.readline, b""):
  File "/home/***/.local/lib/python3.8/site-packages/***/models/taskinstance.py", line 3095, in signal_handler
    self.log.error("Stacktrace: \n%s", "".join(traceback.format_stack()))

[2026-04-05T10:41:44.887+0000] {subprocess.py:117} INFO - Sending SIGTERM signal to process group
[2026-04-05T10:41:45.055+0000] {taskinstance.py:341} INFO - ::group::Post task execution logs
[2026-04-05T10:41:45.095+0000] {process_utils.py:80} INFO - Process psutil.Process(pid=131, status='terminated', started='10:41:10') (131) terminated with exit code None
[2026-04-05T10:41:45.097+0000] {process_utils.py:80} INFO - Process psutil.Process(pid=129, status='terminated', exitcode=0, started='10:41:10') (129) terminated with exit code 0
[2026-04-05T10:41:45.098+0000] {process_utils.py:80} INFO - Process psutil.Process(pid=132, status='terminated', started='10:41:10') (132) terminated with exit code None
