[2026-03-13T05:18:50.214+0000] {local_task_job_runner.py:123} INFO - ::group::Pre task execution logs
[2026-03-13T05:18:50.268+0000] {taskinstance.py:2614} INFO - Dependencies all met for dep_context=non-requeueable deps ti=<TaskInstance: crawl_etl_itjob.load_bronze scheduled__2026-03-12T02:00:00+00:00 [queued]>
[2026-03-13T05:18:50.292+0000] {taskinstance.py:2614} INFO - Dependencies all met for dep_context=requeueable deps ti=<TaskInstance: crawl_etl_itjob.load_bronze scheduled__2026-03-12T02:00:00+00:00 [queued]>
[2026-03-13T05:18:50.293+0000] {taskinstance.py:2867} INFO - Starting attempt 1 of 2
[2026-03-13T05:18:50.320+0000] {taskinstance.py:2890} INFO - Executing <Task(BashOperator): load_bronze> on 2026-03-12 02:00:00+00:00
[2026-03-13T05:18:50.326+0000] {standard_task_runner.py:72} INFO - Started process 112 to run task
[2026-03-13T05:18:50.332+0000] {standard_task_runner.py:104} INFO - Running: ['***', 'tasks', 'run', 'crawl_etl_itjob', 'load_bronze', 'scheduled__2026-03-12T02:00:00+00:00', '--job-id', '649', '--raw', '--subdir', 'DAGS_FOLDER/Crawl_ETL_ITJob.py', '--cfg-path', '/tmp/tmpoxza6v9o']
[2026-03-13T05:18:50.333+0000] {standard_task_runner.py:105} INFO - Job 649: Subtask load_bronze
[2026-03-13T05:18:50.363+0000] {warnings.py:109} WARNING - /home/***/.local/lib/python3.8/site-packages/***/settings.py:209: DeprecationWarning: The sql_alchemy_conn option in [core] has been moved to the sql_alchemy_conn option in [database] - the old setting has been used, but please update your config.
  SQL_ALCHEMY_CONN = conf.get("database", "SQL_ALCHEMY_CONN")

[2026-03-13T05:18:50.461+0000] {task_command.py:467} INFO - Running <TaskInstance: crawl_etl_itjob.load_bronze scheduled__2026-03-12T02:00:00+00:00 [running]> on host 19d569223134
[2026-03-13T05:18:50.462+0000] {warnings.py:109} WARNING - /home/***/.local/lib/python3.8/site-packages/***/settings.py:470: DeprecationWarning: The sql_alchemy_conn option in [core] has been moved to the sql_alchemy_conn option in [database] - the old setting has been used, but please update your config.
  if conf.get("database", "sql_alchemy_conn") == "none://":

[2026-03-13T05:18:50.619+0000] {taskinstance.py:3134} INFO - Exporting env vars: AIRFLOW_CTX_DAG_EMAIL='hoa856856@gmail.com' AIRFLOW_CTX_DAG_OWNER='***' AIRFLOW_CTX_DAG_ID='crawl_etl_itjob' AIRFLOW_CTX_TASK_ID='load_bronze' AIRFLOW_CTX_EXECUTION_DATE='2026-03-12T02:00:00+00:00' AIRFLOW_CTX_TRY_NUMBER='1' AIRFLOW_CTX_DAG_RUN_ID='scheduled__2026-03-12T02:00:00+00:00'
[2026-03-13T05:18:50.620+0000] {taskinstance.py:732} INFO - ::endgroup::
[2026-03-13T05:18:50.636+0000] {subprocess.py:78} INFO - Tmp dir root location: /tmp
[2026-03-13T05:18:50.638+0000] {subprocess.py:88} INFO - Running command: ['/bin/bash', '-c', "\n        docker exec spark-submit bash -c '\n        /opt/spark/bin/spark-submit         --master spark://spark-master:7077         --deploy-mode client         --packages org.apache.iceberg:iceberg-spark-runtime-3.5_2.12:1.5.0,org.apache.hadoop:hadoop-aws:3.3.4,com.amazonaws:aws-java-sdk-bundle:1.12.262         /opt/spark/scripts/Load_Bronze.py\n        '\n        "]
[2026-03-13T05:18:50.648+0000] {subprocess.py:99} INFO - Output:
[2026-03-13T05:18:52.659+0000] {subprocess.py:106} INFO - :: loading settings :: url = jar:file:/opt/spark/jars/ivy-2.5.1.jar!/org/apache/ivy/core/settings/ivysettings.xml
[2026-03-13T05:18:52.742+0000] {subprocess.py:106} INFO - Ivy Default Cache set to: /home/spark/.ivy2/cache
[2026-03-13T05:18:52.743+0000] {subprocess.py:106} INFO - The jars for the packages stored in: /home/spark/.ivy2/jars
[2026-03-13T05:18:52.748+0000] {subprocess.py:106} INFO - org.apache.iceberg#iceberg-spark-runtime-3.5_2.12 added as a dependency
[2026-03-13T05:18:52.749+0000] {subprocess.py:106} INFO - org.apache.hadoop#hadoop-aws added as a dependency
[2026-03-13T05:18:52.749+0000] {subprocess.py:106} INFO - com.amazonaws#aws-java-sdk-bundle added as a dependency
[2026-03-13T05:18:52.750+0000] {subprocess.py:106} INFO - :: resolving dependencies :: org.apache.spark#spark-submit-parent-93511b82-3a8f-458d-8783-99ed54a2ea0b;1.0
[2026-03-13T05:18:52.750+0000] {subprocess.py:106} INFO - 	confs: [default]
[2026-03-13T05:18:52.822+0000] {subprocess.py:106} INFO - 	found org.apache.iceberg#iceberg-spark-runtime-3.5_2.12;1.5.0 in central
[2026-03-13T05:18:52.887+0000] {subprocess.py:106} INFO - 	found org.apache.hadoop#hadoop-aws;3.3.4 in central
[2026-03-13T05:18:52.919+0000] {subprocess.py:106} INFO - 	found com.amazonaws#aws-java-sdk-bundle;1.12.262 in central
[2026-03-13T05:18:52.948+0000] {subprocess.py:106} INFO - 	found org.wildfly.openssl#wildfly-openssl;1.0.7.Final in central
[2026-03-13T05:18:52.970+0000] {subprocess.py:106} INFO - :: resolution report :: resolve 213ms :: artifacts dl 8ms
[2026-03-13T05:18:52.971+0000] {subprocess.py:106} INFO - 	:: modules in use:
[2026-03-13T05:18:52.972+0000] {subprocess.py:106} INFO - 	com.amazonaws#aws-java-sdk-bundle;1.12.262 from central in [default]
[2026-03-13T05:18:52.973+0000] {subprocess.py:106} INFO - 	org.apache.hadoop#hadoop-aws;3.3.4 from central in [default]
[2026-03-13T05:18:52.974+0000] {subprocess.py:106} INFO - 	org.apache.iceberg#iceberg-spark-runtime-3.5_2.12;1.5.0 from central in [default]
[2026-03-13T05:18:52.975+0000] {subprocess.py:106} INFO - 	org.wildfly.openssl#wildfly-openssl;1.0.7.Final from central in [default]
[2026-03-13T05:18:52.981+0000] {subprocess.py:106} INFO - 	---------------------------------------------------------------------
[2026-03-13T05:18:52.982+0000] {subprocess.py:106} INFO - 	|                  |            modules            ||   artifacts   |
[2026-03-13T05:18:52.983+0000] {subprocess.py:106} INFO - 	|       conf       | number| search|dwnlded|evicted|| number|dwnlded|
[2026-03-13T05:18:52.984+0000] {subprocess.py:106} INFO - 	---------------------------------------------------------------------
[2026-03-13T05:18:52.984+0000] {subprocess.py:106} INFO - 	|      default     |   4   |   0   |   0   |   0   ||   4   |   0   |
[2026-03-13T05:18:52.985+0000] {subprocess.py:106} INFO - 	---------------------------------------------------------------------
[2026-03-13T05:18:52.985+0000] {subprocess.py:106} INFO - :: retrieving :: org.apache.spark#spark-submit-parent-93511b82-3a8f-458d-8783-99ed54a2ea0b
[2026-03-13T05:18:52.985+0000] {subprocess.py:106} INFO - 	confs: [default]
[2026-03-13T05:18:52.990+0000] {subprocess.py:106} INFO - 	0 artifacts copied, 4 already retrieved (0kB/10ms)
[2026-03-13T05:18:53.210+0000] {subprocess.py:106} INFO - 26/03/13 05:18:53 WARN NativeCodeLoader: Unable to load native-hadoop library for your platform... using builtin-java classes where applicable
[2026-03-13T05:18:54.160+0000] {subprocess.py:106} INFO - 26/03/13 05:18:54 INFO SparkContext: Running Spark version 3.5.3
[2026-03-13T05:18:54.161+0000] {subprocess.py:106} INFO - 26/03/13 05:18:54 INFO SparkContext: OS info Linux, 6.6.87.2-microsoft-standard-WSL2, amd64
[2026-03-13T05:18:54.162+0000] {subprocess.py:106} INFO - 26/03/13 05:18:54 INFO SparkContext: Java version 11.0.24
[2026-03-13T05:18:54.181+0000] {subprocess.py:106} INFO - 26/03/13 05:18:54 INFO ResourceUtils: ==============================================================
[2026-03-13T05:18:54.181+0000] {subprocess.py:106} INFO - 26/03/13 05:18:54 INFO ResourceUtils: No custom resources configured for spark.driver.
[2026-03-13T05:18:54.182+0000] {subprocess.py:106} INFO - 26/03/13 05:18:54 INFO ResourceUtils: ==============================================================
[2026-03-13T05:18:54.182+0000] {subprocess.py:106} INFO - 26/03/13 05:18:54 INFO SparkContext: Submitted application: Load_Bronze_MinIO_Iceberg
[2026-03-13T05:18:54.203+0000] {subprocess.py:106} INFO - 26/03/13 05:18:54 INFO ResourceProfile: Default ResourceProfile created, executor resources: Map(memory -> name: memory, amount: 1024, script: , vendor: , offHeap -> name: offHeap, amount: 0, script: , vendor: ), task resources: Map(cpus -> name: cpus, amount: 1.0)
[2026-03-13T05:18:54.214+0000] {subprocess.py:106} INFO - 26/03/13 05:18:54 INFO ResourceProfile: Limiting resource is cpu
[2026-03-13T05:18:54.217+0000] {subprocess.py:106} INFO - 26/03/13 05:18:54 INFO ResourceProfileManager: Added ResourceProfile id: 0
[2026-03-13T05:18:54.266+0000] {subprocess.py:106} INFO - 26/03/13 05:18:54 INFO SecurityManager: Changing view acls to: spark
[2026-03-13T05:18:54.267+0000] {subprocess.py:106} INFO - 26/03/13 05:18:54 INFO SecurityManager: Changing modify acls to: spark
[2026-03-13T05:18:54.268+0000] {subprocess.py:106} INFO - 26/03/13 05:18:54 INFO SecurityManager: Changing view acls groups to:
[2026-03-13T05:18:54.269+0000] {subprocess.py:106} INFO - 26/03/13 05:18:54 INFO SecurityManager: Changing modify acls groups to:
[2026-03-13T05:18:54.269+0000] {subprocess.py:106} INFO - 26/03/13 05:18:54 INFO SecurityManager: SecurityManager: authentication disabled; ui acls disabled; users with view permissions: spark; groups with view permissions: EMPTY; users with modify permissions: spark; groups with modify permissions: EMPTY
[2026-03-13T05:18:54.509+0000] {subprocess.py:106} INFO - 26/03/13 05:18:54 INFO Utils: Successfully started service 'sparkDriver' on port 35211.
[2026-03-13T05:18:54.536+0000] {subprocess.py:106} INFO - 26/03/13 05:18:54 INFO SparkEnv: Registering MapOutputTracker
[2026-03-13T05:18:54.572+0000] {subprocess.py:106} INFO - 26/03/13 05:18:54 INFO SparkEnv: Registering BlockManagerMaster
[2026-03-13T05:18:54.595+0000] {subprocess.py:106} INFO - 26/03/13 05:18:54 INFO BlockManagerMasterEndpoint: Using org.apache.spark.storage.DefaultTopologyMapper for getting topology information
[2026-03-13T05:18:54.596+0000] {subprocess.py:106} INFO - 26/03/13 05:18:54 INFO BlockManagerMasterEndpoint: BlockManagerMasterEndpoint up
[2026-03-13T05:18:54.601+0000] {subprocess.py:106} INFO - 26/03/13 05:18:54 INFO SparkEnv: Registering BlockManagerMasterHeartbeat
[2026-03-13T05:18:54.628+0000] {subprocess.py:106} INFO - 26/03/13 05:18:54 INFO DiskBlockManager: Created local directory at /tmp/blockmgr-63fadc10-5f18-4cff-bad0-129964f6882d
[2026-03-13T05:18:54.643+0000] {subprocess.py:106} INFO - 26/03/13 05:18:54 INFO MemoryStore: MemoryStore started with capacity 434.4 MiB
[2026-03-13T05:18:54.663+0000] {subprocess.py:106} INFO - 26/03/13 05:18:54 INFO SparkEnv: Registering OutputCommitCoordinator
[2026-03-13T05:18:54.821+0000] {subprocess.py:106} INFO - 26/03/13 05:18:54 INFO JettyUtils: Start Jetty 0.0.0.0:4040 for SparkUI
[2026-03-13T05:18:54.869+0000] {subprocess.py:106} INFO - 26/03/13 05:18:54 INFO Utils: Successfully started service 'SparkUI' on port 4040.
[2026-03-13T05:18:54.913+0000] {subprocess.py:106} INFO - 26/03/13 05:18:54 INFO SparkContext: Added JAR file:///home/spark/.ivy2/jars/org.apache.iceberg_iceberg-spark-runtime-3.5_2.12-1.5.0.jar at spark://499f1d118d82:35211/jars/org.apache.iceberg_iceberg-spark-runtime-3.5_2.12-1.5.0.jar with timestamp 1773379134152
[2026-03-13T05:18:54.914+0000] {subprocess.py:106} INFO - 26/03/13 05:18:54 INFO SparkContext: Added JAR file:///home/spark/.ivy2/jars/org.apache.hadoop_hadoop-aws-3.3.4.jar at spark://499f1d118d82:35211/jars/org.apache.hadoop_hadoop-aws-3.3.4.jar with timestamp 1773379134152
[2026-03-13T05:18:54.915+0000] {subprocess.py:106} INFO - 26/03/13 05:18:54 INFO SparkContext: Added JAR file:///home/spark/.ivy2/jars/com.amazonaws_aws-java-sdk-bundle-1.12.262.jar at spark://499f1d118d82:35211/jars/com.amazonaws_aws-java-sdk-bundle-1.12.262.jar with timestamp 1773379134152
[2026-03-13T05:18:54.915+0000] {subprocess.py:106} INFO - 26/03/13 05:18:54 INFO SparkContext: Added JAR file:///home/spark/.ivy2/jars/org.wildfly.openssl_wildfly-openssl-1.0.7.Final.jar at spark://499f1d118d82:35211/jars/org.wildfly.openssl_wildfly-openssl-1.0.7.Final.jar with timestamp 1773379134152
[2026-03-13T05:18:54.920+0000] {subprocess.py:106} INFO - 26/03/13 05:18:54 INFO SparkContext: Added file file:///home/spark/.ivy2/jars/org.apache.iceberg_iceberg-spark-runtime-3.5_2.12-1.5.0.jar at spark://499f1d118d82:35211/files/org.apache.iceberg_iceberg-spark-runtime-3.5_2.12-1.5.0.jar with timestamp 1773379134152
[2026-03-13T05:18:54.922+0000] {subprocess.py:106} INFO - 26/03/13 05:18:54 INFO Utils: Copying /home/spark/.ivy2/jars/org.apache.iceberg_iceberg-spark-runtime-3.5_2.12-1.5.0.jar to /tmp/spark-35c4951b-4b1f-4814-81ea-8689afd87ec5/userFiles-ba28c967-7050-4e61-8ec1-bc038ea255c7/org.apache.iceberg_iceberg-spark-runtime-3.5_2.12-1.5.0.jar
[2026-03-13T05:18:54.984+0000] {subprocess.py:106} INFO - 26/03/13 05:18:54 INFO SparkContext: Added file file:///home/spark/.ivy2/jars/org.apache.hadoop_hadoop-aws-3.3.4.jar at spark://499f1d118d82:35211/files/org.apache.hadoop_hadoop-aws-3.3.4.jar with timestamp 1773379134152
[2026-03-13T05:18:54.985+0000] {subprocess.py:106} INFO - 26/03/13 05:18:54 INFO Utils: Copying /home/spark/.ivy2/jars/org.apache.hadoop_hadoop-aws-3.3.4.jar to /tmp/spark-35c4951b-4b1f-4814-81ea-8689afd87ec5/userFiles-ba28c967-7050-4e61-8ec1-bc038ea255c7/org.apache.hadoop_hadoop-aws-3.3.4.jar
[2026-03-13T05:18:54.989+0000] {subprocess.py:106} INFO - 26/03/13 05:18:54 INFO SparkContext: Added file file:///home/spark/.ivy2/jars/com.amazonaws_aws-java-sdk-bundle-1.12.262.jar at spark://499f1d118d82:35211/files/com.amazonaws_aws-java-sdk-bundle-1.12.262.jar with timestamp 1773379134152
[2026-03-13T05:18:54.989+0000] {subprocess.py:106} INFO - 26/03/13 05:18:54 INFO Utils: Copying /home/spark/.ivy2/jars/com.amazonaws_aws-java-sdk-bundle-1.12.262.jar to /tmp/spark-35c4951b-4b1f-4814-81ea-8689afd87ec5/userFiles-ba28c967-7050-4e61-8ec1-bc038ea255c7/com.amazonaws_aws-java-sdk-bundle-1.12.262.jar
[2026-03-13T05:18:55.305+0000] {subprocess.py:106} INFO - 26/03/13 05:18:55 INFO SparkContext: Added file file:///home/spark/.ivy2/jars/org.wildfly.openssl_wildfly-openssl-1.0.7.Final.jar at spark://499f1d118d82:35211/files/org.wildfly.openssl_wildfly-openssl-1.0.7.Final.jar with timestamp 1773379134152
[2026-03-13T05:18:55.306+0000] {subprocess.py:106} INFO - 26/03/13 05:18:55 INFO Utils: Copying /home/spark/.ivy2/jars/org.wildfly.openssl_wildfly-openssl-1.0.7.Final.jar to /tmp/spark-35c4951b-4b1f-4814-81ea-8689afd87ec5/userFiles-ba28c967-7050-4e61-8ec1-bc038ea255c7/org.wildfly.openssl_wildfly-openssl-1.0.7.Final.jar
[2026-03-13T05:18:55.396+0000] {subprocess.py:106} INFO - 26/03/13 05:18:55 INFO StandaloneAppClient$ClientEndpoint: Connecting to master spark://spark-master:7077...
[2026-03-13T05:18:55.447+0000] {subprocess.py:106} INFO - 26/03/13 05:18:55 INFO TransportClientFactory: Successfully created connection to spark-master/172.30.0.6:7077 after 31 ms (0 ms spent in bootstraps)
[2026-03-13T05:18:55.535+0000] {subprocess.py:106} INFO - 26/03/13 05:18:55 INFO StandaloneSchedulerBackend: Connected to Spark cluster with app ID app-20260313051855-0003
[2026-03-13T05:18:55.537+0000] {subprocess.py:106} INFO - 26/03/13 05:18:55 INFO StandaloneAppClient$ClientEndpoint: Executor added: app-20260313051855-0003/0 on worker-20260313045145-172.30.0.7-34487 (172.30.0.7:34487) with 1 core(s)
[2026-03-13T05:18:55.541+0000] {subprocess.py:106} INFO - 26/03/13 05:18:55 INFO StandaloneSchedulerBackend: Granted executor ID app-20260313051855-0003/0 on hostPort 172.30.0.7:34487 with 1 core(s), 1024.0 MiB RAM
[2026-03-13T05:18:55.548+0000] {subprocess.py:106} INFO - 26/03/13 05:18:55 INFO Utils: Successfully started service 'org.apache.spark.network.netty.NettyBlockTransferService' on port 44027.
[2026-03-13T05:18:55.549+0000] {subprocess.py:106} INFO - 26/03/13 05:18:55 INFO NettyBlockTransferService: Server created on 499f1d118d82:44027
[2026-03-13T05:18:55.552+0000] {subprocess.py:106} INFO - 26/03/13 05:18:55 INFO BlockManager: Using org.apache.spark.storage.RandomBlockReplicationPolicy for block replication policy
[2026-03-13T05:18:55.558+0000] {subprocess.py:106} INFO - 26/03/13 05:18:55 INFO BlockManagerMaster: Registering BlockManager BlockManagerId(driver, 499f1d118d82, 44027, None)
[2026-03-13T05:18:55.562+0000] {subprocess.py:106} INFO - 26/03/13 05:18:55 INFO BlockManagerMasterEndpoint: Registering block manager 499f1d118d82:44027 with 434.4 MiB RAM, BlockManagerId(driver, 499f1d118d82, 44027, None)
[2026-03-13T05:18:55.565+0000] {subprocess.py:106} INFO - 26/03/13 05:18:55 INFO BlockManagerMaster: Registered BlockManager BlockManagerId(driver, 499f1d118d82, 44027, None)
[2026-03-13T05:18:55.569+0000] {subprocess.py:106} INFO - 26/03/13 05:18:55 INFO BlockManager: Initialized BlockManager: BlockManagerId(driver, 499f1d118d82, 44027, None)
[2026-03-13T05:18:55.587+0000] {subprocess.py:106} INFO - 26/03/13 05:18:55 INFO StandaloneAppClient$ClientEndpoint: Executor updated: app-20260313051855-0003/0 is now RUNNING
[2026-03-13T05:18:55.856+0000] {subprocess.py:106} INFO - 26/03/13 05:18:55 INFO StandaloneSchedulerBackend: SchedulerBackend is ready for scheduling beginning after reached minRegisteredResourcesRatio: 0.0
[2026-03-13T05:18:56.132+0000] {subprocess.py:106} INFO - Reading data from: s3a://warehouse/raw/itviec_jobs_full.csv
[2026-03-13T05:18:56.147+0000] {subprocess.py:106} INFO - 26/03/13 05:18:56 INFO SharedState: Setting hive.metastore.warehouse.dir ('null') to the value of spark.sql.warehouse.dir.
[2026-03-13T05:18:56.149+0000] {subprocess.py:106} INFO - 26/03/13 05:18:56 INFO SharedState: Warehouse path is 'file:/opt/spark/work-dir/spark-warehouse'.
[2026-03-13T05:18:57.958+0000] {subprocess.py:106} INFO - 26/03/13 05:18:57 WARN MetricsConfig: Cannot locate configuration: tried hadoop-metrics2-s3a-file-system.properties,hadoop-metrics2.properties
[2026-03-13T05:18:57.978+0000] {subprocess.py:106} INFO - 26/03/13 05:18:57 INFO MetricsSystemImpl: Scheduled Metric snapshot period at 10 second(s).
[2026-03-13T05:18:57.979+0000] {subprocess.py:106} INFO - 26/03/13 05:18:57 INFO MetricsSystemImpl: s3a-file-system metrics system started
[2026-03-13T05:18:59.378+0000] {subprocess.py:106} INFO - 26/03/13 05:18:59 INFO StandaloneSchedulerBackend$StandaloneDriverEndpoint: Registered executor NettyRpcEndpointRef(spark-client://Executor) (172.30.0.7:49830) with ID 0,  ResourceProfileId 0
[2026-03-13T05:18:59.504+0000] {subprocess.py:106} INFO - 26/03/13 05:18:59 INFO BlockManagerMasterEndpoint: Registering block manager 172.30.0.7:45871 with 434.4 MiB RAM, BlockManagerId(0, 172.30.0.7, 45871, None)
[2026-03-13T05:18:59.808+0000] {subprocess.py:106} INFO - 26/03/13 05:18:59 INFO InMemoryFileIndex: It took 173 ms to list leaf files for 1 paths.
[2026-03-13T05:19:00.028+0000] {subprocess.py:106} INFO - 26/03/13 05:19:00 INFO MemoryStore: Block broadcast_0 stored as values in memory (estimated size 206.5 KiB, free 434.2 MiB)
[2026-03-13T05:19:00.164+0000] {subprocess.py:106} INFO - 26/03/13 05:19:00 INFO MemoryStore: Block broadcast_0_piece0 stored as bytes in memory (estimated size 36.2 KiB, free 434.2 MiB)
[2026-03-13T05:19:00.169+0000] {subprocess.py:106} INFO - 26/03/13 05:19:00 INFO BlockManagerInfo: Added broadcast_0_piece0 in memory on 499f1d118d82:44027 (size: 36.2 KiB, free: 434.4 MiB)
[2026-03-13T05:19:00.175+0000] {subprocess.py:106} INFO - 26/03/13 05:19:00 INFO SparkContext: Created broadcast 0 from csv at <unknown>:0
[2026-03-13T05:19:00.731+0000] {subprocess.py:106} INFO - 26/03/13 05:19:00 INFO FileInputFormat: Total input files to process : 1
[2026-03-13T05:19:00.744+0000] {subprocess.py:106} INFO - 26/03/13 05:19:00 INFO FileInputFormat: Total input files to process : 1
[2026-03-13T05:19:00.825+0000] {subprocess.py:106} INFO - 26/03/13 05:19:00 INFO SparkContext: Starting job: csv at <unknown>:0
[2026-03-13T05:19:00.853+0000] {subprocess.py:106} INFO - 26/03/13 05:19:00 INFO DAGScheduler: Got job 0 (csv at <unknown>:0) with 1 output partitions
[2026-03-13T05:19:00.855+0000] {subprocess.py:106} INFO - 26/03/13 05:19:00 INFO DAGScheduler: Final stage: ResultStage 0 (csv at <unknown>:0)
[2026-03-13T05:19:00.861+0000] {subprocess.py:106} INFO - 26/03/13 05:19:00 INFO DAGScheduler: Parents of final stage: List()
[2026-03-13T05:19:00.862+0000] {subprocess.py:106} INFO - 26/03/13 05:19:00 INFO DAGScheduler: Missing parents: List()
[2026-03-13T05:19:00.868+0000] {subprocess.py:106} INFO - 26/03/13 05:19:00 INFO DAGScheduler: Submitting ResultStage 0 (MapPartitionsRDD[2] at csv at <unknown>:0), which has no missing parents
[2026-03-13T05:19:00.904+0000] {subprocess.py:106} INFO - 26/03/13 05:19:00 INFO MemoryStore: Block broadcast_1 stored as values in memory (estimated size 7.6 KiB, free 434.2 MiB)
[2026-03-13T05:19:00.933+0000] {subprocess.py:106} INFO - 26/03/13 05:19:00 INFO MemoryStore: Block broadcast_1_piece0 stored as bytes in memory (estimated size 4.4 KiB, free 434.2 MiB)
[2026-03-13T05:19:00.934+0000] {subprocess.py:106} INFO - 26/03/13 05:19:00 INFO BlockManagerInfo: Added broadcast_1_piece0 in memory on 499f1d118d82:44027 (size: 4.4 KiB, free: 434.4 MiB)
[2026-03-13T05:19:00.937+0000] {subprocess.py:106} INFO - 26/03/13 05:19:00 INFO SparkContext: Created broadcast 1 from broadcast at DAGScheduler.scala:1585
[2026-03-13T05:19:00.982+0000] {subprocess.py:106} INFO - 26/03/13 05:19:00 INFO DAGScheduler: Submitting 1 missing tasks from ResultStage 0 (MapPartitionsRDD[2] at csv at <unknown>:0) (first 15 tasks are for partitions Vector(0))
[2026-03-13T05:19:00.983+0000] {subprocess.py:106} INFO - 26/03/13 05:19:00 INFO TaskSchedulerImpl: Adding task set 0.0 with 1 tasks resource profile 0
[2026-03-13T05:19:03.015+0000] {subprocess.py:106} INFO - 26/03/13 05:19:03 INFO TaskSetManager: Starting task 0.0 in stage 0.0 (TID 0) (172.30.0.7, executor 0, partition 0, PROCESS_LOCAL, 10108 bytes)
[2026-03-13T05:19:03.261+0000] {subprocess.py:106} INFO - 26/03/13 05:19:03 INFO BlockManagerInfo: Added broadcast_1_piece0 in memory on 172.30.0.7:45871 (size: 4.4 KiB, free: 434.4 MiB)
[2026-03-13T05:19:03.467+0000] {subprocess.py:106} INFO - 26/03/13 05:19:03 INFO BlockManagerInfo: Added broadcast_0_piece0 in memory on 172.30.0.7:45871 (size: 36.2 KiB, free: 434.4 MiB)
[2026-03-13T05:19:04.875+0000] {subprocess.py:106} INFO - 26/03/13 05:19:04 INFO TaskSetManager: Finished task 0.0 in stage 0.0 (TID 0) in 1872 ms on 172.30.0.7 (executor 0) (1/1)
[2026-03-13T05:19:04.881+0000] {subprocess.py:106} INFO - 26/03/13 05:19:04 INFO TaskSchedulerImpl: Removed TaskSet 0.0, whose tasks have all completed, from pool
[2026-03-13T05:19:04.883+0000] {subprocess.py:106} INFO - 26/03/13 05:19:04 INFO DAGScheduler: ResultStage 0 (csv at <unknown>:0) finished in 3.989 s
[2026-03-13T05:19:04.890+0000] {subprocess.py:106} INFO - 26/03/13 05:19:04 INFO DAGScheduler: Job 0 is finished. Cancelling potential speculative or zombie tasks for this job
[2026-03-13T05:19:04.892+0000] {subprocess.py:106} INFO - 26/03/13 05:19:04 INFO TaskSchedulerImpl: Killing all running tasks in stage 0: Stage finished
[2026-03-13T05:19:04.900+0000] {subprocess.py:106} INFO - 26/03/13 05:19:04 INFO DAGScheduler: Job 0 finished: csv at <unknown>:0, took 4.073949 s
[2026-03-13T05:19:04.961+0000] {subprocess.py:106} INFO - 26/03/13 05:19:04 INFO SparkContext: Starting job: csv at <unknown>:0
[2026-03-13T05:19:04.962+0000] {subprocess.py:106} INFO - 26/03/13 05:19:04 INFO DAGScheduler: Got job 1 (csv at <unknown>:0) with 1 output partitions
[2026-03-13T05:19:04.962+0000] {subprocess.py:106} INFO - 26/03/13 05:19:04 INFO DAGScheduler: Final stage: ResultStage 1 (csv at <unknown>:0)
[2026-03-13T05:19:04.963+0000] {subprocess.py:106} INFO - 26/03/13 05:19:04 INFO DAGScheduler: Parents of final stage: List()
[2026-03-13T05:19:04.964+0000] {subprocess.py:106} INFO - 26/03/13 05:19:04 INFO DAGScheduler: Missing parents: List()
[2026-03-13T05:19:04.965+0000] {subprocess.py:106} INFO - 26/03/13 05:19:04 INFO DAGScheduler: Submitting ResultStage 1 (MapPartitionsRDD[3] at csv at <unknown>:0), which has no missing parents
[2026-03-13T05:19:04.968+0000] {subprocess.py:106} INFO - 26/03/13 05:19:04 INFO MemoryStore: Block broadcast_2 stored as values in memory (estimated size 10.1 KiB, free 434.1 MiB)
[2026-03-13T05:19:04.981+0000] {subprocess.py:106} INFO - 26/03/13 05:19:04 INFO MemoryStore: Block broadcast_2_piece0 stored as bytes in memory (estimated size 5.4 KiB, free 434.1 MiB)
[2026-03-13T05:19:04.982+0000] {subprocess.py:106} INFO - 26/03/13 05:19:04 INFO BlockManagerInfo: Added broadcast_2_piece0 in memory on 499f1d118d82:44027 (size: 5.4 KiB, free: 434.4 MiB)
[2026-03-13T05:19:04.986+0000] {subprocess.py:106} INFO - 26/03/13 05:19:04 INFO SparkContext: Created broadcast 2 from broadcast at DAGScheduler.scala:1585
[2026-03-13T05:19:04.987+0000] {subprocess.py:106} INFO - 26/03/13 05:19:04 INFO DAGScheduler: Submitting 1 missing tasks from ResultStage 1 (MapPartitionsRDD[3] at csv at <unknown>:0) (first 15 tasks are for partitions Vector(0))
[2026-03-13T05:19:04.988+0000] {subprocess.py:106} INFO - 26/03/13 05:19:04 INFO TaskSchedulerImpl: Adding task set 1.0 with 1 tasks resource profile 0
[2026-03-13T05:19:04.993+0000] {subprocess.py:106} INFO - 26/03/13 05:19:04 INFO TaskSetManager: Starting task 0.0 in stage 1.0 (TID 1) (172.30.0.7, executor 0, partition 0, PROCESS_LOCAL, 10108 bytes)
[2026-03-13T05:19:05.020+0000] {subprocess.py:106} INFO - 26/03/13 05:19:05 INFO BlockManagerInfo: Removed broadcast_1_piece0 on 499f1d118d82:44027 in memory (size: 4.4 KiB, free: 434.4 MiB)
[2026-03-13T05:19:05.044+0000] {subprocess.py:106} INFO - 26/03/13 05:19:05 INFO BlockManagerInfo: Removed broadcast_1_piece0 on 172.30.0.7:45871 in memory (size: 4.4 KiB, free: 434.4 MiB)
[2026-03-13T05:19:05.061+0000] {subprocess.py:106} INFO - 26/03/13 05:19:05 INFO BlockManagerInfo: Added broadcast_2_piece0 in memory on 172.30.0.7:45871 (size: 5.4 KiB, free: 434.4 MiB)
[2026-03-13T05:19:05.892+0000] {subprocess.py:106} INFO - 26/03/13 05:19:05 INFO TaskSetManager: Finished task 0.0 in stage 1.0 (TID 1) in 903 ms on 172.30.0.7 (executor 0) (1/1)
[2026-03-13T05:19:05.894+0000] {subprocess.py:106} INFO - 26/03/13 05:19:05 INFO TaskSchedulerImpl: Removed TaskSet 1.0, whose tasks have all completed, from pool
[2026-03-13T05:19:05.895+0000] {subprocess.py:106} INFO - 26/03/13 05:19:05 INFO DAGScheduler: ResultStage 1 (csv at <unknown>:0) finished in 0.927 s
[2026-03-13T05:19:05.896+0000] {subprocess.py:106} INFO - 26/03/13 05:19:05 INFO DAGScheduler: Job 1 is finished. Cancelling potential speculative or zombie tasks for this job
[2026-03-13T05:19:05.896+0000] {subprocess.py:106} INFO - 26/03/13 05:19:05 INFO TaskSchedulerImpl: Killing all running tasks in stage 1: Stage finished
[2026-03-13T05:19:05.904+0000] {subprocess.py:106} INFO - 26/03/13 05:19:05 INFO DAGScheduler: Job 1 finished: csv at <unknown>:0, took 0.942748 s
[2026-03-13T05:19:06.392+0000] {subprocess.py:106} INFO - 26/03/13 05:19:06 INFO BlockManagerInfo: Removed broadcast_0_piece0 on 499f1d118d82:44027 in memory (size: 36.2 KiB, free: 434.4 MiB)
[2026-03-13T05:19:06.397+0000] {subprocess.py:106} INFO - 26/03/13 05:19:06 INFO BlockManagerInfo: Removed broadcast_0_piece0 on 172.30.0.7:45871 in memory (size: 36.2 KiB, free: 434.4 MiB)
[2026-03-13T05:19:06.408+0000] {subprocess.py:106} INFO - 26/03/13 05:19:06 INFO BlockManagerInfo: Removed broadcast_2_piece0 on 499f1d118d82:44027 in memory (size: 5.4 KiB, free: 434.4 MiB)
[2026-03-13T05:19:06.411+0000] {subprocess.py:106} INFO - 26/03/13 05:19:06 INFO BlockManagerInfo: Removed broadcast_2_piece0 on 172.30.0.7:45871 in memory (size: 5.4 KiB, free: 434.4 MiB)
[2026-03-13T05:19:07.203+0000] {subprocess.py:106} INFO - 26/03/13 05:19:07 INFO FileSourceStrategy: Pushed Filters:
[2026-03-13T05:19:07.204+0000] {subprocess.py:106} INFO - 26/03/13 05:19:07 INFO FileSourceStrategy: Post-Scan Filters:
[2026-03-13T05:19:07.843+0000] {subprocess.py:106} INFO - 26/03/13 05:19:07 INFO CodeGenerator: Code generated in 191.51244 ms
[2026-03-13T05:19:07.850+0000] {subprocess.py:106} INFO - 26/03/13 05:19:07 INFO MemoryStore: Block broadcast_3 stored as values in memory (estimated size 205.7 KiB, free 434.2 MiB)
[2026-03-13T05:19:07.860+0000] {subprocess.py:106} INFO - 26/03/13 05:19:07 INFO MemoryStore: Block broadcast_3_piece0 stored as bytes in memory (estimated size 36.1 KiB, free 434.2 MiB)
[2026-03-13T05:19:07.861+0000] {subprocess.py:106} INFO - 26/03/13 05:19:07 INFO BlockManagerInfo: Added broadcast_3_piece0 in memory on 499f1d118d82:44027 (size: 36.1 KiB, free: 434.4 MiB)
[2026-03-13T05:19:07.862+0000] {subprocess.py:106} INFO - 26/03/13 05:19:07 INFO SparkContext: Created broadcast 3 from count at <unknown>:0
[2026-03-13T05:19:07.888+0000] {subprocess.py:106} INFO - 26/03/13 05:19:07 INFO FileSourceScanExec: Planning scan with bin packing, max size: 4194304 bytes, open cost is considered as scanning 4194304 bytes.
[2026-03-13T05:19:07.936+0000] {subprocess.py:106} INFO - 26/03/13 05:19:07 INFO DAGScheduler: Registering RDD 7 (count at <unknown>:0) as input to shuffle 0
[2026-03-13T05:19:07.941+0000] {subprocess.py:106} INFO - 26/03/13 05:19:07 INFO DAGScheduler: Got map stage job 2 (count at <unknown>:0) with 1 output partitions
[2026-03-13T05:19:07.942+0000] {subprocess.py:106} INFO - 26/03/13 05:19:07 INFO DAGScheduler: Final stage: ShuffleMapStage 2 (count at <unknown>:0)
[2026-03-13T05:19:07.943+0000] {subprocess.py:106} INFO - 26/03/13 05:19:07 INFO DAGScheduler: Parents of final stage: List()
[2026-03-13T05:19:07.944+0000] {subprocess.py:106} INFO - 26/03/13 05:19:07 INFO DAGScheduler: Missing parents: List()
[2026-03-13T05:19:07.946+0000] {subprocess.py:106} INFO - 26/03/13 05:19:07 INFO DAGScheduler: Submitting ShuffleMapStage 2 (MapPartitionsRDD[7] at count at <unknown>:0), which has no missing parents
[2026-03-13T05:19:07.988+0000] {subprocess.py:106} INFO - 26/03/13 05:19:07 INFO MemoryStore: Block broadcast_4 stored as values in memory (estimated size 18.1 KiB, free 434.1 MiB)
[2026-03-13T05:19:07.998+0000] {subprocess.py:106} INFO - 26/03/13 05:19:07 INFO MemoryStore: Block broadcast_4_piece0 stored as bytes in memory (estimated size 8.9 KiB, free 434.1 MiB)
[2026-03-13T05:19:08.008+0000] {subprocess.py:106} INFO - 26/03/13 05:19:07 INFO BlockManagerInfo: Added broadcast_4_piece0 in memory on 499f1d118d82:44027 (size: 8.9 KiB, free: 434.4 MiB)
[2026-03-13T05:19:08.009+0000] {subprocess.py:106} INFO - 26/03/13 05:19:08 INFO SparkContext: Created broadcast 4 from broadcast at DAGScheduler.scala:1585
[2026-03-13T05:19:08.009+0000] {subprocess.py:106} INFO - 26/03/13 05:19:08 INFO DAGScheduler: Submitting 1 missing tasks from ShuffleMapStage 2 (MapPartitionsRDD[7] at count at <unknown>:0) (first 15 tasks are for partitions Vector(0))
[2026-03-13T05:19:08.010+0000] {subprocess.py:106} INFO - 26/03/13 05:19:08 INFO TaskSchedulerImpl: Adding task set 2.0 with 1 tasks resource profile 0
[2026-03-13T05:19:08.013+0000] {subprocess.py:106} INFO - 26/03/13 05:19:08 INFO TaskSetManager: Starting task 0.0 in stage 2.0 (TID 2) (172.30.0.7, executor 0, partition 0, PROCESS_LOCAL, 10568 bytes)
[2026-03-13T05:19:08.061+0000] {subprocess.py:106} INFO - 26/03/13 05:19:08 INFO BlockManagerInfo: Added broadcast_4_piece0 in memory on 172.30.0.7:45871 (size: 8.9 KiB, free: 434.4 MiB)
[2026-03-13T05:19:08.731+0000] {subprocess.py:106} INFO - 26/03/13 05:19:08 INFO BlockManagerInfo: Added broadcast_3_piece0 in memory on 172.30.0.7:45871 (size: 36.1 KiB, free: 434.4 MiB)
[2026-03-13T05:19:08.938+0000] {subprocess.py:106} INFO - 26/03/13 05:19:08 INFO TaskSetManager: Finished task 0.0 in stage 2.0 (TID 2) in 931 ms on 172.30.0.7 (executor 0) (1/1)
[2026-03-13T05:19:08.940+0000] {subprocess.py:106} INFO - 26/03/13 05:19:08 INFO TaskSchedulerImpl: Removed TaskSet 2.0, whose tasks have all completed, from pool
[2026-03-13T05:19:08.951+0000] {subprocess.py:106} INFO - 26/03/13 05:19:08 INFO DAGScheduler: ShuffleMapStage 2 (count at <unknown>:0) finished in 0.993 s
[2026-03-13T05:19:08.952+0000] {subprocess.py:106} INFO - 26/03/13 05:19:08 INFO DAGScheduler: looking for newly runnable stages
[2026-03-13T05:19:08.952+0000] {subprocess.py:106} INFO - 26/03/13 05:19:08 INFO DAGScheduler: running: Set()
[2026-03-13T05:19:08.957+0000] {subprocess.py:106} INFO - 26/03/13 05:19:08 INFO DAGScheduler: waiting: Set()
[2026-03-13T05:19:08.965+0000] {subprocess.py:106} INFO - 26/03/13 05:19:08 INFO DAGScheduler: failed: Set()
[2026-03-13T05:19:09.043+0000] {subprocess.py:106} INFO - 26/03/13 05:19:09 INFO CodeGenerator: Code generated in 21.723867 ms
[2026-03-13T05:19:09.087+0000] {subprocess.py:106} INFO - 26/03/13 05:19:09 INFO SparkContext: Starting job: count at <unknown>:0
[2026-03-13T05:19:09.092+0000] {subprocess.py:106} INFO - 26/03/13 05:19:09 INFO DAGScheduler: Got job 3 (count at <unknown>:0) with 1 output partitions
[2026-03-13T05:19:09.093+0000] {subprocess.py:106} INFO - 26/03/13 05:19:09 INFO DAGScheduler: Final stage: ResultStage 4 (count at <unknown>:0)
[2026-03-13T05:19:09.098+0000] {subprocess.py:106} INFO - 26/03/13 05:19:09 INFO DAGScheduler: Parents of final stage: List(ShuffleMapStage 3)
[2026-03-13T05:19:09.100+0000] {subprocess.py:106} INFO - 26/03/13 05:19:09 INFO DAGScheduler: Missing parents: List()
[2026-03-13T05:19:09.101+0000] {subprocess.py:106} INFO - 26/03/13 05:19:09 INFO DAGScheduler: Submitting ResultStage 4 (MapPartitionsRDD[10] at count at <unknown>:0), which has no missing parents
[2026-03-13T05:19:09.116+0000] {subprocess.py:106} INFO - 26/03/13 05:19:09 INFO MemoryStore: Block broadcast_5 stored as values in memory (estimated size 12.5 KiB, free 434.1 MiB)
[2026-03-13T05:19:09.131+0000] {subprocess.py:106} INFO - 26/03/13 05:19:09 INFO MemoryStore: Block broadcast_5_piece0 stored as bytes in memory (estimated size 5.9 KiB, free 434.1 MiB)
[2026-03-13T05:19:09.132+0000] {subprocess.py:106} INFO - 26/03/13 05:19:09 INFO BlockManagerInfo: Added broadcast_5_piece0 in memory on 499f1d118d82:44027 (size: 5.9 KiB, free: 434.4 MiB)
[2026-03-13T05:19:09.133+0000] {subprocess.py:106} INFO - 26/03/13 05:19:09 INFO BlockManagerInfo: Removed broadcast_4_piece0 on 499f1d118d82:44027 in memory (size: 8.9 KiB, free: 434.4 MiB)
[2026-03-13T05:19:09.134+0000] {subprocess.py:106} INFO - 26/03/13 05:19:09 INFO SparkContext: Created broadcast 5 from broadcast at DAGScheduler.scala:1585
[2026-03-13T05:19:09.136+0000] {subprocess.py:106} INFO - 26/03/13 05:19:09 INFO DAGScheduler: Submitting 1 missing tasks from ResultStage 4 (MapPartitionsRDD[10] at count at <unknown>:0) (first 15 tasks are for partitions Vector(0))
[2026-03-13T05:19:09.136+0000] {subprocess.py:106} INFO - 26/03/13 05:19:09 INFO TaskSchedulerImpl: Adding task set 4.0 with 1 tasks resource profile 0
[2026-03-13T05:19:09.138+0000] {subprocess.py:106} INFO - 26/03/13 05:19:09 INFO BlockManagerInfo: Removed broadcast_4_piece0 on 172.30.0.7:45871 in memory (size: 8.9 KiB, free: 434.4 MiB)
[2026-03-13T05:19:09.148+0000] {subprocess.py:106} INFO - 26/03/13 05:19:09 INFO TaskSetManager: Starting task 0.0 in stage 4.0 (TID 3) (172.30.0.7, executor 0, partition 0, NODE_LOCAL, 9976 bytes)
[2026-03-13T05:19:09.192+0000] {subprocess.py:106} INFO - 26/03/13 05:19:09 INFO BlockManagerInfo: Added broadcast_5_piece0 in memory on 172.30.0.7:45871 (size: 5.9 KiB, free: 434.4 MiB)
[2026-03-13T05:19:09.225+0000] {subprocess.py:106} INFO - 26/03/13 05:19:09 INFO MapOutputTrackerMasterEndpoint: Asked to send map output locations for shuffle 0 to 172.30.0.7:49830
[2026-03-13T05:19:09.372+0000] {subprocess.py:106} INFO - 26/03/13 05:19:09 INFO TaskSetManager: Finished task 0.0 in stage 4.0 (TID 3) in 226 ms on 172.30.0.7 (executor 0) (1/1)
[2026-03-13T05:19:09.377+0000] {subprocess.py:106} INFO - 26/03/13 05:19:09 INFO TaskSchedulerImpl: Removed TaskSet 4.0, whose tasks have all completed, from pool
[2026-03-13T05:19:09.378+0000] {subprocess.py:106} INFO - 26/03/13 05:19:09 INFO DAGScheduler: ResultStage 4 (count at <unknown>:0) finished in 0.261 s
[2026-03-13T05:19:09.379+0000] {subprocess.py:106} INFO - 26/03/13 05:19:09 INFO DAGScheduler: Job 3 is finished. Cancelling potential speculative or zombie tasks for this job
[2026-03-13T05:19:09.380+0000] {subprocess.py:106} INFO - 26/03/13 05:19:09 INFO TaskSchedulerImpl: Killing all running tasks in stage 4: Stage finished
[2026-03-13T05:19:09.381+0000] {subprocess.py:106} INFO - 26/03/13 05:19:09 INFO DAGScheduler: Job 3 finished: count at <unknown>:0, took 0.288438 s
[2026-03-13T05:19:09.390+0000] {subprocess.py:106} INFO -  Record loaded from CSV: 8796
[2026-03-13T05:19:09.396+0000] {subprocess.py:106} INFO - root
[2026-03-13T05:19:09.405+0000] {subprocess.py:106} INFO -  |-- job_title: string (nullable = true)
[2026-03-13T05:19:09.407+0000] {subprocess.py:106} INFO -  |-- company_name: string (nullable = true)
[2026-03-13T05:19:09.407+0000] {subprocess.py:106} INFO -  |-- location: string (nullable = true)
[2026-03-13T05:19:09.408+0000] {subprocess.py:106} INFO -  |-- skills_required: string (nullable = true)
[2026-03-13T05:19:09.408+0000] {subprocess.py:106} INFO -  |-- date_posted: timestamp (nullable = true)
[2026-03-13T05:19:09.409+0000] {subprocess.py:106} INFO -  |-- job_link: string (nullable = true)
[2026-03-13T05:19:09.409+0000] {subprocess.py:106} INFO -  |-- job_category: string (nullable = true)
[2026-03-13T05:19:09.410+0000] {subprocess.py:106} INFO -  |-- work_mode: string (nullable = true)
[2026-03-13T05:19:09.410+0000] {subprocess.py:106} INFO -  |-- crawl_date: timestamp (nullable = true)
[2026-03-13T05:19:09.410+0000] {subprocess.py:106} INFO -  |-- date_only: date (nullable = true)
[2026-03-13T05:19:09.411+0000] {subprocess.py:106} INFO - 
[2026-03-13T05:19:09.757+0000] {subprocess.py:106} INFO - 26/03/13 05:19:09 INFO HiveConf: Found configuration file null
[2026-03-13T05:19:09.894+0000] {subprocess.py:106} INFO - 26/03/13 05:19:09 INFO metastore: Trying to connect to metastore with URI thrift://hive-metastore:9083
[2026-03-13T05:19:09.911+0000] {subprocess.py:106} INFO - 26/03/13 05:19:09 INFO BlockManagerInfo: Removed broadcast_5_piece0 on 499f1d118d82:44027 in memory (size: 5.9 KiB, free: 434.4 MiB)
[2026-03-13T05:19:09.914+0000] {subprocess.py:106} INFO - 26/03/13 05:19:09 INFO BlockManagerInfo: Removed broadcast_5_piece0 on 172.30.0.7:45871 in memory (size: 5.9 KiB, free: 434.4 MiB)
[2026-03-13T05:19:09.921+0000] {subprocess.py:106} INFO - 26/03/13 05:19:09 INFO metastore: Opened a connection to metastore, current connections: 1
[2026-03-13T05:19:09.943+0000] {subprocess.py:106} INFO - 26/03/13 05:19:09 INFO metastore: Connected to metastore.
[2026-03-13T05:19:10.117+0000] {subprocess.py:106} INFO - 26/03/13 05:19:10 INFO BaseMetastoreTableOperations: Refreshing table metadata from new version: s3a://warehouse/iceberg_data/bronze.db/it_jobs_raw/metadata/00013-1891bfb1-e2e6-460f-b5b3-495b36c562ab.metadata.json
[2026-03-13T05:19:10.476+0000] {subprocess.py:106} INFO - 26/03/13 05:19:10 INFO BaseMetastoreCatalog: Table loaded by catalog: iceberg.bronze.it_jobs_raw
[2026-03-13T05:19:10.482+0000] {subprocess.py:106} INFO - Table iceberg.bronze.it_jobs_raw exists. Checking for new records...
[2026-03-13T05:19:10.704+0000] {subprocess.py:106} INFO - 26/03/13 05:19:10 INFO V2ScanRelationPushDown:
[2026-03-13T05:19:10.705+0000] {subprocess.py:106} INFO - Pushing operators to iceberg.bronze.it_jobs_raw
[2026-03-13T05:19:10.706+0000] {subprocess.py:106} INFO - Pushed Filters: job_link IS NOT NULL
[2026-03-13T05:19:10.706+0000] {subprocess.py:106} INFO - Post-Scan Filters: isnotnull(job_link#79)
[2026-03-13T05:19:10.707+0000] {subprocess.py:106} INFO - 
[2026-03-13T05:19:10.747+0000] {subprocess.py:106} INFO - 26/03/13 05:19:10 INFO V2ScanRelationPushDown:
[2026-03-13T05:19:10.748+0000] {subprocess.py:106} INFO - Output: job_link#79
[2026-03-13T05:19:10.749+0000] {subprocess.py:106} INFO - 
[2026-03-13T05:19:10.769+0000] {subprocess.py:106} INFO - 26/03/13 05:19:10 INFO SnapshotScan: Scanning table iceberg.bronze.it_jobs_raw snapshot 366328353029816897 created at 2026-03-13T05:04:58.699+00:00 with filter job_link IS NOT NULL
[2026-03-13T05:19:10.857+0000] {subprocess.py:106} INFO - 26/03/13 05:19:10 INFO BlockManagerInfo: Removed broadcast_3_piece0 on 499f1d118d82:44027 in memory (size: 36.1 KiB, free: 434.4 MiB)
[2026-03-13T05:19:10.861+0000] {subprocess.py:106} INFO - 26/03/13 05:19:10 INFO BlockManagerInfo: Removed broadcast_3_piece0 on 172.30.0.7:45871 in memory (size: 36.1 KiB, free: 434.4 MiB)
[2026-03-13T05:19:11.012+0000] {subprocess.py:106} INFO - 26/03/13 05:19:11 INFO BaseDistributedDataScan: Planning file tasks locally for table iceberg.bronze.it_jobs_raw
[2026-03-13T05:19:11.205+0000] {subprocess.py:106} INFO - 26/03/13 05:19:11 INFO SparkPartitioningAwareScan: Reporting UnknownPartitioning with 4 partition(s) for table iceberg.bronze.it_jobs_raw
[2026-03-13T05:19:11.258+0000] {subprocess.py:106} INFO - 26/03/13 05:19:11 INFO FileSourceStrategy: Pushed Filters:
[2026-03-13T05:19:11.259+0000] {subprocess.py:106} INFO - 26/03/13 05:19:11 INFO FileSourceStrategy: Post-Scan Filters:
[2026-03-13T05:19:11.271+0000] {subprocess.py:106} INFO - 26/03/13 05:19:11 INFO MemoryStore: Block broadcast_6 stored as values in memory (estimated size 32.0 KiB, free 434.4 MiB)
[2026-03-13T05:19:11.290+0000] {subprocess.py:106} INFO - 26/03/13 05:19:11 INFO MemoryStore: Block broadcast_6_piece0 stored as bytes in memory (estimated size 30.2 KiB, free 434.3 MiB)
[2026-03-13T05:19:11.291+0000] {subprocess.py:106} INFO - 26/03/13 05:19:11 INFO BlockManagerInfo: Added broadcast_6_piece0 in memory on 499f1d118d82:44027 (size: 30.2 KiB, free: 434.4 MiB)
[2026-03-13T05:19:11.292+0000] {subprocess.py:106} INFO - 26/03/13 05:19:11 INFO SparkContext: Created broadcast 6 from broadcast at SparkBatch.java:79
[2026-03-13T05:19:11.309+0000] {subprocess.py:106} INFO - 26/03/13 05:19:11 INFO MemoryStore: Block broadcast_7 stored as values in memory (estimated size 32.0 KiB, free 434.3 MiB)
[2026-03-13T05:19:11.313+0000] {subprocess.py:106} INFO - 26/03/13 05:19:11 INFO MemoryStore: Block broadcast_7_piece0 stored as bytes in memory (estimated size 30.2 KiB, free 434.3 MiB)
[2026-03-13T05:19:11.317+0000] {subprocess.py:106} INFO - 26/03/13 05:19:11 INFO BlockManagerInfo: Added broadcast_7_piece0 in memory on 499f1d118d82:44027 (size: 30.2 KiB, free: 434.3 MiB)
[2026-03-13T05:19:11.318+0000] {subprocess.py:106} INFO - 26/03/13 05:19:11 INFO SparkContext: Created broadcast 7 from broadcast at SparkBatch.java:79
[2026-03-13T05:19:11.430+0000] {subprocess.py:106} INFO - 26/03/13 05:19:11 INFO CodeGenerator: Code generated in 19.787553 ms
[2026-03-13T05:19:11.453+0000] {subprocess.py:106} INFO - 26/03/13 05:19:11 INFO SparkContext: Starting job: $anonfun$withThreadLocalCaptured$1 at <unknown>:0
[2026-03-13T05:19:11.453+0000] {subprocess.py:106} INFO - 26/03/13 05:19:11 INFO DAGScheduler: Got job 4 ($anonfun$withThreadLocalCaptured$1 at <unknown>:0) with 4 output partitions
[2026-03-13T05:19:11.454+0000] {subprocess.py:106} INFO - 26/03/13 05:19:11 INFO DAGScheduler: Final stage: ResultStage 5 ($anonfun$withThreadLocalCaptured$1 at <unknown>:0)
[2026-03-13T05:19:11.455+0000] {subprocess.py:106} INFO - 26/03/13 05:19:11 INFO DAGScheduler: Parents of final stage: List()
[2026-03-13T05:19:11.457+0000] {subprocess.py:106} INFO - 26/03/13 05:19:11 INFO DAGScheduler: Missing parents: List()
[2026-03-13T05:19:11.457+0000] {subprocess.py:106} INFO - 26/03/13 05:19:11 INFO DAGScheduler: Submitting ResultStage 5 (MapPartitionsRDD[14] at $anonfun$withThreadLocalCaptured$1 at <unknown>:0), which has no missing parents
[2026-03-13T05:19:11.459+0000] {subprocess.py:106} INFO - 26/03/13 05:19:11 INFO MemoryStore: Block broadcast_8 stored as values in memory (estimated size 13.8 KiB, free 434.3 MiB)
[2026-03-13T05:19:11.467+0000] {subprocess.py:106} INFO - 26/03/13 05:19:11 INFO MemoryStore: Block broadcast_8_piece0 stored as bytes in memory (estimated size 5.5 KiB, free 434.3 MiB)
[2026-03-13T05:19:11.468+0000] {subprocess.py:106} INFO - 26/03/13 05:19:11 INFO BlockManagerInfo: Added broadcast_8_piece0 in memory on 499f1d118d82:44027 (size: 5.5 KiB, free: 434.3 MiB)
[2026-03-13T05:19:11.469+0000] {subprocess.py:106} INFO - 26/03/13 05:19:11 INFO SparkContext: Created broadcast 8 from broadcast at DAGScheduler.scala:1585
[2026-03-13T05:19:11.473+0000] {subprocess.py:106} INFO - 26/03/13 05:19:11 INFO DAGScheduler: Submitting 4 missing tasks from ResultStage 5 (MapPartitionsRDD[14] at $anonfun$withThreadLocalCaptured$1 at <unknown>:0) (first 15 tasks are for partitions Vector(0, 1, 2, 3))
[2026-03-13T05:19:11.473+0000] {subprocess.py:106} INFO - 26/03/13 05:19:11 INFO TaskSchedulerImpl: Adding task set 5.0 with 4 tasks resource profile 0
[2026-03-13T05:19:11.487+0000] {subprocess.py:106} INFO - 26/03/13 05:19:11 INFO TaskSetManager: Starting task 0.0 in stage 5.0 (TID 4) (172.30.0.7, executor 0, partition 0, PROCESS_LOCAL, 16346 bytes)
[2026-03-13T05:19:11.848+0000] {subprocess.py:106} INFO - 26/03/13 05:19:11 INFO BlockManagerInfo: Added broadcast_8_piece0 in memory on 172.30.0.7:45871 (size: 5.5 KiB, free: 434.4 MiB)
[2026-03-13T05:19:11.897+0000] {subprocess.py:106} INFO - 26/03/13 05:19:11 INFO BlockManagerInfo: Added broadcast_7_piece0 in memory on 172.30.0.7:45871 (size: 30.2 KiB, free: 434.4 MiB)
[2026-03-13T05:19:13.033+0000] {subprocess.py:106} INFO - 26/03/13 05:19:13 INFO TaskSetManager: Starting task 1.0 in stage 5.0 (TID 5) (172.30.0.7, executor 0, partition 1, PROCESS_LOCAL, 16346 bytes)
[2026-03-13T05:19:13.036+0000] {subprocess.py:106} INFO - 26/03/13 05:19:13 INFO TaskSetManager: Finished task 0.0 in stage 5.0 (TID 4) in 1554 ms on 172.30.0.7 (executor 0) (1/4)
[2026-03-13T05:19:13.261+0000] {subprocess.py:106} INFO - 26/03/13 05:19:13 INFO TaskSetManager: Starting task 2.0 in stage 5.0 (TID 6) (172.30.0.7, executor 0, partition 2, PROCESS_LOCAL, 16345 bytes)
[2026-03-13T05:19:13.266+0000] {subprocess.py:106} INFO - 26/03/13 05:19:13 INFO TaskSetManager: Finished task 1.0 in stage 5.0 (TID 5) in 237 ms on 172.30.0.7 (executor 0) (2/4)
[2026-03-13T05:19:13.515+0000] {subprocess.py:106} INFO - 26/03/13 05:19:13 INFO TaskSetManager: Starting task 3.0 in stage 5.0 (TID 7) (172.30.0.7, executor 0, partition 3, PROCESS_LOCAL, 15426 bytes)
[2026-03-13T05:19:13.518+0000] {subprocess.py:106} INFO - 26/03/13 05:19:13 INFO TaskSetManager: Finished task 2.0 in stage 5.0 (TID 6) in 259 ms on 172.30.0.7 (executor 0) (3/4)
[2026-03-13T05:19:13.628+0000] {subprocess.py:106} INFO - 26/03/13 05:19:13 INFO TaskSetManager: Finished task 3.0 in stage 5.0 (TID 7) in 116 ms on 172.30.0.7 (executor 0) (4/4)
[2026-03-13T05:19:13.629+0000] {subprocess.py:106} INFO - 26/03/13 05:19:13 INFO TaskSchedulerImpl: Removed TaskSet 5.0, whose tasks have all completed, from pool
[2026-03-13T05:19:13.633+0000] {subprocess.py:106} INFO - 26/03/13 05:19:13 INFO DAGScheduler: ResultStage 5 ($anonfun$withThreadLocalCaptured$1 at <unknown>:0) finished in 2.172 s
[2026-03-13T05:19:13.633+0000] {subprocess.py:106} INFO - 26/03/13 05:19:13 INFO DAGScheduler: Job 4 is finished. Cancelling potential speculative or zombie tasks for this job
[2026-03-13T05:19:13.635+0000] {subprocess.py:106} INFO - 26/03/13 05:19:13 INFO TaskSchedulerImpl: Killing all running tasks in stage 5: Stage finished
[2026-03-13T05:19:13.635+0000] {subprocess.py:106} INFO - 26/03/13 05:19:13 INFO DAGScheduler: Job 4 finished: $anonfun$withThreadLocalCaptured$1 at <unknown>:0, took 2.177563 s
[2026-03-13T05:19:13.673+0000] {subprocess.py:106} INFO - 26/03/13 05:19:13 INFO CodeGenerator: Code generated in 15.814697 ms
[2026-03-13T05:19:13.693+0000] {subprocess.py:106} INFO - 26/03/13 05:19:13 INFO BlockManagerInfo: Removed broadcast_8_piece0 on 499f1d118d82:44027 in memory (size: 5.5 KiB, free: 434.3 MiB)
[2026-03-13T05:19:13.696+0000] {subprocess.py:106} INFO - 26/03/13 05:19:13 INFO BlockManagerInfo: Removed broadcast_8_piece0 on 172.30.0.7:45871 in memory (size: 5.5 KiB, free: 434.4 MiB)
[2026-03-13T05:19:13.780+0000] {subprocess.py:106} INFO - 26/03/13 05:19:13 INFO MemoryStore: Block broadcast_9_piece0 stored as bytes in memory (estimated size 513.5 KiB, free 433.8 MiB)
[2026-03-13T05:19:13.781+0000] {subprocess.py:106} INFO - 26/03/13 05:19:13 INFO BlockManagerInfo: Added broadcast_9_piece0 in memory on 499f1d118d82:44027 (size: 513.5 KiB, free: 433.8 MiB)
[2026-03-13T05:19:13.782+0000] {subprocess.py:106} INFO - 26/03/13 05:19:13 INFO SparkContext: Created broadcast 9 from $anonfun$withThreadLocalCaptured$1 at <unknown>:0
[2026-03-13T05:19:13.803+0000] {subprocess.py:106} INFO - 26/03/13 05:19:13 INFO FileSourceStrategy: Pushed Filters:
[2026-03-13T05:19:13.804+0000] {subprocess.py:106} INFO - 26/03/13 05:19:13 INFO FileSourceStrategy: Post-Scan Filters:
[2026-03-13T05:19:13.852+0000] {subprocess.py:106} INFO - 26/03/13 05:19:13 INFO CodeGenerator: Code generated in 20.3993 ms
[2026-03-13T05:19:13.857+0000] {subprocess.py:106} INFO - 26/03/13 05:19:13 INFO MemoryStore: Block broadcast_10 stored as values in memory (estimated size 205.7 KiB, free 433.6 MiB)
[2026-03-13T05:19:13.874+0000] {subprocess.py:106} INFO - 26/03/13 05:19:13 INFO MemoryStore: Block broadcast_10_piece0 stored as bytes in memory (estimated size 36.1 KiB, free 433.5 MiB)
[2026-03-13T05:19:13.875+0000] {subprocess.py:106} INFO - 26/03/13 05:19:13 INFO BlockManagerInfo: Added broadcast_10_piece0 in memory on 499f1d118d82:44027 (size: 36.1 KiB, free: 433.8 MiB)
[2026-03-13T05:19:13.877+0000] {subprocess.py:106} INFO - 26/03/13 05:19:13 INFO SparkContext: Created broadcast 10 from count at <unknown>:0
[2026-03-13T05:19:13.878+0000] {subprocess.py:106} INFO - 26/03/13 05:19:13 INFO FileSourceScanExec: Planning scan with bin packing, max size: 4194304 bytes, open cost is considered as scanning 4194304 bytes.
[2026-03-13T05:19:13.887+0000] {subprocess.py:106} INFO - 26/03/13 05:19:13 INFO DAGScheduler: Registering RDD 18 (count at <unknown>:0) as input to shuffle 1
[2026-03-13T05:19:13.887+0000] {subprocess.py:106} INFO - 26/03/13 05:19:13 INFO DAGScheduler: Got map stage job 5 (count at <unknown>:0) with 1 output partitions
[2026-03-13T05:19:13.888+0000] {subprocess.py:106} INFO - 26/03/13 05:19:13 INFO DAGScheduler: Final stage: ShuffleMapStage 6 (count at <unknown>:0)
[2026-03-13T05:19:13.888+0000] {subprocess.py:106} INFO - 26/03/13 05:19:13 INFO DAGScheduler: Parents of final stage: List()
[2026-03-13T05:19:13.889+0000] {subprocess.py:106} INFO - 26/03/13 05:19:13 INFO DAGScheduler: Missing parents: List()
[2026-03-13T05:19:13.892+0000] {subprocess.py:106} INFO - 26/03/13 05:19:13 INFO DAGScheduler: Submitting ShuffleMapStage 6 (MapPartitionsRDD[18] at count at <unknown>:0), which has no missing parents
[2026-03-13T05:19:13.900+0000] {subprocess.py:106} INFO - 26/03/13 05:19:13 INFO MemoryStore: Block broadcast_11 stored as values in memory (estimated size 20.2 KiB, free 433.5 MiB)
[2026-03-13T05:19:13.902+0000] {subprocess.py:106} INFO - 26/03/13 05:19:13 INFO MemoryStore: Block broadcast_11_piece0 stored as bytes in memory (estimated size 9.8 KiB, free 433.5 MiB)
[2026-03-13T05:19:13.904+0000] {subprocess.py:106} INFO - 26/03/13 05:19:13 INFO BlockManagerInfo: Added broadcast_11_piece0 in memory on 499f1d118d82:44027 (size: 9.8 KiB, free: 433.8 MiB)
[2026-03-13T05:19:13.913+0000] {subprocess.py:106} INFO - 26/03/13 05:19:13 INFO SparkContext: Created broadcast 11 from broadcast at DAGScheduler.scala:1585
[2026-03-13T05:19:13.914+0000] {subprocess.py:106} INFO - 26/03/13 05:19:13 INFO DAGScheduler: Submitting 1 missing tasks from ShuffleMapStage 6 (MapPartitionsRDD[18] at count at <unknown>:0) (first 15 tasks are for partitions Vector(0))
[2026-03-13T05:19:13.917+0000] {subprocess.py:106} INFO - 26/03/13 05:19:13 INFO TaskSchedulerImpl: Adding task set 6.0 with 1 tasks resource profile 0
[2026-03-13T05:19:13.918+0000] {subprocess.py:106} INFO - 26/03/13 05:19:13 INFO TaskSetManager: Starting task 0.0 in stage 6.0 (TID 8) (172.30.0.7, executor 0, partition 0, PROCESS_LOCAL, 10568 bytes)
[2026-03-13T05:19:13.933+0000] {subprocess.py:106} INFO - 26/03/13 05:19:13 INFO BlockManagerInfo: Added broadcast_11_piece0 in memory on 172.30.0.7:45871 (size: 9.8 KiB, free: 434.4 MiB)
[2026-03-13T05:19:13.978+0000] {subprocess.py:106} INFO - 26/03/13 05:19:13 INFO BlockManagerInfo: Added broadcast_9_piece0 in memory on 172.30.0.7:45871 (size: 513.5 KiB, free: 433.9 MiB)
[2026-03-13T05:19:14.141+0000] {subprocess.py:106} INFO - 26/03/13 05:19:14 INFO BlockManagerInfo: Added broadcast_10_piece0 in memory on 172.30.0.7:45871 (size: 36.1 KiB, free: 433.8 MiB)
[2026-03-13T05:19:14.274+0000] {subprocess.py:106} INFO - 26/03/13 05:19:14 INFO TaskSetManager: Finished task 0.0 in stage 6.0 (TID 8) in 357 ms on 172.30.0.7 (executor 0) (1/1)
[2026-03-13T05:19:14.277+0000] {subprocess.py:106} INFO - 26/03/13 05:19:14 INFO TaskSchedulerImpl: Removed TaskSet 6.0, whose tasks have all completed, from pool
[2026-03-13T05:19:14.277+0000] {subprocess.py:106} INFO - 26/03/13 05:19:14 INFO DAGScheduler: ShuffleMapStage 6 (count at <unknown>:0) finished in 0.382 s
[2026-03-13T05:19:14.278+0000] {subprocess.py:106} INFO - 26/03/13 05:19:14 INFO DAGScheduler: looking for newly runnable stages
[2026-03-13T05:19:14.281+0000] {subprocess.py:106} INFO - 26/03/13 05:19:14 INFO DAGScheduler: running: Set()
[2026-03-13T05:19:14.282+0000] {subprocess.py:106} INFO - 26/03/13 05:19:14 INFO DAGScheduler: waiting: Set()
[2026-03-13T05:19:14.282+0000] {subprocess.py:106} INFO - 26/03/13 05:19:14 INFO DAGScheduler: failed: Set()
[2026-03-13T05:19:14.307+0000] {subprocess.py:106} INFO - 26/03/13 05:19:14 INFO CodeGenerator: Code generated in 14.735073 ms
[2026-03-13T05:19:14.323+0000] {subprocess.py:106} INFO - 26/03/13 05:19:14 INFO SparkContext: Starting job: count at <unknown>:0
[2026-03-13T05:19:14.325+0000] {subprocess.py:106} INFO - 26/03/13 05:19:14 INFO DAGScheduler: Got job 6 (count at <unknown>:0) with 1 output partitions
[2026-03-13T05:19:14.325+0000] {subprocess.py:106} INFO - 26/03/13 05:19:14 INFO DAGScheduler: Final stage: ResultStage 8 (count at <unknown>:0)
[2026-03-13T05:19:14.326+0000] {subprocess.py:106} INFO - 26/03/13 05:19:14 INFO DAGScheduler: Parents of final stage: List(ShuffleMapStage 7)
[2026-03-13T05:19:14.328+0000] {subprocess.py:106} INFO - 26/03/13 05:19:14 INFO DAGScheduler: Missing parents: List()
[2026-03-13T05:19:14.329+0000] {subprocess.py:106} INFO - 26/03/13 05:19:14 INFO DAGScheduler: Submitting ResultStage 8 (MapPartitionsRDD[21] at count at <unknown>:0), which has no missing parents
[2026-03-13T05:19:14.330+0000] {subprocess.py:106} INFO - 26/03/13 05:19:14 INFO MemoryStore: Block broadcast_12 stored as values in memory (estimated size 12.5 KiB, free 433.5 MiB)
[2026-03-13T05:19:14.349+0000] {subprocess.py:106} INFO - 26/03/13 05:19:14 INFO MemoryStore: Block broadcast_12_piece0 stored as bytes in memory (estimated size 5.9 KiB, free 433.5 MiB)
[2026-03-13T05:19:14.351+0000] {subprocess.py:106} INFO - 26/03/13 05:19:14 INFO BlockManagerInfo: Added broadcast_12_piece0 in memory on 499f1d118d82:44027 (size: 5.9 KiB, free: 433.8 MiB)
[2026-03-13T05:19:14.357+0000] {subprocess.py:106} INFO - 26/03/13 05:19:14 INFO SparkContext: Created broadcast 12 from broadcast at DAGScheduler.scala:1585
[2026-03-13T05:19:14.358+0000] {subprocess.py:106} INFO - 26/03/13 05:19:14 INFO DAGScheduler: Submitting 1 missing tasks from ResultStage 8 (MapPartitionsRDD[21] at count at <unknown>:0) (first 15 tasks are for partitions Vector(0))
[2026-03-13T05:19:14.358+0000] {subprocess.py:106} INFO - 26/03/13 05:19:14 INFO TaskSchedulerImpl: Adding task set 8.0 with 1 tasks resource profile 0
[2026-03-13T05:19:14.359+0000] {subprocess.py:106} INFO - 26/03/13 05:19:14 INFO TaskSetManager: Starting task 0.0 in stage 8.0 (TID 9) (172.30.0.7, executor 0, partition 0, NODE_LOCAL, 9976 bytes)
[2026-03-13T05:19:14.360+0000] {subprocess.py:106} INFO - 26/03/13 05:19:14 INFO BlockManagerInfo: Removed broadcast_11_piece0 on 499f1d118d82:44027 in memory (size: 9.8 KiB, free: 433.8 MiB)
[2026-03-13T05:19:14.365+0000] {subprocess.py:106} INFO - 26/03/13 05:19:14 INFO BlockManagerInfo: Removed broadcast_11_piece0 on 172.30.0.7:45871 in memory (size: 9.8 KiB, free: 433.8 MiB)
[2026-03-13T05:19:14.377+0000] {subprocess.py:106} INFO - 26/03/13 05:19:14 INFO BlockManagerInfo: Added broadcast_12_piece0 in memory on 172.30.0.7:45871 (size: 5.9 KiB, free: 433.8 MiB)
[2026-03-13T05:19:14.382+0000] {subprocess.py:106} INFO - 26/03/13 05:19:14 INFO MapOutputTrackerMasterEndpoint: Asked to send map output locations for shuffle 1 to 172.30.0.7:49830
[2026-03-13T05:19:14.432+0000] {subprocess.py:106} INFO - 26/03/13 05:19:14 INFO TaskSetManager: Finished task 0.0 in stage 8.0 (TID 9) in 84 ms on 172.30.0.7 (executor 0) (1/1)
[2026-03-13T05:19:14.433+0000] {subprocess.py:106} INFO - 26/03/13 05:19:14 INFO TaskSchedulerImpl: Removed TaskSet 8.0, whose tasks have all completed, from pool
[2026-03-13T05:19:14.435+0000] {subprocess.py:106} INFO - 26/03/13 05:19:14 INFO DAGScheduler: ResultStage 8 (count at <unknown>:0) finished in 0.105 s
[2026-03-13T05:19:14.436+0000] {subprocess.py:106} INFO - 26/03/13 05:19:14 INFO DAGScheduler: Job 6 is finished. Cancelling potential speculative or zombie tasks for this job
[2026-03-13T05:19:14.437+0000] {subprocess.py:106} INFO - 26/03/13 05:19:14 INFO TaskSchedulerImpl: Killing all running tasks in stage 8: Stage finished
[2026-03-13T05:19:14.437+0000] {subprocess.py:106} INFO - 26/03/13 05:19:14 INFO DAGScheduler: Job 6 finished: count at <unknown>:0, took 0.112011 s
[2026-03-13T05:19:14.445+0000] {subprocess.py:106} INFO -  New records to append: 7
[2026-03-13T05:19:14.531+0000] {subprocess.py:106} INFO - 26/03/13 05:19:14 INFO V2ScanRelationPushDown:
[2026-03-13T05:19:14.532+0000] {subprocess.py:106} INFO - Pushing operators to iceberg.bronze.it_jobs_raw
[2026-03-13T05:19:14.532+0000] {subprocess.py:106} INFO - Pushed Filters: job_link IS NOT NULL
[2026-03-13T05:19:14.533+0000] {subprocess.py:106} INFO - Post-Scan Filters: isnotnull(job_link#79)
[2026-03-13T05:19:14.533+0000] {subprocess.py:106} INFO - 
[2026-03-13T05:19:14.534+0000] {subprocess.py:106} INFO - 26/03/13 05:19:14 INFO V2ScanRelationPushDown:
[2026-03-13T05:19:14.534+0000] {subprocess.py:106} INFO - Output: job_link#79
[2026-03-13T05:19:14.535+0000] {subprocess.py:106} INFO - 
[2026-03-13T05:19:14.535+0000] {subprocess.py:106} INFO - 26/03/13 05:19:14 INFO SnapshotScan: Scanning table iceberg.bronze.it_jobs_raw snapshot 366328353029816897 created at 2026-03-13T05:04:58.699+00:00 with filter job_link IS NOT NULL
[2026-03-13T05:19:14.536+0000] {subprocess.py:106} INFO - 26/03/13 05:19:14 INFO BaseDistributedDataScan: Planning file tasks locally for table iceberg.bronze.it_jobs_raw
[2026-03-13T05:19:14.620+0000] {subprocess.py:106} INFO - 26/03/13 05:19:14 INFO SparkPartitioningAwareScan: Reporting UnknownPartitioning with 4 partition(s) for table iceberg.bronze.it_jobs_raw
[2026-03-13T05:19:14.644+0000] {subprocess.py:106} INFO - 26/03/13 05:19:14 INFO SparkWrite: Requesting 0 bytes advisory partition size for table iceberg.bronze.it_jobs_raw
[2026-03-13T05:19:14.644+0000] {subprocess.py:106} INFO - 26/03/13 05:19:14 INFO SparkWrite: Requesting UnspecifiedDistribution as write distribution for table iceberg.bronze.it_jobs_raw
[2026-03-13T05:19:14.645+0000] {subprocess.py:106} INFO - 26/03/13 05:19:14 INFO SparkWrite: Requesting [] as write ordering for table iceberg.bronze.it_jobs_raw
[2026-03-13T05:19:14.660+0000] {subprocess.py:106} INFO - 26/03/13 05:19:14 INFO FileSourceStrategy: Pushed Filters:
[2026-03-13T05:19:14.661+0000] {subprocess.py:106} INFO - 26/03/13 05:19:14 INFO FileSourceStrategy: Post-Scan Filters:
[2026-03-13T05:19:14.662+0000] {subprocess.py:106} INFO - 26/03/13 05:19:14 INFO MemoryStore: Block broadcast_13 stored as values in memory (estimated size 32.0 KiB, free 433.5 MiB)
[2026-03-13T05:19:14.679+0000] {subprocess.py:106} INFO - 26/03/13 05:19:14 INFO MemoryStore: Block broadcast_13_piece0 stored as bytes in memory (estimated size 30.2 KiB, free 433.5 MiB)
[2026-03-13T05:19:14.681+0000] {subprocess.py:106} INFO - 26/03/13 05:19:14 INFO BlockManagerInfo: Added broadcast_13_piece0 in memory on 499f1d118d82:44027 (size: 30.2 KiB, free: 433.8 MiB)
[2026-03-13T05:19:14.681+0000] {subprocess.py:106} INFO - 26/03/13 05:19:14 INFO BlockManagerInfo: Removed broadcast_12_piece0 on 499f1d118d82:44027 in memory (size: 5.9 KiB, free: 433.8 MiB)
[2026-03-13T05:19:14.682+0000] {subprocess.py:106} INFO - 26/03/13 05:19:14 INFO SparkContext: Created broadcast 13 from broadcast at SparkBatch.java:79
[2026-03-13T05:19:14.683+0000] {subprocess.py:106} INFO - 26/03/13 05:19:14 INFO BlockManagerInfo: Removed broadcast_12_piece0 on 172.30.0.7:45871 in memory (size: 5.9 KiB, free: 433.8 MiB)
[2026-03-13T05:19:14.684+0000] {subprocess.py:106} INFO - 26/03/13 05:19:14 INFO MemoryStore: Block broadcast_14 stored as values in memory (estimated size 32.0 KiB, free 433.4 MiB)
[2026-03-13T05:19:14.688+0000] {subprocess.py:106} INFO - 26/03/13 05:19:14 INFO MemoryStore: Block broadcast_14_piece0 stored as bytes in memory (estimated size 30.2 KiB, free 433.4 MiB)
[2026-03-13T05:19:14.689+0000] {subprocess.py:106} INFO - 26/03/13 05:19:14 INFO BlockManagerInfo: Added broadcast_14_piece0 in memory on 499f1d118d82:44027 (size: 30.2 KiB, free: 433.7 MiB)
[2026-03-13T05:19:14.690+0000] {subprocess.py:106} INFO - 26/03/13 05:19:14 INFO SparkContext: Created broadcast 14 from broadcast at SparkBatch.java:79
[2026-03-13T05:19:14.748+0000] {subprocess.py:106} INFO - 26/03/13 05:19:14 INFO SparkContext: Starting job: $anonfun$withThreadLocalCaptured$1 at <unknown>:0
[2026-03-13T05:19:14.750+0000] {subprocess.py:106} INFO - 26/03/13 05:19:14 INFO DAGScheduler: Got job 7 ($anonfun$withThreadLocalCaptured$1 at <unknown>:0) with 4 output partitions
[2026-03-13T05:19:14.750+0000] {subprocess.py:106} INFO - 26/03/13 05:19:14 INFO DAGScheduler: Final stage: ResultStage 9 ($anonfun$withThreadLocalCaptured$1 at <unknown>:0)
[2026-03-13T05:19:14.751+0000] {subprocess.py:106} INFO - 26/03/13 05:19:14 INFO DAGScheduler: Parents of final stage: List()
[2026-03-13T05:19:14.752+0000] {subprocess.py:106} INFO - 26/03/13 05:19:14 INFO DAGScheduler: Missing parents: List()
[2026-03-13T05:19:14.752+0000] {subprocess.py:106} INFO - 26/03/13 05:19:14 INFO DAGScheduler: Submitting ResultStage 9 (MapPartitionsRDD[25] at $anonfun$withThreadLocalCaptured$1 at <unknown>:0), which has no missing parents
[2026-03-13T05:19:14.755+0000] {subprocess.py:106} INFO - 26/03/13 05:19:14 INFO MemoryStore: Block broadcast_15 stored as values in memory (estimated size 13.7 KiB, free 433.4 MiB)
[2026-03-13T05:19:14.766+0000] {subprocess.py:106} INFO - 26/03/13 05:19:14 INFO MemoryStore: Block broadcast_15_piece0 stored as bytes in memory (estimated size 5.5 KiB, free 433.4 MiB)
[2026-03-13T05:19:14.767+0000] {subprocess.py:106} INFO - 26/03/13 05:19:14 INFO BlockManagerInfo: Added broadcast_15_piece0 in memory on 499f1d118d82:44027 (size: 5.5 KiB, free: 433.7 MiB)
[2026-03-13T05:19:14.769+0000] {subprocess.py:106} INFO - 26/03/13 05:19:14 INFO SparkContext: Created broadcast 15 from broadcast at DAGScheduler.scala:1585
[2026-03-13T05:19:14.770+0000] {subprocess.py:106} INFO - 26/03/13 05:19:14 INFO DAGScheduler: Submitting 4 missing tasks from ResultStage 9 (MapPartitionsRDD[25] at $anonfun$withThreadLocalCaptured$1 at <unknown>:0) (first 15 tasks are for partitions Vector(0, 1, 2, 3))
[2026-03-13T05:19:14.770+0000] {subprocess.py:106} INFO - 26/03/13 05:19:14 INFO TaskSchedulerImpl: Adding task set 9.0 with 4 tasks resource profile 0
[2026-03-13T05:19:14.773+0000] {subprocess.py:106} INFO - 26/03/13 05:19:14 INFO TaskSetManager: Starting task 0.0 in stage 9.0 (TID 10) (172.30.0.7, executor 0, partition 0, PROCESS_LOCAL, 16346 bytes)
[2026-03-13T05:19:14.790+0000] {subprocess.py:106} INFO - 26/03/13 05:19:14 INFO BlockManagerInfo: Added broadcast_15_piece0 in memory on 172.30.0.7:45871 (size: 5.5 KiB, free: 433.8 MiB)
[2026-03-13T05:19:14.820+0000] {subprocess.py:106} INFO - 26/03/13 05:19:14 INFO BlockManagerInfo: Added broadcast_14_piece0 in memory on 172.30.0.7:45871 (size: 30.2 KiB, free: 433.8 MiB)
[2026-03-13T05:19:15.022+0000] {subprocess.py:106} INFO - 26/03/13 05:19:15 INFO TaskSetManager: Starting task 1.0 in stage 9.0 (TID 11) (172.30.0.7, executor 0, partition 1, PROCESS_LOCAL, 16346 bytes)
[2026-03-13T05:19:15.025+0000] {subprocess.py:106} INFO - 26/03/13 05:19:15 INFO TaskSetManager: Finished task 0.0 in stage 9.0 (TID 10) in 253 ms on 172.30.0.7 (executor 0) (1/4)
[2026-03-13T05:19:15.217+0000] {subprocess.py:106} INFO - 26/03/13 05:19:15 INFO TaskSetManager: Starting task 2.0 in stage 9.0 (TID 12) (172.30.0.7, executor 0, partition 2, PROCESS_LOCAL, 16344 bytes)
[2026-03-13T05:19:15.221+0000] {subprocess.py:106} INFO - 26/03/13 05:19:15 INFO TaskSetManager: Finished task 1.0 in stage 9.0 (TID 11) in 198 ms on 172.30.0.7 (executor 0) (2/4)
[2026-03-13T05:19:15.449+0000] {subprocess.py:106} INFO - 26/03/13 05:19:15 INFO TaskSetManager: Starting task 3.0 in stage 9.0 (TID 13) (172.30.0.7, executor 0, partition 3, PROCESS_LOCAL, 15427 bytes)
[2026-03-13T05:19:15.454+0000] {subprocess.py:106} INFO - 26/03/13 05:19:15 INFO TaskSetManager: Finished task 2.0 in stage 9.0 (TID 12) in 235 ms on 172.30.0.7 (executor 0) (3/4)
[2026-03-13T05:19:15.549+0000] {subprocess.py:106} INFO - 26/03/13 05:19:15 INFO TaskSetManager: Finished task 3.0 in stage 9.0 (TID 13) in 101 ms on 172.30.0.7 (executor 0) (4/4)
[2026-03-13T05:19:15.551+0000] {subprocess.py:106} INFO - 26/03/13 05:19:15 INFO TaskSchedulerImpl: Removed TaskSet 9.0, whose tasks have all completed, from pool
[2026-03-13T05:19:15.554+0000] {subprocess.py:106} INFO - 26/03/13 05:19:15 INFO DAGScheduler: ResultStage 9 ($anonfun$withThreadLocalCaptured$1 at <unknown>:0) finished in 0.797 s
[2026-03-13T05:19:15.554+0000] {subprocess.py:106} INFO - 26/03/13 05:19:15 INFO DAGScheduler: Job 7 is finished. Cancelling potential speculative or zombie tasks for this job
[2026-03-13T05:19:15.556+0000] {subprocess.py:106} INFO - 26/03/13 05:19:15 INFO TaskSchedulerImpl: Killing all running tasks in stage 9: Stage finished
[2026-03-13T05:19:15.556+0000] {subprocess.py:106} INFO - 26/03/13 05:19:15 INFO DAGScheduler: Job 7 finished: $anonfun$withThreadLocalCaptured$1 at <unknown>:0, took 0.804401 s
[2026-03-13T05:19:15.579+0000] {subprocess.py:106} INFO - 26/03/13 05:19:15 INFO BlockManagerInfo: Removed broadcast_15_piece0 on 499f1d118d82:44027 in memory (size: 5.5 KiB, free: 433.7 MiB)
[2026-03-13T05:19:15.589+0000] {subprocess.py:106} INFO - 26/03/13 05:19:15 INFO BlockManagerInfo: Removed broadcast_15_piece0 on 172.30.0.7:45871 in memory (size: 5.5 KiB, free: 433.8 MiB)
[2026-03-13T05:19:15.622+0000] {subprocess.py:106} INFO - 26/03/13 05:19:15 INFO MemoryStore: Block broadcast_16_piece0 stored as bytes in memory (estimated size 512.6 KiB, free 432.9 MiB)
[2026-03-13T05:19:15.623+0000] {subprocess.py:106} INFO - 26/03/13 05:19:15 INFO BlockManagerInfo: Added broadcast_16_piece0 in memory on 499f1d118d82:44027 (size: 512.6 KiB, free: 433.2 MiB)
[2026-03-13T05:19:15.624+0000] {subprocess.py:106} INFO - 26/03/13 05:19:15 INFO SparkContext: Created broadcast 16 from $anonfun$withThreadLocalCaptured$1 at <unknown>:0
[2026-03-13T05:19:15.641+0000] {subprocess.py:106} INFO - 26/03/13 05:19:15 INFO FileSourceStrategy: Pushed Filters:
[2026-03-13T05:19:15.642+0000] {subprocess.py:106} INFO - 26/03/13 05:19:15 INFO FileSourceStrategy: Post-Scan Filters:
[2026-03-13T05:19:15.696+0000] {subprocess.py:106} INFO - 26/03/13 05:19:15 INFO CodeGenerator: Code generated in 25.709978 ms
[2026-03-13T05:19:15.702+0000] {subprocess.py:106} INFO - 26/03/13 05:19:15 INFO MemoryStore: Block broadcast_17 stored as values in memory (estimated size 205.7 KiB, free 432.7 MiB)
[2026-03-13T05:19:15.721+0000] {subprocess.py:106} INFO - 26/03/13 05:19:15 INFO MemoryStore: Block broadcast_17_piece0 stored as bytes in memory (estimated size 36.1 KiB, free 432.7 MiB)
[2026-03-13T05:19:15.725+0000] {subprocess.py:106} INFO - 26/03/13 05:19:15 INFO BlockManagerInfo: Added broadcast_17_piece0 in memory on 499f1d118d82:44027 (size: 36.1 KiB, free: 433.2 MiB)
[2026-03-13T05:19:15.725+0000] {subprocess.py:106} INFO - 26/03/13 05:19:15 INFO SparkContext: Created broadcast 17 from append at <unknown>:0
[2026-03-13T05:19:15.726+0000] {subprocess.py:106} INFO - 26/03/13 05:19:15 INFO FileSourceScanExec: Planning scan with bin packing, max size: 4194304 bytes, open cost is considered as scanning 4194304 bytes.
[2026-03-13T05:19:15.737+0000] {subprocess.py:106} INFO - 26/03/13 05:19:15 INFO MemoryStore: Block broadcast_18 stored as values in memory (estimated size 32.0 KiB, free 432.7 MiB)
[2026-03-13T05:19:15.742+0000] {subprocess.py:106} INFO - 26/03/13 05:19:15 INFO MemoryStore: Block broadcast_18_piece0 stored as bytes in memory (estimated size 30.2 KiB, free 432.6 MiB)
[2026-03-13T05:19:15.743+0000] {subprocess.py:106} INFO - 26/03/13 05:19:15 INFO BlockManagerInfo: Added broadcast_18_piece0 in memory on 499f1d118d82:44027 (size: 30.2 KiB, free: 433.2 MiB)
[2026-03-13T05:19:15.743+0000] {subprocess.py:106} INFO - 26/03/13 05:19:15 INFO SparkContext: Created broadcast 18 from broadcast at SparkWrite.java:193
[2026-03-13T05:19:15.745+0000] {subprocess.py:106} INFO - 26/03/13 05:19:15 INFO AppendDataExec: Start processing data source write support: IcebergBatchWrite(table=iceberg.bronze.it_jobs_raw, format=PARQUET). The input RDD has 1 partitions.
[2026-03-13T05:19:15.755+0000] {subprocess.py:106} INFO - 26/03/13 05:19:15 INFO SparkContext: Starting job: append at <unknown>:0
[2026-03-13T05:19:15.756+0000] {subprocess.py:106} INFO - 26/03/13 05:19:15 INFO DAGScheduler: Got job 8 (append at <unknown>:0) with 1 output partitions
[2026-03-13T05:19:15.757+0000] {subprocess.py:106} INFO - 26/03/13 05:19:15 INFO DAGScheduler: Final stage: ResultStage 10 (append at <unknown>:0)
[2026-03-13T05:19:15.757+0000] {subprocess.py:106} INFO - 26/03/13 05:19:15 INFO DAGScheduler: Parents of final stage: List()
[2026-03-13T05:19:15.759+0000] {subprocess.py:106} INFO - 26/03/13 05:19:15 INFO DAGScheduler: Missing parents: List()
[2026-03-13T05:19:15.772+0000] {subprocess.py:106} INFO - 26/03/13 05:19:15 INFO DAGScheduler: Submitting ResultStage 10 (MapPartitionsRDD[28] at append at <unknown>:0), which has no missing parents
[2026-03-13T05:19:15.777+0000] {subprocess.py:106} INFO - 26/03/13 05:19:15 INFO MemoryStore: Block broadcast_19 stored as values in memory (estimated size 22.8 KiB, free 432.6 MiB)
[2026-03-13T05:19:15.781+0000] {subprocess.py:106} INFO - 26/03/13 05:19:15 INFO MemoryStore: Block broadcast_19_piece0 stored as bytes in memory (estimated size 10.2 KiB, free 432.6 MiB)
[2026-03-13T05:19:15.781+0000] {subprocess.py:106} INFO - 26/03/13 05:19:15 INFO BlockManagerInfo: Added broadcast_19_piece0 in memory on 499f1d118d82:44027 (size: 10.2 KiB, free: 433.2 MiB)
[2026-03-13T05:19:15.783+0000] {subprocess.py:106} INFO - 26/03/13 05:19:15 INFO SparkContext: Created broadcast 19 from broadcast at DAGScheduler.scala:1585
[2026-03-13T05:19:15.784+0000] {subprocess.py:106} INFO - 26/03/13 05:19:15 INFO DAGScheduler: Submitting 1 missing tasks from ResultStage 10 (MapPartitionsRDD[28] at append at <unknown>:0) (first 15 tasks are for partitions Vector(0))
[2026-03-13T05:19:15.785+0000] {subprocess.py:106} INFO - 26/03/13 05:19:15 INFO TaskSchedulerImpl: Adding task set 10.0 with 1 tasks resource profile 0
[2026-03-13T05:19:15.785+0000] {subprocess.py:106} INFO - 26/03/13 05:19:15 INFO TaskSetManager: Starting task 0.0 in stage 10.0 (TID 14) (172.30.0.7, executor 0, partition 0, PROCESS_LOCAL, 10579 bytes)
[2026-03-13T05:19:15.803+0000] {subprocess.py:106} INFO - 26/03/13 05:19:15 INFO BlockManagerInfo: Added broadcast_19_piece0 in memory on 172.30.0.7:45871 (size: 10.2 KiB, free: 433.8 MiB)
[2026-03-13T05:19:15.857+0000] {subprocess.py:106} INFO - 26/03/13 05:19:15 INFO BlockManagerInfo: Added broadcast_16_piece0 in memory on 172.30.0.7:45871 (size: 512.6 KiB, free: 433.3 MiB)
[2026-03-13T05:19:15.890+0000] {subprocess.py:106} INFO - 26/03/13 05:19:15 INFO BlockManagerInfo: Added broadcast_18_piece0 in memory on 172.30.0.7:45871 (size: 30.2 KiB, free: 433.3 MiB)
[2026-03-13T05:19:16.099+0000] {subprocess.py:106} INFO - 26/03/13 05:19:16 INFO BlockManagerInfo: Added broadcast_17_piece0 in memory on 172.30.0.7:45871 (size: 36.1 KiB, free: 433.2 MiB)
[2026-03-13T05:19:16.555+0000] {subprocess.py:106} INFO - 26/03/13 05:19:16 INFO TaskSetManager: Finished task 0.0 in stage 10.0 (TID 14) in 770 ms on 172.30.0.7 (executor 0) (1/1)
[2026-03-13T05:19:16.556+0000] {subprocess.py:106} INFO - 26/03/13 05:19:16 INFO TaskSchedulerImpl: Removed TaskSet 10.0, whose tasks have all completed, from pool
[2026-03-13T05:19:16.561+0000] {subprocess.py:106} INFO - 26/03/13 05:19:16 INFO DAGScheduler: ResultStage 10 (append at <unknown>:0) finished in 0.782 s
[2026-03-13T05:19:16.562+0000] {subprocess.py:106} INFO - 26/03/13 05:19:16 INFO DAGScheduler: Job 8 is finished. Cancelling potential speculative or zombie tasks for this job
[2026-03-13T05:19:16.562+0000] {subprocess.py:106} INFO - 26/03/13 05:19:16 INFO TaskSchedulerImpl: Killing all running tasks in stage 10: Stage finished
[2026-03-13T05:19:16.563+0000] {subprocess.py:106} INFO - 26/03/13 05:19:16 INFO DAGScheduler: Job 8 finished: append at <unknown>:0, took 0.801798 s
[2026-03-13T05:19:16.564+0000] {subprocess.py:106} INFO - 26/03/13 05:19:16 INFO AppendDataExec: Data source write support IcebergBatchWrite(table=iceberg.bronze.it_jobs_raw, format=PARQUET) is committing.
[2026-03-13T05:19:16.588+0000] {subprocess.py:106} INFO - 26/03/13 05:19:16 INFO SparkWrite: Committing append with 1 new data files to table iceberg.bronze.it_jobs_raw
[2026-03-13T05:19:16.984+0000] {subprocess.py:106} INFO - 26/03/13 05:19:16 INFO BlockManagerInfo: Removed broadcast_19_piece0 on 499f1d118d82:44027 in memory (size: 10.2 KiB, free: 433.2 MiB)
[2026-03-13T05:19:16.988+0000] {subprocess.py:106} INFO - 26/03/13 05:19:16 INFO BlockManagerInfo: Removed broadcast_19_piece0 on 172.30.0.7:45871 in memory (size: 10.2 KiB, free: 433.2 MiB)
[2026-03-13T05:19:17.591+0000] {subprocess.py:106} INFO - 26/03/13 05:19:17 INFO HiveTableOperations: Committed to table iceberg.bronze.it_jobs_raw with the new metadata location s3a://warehouse/iceberg_data/bronze.db/it_jobs_raw/metadata/00014-b21022fd-b4f2-4fea-a305-14608bb52b07.metadata.json
[2026-03-13T05:19:17.592+0000] {subprocess.py:106} INFO - 26/03/13 05:19:17 INFO BaseMetastoreTableOperations: Successfully committed to table iceberg.bronze.it_jobs_raw in 664 ms
[2026-03-13T05:19:17.593+0000] {subprocess.py:106} INFO - 26/03/13 05:19:17 INFO SnapshotProducer: Committed snapshot 4914298326569308870 (MergeAppend)
[2026-03-13T05:19:17.606+0000] {subprocess.py:106} INFO - 26/03/13 05:19:17 INFO BaseMetastoreTableOperations: Refreshing table metadata from new version: s3a://warehouse/iceberg_data/bronze.db/it_jobs_raw/metadata/00014-b21022fd-b4f2-4fea-a305-14608bb52b07.metadata.json
[2026-03-13T05:19:17.676+0000] {subprocess.py:106} INFO - 26/03/13 05:19:17 INFO LoggingMetricsReporter: Received metrics report: CommitReport{tableName=iceberg.bronze.it_jobs_raw, snapshotId=4914298326569308870, sequenceNumber=15, operation=append, commitMetrics=CommitMetricsResult{totalDuration=TimerResult{timeUnit=NANOSECONDS, totalDuration=PT1.06856031S, count=1}, attempts=CounterResult{unit=COUNT, value=1}, addedDataFiles=CounterResult{unit=COUNT, value=1}, removedDataFiles=null, totalDataFiles=CounterResult{unit=COUNT, value=15}, addedDeleteFiles=null, addedEqualityDeleteFiles=null, addedPositionalDeleteFiles=null, removedDeleteFiles=null, removedEqualityDeleteFiles=null, removedPositionalDeleteFiles=null, totalDeleteFiles=CounterResult{unit=COUNT, value=0}, addedRecords=CounterResult{unit=COUNT, value=7}, removedRecords=null, totalRecords=CounterResult{unit=COUNT, value=8796}, addedFilesSizeInBytes=CounterResult{unit=BYTES, value=5657}, removedFilesSizeInBytes=null, totalFilesSizeInBytes=CounterResult{unit=BYTES, value=476052}, addedPositionalDeletes=null, removedPositionalDeletes=null, totalPositionalDeletes=CounterResult{unit=COUNT, value=0}, addedEqualityDeletes=null, removedEqualityDeletes=null, totalEqualityDeletes=CounterResult{unit=COUNT, value=0}}, metadata={engine-version=3.5.3, app-id=app-20260313051855-0003, engine-name=spark, iceberg-version=Apache Iceberg 1.6.1 (commit 8e9d59d299be42b0bca9461457cd1e95dbaad086)}}
[2026-03-13T05:19:17.676+0000] {subprocess.py:106} INFO - 26/03/13 05:19:17 INFO SparkWrite: Committed in 1087 ms
[2026-03-13T05:19:17.677+0000] {subprocess.py:106} INFO - 26/03/13 05:19:17 INFO AppendDataExec: Data source write support IcebergBatchWrite(table=iceberg.bronze.it_jobs_raw, format=PARQUET) committed.
[2026-03-13T05:19:17.679+0000] {subprocess.py:106} INFO - Append success.
[2026-03-13T05:19:17.680+0000] {subprocess.py:106} INFO - Process finished. Data available at: iceberg.bronze.it_jobs_raw
[2026-03-13T05:19:17.680+0000] {subprocess.py:106} INFO - 26/03/13 05:19:17 INFO SparkContext: SparkContext is stopping with exitCode 0.
[2026-03-13T05:19:17.690+0000] {subprocess.py:106} INFO - 26/03/13 05:19:17 INFO SparkUI: Stopped Spark web UI at http://499f1d118d82:4040
[2026-03-13T05:19:17.695+0000] {subprocess.py:106} INFO - 26/03/13 05:19:17 INFO StandaloneSchedulerBackend: Shutting down all executors
[2026-03-13T05:19:17.696+0000] {subprocess.py:106} INFO - 26/03/13 05:19:17 INFO StandaloneSchedulerBackend$StandaloneDriverEndpoint: Asking each executor to shut down
[2026-03-13T05:19:17.715+0000] {subprocess.py:106} INFO - 26/03/13 05:19:17 INFO MapOutputTrackerMasterEndpoint: MapOutputTrackerMasterEndpoint stopped!
[2026-03-13T05:19:17.737+0000] {subprocess.py:106} INFO - 26/03/13 05:19:17 INFO MemoryStore: MemoryStore cleared
[2026-03-13T05:19:17.737+0000] {subprocess.py:106} INFO - 26/03/13 05:19:17 INFO BlockManager: BlockManager stopped
[2026-03-13T05:19:17.740+0000] {subprocess.py:106} INFO - 26/03/13 05:19:17 INFO BlockManagerMaster: BlockManagerMaster stopped
[2026-03-13T05:19:17.746+0000] {subprocess.py:106} INFO - 26/03/13 05:19:17 INFO OutputCommitCoordinator$OutputCommitCoordinatorEndpoint: OutputCommitCoordinator stopped!
[2026-03-13T05:19:17.801+0000] {subprocess.py:106} INFO - 26/03/13 05:19:17 INFO SparkContext: Successfully stopped SparkContext
[2026-03-13T05:19:17.974+0000] {subprocess.py:106} INFO - 26/03/13 05:19:17 INFO ShutdownHookManager: Shutdown hook called
[2026-03-13T05:19:17.975+0000] {subprocess.py:106} INFO - 26/03/13 05:19:17 INFO ShutdownHookManager: Deleting directory /tmp/spark-35c4951b-4b1f-4814-81ea-8689afd87ec5
[2026-03-13T05:19:17.978+0000] {subprocess.py:106} INFO - 26/03/13 05:19:17 INFO ShutdownHookManager: Deleting directory /tmp/spark-4df6237b-a830-44e7-9adc-b00a148e5774
[2026-03-13T05:19:17.981+0000] {subprocess.py:106} INFO - 26/03/13 05:19:17 INFO ShutdownHookManager: Deleting directory /tmp/spark-35c4951b-4b1f-4814-81ea-8689afd87ec5/pyspark-8d839101-ea78-4298-b9ff-c7cbba25735b
[2026-03-13T05:19:17.989+0000] {subprocess.py:106} INFO - 26/03/13 05:19:17 INFO MetricsSystemImpl: Stopping s3a-file-system metrics system...
[2026-03-13T05:19:17.990+0000] {subprocess.py:106} INFO - 26/03/13 05:19:17 INFO MetricsSystemImpl: s3a-file-system metrics system stopped.
[2026-03-13T05:19:17.990+0000] {subprocess.py:106} INFO - 26/03/13 05:19:17 INFO MetricsSystemImpl: s3a-file-system metrics system shutdown complete.
[2026-03-13T05:19:18.064+0000] {subprocess.py:110} INFO - Command exited with return code 0
[2026-03-13T05:19:18.147+0000] {taskinstance.py:341} INFO - ::group::Post task execution logs
[2026-03-13T05:19:18.148+0000] {taskinstance.py:353} INFO - Marking task as SUCCESS. dag_id=crawl_etl_itjob, task_id=load_bronze, run_id=scheduled__2026-03-12T02:00:00+00:00, execution_date=20260312T020000, start_date=20260313T051850, end_date=20260313T051918
[2026-03-13T05:19:18.254+0000] {local_task_job_runner.py:266} INFO - Task exited with return code 0
[2026-03-13T05:19:18.292+0000] {taskinstance.py:3901} INFO - 1 downstream tasks scheduled from follow-on schedule check
[2026-03-13T05:19:18.295+0000] {local_task_job_runner.py:245} INFO - ::endgroup::
