[2026-04-22T06:18:02.697+0000] {local_task_job_runner.py:123} INFO - ::group::Pre task execution logs
[2026-04-22T06:18:02.752+0000] {taskinstance.py:2614} INFO - Dependencies all met for dep_context=non-requeueable deps ti=<TaskInstance: crawl_etl_itjob.clean_silver scheduled__2026-04-21T02:00:00+00:00 [queued]>
[2026-04-22T06:18:02.768+0000] {taskinstance.py:2614} INFO - Dependencies all met for dep_context=requeueable deps ti=<TaskInstance: crawl_etl_itjob.clean_silver scheduled__2026-04-21T02:00:00+00:00 [queued]>
[2026-04-22T06:18:02.768+0000] {taskinstance.py:2867} INFO - Starting attempt 1 of 2
[2026-04-22T06:18:03.092+0000] {taskinstance.py:2890} INFO - Executing <Task(BashOperator): clean_silver> on 2026-04-21 02:00:00+00:00
[2026-04-22T06:18:03.098+0000] {standard_task_runner.py:72} INFO - Started process 143 to run task
[2026-04-22T06:18:03.102+0000] {standard_task_runner.py:104} INFO - Running: ['***', 'tasks', 'run', 'crawl_etl_itjob', 'clean_silver', 'scheduled__2026-04-21T02:00:00+00:00', '--job-id', '122', '--raw', '--subdir', 'DAGS_FOLDER/Crawl_ETL_ITJob.py', '--cfg-path', '/tmp/tmpb1evb_6v']
[2026-04-22T06:18:03.104+0000] {standard_task_runner.py:105} INFO - Job 122: Subtask clean_silver
[2026-04-22T06:18:03.390+0000] {warnings.py:109} WARNING - /home/***/.local/lib/python3.8/site-packages/***/settings.py:209: DeprecationWarning: The sql_alchemy_conn option in [core] has been moved to the sql_alchemy_conn option in [database] - the old setting has been used, but please update your config.
  SQL_ALCHEMY_CONN = conf.get("database", "SQL_ALCHEMY_CONN")

[2026-04-22T06:18:03.509+0000] {task_command.py:467} INFO - Running <TaskInstance: crawl_etl_itjob.clean_silver scheduled__2026-04-21T02:00:00+00:00 [running]> on host 64b3786bead1
[2026-04-22T06:18:03.510+0000] {warnings.py:109} WARNING - /home/***/.local/lib/python3.8/site-packages/***/settings.py:470: DeprecationWarning: The sql_alchemy_conn option in [core] has been moved to the sql_alchemy_conn option in [database] - the old setting has been used, but please update your config.
  if conf.get("database", "sql_alchemy_conn") == "none://":

[2026-04-22T06:18:03.772+0000] {taskinstance.py:3134} INFO - Exporting env vars: AIRFLOW_CTX_DAG_EMAIL='hoa856856@gmail.com' AIRFLOW_CTX_DAG_OWNER='***' AIRFLOW_CTX_DAG_ID='crawl_etl_itjob' AIRFLOW_CTX_TASK_ID='clean_silver' AIRFLOW_CTX_EXECUTION_DATE='2026-04-21T02:00:00+00:00' AIRFLOW_CTX_TRY_NUMBER='1' AIRFLOW_CTX_DAG_RUN_ID='scheduled__2026-04-21T02:00:00+00:00'
[2026-04-22T06:18:03.774+0000] {taskinstance.py:732} INFO - ::endgroup::
[2026-04-22T06:18:03.794+0000] {subprocess.py:78} INFO - Tmp dir root location: /tmp
[2026-04-22T06:18:03.796+0000] {subprocess.py:88} INFO - Running command: ['/bin/bash', '-c', "\n        docker exec spark-submit bash -c '\n        /opt/spark/bin/spark-submit         --master spark://spark-master:7077         --deploy-mode client         --packages org.apache.iceberg:iceberg-spark-runtime-3.5_2.12:1.5.0,org.apache.hadoop:hadoop-aws:3.3.4,com.amazonaws:aws-java-sdk-bundle:1.12.262         /opt/spark/scripts/Clean_Silver.py\n        '\n        "]
[2026-04-22T06:18:03.811+0000] {subprocess.py:99} INFO - Output:
[2026-04-22T06:18:05.945+0000] {subprocess.py:106} INFO - :: loading settings :: url = jar:file:/opt/spark/jars/ivy-2.5.1.jar!/org/apache/ivy/core/settings/ivysettings.xml
[2026-04-22T06:18:06.055+0000] {subprocess.py:106} INFO - Ivy Default Cache set to: /home/spark/.ivy2/cache
[2026-04-22T06:18:06.056+0000] {subprocess.py:106} INFO - The jars for the packages stored in: /home/spark/.ivy2/jars
[2026-04-22T06:18:06.063+0000] {subprocess.py:106} INFO - org.apache.iceberg#iceberg-spark-runtime-3.5_2.12 added as a dependency
[2026-04-22T06:18:06.064+0000] {subprocess.py:106} INFO - org.apache.hadoop#hadoop-aws added as a dependency
[2026-04-22T06:18:06.065+0000] {subprocess.py:106} INFO - com.amazonaws#aws-java-sdk-bundle added as a dependency
[2026-04-22T06:18:06.066+0000] {subprocess.py:106} INFO - :: resolving dependencies :: org.apache.spark#spark-submit-parent-312bf185-7e61-4f9e-b8b7-ad7c36b3fa93;1.0
[2026-04-22T06:18:06.066+0000] {subprocess.py:106} INFO - 	confs: [default]
[2026-04-22T06:18:06.167+0000] {subprocess.py:106} INFO - 	found org.apache.iceberg#iceberg-spark-runtime-3.5_2.12;1.5.0 in central
[2026-04-22T06:18:06.226+0000] {subprocess.py:106} INFO - 	found org.apache.hadoop#hadoop-aws;3.3.4 in central
[2026-04-22T06:18:06.255+0000] {subprocess.py:106} INFO - 	found com.amazonaws#aws-java-sdk-bundle;1.12.262 in central
[2026-04-22T06:18:06.285+0000] {subprocess.py:106} INFO - 	found org.wildfly.openssl#wildfly-openssl;1.0.7.Final in central
[2026-04-22T06:18:06.311+0000] {subprocess.py:106} INFO - :: resolution report :: resolve 234ms :: artifacts dl 12ms
[2026-04-22T06:18:06.312+0000] {subprocess.py:106} INFO - 	:: modules in use:
[2026-04-22T06:18:06.313+0000] {subprocess.py:106} INFO - 	com.amazonaws#aws-java-sdk-bundle;1.12.262 from central in [default]
[2026-04-22T06:18:06.314+0000] {subprocess.py:106} INFO - 	org.apache.hadoop#hadoop-aws;3.3.4 from central in [default]
[2026-04-22T06:18:06.314+0000] {subprocess.py:106} INFO - 	org.apache.iceberg#iceberg-spark-runtime-3.5_2.12;1.5.0 from central in [default]
[2026-04-22T06:18:06.315+0000] {subprocess.py:106} INFO - 	org.wildfly.openssl#wildfly-openssl;1.0.7.Final from central in [default]
[2026-04-22T06:18:06.316+0000] {subprocess.py:106} INFO - 	---------------------------------------------------------------------
[2026-04-22T06:18:06.316+0000] {subprocess.py:106} INFO - 	|                  |            modules            ||   artifacts   |
[2026-04-22T06:18:06.317+0000] {subprocess.py:106} INFO - 	|       conf       | number| search|dwnlded|evicted|| number|dwnlded|
[2026-04-22T06:18:06.317+0000] {subprocess.py:106} INFO - 	---------------------------------------------------------------------
[2026-04-22T06:18:06.318+0000] {subprocess.py:106} INFO - 	|      default     |   4   |   0   |   0   |   0   ||   4   |   0   |
[2026-04-22T06:18:06.318+0000] {subprocess.py:106} INFO - 	---------------------------------------------------------------------
[2026-04-22T06:18:06.319+0000] {subprocess.py:106} INFO - :: retrieving :: org.apache.spark#spark-submit-parent-312bf185-7e61-4f9e-b8b7-ad7c36b3fa93
[2026-04-22T06:18:06.320+0000] {subprocess.py:106} INFO - 	confs: [default]
[2026-04-22T06:18:06.326+0000] {subprocess.py:106} INFO - 	0 artifacts copied, 4 already retrieved (0kB/6ms)
[2026-04-22T06:18:06.565+0000] {subprocess.py:106} INFO - 26/04/22 06:18:06 WARN NativeCodeLoader: Unable to load native-hadoop library for your platform... using builtin-java classes where applicable
[2026-04-22T06:18:07.535+0000] {subprocess.py:106} INFO - 26/04/22 06:18:07 INFO SparkContext: Running Spark version 3.5.3
[2026-04-22T06:18:07.536+0000] {subprocess.py:106} INFO - 26/04/22 06:18:07 INFO SparkContext: OS info Linux, 6.6.87.2-microsoft-standard-WSL2, amd64
[2026-04-22T06:18:07.536+0000] {subprocess.py:106} INFO - 26/04/22 06:18:07 INFO SparkContext: Java version 11.0.24
[2026-04-22T06:18:07.557+0000] {subprocess.py:106} INFO - 26/04/22 06:18:07 INFO ResourceUtils: ==============================================================
[2026-04-22T06:18:07.558+0000] {subprocess.py:106} INFO - 26/04/22 06:18:07 INFO ResourceUtils: No custom resources configured for spark.driver.
[2026-04-22T06:18:07.559+0000] {subprocess.py:106} INFO - 26/04/22 06:18:07 INFO ResourceUtils: ==============================================================
[2026-04-22T06:18:07.560+0000] {subprocess.py:106} INFO - 26/04/22 06:18:07 INFO SparkContext: Submitted application: Silver_Etl_Cleaning_Merge
[2026-04-22T06:18:07.584+0000] {subprocess.py:106} INFO - 26/04/22 06:18:07 INFO ResourceProfile: Default ResourceProfile created, executor resources: Map(memory -> name: memory, amount: 1024, script: , vendor: , offHeap -> name: offHeap, amount: 0, script: , vendor: ), task resources: Map(cpus -> name: cpus, amount: 1.0)
[2026-04-22T06:18:07.595+0000] {subprocess.py:106} INFO - 26/04/22 06:18:07 INFO ResourceProfile: Limiting resource is cpu
[2026-04-22T06:18:07.595+0000] {subprocess.py:106} INFO - 26/04/22 06:18:07 INFO ResourceProfileManager: Added ResourceProfile id: 0
[2026-04-22T06:18:07.661+0000] {subprocess.py:106} INFO - 26/04/22 06:18:07 INFO SecurityManager: Changing view acls to: spark
[2026-04-22T06:18:07.664+0000] {subprocess.py:106} INFO - 26/04/22 06:18:07 INFO SecurityManager: Changing modify acls to: spark
[2026-04-22T06:18:07.666+0000] {subprocess.py:106} INFO - 26/04/22 06:18:07 INFO SecurityManager: Changing view acls groups to:
[2026-04-22T06:18:07.669+0000] {subprocess.py:106} INFO - 26/04/22 06:18:07 INFO SecurityManager: Changing modify acls groups to:
[2026-04-22T06:18:07.669+0000] {subprocess.py:106} INFO - 26/04/22 06:18:07 INFO SecurityManager: SecurityManager: authentication disabled; ui acls disabled; users with view permissions: spark; groups with view permissions: EMPTY; users with modify permissions: spark; groups with modify permissions: EMPTY
[2026-04-22T06:18:07.933+0000] {subprocess.py:106} INFO - 26/04/22 06:18:07 INFO Utils: Successfully started service 'sparkDriver' on port 37547.
[2026-04-22T06:18:07.963+0000] {subprocess.py:106} INFO - 26/04/22 06:18:07 INFO SparkEnv: Registering MapOutputTracker
[2026-04-22T06:18:07.994+0000] {subprocess.py:106} INFO - 26/04/22 06:18:07 INFO SparkEnv: Registering BlockManagerMaster
[2026-04-22T06:18:08.008+0000] {subprocess.py:106} INFO - 26/04/22 06:18:08 INFO BlockManagerMasterEndpoint: Using org.apache.spark.storage.DefaultTopologyMapper for getting topology information
[2026-04-22T06:18:08.009+0000] {subprocess.py:106} INFO - 26/04/22 06:18:08 INFO BlockManagerMasterEndpoint: BlockManagerMasterEndpoint up
[2026-04-22T06:18:08.012+0000] {subprocess.py:106} INFO - 26/04/22 06:18:08 INFO SparkEnv: Registering BlockManagerMasterHeartbeat
[2026-04-22T06:18:08.038+0000] {subprocess.py:106} INFO - 26/04/22 06:18:08 INFO DiskBlockManager: Created local directory at /tmp/blockmgr-af3e9500-64f5-42a5-b35f-9e05933152a1
[2026-04-22T06:18:08.053+0000] {subprocess.py:106} INFO - 26/04/22 06:18:08 INFO MemoryStore: MemoryStore started with capacity 434.4 MiB
[2026-04-22T06:18:08.072+0000] {subprocess.py:106} INFO - 26/04/22 06:18:08 INFO SparkEnv: Registering OutputCommitCoordinator
[2026-04-22T06:18:08.216+0000] {subprocess.py:106} INFO - 26/04/22 06:18:08 INFO JettyUtils: Start Jetty 0.0.0.0:4040 for SparkUI
[2026-04-22T06:18:08.261+0000] {subprocess.py:106} INFO - 26/04/22 06:18:08 INFO Utils: Successfully started service 'SparkUI' on port 4040.
[2026-04-22T06:18:08.301+0000] {subprocess.py:106} INFO - 26/04/22 06:18:08 INFO SparkContext: Added JAR file:///home/spark/.ivy2/jars/org.apache.iceberg_iceberg-spark-runtime-3.5_2.12-1.5.0.jar at spark://c05002f484b8:37547/jars/org.apache.iceberg_iceberg-spark-runtime-3.5_2.12-1.5.0.jar with timestamp 1776838687526
[2026-04-22T06:18:08.302+0000] {subprocess.py:106} INFO - 26/04/22 06:18:08 INFO SparkContext: Added JAR file:///home/spark/.ivy2/jars/org.apache.hadoop_hadoop-aws-3.3.4.jar at spark://c05002f484b8:37547/jars/org.apache.hadoop_hadoop-aws-3.3.4.jar with timestamp 1776838687526
[2026-04-22T06:18:08.302+0000] {subprocess.py:106} INFO - 26/04/22 06:18:08 INFO SparkContext: Added JAR file:///home/spark/.ivy2/jars/com.amazonaws_aws-java-sdk-bundle-1.12.262.jar at spark://c05002f484b8:37547/jars/com.amazonaws_aws-java-sdk-bundle-1.12.262.jar with timestamp 1776838687526
[2026-04-22T06:18:08.303+0000] {subprocess.py:106} INFO - 26/04/22 06:18:08 INFO SparkContext: Added JAR file:///home/spark/.ivy2/jars/org.wildfly.openssl_wildfly-openssl-1.0.7.Final.jar at spark://c05002f484b8:37547/jars/org.wildfly.openssl_wildfly-openssl-1.0.7.Final.jar with timestamp 1776838687526
[2026-04-22T06:18:08.307+0000] {subprocess.py:106} INFO - 26/04/22 06:18:08 INFO SparkContext: Added file file:///home/spark/.ivy2/jars/org.apache.iceberg_iceberg-spark-runtime-3.5_2.12-1.5.0.jar at spark://c05002f484b8:37547/files/org.apache.iceberg_iceberg-spark-runtime-3.5_2.12-1.5.0.jar with timestamp 1776838687526
[2026-04-22T06:18:08.308+0000] {subprocess.py:106} INFO - 26/04/22 06:18:08 INFO Utils: Copying /home/spark/.ivy2/jars/org.apache.iceberg_iceberg-spark-runtime-3.5_2.12-1.5.0.jar to /tmp/spark-b69cf044-21ce-4423-a9fa-c351dd880ee5/userFiles-099597bc-2ff6-4ef2-8022-cc5128f21e12/org.apache.iceberg_iceberg-spark-runtime-3.5_2.12-1.5.0.jar
[2026-04-22T06:18:08.347+0000] {subprocess.py:106} INFO - 26/04/22 06:18:08 INFO SparkContext: Added file file:///home/spark/.ivy2/jars/org.apache.hadoop_hadoop-aws-3.3.4.jar at spark://c05002f484b8:37547/files/org.apache.hadoop_hadoop-aws-3.3.4.jar with timestamp 1776838687526
[2026-04-22T06:18:08.347+0000] {subprocess.py:106} INFO - 26/04/22 06:18:08 INFO Utils: Copying /home/spark/.ivy2/jars/org.apache.hadoop_hadoop-aws-3.3.4.jar to /tmp/spark-b69cf044-21ce-4423-a9fa-c351dd880ee5/userFiles-099597bc-2ff6-4ef2-8022-cc5128f21e12/org.apache.hadoop_hadoop-aws-3.3.4.jar
[2026-04-22T06:18:08.352+0000] {subprocess.py:106} INFO - 26/04/22 06:18:08 INFO SparkContext: Added file file:///home/spark/.ivy2/jars/com.amazonaws_aws-java-sdk-bundle-1.12.262.jar at spark://c05002f484b8:37547/files/com.amazonaws_aws-java-sdk-bundle-1.12.262.jar with timestamp 1776838687526
[2026-04-22T06:18:08.352+0000] {subprocess.py:106} INFO - 26/04/22 06:18:08 INFO Utils: Copying /home/spark/.ivy2/jars/com.amazonaws_aws-java-sdk-bundle-1.12.262.jar to /tmp/spark-b69cf044-21ce-4423-a9fa-c351dd880ee5/userFiles-099597bc-2ff6-4ef2-8022-cc5128f21e12/com.amazonaws_aws-java-sdk-bundle-1.12.262.jar
[2026-04-22T06:18:08.532+0000] {subprocess.py:106} INFO - 26/04/22 06:18:08 INFO SparkContext: Added file file:///home/spark/.ivy2/jars/org.wildfly.openssl_wildfly-openssl-1.0.7.Final.jar at spark://c05002f484b8:37547/files/org.wildfly.openssl_wildfly-openssl-1.0.7.Final.jar with timestamp 1776838687526
[2026-04-22T06:18:08.533+0000] {subprocess.py:106} INFO - 26/04/22 06:18:08 INFO Utils: Copying /home/spark/.ivy2/jars/org.wildfly.openssl_wildfly-openssl-1.0.7.Final.jar to /tmp/spark-b69cf044-21ce-4423-a9fa-c351dd880ee5/userFiles-099597bc-2ff6-4ef2-8022-cc5128f21e12/org.wildfly.openssl_wildfly-openssl-1.0.7.Final.jar
[2026-04-22T06:18:08.634+0000] {subprocess.py:106} INFO - 26/04/22 06:18:08 INFO StandaloneAppClient$ClientEndpoint: Connecting to master spark://spark-master:7077...
[2026-04-22T06:18:08.685+0000] {subprocess.py:106} INFO - 26/04/22 06:18:08 INFO TransportClientFactory: Successfully created connection to spark-master/172.30.0.6:7077 after 31 ms (0 ms spent in bootstraps)
[2026-04-22T06:18:08.778+0000] {subprocess.py:106} INFO - 26/04/22 06:18:08 INFO StandaloneSchedulerBackend: Connected to Spark cluster with app ID app-20260422061808-0004
[2026-04-22T06:18:08.781+0000] {subprocess.py:106} INFO - 26/04/22 06:18:08 INFO StandaloneAppClient$ClientEndpoint: Executor added: app-20260422061808-0004/0 on worker-20260422053610-172.30.0.8-38713 (172.30.0.8:38713) with 1 core(s)
[2026-04-22T06:18:08.784+0000] {subprocess.py:106} INFO - 26/04/22 06:18:08 INFO StandaloneSchedulerBackend: Granted executor ID app-20260422061808-0004/0 on hostPort 172.30.0.8:38713 with 1 core(s), 1024.0 MiB RAM
[2026-04-22T06:18:08.798+0000] {subprocess.py:106} INFO - 26/04/22 06:18:08 INFO Utils: Successfully started service 'org.apache.spark.network.netty.NettyBlockTransferService' on port 38189.
[2026-04-22T06:18:08.802+0000] {subprocess.py:106} INFO - 26/04/22 06:18:08 INFO NettyBlockTransferService: Server created on c05002f484b8:38189
[2026-04-22T06:18:08.803+0000] {subprocess.py:106} INFO - 26/04/22 06:18:08 INFO BlockManager: Using org.apache.spark.storage.RandomBlockReplicationPolicy for block replication policy
[2026-04-22T06:18:08.815+0000] {subprocess.py:106} INFO - 26/04/22 06:18:08 INFO BlockManagerMaster: Registering BlockManager BlockManagerId(driver, c05002f484b8, 38189, None)
[2026-04-22T06:18:08.821+0000] {subprocess.py:106} INFO - 26/04/22 06:18:08 INFO BlockManagerMasterEndpoint: Registering block manager c05002f484b8:38189 with 434.4 MiB RAM, BlockManagerId(driver, c05002f484b8, 38189, None)
[2026-04-22T06:18:08.824+0000] {subprocess.py:106} INFO - 26/04/22 06:18:08 INFO BlockManagerMaster: Registered BlockManager BlockManagerId(driver, c05002f484b8, 38189, None)
[2026-04-22T06:18:08.826+0000] {subprocess.py:106} INFO - 26/04/22 06:18:08 INFO BlockManager: Initialized BlockManager: BlockManagerId(driver, c05002f484b8, 38189, None)
[2026-04-22T06:18:08.917+0000] {subprocess.py:106} INFO - 26/04/22 06:18:08 INFO StandaloneAppClient$ClientEndpoint: Executor updated: app-20260422061808-0004/0 is now RUNNING
[2026-04-22T06:18:09.271+0000] {subprocess.py:106} INFO - 26/04/22 06:18:09 INFO StandaloneSchedulerBackend: SchedulerBackend is ready for scheduling beginning after reached minRegisteredResourcesRatio: 0.0
[2026-04-22T06:18:09.578+0000] {subprocess.py:106} INFO - 26/04/22 06:18:09 INFO SharedState: Setting hive.metastore.warehouse.dir ('null') to the value of spark.sql.warehouse.dir.
[2026-04-22T06:18:09.582+0000] {subprocess.py:106} INFO - 26/04/22 06:18:09 INFO SharedState: Warehouse path is 'file:/opt/spark/work-dir/spark-warehouse'.
[2026-04-22T06:18:11.923+0000] {subprocess.py:106} INFO - 26/04/22 06:18:11 INFO HiveConf: Found configuration file null
[2026-04-22T06:18:12.142+0000] {subprocess.py:106} INFO - 26/04/22 06:18:12 INFO metastore: Trying to connect to metastore with URI thrift://hive-metastore:9083
[2026-04-22T06:18:12.170+0000] {subprocess.py:106} INFO - 26/04/22 06:18:12 INFO metastore: Opened a connection to metastore, current connections: 1
[2026-04-22T06:18:12.220+0000] {subprocess.py:106} INFO - 26/04/22 06:18:12 INFO metastore: Connected to metastore.
[2026-04-22T06:18:12.360+0000] {subprocess.py:106} INFO - 26/04/22 06:18:12 INFO StandaloneSchedulerBackend$StandaloneDriverEndpoint: Registered executor NettyRpcEndpointRef(spark-client://Executor) (172.30.0.8:40314) with ID 0,  ResourceProfileId 0
[2026-04-22T06:18:12.404+0000] {subprocess.py:106} INFO - 26/04/22 06:18:12 INFO BaseMetastoreTableOperations: Refreshing table metadata from new version: s3a://warehouse/iceberg_data/silver.db/it_jobs_clean/metadata/00010-45e3d325-9ac1-44f4-80a7-754373794d31.metadata.json
[2026-04-22T06:18:12.462+0000] {subprocess.py:106} INFO - 26/04/22 06:18:12 INFO BlockManagerMasterEndpoint: Registering block manager 172.30.0.8:39697 with 434.4 MiB RAM, BlockManagerId(0, 172.30.0.8, 39697, None)
[2026-04-22T06:18:12.636+0000] {subprocess.py:106} INFO - 26/04/22 06:18:12 WARN MetricsConfig: Cannot locate configuration: tried hadoop-metrics2-s3a-file-system.properties,hadoop-metrics2.properties
[2026-04-22T06:18:12.676+0000] {subprocess.py:106} INFO - 26/04/22 06:18:12 INFO MetricsSystemImpl: Scheduled Metric snapshot period at 10 second(s).
[2026-04-22T06:18:12.677+0000] {subprocess.py:106} INFO - 26/04/22 06:18:12 INFO MetricsSystemImpl: s3a-file-system metrics system started
[2026-04-22T06:18:13.886+0000] {subprocess.py:106} INFO - 26/04/22 06:18:13 INFO BaseMetastoreCatalog: Table loaded by catalog: iceberg.silver.it_jobs_clean
[2026-04-22T06:18:15.096+0000] {subprocess.py:106} INFO - 26/04/22 06:18:15 INFO SnapshotScan: Scanning table iceberg.silver.it_jobs_clean snapshot 1312140877401974426 created at 2026-04-22T05:52:34.126+00:00 with filter true
[2026-04-22T06:18:15.424+0000] {subprocess.py:106} INFO - 26/04/22 06:18:15 INFO BaseDistributedDataScan: Planning file tasks locally for table iceberg.silver.it_jobs_clean
[2026-04-22T06:18:15.726+0000] {subprocess.py:106} INFO - 26/04/22 06:18:15 INFO V2ScanRelationPushDown:
[2026-04-22T06:18:15.728+0000] {subprocess.py:106} INFO - Pushing operators to iceberg.silver.it_jobs_clean
[2026-04-22T06:18:15.729+0000] {subprocess.py:106} INFO - Pushed Aggregate Functions:
[2026-04-22T06:18:15.730+0000] {subprocess.py:106} INFO -  MAX(ingest_time)
[2026-04-22T06:18:15.730+0000] {subprocess.py:106} INFO - Pushed Group by:
[2026-04-22T06:18:15.731+0000] {subprocess.py:106} INFO - 
[2026-04-22T06:18:15.732+0000] {subprocess.py:106} INFO - 
[2026-04-22T06:18:17.459+0000] {subprocess.py:106} INFO - 26/04/22 06:18:17 INFO CodeGenerator: Code generated in 573.032371 ms
[2026-04-22T06:18:17.483+0000] {subprocess.py:106} INFO - 26/04/22 06:18:17 INFO CodeGenerator: Code generated in 13.209786 ms
[2026-04-22T06:18:17.590+0000] {subprocess.py:106} INFO - 26/04/22 06:18:17 INFO DAGScheduler: Registering RDD 2 (collect at /opt/spark/scripts/Clean_Silver.py:56) as input to shuffle 0
[2026-04-22T06:18:17.596+0000] {subprocess.py:106} INFO - 26/04/22 06:18:17 INFO DAGScheduler: Got map stage job 0 (collect at /opt/spark/scripts/Clean_Silver.py:56) with 1 output partitions
[2026-04-22T06:18:17.597+0000] {subprocess.py:106} INFO - 26/04/22 06:18:17 INFO DAGScheduler: Final stage: ShuffleMapStage 0 (collect at /opt/spark/scripts/Clean_Silver.py:56)
[2026-04-22T06:18:17.597+0000] {subprocess.py:106} INFO - 26/04/22 06:18:17 INFO DAGScheduler: Parents of final stage: List()
[2026-04-22T06:18:17.601+0000] {subprocess.py:106} INFO - 26/04/22 06:18:17 INFO DAGScheduler: Missing parents: List()
[2026-04-22T06:18:17.606+0000] {subprocess.py:106} INFO - 26/04/22 06:18:17 INFO DAGScheduler: Submitting ShuffleMapStage 0 (MapPartitionsRDD[2] at collect at /opt/spark/scripts/Clean_Silver.py:56), which has no missing parents
[2026-04-22T06:18:17.737+0000] {subprocess.py:106} INFO - 26/04/22 06:18:17 INFO MemoryStore: Block broadcast_0 stored as values in memory (estimated size 12.0 KiB, free 434.4 MiB)
[2026-04-22T06:18:17.799+0000] {subprocess.py:106} INFO - 26/04/22 06:18:17 INFO MemoryStore: Block broadcast_0_piece0 stored as bytes in memory (estimated size 6.0 KiB, free 434.4 MiB)
[2026-04-22T06:18:17.802+0000] {subprocess.py:106} INFO - 26/04/22 06:18:17 INFO BlockManagerInfo: Added broadcast_0_piece0 in memory on c05002f484b8:38189 (size: 6.0 KiB, free: 434.4 MiB)
[2026-04-22T06:18:17.808+0000] {subprocess.py:106} INFO - 26/04/22 06:18:17 INFO SparkContext: Created broadcast 0 from broadcast at DAGScheduler.scala:1585
[2026-04-22T06:18:17.839+0000] {subprocess.py:106} INFO - 26/04/22 06:18:17 INFO DAGScheduler: Submitting 1 missing tasks from ShuffleMapStage 0 (MapPartitionsRDD[2] at collect at /opt/spark/scripts/Clean_Silver.py:56) (first 15 tasks are for partitions Vector(0))
[2026-04-22T06:18:17.840+0000] {subprocess.py:106} INFO - 26/04/22 06:18:17 INFO TaskSchedulerImpl: Adding task set 0.0 with 1 tasks resource profile 0
[2026-04-22T06:18:17.888+0000] {subprocess.py:106} INFO - 26/04/22 06:18:17 INFO TaskSetManager: Starting task 0.0 in stage 0.0 (TID 0) (172.30.0.8, executor 0, partition 0, PROCESS_LOCAL, 10137 bytes)
[2026-04-22T06:18:18.189+0000] {subprocess.py:106} INFO - 26/04/22 06:18:18 INFO BlockManagerInfo: Added broadcast_0_piece0 in memory on 172.30.0.8:39697 (size: 6.0 KiB, free: 434.4 MiB)
[2026-04-22T06:18:19.250+0000] {subprocess.py:106} INFO - 26/04/22 06:18:19 INFO TaskSetManager: Finished task 0.0 in stage 0.0 (TID 0) in 1383 ms on 172.30.0.8 (executor 0) (1/1)
[2026-04-22T06:18:19.253+0000] {subprocess.py:106} INFO - 26/04/22 06:18:19 INFO TaskSchedulerImpl: Removed TaskSet 0.0, whose tasks have all completed, from pool
[2026-04-22T06:18:19.260+0000] {subprocess.py:106} INFO - 26/04/22 06:18:19 INFO DAGScheduler: ShuffleMapStage 0 (collect at /opt/spark/scripts/Clean_Silver.py:56) finished in 1.637 s
[2026-04-22T06:18:19.261+0000] {subprocess.py:106} INFO - 26/04/22 06:18:19 INFO DAGScheduler: looking for newly runnable stages
[2026-04-22T06:18:19.262+0000] {subprocess.py:106} INFO - 26/04/22 06:18:19 INFO DAGScheduler: running: Set()
[2026-04-22T06:18:19.264+0000] {subprocess.py:106} INFO - 26/04/22 06:18:19 INFO DAGScheduler: waiting: Set()
[2026-04-22T06:18:19.264+0000] {subprocess.py:106} INFO - 26/04/22 06:18:19 INFO DAGScheduler: failed: Set()
[2026-04-22T06:18:19.327+0000] {subprocess.py:106} INFO - 26/04/22 06:18:19 INFO CodeGenerator: Code generated in 20.154644 ms
[2026-04-22T06:18:19.383+0000] {subprocess.py:106} INFO - 26/04/22 06:18:19 INFO SparkContext: Starting job: collect at /opt/spark/scripts/Clean_Silver.py:56
[2026-04-22T06:18:19.387+0000] {subprocess.py:106} INFO - 26/04/22 06:18:19 INFO DAGScheduler: Got job 1 (collect at /opt/spark/scripts/Clean_Silver.py:56) with 1 output partitions
[2026-04-22T06:18:19.388+0000] {subprocess.py:106} INFO - 26/04/22 06:18:19 INFO DAGScheduler: Final stage: ResultStage 2 (collect at /opt/spark/scripts/Clean_Silver.py:56)
[2026-04-22T06:18:19.389+0000] {subprocess.py:106} INFO - 26/04/22 06:18:19 INFO DAGScheduler: Parents of final stage: List(ShuffleMapStage 1)
[2026-04-22T06:18:19.390+0000] {subprocess.py:106} INFO - 26/04/22 06:18:19 INFO DAGScheduler: Missing parents: List()
[2026-04-22T06:18:19.392+0000] {subprocess.py:106} INFO - 26/04/22 06:18:19 INFO DAGScheduler: Submitting ResultStage 2 (MapPartitionsRDD[5] at collect at /opt/spark/scripts/Clean_Silver.py:56), which has no missing parents
[2026-04-22T06:18:19.405+0000] {subprocess.py:106} INFO - 26/04/22 06:18:19 INFO MemoryStore: Block broadcast_1 stored as values in memory (estimated size 13.1 KiB, free 434.4 MiB)
[2026-04-22T06:18:19.417+0000] {subprocess.py:106} INFO - 26/04/22 06:18:19 INFO MemoryStore: Block broadcast_1_piece0 stored as bytes in memory (estimated size 6.1 KiB, free 434.4 MiB)
[2026-04-22T06:18:19.418+0000] {subprocess.py:106} INFO - 26/04/22 06:18:19 INFO BlockManagerInfo: Added broadcast_1_piece0 in memory on c05002f484b8:38189 (size: 6.1 KiB, free: 434.4 MiB)
[2026-04-22T06:18:19.421+0000] {subprocess.py:106} INFO - 26/04/22 06:18:19 INFO SparkContext: Created broadcast 1 from broadcast at DAGScheduler.scala:1585
[2026-04-22T06:18:19.424+0000] {subprocess.py:106} INFO - 26/04/22 06:18:19 INFO DAGScheduler: Submitting 1 missing tasks from ResultStage 2 (MapPartitionsRDD[5] at collect at /opt/spark/scripts/Clean_Silver.py:56) (first 15 tasks are for partitions Vector(0))
[2026-04-22T06:18:19.425+0000] {subprocess.py:106} INFO - 26/04/22 06:18:19 INFO TaskSchedulerImpl: Adding task set 2.0 with 1 tasks resource profile 0
[2026-04-22T06:18:19.434+0000] {subprocess.py:106} INFO - 26/04/22 06:18:19 INFO TaskSetManager: Starting task 0.0 in stage 2.0 (TID 1) (172.30.0.8, executor 0, partition 0, NODE_LOCAL, 9976 bytes)
[2026-04-22T06:18:19.462+0000] {subprocess.py:106} INFO - 26/04/22 06:18:19 INFO BlockManagerInfo: Removed broadcast_0_piece0 on c05002f484b8:38189 in memory (size: 6.0 KiB, free: 434.4 MiB)
[2026-04-22T06:18:19.486+0000] {subprocess.py:106} INFO - 26/04/22 06:18:19 INFO BlockManagerInfo: Removed broadcast_0_piece0 on 172.30.0.8:39697 in memory (size: 6.0 KiB, free: 434.4 MiB)
[2026-04-22T06:18:19.487+0000] {subprocess.py:106} INFO - 26/04/22 06:18:19 INFO BlockManagerInfo: Added broadcast_1_piece0 in memory on 172.30.0.8:39697 (size: 6.1 KiB, free: 434.4 MiB)
[2026-04-22T06:18:18.531+0000] {subprocess.py:106} INFO - 26/04/22 06:18:18 INFO MapOutputTrackerMasterEndpoint: Asked to send map output locations for shuffle 0 to 172.30.0.8:40314
[2026-04-22T06:18:18.678+0000] {subprocess.py:106} INFO - 26/04/22 06:18:18 INFO TaskSetManager: Finished task 0.0 in stage 2.0 (TID 1) in -753 ms on 172.30.0.8 (executor 0) (1/1)
[2026-04-22T06:18:18.679+0000] {subprocess.py:106} INFO - 26/04/22 06:18:18 INFO TaskSchedulerImpl: Removed TaskSet 2.0, whose tasks have all completed, from pool
[2026-04-22T06:18:18.684+0000] {subprocess.py:106} INFO - 26/04/22 06:18:18 INFO DAGScheduler: ResultStage 2 (collect at /opt/spark/scripts/Clean_Silver.py:56) finished in -0.721 s
[2026-04-22T06:18:18.690+0000] {subprocess.py:106} INFO - 26/04/22 06:18:18 INFO DAGScheduler: Job 1 is finished. Cancelling potential speculative or zombie tasks for this job
[2026-04-22T06:18:18.691+0000] {subprocess.py:106} INFO - 26/04/22 06:18:18 INFO TaskSchedulerImpl: Killing all running tasks in stage 2: Stage finished
[2026-04-22T06:18:18.692+0000] {subprocess.py:106} INFO - 26/04/22 06:18:18 INFO DAGScheduler: Job 1 finished: collect at /opt/spark/scripts/Clean_Silver.py:56, took 0.357230 s
[2026-04-22T06:18:22.684+0000] {subprocess.py:106} INFO - >>> Watermark (Last Processed Time): 2026-04-18 09:24:59.710373
[2026-04-22T06:18:22.728+0000] {subprocess.py:106} INFO - 26/04/22 06:18:22 INFO BaseMetastoreTableOperations: Refreshing table metadata from new version: s3a://warehouse/iceberg_data/bronze.db/it_jobs_raw/metadata/00010-28c4bce5-4ab8-4a33-9ff6-a00023453154.metadata.json
[2026-04-22T06:18:22.785+0000] {subprocess.py:106} INFO - 26/04/22 06:18:22 INFO BaseMetastoreCatalog: Table loaded by catalog: iceberg.bronze.it_jobs_raw
[2026-04-22T06:18:22.807+0000] {subprocess.py:106} INFO - >>> INCREMENTAL LOAD: Reading only new data...
[2026-04-22T06:18:23.148+0000] {subprocess.py:106} INFO - 26/04/22 06:18:23 INFO V2ScanRelationPushDown:
[2026-04-22T06:18:23.148+0000] {subprocess.py:106} INFO - Pushing operators to iceberg.bronze.it_jobs_raw
[2026-04-22T06:18:23.149+0000] {subprocess.py:106} INFO - Pushed Filters: ingest_time IS NOT NULL, ingest_time > 1776504299710373
[2026-04-22T06:18:23.150+0000] {subprocess.py:106} INFO - Post-Scan Filters: isnotnull(ingest_time#36),(ingest_time#36 > 2026-04-18 09:24:59.710373)
[2026-04-22T06:18:23.150+0000] {subprocess.py:106} INFO - 
[2026-04-22T06:18:23.187+0000] {subprocess.py:106} INFO - 26/04/22 06:18:23 INFO V2ScanRelationPushDown:
[2026-04-22T06:18:23.188+0000] {subprocess.py:106} INFO - Output: ingest_time#36
[2026-04-22T06:18:23.188+0000] {subprocess.py:106} INFO - 
[2026-04-22T06:18:23.197+0000] {subprocess.py:106} INFO - 26/04/22 06:18:23 INFO SnapshotScan: Scanning table iceberg.bronze.it_jobs_raw snapshot 1581494471494207107 created at 2026-04-22T05:51:59.841+00:00 with filter (ingest_time IS NOT NULL AND ingest_time > (16-digit-int))
[2026-04-22T06:18:23.250+0000] {subprocess.py:106} INFO - 26/04/22 06:18:23 INFO BaseDistributedDataScan: Planning file tasks locally for table iceberg.bronze.it_jobs_raw
[2026-04-22T06:18:23.346+0000] {subprocess.py:106} INFO - 26/04/22 06:18:23 INFO SparkPartitioningAwareScan: Reporting UnknownPartitioning with 1 partition(s) for table iceberg.bronze.it_jobs_raw
[2026-04-22T06:18:23.379+0000] {subprocess.py:106} INFO - 26/04/22 06:18:23 INFO MemoryStore: Block broadcast_2 stored as values in memory (estimated size 32.0 KiB, free 434.4 MiB)
[2026-04-22T06:18:23.380+0000] {subprocess.py:106} INFO - 26/04/22 06:18:23 INFO BlockManagerInfo: Removed broadcast_1_piece0 on c05002f484b8:38189 in memory (size: 6.1 KiB, free: 434.4 MiB)
[2026-04-22T06:18:23.383+0000] {subprocess.py:106} INFO - 26/04/22 06:18:23 INFO BlockManagerInfo: Removed broadcast_1_piece0 on 172.30.0.8:39697 in memory (size: 6.1 KiB, free: 434.4 MiB)
[2026-04-22T06:18:23.408+0000] {subprocess.py:106} INFO - 26/04/22 06:18:23 INFO MemoryStore: Block broadcast_2_piece0 stored as bytes in memory (estimated size 30.3 KiB, free 434.3 MiB)
[2026-04-22T06:18:23.409+0000] {subprocess.py:106} INFO - 26/04/22 06:18:23 INFO BlockManagerInfo: Added broadcast_2_piece0 in memory on c05002f484b8:38189 (size: 30.3 KiB, free: 434.4 MiB)
[2026-04-22T06:18:23.415+0000] {subprocess.py:106} INFO - 26/04/22 06:18:23 INFO SparkContext: Created broadcast 2 from broadcast at SparkBatch.java:79
[2026-04-22T06:18:23.432+0000] {subprocess.py:106} INFO - 26/04/22 06:18:23 INFO MemoryStore: Block broadcast_3 stored as values in memory (estimated size 32.0 KiB, free 434.3 MiB)
[2026-04-22T06:18:23.438+0000] {subprocess.py:106} INFO - 26/04/22 06:18:23 INFO MemoryStore: Block broadcast_3_piece0 stored as bytes in memory (estimated size 30.2 KiB, free 434.3 MiB)
[2026-04-22T06:18:23.439+0000] {subprocess.py:106} INFO - 26/04/22 06:18:23 INFO BlockManagerInfo: Added broadcast_3_piece0 in memory on c05002f484b8:38189 (size: 30.2 KiB, free: 434.3 MiB)
[2026-04-22T06:18:23.441+0000] {subprocess.py:106} INFO - 26/04/22 06:18:23 INFO SparkContext: Created broadcast 3 from broadcast at SparkBatch.java:79
[2026-04-22T06:18:23.531+0000] {subprocess.py:106} INFO - 26/04/22 06:18:23 INFO CodeGenerator: Code generated in 16.83599 ms
[2026-04-22T06:18:23.546+0000] {subprocess.py:106} INFO - 26/04/22 06:18:23 INFO DAGScheduler: Registering RDD 9 (count at <unknown>:0) as input to shuffle 1
[2026-04-22T06:18:23.547+0000] {subprocess.py:106} INFO - 26/04/22 06:18:23 INFO DAGScheduler: Got map stage job 2 (count at <unknown>:0) with 1 output partitions
[2026-04-22T06:18:23.547+0000] {subprocess.py:106} INFO - 26/04/22 06:18:23 INFO DAGScheduler: Final stage: ShuffleMapStage 3 (count at <unknown>:0)
[2026-04-22T06:18:23.550+0000] {subprocess.py:106} INFO - 26/04/22 06:18:23 INFO DAGScheduler: Parents of final stage: List()
[2026-04-22T06:18:23.552+0000] {subprocess.py:106} INFO - 26/04/22 06:18:23 INFO DAGScheduler: Missing parents: List()
[2026-04-22T06:18:23.552+0000] {subprocess.py:106} INFO - 26/04/22 06:18:23 INFO DAGScheduler: Submitting ShuffleMapStage 3 (MapPartitionsRDD[9] at count at <unknown>:0), which has no missing parents
[2026-04-22T06:18:23.556+0000] {subprocess.py:106} INFO - 26/04/22 06:18:23 INFO MemoryStore: Block broadcast_4 stored as values in memory (estimated size 17.8 KiB, free 434.3 MiB)
[2026-04-22T06:18:23.573+0000] {subprocess.py:106} INFO - 26/04/22 06:18:23 INFO MemoryStore: Block broadcast_4_piece0 stored as bytes in memory (estimated size 7.6 KiB, free 434.3 MiB)
[2026-04-22T06:18:23.575+0000] {subprocess.py:106} INFO - 26/04/22 06:18:23 INFO BlockManagerInfo: Added broadcast_4_piece0 in memory on c05002f484b8:38189 (size: 7.6 KiB, free: 434.3 MiB)
[2026-04-22T06:18:23.576+0000] {subprocess.py:106} INFO - 26/04/22 06:18:23 INFO SparkContext: Created broadcast 4 from broadcast at DAGScheduler.scala:1585
[2026-04-22T06:18:23.577+0000] {subprocess.py:106} INFO - 26/04/22 06:18:23 INFO DAGScheduler: Submitting 1 missing tasks from ShuffleMapStage 3 (MapPartitionsRDD[9] at count at <unknown>:0) (first 15 tasks are for partitions Vector(0))
[2026-04-22T06:18:23.578+0000] {subprocess.py:106} INFO - 26/04/22 06:18:23 INFO TaskSchedulerImpl: Adding task set 3.0 with 1 tasks resource profile 0
[2026-04-22T06:18:23.600+0000] {subprocess.py:106} INFO - 26/04/22 06:18:23 INFO TaskSetManager: Starting task 0.0 in stage 3.0 (TID 2) (172.30.0.8, executor 0, partition 0, PROCESS_LOCAL, 15368 bytes)
[2026-04-22T06:18:24.049+0000] {subprocess.py:106} INFO - 26/04/22 06:18:24 INFO BlockManagerInfo: Added broadcast_4_piece0 in memory on 172.30.0.8:39697 (size: 7.6 KiB, free: 434.4 MiB)
[2026-04-22T06:18:24.154+0000] {subprocess.py:106} INFO - 26/04/22 06:18:24 INFO BlockManagerInfo: Added broadcast_3_piece0 in memory on 172.30.0.8:39697 (size: 30.2 KiB, free: 434.4 MiB)
[2026-04-22T06:18:26.125+0000] {subprocess.py:106} INFO - 26/04/22 06:18:26 INFO TaskSetManager: Finished task 0.0 in stage 3.0 (TID 2) in 2544 ms on 172.30.0.8 (executor 0) (1/1)
[2026-04-22T06:18:26.126+0000] {subprocess.py:106} INFO - 26/04/22 06:18:26 INFO TaskSchedulerImpl: Removed TaskSet 3.0, whose tasks have all completed, from pool
[2026-04-22T06:18:26.127+0000] {subprocess.py:106} INFO - 26/04/22 06:18:26 INFO DAGScheduler: ShuffleMapStage 3 (count at <unknown>:0) finished in 2.573 s
[2026-04-22T06:18:26.127+0000] {subprocess.py:106} INFO - 26/04/22 06:18:26 INFO DAGScheduler: looking for newly runnable stages
[2026-04-22T06:18:26.127+0000] {subprocess.py:106} INFO - 26/04/22 06:18:26 INFO DAGScheduler: running: Set()
[2026-04-22T06:18:26.128+0000] {subprocess.py:106} INFO - 26/04/22 06:18:26 INFO DAGScheduler: waiting: Set()
[2026-04-22T06:18:26.128+0000] {subprocess.py:106} INFO - 26/04/22 06:18:26 INFO DAGScheduler: failed: Set()
[2026-04-22T06:18:26.156+0000] {subprocess.py:106} INFO - 26/04/22 06:18:26 INFO CodeGenerator: Code generated in 14.412708 ms
[2026-04-22T06:18:26.177+0000] {subprocess.py:106} INFO - 26/04/22 06:18:26 INFO SparkContext: Starting job: count at <unknown>:0
[2026-04-22T06:18:26.179+0000] {subprocess.py:106} INFO - 26/04/22 06:18:26 INFO DAGScheduler: Got job 3 (count at <unknown>:0) with 1 output partitions
[2026-04-22T06:18:26.180+0000] {subprocess.py:106} INFO - 26/04/22 06:18:26 INFO DAGScheduler: Final stage: ResultStage 5 (count at <unknown>:0)
[2026-04-22T06:18:26.182+0000] {subprocess.py:106} INFO - 26/04/22 06:18:26 INFO DAGScheduler: Parents of final stage: List(ShuffleMapStage 4)
[2026-04-22T06:18:26.183+0000] {subprocess.py:106} INFO - 26/04/22 06:18:26 INFO DAGScheduler: Missing parents: List()
[2026-04-22T06:18:26.184+0000] {subprocess.py:106} INFO - 26/04/22 06:18:26 INFO DAGScheduler: Submitting ResultStage 5 (MapPartitionsRDD[12] at count at <unknown>:0), which has no missing parents
[2026-04-22T06:18:26.185+0000] {subprocess.py:106} INFO - 26/04/22 06:18:26 INFO MemoryStore: Block broadcast_5 stored as values in memory (estimated size 12.5 KiB, free 434.2 MiB)
[2026-04-22T06:18:26.194+0000] {subprocess.py:106} INFO - 26/04/22 06:18:26 INFO MemoryStore: Block broadcast_5_piece0 stored as bytes in memory (estimated size 5.9 KiB, free 434.2 MiB)
[2026-04-22T06:18:26.197+0000] {subprocess.py:106} INFO - 26/04/22 06:18:26 INFO BlockManagerInfo: Added broadcast_5_piece0 in memory on c05002f484b8:38189 (size: 5.9 KiB, free: 434.3 MiB)
[2026-04-22T06:18:26.203+0000] {subprocess.py:106} INFO - 26/04/22 06:18:26 INFO SparkContext: Created broadcast 5 from broadcast at DAGScheduler.scala:1585
[2026-04-22T06:18:26.204+0000] {subprocess.py:106} INFO - 26/04/22 06:18:26 INFO DAGScheduler: Submitting 1 missing tasks from ResultStage 5 (MapPartitionsRDD[12] at count at <unknown>:0) (first 15 tasks are for partitions Vector(0))
[2026-04-22T06:18:26.204+0000] {subprocess.py:106} INFO - 26/04/22 06:18:26 INFO TaskSchedulerImpl: Adding task set 5.0 with 1 tasks resource profile 0
[2026-04-22T06:18:26.205+0000] {subprocess.py:106} INFO - 26/04/22 06:18:26 INFO BlockManagerInfo: Removed broadcast_4_piece0 on c05002f484b8:38189 in memory (size: 7.6 KiB, free: 434.3 MiB)
[2026-04-22T06:18:26.207+0000] {subprocess.py:106} INFO - 26/04/22 06:18:26 INFO TaskSetManager: Starting task 0.0 in stage 5.0 (TID 3) (172.30.0.8, executor 0, partition 0, NODE_LOCAL, 9976 bytes)
[2026-04-22T06:18:26.208+0000] {subprocess.py:106} INFO - 26/04/22 06:18:26 INFO BlockManagerInfo: Removed broadcast_4_piece0 on 172.30.0.8:39697 in memory (size: 7.6 KiB, free: 434.4 MiB)
[2026-04-22T06:18:26.254+0000] {subprocess.py:106} INFO - 26/04/22 06:18:26 INFO BlockManagerInfo: Added broadcast_5_piece0 in memory on 172.30.0.8:39697 (size: 5.9 KiB, free: 434.4 MiB)
[2026-04-22T06:18:26.264+0000] {subprocess.py:106} INFO - 26/04/22 06:18:26 INFO MapOutputTrackerMasterEndpoint: Asked to send map output locations for shuffle 1 to 172.30.0.8:40314
[2026-04-22T06:18:26.311+0000] {subprocess.py:106} INFO - 26/04/22 06:18:26 INFO TaskSetManager: Finished task 0.0 in stage 5.0 (TID 3) in 104 ms on 172.30.0.8 (executor 0) (1/1)
[2026-04-22T06:18:26.315+0000] {subprocess.py:106} INFO - 26/04/22 06:18:26 INFO DAGScheduler: ResultStage 5 (count at <unknown>:0) finished in 0.124 s
[2026-04-22T06:18:26.316+0000] {subprocess.py:106} INFO - 26/04/22 06:18:26 INFO DAGScheduler: Job 3 is finished. Cancelling potential speculative or zombie tasks for this job
[2026-04-22T06:18:26.317+0000] {subprocess.py:106} INFO - 26/04/22 06:18:26 INFO TaskSchedulerImpl: Removed TaskSet 5.0, whose tasks have all completed, from pool
[2026-04-22T06:18:26.318+0000] {subprocess.py:106} INFO - 26/04/22 06:18:26 INFO TaskSchedulerImpl: Killing all running tasks in stage 5: Stage finished
[2026-04-22T06:18:26.320+0000] {subprocess.py:106} INFO - 26/04/22 06:18:26 INFO DAGScheduler: Job 3 finished: count at <unknown>:0, took 0.132977 s
[2026-04-22T06:18:26.320+0000] {subprocess.py:106} INFO - >>> Processing 88 records...
[2026-04-22T06:18:26.666+0000] {subprocess.py:106} INFO - 26/04/22 06:18:26 INFO BlockManagerInfo: Removed broadcast_5_piece0 on c05002f484b8:38189 in memory (size: 5.9 KiB, free: 434.3 MiB)
[2026-04-22T06:18:26.671+0000] {subprocess.py:106} INFO - 26/04/22 06:18:26 INFO BlockManagerInfo: Removed broadcast_5_piece0 on 172.30.0.8:39697 in memory (size: 5.9 KiB, free: 434.4 MiB)
[2026-04-22T06:18:26.931+0000] {subprocess.py:106} INFO - >>> Writing cleaned data to Silver...
[2026-04-22T06:18:27.106+0000] {subprocess.py:106} INFO - >>> Table exists. Performing MERGE (Upsert)...
[2026-04-22T06:18:27.183+0000] {subprocess.py:106} INFO - 26/04/22 06:18:27 INFO BlockManagerInfo: Removed broadcast_3_piece0 on c05002f484b8:38189 in memory (size: 30.2 KiB, free: 434.4 MiB)
[2026-04-22T06:18:27.185+0000] {subprocess.py:106} INFO - 26/04/22 06:18:27 INFO BlockManagerInfo: Removed broadcast_3_piece0 on 172.30.0.8:39697 in memory (size: 30.2 KiB, free: 434.4 MiB)
[2026-04-22T06:18:27.211+0000] {subprocess.py:106} INFO - 26/04/22 06:18:27 INFO BlockManagerInfo: Removed broadcast_2_piece0 on c05002f484b8:38189 in memory (size: 30.3 KiB, free: 434.4 MiB)
[2026-04-22T06:18:27.432+0000] {subprocess.py:106} INFO - 26/04/22 06:18:27 INFO V2ScanRelationPushDown:
[2026-04-22T06:18:27.433+0000] {subprocess.py:106} INFO - Pushing operators to iceberg.bronze.it_jobs_raw
[2026-04-22T06:18:27.433+0000] {subprocess.py:106} INFO - Pushed Filters: ingest_time IS NOT NULL, ingest_time > 1776504299710373, job_link IS NOT NULL, NOT (job_link = '')
[2026-04-22T06:18:27.434+0000] {subprocess.py:106} INFO - Post-Scan Filters: isnotnull(ingest_time#36),(ingest_time#36 > 2026-04-18 09:24:59.710373),isnotnull(trim(job_title#26, None)),NOT (trim(job_title#26, None) = ),isnotnull(upper(trim(company_name#27, None))),NOT (upper(trim(company_name#27, None)) = ),isnotnull(job_link#31),NOT (job_link#31 = )
[2026-04-22T06:18:27.434+0000] {subprocess.py:106} INFO - 
[2026-04-22T06:18:27.437+0000] {subprocess.py:106} INFO - 26/04/22 06:18:27 INFO V2ScanRelationPushDown:
[2026-04-22T06:18:27.438+0000] {subprocess.py:106} INFO - Output: job_title#26, company_name#27, location#28, skills_required#29, date_posted#30, job_link#31, job_category#32, work_mode#33, crawl_date#34, date_only#35, ingest_time#36, source#37
[2026-04-22T06:18:27.438+0000] {subprocess.py:106} INFO - 
[2026-04-22T06:18:27.448+0000] {subprocess.py:106} INFO - 26/04/22 06:18:27 INFO SnapshotScan: Scanning table iceberg.bronze.it_jobs_raw snapshot 1581494471494207107 created at 2026-04-22T05:51:59.841+00:00 with filter (((ingest_time IS NOT NULL AND ingest_time > (16-digit-int)) AND job_link IS NOT NULL) AND NOT (job_link = (hash-00000000)))
[2026-04-22T06:18:27.449+0000] {subprocess.py:106} INFO - 26/04/22 06:18:27 INFO BaseDistributedDataScan: Planning file tasks locally for table iceberg.bronze.it_jobs_raw
[2026-04-22T06:18:27.523+0000] {subprocess.py:106} INFO - 26/04/22 06:18:27 INFO SparkPartitioningAwareScan: Reporting UnknownPartitioning with 1 partition(s) for table iceberg.bronze.it_jobs_raw
[2026-04-22T06:18:27.584+0000] {subprocess.py:106} INFO - 26/04/22 06:18:27 INFO GroupBasedRowLevelOperationScanPlanning:
[2026-04-22T06:18:27.585+0000] {subprocess.py:106} INFO - Pushing operators to iceberg.silver.it_jobs_clean
[2026-04-22T06:18:27.586+0000] {subprocess.py:106} INFO - Pushed filters:
[2026-04-22T06:18:27.586+0000] {subprocess.py:106} INFO - Filters evaluated on data source side:
[2026-04-22T06:18:27.587+0000] {subprocess.py:106} INFO - Filters evaluated on Spark side:
[2026-04-22T06:18:27.588+0000] {subprocess.py:106} INFO - Output: job_title#284, company_name#285, location#286, skills_required#287, date_posted#288, job_link#289, job_category#290, work_mode#291, crawl_date#292, date_only#293, ingest_time#294, source#295, clean_time#296, _file#299
[2026-04-22T06:18:27.590+0000] {subprocess.py:106} INFO - 
[2026-04-22T06:18:27.591+0000] {subprocess.py:106} INFO - 26/04/22 06:18:27 INFO V2ScanRelationPushDown:
[2026-04-22T06:18:27.591+0000] {subprocess.py:106} INFO - Pushing operators to iceberg.bronze.it_jobs_raw
[2026-04-22T06:18:27.592+0000] {subprocess.py:106} INFO - Pushed Filters: ingest_time IS NOT NULL, ingest_time > 1776504299710373, job_link IS NOT NULL, NOT (job_link = '')
[2026-04-22T06:18:27.592+0000] {subprocess.py:106} INFO - Post-Scan Filters: isnotnull(ingest_time#36),(ingest_time#36 > 2026-04-18 09:24:59.710373),isnotnull(trim(job_title#26, None)),NOT (trim(job_title#26, None) = ),isnotnull(upper(trim(company_name#27, None))),NOT (upper(trim(company_name#27, None)) = ),isnotnull(job_link#31),NOT (job_link#31 = )
[2026-04-22T06:18:27.594+0000] {subprocess.py:106} INFO - 
[2026-04-22T06:18:27.595+0000] {subprocess.py:106} INFO - 26/04/22 06:18:27 INFO V2ScanRelationPushDown:
[2026-04-22T06:18:27.597+0000] {subprocess.py:106} INFO - Output: job_title#26, company_name#27, location#28, skills_required#29, date_posted#30, job_link#31, job_category#32, work_mode#33, crawl_date#34, date_only#35, ingest_time#36, source#37
[2026-04-22T06:18:27.598+0000] {subprocess.py:106} INFO - 
[2026-04-22T06:18:27.600+0000] {subprocess.py:106} INFO - 26/04/22 06:18:27 INFO SnapshotScan: Scanning table iceberg.silver.it_jobs_clean snapshot 1312140877401974426 created at 2026-04-22T05:52:34.126+00:00 with filter true
[2026-04-22T06:18:27.658+0000] {subprocess.py:106} INFO - 26/04/22 06:18:27 INFO SparkPartitioningAwareScan: Reporting UnknownPartitioning with 3 partition(s) for table iceberg.silver.it_jobs_clean
[2026-04-22T06:18:27.659+0000] {subprocess.py:106} INFO - 26/04/22 06:18:27 INFO SnapshotScan: Scanning table iceberg.bronze.it_jobs_raw snapshot 1581494471494207107 created at 2026-04-22T05:51:59.841+00:00 with filter (((ingest_time IS NOT NULL AND ingest_time > (16-digit-int)) AND job_link IS NOT NULL) AND NOT (job_link = (hash-00000000)))
[2026-04-22T06:18:27.661+0000] {subprocess.py:106} INFO - 26/04/22 06:18:27 INFO BaseDistributedDataScan: Planning file tasks locally for table iceberg.bronze.it_jobs_raw
[2026-04-22T06:18:27.726+0000] {subprocess.py:106} INFO - 26/04/22 06:18:27 INFO SparkPartitioningAwareScan: Reporting UnknownPartitioning with 1 partition(s) for table iceberg.bronze.it_jobs_raw
[2026-04-22T06:18:27.757+0000] {subprocess.py:106} INFO - 26/04/22 06:18:27 INFO SparkWrite: Requesting 0 bytes advisory partition size for table iceberg.silver.it_jobs_clean
[2026-04-22T06:18:27.757+0000] {subprocess.py:106} INFO - 26/04/22 06:18:27 INFO SparkWrite: Requesting UnspecifiedDistribution as write distribution for table iceberg.silver.it_jobs_clean
[2026-04-22T06:18:27.758+0000] {subprocess.py:106} INFO - 26/04/22 06:18:27 INFO SparkWrite: Requesting [] as write ordering for table iceberg.silver.it_jobs_clean
[2026-04-22T06:18:27.819+0000] {subprocess.py:106} INFO - 26/04/22 06:18:27 INFO V2ScanRelationPushDown:
[2026-04-22T06:18:27.819+0000] {subprocess.py:106} INFO - Pushing operators to iceberg.silver.it_jobs_clean
[2026-04-22T06:18:27.820+0000] {subprocess.py:106} INFO - Pushed Filters: NOT (job_link = ''), job_link IS NOT NULL
[2026-04-22T06:18:27.821+0000] {subprocess.py:106} INFO - Post-Scan Filters: NOT (job_link#421 = ),isnotnull(job_link#421)
[2026-04-22T06:18:27.821+0000] {subprocess.py:106} INFO - 
[2026-04-22T06:18:27.821+0000] {subprocess.py:106} INFO - 26/04/22 06:18:27 INFO V2ScanRelationPushDown:
[2026-04-22T06:18:27.822+0000] {subprocess.py:106} INFO - Output: job_link#421, _file#429
[2026-04-22T06:18:27.822+0000] {subprocess.py:106} INFO - 
[2026-04-22T06:18:27.823+0000] {subprocess.py:106} INFO - 26/04/22 06:18:27 INFO SnapshotScan: Scanning table iceberg.silver.it_jobs_clean snapshot 1312140877401974426 created at 2026-04-22T05:52:34.126+00:00 with filter (NOT (job_link = (hash-00000000)) AND job_link IS NOT NULL)
[2026-04-22T06:18:27.824+0000] {subprocess.py:106} INFO - 26/04/22 06:18:27 INFO BaseDistributedDataScan: Planning file tasks locally for table iceberg.silver.it_jobs_clean
[2026-04-22T06:18:27.876+0000] {subprocess.py:106} INFO - 26/04/22 06:18:27 INFO SparkPartitioningAwareScan: Reporting UnknownPartitioning with 3 partition(s) for table iceberg.silver.it_jobs_clean
[2026-04-22T06:18:27.877+0000] {subprocess.py:106} INFO - 26/04/22 06:18:27 INFO SparkPartitioningAwareScan: Reporting UnknownPartitioning with 1 partition(s) for table iceberg.bronze.it_jobs_raw
[2026-04-22T06:18:27.958+0000] {subprocess.py:106} INFO - 26/04/22 06:18:27 INFO MemoryStore: Block broadcast_6 stored as values in memory (estimated size 32.0 KiB, free 434.4 MiB)
[2026-04-22T06:18:27.969+0000] {subprocess.py:106} INFO - 26/04/22 06:18:27 INFO MemoryStore: Block broadcast_6_piece0 stored as bytes in memory (estimated size 30.4 KiB, free 434.3 MiB)
[2026-04-22T06:18:27.974+0000] {subprocess.py:106} INFO - 26/04/22 06:18:27 INFO BlockManagerInfo: Added broadcast_6_piece0 in memory on c05002f484b8:38189 (size: 30.4 KiB, free: 434.4 MiB)
[2026-04-22T06:18:27.975+0000] {subprocess.py:106} INFO - 26/04/22 06:18:27 INFO SparkContext: Created broadcast 6 from broadcast at SparkBatch.java:79
[2026-04-22T06:18:27.988+0000] {subprocess.py:106} INFO - 26/04/22 06:18:27 INFO MemoryStore: Block broadcast_7 stored as values in memory (estimated size 32.0 KiB, free 434.3 MiB)
[2026-04-22T06:18:27.993+0000] {subprocess.py:106} INFO - 26/04/22 06:18:27 INFO MemoryStore: Block broadcast_7_piece0 stored as bytes in memory (estimated size 30.2 KiB, free 434.3 MiB)
[2026-04-22T06:18:27.995+0000] {subprocess.py:106} INFO - 26/04/22 06:18:27 INFO BlockManagerInfo: Added broadcast_7_piece0 in memory on c05002f484b8:38189 (size: 30.2 KiB, free: 434.3 MiB)
[2026-04-22T06:18:27.997+0000] {subprocess.py:106} INFO - 26/04/22 06:18:27 INFO SparkContext: Created broadcast 7 from broadcast at SparkBatch.java:79
[2026-04-22T06:18:28.043+0000] {subprocess.py:106} INFO - 26/04/22 06:18:28 INFO MemoryStore: Block broadcast_8 stored as values in memory (estimated size 32.0 KiB, free 434.2 MiB)
[2026-04-22T06:18:28.049+0000] {subprocess.py:106} INFO - 26/04/22 06:18:28 INFO MemoryStore: Block broadcast_8_piece0 stored as bytes in memory (estimated size 30.4 KiB, free 434.2 MiB)
[2026-04-22T06:18:28.050+0000] {subprocess.py:106} INFO - 26/04/22 06:18:28 INFO BlockManagerInfo: Added broadcast_8_piece0 in memory on c05002f484b8:38189 (size: 30.4 KiB, free: 434.3 MiB)
[2026-04-22T06:18:28.051+0000] {subprocess.py:106} INFO - 26/04/22 06:18:28 INFO SparkContext: Created broadcast 8 from broadcast at SparkBatch.java:79
[2026-04-22T06:18:28.057+0000] {subprocess.py:106} INFO - 26/04/22 06:18:28 INFO MemoryStore: Block broadcast_9 stored as values in memory (estimated size 32.0 KiB, free 434.2 MiB)
[2026-04-22T06:18:28.064+0000] {subprocess.py:106} INFO - 26/04/22 06:18:28 INFO MemoryStore: Block broadcast_9_piece0 stored as bytes in memory (estimated size 30.2 KiB, free 434.2 MiB)
[2026-04-22T06:18:28.065+0000] {subprocess.py:106} INFO - 26/04/22 06:18:28 INFO BlockManagerInfo: Added broadcast_9_piece0 in memory on c05002f484b8:38189 (size: 30.2 KiB, free: 434.3 MiB)
[2026-04-22T06:18:28.067+0000] {subprocess.py:106} INFO - 26/04/22 06:18:28 INFO SparkContext: Created broadcast 9 from broadcast at SparkBatch.java:79
[2026-04-22T06:18:28.098+0000] {subprocess.py:106} INFO - 26/04/22 06:18:28 INFO MemoryStore: Block broadcast_10 stored as values in memory (estimated size 32.0 KiB, free 434.1 MiB)
[2026-04-22T06:18:28.109+0000] {subprocess.py:106} INFO - 26/04/22 06:18:28 INFO MemoryStore: Block broadcast_10_piece0 stored as bytes in memory (estimated size 30.4 KiB, free 434.1 MiB)
[2026-04-22T06:18:28.110+0000] {subprocess.py:106} INFO - 26/04/22 06:18:28 INFO BlockManagerInfo: Added broadcast_10_piece0 in memory on c05002f484b8:38189 (size: 30.4 KiB, free: 434.3 MiB)
[2026-04-22T06:18:28.111+0000] {subprocess.py:106} INFO - 26/04/22 06:18:28 INFO SparkContext: Created broadcast 10 from broadcast at SparkBatch.java:79
[2026-04-22T06:18:28.120+0000] {subprocess.py:106} INFO - 26/04/22 06:18:28 INFO MemoryStore: Block broadcast_11 stored as values in memory (estimated size 32.0 KiB, free 434.1 MiB)
[2026-04-22T06:18:28.121+0000] {subprocess.py:106} INFO - 26/04/22 06:18:28 INFO MemoryStore: Block broadcast_11_piece0 stored as bytes in memory (estimated size 30.2 KiB, free 434.0 MiB)
[2026-04-22T06:18:28.122+0000] {subprocess.py:106} INFO - 26/04/22 06:18:28 INFO BlockManagerInfo: Added broadcast_11_piece0 in memory on c05002f484b8:38189 (size: 30.2 KiB, free: 434.2 MiB)
[2026-04-22T06:18:28.124+0000] {subprocess.py:106} INFO - 26/04/22 06:18:28 INFO SparkContext: Created broadcast 11 from broadcast at SparkBatch.java:79
[2026-04-22T06:18:28.262+0000] {subprocess.py:106} INFO - 26/04/22 06:18:28 INFO CodeGenerator: Code generated in 23.872635 ms
[2026-04-22T06:18:28.330+0000] {subprocess.py:106} INFO - 26/04/22 06:18:28 INFO CodeGenerator: Code generated in 63.123312 ms
[2026-04-22T06:18:28.391+0000] {subprocess.py:106} INFO - 26/04/22 06:18:28 INFO DAGScheduler: Registering RDD 16 ($anonfun$withThreadLocalCaptured$1 at <unknown>:0) as input to shuffle 2
[2026-04-22T06:18:28.392+0000] {subprocess.py:106} INFO - 26/04/22 06:18:28 INFO DAGScheduler: Got map stage job 4 ($anonfun$withThreadLocalCaptured$1 at <unknown>:0) with 1 output partitions
[2026-04-22T06:18:28.393+0000] {subprocess.py:106} INFO - 26/04/22 06:18:28 INFO DAGScheduler: Final stage: ShuffleMapStage 6 ($anonfun$withThreadLocalCaptured$1 at <unknown>:0)
[2026-04-22T06:18:28.394+0000] {subprocess.py:106} INFO - 26/04/22 06:18:28 INFO DAGScheduler: Parents of final stage: List()
[2026-04-22T06:18:28.394+0000] {subprocess.py:106} INFO - 26/04/22 06:18:28 INFO DAGScheduler: Missing parents: List()
[2026-04-22T06:18:28.395+0000] {subprocess.py:106} INFO - 26/04/22 06:18:28 INFO DAGScheduler: Submitting ShuffleMapStage 6 (MapPartitionsRDD[16] at $anonfun$withThreadLocalCaptured$1 at <unknown>:0), which has no missing parents
[2026-04-22T06:18:28.397+0000] {subprocess.py:106} INFO - 26/04/22 06:18:28 INFO MemoryStore: Block broadcast_12 stored as values in memory (estimated size 44.9 KiB, free 434.0 MiB)
[2026-04-22T06:18:28.405+0000] {subprocess.py:106} INFO - 26/04/22 06:18:28 INFO MemoryStore: Block broadcast_12_piece0 stored as bytes in memory (estimated size 18.7 KiB, free 434.0 MiB)
[2026-04-22T06:18:28.408+0000] {subprocess.py:106} INFO - 26/04/22 06:18:28 INFO BlockManagerInfo: Added broadcast_12_piece0 in memory on c05002f484b8:38189 (size: 18.7 KiB, free: 434.2 MiB)
[2026-04-22T06:18:28.409+0000] {subprocess.py:106} INFO - 26/04/22 06:18:28 INFO SparkContext: Created broadcast 12 from broadcast at DAGScheduler.scala:1585
[2026-04-22T06:18:28.409+0000] {subprocess.py:106} INFO - 26/04/22 06:18:28 INFO DAGScheduler: Submitting 1 missing tasks from ShuffleMapStage 6 (MapPartitionsRDD[16] at $anonfun$withThreadLocalCaptured$1 at <unknown>:0) (first 15 tasks are for partitions Vector(0))
[2026-04-22T06:18:28.410+0000] {subprocess.py:106} INFO - 26/04/22 06:18:28 INFO TaskSchedulerImpl: Adding task set 6.0 with 1 tasks resource profile 0
[2026-04-22T06:18:28.412+0000] {subprocess.py:106} INFO - 26/04/22 06:18:28 INFO TaskSetManager: Starting task 0.0 in stage 6.0 (TID 4) (172.30.0.8, executor 0, partition 0, PROCESS_LOCAL, 16292 bytes)
[2026-04-22T06:18:28.433+0000] {subprocess.py:106} INFO - 26/04/22 06:18:28 INFO BlockManagerInfo: Added broadcast_12_piece0 in memory on 172.30.0.8:39697 (size: 18.7 KiB, free: 434.4 MiB)
[2026-04-22T06:18:28.839+0000] {subprocess.py:106} INFO - 26/04/22 06:18:28 INFO BlockManagerInfo: Added broadcast_9_piece0 in memory on 172.30.0.8:39697 (size: 30.2 KiB, free: 434.4 MiB)
[2026-04-22T06:18:28.993+0000] {subprocess.py:106} INFO - 26/04/22 06:18:28 INFO TaskSetManager: Finished task 0.0 in stage 6.0 (TID 4) in 582 ms on 172.30.0.8 (executor 0) (1/1)
[2026-04-22T06:18:28.996+0000] {subprocess.py:106} INFO - 26/04/22 06:18:28 INFO TaskSchedulerImpl: Removed TaskSet 6.0, whose tasks have all completed, from pool
[2026-04-22T06:18:28.998+0000] {subprocess.py:106} INFO - 26/04/22 06:18:28 INFO DAGScheduler: ShuffleMapStage 6 ($anonfun$withThreadLocalCaptured$1 at <unknown>:0) finished in 0.599 s
[2026-04-22T06:18:28.999+0000] {subprocess.py:106} INFO - 26/04/22 06:18:28 INFO DAGScheduler: looking for newly runnable stages
[2026-04-22T06:18:29.000+0000] {subprocess.py:106} INFO - 26/04/22 06:18:28 INFO DAGScheduler: running: Set()
[2026-04-22T06:18:29.000+0000] {subprocess.py:106} INFO - 26/04/22 06:18:28 INFO DAGScheduler: waiting: Set()
[2026-04-22T06:18:29.001+0000] {subprocess.py:106} INFO - 26/04/22 06:18:28 INFO DAGScheduler: failed: Set()
[2026-04-22T06:18:29.019+0000] {subprocess.py:106} INFO - 26/04/22 06:18:29 INFO MemoryStore: Block broadcast_13 stored as values in memory (estimated size 40.0 B, free 434.0 MiB)
[2026-04-22T06:18:29.043+0000] {subprocess.py:106} INFO - 26/04/22 06:18:29 INFO MemoryStore: Block broadcast_13_piece0 stored as bytes in memory (estimated size 86.0 B, free 434.0 MiB)
[2026-04-22T06:18:29.045+0000] {subprocess.py:106} INFO - 26/04/22 06:18:29 INFO BlockManagerInfo: Added broadcast_13_piece0 in memory on c05002f484b8:38189 (size: 86.0 B, free: 434.2 MiB)
[2026-04-22T06:18:29.049+0000] {subprocess.py:106} INFO - 26/04/22 06:18:29 INFO SparkContext: Created broadcast 13 from sql at <unknown>:0
[2026-04-22T06:18:29.053+0000] {subprocess.py:106} INFO - 26/04/22 06:18:29 INFO BlockManagerInfo: Removed broadcast_12_piece0 on c05002f484b8:38189 in memory (size: 18.7 KiB, free: 434.2 MiB)
[2026-04-22T06:18:29.058+0000] {subprocess.py:106} INFO - 26/04/22 06:18:29 INFO BlockManagerInfo: Removed broadcast_12_piece0 on 172.30.0.8:39697 in memory (size: 18.7 KiB, free: 434.4 MiB)
[2026-04-22T06:18:29.075+0000] {subprocess.py:106} INFO - 26/04/22 06:18:29 INFO SparkCopyOnWriteScan: 0 of 11 task(s) for table iceberg.silver.it_jobs_clean matched runtime file filter with 0 location(s)
[2026-04-22T06:18:29.083+0000] {subprocess.py:106} INFO - 26/04/22 06:18:29 INFO MemoryStore: Block broadcast_14 stored as values in memory (estimated size 32.0 KiB, free 434.0 MiB)
[2026-04-22T06:18:29.086+0000] {subprocess.py:106} INFO - 26/04/22 06:18:29 INFO MemoryStore: Block broadcast_14_piece0 stored as bytes in memory (estimated size 30.4 KiB, free 434.0 MiB)
[2026-04-22T06:18:29.091+0000] {subprocess.py:106} INFO - 26/04/22 06:18:29 INFO BlockManagerInfo: Added broadcast_14_piece0 in memory on c05002f484b8:38189 (size: 30.4 KiB, free: 434.2 MiB)
[2026-04-22T06:18:29.091+0000] {subprocess.py:106} INFO - 26/04/22 06:18:29 INFO SparkContext: Created broadcast 14 from broadcast at SparkBatch.java:79
[2026-04-22T06:18:29.142+0000] {subprocess.py:106} INFO - 26/04/22 06:18:29 INFO CodeGenerator: Code generated in 15.280098 ms
[2026-04-22T06:18:29.198+0000] {subprocess.py:106} INFO - 26/04/22 06:18:29 INFO CodeGenerator: Code generated in 31.780172 ms
[2026-04-22T06:18:29.269+0000] {subprocess.py:106} INFO - 26/04/22 06:18:29 INFO DAGScheduler: Registering RDD 26 (sql at <unknown>:0) as input to shuffle 3
[2026-04-22T06:18:29.270+0000] {subprocess.py:106} INFO - 26/04/22 06:18:29 INFO DAGScheduler: Got map stage job 5 (sql at <unknown>:0) with 1 output partitions
[2026-04-22T06:18:29.270+0000] {subprocess.py:106} INFO - 26/04/22 06:18:29 INFO DAGScheduler: Final stage: ShuffleMapStage 7 (sql at <unknown>:0)
[2026-04-22T06:18:29.271+0000] {subprocess.py:106} INFO - 26/04/22 06:18:29 INFO DAGScheduler: Parents of final stage: List()
[2026-04-22T06:18:29.272+0000] {subprocess.py:106} INFO - 26/04/22 06:18:29 INFO DAGScheduler: Missing parents: List()
[2026-04-22T06:18:29.274+0000] {subprocess.py:106} INFO - 26/04/22 06:18:29 INFO DAGScheduler: Submitting ShuffleMapStage 7 (MapPartitionsRDD[26] at sql at <unknown>:0), which has no missing parents
[2026-04-22T06:18:29.300+0000] {subprocess.py:106} INFO - 26/04/22 06:18:29 INFO MemoryStore: Block broadcast_15 stored as values in memory (estimated size 59.0 KiB, free 433.9 MiB)
[2026-04-22T06:18:29.313+0000] {subprocess.py:106} INFO - 26/04/22 06:18:29 INFO MemoryStore: Block broadcast_15_piece0 stored as bytes in memory (estimated size 22.9 KiB, free 433.9 MiB)
[2026-04-22T06:18:29.314+0000] {subprocess.py:106} INFO - 26/04/22 06:18:29 INFO BlockManagerInfo: Added broadcast_15_piece0 in memory on c05002f484b8:38189 (size: 22.9 KiB, free: 434.2 MiB)
[2026-04-22T06:18:29.319+0000] {subprocess.py:106} INFO - 26/04/22 06:18:29 INFO SparkContext: Created broadcast 15 from broadcast at DAGScheduler.scala:1585
[2026-04-22T06:18:29.320+0000] {subprocess.py:106} INFO - 26/04/22 06:18:29 INFO BlockManagerInfo: Removed broadcast_14_piece0 on c05002f484b8:38189 in memory (size: 30.4 KiB, free: 434.2 MiB)
[2026-04-22T06:18:29.321+0000] {subprocess.py:106} INFO - 26/04/22 06:18:29 INFO DAGScheduler: Submitting 1 missing tasks from ShuffleMapStage 7 (MapPartitionsRDD[26] at sql at <unknown>:0) (first 15 tasks are for partitions Vector(0))
[2026-04-22T06:18:29.322+0000] {subprocess.py:106} INFO - 26/04/22 06:18:29 INFO TaskSchedulerImpl: Adding task set 7.0 with 1 tasks resource profile 0
[2026-04-22T06:18:29.324+0000] {subprocess.py:106} INFO - 26/04/22 06:18:29 INFO TaskSetManager: Starting task 0.0 in stage 7.0 (TID 5) (172.30.0.8, executor 0, partition 0, PROCESS_LOCAL, 16292 bytes)
[2026-04-22T06:18:29.354+0000] {subprocess.py:106} INFO - 26/04/22 06:18:29 INFO BlockManagerInfo: Added broadcast_15_piece0 in memory on 172.30.0.8:39697 (size: 22.9 KiB, free: 434.3 MiB)
[2026-04-22T06:18:29.792+0000] {subprocess.py:106} INFO - 26/04/22 06:18:29 INFO BlockManagerInfo: Added broadcast_11_piece0 in memory on 172.30.0.8:39697 (size: 30.2 KiB, free: 434.3 MiB)
[2026-04-22T06:18:29.890+0000] {subprocess.py:106} INFO - 26/04/22 06:18:29 INFO TaskSetManager: Finished task 0.0 in stage 7.0 (TID 5) in 569 ms on 172.30.0.8 (executor 0) (1/1)
[2026-04-22T06:18:29.891+0000] {subprocess.py:106} INFO - 26/04/22 06:18:29 INFO TaskSchedulerImpl: Removed TaskSet 7.0, whose tasks have all completed, from pool
[2026-04-22T06:18:29.895+0000] {subprocess.py:106} INFO - 26/04/22 06:18:29 INFO DAGScheduler: ShuffleMapStage 7 (sql at <unknown>:0) finished in 0.615 s
[2026-04-22T06:18:29.895+0000] {subprocess.py:106} INFO - 26/04/22 06:18:29 INFO DAGScheduler: looking for newly runnable stages
[2026-04-22T06:18:29.896+0000] {subprocess.py:106} INFO - 26/04/22 06:18:29 INFO DAGScheduler: running: Set()
[2026-04-22T06:18:29.896+0000] {subprocess.py:106} INFO - 26/04/22 06:18:29 INFO DAGScheduler: waiting: Set()
[2026-04-22T06:18:29.897+0000] {subprocess.py:106} INFO - 26/04/22 06:18:29 INFO DAGScheduler: failed: Set()
[2026-04-22T06:18:29.908+0000] {subprocess.py:106} INFO - 26/04/22 06:18:29 INFO ShufflePartitionsUtil: For shuffle(3), advisory target size: 67108864, actual target size 1048576, minimum partition size: 1048576
[2026-04-22T06:18:29.958+0000] {subprocess.py:106} INFO - 26/04/22 06:18:29 WARN SparkStringUtils: Truncated the string representation of a plan since it was too large. This behavior can be adjusted by setting 'spark.sql.debug.maxToStringFields'.
[2026-04-22T06:18:29.999+0000] {subprocess.py:106} INFO - 26/04/22 06:18:29 INFO CodeGenerator: Code generated in 28.960251 ms
[2026-04-22T06:18:30.057+0000] {subprocess.py:106} INFO - 26/04/22 06:18:30 INFO CodeGenerator: Code generated in 31.873185 ms
[2026-04-22T06:18:30.077+0000] {subprocess.py:106} INFO - 26/04/22 06:18:30 INFO CodeGenerator: Code generated in 13.241757 ms
[2026-04-22T06:18:30.156+0000] {subprocess.py:106} INFO - 26/04/22 06:18:30 INFO MemoryStore: Block broadcast_16 stored as values in memory (estimated size 32.0 KiB, free 433.9 MiB)
[2026-04-22T06:18:30.191+0000] {subprocess.py:106} INFO - 26/04/22 06:18:30 INFO MemoryStore: Block broadcast_16_piece0 stored as bytes in memory (estimated size 30.3 KiB, free 433.9 MiB)
[2026-04-22T06:18:30.193+0000] {subprocess.py:106} INFO - 26/04/22 06:18:30 INFO BlockManagerInfo: Added broadcast_16_piece0 in memory on c05002f484b8:38189 (size: 30.3 KiB, free: 434.2 MiB)
[2026-04-22T06:18:30.195+0000] {subprocess.py:106} INFO - 26/04/22 06:18:30 INFO SparkContext: Created broadcast 16 from broadcast at SparkWrite.java:193
[2026-04-22T06:18:30.196+0000] {subprocess.py:106} INFO - 26/04/22 06:18:30 INFO BlockManagerInfo: Removed broadcast_15_piece0 on c05002f484b8:38189 in memory (size: 22.9 KiB, free: 434.2 MiB)
[2026-04-22T06:18:30.203+0000] {subprocess.py:106} INFO - 26/04/22 06:18:30 INFO BlockManagerInfo: Removed broadcast_15_piece0 on 172.30.0.8:39697 in memory (size: 22.9 KiB, free: 434.3 MiB)
[2026-04-22T06:18:30.206+0000] {subprocess.py:106} INFO - 26/04/22 06:18:30 INFO ReplaceDataExec: Start processing data source write support: IcebergBatchWrite(table=iceberg.silver.it_jobs_clean, format=PARQUET). The input RDD has 1 partitions.
[2026-04-22T06:18:30.216+0000] {subprocess.py:106} INFO - 26/04/22 06:18:30 INFO SparkContext: Starting job: sql at <unknown>:0
[2026-04-22T06:18:30.220+0000] {subprocess.py:106} INFO - 26/04/22 06:18:30 INFO DAGScheduler: Got job 6 (sql at <unknown>:0) with 1 output partitions
[2026-04-22T06:18:30.223+0000] {subprocess.py:106} INFO - 26/04/22 06:18:30 INFO DAGScheduler: Final stage: ResultStage 9 (sql at <unknown>:0)
[2026-04-22T06:18:30.225+0000] {subprocess.py:106} INFO - 26/04/22 06:18:30 INFO DAGScheduler: Parents of final stage: List(ShuffleMapStage 8)
[2026-04-22T06:18:30.226+0000] {subprocess.py:106} INFO - 26/04/22 06:18:30 INFO DAGScheduler: Missing parents: List()
[2026-04-22T06:18:30.227+0000] {subprocess.py:106} INFO - 26/04/22 06:18:30 INFO DAGScheduler: Submitting ResultStage 9 (MapPartitionsRDD[32] at sql at <unknown>:0), which has no missing parents
[2026-04-22T06:18:30.240+0000] {subprocess.py:106} INFO - 26/04/22 06:18:30 INFO MemoryStore: Block broadcast_17 stored as values in memory (estimated size 97.2 KiB, free 433.9 MiB)
[2026-04-22T06:18:30.244+0000] {subprocess.py:106} INFO - 26/04/22 06:18:30 INFO MemoryStore: Block broadcast_17_piece0 stored as bytes in memory (estimated size 33.5 KiB, free 433.8 MiB)
[2026-04-22T06:18:30.245+0000] {subprocess.py:106} INFO - 26/04/22 06:18:30 INFO BlockManagerInfo: Added broadcast_17_piece0 in memory on c05002f484b8:38189 (size: 33.5 KiB, free: 434.2 MiB)
[2026-04-22T06:18:30.246+0000] {subprocess.py:106} INFO - 26/04/22 06:18:30 INFO SparkContext: Created broadcast 17 from broadcast at DAGScheduler.scala:1585
[2026-04-22T06:18:30.248+0000] {subprocess.py:106} INFO - 26/04/22 06:18:30 INFO DAGScheduler: Submitting 1 missing tasks from ResultStage 9 (MapPartitionsRDD[32] at sql at <unknown>:0) (first 15 tasks are for partitions Vector(0))
[2026-04-22T06:18:30.249+0000] {subprocess.py:106} INFO - 26/04/22 06:18:30 INFO TaskSchedulerImpl: Adding task set 9.0 with 1 tasks resource profile 0
[2026-04-22T06:18:30.257+0000] {subprocess.py:106} INFO - 26/04/22 06:18:30 INFO TaskSetManager: Starting task 0.0 in stage 9.0 (TID 6) (172.30.0.8, executor 0, partition 0, PROCESS_LOCAL, 9976 bytes)
[2026-04-22T06:18:30.316+0000] {subprocess.py:106} INFO - 26/04/22 06:18:30 INFO BlockManagerInfo: Added broadcast_17_piece0 in memory on 172.30.0.8:39697 (size: 33.5 KiB, free: 434.3 MiB)
[2026-04-22T06:18:30.389+0000] {subprocess.py:106} INFO - 26/04/22 06:18:30 INFO MapOutputTrackerMasterEndpoint: Asked to send map output locations for shuffle 3 to 172.30.0.8:40314
[2026-04-22T06:18:30.656+0000] {subprocess.py:106} INFO - 26/04/22 06:18:30 INFO BlockManagerInfo: Added broadcast_16_piece0 in memory on 172.30.0.8:39697 (size: 30.3 KiB, free: 434.3 MiB)
[2026-04-22T06:18:30.980+0000] {subprocess.py:106} INFO - 26/04/22 06:18:30 INFO TaskSetManager: Finished task 0.0 in stage 9.0 (TID 6) in 727 ms on 172.30.0.8 (executor 0) (1/1)
[2026-04-22T06:18:30.986+0000] {subprocess.py:106} INFO - 26/04/22 06:18:30 INFO TaskSchedulerImpl: Removed TaskSet 9.0, whose tasks have all completed, from pool
[2026-04-22T06:18:30.987+0000] {subprocess.py:106} INFO - 26/04/22 06:18:30 INFO DAGScheduler: ResultStage 9 (sql at <unknown>:0) finished in 0.753 s
[2026-04-22T06:18:30.989+0000] {subprocess.py:106} INFO - 26/04/22 06:18:30 INFO DAGScheduler: Job 6 is finished. Cancelling potential speculative or zombie tasks for this job
[2026-04-22T06:18:30.990+0000] {subprocess.py:106} INFO - 26/04/22 06:18:30 INFO TaskSchedulerImpl: Killing all running tasks in stage 9: Stage finished
[2026-04-22T06:18:30.991+0000] {subprocess.py:106} INFO - 26/04/22 06:18:30 INFO DAGScheduler: Job 6 finished: sql at <unknown>:0, took 0.767362 s
[2026-04-22T06:18:30.992+0000] {subprocess.py:106} INFO - 26/04/22 06:18:30 INFO ReplaceDataExec: Data source write support IcebergBatchWrite(table=iceberg.silver.it_jobs_clean, format=PARQUET) is committing.
[2026-04-22T06:18:31.013+0000] {subprocess.py:106} INFO - 26/04/22 06:18:31 INFO SparkWrite: Committing overwrite of 0 data files with 0 new data files, scanSnapshotId: 1312140877401974426, conflictDetectionFilter: true to table iceberg.silver.it_jobs_clean
[2026-04-22T06:18:31.575+0000] {subprocess.py:106} INFO - 26/04/22 06:18:31 INFO BlockManagerInfo: Removed broadcast_17_piece0 on c05002f484b8:38189 in memory (size: 33.5 KiB, free: 434.2 MiB)
[2026-04-22T06:18:31.575+0000] {subprocess.py:106} INFO - 26/04/22 06:18:31 INFO BlockManagerInfo: Removed broadcast_17_piece0 on 172.30.0.8:39697 in memory (size: 33.5 KiB, free: 434.3 MiB)
[2026-04-22T06:18:31.753+0000] {subprocess.py:106} INFO - 26/04/22 06:18:31 INFO HiveTableOperations: Committed to table iceberg.silver.it_jobs_clean with the new metadata location s3a://warehouse/iceberg_data/silver.db/it_jobs_clean/metadata/00011-91bf0710-2c61-4f36-b7e5-0e56893beefd.metadata.json
[2026-04-22T06:18:31.754+0000] {subprocess.py:106} INFO - 26/04/22 06:18:31 INFO BaseMetastoreTableOperations: Successfully committed to table iceberg.silver.it_jobs_clean in 390 ms
[2026-04-22T06:18:31.754+0000] {subprocess.py:106} INFO - 26/04/22 06:18:31 INFO SnapshotProducer: Committed snapshot 4453723831598022433 (BaseOverwriteFiles)
[2026-04-22T06:18:31.773+0000] {subprocess.py:106} INFO - 26/04/22 06:18:31 INFO BaseMetastoreTableOperations: Refreshing table metadata from new version: s3a://warehouse/iceberg_data/silver.db/it_jobs_clean/metadata/00011-91bf0710-2c61-4f36-b7e5-0e56893beefd.metadata.json
[2026-04-22T06:18:31.837+0000] {subprocess.py:106} INFO - 26/04/22 06:18:31 INFO LoggingMetricsReporter: Received metrics report: CommitReport{tableName=iceberg.silver.it_jobs_clean, snapshotId=4453723831598022433, sequenceNumber=12, operation=overwrite, commitMetrics=CommitMetricsResult{totalDuration=TimerResult{timeUnit=NANOSECONDS, totalDuration=PT0.800947829S, count=1}, attempts=CounterResult{unit=COUNT, value=1}, addedDataFiles=null, removedDataFiles=null, totalDataFiles=CounterResult{unit=COUNT, value=11}, addedDeleteFiles=null, addedEqualityDeleteFiles=null, addedPositionalDeleteFiles=null, removedDeleteFiles=null, removedEqualityDeleteFiles=null, removedPositionalDeleteFiles=null, totalDeleteFiles=CounterResult{unit=COUNT, value=0}, addedRecords=null, removedRecords=null, totalRecords=CounterResult{unit=COUNT, value=9801}, addedFilesSizeInBytes=null, removedFilesSizeInBytes=null, totalFilesSizeInBytes=CounterResult{unit=BYTES, value=470305}, addedPositionalDeletes=null, removedPositionalDeletes=null, totalPositionalDeletes=CounterResult{unit=COUNT, value=0}, addedEqualityDeletes=null, removedEqualityDeletes=null, totalEqualityDeletes=CounterResult{unit=COUNT, value=0}}, metadata={engine-version=3.5.3, app-id=app-20260422061808-0004, engine-name=spark, iceberg-version=Apache Iceberg 1.6.1 (commit 8e9d59d299be42b0bca9461457cd1e95dbaad086)}}
[2026-04-22T06:18:31.838+0000] {subprocess.py:106} INFO - 26/04/22 06:18:31 INFO SparkWrite: Committed in 823 ms
[2026-04-22T06:18:31.839+0000] {subprocess.py:106} INFO - 26/04/22 06:18:31 INFO ReplaceDataExec: Data source write support IcebergBatchWrite(table=iceberg.silver.it_jobs_clean, format=PARQUET) committed.
[2026-04-22T06:18:31.841+0000] {subprocess.py:106} INFO - >>> SUCCESS: Data Merged (Upsert).
[2026-04-22T06:18:31.842+0000] {subprocess.py:106} INFO - 26/04/22 06:18:31 INFO SparkContext: SparkContext is stopping with exitCode 0.
[2026-04-22T06:18:31.856+0000] {subprocess.py:106} INFO - 26/04/22 06:18:31 INFO SparkUI: Stopped Spark web UI at http://c05002f484b8:4040
[2026-04-22T06:18:31.862+0000] {subprocess.py:106} INFO - 26/04/22 06:18:31 INFO StandaloneSchedulerBackend: Shutting down all executors
[2026-04-22T06:18:31.864+0000] {subprocess.py:106} INFO - 26/04/22 06:18:31 INFO StandaloneSchedulerBackend$StandaloneDriverEndpoint: Asking each executor to shut down
[2026-04-22T06:18:31.886+0000] {subprocess.py:106} INFO - 26/04/22 06:18:31 INFO MapOutputTrackerMasterEndpoint: MapOutputTrackerMasterEndpoint stopped!
[2026-04-22T06:18:31.915+0000] {subprocess.py:106} INFO - 26/04/22 06:18:31 INFO MemoryStore: MemoryStore cleared
[2026-04-22T06:18:31.915+0000] {subprocess.py:106} INFO - 26/04/22 06:18:31 INFO BlockManager: BlockManager stopped
[2026-04-22T06:18:31.919+0000] {subprocess.py:106} INFO - 26/04/22 06:18:31 INFO BlockManagerMaster: BlockManagerMaster stopped
[2026-04-22T06:18:31.926+0000] {subprocess.py:106} INFO - 26/04/22 06:18:31 INFO OutputCommitCoordinator$OutputCommitCoordinatorEndpoint: OutputCommitCoordinator stopped!
[2026-04-22T06:18:31.989+0000] {subprocess.py:106} INFO - 26/04/22 06:18:31 INFO SparkContext: Successfully stopped SparkContext
[2026-04-22T06:18:32.088+0000] {subprocess.py:106} INFO - 26/04/22 06:18:32 INFO ShutdownHookManager: Shutdown hook called
[2026-04-22T06:18:32.088+0000] {subprocess.py:106} INFO - 26/04/22 06:18:32 INFO ShutdownHookManager: Deleting directory /tmp/spark-b69cf044-21ce-4423-a9fa-c351dd880ee5/pyspark-d4eccf37-d958-4d59-912c-f12e75f10fea
[2026-04-22T06:18:32.092+0000] {subprocess.py:106} INFO - 26/04/22 06:18:32 INFO ShutdownHookManager: Deleting directory /tmp/spark-286bab56-517c-4465-a837-724915ce6fe2
[2026-04-22T06:18:32.095+0000] {subprocess.py:106} INFO - 26/04/22 06:18:32 INFO ShutdownHookManager: Deleting directory /tmp/spark-b69cf044-21ce-4423-a9fa-c351dd880ee5
[2026-04-22T06:18:32.102+0000] {subprocess.py:106} INFO - 26/04/22 06:18:32 INFO MetricsSystemImpl: Stopping s3a-file-system metrics system...
[2026-04-22T06:18:32.102+0000] {subprocess.py:106} INFO - 26/04/22 06:18:32 INFO MetricsSystemImpl: s3a-file-system metrics system stopped.
[2026-04-22T06:18:32.103+0000] {subprocess.py:106} INFO - 26/04/22 06:18:32 INFO MetricsSystemImpl: s3a-file-system metrics system shutdown complete.
[2026-04-22T06:18:32.164+0000] {subprocess.py:110} INFO - Command exited with return code 0
[2026-04-22T06:18:32.219+0000] {taskinstance.py:341} INFO - ::group::Post task execution logs
[2026-04-22T06:18:32.219+0000] {taskinstance.py:353} INFO - Marking task as SUCCESS. dag_id=crawl_etl_itjob, task_id=clean_silver, run_id=scheduled__2026-04-21T02:00:00+00:00, execution_date=20260421T020000, start_date=20260422T061802, end_date=20260422T061832
[2026-04-22T06:18:32.310+0000] {local_task_job_runner.py:266} INFO - Task exited with return code 0
[2026-04-22T06:18:32.349+0000] {taskinstance.py:3901} INFO - 1 downstream tasks scheduled from follow-on schedule check
[2026-04-22T06:18:32.351+0000] {local_task_job_runner.py:245} INFO - ::endgroup::
