[2026-04-12T05:46:15.706+0000] {local_task_job_runner.py:123} INFO - ::group::Pre task execution logs
[2026-04-12T05:46:15.740+0000] {taskinstance.py:2614} INFO - Dependencies all met for dep_context=non-requeueable deps ti=<TaskInstance: crawl_etl_itjob.clean_silver scheduled__2026-04-11T02:00:00+00:00 [queued]>
[2026-04-12T05:46:15.753+0000] {taskinstance.py:2614} INFO - Dependencies all met for dep_context=requeueable deps ti=<TaskInstance: crawl_etl_itjob.clean_silver scheduled__2026-04-11T02:00:00+00:00 [queued]>
[2026-04-12T05:46:15.753+0000] {taskinstance.py:2867} INFO - Starting attempt 1 of 2
[2026-04-12T05:46:15.769+0000] {taskinstance.py:2890} INFO - Executing <Task(BashOperator): clean_silver> on 2026-04-11 02:00:00+00:00
[2026-04-12T05:46:15.774+0000] {standard_task_runner.py:72} INFO - Started process 70 to run task
[2026-04-12T05:46:15.779+0000] {standard_task_runner.py:104} INFO - Running: ['***', 'tasks', 'run', 'crawl_etl_itjob', 'clean_silver', 'scheduled__2026-04-11T02:00:00+00:00', '--job-id', '90', '--raw', '--subdir', 'DAGS_FOLDER/Crawl_ETL_ITJob.py', '--cfg-path', '/tmp/tmpo4jmuhc9']
[2026-04-12T05:46:15.781+0000] {standard_task_runner.py:105} INFO - Job 90: Subtask clean_silver
[2026-04-12T05:46:15.814+0000] {warnings.py:109} WARNING - /home/***/.local/lib/python3.8/site-packages/***/settings.py:209: DeprecationWarning: The sql_alchemy_conn option in [core] has been moved to the sql_alchemy_conn option in [database] - the old setting has been used, but please update your config.
  SQL_ALCHEMY_CONN = conf.get("database", "SQL_ALCHEMY_CONN")

[2026-04-12T05:46:15.888+0000] {task_command.py:467} INFO - Running <TaskInstance: crawl_etl_itjob.clean_silver scheduled__2026-04-11T02:00:00+00:00 [running]> on host 64b3786bead1
[2026-04-12T05:46:15.889+0000] {warnings.py:109} WARNING - /home/***/.local/lib/python3.8/site-packages/***/settings.py:470: DeprecationWarning: The sql_alchemy_conn option in [core] has been moved to the sql_alchemy_conn option in [database] - the old setting has been used, but please update your config.
  if conf.get("database", "sql_alchemy_conn") == "none://":

[2026-04-12T05:46:16.008+0000] {taskinstance.py:3134} INFO - Exporting env vars: AIRFLOW_CTX_DAG_EMAIL='hoa856856@gmail.com' AIRFLOW_CTX_DAG_OWNER='***' AIRFLOW_CTX_DAG_ID='crawl_etl_itjob' AIRFLOW_CTX_TASK_ID='clean_silver' AIRFLOW_CTX_EXECUTION_DATE='2026-04-11T02:00:00+00:00' AIRFLOW_CTX_TRY_NUMBER='1' AIRFLOW_CTX_DAG_RUN_ID='scheduled__2026-04-11T02:00:00+00:00'
[2026-04-12T05:46:16.009+0000] {taskinstance.py:732} INFO - ::endgroup::
[2026-04-12T05:46:16.022+0000] {subprocess.py:78} INFO - Tmp dir root location: /tmp
[2026-04-12T05:46:16.023+0000] {subprocess.py:88} INFO - Running command: ['/bin/bash', '-c', "\n        docker exec spark-submit bash -c '\n        /opt/spark/bin/spark-submit         --master spark://spark-master:7077         --deploy-mode client         --packages org.apache.iceberg:iceberg-spark-runtime-3.5_2.12:1.5.0,org.apache.hadoop:hadoop-aws:3.3.4,com.amazonaws:aws-java-sdk-bundle:1.12.262         /opt/spark/scripts/Clean_Silver.py\n        '\n        "]
[2026-04-12T05:46:16.033+0000] {subprocess.py:99} INFO - Output:
[2026-04-12T05:46:17.818+0000] {subprocess.py:106} INFO - :: loading settings :: url = jar:file:/opt/spark/jars/ivy-2.5.1.jar!/org/apache/ivy/core/settings/ivysettings.xml
[2026-04-12T05:46:17.922+0000] {subprocess.py:106} INFO - Ivy Default Cache set to: /home/spark/.ivy2/cache
[2026-04-12T05:46:17.923+0000] {subprocess.py:106} INFO - The jars for the packages stored in: /home/spark/.ivy2/jars
[2026-04-12T05:46:17.928+0000] {subprocess.py:106} INFO - org.apache.iceberg#iceberg-spark-runtime-3.5_2.12 added as a dependency
[2026-04-12T05:46:17.930+0000] {subprocess.py:106} INFO - org.apache.hadoop#hadoop-aws added as a dependency
[2026-04-12T05:46:17.931+0000] {subprocess.py:106} INFO - com.amazonaws#aws-java-sdk-bundle added as a dependency
[2026-04-12T05:46:17.931+0000] {subprocess.py:106} INFO - :: resolving dependencies :: org.apache.spark#spark-submit-parent-41492869-0ada-4a99-b02d-8f897b1a6d86;1.0
[2026-04-12T05:46:17.932+0000] {subprocess.py:106} INFO - 	confs: [default]
[2026-04-12T05:46:18.052+0000] {subprocess.py:106} INFO - 	found org.apache.iceberg#iceberg-spark-runtime-3.5_2.12;1.5.0 in central
[2026-04-12T05:46:18.127+0000] {subprocess.py:106} INFO - 	found org.apache.hadoop#hadoop-aws;3.3.4 in central
[2026-04-12T05:46:18.151+0000] {subprocess.py:106} INFO - 	found com.amazonaws#aws-java-sdk-bundle;1.12.262 in central
[2026-04-12T05:46:18.177+0000] {subprocess.py:106} INFO - 	found org.wildfly.openssl#wildfly-openssl;1.0.7.Final in central
[2026-04-12T05:46:18.203+0000] {subprocess.py:106} INFO - :: resolution report :: resolve 260ms :: artifacts dl 13ms
[2026-04-12T05:46:18.204+0000] {subprocess.py:106} INFO - 	:: modules in use:
[2026-04-12T05:46:18.205+0000] {subprocess.py:106} INFO - 	com.amazonaws#aws-java-sdk-bundle;1.12.262 from central in [default]
[2026-04-12T05:46:18.205+0000] {subprocess.py:106} INFO - 	org.apache.hadoop#hadoop-aws;3.3.4 from central in [default]
[2026-04-12T05:46:18.206+0000] {subprocess.py:106} INFO - 	org.apache.iceberg#iceberg-spark-runtime-3.5_2.12;1.5.0 from central in [default]
[2026-04-12T05:46:18.206+0000] {subprocess.py:106} INFO - 	org.wildfly.openssl#wildfly-openssl;1.0.7.Final from central in [default]
[2026-04-12T05:46:18.207+0000] {subprocess.py:106} INFO - 	---------------------------------------------------------------------
[2026-04-12T05:46:18.207+0000] {subprocess.py:106} INFO - 	|                  |            modules            ||   artifacts   |
[2026-04-12T05:46:18.208+0000] {subprocess.py:106} INFO - 	|       conf       | number| search|dwnlded|evicted|| number|dwnlded|
[2026-04-12T05:46:18.209+0000] {subprocess.py:106} INFO - 	---------------------------------------------------------------------
[2026-04-12T05:46:18.209+0000] {subprocess.py:106} INFO - 	|      default     |   4   |   0   |   0   |   0   ||   4   |   0   |
[2026-04-12T05:46:18.210+0000] {subprocess.py:106} INFO - 	---------------------------------------------------------------------
[2026-04-12T05:46:18.212+0000] {subprocess.py:106} INFO - :: retrieving :: org.apache.spark#spark-submit-parent-41492869-0ada-4a99-b02d-8f897b1a6d86
[2026-04-12T05:46:18.213+0000] {subprocess.py:106} INFO - 	confs: [default]
[2026-04-12T05:46:18.219+0000] {subprocess.py:106} INFO - 	0 artifacts copied, 4 already retrieved (0kB/8ms)
[2026-04-12T05:46:18.453+0000] {subprocess.py:106} INFO - 26/04/12 05:46:18 WARN NativeCodeLoader: Unable to load native-hadoop library for your platform... using builtin-java classes where applicable
[2026-04-12T05:46:19.594+0000] {subprocess.py:106} INFO - 26/04/12 05:46:19 INFO SparkContext: Running Spark version 3.5.3
[2026-04-12T05:46:19.595+0000] {subprocess.py:106} INFO - 26/04/12 05:46:19 INFO SparkContext: OS info Linux, 6.6.87.2-microsoft-standard-WSL2, amd64
[2026-04-12T05:46:19.596+0000] {subprocess.py:106} INFO - 26/04/12 05:46:19 INFO SparkContext: Java version 11.0.24
[2026-04-12T05:46:19.634+0000] {subprocess.py:106} INFO - 26/04/12 05:46:19 INFO ResourceUtils: ==============================================================
[2026-04-12T05:46:19.635+0000] {subprocess.py:106} INFO - 26/04/12 05:46:19 INFO ResourceUtils: No custom resources configured for spark.driver.
[2026-04-12T05:46:19.636+0000] {subprocess.py:106} INFO - 26/04/12 05:46:19 INFO ResourceUtils: ==============================================================
[2026-04-12T05:46:19.637+0000] {subprocess.py:106} INFO - 26/04/12 05:46:19 INFO SparkContext: Submitted application: Silver_Etl_Cleaning_Merge
[2026-04-12T05:46:19.672+0000] {subprocess.py:106} INFO - 26/04/12 05:46:19 INFO ResourceProfile: Default ResourceProfile created, executor resources: Map(memory -> name: memory, amount: 1024, script: , vendor: , offHeap -> name: offHeap, amount: 0, script: , vendor: ), task resources: Map(cpus -> name: cpus, amount: 1.0)
[2026-04-12T05:46:19.685+0000] {subprocess.py:106} INFO - 26/04/12 05:46:19 INFO ResourceProfile: Limiting resource is cpu
[2026-04-12T05:46:19.686+0000] {subprocess.py:106} INFO - 26/04/12 05:46:19 INFO ResourceProfileManager: Added ResourceProfile id: 0
[2026-04-12T05:46:19.742+0000] {subprocess.py:106} INFO - 26/04/12 05:46:19 INFO SecurityManager: Changing view acls to: spark
[2026-04-12T05:46:19.743+0000] {subprocess.py:106} INFO - 26/04/12 05:46:19 INFO SecurityManager: Changing modify acls to: spark
[2026-04-12T05:46:19.744+0000] {subprocess.py:106} INFO - 26/04/12 05:46:19 INFO SecurityManager: Changing view acls groups to:
[2026-04-12T05:46:19.744+0000] {subprocess.py:106} INFO - 26/04/12 05:46:19 INFO SecurityManager: Changing modify acls groups to:
[2026-04-12T05:46:19.744+0000] {subprocess.py:106} INFO - 26/04/12 05:46:19 INFO SecurityManager: SecurityManager: authentication disabled; ui acls disabled; users with view permissions: spark; groups with view permissions: EMPTY; users with modify permissions: spark; groups with modify permissions: EMPTY
[2026-04-12T05:46:19.995+0000] {subprocess.py:106} INFO - 26/04/12 05:46:19 INFO Utils: Successfully started service 'sparkDriver' on port 35199.
[2026-04-12T05:46:20.026+0000] {subprocess.py:106} INFO - 26/04/12 05:46:20 INFO SparkEnv: Registering MapOutputTracker
[2026-04-12T05:46:20.057+0000] {subprocess.py:106} INFO - 26/04/12 05:46:20 INFO SparkEnv: Registering BlockManagerMaster
[2026-04-12T05:46:20.073+0000] {subprocess.py:106} INFO - 26/04/12 05:46:20 INFO BlockManagerMasterEndpoint: Using org.apache.spark.storage.DefaultTopologyMapper for getting topology information
[2026-04-12T05:46:20.075+0000] {subprocess.py:106} INFO - 26/04/12 05:46:20 INFO BlockManagerMasterEndpoint: BlockManagerMasterEndpoint up
[2026-04-12T05:46:20.078+0000] {subprocess.py:106} INFO - 26/04/12 05:46:20 INFO SparkEnv: Registering BlockManagerMasterHeartbeat
[2026-04-12T05:46:20.102+0000] {subprocess.py:106} INFO - 26/04/12 05:46:20 INFO DiskBlockManager: Created local directory at /tmp/blockmgr-86f8505b-f85b-48b3-a285-38f07bad914f
[2026-04-12T05:46:20.117+0000] {subprocess.py:106} INFO - 26/04/12 05:46:20 INFO MemoryStore: MemoryStore started with capacity 434.4 MiB
[2026-04-12T05:46:20.134+0000] {subprocess.py:106} INFO - 26/04/12 05:46:20 INFO SparkEnv: Registering OutputCommitCoordinator
[2026-04-12T05:46:20.272+0000] {subprocess.py:106} INFO - 26/04/12 05:46:20 INFO JettyUtils: Start Jetty 0.0.0.0:4040 for SparkUI
[2026-04-12T05:46:20.316+0000] {subprocess.py:106} INFO - 26/04/12 05:46:20 INFO Utils: Successfully started service 'SparkUI' on port 4040.
[2026-04-12T05:46:20.356+0000] {subprocess.py:106} INFO - 26/04/12 05:46:20 INFO SparkContext: Added JAR file:///home/spark/.ivy2/jars/org.apache.iceberg_iceberg-spark-runtime-3.5_2.12-1.5.0.jar at spark://c05002f484b8:35199/jars/org.apache.iceberg_iceberg-spark-runtime-3.5_2.12-1.5.0.jar with timestamp 1775972779576
[2026-04-12T05:46:20.357+0000] {subprocess.py:106} INFO - 26/04/12 05:46:20 INFO SparkContext: Added JAR file:///home/spark/.ivy2/jars/org.apache.hadoop_hadoop-aws-3.3.4.jar at spark://c05002f484b8:35199/jars/org.apache.hadoop_hadoop-aws-3.3.4.jar with timestamp 1775972779576
[2026-04-12T05:46:20.357+0000] {subprocess.py:106} INFO - 26/04/12 05:46:20 INFO SparkContext: Added JAR file:///home/spark/.ivy2/jars/com.amazonaws_aws-java-sdk-bundle-1.12.262.jar at spark://c05002f484b8:35199/jars/com.amazonaws_aws-java-sdk-bundle-1.12.262.jar with timestamp 1775972779576
[2026-04-12T05:46:20.358+0000] {subprocess.py:106} INFO - 26/04/12 05:46:20 INFO SparkContext: Added JAR file:///home/spark/.ivy2/jars/org.wildfly.openssl_wildfly-openssl-1.0.7.Final.jar at spark://c05002f484b8:35199/jars/org.wildfly.openssl_wildfly-openssl-1.0.7.Final.jar with timestamp 1775972779576
[2026-04-12T05:46:20.361+0000] {subprocess.py:106} INFO - 26/04/12 05:46:20 INFO SparkContext: Added file file:///home/spark/.ivy2/jars/org.apache.iceberg_iceberg-spark-runtime-3.5_2.12-1.5.0.jar at spark://c05002f484b8:35199/files/org.apache.iceberg_iceberg-spark-runtime-3.5_2.12-1.5.0.jar with timestamp 1775972779576
[2026-04-12T05:46:20.362+0000] {subprocess.py:106} INFO - 26/04/12 05:46:20 INFO Utils: Copying /home/spark/.ivy2/jars/org.apache.iceberg_iceberg-spark-runtime-3.5_2.12-1.5.0.jar to /tmp/spark-a20fe8e7-6800-4cd5-9ad4-578396ba4998/userFiles-4d80617d-59b4-453f-95fe-f2b9662f0ef8/org.apache.iceberg_iceberg-spark-runtime-3.5_2.12-1.5.0.jar
[2026-04-12T05:46:20.420+0000] {subprocess.py:106} INFO - 26/04/12 05:46:20 INFO SparkContext: Added file file:///home/spark/.ivy2/jars/org.apache.hadoop_hadoop-aws-3.3.4.jar at spark://c05002f484b8:35199/files/org.apache.hadoop_hadoop-aws-3.3.4.jar with timestamp 1775972779576
[2026-04-12T05:46:20.421+0000] {subprocess.py:106} INFO - 26/04/12 05:46:20 INFO Utils: Copying /home/spark/.ivy2/jars/org.apache.hadoop_hadoop-aws-3.3.4.jar to /tmp/spark-a20fe8e7-6800-4cd5-9ad4-578396ba4998/userFiles-4d80617d-59b4-453f-95fe-f2b9662f0ef8/org.apache.hadoop_hadoop-aws-3.3.4.jar
[2026-04-12T05:46:20.425+0000] {subprocess.py:106} INFO - 26/04/12 05:46:20 INFO SparkContext: Added file file:///home/spark/.ivy2/jars/com.amazonaws_aws-java-sdk-bundle-1.12.262.jar at spark://c05002f484b8:35199/files/com.amazonaws_aws-java-sdk-bundle-1.12.262.jar with timestamp 1775972779576
[2026-04-12T05:46:20.426+0000] {subprocess.py:106} INFO - 26/04/12 05:46:20 INFO Utils: Copying /home/spark/.ivy2/jars/com.amazonaws_aws-java-sdk-bundle-1.12.262.jar to /tmp/spark-a20fe8e7-6800-4cd5-9ad4-578396ba4998/userFiles-4d80617d-59b4-453f-95fe-f2b9662f0ef8/com.amazonaws_aws-java-sdk-bundle-1.12.262.jar
[2026-04-12T05:46:20.668+0000] {subprocess.py:106} INFO - 26/04/12 05:46:20 INFO SparkContext: Added file file:///home/spark/.ivy2/jars/org.wildfly.openssl_wildfly-openssl-1.0.7.Final.jar at spark://c05002f484b8:35199/files/org.wildfly.openssl_wildfly-openssl-1.0.7.Final.jar with timestamp 1775972779576
[2026-04-12T05:46:20.669+0000] {subprocess.py:106} INFO - 26/04/12 05:46:20 INFO Utils: Copying /home/spark/.ivy2/jars/org.wildfly.openssl_wildfly-openssl-1.0.7.Final.jar to /tmp/spark-a20fe8e7-6800-4cd5-9ad4-578396ba4998/userFiles-4d80617d-59b4-453f-95fe-f2b9662f0ef8/org.wildfly.openssl_wildfly-openssl-1.0.7.Final.jar
[2026-04-12T05:46:20.776+0000] {subprocess.py:106} INFO - 26/04/12 05:46:20 INFO StandaloneAppClient$ClientEndpoint: Connecting to master spark://spark-master:7077...
[2026-04-12T05:46:20.821+0000] {subprocess.py:106} INFO - 26/04/12 05:46:20 INFO TransportClientFactory: Successfully created connection to spark-master/172.30.0.13:7077 after 27 ms (0 ms spent in bootstraps)
[2026-04-12T05:46:20.936+0000] {subprocess.py:106} INFO - 26/04/12 05:46:20 INFO StandaloneSchedulerBackend: Connected to Spark cluster with app ID app-20260412054620-0001
[2026-04-12T05:46:20.937+0000] {subprocess.py:106} INFO - 26/04/12 05:46:20 INFO StandaloneAppClient$ClientEndpoint: Executor added: app-20260412054620-0001/0 on worker-20260412052345-172.30.0.14-33503 (172.30.0.14:33503) with 1 core(s)
[2026-04-12T05:46:20.944+0000] {subprocess.py:106} INFO - 26/04/12 05:46:20 INFO StandaloneSchedulerBackend: Granted executor ID app-20260412054620-0001/0 on hostPort 172.30.0.14:33503 with 1 core(s), 1024.0 MiB RAM
[2026-04-12T05:46:20.950+0000] {subprocess.py:106} INFO - 26/04/12 05:46:20 INFO Utils: Successfully started service 'org.apache.spark.network.netty.NettyBlockTransferService' on port 44799.
[2026-04-12T05:46:20.951+0000] {subprocess.py:106} INFO - 26/04/12 05:46:20 INFO NettyBlockTransferService: Server created on c05002f484b8:44799
[2026-04-12T05:46:20.953+0000] {subprocess.py:106} INFO - 26/04/12 05:46:20 INFO BlockManager: Using org.apache.spark.storage.RandomBlockReplicationPolicy for block replication policy
[2026-04-12T05:46:20.961+0000] {subprocess.py:106} INFO - 26/04/12 05:46:20 INFO BlockManagerMaster: Registering BlockManager BlockManagerId(driver, c05002f484b8, 44799, None)
[2026-04-12T05:46:20.967+0000] {subprocess.py:106} INFO - 26/04/12 05:46:20 INFO BlockManagerMasterEndpoint: Registering block manager c05002f484b8:44799 with 434.4 MiB RAM, BlockManagerId(driver, c05002f484b8, 44799, None)
[2026-04-12T05:46:20.971+0000] {subprocess.py:106} INFO - 26/04/12 05:46:20 INFO BlockManagerMaster: Registered BlockManager BlockManagerId(driver, c05002f484b8, 44799, None)
[2026-04-12T05:46:20.974+0000] {subprocess.py:106} INFO - 26/04/12 05:46:20 INFO BlockManager: Initialized BlockManager: BlockManagerId(driver, c05002f484b8, 44799, None)
[2026-04-12T05:46:20.990+0000] {subprocess.py:106} INFO - 26/04/12 05:46:20 INFO StandaloneAppClient$ClientEndpoint: Executor updated: app-20260412054620-0001/0 is now RUNNING
[2026-04-12T05:46:21.374+0000] {subprocess.py:106} INFO - 26/04/12 05:46:21 INFO StandaloneSchedulerBackend: SchedulerBackend is ready for scheduling beginning after reached minRegisteredResourcesRatio: 0.0
[2026-04-12T05:46:21.774+0000] {subprocess.py:106} INFO - 26/04/12 05:46:21 INFO SharedState: Setting hive.metastore.warehouse.dir ('null') to the value of spark.sql.warehouse.dir.
[2026-04-12T05:46:21.777+0000] {subprocess.py:106} INFO - 26/04/12 05:46:21 INFO SharedState: Warehouse path is 'file:/opt/spark/work-dir/spark-warehouse'.
[2026-04-12T05:46:24.303+0000] {subprocess.py:106} INFO - 26/04/12 05:46:24 INFO HiveConf: Found configuration file null
[2026-04-12T05:46:24.481+0000] {subprocess.py:106} INFO - 26/04/12 05:46:24 INFO StandaloneSchedulerBackend$StandaloneDriverEndpoint: Registered executor NettyRpcEndpointRef(spark-client://Executor) (172.30.0.14:51514) with ID 0,  ResourceProfileId 0
[2026-04-12T05:46:24.496+0000] {subprocess.py:106} INFO - 26/04/12 05:46:24 INFO metastore: Trying to connect to metastore with URI thrift://hive-metastore:9083
[2026-04-12T05:46:24.519+0000] {subprocess.py:106} INFO - 26/04/12 05:46:24 INFO metastore: Opened a connection to metastore, current connections: 1
[2026-04-12T05:46:24.549+0000] {subprocess.py:106} INFO - 26/04/12 05:46:24 INFO metastore: Connected to metastore.
[2026-04-12T05:46:24.586+0000] {subprocess.py:106} INFO - 26/04/12 05:46:24 INFO BlockManagerMasterEndpoint: Registering block manager 172.30.0.14:39623 with 434.4 MiB RAM, BlockManagerId(0, 172.30.0.14, 39623, None)
[2026-04-12T05:46:24.792+0000] {subprocess.py:106} INFO - 26/04/12 05:46:24 INFO BaseMetastoreTableOperations: Refreshing table metadata from new version: s3a://warehouse/iceberg_data/silver.db/it_jobs_clean/metadata/00004-8f1f97bd-28b7-45c4-b23c-d5974ad73143.metadata.json
[2026-04-12T05:46:24.987+0000] {subprocess.py:106} INFO - 26/04/12 05:46:24 WARN MetricsConfig: Cannot locate configuration: tried hadoop-metrics2-s3a-file-system.properties,hadoop-metrics2.properties
[2026-04-12T05:46:25.010+0000] {subprocess.py:106} INFO - 26/04/12 05:46:25 INFO MetricsSystemImpl: Scheduled Metric snapshot period at 10 second(s).
[2026-04-12T05:46:25.012+0000] {subprocess.py:106} INFO - 26/04/12 05:46:25 INFO MetricsSystemImpl: s3a-file-system metrics system started
[2026-04-12T05:46:28.217+0000] {subprocess.py:106} INFO - 26/04/12 05:46:28 INFO BaseMetastoreCatalog: Table loaded by catalog: iceberg.silver.it_jobs_clean
[2026-04-12T05:46:29.413+0000] {subprocess.py:106} INFO - 26/04/12 05:46:29 INFO SnapshotScan: Scanning table iceberg.silver.it_jobs_clean snapshot 1273093433593382123 created at 2026-04-11T05:21:22.151+00:00 with filter true
[2026-04-12T05:46:29.834+0000] {subprocess.py:106} INFO - 26/04/12 05:46:29 INFO BaseDistributedDataScan: Planning file tasks locally for table iceberg.silver.it_jobs_clean
[2026-04-12T05:46:30.030+0000] {subprocess.py:106} INFO - 26/04/12 05:46:30 INFO V2ScanRelationPushDown:
[2026-04-12T05:46:30.031+0000] {subprocess.py:106} INFO - Pushing operators to iceberg.silver.it_jobs_clean
[2026-04-12T05:46:30.032+0000] {subprocess.py:106} INFO - Pushed Aggregate Functions:
[2026-04-12T05:46:30.033+0000] {subprocess.py:106} INFO -  MAX(ingest_time)
[2026-04-12T05:46:30.033+0000] {subprocess.py:106} INFO - Pushed Group by:
[2026-04-12T05:46:30.034+0000] {subprocess.py:106} INFO - 
[2026-04-12T05:46:30.035+0000] {subprocess.py:106} INFO - 
[2026-04-12T05:46:31.371+0000] {subprocess.py:106} INFO - 26/04/12 05:46:31 INFO CodeGenerator: Code generated in 353.12766 ms
[2026-04-12T05:46:31.392+0000] {subprocess.py:106} INFO - 26/04/12 05:46:31 INFO CodeGenerator: Code generated in 11.795958 ms
[2026-04-12T05:46:31.501+0000] {subprocess.py:106} INFO - 26/04/12 05:46:31 INFO DAGScheduler: Registering RDD 2 (collect at /opt/spark/scripts/Clean_Silver.py:56) as input to shuffle 0
[2026-04-12T05:46:31.506+0000] {subprocess.py:106} INFO - 26/04/12 05:46:31 INFO DAGScheduler: Got map stage job 0 (collect at /opt/spark/scripts/Clean_Silver.py:56) with 1 output partitions
[2026-04-12T05:46:31.507+0000] {subprocess.py:106} INFO - 26/04/12 05:46:31 INFO DAGScheduler: Final stage: ShuffleMapStage 0 (collect at /opt/spark/scripts/Clean_Silver.py:56)
[2026-04-12T05:46:31.507+0000] {subprocess.py:106} INFO - 26/04/12 05:46:31 INFO DAGScheduler: Parents of final stage: List()
[2026-04-12T05:46:31.510+0000] {subprocess.py:106} INFO - 26/04/12 05:46:31 INFO DAGScheduler: Missing parents: List()
[2026-04-12T05:46:31.514+0000] {subprocess.py:106} INFO - 26/04/12 05:46:31 INFO DAGScheduler: Submitting ShuffleMapStage 0 (MapPartitionsRDD[2] at collect at /opt/spark/scripts/Clean_Silver.py:56), which has no missing parents
[2026-04-12T05:46:31.623+0000] {subprocess.py:106} INFO - 26/04/12 05:46:31 INFO MemoryStore: Block broadcast_0 stored as values in memory (estimated size 12.0 KiB, free 434.4 MiB)
[2026-04-12T05:46:31.657+0000] {subprocess.py:106} INFO - 26/04/12 05:46:31 INFO MemoryStore: Block broadcast_0_piece0 stored as bytes in memory (estimated size 6.0 KiB, free 434.4 MiB)
[2026-04-12T05:46:31.661+0000] {subprocess.py:106} INFO - 26/04/12 05:46:31 INFO BlockManagerInfo: Added broadcast_0_piece0 in memory on c05002f484b8:44799 (size: 6.0 KiB, free: 434.4 MiB)
[2026-04-12T05:46:31.667+0000] {subprocess.py:106} INFO - 26/04/12 05:46:31 INFO SparkContext: Created broadcast 0 from broadcast at DAGScheduler.scala:1585
[2026-04-12T05:46:31.701+0000] {subprocess.py:106} INFO - 26/04/12 05:46:31 INFO DAGScheduler: Submitting 1 missing tasks from ShuffleMapStage 0 (MapPartitionsRDD[2] at collect at /opt/spark/scripts/Clean_Silver.py:56) (first 15 tasks are for partitions Vector(0))
[2026-04-12T05:46:31.703+0000] {subprocess.py:106} INFO - 26/04/12 05:46:31 INFO TaskSchedulerImpl: Adding task set 0.0 with 1 tasks resource profile 0
[2026-04-12T05:46:31.740+0000] {subprocess.py:106} INFO - 26/04/12 05:46:31 INFO TaskSetManager: Starting task 0.0 in stage 0.0 (TID 0) (172.30.0.14, executor 0, partition 0, PROCESS_LOCAL, 10137 bytes)
[2026-04-12T05:46:32.013+0000] {subprocess.py:106} INFO - 26/04/12 05:46:32 INFO BlockManagerInfo: Added broadcast_0_piece0 in memory on 172.30.0.14:39623 (size: 6.0 KiB, free: 434.4 MiB)
[2026-04-12T05:46:32.942+0000] {subprocess.py:106} INFO - 26/04/12 05:46:32 INFO TaskSetManager: Finished task 0.0 in stage 0.0 (TID 0) in 1216 ms on 172.30.0.14 (executor 0) (1/1)
[2026-04-12T05:46:32.944+0000] {subprocess.py:106} INFO - 26/04/12 05:46:32 INFO TaskSchedulerImpl: Removed TaskSet 0.0, whose tasks have all completed, from pool
[2026-04-12T05:46:32.954+0000] {subprocess.py:106} INFO - 26/04/12 05:46:32 INFO DAGScheduler: ShuffleMapStage 0 (collect at /opt/spark/scripts/Clean_Silver.py:56) finished in 1.428 s
[2026-04-12T05:46:32.955+0000] {subprocess.py:106} INFO - 26/04/12 05:46:32 INFO DAGScheduler: looking for newly runnable stages
[2026-04-12T05:46:32.956+0000] {subprocess.py:106} INFO - 26/04/12 05:46:32 INFO DAGScheduler: running: Set()
[2026-04-12T05:46:32.957+0000] {subprocess.py:106} INFO - 26/04/12 05:46:32 INFO DAGScheduler: waiting: Set()
[2026-04-12T05:46:32.958+0000] {subprocess.py:106} INFO - 26/04/12 05:46:32 INFO DAGScheduler: failed: Set()
[2026-04-12T05:46:33.004+0000] {subprocess.py:106} INFO - 26/04/12 05:46:33 INFO CodeGenerator: Code generated in 11.609001 ms
[2026-04-12T05:46:33.054+0000] {subprocess.py:106} INFO - 26/04/12 05:46:33 INFO SparkContext: Starting job: collect at /opt/spark/scripts/Clean_Silver.py:56
[2026-04-12T05:46:33.059+0000] {subprocess.py:106} INFO - 26/04/12 05:46:33 INFO DAGScheduler: Got job 1 (collect at /opt/spark/scripts/Clean_Silver.py:56) with 1 output partitions
[2026-04-12T05:46:33.060+0000] {subprocess.py:106} INFO - 26/04/12 05:46:33 INFO DAGScheduler: Final stage: ResultStage 2 (collect at /opt/spark/scripts/Clean_Silver.py:56)
[2026-04-12T05:46:33.060+0000] {subprocess.py:106} INFO - 26/04/12 05:46:33 INFO DAGScheduler: Parents of final stage: List(ShuffleMapStage 1)
[2026-04-12T05:46:33.061+0000] {subprocess.py:106} INFO - 26/04/12 05:46:33 INFO DAGScheduler: Missing parents: List()
[2026-04-12T05:46:33.065+0000] {subprocess.py:106} INFO - 26/04/12 05:46:33 INFO DAGScheduler: Submitting ResultStage 2 (MapPartitionsRDD[5] at collect at /opt/spark/scripts/Clean_Silver.py:56), which has no missing parents
[2026-04-12T05:46:33.076+0000] {subprocess.py:106} INFO - 26/04/12 05:46:33 INFO MemoryStore: Block broadcast_1 stored as values in memory (estimated size 13.1 KiB, free 434.4 MiB)
[2026-04-12T05:46:33.090+0000] {subprocess.py:106} INFO - 26/04/12 05:46:33 INFO MemoryStore: Block broadcast_1_piece0 stored as bytes in memory (estimated size 6.1 KiB, free 434.4 MiB)
[2026-04-12T05:46:33.091+0000] {subprocess.py:106} INFO - 26/04/12 05:46:33 INFO BlockManagerInfo: Added broadcast_1_piece0 in memory on c05002f484b8:44799 (size: 6.1 KiB, free: 434.4 MiB)
[2026-04-12T05:46:33.095+0000] {subprocess.py:106} INFO - 26/04/12 05:46:33 INFO SparkContext: Created broadcast 1 from broadcast at DAGScheduler.scala:1585
[2026-04-12T05:46:33.096+0000] {subprocess.py:106} INFO - 26/04/12 05:46:33 INFO DAGScheduler: Submitting 1 missing tasks from ResultStage 2 (MapPartitionsRDD[5] at collect at /opt/spark/scripts/Clean_Silver.py:56) (first 15 tasks are for partitions Vector(0))
[2026-04-12T05:46:33.097+0000] {subprocess.py:106} INFO - 26/04/12 05:46:33 INFO TaskSchedulerImpl: Adding task set 2.0 with 1 tasks resource profile 0
[2026-04-12T05:46:33.103+0000] {subprocess.py:106} INFO - 26/04/12 05:46:33 INFO TaskSetManager: Starting task 0.0 in stage 2.0 (TID 1) (172.30.0.14, executor 0, partition 0, NODE_LOCAL, 9976 bytes)
[2026-04-12T05:46:33.152+0000] {subprocess.py:106} INFO - 26/04/12 05:46:33 INFO BlockManagerInfo: Removed broadcast_0_piece0 on 172.30.0.14:39623 in memory (size: 6.0 KiB, free: 434.4 MiB)
[2026-04-12T05:46:33.159+0000] {subprocess.py:106} INFO - 26/04/12 05:46:33 INFO BlockManagerInfo: Removed broadcast_0_piece0 on c05002f484b8:44799 in memory (size: 6.0 KiB, free: 434.4 MiB)
[2026-04-12T05:46:33.170+0000] {subprocess.py:106} INFO - 26/04/12 05:46:33 INFO BlockManagerInfo: Added broadcast_1_piece0 in memory on 172.30.0.14:39623 (size: 6.1 KiB, free: 434.4 MiB)
[2026-04-12T05:46:33.298+0000] {subprocess.py:106} INFO - 26/04/12 05:46:33 INFO MapOutputTrackerMasterEndpoint: Asked to send map output locations for shuffle 0 to 172.30.0.14:51514
[2026-04-12T05:46:33.512+0000] {subprocess.py:106} INFO - 26/04/12 05:46:33 INFO TaskSetManager: Finished task 0.0 in stage 2.0 (TID 1) in 409 ms on 172.30.0.14 (executor 0) (1/1)
[2026-04-12T05:46:33.513+0000] {subprocess.py:106} INFO - 26/04/12 05:46:33 INFO TaskSchedulerImpl: Removed TaskSet 2.0, whose tasks have all completed, from pool
[2026-04-12T05:46:33.515+0000] {subprocess.py:106} INFO - 26/04/12 05:46:33 INFO DAGScheduler: ResultStage 2 (collect at /opt/spark/scripts/Clean_Silver.py:56) finished in 0.440 s
[2026-04-12T05:46:33.518+0000] {subprocess.py:106} INFO - 26/04/12 05:46:33 INFO DAGScheduler: Job 1 is finished. Cancelling potential speculative or zombie tasks for this job
[2026-04-12T05:46:33.519+0000] {subprocess.py:106} INFO - 26/04/12 05:46:33 INFO TaskSchedulerImpl: Killing all running tasks in stage 2: Stage finished
[2026-04-12T05:46:33.522+0000] {subprocess.py:106} INFO - 26/04/12 05:46:33 INFO DAGScheduler: Job 1 finished: collect at /opt/spark/scripts/Clean_Silver.py:56, took 0.467178 s
[2026-04-12T05:46:33.751+0000] {subprocess.py:106} INFO - >>> Watermark (Last Processed Time): 2026-04-11 05:20:46.263734
[2026-04-12T05:46:33.796+0000] {subprocess.py:106} INFO - 26/04/12 05:46:33 INFO BaseMetastoreTableOperations: Refreshing table metadata from new version: s3a://warehouse/iceberg_data/bronze.db/it_jobs_raw/metadata/00005-f4ef7814-9ab3-441e-88f9-229ec28b939c.metadata.json
[2026-04-12T05:46:33.821+0000] {subprocess.py:106} INFO - 26/04/12 05:46:33 INFO BaseMetastoreCatalog: Table loaded by catalog: iceberg.bronze.it_jobs_raw
[2026-04-12T05:46:33.838+0000] {subprocess.py:106} INFO - >>> INCREMENTAL LOAD: Reading only new data...
[2026-04-12T05:46:34.078+0000] {subprocess.py:106} INFO - 26/04/12 05:46:34 INFO V2ScanRelationPushDown:
[2026-04-12T05:46:34.079+0000] {subprocess.py:106} INFO - Pushing operators to iceberg.bronze.it_jobs_raw
[2026-04-12T05:46:34.079+0000] {subprocess.py:106} INFO - Pushed Filters: ingest_time IS NOT NULL, ingest_time > 1775884846263734
[2026-04-12T05:46:34.080+0000] {subprocess.py:106} INFO - Post-Scan Filters: isnotnull(ingest_time#36),(ingest_time#36 > 2026-04-11 05:20:46.263734)
[2026-04-12T05:46:34.080+0000] {subprocess.py:106} INFO - 
[2026-04-12T05:46:34.107+0000] {subprocess.py:106} INFO - 26/04/12 05:46:34 INFO BlockManagerInfo: Removed broadcast_1_piece0 on c05002f484b8:44799 in memory (size: 6.1 KiB, free: 434.4 MiB)
[2026-04-12T05:46:34.111+0000] {subprocess.py:106} INFO - 26/04/12 05:46:34 INFO BlockManagerInfo: Removed broadcast_1_piece0 on 172.30.0.14:39623 in memory (size: 6.1 KiB, free: 434.4 MiB)
[2026-04-12T05:46:34.125+0000] {subprocess.py:106} INFO - 26/04/12 05:46:34 INFO V2ScanRelationPushDown:
[2026-04-12T05:46:34.126+0000] {subprocess.py:106} INFO - Output: ingest_time#36
[2026-04-12T05:46:34.127+0000] {subprocess.py:106} INFO - 
[2026-04-12T05:46:34.136+0000] {subprocess.py:106} INFO - 26/04/12 05:46:34 INFO SnapshotScan: Scanning table iceberg.bronze.it_jobs_raw snapshot 1298204844519651180 created at 2026-04-12T05:46:09.535+00:00 with filter (ingest_time IS NOT NULL AND ingest_time > (16-digit-int))
[2026-04-12T05:46:34.177+0000] {subprocess.py:106} INFO - 26/04/12 05:46:34 INFO BaseDistributedDataScan: Planning file tasks locally for table iceberg.bronze.it_jobs_raw
[2026-04-12T05:46:34.243+0000] {subprocess.py:106} INFO - 26/04/12 05:46:34 INFO SparkPartitioningAwareScan: Reporting UnknownPartitioning with 1 partition(s) for table iceberg.bronze.it_jobs_raw
[2026-04-12T05:46:34.271+0000] {subprocess.py:106} INFO - 26/04/12 05:46:34 INFO MemoryStore: Block broadcast_2 stored as values in memory (estimated size 32.0 KiB, free 434.4 MiB)
[2026-04-12T05:46:34.298+0000] {subprocess.py:106} INFO - 26/04/12 05:46:34 INFO MemoryStore: Block broadcast_2_piece0 stored as bytes in memory (estimated size 30.3 KiB, free 434.3 MiB)
[2026-04-12T05:46:34.300+0000] {subprocess.py:106} INFO - 26/04/12 05:46:34 INFO BlockManagerInfo: Added broadcast_2_piece0 in memory on c05002f484b8:44799 (size: 30.3 KiB, free: 434.4 MiB)
[2026-04-12T05:46:34.302+0000] {subprocess.py:106} INFO - 26/04/12 05:46:34 INFO SparkContext: Created broadcast 2 from broadcast at SparkBatch.java:79
[2026-04-12T05:46:34.323+0000] {subprocess.py:106} INFO - 26/04/12 05:46:34 INFO MemoryStore: Block broadcast_3 stored as values in memory (estimated size 32.0 KiB, free 434.3 MiB)
[2026-04-12T05:46:34.331+0000] {subprocess.py:106} INFO - 26/04/12 05:46:34 INFO MemoryStore: Block broadcast_3_piece0 stored as bytes in memory (estimated size 30.2 KiB, free 434.3 MiB)
[2026-04-12T05:46:34.343+0000] {subprocess.py:106} INFO - 26/04/12 05:46:34 INFO BlockManagerInfo: Added broadcast_3_piece0 in memory on c05002f484b8:44799 (size: 30.2 KiB, free: 434.3 MiB)
[2026-04-12T05:46:34.344+0000] {subprocess.py:106} INFO - 26/04/12 05:46:34 INFO SparkContext: Created broadcast 3 from broadcast at SparkBatch.java:79
[2026-04-12T05:46:34.422+0000] {subprocess.py:106} INFO - 26/04/12 05:46:34 INFO CodeGenerator: Code generated in 18.313187 ms
[2026-04-12T05:46:34.439+0000] {subprocess.py:106} INFO - 26/04/12 05:46:34 INFO DAGScheduler: Registering RDD 9 (count at <unknown>:0) as input to shuffle 1
[2026-04-12T05:46:34.439+0000] {subprocess.py:106} INFO - 26/04/12 05:46:34 INFO DAGScheduler: Got map stage job 2 (count at <unknown>:0) with 1 output partitions
[2026-04-12T05:46:34.440+0000] {subprocess.py:106} INFO - 26/04/12 05:46:34 INFO DAGScheduler: Final stage: ShuffleMapStage 3 (count at <unknown>:0)
[2026-04-12T05:46:34.440+0000] {subprocess.py:106} INFO - 26/04/12 05:46:34 INFO DAGScheduler: Parents of final stage: List()
[2026-04-12T05:46:34.441+0000] {subprocess.py:106} INFO - 26/04/12 05:46:34 INFO DAGScheduler: Missing parents: List()
[2026-04-12T05:46:34.442+0000] {subprocess.py:106} INFO - 26/04/12 05:46:34 INFO DAGScheduler: Submitting ShuffleMapStage 3 (MapPartitionsRDD[9] at count at <unknown>:0), which has no missing parents
[2026-04-12T05:46:34.448+0000] {subprocess.py:106} INFO - 26/04/12 05:46:34 INFO MemoryStore: Block broadcast_4 stored as values in memory (estimated size 17.8 KiB, free 434.3 MiB)
[2026-04-12T05:46:34.455+0000] {subprocess.py:106} INFO - 26/04/12 05:46:34 INFO MemoryStore: Block broadcast_4_piece0 stored as bytes in memory (estimated size 7.6 KiB, free 434.3 MiB)
[2026-04-12T05:46:34.459+0000] {subprocess.py:106} INFO - 26/04/12 05:46:34 INFO BlockManagerInfo: Added broadcast_4_piece0 in memory on c05002f484b8:44799 (size: 7.6 KiB, free: 434.3 MiB)
[2026-04-12T05:46:34.459+0000] {subprocess.py:106} INFO - 26/04/12 05:46:34 INFO SparkContext: Created broadcast 4 from broadcast at DAGScheduler.scala:1585
[2026-04-12T05:46:34.460+0000] {subprocess.py:106} INFO - 26/04/12 05:46:34 INFO DAGScheduler: Submitting 1 missing tasks from ShuffleMapStage 3 (MapPartitionsRDD[9] at count at <unknown>:0) (first 15 tasks are for partitions Vector(0))
[2026-04-12T05:46:34.460+0000] {subprocess.py:106} INFO - 26/04/12 05:46:34 INFO TaskSchedulerImpl: Adding task set 3.0 with 1 tasks resource profile 0
[2026-04-12T05:46:34.482+0000] {subprocess.py:106} INFO - 26/04/12 05:46:34 INFO TaskSetManager: Starting task 0.0 in stage 3.0 (TID 2) (172.30.0.14, executor 0, partition 0, PROCESS_LOCAL, 15368 bytes)
[2026-04-12T05:46:34.844+0000] {subprocess.py:106} INFO - 26/04/12 05:46:34 INFO BlockManagerInfo: Added broadcast_4_piece0 in memory on 172.30.0.14:39623 (size: 7.6 KiB, free: 434.4 MiB)
[2026-04-12T05:46:34.920+0000] {subprocess.py:106} INFO - 26/04/12 05:46:34 INFO BlockManagerInfo: Added broadcast_3_piece0 in memory on 172.30.0.14:39623 (size: 30.2 KiB, free: 434.4 MiB)
[2026-04-12T05:46:37.067+0000] {subprocess.py:106} INFO - 26/04/12 05:46:37 INFO TaskSetManager: Finished task 0.0 in stage 3.0 (TID 2) in 2607 ms on 172.30.0.14 (executor 0) (1/1)
[2026-04-12T05:46:37.068+0000] {subprocess.py:106} INFO - 26/04/12 05:46:37 INFO TaskSchedulerImpl: Removed TaskSet 3.0, whose tasks have all completed, from pool
[2026-04-12T05:46:37.070+0000] {subprocess.py:106} INFO - 26/04/12 05:46:37 INFO DAGScheduler: ShuffleMapStage 3 (count at <unknown>:0) finished in 2.625 s
[2026-04-12T05:46:37.071+0000] {subprocess.py:106} INFO - 26/04/12 05:46:37 INFO DAGScheduler: looking for newly runnable stages
[2026-04-12T05:46:37.072+0000] {subprocess.py:106} INFO - 26/04/12 05:46:37 INFO DAGScheduler: running: Set()
[2026-04-12T05:46:37.072+0000] {subprocess.py:106} INFO - 26/04/12 05:46:37 INFO DAGScheduler: waiting: Set()
[2026-04-12T05:46:37.073+0000] {subprocess.py:106} INFO - 26/04/12 05:46:37 INFO DAGScheduler: failed: Set()
[2026-04-12T05:46:37.104+0000] {subprocess.py:106} INFO - 26/04/12 05:46:37 INFO CodeGenerator: Code generated in 16.531589 ms
[2026-04-12T05:46:37.121+0000] {subprocess.py:106} INFO - 26/04/12 05:46:37 INFO SparkContext: Starting job: count at <unknown>:0
[2026-04-12T05:46:37.123+0000] {subprocess.py:106} INFO - 26/04/12 05:46:37 INFO DAGScheduler: Got job 3 (count at <unknown>:0) with 1 output partitions
[2026-04-12T05:46:37.124+0000] {subprocess.py:106} INFO - 26/04/12 05:46:37 INFO DAGScheduler: Final stage: ResultStage 5 (count at <unknown>:0)
[2026-04-12T05:46:37.125+0000] {subprocess.py:106} INFO - 26/04/12 05:46:37 INFO DAGScheduler: Parents of final stage: List(ShuffleMapStage 4)
[2026-04-12T05:46:37.126+0000] {subprocess.py:106} INFO - 26/04/12 05:46:37 INFO DAGScheduler: Missing parents: List()
[2026-04-12T05:46:37.127+0000] {subprocess.py:106} INFO - 26/04/12 05:46:37 INFO DAGScheduler: Submitting ResultStage 5 (MapPartitionsRDD[12] at count at <unknown>:0), which has no missing parents
[2026-04-12T05:46:37.130+0000] {subprocess.py:106} INFO - 26/04/12 05:46:37 INFO MemoryStore: Block broadcast_5 stored as values in memory (estimated size 12.5 KiB, free 434.2 MiB)
[2026-04-12T05:46:37.149+0000] {subprocess.py:106} INFO - 26/04/12 05:46:37 INFO MemoryStore: Block broadcast_5_piece0 stored as bytes in memory (estimated size 5.9 KiB, free 434.2 MiB)
[2026-04-12T05:46:37.151+0000] {subprocess.py:106} INFO - 26/04/12 05:46:37 INFO BlockManagerInfo: Added broadcast_5_piece0 in memory on c05002f484b8:44799 (size: 5.9 KiB, free: 434.3 MiB)
[2026-04-12T05:46:37.154+0000] {subprocess.py:106} INFO - 26/04/12 05:46:37 INFO BlockManagerInfo: Removed broadcast_4_piece0 on c05002f484b8:44799 in memory (size: 7.6 KiB, free: 434.3 MiB)
[2026-04-12T05:46:37.156+0000] {subprocess.py:106} INFO - 26/04/12 05:46:37 INFO SparkContext: Created broadcast 5 from broadcast at DAGScheduler.scala:1585
[2026-04-12T05:46:37.156+0000] {subprocess.py:106} INFO - 26/04/12 05:46:37 INFO DAGScheduler: Submitting 1 missing tasks from ResultStage 5 (MapPartitionsRDD[12] at count at <unknown>:0) (first 15 tasks are for partitions Vector(0))
[2026-04-12T05:46:37.158+0000] {subprocess.py:106} INFO - 26/04/12 05:46:37 INFO TaskSchedulerImpl: Adding task set 5.0 with 1 tasks resource profile 0
[2026-04-12T05:46:37.158+0000] {subprocess.py:106} INFO - 26/04/12 05:46:37 INFO BlockManagerInfo: Removed broadcast_4_piece0 on 172.30.0.14:39623 in memory (size: 7.6 KiB, free: 434.4 MiB)
[2026-04-12T05:46:37.159+0000] {subprocess.py:106} INFO - 26/04/12 05:46:37 INFO TaskSetManager: Starting task 0.0 in stage 5.0 (TID 3) (172.30.0.14, executor 0, partition 0, NODE_LOCAL, 9976 bytes)
[2026-04-12T05:46:37.208+0000] {subprocess.py:106} INFO - 26/04/12 05:46:37 INFO BlockManagerInfo: Added broadcast_5_piece0 in memory on 172.30.0.14:39623 (size: 5.9 KiB, free: 434.4 MiB)
[2026-04-12T05:46:37.222+0000] {subprocess.py:106} INFO - 26/04/12 05:46:37 INFO MapOutputTrackerMasterEndpoint: Asked to send map output locations for shuffle 1 to 172.30.0.14:51514
[2026-04-12T05:46:37.266+0000] {subprocess.py:106} INFO - 26/04/12 05:46:37 INFO TaskSetManager: Finished task 0.0 in stage 5.0 (TID 3) in 109 ms on 172.30.0.14 (executor 0) (1/1)
[2026-04-12T05:46:37.267+0000] {subprocess.py:106} INFO - 26/04/12 05:46:37 INFO TaskSchedulerImpl: Removed TaskSet 5.0, whose tasks have all completed, from pool
[2026-04-12T05:46:37.270+0000] {subprocess.py:106} INFO - 26/04/12 05:46:37 INFO DAGScheduler: ResultStage 5 (count at <unknown>:0) finished in 0.142 s
[2026-04-12T05:46:37.271+0000] {subprocess.py:106} INFO - 26/04/12 05:46:37 INFO DAGScheduler: Job 3 is finished. Cancelling potential speculative or zombie tasks for this job
[2026-04-12T05:46:37.272+0000] {subprocess.py:106} INFO - 26/04/12 05:46:37 INFO TaskSchedulerImpl: Killing all running tasks in stage 5: Stage finished
[2026-04-12T05:46:37.272+0000] {subprocess.py:106} INFO - 26/04/12 05:46:37 INFO DAGScheduler: Job 3 finished: count at <unknown>:0, took 0.148852 s
[2026-04-12T05:46:37.275+0000] {subprocess.py:106} INFO - >>> Processing 2 records...
[2026-04-12T05:46:37.513+0000] {subprocess.py:106} INFO - 26/04/12 05:46:37 INFO BlockManagerInfo: Removed broadcast_5_piece0 on c05002f484b8:44799 in memory (size: 5.9 KiB, free: 434.3 MiB)
[2026-04-12T05:46:37.515+0000] {subprocess.py:106} INFO - 26/04/12 05:46:37 INFO BlockManagerInfo: Removed broadcast_5_piece0 on 172.30.0.14:39623 in memory (size: 5.9 KiB, free: 434.4 MiB)
[2026-04-12T05:46:37.713+0000] {subprocess.py:106} INFO - 26/04/12 05:46:37 INFO BlockManagerInfo: Removed broadcast_3_piece0 on c05002f484b8:44799 in memory (size: 30.2 KiB, free: 434.4 MiB)
[2026-04-12T05:46:37.718+0000] {subprocess.py:106} INFO - 26/04/12 05:46:37 INFO BlockManagerInfo: Removed broadcast_3_piece0 on 172.30.0.14:39623 in memory (size: 30.2 KiB, free: 434.4 MiB)
[2026-04-12T05:46:37.730+0000] {subprocess.py:106} INFO - 26/04/12 05:46:37 INFO BlockManagerInfo: Removed broadcast_2_piece0 on c05002f484b8:44799 in memory (size: 30.3 KiB, free: 434.4 MiB)
[2026-04-12T05:46:37.857+0000] {subprocess.py:106} INFO - >>> Writing cleaned data to Silver...
[2026-04-12T05:46:37.907+0000] {subprocess.py:106} INFO - >>> Table exists. Performing MERGE (Upsert)...
[2026-04-12T05:46:38.355+0000] {subprocess.py:106} INFO - 26/04/12 05:46:38 INFO V2ScanRelationPushDown:
[2026-04-12T05:46:38.356+0000] {subprocess.py:106} INFO - Pushing operators to iceberg.bronze.it_jobs_raw
[2026-04-12T05:46:38.356+0000] {subprocess.py:106} INFO - Pushed Filters: ingest_time IS NOT NULL, ingest_time > 1775884846263734, job_link IS NOT NULL, NOT (job_link = '')
[2026-04-12T05:46:38.357+0000] {subprocess.py:106} INFO - Post-Scan Filters: isnotnull(ingest_time#36),(ingest_time#36 > 2026-04-11 05:20:46.263734),isnotnull(trim(job_title#26, None)),NOT (trim(job_title#26, None) = ),isnotnull(upper(trim(company_name#27, None))),NOT (upper(trim(company_name#27, None)) = ),isnotnull(job_link#31),NOT (job_link#31 = )
[2026-04-12T05:46:38.358+0000] {subprocess.py:106} INFO - 
[2026-04-12T05:46:38.363+0000] {subprocess.py:106} INFO - 26/04/12 05:46:38 INFO V2ScanRelationPushDown:
[2026-04-12T05:46:38.364+0000] {subprocess.py:106} INFO - Output: job_title#26, company_name#27, location#28, skills_required#29, date_posted#30, job_link#31, job_category#32, work_mode#33, crawl_date#34, date_only#35, ingest_time#36, source#37
[2026-04-12T05:46:38.365+0000] {subprocess.py:106} INFO - 
[2026-04-12T05:46:38.374+0000] {subprocess.py:106} INFO - 26/04/12 05:46:38 INFO SnapshotScan: Scanning table iceberg.bronze.it_jobs_raw snapshot 1298204844519651180 created at 2026-04-12T05:46:09.535+00:00 with filter (((ingest_time IS NOT NULL AND ingest_time > (16-digit-int)) AND job_link IS NOT NULL) AND NOT (job_link = (hash-00000000)))
[2026-04-12T05:46:38.376+0000] {subprocess.py:106} INFO - 26/04/12 05:46:38 INFO BaseDistributedDataScan: Planning file tasks locally for table iceberg.bronze.it_jobs_raw
[2026-04-12T05:46:38.429+0000] {subprocess.py:106} INFO - 26/04/12 05:46:38 INFO SparkPartitioningAwareScan: Reporting UnknownPartitioning with 1 partition(s) for table iceberg.bronze.it_jobs_raw
[2026-04-12T05:46:38.520+0000] {subprocess.py:106} INFO - 26/04/12 05:46:38 INFO GroupBasedRowLevelOperationScanPlanning:
[2026-04-12T05:46:38.521+0000] {subprocess.py:106} INFO - Pushing operators to iceberg.silver.it_jobs_clean
[2026-04-12T05:46:38.521+0000] {subprocess.py:106} INFO - Pushed filters:
[2026-04-12T05:46:38.522+0000] {subprocess.py:106} INFO - Filters evaluated on data source side:
[2026-04-12T05:46:38.522+0000] {subprocess.py:106} INFO - Filters evaluated on Spark side:
[2026-04-12T05:46:38.522+0000] {subprocess.py:106} INFO - Output: job_title#284, company_name#285, location#286, skills_required#287, date_posted#288, job_link#289, job_category#290, work_mode#291, crawl_date#292, date_only#293, ingest_time#294, source#295, clean_time#296, _file#299
[2026-04-12T05:46:38.523+0000] {subprocess.py:106} INFO - 
[2026-04-12T05:46:38.524+0000] {subprocess.py:106} INFO - 26/04/12 05:46:38 INFO V2ScanRelationPushDown:
[2026-04-12T05:46:38.525+0000] {subprocess.py:106} INFO - Pushing operators to iceberg.bronze.it_jobs_raw
[2026-04-12T05:46:38.525+0000] {subprocess.py:106} INFO - Pushed Filters: ingest_time IS NOT NULL, ingest_time > 1775884846263734, job_link IS NOT NULL, NOT (job_link = '')
[2026-04-12T05:46:38.526+0000] {subprocess.py:106} INFO - Post-Scan Filters: isnotnull(ingest_time#36),(ingest_time#36 > 2026-04-11 05:20:46.263734),isnotnull(trim(job_title#26, None)),NOT (trim(job_title#26, None) = ),isnotnull(upper(trim(company_name#27, None))),NOT (upper(trim(company_name#27, None)) = ),isnotnull(job_link#31),NOT (job_link#31 = )
[2026-04-12T05:46:38.526+0000] {subprocess.py:106} INFO - 
[2026-04-12T05:46:38.529+0000] {subprocess.py:106} INFO - 26/04/12 05:46:38 INFO V2ScanRelationPushDown:
[2026-04-12T05:46:38.529+0000] {subprocess.py:106} INFO - Output: job_title#26, company_name#27, location#28, skills_required#29, date_posted#30, job_link#31, job_category#32, work_mode#33, crawl_date#34, date_only#35, ingest_time#36, source#37
[2026-04-12T05:46:38.531+0000] {subprocess.py:106} INFO - 
[2026-04-12T05:46:38.532+0000] {subprocess.py:106} INFO - 26/04/12 05:46:38 INFO SnapshotScan: Scanning table iceberg.silver.it_jobs_clean snapshot 1273093433593382123 created at 2026-04-11T05:21:22.151+00:00 with filter true
[2026-04-12T05:46:38.562+0000] {subprocess.py:106} INFO - 26/04/12 05:46:38 INFO SparkPartitioningAwareScan: Reporting UnknownPartitioning with 2 partition(s) for table iceberg.silver.it_jobs_clean
[2026-04-12T05:46:38.565+0000] {subprocess.py:106} INFO - 26/04/12 05:46:38 INFO SnapshotScan: Scanning table iceberg.bronze.it_jobs_raw snapshot 1298204844519651180 created at 2026-04-12T05:46:09.535+00:00 with filter (((ingest_time IS NOT NULL AND ingest_time > (16-digit-int)) AND job_link IS NOT NULL) AND NOT (job_link = (hash-00000000)))
[2026-04-12T05:46:38.567+0000] {subprocess.py:106} INFO - 26/04/12 05:46:38 INFO BaseDistributedDataScan: Planning file tasks locally for table iceberg.bronze.it_jobs_raw
[2026-04-12T05:46:38.605+0000] {subprocess.py:106} INFO - 26/04/12 05:46:38 INFO SparkPartitioningAwareScan: Reporting UnknownPartitioning with 1 partition(s) for table iceberg.bronze.it_jobs_raw
[2026-04-12T05:46:38.628+0000] {subprocess.py:106} INFO - 26/04/12 05:46:38 INFO SparkWrite: Requesting 0 bytes advisory partition size for table iceberg.silver.it_jobs_clean
[2026-04-12T05:46:38.629+0000] {subprocess.py:106} INFO - 26/04/12 05:46:38 INFO SparkWrite: Requesting UnspecifiedDistribution as write distribution for table iceberg.silver.it_jobs_clean
[2026-04-12T05:46:38.629+0000] {subprocess.py:106} INFO - 26/04/12 05:46:38 INFO SparkWrite: Requesting [] as write ordering for table iceberg.silver.it_jobs_clean
[2026-04-12T05:46:38.723+0000] {subprocess.py:106} INFO - 26/04/12 05:46:38 INFO V2ScanRelationPushDown:
[2026-04-12T05:46:38.724+0000] {subprocess.py:106} INFO - Pushing operators to iceberg.silver.it_jobs_clean
[2026-04-12T05:46:38.725+0000] {subprocess.py:106} INFO - Pushed Filters: NOT (job_link = ''), job_link IS NOT NULL
[2026-04-12T05:46:38.725+0000] {subprocess.py:106} INFO - Post-Scan Filters: NOT (job_link#421 = ),isnotnull(job_link#421)
[2026-04-12T05:46:38.726+0000] {subprocess.py:106} INFO - 
[2026-04-12T05:46:38.728+0000] {subprocess.py:106} INFO - 26/04/12 05:46:38 INFO V2ScanRelationPushDown:
[2026-04-12T05:46:38.729+0000] {subprocess.py:106} INFO - Output: job_link#421, _file#429
[2026-04-12T05:46:38.729+0000] {subprocess.py:106} INFO - 
[2026-04-12T05:46:38.730+0000] {subprocess.py:106} INFO - 26/04/12 05:46:38 INFO SnapshotScan: Scanning table iceberg.silver.it_jobs_clean snapshot 1273093433593382123 created at 2026-04-11T05:21:22.151+00:00 with filter (NOT (job_link = (hash-00000000)) AND job_link IS NOT NULL)
[2026-04-12T05:46:38.731+0000] {subprocess.py:106} INFO - 26/04/12 05:46:38 INFO BaseDistributedDataScan: Planning file tasks locally for table iceberg.silver.it_jobs_clean
[2026-04-12T05:46:38.775+0000] {subprocess.py:106} INFO - 26/04/12 05:46:38 INFO SparkPartitioningAwareScan: Reporting UnknownPartitioning with 2 partition(s) for table iceberg.silver.it_jobs_clean
[2026-04-12T05:46:38.776+0000] {subprocess.py:106} INFO - 26/04/12 05:46:38 INFO SparkPartitioningAwareScan: Reporting UnknownPartitioning with 1 partition(s) for table iceberg.bronze.it_jobs_raw
[2026-04-12T05:46:38.850+0000] {subprocess.py:106} INFO - 26/04/12 05:46:38 INFO MemoryStore: Block broadcast_6 stored as values in memory (estimated size 32.0 KiB, free 434.4 MiB)
[2026-04-12T05:46:38.858+0000] {subprocess.py:106} INFO - 26/04/12 05:46:38 INFO MemoryStore: Block broadcast_6_piece0 stored as bytes in memory (estimated size 30.4 KiB, free 434.3 MiB)
[2026-04-12T05:46:38.859+0000] {subprocess.py:106} INFO - 26/04/12 05:46:38 INFO BlockManagerInfo: Added broadcast_6_piece0 in memory on c05002f484b8:44799 (size: 30.4 KiB, free: 434.4 MiB)
[2026-04-12T05:46:38.860+0000] {subprocess.py:106} INFO - 26/04/12 05:46:38 INFO SparkContext: Created broadcast 6 from broadcast at SparkBatch.java:79
[2026-04-12T05:46:38.873+0000] {subprocess.py:106} INFO - 26/04/12 05:46:38 INFO MemoryStore: Block broadcast_7 stored as values in memory (estimated size 32.0 KiB, free 434.3 MiB)
[2026-04-12T05:46:38.877+0000] {subprocess.py:106} INFO - 26/04/12 05:46:38 INFO MemoryStore: Block broadcast_7_piece0 stored as bytes in memory (estimated size 30.2 KiB, free 434.3 MiB)
[2026-04-12T05:46:38.878+0000] {subprocess.py:106} INFO - 26/04/12 05:46:38 INFO BlockManagerInfo: Added broadcast_7_piece0 in memory on c05002f484b8:44799 (size: 30.2 KiB, free: 434.3 MiB)
[2026-04-12T05:46:38.879+0000] {subprocess.py:106} INFO - 26/04/12 05:46:38 INFO SparkContext: Created broadcast 7 from broadcast at SparkBatch.java:79
[2026-04-12T05:46:38.911+0000] {subprocess.py:106} INFO - 26/04/12 05:46:38 INFO MemoryStore: Block broadcast_8 stored as values in memory (estimated size 32.0 KiB, free 434.2 MiB)
[2026-04-12T05:46:38.915+0000] {subprocess.py:106} INFO - 26/04/12 05:46:38 INFO MemoryStore: Block broadcast_8_piece0 stored as bytes in memory (estimated size 30.4 KiB, free 434.2 MiB)
[2026-04-12T05:46:38.917+0000] {subprocess.py:106} INFO - 26/04/12 05:46:38 INFO BlockManagerInfo: Added broadcast_8_piece0 in memory on c05002f484b8:44799 (size: 30.4 KiB, free: 434.3 MiB)
[2026-04-12T05:46:38.918+0000] {subprocess.py:106} INFO - 26/04/12 05:46:38 INFO SparkContext: Created broadcast 8 from broadcast at SparkBatch.java:79
[2026-04-12T05:46:38.924+0000] {subprocess.py:106} INFO - 26/04/12 05:46:38 INFO MemoryStore: Block broadcast_9 stored as values in memory (estimated size 32.0 KiB, free 434.2 MiB)
[2026-04-12T05:46:38.927+0000] {subprocess.py:106} INFO - 26/04/12 05:46:38 INFO MemoryStore: Block broadcast_9_piece0 stored as bytes in memory (estimated size 30.2 KiB, free 434.2 MiB)
[2026-04-12T05:46:38.928+0000] {subprocess.py:106} INFO - 26/04/12 05:46:38 INFO BlockManagerInfo: Added broadcast_9_piece0 in memory on c05002f484b8:44799 (size: 30.2 KiB, free: 434.3 MiB)
[2026-04-12T05:46:38.930+0000] {subprocess.py:106} INFO - 26/04/12 05:46:38 INFO SparkContext: Created broadcast 9 from broadcast at SparkBatch.java:79
[2026-04-12T05:46:38.956+0000] {subprocess.py:106} INFO - 26/04/12 05:46:38 INFO MemoryStore: Block broadcast_10 stored as values in memory (estimated size 32.0 KiB, free 434.1 MiB)
[2026-04-12T05:46:38.969+0000] {subprocess.py:106} INFO - 26/04/12 05:46:38 INFO MemoryStore: Block broadcast_10_piece0 stored as bytes in memory (estimated size 30.4 KiB, free 434.1 MiB)
[2026-04-12T05:46:38.970+0000] {subprocess.py:106} INFO - 26/04/12 05:46:38 INFO BlockManagerInfo: Added broadcast_10_piece0 in memory on c05002f484b8:44799 (size: 30.4 KiB, free: 434.3 MiB)
[2026-04-12T05:46:38.971+0000] {subprocess.py:106} INFO - 26/04/12 05:46:38 INFO SparkContext: Created broadcast 10 from broadcast at SparkBatch.java:79
[2026-04-12T05:46:38.976+0000] {subprocess.py:106} INFO - 26/04/12 05:46:38 INFO MemoryStore: Block broadcast_11 stored as values in memory (estimated size 32.0 KiB, free 434.1 MiB)
[2026-04-12T05:46:38.979+0000] {subprocess.py:106} INFO - 26/04/12 05:46:38 INFO MemoryStore: Block broadcast_11_piece0 stored as bytes in memory (estimated size 30.2 KiB, free 434.0 MiB)
[2026-04-12T05:46:38.981+0000] {subprocess.py:106} INFO - 26/04/12 05:46:38 INFO BlockManagerInfo: Added broadcast_11_piece0 in memory on c05002f484b8:44799 (size: 30.2 KiB, free: 434.2 MiB)
[2026-04-12T05:46:38.982+0000] {subprocess.py:106} INFO - 26/04/12 05:46:38 INFO SparkContext: Created broadcast 11 from broadcast at SparkBatch.java:79
[2026-04-12T05:46:39.152+0000] {subprocess.py:106} INFO - 26/04/12 05:46:39 INFO CodeGenerator: Code generated in 26.055323 ms
[2026-04-12T05:46:39.231+0000] {subprocess.py:106} INFO - 26/04/12 05:46:39 INFO CodeGenerator: Code generated in 71.699465 ms
[2026-04-12T05:46:39.296+0000] {subprocess.py:106} INFO - 26/04/12 05:46:39 INFO DAGScheduler: Registering RDD 16 ($anonfun$withThreadLocalCaptured$1 at <unknown>:0) as input to shuffle 2
[2026-04-12T05:46:39.297+0000] {subprocess.py:106} INFO - 26/04/12 05:46:39 INFO DAGScheduler: Got map stage job 4 ($anonfun$withThreadLocalCaptured$1 at <unknown>:0) with 1 output partitions
[2026-04-12T05:46:39.298+0000] {subprocess.py:106} INFO - 26/04/12 05:46:39 INFO DAGScheduler: Final stage: ShuffleMapStage 6 ($anonfun$withThreadLocalCaptured$1 at <unknown>:0)
[2026-04-12T05:46:39.298+0000] {subprocess.py:106} INFO - 26/04/12 05:46:39 INFO DAGScheduler: Parents of final stage: List()
[2026-04-12T05:46:39.299+0000] {subprocess.py:106} INFO - 26/04/12 05:46:39 INFO DAGScheduler: Missing parents: List()
[2026-04-12T05:46:39.299+0000] {subprocess.py:106} INFO - 26/04/12 05:46:39 INFO DAGScheduler: Submitting ShuffleMapStage 6 (MapPartitionsRDD[16] at $anonfun$withThreadLocalCaptured$1 at <unknown>:0), which has no missing parents
[2026-04-12T05:46:39.303+0000] {subprocess.py:106} INFO - 26/04/12 05:46:39 INFO MemoryStore: Block broadcast_12 stored as values in memory (estimated size 44.9 KiB, free 434.0 MiB)
[2026-04-12T05:46:39.310+0000] {subprocess.py:106} INFO - 26/04/12 05:46:39 INFO MemoryStore: Block broadcast_12_piece0 stored as bytes in memory (estimated size 18.7 KiB, free 434.0 MiB)
[2026-04-12T05:46:39.312+0000] {subprocess.py:106} INFO - 26/04/12 05:46:39 INFO BlockManagerInfo: Added broadcast_12_piece0 in memory on c05002f484b8:44799 (size: 18.7 KiB, free: 434.2 MiB)
[2026-04-12T05:46:39.313+0000] {subprocess.py:106} INFO - 26/04/12 05:46:39 INFO SparkContext: Created broadcast 12 from broadcast at DAGScheduler.scala:1585
[2026-04-12T05:46:39.314+0000] {subprocess.py:106} INFO - 26/04/12 05:46:39 INFO DAGScheduler: Submitting 1 missing tasks from ShuffleMapStage 6 (MapPartitionsRDD[16] at $anonfun$withThreadLocalCaptured$1 at <unknown>:0) (first 15 tasks are for partitions Vector(0))
[2026-04-12T05:46:39.315+0000] {subprocess.py:106} INFO - 26/04/12 05:46:39 INFO TaskSchedulerImpl: Adding task set 6.0 with 1 tasks resource profile 0
[2026-04-12T05:46:39.319+0000] {subprocess.py:106} INFO - 26/04/12 05:46:39 INFO TaskSetManager: Starting task 0.0 in stage 6.0 (TID 4) (172.30.0.14, executor 0, partition 0, PROCESS_LOCAL, 16292 bytes)
[2026-04-12T05:46:39.355+0000] {subprocess.py:106} INFO - 26/04/12 05:46:39 INFO BlockManagerInfo: Added broadcast_12_piece0 in memory on 172.30.0.14:39623 (size: 18.7 KiB, free: 434.4 MiB)
[2026-04-12T05:46:39.938+0000] {subprocess.py:106} INFO - 26/04/12 05:46:39 INFO BlockManagerInfo: Added broadcast_9_piece0 in memory on 172.30.0.14:39623 (size: 30.2 KiB, free: 434.4 MiB)
[2026-04-12T05:46:40.078+0000] {subprocess.py:106} INFO - 26/04/12 05:46:40 INFO TaskSetManager: Finished task 0.0 in stage 6.0 (TID 4) in 760 ms on 172.30.0.14 (executor 0) (1/1)
[2026-04-12T05:46:40.079+0000] {subprocess.py:106} INFO - 26/04/12 05:46:40 INFO TaskSchedulerImpl: Removed TaskSet 6.0, whose tasks have all completed, from pool
[2026-04-12T05:46:40.080+0000] {subprocess.py:106} INFO - 26/04/12 05:46:40 INFO DAGScheduler: ShuffleMapStage 6 ($anonfun$withThreadLocalCaptured$1 at <unknown>:0) finished in 0.778 s
[2026-04-12T05:46:40.081+0000] {subprocess.py:106} INFO - 26/04/12 05:46:40 INFO DAGScheduler: looking for newly runnable stages
[2026-04-12T05:46:40.081+0000] {subprocess.py:106} INFO - 26/04/12 05:46:40 INFO DAGScheduler: running: Set()
[2026-04-12T05:46:40.082+0000] {subprocess.py:106} INFO - 26/04/12 05:46:40 INFO DAGScheduler: waiting: Set()
[2026-04-12T05:46:40.087+0000] {subprocess.py:106} INFO - 26/04/12 05:46:40 INFO DAGScheduler: failed: Set()
[2026-04-12T05:46:40.098+0000] {subprocess.py:106} INFO - 26/04/12 05:46:40 INFO MemoryStore: Block broadcast_13 stored as values in memory (estimated size 32.0 KiB, free 433.9 MiB)
[2026-04-12T05:46:40.118+0000] {subprocess.py:106} INFO - 26/04/12 05:46:40 INFO MemoryStore: Block broadcast_13_piece0 stored as bytes in memory (estimated size 30.4 KiB, free 433.9 MiB)
[2026-04-12T05:46:40.121+0000] {subprocess.py:106} INFO - 26/04/12 05:46:40 INFO BlockManagerInfo: Added broadcast_13_piece0 in memory on c05002f484b8:44799 (size: 30.4 KiB, free: 434.2 MiB)
[2026-04-12T05:46:40.123+0000] {subprocess.py:106} INFO - 26/04/12 05:46:40 INFO SparkContext: Created broadcast 13 from broadcast at SparkBatch.java:79
[2026-04-12T05:46:40.125+0000] {subprocess.py:106} INFO - 26/04/12 05:46:40 INFO BlockManagerInfo: Removed broadcast_12_piece0 on c05002f484b8:44799 in memory (size: 18.7 KiB, free: 434.2 MiB)
[2026-04-12T05:46:40.129+0000] {subprocess.py:106} INFO - 26/04/12 05:46:40 INFO BlockManagerInfo: Removed broadcast_12_piece0 on 172.30.0.14:39623 in memory (size: 18.7 KiB, free: 434.4 MiB)
[2026-04-12T05:46:40.155+0000] {subprocess.py:106} INFO - 26/04/12 05:46:40 INFO ShufflePartitionsUtil: For shuffle(2), advisory target size: 67108864, actual target size 1048576, minimum partition size: 1048576
[2026-04-12T05:46:40.249+0000] {subprocess.py:106} INFO - 26/04/12 05:46:40 INFO CodeGenerator: Code generated in 31.614391 ms
[2026-04-12T05:46:40.293+0000] {subprocess.py:106} INFO - 26/04/12 05:46:40 INFO SparkContext: Starting job: $anonfun$withThreadLocalCaptured$1 at <unknown>:0
[2026-04-12T05:46:40.295+0000] {subprocess.py:106} INFO - 26/04/12 05:46:40 INFO DAGScheduler: Got job 5 ($anonfun$withThreadLocalCaptured$1 at <unknown>:0) with 1 output partitions
[2026-04-12T05:46:40.296+0000] {subprocess.py:106} INFO - 26/04/12 05:46:40 INFO DAGScheduler: Final stage: ResultStage 8 ($anonfun$withThreadLocalCaptured$1 at <unknown>:0)
[2026-04-12T05:46:40.297+0000] {subprocess.py:106} INFO - 26/04/12 05:46:40 INFO DAGScheduler: Parents of final stage: List(ShuffleMapStage 7)
[2026-04-12T05:46:40.298+0000] {subprocess.py:106} INFO - 26/04/12 05:46:40 INFO DAGScheduler: Missing parents: List()
[2026-04-12T05:46:40.298+0000] {subprocess.py:106} INFO - 26/04/12 05:46:40 INFO DAGScheduler: Submitting ResultStage 8 (MapPartitionsRDD[19] at $anonfun$withThreadLocalCaptured$1 at <unknown>:0), which has no missing parents
[2026-04-12T05:46:40.304+0000] {subprocess.py:106} INFO - 26/04/12 05:46:40 INFO MemoryStore: Block broadcast_14 stored as values in memory (estimated size 45.0 KiB, free 433.9 MiB)
[2026-04-12T05:46:40.314+0000] {subprocess.py:106} INFO - 26/04/12 05:46:40 INFO MemoryStore: Block broadcast_14_piece0 stored as bytes in memory (estimated size 19.9 KiB, free 433.9 MiB)
[2026-04-12T05:46:40.315+0000] {subprocess.py:106} INFO - 26/04/12 05:46:40 INFO BlockManagerInfo: Added broadcast_14_piece0 in memory on c05002f484b8:44799 (size: 19.9 KiB, free: 434.2 MiB)
[2026-04-12T05:46:40.321+0000] {subprocess.py:106} INFO - 26/04/12 05:46:40 INFO SparkContext: Created broadcast 14 from broadcast at DAGScheduler.scala:1585
[2026-04-12T05:46:40.322+0000] {subprocess.py:106} INFO - 26/04/12 05:46:40 INFO BlockManagerInfo: Removed broadcast_13_piece0 on c05002f484b8:44799 in memory (size: 30.4 KiB, free: 434.2 MiB)
[2026-04-12T05:46:40.323+0000] {subprocess.py:106} INFO - 26/04/12 05:46:40 INFO DAGScheduler: Submitting 1 missing tasks from ResultStage 8 (MapPartitionsRDD[19] at $anonfun$withThreadLocalCaptured$1 at <unknown>:0) (first 15 tasks are for partitions Vector(0))
[2026-04-12T05:46:40.323+0000] {subprocess.py:106} INFO - 26/04/12 05:46:40 INFO TaskSchedulerImpl: Adding task set 8.0 with 1 tasks resource profile 0
[2026-04-12T05:46:40.324+0000] {subprocess.py:106} INFO - 26/04/12 05:46:40 INFO TaskSetManager: Starting task 0.0 in stage 8.0 (TID 5) (172.30.0.14, executor 0, partition 0, NODE_LOCAL, 9976 bytes)
[2026-04-12T05:46:40.344+0000] {subprocess.py:106} INFO - 26/04/12 05:46:40 INFO BlockManagerInfo: Added broadcast_14_piece0 in memory on 172.30.0.14:39623 (size: 19.9 KiB, free: 434.4 MiB)
[2026-04-12T05:46:40.399+0000] {subprocess.py:106} INFO - 26/04/12 05:46:40 INFO MapOutputTrackerMasterEndpoint: Asked to send map output locations for shuffle 2 to 172.30.0.14:51514
[2026-04-12T05:46:40.468+0000] {subprocess.py:106} INFO - 26/04/12 05:46:40 INFO TaskSetManager: Finished task 0.0 in stage 8.0 (TID 5) in 148 ms on 172.30.0.14 (executor 0) (1/1)
[2026-04-12T05:46:40.468+0000] {subprocess.py:106} INFO - 26/04/12 05:46:40 INFO TaskSchedulerImpl: Removed TaskSet 8.0, whose tasks have all completed, from pool
[2026-04-12T05:46:40.471+0000] {subprocess.py:106} INFO - 26/04/12 05:46:40 INFO DAGScheduler: ResultStage 8 ($anonfun$withThreadLocalCaptured$1 at <unknown>:0) finished in 0.169 s
[2026-04-12T05:46:40.473+0000] {subprocess.py:106} INFO - 26/04/12 05:46:40 INFO DAGScheduler: Job 5 is finished. Cancelling potential speculative or zombie tasks for this job
[2026-04-12T05:46:40.474+0000] {subprocess.py:106} INFO - 26/04/12 05:46:40 INFO TaskSchedulerImpl: Killing all running tasks in stage 8: Stage finished
[2026-04-12T05:46:40.474+0000] {subprocess.py:106} INFO - 26/04/12 05:46:40 INFO DAGScheduler: Job 5 finished: $anonfun$withThreadLocalCaptured$1 at <unknown>:0, took 0.178384 s
[2026-04-12T05:46:40.497+0000] {subprocess.py:106} INFO - 26/04/12 05:46:40 INFO CodeGenerator: Code generated in 7.387322 ms
[2026-04-12T05:46:40.516+0000] {subprocess.py:106} INFO - 26/04/12 05:46:40 INFO MemoryStore: Block broadcast_15_piece0 stored as bytes in memory (estimated size 321.0 B, free 434.0 MiB)
[2026-04-12T05:46:40.518+0000] {subprocess.py:106} INFO - 26/04/12 05:46:40 INFO BlockManagerInfo: Removed broadcast_14_piece0 on 172.30.0.14:39623 in memory (size: 19.9 KiB, free: 434.4 MiB)
[2026-04-12T05:46:40.520+0000] {subprocess.py:106} INFO - 26/04/12 05:46:40 INFO BlockManagerInfo: Removed broadcast_14_piece0 on c05002f484b8:44799 in memory (size: 19.9 KiB, free: 434.2 MiB)
[2026-04-12T05:46:40.520+0000] {subprocess.py:106} INFO - 26/04/12 05:46:40 INFO BlockManagerInfo: Added broadcast_15_piece0 in memory on c05002f484b8:44799 (size: 321.0 B, free: 434.2 MiB)
[2026-04-12T05:46:40.521+0000] {subprocess.py:106} INFO - 26/04/12 05:46:40 INFO SparkContext: Created broadcast 15 from $anonfun$withThreadLocalCaptured$1 at <unknown>:0
[2026-04-12T05:46:40.533+0000] {subprocess.py:106} INFO - 26/04/12 05:46:40 INFO MemoryStore: Block broadcast_16 stored as values in memory (estimated size 32.0 KiB, free 434.0 MiB)
[2026-04-12T05:46:40.539+0000] {subprocess.py:106} INFO - 26/04/12 05:46:40 INFO MemoryStore: Block broadcast_16_piece0 stored as bytes in memory (estimated size 30.3 KiB, free 434.0 MiB)
[2026-04-12T05:46:40.540+0000] {subprocess.py:106} INFO - 26/04/12 05:46:40 INFO BlockManagerInfo: Added broadcast_16_piece0 in memory on c05002f484b8:44799 (size: 30.3 KiB, free: 434.2 MiB)
[2026-04-12T05:46:40.542+0000] {subprocess.py:106} INFO - 26/04/12 05:46:40 INFO SparkContext: Created broadcast 16 from broadcast at SparkBatch.java:79
[2026-04-12T05:46:40.622+0000] {subprocess.py:106} INFO - 26/04/12 05:46:40 INFO CodeGenerator: Code generated in 32.104245 ms
[2026-04-12T05:46:40.647+0000] {subprocess.py:106} INFO - 26/04/12 05:46:40 INFO DAGScheduler: Registering RDD 23 ($anonfun$withThreadLocalCaptured$1 at <unknown>:0) as input to shuffle 3
[2026-04-12T05:46:40.648+0000] {subprocess.py:106} INFO - 26/04/12 05:46:40 INFO DAGScheduler: Got map stage job 6 ($anonfun$withThreadLocalCaptured$1 at <unknown>:0) with 2 output partitions
[2026-04-12T05:46:40.648+0000] {subprocess.py:106} INFO - 26/04/12 05:46:40 INFO DAGScheduler: Final stage: ShuffleMapStage 9 ($anonfun$withThreadLocalCaptured$1 at <unknown>:0)
[2026-04-12T05:46:40.649+0000] {subprocess.py:106} INFO - 26/04/12 05:46:40 INFO DAGScheduler: Parents of final stage: List()
[2026-04-12T05:46:40.652+0000] {subprocess.py:106} INFO - 26/04/12 05:46:40 INFO DAGScheduler: Missing parents: List()
[2026-04-12T05:46:40.655+0000] {subprocess.py:106} INFO - 26/04/12 05:46:40 INFO DAGScheduler: Submitting ShuffleMapStage 9 (MapPartitionsRDD[23] at $anonfun$withThreadLocalCaptured$1 at <unknown>:0), which has no missing parents
[2026-04-12T05:46:40.658+0000] {subprocess.py:106} INFO - 26/04/12 05:46:40 INFO MemoryStore: Block broadcast_17 stored as values in memory (estimated size 58.0 KiB, free 433.9 MiB)
[2026-04-12T05:46:40.680+0000] {subprocess.py:106} INFO - 26/04/12 05:46:40 INFO MemoryStore: Block broadcast_17_piece0 stored as bytes in memory (estimated size 24.4 KiB, free 433.9 MiB)
[2026-04-12T05:46:40.682+0000] {subprocess.py:106} INFO - 26/04/12 05:46:40 INFO BlockManagerInfo: Added broadcast_17_piece0 in memory on c05002f484b8:44799 (size: 24.4 KiB, free: 434.2 MiB)
[2026-04-12T05:46:40.686+0000] {subprocess.py:106} INFO - 26/04/12 05:46:40 INFO SparkContext: Created broadcast 17 from broadcast at DAGScheduler.scala:1585
[2026-04-12T05:46:40.687+0000] {subprocess.py:106} INFO - 26/04/12 05:46:40 INFO DAGScheduler: Submitting 2 missing tasks from ShuffleMapStage 9 (MapPartitionsRDD[23] at $anonfun$withThreadLocalCaptured$1 at <unknown>:0) (first 15 tasks are for partitions Vector(0, 1))
[2026-04-12T05:46:40.688+0000] {subprocess.py:106} INFO - 26/04/12 05:46:40 INFO TaskSchedulerImpl: Adding task set 9.0 with 2 tasks resource profile 0
[2026-04-12T05:46:40.696+0000] {subprocess.py:106} INFO - 26/04/12 05:46:40 INFO BlockManagerInfo: Removed broadcast_16_piece0 on c05002f484b8:44799 in memory (size: 30.3 KiB, free: 434.2 MiB)
[2026-04-12T05:46:40.704+0000] {subprocess.py:106} INFO - 26/04/12 05:46:40 INFO TaskSetManager: Starting task 0.0 in stage 9.0 (TID 6) (172.30.0.14, executor 0, partition 0, PROCESS_LOCAL, 17030 bytes)
[2026-04-12T05:46:40.720+0000] {subprocess.py:106} INFO - 26/04/12 05:46:40 INFO BlockManagerInfo: Added broadcast_17_piece0 in memory on 172.30.0.14:39623 (size: 24.4 KiB, free: 434.3 MiB)
[2026-04-12T05:46:40.834+0000] {subprocess.py:106} INFO - 26/04/12 05:46:40 INFO BlockManagerInfo: Added broadcast_15_piece0 in memory on 172.30.0.14:39623 (size: 321.0 B, free: 434.3 MiB)
[2026-04-12T05:46:40.890+0000] {subprocess.py:106} INFO - 26/04/12 05:46:40 INFO BlockManagerInfo: Added broadcast_8_piece0 in memory on 172.30.0.14:39623 (size: 30.4 KiB, free: 434.3 MiB)
[2026-04-12T05:46:41.197+0000] {subprocess.py:106} INFO - 26/04/12 05:46:41 INFO TaskSetManager: Starting task 1.0 in stage 9.0 (TID 7) (172.30.0.14, executor 0, partition 1, PROCESS_LOCAL, 16108 bytes)
[2026-04-12T05:46:41.198+0000] {subprocess.py:106} INFO - 26/04/12 05:46:41 INFO TaskSetManager: Finished task 0.0 in stage 9.0 (TID 6) in 509 ms on 172.30.0.14 (executor 0) (1/2)
[2026-04-12T05:46:41.378+0000] {subprocess.py:106} INFO - 26/04/12 05:46:41 INFO TaskSetManager: Finished task 1.0 in stage 9.0 (TID 7) in 186 ms on 172.30.0.14 (executor 0) (2/2)
[2026-04-12T05:46:41.380+0000] {subprocess.py:106} INFO - 26/04/12 05:46:41 INFO TaskSchedulerImpl: Removed TaskSet 9.0, whose tasks have all completed, from pool
[2026-04-12T05:46:41.381+0000] {subprocess.py:106} INFO - 26/04/12 05:46:41 INFO DAGScheduler: ShuffleMapStage 9 ($anonfun$withThreadLocalCaptured$1 at <unknown>:0) finished in 0.723 s
[2026-04-12T05:46:41.382+0000] {subprocess.py:106} INFO - 26/04/12 05:46:41 INFO DAGScheduler: looking for newly runnable stages
[2026-04-12T05:46:41.382+0000] {subprocess.py:106} INFO - 26/04/12 05:46:41 INFO DAGScheduler: running: Set()
[2026-04-12T05:46:41.383+0000] {subprocess.py:106} INFO - 26/04/12 05:46:41 INFO DAGScheduler: waiting: Set()
[2026-04-12T05:46:41.383+0000] {subprocess.py:106} INFO - 26/04/12 05:46:41 INFO DAGScheduler: failed: Set()
[2026-04-12T05:46:41.390+0000] {subprocess.py:106} INFO - 26/04/12 05:46:41 INFO MemoryStore: Block broadcast_18 stored as values in memory (estimated size 40.0 B, free 434.0 MiB)
[2026-04-12T05:46:41.423+0000] {subprocess.py:106} INFO - 26/04/12 05:46:41 INFO MemoryStore: Block broadcast_18_piece0 stored as bytes in memory (estimated size 86.0 B, free 434.0 MiB)
[2026-04-12T05:46:41.424+0000] {subprocess.py:106} INFO - 26/04/12 05:46:41 INFO BlockManagerInfo: Added broadcast_18_piece0 in memory on c05002f484b8:44799 (size: 86.0 B, free: 434.2 MiB)
[2026-04-12T05:46:41.424+0000] {subprocess.py:106} INFO - 26/04/12 05:46:41 INFO BlockManagerInfo: Removed broadcast_17_piece0 on c05002f484b8:44799 in memory (size: 24.4 KiB, free: 434.2 MiB)
[2026-04-12T05:46:41.427+0000] {subprocess.py:106} INFO - 26/04/12 05:46:41 INFO SparkContext: Created broadcast 18 from sql at <unknown>:0
[2026-04-12T05:46:41.435+0000] {subprocess.py:106} INFO - 26/04/12 05:46:41 INFO BlockManagerInfo: Removed broadcast_17_piece0 on 172.30.0.14:39623 in memory (size: 24.4 KiB, free: 434.3 MiB)
[2026-04-12T05:46:41.458+0000] {subprocess.py:106} INFO - 26/04/12 05:46:41 INFO SparkCopyOnWriteScan: 0 of 6 task(s) for table iceberg.silver.it_jobs_clean matched runtime file filter with 0 location(s)
[2026-04-12T05:46:41.463+0000] {subprocess.py:106} INFO - 26/04/12 05:46:41 INFO MemoryStore: Block broadcast_19 stored as values in memory (estimated size 32.0 KiB, free 434.0 MiB)
[2026-04-12T05:46:41.480+0000] {subprocess.py:106} INFO - 26/04/12 05:46:41 INFO MemoryStore: Block broadcast_19_piece0 stored as bytes in memory (estimated size 30.4 KiB, free 434.0 MiB)
[2026-04-12T05:46:41.481+0000] {subprocess.py:106} INFO - 26/04/12 05:46:41 INFO BlockManagerInfo: Added broadcast_19_piece0 in memory on c05002f484b8:44799 (size: 30.4 KiB, free: 434.2 MiB)
[2026-04-12T05:46:41.486+0000] {subprocess.py:106} INFO - 26/04/12 05:46:41 INFO SparkContext: Created broadcast 19 from broadcast at SparkBatch.java:79
[2026-04-12T05:46:41.530+0000] {subprocess.py:106} INFO - 26/04/12 05:46:41 INFO CodeGenerator: Code generated in 14.590399 ms
[2026-04-12T05:46:41.591+0000] {subprocess.py:106} INFO - 26/04/12 05:46:41 INFO CodeGenerator: Code generated in 36.507836 ms
[2026-04-12T05:46:41.670+0000] {subprocess.py:106} INFO - 26/04/12 05:46:41 INFO DAGScheduler: Registering RDD 33 (sql at <unknown>:0) as input to shuffle 4
[2026-04-12T05:46:41.671+0000] {subprocess.py:106} INFO - 26/04/12 05:46:41 INFO DAGScheduler: Got map stage job 7 (sql at <unknown>:0) with 1 output partitions
[2026-04-12T05:46:41.672+0000] {subprocess.py:106} INFO - 26/04/12 05:46:41 INFO DAGScheduler: Final stage: ShuffleMapStage 10 (sql at <unknown>:0)
[2026-04-12T05:46:41.672+0000] {subprocess.py:106} INFO - 26/04/12 05:46:41 INFO DAGScheduler: Parents of final stage: List()
[2026-04-12T05:46:41.674+0000] {subprocess.py:106} INFO - 26/04/12 05:46:41 INFO DAGScheduler: Missing parents: List()
[2026-04-12T05:46:41.678+0000] {subprocess.py:106} INFO - 26/04/12 05:46:41 INFO DAGScheduler: Submitting ShuffleMapStage 10 (MapPartitionsRDD[33] at sql at <unknown>:0), which has no missing parents
[2026-04-12T05:46:41.693+0000] {subprocess.py:106} INFO - 26/04/12 05:46:41 INFO MemoryStore: Block broadcast_20 stored as values in memory (estimated size 59.0 KiB, free 433.9 MiB)
[2026-04-12T05:46:41.708+0000] {subprocess.py:106} INFO - 26/04/12 05:46:41 INFO MemoryStore: Block broadcast_20_piece0 stored as bytes in memory (estimated size 22.9 KiB, free 433.9 MiB)
[2026-04-12T05:46:41.711+0000] {subprocess.py:106} INFO - 26/04/12 05:46:41 INFO BlockManagerInfo: Added broadcast_20_piece0 in memory on c05002f484b8:44799 (size: 22.9 KiB, free: 434.2 MiB)
[2026-04-12T05:46:41.713+0000] {subprocess.py:106} INFO - 26/04/12 05:46:41 INFO SparkContext: Created broadcast 20 from broadcast at DAGScheduler.scala:1585
[2026-04-12T05:46:41.714+0000] {subprocess.py:106} INFO - 26/04/12 05:46:41 INFO DAGScheduler: Submitting 1 missing tasks from ShuffleMapStage 10 (MapPartitionsRDD[33] at sql at <unknown>:0) (first 15 tasks are for partitions Vector(0))
[2026-04-12T05:46:41.716+0000] {subprocess.py:106} INFO - 26/04/12 05:46:41 INFO TaskSchedulerImpl: Adding task set 10.0 with 1 tasks resource profile 0
[2026-04-12T05:46:41.726+0000] {subprocess.py:106} INFO - 26/04/12 05:46:41 INFO TaskSetManager: Starting task 0.0 in stage 10.0 (TID 8) (172.30.0.14, executor 0, partition 0, PROCESS_LOCAL, 16292 bytes)
[2026-04-12T05:46:41.730+0000] {subprocess.py:106} INFO - 26/04/12 05:46:41 INFO BlockManagerInfo: Removed broadcast_19_piece0 on c05002f484b8:44799 in memory (size: 30.4 KiB, free: 434.2 MiB)
[2026-04-12T05:46:41.779+0000] {subprocess.py:106} INFO - 26/04/12 05:46:41 INFO BlockManagerInfo: Added broadcast_20_piece0 in memory on 172.30.0.14:39623 (size: 22.9 KiB, free: 434.3 MiB)
[2026-04-12T05:46:42.202+0000] {subprocess.py:106} INFO - 26/04/12 05:46:42 INFO BlockManagerInfo: Added broadcast_11_piece0 in memory on 172.30.0.14:39623 (size: 30.2 KiB, free: 434.3 MiB)
[2026-04-12T05:46:42.488+0000] {subprocess.py:106} INFO - 26/04/12 05:46:42 INFO TaskSetManager: Finished task 0.0 in stage 10.0 (TID 8) in 774 ms on 172.30.0.14 (executor 0) (1/1)
[2026-04-12T05:46:42.489+0000] {subprocess.py:106} INFO - 26/04/12 05:46:42 INFO TaskSchedulerImpl: Removed TaskSet 10.0, whose tasks have all completed, from pool
[2026-04-12T05:46:42.490+0000] {subprocess.py:106} INFO - 26/04/12 05:46:42 INFO DAGScheduler: ShuffleMapStage 10 (sql at <unknown>:0) finished in 0.812 s
[2026-04-12T05:46:42.500+0000] {subprocess.py:106} INFO - 26/04/12 05:46:42 INFO DAGScheduler: looking for newly runnable stages
[2026-04-12T05:46:42.501+0000] {subprocess.py:106} INFO - 26/04/12 05:46:42 INFO DAGScheduler: running: Set()
[2026-04-12T05:46:42.501+0000] {subprocess.py:106} INFO - 26/04/12 05:46:42 INFO DAGScheduler: waiting: Set()
[2026-04-12T05:46:42.502+0000] {subprocess.py:106} INFO - 26/04/12 05:46:42 INFO DAGScheduler: failed: Set()
[2026-04-12T05:46:42.502+0000] {subprocess.py:106} INFO - 26/04/12 05:46:42 INFO ShufflePartitionsUtil: For shuffle(4), advisory target size: 67108864, actual target size 1048576, minimum partition size: 1048576
[2026-04-12T05:46:42.534+0000] {subprocess.py:106} INFO - 26/04/12 05:46:42 WARN SparkStringUtils: Truncated the string representation of a plan since it was too large. This behavior can be adjusted by setting 'spark.sql.debug.maxToStringFields'.
[2026-04-12T05:46:42.563+0000] {subprocess.py:106} INFO - 26/04/12 05:46:42 INFO CodeGenerator: Code generated in 16.76532 ms
[2026-04-12T05:46:42.596+0000] {subprocess.py:106} INFO - 26/04/12 05:46:42 INFO CodeGenerator: Code generated in 16.144963 ms
[2026-04-12T05:46:42.615+0000] {subprocess.py:106} INFO - 26/04/12 05:46:42 INFO CodeGenerator: Code generated in 13.355681 ms
[2026-04-12T05:46:42.667+0000] {subprocess.py:106} INFO - 26/04/12 05:46:42 INFO MemoryStore: Block broadcast_21 stored as values in memory (estimated size 32.0 KiB, free 433.9 MiB)
[2026-04-12T05:46:42.681+0000] {subprocess.py:106} INFO - 26/04/12 05:46:42 INFO MemoryStore: Block broadcast_21_piece0 stored as bytes in memory (estimated size 30.3 KiB, free 433.9 MiB)
[2026-04-12T05:46:42.686+0000] {subprocess.py:106} INFO - 26/04/12 05:46:42 INFO BlockManagerInfo: Added broadcast_21_piece0 in memory on c05002f484b8:44799 (size: 30.3 KiB, free: 434.2 MiB)
[2026-04-12T05:46:42.687+0000] {subprocess.py:106} INFO - 26/04/12 05:46:42 INFO SparkContext: Created broadcast 21 from broadcast at SparkWrite.java:193
[2026-04-12T05:46:42.688+0000] {subprocess.py:106} INFO - 26/04/12 05:46:42 INFO BlockManagerInfo: Removed broadcast_20_piece0 on c05002f484b8:44799 in memory (size: 22.9 KiB, free: 434.2 MiB)
[2026-04-12T05:46:42.689+0000] {subprocess.py:106} INFO - 26/04/12 05:46:42 INFO BlockManagerInfo: Removed broadcast_20_piece0 on 172.30.0.14:39623 in memory (size: 22.9 KiB, free: 434.3 MiB)
[2026-04-12T05:46:42.692+0000] {subprocess.py:106} INFO - 26/04/12 05:46:42 INFO ReplaceDataExec: Start processing data source write support: IcebergBatchWrite(table=iceberg.silver.it_jobs_clean, format=PARQUET). The input RDD has 1 partitions.
[2026-04-12T05:46:42.703+0000] {subprocess.py:106} INFO - 26/04/12 05:46:42 INFO SparkContext: Starting job: sql at <unknown>:0
[2026-04-12T05:46:42.706+0000] {subprocess.py:106} INFO - 26/04/12 05:46:42 INFO DAGScheduler: Got job 8 (sql at <unknown>:0) with 1 output partitions
[2026-04-12T05:46:42.707+0000] {subprocess.py:106} INFO - 26/04/12 05:46:42 INFO DAGScheduler: Final stage: ResultStage 12 (sql at <unknown>:0)
[2026-04-12T05:46:42.708+0000] {subprocess.py:106} INFO - 26/04/12 05:46:42 INFO DAGScheduler: Parents of final stage: List(ShuffleMapStage 11)
[2026-04-12T05:46:42.714+0000] {subprocess.py:106} INFO - 26/04/12 05:46:42 INFO DAGScheduler: Missing parents: List()
[2026-04-12T05:46:42.725+0000] {subprocess.py:106} INFO - 26/04/12 05:46:42 INFO DAGScheduler: Submitting ResultStage 12 (MapPartitionsRDD[39] at sql at <unknown>:0), which has no missing parents
[2026-04-12T05:46:42.734+0000] {subprocess.py:106} INFO - 26/04/12 05:46:42 INFO MemoryStore: Block broadcast_22 stored as values in memory (estimated size 97.3 KiB, free 433.9 MiB)
[2026-04-12T05:46:42.737+0000] {subprocess.py:106} INFO - 26/04/12 05:46:42 INFO MemoryStore: Block broadcast_22_piece0 stored as bytes in memory (estimated size 33.5 KiB, free 433.8 MiB)
[2026-04-12T05:46:42.739+0000] {subprocess.py:106} INFO - 26/04/12 05:46:42 INFO BlockManagerInfo: Added broadcast_22_piece0 in memory on c05002f484b8:44799 (size: 33.5 KiB, free: 434.2 MiB)
[2026-04-12T05:46:42.741+0000] {subprocess.py:106} INFO - 26/04/12 05:46:42 INFO SparkContext: Created broadcast 22 from broadcast at DAGScheduler.scala:1585
[2026-04-12T05:46:42.743+0000] {subprocess.py:106} INFO - 26/04/12 05:46:42 INFO DAGScheduler: Submitting 1 missing tasks from ResultStage 12 (MapPartitionsRDD[39] at sql at <unknown>:0) (first 15 tasks are for partitions Vector(0))
[2026-04-12T05:46:42.744+0000] {subprocess.py:106} INFO - 26/04/12 05:46:42 INFO TaskSchedulerImpl: Adding task set 12.0 with 1 tasks resource profile 0
[2026-04-12T05:46:42.745+0000] {subprocess.py:106} INFO - 26/04/12 05:46:42 INFO TaskSetManager: Starting task 0.0 in stage 12.0 (TID 9) (172.30.0.14, executor 0, partition 0, NODE_LOCAL, 9976 bytes)
[2026-04-12T05:46:42.778+0000] {subprocess.py:106} INFO - 26/04/12 05:46:42 INFO BlockManagerInfo: Added broadcast_22_piece0 in memory on 172.30.0.14:39623 (size: 33.5 KiB, free: 434.3 MiB)
[2026-04-12T05:46:42.826+0000] {subprocess.py:106} INFO - 26/04/12 05:46:42 INFO MapOutputTrackerMasterEndpoint: Asked to send map output locations for shuffle 4 to 172.30.0.14:51514
[2026-04-12T05:46:43.264+0000] {subprocess.py:106} INFO - 26/04/12 05:46:43 INFO BlockManagerInfo: Added broadcast_21_piece0 in memory on 172.30.0.14:39623 (size: 30.3 KiB, free: 434.2 MiB)
[2026-04-12T05:46:43.861+0000] {subprocess.py:106} INFO - 26/04/12 05:46:43 INFO TaskSetManager: Finished task 0.0 in stage 12.0 (TID 9) in 1118 ms on 172.30.0.14 (executor 0) (1/1)
[2026-04-12T05:46:43.862+0000] {subprocess.py:106} INFO - 26/04/12 05:46:43 INFO TaskSchedulerImpl: Removed TaskSet 12.0, whose tasks have all completed, from pool
[2026-04-12T05:46:43.863+0000] {subprocess.py:106} INFO - 26/04/12 05:46:43 INFO DAGScheduler: ResultStage 12 (sql at <unknown>:0) finished in 1.134 s
[2026-04-12T05:46:43.864+0000] {subprocess.py:106} INFO - 26/04/12 05:46:43 INFO DAGScheduler: Job 8 is finished. Cancelling potential speculative or zombie tasks for this job
[2026-04-12T05:46:43.864+0000] {subprocess.py:106} INFO - 26/04/12 05:46:43 INFO TaskSchedulerImpl: Killing all running tasks in stage 12: Stage finished
[2026-04-12T05:46:43.865+0000] {subprocess.py:106} INFO - 26/04/12 05:46:43 INFO DAGScheduler: Job 8 finished: sql at <unknown>:0, took 1.158269 s
[2026-04-12T05:46:43.865+0000] {subprocess.py:106} INFO - 26/04/12 05:46:43 INFO ReplaceDataExec: Data source write support IcebergBatchWrite(table=iceberg.silver.it_jobs_clean, format=PARQUET) is committing.
[2026-04-12T05:46:43.893+0000] {subprocess.py:106} INFO - 26/04/12 05:46:43 INFO SparkWrite: Committing overwrite of 0 data files with 1 new data files, scanSnapshotId: 1273093433593382123, conflictDetectionFilter: true to table iceberg.silver.it_jobs_clean
[2026-04-12T05:46:44.160+0000] {subprocess.py:106} INFO - 26/04/12 05:46:44 INFO BlockManagerInfo: Removed broadcast_22_piece0 on c05002f484b8:44799 in memory (size: 33.5 KiB, free: 434.2 MiB)
[2026-04-12T05:46:44.163+0000] {subprocess.py:106} INFO - 26/04/12 05:46:44 INFO BlockManagerInfo: Removed broadcast_22_piece0 on 172.30.0.14:39623 in memory (size: 33.5 KiB, free: 434.3 MiB)
[2026-04-12T05:46:44.680+0000] {subprocess.py:106} INFO - 26/04/12 05:46:44 INFO HiveTableOperations: Committed to table iceberg.silver.it_jobs_clean with the new metadata location s3a://warehouse/iceberg_data/silver.db/it_jobs_clean/metadata/00005-22eadd1c-00df-48b2-adc9-d716bf83542d.metadata.json
[2026-04-12T05:46:44.681+0000] {subprocess.py:106} INFO - 26/04/12 05:46:44 INFO BaseMetastoreTableOperations: Successfully committed to table iceberg.silver.it_jobs_clean in 310 ms
[2026-04-12T05:46:44.681+0000] {subprocess.py:106} INFO - 26/04/12 05:46:44 INFO SnapshotProducer: Committed snapshot 5178710788262370016 (BaseOverwriteFiles)
[2026-04-12T05:46:44.694+0000] {subprocess.py:106} INFO - 26/04/12 05:46:44 INFO BaseMetastoreTableOperations: Refreshing table metadata from new version: s3a://warehouse/iceberg_data/silver.db/it_jobs_clean/metadata/00005-22eadd1c-00df-48b2-adc9-d716bf83542d.metadata.json
[2026-04-12T05:46:44.760+0000] {subprocess.py:106} INFO - 26/04/12 05:46:44 INFO LoggingMetricsReporter: Received metrics report: CommitReport{tableName=iceberg.silver.it_jobs_clean, snapshotId=5178710788262370016, sequenceNumber=6, operation=append, commitMetrics=CommitMetricsResult{totalDuration=TimerResult{timeUnit=NANOSECONDS, totalDuration=PT0.842070349S, count=1}, attempts=CounterResult{unit=COUNT, value=1}, addedDataFiles=CounterResult{unit=COUNT, value=1}, removedDataFiles=null, totalDataFiles=CounterResult{unit=COUNT, value=7}, addedDeleteFiles=null, addedEqualityDeleteFiles=null, addedPositionalDeleteFiles=null, removedDeleteFiles=null, removedEqualityDeleteFiles=null, removedPositionalDeleteFiles=null, totalDeleteFiles=CounterResult{unit=COUNT, value=0}, addedRecords=CounterResult{unit=COUNT, value=2}, removedRecords=null, totalRecords=CounterResult{unit=COUNT, value=9629}, addedFilesSizeInBytes=CounterResult{unit=BYTES, value=5243}, removedFilesSizeInBytes=null, totalFilesSizeInBytes=CounterResult{unit=BYTES, value=436962}, addedPositionalDeletes=null, removedPositionalDeletes=null, totalPositionalDeletes=CounterResult{unit=COUNT, value=0}, addedEqualityDeletes=null, removedEqualityDeletes=null, totalEqualityDeletes=CounterResult{unit=COUNT, value=0}}, metadata={engine-version=3.5.3, app-id=app-20260412054620-0001, engine-name=spark, iceberg-version=Apache Iceberg 1.6.1 (commit 8e9d59d299be42b0bca9461457cd1e95dbaad086)}}
[2026-04-12T05:46:44.761+0000] {subprocess.py:106} INFO - 26/04/12 05:46:44 INFO SparkWrite: Committed in 866 ms
[2026-04-12T05:46:44.762+0000] {subprocess.py:106} INFO - 26/04/12 05:46:44 INFO ReplaceDataExec: Data source write support IcebergBatchWrite(table=iceberg.silver.it_jobs_clean, format=PARQUET) committed.
[2026-04-12T05:46:44.764+0000] {subprocess.py:106} INFO - >>> SUCCESS: Data Merged (Upsert).
[2026-04-12T05:46:44.764+0000] {subprocess.py:106} INFO - 26/04/12 05:46:44 INFO SparkContext: SparkContext is stopping with exitCode 0.
[2026-04-12T05:46:44.776+0000] {subprocess.py:106} INFO - 26/04/12 05:46:44 INFO SparkUI: Stopped Spark web UI at http://c05002f484b8:4040
[2026-04-12T05:46:44.782+0000] {subprocess.py:106} INFO - 26/04/12 05:46:44 INFO StandaloneSchedulerBackend: Shutting down all executors
[2026-04-12T05:46:44.783+0000] {subprocess.py:106} INFO - 26/04/12 05:46:44 INFO StandaloneSchedulerBackend$StandaloneDriverEndpoint: Asking each executor to shut down
[2026-04-12T05:46:44.809+0000] {subprocess.py:106} INFO - 26/04/12 05:46:44 INFO MapOutputTrackerMasterEndpoint: MapOutputTrackerMasterEndpoint stopped!
[2026-04-12T05:46:44.853+0000] {subprocess.py:106} INFO - 26/04/12 05:46:44 INFO MemoryStore: MemoryStore cleared
[2026-04-12T05:46:44.855+0000] {subprocess.py:106} INFO - 26/04/12 05:46:44 INFO BlockManager: BlockManager stopped
[2026-04-12T05:46:44.860+0000] {subprocess.py:106} INFO - 26/04/12 05:46:44 INFO BlockManagerMaster: BlockManagerMaster stopped
[2026-04-12T05:46:44.867+0000] {subprocess.py:106} INFO - 26/04/12 05:46:44 INFO OutputCommitCoordinator$OutputCommitCoordinatorEndpoint: OutputCommitCoordinator stopped!
[2026-04-12T05:46:44.971+0000] {subprocess.py:106} INFO - 26/04/12 05:46:44 INFO SparkContext: Successfully stopped SparkContext
[2026-04-12T05:46:45.468+0000] {subprocess.py:106} INFO - 26/04/12 05:46:45 INFO ShutdownHookManager: Shutdown hook called
[2026-04-12T05:46:45.469+0000] {subprocess.py:106} INFO - 26/04/12 05:46:45 INFO ShutdownHookManager: Deleting directory /tmp/spark-a20fe8e7-6800-4cd5-9ad4-578396ba4998/pyspark-1cb2734e-ae71-46b6-a97c-37b2fe3db5b3
[2026-04-12T05:46:45.471+0000] {subprocess.py:106} INFO - 26/04/12 05:46:45 INFO ShutdownHookManager: Deleting directory /tmp/spark-8f98dfca-c672-464b-a560-9c23db030156
[2026-04-12T05:46:45.474+0000] {subprocess.py:106} INFO - 26/04/12 05:46:45 INFO ShutdownHookManager: Deleting directory /tmp/spark-a20fe8e7-6800-4cd5-9ad4-578396ba4998
[2026-04-12T05:46:45.480+0000] {subprocess.py:106} INFO - 26/04/12 05:46:45 INFO MetricsSystemImpl: Stopping s3a-file-system metrics system...
[2026-04-12T05:46:45.481+0000] {subprocess.py:106} INFO - 26/04/12 05:46:45 INFO MetricsSystemImpl: s3a-file-system metrics system stopped.
[2026-04-12T05:46:45.481+0000] {subprocess.py:106} INFO - 26/04/12 05:46:45 INFO MetricsSystemImpl: s3a-file-system metrics system shutdown complete.
[2026-04-12T05:46:45.539+0000] {subprocess.py:110} INFO - Command exited with return code 0
[2026-04-12T05:46:45.592+0000] {taskinstance.py:341} INFO - ::group::Post task execution logs
[2026-04-12T05:46:45.592+0000] {taskinstance.py:353} INFO - Marking task as SUCCESS. dag_id=crawl_etl_itjob, task_id=clean_silver, run_id=scheduled__2026-04-11T02:00:00+00:00, execution_date=20260411T020000, start_date=20260412T054615, end_date=20260412T054645
[2026-04-12T05:46:45.667+0000] {local_task_job_runner.py:266} INFO - Task exited with return code 0
[2026-04-12T05:46:45.699+0000] {taskinstance.py:3901} INFO - 1 downstream tasks scheduled from follow-on schedule check
[2026-04-12T05:46:45.701+0000] {local_task_job_runner.py:245} INFO - ::endgroup::
