[2026-03-13T05:05:02.587+0000] {local_task_job_runner.py:123} INFO - ::group::Pre task execution logs
[2026-03-13T05:05:02.630+0000] {taskinstance.py:2614} INFO - Dependencies all met for dep_context=non-requeueable deps ti=<TaskInstance: crawl_etl_itjob.clean_silver scheduled__2026-03-11T02:00:00+00:00 [queued]>
[2026-03-13T05:05:02.641+0000] {taskinstance.py:2614} INFO - Dependencies all met for dep_context=requeueable deps ti=<TaskInstance: crawl_etl_itjob.clean_silver scheduled__2026-03-11T02:00:00+00:00 [queued]>
[2026-03-13T05:05:02.642+0000] {taskinstance.py:2867} INFO - Starting attempt 1 of 2
[2026-03-13T05:05:02.659+0000] {taskinstance.py:2890} INFO - Executing <Task(BashOperator): clean_silver> on 2026-03-11 02:00:00+00:00
[2026-03-13T05:05:02.665+0000] {standard_task_runner.py:72} INFO - Started process 70 to run task
[2026-03-13T05:05:02.671+0000] {standard_task_runner.py:104} INFO - Running: ['***', 'tasks', 'run', 'crawl_etl_itjob', 'clean_silver', 'scheduled__2026-03-11T02:00:00+00:00', '--job-id', '646', '--raw', '--subdir', 'DAGS_FOLDER/Crawl_ETL_ITJob.py', '--cfg-path', '/tmp/tmpytbfi5yr']
[2026-03-13T05:05:02.673+0000] {standard_task_runner.py:105} INFO - Job 646: Subtask clean_silver
[2026-03-13T05:05:02.702+0000] {warnings.py:109} WARNING - /home/***/.local/lib/python3.8/site-packages/***/settings.py:209: DeprecationWarning: The sql_alchemy_conn option in [core] has been moved to the sql_alchemy_conn option in [database] - the old setting has been used, but please update your config.
  SQL_ALCHEMY_CONN = conf.get("database", "SQL_ALCHEMY_CONN")

[2026-03-13T05:05:02.794+0000] {task_command.py:467} INFO - Running <TaskInstance: crawl_etl_itjob.clean_silver scheduled__2026-03-11T02:00:00+00:00 [running]> on host 19d569223134
[2026-03-13T05:05:02.795+0000] {warnings.py:109} WARNING - /home/***/.local/lib/python3.8/site-packages/***/settings.py:470: DeprecationWarning: The sql_alchemy_conn option in [core] has been moved to the sql_alchemy_conn option in [database] - the old setting has been used, but please update your config.
  if conf.get("database", "sql_alchemy_conn") == "none://":

[2026-03-13T05:05:02.949+0000] {taskinstance.py:3134} INFO - Exporting env vars: AIRFLOW_CTX_DAG_EMAIL='hoa856856@gmail.com' AIRFLOW_CTX_DAG_OWNER='***' AIRFLOW_CTX_DAG_ID='crawl_etl_itjob' AIRFLOW_CTX_TASK_ID='clean_silver' AIRFLOW_CTX_EXECUTION_DATE='2026-03-11T02:00:00+00:00' AIRFLOW_CTX_TRY_NUMBER='1' AIRFLOW_CTX_DAG_RUN_ID='scheduled__2026-03-11T02:00:00+00:00'
[2026-03-13T05:05:02.951+0000] {taskinstance.py:732} INFO - ::endgroup::
[2026-03-13T05:05:02.965+0000] {subprocess.py:78} INFO - Tmp dir root location: /tmp
[2026-03-13T05:05:02.967+0000] {subprocess.py:88} INFO - Running command: ['/bin/bash', '-c', "\n        docker exec spark-submit bash -c '\n        /opt/spark/bin/spark-submit         --master spark://spark-master:7077         --deploy-mode client         --packages org.apache.iceberg:iceberg-spark-runtime-3.5_2.12:1.5.0,org.apache.hadoop:hadoop-aws:3.3.4,com.amazonaws:aws-java-sdk-bundle:1.12.262         /opt/spark/scripts/Clean_Silver.py\n        '\n        "]
[2026-03-13T05:05:02.978+0000] {subprocess.py:99} INFO - Output:
[2026-03-13T05:05:05.161+0000] {subprocess.py:106} INFO - :: loading settings :: url = jar:file:/opt/spark/jars/ivy-2.5.1.jar!/org/apache/ivy/core/settings/ivysettings.xml
[2026-03-13T05:05:05.255+0000] {subprocess.py:106} INFO - Ivy Default Cache set to: /home/spark/.ivy2/cache
[2026-03-13T05:05:05.256+0000] {subprocess.py:106} INFO - The jars for the packages stored in: /home/spark/.ivy2/jars
[2026-03-13T05:05:05.263+0000] {subprocess.py:106} INFO - org.apache.iceberg#iceberg-spark-runtime-3.5_2.12 added as a dependency
[2026-03-13T05:05:05.265+0000] {subprocess.py:106} INFO - org.apache.hadoop#hadoop-aws added as a dependency
[2026-03-13T05:05:05.266+0000] {subprocess.py:106} INFO - com.amazonaws#aws-java-sdk-bundle added as a dependency
[2026-03-13T05:05:05.266+0000] {subprocess.py:106} INFO - :: resolving dependencies :: org.apache.spark#spark-submit-parent-cdf55120-b68d-412a-86ea-efa9463feed1;1.0
[2026-03-13T05:05:05.267+0000] {subprocess.py:106} INFO - 	confs: [default]
[2026-03-13T05:05:05.380+0000] {subprocess.py:106} INFO - 	found org.apache.iceberg#iceberg-spark-runtime-3.5_2.12;1.5.0 in central
[2026-03-13T05:05:05.453+0000] {subprocess.py:106} INFO - 	found org.apache.hadoop#hadoop-aws;3.3.4 in central
[2026-03-13T05:05:05.481+0000] {subprocess.py:106} INFO - 	found com.amazonaws#aws-java-sdk-bundle;1.12.262 in central
[2026-03-13T05:05:05.512+0000] {subprocess.py:106} INFO - 	found org.wildfly.openssl#wildfly-openssl;1.0.7.Final in central
[2026-03-13T05:05:05.541+0000] {subprocess.py:106} INFO - :: resolution report :: resolve 263ms :: artifacts dl 13ms
[2026-03-13T05:05:05.542+0000] {subprocess.py:106} INFO - 	:: modules in use:
[2026-03-13T05:05:05.547+0000] {subprocess.py:106} INFO - 	com.amazonaws#aws-java-sdk-bundle;1.12.262 from central in [default]
[2026-03-13T05:05:05.548+0000] {subprocess.py:106} INFO - 	org.apache.hadoop#hadoop-aws;3.3.4 from central in [default]
[2026-03-13T05:05:05.548+0000] {subprocess.py:106} INFO - 	org.apache.iceberg#iceberg-spark-runtime-3.5_2.12;1.5.0 from central in [default]
[2026-03-13T05:05:05.549+0000] {subprocess.py:106} INFO - 	org.wildfly.openssl#wildfly-openssl;1.0.7.Final from central in [default]
[2026-03-13T05:05:05.550+0000] {subprocess.py:106} INFO - 	---------------------------------------------------------------------
[2026-03-13T05:05:05.550+0000] {subprocess.py:106} INFO - 	|                  |            modules            ||   artifacts   |
[2026-03-13T05:05:05.551+0000] {subprocess.py:106} INFO - 	|       conf       | number| search|dwnlded|evicted|| number|dwnlded|
[2026-03-13T05:05:05.551+0000] {subprocess.py:106} INFO - 	---------------------------------------------------------------------
[2026-03-13T05:05:05.552+0000] {subprocess.py:106} INFO - 	|      default     |   4   |   0   |   0   |   0   ||   4   |   0   |
[2026-03-13T05:05:05.552+0000] {subprocess.py:106} INFO - 	---------------------------------------------------------------------
[2026-03-13T05:05:05.553+0000] {subprocess.py:106} INFO - :: retrieving :: org.apache.spark#spark-submit-parent-cdf55120-b68d-412a-86ea-efa9463feed1
[2026-03-13T05:05:05.553+0000] {subprocess.py:106} INFO - 	confs: [default]
[2026-03-13T05:05:05.559+0000] {subprocess.py:106} INFO - 	0 artifacts copied, 4 already retrieved (0kB/10ms)
[2026-03-13T05:05:05.810+0000] {subprocess.py:106} INFO - 26/03/13 05:05:05 WARN NativeCodeLoader: Unable to load native-hadoop library for your platform... using builtin-java classes where applicable
[2026-03-13T05:05:06.967+0000] {subprocess.py:106} INFO - 26/03/13 05:05:06 INFO SparkContext: Running Spark version 3.5.3
[2026-03-13T05:05:06.968+0000] {subprocess.py:106} INFO - 26/03/13 05:05:06 INFO SparkContext: OS info Linux, 6.6.87.2-microsoft-standard-WSL2, amd64
[2026-03-13T05:05:06.968+0000] {subprocess.py:106} INFO - 26/03/13 05:05:06 INFO SparkContext: Java version 11.0.24
[2026-03-13T05:05:06.992+0000] {subprocess.py:106} INFO - 26/03/13 05:05:06 INFO ResourceUtils: ==============================================================
[2026-03-13T05:05:06.993+0000] {subprocess.py:106} INFO - 26/03/13 05:05:06 INFO ResourceUtils: No custom resources configured for spark.driver.
[2026-03-13T05:05:06.994+0000] {subprocess.py:106} INFO - 26/03/13 05:05:06 INFO ResourceUtils: ==============================================================
[2026-03-13T05:05:06.994+0000] {subprocess.py:106} INFO - 26/03/13 05:05:06 INFO SparkContext: Submitted application: Silver_Etl_Cleaning_Merge
[2026-03-13T05:05:07.020+0000] {subprocess.py:106} INFO - 26/03/13 05:05:07 INFO ResourceProfile: Default ResourceProfile created, executor resources: Map(memory -> name: memory, amount: 1024, script: , vendor: , offHeap -> name: offHeap, amount: 0, script: , vendor: ), task resources: Map(cpus -> name: cpus, amount: 1.0)
[2026-03-13T05:05:07.035+0000] {subprocess.py:106} INFO - 26/03/13 05:05:07 INFO ResourceProfile: Limiting resource is cpu
[2026-03-13T05:05:07.036+0000] {subprocess.py:106} INFO - 26/03/13 05:05:07 INFO ResourceProfileManager: Added ResourceProfile id: 0
[2026-03-13T05:05:07.148+0000] {subprocess.py:106} INFO - 26/03/13 05:05:07 INFO SecurityManager: Changing view acls to: spark
[2026-03-13T05:05:07.150+0000] {subprocess.py:106} INFO - 26/03/13 05:05:07 INFO SecurityManager: Changing modify acls to: spark
[2026-03-13T05:05:07.151+0000] {subprocess.py:106} INFO - 26/03/13 05:05:07 INFO SecurityManager: Changing view acls groups to:
[2026-03-13T05:05:07.153+0000] {subprocess.py:106} INFO - 26/03/13 05:05:07 INFO SecurityManager: Changing modify acls groups to:
[2026-03-13T05:05:07.154+0000] {subprocess.py:106} INFO - 26/03/13 05:05:07 INFO SecurityManager: SecurityManager: authentication disabled; ui acls disabled; users with view permissions: spark; groups with view permissions: EMPTY; users with modify permissions: spark; groups with modify permissions: EMPTY
[2026-03-13T05:05:07.420+0000] {subprocess.py:106} INFO - 26/03/13 05:05:07 INFO Utils: Successfully started service 'sparkDriver' on port 36031.
[2026-03-13T05:05:07.450+0000] {subprocess.py:106} INFO - 26/03/13 05:05:07 INFO SparkEnv: Registering MapOutputTracker
[2026-03-13T05:05:07.483+0000] {subprocess.py:106} INFO - 26/03/13 05:05:07 INFO SparkEnv: Registering BlockManagerMaster
[2026-03-13T05:05:07.502+0000] {subprocess.py:106} INFO - 26/03/13 05:05:07 INFO BlockManagerMasterEndpoint: Using org.apache.spark.storage.DefaultTopologyMapper for getting topology information
[2026-03-13T05:05:07.502+0000] {subprocess.py:106} INFO - 26/03/13 05:05:07 INFO BlockManagerMasterEndpoint: BlockManagerMasterEndpoint up
[2026-03-13T05:05:07.508+0000] {subprocess.py:106} INFO - 26/03/13 05:05:07 INFO SparkEnv: Registering BlockManagerMasterHeartbeat
[2026-03-13T05:05:07.534+0000] {subprocess.py:106} INFO - 26/03/13 05:05:07 INFO DiskBlockManager: Created local directory at /tmp/blockmgr-fd7a9eff-d9e7-4162-95da-e3c08733fc06
[2026-03-13T05:05:07.547+0000] {subprocess.py:106} INFO - 26/03/13 05:05:07 INFO MemoryStore: MemoryStore started with capacity 434.4 MiB
[2026-03-13T05:05:07.566+0000] {subprocess.py:106} INFO - 26/03/13 05:05:07 INFO SparkEnv: Registering OutputCommitCoordinator
[2026-03-13T05:05:07.747+0000] {subprocess.py:106} INFO - 26/03/13 05:05:07 INFO JettyUtils: Start Jetty 0.0.0.0:4040 for SparkUI
[2026-03-13T05:05:07.812+0000] {subprocess.py:106} INFO - 26/03/13 05:05:07 INFO Utils: Successfully started service 'SparkUI' on port 4040.
[2026-03-13T05:05:07.854+0000] {subprocess.py:106} INFO - 26/03/13 05:05:07 INFO SparkContext: Added JAR file:///home/spark/.ivy2/jars/org.apache.iceberg_iceberg-spark-runtime-3.5_2.12-1.5.0.jar at spark://499f1d118d82:36031/jars/org.apache.iceberg_iceberg-spark-runtime-3.5_2.12-1.5.0.jar with timestamp 1773378306955
[2026-03-13T05:05:07.855+0000] {subprocess.py:106} INFO - 26/03/13 05:05:07 INFO SparkContext: Added JAR file:///home/spark/.ivy2/jars/org.apache.hadoop_hadoop-aws-3.3.4.jar at spark://499f1d118d82:36031/jars/org.apache.hadoop_hadoop-aws-3.3.4.jar with timestamp 1773378306955
[2026-03-13T05:05:07.856+0000] {subprocess.py:106} INFO - 26/03/13 05:05:07 INFO SparkContext: Added JAR file:///home/spark/.ivy2/jars/com.amazonaws_aws-java-sdk-bundle-1.12.262.jar at spark://499f1d118d82:36031/jars/com.amazonaws_aws-java-sdk-bundle-1.12.262.jar with timestamp 1773378306955
[2026-03-13T05:05:07.857+0000] {subprocess.py:106} INFO - 26/03/13 05:05:07 INFO SparkContext: Added JAR file:///home/spark/.ivy2/jars/org.wildfly.openssl_wildfly-openssl-1.0.7.Final.jar at spark://499f1d118d82:36031/jars/org.wildfly.openssl_wildfly-openssl-1.0.7.Final.jar with timestamp 1773378306955
[2026-03-13T05:05:07.861+0000] {subprocess.py:106} INFO - 26/03/13 05:05:07 INFO SparkContext: Added file file:///home/spark/.ivy2/jars/org.apache.iceberg_iceberg-spark-runtime-3.5_2.12-1.5.0.jar at spark://499f1d118d82:36031/files/org.apache.iceberg_iceberg-spark-runtime-3.5_2.12-1.5.0.jar with timestamp 1773378306955
[2026-03-13T05:05:07.863+0000] {subprocess.py:106} INFO - 26/03/13 05:05:07 INFO Utils: Copying /home/spark/.ivy2/jars/org.apache.iceberg_iceberg-spark-runtime-3.5_2.12-1.5.0.jar to /tmp/spark-a655f01f-86c6-4e74-90dd-ccc55a631f74/userFiles-be55e43e-4c94-43b8-a444-62d7634e9563/org.apache.iceberg_iceberg-spark-runtime-3.5_2.12-1.5.0.jar
[2026-03-13T05:05:07.914+0000] {subprocess.py:106} INFO - 26/03/13 05:05:07 INFO SparkContext: Added file file:///home/spark/.ivy2/jars/org.apache.hadoop_hadoop-aws-3.3.4.jar at spark://499f1d118d82:36031/files/org.apache.hadoop_hadoop-aws-3.3.4.jar with timestamp 1773378306955
[2026-03-13T05:05:07.914+0000] {subprocess.py:106} INFO - 26/03/13 05:05:07 INFO Utils: Copying /home/spark/.ivy2/jars/org.apache.hadoop_hadoop-aws-3.3.4.jar to /tmp/spark-a655f01f-86c6-4e74-90dd-ccc55a631f74/userFiles-be55e43e-4c94-43b8-a444-62d7634e9563/org.apache.hadoop_hadoop-aws-3.3.4.jar
[2026-03-13T05:05:07.919+0000] {subprocess.py:106} INFO - 26/03/13 05:05:07 INFO SparkContext: Added file file:///home/spark/.ivy2/jars/com.amazonaws_aws-java-sdk-bundle-1.12.262.jar at spark://499f1d118d82:36031/files/com.amazonaws_aws-java-sdk-bundle-1.12.262.jar with timestamp 1773378306955
[2026-03-13T05:05:07.919+0000] {subprocess.py:106} INFO - 26/03/13 05:05:07 INFO Utils: Copying /home/spark/.ivy2/jars/com.amazonaws_aws-java-sdk-bundle-1.12.262.jar to /tmp/spark-a655f01f-86c6-4e74-90dd-ccc55a631f74/userFiles-be55e43e-4c94-43b8-a444-62d7634e9563/com.amazonaws_aws-java-sdk-bundle-1.12.262.jar
[2026-03-13T05:05:08.173+0000] {subprocess.py:106} INFO - 26/03/13 05:05:08 INFO SparkContext: Added file file:///home/spark/.ivy2/jars/org.wildfly.openssl_wildfly-openssl-1.0.7.Final.jar at spark://499f1d118d82:36031/files/org.wildfly.openssl_wildfly-openssl-1.0.7.Final.jar with timestamp 1773378306955
[2026-03-13T05:05:08.174+0000] {subprocess.py:106} INFO - 26/03/13 05:05:08 INFO Utils: Copying /home/spark/.ivy2/jars/org.wildfly.openssl_wildfly-openssl-1.0.7.Final.jar to /tmp/spark-a655f01f-86c6-4e74-90dd-ccc55a631f74/userFiles-be55e43e-4c94-43b8-a444-62d7634e9563/org.wildfly.openssl_wildfly-openssl-1.0.7.Final.jar
[2026-03-13T05:05:08.278+0000] {subprocess.py:106} INFO - 26/03/13 05:05:08 INFO StandaloneAppClient$ClientEndpoint: Connecting to master spark://spark-master:7077...
[2026-03-13T05:05:08.327+0000] {subprocess.py:106} INFO - 26/03/13 05:05:08 INFO TransportClientFactory: Successfully created connection to spark-master/172.30.0.6:7077 after 30 ms (0 ms spent in bootstraps)
[2026-03-13T05:05:08.412+0000] {subprocess.py:106} INFO - 26/03/13 05:05:08 INFO StandaloneSchedulerBackend: Connected to Spark cluster with app ID app-20260313050508-0001
[2026-03-13T05:05:08.415+0000] {subprocess.py:106} INFO - 26/03/13 05:05:08 INFO StandaloneAppClient$ClientEndpoint: Executor added: app-20260313050508-0001/0 on worker-20260313045145-172.30.0.7-34487 (172.30.0.7:34487) with 1 core(s)
[2026-03-13T05:05:08.417+0000] {subprocess.py:106} INFO - 26/03/13 05:05:08 INFO StandaloneSchedulerBackend: Granted executor ID app-20260313050508-0001/0 on hostPort 172.30.0.7:34487 with 1 core(s), 1024.0 MiB RAM
[2026-03-13T05:05:08.425+0000] {subprocess.py:106} INFO - 26/03/13 05:05:08 INFO Utils: Successfully started service 'org.apache.spark.network.netty.NettyBlockTransferService' on port 38291.
[2026-03-13T05:05:08.427+0000] {subprocess.py:106} INFO - 26/03/13 05:05:08 INFO NettyBlockTransferService: Server created on 499f1d118d82:38291
[2026-03-13T05:05:08.431+0000] {subprocess.py:106} INFO - 26/03/13 05:05:08 INFO BlockManager: Using org.apache.spark.storage.RandomBlockReplicationPolicy for block replication policy
[2026-03-13T05:05:08.436+0000] {subprocess.py:106} INFO - 26/03/13 05:05:08 INFO BlockManagerMaster: Registering BlockManager BlockManagerId(driver, 499f1d118d82, 38291, None)
[2026-03-13T05:05:08.440+0000] {subprocess.py:106} INFO - 26/03/13 05:05:08 INFO BlockManagerMasterEndpoint: Registering block manager 499f1d118d82:38291 with 434.4 MiB RAM, BlockManagerId(driver, 499f1d118d82, 38291, None)
[2026-03-13T05:05:08.443+0000] {subprocess.py:106} INFO - 26/03/13 05:05:08 INFO BlockManagerMaster: Registered BlockManager BlockManagerId(driver, 499f1d118d82, 38291, None)
[2026-03-13T05:05:08.448+0000] {subprocess.py:106} INFO - 26/03/13 05:05:08 INFO BlockManager: Initialized BlockManager: BlockManagerId(driver, 499f1d118d82, 38291, None)
[2026-03-13T05:05:08.490+0000] {subprocess.py:106} INFO - 26/03/13 05:05:08 INFO StandaloneAppClient$ClientEndpoint: Executor updated: app-20260313050508-0001/0 is now RUNNING
[2026-03-13T05:05:08.819+0000] {subprocess.py:106} INFO - 26/03/13 05:05:08 INFO StandaloneSchedulerBackend: SchedulerBackend is ready for scheduling beginning after reached minRegisteredResourcesRatio: 0.0
[2026-03-13T05:05:09.170+0000] {subprocess.py:106} INFO - 26/03/13 05:05:09 INFO SharedState: Setting hive.metastore.warehouse.dir ('null') to the value of spark.sql.warehouse.dir.
[2026-03-13T05:05:09.174+0000] {subprocess.py:106} INFO - 26/03/13 05:05:09 INFO SharedState: Warehouse path is 'file:/opt/spark/work-dir/spark-warehouse'.
[2026-03-13T05:05:11.768+0000] {subprocess.py:106} INFO - 26/03/13 05:05:11 INFO HiveConf: Found configuration file null
[2026-03-13T05:05:12.019+0000] {subprocess.py:106} INFO - 26/03/13 05:05:12 INFO metastore: Trying to connect to metastore with URI thrift://hive-metastore:9083
[2026-03-13T05:05:12.047+0000] {subprocess.py:106} INFO - 26/03/13 05:05:12 INFO metastore: Opened a connection to metastore, current connections: 1
[2026-03-13T05:05:12.077+0000] {subprocess.py:106} INFO - 26/03/13 05:05:12 INFO metastore: Connected to metastore.
[2026-03-13T05:05:12.167+0000] {subprocess.py:106} INFO - 26/03/13 05:05:12 INFO StandaloneSchedulerBackend$StandaloneDriverEndpoint: Registered executor NettyRpcEndpointRef(spark-client://Executor) (172.30.0.7:42700) with ID 0,  ResourceProfileId 0
[2026-03-13T05:05:12.254+0000] {subprocess.py:106} INFO - 26/03/13 05:05:12 INFO BaseMetastoreTableOperations: Refreshing table metadata from new version: s3a://warehouse/iceberg_data/silver.db/it_jobs_clean/metadata/00012-d4bf1515-f5e1-43ff-b0aa-7bfdff1651d1.metadata.json
[2026-03-13T05:05:12.291+0000] {subprocess.py:106} INFO - 26/03/13 05:05:12 INFO BlockManagerMasterEndpoint: Registering block manager 172.30.0.7:36629 with 434.4 MiB RAM, BlockManagerId(0, 172.30.0.7, 36629, None)
[2026-03-13T05:05:12.482+0000] {subprocess.py:106} INFO - 26/03/13 05:05:12 WARN MetricsConfig: Cannot locate configuration: tried hadoop-metrics2-s3a-file-system.properties,hadoop-metrics2.properties
[2026-03-13T05:05:12.502+0000] {subprocess.py:106} INFO - 26/03/13 05:05:12 INFO MetricsSystemImpl: Scheduled Metric snapshot period at 10 second(s).
[2026-03-13T05:05:12.503+0000] {subprocess.py:106} INFO - 26/03/13 05:05:12 INFO MetricsSystemImpl: s3a-file-system metrics system started
[2026-03-13T05:05:15.885+0000] {subprocess.py:106} INFO - 26/03/13 05:05:15 INFO BaseMetastoreCatalog: Table loaded by catalog: iceberg.silver.it_jobs_clean
[2026-03-13T05:05:17.383+0000] {subprocess.py:106} INFO - 26/03/13 05:05:17 INFO SnapshotScan: Scanning table iceberg.silver.it_jobs_clean snapshot 6358576288456844841 created at 2026-03-11T06:26:19.273+00:00 with filter true
[2026-03-13T05:05:17.581+0000] {subprocess.py:106} INFO - 26/03/13 05:05:17 INFO BaseDistributedDataScan: Planning file tasks locally for table iceberg.silver.it_jobs_clean
[2026-03-13T05:05:17.804+0000] {subprocess.py:106} INFO - 26/03/13 05:05:17 INFO V2ScanRelationPushDown:
[2026-03-13T05:05:17.805+0000] {subprocess.py:106} INFO - Pushing operators to iceberg.silver.it_jobs_clean
[2026-03-13T05:05:17.805+0000] {subprocess.py:106} INFO - Pushed Aggregate Functions:
[2026-03-13T05:05:17.807+0000] {subprocess.py:106} INFO -  MAX(ingest_time)
[2026-03-13T05:05:17.808+0000] {subprocess.py:106} INFO - Pushed Group by:
[2026-03-13T05:05:17.808+0000] {subprocess.py:106} INFO - 
[2026-03-13T05:05:17.809+0000] {subprocess.py:106} INFO - 
[2026-03-13T05:05:18.919+0000] {subprocess.py:106} INFO - 26/03/13 05:05:18 INFO CodeGenerator: Code generated in 251.329602 ms
[2026-03-13T05:05:18.940+0000] {subprocess.py:106} INFO - 26/03/13 05:05:18 INFO CodeGenerator: Code generated in 12.961836 ms
[2026-03-13T05:05:19.051+0000] {subprocess.py:106} INFO - 26/03/13 05:05:19 INFO DAGScheduler: Registering RDD 2 (collect at /opt/spark/scripts/Clean_Silver.py:56) as input to shuffle 0
[2026-03-13T05:05:19.056+0000] {subprocess.py:106} INFO - 26/03/13 05:05:19 INFO DAGScheduler: Got map stage job 0 (collect at /opt/spark/scripts/Clean_Silver.py:56) with 1 output partitions
[2026-03-13T05:05:19.057+0000] {subprocess.py:106} INFO - 26/03/13 05:05:19 INFO DAGScheduler: Final stage: ShuffleMapStage 0 (collect at /opt/spark/scripts/Clean_Silver.py:56)
[2026-03-13T05:05:19.057+0000] {subprocess.py:106} INFO - 26/03/13 05:05:19 INFO DAGScheduler: Parents of final stage: List()
[2026-03-13T05:05:19.060+0000] {subprocess.py:106} INFO - 26/03/13 05:05:19 INFO DAGScheduler: Missing parents: List()
[2026-03-13T05:05:19.064+0000] {subprocess.py:106} INFO - 26/03/13 05:05:19 INFO DAGScheduler: Submitting ShuffleMapStage 0 (MapPartitionsRDD[2] at collect at /opt/spark/scripts/Clean_Silver.py:56), which has no missing parents
[2026-03-13T05:05:19.169+0000] {subprocess.py:106} INFO - 26/03/13 05:05:19 INFO MemoryStore: Block broadcast_0 stored as values in memory (estimated size 12.0 KiB, free 434.4 MiB)
[2026-03-13T05:05:19.207+0000] {subprocess.py:106} INFO - 26/03/13 05:05:19 INFO MemoryStore: Block broadcast_0_piece0 stored as bytes in memory (estimated size 6.0 KiB, free 434.4 MiB)
[2026-03-13T05:05:19.212+0000] {subprocess.py:106} INFO - 26/03/13 05:05:19 INFO BlockManagerInfo: Added broadcast_0_piece0 in memory on 499f1d118d82:38291 (size: 6.0 KiB, free: 434.4 MiB)
[2026-03-13T05:05:19.216+0000] {subprocess.py:106} INFO - 26/03/13 05:05:19 INFO SparkContext: Created broadcast 0 from broadcast at DAGScheduler.scala:1585
[2026-03-13T05:05:19.246+0000] {subprocess.py:106} INFO - 26/03/13 05:05:19 INFO DAGScheduler: Submitting 1 missing tasks from ShuffleMapStage 0 (MapPartitionsRDD[2] at collect at /opt/spark/scripts/Clean_Silver.py:56) (first 15 tasks are for partitions Vector(0))
[2026-03-13T05:05:19.247+0000] {subprocess.py:106} INFO - 26/03/13 05:05:19 INFO TaskSchedulerImpl: Adding task set 0.0 with 1 tasks resource profile 0
[2026-03-13T05:05:19.287+0000] {subprocess.py:106} INFO - 26/03/13 05:05:19 INFO TaskSetManager: Starting task 0.0 in stage 0.0 (TID 0) (172.30.0.7, executor 0, partition 0, PROCESS_LOCAL, 10137 bytes)
[2026-03-13T05:05:19.542+0000] {subprocess.py:106} INFO - 26/03/13 05:05:19 INFO BlockManagerInfo: Added broadcast_0_piece0 in memory on 172.30.0.7:36629 (size: 6.0 KiB, free: 434.4 MiB)
[2026-03-13T05:05:20.431+0000] {subprocess.py:106} INFO - 26/03/13 05:05:20 INFO TaskSetManager: Finished task 0.0 in stage 0.0 (TID 0) in 1161 ms on 172.30.0.7 (executor 0) (1/1)
[2026-03-13T05:05:20.434+0000] {subprocess.py:106} INFO - 26/03/13 05:05:20 INFO TaskSchedulerImpl: Removed TaskSet 0.0, whose tasks have all completed, from pool
[2026-03-13T05:05:20.444+0000] {subprocess.py:106} INFO - 26/03/13 05:05:20 INFO DAGScheduler: ShuffleMapStage 0 (collect at /opt/spark/scripts/Clean_Silver.py:56) finished in 1.367 s
[2026-03-13T05:05:20.451+0000] {subprocess.py:106} INFO - 26/03/13 05:05:20 INFO DAGScheduler: looking for newly runnable stages
[2026-03-13T05:05:20.452+0000] {subprocess.py:106} INFO - 26/03/13 05:05:20 INFO DAGScheduler: running: Set()
[2026-03-13T05:05:20.452+0000] {subprocess.py:106} INFO - 26/03/13 05:05:20 INFO DAGScheduler: waiting: Set()
[2026-03-13T05:05:20.453+0000] {subprocess.py:106} INFO - 26/03/13 05:05:20 INFO DAGScheduler: failed: Set()
[2026-03-13T05:05:20.510+0000] {subprocess.py:106} INFO - 26/03/13 05:05:20 INFO CodeGenerator: Code generated in 18.350611 ms
[2026-03-13T05:05:20.565+0000] {subprocess.py:106} INFO - 26/03/13 05:05:20 INFO SparkContext: Starting job: collect at /opt/spark/scripts/Clean_Silver.py:56
[2026-03-13T05:05:20.570+0000] {subprocess.py:106} INFO - 26/03/13 05:05:20 INFO DAGScheduler: Got job 1 (collect at /opt/spark/scripts/Clean_Silver.py:56) with 1 output partitions
[2026-03-13T05:05:20.571+0000] {subprocess.py:106} INFO - 26/03/13 05:05:20 INFO DAGScheduler: Final stage: ResultStage 2 (collect at /opt/spark/scripts/Clean_Silver.py:56)
[2026-03-13T05:05:20.572+0000] {subprocess.py:106} INFO - 26/03/13 05:05:20 INFO DAGScheduler: Parents of final stage: List(ShuffleMapStage 1)
[2026-03-13T05:05:20.573+0000] {subprocess.py:106} INFO - 26/03/13 05:05:20 INFO DAGScheduler: Missing parents: List()
[2026-03-13T05:05:20.576+0000] {subprocess.py:106} INFO - 26/03/13 05:05:20 INFO DAGScheduler: Submitting ResultStage 2 (MapPartitionsRDD[5] at collect at /opt/spark/scripts/Clean_Silver.py:56), which has no missing parents
[2026-03-13T05:05:20.591+0000] {subprocess.py:106} INFO - 26/03/13 05:05:20 INFO MemoryStore: Block broadcast_1 stored as values in memory (estimated size 13.1 KiB, free 434.4 MiB)
[2026-03-13T05:05:20.608+0000] {subprocess.py:106} INFO - 26/03/13 05:05:20 INFO MemoryStore: Block broadcast_1_piece0 stored as bytes in memory (estimated size 6.1 KiB, free 434.4 MiB)
[2026-03-13T05:05:20.609+0000] {subprocess.py:106} INFO - 26/03/13 05:05:20 INFO BlockManagerInfo: Added broadcast_1_piece0 in memory on 499f1d118d82:38291 (size: 6.1 KiB, free: 434.4 MiB)
[2026-03-13T05:05:20.610+0000] {subprocess.py:106} INFO - 26/03/13 05:05:20 INFO SparkContext: Created broadcast 1 from broadcast at DAGScheduler.scala:1585
[2026-03-13T05:05:20.615+0000] {subprocess.py:106} INFO - 26/03/13 05:05:20 INFO DAGScheduler: Submitting 1 missing tasks from ResultStage 2 (MapPartitionsRDD[5] at collect at /opt/spark/scripts/Clean_Silver.py:56) (first 15 tasks are for partitions Vector(0))
[2026-03-13T05:05:20.616+0000] {subprocess.py:106} INFO - 26/03/13 05:05:20 INFO TaskSchedulerImpl: Adding task set 2.0 with 1 tasks resource profile 0
[2026-03-13T05:05:20.627+0000] {subprocess.py:106} INFO - 26/03/13 05:05:20 INFO TaskSetManager: Starting task 0.0 in stage 2.0 (TID 1) (172.30.0.7, executor 0, partition 0, NODE_LOCAL, 9976 bytes)
[2026-03-13T05:05:20.695+0000] {subprocess.py:106} INFO - 26/03/13 05:05:20 INFO BlockManagerInfo: Removed broadcast_0_piece0 on 499f1d118d82:38291 in memory (size: 6.0 KiB, free: 434.4 MiB)
[2026-03-13T05:05:20.696+0000] {subprocess.py:106} INFO - 26/03/13 05:05:20 INFO BlockManagerInfo: Removed broadcast_0_piece0 on 172.30.0.7:36629 in memory (size: 6.0 KiB, free: 434.4 MiB)
[2026-03-13T05:05:20.709+0000] {subprocess.py:106} INFO - 26/03/13 05:05:20 INFO BlockManagerInfo: Added broadcast_1_piece0 in memory on 172.30.0.7:36629 (size: 6.1 KiB, free: 434.4 MiB)
[2026-03-13T05:05:20.804+0000] {subprocess.py:106} INFO - 26/03/13 05:05:20 INFO MapOutputTrackerMasterEndpoint: Asked to send map output locations for shuffle 0 to 172.30.0.7:42700
[2026-03-13T05:05:20.977+0000] {subprocess.py:106} INFO - 26/03/13 05:05:20 INFO TaskSetManager: Finished task 0.0 in stage 2.0 (TID 1) in 355 ms on 172.30.0.7 (executor 0) (1/1)
[2026-03-13T05:05:20.983+0000] {subprocess.py:106} INFO - 26/03/13 05:05:20 INFO TaskSchedulerImpl: Removed TaskSet 2.0, whose tasks have all completed, from pool
[2026-03-13T05:05:20.984+0000] {subprocess.py:106} INFO - 26/03/13 05:05:20 INFO DAGScheduler: ResultStage 2 (collect at /opt/spark/scripts/Clean_Silver.py:56) finished in 0.391 s
[2026-03-13T05:05:20.985+0000] {subprocess.py:106} INFO - 26/03/13 05:05:20 INFO DAGScheduler: Job 1 is finished. Cancelling potential speculative or zombie tasks for this job
[2026-03-13T05:05:20.985+0000] {subprocess.py:106} INFO - 26/03/13 05:05:20 INFO TaskSchedulerImpl: Killing all running tasks in stage 2: Stage finished
[2026-03-13T05:05:20.986+0000] {subprocess.py:106} INFO - 26/03/13 05:05:20 INFO DAGScheduler: Job 1 finished: collect at /opt/spark/scripts/Clean_Silver.py:56, took 0.419115 s
[2026-03-13T05:05:21.175+0000] {subprocess.py:106} INFO - >>> Watermark (Last Processed Time): 2026-03-11 06:25:40.507818
[2026-03-13T05:05:21.211+0000] {subprocess.py:106} INFO - 26/03/13 05:05:21 INFO BaseMetastoreTableOperations: Refreshing table metadata from new version: s3a://warehouse/iceberg_data/bronze.db/it_jobs_raw/metadata/00013-1891bfb1-e2e6-460f-b5b3-495b36c562ab.metadata.json
[2026-03-13T05:05:21.234+0000] {subprocess.py:106} INFO - 26/03/13 05:05:21 INFO BaseMetastoreCatalog: Table loaded by catalog: iceberg.bronze.it_jobs_raw
[2026-03-13T05:05:21.253+0000] {subprocess.py:106} INFO - >>> INCREMENTAL LOAD: Reading only new data...
[2026-03-13T05:05:21.667+0000] {subprocess.py:106} INFO - 26/03/13 05:05:21 INFO V2ScanRelationPushDown:
[2026-03-13T05:05:21.669+0000] {subprocess.py:106} INFO - Pushing operators to iceberg.bronze.it_jobs_raw
[2026-03-13T05:05:21.669+0000] {subprocess.py:106} INFO - Pushed Filters: ingest_time IS NOT NULL, ingest_time > 1773210340507818
[2026-03-13T05:05:21.670+0000] {subprocess.py:106} INFO - Post-Scan Filters: isnotnull(ingest_time#36),(ingest_time#36 > 2026-03-11 06:25:40.507818)
[2026-03-13T05:05:21.671+0000] {subprocess.py:106} INFO - 
[2026-03-13T05:05:21.734+0000] {subprocess.py:106} INFO - 26/03/13 05:05:21 INFO V2ScanRelationPushDown:
[2026-03-13T05:05:21.735+0000] {subprocess.py:106} INFO - Output: ingest_time#36
[2026-03-13T05:05:21.736+0000] {subprocess.py:106} INFO - 
[2026-03-13T05:05:21.756+0000] {subprocess.py:106} INFO - 26/03/13 05:05:21 INFO SnapshotScan: Scanning table iceberg.bronze.it_jobs_raw snapshot 366328353029816897 created at 2026-03-13T05:04:58.699+00:00 with filter (ingest_time IS NOT NULL AND ingest_time > (16-digit-int))
[2026-03-13T05:05:21.820+0000] {subprocess.py:106} INFO - 26/03/13 05:05:21 INFO BaseDistributedDataScan: Planning file tasks locally for table iceberg.bronze.it_jobs_raw
[2026-03-13T05:05:21.917+0000] {subprocess.py:106} INFO - 26/03/13 05:05:21 INFO BlockManagerInfo: Removed broadcast_1_piece0 on 499f1d118d82:38291 in memory (size: 6.1 KiB, free: 434.4 MiB)
[2026-03-13T05:05:21.929+0000] {subprocess.py:106} INFO - 26/03/13 05:05:21 INFO BlockManagerInfo: Removed broadcast_1_piece0 on 172.30.0.7:36629 in memory (size: 6.1 KiB, free: 434.4 MiB)
[2026-03-13T05:05:21.948+0000] {subprocess.py:106} INFO - 26/03/13 05:05:21 INFO SparkPartitioningAwareScan: Reporting UnknownPartitioning with 1 partition(s) for table iceberg.bronze.it_jobs_raw
[2026-03-13T05:05:21.971+0000] {subprocess.py:106} INFO - 26/03/13 05:05:21 INFO MemoryStore: Block broadcast_2 stored as values in memory (estimated size 32.0 KiB, free 434.4 MiB)
[2026-03-13T05:05:21.998+0000] {subprocess.py:106} INFO - 26/03/13 05:05:21 INFO MemoryStore: Block broadcast_2_piece0 stored as bytes in memory (estimated size 30.3 KiB, free 434.3 MiB)
[2026-03-13T05:05:22.000+0000] {subprocess.py:106} INFO - 26/03/13 05:05:21 INFO BlockManagerInfo: Added broadcast_2_piece0 in memory on 499f1d118d82:38291 (size: 30.3 KiB, free: 434.4 MiB)
[2026-03-13T05:05:22.001+0000] {subprocess.py:106} INFO - 26/03/13 05:05:22 INFO SparkContext: Created broadcast 2 from broadcast at SparkBatch.java:79
[2026-03-13T05:05:22.021+0000] {subprocess.py:106} INFO - 26/03/13 05:05:22 INFO MemoryStore: Block broadcast_3 stored as values in memory (estimated size 32.0 KiB, free 434.3 MiB)
[2026-03-13T05:05:22.025+0000] {subprocess.py:106} INFO - 26/03/13 05:05:22 INFO MemoryStore: Block broadcast_3_piece0 stored as bytes in memory (estimated size 30.2 KiB, free 434.3 MiB)
[2026-03-13T05:05:22.026+0000] {subprocess.py:106} INFO - 26/03/13 05:05:22 INFO BlockManagerInfo: Added broadcast_3_piece0 in memory on 499f1d118d82:38291 (size: 30.2 KiB, free: 434.3 MiB)
[2026-03-13T05:05:22.027+0000] {subprocess.py:106} INFO - 26/03/13 05:05:22 INFO SparkContext: Created broadcast 3 from broadcast at SparkBatch.java:79
[2026-03-13T05:05:22.143+0000] {subprocess.py:106} INFO - 26/03/13 05:05:22 INFO CodeGenerator: Code generated in 24.563674 ms
[2026-03-13T05:05:22.166+0000] {subprocess.py:106} INFO - 26/03/13 05:05:22 INFO DAGScheduler: Registering RDD 9 (count at <unknown>:0) as input to shuffle 1
[2026-03-13T05:05:22.167+0000] {subprocess.py:106} INFO - 26/03/13 05:05:22 INFO DAGScheduler: Got map stage job 2 (count at <unknown>:0) with 1 output partitions
[2026-03-13T05:05:22.168+0000] {subprocess.py:106} INFO - 26/03/13 05:05:22 INFO DAGScheduler: Final stage: ShuffleMapStage 3 (count at <unknown>:0)
[2026-03-13T05:05:22.169+0000] {subprocess.py:106} INFO - 26/03/13 05:05:22 INFO DAGScheduler: Parents of final stage: List()
[2026-03-13T05:05:22.175+0000] {subprocess.py:106} INFO - 26/03/13 05:05:22 INFO DAGScheduler: Missing parents: List()
[2026-03-13T05:05:22.175+0000] {subprocess.py:106} INFO - 26/03/13 05:05:22 INFO DAGScheduler: Submitting ShuffleMapStage 3 (MapPartitionsRDD[9] at count at <unknown>:0), which has no missing parents
[2026-03-13T05:05:22.178+0000] {subprocess.py:106} INFO - 26/03/13 05:05:22 INFO MemoryStore: Block broadcast_4 stored as values in memory (estimated size 17.8 KiB, free 434.3 MiB)
[2026-03-13T05:05:22.189+0000] {subprocess.py:106} INFO - 26/03/13 05:05:22 INFO MemoryStore: Block broadcast_4_piece0 stored as bytes in memory (estimated size 7.6 KiB, free 434.3 MiB)
[2026-03-13T05:05:22.190+0000] {subprocess.py:106} INFO - 26/03/13 05:05:22 INFO BlockManagerInfo: Added broadcast_4_piece0 in memory on 499f1d118d82:38291 (size: 7.6 KiB, free: 434.3 MiB)
[2026-03-13T05:05:22.191+0000] {subprocess.py:106} INFO - 26/03/13 05:05:22 INFO SparkContext: Created broadcast 4 from broadcast at DAGScheduler.scala:1585
[2026-03-13T05:05:22.192+0000] {subprocess.py:106} INFO - 26/03/13 05:05:22 INFO DAGScheduler: Submitting 1 missing tasks from ShuffleMapStage 3 (MapPartitionsRDD[9] at count at <unknown>:0) (first 15 tasks are for partitions Vector(0))
[2026-03-13T05:05:22.193+0000] {subprocess.py:106} INFO - 26/03/13 05:05:22 INFO TaskSchedulerImpl: Adding task set 3.0 with 1 tasks resource profile 0
[2026-03-13T05:05:22.219+0000] {subprocess.py:106} INFO - 26/03/13 05:05:22 INFO TaskSetManager: Starting task 0.0 in stage 3.0 (TID 2) (172.30.0.7, executor 0, partition 0, PROCESS_LOCAL, 15368 bytes)
[2026-03-13T05:05:22.589+0000] {subprocess.py:106} INFO - 26/03/13 05:05:22 INFO BlockManagerInfo: Added broadcast_4_piece0 in memory on 172.30.0.7:36629 (size: 7.6 KiB, free: 434.4 MiB)
[2026-03-13T05:05:22.682+0000] {subprocess.py:106} INFO - 26/03/13 05:05:22 INFO BlockManagerInfo: Added broadcast_3_piece0 in memory on 172.30.0.7:36629 (size: 30.2 KiB, free: 434.4 MiB)
[2026-03-13T05:05:25.460+0000] {subprocess.py:106} INFO - 26/03/13 05:05:25 INFO TaskSetManager: Finished task 0.0 in stage 3.0 (TID 2) in 3264 ms on 172.30.0.7 (executor 0) (1/1)
[2026-03-13T05:05:25.464+0000] {subprocess.py:106} INFO - 26/03/13 05:05:25 INFO TaskSchedulerImpl: Removed TaskSet 3.0, whose tasks have all completed, from pool
[2026-03-13T05:05:25.466+0000] {subprocess.py:106} INFO - 26/03/13 05:05:25 INFO DAGScheduler: ShuffleMapStage 3 (count at <unknown>:0) finished in 3.290 s
[2026-03-13T05:05:25.467+0000] {subprocess.py:106} INFO - 26/03/13 05:05:25 INFO DAGScheduler: looking for newly runnable stages
[2026-03-13T05:05:25.468+0000] {subprocess.py:106} INFO - 26/03/13 05:05:25 INFO DAGScheduler: running: Set()
[2026-03-13T05:05:25.468+0000] {subprocess.py:106} INFO - 26/03/13 05:05:25 INFO DAGScheduler: waiting: Set()
[2026-03-13T05:05:25.469+0000] {subprocess.py:106} INFO - 26/03/13 05:05:25 INFO DAGScheduler: failed: Set()
[2026-03-13T05:05:25.500+0000] {subprocess.py:106} INFO - 26/03/13 05:05:25 INFO CodeGenerator: Code generated in 17.225728 ms
[2026-03-13T05:05:25.522+0000] {subprocess.py:106} INFO - 26/03/13 05:05:25 INFO SparkContext: Starting job: count at <unknown>:0
[2026-03-13T05:05:25.524+0000] {subprocess.py:106} INFO - 26/03/13 05:05:25 INFO DAGScheduler: Got job 3 (count at <unknown>:0) with 1 output partitions
[2026-03-13T05:05:25.525+0000] {subprocess.py:106} INFO - 26/03/13 05:05:25 INFO DAGScheduler: Final stage: ResultStage 5 (count at <unknown>:0)
[2026-03-13T05:05:25.526+0000] {subprocess.py:106} INFO - 26/03/13 05:05:25 INFO DAGScheduler: Parents of final stage: List(ShuffleMapStage 4)
[2026-03-13T05:05:25.527+0000] {subprocess.py:106} INFO - 26/03/13 05:05:25 INFO DAGScheduler: Missing parents: List()
[2026-03-13T05:05:25.528+0000] {subprocess.py:106} INFO - 26/03/13 05:05:25 INFO DAGScheduler: Submitting ResultStage 5 (MapPartitionsRDD[12] at count at <unknown>:0), which has no missing parents
[2026-03-13T05:05:25.531+0000] {subprocess.py:106} INFO - 26/03/13 05:05:25 INFO MemoryStore: Block broadcast_5 stored as values in memory (estimated size 12.5 KiB, free 434.2 MiB)
[2026-03-13T05:05:25.544+0000] {subprocess.py:106} INFO - 26/03/13 05:05:25 INFO MemoryStore: Block broadcast_5_piece0 stored as bytes in memory (estimated size 5.9 KiB, free 434.2 MiB)
[2026-03-13T05:05:25.548+0000] {subprocess.py:106} INFO - 26/03/13 05:05:25 INFO BlockManagerInfo: Added broadcast_5_piece0 in memory on 499f1d118d82:38291 (size: 5.9 KiB, free: 434.3 MiB)
[2026-03-13T05:05:25.555+0000] {subprocess.py:106} INFO - 26/03/13 05:05:25 INFO SparkContext: Created broadcast 5 from broadcast at DAGScheduler.scala:1585
[2026-03-13T05:05:25.556+0000] {subprocess.py:106} INFO - 26/03/13 05:05:25 INFO DAGScheduler: Submitting 1 missing tasks from ResultStage 5 (MapPartitionsRDD[12] at count at <unknown>:0) (first 15 tasks are for partitions Vector(0))
[2026-03-13T05:05:25.558+0000] {subprocess.py:106} INFO - 26/03/13 05:05:25 INFO TaskSchedulerImpl: Adding task set 5.0 with 1 tasks resource profile 0
[2026-03-13T05:05:25.559+0000] {subprocess.py:106} INFO - 26/03/13 05:05:25 INFO BlockManagerInfo: Removed broadcast_4_piece0 on 499f1d118d82:38291 in memory (size: 7.6 KiB, free: 434.3 MiB)
[2026-03-13T05:05:25.560+0000] {subprocess.py:106} INFO - 26/03/13 05:05:25 INFO TaskSetManager: Starting task 0.0 in stage 5.0 (TID 3) (172.30.0.7, executor 0, partition 0, NODE_LOCAL, 9976 bytes)
[2026-03-13T05:05:25.566+0000] {subprocess.py:106} INFO - 26/03/13 05:05:25 INFO BlockManagerInfo: Removed broadcast_4_piece0 on 172.30.0.7:36629 in memory (size: 7.6 KiB, free: 434.4 MiB)
[2026-03-13T05:05:25.610+0000] {subprocess.py:106} INFO - 26/03/13 05:05:25 INFO BlockManagerInfo: Added broadcast_5_piece0 in memory on 172.30.0.7:36629 (size: 5.9 KiB, free: 434.4 MiB)
[2026-03-13T05:05:25.622+0000] {subprocess.py:106} INFO - 26/03/13 05:05:25 INFO MapOutputTrackerMasterEndpoint: Asked to send map output locations for shuffle 1 to 172.30.0.7:42700
[2026-03-13T05:05:25.669+0000] {subprocess.py:106} INFO - 26/03/13 05:05:25 INFO TaskSetManager: Finished task 0.0 in stage 5.0 (TID 3) in 115 ms on 172.30.0.7 (executor 0) (1/1)
[2026-03-13T05:05:25.670+0000] {subprocess.py:106} INFO - 26/03/13 05:05:25 INFO TaskSchedulerImpl: Removed TaskSet 5.0, whose tasks have all completed, from pool
[2026-03-13T05:05:25.675+0000] {subprocess.py:106} INFO - 26/03/13 05:05:25 INFO DAGScheduler: ResultStage 5 (count at <unknown>:0) finished in 0.143 s
[2026-03-13T05:05:25.676+0000] {subprocess.py:106} INFO - 26/03/13 05:05:25 INFO DAGScheduler: Job 3 is finished. Cancelling potential speculative or zombie tasks for this job
[2026-03-13T05:05:25.677+0000] {subprocess.py:106} INFO - 26/03/13 05:05:25 INFO TaskSchedulerImpl: Killing all running tasks in stage 5: Stage finished
[2026-03-13T05:05:25.677+0000] {subprocess.py:106} INFO - 26/03/13 05:05:25 INFO DAGScheduler: Job 3 finished: count at <unknown>:0, took 0.152705 s
[2026-03-13T05:05:25.685+0000] {subprocess.py:106} INFO - >>> Processing 95 records...
[2026-03-13T05:05:26.141+0000] {subprocess.py:106} INFO - 26/03/13 05:05:26 INFO BlockManagerInfo: Removed broadcast_3_piece0 on 499f1d118d82:38291 in memory (size: 30.2 KiB, free: 434.4 MiB)
[2026-03-13T05:05:26.147+0000] {subprocess.py:106} INFO - 26/03/13 05:05:26 INFO BlockManagerInfo: Removed broadcast_3_piece0 on 172.30.0.7:36629 in memory (size: 30.2 KiB, free: 434.4 MiB)
[2026-03-13T05:05:26.156+0000] {subprocess.py:106} INFO - 26/03/13 05:05:26 INFO BlockManagerInfo: Removed broadcast_2_piece0 on 499f1d118d82:38291 in memory (size: 30.3 KiB, free: 434.4 MiB)
[2026-03-13T05:05:26.169+0000] {subprocess.py:106} INFO - 26/03/13 05:05:26 INFO BlockManagerInfo: Removed broadcast_5_piece0 on 499f1d118d82:38291 in memory (size: 5.9 KiB, free: 434.4 MiB)
[2026-03-13T05:05:26.174+0000] {subprocess.py:106} INFO - 26/03/13 05:05:26 INFO BlockManagerInfo: Removed broadcast_5_piece0 on 172.30.0.7:36629 in memory (size: 5.9 KiB, free: 434.4 MiB)
[2026-03-13T05:05:26.394+0000] {subprocess.py:106} INFO - >>> Writing cleaned data to Silver...
[2026-03-13T05:05:26.450+0000] {subprocess.py:106} INFO - >>> Table exists. Performing MERGE (Upsert)...
[2026-03-13T05:05:26.957+0000] {subprocess.py:106} INFO - 26/03/13 05:05:26 INFO V2ScanRelationPushDown:
[2026-03-13T05:05:26.958+0000] {subprocess.py:106} INFO - Pushing operators to iceberg.bronze.it_jobs_raw
[2026-03-13T05:05:26.959+0000] {subprocess.py:106} INFO - Pushed Filters: ingest_time IS NOT NULL, ingest_time > 1773210340507818, job_link IS NOT NULL, NOT (job_link = '')
[2026-03-13T05:05:26.960+0000] {subprocess.py:106} INFO - Post-Scan Filters: isnotnull(ingest_time#36),(ingest_time#36 > 2026-03-11 06:25:40.507818),isnotnull(trim(job_title#26, None)),NOT (trim(job_title#26, None) = ),isnotnull(upper(trim(company_name#27, None))),NOT (upper(trim(company_name#27, None)) = ),isnotnull(job_link#31),NOT (job_link#31 = )
[2026-03-13T05:05:26.960+0000] {subprocess.py:106} INFO - 
[2026-03-13T05:05:26.963+0000] {subprocess.py:106} INFO - 26/03/13 05:05:26 INFO V2ScanRelationPushDown:
[2026-03-13T05:05:26.964+0000] {subprocess.py:106} INFO - Output: job_title#26, company_name#27, location#28, skills_required#29, date_posted#30, job_link#31, job_category#32, work_mode#33, crawl_date#34, date_only#35, ingest_time#36, source#37
[2026-03-13T05:05:26.964+0000] {subprocess.py:106} INFO - 
[2026-03-13T05:05:26.976+0000] {subprocess.py:106} INFO - 26/03/13 05:05:26 INFO SnapshotScan: Scanning table iceberg.bronze.it_jobs_raw snapshot 366328353029816897 created at 2026-03-13T05:04:58.699+00:00 with filter (((ingest_time IS NOT NULL AND ingest_time > (16-digit-int)) AND job_link IS NOT NULL) AND NOT (job_link = (hash-00000000)))
[2026-03-13T05:05:26.978+0000] {subprocess.py:106} INFO - 26/03/13 05:05:26 INFO BaseDistributedDataScan: Planning file tasks locally for table iceberg.bronze.it_jobs_raw
[2026-03-13T05:05:27.076+0000] {subprocess.py:106} INFO - 26/03/13 05:05:27 INFO SparkPartitioningAwareScan: Reporting UnknownPartitioning with 1 partition(s) for table iceberg.bronze.it_jobs_raw
[2026-03-13T05:05:27.171+0000] {subprocess.py:106} INFO - 26/03/13 05:05:27 INFO GroupBasedRowLevelOperationScanPlanning:
[2026-03-13T05:05:27.171+0000] {subprocess.py:106} INFO - Pushing operators to iceberg.silver.it_jobs_clean
[2026-03-13T05:05:27.172+0000] {subprocess.py:106} INFO - Pushed filters:
[2026-03-13T05:05:27.173+0000] {subprocess.py:106} INFO - Filters evaluated on data source side:
[2026-03-13T05:05:27.173+0000] {subprocess.py:106} INFO - Filters evaluated on Spark side:
[2026-03-13T05:05:27.174+0000] {subprocess.py:106} INFO - Output: job_title#284, company_name#285, location#286, skills_required#287, date_posted#288, job_link#289, job_category#290, work_mode#291, crawl_date#292, date_only#293, ingest_time#294, source#295, clean_time#296, _file#299
[2026-03-13T05:05:27.174+0000] {subprocess.py:106} INFO - 
[2026-03-13T05:05:27.175+0000] {subprocess.py:106} INFO - 26/03/13 05:05:27 INFO V2ScanRelationPushDown:
[2026-03-13T05:05:27.175+0000] {subprocess.py:106} INFO - Pushing operators to iceberg.bronze.it_jobs_raw
[2026-03-13T05:05:27.176+0000] {subprocess.py:106} INFO - Pushed Filters: ingest_time IS NOT NULL, ingest_time > 1773210340507818, job_link IS NOT NULL, NOT (job_link = '')
[2026-03-13T05:05:27.176+0000] {subprocess.py:106} INFO - Post-Scan Filters: isnotnull(ingest_time#36),(ingest_time#36 > 2026-03-11 06:25:40.507818),isnotnull(trim(job_title#26, None)),NOT (trim(job_title#26, None) = ),isnotnull(upper(trim(company_name#27, None))),NOT (upper(trim(company_name#27, None)) = ),isnotnull(job_link#31),NOT (job_link#31 = )
[2026-03-13T05:05:27.177+0000] {subprocess.py:106} INFO - 
[2026-03-13T05:05:27.182+0000] {subprocess.py:106} INFO - 26/03/13 05:05:27 INFO V2ScanRelationPushDown:
[2026-03-13T05:05:27.185+0000] {subprocess.py:106} INFO - Output: job_title#26, company_name#27, location#28, skills_required#29, date_posted#30, job_link#31, job_category#32, work_mode#33, crawl_date#34, date_only#35, ingest_time#36, source#37
[2026-03-13T05:05:27.189+0000] {subprocess.py:106} INFO - 
[2026-03-13T05:05:27.191+0000] {subprocess.py:106} INFO - 26/03/13 05:05:27 INFO SnapshotScan: Scanning table iceberg.silver.it_jobs_clean snapshot 6358576288456844841 created at 2026-03-11T06:26:19.273+00:00 with filter true
[2026-03-13T05:05:27.274+0000] {subprocess.py:106} INFO - 26/03/13 05:05:27 INFO SparkPartitioningAwareScan: Reporting UnknownPartitioning with 4 partition(s) for table iceberg.silver.it_jobs_clean
[2026-03-13T05:05:27.278+0000] {subprocess.py:106} INFO - 26/03/13 05:05:27 INFO SnapshotScan: Scanning table iceberg.bronze.it_jobs_raw snapshot 366328353029816897 created at 2026-03-13T05:04:58.699+00:00 with filter (((ingest_time IS NOT NULL AND ingest_time > (16-digit-int)) AND job_link IS NOT NULL) AND NOT (job_link = (hash-00000000)))
[2026-03-13T05:05:27.281+0000] {subprocess.py:106} INFO - 26/03/13 05:05:27 INFO BaseDistributedDataScan: Planning file tasks locally for table iceberg.bronze.it_jobs_raw
[2026-03-13T05:05:27.363+0000] {subprocess.py:106} INFO - 26/03/13 05:05:27 INFO SparkPartitioningAwareScan: Reporting UnknownPartitioning with 1 partition(s) for table iceberg.bronze.it_jobs_raw
[2026-03-13T05:05:27.391+0000] {subprocess.py:106} INFO - 26/03/13 05:05:27 INFO SparkWrite: Requesting 0 bytes advisory partition size for table iceberg.silver.it_jobs_clean
[2026-03-13T05:05:27.392+0000] {subprocess.py:106} INFO - 26/03/13 05:05:27 INFO SparkWrite: Requesting UnspecifiedDistribution as write distribution for table iceberg.silver.it_jobs_clean
[2026-03-13T05:05:27.392+0000] {subprocess.py:106} INFO - 26/03/13 05:05:27 INFO SparkWrite: Requesting [] as write ordering for table iceberg.silver.it_jobs_clean
[2026-03-13T05:05:27.466+0000] {subprocess.py:106} INFO - 26/03/13 05:05:27 INFO V2ScanRelationPushDown:
[2026-03-13T05:05:27.467+0000] {subprocess.py:106} INFO - Pushing operators to iceberg.silver.it_jobs_clean
[2026-03-13T05:05:27.468+0000] {subprocess.py:106} INFO - Pushed Filters: NOT (job_link = ''), job_link IS NOT NULL
[2026-03-13T05:05:27.468+0000] {subprocess.py:106} INFO - Post-Scan Filters: NOT (job_link#421 = ),isnotnull(job_link#421)
[2026-03-13T05:05:27.469+0000] {subprocess.py:106} INFO - 
[2026-03-13T05:05:27.469+0000] {subprocess.py:106} INFO - 26/03/13 05:05:27 INFO V2ScanRelationPushDown:
[2026-03-13T05:05:27.470+0000] {subprocess.py:106} INFO - Output: job_link#421, _file#429
[2026-03-13T05:05:27.470+0000] {subprocess.py:106} INFO - 
[2026-03-13T05:05:27.471+0000] {subprocess.py:106} INFO - 26/03/13 05:05:27 INFO SnapshotScan: Scanning table iceberg.silver.it_jobs_clean snapshot 6358576288456844841 created at 2026-03-11T06:26:19.273+00:00 with filter (NOT (job_link = (hash-00000000)) AND job_link IS NOT NULL)
[2026-03-13T05:05:27.472+0000] {subprocess.py:106} INFO - 26/03/13 05:05:27 INFO BaseDistributedDataScan: Planning file tasks locally for table iceberg.silver.it_jobs_clean
[2026-03-13T05:05:27.558+0000] {subprocess.py:106} INFO - 26/03/13 05:05:27 INFO SparkPartitioningAwareScan: Reporting UnknownPartitioning with 4 partition(s) for table iceberg.silver.it_jobs_clean
[2026-03-13T05:05:27.559+0000] {subprocess.py:106} INFO - 26/03/13 05:05:27 INFO SparkPartitioningAwareScan: Reporting UnknownPartitioning with 1 partition(s) for table iceberg.bronze.it_jobs_raw
[2026-03-13T05:05:27.672+0000] {subprocess.py:106} INFO - 26/03/13 05:05:27 INFO MemoryStore: Block broadcast_6 stored as values in memory (estimated size 32.0 KiB, free 434.4 MiB)
[2026-03-13T05:05:27.686+0000] {subprocess.py:106} INFO - 26/03/13 05:05:27 INFO MemoryStore: Block broadcast_6_piece0 stored as bytes in memory (estimated size 30.4 KiB, free 434.3 MiB)
[2026-03-13T05:05:27.692+0000] {subprocess.py:106} INFO - 26/03/13 05:05:27 INFO BlockManagerInfo: Added broadcast_6_piece0 in memory on 499f1d118d82:38291 (size: 30.4 KiB, free: 434.4 MiB)
[2026-03-13T05:05:27.693+0000] {subprocess.py:106} INFO - 26/03/13 05:05:27 INFO SparkContext: Created broadcast 6 from broadcast at SparkBatch.java:79
[2026-03-13T05:05:27.710+0000] {subprocess.py:106} INFO - 26/03/13 05:05:27 INFO MemoryStore: Block broadcast_7 stored as values in memory (estimated size 32.0 KiB, free 434.3 MiB)
[2026-03-13T05:05:27.714+0000] {subprocess.py:106} INFO - 26/03/13 05:05:27 INFO MemoryStore: Block broadcast_7_piece0 stored as bytes in memory (estimated size 30.2 KiB, free 434.3 MiB)
[2026-03-13T05:05:27.716+0000] {subprocess.py:106} INFO - 26/03/13 05:05:27 INFO BlockManagerInfo: Added broadcast_7_piece0 in memory on 499f1d118d82:38291 (size: 30.2 KiB, free: 434.3 MiB)
[2026-03-13T05:05:27.720+0000] {subprocess.py:106} INFO - 26/03/13 05:05:27 INFO SparkContext: Created broadcast 7 from broadcast at SparkBatch.java:79
[2026-03-13T05:05:27.757+0000] {subprocess.py:106} INFO - 26/03/13 05:05:27 INFO MemoryStore: Block broadcast_8 stored as values in memory (estimated size 32.0 KiB, free 434.2 MiB)
[2026-03-13T05:05:27.763+0000] {subprocess.py:106} INFO - 26/03/13 05:05:27 INFO MemoryStore: Block broadcast_8_piece0 stored as bytes in memory (estimated size 30.4 KiB, free 434.2 MiB)
[2026-03-13T05:05:27.764+0000] {subprocess.py:106} INFO - 26/03/13 05:05:27 INFO BlockManagerInfo: Added broadcast_8_piece0 in memory on 499f1d118d82:38291 (size: 30.4 KiB, free: 434.3 MiB)
[2026-03-13T05:05:27.765+0000] {subprocess.py:106} INFO - 26/03/13 05:05:27 INFO SparkContext: Created broadcast 8 from broadcast at SparkBatch.java:79
[2026-03-13T05:05:27.771+0000] {subprocess.py:106} INFO - 26/03/13 05:05:27 INFO MemoryStore: Block broadcast_9 stored as values in memory (estimated size 32.0 KiB, free 434.2 MiB)
[2026-03-13T05:05:27.785+0000] {subprocess.py:106} INFO - 26/03/13 05:05:27 INFO MemoryStore: Block broadcast_9_piece0 stored as bytes in memory (estimated size 30.2 KiB, free 434.2 MiB)
[2026-03-13T05:05:27.787+0000] {subprocess.py:106} INFO - 26/03/13 05:05:27 INFO BlockManagerInfo: Added broadcast_9_piece0 in memory on 499f1d118d82:38291 (size: 30.2 KiB, free: 434.3 MiB)
[2026-03-13T05:05:27.788+0000] {subprocess.py:106} INFO - 26/03/13 05:05:27 INFO SparkContext: Created broadcast 9 from broadcast at SparkBatch.java:79
[2026-03-13T05:05:27.820+0000] {subprocess.py:106} INFO - 26/03/13 05:05:27 INFO MemoryStore: Block broadcast_10 stored as values in memory (estimated size 32.0 KiB, free 434.1 MiB)
[2026-03-13T05:05:27.838+0000] {subprocess.py:106} INFO - 26/03/13 05:05:27 INFO MemoryStore: Block broadcast_10_piece0 stored as bytes in memory (estimated size 30.4 KiB, free 434.1 MiB)
[2026-03-13T05:05:27.839+0000] {subprocess.py:106} INFO - 26/03/13 05:05:27 INFO BlockManagerInfo: Added broadcast_10_piece0 in memory on 499f1d118d82:38291 (size: 30.4 KiB, free: 434.3 MiB)
[2026-03-13T05:05:27.841+0000] {subprocess.py:106} INFO - 26/03/13 05:05:27 INFO SparkContext: Created broadcast 10 from broadcast at SparkBatch.java:79
[2026-03-13T05:05:27.846+0000] {subprocess.py:106} INFO - 26/03/13 05:05:27 INFO MemoryStore: Block broadcast_11 stored as values in memory (estimated size 32.0 KiB, free 434.1 MiB)
[2026-03-13T05:05:27.851+0000] {subprocess.py:106} INFO - 26/03/13 05:05:27 INFO MemoryStore: Block broadcast_11_piece0 stored as bytes in memory (estimated size 30.2 KiB, free 434.0 MiB)
[2026-03-13T05:05:27.853+0000] {subprocess.py:106} INFO - 26/03/13 05:05:27 INFO BlockManagerInfo: Added broadcast_11_piece0 in memory on 499f1d118d82:38291 (size: 30.2 KiB, free: 434.2 MiB)
[2026-03-13T05:05:27.853+0000] {subprocess.py:106} INFO - 26/03/13 05:05:27 INFO SparkContext: Created broadcast 11 from broadcast at SparkBatch.java:79
[2026-03-13T05:05:28.013+0000] {subprocess.py:106} INFO - 26/03/13 05:05:28 INFO CodeGenerator: Code generated in 31.556331 ms
[2026-03-13T05:05:28.093+0000] {subprocess.py:106} INFO - 26/03/13 05:05:28 INFO CodeGenerator: Code generated in 68.488278 ms
[2026-03-13T05:05:28.146+0000] {subprocess.py:106} INFO - 26/03/13 05:05:28 INFO DAGScheduler: Registering RDD 16 ($anonfun$withThreadLocalCaptured$1 at <unknown>:0) as input to shuffle 2
[2026-03-13T05:05:28.147+0000] {subprocess.py:106} INFO - 26/03/13 05:05:28 INFO DAGScheduler: Got map stage job 4 ($anonfun$withThreadLocalCaptured$1 at <unknown>:0) with 1 output partitions
[2026-03-13T05:05:28.151+0000] {subprocess.py:106} INFO - 26/03/13 05:05:28 INFO DAGScheduler: Final stage: ShuffleMapStage 6 ($anonfun$withThreadLocalCaptured$1 at <unknown>:0)
[2026-03-13T05:05:28.152+0000] {subprocess.py:106} INFO - 26/03/13 05:05:28 INFO DAGScheduler: Parents of final stage: List()
[2026-03-13T05:05:28.152+0000] {subprocess.py:106} INFO - 26/03/13 05:05:28 INFO DAGScheduler: Missing parents: List()
[2026-03-13T05:05:28.153+0000] {subprocess.py:106} INFO - 26/03/13 05:05:28 INFO DAGScheduler: Submitting ShuffleMapStage 6 (MapPartitionsRDD[16] at $anonfun$withThreadLocalCaptured$1 at <unknown>:0), which has no missing parents
[2026-03-13T05:05:28.153+0000] {subprocess.py:106} INFO - 26/03/13 05:05:28 INFO MemoryStore: Block broadcast_12 stored as values in memory (estimated size 44.9 KiB, free 434.0 MiB)
[2026-03-13T05:05:28.167+0000] {subprocess.py:106} INFO - 26/03/13 05:05:28 INFO MemoryStore: Block broadcast_12_piece0 stored as bytes in memory (estimated size 18.7 KiB, free 434.0 MiB)
[2026-03-13T05:05:28.171+0000] {subprocess.py:106} INFO - 26/03/13 05:05:28 INFO BlockManagerInfo: Added broadcast_12_piece0 in memory on 499f1d118d82:38291 (size: 18.7 KiB, free: 434.2 MiB)
[2026-03-13T05:05:28.172+0000] {subprocess.py:106} INFO - 26/03/13 05:05:28 INFO SparkContext: Created broadcast 12 from broadcast at DAGScheduler.scala:1585
[2026-03-13T05:05:28.173+0000] {subprocess.py:106} INFO - 26/03/13 05:05:28 INFO DAGScheduler: Submitting 1 missing tasks from ShuffleMapStage 6 (MapPartitionsRDD[16] at $anonfun$withThreadLocalCaptured$1 at <unknown>:0) (first 15 tasks are for partitions Vector(0))
[2026-03-13T05:05:28.173+0000] {subprocess.py:106} INFO - 26/03/13 05:05:28 INFO TaskSchedulerImpl: Adding task set 6.0 with 1 tasks resource profile 0
[2026-03-13T05:05:28.176+0000] {subprocess.py:106} INFO - 26/03/13 05:05:28 INFO TaskSetManager: Starting task 0.0 in stage 6.0 (TID 4) (172.30.0.7, executor 0, partition 0, PROCESS_LOCAL, 16292 bytes)
[2026-03-13T05:05:28.201+0000] {subprocess.py:106} INFO - 26/03/13 05:05:28 INFO BlockManagerInfo: Added broadcast_12_piece0 in memory on 172.30.0.7:36629 (size: 18.7 KiB, free: 434.4 MiB)
[2026-03-13T05:05:28.716+0000] {subprocess.py:106} INFO - 26/03/13 05:05:28 INFO BlockManagerInfo: Added broadcast_9_piece0 in memory on 172.30.0.7:36629 (size: 30.2 KiB, free: 434.4 MiB)
[2026-03-13T05:05:28.922+0000] {subprocess.py:106} INFO - 26/03/13 05:05:28 INFO TaskSetManager: Finished task 0.0 in stage 6.0 (TID 4) in 747 ms on 172.30.0.7 (executor 0) (1/1)
[2026-03-13T05:05:28.923+0000] {subprocess.py:106} INFO - 26/03/13 05:05:28 INFO TaskSchedulerImpl: Removed TaskSet 6.0, whose tasks have all completed, from pool
[2026-03-13T05:05:28.928+0000] {subprocess.py:106} INFO - 26/03/13 05:05:28 INFO DAGScheduler: ShuffleMapStage 6 ($anonfun$withThreadLocalCaptured$1 at <unknown>:0) finished in 0.773 s
[2026-03-13T05:05:28.931+0000] {subprocess.py:106} INFO - 26/03/13 05:05:28 INFO DAGScheduler: looking for newly runnable stages
[2026-03-13T05:05:28.932+0000] {subprocess.py:106} INFO - 26/03/13 05:05:28 INFO DAGScheduler: running: Set()
[2026-03-13T05:05:28.933+0000] {subprocess.py:106} INFO - 26/03/13 05:05:28 INFO DAGScheduler: waiting: Set()
[2026-03-13T05:05:28.935+0000] {subprocess.py:106} INFO - 26/03/13 05:05:28 INFO DAGScheduler: failed: Set()
[2026-03-13T05:05:28.956+0000] {subprocess.py:106} INFO - 26/03/13 05:05:28 INFO MemoryStore: Block broadcast_13 stored as values in memory (estimated size 32.0 KiB, free 433.9 MiB)
[2026-03-13T05:05:28.972+0000] {subprocess.py:106} INFO - 26/03/13 05:05:28 INFO MemoryStore: Block broadcast_13_piece0 stored as bytes in memory (estimated size 30.4 KiB, free 433.9 MiB)
[2026-03-13T05:05:28.974+0000] {subprocess.py:106} INFO - 26/03/13 05:05:28 INFO BlockManagerInfo: Added broadcast_13_piece0 in memory on 499f1d118d82:38291 (size: 30.4 KiB, free: 434.2 MiB)
[2026-03-13T05:05:28.975+0000] {subprocess.py:106} INFO - 26/03/13 05:05:28 INFO BlockManagerInfo: Removed broadcast_12_piece0 on 499f1d118d82:38291 in memory (size: 18.7 KiB, free: 434.2 MiB)
[2026-03-13T05:05:28.976+0000] {subprocess.py:106} INFO - 26/03/13 05:05:28 INFO SparkContext: Created broadcast 13 from broadcast at SparkBatch.java:79
[2026-03-13T05:05:28.978+0000] {subprocess.py:106} INFO - 26/03/13 05:05:28 INFO BlockManagerInfo: Removed broadcast_12_piece0 on 172.30.0.7:36629 in memory (size: 18.7 KiB, free: 434.4 MiB)
[2026-03-13T05:05:29.000+0000] {subprocess.py:106} INFO - 26/03/13 05:05:28 INFO ShufflePartitionsUtil: For shuffle(2), advisory target size: 67108864, actual target size 1048576, minimum partition size: 1048576
[2026-03-13T05:05:29.100+0000] {subprocess.py:106} INFO - 26/03/13 05:05:29 INFO CodeGenerator: Code generated in 43.447631 ms
[2026-03-13T05:05:29.164+0000] {subprocess.py:106} INFO - 26/03/13 05:05:29 INFO SparkContext: Starting job: $anonfun$withThreadLocalCaptured$1 at <unknown>:0
[2026-03-13T05:05:29.166+0000] {subprocess.py:106} INFO - 26/03/13 05:05:29 INFO DAGScheduler: Got job 5 ($anonfun$withThreadLocalCaptured$1 at <unknown>:0) with 1 output partitions
[2026-03-13T05:05:29.168+0000] {subprocess.py:106} INFO - 26/03/13 05:05:29 INFO DAGScheduler: Final stage: ResultStage 8 ($anonfun$withThreadLocalCaptured$1 at <unknown>:0)
[2026-03-13T05:05:29.169+0000] {subprocess.py:106} INFO - 26/03/13 05:05:29 INFO DAGScheduler: Parents of final stage: List(ShuffleMapStage 7)
[2026-03-13T05:05:29.169+0000] {subprocess.py:106} INFO - 26/03/13 05:05:29 INFO DAGScheduler: Missing parents: List()
[2026-03-13T05:05:29.172+0000] {subprocess.py:106} INFO - 26/03/13 05:05:29 INFO DAGScheduler: Submitting ResultStage 8 (MapPartitionsRDD[19] at $anonfun$withThreadLocalCaptured$1 at <unknown>:0), which has no missing parents
[2026-03-13T05:05:29.178+0000] {subprocess.py:106} INFO - 26/03/13 05:05:29 INFO MemoryStore: Block broadcast_14 stored as values in memory (estimated size 44.9 KiB, free 433.9 MiB)
[2026-03-13T05:05:29.207+0000] {subprocess.py:106} INFO - 26/03/13 05:05:29 INFO MemoryStore: Block broadcast_14_piece0 stored as bytes in memory (estimated size 19.9 KiB, free 433.9 MiB)
[2026-03-13T05:05:29.208+0000] {subprocess.py:106} INFO - 26/03/13 05:05:29 INFO BlockManagerInfo: Added broadcast_14_piece0 in memory on 499f1d118d82:38291 (size: 19.9 KiB, free: 434.2 MiB)
[2026-03-13T05:05:29.209+0000] {subprocess.py:106} INFO - 26/03/13 05:05:29 INFO SparkContext: Created broadcast 14 from broadcast at DAGScheduler.scala:1585
[2026-03-13T05:05:29.209+0000] {subprocess.py:106} INFO - 26/03/13 05:05:29 INFO DAGScheduler: Submitting 1 missing tasks from ResultStage 8 (MapPartitionsRDD[19] at $anonfun$withThreadLocalCaptured$1 at <unknown>:0) (first 15 tasks are for partitions Vector(0))
[2026-03-13T05:05:29.210+0000] {subprocess.py:106} INFO - 26/03/13 05:05:29 INFO TaskSchedulerImpl: Adding task set 8.0 with 1 tasks resource profile 0
[2026-03-13T05:05:29.211+0000] {subprocess.py:106} INFO - 26/03/13 05:05:29 INFO TaskSetManager: Starting task 0.0 in stage 8.0 (TID 5) (172.30.0.7, executor 0, partition 0, NODE_LOCAL, 9976 bytes)
[2026-03-13T05:05:29.213+0000] {subprocess.py:106} INFO - 26/03/13 05:05:29 INFO BlockManagerInfo: Removed broadcast_13_piece0 on 499f1d118d82:38291 in memory (size: 30.4 KiB, free: 434.2 MiB)
[2026-03-13T05:05:29.245+0000] {subprocess.py:106} INFO - 26/03/13 05:05:29 INFO BlockManagerInfo: Added broadcast_14_piece0 in memory on 172.30.0.7:36629 (size: 19.9 KiB, free: 434.4 MiB)
[2026-03-13T05:05:29.303+0000] {subprocess.py:106} INFO - 26/03/13 05:05:29 INFO MapOutputTrackerMasterEndpoint: Asked to send map output locations for shuffle 2 to 172.30.0.7:42700
[2026-03-13T05:05:29.413+0000] {subprocess.py:106} INFO - 26/03/13 05:05:29 INFO TaskSetManager: Finished task 0.0 in stage 8.0 (TID 5) in 202 ms on 172.30.0.7 (executor 0) (1/1)
[2026-03-13T05:05:29.417+0000] {subprocess.py:106} INFO - 26/03/13 05:05:29 INFO TaskSchedulerImpl: Removed TaskSet 8.0, whose tasks have all completed, from pool
[2026-03-13T05:05:29.418+0000] {subprocess.py:106} INFO - 26/03/13 05:05:29 INFO DAGScheduler: ResultStage 8 ($anonfun$withThreadLocalCaptured$1 at <unknown>:0) finished in 0.238 s
[2026-03-13T05:05:29.419+0000] {subprocess.py:106} INFO - 26/03/13 05:05:29 INFO DAGScheduler: Job 5 is finished. Cancelling potential speculative or zombie tasks for this job
[2026-03-13T05:05:29.420+0000] {subprocess.py:106} INFO - 26/03/13 05:05:29 INFO TaskSchedulerImpl: Killing all running tasks in stage 8: Stage finished
[2026-03-13T05:05:29.425+0000] {subprocess.py:106} INFO - 26/03/13 05:05:29 INFO DAGScheduler: Job 5 finished: $anonfun$withThreadLocalCaptured$1 at <unknown>:0, took 0.250736 s
[2026-03-13T05:05:29.459+0000] {subprocess.py:106} INFO - 26/03/13 05:05:29 INFO CodeGenerator: Code generated in 10.351344 ms
[2026-03-13T05:05:29.489+0000] {subprocess.py:106} INFO - 26/03/13 05:05:29 INFO BlockManagerInfo: Removed broadcast_14_piece0 on 172.30.0.7:36629 in memory (size: 19.9 KiB, free: 434.4 MiB)
[2026-03-13T05:05:29.490+0000] {subprocess.py:106} INFO - 26/03/13 05:05:29 INFO MemoryStore: Block broadcast_15_piece0 stored as bytes in memory (estimated size 5.8 KiB, free 434.0 MiB)
[2026-03-13T05:05:29.491+0000] {subprocess.py:106} INFO - 26/03/13 05:05:29 INFO BlockManagerInfo: Added broadcast_15_piece0 in memory on 499f1d118d82:38291 (size: 5.8 KiB, free: 434.2 MiB)
[2026-03-13T05:05:29.491+0000] {subprocess.py:106} INFO - 26/03/13 05:05:29 INFO SparkContext: Created broadcast 15 from $anonfun$withThreadLocalCaptured$1 at <unknown>:0
[2026-03-13T05:05:29.494+0000] {subprocess.py:106} INFO - 26/03/13 05:05:29 INFO BlockManagerInfo: Removed broadcast_14_piece0 on 499f1d118d82:38291 in memory (size: 19.9 KiB, free: 434.2 MiB)
[2026-03-13T05:05:29.504+0000] {subprocess.py:106} INFO - 26/03/13 05:05:29 INFO MemoryStore: Block broadcast_16 stored as values in memory (estimated size 32.0 KiB, free 434.0 MiB)
[2026-03-13T05:05:29.508+0000] {subprocess.py:106} INFO - 26/03/13 05:05:29 INFO MemoryStore: Block broadcast_16_piece0 stored as bytes in memory (estimated size 30.3 KiB, free 434.0 MiB)
[2026-03-13T05:05:29.514+0000] {subprocess.py:106} INFO - 26/03/13 05:05:29 INFO BlockManagerInfo: Added broadcast_16_piece0 in memory on 499f1d118d82:38291 (size: 30.3 KiB, free: 434.2 MiB)
[2026-03-13T05:05:29.515+0000] {subprocess.py:106} INFO - 26/03/13 05:05:29 INFO SparkContext: Created broadcast 16 from broadcast at SparkBatch.java:79
[2026-03-13T05:05:29.603+0000] {subprocess.py:106} INFO - 26/03/13 05:05:29 INFO CodeGenerator: Code generated in 40.274632 ms
[2026-03-13T05:05:29.632+0000] {subprocess.py:106} INFO - 26/03/13 05:05:29 INFO DAGScheduler: Registering RDD 23 ($anonfun$withThreadLocalCaptured$1 at <unknown>:0) as input to shuffle 3
[2026-03-13T05:05:29.634+0000] {subprocess.py:106} INFO - 26/03/13 05:05:29 INFO DAGScheduler: Got map stage job 6 ($anonfun$withThreadLocalCaptured$1 at <unknown>:0) with 4 output partitions
[2026-03-13T05:05:29.635+0000] {subprocess.py:106} INFO - 26/03/13 05:05:29 INFO DAGScheduler: Final stage: ShuffleMapStage 9 ($anonfun$withThreadLocalCaptured$1 at <unknown>:0)
[2026-03-13T05:05:29.635+0000] {subprocess.py:106} INFO - 26/03/13 05:05:29 INFO DAGScheduler: Parents of final stage: List()
[2026-03-13T05:05:29.636+0000] {subprocess.py:106} INFO - 26/03/13 05:05:29 INFO DAGScheduler: Missing parents: List()
[2026-03-13T05:05:29.641+0000] {subprocess.py:106} INFO - 26/03/13 05:05:29 INFO DAGScheduler: Submitting ShuffleMapStage 9 (MapPartitionsRDD[23] at $anonfun$withThreadLocalCaptured$1 at <unknown>:0), which has no missing parents
[2026-03-13T05:05:29.643+0000] {subprocess.py:106} INFO - 26/03/13 05:05:29 INFO MemoryStore: Block broadcast_17 stored as values in memory (estimated size 57.9 KiB, free 433.9 MiB)
[2026-03-13T05:05:29.661+0000] {subprocess.py:106} INFO - 26/03/13 05:05:29 INFO MemoryStore: Block broadcast_17_piece0 stored as bytes in memory (estimated size 24.3 KiB, free 433.9 MiB)
[2026-03-13T05:05:29.665+0000] {subprocess.py:106} INFO - 26/03/13 05:05:29 INFO BlockManagerInfo: Added broadcast_17_piece0 in memory on 499f1d118d82:38291 (size: 24.3 KiB, free: 434.2 MiB)
[2026-03-13T05:05:29.677+0000] {subprocess.py:106} INFO - 26/03/13 05:05:29 INFO SparkContext: Created broadcast 17 from broadcast at DAGScheduler.scala:1585
[2026-03-13T05:05:29.680+0000] {subprocess.py:106} INFO - 26/03/13 05:05:29 INFO DAGScheduler: Submitting 4 missing tasks from ShuffleMapStage 9 (MapPartitionsRDD[23] at $anonfun$withThreadLocalCaptured$1 at <unknown>:0) (first 15 tasks are for partitions Vector(0, 1, 2, 3))
[2026-03-13T05:05:29.681+0000] {subprocess.py:106} INFO - 26/03/13 05:05:29 INFO TaskSchedulerImpl: Adding task set 9.0 with 4 tasks resource profile 0
[2026-03-13T05:05:29.683+0000] {subprocess.py:106} INFO - 26/03/13 05:05:29 INFO BlockManagerInfo: Removed broadcast_16_piece0 on 499f1d118d82:38291 in memory (size: 30.3 KiB, free: 434.2 MiB)
[2026-03-13T05:05:29.686+0000] {subprocess.py:106} INFO - 26/03/13 05:05:29 INFO TaskSetManager: Starting task 0.0 in stage 9.0 (TID 6) (172.30.0.7, executor 0, partition 0, PROCESS_LOCAL, 17030 bytes)
[2026-03-13T05:05:29.721+0000] {subprocess.py:106} INFO - 26/03/13 05:05:29 INFO BlockManagerInfo: Added broadcast_17_piece0 in memory on 172.30.0.7:36629 (size: 24.3 KiB, free: 434.3 MiB)
[2026-03-13T05:05:29.881+0000] {subprocess.py:106} INFO - 26/03/13 05:05:29 INFO BlockManagerInfo: Added broadcast_15_piece0 in memory on 172.30.0.7:36629 (size: 5.8 KiB, free: 434.3 MiB)
[2026-03-13T05:05:30.006+0000] {subprocess.py:106} INFO - 26/03/13 05:05:30 INFO BlockManagerInfo: Added broadcast_8_piece0 in memory on 172.30.0.7:36629 (size: 30.4 KiB, free: 434.3 MiB)
[2026-03-13T05:05:30.354+0000] {subprocess.py:106} INFO - 26/03/13 05:05:30 INFO TaskSetManager: Starting task 1.0 in stage 9.0 (TID 7) (172.30.0.7, executor 0, partition 1, PROCESS_LOCAL, 17023 bytes)
[2026-03-13T05:05:30.355+0000] {subprocess.py:106} INFO - 26/03/13 05:05:30 INFO TaskSetManager: Finished task 0.0 in stage 9.0 (TID 6) in 670 ms on 172.30.0.7 (executor 0) (1/4)
[2026-03-13T05:05:30.591+0000] {subprocess.py:106} INFO - 26/03/13 05:05:30 INFO TaskSetManager: Starting task 2.0 in stage 9.0 (TID 8) (172.30.0.7, executor 0, partition 2, PROCESS_LOCAL, 17032 bytes)
[2026-03-13T05:05:30.592+0000] {subprocess.py:106} INFO - 26/03/13 05:05:30 INFO TaskSetManager: Finished task 1.0 in stage 9.0 (TID 7) in 244 ms on 172.30.0.7 (executor 0) (2/4)
[2026-03-13T05:05:30.801+0000] {subprocess.py:106} INFO - 26/03/13 05:05:30 INFO TaskSetManager: Starting task 3.0 in stage 9.0 (TID 9) (172.30.0.7, executor 0, partition 3, PROCESS_LOCAL, 15647 bytes)
[2026-03-13T05:05:30.803+0000] {subprocess.py:106} INFO - 26/03/13 05:05:30 INFO TaskSetManager: Finished task 2.0 in stage 9.0 (TID 8) in 217 ms on 172.30.0.7 (executor 0) (3/4)
[2026-03-13T05:05:30.899+0000] {subprocess.py:106} INFO - 26/03/13 05:05:30 INFO TaskSetManager: Finished task 3.0 in stage 9.0 (TID 9) in 97 ms on 172.30.0.7 (executor 0) (4/4)
[2026-03-13T05:05:30.900+0000] {subprocess.py:106} INFO - 26/03/13 05:05:30 INFO TaskSchedulerImpl: Removed TaskSet 9.0, whose tasks have all completed, from pool
[2026-03-13T05:05:30.901+0000] {subprocess.py:106} INFO - 26/03/13 05:05:30 INFO DAGScheduler: ShuffleMapStage 9 ($anonfun$withThreadLocalCaptured$1 at <unknown>:0) finished in 1.259 s
[2026-03-13T05:05:30.901+0000] {subprocess.py:106} INFO - 26/03/13 05:05:30 INFO DAGScheduler: looking for newly runnable stages
[2026-03-13T05:05:30.902+0000] {subprocess.py:106} INFO - 26/03/13 05:05:30 INFO DAGScheduler: running: Set()
[2026-03-13T05:05:30.902+0000] {subprocess.py:106} INFO - 26/03/13 05:05:30 INFO DAGScheduler: waiting: Set()
[2026-03-13T05:05:30.902+0000] {subprocess.py:106} INFO - 26/03/13 05:05:30 INFO DAGScheduler: failed: Set()
[2026-03-13T05:05:30.913+0000] {subprocess.py:106} INFO - 26/03/13 05:05:30 INFO MemoryStore: Block broadcast_18 stored as values in memory (estimated size 40.0 B, free 433.9 MiB)
[2026-03-13T05:05:30.930+0000] {subprocess.py:106} INFO - 26/03/13 05:05:30 INFO MemoryStore: Block broadcast_18_piece0 stored as bytes in memory (estimated size 86.0 B, free 433.9 MiB)
[2026-03-13T05:05:30.937+0000] {subprocess.py:106} INFO - 26/03/13 05:05:30 INFO BlockManagerInfo: Added broadcast_18_piece0 in memory on 499f1d118d82:38291 (size: 86.0 B, free: 434.2 MiB)
[2026-03-13T05:05:30.943+0000] {subprocess.py:106} INFO - 26/03/13 05:05:30 INFO BlockManagerInfo: Removed broadcast_17_piece0 on 499f1d118d82:38291 in memory (size: 24.3 KiB, free: 434.2 MiB)
[2026-03-13T05:05:30.944+0000] {subprocess.py:106} INFO - 26/03/13 05:05:30 INFO BlockManagerInfo: Removed broadcast_17_piece0 on 172.30.0.7:36629 in memory (size: 24.3 KiB, free: 434.3 MiB)
[2026-03-13T05:05:30.945+0000] {subprocess.py:106} INFO - 26/03/13 05:05:30 INFO SparkContext: Created broadcast 18 from sql at <unknown>:0
[2026-03-13T05:05:30.964+0000] {subprocess.py:106} INFO - 26/03/13 05:05:30 INFO SparkCopyOnWriteScan: 0 of 13 task(s) for table iceberg.silver.it_jobs_clean matched runtime file filter with 0 location(s)
[2026-03-13T05:05:30.969+0000] {subprocess.py:106} INFO - 26/03/13 05:05:30 INFO MemoryStore: Block broadcast_19 stored as values in memory (estimated size 32.0 KiB, free 434.0 MiB)
[2026-03-13T05:05:30.973+0000] {subprocess.py:106} INFO - 26/03/13 05:05:30 INFO MemoryStore: Block broadcast_19_piece0 stored as bytes in memory (estimated size 30.4 KiB, free 434.0 MiB)
[2026-03-13T05:05:30.975+0000] {subprocess.py:106} INFO - 26/03/13 05:05:30 INFO BlockManagerInfo: Added broadcast_19_piece0 in memory on 499f1d118d82:38291 (size: 30.4 KiB, free: 434.2 MiB)
[2026-03-13T05:05:30.977+0000] {subprocess.py:106} INFO - 26/03/13 05:05:30 INFO SparkContext: Created broadcast 19 from broadcast at SparkBatch.java:79
[2026-03-13T05:05:31.028+0000] {subprocess.py:106} INFO - 26/03/13 05:05:31 INFO CodeGenerator: Code generated in 13.492433 ms
[2026-03-13T05:05:31.071+0000] {subprocess.py:106} INFO - 26/03/13 05:05:31 INFO CodeGenerator: Code generated in 26.064393 ms
[2026-03-13T05:05:31.121+0000] {subprocess.py:106} INFO - 26/03/13 05:05:31 INFO DAGScheduler: Registering RDD 33 (sql at <unknown>:0) as input to shuffle 4
[2026-03-13T05:05:31.122+0000] {subprocess.py:106} INFO - 26/03/13 05:05:31 INFO DAGScheduler: Got map stage job 7 (sql at <unknown>:0) with 1 output partitions
[2026-03-13T05:05:31.122+0000] {subprocess.py:106} INFO - 26/03/13 05:05:31 INFO DAGScheduler: Final stage: ShuffleMapStage 10 (sql at <unknown>:0)
[2026-03-13T05:05:31.123+0000] {subprocess.py:106} INFO - 26/03/13 05:05:31 INFO DAGScheduler: Parents of final stage: List()
[2026-03-13T05:05:31.126+0000] {subprocess.py:106} INFO - 26/03/13 05:05:31 INFO DAGScheduler: Missing parents: List()
[2026-03-13T05:05:31.127+0000] {subprocess.py:106} INFO - 26/03/13 05:05:31 INFO DAGScheduler: Submitting ShuffleMapStage 10 (MapPartitionsRDD[33] at sql at <unknown>:0), which has no missing parents
[2026-03-13T05:05:31.146+0000] {subprocess.py:106} INFO - 26/03/13 05:05:31 INFO MemoryStore: Block broadcast_20 stored as values in memory (estimated size 59.0 KiB, free 433.9 MiB)
[2026-03-13T05:05:31.159+0000] {subprocess.py:106} INFO - 26/03/13 05:05:31 INFO MemoryStore: Block broadcast_20_piece0 stored as bytes in memory (estimated size 22.9 KiB, free 433.9 MiB)
[2026-03-13T05:05:31.160+0000] {subprocess.py:106} INFO - 26/03/13 05:05:31 INFO BlockManagerInfo: Added broadcast_20_piece0 in memory on 499f1d118d82:38291 (size: 22.9 KiB, free: 434.2 MiB)
[2026-03-13T05:05:31.162+0000] {subprocess.py:106} INFO - 26/03/13 05:05:31 INFO SparkContext: Created broadcast 20 from broadcast at DAGScheduler.scala:1585
[2026-03-13T05:05:31.163+0000] {subprocess.py:106} INFO - 26/03/13 05:05:31 INFO DAGScheduler: Submitting 1 missing tasks from ShuffleMapStage 10 (MapPartitionsRDD[33] at sql at <unknown>:0) (first 15 tasks are for partitions Vector(0))
[2026-03-13T05:05:31.163+0000] {subprocess.py:106} INFO - 26/03/13 05:05:31 INFO TaskSchedulerImpl: Adding task set 10.0 with 1 tasks resource profile 0
[2026-03-13T05:05:31.165+0000] {subprocess.py:106} INFO - 26/03/13 05:05:31 INFO BlockManagerInfo: Removed broadcast_19_piece0 on 499f1d118d82:38291 in memory (size: 30.4 KiB, free: 434.2 MiB)
[2026-03-13T05:05:31.169+0000] {subprocess.py:106} INFO - 26/03/13 05:05:31 INFO TaskSetManager: Starting task 0.0 in stage 10.0 (TID 10) (172.30.0.7, executor 0, partition 0, PROCESS_LOCAL, 16292 bytes)
[2026-03-13T05:05:31.196+0000] {subprocess.py:106} INFO - 26/03/13 05:05:31 INFO BlockManagerInfo: Added broadcast_20_piece0 in memory on 172.30.0.7:36629 (size: 22.9 KiB, free: 434.3 MiB)
[2026-03-13T05:05:31.830+0000] {subprocess.py:106} INFO - 26/03/13 05:05:31 INFO BlockManagerInfo: Added broadcast_11_piece0 in memory on 172.30.0.7:36629 (size: 30.2 KiB, free: 434.3 MiB)
[2026-03-13T05:05:32.186+0000] {subprocess.py:106} INFO - 26/03/13 05:05:32 INFO TaskSetManager: Finished task 0.0 in stage 10.0 (TID 10) in 1024 ms on 172.30.0.7 (executor 0) (1/1)
[2026-03-13T05:05:32.188+0000] {subprocess.py:106} INFO - 26/03/13 05:05:32 INFO TaskSchedulerImpl: Removed TaskSet 10.0, whose tasks have all completed, from pool
[2026-03-13T05:05:32.191+0000] {subprocess.py:106} INFO - 26/03/13 05:05:32 INFO DAGScheduler: ShuffleMapStage 10 (sql at <unknown>:0) finished in 1.060 s
[2026-03-13T05:05:32.192+0000] {subprocess.py:106} INFO - 26/03/13 05:05:32 INFO DAGScheduler: looking for newly runnable stages
[2026-03-13T05:05:32.193+0000] {subprocess.py:106} INFO - 26/03/13 05:05:32 INFO DAGScheduler: running: Set()
[2026-03-13T05:05:32.194+0000] {subprocess.py:106} INFO - 26/03/13 05:05:32 INFO DAGScheduler: waiting: Set()
[2026-03-13T05:05:32.195+0000] {subprocess.py:106} INFO - 26/03/13 05:05:32 INFO DAGScheduler: failed: Set()
[2026-03-13T05:05:32.201+0000] {subprocess.py:106} INFO - 26/03/13 05:05:32 INFO ShufflePartitionsUtil: For shuffle(4), advisory target size: 67108864, actual target size 1048576, minimum partition size: 1048576
[2026-03-13T05:05:32.226+0000] {subprocess.py:106} INFO - 26/03/13 05:05:32 WARN SparkStringUtils: Truncated the string representation of a plan since it was too large. This behavior can be adjusted by setting 'spark.sql.debug.maxToStringFields'.
[2026-03-13T05:05:32.255+0000] {subprocess.py:106} INFO - 26/03/13 05:05:32 INFO CodeGenerator: Code generated in 17.624214 ms
[2026-03-13T05:05:32.288+0000] {subprocess.py:106} INFO - 26/03/13 05:05:32 INFO CodeGenerator: Code generated in 17.315685 ms
[2026-03-13T05:05:32.303+0000] {subprocess.py:106} INFO - 26/03/13 05:05:32 INFO CodeGenerator: Code generated in 10.300527 ms
[2026-03-13T05:05:32.353+0000] {subprocess.py:106} INFO - 26/03/13 05:05:32 INFO MemoryStore: Block broadcast_21 stored as values in memory (estimated size 32.0 KiB, free 433.9 MiB)
[2026-03-13T05:05:32.364+0000] {subprocess.py:106} INFO - 26/03/13 05:05:32 INFO MemoryStore: Block broadcast_21_piece0 stored as bytes in memory (estimated size 30.3 KiB, free 433.9 MiB)
[2026-03-13T05:05:32.366+0000] {subprocess.py:106} INFO - 26/03/13 05:05:32 INFO BlockManagerInfo: Added broadcast_21_piece0 in memory on 499f1d118d82:38291 (size: 30.3 KiB, free: 434.2 MiB)
[2026-03-13T05:05:32.374+0000] {subprocess.py:106} INFO - 26/03/13 05:05:32 INFO SparkContext: Created broadcast 21 from broadcast at SparkWrite.java:193
[2026-03-13T05:05:32.376+0000] {subprocess.py:106} INFO - 26/03/13 05:05:32 INFO BlockManagerInfo: Removed broadcast_20_piece0 on 499f1d118d82:38291 in memory (size: 22.9 KiB, free: 434.2 MiB)
[2026-03-13T05:05:32.377+0000] {subprocess.py:106} INFO - 26/03/13 05:05:32 INFO ReplaceDataExec: Start processing data source write support: IcebergBatchWrite(table=iceberg.silver.it_jobs_clean, format=PARQUET). The input RDD has 1 partitions.
[2026-03-13T05:05:32.379+0000] {subprocess.py:106} INFO - 26/03/13 05:05:32 INFO BlockManagerInfo: Removed broadcast_20_piece0 on 172.30.0.7:36629 in memory (size: 22.9 KiB, free: 434.3 MiB)
[2026-03-13T05:05:32.387+0000] {subprocess.py:106} INFO - 26/03/13 05:05:32 INFO SparkContext: Starting job: sql at <unknown>:0
[2026-03-13T05:05:32.390+0000] {subprocess.py:106} INFO - 26/03/13 05:05:32 INFO DAGScheduler: Got job 8 (sql at <unknown>:0) with 1 output partitions
[2026-03-13T05:05:32.390+0000] {subprocess.py:106} INFO - 26/03/13 05:05:32 INFO DAGScheduler: Final stage: ResultStage 12 (sql at <unknown>:0)
[2026-03-13T05:05:32.391+0000] {subprocess.py:106} INFO - 26/03/13 05:05:32 INFO DAGScheduler: Parents of final stage: List(ShuffleMapStage 11)
[2026-03-13T05:05:32.399+0000] {subprocess.py:106} INFO - 26/03/13 05:05:32 INFO DAGScheduler: Missing parents: List()
[2026-03-13T05:05:32.402+0000] {subprocess.py:106} INFO - 26/03/13 05:05:32 INFO DAGScheduler: Submitting ResultStage 12 (MapPartitionsRDD[39] at sql at <unknown>:0), which has no missing parents
[2026-03-13T05:05:32.415+0000] {subprocess.py:106} INFO - 26/03/13 05:05:32 INFO MemoryStore: Block broadcast_22 stored as values in memory (estimated size 97.2 KiB, free 433.9 MiB)
[2026-03-13T05:05:32.418+0000] {subprocess.py:106} INFO - 26/03/13 05:05:32 INFO MemoryStore: Block broadcast_22_piece0 stored as bytes in memory (estimated size 33.6 KiB, free 433.8 MiB)
[2026-03-13T05:05:32.419+0000] {subprocess.py:106} INFO - 26/03/13 05:05:32 INFO BlockManagerInfo: Added broadcast_22_piece0 in memory on 499f1d118d82:38291 (size: 33.6 KiB, free: 434.2 MiB)
[2026-03-13T05:05:32.420+0000] {subprocess.py:106} INFO - 26/03/13 05:05:32 INFO SparkContext: Created broadcast 22 from broadcast at DAGScheduler.scala:1585
[2026-03-13T05:05:32.420+0000] {subprocess.py:106} INFO - 26/03/13 05:05:32 INFO DAGScheduler: Submitting 1 missing tasks from ResultStage 12 (MapPartitionsRDD[39] at sql at <unknown>:0) (first 15 tasks are for partitions Vector(0))
[2026-03-13T05:05:32.436+0000] {subprocess.py:106} INFO - 26/03/13 05:05:32 INFO TaskSchedulerImpl: Adding task set 12.0 with 1 tasks resource profile 0
[2026-03-13T05:05:32.438+0000] {subprocess.py:106} INFO - 26/03/13 05:05:32 INFO TaskSetManager: Starting task 0.0 in stage 12.0 (TID 11) (172.30.0.7, executor 0, partition 0, NODE_LOCAL, 9976 bytes)
[2026-03-13T05:05:32.459+0000] {subprocess.py:106} INFO - 26/03/13 05:05:32 INFO BlockManagerInfo: Added broadcast_22_piece0 in memory on 172.30.0.7:36629 (size: 33.6 KiB, free: 434.3 MiB)
[2026-03-13T05:05:32.497+0000] {subprocess.py:106} INFO - 26/03/13 05:05:32 INFO MapOutputTrackerMasterEndpoint: Asked to send map output locations for shuffle 4 to 172.30.0.7:42700
[2026-03-13T05:05:32.978+0000] {subprocess.py:106} INFO - 26/03/13 05:05:32 INFO BlockManagerInfo: Added broadcast_21_piece0 in memory on 172.30.0.7:36629 (size: 30.3 KiB, free: 434.2 MiB)
[2026-03-13T05:05:33.566+0000] {subprocess.py:106} INFO - 26/03/13 05:05:33 INFO TaskSetManager: Finished task 0.0 in stage 12.0 (TID 11) in 1127 ms on 172.30.0.7 (executor 0) (1/1)
[2026-03-13T05:05:33.567+0000] {subprocess.py:106} INFO - 26/03/13 05:05:33 INFO TaskSchedulerImpl: Removed TaskSet 12.0, whose tasks have all completed, from pool
[2026-03-13T05:05:33.569+0000] {subprocess.py:106} INFO - 26/03/13 05:05:33 INFO DAGScheduler: ResultStage 12 (sql at <unknown>:0) finished in 1.156 s
[2026-03-13T05:05:33.570+0000] {subprocess.py:106} INFO - 26/03/13 05:05:33 INFO DAGScheduler: Job 8 is finished. Cancelling potential speculative or zombie tasks for this job
[2026-03-13T05:05:33.570+0000] {subprocess.py:106} INFO - 26/03/13 05:05:33 INFO TaskSchedulerImpl: Killing all running tasks in stage 12: Stage finished
[2026-03-13T05:05:33.571+0000] {subprocess.py:106} INFO - 26/03/13 05:05:33 INFO DAGScheduler: Job 8 finished: sql at <unknown>:0, took 1.179752 s
[2026-03-13T05:05:33.571+0000] {subprocess.py:106} INFO - 26/03/13 05:05:33 INFO ReplaceDataExec: Data source write support IcebergBatchWrite(table=iceberg.silver.it_jobs_clean, format=PARQUET) is committing.
[2026-03-13T05:05:33.598+0000] {subprocess.py:106} INFO - 26/03/13 05:05:33 INFO SparkWrite: Committing overwrite of 0 data files with 1 new data files, scanSnapshotId: 6358576288456844841, conflictDetectionFilter: true to table iceberg.silver.it_jobs_clean
[2026-03-13T05:05:34.093+0000] {subprocess.py:106} INFO - 26/03/13 05:05:34 INFO BlockManagerInfo: Removed broadcast_22_piece0 on 499f1d118d82:38291 in memory (size: 33.6 KiB, free: 434.2 MiB)
[2026-03-13T05:05:34.096+0000] {subprocess.py:106} INFO - 26/03/13 05:05:34 INFO BlockManagerInfo: Removed broadcast_22_piece0 on 172.30.0.7:36629 in memory (size: 33.6 KiB, free: 434.3 MiB)
[2026-03-13T05:05:34.415+0000] {subprocess.py:106} INFO - 26/03/13 05:05:34 INFO HiveTableOperations: Committed to table iceberg.silver.it_jobs_clean with the new metadata location s3a://warehouse/iceberg_data/silver.db/it_jobs_clean/metadata/00013-138f7ed5-6b06-4a79-b056-eed27b0e5477.metadata.json
[2026-03-13T05:05:34.416+0000] {subprocess.py:106} INFO - 26/03/13 05:05:34 INFO BaseMetastoreTableOperations: Successfully committed to table iceberg.silver.it_jobs_clean in 324 ms
[2026-03-13T05:05:34.416+0000] {subprocess.py:106} INFO - 26/03/13 05:05:34 INFO SnapshotProducer: Committed snapshot 8335972138811178080 (BaseOverwriteFiles)
[2026-03-13T05:05:34.430+0000] {subprocess.py:106} INFO - 26/03/13 05:05:34 INFO BaseMetastoreTableOperations: Refreshing table metadata from new version: s3a://warehouse/iceberg_data/silver.db/it_jobs_clean/metadata/00013-138f7ed5-6b06-4a79-b056-eed27b0e5477.metadata.json
[2026-03-13T05:05:34.504+0000] {subprocess.py:106} INFO - 26/03/13 05:05:34 INFO LoggingMetricsReporter: Received metrics report: CommitReport{tableName=iceberg.silver.it_jobs_clean, snapshotId=8335972138811178080, sequenceNumber=14, operation=append, commitMetrics=CommitMetricsResult{totalDuration=TimerResult{timeUnit=NANOSECONDS, totalDuration=PT0.875364747S, count=1}, attempts=CounterResult{unit=COUNT, value=1}, addedDataFiles=CounterResult{unit=COUNT, value=1}, removedDataFiles=null, totalDataFiles=CounterResult{unit=COUNT, value=14}, addedDeleteFiles=null, addedEqualityDeleteFiles=null, addedPositionalDeleteFiles=null, removedDeleteFiles=null, removedEqualityDeleteFiles=null, removedPositionalDeleteFiles=null, totalDeleteFiles=CounterResult{unit=COUNT, value=0}, addedRecords=CounterResult{unit=COUNT, value=95}, removedRecords=null, totalRecords=CounterResult{unit=COUNT, value=8635}, addedFilesSizeInBytes=CounterResult{unit=BYTES, value=13441}, removedFilesSizeInBytes=null, totalFilesSizeInBytes=CounterResult{unit=BYTES, value=402163}, addedPositionalDeletes=null, removedPositionalDeletes=null, totalPositionalDeletes=CounterResult{unit=COUNT, value=0}, addedEqualityDeletes=null, removedEqualityDeletes=null, totalEqualityDeletes=CounterResult{unit=COUNT, value=0}}, metadata={engine-version=3.5.3, app-id=app-20260313050508-0001, engine-name=spark, iceberg-version=Apache Iceberg 1.6.1 (commit 8e9d59d299be42b0bca9461457cd1e95dbaad086)}}
[2026-03-13T05:05:34.505+0000] {subprocess.py:106} INFO - 26/03/13 05:05:34 INFO SparkWrite: Committed in 905 ms
[2026-03-13T05:05:34.510+0000] {subprocess.py:106} INFO - 26/03/13 05:05:34 INFO ReplaceDataExec: Data source write support IcebergBatchWrite(table=iceberg.silver.it_jobs_clean, format=PARQUET) committed.
[2026-03-13T05:05:34.510+0000] {subprocess.py:106} INFO - >>> SUCCESS: Data Merged (Upsert).
[2026-03-13T05:05:34.511+0000] {subprocess.py:106} INFO - 26/03/13 05:05:34 INFO SparkContext: SparkContext is stopping with exitCode 0.
[2026-03-13T05:05:34.525+0000] {subprocess.py:106} INFO - 26/03/13 05:05:34 INFO SparkUI: Stopped Spark web UI at http://499f1d118d82:4040
[2026-03-13T05:05:34.534+0000] {subprocess.py:106} INFO - 26/03/13 05:05:34 INFO StandaloneSchedulerBackend: Shutting down all executors
[2026-03-13T05:05:34.535+0000] {subprocess.py:106} INFO - 26/03/13 05:05:34 INFO StandaloneSchedulerBackend$StandaloneDriverEndpoint: Asking each executor to shut down
[2026-03-13T05:05:34.566+0000] {subprocess.py:106} INFO - 26/03/13 05:05:34 INFO MapOutputTrackerMasterEndpoint: MapOutputTrackerMasterEndpoint stopped!
[2026-03-13T05:05:34.596+0000] {subprocess.py:106} INFO - 26/03/13 05:05:34 INFO MemoryStore: MemoryStore cleared
[2026-03-13T05:05:34.597+0000] {subprocess.py:106} INFO - 26/03/13 05:05:34 INFO BlockManager: BlockManager stopped
[2026-03-13T05:05:34.604+0000] {subprocess.py:106} INFO - 26/03/13 05:05:34 INFO BlockManagerMaster: BlockManagerMaster stopped
[2026-03-13T05:05:34.612+0000] {subprocess.py:106} INFO - 26/03/13 05:05:34 INFO OutputCommitCoordinator$OutputCommitCoordinatorEndpoint: OutputCommitCoordinator stopped!
[2026-03-13T05:05:34.690+0000] {subprocess.py:106} INFO - 26/03/13 05:05:34 INFO SparkContext: Successfully stopped SparkContext
[2026-03-13T05:05:34.933+0000] {subprocess.py:106} INFO - 26/03/13 05:05:34 INFO ShutdownHookManager: Shutdown hook called
[2026-03-13T05:05:34.934+0000] {subprocess.py:106} INFO - 26/03/13 05:05:34 INFO ShutdownHookManager: Deleting directory /tmp/spark-a655f01f-86c6-4e74-90dd-ccc55a631f74
[2026-03-13T05:05:34.937+0000] {subprocess.py:106} INFO - 26/03/13 05:05:34 INFO ShutdownHookManager: Deleting directory /tmp/spark-a655f01f-86c6-4e74-90dd-ccc55a631f74/pyspark-99c2ec51-8aad-4c02-aca6-c8d03610f290
[2026-03-13T05:05:34.940+0000] {subprocess.py:106} INFO - 26/03/13 05:05:34 INFO ShutdownHookManager: Deleting directory /tmp/spark-0b04a48b-d442-4600-86de-fcf6c378c320
[2026-03-13T05:05:34.948+0000] {subprocess.py:106} INFO - 26/03/13 05:05:34 INFO MetricsSystemImpl: Stopping s3a-file-system metrics system...
[2026-03-13T05:05:34.949+0000] {subprocess.py:106} INFO - 26/03/13 05:05:34 INFO MetricsSystemImpl: s3a-file-system metrics system stopped.
[2026-03-13T05:05:34.950+0000] {subprocess.py:106} INFO - 26/03/13 05:05:34 INFO MetricsSystemImpl: s3a-file-system metrics system shutdown complete.
[2026-03-13T05:05:35.020+0000] {subprocess.py:110} INFO - Command exited with return code 0
[2026-03-13T05:05:35.092+0000] {taskinstance.py:341} INFO - ::group::Post task execution logs
[2026-03-13T05:05:35.093+0000] {taskinstance.py:353} INFO - Marking task as SUCCESS. dag_id=crawl_etl_itjob, task_id=clean_silver, run_id=scheduled__2026-03-11T02:00:00+00:00, execution_date=20260311T020000, start_date=20260313T050502, end_date=20260313T050535
[2026-03-13T05:05:35.175+0000] {local_task_job_runner.py:266} INFO - Task exited with return code 0
[2026-03-13T05:05:35.208+0000] {taskinstance.py:3901} INFO - 1 downstream tasks scheduled from follow-on schedule check
[2026-03-13T05:05:35.210+0000] {local_task_job_runner.py:245} INFO - ::endgroup::
