[2026-04-18T09:24:25.497+0000] {local_task_job_runner.py:123} INFO - ::group::Pre task execution logs
[2026-04-18T09:24:25.551+0000] {taskinstance.py:2614} INFO - Dependencies all met for dep_context=non-requeueable deps ti=<TaskInstance: crawl_etl_itjob.load_bronze scheduled__2026-04-14T02:00:00+00:00 [queued]>
[2026-04-18T09:24:25.567+0000] {taskinstance.py:2614} INFO - Dependencies all met for dep_context=requeueable deps ti=<TaskInstance: crawl_etl_itjob.load_bronze scheduled__2026-04-14T02:00:00+00:00 [queued]>
[2026-04-18T09:24:25.567+0000] {taskinstance.py:2867} INFO - Starting attempt 1 of 2
[2026-04-18T09:24:25.581+0000] {taskinstance.py:2890} INFO - Executing <Task(BashOperator): load_bronze> on 2026-04-14 02:00:00+00:00
[2026-04-18T09:24:25.586+0000] {standard_task_runner.py:72} INFO - Started process 55 to run task
[2026-04-18T09:24:25.591+0000] {standard_task_runner.py:104} INFO - Running: ['***', 'tasks', 'run', 'crawl_etl_itjob', 'load_bronze', 'scheduled__2026-04-14T02:00:00+00:00', '--job-id', '109', '--raw', '--subdir', 'DAGS_FOLDER/Crawl_ETL_ITJob.py', '--cfg-path', '/tmp/tmpzcuml4ar']
[2026-04-18T09:24:25.593+0000] {standard_task_runner.py:105} INFO - Job 109: Subtask load_bronze
[2026-04-18T09:24:25.618+0000] {warnings.py:109} WARNING - /home/***/.local/lib/python3.8/site-packages/***/settings.py:209: DeprecationWarning: The sql_alchemy_conn option in [core] has been moved to the sql_alchemy_conn option in [database] - the old setting has been used, but please update your config.
  SQL_ALCHEMY_CONN = conf.get("database", "SQL_ALCHEMY_CONN")

[2026-04-18T09:24:25.706+0000] {task_command.py:467} INFO - Running <TaskInstance: crawl_etl_itjob.load_bronze scheduled__2026-04-14T02:00:00+00:00 [running]> on host 64b3786bead1
[2026-04-18T09:24:25.708+0000] {warnings.py:109} WARNING - /home/***/.local/lib/python3.8/site-packages/***/settings.py:470: DeprecationWarning: The sql_alchemy_conn option in [core] has been moved to the sql_alchemy_conn option in [database] - the old setting has been used, but please update your config.
  if conf.get("database", "sql_alchemy_conn") == "none://":

[2026-04-18T09:24:25.932+0000] {taskinstance.py:3134} INFO - Exporting env vars: AIRFLOW_CTX_DAG_EMAIL='hoa856856@gmail.com' AIRFLOW_CTX_DAG_OWNER='***' AIRFLOW_CTX_DAG_ID='crawl_etl_itjob' AIRFLOW_CTX_TASK_ID='load_bronze' AIRFLOW_CTX_EXECUTION_DATE='2026-04-14T02:00:00+00:00' AIRFLOW_CTX_TRY_NUMBER='1' AIRFLOW_CTX_DAG_RUN_ID='scheduled__2026-04-14T02:00:00+00:00'
[2026-04-18T09:24:25.934+0000] {taskinstance.py:732} INFO - ::endgroup::
[2026-04-18T09:24:25.969+0000] {subprocess.py:78} INFO - Tmp dir root location: /tmp
[2026-04-18T09:24:25.970+0000] {subprocess.py:88} INFO - Running command: ['/bin/bash', '-c', "\n        docker exec spark-submit bash -c '\n        /opt/spark/bin/spark-submit         --master spark://spark-master:7077         --deploy-mode client         --packages org.apache.iceberg:iceberg-spark-runtime-3.5_2.12:1.5.0,org.apache.hadoop:hadoop-aws:3.3.4,com.amazonaws:aws-java-sdk-bundle:1.12.262         /opt/spark/scripts/Load_Bronze.py\n        '\n        "]
[2026-04-18T09:24:25.980+0000] {subprocess.py:99} INFO - Output:
[2026-04-18T09:24:28.585+0000] {subprocess.py:106} INFO - :: loading settings :: url = jar:file:/opt/spark/jars/ivy-2.5.1.jar!/org/apache/ivy/core/settings/ivysettings.xml
[2026-04-18T09:24:28.723+0000] {subprocess.py:106} INFO - Ivy Default Cache set to: /home/spark/.ivy2/cache
[2026-04-18T09:24:28.723+0000] {subprocess.py:106} INFO - The jars for the packages stored in: /home/spark/.ivy2/jars
[2026-04-18T09:24:28.729+0000] {subprocess.py:106} INFO - org.apache.iceberg#iceberg-spark-runtime-3.5_2.12 added as a dependency
[2026-04-18T09:24:28.730+0000] {subprocess.py:106} INFO - org.apache.hadoop#hadoop-aws added as a dependency
[2026-04-18T09:24:28.730+0000] {subprocess.py:106} INFO - com.amazonaws#aws-java-sdk-bundle added as a dependency
[2026-04-18T09:24:28.731+0000] {subprocess.py:106} INFO - :: resolving dependencies :: org.apache.spark#spark-submit-parent-6ba2dfa3-a5f1-4f91-aec9-d8ef0fdc4fbf;1.0
[2026-04-18T09:24:28.732+0000] {subprocess.py:106} INFO - 	confs: [default]
[2026-04-18T09:24:28.855+0000] {subprocess.py:106} INFO - 	found org.apache.iceberg#iceberg-spark-runtime-3.5_2.12;1.5.0 in central
[2026-04-18T09:24:28.927+0000] {subprocess.py:106} INFO - 	found org.apache.hadoop#hadoop-aws;3.3.4 in central
[2026-04-18T09:24:28.949+0000] {subprocess.py:106} INFO - 	found com.amazonaws#aws-java-sdk-bundle;1.12.262 in central
[2026-04-18T09:24:28.972+0000] {subprocess.py:106} INFO - 	found org.wildfly.openssl#wildfly-openssl;1.0.7.Final in central
[2026-04-18T09:24:28.998+0000] {subprocess.py:106} INFO - :: resolution report :: resolve 255ms :: artifacts dl 13ms
[2026-04-18T09:24:28.999+0000] {subprocess.py:106} INFO - 	:: modules in use:
[2026-04-18T09:24:29.000+0000] {subprocess.py:106} INFO - 	com.amazonaws#aws-java-sdk-bundle;1.12.262 from central in [default]
[2026-04-18T09:24:29.000+0000] {subprocess.py:106} INFO - 	org.apache.hadoop#hadoop-aws;3.3.4 from central in [default]
[2026-04-18T09:24:29.001+0000] {subprocess.py:106} INFO - 	org.apache.iceberg#iceberg-spark-runtime-3.5_2.12;1.5.0 from central in [default]
[2026-04-18T09:24:29.002+0000] {subprocess.py:106} INFO - 	org.wildfly.openssl#wildfly-openssl;1.0.7.Final from central in [default]
[2026-04-18T09:24:29.002+0000] {subprocess.py:106} INFO - 	---------------------------------------------------------------------
[2026-04-18T09:24:29.003+0000] {subprocess.py:106} INFO - 	|                  |            modules            ||   artifacts   |
[2026-04-18T09:24:29.003+0000] {subprocess.py:106} INFO - 	|       conf       | number| search|dwnlded|evicted|| number|dwnlded|
[2026-04-18T09:24:29.004+0000] {subprocess.py:106} INFO - 	---------------------------------------------------------------------
[2026-04-18T09:24:29.005+0000] {subprocess.py:106} INFO - 	|      default     |   4   |   0   |   0   |   0   ||   4   |   0   |
[2026-04-18T09:24:29.005+0000] {subprocess.py:106} INFO - 	---------------------------------------------------------------------
[2026-04-18T09:24:29.006+0000] {subprocess.py:106} INFO - :: retrieving :: org.apache.spark#spark-submit-parent-6ba2dfa3-a5f1-4f91-aec9-d8ef0fdc4fbf
[2026-04-18T09:24:29.007+0000] {subprocess.py:106} INFO - 	confs: [default]
[2026-04-18T09:24:29.012+0000] {subprocess.py:106} INFO - 	0 artifacts copied, 4 already retrieved (0kB/8ms)
[2026-04-18T09:24:29.275+0000] {subprocess.py:106} INFO - 26/04/18 09:24:29 WARN NativeCodeLoader: Unable to load native-hadoop library for your platform... using builtin-java classes where applicable
[2026-04-18T09:24:30.516+0000] {subprocess.py:106} INFO - 26/04/18 09:24:30 INFO SparkContext: Running Spark version 3.5.3
[2026-04-18T09:24:30.516+0000] {subprocess.py:106} INFO - 26/04/18 09:24:30 INFO SparkContext: OS info Linux, 6.6.87.2-microsoft-standard-WSL2, amd64
[2026-04-18T09:24:30.517+0000] {subprocess.py:106} INFO - 26/04/18 09:24:30 INFO SparkContext: Java version 11.0.24
[2026-04-18T09:24:30.548+0000] {subprocess.py:106} INFO - 26/04/18 09:24:30 INFO ResourceUtils: ==============================================================
[2026-04-18T09:24:30.549+0000] {subprocess.py:106} INFO - 26/04/18 09:24:30 INFO ResourceUtils: No custom resources configured for spark.driver.
[2026-04-18T09:24:30.550+0000] {subprocess.py:106} INFO - 26/04/18 09:24:30 INFO ResourceUtils: ==============================================================
[2026-04-18T09:24:30.551+0000] {subprocess.py:106} INFO - 26/04/18 09:24:30 INFO SparkContext: Submitted application: Load_Bronze_MinIO_Iceberg
[2026-04-18T09:24:30.586+0000] {subprocess.py:106} INFO - 26/04/18 09:24:30 INFO ResourceProfile: Default ResourceProfile created, executor resources: Map(memory -> name: memory, amount: 1024, script: , vendor: , offHeap -> name: offHeap, amount: 0, script: , vendor: ), task resources: Map(cpus -> name: cpus, amount: 1.0)
[2026-04-18T09:24:30.600+0000] {subprocess.py:106} INFO - 26/04/18 09:24:30 INFO ResourceProfile: Limiting resource is cpu
[2026-04-18T09:24:30.601+0000] {subprocess.py:106} INFO - 26/04/18 09:24:30 INFO ResourceProfileManager: Added ResourceProfile id: 0
[2026-04-18T09:24:30.704+0000] {subprocess.py:106} INFO - 26/04/18 09:24:30 INFO SecurityManager: Changing view acls to: spark
[2026-04-18T09:24:30.705+0000] {subprocess.py:106} INFO - 26/04/18 09:24:30 INFO SecurityManager: Changing modify acls to: spark
[2026-04-18T09:24:30.706+0000] {subprocess.py:106} INFO - 26/04/18 09:24:30 INFO SecurityManager: Changing view acls groups to:
[2026-04-18T09:24:30.707+0000] {subprocess.py:106} INFO - 26/04/18 09:24:30 INFO SecurityManager: Changing modify acls groups to:
[2026-04-18T09:24:30.708+0000] {subprocess.py:106} INFO - 26/04/18 09:24:30 INFO SecurityManager: SecurityManager: authentication disabled; ui acls disabled; users with view permissions: spark; groups with view permissions: EMPTY; users with modify permissions: spark; groups with modify permissions: EMPTY
[2026-04-18T09:24:30.973+0000] {subprocess.py:106} INFO - 26/04/18 09:24:30 INFO Utils: Successfully started service 'sparkDriver' on port 42845.
[2026-04-18T09:24:31.015+0000] {subprocess.py:106} INFO - 26/04/18 09:24:31 INFO SparkEnv: Registering MapOutputTracker
[2026-04-18T09:24:31.059+0000] {subprocess.py:106} INFO - 26/04/18 09:24:31 INFO SparkEnv: Registering BlockManagerMaster
[2026-04-18T09:24:31.074+0000] {subprocess.py:106} INFO - 26/04/18 09:24:31 INFO BlockManagerMasterEndpoint: Using org.apache.spark.storage.DefaultTopologyMapper for getting topology information
[2026-04-18T09:24:31.074+0000] {subprocess.py:106} INFO - 26/04/18 09:24:31 INFO BlockManagerMasterEndpoint: BlockManagerMasterEndpoint up
[2026-04-18T09:24:31.081+0000] {subprocess.py:106} INFO - 26/04/18 09:24:31 INFO SparkEnv: Registering BlockManagerMasterHeartbeat
[2026-04-18T09:24:31.119+0000] {subprocess.py:106} INFO - 26/04/18 09:24:31 INFO DiskBlockManager: Created local directory at /tmp/blockmgr-67a0b73f-3015-4968-9143-79930e7aeea5
[2026-04-18T09:24:31.136+0000] {subprocess.py:106} INFO - 26/04/18 09:24:31 INFO MemoryStore: MemoryStore started with capacity 434.4 MiB
[2026-04-18T09:24:31.152+0000] {subprocess.py:106} INFO - 26/04/18 09:24:31 INFO SparkEnv: Registering OutputCommitCoordinator
[2026-04-18T09:24:31.294+0000] {subprocess.py:106} INFO - 26/04/18 09:24:31 INFO JettyUtils: Start Jetty 0.0.0.0:4040 for SparkUI
[2026-04-18T09:24:31.362+0000] {subprocess.py:106} INFO - 26/04/18 09:24:31 INFO Utils: Successfully started service 'SparkUI' on port 4040.
[2026-04-18T09:24:31.404+0000] {subprocess.py:106} INFO - 26/04/18 09:24:31 INFO SparkContext: Added JAR file:///home/spark/.ivy2/jars/org.apache.iceberg_iceberg-spark-runtime-3.5_2.12-1.5.0.jar at spark://c05002f484b8:42845/jars/org.apache.iceberg_iceberg-spark-runtime-3.5_2.12-1.5.0.jar with timestamp 1776504270505
[2026-04-18T09:24:31.405+0000] {subprocess.py:106} INFO - 26/04/18 09:24:31 INFO SparkContext: Added JAR file:///home/spark/.ivy2/jars/org.apache.hadoop_hadoop-aws-3.3.4.jar at spark://c05002f484b8:42845/jars/org.apache.hadoop_hadoop-aws-3.3.4.jar with timestamp 1776504270505
[2026-04-18T09:24:31.409+0000] {subprocess.py:106} INFO - 26/04/18 09:24:31 INFO SparkContext: Added JAR file:///home/spark/.ivy2/jars/com.amazonaws_aws-java-sdk-bundle-1.12.262.jar at spark://c05002f484b8:42845/jars/com.amazonaws_aws-java-sdk-bundle-1.12.262.jar with timestamp 1776504270505
[2026-04-18T09:24:31.410+0000] {subprocess.py:106} INFO - 26/04/18 09:24:31 INFO SparkContext: Added JAR file:///home/spark/.ivy2/jars/org.wildfly.openssl_wildfly-openssl-1.0.7.Final.jar at spark://c05002f484b8:42845/jars/org.wildfly.openssl_wildfly-openssl-1.0.7.Final.jar with timestamp 1776504270505
[2026-04-18T09:24:31.410+0000] {subprocess.py:106} INFO - 26/04/18 09:24:31 INFO SparkContext: Added file file:///home/spark/.ivy2/jars/org.apache.iceberg_iceberg-spark-runtime-3.5_2.12-1.5.0.jar at spark://c05002f484b8:42845/files/org.apache.iceberg_iceberg-spark-runtime-3.5_2.12-1.5.0.jar with timestamp 1776504270505
[2026-04-18T09:24:31.414+0000] {subprocess.py:106} INFO - 26/04/18 09:24:31 INFO Utils: Copying /home/spark/.ivy2/jars/org.apache.iceberg_iceberg-spark-runtime-3.5_2.12-1.5.0.jar to /tmp/spark-33c9b5e3-0a7d-46c9-ab83-206ca6955902/userFiles-4de6d0f2-8cb7-4e0c-8c5f-ce7f39a19bf3/org.apache.iceberg_iceberg-spark-runtime-3.5_2.12-1.5.0.jar
[2026-04-18T09:24:31.544+0000] {subprocess.py:106} INFO - 26/04/18 09:24:31 INFO SparkContext: Added file file:///home/spark/.ivy2/jars/org.apache.hadoop_hadoop-aws-3.3.4.jar at spark://c05002f484b8:42845/files/org.apache.hadoop_hadoop-aws-3.3.4.jar with timestamp 1776504270505
[2026-04-18T09:24:31.545+0000] {subprocess.py:106} INFO - 26/04/18 09:24:31 INFO Utils: Copying /home/spark/.ivy2/jars/org.apache.hadoop_hadoop-aws-3.3.4.jar to /tmp/spark-33c9b5e3-0a7d-46c9-ab83-206ca6955902/userFiles-4de6d0f2-8cb7-4e0c-8c5f-ce7f39a19bf3/org.apache.hadoop_hadoop-aws-3.3.4.jar
[2026-04-18T09:24:31.553+0000] {subprocess.py:106} INFO - 26/04/18 09:24:31 INFO SparkContext: Added file file:///home/spark/.ivy2/jars/com.amazonaws_aws-java-sdk-bundle-1.12.262.jar at spark://c05002f484b8:42845/files/com.amazonaws_aws-java-sdk-bundle-1.12.262.jar with timestamp 1776504270505
[2026-04-18T09:24:31.557+0000] {subprocess.py:106} INFO - 26/04/18 09:24:31 INFO Utils: Copying /home/spark/.ivy2/jars/com.amazonaws_aws-java-sdk-bundle-1.12.262.jar to /tmp/spark-33c9b5e3-0a7d-46c9-ab83-206ca6955902/userFiles-4de6d0f2-8cb7-4e0c-8c5f-ce7f39a19bf3/com.amazonaws_aws-java-sdk-bundle-1.12.262.jar
[2026-04-18T09:24:32.722+0000] {subprocess.py:106} INFO - 26/04/18 09:24:32 INFO SparkContext: Added file file:///home/spark/.ivy2/jars/org.wildfly.openssl_wildfly-openssl-1.0.7.Final.jar at spark://c05002f484b8:42845/files/org.wildfly.openssl_wildfly-openssl-1.0.7.Final.jar with timestamp 1776504270505
[2026-04-18T09:24:32.723+0000] {subprocess.py:106} INFO - 26/04/18 09:24:32 INFO Utils: Copying /home/spark/.ivy2/jars/org.wildfly.openssl_wildfly-openssl-1.0.7.Final.jar to /tmp/spark-33c9b5e3-0a7d-46c9-ab83-206ca6955902/userFiles-4de6d0f2-8cb7-4e0c-8c5f-ce7f39a19bf3/org.wildfly.openssl_wildfly-openssl-1.0.7.Final.jar
[2026-04-18T09:24:19.218+0000] {subprocess.py:106} INFO - 26/04/18 09:24:19 INFO StandaloneAppClient$ClientEndpoint: Connecting to master spark://spark-master:7077...
[2026-04-18T09:24:19.270+0000] {subprocess.py:106} INFO - 26/04/18 09:24:19 INFO TransportClientFactory: Successfully created connection to spark-master/172.30.0.13:7077 after 31 ms (0 ms spent in bootstraps)
[2026-04-18T09:24:33.762+0000] {subprocess.py:106} INFO - 26/04/18 09:24:33 INFO StandaloneSchedulerBackend: Connected to Spark cluster with app ID app-20260418092433-0000
[2026-04-18T09:24:33.774+0000] {subprocess.py:106} INFO - 26/04/18 09:24:33 INFO Utils: Successfully started service 'org.apache.spark.network.netty.NettyBlockTransferService' on port 45641.
[2026-04-18T09:24:33.774+0000] {subprocess.py:106} INFO - 26/04/18 09:24:33 INFO NettyBlockTransferService: Server created on c05002f484b8:45641
[2026-04-18T09:24:33.777+0000] {subprocess.py:106} INFO - 26/04/18 09:24:33 INFO BlockManager: Using org.apache.spark.storage.RandomBlockReplicationPolicy for block replication policy
[2026-04-18T09:24:33.787+0000] {subprocess.py:106} INFO - 26/04/18 09:24:33 INFO BlockManagerMaster: Registering BlockManager BlockManagerId(driver, c05002f484b8, 45641, None)
[2026-04-18T09:24:33.793+0000] {subprocess.py:106} INFO - 26/04/18 09:24:33 INFO BlockManagerMasterEndpoint: Registering block manager c05002f484b8:45641 with 434.4 MiB RAM, BlockManagerId(driver, c05002f484b8, 45641, None)
[2026-04-18T09:24:33.796+0000] {subprocess.py:106} INFO - 26/04/18 09:24:33 INFO BlockManagerMaster: Registered BlockManager BlockManagerId(driver, c05002f484b8, 45641, None)
[2026-04-18T09:24:33.797+0000] {subprocess.py:106} INFO - 26/04/18 09:24:33 INFO StandaloneAppClient$ClientEndpoint: Executor added: app-20260418092433-0000/0 on worker-20260418085643-172.30.0.14-45143 (172.30.0.14:45143) with 1 core(s)
[2026-04-18T09:24:33.799+0000] {subprocess.py:106} INFO - 26/04/18 09:24:33 INFO BlockManager: Initialized BlockManager: BlockManagerId(driver, c05002f484b8, 45641, None)
[2026-04-18T09:24:33.800+0000] {subprocess.py:106} INFO - 26/04/18 09:24:33 INFO StandaloneSchedulerBackend: Granted executor ID app-20260418092433-0000/0 on hostPort 172.30.0.14:45143 with 1 core(s), 1024.0 MiB RAM
[2026-04-18T09:24:34.136+0000] {subprocess.py:106} INFO - 26/04/18 09:24:34 INFO StandaloneAppClient$ClientEndpoint: Executor updated: app-20260418092433-0000/0 is now RUNNING
[2026-04-18T09:24:34.226+0000] {subprocess.py:106} INFO - 26/04/18 09:24:34 INFO StandaloneSchedulerBackend: SchedulerBackend is ready for scheduling beginning after reached minRegisteredResourcesRatio: 0.0
[2026-04-18T09:24:34.983+0000] {subprocess.py:106} INFO - Reading data from: s3a://warehouse/raw/itviec_jobs_full.csv
[2026-04-18T09:24:35.017+0000] {subprocess.py:106} INFO - 26/04/18 09:24:35 INFO SharedState: Setting hive.metastore.warehouse.dir ('null') to the value of spark.sql.warehouse.dir.
[2026-04-18T09:24:35.021+0000] {subprocess.py:106} INFO - 26/04/18 09:24:35 INFO SharedState: Warehouse path is 'file:/opt/spark/work-dir/spark-warehouse'.
[2026-04-18T09:24:37.943+0000] {subprocess.py:106} INFO - 26/04/18 09:24:37 WARN MetricsConfig: Cannot locate configuration: tried hadoop-metrics2-s3a-file-system.properties,hadoop-metrics2.properties
[2026-04-18T09:24:37.978+0000] {subprocess.py:106} INFO - 26/04/18 09:24:37 INFO MetricsSystemImpl: Scheduled Metric snapshot period at 10 second(s).
[2026-04-18T09:24:37.979+0000] {subprocess.py:106} INFO - 26/04/18 09:24:37 INFO MetricsSystemImpl: s3a-file-system metrics system started
[2026-04-18T09:24:38.645+0000] {subprocess.py:106} INFO - 26/04/18 09:24:38 INFO StandaloneSchedulerBackend$StandaloneDriverEndpoint: Registered executor NettyRpcEndpointRef(spark-client://Executor) (172.30.0.14:40758) with ID 0,  ResourceProfileId 0
[2026-04-18T09:24:38.768+0000] {subprocess.py:106} INFO - 26/04/18 09:24:38 INFO BlockManagerMasterEndpoint: Registering block manager 172.30.0.14:42165 with 434.4 MiB RAM, BlockManagerId(0, 172.30.0.14, 42165, None)
[2026-04-18T09:24:40.460+0000] {subprocess.py:106} INFO - 26/04/18 09:24:40 INFO InMemoryFileIndex: It took 132 ms to list leaf files for 1 paths.
[2026-04-18T09:24:40.729+0000] {subprocess.py:106} INFO - 26/04/18 09:24:40 INFO MemoryStore: Block broadcast_0 stored as values in memory (estimated size 206.5 KiB, free 434.2 MiB)
[2026-04-18T09:24:40.885+0000] {subprocess.py:106} INFO - 26/04/18 09:24:40 INFO MemoryStore: Block broadcast_0_piece0 stored as bytes in memory (estimated size 36.1 KiB, free 434.2 MiB)
[2026-04-18T09:24:40.890+0000] {subprocess.py:106} INFO - 26/04/18 09:24:40 INFO BlockManagerInfo: Added broadcast_0_piece0 in memory on c05002f484b8:45641 (size: 36.1 KiB, free: 434.4 MiB)
[2026-04-18T09:24:40.898+0000] {subprocess.py:106} INFO - 26/04/18 09:24:40 INFO SparkContext: Created broadcast 0 from csv at <unknown>:0
[2026-04-18T09:24:41.686+0000] {subprocess.py:106} INFO - 26/04/18 09:24:41 INFO FileInputFormat: Total input files to process : 1
[2026-04-18T09:24:41.704+0000] {subprocess.py:106} INFO - 26/04/18 09:24:41 INFO FileInputFormat: Total input files to process : 1
[2026-04-18T09:24:41.825+0000] {subprocess.py:106} INFO - 26/04/18 09:24:41 INFO SparkContext: Starting job: csv at <unknown>:0
[2026-04-18T09:24:41.859+0000] {subprocess.py:106} INFO - 26/04/18 09:24:41 INFO DAGScheduler: Got job 0 (csv at <unknown>:0) with 1 output partitions
[2026-04-18T09:24:41.860+0000] {subprocess.py:106} INFO - 26/04/18 09:24:41 INFO DAGScheduler: Final stage: ResultStage 0 (csv at <unknown>:0)
[2026-04-18T09:24:41.861+0000] {subprocess.py:106} INFO - 26/04/18 09:24:41 INFO DAGScheduler: Parents of final stage: List()
[2026-04-18T09:24:41.865+0000] {subprocess.py:106} INFO - 26/04/18 09:24:41 INFO DAGScheduler: Missing parents: List()
[2026-04-18T09:24:41.875+0000] {subprocess.py:106} INFO - 26/04/18 09:24:41 INFO DAGScheduler: Submitting ResultStage 0 (MapPartitionsRDD[2] at csv at <unknown>:0), which has no missing parents
[2026-04-18T09:24:41.958+0000] {subprocess.py:106} INFO - 26/04/18 09:24:41 INFO MemoryStore: Block broadcast_1 stored as values in memory (estimated size 7.6 KiB, free 434.2 MiB)
[2026-04-18T09:24:41.973+0000] {subprocess.py:106} INFO - 26/04/18 09:24:41 INFO MemoryStore: Block broadcast_1_piece0 stored as bytes in memory (estimated size 4.4 KiB, free 434.2 MiB)
[2026-04-18T09:24:41.977+0000] {subprocess.py:106} INFO - 26/04/18 09:24:41 INFO BlockManagerInfo: Added broadcast_1_piece0 in memory on c05002f484b8:45641 (size: 4.4 KiB, free: 434.4 MiB)
[2026-04-18T09:24:41.984+0000] {subprocess.py:106} INFO - 26/04/18 09:24:41 INFO SparkContext: Created broadcast 1 from broadcast at DAGScheduler.scala:1585
[2026-04-18T09:24:42.067+0000] {subprocess.py:106} INFO - 26/04/18 09:24:42 INFO DAGScheduler: Submitting 1 missing tasks from ResultStage 0 (MapPartitionsRDD[2] at csv at <unknown>:0) (first 15 tasks are for partitions Vector(0))
[2026-04-18T09:24:42.069+0000] {subprocess.py:106} INFO - 26/04/18 09:24:42 INFO TaskSchedulerImpl: Adding task set 0.0 with 1 tasks resource profile 0
[2026-04-18T09:24:44.991+0000] {subprocess.py:106} INFO - 26/04/18 09:24:44 INFO TaskSetManager: Starting task 0.0 in stage 0.0 (TID 0) (172.30.0.14, executor 0, partition 0, PROCESS_LOCAL, 10108 bytes)
[2026-04-18T09:24:45.306+0000] {subprocess.py:106} INFO - 26/04/18 09:24:45 INFO BlockManagerInfo: Added broadcast_1_piece0 in memory on 172.30.0.14:42165 (size: 4.4 KiB, free: 434.4 MiB)
[2026-04-18T09:24:45.576+0000] {subprocess.py:106} INFO - 26/04/18 09:24:45 INFO BlockManagerInfo: Added broadcast_0_piece0 in memory on 172.30.0.14:42165 (size: 36.1 KiB, free: 434.4 MiB)
[2026-04-18T09:24:47.549+0000] {subprocess.py:106} INFO - 26/04/18 09:24:47 INFO TaskSetManager: Finished task 0.0 in stage 0.0 (TID 0) in 2583 ms on 172.30.0.14 (executor 0) (1/1)
[2026-04-18T09:24:47.552+0000] {subprocess.py:106} INFO - 26/04/18 09:24:47 INFO TaskSchedulerImpl: Removed TaskSet 0.0, whose tasks have all completed, from pool
[2026-04-18T09:24:47.563+0000] {subprocess.py:106} INFO - 26/04/18 09:24:47 INFO DAGScheduler: ResultStage 0 (csv at <unknown>:0) finished in 5.615 s
[2026-04-18T09:24:47.573+0000] {subprocess.py:106} INFO - 26/04/18 09:24:47 INFO DAGScheduler: Job 0 is finished. Cancelling potential speculative or zombie tasks for this job
[2026-04-18T09:24:47.574+0000] {subprocess.py:106} INFO - 26/04/18 09:24:47 INFO TaskSchedulerImpl: Killing all running tasks in stage 0: Stage finished
[2026-04-18T09:24:47.577+0000] {subprocess.py:106} INFO - 26/04/18 09:24:47 INFO DAGScheduler: Job 0 finished: csv at <unknown>:0, took 5.750959 s
[2026-04-18T09:24:47.649+0000] {subprocess.py:106} INFO - 26/04/18 09:24:47 INFO SparkContext: Starting job: csv at <unknown>:0
[2026-04-18T09:24:47.651+0000] {subprocess.py:106} INFO - 26/04/18 09:24:47 INFO DAGScheduler: Got job 1 (csv at <unknown>:0) with 1 output partitions
[2026-04-18T09:24:47.652+0000] {subprocess.py:106} INFO - 26/04/18 09:24:47 INFO DAGScheduler: Final stage: ResultStage 1 (csv at <unknown>:0)
[2026-04-18T09:24:47.653+0000] {subprocess.py:106} INFO - 26/04/18 09:24:47 INFO DAGScheduler: Parents of final stage: List()
[2026-04-18T09:24:47.654+0000] {subprocess.py:106} INFO - 26/04/18 09:24:47 INFO DAGScheduler: Missing parents: List()
[2026-04-18T09:24:47.655+0000] {subprocess.py:106} INFO - 26/04/18 09:24:47 INFO DAGScheduler: Submitting ResultStage 1 (MapPartitionsRDD[3] at csv at <unknown>:0), which has no missing parents
[2026-04-18T09:24:47.660+0000] {subprocess.py:106} INFO - 26/04/18 09:24:47 INFO MemoryStore: Block broadcast_2 stored as values in memory (estimated size 10.1 KiB, free 434.1 MiB)
[2026-04-18T09:24:47.677+0000] {subprocess.py:106} INFO - 26/04/18 09:24:47 INFO MemoryStore: Block broadcast_2_piece0 stored as bytes in memory (estimated size 5.4 KiB, free 434.1 MiB)
[2026-04-18T09:24:47.682+0000] {subprocess.py:106} INFO - 26/04/18 09:24:47 INFO BlockManagerInfo: Added broadcast_2_piece0 in memory on c05002f484b8:45641 (size: 5.4 KiB, free: 434.4 MiB)
[2026-04-18T09:24:47.686+0000] {subprocess.py:106} INFO - 26/04/18 09:24:47 INFO SparkContext: Created broadcast 2 from broadcast at DAGScheduler.scala:1585
[2026-04-18T09:24:47.687+0000] {subprocess.py:106} INFO - 26/04/18 09:24:47 INFO DAGScheduler: Submitting 1 missing tasks from ResultStage 1 (MapPartitionsRDD[3] at csv at <unknown>:0) (first 15 tasks are for partitions Vector(0))
[2026-04-18T09:24:47.688+0000] {subprocess.py:106} INFO - 26/04/18 09:24:47 INFO TaskSchedulerImpl: Adding task set 1.0 with 1 tasks resource profile 0
[2026-04-18T09:24:47.688+0000] {subprocess.py:106} INFO - 26/04/18 09:24:47 INFO TaskSetManager: Starting task 0.0 in stage 1.0 (TID 1) (172.30.0.14, executor 0, partition 0, PROCESS_LOCAL, 10108 bytes)
[2026-04-18T09:24:47.749+0000] {subprocess.py:106} INFO - 26/04/18 09:24:47 INFO BlockManagerInfo: Removed broadcast_1_piece0 on c05002f484b8:45641 in memory (size: 4.4 KiB, free: 434.4 MiB)
[2026-04-18T09:24:47.751+0000] {subprocess.py:106} INFO - 26/04/18 09:24:47 INFO BlockManagerInfo: Removed broadcast_1_piece0 on 172.30.0.14:42165 in memory (size: 4.4 KiB, free: 434.4 MiB)
[2026-04-18T09:24:47.764+0000] {subprocess.py:106} INFO - 26/04/18 09:24:47 INFO BlockManagerInfo: Added broadcast_2_piece0 in memory on 172.30.0.14:42165 (size: 5.4 KiB, free: 434.4 MiB)
[2026-04-18T09:24:48.919+0000] {subprocess.py:106} INFO - 26/04/18 09:24:48 INFO TaskSetManager: Finished task 0.0 in stage 1.0 (TID 1) in 1233 ms on 172.30.0.14 (executor 0) (1/1)
[2026-04-18T09:24:48.920+0000] {subprocess.py:106} INFO - 26/04/18 09:24:48 INFO TaskSchedulerImpl: Removed TaskSet 1.0, whose tasks have all completed, from pool
[2026-04-18T09:24:48.921+0000] {subprocess.py:106} INFO - 26/04/18 09:24:48 INFO DAGScheduler: ResultStage 1 (csv at <unknown>:0) finished in 1.263 s
[2026-04-18T09:24:48.922+0000] {subprocess.py:106} INFO - 26/04/18 09:24:48 INFO DAGScheduler: Job 1 is finished. Cancelling potential speculative or zombie tasks for this job
[2026-04-18T09:24:48.922+0000] {subprocess.py:106} INFO - 26/04/18 09:24:48 INFO TaskSchedulerImpl: Killing all running tasks in stage 1: Stage finished
[2026-04-18T09:24:48.933+0000] {subprocess.py:106} INFO - 26/04/18 09:24:48 INFO DAGScheduler: Job 1 finished: csv at <unknown>:0, took 1.283249 s
[2026-04-18T09:24:49.323+0000] {subprocess.py:106} INFO - 26/04/18 09:24:49 INFO BlockManagerInfo: Removed broadcast_0_piece0 on c05002f484b8:45641 in memory (size: 36.1 KiB, free: 434.4 MiB)
[2026-04-18T09:24:49.327+0000] {subprocess.py:106} INFO - 26/04/18 09:24:49 INFO BlockManagerInfo: Removed broadcast_0_piece0 on 172.30.0.14:42165 in memory (size: 36.1 KiB, free: 434.4 MiB)
[2026-04-18T09:24:49.338+0000] {subprocess.py:106} INFO - 26/04/18 09:24:49 INFO BlockManagerInfo: Removed broadcast_2_piece0 on c05002f484b8:45641 in memory (size: 5.4 KiB, free: 434.4 MiB)
[2026-04-18T09:24:49.344+0000] {subprocess.py:106} INFO - 26/04/18 09:24:49 INFO BlockManagerInfo: Removed broadcast_2_piece0 on 172.30.0.14:42165 in memory (size: 5.4 KiB, free: 434.4 MiB)
[2026-04-18T09:24:50.657+0000] {subprocess.py:106} INFO - 26/04/18 09:24:50 INFO FileSourceStrategy: Pushed Filters:
[2026-04-18T09:24:50.657+0000] {subprocess.py:106} INFO - 26/04/18 09:24:50 INFO FileSourceStrategy: Post-Scan Filters:
[2026-04-18T09:24:51.198+0000] {subprocess.py:106} INFO - 26/04/18 09:24:51 INFO CodeGenerator: Code generated in 304.01658 ms
[2026-04-18T09:24:51.208+0000] {subprocess.py:106} INFO - 26/04/18 09:24:51 INFO MemoryStore: Block broadcast_3 stored as values in memory (estimated size 205.7 KiB, free 434.2 MiB)
[2026-04-18T09:24:51.224+0000] {subprocess.py:106} INFO - 26/04/18 09:24:51 INFO MemoryStore: Block broadcast_3_piece0 stored as bytes in memory (estimated size 36.1 KiB, free 434.2 MiB)
[2026-04-18T09:24:51.225+0000] {subprocess.py:106} INFO - 26/04/18 09:24:51 INFO BlockManagerInfo: Added broadcast_3_piece0 in memory on c05002f484b8:45641 (size: 36.1 KiB, free: 434.4 MiB)
[2026-04-18T09:24:51.226+0000] {subprocess.py:106} INFO - 26/04/18 09:24:51 INFO SparkContext: Created broadcast 3 from count at <unknown>:0
[2026-04-18T09:24:51.258+0000] {subprocess.py:106} INFO - 26/04/18 09:24:51 INFO FileSourceScanExec: Planning scan with bin packing, max size: 4194304 bytes, open cost is considered as scanning 4194304 bytes.
[2026-04-18T09:24:51.313+0000] {subprocess.py:106} INFO - 26/04/18 09:24:51 INFO DAGScheduler: Registering RDD 7 (count at <unknown>:0) as input to shuffle 0
[2026-04-18T09:24:51.318+0000] {subprocess.py:106} INFO - 26/04/18 09:24:51 INFO DAGScheduler: Got map stage job 2 (count at <unknown>:0) with 1 output partitions
[2026-04-18T09:24:51.319+0000] {subprocess.py:106} INFO - 26/04/18 09:24:51 INFO DAGScheduler: Final stage: ShuffleMapStage 2 (count at <unknown>:0)
[2026-04-18T09:24:51.319+0000] {subprocess.py:106} INFO - 26/04/18 09:24:51 INFO DAGScheduler: Parents of final stage: List()
[2026-04-18T09:24:51.321+0000] {subprocess.py:106} INFO - 26/04/18 09:24:51 INFO DAGScheduler: Missing parents: List()
[2026-04-18T09:24:51.323+0000] {subprocess.py:106} INFO - 26/04/18 09:24:51 INFO DAGScheduler: Submitting ShuffleMapStage 2 (MapPartitionsRDD[7] at count at <unknown>:0), which has no missing parents
[2026-04-18T09:24:51.364+0000] {subprocess.py:106} INFO - 26/04/18 09:24:51 INFO MemoryStore: Block broadcast_4 stored as values in memory (estimated size 18.1 KiB, free 434.1 MiB)
[2026-04-18T09:24:51.374+0000] {subprocess.py:106} INFO - 26/04/18 09:24:51 INFO MemoryStore: Block broadcast_4_piece0 stored as bytes in memory (estimated size 8.9 KiB, free 434.1 MiB)
[2026-04-18T09:24:51.376+0000] {subprocess.py:106} INFO - 26/04/18 09:24:51 INFO BlockManagerInfo: Added broadcast_4_piece0 in memory on c05002f484b8:45641 (size: 8.9 KiB, free: 434.4 MiB)
[2026-04-18T09:24:51.377+0000] {subprocess.py:106} INFO - 26/04/18 09:24:51 INFO SparkContext: Created broadcast 4 from broadcast at DAGScheduler.scala:1585
[2026-04-18T09:24:51.380+0000] {subprocess.py:106} INFO - 26/04/18 09:24:51 INFO DAGScheduler: Submitting 1 missing tasks from ShuffleMapStage 2 (MapPartitionsRDD[7] at count at <unknown>:0) (first 15 tasks are for partitions Vector(0))
[2026-04-18T09:24:51.384+0000] {subprocess.py:106} INFO - 26/04/18 09:24:51 INFO TaskSchedulerImpl: Adding task set 2.0 with 1 tasks resource profile 0
[2026-04-18T09:24:51.390+0000] {subprocess.py:106} INFO - 26/04/18 09:24:51 INFO TaskSetManager: Starting task 0.0 in stage 2.0 (TID 2) (172.30.0.14, executor 0, partition 0, PROCESS_LOCAL, 10568 bytes)
[2026-04-18T09:24:51.448+0000] {subprocess.py:106} INFO - 26/04/18 09:24:51 INFO BlockManagerInfo: Added broadcast_4_piece0 in memory on 172.30.0.14:42165 (size: 8.9 KiB, free: 434.4 MiB)
[2026-04-18T09:24:52.086+0000] {subprocess.py:106} INFO - 26/04/18 09:24:52 INFO BlockManagerInfo: Added broadcast_3_piece0 in memory on 172.30.0.14:42165 (size: 36.1 KiB, free: 434.4 MiB)
[2026-04-18T09:24:52.293+0000] {subprocess.py:106} INFO - 26/04/18 09:24:52 INFO TaskSetManager: Finished task 0.0 in stage 2.0 (TID 2) in 905 ms on 172.30.0.14 (executor 0) (1/1)
[2026-04-18T09:24:52.296+0000] {subprocess.py:106} INFO - 26/04/18 09:24:52 INFO TaskSchedulerImpl: Removed TaskSet 2.0, whose tasks have all completed, from pool
[2026-04-18T09:24:52.297+0000] {subprocess.py:106} INFO - 26/04/18 09:24:52 INFO DAGScheduler: ShuffleMapStage 2 (count at <unknown>:0) finished in 0.964 s
[2026-04-18T09:24:52.298+0000] {subprocess.py:106} INFO - 26/04/18 09:24:52 INFO DAGScheduler: looking for newly runnable stages
[2026-04-18T09:24:52.298+0000] {subprocess.py:106} INFO - 26/04/18 09:24:52 INFO DAGScheduler: running: Set()
[2026-04-18T09:24:52.299+0000] {subprocess.py:106} INFO - 26/04/18 09:24:52 INFO DAGScheduler: waiting: Set()
[2026-04-18T09:24:52.299+0000] {subprocess.py:106} INFO - 26/04/18 09:24:52 INFO DAGScheduler: failed: Set()
[2026-04-18T09:24:52.355+0000] {subprocess.py:106} INFO - 26/04/18 09:24:52 INFO CodeGenerator: Code generated in 12.948586 ms
[2026-04-18T09:24:52.439+0000] {subprocess.py:106} INFO - 26/04/18 09:24:52 INFO SparkContext: Starting job: count at <unknown>:0
[2026-04-18T09:24:52.455+0000] {subprocess.py:106} INFO - 26/04/18 09:24:52 INFO DAGScheduler: Got job 3 (count at <unknown>:0) with 1 output partitions
[2026-04-18T09:24:52.456+0000] {subprocess.py:106} INFO - 26/04/18 09:24:52 INFO DAGScheduler: Final stage: ResultStage 4 (count at <unknown>:0)
[2026-04-18T09:24:52.464+0000] {subprocess.py:106} INFO - 26/04/18 09:24:52 INFO DAGScheduler: Parents of final stage: List(ShuffleMapStage 3)
[2026-04-18T09:24:52.465+0000] {subprocess.py:106} INFO - 26/04/18 09:24:52 INFO DAGScheduler: Missing parents: List()
[2026-04-18T09:24:52.466+0000] {subprocess.py:106} INFO - 26/04/18 09:24:52 INFO DAGScheduler: Submitting ResultStage 4 (MapPartitionsRDD[10] at count at <unknown>:0), which has no missing parents
[2026-04-18T09:24:52.468+0000] {subprocess.py:106} INFO - 26/04/18 09:24:52 INFO MemoryStore: Block broadcast_5 stored as values in memory (estimated size 12.5 KiB, free 434.1 MiB)
[2026-04-18T09:24:52.481+0000] {subprocess.py:106} INFO - 26/04/18 09:24:52 INFO MemoryStore: Block broadcast_5_piece0 stored as bytes in memory (estimated size 5.9 KiB, free 434.1 MiB)
[2026-04-18T09:24:52.486+0000] {subprocess.py:106} INFO - 26/04/18 09:24:52 INFO BlockManagerInfo: Added broadcast_5_piece0 in memory on c05002f484b8:45641 (size: 5.9 KiB, free: 434.4 MiB)
[2026-04-18T09:24:52.491+0000] {subprocess.py:106} INFO - 26/04/18 09:24:52 INFO BlockManagerInfo: Removed broadcast_4_piece0 on c05002f484b8:45641 in memory (size: 8.9 KiB, free: 434.4 MiB)
[2026-04-18T09:24:52.492+0000] {subprocess.py:106} INFO - 26/04/18 09:24:52 INFO SparkContext: Created broadcast 5 from broadcast at DAGScheduler.scala:1585
[2026-04-18T09:24:52.493+0000] {subprocess.py:106} INFO - 26/04/18 09:24:52 INFO DAGScheduler: Submitting 1 missing tasks from ResultStage 4 (MapPartitionsRDD[10] at count at <unknown>:0) (first 15 tasks are for partitions Vector(0))
[2026-04-18T09:24:52.493+0000] {subprocess.py:106} INFO - 26/04/18 09:24:52 INFO TaskSchedulerImpl: Adding task set 4.0 with 1 tasks resource profile 0
[2026-04-18T09:24:52.494+0000] {subprocess.py:106} INFO - 26/04/18 09:24:52 INFO BlockManagerInfo: Removed broadcast_4_piece0 on 172.30.0.14:42165 in memory (size: 8.9 KiB, free: 434.4 MiB)
[2026-04-18T09:24:52.503+0000] {subprocess.py:106} INFO - 26/04/18 09:24:52 INFO TaskSetManager: Starting task 0.0 in stage 4.0 (TID 3) (172.30.0.14, executor 0, partition 0, NODE_LOCAL, 9976 bytes)
[2026-04-18T09:24:52.540+0000] {subprocess.py:106} INFO - 26/04/18 09:24:52 INFO BlockManagerInfo: Added broadcast_5_piece0 in memory on 172.30.0.14:42165 (size: 5.9 KiB, free: 434.4 MiB)
[2026-04-18T09:24:52.575+0000] {subprocess.py:106} INFO - 26/04/18 09:24:52 INFO MapOutputTrackerMasterEndpoint: Asked to send map output locations for shuffle 0 to 172.30.0.14:40758
[2026-04-18T09:24:52.735+0000] {subprocess.py:106} INFO - 26/04/18 09:24:52 INFO TaskSetManager: Finished task 0.0 in stage 4.0 (TID 3) in 230 ms on 172.30.0.14 (executor 0) (1/1)
[2026-04-18T09:24:52.738+0000] {subprocess.py:106} INFO - 26/04/18 09:24:52 INFO TaskSchedulerImpl: Removed TaskSet 4.0, whose tasks have all completed, from pool
[2026-04-18T09:24:52.739+0000] {subprocess.py:106} INFO - 26/04/18 09:24:52 INFO DAGScheduler: ResultStage 4 (count at <unknown>:0) finished in 0.268 s
[2026-04-18T09:24:52.739+0000] {subprocess.py:106} INFO - 26/04/18 09:24:52 INFO DAGScheduler: Job 3 is finished. Cancelling potential speculative or zombie tasks for this job
[2026-04-18T09:24:52.740+0000] {subprocess.py:106} INFO - 26/04/18 09:24:52 INFO TaskSchedulerImpl: Killing all running tasks in stage 4: Stage finished
[2026-04-18T09:24:52.740+0000] {subprocess.py:106} INFO - 26/04/18 09:24:52 INFO DAGScheduler: Job 3 finished: count at <unknown>:0, took 0.294549 s
[2026-04-18T09:24:52.743+0000] {subprocess.py:106} INFO -  Record loaded from CSV: 13814
[2026-04-18T09:24:52.752+0000] {subprocess.py:106} INFO - root
[2026-04-18T09:24:52.756+0000] {subprocess.py:106} INFO -  |-- job_title: string (nullable = true)
[2026-04-18T09:24:52.757+0000] {subprocess.py:106} INFO -  |-- company_name: string (nullable = true)
[2026-04-18T09:24:52.758+0000] {subprocess.py:106} INFO -  |-- location: string (nullable = true)
[2026-04-18T09:24:52.758+0000] {subprocess.py:106} INFO -  |-- skills_required: string (nullable = true)
[2026-04-18T09:24:52.759+0000] {subprocess.py:106} INFO -  |-- date_posted: timestamp (nullable = true)
[2026-04-18T09:24:52.759+0000] {subprocess.py:106} INFO -  |-- job_link: string (nullable = true)
[2026-04-18T09:24:52.760+0000] {subprocess.py:106} INFO -  |-- job_category: string (nullable = true)
[2026-04-18T09:24:52.761+0000] {subprocess.py:106} INFO -  |-- work_mode: string (nullable = true)
[2026-04-18T09:24:52.761+0000] {subprocess.py:106} INFO -  |-- crawl_date: timestamp (nullable = true)
[2026-04-18T09:24:52.762+0000] {subprocess.py:106} INFO -  |-- date_only: date (nullable = true)
[2026-04-18T09:24:52.763+0000] {subprocess.py:106} INFO - 
[2026-04-18T09:24:52.972+0000] {subprocess.py:106} INFO - 26/04/18 09:24:52 INFO BlockManagerInfo: Removed broadcast_5_piece0 on c05002f484b8:45641 in memory (size: 5.9 KiB, free: 434.4 MiB)
[2026-04-18T09:24:52.974+0000] {subprocess.py:106} INFO - 26/04/18 09:24:52 INFO BlockManagerInfo: Removed broadcast_5_piece0 on 172.30.0.14:42165 in memory (size: 5.9 KiB, free: 434.4 MiB)
[2026-04-18T09:24:53.263+0000] {subprocess.py:106} INFO - 26/04/18 09:24:53 INFO HiveConf: Found configuration file null
[2026-04-18T09:24:53.469+0000] {subprocess.py:106} INFO - 26/04/18 09:24:53 INFO metastore: Trying to connect to metastore with URI thrift://hive-metastore:9083
[2026-04-18T09:24:53.498+0000] {subprocess.py:106} INFO - 26/04/18 09:24:53 INFO metastore: Opened a connection to metastore, current connections: 1
[2026-04-18T09:24:53.618+0000] {subprocess.py:106} INFO - 26/04/18 09:24:53 INFO metastore: Connected to metastore.
[2026-04-18T09:24:54.769+0000] {subprocess.py:106} INFO - 26/04/18 09:24:54 INFO BaseMetastoreTableOperations: Refreshing table metadata from new version: s3a://warehouse/iceberg_data/bronze.db/it_jobs_raw/metadata/00008-5a04fbe0-f890-4614-845c-c277081c97c7.metadata.json
[2026-04-18T09:24:54.840+0000] {subprocess.py:106} INFO - 26/04/18 09:24:54 INFO BlockManagerInfo: Removed broadcast_3_piece0 on c05002f484b8:45641 in memory (size: 36.1 KiB, free: 434.4 MiB)
[2026-04-18T09:24:54.847+0000] {subprocess.py:106} INFO - 26/04/18 09:24:54 INFO BlockManagerInfo: Removed broadcast_3_piece0 on 172.30.0.14:42165 in memory (size: 36.1 KiB, free: 434.4 MiB)
[2026-04-18T09:24:55.255+0000] {subprocess.py:106} INFO - 26/04/18 09:24:55 INFO BaseMetastoreCatalog: Table loaded by catalog: iceberg.bronze.it_jobs_raw
[2026-04-18T09:24:55.262+0000] {subprocess.py:106} INFO - Table iceberg.bronze.it_jobs_raw exists. Checking for new records...
[2026-04-18T09:24:55.492+0000] {subprocess.py:106} INFO - 26/04/18 09:24:55 INFO V2ScanRelationPushDown:
[2026-04-18T09:24:55.493+0000] {subprocess.py:106} INFO - Pushing operators to iceberg.bronze.it_jobs_raw
[2026-04-18T09:24:55.493+0000] {subprocess.py:106} INFO - Pushed Filters: job_link IS NOT NULL
[2026-04-18T09:24:55.494+0000] {subprocess.py:106} INFO - Post-Scan Filters: isnotnull(job_link#79)
[2026-04-18T09:24:55.494+0000] {subprocess.py:106} INFO - 
[2026-04-18T09:24:55.544+0000] {subprocess.py:106} INFO - 26/04/18 09:24:55 INFO V2ScanRelationPushDown:
[2026-04-18T09:24:55.545+0000] {subprocess.py:106} INFO - Output: job_link#79
[2026-04-18T09:24:55.545+0000] {subprocess.py:106} INFO - 
[2026-04-18T09:24:55.562+0000] {subprocess.py:106} INFO - 26/04/18 09:24:55 INFO SnapshotScan: Scanning table iceberg.bronze.it_jobs_raw snapshot 58805181212625519 created at 2026-04-14T06:46:02.174+00:00 with filter job_link IS NOT NULL
[2026-04-18T09:24:55.820+0000] {subprocess.py:106} INFO - 26/04/18 09:24:55 INFO BaseDistributedDataScan: Planning file tasks locally for table iceberg.bronze.it_jobs_raw
[2026-04-18T09:24:56.106+0000] {subprocess.py:106} INFO - 26/04/18 09:24:56 INFO SparkPartitioningAwareScan: Reporting UnknownPartitioning with 3 partition(s) for table iceberg.bronze.it_jobs_raw
[2026-04-18T09:24:56.214+0000] {subprocess.py:106} INFO - 26/04/18 09:24:56 INFO FileSourceStrategy: Pushed Filters:
[2026-04-18T09:24:56.215+0000] {subprocess.py:106} INFO - 26/04/18 09:24:56 INFO FileSourceStrategy: Post-Scan Filters:
[2026-04-18T09:24:56.254+0000] {subprocess.py:106} INFO - 26/04/18 09:24:56 INFO MemoryStore: Block broadcast_6 stored as values in memory (estimated size 32.0 KiB, free 434.4 MiB)
[2026-04-18T09:24:56.273+0000] {subprocess.py:106} INFO - 26/04/18 09:24:56 INFO MemoryStore: Block broadcast_6_piece0 stored as bytes in memory (estimated size 30.2 KiB, free 434.3 MiB)
[2026-04-18T09:24:56.275+0000] {subprocess.py:106} INFO - 26/04/18 09:24:56 INFO BlockManagerInfo: Added broadcast_6_piece0 in memory on c05002f484b8:45641 (size: 30.2 KiB, free: 434.4 MiB)
[2026-04-18T09:24:56.277+0000] {subprocess.py:106} INFO - 26/04/18 09:24:56 INFO SparkContext: Created broadcast 6 from broadcast at SparkBatch.java:79
[2026-04-18T09:24:56.313+0000] {subprocess.py:106} INFO - 26/04/18 09:24:56 INFO MemoryStore: Block broadcast_7 stored as values in memory (estimated size 32.0 KiB, free 434.3 MiB)
[2026-04-18T09:24:56.319+0000] {subprocess.py:106} INFO - 26/04/18 09:24:56 INFO MemoryStore: Block broadcast_7_piece0 stored as bytes in memory (estimated size 30.2 KiB, free 434.3 MiB)
[2026-04-18T09:24:56.321+0000] {subprocess.py:106} INFO - 26/04/18 09:24:56 INFO BlockManagerInfo: Added broadcast_7_piece0 in memory on c05002f484b8:45641 (size: 30.2 KiB, free: 434.3 MiB)
[2026-04-18T09:24:56.323+0000] {subprocess.py:106} INFO - 26/04/18 09:24:56 INFO SparkContext: Created broadcast 7 from broadcast at SparkBatch.java:79
[2026-04-18T09:24:56.415+0000] {subprocess.py:106} INFO - 26/04/18 09:24:56 INFO CodeGenerator: Code generated in 22.884715 ms
[2026-04-18T09:24:56.442+0000] {subprocess.py:106} INFO - 26/04/18 09:24:56 INFO SparkContext: Starting job: $anonfun$withThreadLocalCaptured$1 at <unknown>:0
[2026-04-18T09:24:56.443+0000] {subprocess.py:106} INFO - 26/04/18 09:24:56 INFO DAGScheduler: Got job 4 ($anonfun$withThreadLocalCaptured$1 at <unknown>:0) with 3 output partitions
[2026-04-18T09:24:56.444+0000] {subprocess.py:106} INFO - 26/04/18 09:24:56 INFO DAGScheduler: Final stage: ResultStage 5 ($anonfun$withThreadLocalCaptured$1 at <unknown>:0)
[2026-04-18T09:24:56.445+0000] {subprocess.py:106} INFO - 26/04/18 09:24:56 INFO DAGScheduler: Parents of final stage: List()
[2026-04-18T09:24:56.445+0000] {subprocess.py:106} INFO - 26/04/18 09:24:56 INFO DAGScheduler: Missing parents: List()
[2026-04-18T09:24:56.446+0000] {subprocess.py:106} INFO - 26/04/18 09:24:56 INFO DAGScheduler: Submitting ResultStage 5 (MapPartitionsRDD[14] at $anonfun$withThreadLocalCaptured$1 at <unknown>:0), which has no missing parents
[2026-04-18T09:24:56.449+0000] {subprocess.py:106} INFO - 26/04/18 09:24:56 INFO MemoryStore: Block broadcast_8 stored as values in memory (estimated size 13.8 KiB, free 434.3 MiB)
[2026-04-18T09:24:56.458+0000] {subprocess.py:106} INFO - 26/04/18 09:24:56 INFO MemoryStore: Block broadcast_8_piece0 stored as bytes in memory (estimated size 5.5 KiB, free 434.3 MiB)
[2026-04-18T09:24:56.464+0000] {subprocess.py:106} INFO - 26/04/18 09:24:56 INFO BlockManagerInfo: Added broadcast_8_piece0 in memory on c05002f484b8:45641 (size: 5.5 KiB, free: 434.3 MiB)
[2026-04-18T09:24:56.465+0000] {subprocess.py:106} INFO - 26/04/18 09:24:56 INFO SparkContext: Created broadcast 8 from broadcast at DAGScheduler.scala:1585
[2026-04-18T09:24:56.465+0000] {subprocess.py:106} INFO - 26/04/18 09:24:56 INFO DAGScheduler: Submitting 3 missing tasks from ResultStage 5 (MapPartitionsRDD[14] at $anonfun$withThreadLocalCaptured$1 at <unknown>:0) (first 15 tasks are for partitions Vector(0, 1, 2))
[2026-04-18T09:24:56.466+0000] {subprocess.py:106} INFO - 26/04/18 09:24:56 INFO TaskSchedulerImpl: Adding task set 5.0 with 3 tasks resource profile 0
[2026-04-18T09:24:56.486+0000] {subprocess.py:106} INFO - 26/04/18 09:24:56 INFO TaskSetManager: Starting task 0.0 in stage 5.0 (TID 4) (172.30.0.14, executor 0, partition 0, PROCESS_LOCAL, 16345 bytes)
[2026-04-18T09:24:56.923+0000] {subprocess.py:106} INFO - 26/04/18 09:24:56 INFO BlockManagerInfo: Added broadcast_8_piece0 in memory on 172.30.0.14:42165 (size: 5.5 KiB, free: 434.4 MiB)
[2026-04-18T09:24:57.000+0000] {subprocess.py:106} INFO - 26/04/18 09:24:56 INFO BlockManagerInfo: Added broadcast_7_piece0 in memory on 172.30.0.14:42165 (size: 30.2 KiB, free: 434.4 MiB)
[2026-04-18T09:24:58.399+0000] {subprocess.py:106} INFO - 26/04/18 09:24:58 INFO TaskSetManager: Starting task 1.0 in stage 5.0 (TID 5) (172.30.0.14, executor 0, partition 1, PROCESS_LOCAL, 16327 bytes)
[2026-04-18T09:24:58.401+0000] {subprocess.py:106} INFO - 26/04/18 09:24:58 INFO TaskSetManager: Finished task 0.0 in stage 5.0 (TID 4) in 1935 ms on 172.30.0.14 (executor 0) (1/3)
[2026-04-18T09:24:58.720+0000] {subprocess.py:106} INFO - 26/04/18 09:24:58 INFO TaskSetManager: Starting task 2.0 in stage 5.0 (TID 6) (172.30.0.14, executor 0, partition 2, PROCESS_LOCAL, 14966 bytes)
[2026-04-18T09:24:58.721+0000] {subprocess.py:106} INFO - 26/04/18 09:24:58 INFO TaskSetManager: Finished task 1.0 in stage 5.0 (TID 5) in 322 ms on 172.30.0.14 (executor 0) (2/3)
[2026-04-18T09:24:58.817+0000] {subprocess.py:106} INFO - 26/04/18 09:24:58 INFO TaskSetManager: Finished task 2.0 in stage 5.0 (TID 6) in 105 ms on 172.30.0.14 (executor 0) (3/3)
[2026-04-18T09:24:58.817+0000] {subprocess.py:106} INFO - 26/04/18 09:24:58 INFO TaskSchedulerImpl: Removed TaskSet 5.0, whose tasks have all completed, from pool
[2026-04-18T09:24:58.818+0000] {subprocess.py:106} INFO - 26/04/18 09:24:58 INFO DAGScheduler: ResultStage 5 ($anonfun$withThreadLocalCaptured$1 at <unknown>:0) finished in 2.369 s
[2026-04-18T09:24:58.819+0000] {subprocess.py:106} INFO - 26/04/18 09:24:58 INFO DAGScheduler: Job 4 is finished. Cancelling potential speculative or zombie tasks for this job
[2026-04-18T09:24:58.819+0000] {subprocess.py:106} INFO - 26/04/18 09:24:58 INFO TaskSchedulerImpl: Killing all running tasks in stage 5: Stage finished
[2026-04-18T09:24:58.820+0000] {subprocess.py:106} INFO - 26/04/18 09:24:58 INFO DAGScheduler: Job 4 finished: $anonfun$withThreadLocalCaptured$1 at <unknown>:0, took 2.376253 s
[2026-04-18T09:24:58.857+0000] {subprocess.py:106} INFO - 26/04/18 09:24:58 INFO BlockManagerInfo: Removed broadcast_8_piece0 on c05002f484b8:45641 in memory (size: 5.5 KiB, free: 434.3 MiB)
[2026-04-18T09:24:58.867+0000] {subprocess.py:106} INFO - 26/04/18 09:24:58 INFO BlockManagerInfo: Removed broadcast_8_piece0 on 172.30.0.14:42165 in memory (size: 5.5 KiB, free: 434.4 MiB)
[2026-04-18T09:24:58.879+0000] {subprocess.py:106} INFO - 26/04/18 09:24:58 INFO CodeGenerator: Code generated in 18.195748 ms
[2026-04-18T09:24:58.969+0000] {subprocess.py:106} INFO - 26/04/18 09:24:58 INFO MemoryStore: Block broadcast_9_piece0 stored as bytes in memory (estimated size 806.3 KiB, free 433.5 MiB)
[2026-04-18T09:24:58.970+0000] {subprocess.py:106} INFO - 26/04/18 09:24:58 INFO BlockManagerInfo: Added broadcast_9_piece0 in memory on c05002f484b8:45641 (size: 806.3 KiB, free: 433.6 MiB)
[2026-04-18T09:24:58.971+0000] {subprocess.py:106} INFO - 26/04/18 09:24:58 INFO SparkContext: Created broadcast 9 from $anonfun$withThreadLocalCaptured$1 at <unknown>:0
[2026-04-18T09:24:58.981+0000] {subprocess.py:106} INFO - 26/04/18 09:24:58 INFO FileSourceStrategy: Pushed Filters:
[2026-04-18T09:24:58.982+0000] {subprocess.py:106} INFO - 26/04/18 09:24:58 INFO FileSourceStrategy: Post-Scan Filters:
[2026-04-18T09:24:59.048+0000] {subprocess.py:106} INFO - 26/04/18 09:24:59 INFO CodeGenerator: Code generated in 17.522587 ms
[2026-04-18T09:24:59.053+0000] {subprocess.py:106} INFO - 26/04/18 09:24:59 INFO MemoryStore: Block broadcast_10 stored as values in memory (estimated size 205.7 KiB, free 433.3 MiB)
[2026-04-18T09:24:59.078+0000] {subprocess.py:106} INFO - 26/04/18 09:24:59 INFO MemoryStore: Block broadcast_10_piece0 stored as bytes in memory (estimated size 36.1 KiB, free 433.3 MiB)
[2026-04-18T09:24:59.079+0000] {subprocess.py:106} INFO - 26/04/18 09:24:59 INFO BlockManagerInfo: Added broadcast_10_piece0 in memory on c05002f484b8:45641 (size: 36.1 KiB, free: 433.5 MiB)
[2026-04-18T09:24:59.081+0000] {subprocess.py:106} INFO - 26/04/18 09:24:59 INFO SparkContext: Created broadcast 10 from count at <unknown>:0
[2026-04-18T09:24:59.086+0000] {subprocess.py:106} INFO - 26/04/18 09:24:59 INFO FileSourceScanExec: Planning scan with bin packing, max size: 4194304 bytes, open cost is considered as scanning 4194304 bytes.
[2026-04-18T09:24:59.096+0000] {subprocess.py:106} INFO - 26/04/18 09:24:59 INFO DAGScheduler: Registering RDD 18 (count at <unknown>:0) as input to shuffle 1
[2026-04-18T09:24:59.097+0000] {subprocess.py:106} INFO - 26/04/18 09:24:59 INFO DAGScheduler: Got map stage job 5 (count at <unknown>:0) with 1 output partitions
[2026-04-18T09:24:59.097+0000] {subprocess.py:106} INFO - 26/04/18 09:24:59 INFO DAGScheduler: Final stage: ShuffleMapStage 6 (count at <unknown>:0)
[2026-04-18T09:24:59.098+0000] {subprocess.py:106} INFO - 26/04/18 09:24:59 INFO DAGScheduler: Parents of final stage: List()
[2026-04-18T09:24:59.099+0000] {subprocess.py:106} INFO - 26/04/18 09:24:59 INFO DAGScheduler: Missing parents: List()
[2026-04-18T09:24:59.102+0000] {subprocess.py:106} INFO - 26/04/18 09:24:59 INFO DAGScheduler: Submitting ShuffleMapStage 6 (MapPartitionsRDD[18] at count at <unknown>:0), which has no missing parents
[2026-04-18T09:24:59.106+0000] {subprocess.py:106} INFO - 26/04/18 09:24:59 INFO MemoryStore: Block broadcast_11 stored as values in memory (estimated size 20.2 KiB, free 433.2 MiB)
[2026-04-18T09:24:59.108+0000] {subprocess.py:106} INFO - 26/04/18 09:24:59 INFO MemoryStore: Block broadcast_11_piece0 stored as bytes in memory (estimated size 9.8 KiB, free 433.2 MiB)
[2026-04-18T09:24:59.110+0000] {subprocess.py:106} INFO - 26/04/18 09:24:59 INFO BlockManagerInfo: Added broadcast_11_piece0 in memory on c05002f484b8:45641 (size: 9.8 KiB, free: 433.5 MiB)
[2026-04-18T09:24:59.111+0000] {subprocess.py:106} INFO - 26/04/18 09:24:59 INFO SparkContext: Created broadcast 11 from broadcast at DAGScheduler.scala:1585
[2026-04-18T09:24:59.112+0000] {subprocess.py:106} INFO - 26/04/18 09:24:59 INFO DAGScheduler: Submitting 1 missing tasks from ShuffleMapStage 6 (MapPartitionsRDD[18] at count at <unknown>:0) (first 15 tasks are for partitions Vector(0))
[2026-04-18T09:24:59.113+0000] {subprocess.py:106} INFO - 26/04/18 09:24:59 INFO TaskSchedulerImpl: Adding task set 6.0 with 1 tasks resource profile 0
[2026-04-18T09:24:59.124+0000] {subprocess.py:106} INFO - 26/04/18 09:24:59 INFO TaskSetManager: Starting task 0.0 in stage 6.0 (TID 7) (172.30.0.14, executor 0, partition 0, PROCESS_LOCAL, 10568 bytes)
[2026-04-18T09:24:59.146+0000] {subprocess.py:106} INFO - 26/04/18 09:24:59 INFO BlockManagerInfo: Added broadcast_11_piece0 in memory on 172.30.0.14:42165 (size: 9.8 KiB, free: 434.4 MiB)
[2026-04-18T09:24:59.200+0000] {subprocess.py:106} INFO - 26/04/18 09:24:59 INFO BlockManagerInfo: Added broadcast_9_piece0 in memory on 172.30.0.14:42165 (size: 806.3 KiB, free: 433.6 MiB)
[2026-04-18T09:24:59.339+0000] {subprocess.py:106} INFO - 26/04/18 09:24:59 INFO BlockManagerInfo: Added broadcast_10_piece0 in memory on 172.30.0.14:42165 (size: 36.1 KiB, free: 433.5 MiB)
[2026-04-18T09:24:59.495+0000] {subprocess.py:106} INFO - 26/04/18 09:24:59 INFO TaskSetManager: Finished task 0.0 in stage 6.0 (TID 7) in 382 ms on 172.30.0.14 (executor 0) (1/1)
[2026-04-18T09:24:59.497+0000] {subprocess.py:106} INFO - 26/04/18 09:24:59 INFO TaskSchedulerImpl: Removed TaskSet 6.0, whose tasks have all completed, from pool
[2026-04-18T09:24:59.499+0000] {subprocess.py:106} INFO - 26/04/18 09:24:59 INFO DAGScheduler: ShuffleMapStage 6 (count at <unknown>:0) finished in 0.395 s
[2026-04-18T09:24:59.500+0000] {subprocess.py:106} INFO - 26/04/18 09:24:59 INFO DAGScheduler: looking for newly runnable stages
[2026-04-18T09:24:59.503+0000] {subprocess.py:106} INFO - 26/04/18 09:24:59 INFO DAGScheduler: running: Set()
[2026-04-18T09:24:59.505+0000] {subprocess.py:106} INFO - 26/04/18 09:24:59 INFO DAGScheduler: waiting: Set()
[2026-04-18T09:24:59.505+0000] {subprocess.py:106} INFO - 26/04/18 09:24:59 INFO DAGScheduler: failed: Set()
[2026-04-18T09:24:59.533+0000] {subprocess.py:106} INFO - 26/04/18 09:24:59 INFO CodeGenerator: Code generated in 13.912281 ms
[2026-04-18T09:24:59.552+0000] {subprocess.py:106} INFO - 26/04/18 09:24:59 INFO SparkContext: Starting job: count at <unknown>:0
[2026-04-18T09:24:59.553+0000] {subprocess.py:106} INFO - 26/04/18 09:24:59 INFO DAGScheduler: Got job 6 (count at <unknown>:0) with 1 output partitions
[2026-04-18T09:24:59.554+0000] {subprocess.py:106} INFO - 26/04/18 09:24:59 INFO DAGScheduler: Final stage: ResultStage 8 (count at <unknown>:0)
[2026-04-18T09:24:59.554+0000] {subprocess.py:106} INFO - 26/04/18 09:24:59 INFO DAGScheduler: Parents of final stage: List(ShuffleMapStage 7)
[2026-04-18T09:24:59.555+0000] {subprocess.py:106} INFO - 26/04/18 09:24:59 INFO DAGScheduler: Missing parents: List()
[2026-04-18T09:24:59.556+0000] {subprocess.py:106} INFO - 26/04/18 09:24:59 INFO DAGScheduler: Submitting ResultStage 8 (MapPartitionsRDD[21] at count at <unknown>:0), which has no missing parents
[2026-04-18T09:24:59.561+0000] {subprocess.py:106} INFO - 26/04/18 09:24:59 INFO MemoryStore: Block broadcast_12 stored as values in memory (estimated size 12.5 KiB, free 433.2 MiB)
[2026-04-18T09:24:59.567+0000] {subprocess.py:106} INFO - 26/04/18 09:24:59 INFO MemoryStore: Block broadcast_12_piece0 stored as bytes in memory (estimated size 5.9 KiB, free 433.2 MiB)
[2026-04-18T09:24:59.570+0000] {subprocess.py:106} INFO - 26/04/18 09:24:59 INFO BlockManagerInfo: Added broadcast_12_piece0 in memory on c05002f484b8:45641 (size: 5.9 KiB, free: 433.5 MiB)
[2026-04-18T09:24:59.572+0000] {subprocess.py:106} INFO - 26/04/18 09:24:59 INFO BlockManagerInfo: Removed broadcast_11_piece0 on c05002f484b8:45641 in memory (size: 9.8 KiB, free: 433.5 MiB)
[2026-04-18T09:24:59.576+0000] {subprocess.py:106} INFO - 26/04/18 09:24:59 INFO SparkContext: Created broadcast 12 from broadcast at DAGScheduler.scala:1585
[2026-04-18T09:24:59.578+0000] {subprocess.py:106} INFO - 26/04/18 09:24:59 INFO DAGScheduler: Submitting 1 missing tasks from ResultStage 8 (MapPartitionsRDD[21] at count at <unknown>:0) (first 15 tasks are for partitions Vector(0))
[2026-04-18T09:24:59.579+0000] {subprocess.py:106} INFO - 26/04/18 09:24:59 INFO TaskSchedulerImpl: Adding task set 8.0 with 1 tasks resource profile 0
[2026-04-18T09:24:59.580+0000] {subprocess.py:106} INFO - 26/04/18 09:24:59 INFO BlockManagerInfo: Removed broadcast_11_piece0 on 172.30.0.14:42165 in memory (size: 9.8 KiB, free: 433.5 MiB)
[2026-04-18T09:24:59.581+0000] {subprocess.py:106} INFO - 26/04/18 09:24:59 INFO TaskSetManager: Starting task 0.0 in stage 8.0 (TID 8) (172.30.0.14, executor 0, partition 0, NODE_LOCAL, 9976 bytes)
[2026-04-18T09:24:59.595+0000] {subprocess.py:106} INFO - 26/04/18 09:24:59 INFO BlockManagerInfo: Added broadcast_12_piece0 in memory on 172.30.0.14:42165 (size: 5.9 KiB, free: 433.5 MiB)
[2026-04-18T09:24:59.604+0000] {subprocess.py:106} INFO - 26/04/18 09:24:59 INFO MapOutputTrackerMasterEndpoint: Asked to send map output locations for shuffle 1 to 172.30.0.14:40758
[2026-04-18T09:24:59.644+0000] {subprocess.py:106} INFO - 26/04/18 09:24:59 INFO TaskSetManager: Finished task 0.0 in stage 8.0 (TID 8) in 66 ms on 172.30.0.14 (executor 0) (1/1)
[2026-04-18T09:24:59.645+0000] {subprocess.py:106} INFO - 26/04/18 09:24:59 INFO TaskSchedulerImpl: Removed TaskSet 8.0, whose tasks have all completed, from pool
[2026-04-18T09:24:59.648+0000] {subprocess.py:106} INFO - 26/04/18 09:24:59 INFO DAGScheduler: ResultStage 8 (count at <unknown>:0) finished in 0.088 s
[2026-04-18T09:24:59.649+0000] {subprocess.py:106} INFO - 26/04/18 09:24:59 INFO DAGScheduler: Job 6 is finished. Cancelling potential speculative or zombie tasks for this job
[2026-04-18T09:24:59.650+0000] {subprocess.py:106} INFO - 26/04/18 09:24:59 INFO TaskSchedulerImpl: Killing all running tasks in stage 8: Stage finished
[2026-04-18T09:24:59.654+0000] {subprocess.py:106} INFO - 26/04/18 09:24:59 INFO DAGScheduler: Job 6 finished: count at <unknown>:0, took 0.101780 s
[2026-04-18T09:24:59.658+0000] {subprocess.py:106} INFO -  New records to append: 127
[2026-04-18T09:24:59.741+0000] {subprocess.py:106} INFO - 26/04/18 09:24:59 INFO V2ScanRelationPushDown:
[2026-04-18T09:24:59.742+0000] {subprocess.py:106} INFO - Pushing operators to iceberg.bronze.it_jobs_raw
[2026-04-18T09:24:59.742+0000] {subprocess.py:106} INFO - Pushed Filters: job_link IS NOT NULL
[2026-04-18T09:24:59.743+0000] {subprocess.py:106} INFO - Post-Scan Filters: isnotnull(job_link#79)
[2026-04-18T09:24:59.743+0000] {subprocess.py:106} INFO - 
[2026-04-18T09:24:59.744+0000] {subprocess.py:106} INFO - 26/04/18 09:24:59 INFO V2ScanRelationPushDown:
[2026-04-18T09:24:59.744+0000] {subprocess.py:106} INFO - Output: job_link#79
[2026-04-18T09:24:59.744+0000] {subprocess.py:106} INFO - 
[2026-04-18T09:24:59.745+0000] {subprocess.py:106} INFO - 26/04/18 09:24:59 INFO SnapshotScan: Scanning table iceberg.bronze.it_jobs_raw snapshot 58805181212625519 created at 2026-04-14T06:46:02.174+00:00 with filter job_link IS NOT NULL
[2026-04-18T09:24:59.745+0000] {subprocess.py:106} INFO - 26/04/18 09:24:59 INFO BaseDistributedDataScan: Planning file tasks locally for table iceberg.bronze.it_jobs_raw
[2026-04-18T09:24:59.819+0000] {subprocess.py:106} INFO - 26/04/18 09:24:59 INFO SparkPartitioningAwareScan: Reporting UnknownPartitioning with 3 partition(s) for table iceberg.bronze.it_jobs_raw
[2026-04-18T09:24:59.832+0000] {subprocess.py:106} INFO - 26/04/18 09:24:59 INFO BlockManagerInfo: Removed broadcast_12_piece0 on c05002f484b8:45641 in memory (size: 5.9 KiB, free: 433.5 MiB)
[2026-04-18T09:24:59.836+0000] {subprocess.py:106} INFO - 26/04/18 09:24:59 INFO BlockManagerInfo: Removed broadcast_12_piece0 on 172.30.0.14:42165 in memory (size: 5.9 KiB, free: 433.5 MiB)
[2026-04-18T09:24:59.868+0000] {subprocess.py:106} INFO - 26/04/18 09:24:59 INFO SparkWrite: Requesting 0 bytes advisory partition size for table iceberg.bronze.it_jobs_raw
[2026-04-18T09:24:59.868+0000] {subprocess.py:106} INFO - 26/04/18 09:24:59 INFO SparkWrite: Requesting UnspecifiedDistribution as write distribution for table iceberg.bronze.it_jobs_raw
[2026-04-18T09:24:59.869+0000] {subprocess.py:106} INFO - 26/04/18 09:24:59 INFO SparkWrite: Requesting [] as write ordering for table iceberg.bronze.it_jobs_raw
[2026-04-18T09:24:59.888+0000] {subprocess.py:106} INFO - 26/04/18 09:24:59 INFO FileSourceStrategy: Pushed Filters:
[2026-04-18T09:24:59.889+0000] {subprocess.py:106} INFO - 26/04/18 09:24:59 INFO FileSourceStrategy: Post-Scan Filters:
[2026-04-18T09:24:59.891+0000] {subprocess.py:106} INFO - 26/04/18 09:24:59 INFO MemoryStore: Block broadcast_13 stored as values in memory (estimated size 32.0 KiB, free 433.2 MiB)
[2026-04-18T09:24:59.899+0000] {subprocess.py:106} INFO - 26/04/18 09:24:59 INFO MemoryStore: Block broadcast_13_piece0 stored as bytes in memory (estimated size 30.2 KiB, free 433.2 MiB)
[2026-04-18T09:24:59.904+0000] {subprocess.py:106} INFO - 26/04/18 09:24:59 INFO BlockManagerInfo: Added broadcast_13_piece0 in memory on c05002f484b8:45641 (size: 30.2 KiB, free: 433.5 MiB)
[2026-04-18T09:24:59.905+0000] {subprocess.py:106} INFO - 26/04/18 09:24:59 INFO SparkContext: Created broadcast 13 from broadcast at SparkBatch.java:79
[2026-04-18T09:24:59.910+0000] {subprocess.py:106} INFO - 26/04/18 09:24:59 INFO MemoryStore: Block broadcast_14 stored as values in memory (estimated size 32.0 KiB, free 433.2 MiB)
[2026-04-18T09:24:59.914+0000] {subprocess.py:106} INFO - 26/04/18 09:24:59 INFO MemoryStore: Block broadcast_14_piece0 stored as bytes in memory (estimated size 30.2 KiB, free 433.1 MiB)
[2026-04-18T09:24:59.915+0000] {subprocess.py:106} INFO - 26/04/18 09:24:59 INFO BlockManagerInfo: Added broadcast_14_piece0 in memory on c05002f484b8:45641 (size: 30.2 KiB, free: 433.5 MiB)
[2026-04-18T09:24:59.916+0000] {subprocess.py:106} INFO - 26/04/18 09:24:59 INFO SparkContext: Created broadcast 14 from broadcast at SparkBatch.java:79
[2026-04-18T09:24:59.952+0000] {subprocess.py:106} INFO - 26/04/18 09:24:59 INFO BlockManagerInfo: Removed broadcast_6_piece0 on c05002f484b8:45641 in memory (size: 30.2 KiB, free: 433.5 MiB)
[2026-04-18T09:24:59.983+0000] {subprocess.py:106} INFO - 26/04/18 09:24:59 INFO SparkContext: Starting job: $anonfun$withThreadLocalCaptured$1 at <unknown>:0
[2026-04-18T09:24:59.984+0000] {subprocess.py:106} INFO - 26/04/18 09:24:59 INFO DAGScheduler: Got job 7 ($anonfun$withThreadLocalCaptured$1 at <unknown>:0) with 3 output partitions
[2026-04-18T09:24:59.985+0000] {subprocess.py:106} INFO - 26/04/18 09:24:59 INFO DAGScheduler: Final stage: ResultStage 9 ($anonfun$withThreadLocalCaptured$1 at <unknown>:0)
[2026-04-18T09:24:59.986+0000] {subprocess.py:106} INFO - 26/04/18 09:24:59 INFO DAGScheduler: Parents of final stage: List()
[2026-04-18T09:24:59.987+0000] {subprocess.py:106} INFO - 26/04/18 09:24:59 INFO DAGScheduler: Missing parents: List()
[2026-04-18T09:24:59.988+0000] {subprocess.py:106} INFO - 26/04/18 09:24:59 INFO DAGScheduler: Submitting ResultStage 9 (MapPartitionsRDD[25] at $anonfun$withThreadLocalCaptured$1 at <unknown>:0), which has no missing parents
[2026-04-18T09:24:59.990+0000] {subprocess.py:106} INFO - 26/04/18 09:24:59 INFO MemoryStore: Block broadcast_15 stored as values in memory (estimated size 13.7 KiB, free 433.2 MiB)
[2026-04-18T09:25:00.014+0000] {subprocess.py:106} INFO - 26/04/18 09:25:00 INFO MemoryStore: Block broadcast_15_piece0 stored as bytes in memory (estimated size 5.5 KiB, free 433.2 MiB)
[2026-04-18T09:25:00.015+0000] {subprocess.py:106} INFO - 26/04/18 09:25:00 INFO BlockManagerInfo: Added broadcast_15_piece0 in memory on c05002f484b8:45641 (size: 5.5 KiB, free: 433.5 MiB)
[2026-04-18T09:25:00.016+0000] {subprocess.py:106} INFO - 26/04/18 09:25:00 INFO SparkContext: Created broadcast 15 from broadcast at DAGScheduler.scala:1585
[2026-04-18T09:25:00.016+0000] {subprocess.py:106} INFO - 26/04/18 09:25:00 INFO DAGScheduler: Submitting 3 missing tasks from ResultStage 9 (MapPartitionsRDD[25] at $anonfun$withThreadLocalCaptured$1 at <unknown>:0) (first 15 tasks are for partitions Vector(0, 1, 2))
[2026-04-18T09:25:00.017+0000] {subprocess.py:106} INFO - 26/04/18 09:25:00 INFO TaskSchedulerImpl: Adding task set 9.0 with 3 tasks resource profile 0
[2026-04-18T09:25:00.022+0000] {subprocess.py:106} INFO - 26/04/18 09:25:00 INFO TaskSetManager: Starting task 0.0 in stage 9.0 (TID 9) (172.30.0.14, executor 0, partition 0, PROCESS_LOCAL, 16335 bytes)
[2026-04-18T09:25:00.043+0000] {subprocess.py:106} INFO - 26/04/18 09:25:00 INFO BlockManagerInfo: Added broadcast_15_piece0 in memory on 172.30.0.14:42165 (size: 5.5 KiB, free: 433.5 MiB)
[2026-04-18T09:25:00.083+0000] {subprocess.py:106} INFO - 26/04/18 09:25:00 INFO BlockManagerInfo: Added broadcast_14_piece0 in memory on 172.30.0.14:42165 (size: 30.2 KiB, free: 433.5 MiB)
[2026-04-18T09:25:00.381+0000] {subprocess.py:106} INFO - 26/04/18 09:25:00 INFO BlockManagerInfo: Removed broadcast_10_piece0 on c05002f484b8:45641 in memory (size: 36.1 KiB, free: 433.5 MiB)
[2026-04-18T09:25:00.384+0000] {subprocess.py:106} INFO - 26/04/18 09:25:00 INFO TaskSetManager: Starting task 1.0 in stage 9.0 (TID 10) (172.30.0.14, executor 0, partition 1, PROCESS_LOCAL, 16346 bytes)
[2026-04-18T09:25:00.385+0000] {subprocess.py:106} INFO - 26/04/18 09:25:00 INFO TaskSetManager: Finished task 0.0 in stage 9.0 (TID 9) in 370 ms on 172.30.0.14 (executor 0) (1/3)
[2026-04-18T09:25:00.386+0000] {subprocess.py:106} INFO - 26/04/18 09:25:00 INFO BlockManagerInfo: Removed broadcast_10_piece0 on 172.30.0.14:42165 in memory (size: 36.1 KiB, free: 433.5 MiB)
[2026-04-18T09:25:00.599+0000] {subprocess.py:106} INFO - 26/04/18 09:25:00 INFO TaskSetManager: Starting task 2.0 in stage 9.0 (TID 11) (172.30.0.14, executor 0, partition 2, PROCESS_LOCAL, 14966 bytes)
[2026-04-18T09:25:00.600+0000] {subprocess.py:106} INFO - 26/04/18 09:25:00 INFO TaskSetManager: Finished task 1.0 in stage 9.0 (TID 10) in 223 ms on 172.30.0.14 (executor 0) (2/3)
[2026-04-18T09:25:00.669+0000] {subprocess.py:106} INFO - 26/04/18 09:25:00 INFO TaskSetManager: Finished task 2.0 in stage 9.0 (TID 11) in 73 ms on 172.30.0.14 (executor 0) (3/3)
[2026-04-18T09:25:00.671+0000] {subprocess.py:106} INFO - 26/04/18 09:25:00 INFO TaskSchedulerImpl: Removed TaskSet 9.0, whose tasks have all completed, from pool
[2026-04-18T09:25:00.672+0000] {subprocess.py:106} INFO - 26/04/18 09:25:00 INFO DAGScheduler: ResultStage 9 ($anonfun$withThreadLocalCaptured$1 at <unknown>:0) finished in 0.683 s
[2026-04-18T09:25:00.674+0000] {subprocess.py:106} INFO - 26/04/18 09:25:00 INFO DAGScheduler: Job 7 is finished. Cancelling potential speculative or zombie tasks for this job
[2026-04-18T09:25:00.675+0000] {subprocess.py:106} INFO - 26/04/18 09:25:00 INFO TaskSchedulerImpl: Killing all running tasks in stage 9: Stage finished
[2026-04-18T09:25:00.675+0000] {subprocess.py:106} INFO - 26/04/18 09:25:00 INFO DAGScheduler: Job 7 finished: $anonfun$withThreadLocalCaptured$1 at <unknown>:0, took 0.688203 s
[2026-04-18T09:25:00.690+0000] {subprocess.py:106} INFO - 26/04/18 09:25:00 INFO BlockManagerInfo: Removed broadcast_15_piece0 on c05002f484b8:45641 in memory (size: 5.5 KiB, free: 433.5 MiB)
[2026-04-18T09:25:00.693+0000] {subprocess.py:106} INFO - 26/04/18 09:25:00 INFO BlockManagerInfo: Removed broadcast_15_piece0 on 172.30.0.14:42165 in memory (size: 5.5 KiB, free: 433.6 MiB)
[2026-04-18T09:25:00.751+0000] {subprocess.py:106} INFO - 26/04/18 09:25:00 INFO BlockManagerInfo: Removed broadcast_7_piece0 on c05002f484b8:45641 in memory (size: 30.2 KiB, free: 433.6 MiB)
[2026-04-18T09:25:00.756+0000] {subprocess.py:106} INFO - 26/04/18 09:25:00 INFO BlockManagerInfo: Removed broadcast_7_piece0 on 172.30.0.14:42165 in memory (size: 30.2 KiB, free: 433.6 MiB)
[2026-04-18T09:25:00.757+0000] {subprocess.py:106} INFO - 26/04/18 09:25:00 INFO MemoryStore: Block broadcast_16_piece0 stored as bytes in memory (estimated size 806.8 KiB, free 432.7 MiB)
[2026-04-18T09:25:00.758+0000] {subprocess.py:106} INFO - 26/04/18 09:25:00 INFO BlockManagerInfo: Added broadcast_16_piece0 in memory on c05002f484b8:45641 (size: 806.8 KiB, free: 432.8 MiB)
[2026-04-18T09:25:00.759+0000] {subprocess.py:106} INFO - 26/04/18 09:25:00 INFO SparkContext: Created broadcast 16 from $anonfun$withThreadLocalCaptured$1 at <unknown>:0
[2026-04-18T09:25:00.768+0000] {subprocess.py:106} INFO - 26/04/18 09:25:00 INFO FileSourceStrategy: Pushed Filters:
[2026-04-18T09:25:00.769+0000] {subprocess.py:106} INFO - 26/04/18 09:25:00 INFO FileSourceStrategy: Post-Scan Filters:
[2026-04-18T09:25:00.771+0000] {subprocess.py:106} INFO - 26/04/18 09:25:00 INFO BlockManagerInfo: Removed broadcast_9_piece0 on c05002f484b8:45641 in memory (size: 806.3 KiB, free: 433.6 MiB)
[2026-04-18T09:25:00.773+0000] {subprocess.py:106} INFO - 26/04/18 09:25:00 INFO BlockManagerInfo: Removed broadcast_9_piece0 on 172.30.0.14:42165 in memory (size: 806.3 KiB, free: 434.4 MiB)
[2026-04-18T09:25:00.817+0000] {subprocess.py:106} INFO - 26/04/18 09:25:00 INFO CodeGenerator: Code generated in 23.606532 ms
[2026-04-18T09:25:00.822+0000] {subprocess.py:106} INFO - 26/04/18 09:25:00 INFO MemoryStore: Block broadcast_17 stored as values in memory (estimated size 205.7 KiB, free 433.3 MiB)
[2026-04-18T09:25:00.840+0000] {subprocess.py:106} INFO - 26/04/18 09:25:00 INFO MemoryStore: Block broadcast_17_piece0 stored as bytes in memory (estimated size 36.1 KiB, free 433.3 MiB)
[2026-04-18T09:25:00.841+0000] {subprocess.py:106} INFO - 26/04/18 09:25:00 INFO BlockManagerInfo: Added broadcast_17_piece0 in memory on c05002f484b8:45641 (size: 36.1 KiB, free: 433.5 MiB)
[2026-04-18T09:25:00.841+0000] {subprocess.py:106} INFO - 26/04/18 09:25:00 INFO SparkContext: Created broadcast 17 from append at <unknown>:0
[2026-04-18T09:25:00.843+0000] {subprocess.py:106} INFO - 26/04/18 09:25:00 INFO FileSourceScanExec: Planning scan with bin packing, max size: 4194304 bytes, open cost is considered as scanning 4194304 bytes.
[2026-04-18T09:25:00.854+0000] {subprocess.py:106} INFO - 26/04/18 09:25:00 INFO MemoryStore: Block broadcast_18 stored as values in memory (estimated size 32.0 KiB, free 433.2 MiB)
[2026-04-18T09:25:00.858+0000] {subprocess.py:106} INFO - 26/04/18 09:25:00 INFO MemoryStore: Block broadcast_18_piece0 stored as bytes in memory (estimated size 30.2 KiB, free 433.2 MiB)
[2026-04-18T09:25:00.859+0000] {subprocess.py:106} INFO - 26/04/18 09:25:00 INFO BlockManagerInfo: Added broadcast_18_piece0 in memory on c05002f484b8:45641 (size: 30.2 KiB, free: 433.5 MiB)
[2026-04-18T09:25:00.860+0000] {subprocess.py:106} INFO - 26/04/18 09:25:00 INFO SparkContext: Created broadcast 18 from broadcast at SparkWrite.java:193
[2026-04-18T09:25:00.863+0000] {subprocess.py:106} INFO - 26/04/18 09:25:00 INFO AppendDataExec: Start processing data source write support: IcebergBatchWrite(table=iceberg.bronze.it_jobs_raw, format=PARQUET). The input RDD has 1 partitions.
[2026-04-18T09:25:00.879+0000] {subprocess.py:106} INFO - 26/04/18 09:25:00 INFO SparkContext: Starting job: append at <unknown>:0
[2026-04-18T09:25:00.881+0000] {subprocess.py:106} INFO - 26/04/18 09:25:00 INFO DAGScheduler: Got job 8 (append at <unknown>:0) with 1 output partitions
[2026-04-18T09:25:00.881+0000] {subprocess.py:106} INFO - 26/04/18 09:25:00 INFO DAGScheduler: Final stage: ResultStage 10 (append at <unknown>:0)
[2026-04-18T09:25:00.882+0000] {subprocess.py:106} INFO - 26/04/18 09:25:00 INFO DAGScheduler: Parents of final stage: List()
[2026-04-18T09:25:00.884+0000] {subprocess.py:106} INFO - 26/04/18 09:25:00 INFO DAGScheduler: Missing parents: List()
[2026-04-18T09:25:00.887+0000] {subprocess.py:106} INFO - 26/04/18 09:25:00 INFO DAGScheduler: Submitting ResultStage 10 (MapPartitionsRDD[28] at append at <unknown>:0), which has no missing parents
[2026-04-18T09:25:00.890+0000] {subprocess.py:106} INFO - 26/04/18 09:25:00 INFO MemoryStore: Block broadcast_19 stored as values in memory (estimated size 22.5 KiB, free 433.2 MiB)
[2026-04-18T09:25:00.892+0000] {subprocess.py:106} INFO - 26/04/18 09:25:00 INFO MemoryStore: Block broadcast_19_piece0 stored as bytes in memory (estimated size 10.1 KiB, free 433.2 MiB)
[2026-04-18T09:25:00.893+0000] {subprocess.py:106} INFO - 26/04/18 09:25:00 INFO BlockManagerInfo: Added broadcast_19_piece0 in memory on c05002f484b8:45641 (size: 10.1 KiB, free: 433.5 MiB)
[2026-04-18T09:25:00.894+0000] {subprocess.py:106} INFO - 26/04/18 09:25:00 INFO SparkContext: Created broadcast 19 from broadcast at DAGScheduler.scala:1585
[2026-04-18T09:25:00.896+0000] {subprocess.py:106} INFO - 26/04/18 09:25:00 INFO DAGScheduler: Submitting 1 missing tasks from ResultStage 10 (MapPartitionsRDD[28] at append at <unknown>:0) (first 15 tasks are for partitions Vector(0))
[2026-04-18T09:25:00.896+0000] {subprocess.py:106} INFO - 26/04/18 09:25:00 INFO TaskSchedulerImpl: Adding task set 10.0 with 1 tasks resource profile 0
[2026-04-18T09:25:00.898+0000] {subprocess.py:106} INFO - 26/04/18 09:25:00 INFO TaskSetManager: Starting task 0.0 in stage 10.0 (TID 12) (172.30.0.14, executor 0, partition 0, PROCESS_LOCAL, 10579 bytes)
[2026-04-18T09:25:00.913+0000] {subprocess.py:106} INFO - 26/04/18 09:25:00 INFO BlockManagerInfo: Added broadcast_19_piece0 in memory on 172.30.0.14:42165 (size: 10.1 KiB, free: 434.4 MiB)
[2026-04-18T09:25:00.993+0000] {subprocess.py:106} INFO - 26/04/18 09:25:00 INFO BlockManagerInfo: Added broadcast_16_piece0 in memory on 172.30.0.14:42165 (size: 806.8 KiB, free: 433.6 MiB)
[2026-04-18T09:25:01.032+0000] {subprocess.py:106} INFO - 26/04/18 09:25:01 INFO BlockManagerInfo: Added broadcast_18_piece0 in memory on 172.30.0.14:42165 (size: 30.2 KiB, free: 433.5 MiB)
[2026-04-18T09:25:01.266+0000] {subprocess.py:106} INFO - 26/04/18 09:25:01 INFO BlockManagerInfo: Added broadcast_17_piece0 in memory on 172.30.0.14:42165 (size: 36.1 KiB, free: 433.5 MiB)
[2026-04-18T09:25:01.850+0000] {subprocess.py:106} INFO - 26/04/18 09:25:01 INFO TaskSetManager: Finished task 0.0 in stage 10.0 (TID 12) in 949 ms on 172.30.0.14 (executor 0) (1/1)
[2026-04-18T09:25:01.853+0000] {subprocess.py:106} INFO - 26/04/18 09:25:01 INFO TaskSchedulerImpl: Removed TaskSet 10.0, whose tasks have all completed, from pool
[2026-04-18T09:25:01.856+0000] {subprocess.py:106} INFO - 26/04/18 09:25:01 INFO DAGScheduler: ResultStage 10 (append at <unknown>:0) finished in 0.961 s
[2026-04-18T09:25:01.857+0000] {subprocess.py:106} INFO - 26/04/18 09:25:01 INFO DAGScheduler: Job 8 is finished. Cancelling potential speculative or zombie tasks for this job
[2026-04-18T09:25:01.858+0000] {subprocess.py:106} INFO - 26/04/18 09:25:01 INFO TaskSchedulerImpl: Killing all running tasks in stage 10: Stage finished
[2026-04-18T09:25:01.858+0000] {subprocess.py:106} INFO - 26/04/18 09:25:01 INFO DAGScheduler: Job 8 finished: append at <unknown>:0, took 0.969730 s
[2026-04-18T09:25:01.859+0000] {subprocess.py:106} INFO - 26/04/18 09:25:01 INFO AppendDataExec: Data source write support IcebergBatchWrite(table=iceberg.bronze.it_jobs_raw, format=PARQUET) is committing.
[2026-04-18T09:25:01.896+0000] {subprocess.py:106} INFO - 26/04/18 09:25:01 INFO SparkWrite: Committing append with 1 new data files to table iceberg.bronze.it_jobs_raw
[2026-04-18T09:25:02.025+0000] {subprocess.py:106} INFO - 26/04/18 09:25:02 INFO BlockManagerInfo: Removed broadcast_19_piece0 on c05002f484b8:45641 in memory (size: 10.1 KiB, free: 433.5 MiB)
[2026-04-18T09:25:02.030+0000] {subprocess.py:106} INFO - 26/04/18 09:25:02 INFO BlockManagerInfo: Removed broadcast_19_piece0 on 172.30.0.14:42165 in memory (size: 10.1 KiB, free: 433.5 MiB)
[2026-04-18T09:25:06.481+0000] {subprocess.py:106} INFO - 26/04/18 09:25:06 INFO HiveTableOperations: Committed to table iceberg.bronze.it_jobs_raw with the new metadata location s3a://warehouse/iceberg_data/bronze.db/it_jobs_raw/metadata/00009-5156fd20-dcb9-4fa1-b985-8cdca445a19a.metadata.json
[2026-04-18T09:25:06.482+0000] {subprocess.py:106} INFO - 26/04/18 09:25:06 INFO BaseMetastoreTableOperations: Successfully committed to table iceberg.bronze.it_jobs_raw in 4086 ms
[2026-04-18T09:25:06.482+0000] {subprocess.py:106} INFO - 26/04/18 09:25:06 INFO SnapshotProducer: Committed snapshot 6879146111333180590 (MergeAppend)
[2026-04-18T09:25:06.498+0000] {subprocess.py:106} INFO - 26/04/18 09:25:06 INFO BaseMetastoreTableOperations: Refreshing table metadata from new version: s3a://warehouse/iceberg_data/bronze.db/it_jobs_raw/metadata/00009-5156fd20-dcb9-4fa1-b985-8cdca445a19a.metadata.json
[2026-04-18T09:25:06.581+0000] {subprocess.py:106} INFO - 26/04/18 09:25:06 INFO LoggingMetricsReporter: Received metrics report: CommitReport{tableName=iceberg.bronze.it_jobs_raw, snapshotId=6879146111333180590, sequenceNumber=10, operation=append, commitMetrics=CommitMetricsResult{totalDuration=TimerResult{timeUnit=NANOSECONDS, totalDuration=PT3.63075081S, count=1}, attempts=CounterResult{unit=COUNT, value=1}, addedDataFiles=CounterResult{unit=COUNT, value=1}, removedDataFiles=null, totalDataFiles=CounterResult{unit=COUNT, value=10}, addedDeleteFiles=null, addedEqualityDeleteFiles=null, addedPositionalDeleteFiles=null, removedDeleteFiles=null, removedEqualityDeleteFiles=null, removedPositionalDeleteFiles=null, totalDeleteFiles=CounterResult{unit=COUNT, value=0}, addedRecords=CounterResult{unit=COUNT, value=127}, removedRecords=null, totalRecords=CounterResult{unit=COUNT, value=13814}, addedFilesSizeInBytes=CounterResult{unit=BYTES, value=15441}, removedFilesSizeInBytes=null, totalFilesSizeInBytes=CounterResult{unit=BYTES, value=551497}, addedPositionalDeletes=null, removedPositionalDeletes=null, totalPositionalDeletes=CounterResult{unit=COUNT, value=0}, addedEqualityDeletes=null, removedEqualityDeletes=null, totalEqualityDeletes=CounterResult{unit=COUNT, value=0}}, metadata={engine-version=3.5.3, app-id=app-20260418092433-0000, engine-name=spark, iceberg-version=Apache Iceberg 1.6.1 (commit 8e9d59d299be42b0bca9461457cd1e95dbaad086)}}
[2026-04-18T09:25:06.582+0000] {subprocess.py:106} INFO - 26/04/18 09:25:06 INFO SparkWrite: Committed in 4686 ms
[2026-04-18T09:25:06.582+0000] {subprocess.py:106} INFO - 26/04/18 09:25:06 INFO AppendDataExec: Data source write support IcebergBatchWrite(table=iceberg.bronze.it_jobs_raw, format=PARQUET) committed.
[2026-04-18T09:25:06.584+0000] {subprocess.py:106} INFO - Append success.
[2026-04-18T09:25:06.585+0000] {subprocess.py:106} INFO - Process finished. Data available at: iceberg.bronze.it_jobs_raw
[2026-04-18T09:25:06.586+0000] {subprocess.py:106} INFO - 26/04/18 09:25:06 INFO SparkContext: SparkContext is stopping with exitCode 0.
[2026-04-18T09:25:06.600+0000] {subprocess.py:106} INFO - 26/04/18 09:25:06 INFO SparkUI: Stopped Spark web UI at http://c05002f484b8:4040
[2026-04-18T09:25:06.606+0000] {subprocess.py:106} INFO - 26/04/18 09:25:06 INFO StandaloneSchedulerBackend: Shutting down all executors
[2026-04-18T09:25:06.607+0000] {subprocess.py:106} INFO - 26/04/18 09:25:06 INFO StandaloneSchedulerBackend$StandaloneDriverEndpoint: Asking each executor to shut down
[2026-04-18T09:25:06.627+0000] {subprocess.py:106} INFO - 26/04/18 09:25:06 INFO MapOutputTrackerMasterEndpoint: MapOutputTrackerMasterEndpoint stopped!
[2026-04-18T09:25:06.650+0000] {subprocess.py:106} INFO - 26/04/18 09:25:06 INFO MemoryStore: MemoryStore cleared
[2026-04-18T09:25:06.652+0000] {subprocess.py:106} INFO - 26/04/18 09:25:06 INFO BlockManager: BlockManager stopped
[2026-04-18T09:25:06.660+0000] {subprocess.py:106} INFO - 26/04/18 09:25:06 INFO BlockManagerMaster: BlockManagerMaster stopped
[2026-04-18T09:25:06.667+0000] {subprocess.py:106} INFO - 26/04/18 09:25:06 INFO OutputCommitCoordinator$OutputCommitCoordinatorEndpoint: OutputCommitCoordinator stopped!
[2026-04-18T09:25:06.700+0000] {subprocess.py:106} INFO - 26/04/18 09:25:06 INFO SparkContext: Successfully stopped SparkContext
[2026-04-18T09:25:06.925+0000] {subprocess.py:106} INFO - 26/04/18 09:25:06 INFO ShutdownHookManager: Shutdown hook called
[2026-04-18T09:25:06.927+0000] {subprocess.py:106} INFO - 26/04/18 09:25:06 INFO ShutdownHookManager: Deleting directory /tmp/spark-33c9b5e3-0a7d-46c9-ab83-206ca6955902
[2026-04-18T09:25:06.931+0000] {subprocess.py:106} INFO - 26/04/18 09:25:06 INFO ShutdownHookManager: Deleting directory /tmp/spark-35bf39f8-82f2-4434-b896-2869919e5005
[2026-04-18T09:25:06.935+0000] {subprocess.py:106} INFO - 26/04/18 09:25:06 INFO ShutdownHookManager: Deleting directory /tmp/spark-33c9b5e3-0a7d-46c9-ab83-206ca6955902/pyspark-5c529a2a-8369-40ed-ad19-0291ff306901
[2026-04-18T09:25:06.944+0000] {subprocess.py:106} INFO - 26/04/18 09:25:06 INFO MetricsSystemImpl: Stopping s3a-file-system metrics system...
[2026-04-18T09:25:06.945+0000] {subprocess.py:106} INFO - 26/04/18 09:25:06 INFO MetricsSystemImpl: s3a-file-system metrics system stopped.
[2026-04-18T09:25:06.945+0000] {subprocess.py:106} INFO - 26/04/18 09:25:06 INFO MetricsSystemImpl: s3a-file-system metrics system shutdown complete.
[2026-04-18T09:25:07.034+0000] {subprocess.py:110} INFO - Command exited with return code 0
[2026-04-18T09:25:07.102+0000] {taskinstance.py:341} INFO - ::group::Post task execution logs
[2026-04-18T09:25:07.104+0000] {taskinstance.py:353} INFO - Marking task as SUCCESS. dag_id=crawl_etl_itjob, task_id=load_bronze, run_id=scheduled__2026-04-14T02:00:00+00:00, execution_date=20260414T020000, start_date=20260418T092425, end_date=20260418T092507
[2026-04-18T09:25:07.185+0000] {local_task_job_runner.py:266} INFO - Task exited with return code 0
[2026-04-18T09:25:07.226+0000] {taskinstance.py:3901} INFO - 1 downstream tasks scheduled from follow-on schedule check
[2026-04-18T09:25:07.228+0000] {local_task_job_runner.py:245} INFO - ::endgroup::
