[2026-05-25T06:37:23.765+0000] {processor.py:186} INFO - Started process (PID=40) to work on /opt/airflow/dags/etl_datalake_dag.py
[2026-05-25T06:37:23.767+0000] {processor.py:914} INFO - Processing file /opt/airflow/dags/etl_datalake_dag.py for tasks to queue
[2026-05-25T06:37:23.769+0000] {logging_mixin.py:190} INFO - [2026-05-25T06:37:23.769+0000] {dagbag.py:588} INFO - Filling up the DagBag from /opt/airflow/dags/etl_datalake_dag.py
[2026-05-25T06:37:23.797+0000] {processor.py:925} INFO - DAG(s) 'etl_datalake_hive_iceberg' retrieved from /opt/airflow/dags/etl_datalake_dag.py
[2026-05-25T06:37:23.856+0000] {logging_mixin.py:190} INFO - [2026-05-25T06:37:23.856+0000] {dag.py:3239} INFO - Sync 1 DAGs
[2026-05-25T06:37:23.915+0000] {logging_mixin.py:190} INFO - [2026-05-25T06:37:23.915+0000] {dag.py:4180} INFO - Setting next_dagrun for etl_datalake_hive_iceberg to 2026-05-24T00:00:00+00:00, run_after=2026-05-25T00:00:00+00:00
[2026-05-25T06:37:23.955+0000] {processor.py:208} INFO - Processing /opt/airflow/dags/etl_datalake_dag.py took 0.199 seconds
[2026-05-25T06:37:54.254+0000] {processor.py:186} INFO - Started process (PID=44) to work on /opt/airflow/dags/etl_datalake_dag.py
[2026-05-25T06:37:54.256+0000] {processor.py:914} INFO - Processing file /opt/airflow/dags/etl_datalake_dag.py for tasks to queue
[2026-05-25T06:37:54.258+0000] {logging_mixin.py:190} INFO - [2026-05-25T06:37:54.258+0000] {dagbag.py:588} INFO - Filling up the DagBag from /opt/airflow/dags/etl_datalake_dag.py
[2026-05-25T06:37:54.294+0000] {processor.py:925} INFO - DAG(s) 'etl_datalake_hive_iceberg' retrieved from /opt/airflow/dags/etl_datalake_dag.py
[2026-05-25T06:37:54.339+0000] {logging_mixin.py:190} INFO - [2026-05-25T06:37:54.338+0000] {dag.py:3239} INFO - Sync 1 DAGs
[2026-05-25T06:37:54.380+0000] {logging_mixin.py:190} INFO - [2026-05-25T06:37:54.380+0000] {dag.py:4180} INFO - Setting next_dagrun for etl_datalake_hive_iceberg to 2026-05-24T00:00:00+00:00, run_after=2026-05-25T00:00:00+00:00
[2026-05-25T06:37:54.414+0000] {processor.py:208} INFO - Processing /opt/airflow/dags/etl_datalake_dag.py took 0.173 seconds
[2026-05-25T06:38:25.324+0000] {processor.py:186} INFO - Started process (PID=48) to work on /opt/airflow/dags/etl_datalake_dag.py
[2026-05-25T06:38:25.326+0000] {processor.py:914} INFO - Processing file /opt/airflow/dags/etl_datalake_dag.py for tasks to queue
[2026-05-25T06:38:25.331+0000] {logging_mixin.py:190} INFO - [2026-05-25T06:38:25.330+0000] {dagbag.py:588} INFO - Filling up the DagBag from /opt/airflow/dags/etl_datalake_dag.py
[2026-05-25T06:38:25.365+0000] {processor.py:925} INFO - DAG(s) 'etl_datalake_hive_iceberg' retrieved from /opt/airflow/dags/etl_datalake_dag.py
[2026-05-25T06:38:25.428+0000] {logging_mixin.py:190} INFO - [2026-05-25T06:38:25.427+0000] {dag.py:3239} INFO - Sync 1 DAGs
[2026-05-25T06:38:25.488+0000] {logging_mixin.py:190} INFO - [2026-05-25T06:38:25.488+0000] {dag.py:4180} INFO - Setting next_dagrun for etl_datalake_hive_iceberg to 2026-05-24T00:00:00+00:00, run_after=2026-05-25T00:00:00+00:00
[2026-05-25T06:38:25.538+0000] {processor.py:208} INFO - Processing /opt/airflow/dags/etl_datalake_dag.py took 0.232 seconds
[2026-05-25T06:38:56.041+0000] {processor.py:186} INFO - Started process (PID=52) to work on /opt/airflow/dags/etl_datalake_dag.py
[2026-05-25T06:38:56.043+0000] {processor.py:914} INFO - Processing file /opt/airflow/dags/etl_datalake_dag.py for tasks to queue
[2026-05-25T06:38:56.046+0000] {logging_mixin.py:190} INFO - [2026-05-25T06:38:56.046+0000] {dagbag.py:588} INFO - Filling up the DagBag from /opt/airflow/dags/etl_datalake_dag.py
[2026-05-25T06:38:56.091+0000] {processor.py:925} INFO - DAG(s) 'etl_datalake_hive_iceberg' retrieved from /opt/airflow/dags/etl_datalake_dag.py
[2026-05-25T06:38:56.164+0000] {logging_mixin.py:190} INFO - [2026-05-25T06:38:56.163+0000] {dag.py:3239} INFO - Sync 1 DAGs
[2026-05-25T06:38:56.213+0000] {logging_mixin.py:190} INFO - [2026-05-25T06:38:56.213+0000] {dag.py:4180} INFO - Setting next_dagrun for etl_datalake_hive_iceberg to 2026-05-24T00:00:00+00:00, run_after=2026-05-25T00:00:00+00:00
[2026-05-25T06:38:56.259+0000] {processor.py:208} INFO - Processing /opt/airflow/dags/etl_datalake_dag.py took 0.229 seconds
[2026-05-25T06:41:48.614+0000] {processor.py:186} INFO - Started process (PID=41) to work on /opt/airflow/dags/etl_datalake_dag.py
[2026-05-25T06:41:48.615+0000] {processor.py:914} INFO - Processing file /opt/airflow/dags/etl_datalake_dag.py for tasks to queue
[2026-05-25T06:41:48.616+0000] {logging_mixin.py:190} INFO - [2026-05-25T06:41:48.616+0000] {dagbag.py:588} INFO - Filling up the DagBag from /opt/airflow/dags/etl_datalake_dag.py
[2026-05-25T06:41:48.651+0000] {processor.py:925} INFO - DAG(s) 'etl_datalake_hive_iceberg' retrieved from /opt/airflow/dags/etl_datalake_dag.py
[2026-05-25T06:41:48.745+0000] {logging_mixin.py:190} INFO - [2026-05-25T06:41:48.745+0000] {dag.py:3239} INFO - Sync 1 DAGs
[2026-05-25T06:41:48.805+0000] {logging_mixin.py:190} INFO - [2026-05-25T06:41:48.804+0000] {dag.py:4180} INFO - Setting next_dagrun for etl_datalake_hive_iceberg to 2026-05-24T00:00:00+00:00, run_after=2026-05-25T00:00:00+00:00
[2026-05-25T06:41:48.853+0000] {processor.py:208} INFO - Processing /opt/airflow/dags/etl_datalake_dag.py took 0.249 seconds
[2026-05-25T06:42:19.293+0000] {processor.py:186} INFO - Started process (PID=45) to work on /opt/airflow/dags/etl_datalake_dag.py
[2026-05-25T06:42:19.294+0000] {processor.py:914} INFO - Processing file /opt/airflow/dags/etl_datalake_dag.py for tasks to queue
[2026-05-25T06:42:19.296+0000] {logging_mixin.py:190} INFO - [2026-05-25T06:42:19.296+0000] {dagbag.py:588} INFO - Filling up the DagBag from /opt/airflow/dags/etl_datalake_dag.py
[2026-05-25T06:42:19.317+0000] {processor.py:925} INFO - DAG(s) 'etl_datalake_hive_iceberg' retrieved from /opt/airflow/dags/etl_datalake_dag.py
[2026-05-25T06:42:19.359+0000] {logging_mixin.py:190} INFO - [2026-05-25T06:42:19.359+0000] {dag.py:3239} INFO - Sync 1 DAGs
[2026-05-25T06:42:19.393+0000] {logging_mixin.py:190} INFO - [2026-05-25T06:42:19.392+0000] {dag.py:4180} INFO - Setting next_dagrun for etl_datalake_hive_iceberg to 2026-05-24T00:00:00+00:00, run_after=2026-05-25T00:00:00+00:00
[2026-05-25T06:42:19.416+0000] {processor.py:208} INFO - Processing /opt/airflow/dags/etl_datalake_dag.py took 0.129 seconds
[2026-05-25T06:42:49.785+0000] {processor.py:186} INFO - Started process (PID=49) to work on /opt/airflow/dags/etl_datalake_dag.py
[2026-05-25T06:42:49.786+0000] {processor.py:914} INFO - Processing file /opt/airflow/dags/etl_datalake_dag.py for tasks to queue
[2026-05-25T06:42:49.787+0000] {logging_mixin.py:190} INFO - [2026-05-25T06:42:49.787+0000] {dagbag.py:588} INFO - Filling up the DagBag from /opt/airflow/dags/etl_datalake_dag.py
[2026-05-25T06:42:49.814+0000] {processor.py:925} INFO - DAG(s) 'etl_datalake_hive_iceberg' retrieved from /opt/airflow/dags/etl_datalake_dag.py
[2026-05-25T06:42:49.869+0000] {logging_mixin.py:190} INFO - [2026-05-25T06:42:49.869+0000] {dag.py:3239} INFO - Sync 1 DAGs
[2026-05-25T06:42:49.906+0000] {logging_mixin.py:190} INFO - [2026-05-25T06:42:49.906+0000] {dag.py:4180} INFO - Setting next_dagrun for etl_datalake_hive_iceberg to 2026-05-24T00:00:00+00:00, run_after=2026-05-25T00:00:00+00:00
[2026-05-25T06:42:49.955+0000] {processor.py:208} INFO - Processing /opt/airflow/dags/etl_datalake_dag.py took 0.179 seconds
[2026-05-25T06:43:20.479+0000] {processor.py:186} INFO - Started process (PID=53) to work on /opt/airflow/dags/etl_datalake_dag.py
[2026-05-25T06:43:20.480+0000] {processor.py:914} INFO - Processing file /opt/airflow/dags/etl_datalake_dag.py for tasks to queue
[2026-05-25T06:43:20.481+0000] {logging_mixin.py:190} INFO - [2026-05-25T06:43:20.481+0000] {dagbag.py:588} INFO - Filling up the DagBag from /opt/airflow/dags/etl_datalake_dag.py
[2026-05-25T06:43:20.507+0000] {processor.py:925} INFO - DAG(s) 'etl_datalake_hive_iceberg' retrieved from /opt/airflow/dags/etl_datalake_dag.py
[2026-05-25T06:43:20.547+0000] {logging_mixin.py:190} INFO - [2026-05-25T06:43:20.547+0000] {dag.py:3239} INFO - Sync 1 DAGs
[2026-05-25T06:43:20.581+0000] {logging_mixin.py:190} INFO - [2026-05-25T06:43:20.581+0000] {dag.py:4180} INFO - Setting next_dagrun for etl_datalake_hive_iceberg to 2026-05-24T00:00:00+00:00, run_after=2026-05-25T00:00:00+00:00
[2026-05-25T06:43:20.622+0000] {processor.py:208} INFO - Processing /opt/airflow/dags/etl_datalake_dag.py took 0.151 seconds
[2026-05-25T06:43:50.890+0000] {processor.py:186} INFO - Started process (PID=57) to work on /opt/airflow/dags/etl_datalake_dag.py
[2026-05-25T06:43:50.891+0000] {processor.py:914} INFO - Processing file /opt/airflow/dags/etl_datalake_dag.py for tasks to queue
[2026-05-25T06:43:50.893+0000] {logging_mixin.py:190} INFO - [2026-05-25T06:43:50.893+0000] {dagbag.py:588} INFO - Filling up the DagBag from /opt/airflow/dags/etl_datalake_dag.py
[2026-05-25T06:43:50.921+0000] {processor.py:925} INFO - DAG(s) 'etl_datalake_hive_iceberg' retrieved from /opt/airflow/dags/etl_datalake_dag.py
[2026-05-25T06:43:50.975+0000] {logging_mixin.py:190} INFO - [2026-05-25T06:43:50.975+0000] {dag.py:3239} INFO - Sync 1 DAGs
[2026-05-25T06:43:51.021+0000] {logging_mixin.py:190} INFO - [2026-05-25T06:43:51.020+0000] {dag.py:4180} INFO - Setting next_dagrun for etl_datalake_hive_iceberg to 2026-05-24T00:00:00+00:00, run_after=2026-05-25T00:00:00+00:00
[2026-05-25T06:43:51.051+0000] {processor.py:208} INFO - Processing /opt/airflow/dags/etl_datalake_dag.py took 0.174 seconds
[2026-05-25T06:44:21.766+0000] {processor.py:186} INFO - Started process (PID=61) to work on /opt/airflow/dags/etl_datalake_dag.py
[2026-05-25T06:44:21.767+0000] {processor.py:914} INFO - Processing file /opt/airflow/dags/etl_datalake_dag.py for tasks to queue
[2026-05-25T06:44:21.769+0000] {logging_mixin.py:190} INFO - [2026-05-25T06:44:21.769+0000] {dagbag.py:588} INFO - Filling up the DagBag from /opt/airflow/dags/etl_datalake_dag.py
[2026-05-25T06:44:21.795+0000] {processor.py:925} INFO - DAG(s) 'etl_datalake_hive_iceberg' retrieved from /opt/airflow/dags/etl_datalake_dag.py
[2026-05-25T06:44:21.855+0000] {logging_mixin.py:190} INFO - [2026-05-25T06:44:21.854+0000] {dag.py:3239} INFO - Sync 1 DAGs
[2026-05-25T06:44:21.895+0000] {logging_mixin.py:190} INFO - [2026-05-25T06:44:21.894+0000] {dag.py:4180} INFO - Setting next_dagrun for etl_datalake_hive_iceberg to 2026-05-24T00:00:00+00:00, run_after=2026-05-25T00:00:00+00:00
[2026-05-25T06:44:21.925+0000] {processor.py:208} INFO - Processing /opt/airflow/dags/etl_datalake_dag.py took 0.167 seconds
[2026-05-25T06:44:52.316+0000] {processor.py:186} INFO - Started process (PID=65) to work on /opt/airflow/dags/etl_datalake_dag.py
[2026-05-25T06:44:52.317+0000] {processor.py:914} INFO - Processing file /opt/airflow/dags/etl_datalake_dag.py for tasks to queue
[2026-05-25T06:44:52.318+0000] {logging_mixin.py:190} INFO - [2026-05-25T06:44:52.318+0000] {dagbag.py:588} INFO - Filling up the DagBag from /opt/airflow/dags/etl_datalake_dag.py
[2026-05-25T06:44:52.342+0000] {processor.py:925} INFO - DAG(s) 'etl_datalake_hive_iceberg' retrieved from /opt/airflow/dags/etl_datalake_dag.py
[2026-05-25T06:44:52.380+0000] {logging_mixin.py:190} INFO - [2026-05-25T06:44:52.380+0000] {dag.py:3239} INFO - Sync 1 DAGs
[2026-05-25T06:44:52.417+0000] {logging_mixin.py:190} INFO - [2026-05-25T06:44:52.416+0000] {dag.py:4180} INFO - Setting next_dagrun for etl_datalake_hive_iceberg to 2026-05-24T00:00:00+00:00, run_after=2026-05-25T00:00:00+00:00
[2026-05-25T06:44:52.450+0000] {processor.py:208} INFO - Processing /opt/airflow/dags/etl_datalake_dag.py took 0.142 seconds
[2026-05-25T06:45:22.738+0000] {processor.py:186} INFO - Started process (PID=69) to work on /opt/airflow/dags/etl_datalake_dag.py
[2026-05-25T06:45:22.739+0000] {processor.py:914} INFO - Processing file /opt/airflow/dags/etl_datalake_dag.py for tasks to queue
[2026-05-25T06:45:22.743+0000] {logging_mixin.py:190} INFO - [2026-05-25T06:45:22.743+0000] {dagbag.py:588} INFO - Filling up the DagBag from /opt/airflow/dags/etl_datalake_dag.py
[2026-05-25T06:45:22.785+0000] {processor.py:925} INFO - DAG(s) 'etl_datalake_hive_iceberg' retrieved from /opt/airflow/dags/etl_datalake_dag.py
[2026-05-25T06:45:22.885+0000] {logging_mixin.py:190} INFO - [2026-05-25T06:45:22.884+0000] {dag.py:3239} INFO - Sync 1 DAGs
[2026-05-25T06:45:22.931+0000] {logging_mixin.py:190} INFO - [2026-05-25T06:45:22.931+0000] {dag.py:4180} INFO - Setting next_dagrun for etl_datalake_hive_iceberg to 2026-05-24T00:00:00+00:00, run_after=2026-05-25T00:00:00+00:00
[2026-05-25T06:45:22.964+0000] {processor.py:208} INFO - Processing /opt/airflow/dags/etl_datalake_dag.py took 0.236 seconds
[2026-05-25T06:45:53.107+0000] {processor.py:186} INFO - Started process (PID=73) to work on /opt/airflow/dags/etl_datalake_dag.py
[2026-05-25T06:45:53.108+0000] {processor.py:914} INFO - Processing file /opt/airflow/dags/etl_datalake_dag.py for tasks to queue
[2026-05-25T06:45:53.109+0000] {logging_mixin.py:190} INFO - [2026-05-25T06:45:53.109+0000] {dagbag.py:588} INFO - Filling up the DagBag from /opt/airflow/dags/etl_datalake_dag.py
[2026-05-25T06:45:53.129+0000] {processor.py:925} INFO - DAG(s) 'etl_datalake_hive_iceberg' retrieved from /opt/airflow/dags/etl_datalake_dag.py
[2026-05-25T06:45:53.168+0000] {logging_mixin.py:190} INFO - [2026-05-25T06:45:53.168+0000] {dag.py:3239} INFO - Sync 1 DAGs
[2026-05-25T06:45:53.210+0000] {logging_mixin.py:190} INFO - [2026-05-25T06:45:53.210+0000] {dag.py:4180} INFO - Setting next_dagrun for etl_datalake_hive_iceberg to 2026-05-24T00:00:00+00:00, run_after=2026-05-25T00:00:00+00:00
[2026-05-25T06:45:53.243+0000] {processor.py:208} INFO - Processing /opt/airflow/dags/etl_datalake_dag.py took 0.143 seconds
[2026-05-25T06:46:23.756+0000] {processor.py:186} INFO - Started process (PID=77) to work on /opt/airflow/dags/etl_datalake_dag.py
[2026-05-25T06:46:23.757+0000] {processor.py:914} INFO - Processing file /opt/airflow/dags/etl_datalake_dag.py for tasks to queue
[2026-05-25T06:46:23.759+0000] {logging_mixin.py:190} INFO - [2026-05-25T06:46:23.759+0000] {dagbag.py:588} INFO - Filling up the DagBag from /opt/airflow/dags/etl_datalake_dag.py
[2026-05-25T06:46:23.786+0000] {processor.py:925} INFO - DAG(s) 'etl_datalake_hive_iceberg' retrieved from /opt/airflow/dags/etl_datalake_dag.py
[2026-05-25T06:46:23.838+0000] {logging_mixin.py:190} INFO - [2026-05-25T06:46:23.837+0000] {dag.py:3239} INFO - Sync 1 DAGs
[2026-05-25T06:46:23.872+0000] {logging_mixin.py:190} INFO - [2026-05-25T06:46:23.872+0000] {dag.py:4180} INFO - Setting next_dagrun for etl_datalake_hive_iceberg to 2026-05-24T00:00:00+00:00, run_after=2026-05-25T00:00:00+00:00
[2026-05-25T06:46:23.895+0000] {processor.py:208} INFO - Processing /opt/airflow/dags/etl_datalake_dag.py took 0.146 seconds
[2026-05-25T06:46:54.339+0000] {processor.py:186} INFO - Started process (PID=81) to work on /opt/airflow/dags/etl_datalake_dag.py
[2026-05-25T06:46:54.339+0000] {processor.py:914} INFO - Processing file /opt/airflow/dags/etl_datalake_dag.py for tasks to queue
[2026-05-25T06:46:54.341+0000] {logging_mixin.py:190} INFO - [2026-05-25T06:46:54.341+0000] {dagbag.py:588} INFO - Filling up the DagBag from /opt/airflow/dags/etl_datalake_dag.py
[2026-05-25T06:46:54.366+0000] {processor.py:925} INFO - DAG(s) 'etl_datalake_hive_iceberg' retrieved from /opt/airflow/dags/etl_datalake_dag.py
[2026-05-25T06:46:54.419+0000] {logging_mixin.py:190} INFO - [2026-05-25T06:46:54.419+0000] {dag.py:3239} INFO - Sync 1 DAGs
[2026-05-25T06:46:54.453+0000] {logging_mixin.py:190} INFO - [2026-05-25T06:46:54.453+0000] {dag.py:4180} INFO - Setting next_dagrun for etl_datalake_hive_iceberg to 2026-05-24T00:00:00+00:00, run_after=2026-05-25T00:00:00+00:00
[2026-05-25T06:46:54.475+0000] {processor.py:208} INFO - Processing /opt/airflow/dags/etl_datalake_dag.py took 0.145 seconds
[2026-05-25T06:47:24.892+0000] {processor.py:186} INFO - Started process (PID=85) to work on /opt/airflow/dags/etl_datalake_dag.py
[2026-05-25T06:47:24.893+0000] {processor.py:914} INFO - Processing file /opt/airflow/dags/etl_datalake_dag.py for tasks to queue
[2026-05-25T06:47:24.895+0000] {logging_mixin.py:190} INFO - [2026-05-25T06:47:24.894+0000] {dagbag.py:588} INFO - Filling up the DagBag from /opt/airflow/dags/etl_datalake_dag.py
[2026-05-25T06:47:24.922+0000] {processor.py:925} INFO - DAG(s) 'etl_datalake_hive_iceberg' retrieved from /opt/airflow/dags/etl_datalake_dag.py
[2026-05-25T06:47:24.980+0000] {logging_mixin.py:190} INFO - [2026-05-25T06:47:24.980+0000] {dag.py:3239} INFO - Sync 1 DAGs
[2026-05-25T06:47:25.021+0000] {logging_mixin.py:190} INFO - [2026-05-25T06:47:25.021+0000] {dag.py:4180} INFO - Setting next_dagrun for etl_datalake_hive_iceberg to 2026-05-24T00:00:00+00:00, run_after=2026-05-25T00:00:00+00:00
[2026-05-25T06:47:25.049+0000] {processor.py:208} INFO - Processing /opt/airflow/dags/etl_datalake_dag.py took 0.165 seconds
[2026-05-25T06:47:55.317+0000] {processor.py:186} INFO - Started process (PID=89) to work on /opt/airflow/dags/etl_datalake_dag.py
[2026-05-25T06:47:55.318+0000] {processor.py:914} INFO - Processing file /opt/airflow/dags/etl_datalake_dag.py for tasks to queue
[2026-05-25T06:47:55.320+0000] {logging_mixin.py:190} INFO - [2026-05-25T06:47:55.319+0000] {dagbag.py:588} INFO - Filling up the DagBag from /opt/airflow/dags/etl_datalake_dag.py
[2026-05-25T06:47:55.353+0000] {processor.py:925} INFO - DAG(s) 'etl_datalake_hive_iceberg' retrieved from /opt/airflow/dags/etl_datalake_dag.py
[2026-05-25T06:47:55.426+0000] {logging_mixin.py:190} INFO - [2026-05-25T06:47:55.425+0000] {dag.py:3239} INFO - Sync 1 DAGs
[2026-05-25T06:47:55.500+0000] {logging_mixin.py:190} INFO - [2026-05-25T06:47:55.500+0000] {dag.py:4180} INFO - Setting next_dagrun for etl_datalake_hive_iceberg to 2026-05-24T00:00:00+00:00, run_after=2026-05-25T00:00:00+00:00
[2026-05-25T06:47:55.547+0000] {processor.py:208} INFO - Processing /opt/airflow/dags/etl_datalake_dag.py took 0.240 seconds
[2026-05-25T06:48:26.133+0000] {processor.py:186} INFO - Started process (PID=93) to work on /opt/airflow/dags/etl_datalake_dag.py
[2026-05-25T06:48:26.134+0000] {processor.py:914} INFO - Processing file /opt/airflow/dags/etl_datalake_dag.py for tasks to queue
[2026-05-25T06:48:26.136+0000] {logging_mixin.py:190} INFO - [2026-05-25T06:48:26.135+0000] {dagbag.py:588} INFO - Filling up the DagBag from /opt/airflow/dags/etl_datalake_dag.py
[2026-05-25T06:48:26.162+0000] {processor.py:925} INFO - DAG(s) 'etl_datalake_hive_iceberg' retrieved from /opt/airflow/dags/etl_datalake_dag.py
[2026-05-25T06:48:26.211+0000] {logging_mixin.py:190} INFO - [2026-05-25T06:48:26.211+0000] {dag.py:3239} INFO - Sync 1 DAGs
[2026-05-25T06:48:26.260+0000] {logging_mixin.py:190} INFO - [2026-05-25T06:48:26.260+0000] {dag.py:4180} INFO - Setting next_dagrun for etl_datalake_hive_iceberg to 2026-05-24T00:00:00+00:00, run_after=2026-05-25T00:00:00+00:00
[2026-05-25T06:48:26.289+0000] {processor.py:208} INFO - Processing /opt/airflow/dags/etl_datalake_dag.py took 0.164 seconds
[2026-05-25T06:48:56.439+0000] {processor.py:186} INFO - Started process (PID=97) to work on /opt/airflow/dags/etl_datalake_dag.py
[2026-05-25T06:48:56.440+0000] {processor.py:914} INFO - Processing file /opt/airflow/dags/etl_datalake_dag.py for tasks to queue
[2026-05-25T06:48:56.441+0000] {logging_mixin.py:190} INFO - [2026-05-25T06:48:56.441+0000] {dagbag.py:588} INFO - Filling up the DagBag from /opt/airflow/dags/etl_datalake_dag.py
[2026-05-25T06:48:56.459+0000] {processor.py:925} INFO - DAG(s) 'etl_datalake_hive_iceberg' retrieved from /opt/airflow/dags/etl_datalake_dag.py
[2026-05-25T06:48:56.495+0000] {logging_mixin.py:190} INFO - [2026-05-25T06:48:56.494+0000] {dag.py:3239} INFO - Sync 1 DAGs
[2026-05-25T06:48:56.526+0000] {logging_mixin.py:190} INFO - [2026-05-25T06:48:56.526+0000] {dag.py:4180} INFO - Setting next_dagrun for etl_datalake_hive_iceberg to 2026-05-24T00:00:00+00:00, run_after=2026-05-25T00:00:00+00:00
[2026-05-25T06:48:56.549+0000] {processor.py:208} INFO - Processing /opt/airflow/dags/etl_datalake_dag.py took 0.119 seconds
[2026-05-25T06:49:27.407+0000] {processor.py:186} INFO - Started process (PID=101) to work on /opt/airflow/dags/etl_datalake_dag.py
[2026-05-25T06:49:27.409+0000] {processor.py:914} INFO - Processing file /opt/airflow/dags/etl_datalake_dag.py for tasks to queue
[2026-05-25T06:49:27.412+0000] {logging_mixin.py:190} INFO - [2026-05-25T06:49:27.412+0000] {dagbag.py:588} INFO - Filling up the DagBag from /opt/airflow/dags/etl_datalake_dag.py
[2026-05-25T06:49:27.475+0000] {processor.py:925} INFO - DAG(s) 'etl_datalake_hive_iceberg' retrieved from /opt/airflow/dags/etl_datalake_dag.py
[2026-05-25T06:49:27.614+0000] {logging_mixin.py:190} INFO - [2026-05-25T06:49:27.614+0000] {dag.py:3239} INFO - Sync 1 DAGs
[2026-05-25T06:49:27.682+0000] {logging_mixin.py:190} INFO - [2026-05-25T06:49:27.681+0000] {dag.py:4180} INFO - Setting next_dagrun for etl_datalake_hive_iceberg to 2026-05-24T00:00:00+00:00, run_after=2026-05-25T00:00:00+00:00
[2026-05-25T06:49:27.739+0000] {processor.py:208} INFO - Processing /opt/airflow/dags/etl_datalake_dag.py took 0.357 seconds
[2026-05-25T06:49:58.563+0000] {processor.py:186} INFO - Started process (PID=105) to work on /opt/airflow/dags/etl_datalake_dag.py
[2026-05-25T06:49:58.563+0000] {processor.py:914} INFO - Processing file /opt/airflow/dags/etl_datalake_dag.py for tasks to queue
[2026-05-25T06:49:58.565+0000] {logging_mixin.py:190} INFO - [2026-05-25T06:49:58.565+0000] {dagbag.py:588} INFO - Filling up the DagBag from /opt/airflow/dags/etl_datalake_dag.py
[2026-05-25T06:49:58.589+0000] {processor.py:925} INFO - DAG(s) 'etl_datalake_hive_iceberg' retrieved from /opt/airflow/dags/etl_datalake_dag.py
[2026-05-25T06:49:58.635+0000] {logging_mixin.py:190} INFO - [2026-05-25T06:49:58.635+0000] {dag.py:3239} INFO - Sync 1 DAGs
[2026-05-25T06:49:58.672+0000] {logging_mixin.py:190} INFO - [2026-05-25T06:49:58.672+0000] {dag.py:4180} INFO - Setting next_dagrun for etl_datalake_hive_iceberg to 2026-05-24T00:00:00+00:00, run_after=2026-05-25T00:00:00+00:00
[2026-05-25T06:49:58.707+0000] {processor.py:208} INFO - Processing /opt/airflow/dags/etl_datalake_dag.py took 0.152 seconds
[2026-05-25T06:50:29.401+0000] {processor.py:186} INFO - Started process (PID=109) to work on /opt/airflow/dags/etl_datalake_dag.py
[2026-05-25T06:50:29.402+0000] {processor.py:914} INFO - Processing file /opt/airflow/dags/etl_datalake_dag.py for tasks to queue
[2026-05-25T06:50:29.403+0000] {logging_mixin.py:190} INFO - [2026-05-25T06:50:29.403+0000] {dagbag.py:588} INFO - Filling up the DagBag from /opt/airflow/dags/etl_datalake_dag.py
[2026-05-25T06:50:29.422+0000] {processor.py:925} INFO - DAG(s) 'etl_datalake_hive_iceberg' retrieved from /opt/airflow/dags/etl_datalake_dag.py
[2026-05-25T06:50:29.460+0000] {logging_mixin.py:190} INFO - [2026-05-25T06:50:29.460+0000] {dag.py:3239} INFO - Sync 1 DAGs
[2026-05-25T06:50:29.491+0000] {logging_mixin.py:190} INFO - [2026-05-25T06:50:29.491+0000] {dag.py:4180} INFO - Setting next_dagrun for etl_datalake_hive_iceberg to 2026-05-24T00:00:00+00:00, run_after=2026-05-25T00:00:00+00:00
[2026-05-25T06:50:29.514+0000] {processor.py:208} INFO - Processing /opt/airflow/dags/etl_datalake_dag.py took 0.119 seconds
[2026-05-25T06:51:00.454+0000] {processor.py:186} INFO - Started process (PID=113) to work on /opt/airflow/dags/etl_datalake_dag.py
[2026-05-25T06:51:00.457+0000] {processor.py:914} INFO - Processing file /opt/airflow/dags/etl_datalake_dag.py for tasks to queue
[2026-05-25T06:51:00.463+0000] {logging_mixin.py:190} INFO - [2026-05-25T06:51:00.463+0000] {dagbag.py:588} INFO - Filling up the DagBag from /opt/airflow/dags/etl_datalake_dag.py
[2026-05-25T06:51:00.543+0000] {processor.py:925} INFO - DAG(s) 'etl_datalake_hive_iceberg' retrieved from /opt/airflow/dags/etl_datalake_dag.py
[2026-05-25T06:51:00.653+0000] {logging_mixin.py:190} INFO - [2026-05-25T06:51:00.653+0000] {dag.py:3239} INFO - Sync 1 DAGs
[2026-05-25T06:51:00.717+0000] {logging_mixin.py:190} INFO - [2026-05-25T06:51:00.716+0000] {dag.py:4180} INFO - Setting next_dagrun for etl_datalake_hive_iceberg to 2026-05-24T00:00:00+00:00, run_after=2026-05-25T00:00:00+00:00
[2026-05-25T06:51:00.784+0000] {processor.py:208} INFO - Processing /opt/airflow/dags/etl_datalake_dag.py took 0.361 seconds
[2026-05-25T06:51:31.073+0000] {processor.py:186} INFO - Started process (PID=117) to work on /opt/airflow/dags/etl_datalake_dag.py
[2026-05-25T06:51:31.074+0000] {processor.py:914} INFO - Processing file /opt/airflow/dags/etl_datalake_dag.py for tasks to queue
[2026-05-25T06:51:31.076+0000] {logging_mixin.py:190} INFO - [2026-05-25T06:51:31.076+0000] {dagbag.py:588} INFO - Filling up the DagBag from /opt/airflow/dags/etl_datalake_dag.py
[2026-05-25T06:51:31.101+0000] {processor.py:925} INFO - DAG(s) 'etl_datalake_hive_iceberg' retrieved from /opt/airflow/dags/etl_datalake_dag.py
[2026-05-25T06:51:31.140+0000] {logging_mixin.py:190} INFO - [2026-05-25T06:51:31.140+0000] {dag.py:3239} INFO - Sync 1 DAGs
[2026-05-25T06:51:31.169+0000] {logging_mixin.py:190} INFO - [2026-05-25T06:51:31.169+0000] {dag.py:4180} INFO - Setting next_dagrun for etl_datalake_hive_iceberg to 2026-05-24T00:00:00+00:00, run_after=2026-05-25T00:00:00+00:00
[2026-05-25T06:51:31.202+0000] {processor.py:208} INFO - Processing /opt/airflow/dags/etl_datalake_dag.py took 0.137 seconds
[2026-05-25T06:52:02.003+0000] {processor.py:186} INFO - Started process (PID=121) to work on /opt/airflow/dags/etl_datalake_dag.py
[2026-05-25T06:52:02.004+0000] {processor.py:914} INFO - Processing file /opt/airflow/dags/etl_datalake_dag.py for tasks to queue
[2026-05-25T06:52:02.005+0000] {logging_mixin.py:190} INFO - [2026-05-25T06:52:02.005+0000] {dagbag.py:588} INFO - Filling up the DagBag from /opt/airflow/dags/etl_datalake_dag.py
[2026-05-25T06:52:02.024+0000] {processor.py:925} INFO - DAG(s) 'etl_datalake_hive_iceberg' retrieved from /opt/airflow/dags/etl_datalake_dag.py
[2026-05-25T06:52:02.066+0000] {logging_mixin.py:190} INFO - [2026-05-25T06:52:02.066+0000] {dag.py:3239} INFO - Sync 1 DAGs
[2026-05-25T06:52:02.097+0000] {logging_mixin.py:190} INFO - [2026-05-25T06:52:02.096+0000] {dag.py:4180} INFO - Setting next_dagrun for etl_datalake_hive_iceberg to 2026-05-24T00:00:00+00:00, run_after=2026-05-25T00:00:00+00:00
[2026-05-25T06:52:02.118+0000] {processor.py:208} INFO - Processing /opt/airflow/dags/etl_datalake_dag.py took 0.122 seconds
[2026-05-25T06:52:32.637+0000] {processor.py:186} INFO - Started process (PID=125) to work on /opt/airflow/dags/etl_datalake_dag.py
[2026-05-25T06:52:32.638+0000] {processor.py:914} INFO - Processing file /opt/airflow/dags/etl_datalake_dag.py for tasks to queue
[2026-05-25T06:52:32.639+0000] {logging_mixin.py:190} INFO - [2026-05-25T06:52:32.639+0000] {dagbag.py:588} INFO - Filling up the DagBag from /opt/airflow/dags/etl_datalake_dag.py
[2026-05-25T06:52:32.660+0000] {processor.py:925} INFO - DAG(s) 'etl_datalake_hive_iceberg' retrieved from /opt/airflow/dags/etl_datalake_dag.py
[2026-05-25T06:52:32.696+0000] {logging_mixin.py:190} INFO - [2026-05-25T06:52:32.696+0000] {dag.py:3239} INFO - Sync 1 DAGs
[2026-05-25T06:52:32.733+0000] {logging_mixin.py:190} INFO - [2026-05-25T06:52:32.732+0000] {dag.py:4180} INFO - Setting next_dagrun for etl_datalake_hive_iceberg to 2026-05-24T00:00:00+00:00, run_after=2026-05-25T00:00:00+00:00
[2026-05-25T06:52:32.767+0000] {processor.py:208} INFO - Processing /opt/airflow/dags/etl_datalake_dag.py took 0.136 seconds
[2026-05-25T06:53:03.336+0000] {processor.py:186} INFO - Started process (PID=129) to work on /opt/airflow/dags/etl_datalake_dag.py
[2026-05-25T06:53:03.337+0000] {processor.py:914} INFO - Processing file /opt/airflow/dags/etl_datalake_dag.py for tasks to queue
[2026-05-25T06:53:03.339+0000] {logging_mixin.py:190} INFO - [2026-05-25T06:53:03.339+0000] {dagbag.py:588} INFO - Filling up the DagBag from /opt/airflow/dags/etl_datalake_dag.py
[2026-05-25T06:53:03.360+0000] {processor.py:925} INFO - DAG(s) 'etl_datalake_hive_iceberg' retrieved from /opt/airflow/dags/etl_datalake_dag.py
[2026-05-25T06:53:03.403+0000] {logging_mixin.py:190} INFO - [2026-05-25T06:53:03.403+0000] {dag.py:3239} INFO - Sync 1 DAGs
[2026-05-25T06:53:03.433+0000] {logging_mixin.py:190} INFO - [2026-05-25T06:53:03.432+0000] {dag.py:4180} INFO - Setting next_dagrun for etl_datalake_hive_iceberg to 2026-05-24T00:00:00+00:00, run_after=2026-05-25T00:00:00+00:00
[2026-05-25T06:53:03.455+0000] {processor.py:208} INFO - Processing /opt/airflow/dags/etl_datalake_dag.py took 0.126 seconds
[2026-05-25T06:53:33.627+0000] {processor.py:186} INFO - Started process (PID=133) to work on /opt/airflow/dags/etl_datalake_dag.py
[2026-05-25T06:53:33.628+0000] {processor.py:914} INFO - Processing file /opt/airflow/dags/etl_datalake_dag.py for tasks to queue
[2026-05-25T06:53:33.630+0000] {logging_mixin.py:190} INFO - [2026-05-25T06:53:33.629+0000] {dagbag.py:588} INFO - Filling up the DagBag from /opt/airflow/dags/etl_datalake_dag.py
[2026-05-25T06:53:33.648+0000] {processor.py:925} INFO - DAG(s) 'etl_datalake_hive_iceberg' retrieved from /opt/airflow/dags/etl_datalake_dag.py
[2026-05-25T06:53:33.686+0000] {logging_mixin.py:190} INFO - [2026-05-25T06:53:33.686+0000] {dag.py:3239} INFO - Sync 1 DAGs
[2026-05-25T06:53:33.714+0000] {logging_mixin.py:190} INFO - [2026-05-25T06:53:33.714+0000] {dag.py:4180} INFO - Setting next_dagrun for etl_datalake_hive_iceberg to 2026-05-24T00:00:00+00:00, run_after=2026-05-25T00:00:00+00:00
[2026-05-25T06:53:33.740+0000] {processor.py:208} INFO - Processing /opt/airflow/dags/etl_datalake_dag.py took 0.120 seconds
[2026-05-25T06:54:04.515+0000] {processor.py:186} INFO - Started process (PID=137) to work on /opt/airflow/dags/etl_datalake_dag.py
[2026-05-25T06:54:04.517+0000] {processor.py:914} INFO - Processing file /opt/airflow/dags/etl_datalake_dag.py for tasks to queue
[2026-05-25T06:54:04.523+0000] {logging_mixin.py:190} INFO - [2026-05-25T06:54:04.523+0000] {dagbag.py:588} INFO - Filling up the DagBag from /opt/airflow/dags/etl_datalake_dag.py
[2026-05-25T06:54:04.584+0000] {processor.py:925} INFO - DAG(s) 'etl_datalake_hive_iceberg' retrieved from /opt/airflow/dags/etl_datalake_dag.py
[2026-05-25T06:54:04.732+0000] {logging_mixin.py:190} INFO - [2026-05-25T06:54:04.732+0000] {dag.py:3239} INFO - Sync 1 DAGs
[2026-05-25T06:54:04.768+0000] {logging_mixin.py:190} INFO - [2026-05-25T06:54:04.768+0000] {dag.py:4180} INFO - Setting next_dagrun for etl_datalake_hive_iceberg to 2026-05-24T00:00:00+00:00, run_after=2026-05-25T00:00:00+00:00
[2026-05-25T06:54:04.792+0000] {processor.py:208} INFO - Processing /opt/airflow/dags/etl_datalake_dag.py took 0.293 seconds
[2026-05-25T06:54:35.336+0000] {processor.py:186} INFO - Started process (PID=141) to work on /opt/airflow/dags/etl_datalake_dag.py
[2026-05-25T06:54:35.337+0000] {processor.py:914} INFO - Processing file /opt/airflow/dags/etl_datalake_dag.py for tasks to queue
[2026-05-25T06:54:35.339+0000] {logging_mixin.py:190} INFO - [2026-05-25T06:54:35.339+0000] {dagbag.py:588} INFO - Filling up the DagBag from /opt/airflow/dags/etl_datalake_dag.py
[2026-05-25T06:54:35.364+0000] {processor.py:925} INFO - DAG(s) 'etl_datalake_hive_iceberg' retrieved from /opt/airflow/dags/etl_datalake_dag.py
[2026-05-25T06:54:35.422+0000] {logging_mixin.py:190} INFO - [2026-05-25T06:54:35.422+0000] {dag.py:3239} INFO - Sync 1 DAGs
[2026-05-25T06:54:35.493+0000] {logging_mixin.py:190} INFO - [2026-05-25T06:54:35.492+0000] {dag.py:4180} INFO - Setting next_dagrun for etl_datalake_hive_iceberg to 2026-05-24T00:00:00+00:00, run_after=2026-05-25T00:00:00+00:00
[2026-05-25T06:54:35.554+0000] {processor.py:208} INFO - Processing /opt/airflow/dags/etl_datalake_dag.py took 0.227 seconds
[2026-05-25T06:55:05.839+0000] {processor.py:186} INFO - Started process (PID=145) to work on /opt/airflow/dags/etl_datalake_dag.py
[2026-05-25T06:55:05.840+0000] {processor.py:914} INFO - Processing file /opt/airflow/dags/etl_datalake_dag.py for tasks to queue
[2026-05-25T06:55:05.841+0000] {logging_mixin.py:190} INFO - [2026-05-25T06:55:05.841+0000] {dagbag.py:588} INFO - Filling up the DagBag from /opt/airflow/dags/etl_datalake_dag.py
[2026-05-25T06:55:05.866+0000] {processor.py:925} INFO - DAG(s) 'etl_datalake_hive_iceberg' retrieved from /opt/airflow/dags/etl_datalake_dag.py
[2026-05-25T06:55:05.912+0000] {logging_mixin.py:190} INFO - [2026-05-25T06:55:05.912+0000] {dag.py:3239} INFO - Sync 1 DAGs
[2026-05-25T06:55:05.949+0000] {logging_mixin.py:190} INFO - [2026-05-25T06:55:05.949+0000] {dag.py:4180} INFO - Setting next_dagrun for etl_datalake_hive_iceberg to 2026-05-24T00:00:00+00:00, run_after=2026-05-25T00:00:00+00:00
[2026-05-25T06:55:05.980+0000] {processor.py:208} INFO - Processing /opt/airflow/dags/etl_datalake_dag.py took 0.150 seconds
[2026-05-25T06:55:36.386+0000] {processor.py:186} INFO - Started process (PID=149) to work on /opt/airflow/dags/etl_datalake_dag.py
[2026-05-25T06:55:36.387+0000] {processor.py:914} INFO - Processing file /opt/airflow/dags/etl_datalake_dag.py for tasks to queue
[2026-05-25T06:55:36.389+0000] {logging_mixin.py:190} INFO - [2026-05-25T06:55:36.389+0000] {dagbag.py:588} INFO - Filling up the DagBag from /opt/airflow/dags/etl_datalake_dag.py
[2026-05-25T06:55:36.415+0000] {processor.py:925} INFO - DAG(s) 'etl_datalake_hive_iceberg' retrieved from /opt/airflow/dags/etl_datalake_dag.py
[2026-05-25T06:55:36.468+0000] {logging_mixin.py:190} INFO - [2026-05-25T06:55:36.468+0000] {dag.py:3239} INFO - Sync 1 DAGs
[2026-05-25T06:55:36.498+0000] {logging_mixin.py:190} INFO - [2026-05-25T06:55:36.498+0000] {dag.py:4180} INFO - Setting next_dagrun for etl_datalake_hive_iceberg to 2026-05-24T00:00:00+00:00, run_after=2026-05-25T00:00:00+00:00
[2026-05-25T06:55:36.534+0000] {processor.py:208} INFO - Processing /opt/airflow/dags/etl_datalake_dag.py took 0.157 seconds
[2026-05-25T06:56:07.191+0000] {processor.py:186} INFO - Started process (PID=153) to work on /opt/airflow/dags/etl_datalake_dag.py
[2026-05-25T06:56:07.192+0000] {processor.py:914} INFO - Processing file /opt/airflow/dags/etl_datalake_dag.py for tasks to queue
[2026-05-25T06:56:07.195+0000] {logging_mixin.py:190} INFO - [2026-05-25T06:56:07.194+0000] {dagbag.py:588} INFO - Filling up the DagBag from /opt/airflow/dags/etl_datalake_dag.py
[2026-05-25T06:56:07.219+0000] {processor.py:925} INFO - DAG(s) 'etl_datalake_hive_iceberg' retrieved from /opt/airflow/dags/etl_datalake_dag.py
[2026-05-25T06:56:07.259+0000] {logging_mixin.py:190} INFO - [2026-05-25T06:56:07.259+0000] {dag.py:3239} INFO - Sync 1 DAGs
[2026-05-25T06:56:07.297+0000] {logging_mixin.py:190} INFO - [2026-05-25T06:56:07.297+0000] {dag.py:4180} INFO - Setting next_dagrun for etl_datalake_hive_iceberg to 2026-05-24T00:00:00+00:00, run_after=2026-05-25T00:00:00+00:00
[2026-05-25T06:56:07.331+0000] {processor.py:208} INFO - Processing /opt/airflow/dags/etl_datalake_dag.py took 0.146 seconds
[2026-05-25T06:56:38.095+0000] {processor.py:186} INFO - Started process (PID=157) to work on /opt/airflow/dags/etl_datalake_dag.py
[2026-05-25T06:56:38.096+0000] {processor.py:914} INFO - Processing file /opt/airflow/dags/etl_datalake_dag.py for tasks to queue
[2026-05-25T06:56:38.097+0000] {logging_mixin.py:190} INFO - [2026-05-25T06:56:38.097+0000] {dagbag.py:588} INFO - Filling up the DagBag from /opt/airflow/dags/etl_datalake_dag.py
[2026-05-25T06:56:38.125+0000] {processor.py:925} INFO - DAG(s) 'etl_datalake_hive_iceberg' retrieved from /opt/airflow/dags/etl_datalake_dag.py
[2026-05-25T06:56:38.179+0000] {logging_mixin.py:190} INFO - [2026-05-25T06:56:38.178+0000] {dag.py:3239} INFO - Sync 1 DAGs
[2026-05-25T06:56:38.231+0000] {logging_mixin.py:190} INFO - [2026-05-25T06:56:38.231+0000] {dag.py:4180} INFO - Setting next_dagrun for etl_datalake_hive_iceberg to 2026-05-24T00:00:00+00:00, run_after=2026-05-25T00:00:00+00:00
[2026-05-25T06:56:38.259+0000] {processor.py:208} INFO - Processing /opt/airflow/dags/etl_datalake_dag.py took 0.173 seconds
[2026-05-25T06:57:08.827+0000] {processor.py:186} INFO - Started process (PID=161) to work on /opt/airflow/dags/etl_datalake_dag.py
[2026-05-25T06:57:08.828+0000] {processor.py:914} INFO - Processing file /opt/airflow/dags/etl_datalake_dag.py for tasks to queue
[2026-05-25T06:57:08.830+0000] {logging_mixin.py:190} INFO - [2026-05-25T06:57:08.830+0000] {dagbag.py:588} INFO - Filling up the DagBag from /opt/airflow/dags/etl_datalake_dag.py
[2026-05-25T06:57:08.859+0000] {processor.py:925} INFO - DAG(s) 'etl_datalake_hive_iceberg' retrieved from /opt/airflow/dags/etl_datalake_dag.py
[2026-05-25T06:57:08.913+0000] {logging_mixin.py:190} INFO - [2026-05-25T06:57:08.912+0000] {dag.py:3239} INFO - Sync 1 DAGs
[2026-05-25T06:57:08.957+0000] {logging_mixin.py:190} INFO - [2026-05-25T06:57:08.956+0000] {dag.py:4180} INFO - Setting next_dagrun for etl_datalake_hive_iceberg to 2026-05-24T00:00:00+00:00, run_after=2026-05-25T00:00:00+00:00
[2026-05-25T06:57:08.997+0000] {processor.py:208} INFO - Processing /opt/airflow/dags/etl_datalake_dag.py took 0.179 seconds
[2026-05-25T06:57:39.320+0000] {processor.py:186} INFO - Started process (PID=165) to work on /opt/airflow/dags/etl_datalake_dag.py
[2026-05-25T06:57:39.321+0000] {processor.py:914} INFO - Processing file /opt/airflow/dags/etl_datalake_dag.py for tasks to queue
[2026-05-25T06:57:39.323+0000] {logging_mixin.py:190} INFO - [2026-05-25T06:57:39.323+0000] {dagbag.py:588} INFO - Filling up the DagBag from /opt/airflow/dags/etl_datalake_dag.py
[2026-05-25T06:57:39.342+0000] {processor.py:925} INFO - DAG(s) 'etl_datalake_hive_iceberg' retrieved from /opt/airflow/dags/etl_datalake_dag.py
[2026-05-25T06:57:39.377+0000] {logging_mixin.py:190} INFO - [2026-05-25T06:57:39.376+0000] {dag.py:3239} INFO - Sync 1 DAGs
[2026-05-25T06:57:39.406+0000] {logging_mixin.py:190} INFO - [2026-05-25T06:57:39.405+0000] {dag.py:4180} INFO - Setting next_dagrun for etl_datalake_hive_iceberg to 2026-05-24T00:00:00+00:00, run_after=2026-05-25T00:00:00+00:00
[2026-05-25T06:57:39.425+0000] {processor.py:208} INFO - Processing /opt/airflow/dags/etl_datalake_dag.py took 0.112 seconds
[2026-05-25T06:58:10.185+0000] {processor.py:186} INFO - Started process (PID=169) to work on /opt/airflow/dags/etl_datalake_dag.py
[2026-05-25T06:58:10.186+0000] {processor.py:914} INFO - Processing file /opt/airflow/dags/etl_datalake_dag.py for tasks to queue
[2026-05-25T06:58:10.188+0000] {logging_mixin.py:190} INFO - [2026-05-25T06:58:10.188+0000] {dagbag.py:588} INFO - Filling up the DagBag from /opt/airflow/dags/etl_datalake_dag.py
[2026-05-25T06:58:10.214+0000] {processor.py:925} INFO - DAG(s) 'etl_datalake_hive_iceberg' retrieved from /opt/airflow/dags/etl_datalake_dag.py
[2026-05-25T06:58:10.272+0000] {logging_mixin.py:190} INFO - [2026-05-25T06:58:10.272+0000] {dag.py:3239} INFO - Sync 1 DAGs
[2026-05-25T06:58:10.315+0000] {logging_mixin.py:190} INFO - [2026-05-25T06:58:10.315+0000] {dag.py:4180} INFO - Setting next_dagrun for etl_datalake_hive_iceberg to 2026-05-24T00:00:00+00:00, run_after=2026-05-25T00:00:00+00:00
[2026-05-25T06:58:10.349+0000] {processor.py:208} INFO - Processing /opt/airflow/dags/etl_datalake_dag.py took 0.172 seconds
[2026-05-25T06:58:40.836+0000] {processor.py:186} INFO - Started process (PID=173) to work on /opt/airflow/dags/etl_datalake_dag.py
[2026-05-25T06:58:40.837+0000] {processor.py:914} INFO - Processing file /opt/airflow/dags/etl_datalake_dag.py for tasks to queue
[2026-05-25T06:58:40.838+0000] {logging_mixin.py:190} INFO - [2026-05-25T06:58:40.838+0000] {dagbag.py:588} INFO - Filling up the DagBag from /opt/airflow/dags/etl_datalake_dag.py
[2026-05-25T06:58:40.856+0000] {processor.py:925} INFO - DAG(s) 'etl_datalake_hive_iceberg' retrieved from /opt/airflow/dags/etl_datalake_dag.py
[2026-05-25T06:58:40.891+0000] {logging_mixin.py:190} INFO - [2026-05-25T06:58:40.890+0000] {dag.py:3239} INFO - Sync 1 DAGs
[2026-05-25T06:58:40.920+0000] {logging_mixin.py:190} INFO - [2026-05-25T06:58:40.920+0000] {dag.py:4180} INFO - Setting next_dagrun for etl_datalake_hive_iceberg to 2026-05-24T00:00:00+00:00, run_after=2026-05-25T00:00:00+00:00
[2026-05-25T06:58:40.941+0000] {processor.py:208} INFO - Processing /opt/airflow/dags/etl_datalake_dag.py took 0.112 seconds
[2026-05-25T06:59:11.069+0000] {processor.py:186} INFO - Started process (PID=177) to work on /opt/airflow/dags/etl_datalake_dag.py
[2026-05-25T06:59:11.070+0000] {processor.py:914} INFO - Processing file /opt/airflow/dags/etl_datalake_dag.py for tasks to queue
[2026-05-25T06:59:11.072+0000] {logging_mixin.py:190} INFO - [2026-05-25T06:59:11.072+0000] {dagbag.py:588} INFO - Filling up the DagBag from /opt/airflow/dags/etl_datalake_dag.py
[2026-05-25T06:59:11.097+0000] {processor.py:925} INFO - DAG(s) 'etl_datalake_hive_iceberg' retrieved from /opt/airflow/dags/etl_datalake_dag.py
[2026-05-25T06:59:11.135+0000] {logging_mixin.py:190} INFO - [2026-05-25T06:59:11.135+0000] {dag.py:3239} INFO - Sync 1 DAGs
[2026-05-25T06:59:11.171+0000] {logging_mixin.py:190} INFO - [2026-05-25T06:59:11.170+0000] {dag.py:4180} INFO - Setting next_dagrun for etl_datalake_hive_iceberg to 2026-05-24T00:00:00+00:00, run_after=2026-05-25T00:00:00+00:00
[2026-05-25T06:59:11.209+0000] {processor.py:208} INFO - Processing /opt/airflow/dags/etl_datalake_dag.py took 0.149 seconds
[2026-05-25T06:59:41.542+0000] {processor.py:186} INFO - Started process (PID=181) to work on /opt/airflow/dags/etl_datalake_dag.py
[2026-05-25T06:59:41.543+0000] {processor.py:914} INFO - Processing file /opt/airflow/dags/etl_datalake_dag.py for tasks to queue
[2026-05-25T06:59:41.544+0000] {logging_mixin.py:190} INFO - [2026-05-25T06:59:41.544+0000] {dagbag.py:588} INFO - Filling up the DagBag from /opt/airflow/dags/etl_datalake_dag.py
[2026-05-25T06:59:41.567+0000] {processor.py:925} INFO - DAG(s) 'etl_datalake_hive_iceberg' retrieved from /opt/airflow/dags/etl_datalake_dag.py
[2026-05-25T06:59:41.607+0000] {logging_mixin.py:190} INFO - [2026-05-25T06:59:41.607+0000] {dag.py:3239} INFO - Sync 1 DAGs
[2026-05-25T06:59:41.641+0000] {logging_mixin.py:190} INFO - [2026-05-25T06:59:41.641+0000] {dag.py:4180} INFO - Setting next_dagrun for etl_datalake_hive_iceberg to 2026-05-24T00:00:00+00:00, run_after=2026-05-25T00:00:00+00:00
[2026-05-25T06:59:41.661+0000] {processor.py:208} INFO - Processing /opt/airflow/dags/etl_datalake_dag.py took 0.128 seconds
[2026-05-25T07:00:12.273+0000] {processor.py:186} INFO - Started process (PID=185) to work on /opt/airflow/dags/etl_datalake_dag.py
[2026-05-25T07:00:12.273+0000] {processor.py:914} INFO - Processing file /opt/airflow/dags/etl_datalake_dag.py for tasks to queue
[2026-05-25T07:00:12.275+0000] {logging_mixin.py:190} INFO - [2026-05-25T07:00:12.274+0000] {dagbag.py:588} INFO - Filling up the DagBag from /opt/airflow/dags/etl_datalake_dag.py
[2026-05-25T07:00:12.297+0000] {processor.py:925} INFO - DAG(s) 'etl_datalake_hive_iceberg' retrieved from /opt/airflow/dags/etl_datalake_dag.py
[2026-05-25T07:00:12.338+0000] {logging_mixin.py:190} INFO - [2026-05-25T07:00:12.338+0000] {dag.py:3239} INFO - Sync 1 DAGs
[2026-05-25T07:00:12.368+0000] {logging_mixin.py:190} INFO - [2026-05-25T07:00:12.368+0000] {dag.py:4180} INFO - Setting next_dagrun for etl_datalake_hive_iceberg to 2026-05-24T00:00:00+00:00, run_after=2026-05-25T00:00:00+00:00
[2026-05-25T07:00:12.390+0000] {processor.py:208} INFO - Processing /opt/airflow/dags/etl_datalake_dag.py took 0.124 seconds
[2026-05-25T07:00:42.807+0000] {processor.py:186} INFO - Started process (PID=189) to work on /opt/airflow/dags/etl_datalake_dag.py
[2026-05-25T07:00:42.808+0000] {processor.py:914} INFO - Processing file /opt/airflow/dags/etl_datalake_dag.py for tasks to queue
[2026-05-25T07:00:42.810+0000] {logging_mixin.py:190} INFO - [2026-05-25T07:00:42.810+0000] {dagbag.py:588} INFO - Filling up the DagBag from /opt/airflow/dags/etl_datalake_dag.py
[2026-05-25T07:00:42.830+0000] {processor.py:925} INFO - DAG(s) 'etl_datalake_hive_iceberg' retrieved from /opt/airflow/dags/etl_datalake_dag.py
[2026-05-25T07:00:42.865+0000] {logging_mixin.py:190} INFO - [2026-05-25T07:00:42.865+0000] {dag.py:3239} INFO - Sync 1 DAGs
[2026-05-25T07:00:42.900+0000] {logging_mixin.py:190} INFO - [2026-05-25T07:00:42.900+0000] {dag.py:4180} INFO - Setting next_dagrun for etl_datalake_hive_iceberg to 2026-05-24T00:00:00+00:00, run_after=2026-05-25T00:00:00+00:00
[2026-05-25T07:00:42.929+0000] {processor.py:208} INFO - Processing /opt/airflow/dags/etl_datalake_dag.py took 0.129 seconds
[2026-05-25T07:06:06.806+0000] {processor.py:186} INFO - Started process (PID=50) to work on /opt/airflow/dags/etl_datalake_dag.py
[2026-05-25T07:06:06.807+0000] {processor.py:914} INFO - Processing file /opt/airflow/dags/etl_datalake_dag.py for tasks to queue
[2026-05-25T07:06:06.811+0000] {logging_mixin.py:190} INFO - [2026-05-25T07:06:06.810+0000] {dagbag.py:588} INFO - Filling up the DagBag from /opt/airflow/dags/etl_datalake_dag.py
[2026-05-25T07:06:06.845+0000] {processor.py:925} INFO - DAG(s) 'etl_datalake_hive_iceberg' retrieved from /opt/airflow/dags/etl_datalake_dag.py
[2026-05-25T07:06:07.128+0000] {logging_mixin.py:190} INFO - [2026-05-25T07:06:07.111+0000] {override.py:1901} INFO - Created Permission View: can delete on DAG:etl_datalake_hive_iceberg
[2026-05-25T07:06:07.169+0000] {logging_mixin.py:190} INFO - [2026-05-25T07:06:07.168+0000] {override.py:1901} INFO - Created Permission View: can edit on DAG:etl_datalake_hive_iceberg
[2026-05-25T07:06:07.181+0000] {logging_mixin.py:190} INFO - [2026-05-25T07:06:07.181+0000] {override.py:1901} INFO - Created Permission View: can read on DAG:etl_datalake_hive_iceberg
[2026-05-25T07:06:07.196+0000] {logging_mixin.py:190} INFO - [2026-05-25T07:06:07.195+0000] {override.py:1901} INFO - Created Permission View: can delete on DAG Run:etl_datalake_hive_iceberg
[2026-05-25T07:06:07.208+0000] {logging_mixin.py:190} INFO - [2026-05-25T07:06:07.207+0000] {override.py:1901} INFO - Created Permission View: can create on DAG Run:etl_datalake_hive_iceberg
[2026-05-25T07:06:07.221+0000] {logging_mixin.py:190} INFO - [2026-05-25T07:06:07.220+0000] {override.py:1901} INFO - Created Permission View: menu access on DAG Run:etl_datalake_hive_iceberg
[2026-05-25T07:06:07.233+0000] {logging_mixin.py:190} INFO - [2026-05-25T07:06:07.232+0000] {override.py:1901} INFO - Created Permission View: can read on DAG Run:etl_datalake_hive_iceberg
[2026-05-25T07:06:07.234+0000] {logging_mixin.py:190} INFO - [2026-05-25T07:06:07.233+0000] {dag.py:3239} INFO - Sync 1 DAGs
[2026-05-25T07:06:07.269+0000] {logging_mixin.py:190} INFO - [2026-05-25T07:06:07.268+0000] {dag.py:3262} INFO - Creating ORM DAG for etl_datalake_hive_iceberg
[2026-05-25T07:06:07.293+0000] {logging_mixin.py:190} INFO - [2026-05-25T07:06:07.293+0000] {dag.py:4180} INFO - Setting next_dagrun for etl_datalake_hive_iceberg to 2026-05-24T00:00:00+00:00, run_after=2026-05-25T00:00:00+00:00
[2026-05-25T07:06:07.366+0000] {processor.py:208} INFO - Processing /opt/airflow/dags/etl_datalake_dag.py took 0.572 seconds
[2026-05-25T07:06:37.782+0000] {processor.py:186} INFO - Started process (PID=54) to work on /opt/airflow/dags/etl_datalake_dag.py
[2026-05-25T07:06:37.783+0000] {processor.py:914} INFO - Processing file /opt/airflow/dags/etl_datalake_dag.py for tasks to queue
[2026-05-25T07:06:37.785+0000] {logging_mixin.py:190} INFO - [2026-05-25T07:06:37.784+0000] {dagbag.py:588} INFO - Filling up the DagBag from /opt/airflow/dags/etl_datalake_dag.py
[2026-05-25T07:06:37.818+0000] {processor.py:925} INFO - DAG(s) 'etl_datalake_hive_iceberg' retrieved from /opt/airflow/dags/etl_datalake_dag.py
[2026-05-25T07:06:37.914+0000] {logging_mixin.py:190} INFO - [2026-05-25T07:06:37.914+0000] {dag.py:3239} INFO - Sync 1 DAGs
[2026-05-25T07:06:37.978+0000] {logging_mixin.py:190} INFO - [2026-05-25T07:06:37.978+0000] {dag.py:4180} INFO - Setting next_dagrun for etl_datalake_hive_iceberg to 2026-05-24T00:00:00+00:00, run_after=2026-05-25T00:00:00+00:00
[2026-05-25T07:06:38.033+0000] {processor.py:208} INFO - Processing /opt/airflow/dags/etl_datalake_dag.py took 0.259 seconds
[2026-05-25T07:07:08.437+0000] {processor.py:186} INFO - Started process (PID=58) to work on /opt/airflow/dags/etl_datalake_dag.py
[2026-05-25T07:07:08.437+0000] {processor.py:914} INFO - Processing file /opt/airflow/dags/etl_datalake_dag.py for tasks to queue
[2026-05-25T07:07:08.439+0000] {logging_mixin.py:190} INFO - [2026-05-25T07:07:08.439+0000] {dagbag.py:588} INFO - Filling up the DagBag from /opt/airflow/dags/etl_datalake_dag.py
[2026-05-25T07:07:08.486+0000] {processor.py:925} INFO - DAG(s) 'etl_datalake_hive_iceberg' retrieved from /opt/airflow/dags/etl_datalake_dag.py
[2026-05-25T07:07:08.592+0000] {logging_mixin.py:190} INFO - [2026-05-25T07:07:08.591+0000] {dag.py:3239} INFO - Sync 1 DAGs
[2026-05-25T07:07:08.664+0000] {logging_mixin.py:190} INFO - [2026-05-25T07:07:08.664+0000] {dag.py:4180} INFO - Setting next_dagrun for etl_datalake_hive_iceberg to 2026-05-24T00:00:00+00:00, run_after=2026-05-25T00:00:00+00:00
[2026-05-25T07:07:08.705+0000] {processor.py:208} INFO - Processing /opt/airflow/dags/etl_datalake_dag.py took 0.277 seconds
[2026-05-25T07:07:39.770+0000] {processor.py:186} INFO - Started process (PID=62) to work on /opt/airflow/dags/etl_datalake_dag.py
[2026-05-25T07:07:39.773+0000] {processor.py:914} INFO - Processing file /opt/airflow/dags/etl_datalake_dag.py for tasks to queue
[2026-05-25T07:07:39.795+0000] {logging_mixin.py:190} INFO - [2026-05-25T07:07:39.789+0000] {dagbag.py:588} INFO - Filling up the DagBag from /opt/airflow/dags/etl_datalake_dag.py
[2026-05-25T07:07:39.958+0000] {processor.py:925} INFO - DAG(s) 'etl_datalake_hive_iceberg' retrieved from /opt/airflow/dags/etl_datalake_dag.py
[2026-05-25T07:07:40.184+0000] {logging_mixin.py:190} INFO - [2026-05-25T07:07:40.184+0000] {dag.py:3239} INFO - Sync 1 DAGs
[2026-05-25T07:07:40.347+0000] {logging_mixin.py:190} INFO - [2026-05-25T07:07:40.346+0000] {dag.py:4180} INFO - Setting next_dagrun for etl_datalake_hive_iceberg to 2026-05-24T00:00:00+00:00, run_after=2026-05-25T00:00:00+00:00
[2026-05-25T07:07:40.482+0000] {processor.py:208} INFO - Processing /opt/airflow/dags/etl_datalake_dag.py took 0.735 seconds
[2026-05-25T07:08:11.221+0000] {processor.py:186} INFO - Started process (PID=66) to work on /opt/airflow/dags/etl_datalake_dag.py
[2026-05-25T07:08:11.224+0000] {processor.py:914} INFO - Processing file /opt/airflow/dags/etl_datalake_dag.py for tasks to queue
[2026-05-25T07:08:11.239+0000] {logging_mixin.py:190} INFO - [2026-05-25T07:08:11.238+0000] {dagbag.py:588} INFO - Filling up the DagBag from /opt/airflow/dags/etl_datalake_dag.py
[2026-05-25T07:08:11.396+0000] {processor.py:925} INFO - DAG(s) 'etl_datalake_hive_iceberg' retrieved from /opt/airflow/dags/etl_datalake_dag.py
[2026-05-25T07:08:11.562+0000] {logging_mixin.py:190} INFO - [2026-05-25T07:08:11.562+0000] {dag.py:3239} INFO - Sync 1 DAGs
[2026-05-25T07:08:11.639+0000] {logging_mixin.py:190} INFO - [2026-05-25T07:08:11.638+0000] {dag.py:4180} INFO - Setting next_dagrun for etl_datalake_hive_iceberg to 2026-05-24T00:00:00+00:00, run_after=2026-05-25T00:00:00+00:00
[2026-05-25T07:08:11.726+0000] {processor.py:208} INFO - Processing /opt/airflow/dags/etl_datalake_dag.py took 0.541 seconds
[2026-05-25T07:08:41.975+0000] {processor.py:186} INFO - Started process (PID=70) to work on /opt/airflow/dags/etl_datalake_dag.py
[2026-05-25T07:08:41.977+0000] {processor.py:914} INFO - Processing file /opt/airflow/dags/etl_datalake_dag.py for tasks to queue
[2026-05-25T07:08:41.980+0000] {logging_mixin.py:190} INFO - [2026-05-25T07:08:41.980+0000] {dagbag.py:588} INFO - Filling up the DagBag from /opt/airflow/dags/etl_datalake_dag.py
[2026-05-25T07:08:42.029+0000] {processor.py:925} INFO - DAG(s) 'etl_datalake_hive_iceberg' retrieved from /opt/airflow/dags/etl_datalake_dag.py
[2026-05-25T07:08:42.107+0000] {logging_mixin.py:190} INFO - [2026-05-25T07:08:42.106+0000] {dag.py:3239} INFO - Sync 1 DAGs
[2026-05-25T07:08:42.185+0000] {logging_mixin.py:190} INFO - [2026-05-25T07:08:42.185+0000] {dag.py:4180} INFO - Setting next_dagrun for etl_datalake_hive_iceberg to 2026-05-24T00:00:00+00:00, run_after=2026-05-25T00:00:00+00:00
[2026-05-25T07:08:42.249+0000] {processor.py:208} INFO - Processing /opt/airflow/dags/etl_datalake_dag.py took 0.295 seconds
[2026-05-25T07:09:13.079+0000] {processor.py:186} INFO - Started process (PID=74) to work on /opt/airflow/dags/etl_datalake_dag.py
[2026-05-25T07:09:13.080+0000] {processor.py:914} INFO - Processing file /opt/airflow/dags/etl_datalake_dag.py for tasks to queue
[2026-05-25T07:09:13.085+0000] {logging_mixin.py:190} INFO - [2026-05-25T07:09:13.084+0000] {dagbag.py:588} INFO - Filling up the DagBag from /opt/airflow/dags/etl_datalake_dag.py
[2026-05-25T07:09:13.133+0000] {processor.py:925} INFO - DAG(s) 'etl_datalake_hive_iceberg' retrieved from /opt/airflow/dags/etl_datalake_dag.py
[2026-05-25T07:09:13.228+0000] {logging_mixin.py:190} INFO - [2026-05-25T07:09:13.227+0000] {dag.py:3239} INFO - Sync 1 DAGs
[2026-05-25T07:09:13.296+0000] {logging_mixin.py:190} INFO - [2026-05-25T07:09:13.296+0000] {dag.py:4180} INFO - Setting next_dagrun for etl_datalake_hive_iceberg to 2026-05-24T00:00:00+00:00, run_after=2026-05-25T00:00:00+00:00
[2026-05-25T07:09:13.346+0000] {processor.py:208} INFO - Processing /opt/airflow/dags/etl_datalake_dag.py took 0.281 seconds
[2026-05-25T07:09:43.834+0000] {processor.py:186} INFO - Started process (PID=78) to work on /opt/airflow/dags/etl_datalake_dag.py
[2026-05-25T07:09:43.835+0000] {processor.py:914} INFO - Processing file /opt/airflow/dags/etl_datalake_dag.py for tasks to queue
[2026-05-25T07:09:43.838+0000] {logging_mixin.py:190} INFO - [2026-05-25T07:09:43.837+0000] {dagbag.py:588} INFO - Filling up the DagBag from /opt/airflow/dags/etl_datalake_dag.py
[2026-05-25T07:09:43.907+0000] {processor.py:925} INFO - DAG(s) 'etl_datalake_hive_iceberg' retrieved from /opt/airflow/dags/etl_datalake_dag.py
[2026-05-25T07:09:44.019+0000] {logging_mixin.py:190} INFO - [2026-05-25T07:09:44.019+0000] {dag.py:3239} INFO - Sync 1 DAGs
[2026-05-25T07:09:44.081+0000] {logging_mixin.py:190} INFO - [2026-05-25T07:09:44.081+0000] {dag.py:4180} INFO - Setting next_dagrun for etl_datalake_hive_iceberg to 2026-05-24T00:00:00+00:00, run_after=2026-05-25T00:00:00+00:00
[2026-05-25T07:09:44.147+0000] {processor.py:208} INFO - Processing /opt/airflow/dags/etl_datalake_dag.py took 0.328 seconds
[2026-05-25T07:10:14.806+0000] {processor.py:186} INFO - Started process (PID=82) to work on /opt/airflow/dags/etl_datalake_dag.py
[2026-05-25T07:10:14.808+0000] {processor.py:914} INFO - Processing file /opt/airflow/dags/etl_datalake_dag.py for tasks to queue
[2026-05-25T07:10:14.818+0000] {logging_mixin.py:190} INFO - [2026-05-25T07:10:14.817+0000] {dagbag.py:588} INFO - Filling up the DagBag from /opt/airflow/dags/etl_datalake_dag.py
[2026-05-25T07:10:14.891+0000] {processor.py:925} INFO - DAG(s) 'etl_datalake_hive_iceberg' retrieved from /opt/airflow/dags/etl_datalake_dag.py
[2026-05-25T07:10:15.068+0000] {logging_mixin.py:190} INFO - [2026-05-25T07:10:15.068+0000] {dag.py:3239} INFO - Sync 1 DAGs
[2026-05-25T07:10:15.202+0000] {logging_mixin.py:190} INFO - [2026-05-25T07:10:15.202+0000] {dag.py:4180} INFO - Setting next_dagrun for etl_datalake_hive_iceberg to 2026-05-24T00:00:00+00:00, run_after=2026-05-25T00:00:00+00:00
[2026-05-25T07:10:15.285+0000] {processor.py:208} INFO - Processing /opt/airflow/dags/etl_datalake_dag.py took 0.497 seconds
[2026-05-25T07:10:46.042+0000] {processor.py:186} INFO - Started process (PID=86) to work on /opt/airflow/dags/etl_datalake_dag.py
[2026-05-25T07:10:46.043+0000] {processor.py:914} INFO - Processing file /opt/airflow/dags/etl_datalake_dag.py for tasks to queue
[2026-05-25T07:10:46.045+0000] {logging_mixin.py:190} INFO - [2026-05-25T07:10:46.044+0000] {dagbag.py:588} INFO - Filling up the DagBag from /opt/airflow/dags/etl_datalake_dag.py
[2026-05-25T07:10:46.080+0000] {processor.py:925} INFO - DAG(s) 'etl_datalake_hive_iceberg' retrieved from /opt/airflow/dags/etl_datalake_dag.py
[2026-05-25T07:10:46.143+0000] {logging_mixin.py:190} INFO - [2026-05-25T07:10:46.143+0000] {dag.py:3239} INFO - Sync 1 DAGs
[2026-05-25T07:10:46.195+0000] {logging_mixin.py:190} INFO - [2026-05-25T07:10:46.194+0000] {dag.py:4180} INFO - Setting next_dagrun for etl_datalake_hive_iceberg to 2026-05-24T00:00:00+00:00, run_after=2026-05-25T00:00:00+00:00
[2026-05-25T07:10:46.252+0000] {processor.py:208} INFO - Processing /opt/airflow/dags/etl_datalake_dag.py took 0.220 seconds
[2026-05-25T07:11:18.012+0000] {processor.py:186} INFO - Started process (PID=90) to work on /opt/airflow/dags/etl_datalake_dag.py
[2026-05-25T07:11:18.014+0000] {processor.py:914} INFO - Processing file /opt/airflow/dags/etl_datalake_dag.py for tasks to queue
[2026-05-25T07:11:18.017+0000] {logging_mixin.py:190} INFO - [2026-05-25T07:11:18.016+0000] {dagbag.py:588} INFO - Filling up the DagBag from /opt/airflow/dags/etl_datalake_dag.py
[2026-05-25T07:11:18.094+0000] {processor.py:925} INFO - DAG(s) 'etl_datalake_hive_iceberg' retrieved from /opt/airflow/dags/etl_datalake_dag.py
[2026-05-25T07:11:18.347+0000] {logging_mixin.py:190} INFO - [2026-05-25T07:11:18.347+0000] {dag.py:3239} INFO - Sync 1 DAGs
[2026-05-25T07:11:18.482+0000] {logging_mixin.py:190} INFO - [2026-05-25T07:11:18.482+0000] {dag.py:4180} INFO - Setting next_dagrun for etl_datalake_hive_iceberg to 2026-05-24T00:00:00+00:00, run_after=2026-05-25T00:00:00+00:00
[2026-05-25T07:11:18.554+0000] {processor.py:208} INFO - Processing /opt/airflow/dags/etl_datalake_dag.py took 0.558 seconds
[2026-05-25T07:11:48.828+0000] {processor.py:186} INFO - Started process (PID=94) to work on /opt/airflow/dags/etl_datalake_dag.py
[2026-05-25T07:11:48.829+0000] {processor.py:914} INFO - Processing file /opt/airflow/dags/etl_datalake_dag.py for tasks to queue
[2026-05-25T07:11:48.838+0000] {logging_mixin.py:190} INFO - [2026-05-25T07:11:48.832+0000] {dagbag.py:588} INFO - Filling up the DagBag from /opt/airflow/dags/etl_datalake_dag.py
[2026-05-25T07:11:48.946+0000] {processor.py:925} INFO - DAG(s) 'etl_datalake_hive_iceberg' retrieved from /opt/airflow/dags/etl_datalake_dag.py
[2026-05-25T07:11:49.282+0000] {logging_mixin.py:190} INFO - [2026-05-25T07:11:49.281+0000] {dag.py:3239} INFO - Sync 1 DAGs
[2026-05-25T07:11:49.515+0000] {logging_mixin.py:190} INFO - [2026-05-25T07:11:49.514+0000] {dag.py:4180} INFO - Setting next_dagrun for etl_datalake_hive_iceberg to 2026-05-24T00:00:00+00:00, run_after=2026-05-25T00:00:00+00:00
[2026-05-25T07:11:49.594+0000] {processor.py:208} INFO - Processing /opt/airflow/dags/etl_datalake_dag.py took 0.781 seconds
[2026-05-25T07:12:20.612+0000] {processor.py:186} INFO - Started process (PID=98) to work on /opt/airflow/dags/etl_datalake_dag.py
[2026-05-25T07:12:20.614+0000] {processor.py:914} INFO - Processing file /opt/airflow/dags/etl_datalake_dag.py for tasks to queue
[2026-05-25T07:12:20.617+0000] {logging_mixin.py:190} INFO - [2026-05-25T07:12:20.616+0000] {dagbag.py:588} INFO - Filling up the DagBag from /opt/airflow/dags/etl_datalake_dag.py
[2026-05-25T07:12:20.917+0000] {processor.py:925} INFO - DAG(s) 'etl_datalake_hive_iceberg' retrieved from /opt/airflow/dags/etl_datalake_dag.py
[2026-05-25T07:12:21.237+0000] {logging_mixin.py:190} INFO - [2026-05-25T07:12:21.237+0000] {dag.py:3239} INFO - Sync 1 DAGs
[2026-05-25T07:12:21.421+0000] {logging_mixin.py:190} INFO - [2026-05-25T07:12:21.421+0000] {dag.py:4180} INFO - Setting next_dagrun for etl_datalake_hive_iceberg to 2026-05-24T00:00:00+00:00, run_after=2026-05-25T00:00:00+00:00
[2026-05-25T07:12:21.545+0000] {processor.py:208} INFO - Processing /opt/airflow/dags/etl_datalake_dag.py took 0.952 seconds
[2026-05-25T07:12:52.160+0000] {processor.py:186} INFO - Started process (PID=102) to work on /opt/airflow/dags/etl_datalake_dag.py
[2026-05-25T07:12:52.163+0000] {processor.py:914} INFO - Processing file /opt/airflow/dags/etl_datalake_dag.py for tasks to queue
[2026-05-25T07:12:52.173+0000] {logging_mixin.py:190} INFO - [2026-05-25T07:12:52.173+0000] {dagbag.py:588} INFO - Filling up the DagBag from /opt/airflow/dags/etl_datalake_dag.py
[2026-05-25T07:12:52.290+0000] {processor.py:925} INFO - DAG(s) 'etl_datalake_hive_iceberg' retrieved from /opt/airflow/dags/etl_datalake_dag.py
[2026-05-25T07:12:52.739+0000] {logging_mixin.py:190} INFO - [2026-05-25T07:12:52.739+0000] {dag.py:3239} INFO - Sync 1 DAGs
[2026-05-25T07:12:52.951+0000] {logging_mixin.py:190} INFO - [2026-05-25T07:12:52.951+0000] {dag.py:4180} INFO - Setting next_dagrun for etl_datalake_hive_iceberg to 2026-05-24T00:00:00+00:00, run_after=2026-05-25T00:00:00+00:00
[2026-05-25T07:12:53.158+0000] {processor.py:208} INFO - Processing /opt/airflow/dags/etl_datalake_dag.py took 1.019 seconds
[2026-05-25T07:13:24.476+0000] {processor.py:186} INFO - Started process (PID=106) to work on /opt/airflow/dags/etl_datalake_dag.py
[2026-05-25T07:13:24.478+0000] {processor.py:914} INFO - Processing file /opt/airflow/dags/etl_datalake_dag.py for tasks to queue
[2026-05-25T07:13:24.481+0000] {logging_mixin.py:190} INFO - [2026-05-25T07:13:24.481+0000] {dagbag.py:588} INFO - Filling up the DagBag from /opt/airflow/dags/etl_datalake_dag.py
[2026-05-25T07:13:24.654+0000] {processor.py:925} INFO - DAG(s) 'etl_datalake_hive_iceberg' retrieved from /opt/airflow/dags/etl_datalake_dag.py
[2026-05-25T07:13:25.035+0000] {logging_mixin.py:190} INFO - [2026-05-25T07:13:25.034+0000] {dag.py:3239} INFO - Sync 1 DAGs
[2026-05-25T07:13:25.350+0000] {logging_mixin.py:190} INFO - [2026-05-25T07:13:25.350+0000] {dag.py:4180} INFO - Setting next_dagrun for etl_datalake_hive_iceberg to 2026-05-24T00:00:00+00:00, run_after=2026-05-25T00:00:00+00:00
[2026-05-25T07:13:25.522+0000] {processor.py:208} INFO - Processing /opt/airflow/dags/etl_datalake_dag.py took 1.088 seconds
[2026-05-25T07:13:56.651+0000] {processor.py:186} INFO - Started process (PID=110) to work on /opt/airflow/dags/etl_datalake_dag.py
[2026-05-25T07:13:56.654+0000] {processor.py:914} INFO - Processing file /opt/airflow/dags/etl_datalake_dag.py for tasks to queue
[2026-05-25T07:13:56.657+0000] {logging_mixin.py:190} INFO - [2026-05-25T07:13:56.657+0000] {dagbag.py:588} INFO - Filling up the DagBag from /opt/airflow/dags/etl_datalake_dag.py
[2026-05-25T07:13:57.155+0000] {processor.py:925} INFO - DAG(s) 'etl_datalake_hive_iceberg' retrieved from /opt/airflow/dags/etl_datalake_dag.py
[2026-05-25T07:13:57.521+0000] {logging_mixin.py:190} INFO - [2026-05-25T07:13:57.520+0000] {dag.py:3239} INFO - Sync 1 DAGs
[2026-05-25T07:13:57.711+0000] {logging_mixin.py:190} INFO - [2026-05-25T07:13:57.710+0000] {dag.py:4180} INFO - Setting next_dagrun for etl_datalake_hive_iceberg to 2026-05-24T00:00:00+00:00, run_after=2026-05-25T00:00:00+00:00
[2026-05-25T07:13:57.806+0000] {processor.py:208} INFO - Processing /opt/airflow/dags/etl_datalake_dag.py took 1.175 seconds
[2026-05-25T07:14:28.205+0000] {processor.py:186} INFO - Started process (PID=114) to work on /opt/airflow/dags/etl_datalake_dag.py
[2026-05-25T07:14:28.225+0000] {processor.py:914} INFO - Processing file /opt/airflow/dags/etl_datalake_dag.py for tasks to queue
[2026-05-25T07:14:28.230+0000] {logging_mixin.py:190} INFO - [2026-05-25T07:14:28.230+0000] {dagbag.py:588} INFO - Filling up the DagBag from /opt/airflow/dags/etl_datalake_dag.py
[2026-05-25T07:14:28.424+0000] {processor.py:925} INFO - DAG(s) 'etl_datalake_hive_iceberg' retrieved from /opt/airflow/dags/etl_datalake_dag.py
[2026-05-25T07:14:28.780+0000] {logging_mixin.py:190} INFO - [2026-05-25T07:14:28.780+0000] {dag.py:3239} INFO - Sync 1 DAGs
[2026-05-25T07:14:13.294+0000] {logging_mixin.py:190} INFO - [2026-05-25T07:14:13.292+0000] {dag.py:4180} INFO - Setting next_dagrun for etl_datalake_hive_iceberg to 2026-05-24T00:00:00+00:00, run_after=2026-05-25T00:00:00+00:00
[2026-05-25T07:14:13.472+0000] {processor.py:208} INFO - Processing /opt/airflow/dags/etl_datalake_dag.py took 1.048 seconds
[2026-05-25T07:14:44.320+0000] {processor.py:186} INFO - Started process (PID=115) to work on /opt/airflow/dags/etl_datalake_dag.py
[2026-05-25T07:14:44.337+0000] {processor.py:914} INFO - Processing file /opt/airflow/dags/etl_datalake_dag.py for tasks to queue
[2026-05-25T07:14:44.355+0000] {logging_mixin.py:190} INFO - [2026-05-25T07:14:44.354+0000] {dagbag.py:588} INFO - Filling up the DagBag from /opt/airflow/dags/etl_datalake_dag.py
[2026-05-25T07:14:44.709+0000] {processor.py:925} INFO - DAG(s) 'etl_datalake_hive_iceberg' retrieved from /opt/airflow/dags/etl_datalake_dag.py
[2026-05-25T07:14:45.138+0000] {logging_mixin.py:190} INFO - [2026-05-25T07:14:45.138+0000] {dag.py:3239} INFO - Sync 1 DAGs
[2026-05-25T07:14:45.321+0000] {logging_mixin.py:190} INFO - [2026-05-25T07:14:45.320+0000] {dag.py:4180} INFO - Setting next_dagrun for etl_datalake_hive_iceberg to 2026-05-24T00:00:00+00:00, run_after=2026-05-25T00:00:00+00:00
[2026-05-25T07:14:45.429+0000] {processor.py:208} INFO - Processing /opt/airflow/dags/etl_datalake_dag.py took 1.157 seconds
[2026-05-25T07:15:15.750+0000] {processor.py:186} INFO - Started process (PID=119) to work on /opt/airflow/dags/etl_datalake_dag.py
[2026-05-25T07:15:15.752+0000] {processor.py:914} INFO - Processing file /opt/airflow/dags/etl_datalake_dag.py for tasks to queue
[2026-05-25T07:15:15.757+0000] {logging_mixin.py:190} INFO - [2026-05-25T07:15:15.756+0000] {dagbag.py:588} INFO - Filling up the DagBag from /opt/airflow/dags/etl_datalake_dag.py
[2026-05-25T07:15:15.855+0000] {processor.py:925} INFO - DAG(s) 'etl_datalake_hive_iceberg' retrieved from /opt/airflow/dags/etl_datalake_dag.py
[2026-05-25T07:15:16.183+0000] {logging_mixin.py:190} INFO - [2026-05-25T07:15:16.182+0000] {dag.py:3239} INFO - Sync 1 DAGs
[2026-05-25T07:15:16.322+0000] {logging_mixin.py:190} INFO - [2026-05-25T07:15:16.322+0000] {dag.py:4180} INFO - Setting next_dagrun for etl_datalake_hive_iceberg to 2026-05-24T00:00:00+00:00, run_after=2026-05-25T00:00:00+00:00
[2026-05-25T07:15:16.407+0000] {processor.py:208} INFO - Processing /opt/airflow/dags/etl_datalake_dag.py took 0.670 seconds
[2026-05-25T07:15:46.807+0000] {processor.py:186} INFO - Started process (PID=123) to work on /opt/airflow/dags/etl_datalake_dag.py
[2026-05-25T07:15:46.810+0000] {processor.py:914} INFO - Processing file /opt/airflow/dags/etl_datalake_dag.py for tasks to queue
[2026-05-25T07:15:46.816+0000] {logging_mixin.py:190} INFO - [2026-05-25T07:15:46.815+0000] {dagbag.py:588} INFO - Filling up the DagBag from /opt/airflow/dags/etl_datalake_dag.py
[2026-05-25T07:15:46.935+0000] {processor.py:925} INFO - DAG(s) 'etl_datalake_hive_iceberg' retrieved from /opt/airflow/dags/etl_datalake_dag.py
[2026-05-25T07:15:47.195+0000] {logging_mixin.py:190} INFO - [2026-05-25T07:15:47.195+0000] {dag.py:3239} INFO - Sync 1 DAGs
[2026-05-25T07:15:47.397+0000] {logging_mixin.py:190} INFO - [2026-05-25T07:15:47.397+0000] {dag.py:4180} INFO - Setting next_dagrun for etl_datalake_hive_iceberg to 2026-05-24T00:00:00+00:00, run_after=2026-05-25T00:00:00+00:00
[2026-05-25T07:15:47.550+0000] {processor.py:208} INFO - Processing /opt/airflow/dags/etl_datalake_dag.py took 0.765 seconds
[2026-05-25T07:16:18.491+0000] {processor.py:186} INFO - Started process (PID=127) to work on /opt/airflow/dags/etl_datalake_dag.py
[2026-05-25T07:16:18.500+0000] {processor.py:914} INFO - Processing file /opt/airflow/dags/etl_datalake_dag.py for tasks to queue
[2026-05-25T07:16:18.507+0000] {logging_mixin.py:190} INFO - [2026-05-25T07:16:18.506+0000] {dagbag.py:588} INFO - Filling up the DagBag from /opt/airflow/dags/etl_datalake_dag.py
[2026-05-25T07:16:18.635+0000] {processor.py:925} INFO - DAG(s) 'etl_datalake_hive_iceberg' retrieved from /opt/airflow/dags/etl_datalake_dag.py
[2026-05-25T07:16:18.770+0000] {logging_mixin.py:190} INFO - [2026-05-25T07:16:18.770+0000] {dag.py:3239} INFO - Sync 1 DAGs
[2026-05-25T07:16:19.000+0000] {logging_mixin.py:190} INFO - [2026-05-25T07:16:19.000+0000] {dag.py:4180} INFO - Setting next_dagrun for etl_datalake_hive_iceberg to 2026-05-24T00:00:00+00:00, run_after=2026-05-25T00:00:00+00:00
[2026-05-25T07:16:19.163+0000] {processor.py:208} INFO - Processing /opt/airflow/dags/etl_datalake_dag.py took 0.697 seconds
[2026-05-25T07:16:49.315+0000] {processor.py:186} INFO - Started process (PID=131) to work on /opt/airflow/dags/etl_datalake_dag.py
[2026-05-25T07:16:49.320+0000] {processor.py:914} INFO - Processing file /opt/airflow/dags/etl_datalake_dag.py for tasks to queue
[2026-05-25T07:16:49.332+0000] {logging_mixin.py:190} INFO - [2026-05-25T07:16:49.331+0000] {dagbag.py:588} INFO - Filling up the DagBag from /opt/airflow/dags/etl_datalake_dag.py
[2026-05-25T07:16:49.398+0000] {processor.py:925} INFO - DAG(s) 'etl_datalake_hive_iceberg' retrieved from /opt/airflow/dags/etl_datalake_dag.py
[2026-05-25T07:16:49.514+0000] {logging_mixin.py:190} INFO - [2026-05-25T07:16:49.513+0000] {dag.py:3239} INFO - Sync 1 DAGs
[2026-05-25T07:16:49.648+0000] {logging_mixin.py:190} INFO - [2026-05-25T07:16:49.647+0000] {dag.py:4180} INFO - Setting next_dagrun for etl_datalake_hive_iceberg to 2026-05-24T00:00:00+00:00, run_after=2026-05-25T00:00:00+00:00
[2026-05-25T07:16:49.768+0000] {processor.py:208} INFO - Processing /opt/airflow/dags/etl_datalake_dag.py took 0.473 seconds
[2026-05-25T07:17:19.934+0000] {processor.py:186} INFO - Started process (PID=135) to work on /opt/airflow/dags/etl_datalake_dag.py
[2026-05-25T07:17:19.937+0000] {processor.py:914} INFO - Processing file /opt/airflow/dags/etl_datalake_dag.py for tasks to queue
[2026-05-25T07:17:19.941+0000] {logging_mixin.py:190} INFO - [2026-05-25T07:17:19.940+0000] {dagbag.py:588} INFO - Filling up the DagBag from /opt/airflow/dags/etl_datalake_dag.py
[2026-05-25T07:17:20.069+0000] {processor.py:925} INFO - DAG(s) 'etl_datalake_hive_iceberg' retrieved from /opt/airflow/dags/etl_datalake_dag.py
[2026-05-25T07:17:20.349+0000] {logging_mixin.py:190} INFO - [2026-05-25T07:17:20.349+0000] {dag.py:3239} INFO - Sync 1 DAGs
[2026-05-25T07:17:20.488+0000] {logging_mixin.py:190} INFO - [2026-05-25T07:17:20.485+0000] {dag.py:4180} INFO - Setting next_dagrun for etl_datalake_hive_iceberg to 2026-05-24T00:00:00+00:00, run_after=2026-05-25T00:00:00+00:00
[2026-05-25T07:17:20.878+0000] {processor.py:208} INFO - Processing /opt/airflow/dags/etl_datalake_dag.py took 0.964 seconds
[2026-05-25T07:17:51.406+0000] {processor.py:186} INFO - Started process (PID=139) to work on /opt/airflow/dags/etl_datalake_dag.py
[2026-05-25T07:17:51.418+0000] {processor.py:914} INFO - Processing file /opt/airflow/dags/etl_datalake_dag.py for tasks to queue
[2026-05-25T07:17:51.425+0000] {logging_mixin.py:190} INFO - [2026-05-25T07:17:51.424+0000] {dagbag.py:588} INFO - Filling up the DagBag from /opt/airflow/dags/etl_datalake_dag.py
[2026-05-25T07:17:51.523+0000] {processor.py:925} INFO - DAG(s) 'etl_datalake_hive_iceberg' retrieved from /opt/airflow/dags/etl_datalake_dag.py
[2026-05-25T07:17:51.796+0000] {logging_mixin.py:190} INFO - [2026-05-25T07:17:51.796+0000] {dag.py:3239} INFO - Sync 1 DAGs
[2026-05-25T07:17:52.024+0000] {logging_mixin.py:190} INFO - [2026-05-25T07:17:52.024+0000] {dag.py:4180} INFO - Setting next_dagrun for etl_datalake_hive_iceberg to 2026-05-24T00:00:00+00:00, run_after=2026-05-25T00:00:00+00:00
[2026-05-25T07:17:52.165+0000] {processor.py:208} INFO - Processing /opt/airflow/dags/etl_datalake_dag.py took 0.793 seconds
[2026-05-25T07:18:23.946+0000] {processor.py:186} INFO - Started process (PID=143) to work on /opt/airflow/dags/etl_datalake_dag.py
[2026-05-25T07:18:23.951+0000] {processor.py:914} INFO - Processing file /opt/airflow/dags/etl_datalake_dag.py for tasks to queue
[2026-05-25T07:18:23.958+0000] {logging_mixin.py:190} INFO - [2026-05-25T07:18:23.957+0000] {dagbag.py:588} INFO - Filling up the DagBag from /opt/airflow/dags/etl_datalake_dag.py
[2026-05-25T07:18:24.121+0000] {processor.py:925} INFO - DAG(s) 'etl_datalake_hive_iceberg' retrieved from /opt/airflow/dags/etl_datalake_dag.py
[2026-05-25T07:18:24.466+0000] {logging_mixin.py:190} INFO - [2026-05-25T07:18:24.466+0000] {dag.py:3239} INFO - Sync 1 DAGs
[2026-05-25T07:18:24.787+0000] {logging_mixin.py:190} INFO - [2026-05-25T07:18:24.786+0000] {dag.py:4180} INFO - Setting next_dagrun for etl_datalake_hive_iceberg to 2026-05-24T00:00:00+00:00, run_after=2026-05-25T00:00:00+00:00
[2026-05-25T07:18:25.122+0000] {processor.py:208} INFO - Processing /opt/airflow/dags/etl_datalake_dag.py took 1.207 seconds
[2026-05-25T07:18:56.651+0000] {processor.py:186} INFO - Started process (PID=147) to work on /opt/airflow/dags/etl_datalake_dag.py
[2026-05-25T07:18:56.653+0000] {processor.py:914} INFO - Processing file /opt/airflow/dags/etl_datalake_dag.py for tasks to queue
[2026-05-25T07:18:56.656+0000] {logging_mixin.py:190} INFO - [2026-05-25T07:18:56.655+0000] {dagbag.py:588} INFO - Filling up the DagBag from /opt/airflow/dags/etl_datalake_dag.py
[2026-05-25T07:18:56.739+0000] {processor.py:925} INFO - DAG(s) 'etl_datalake_hive_iceberg' retrieved from /opt/airflow/dags/etl_datalake_dag.py
[2026-05-25T07:18:58.254+0000] {logging_mixin.py:190} INFO - [2026-05-25T07:18:58.253+0000] {dag.py:3239} INFO - Sync 1 DAGs
[2026-05-25T07:18:58.701+0000] {logging_mixin.py:190} INFO - [2026-05-25T07:18:58.701+0000] {dag.py:4180} INFO - Setting next_dagrun for etl_datalake_hive_iceberg to 2026-05-24T00:00:00+00:00, run_after=2026-05-25T00:00:00+00:00
[2026-05-25T07:18:59.163+0000] {processor.py:208} INFO - Processing /opt/airflow/dags/etl_datalake_dag.py took 2.533 seconds
[2026-05-25T07:19:29.959+0000] {processor.py:186} INFO - Started process (PID=152) to work on /opt/airflow/dags/etl_datalake_dag.py
[2026-05-25T07:19:29.961+0000] {processor.py:914} INFO - Processing file /opt/airflow/dags/etl_datalake_dag.py for tasks to queue
[2026-05-25T07:19:29.964+0000] {logging_mixin.py:190} INFO - [2026-05-25T07:19:29.963+0000] {dagbag.py:588} INFO - Filling up the DagBag from /opt/airflow/dags/etl_datalake_dag.py
[2026-05-25T07:19:30.032+0000] {processor.py:925} INFO - DAG(s) 'etl_datalake_hive_iceberg' retrieved from /opt/airflow/dags/etl_datalake_dag.py
[2026-05-25T07:19:30.132+0000] {logging_mixin.py:190} INFO - [2026-05-25T07:19:30.132+0000] {dag.py:3239} INFO - Sync 1 DAGs
[2026-05-25T07:19:30.255+0000] {logging_mixin.py:190} INFO - [2026-05-25T07:19:30.254+0000] {dag.py:4180} INFO - Setting next_dagrun for etl_datalake_hive_iceberg to 2026-05-24T00:00:00+00:00, run_after=2026-05-25T00:00:00+00:00
[2026-05-25T07:19:30.346+0000] {processor.py:208} INFO - Processing /opt/airflow/dags/etl_datalake_dag.py took 0.405 seconds
[2026-05-25T07:20:00.598+0000] {processor.py:186} INFO - Started process (PID=156) to work on /opt/airflow/dags/etl_datalake_dag.py
[2026-05-25T07:20:00.599+0000] {processor.py:914} INFO - Processing file /opt/airflow/dags/etl_datalake_dag.py for tasks to queue
[2026-05-25T07:20:00.604+0000] {logging_mixin.py:190} INFO - [2026-05-25T07:20:00.603+0000] {dagbag.py:588} INFO - Filling up the DagBag from /opt/airflow/dags/etl_datalake_dag.py
[2026-05-25T07:20:00.650+0000] {processor.py:925} INFO - DAG(s) 'etl_datalake_hive_iceberg' retrieved from /opt/airflow/dags/etl_datalake_dag.py
[2026-05-25T07:20:00.728+0000] {logging_mixin.py:190} INFO - [2026-05-25T07:20:00.728+0000] {dag.py:3239} INFO - Sync 1 DAGs
[2026-05-25T07:20:00.784+0000] {logging_mixin.py:190} INFO - [2026-05-25T07:20:00.784+0000] {dag.py:4180} INFO - Setting next_dagrun for etl_datalake_hive_iceberg to 2026-05-24T00:00:00+00:00, run_after=2026-05-25T00:00:00+00:00
[2026-05-25T07:20:00.826+0000] {processor.py:208} INFO - Processing /opt/airflow/dags/etl_datalake_dag.py took 0.237 seconds
[2026-05-25T07:20:30.961+0000] {processor.py:186} INFO - Started process (PID=160) to work on /opt/airflow/dags/etl_datalake_dag.py
[2026-05-25T07:20:30.962+0000] {processor.py:914} INFO - Processing file /opt/airflow/dags/etl_datalake_dag.py for tasks to queue
[2026-05-25T07:20:30.963+0000] {logging_mixin.py:190} INFO - [2026-05-25T07:20:30.963+0000] {dagbag.py:588} INFO - Filling up the DagBag from /opt/airflow/dags/etl_datalake_dag.py
[2026-05-25T07:20:30.995+0000] {processor.py:925} INFO - DAG(s) 'etl_datalake_hive_iceberg' retrieved from /opt/airflow/dags/etl_datalake_dag.py
[2026-05-25T07:20:31.061+0000] {logging_mixin.py:190} INFO - [2026-05-25T07:20:31.061+0000] {dag.py:3239} INFO - Sync 1 DAGs
[2026-05-25T07:20:31.127+0000] {logging_mixin.py:190} INFO - [2026-05-25T07:20:31.127+0000] {dag.py:4180} INFO - Setting next_dagrun for etl_datalake_hive_iceberg to 2026-05-24T00:00:00+00:00, run_after=2026-05-25T00:00:00+00:00
[2026-05-25T07:20:31.174+0000] {processor.py:208} INFO - Processing /opt/airflow/dags/etl_datalake_dag.py took 0.222 seconds
[2026-05-25T07:21:01.378+0000] {processor.py:186} INFO - Started process (PID=164) to work on /opt/airflow/dags/etl_datalake_dag.py
[2026-05-25T07:21:01.378+0000] {processor.py:914} INFO - Processing file /opt/airflow/dags/etl_datalake_dag.py for tasks to queue
[2026-05-25T07:21:01.381+0000] {logging_mixin.py:190} INFO - [2026-05-25T07:21:01.380+0000] {dagbag.py:588} INFO - Filling up the DagBag from /opt/airflow/dags/etl_datalake_dag.py
[2026-05-25T07:21:01.403+0000] {processor.py:925} INFO - DAG(s) 'etl_datalake_hive_iceberg' retrieved from /opt/airflow/dags/etl_datalake_dag.py
[2026-05-25T07:21:01.442+0000] {logging_mixin.py:190} INFO - [2026-05-25T07:21:01.441+0000] {dag.py:3239} INFO - Sync 1 DAGs
[2026-05-25T07:21:01.474+0000] {logging_mixin.py:190} INFO - [2026-05-25T07:21:01.474+0000] {dag.py:4180} INFO - Setting next_dagrun for etl_datalake_hive_iceberg to 2026-05-24T00:00:00+00:00, run_after=2026-05-25T00:00:00+00:00
[2026-05-25T07:21:01.503+0000] {processor.py:208} INFO - Processing /opt/airflow/dags/etl_datalake_dag.py took 0.131 seconds
[2026-05-25T07:21:32.251+0000] {processor.py:186} INFO - Started process (PID=168) to work on /opt/airflow/dags/etl_datalake_dag.py
[2026-05-25T07:21:32.257+0000] {processor.py:914} INFO - Processing file /opt/airflow/dags/etl_datalake_dag.py for tasks to queue
[2026-05-25T07:21:32.265+0000] {logging_mixin.py:190} INFO - [2026-05-25T07:21:32.264+0000] {dagbag.py:588} INFO - Filling up the DagBag from /opt/airflow/dags/etl_datalake_dag.py
[2026-05-25T07:21:32.342+0000] {processor.py:925} INFO - DAG(s) 'etl_datalake_hive_iceberg' retrieved from /opt/airflow/dags/etl_datalake_dag.py
[2026-05-25T07:21:32.507+0000] {logging_mixin.py:190} INFO - [2026-05-25T07:21:32.506+0000] {dag.py:3239} INFO - Sync 1 DAGs
[2026-05-25T07:21:32.665+0000] {logging_mixin.py:190} INFO - [2026-05-25T07:21:32.663+0000] {dag.py:4180} INFO - Setting next_dagrun for etl_datalake_hive_iceberg to 2026-05-24T00:00:00+00:00, run_after=2026-05-25T00:00:00+00:00
[2026-05-25T07:21:32.745+0000] {processor.py:208} INFO - Processing /opt/airflow/dags/etl_datalake_dag.py took 0.530 seconds
