[2026-05-25T06:37:23.453+0000] {processor.py:186} INFO - Started process (PID=39) to work on /opt/airflow/dags/system_dag.py
[2026-05-25T06:37:23.454+0000] {processor.py:914} INFO - Processing file /opt/airflow/dags/system_dag.py for tasks to queue
[2026-05-25T06:37:23.457+0000] {logging_mixin.py:190} INFO - [2026-05-25T06:37:23.457+0000] {dagbag.py:588} INFO - Filling up the DagBag from /opt/airflow/dags/system_dag.py
[2026-05-25T06:37:23.506+0000] {processor.py:925} INFO - DAG(s) 'system_dag' retrieved from /opt/airflow/dags/system_dag.py
[2026-05-25T06:37:23.597+0000] {logging_mixin.py:190} INFO - [2026-05-25T06:37:23.597+0000] {dag.py:3239} INFO - Sync 1 DAGs
[2026-05-25T06:37:23.662+0000] {logging_mixin.py:190} INFO - [2026-05-25T06:37:23.662+0000] {dag.py:4180} INFO - Setting next_dagrun for system_dag to 2026-05-24T00:00:00+00:00, run_after=2026-05-25T00:00:00+00:00
[2026-05-25T06:37:23.709+0000] {processor.py:208} INFO - Processing /opt/airflow/dags/system_dag.py took 0.271 seconds
[2026-05-25T06:37:53.960+0000] {processor.py:186} INFO - Started process (PID=43) to work on /opt/airflow/dags/system_dag.py
[2026-05-25T06:37:53.961+0000] {processor.py:914} INFO - Processing file /opt/airflow/dags/system_dag.py for tasks to queue
[2026-05-25T06:37:53.963+0000] {logging_mixin.py:190} INFO - [2026-05-25T06:37:53.963+0000] {dagbag.py:588} INFO - Filling up the DagBag from /opt/airflow/dags/system_dag.py
[2026-05-25T06:37:54.004+0000] {processor.py:925} INFO - DAG(s) 'system_dag' retrieved from /opt/airflow/dags/system_dag.py
[2026-05-25T06:37:54.084+0000] {logging_mixin.py:190} INFO - [2026-05-25T06:37:54.084+0000] {dag.py:3239} INFO - Sync 1 DAGs
[2026-05-25T06:37:54.146+0000] {logging_mixin.py:190} INFO - [2026-05-25T06:37:54.146+0000] {dag.py:4180} INFO - Setting next_dagrun for system_dag to 2026-05-24T00:00:00+00:00, run_after=2026-05-25T00:00:00+00:00
[2026-05-25T06:37:54.190+0000] {processor.py:208} INFO - Processing /opt/airflow/dags/system_dag.py took 0.243 seconds
[2026-05-25T06:38:25.083+0000] {processor.py:186} INFO - Started process (PID=47) to work on /opt/airflow/dags/system_dag.py
[2026-05-25T06:38:25.084+0000] {processor.py:914} INFO - Processing file /opt/airflow/dags/system_dag.py for tasks to queue
[2026-05-25T06:38:25.086+0000] {logging_mixin.py:190} INFO - [2026-05-25T06:38:25.085+0000] {dagbag.py:588} INFO - Filling up the DagBag from /opt/airflow/dags/system_dag.py
[2026-05-25T06:38:25.118+0000] {processor.py:925} INFO - DAG(s) 'system_dag' retrieved from /opt/airflow/dags/system_dag.py
[2026-05-25T06:38:25.177+0000] {logging_mixin.py:190} INFO - [2026-05-25T06:38:25.177+0000] {dag.py:3239} INFO - Sync 1 DAGs
[2026-05-25T06:38:25.224+0000] {logging_mixin.py:190} INFO - [2026-05-25T06:38:25.223+0000] {dag.py:4180} INFO - Setting next_dagrun for system_dag to 2026-05-24T00:00:00+00:00, run_after=2026-05-25T00:00:00+00:00
[2026-05-25T06:38:25.255+0000] {processor.py:208} INFO - Processing /opt/airflow/dags/system_dag.py took 0.179 seconds
[2026-05-25T06:38:55.989+0000] {processor.py:186} INFO - Started process (PID=51) to work on /opt/airflow/dags/system_dag.py
[2026-05-25T06:38:55.990+0000] {processor.py:914} INFO - Processing file /opt/airflow/dags/system_dag.py for tasks to queue
[2026-05-25T06:38:55.995+0000] {logging_mixin.py:190} INFO - [2026-05-25T06:38:55.993+0000] {dagbag.py:588} INFO - Filling up the DagBag from /opt/airflow/dags/system_dag.py
[2026-05-25T06:38:56.053+0000] {processor.py:925} INFO - DAG(s) 'system_dag' retrieved from /opt/airflow/dags/system_dag.py
[2026-05-25T06:38:56.137+0000] {logging_mixin.py:190} INFO - [2026-05-25T06:38:56.137+0000] {dag.py:3239} INFO - Sync 1 DAGs
[2026-05-25T06:38:56.188+0000] {logging_mixin.py:190} INFO - [2026-05-25T06:38:56.187+0000] {dag.py:4180} INFO - Setting next_dagrun for system_dag to 2026-05-24T00:00:00+00:00, run_after=2026-05-25T00:00:00+00:00
[2026-05-25T06:38:56.227+0000] {processor.py:208} INFO - Processing /opt/airflow/dags/system_dag.py took 0.247 seconds
[2026-05-25T06:41:48.308+0000] {processor.py:186} INFO - Started process (PID=40) to work on /opt/airflow/dags/system_dag.py
[2026-05-25T06:41:48.309+0000] {processor.py:914} INFO - Processing file /opt/airflow/dags/system_dag.py for tasks to queue
[2026-05-25T06:41:48.312+0000] {logging_mixin.py:190} INFO - [2026-05-25T06:41:48.311+0000] {dagbag.py:588} INFO - Filling up the DagBag from /opt/airflow/dags/system_dag.py
[2026-05-25T06:41:48.346+0000] {processor.py:925} INFO - DAG(s) 'system_dag' retrieved from /opt/airflow/dags/system_dag.py
[2026-05-25T06:41:48.431+0000] {logging_mixin.py:190} INFO - [2026-05-25T06:41:48.430+0000] {dag.py:3239} INFO - Sync 1 DAGs
[2026-05-25T06:41:48.496+0000] {logging_mixin.py:190} INFO - [2026-05-25T06:41:48.496+0000] {dag.py:4180} INFO - Setting next_dagrun for system_dag to 2026-05-24T00:00:00+00:00, run_after=2026-05-25T00:00:00+00:00
[2026-05-25T06:41:48.552+0000] {processor.py:208} INFO - Processing /opt/airflow/dags/system_dag.py took 0.253 seconds
[2026-05-25T06:42:19.136+0000] {processor.py:186} INFO - Started process (PID=44) to work on /opt/airflow/dags/system_dag.py
[2026-05-25T06:42:19.137+0000] {processor.py:914} INFO - Processing file /opt/airflow/dags/system_dag.py for tasks to queue
[2026-05-25T06:42:19.138+0000] {logging_mixin.py:190} INFO - [2026-05-25T06:42:19.138+0000] {dagbag.py:588} INFO - Filling up the DagBag from /opt/airflow/dags/system_dag.py
[2026-05-25T06:42:19.159+0000] {processor.py:925} INFO - DAG(s) 'system_dag' retrieved from /opt/airflow/dags/system_dag.py
[2026-05-25T06:42:19.205+0000] {logging_mixin.py:190} INFO - [2026-05-25T06:42:19.205+0000] {dag.py:3239} INFO - Sync 1 DAGs
[2026-05-25T06:42:19.238+0000] {logging_mixin.py:190} INFO - [2026-05-25T06:42:19.238+0000] {dag.py:4180} INFO - Setting next_dagrun for system_dag to 2026-05-24T00:00:00+00:00, run_after=2026-05-25T00:00:00+00:00
[2026-05-25T06:42:19.258+0000] {processor.py:208} INFO - Processing /opt/airflow/dags/system_dag.py took 0.129 seconds
[2026-05-25T06:42:49.759+0000] {processor.py:186} INFO - Started process (PID=48) to work on /opt/airflow/dags/system_dag.py
[2026-05-25T06:42:49.760+0000] {processor.py:914} INFO - Processing file /opt/airflow/dags/system_dag.py for tasks to queue
[2026-05-25T06:42:49.762+0000] {logging_mixin.py:190} INFO - [2026-05-25T06:42:49.762+0000] {dagbag.py:588} INFO - Filling up the DagBag from /opt/airflow/dags/system_dag.py
[2026-05-25T06:42:49.800+0000] {processor.py:925} INFO - DAG(s) 'system_dag' retrieved from /opt/airflow/dags/system_dag.py
[2026-05-25T06:42:49.848+0000] {logging_mixin.py:190} INFO - [2026-05-25T06:42:49.848+0000] {dag.py:3239} INFO - Sync 1 DAGs
[2026-05-25T06:42:49.884+0000] {logging_mixin.py:190} INFO - [2026-05-25T06:42:49.884+0000] {dag.py:4180} INFO - Setting next_dagrun for system_dag to 2026-05-24T00:00:00+00:00, run_after=2026-05-25T00:00:00+00:00
[2026-05-25T06:42:49.917+0000] {processor.py:208} INFO - Processing /opt/airflow/dags/system_dag.py took 0.164 seconds
[2026-05-25T06:43:20.184+0000] {processor.py:186} INFO - Started process (PID=52) to work on /opt/airflow/dags/system_dag.py
[2026-05-25T06:43:20.185+0000] {processor.py:914} INFO - Processing file /opt/airflow/dags/system_dag.py for tasks to queue
[2026-05-25T06:43:20.188+0000] {logging_mixin.py:190} INFO - [2026-05-25T06:43:20.188+0000] {dagbag.py:588} INFO - Filling up the DagBag from /opt/airflow/dags/system_dag.py
[2026-05-25T06:43:20.219+0000] {processor.py:925} INFO - DAG(s) 'system_dag' retrieved from /opt/airflow/dags/system_dag.py
[2026-05-25T06:43:20.266+0000] {logging_mixin.py:190} INFO - [2026-05-25T06:43:20.266+0000] {dag.py:3239} INFO - Sync 1 DAGs
[2026-05-25T06:43:20.330+0000] {logging_mixin.py:190} INFO - [2026-05-25T06:43:20.330+0000] {dag.py:4180} INFO - Setting next_dagrun for system_dag to 2026-05-24T00:00:00+00:00, run_after=2026-05-25T00:00:00+00:00
[2026-05-25T06:43:20.401+0000] {processor.py:208} INFO - Processing /opt/airflow/dags/system_dag.py took 0.228 seconds
[2026-05-25T06:43:50.637+0000] {processor.py:186} INFO - Started process (PID=56) to work on /opt/airflow/dags/system_dag.py
[2026-05-25T06:43:50.638+0000] {processor.py:914} INFO - Processing file /opt/airflow/dags/system_dag.py for tasks to queue
[2026-05-25T06:43:50.641+0000] {logging_mixin.py:190} INFO - [2026-05-25T06:43:50.640+0000] {dagbag.py:588} INFO - Filling up the DagBag from /opt/airflow/dags/system_dag.py
[2026-05-25T06:43:50.665+0000] {processor.py:925} INFO - DAG(s) 'system_dag' retrieved from /opt/airflow/dags/system_dag.py
[2026-05-25T06:43:50.731+0000] {logging_mixin.py:190} INFO - [2026-05-25T06:43:50.731+0000] {dag.py:3239} INFO - Sync 1 DAGs
[2026-05-25T06:43:50.783+0000] {logging_mixin.py:190} INFO - [2026-05-25T06:43:50.782+0000] {dag.py:4180} INFO - Setting next_dagrun for system_dag to 2026-05-24T00:00:00+00:00, run_after=2026-05-25T00:00:00+00:00
[2026-05-25T06:43:50.825+0000] {processor.py:208} INFO - Processing /opt/airflow/dags/system_dag.py took 0.196 seconds
[2026-05-25T06:44:21.483+0000] {processor.py:186} INFO - Started process (PID=60) to work on /opt/airflow/dags/system_dag.py
[2026-05-25T06:44:21.484+0000] {processor.py:914} INFO - Processing file /opt/airflow/dags/system_dag.py for tasks to queue
[2026-05-25T06:44:21.486+0000] {logging_mixin.py:190} INFO - [2026-05-25T06:44:21.486+0000] {dagbag.py:588} INFO - Filling up the DagBag from /opt/airflow/dags/system_dag.py
[2026-05-25T06:44:21.526+0000] {processor.py:925} INFO - DAG(s) 'system_dag' retrieved from /opt/airflow/dags/system_dag.py
[2026-05-25T06:44:21.608+0000] {logging_mixin.py:190} INFO - [2026-05-25T06:44:21.608+0000] {dag.py:3239} INFO - Sync 1 DAGs
[2026-05-25T06:44:21.663+0000] {logging_mixin.py:190} INFO - [2026-05-25T06:44:21.662+0000] {dag.py:4180} INFO - Setting next_dagrun for system_dag to 2026-05-24T00:00:00+00:00, run_after=2026-05-25T00:00:00+00:00
[2026-05-25T06:44:21.710+0000] {processor.py:208} INFO - Processing /opt/airflow/dags/system_dag.py took 0.238 seconds
[2026-05-25T06:44:52.144+0000] {processor.py:186} INFO - Started process (PID=64) to work on /opt/airflow/dags/system_dag.py
[2026-05-25T06:44:52.145+0000] {processor.py:914} INFO - Processing file /opt/airflow/dags/system_dag.py for tasks to queue
[2026-05-25T06:44:52.147+0000] {logging_mixin.py:190} INFO - [2026-05-25T06:44:52.146+0000] {dagbag.py:588} INFO - Filling up the DagBag from /opt/airflow/dags/system_dag.py
[2026-05-25T06:44:52.167+0000] {processor.py:925} INFO - DAG(s) 'system_dag' retrieved from /opt/airflow/dags/system_dag.py
[2026-05-25T06:44:52.213+0000] {logging_mixin.py:190} INFO - [2026-05-25T06:44:52.213+0000] {dag.py:3239} INFO - Sync 1 DAGs
[2026-05-25T06:44:52.243+0000] {logging_mixin.py:190} INFO - [2026-05-25T06:44:52.243+0000] {dag.py:4180} INFO - Setting next_dagrun for system_dag to 2026-05-24T00:00:00+00:00, run_after=2026-05-25T00:00:00+00:00
[2026-05-25T06:44:52.268+0000] {processor.py:208} INFO - Processing /opt/airflow/dags/system_dag.py took 0.132 seconds
[2026-05-25T06:45:22.463+0000] {processor.py:186} INFO - Started process (PID=68) to work on /opt/airflow/dags/system_dag.py
[2026-05-25T06:45:22.464+0000] {processor.py:914} INFO - Processing file /opt/airflow/dags/system_dag.py for tasks to queue
[2026-05-25T06:45:22.466+0000] {logging_mixin.py:190} INFO - [2026-05-25T06:45:22.466+0000] {dagbag.py:588} INFO - Filling up the DagBag from /opt/airflow/dags/system_dag.py
[2026-05-25T06:45:22.492+0000] {processor.py:925} INFO - DAG(s) 'system_dag' retrieved from /opt/airflow/dags/system_dag.py
[2026-05-25T06:45:22.545+0000] {logging_mixin.py:190} INFO - [2026-05-25T06:45:22.545+0000] {dag.py:3239} INFO - Sync 1 DAGs
[2026-05-25T06:45:22.606+0000] {logging_mixin.py:190} INFO - [2026-05-25T06:45:22.606+0000] {dag.py:4180} INFO - Setting next_dagrun for system_dag to 2026-05-24T00:00:00+00:00, run_after=2026-05-25T00:00:00+00:00
[2026-05-25T06:45:22.667+0000] {processor.py:208} INFO - Processing /opt/airflow/dags/system_dag.py took 0.211 seconds
[2026-05-25T06:45:52.878+0000] {processor.py:186} INFO - Started process (PID=72) to work on /opt/airflow/dags/system_dag.py
[2026-05-25T06:45:52.880+0000] {processor.py:914} INFO - Processing file /opt/airflow/dags/system_dag.py for tasks to queue
[2026-05-25T06:45:52.884+0000] {logging_mixin.py:190} INFO - [2026-05-25T06:45:52.883+0000] {dagbag.py:588} INFO - Filling up the DagBag from /opt/airflow/dags/system_dag.py
[2026-05-25T06:45:52.936+0000] {processor.py:925} INFO - DAG(s) 'system_dag' retrieved from /opt/airflow/dags/system_dag.py
[2026-05-25T06:45:53.009+0000] {logging_mixin.py:190} INFO - [2026-05-25T06:45:53.009+0000] {dag.py:3239} INFO - Sync 1 DAGs
[2026-05-25T06:45:53.043+0000] {logging_mixin.py:190} INFO - [2026-05-25T06:45:53.043+0000] {dag.py:4180} INFO - Setting next_dagrun for system_dag to 2026-05-24T00:00:00+00:00, run_after=2026-05-25T00:00:00+00:00
[2026-05-25T06:45:53.065+0000] {processor.py:208} INFO - Processing /opt/airflow/dags/system_dag.py took 0.199 seconds
[2026-05-25T06:46:23.590+0000] {processor.py:186} INFO - Started process (PID=76) to work on /opt/airflow/dags/system_dag.py
[2026-05-25T06:46:23.591+0000] {processor.py:914} INFO - Processing file /opt/airflow/dags/system_dag.py for tasks to queue
[2026-05-25T06:46:23.592+0000] {logging_mixin.py:190} INFO - [2026-05-25T06:46:23.592+0000] {dagbag.py:588} INFO - Filling up the DagBag from /opt/airflow/dags/system_dag.py
[2026-05-25T06:46:23.613+0000] {processor.py:925} INFO - DAG(s) 'system_dag' retrieved from /opt/airflow/dags/system_dag.py
[2026-05-25T06:46:23.650+0000] {logging_mixin.py:190} INFO - [2026-05-25T06:46:23.650+0000] {dag.py:3239} INFO - Sync 1 DAGs
[2026-05-25T06:46:23.678+0000] {logging_mixin.py:190} INFO - [2026-05-25T06:46:23.677+0000] {dag.py:4180} INFO - Setting next_dagrun for system_dag to 2026-05-24T00:00:00+00:00, run_after=2026-05-25T00:00:00+00:00
[2026-05-25T06:46:23.708+0000] {processor.py:208} INFO - Processing /opt/airflow/dags/system_dag.py took 0.126 seconds
[2026-05-25T06:46:54.131+0000] {processor.py:186} INFO - Started process (PID=80) to work on /opt/airflow/dags/system_dag.py
[2026-05-25T06:46:54.131+0000] {processor.py:914} INFO - Processing file /opt/airflow/dags/system_dag.py for tasks to queue
[2026-05-25T06:46:54.134+0000] {logging_mixin.py:190} INFO - [2026-05-25T06:46:54.134+0000] {dagbag.py:588} INFO - Filling up the DagBag from /opt/airflow/dags/system_dag.py
[2026-05-25T06:46:54.166+0000] {processor.py:925} INFO - DAG(s) 'system_dag' retrieved from /opt/airflow/dags/system_dag.py
[2026-05-25T06:46:54.215+0000] {logging_mixin.py:190} INFO - [2026-05-25T06:46:54.215+0000] {dag.py:3239} INFO - Sync 1 DAGs
[2026-05-25T06:46:54.254+0000] {logging_mixin.py:190} INFO - [2026-05-25T06:46:54.254+0000] {dag.py:4180} INFO - Setting next_dagrun for system_dag to 2026-05-24T00:00:00+00:00, run_after=2026-05-25T00:00:00+00:00
[2026-05-25T06:46:54.290+0000] {processor.py:208} INFO - Processing /opt/airflow/dags/system_dag.py took 0.169 seconds
[2026-05-25T06:47:24.614+0000] {processor.py:186} INFO - Started process (PID=84) to work on /opt/airflow/dags/system_dag.py
[2026-05-25T06:47:24.616+0000] {processor.py:914} INFO - Processing file /opt/airflow/dags/system_dag.py for tasks to queue
[2026-05-25T06:47:24.618+0000] {logging_mixin.py:190} INFO - [2026-05-25T06:47:24.618+0000] {dagbag.py:588} INFO - Filling up the DagBag from /opt/airflow/dags/system_dag.py
[2026-05-25T06:47:24.655+0000] {processor.py:925} INFO - DAG(s) 'system_dag' retrieved from /opt/airflow/dags/system_dag.py
[2026-05-25T06:47:24.747+0000] {logging_mixin.py:190} INFO - [2026-05-25T06:47:24.747+0000] {dag.py:3239} INFO - Sync 1 DAGs
[2026-05-25T06:47:24.803+0000] {logging_mixin.py:190} INFO - [2026-05-25T06:47:24.803+0000] {dag.py:4180} INFO - Setting next_dagrun for system_dag to 2026-05-24T00:00:00+00:00, run_after=2026-05-25T00:00:00+00:00
[2026-05-25T06:47:24.840+0000] {processor.py:208} INFO - Processing /opt/airflow/dags/system_dag.py took 0.235 seconds
[2026-05-25T06:47:55.064+0000] {processor.py:186} INFO - Started process (PID=88) to work on /opt/airflow/dags/system_dag.py
[2026-05-25T06:47:55.065+0000] {processor.py:914} INFO - Processing file /opt/airflow/dags/system_dag.py for tasks to queue
[2026-05-25T06:47:55.068+0000] {logging_mixin.py:190} INFO - [2026-05-25T06:47:55.067+0000] {dagbag.py:588} INFO - Filling up the DagBag from /opt/airflow/dags/system_dag.py
[2026-05-25T06:47:55.103+0000] {processor.py:925} INFO - DAG(s) 'system_dag' retrieved from /opt/airflow/dags/system_dag.py
[2026-05-25T06:47:55.161+0000] {logging_mixin.py:190} INFO - [2026-05-25T06:47:55.161+0000] {dag.py:3239} INFO - Sync 1 DAGs
[2026-05-25T06:47:55.200+0000] {logging_mixin.py:190} INFO - [2026-05-25T06:47:55.200+0000] {dag.py:4180} INFO - Setting next_dagrun for system_dag to 2026-05-24T00:00:00+00:00, run_after=2026-05-25T00:00:00+00:00
[2026-05-25T06:47:55.250+0000] {processor.py:208} INFO - Processing /opt/airflow/dags/system_dag.py took 0.195 seconds
[2026-05-25T06:48:25.935+0000] {processor.py:186} INFO - Started process (PID=92) to work on /opt/airflow/dags/system_dag.py
[2026-05-25T06:48:25.936+0000] {processor.py:914} INFO - Processing file /opt/airflow/dags/system_dag.py for tasks to queue
[2026-05-25T06:48:25.937+0000] {logging_mixin.py:190} INFO - [2026-05-25T06:48:25.937+0000] {dagbag.py:588} INFO - Filling up the DagBag from /opt/airflow/dags/system_dag.py
[2026-05-25T06:48:25.962+0000] {processor.py:925} INFO - DAG(s) 'system_dag' retrieved from /opt/airflow/dags/system_dag.py
[2026-05-25T06:48:26.017+0000] {logging_mixin.py:190} INFO - [2026-05-25T06:48:26.016+0000] {dag.py:3239} INFO - Sync 1 DAGs
[2026-05-25T06:48:26.059+0000] {logging_mixin.py:190} INFO - [2026-05-25T06:48:26.059+0000] {dag.py:4180} INFO - Setting next_dagrun for system_dag to 2026-05-24T00:00:00+00:00, run_after=2026-05-25T00:00:00+00:00
[2026-05-25T06:48:26.088+0000] {processor.py:208} INFO - Processing /opt/airflow/dags/system_dag.py took 0.163 seconds
[2026-05-25T06:48:56.267+0000] {processor.py:186} INFO - Started process (PID=96) to work on /opt/airflow/dags/system_dag.py
[2026-05-25T06:48:56.268+0000] {processor.py:914} INFO - Processing file /opt/airflow/dags/system_dag.py for tasks to queue
[2026-05-25T06:48:56.269+0000] {logging_mixin.py:190} INFO - [2026-05-25T06:48:56.269+0000] {dagbag.py:588} INFO - Filling up the DagBag from /opt/airflow/dags/system_dag.py
[2026-05-25T06:48:56.294+0000] {processor.py:925} INFO - DAG(s) 'system_dag' retrieved from /opt/airflow/dags/system_dag.py
[2026-05-25T06:48:56.341+0000] {logging_mixin.py:190} INFO - [2026-05-25T06:48:56.340+0000] {dag.py:3239} INFO - Sync 1 DAGs
[2026-05-25T06:48:56.370+0000] {logging_mixin.py:190} INFO - [2026-05-25T06:48:56.370+0000] {dag.py:4180} INFO - Setting next_dagrun for system_dag to 2026-05-24T00:00:00+00:00, run_after=2026-05-25T00:00:00+00:00
[2026-05-25T06:48:56.397+0000] {processor.py:208} INFO - Processing /opt/airflow/dags/system_dag.py took 0.138 seconds
[2026-05-25T06:49:27.367+0000] {processor.py:186} INFO - Started process (PID=100) to work on /opt/airflow/dags/system_dag.py
[2026-05-25T06:49:27.371+0000] {processor.py:914} INFO - Processing file /opt/airflow/dags/system_dag.py for tasks to queue
[2026-05-25T06:49:27.374+0000] {logging_mixin.py:190} INFO - [2026-05-25T06:49:27.374+0000] {dagbag.py:588} INFO - Filling up the DagBag from /opt/airflow/dags/system_dag.py
[2026-05-25T06:49:27.440+0000] {processor.py:925} INFO - DAG(s) 'system_dag' retrieved from /opt/airflow/dags/system_dag.py
[2026-05-25T06:49:27.545+0000] {logging_mixin.py:190} INFO - [2026-05-25T06:49:27.544+0000] {dag.py:3239} INFO - Sync 1 DAGs
[2026-05-25T06:49:27.655+0000] {logging_mixin.py:190} INFO - [2026-05-25T06:49:27.654+0000] {dag.py:4180} INFO - Setting next_dagrun for system_dag to 2026-05-24T00:00:00+00:00, run_after=2026-05-25T00:00:00+00:00
[2026-05-25T06:49:27.700+0000] {processor.py:208} INFO - Processing /opt/airflow/dags/system_dag.py took 0.345 seconds
[2026-05-25T06:49:58.537+0000] {processor.py:186} INFO - Started process (PID=104) to work on /opt/airflow/dags/system_dag.py
[2026-05-25T06:49:58.538+0000] {processor.py:914} INFO - Processing file /opt/airflow/dags/system_dag.py for tasks to queue
[2026-05-25T06:49:58.539+0000] {logging_mixin.py:190} INFO - [2026-05-25T06:49:58.539+0000] {dagbag.py:588} INFO - Filling up the DagBag from /opt/airflow/dags/system_dag.py
[2026-05-25T06:49:58.564+0000] {processor.py:925} INFO - DAG(s) 'system_dag' retrieved from /opt/airflow/dags/system_dag.py
[2026-05-25T06:49:58.606+0000] {logging_mixin.py:190} INFO - [2026-05-25T06:49:58.606+0000] {dag.py:3239} INFO - Sync 1 DAGs
[2026-05-25T06:49:58.650+0000] {logging_mixin.py:190} INFO - [2026-05-25T06:49:58.650+0000] {dag.py:4180} INFO - Setting next_dagrun for system_dag to 2026-05-24T00:00:00+00:00, run_after=2026-05-25T00:00:00+00:00
[2026-05-25T06:49:58.679+0000] {processor.py:208} INFO - Processing /opt/airflow/dags/system_dag.py took 0.151 seconds
[2026-05-25T06:50:29.243+0000] {processor.py:186} INFO - Started process (PID=108) to work on /opt/airflow/dags/system_dag.py
[2026-05-25T06:50:29.244+0000] {processor.py:914} INFO - Processing file /opt/airflow/dags/system_dag.py for tasks to queue
[2026-05-25T06:50:29.245+0000] {logging_mixin.py:190} INFO - [2026-05-25T06:50:29.245+0000] {dagbag.py:588} INFO - Filling up the DagBag from /opt/airflow/dags/system_dag.py
[2026-05-25T06:50:29.265+0000] {processor.py:925} INFO - DAG(s) 'system_dag' retrieved from /opt/airflow/dags/system_dag.py
[2026-05-25T06:50:29.301+0000] {logging_mixin.py:190} INFO - [2026-05-25T06:50:29.301+0000] {dag.py:3239} INFO - Sync 1 DAGs
[2026-05-25T06:50:29.333+0000] {logging_mixin.py:190} INFO - [2026-05-25T06:50:29.333+0000] {dag.py:4180} INFO - Setting next_dagrun for system_dag to 2026-05-24T00:00:00+00:00, run_after=2026-05-25T00:00:00+00:00
[2026-05-25T06:50:29.361+0000] {processor.py:208} INFO - Processing /opt/airflow/dags/system_dag.py took 0.125 seconds
[2026-05-25T06:51:00.028+0000] {processor.py:186} INFO - Started process (PID=112) to work on /opt/airflow/dags/system_dag.py
[2026-05-25T06:51:00.030+0000] {processor.py:914} INFO - Processing file /opt/airflow/dags/system_dag.py for tasks to queue
[2026-05-25T06:51:00.035+0000] {logging_mixin.py:190} INFO - [2026-05-25T06:51:00.034+0000] {dagbag.py:588} INFO - Filling up the DagBag from /opt/airflow/dags/system_dag.py
[2026-05-25T06:51:00.097+0000] {processor.py:925} INFO - DAG(s) 'system_dag' retrieved from /opt/airflow/dags/system_dag.py
[2026-05-25T06:51:00.209+0000] {logging_mixin.py:190} INFO - [2026-05-25T06:51:00.208+0000] {dag.py:3239} INFO - Sync 1 DAGs
[2026-05-25T06:51:00.290+0000] {logging_mixin.py:190} INFO - [2026-05-25T06:51:00.290+0000] {dag.py:4180} INFO - Setting next_dagrun for system_dag to 2026-05-24T00:00:00+00:00, run_after=2026-05-25T00:00:00+00:00
[2026-05-25T06:51:00.344+0000] {processor.py:208} INFO - Processing /opt/airflow/dags/system_dag.py took 0.340 seconds
[2026-05-25T06:51:30.847+0000] {processor.py:186} INFO - Started process (PID=116) to work on /opt/airflow/dags/system_dag.py
[2026-05-25T06:51:30.848+0000] {processor.py:914} INFO - Processing file /opt/airflow/dags/system_dag.py for tasks to queue
[2026-05-25T06:51:30.850+0000] {logging_mixin.py:190} INFO - [2026-05-25T06:51:30.850+0000] {dagbag.py:588} INFO - Filling up the DagBag from /opt/airflow/dags/system_dag.py
[2026-05-25T06:51:30.872+0000] {processor.py:925} INFO - DAG(s) 'system_dag' retrieved from /opt/airflow/dags/system_dag.py
[2026-05-25T06:51:30.920+0000] {logging_mixin.py:190} INFO - [2026-05-25T06:51:30.919+0000] {dag.py:3239} INFO - Sync 1 DAGs
[2026-05-25T06:51:30.965+0000] {logging_mixin.py:190} INFO - [2026-05-25T06:51:30.964+0000] {dag.py:4180} INFO - Setting next_dagrun for system_dag to 2026-05-24T00:00:00+00:00, run_after=2026-05-25T00:00:00+00:00
[2026-05-25T06:51:31.005+0000] {processor.py:208} INFO - Processing /opt/airflow/dags/system_dag.py took 0.165 seconds
[2026-05-25T06:52:01.823+0000] {processor.py:186} INFO - Started process (PID=120) to work on /opt/airflow/dags/system_dag.py
[2026-05-25T06:52:01.825+0000] {processor.py:914} INFO - Processing file /opt/airflow/dags/system_dag.py for tasks to queue
[2026-05-25T06:52:01.827+0000] {logging_mixin.py:190} INFO - [2026-05-25T06:52:01.827+0000] {dagbag.py:588} INFO - Filling up the DagBag from /opt/airflow/dags/system_dag.py
[2026-05-25T06:52:01.854+0000] {processor.py:925} INFO - DAG(s) 'system_dag' retrieved from /opt/airflow/dags/system_dag.py
[2026-05-25T06:52:01.900+0000] {logging_mixin.py:190} INFO - [2026-05-25T06:52:01.900+0000] {dag.py:3239} INFO - Sync 1 DAGs
[2026-05-25T06:52:01.937+0000] {logging_mixin.py:190} INFO - [2026-05-25T06:52:01.937+0000] {dag.py:4180} INFO - Setting next_dagrun for system_dag to 2026-05-24T00:00:00+00:00, run_after=2026-05-25T00:00:00+00:00
[2026-05-25T06:52:01.963+0000] {processor.py:208} INFO - Processing /opt/airflow/dags/system_dag.py took 0.149 seconds
[2026-05-25T06:52:32.483+0000] {processor.py:186} INFO - Started process (PID=124) to work on /opt/airflow/dags/system_dag.py
[2026-05-25T06:52:32.484+0000] {processor.py:914} INFO - Processing file /opt/airflow/dags/system_dag.py for tasks to queue
[2026-05-25T06:52:32.485+0000] {logging_mixin.py:190} INFO - [2026-05-25T06:52:32.485+0000] {dagbag.py:588} INFO - Filling up the DagBag from /opt/airflow/dags/system_dag.py
[2026-05-25T06:52:32.508+0000] {processor.py:925} INFO - DAG(s) 'system_dag' retrieved from /opt/airflow/dags/system_dag.py
[2026-05-25T06:52:32.548+0000] {logging_mixin.py:190} INFO - [2026-05-25T06:52:32.548+0000] {dag.py:3239} INFO - Sync 1 DAGs
[2026-05-25T06:52:32.577+0000] {logging_mixin.py:190} INFO - [2026-05-25T06:52:32.577+0000] {dag.py:4180} INFO - Setting next_dagrun for system_dag to 2026-05-24T00:00:00+00:00, run_after=2026-05-25T00:00:00+00:00
[2026-05-25T06:52:32.603+0000] {processor.py:208} INFO - Processing /opt/airflow/dags/system_dag.py took 0.127 seconds
[2026-05-25T06:53:03.046+0000] {processor.py:186} INFO - Started process (PID=128) to work on /opt/airflow/dags/system_dag.py
[2026-05-25T06:53:03.047+0000] {processor.py:914} INFO - Processing file /opt/airflow/dags/system_dag.py for tasks to queue
[2026-05-25T06:53:03.051+0000] {logging_mixin.py:190} INFO - [2026-05-25T06:53:03.050+0000] {dagbag.py:588} INFO - Filling up the DagBag from /opt/airflow/dags/system_dag.py
[2026-05-25T06:53:03.097+0000] {processor.py:925} INFO - DAG(s) 'system_dag' retrieved from /opt/airflow/dags/system_dag.py
[2026-05-25T06:53:03.209+0000] {logging_mixin.py:190} INFO - [2026-05-25T06:53:03.209+0000] {dag.py:3239} INFO - Sync 1 DAGs
[2026-05-25T06:53:03.273+0000] {logging_mixin.py:190} INFO - [2026-05-25T06:53:03.273+0000] {dag.py:4180} INFO - Setting next_dagrun for system_dag to 2026-05-24T00:00:00+00:00, run_after=2026-05-25T00:00:00+00:00
[2026-05-25T06:53:03.297+0000] {processor.py:208} INFO - Processing /opt/airflow/dags/system_dag.py took 0.269 seconds
[2026-05-25T06:53:33.453+0000] {processor.py:186} INFO - Started process (PID=132) to work on /opt/airflow/dags/system_dag.py
[2026-05-25T06:53:33.454+0000] {processor.py:914} INFO - Processing file /opt/airflow/dags/system_dag.py for tasks to queue
[2026-05-25T06:53:33.456+0000] {logging_mixin.py:190} INFO - [2026-05-25T06:53:33.456+0000] {dagbag.py:588} INFO - Filling up the DagBag from /opt/airflow/dags/system_dag.py
[2026-05-25T06:53:33.484+0000] {processor.py:925} INFO - DAG(s) 'system_dag' retrieved from /opt/airflow/dags/system_dag.py
[2026-05-25T06:53:33.525+0000] {logging_mixin.py:190} INFO - [2026-05-25T06:53:33.525+0000] {dag.py:3239} INFO - Sync 1 DAGs
[2026-05-25T06:53:33.560+0000] {logging_mixin.py:190} INFO - [2026-05-25T06:53:33.559+0000] {dag.py:4180} INFO - Setting next_dagrun for system_dag to 2026-05-24T00:00:00+00:00, run_after=2026-05-25T00:00:00+00:00
[2026-05-25T06:53:33.586+0000] {processor.py:208} INFO - Processing /opt/airflow/dags/system_dag.py took 0.141 seconds
[2026-05-25T06:54:04.294+0000] {processor.py:186} INFO - Started process (PID=136) to work on /opt/airflow/dags/system_dag.py
[2026-05-25T06:54:04.295+0000] {processor.py:914} INFO - Processing file /opt/airflow/dags/system_dag.py for tasks to queue
[2026-05-25T06:54:04.296+0000] {logging_mixin.py:190} INFO - [2026-05-25T06:54:04.296+0000] {dagbag.py:588} INFO - Filling up the DagBag from /opt/airflow/dags/system_dag.py
[2026-05-25T06:54:04.320+0000] {processor.py:925} INFO - DAG(s) 'system_dag' retrieved from /opt/airflow/dags/system_dag.py
[2026-05-25T06:54:04.363+0000] {logging_mixin.py:190} INFO - [2026-05-25T06:54:04.363+0000] {dag.py:3239} INFO - Sync 1 DAGs
[2026-05-25T06:54:04.399+0000] {logging_mixin.py:190} INFO - [2026-05-25T06:54:04.399+0000] {dag.py:4180} INFO - Setting next_dagrun for system_dag to 2026-05-24T00:00:00+00:00, run_after=2026-05-25T00:00:00+00:00
[2026-05-25T06:54:04.426+0000] {processor.py:208} INFO - Processing /opt/airflow/dags/system_dag.py took 0.139 seconds
[2026-05-25T06:54:35.034+0000] {processor.py:186} INFO - Started process (PID=140) to work on /opt/airflow/dags/system_dag.py
[2026-05-25T06:54:35.035+0000] {processor.py:914} INFO - Processing file /opt/airflow/dags/system_dag.py for tasks to queue
[2026-05-25T06:54:35.041+0000] {logging_mixin.py:190} INFO - [2026-05-25T06:54:35.041+0000] {dagbag.py:588} INFO - Filling up the DagBag from /opt/airflow/dags/system_dag.py
[2026-05-25T06:54:35.097+0000] {processor.py:925} INFO - DAG(s) 'system_dag' retrieved from /opt/airflow/dags/system_dag.py
[2026-05-25T06:54:35.210+0000] {logging_mixin.py:190} INFO - [2026-05-25T06:54:35.210+0000] {dag.py:3239} INFO - Sync 1 DAGs
[2026-05-25T06:54:35.251+0000] {logging_mixin.py:190} INFO - [2026-05-25T06:54:35.251+0000] {dag.py:4180} INFO - Setting next_dagrun for system_dag to 2026-05-24T00:00:00+00:00, run_after=2026-05-25T00:00:00+00:00
[2026-05-25T06:54:35.283+0000] {processor.py:208} INFO - Processing /opt/airflow/dags/system_dag.py took 0.268 seconds
[2026-05-25T06:55:05.633+0000] {processor.py:186} INFO - Started process (PID=144) to work on /opt/airflow/dags/system_dag.py
[2026-05-25T06:55:05.634+0000] {processor.py:914} INFO - Processing file /opt/airflow/dags/system_dag.py for tasks to queue
[2026-05-25T06:55:05.636+0000] {logging_mixin.py:190} INFO - [2026-05-25T06:55:05.636+0000] {dagbag.py:588} INFO - Filling up the DagBag from /opt/airflow/dags/system_dag.py
[2026-05-25T06:55:05.662+0000] {processor.py:925} INFO - DAG(s) 'system_dag' retrieved from /opt/airflow/dags/system_dag.py
[2026-05-25T06:55:05.708+0000] {logging_mixin.py:190} INFO - [2026-05-25T06:55:05.708+0000] {dag.py:3239} INFO - Sync 1 DAGs
[2026-05-25T06:55:05.748+0000] {logging_mixin.py:190} INFO - [2026-05-25T06:55:05.748+0000] {dag.py:4180} INFO - Setting next_dagrun for system_dag to 2026-05-24T00:00:00+00:00, run_after=2026-05-25T00:00:00+00:00
[2026-05-25T06:55:05.793+0000] {processor.py:208} INFO - Processing /opt/airflow/dags/system_dag.py took 0.168 seconds
[2026-05-25T06:55:36.134+0000] {processor.py:186} INFO - Started process (PID=148) to work on /opt/airflow/dags/system_dag.py
[2026-05-25T06:55:36.136+0000] {processor.py:914} INFO - Processing file /opt/airflow/dags/system_dag.py for tasks to queue
[2026-05-25T06:55:36.138+0000] {logging_mixin.py:190} INFO - [2026-05-25T06:55:36.138+0000] {dagbag.py:588} INFO - Filling up the DagBag from /opt/airflow/dags/system_dag.py
[2026-05-25T06:55:36.170+0000] {processor.py:925} INFO - DAG(s) 'system_dag' retrieved from /opt/airflow/dags/system_dag.py
[2026-05-25T06:55:36.231+0000] {logging_mixin.py:190} INFO - [2026-05-25T06:55:36.231+0000] {dag.py:3239} INFO - Sync 1 DAGs
[2026-05-25T06:55:36.278+0000] {logging_mixin.py:190} INFO - [2026-05-25T06:55:36.278+0000] {dag.py:4180} INFO - Setting next_dagrun for system_dag to 2026-05-24T00:00:00+00:00, run_after=2026-05-25T00:00:00+00:00
[2026-05-25T06:55:36.318+0000] {processor.py:208} INFO - Processing /opt/airflow/dags/system_dag.py took 0.197 seconds
[2026-05-25T06:56:07.042+0000] {processor.py:186} INFO - Started process (PID=152) to work on /opt/airflow/dags/system_dag.py
[2026-05-25T06:56:07.043+0000] {processor.py:914} INFO - Processing file /opt/airflow/dags/system_dag.py for tasks to queue
[2026-05-25T06:56:07.045+0000] {logging_mixin.py:190} INFO - [2026-05-25T06:56:07.045+0000] {dagbag.py:588} INFO - Filling up the DagBag from /opt/airflow/dags/system_dag.py
[2026-05-25T06:56:07.066+0000] {processor.py:925} INFO - DAG(s) 'system_dag' retrieved from /opt/airflow/dags/system_dag.py
[2026-05-25T06:56:07.103+0000] {logging_mixin.py:190} INFO - [2026-05-25T06:56:07.103+0000] {dag.py:3239} INFO - Sync 1 DAGs
[2026-05-25T06:56:07.134+0000] {logging_mixin.py:190} INFO - [2026-05-25T06:56:07.134+0000] {dag.py:4180} INFO - Setting next_dagrun for system_dag to 2026-05-24T00:00:00+00:00, run_after=2026-05-25T00:00:00+00:00
[2026-05-25T06:56:07.155+0000] {processor.py:208} INFO - Processing /opt/airflow/dags/system_dag.py took 0.120 seconds
[2026-05-25T06:56:37.905+0000] {processor.py:186} INFO - Started process (PID=156) to work on /opt/airflow/dags/system_dag.py
[2026-05-25T06:56:37.906+0000] {processor.py:914} INFO - Processing file /opt/airflow/dags/system_dag.py for tasks to queue
[2026-05-25T06:56:37.908+0000] {logging_mixin.py:190} INFO - [2026-05-25T06:56:37.907+0000] {dagbag.py:588} INFO - Filling up the DagBag from /opt/airflow/dags/system_dag.py
[2026-05-25T06:56:37.930+0000] {processor.py:925} INFO - DAG(s) 'system_dag' retrieved from /opt/airflow/dags/system_dag.py
[2026-05-25T06:56:37.971+0000] {logging_mixin.py:190} INFO - [2026-05-25T06:56:37.971+0000] {dag.py:3239} INFO - Sync 1 DAGs
[2026-05-25T06:56:38.009+0000] {logging_mixin.py:190} INFO - [2026-05-25T06:56:38.008+0000] {dag.py:4180} INFO - Setting next_dagrun for system_dag to 2026-05-24T00:00:00+00:00, run_after=2026-05-25T00:00:00+00:00
[2026-05-25T06:56:38.041+0000] {processor.py:208} INFO - Processing /opt/airflow/dags/system_dag.py took 0.144 seconds
[2026-05-25T06:57:08.610+0000] {processor.py:186} INFO - Started process (PID=160) to work on /opt/airflow/dags/system_dag.py
[2026-05-25T06:57:08.611+0000] {processor.py:914} INFO - Processing file /opt/airflow/dags/system_dag.py for tasks to queue
[2026-05-25T06:57:08.612+0000] {logging_mixin.py:190} INFO - [2026-05-25T06:57:08.612+0000] {dagbag.py:588} INFO - Filling up the DagBag from /opt/airflow/dags/system_dag.py
[2026-05-25T06:57:08.643+0000] {processor.py:925} INFO - DAG(s) 'system_dag' retrieved from /opt/airflow/dags/system_dag.py
[2026-05-25T06:57:08.697+0000] {logging_mixin.py:190} INFO - [2026-05-25T06:57:08.697+0000] {dag.py:3239} INFO - Sync 1 DAGs
[2026-05-25T06:57:08.739+0000] {logging_mixin.py:190} INFO - [2026-05-25T06:57:08.739+0000] {dag.py:4180} INFO - Setting next_dagrun for system_dag to 2026-05-24T00:00:00+00:00, run_after=2026-05-25T00:00:00+00:00
[2026-05-25T06:57:08.773+0000] {processor.py:208} INFO - Processing /opt/airflow/dags/system_dag.py took 0.173 seconds
[2026-05-25T06:57:39.140+0000] {processor.py:186} INFO - Started process (PID=164) to work on /opt/airflow/dags/system_dag.py
[2026-05-25T06:57:39.141+0000] {processor.py:914} INFO - Processing file /opt/airflow/dags/system_dag.py for tasks to queue
[2026-05-25T06:57:39.143+0000] {logging_mixin.py:190} INFO - [2026-05-25T06:57:39.143+0000] {dagbag.py:588} INFO - Filling up the DagBag from /opt/airflow/dags/system_dag.py
[2026-05-25T06:57:39.170+0000] {processor.py:925} INFO - DAG(s) 'system_dag' retrieved from /opt/airflow/dags/system_dag.py
[2026-05-25T06:57:39.215+0000] {logging_mixin.py:190} INFO - [2026-05-25T06:57:39.215+0000] {dag.py:3239} INFO - Sync 1 DAGs
[2026-05-25T06:57:39.252+0000] {logging_mixin.py:190} INFO - [2026-05-25T06:57:39.251+0000] {dag.py:4180} INFO - Setting next_dagrun for system_dag to 2026-05-24T00:00:00+00:00, run_after=2026-05-25T00:00:00+00:00
[2026-05-25T06:57:39.279+0000] {processor.py:208} INFO - Processing /opt/airflow/dags/system_dag.py took 0.148 seconds
[2026-05-25T06:58:09.988+0000] {processor.py:186} INFO - Started process (PID=168) to work on /opt/airflow/dags/system_dag.py
[2026-05-25T06:58:09.989+0000] {processor.py:914} INFO - Processing file /opt/airflow/dags/system_dag.py for tasks to queue
[2026-05-25T06:58:09.991+0000] {logging_mixin.py:190} INFO - [2026-05-25T06:58:09.991+0000] {dagbag.py:588} INFO - Filling up the DagBag from /opt/airflow/dags/system_dag.py
[2026-05-25T06:58:10.025+0000] {processor.py:925} INFO - DAG(s) 'system_dag' retrieved from /opt/airflow/dags/system_dag.py
[2026-05-25T06:58:10.079+0000] {logging_mixin.py:190} INFO - [2026-05-25T06:58:10.078+0000] {dag.py:3239} INFO - Sync 1 DAGs
[2026-05-25T06:58:10.111+0000] {logging_mixin.py:190} INFO - [2026-05-25T06:58:10.111+0000] {dag.py:4180} INFO - Setting next_dagrun for system_dag to 2026-05-24T00:00:00+00:00, run_after=2026-05-25T00:00:00+00:00
[2026-05-25T06:58:10.135+0000] {processor.py:208} INFO - Processing /opt/airflow/dags/system_dag.py took 0.158 seconds
[2026-05-25T06:58:40.683+0000] {processor.py:186} INFO - Started process (PID=172) to work on /opt/airflow/dags/system_dag.py
[2026-05-25T06:58:40.684+0000] {processor.py:914} INFO - Processing file /opt/airflow/dags/system_dag.py for tasks to queue
[2026-05-25T06:58:40.686+0000] {logging_mixin.py:190} INFO - [2026-05-25T06:58:40.685+0000] {dagbag.py:588} INFO - Filling up the DagBag from /opt/airflow/dags/system_dag.py
[2026-05-25T06:58:40.709+0000] {processor.py:925} INFO - DAG(s) 'system_dag' retrieved from /opt/airflow/dags/system_dag.py
[2026-05-25T06:58:40.749+0000] {logging_mixin.py:190} INFO - [2026-05-25T06:58:40.749+0000] {dag.py:3239} INFO - Sync 1 DAGs
[2026-05-25T06:58:40.780+0000] {logging_mixin.py:190} INFO - [2026-05-25T06:58:40.779+0000] {dag.py:4180} INFO - Setting next_dagrun for system_dag to 2026-05-24T00:00:00+00:00, run_after=2026-05-25T00:00:00+00:00
[2026-05-25T06:58:40.800+0000] {processor.py:208} INFO - Processing /opt/airflow/dags/system_dag.py took 0.125 seconds
[2026-05-25T06:59:11.026+0000] {processor.py:186} INFO - Started process (PID=176) to work on /opt/airflow/dags/system_dag.py
[2026-05-25T06:59:11.027+0000] {processor.py:914} INFO - Processing file /opt/airflow/dags/system_dag.py for tasks to queue
[2026-05-25T06:59:11.029+0000] {logging_mixin.py:190} INFO - [2026-05-25T06:59:11.028+0000] {dagbag.py:588} INFO - Filling up the DagBag from /opt/airflow/dags/system_dag.py
[2026-05-25T06:59:11.058+0000] {processor.py:925} INFO - DAG(s) 'system_dag' retrieved from /opt/airflow/dags/system_dag.py
[2026-05-25T06:59:11.107+0000] {logging_mixin.py:190} INFO - [2026-05-25T06:59:11.107+0000] {dag.py:3239} INFO - Sync 1 DAGs
[2026-05-25T06:59:11.141+0000] {logging_mixin.py:190} INFO - [2026-05-25T06:59:11.140+0000] {dag.py:4180} INFO - Setting next_dagrun for system_dag to 2026-05-24T00:00:00+00:00, run_after=2026-05-25T00:00:00+00:00
[2026-05-25T06:59:11.179+0000] {processor.py:208} INFO - Processing /opt/airflow/dags/system_dag.py took 0.165 seconds
[2026-05-25T06:59:41.352+0000] {processor.py:186} INFO - Started process (PID=180) to work on /opt/airflow/dags/system_dag.py
[2026-05-25T06:59:41.353+0000] {processor.py:914} INFO - Processing file /opt/airflow/dags/system_dag.py for tasks to queue
[2026-05-25T06:59:41.354+0000] {logging_mixin.py:190} INFO - [2026-05-25T06:59:41.354+0000] {dagbag.py:588} INFO - Filling up the DagBag from /opt/airflow/dags/system_dag.py
[2026-05-25T06:59:41.385+0000] {processor.py:925} INFO - DAG(s) 'system_dag' retrieved from /opt/airflow/dags/system_dag.py
[2026-05-25T06:59:41.440+0000] {logging_mixin.py:190} INFO - [2026-05-25T06:59:41.439+0000] {dag.py:3239} INFO - Sync 1 DAGs
[2026-05-25T06:59:41.472+0000] {logging_mixin.py:190} INFO - [2026-05-25T06:59:41.472+0000] {dag.py:4180} INFO - Setting next_dagrun for system_dag to 2026-05-24T00:00:00+00:00, run_after=2026-05-25T00:00:00+00:00
[2026-05-25T06:59:41.495+0000] {processor.py:208} INFO - Processing /opt/airflow/dags/system_dag.py took 0.153 seconds
[2026-05-25T07:00:12.127+0000] {processor.py:186} INFO - Started process (PID=184) to work on /opt/airflow/dags/system_dag.py
[2026-05-25T07:00:12.128+0000] {processor.py:914} INFO - Processing file /opt/airflow/dags/system_dag.py for tasks to queue
[2026-05-25T07:00:12.129+0000] {logging_mixin.py:190} INFO - [2026-05-25T07:00:12.129+0000] {dagbag.py:588} INFO - Filling up the DagBag from /opt/airflow/dags/system_dag.py
[2026-05-25T07:00:12.152+0000] {processor.py:925} INFO - DAG(s) 'system_dag' retrieved from /opt/airflow/dags/system_dag.py
[2026-05-25T07:00:12.189+0000] {logging_mixin.py:190} INFO - [2026-05-25T07:00:12.189+0000] {dag.py:3239} INFO - Sync 1 DAGs
[2026-05-25T07:00:12.218+0000] {logging_mixin.py:190} INFO - [2026-05-25T07:00:12.218+0000] {dag.py:4180} INFO - Setting next_dagrun for system_dag to 2026-05-24T00:00:00+00:00, run_after=2026-05-25T00:00:00+00:00
[2026-05-25T07:00:12.238+0000] {processor.py:208} INFO - Processing /opt/airflow/dags/system_dag.py took 0.119 seconds
[2026-05-25T07:00:42.642+0000] {processor.py:186} INFO - Started process (PID=188) to work on /opt/airflow/dags/system_dag.py
[2026-05-25T07:00:42.643+0000] {processor.py:914} INFO - Processing file /opt/airflow/dags/system_dag.py for tasks to queue
[2026-05-25T07:00:42.645+0000] {logging_mixin.py:190} INFO - [2026-05-25T07:00:42.644+0000] {dagbag.py:588} INFO - Filling up the DagBag from /opt/airflow/dags/system_dag.py
[2026-05-25T07:00:42.667+0000] {processor.py:925} INFO - DAG(s) 'system_dag' retrieved from /opt/airflow/dags/system_dag.py
[2026-05-25T07:00:42.709+0000] {logging_mixin.py:190} INFO - [2026-05-25T07:00:42.709+0000] {dag.py:3239} INFO - Sync 1 DAGs
[2026-05-25T07:00:42.742+0000] {logging_mixin.py:190} INFO - [2026-05-25T07:00:42.741+0000] {dag.py:4180} INFO - Setting next_dagrun for system_dag to 2026-05-24T00:00:00+00:00, run_after=2026-05-25T00:00:00+00:00
[2026-05-25T07:00:42.772+0000] {processor.py:208} INFO - Processing /opt/airflow/dags/system_dag.py took 0.138 seconds
[2026-05-25T07:06:06.755+0000] {processor.py:186} INFO - Started process (PID=49) to work on /opt/airflow/dags/system_dag.py
[2026-05-25T07:06:06.756+0000] {processor.py:914} INFO - Processing file /opt/airflow/dags/system_dag.py for tasks to queue
[2026-05-25T07:06:06.758+0000] {logging_mixin.py:190} INFO - [2026-05-25T07:06:06.758+0000] {dagbag.py:588} INFO - Filling up the DagBag from /opt/airflow/dags/system_dag.py
[2026-05-25T07:06:06.805+0000] {processor.py:925} INFO - DAG(s) 'system_dag' retrieved from /opt/airflow/dags/system_dag.py
[2026-05-25T07:06:07.041+0000] {logging_mixin.py:190} INFO - [2026-05-25T07:06:07.037+0000] {override.py:1901} INFO - Created Permission View: can delete on DAG:system_dag
[2026-05-25T07:06:07.107+0000] {logging_mixin.py:190} INFO - [2026-05-25T07:06:07.107+0000] {override.py:1901} INFO - Created Permission View: can edit on DAG:system_dag
[2026-05-25T07:06:07.163+0000] {logging_mixin.py:190} INFO - [2026-05-25T07:06:07.163+0000] {override.py:1901} INFO - Created Permission View: can read on DAG:system_dag
[2026-05-25T07:06:07.174+0000] {logging_mixin.py:190} INFO - [2026-05-25T07:06:07.174+0000] {override.py:1901} INFO - Created Permission View: can delete on DAG Run:system_dag
[2026-05-25T07:06:07.188+0000] {logging_mixin.py:190} INFO - [2026-05-25T07:06:07.188+0000] {override.py:1901} INFO - Created Permission View: can create on DAG Run:system_dag
[2026-05-25T07:06:07.200+0000] {logging_mixin.py:190} INFO - [2026-05-25T07:06:07.199+0000] {override.py:1901} INFO - Created Permission View: menu access on DAG Run:system_dag
[2026-05-25T07:06:07.211+0000] {logging_mixin.py:190} INFO - [2026-05-25T07:06:07.211+0000] {override.py:1901} INFO - Created Permission View: can read on DAG Run:system_dag
[2026-05-25T07:06:07.212+0000] {logging_mixin.py:190} INFO - [2026-05-25T07:06:07.212+0000] {dag.py:3239} INFO - Sync 1 DAGs
[2026-05-25T07:06:07.248+0000] {logging_mixin.py:190} INFO - [2026-05-25T07:06:07.247+0000] {dag.py:3262} INFO - Creating ORM DAG for system_dag
[2026-05-25T07:06:07.275+0000] {logging_mixin.py:190} INFO - [2026-05-25T07:06:07.275+0000] {dag.py:4180} INFO - Setting next_dagrun for system_dag to 2026-05-24T00:00:00+00:00, run_after=2026-05-25T00:00:00+00:00
[2026-05-25T07:06:07.334+0000] {processor.py:208} INFO - Processing /opt/airflow/dags/system_dag.py took 0.600 seconds
[2026-05-25T07:06:37.774+0000] {processor.py:186} INFO - Started process (PID=53) to work on /opt/airflow/dags/system_dag.py
[2026-05-25T07:06:37.776+0000] {processor.py:914} INFO - Processing file /opt/airflow/dags/system_dag.py for tasks to queue
[2026-05-25T07:06:37.777+0000] {logging_mixin.py:190} INFO - [2026-05-25T07:06:37.777+0000] {dagbag.py:588} INFO - Filling up the DagBag from /opt/airflow/dags/system_dag.py
[2026-05-25T07:06:37.805+0000] {processor.py:925} INFO - DAG(s) 'system_dag' retrieved from /opt/airflow/dags/system_dag.py
[2026-05-25T07:06:37.890+0000] {logging_mixin.py:190} INFO - [2026-05-25T07:06:37.890+0000] {dag.py:3239} INFO - Sync 1 DAGs
[2026-05-25T07:06:37.967+0000] {logging_mixin.py:190} INFO - [2026-05-25T07:06:37.967+0000] {dag.py:4180} INFO - Setting next_dagrun for system_dag to 2026-05-24T00:00:00+00:00, run_after=2026-05-25T00:00:00+00:00
[2026-05-25T07:06:38.021+0000] {processor.py:208} INFO - Processing /opt/airflow/dags/system_dag.py took 0.254 seconds
[2026-05-25T07:07:08.426+0000] {processor.py:186} INFO - Started process (PID=57) to work on /opt/airflow/dags/system_dag.py
[2026-05-25T07:07:08.427+0000] {processor.py:914} INFO - Processing file /opt/airflow/dags/system_dag.py for tasks to queue
[2026-05-25T07:07:08.429+0000] {logging_mixin.py:190} INFO - [2026-05-25T07:07:08.429+0000] {dagbag.py:588} INFO - Filling up the DagBag from /opt/airflow/dags/system_dag.py
[2026-05-25T07:07:08.473+0000] {processor.py:925} INFO - DAG(s) 'system_dag' retrieved from /opt/airflow/dags/system_dag.py
[2026-05-25T07:07:08.592+0000] {logging_mixin.py:190} INFO - [2026-05-25T07:07:08.591+0000] {dag.py:3239} INFO - Sync 1 DAGs
[2026-05-25T07:07:08.669+0000] {logging_mixin.py:190} INFO - [2026-05-25T07:07:08.664+0000] {dag.py:4180} INFO - Setting next_dagrun for system_dag to 2026-05-24T00:00:00+00:00, run_after=2026-05-25T00:00:00+00:00
[2026-05-25T07:07:08.717+0000] {processor.py:208} INFO - Processing /opt/airflow/dags/system_dag.py took 0.298 seconds
[2026-05-25T07:07:39.750+0000] {processor.py:186} INFO - Started process (PID=61) to work on /opt/airflow/dags/system_dag.py
[2026-05-25T07:07:39.766+0000] {processor.py:914} INFO - Processing file /opt/airflow/dags/system_dag.py for tasks to queue
[2026-05-25T07:07:39.776+0000] {logging_mixin.py:190} INFO - [2026-05-25T07:07:39.773+0000] {dagbag.py:588} INFO - Filling up the DagBag from /opt/airflow/dags/system_dag.py
[2026-05-25T07:07:39.945+0000] {processor.py:925} INFO - DAG(s) 'system_dag' retrieved from /opt/airflow/dags/system_dag.py
[2026-05-25T07:07:40.180+0000] {logging_mixin.py:190} INFO - [2026-05-25T07:07:40.179+0000] {dag.py:3239} INFO - Sync 1 DAGs
[2026-05-25T07:07:40.345+0000] {logging_mixin.py:190} INFO - [2026-05-25T07:07:40.345+0000] {dag.py:4180} INFO - Setting next_dagrun for system_dag to 2026-05-24T00:00:00+00:00, run_after=2026-05-25T00:00:00+00:00
[2026-05-25T07:07:40.439+0000] {processor.py:208} INFO - Processing /opt/airflow/dags/system_dag.py took 0.851 seconds
[2026-05-25T07:08:11.218+0000] {processor.py:186} INFO - Started process (PID=65) to work on /opt/airflow/dags/system_dag.py
[2026-05-25T07:08:11.220+0000] {processor.py:914} INFO - Processing file /opt/airflow/dags/system_dag.py for tasks to queue
[2026-05-25T07:08:11.238+0000] {logging_mixin.py:190} INFO - [2026-05-25T07:08:11.238+0000] {dagbag.py:588} INFO - Filling up the DagBag from /opt/airflow/dags/system_dag.py
[2026-05-25T07:08:11.388+0000] {processor.py:925} INFO - DAG(s) 'system_dag' retrieved from /opt/airflow/dags/system_dag.py
[2026-05-25T07:08:11.562+0000] {logging_mixin.py:190} INFO - [2026-05-25T07:08:11.562+0000] {dag.py:3239} INFO - Sync 1 DAGs
[2026-05-25T07:08:11.639+0000] {logging_mixin.py:190} INFO - [2026-05-25T07:08:11.639+0000] {dag.py:4180} INFO - Setting next_dagrun for system_dag to 2026-05-24T00:00:00+00:00, run_after=2026-05-25T00:00:00+00:00
[2026-05-25T07:08:11.709+0000] {processor.py:208} INFO - Processing /opt/airflow/dags/system_dag.py took 0.527 seconds
[2026-05-25T07:08:41.967+0000] {processor.py:186} INFO - Started process (PID=69) to work on /opt/airflow/dags/system_dag.py
[2026-05-25T07:08:41.969+0000] {processor.py:914} INFO - Processing file /opt/airflow/dags/system_dag.py for tasks to queue
[2026-05-25T07:08:41.973+0000] {logging_mixin.py:190} INFO - [2026-05-25T07:08:41.972+0000] {dagbag.py:588} INFO - Filling up the DagBag from /opt/airflow/dags/system_dag.py
[2026-05-25T07:08:42.033+0000] {processor.py:925} INFO - DAG(s) 'system_dag' retrieved from /opt/airflow/dags/system_dag.py
[2026-05-25T07:08:42.113+0000] {logging_mixin.py:190} INFO - [2026-05-25T07:08:42.113+0000] {dag.py:3239} INFO - Sync 1 DAGs
[2026-05-25T07:08:42.185+0000] {logging_mixin.py:190} INFO - [2026-05-25T07:08:42.185+0000] {dag.py:4180} INFO - Setting next_dagrun for system_dag to 2026-05-24T00:00:00+00:00, run_after=2026-05-25T00:00:00+00:00
[2026-05-25T07:08:42.234+0000] {processor.py:208} INFO - Processing /opt/airflow/dags/system_dag.py took 0.285 seconds
[2026-05-25T07:09:13.035+0000] {processor.py:186} INFO - Started process (PID=73) to work on /opt/airflow/dags/system_dag.py
[2026-05-25T07:09:13.041+0000] {processor.py:914} INFO - Processing file /opt/airflow/dags/system_dag.py for tasks to queue
[2026-05-25T07:09:13.046+0000] {logging_mixin.py:190} INFO - [2026-05-25T07:09:13.045+0000] {dagbag.py:588} INFO - Filling up the DagBag from /opt/airflow/dags/system_dag.py
[2026-05-25T07:09:13.116+0000] {processor.py:925} INFO - DAG(s) 'system_dag' retrieved from /opt/airflow/dags/system_dag.py
[2026-05-25T07:09:13.218+0000] {logging_mixin.py:190} INFO - [2026-05-25T07:09:13.218+0000] {dag.py:3239} INFO - Sync 1 DAGs
[2026-05-25T07:09:13.283+0000] {logging_mixin.py:190} INFO - [2026-05-25T07:09:13.283+0000] {dag.py:4180} INFO - Setting next_dagrun for system_dag to 2026-05-24T00:00:00+00:00, run_after=2026-05-25T00:00:00+00:00
[2026-05-25T07:09:13.334+0000] {processor.py:208} INFO - Processing /opt/airflow/dags/system_dag.py took 0.319 seconds
[2026-05-25T07:09:43.827+0000] {processor.py:186} INFO - Started process (PID=77) to work on /opt/airflow/dags/system_dag.py
[2026-05-25T07:09:43.828+0000] {processor.py:914} INFO - Processing file /opt/airflow/dags/system_dag.py for tasks to queue
[2026-05-25T07:09:43.831+0000] {logging_mixin.py:190} INFO - [2026-05-25T07:09:43.830+0000] {dagbag.py:588} INFO - Filling up the DagBag from /opt/airflow/dags/system_dag.py
[2026-05-25T07:09:43.893+0000] {processor.py:925} INFO - DAG(s) 'system_dag' retrieved from /opt/airflow/dags/system_dag.py
[2026-05-25T07:09:44.013+0000] {logging_mixin.py:190} INFO - [2026-05-25T07:09:44.013+0000] {dag.py:3239} INFO - Sync 1 DAGs
[2026-05-25T07:09:44.076+0000] {logging_mixin.py:190} INFO - [2026-05-25T07:09:44.075+0000] {dag.py:4180} INFO - Setting next_dagrun for system_dag to 2026-05-24T00:00:00+00:00, run_after=2026-05-25T00:00:00+00:00
[2026-05-25T07:09:44.132+0000] {processor.py:208} INFO - Processing /opt/airflow/dags/system_dag.py took 0.320 seconds
[2026-05-25T07:10:14.543+0000] {processor.py:186} INFO - Started process (PID=81) to work on /opt/airflow/dags/system_dag.py
[2026-05-25T07:10:14.544+0000] {processor.py:914} INFO - Processing file /opt/airflow/dags/system_dag.py for tasks to queue
[2026-05-25T07:10:14.548+0000] {logging_mixin.py:190} INFO - [2026-05-25T07:10:14.548+0000] {dagbag.py:588} INFO - Filling up the DagBag from /opt/airflow/dags/system_dag.py
[2026-05-25T07:10:14.602+0000] {processor.py:925} INFO - DAG(s) 'system_dag' retrieved from /opt/airflow/dags/system_dag.py
[2026-05-25T07:10:14.715+0000] {logging_mixin.py:190} INFO - [2026-05-25T07:10:14.711+0000] {dag.py:3239} INFO - Sync 1 DAGs
[2026-05-25T07:10:14.809+0000] {logging_mixin.py:190} INFO - [2026-05-25T07:10:14.809+0000] {dag.py:4180} INFO - Setting next_dagrun for system_dag to 2026-05-24T00:00:00+00:00, run_after=2026-05-25T00:00:00+00:00
[2026-05-25T07:10:14.883+0000] {processor.py:208} INFO - Processing /opt/airflow/dags/system_dag.py took 0.360 seconds
[2026-05-25T07:10:45.013+0000] {processor.py:186} INFO - Started process (PID=85) to work on /opt/airflow/dags/system_dag.py
[2026-05-25T07:10:45.014+0000] {processor.py:914} INFO - Processing file /opt/airflow/dags/system_dag.py for tasks to queue
[2026-05-25T07:10:45.016+0000] {logging_mixin.py:190} INFO - [2026-05-25T07:10:45.015+0000] {dagbag.py:588} INFO - Filling up the DagBag from /opt/airflow/dags/system_dag.py
[2026-05-25T07:10:45.055+0000] {processor.py:925} INFO - DAG(s) 'system_dag' retrieved from /opt/airflow/dags/system_dag.py
[2026-05-25T07:10:45.125+0000] {logging_mixin.py:190} INFO - [2026-05-25T07:10:45.124+0000] {dag.py:3239} INFO - Sync 1 DAGs
[2026-05-25T07:10:45.179+0000] {logging_mixin.py:190} INFO - [2026-05-25T07:10:45.179+0000] {dag.py:4180} INFO - Setting next_dagrun for system_dag to 2026-05-24T00:00:00+00:00, run_after=2026-05-25T00:00:00+00:00
[2026-05-25T07:10:45.214+0000] {processor.py:208} INFO - Processing /opt/airflow/dags/system_dag.py took 0.211 seconds
[2026-05-25T07:11:17.938+0000] {processor.py:186} INFO - Started process (PID=89) to work on /opt/airflow/dags/system_dag.py
[2026-05-25T07:11:17.939+0000] {processor.py:914} INFO - Processing file /opt/airflow/dags/system_dag.py for tasks to queue
[2026-05-25T07:11:17.943+0000] {logging_mixin.py:190} INFO - [2026-05-25T07:11:17.942+0000] {dagbag.py:588} INFO - Filling up the DagBag from /opt/airflow/dags/system_dag.py
[2026-05-25T07:11:18.028+0000] {processor.py:925} INFO - DAG(s) 'system_dag' retrieved from /opt/airflow/dags/system_dag.py
[2026-05-25T07:11:18.237+0000] {logging_mixin.py:190} INFO - [2026-05-25T07:11:18.237+0000] {dag.py:3239} INFO - Sync 1 DAGs
[2026-05-25T07:11:18.359+0000] {logging_mixin.py:190} INFO - [2026-05-25T07:11:18.359+0000] {dag.py:4180} INFO - Setting next_dagrun for system_dag to 2026-05-24T00:00:00+00:00, run_after=2026-05-25T00:00:00+00:00
[2026-05-25T07:11:18.463+0000] {processor.py:208} INFO - Processing /opt/airflow/dags/system_dag.py took 0.539 seconds
[2026-05-25T07:11:48.801+0000] {processor.py:186} INFO - Started process (PID=93) to work on /opt/airflow/dags/system_dag.py
[2026-05-25T07:11:48.802+0000] {processor.py:914} INFO - Processing file /opt/airflow/dags/system_dag.py for tasks to queue
[2026-05-25T07:11:48.807+0000] {logging_mixin.py:190} INFO - [2026-05-25T07:11:48.806+0000] {dagbag.py:588} INFO - Filling up the DagBag from /opt/airflow/dags/system_dag.py
[2026-05-25T07:11:48.872+0000] {processor.py:925} INFO - DAG(s) 'system_dag' retrieved from /opt/airflow/dags/system_dag.py
[2026-05-25T07:11:49.143+0000] {logging_mixin.py:190} INFO - [2026-05-25T07:11:49.143+0000] {dag.py:3239} INFO - Sync 1 DAGs
[2026-05-25T07:11:49.335+0000] {logging_mixin.py:190} INFO - [2026-05-25T07:11:49.335+0000] {dag.py:4180} INFO - Setting next_dagrun for system_dag to 2026-05-24T00:00:00+00:00, run_after=2026-05-25T00:00:00+00:00
[2026-05-25T07:11:49.503+0000] {processor.py:208} INFO - Processing /opt/airflow/dags/system_dag.py took 0.718 seconds
[2026-05-25T07:12:20.592+0000] {processor.py:186} INFO - Started process (PID=97) to work on /opt/airflow/dags/system_dag.py
[2026-05-25T07:12:20.596+0000] {processor.py:914} INFO - Processing file /opt/airflow/dags/system_dag.py for tasks to queue
[2026-05-25T07:12:20.599+0000] {logging_mixin.py:190} INFO - [2026-05-25T07:12:20.599+0000] {dagbag.py:588} INFO - Filling up the DagBag from /opt/airflow/dags/system_dag.py
[2026-05-25T07:12:20.770+0000] {processor.py:925} INFO - DAG(s) 'system_dag' retrieved from /opt/airflow/dags/system_dag.py
[2026-05-25T07:12:21.128+0000] {logging_mixin.py:190} INFO - [2026-05-25T07:12:21.128+0000] {dag.py:3239} INFO - Sync 1 DAGs
[2026-05-25T07:12:21.339+0000] {logging_mixin.py:190} INFO - [2026-05-25T07:12:21.338+0000] {dag.py:4180} INFO - Setting next_dagrun for system_dag to 2026-05-24T00:00:00+00:00, run_after=2026-05-25T00:00:00+00:00
[2026-05-25T07:12:21.493+0000] {processor.py:208} INFO - Processing /opt/airflow/dags/system_dag.py took 0.927 seconds
[2026-05-25T07:12:52.138+0000] {processor.py:186} INFO - Started process (PID=101) to work on /opt/airflow/dags/system_dag.py
[2026-05-25T07:12:52.140+0000] {processor.py:914} INFO - Processing file /opt/airflow/dags/system_dag.py for tasks to queue
[2026-05-25T07:12:52.154+0000] {logging_mixin.py:190} INFO - [2026-05-25T07:12:52.153+0000] {dagbag.py:588} INFO - Filling up the DagBag from /opt/airflow/dags/system_dag.py
[2026-05-25T07:12:52.288+0000] {processor.py:925} INFO - DAG(s) 'system_dag' retrieved from /opt/airflow/dags/system_dag.py
[2026-05-25T07:12:52.655+0000] {logging_mixin.py:190} INFO - [2026-05-25T07:12:52.655+0000] {dag.py:3239} INFO - Sync 1 DAGs
[2026-05-25T07:12:52.853+0000] {logging_mixin.py:190} INFO - [2026-05-25T07:12:52.843+0000] {dag.py:4180} INFO - Setting next_dagrun for system_dag to 2026-05-24T00:00:00+00:00, run_after=2026-05-25T00:00:00+00:00
[2026-05-25T07:12:53.080+0000] {processor.py:208} INFO - Processing /opt/airflow/dags/system_dag.py took 0.963 seconds
[2026-05-25T07:13:23.736+0000] {processor.py:186} INFO - Started process (PID=105) to work on /opt/airflow/dags/system_dag.py
[2026-05-25T07:13:23.745+0000] {processor.py:914} INFO - Processing file /opt/airflow/dags/system_dag.py for tasks to queue
[2026-05-25T07:13:23.753+0000] {logging_mixin.py:190} INFO - [2026-05-25T07:13:23.753+0000] {dagbag.py:588} INFO - Filling up the DagBag from /opt/airflow/dags/system_dag.py
[2026-05-25T07:13:24.085+0000] {processor.py:925} INFO - DAG(s) 'system_dag' retrieved from /opt/airflow/dags/system_dag.py
[2026-05-25T07:13:24.620+0000] {logging_mixin.py:190} INFO - [2026-05-25T07:13:24.619+0000] {dag.py:3239} INFO - Sync 1 DAGs
[2026-05-25T07:13:24.877+0000] {logging_mixin.py:190} INFO - [2026-05-25T07:13:24.877+0000] {dag.py:4180} INFO - Setting next_dagrun for system_dag to 2026-05-24T00:00:00+00:00, run_after=2026-05-25T00:00:00+00:00
[2026-05-25T07:13:25.059+0000] {processor.py:208} INFO - Processing /opt/airflow/dags/system_dag.py took 1.361 seconds
[2026-05-25T07:13:55.261+0000] {processor.py:186} INFO - Started process (PID=109) to work on /opt/airflow/dags/system_dag.py
[2026-05-25T07:13:55.268+0000] {processor.py:914} INFO - Processing file /opt/airflow/dags/system_dag.py for tasks to queue
[2026-05-25T07:13:55.285+0000] {logging_mixin.py:190} INFO - [2026-05-25T07:13:55.285+0000] {dagbag.py:588} INFO - Filling up the DagBag from /opt/airflow/dags/system_dag.py
[2026-05-25T07:13:55.397+0000] {processor.py:925} INFO - DAG(s) 'system_dag' retrieved from /opt/airflow/dags/system_dag.py
[2026-05-25T07:13:55.668+0000] {logging_mixin.py:190} INFO - [2026-05-25T07:13:55.668+0000] {dag.py:3239} INFO - Sync 1 DAGs
[2026-05-25T07:13:56.036+0000] {logging_mixin.py:190} INFO - [2026-05-25T07:13:56.036+0000] {dag.py:4180} INFO - Setting next_dagrun for system_dag to 2026-05-24T00:00:00+00:00, run_after=2026-05-25T00:00:00+00:00
[2026-05-25T07:13:56.434+0000] {processor.py:208} INFO - Processing /opt/airflow/dags/system_dag.py took 1.205 seconds
[2026-05-25T07:14:27.133+0000] {processor.py:186} INFO - Started process (PID=113) to work on /opt/airflow/dags/system_dag.py
[2026-05-25T07:14:27.137+0000] {processor.py:914} INFO - Processing file /opt/airflow/dags/system_dag.py for tasks to queue
[2026-05-25T07:14:27.140+0000] {logging_mixin.py:190} INFO - [2026-05-25T07:14:27.140+0000] {dagbag.py:588} INFO - Filling up the DagBag from /opt/airflow/dags/system_dag.py
[2026-05-25T07:14:27.304+0000] {processor.py:925} INFO - DAG(s) 'system_dag' retrieved from /opt/airflow/dags/system_dag.py
[2026-05-25T07:14:27.690+0000] {logging_mixin.py:190} INFO - [2026-05-25T07:14:27.689+0000] {dag.py:3239} INFO - Sync 1 DAGs
[2026-05-25T07:14:27.853+0000] {logging_mixin.py:190} INFO - [2026-05-25T07:14:27.853+0000] {dag.py:4180} INFO - Setting next_dagrun for system_dag to 2026-05-24T00:00:00+00:00, run_after=2026-05-25T00:00:00+00:00
[2026-05-25T07:14:27.933+0000] {processor.py:208} INFO - Processing /opt/airflow/dags/system_dag.py took 0.821 seconds
[2026-05-25T07:14:58.546+0000] {processor.py:186} INFO - Started process (PID=118) to work on /opt/airflow/dags/system_dag.py
[2026-05-25T07:14:58.548+0000] {processor.py:914} INFO - Processing file /opt/airflow/dags/system_dag.py for tasks to queue
[2026-05-25T07:14:58.553+0000] {logging_mixin.py:190} INFO - [2026-05-25T07:14:58.553+0000] {dagbag.py:588} INFO - Filling up the DagBag from /opt/airflow/dags/system_dag.py
[2026-05-25T07:14:58.678+0000] {processor.py:925} INFO - DAG(s) 'system_dag' retrieved from /opt/airflow/dags/system_dag.py
[2026-05-25T07:14:58.832+0000] {logging_mixin.py:190} INFO - [2026-05-25T07:14:58.831+0000] {dag.py:3239} INFO - Sync 1 DAGs
[2026-05-25T07:14:58.926+0000] {logging_mixin.py:190} INFO - [2026-05-25T07:14:58.925+0000] {dag.py:4180} INFO - Setting next_dagrun for system_dag to 2026-05-24T00:00:00+00:00, run_after=2026-05-25T00:00:00+00:00
[2026-05-25T07:14:59.015+0000] {processor.py:208} INFO - Processing /opt/airflow/dags/system_dag.py took 0.490 seconds
[2026-05-25T07:15:29.191+0000] {processor.py:186} INFO - Started process (PID=122) to work on /opt/airflow/dags/system_dag.py
[2026-05-25T07:15:29.200+0000] {processor.py:914} INFO - Processing file /opt/airflow/dags/system_dag.py for tasks to queue
[2026-05-25T07:15:29.203+0000] {logging_mixin.py:190} INFO - [2026-05-25T07:15:29.202+0000] {dagbag.py:588} INFO - Filling up the DagBag from /opt/airflow/dags/system_dag.py
[2026-05-25T07:15:29.405+0000] {processor.py:925} INFO - DAG(s) 'system_dag' retrieved from /opt/airflow/dags/system_dag.py
[2026-05-25T07:15:29.633+0000] {logging_mixin.py:190} INFO - [2026-05-25T07:15:29.633+0000] {dag.py:3239} INFO - Sync 1 DAGs
[2026-05-25T07:15:29.777+0000] {logging_mixin.py:190} INFO - [2026-05-25T07:15:29.776+0000] {dag.py:4180} INFO - Setting next_dagrun for system_dag to 2026-05-24T00:00:00+00:00, run_after=2026-05-25T00:00:00+00:00
[2026-05-25T07:15:29.863+0000] {processor.py:208} INFO - Processing /opt/airflow/dags/system_dag.py took 0.690 seconds
[2026-05-25T07:16:00.169+0000] {processor.py:186} INFO - Started process (PID=126) to work on /opt/airflow/dags/system_dag.py
[2026-05-25T07:16:00.170+0000] {processor.py:914} INFO - Processing file /opt/airflow/dags/system_dag.py for tasks to queue
[2026-05-25T07:16:00.173+0000] {logging_mixin.py:190} INFO - [2026-05-25T07:16:00.172+0000] {dagbag.py:588} INFO - Filling up the DagBag from /opt/airflow/dags/system_dag.py
[2026-05-25T07:16:00.226+0000] {processor.py:925} INFO - DAG(s) 'system_dag' retrieved from /opt/airflow/dags/system_dag.py
[2026-05-25T07:16:00.304+0000] {logging_mixin.py:190} INFO - [2026-05-25T07:16:00.304+0000] {dag.py:3239} INFO - Sync 1 DAGs
[2026-05-25T07:16:00.375+0000] {logging_mixin.py:190} INFO - [2026-05-25T07:16:00.375+0000] {dag.py:4180} INFO - Setting next_dagrun for system_dag to 2026-05-24T00:00:00+00:00, run_after=2026-05-25T00:00:00+00:00
[2026-05-25T07:16:00.430+0000] {processor.py:208} INFO - Processing /opt/airflow/dags/system_dag.py took 0.275 seconds
[2026-05-25T07:16:31.107+0000] {processor.py:186} INFO - Started process (PID=130) to work on /opt/airflow/dags/system_dag.py
[2026-05-25T07:16:31.115+0000] {processor.py:914} INFO - Processing file /opt/airflow/dags/system_dag.py for tasks to queue
[2026-05-25T07:16:31.119+0000] {logging_mixin.py:190} INFO - [2026-05-25T07:16:31.119+0000] {dagbag.py:588} INFO - Filling up the DagBag from /opt/airflow/dags/system_dag.py
[2026-05-25T07:16:31.201+0000] {processor.py:925} INFO - DAG(s) 'system_dag' retrieved from /opt/airflow/dags/system_dag.py
[2026-05-25T07:16:31.401+0000] {logging_mixin.py:190} INFO - [2026-05-25T07:16:31.400+0000] {dag.py:3239} INFO - Sync 1 DAGs
[2026-05-25T07:16:31.516+0000] {logging_mixin.py:190} INFO - [2026-05-25T07:16:31.516+0000] {dag.py:4180} INFO - Setting next_dagrun for system_dag to 2026-05-24T00:00:00+00:00, run_after=2026-05-25T00:00:00+00:00
[2026-05-25T07:16:31.625+0000] {processor.py:208} INFO - Processing /opt/airflow/dags/system_dag.py took 0.539 seconds
[2026-05-25T07:17:02.208+0000] {processor.py:186} INFO - Started process (PID=134) to work on /opt/airflow/dags/system_dag.py
[2026-05-25T07:17:02.241+0000] {processor.py:914} INFO - Processing file /opt/airflow/dags/system_dag.py for tasks to queue
[2026-05-25T07:17:02.256+0000] {logging_mixin.py:190} INFO - [2026-05-25T07:17:02.255+0000] {dagbag.py:588} INFO - Filling up the DagBag from /opt/airflow/dags/system_dag.py
[2026-05-25T07:17:02.546+0000] {processor.py:925} INFO - DAG(s) 'system_dag' retrieved from /opt/airflow/dags/system_dag.py
[2026-05-25T07:17:03.944+0000] {logging_mixin.py:190} INFO - [2026-05-25T07:17:03.943+0000] {dag.py:3239} INFO - Sync 1 DAGs
[2026-05-25T07:17:04.540+0000] {logging_mixin.py:190} INFO - [2026-05-25T07:17:04.539+0000] {dag.py:4180} INFO - Setting next_dagrun for system_dag to 2026-05-24T00:00:00+00:00, run_after=2026-05-25T00:00:00+00:00
[2026-05-25T07:17:04.877+0000] {processor.py:208} INFO - Processing /opt/airflow/dags/system_dag.py took 2.074 seconds
[2026-05-25T07:17:35.425+0000] {processor.py:186} INFO - Started process (PID=138) to work on /opt/airflow/dags/system_dag.py
[2026-05-25T07:17:35.428+0000] {processor.py:914} INFO - Processing file /opt/airflow/dags/system_dag.py for tasks to queue
[2026-05-25T07:17:35.434+0000] {logging_mixin.py:190} INFO - [2026-05-25T07:17:35.433+0000] {dagbag.py:588} INFO - Filling up the DagBag from /opt/airflow/dags/system_dag.py
[2026-05-25T07:17:35.563+0000] {processor.py:925} INFO - DAG(s) 'system_dag' retrieved from /opt/airflow/dags/system_dag.py
[2026-05-25T07:17:36.136+0000] {logging_mixin.py:190} INFO - [2026-05-25T07:17:36.136+0000] {dag.py:3239} INFO - Sync 1 DAGs
[2026-05-25T07:17:36.382+0000] {logging_mixin.py:190} INFO - [2026-05-25T07:17:36.382+0000] {dag.py:4180} INFO - Setting next_dagrun for system_dag to 2026-05-24T00:00:00+00:00, run_after=2026-05-25T00:00:00+00:00
[2026-05-25T07:17:36.605+0000] {processor.py:208} INFO - Processing /opt/airflow/dags/system_dag.py took 1.206 seconds
[2026-05-25T07:18:23.093+0000] {processor.py:186} INFO - Started process (PID=142) to work on /opt/airflow/dags/system_dag.py
[2026-05-25T07:18:23.100+0000] {processor.py:914} INFO - Processing file /opt/airflow/dags/system_dag.py for tasks to queue
[2026-05-25T07:18:23.113+0000] {logging_mixin.py:190} INFO - [2026-05-25T07:18:23.111+0000] {dagbag.py:588} INFO - Filling up the DagBag from /opt/airflow/dags/system_dag.py
[2026-05-25T07:18:23.265+0000] {processor.py:925} INFO - DAG(s) 'system_dag' retrieved from /opt/airflow/dags/system_dag.py
[2026-05-25T07:18:23.527+0000] {logging_mixin.py:190} INFO - [2026-05-25T07:18:23.526+0000] {dag.py:3239} INFO - Sync 1 DAGs
[2026-05-25T07:18:23.635+0000] {logging_mixin.py:190} INFO - [2026-05-25T07:18:23.635+0000] {dag.py:4180} INFO - Setting next_dagrun for system_dag to 2026-05-24T00:00:00+00:00, run_after=2026-05-25T00:00:00+00:00
[2026-05-25T07:18:23.845+0000] {processor.py:208} INFO - Processing /opt/airflow/dags/system_dag.py took 0.773 seconds
[2026-05-25T07:18:55.667+0000] {processor.py:186} INFO - Started process (PID=146) to work on /opt/airflow/dags/system_dag.py
[2026-05-25T07:18:55.671+0000] {processor.py:914} INFO - Processing file /opt/airflow/dags/system_dag.py for tasks to queue
[2026-05-25T07:18:55.683+0000] {logging_mixin.py:190} INFO - [2026-05-25T07:18:55.682+0000] {dagbag.py:588} INFO - Filling up the DagBag from /opt/airflow/dags/system_dag.py
[2026-05-25T07:18:55.945+0000] {processor.py:925} INFO - DAG(s) 'system_dag' retrieved from /opt/airflow/dags/system_dag.py
[2026-05-25T07:18:56.232+0000] {logging_mixin.py:190} INFO - [2026-05-25T07:18:56.232+0000] {dag.py:3239} INFO - Sync 1 DAGs
[2026-05-25T07:18:56.364+0000] {logging_mixin.py:190} INFO - [2026-05-25T07:18:56.364+0000] {dag.py:4180} INFO - Setting next_dagrun for system_dag to 2026-05-24T00:00:00+00:00, run_after=2026-05-25T00:00:00+00:00
[2026-05-25T07:18:56.481+0000] {processor.py:208} INFO - Processing /opt/airflow/dags/system_dag.py took 0.848 seconds
[2026-05-25T07:19:27.603+0000] {processor.py:186} INFO - Started process (PID=151) to work on /opt/airflow/dags/system_dag.py
[2026-05-25T07:19:27.609+0000] {processor.py:914} INFO - Processing file /opt/airflow/dags/system_dag.py for tasks to queue
[2026-05-25T07:19:27.625+0000] {logging_mixin.py:190} INFO - [2026-05-25T07:19:27.624+0000] {dagbag.py:588} INFO - Filling up the DagBag from /opt/airflow/dags/system_dag.py
[2026-05-25T07:19:28.008+0000] {processor.py:925} INFO - DAG(s) 'system_dag' retrieved from /opt/airflow/dags/system_dag.py
[2026-05-25T07:19:28.331+0000] {logging_mixin.py:190} INFO - [2026-05-25T07:19:28.330+0000] {dag.py:3239} INFO - Sync 1 DAGs
[2026-05-25T07:19:28.717+0000] {logging_mixin.py:190} INFO - [2026-05-25T07:19:28.717+0000] {dag.py:4180} INFO - Setting next_dagrun for system_dag to 2026-05-24T00:00:00+00:00, run_after=2026-05-25T00:00:00+00:00
[2026-05-25T07:19:28.918+0000] {processor.py:208} INFO - Processing /opt/airflow/dags/system_dag.py took 1.336 seconds
[2026-05-25T07:19:59.299+0000] {processor.py:186} INFO - Started process (PID=155) to work on /opt/airflow/dags/system_dag.py
[2026-05-25T07:19:59.300+0000] {processor.py:914} INFO - Processing file /opt/airflow/dags/system_dag.py for tasks to queue
[2026-05-25T07:19:59.302+0000] {logging_mixin.py:190} INFO - [2026-05-25T07:19:59.302+0000] {dagbag.py:588} INFO - Filling up the DagBag from /opt/airflow/dags/system_dag.py
[2026-05-25T07:19:59.339+0000] {processor.py:925} INFO - DAG(s) 'system_dag' retrieved from /opt/airflow/dags/system_dag.py
[2026-05-25T07:19:59.406+0000] {logging_mixin.py:190} INFO - [2026-05-25T07:19:59.406+0000] {dag.py:3239} INFO - Sync 1 DAGs
[2026-05-25T07:19:59.456+0000] {logging_mixin.py:190} INFO - [2026-05-25T07:19:59.456+0000] {dag.py:4180} INFO - Setting next_dagrun for system_dag to 2026-05-24T00:00:00+00:00, run_after=2026-05-25T00:00:00+00:00
[2026-05-25T07:19:59.514+0000] {processor.py:208} INFO - Processing /opt/airflow/dags/system_dag.py took 0.223 seconds
[2026-05-25T07:20:29.687+0000] {processor.py:186} INFO - Started process (PID=159) to work on /opt/airflow/dags/system_dag.py
[2026-05-25T07:20:29.691+0000] {processor.py:914} INFO - Processing file /opt/airflow/dags/system_dag.py for tasks to queue
[2026-05-25T07:20:29.699+0000] {logging_mixin.py:190} INFO - [2026-05-25T07:20:29.698+0000] {dagbag.py:588} INFO - Filling up the DagBag from /opt/airflow/dags/system_dag.py
[2026-05-25T07:20:29.747+0000] {processor.py:925} INFO - DAG(s) 'system_dag' retrieved from /opt/airflow/dags/system_dag.py
[2026-05-25T07:20:29.820+0000] {logging_mixin.py:190} INFO - [2026-05-25T07:20:29.819+0000] {dag.py:3239} INFO - Sync 1 DAGs
[2026-05-25T07:20:29.864+0000] {logging_mixin.py:190} INFO - [2026-05-25T07:20:29.864+0000] {dag.py:4180} INFO - Setting next_dagrun for system_dag to 2026-05-24T00:00:00+00:00, run_after=2026-05-25T00:00:00+00:00
[2026-05-25T07:20:29.897+0000] {processor.py:208} INFO - Processing /opt/airflow/dags/system_dag.py took 0.236 seconds
[2026-05-25T07:21:00.102+0000] {processor.py:186} INFO - Started process (PID=163) to work on /opt/airflow/dags/system_dag.py
[2026-05-25T07:21:00.103+0000] {processor.py:914} INFO - Processing file /opt/airflow/dags/system_dag.py for tasks to queue
[2026-05-25T07:21:00.105+0000] {logging_mixin.py:190} INFO - [2026-05-25T07:21:00.105+0000] {dagbag.py:588} INFO - Filling up the DagBag from /opt/airflow/dags/system_dag.py
[2026-05-25T07:21:00.149+0000] {processor.py:925} INFO - DAG(s) 'system_dag' retrieved from /opt/airflow/dags/system_dag.py
[2026-05-25T07:21:00.222+0000] {logging_mixin.py:190} INFO - [2026-05-25T07:21:00.221+0000] {dag.py:3239} INFO - Sync 1 DAGs
[2026-05-25T07:21:00.293+0000] {logging_mixin.py:190} INFO - [2026-05-25T07:21:00.293+0000] {dag.py:4180} INFO - Setting next_dagrun for system_dag to 2026-05-24T00:00:00+00:00, run_after=2026-05-25T00:00:00+00:00
[2026-05-25T07:21:00.349+0000] {processor.py:208} INFO - Processing /opt/airflow/dags/system_dag.py took 0.257 seconds
[2026-05-25T07:21:30.656+0000] {processor.py:186} INFO - Started process (PID=167) to work on /opt/airflow/dags/system_dag.py
[2026-05-25T07:21:30.658+0000] {processor.py:914} INFO - Processing file /opt/airflow/dags/system_dag.py for tasks to queue
[2026-05-25T07:21:30.667+0000] {logging_mixin.py:190} INFO - [2026-05-25T07:21:30.663+0000] {dagbag.py:588} INFO - Filling up the DagBag from /opt/airflow/dags/system_dag.py
[2026-05-25T07:21:30.790+0000] {processor.py:925} INFO - DAG(s) 'system_dag' retrieved from /opt/airflow/dags/system_dag.py
[2026-05-25T07:21:30.920+0000] {logging_mixin.py:190} INFO - [2026-05-25T07:21:30.920+0000] {dag.py:3239} INFO - Sync 1 DAGs
[2026-05-25T07:21:31.049+0000] {logging_mixin.py:190} INFO - [2026-05-25T07:21:31.049+0000] {dag.py:4180} INFO - Setting next_dagrun for system_dag to 2026-05-24T00:00:00+00:00, run_after=2026-05-25T00:00:00+00:00
[2026-05-25T07:21:31.207+0000] {processor.py:208} INFO - Processing /opt/airflow/dags/system_dag.py took 0.591 seconds
