[2026-03-18T02:57:10.691+0000] {local_task_job_runner.py:123} INFO - ::group::Pre task execution logs
[2026-03-18T02:57:10.814+0000] {taskinstance.py:2614} INFO - Dependencies all met for dep_context=non-requeueable deps ti=<TaskInstance: crawl_etl_itjob.crawl_data scheduled__2026-03-17T02:00:00+00:00 [queued]>
[2026-03-18T02:57:10.846+0000] {taskinstance.py:2614} INFO - Dependencies all met for dep_context=requeueable deps ti=<TaskInstance: crawl_etl_itjob.crawl_data scheduled__2026-03-17T02:00:00+00:00 [queued]>
[2026-03-18T02:57:10.847+0000] {taskinstance.py:2867} INFO - Starting attempt 4 of 4
[2026-03-18T02:57:10.901+0000] {taskinstance.py:2890} INFO - Executing <Task(BashOperator): crawl_data> on 2026-03-17 02:00:00+00:00
[2026-03-18T02:57:10.914+0000] {standard_task_runner.py:72} INFO - Started process 81 to run task
[2026-03-18T02:57:10.933+0000] {standard_task_runner.py:104} INFO - Running: ['***', 'tasks', 'run', 'crawl_etl_itjob', 'crawl_data', 'scheduled__2026-03-17T02:00:00+00:00', '--job-id', '667', '--raw', '--subdir', 'DAGS_FOLDER/Crawl_ETL_ITJob.py', '--cfg-path', '/tmp/tmp6sww8kw1']
[2026-03-18T02:57:10.943+0000] {standard_task_runner.py:105} INFO - Job 667: Subtask crawl_data
[2026-03-18T02:57:11.039+0000] {warnings.py:109} WARNING - /home/***/.local/lib/python3.8/site-packages/***/settings.py:209: DeprecationWarning: The sql_alchemy_conn option in [core] has been moved to the sql_alchemy_conn option in [database] - the old setting has been used, but please update your config.
  SQL_ALCHEMY_CONN = conf.get("database", "SQL_ALCHEMY_CONN")

[2026-03-18T02:57:11.225+0000] {task_command.py:467} INFO - Running <TaskInstance: crawl_etl_itjob.crawl_data scheduled__2026-03-17T02:00:00+00:00 [running]> on host b48ab74ce2ed
[2026-03-18T02:57:11.227+0000] {warnings.py:109} WARNING - /home/***/.local/lib/python3.8/site-packages/***/settings.py:470: DeprecationWarning: The sql_alchemy_conn option in [core] has been moved to the sql_alchemy_conn option in [database] - the old setting has been used, but please update your config.
  if conf.get("database", "sql_alchemy_conn") == "none://":

[2026-03-18T02:57:11.588+0000] {taskinstance.py:3134} INFO - Exporting env vars: AIRFLOW_CTX_DAG_EMAIL='hoa856856@gmail.com' AIRFLOW_CTX_DAG_OWNER='***' AIRFLOW_CTX_DAG_ID='crawl_etl_itjob' AIRFLOW_CTX_TASK_ID='crawl_data' AIRFLOW_CTX_EXECUTION_DATE='2026-03-17T02:00:00+00:00' AIRFLOW_CTX_TRY_NUMBER='4' AIRFLOW_CTX_DAG_RUN_ID='scheduled__2026-03-17T02:00:00+00:00'
[2026-03-18T02:57:11.593+0000] {taskinstance.py:732} INFO - ::endgroup::
[2026-03-18T02:57:11.645+0000] {subprocess.py:78} INFO - Tmp dir root location: /tmp
[2026-03-18T02:57:11.647+0000] {subprocess.py:88} INFO - Running command: ['/bin/bash', '-c', 'docker exec spark-submit bash -c "xvfb-run -a python3 /opt/spark/scripts/Crawl_Data.py"']
[2026-03-18T02:57:11.666+0000] {subprocess.py:99} INFO - Output:
[2026-03-18T02:57:20.791+0000] {subprocess.py:106} INFO -  Bắt đầu crawl ITviec...
[2026-03-18T02:57:21.537+0000] {subprocess.py:106} INFO - Traceback (most recent call last):
[2026-03-18T02:57:21.538+0000] {subprocess.py:106} INFO -   File "/opt/spark/scripts/Crawl_Data.py", line 253, in <module>
[2026-03-18T02:57:21.542+0000] {subprocess.py:106} INFO -     new_data_df = crawl_itviec_jobs(pages=MAX_PAGES, headless=HEADLESS_MODE)
[2026-03-18T02:57:21.543+0000] {subprocess.py:106} INFO -   File "/opt/spark/scripts/Crawl_Data.py", line 101, in crawl_itviec_jobs
[2026-03-18T02:57:21.546+0000] {subprocess.py:106} INFO -     driver = create_chrome_driver(headless=headless)
[2026-03-18T02:57:21.547+0000] {subprocess.py:106} INFO -   File "/opt/spark/scripts/Crawl_Data.py", line 88, in create_chrome_driver
[2026-03-18T02:57:21.550+0000] {subprocess.py:106} INFO -     driver = uc.Chrome(options=options, version_main=143)
[2026-03-18T02:57:21.550+0000] {subprocess.py:106} INFO -   File "/usr/local/lib/python3.10/site-packages/undetected_chromedriver/__init__.py", line 240, in __init__
[2026-03-18T02:57:21.552+0000] {subprocess.py:106} INFO -     patcher.auto()
[2026-03-18T02:57:21.553+0000] {subprocess.py:106} INFO -   File "/usr/local/lib/python3.10/site-packages/undetected_chromedriver/patcher.py", line 127, in auto
[2026-03-18T02:57:21.553+0000] {subprocess.py:106} INFO -     release = self.fetch_release_number()
[2026-03-18T02:57:21.554+0000] {subprocess.py:106} INFO -   File "/usr/local/lib/python3.10/site-packages/undetected_chromedriver/patcher.py", line 148, in fetch_release_number
[2026-03-18T02:57:21.555+0000] {subprocess.py:106} INFO -     return LooseVersion(urlopen(self.url_repo + path).read().decode())
[2026-03-18T02:57:21.555+0000] {subprocess.py:106} INFO -   File "/usr/local/lib/python3.10/urllib/request.py", line 216, in urlopen
[2026-03-18T02:57:21.556+0000] {subprocess.py:106} INFO -     return opener.open(url, data, timeout)
[2026-03-18T02:57:21.556+0000] {subprocess.py:106} INFO -   File "/usr/local/lib/python3.10/urllib/request.py", line 525, in open
[2026-03-18T02:57:21.557+0000] {subprocess.py:106} INFO -     response = meth(req, response)
[2026-03-18T02:57:21.558+0000] {subprocess.py:106} INFO -   File "/usr/local/lib/python3.10/urllib/request.py", line 634, in http_response
[2026-03-18T02:57:21.560+0000] {subprocess.py:106} INFO -     response = self.parent.error(
[2026-03-18T02:57:21.562+0000] {subprocess.py:106} INFO -   File "/usr/local/lib/python3.10/urllib/request.py", line 563, in error
[2026-03-18T02:57:21.563+0000] {subprocess.py:106} INFO -     return self._call_chain(*args)
[2026-03-18T02:57:21.563+0000] {subprocess.py:106} INFO -   File "/usr/local/lib/python3.10/urllib/request.py", line 496, in _call_chain
[2026-03-18T02:57:21.564+0000] {subprocess.py:106} INFO -     result = func(*args)
[2026-03-18T02:57:21.564+0000] {subprocess.py:106} INFO -   File "/usr/local/lib/python3.10/urllib/request.py", line 643, in http_error_default
[2026-03-18T02:57:21.564+0000] {subprocess.py:106} INFO -     raise HTTPError(req.full_url, code, msg, hdrs, fp)
[2026-03-18T02:57:21.565+0000] {subprocess.py:106} INFO - urllib.error.HTTPError: HTTP Error 404: Not Found
[2026-03-18T02:57:24.814+0000] {subprocess.py:110} INFO - Command exited with return code 1
[2026-03-18T02:57:24.879+0000] {taskinstance.py:3313} ERROR - Task failed with exception
Traceback (most recent call last):
  File "/home/airflow/.local/lib/python3.8/site-packages/airflow/models/taskinstance.py", line 763, in _execute_task
    result = _execute_callable(context=context, **execute_callable_kwargs)
  File "/home/airflow/.local/lib/python3.8/site-packages/airflow/models/taskinstance.py", line 734, in _execute_callable
    return ExecutionCallableRunner(
  File "/home/airflow/.local/lib/python3.8/site-packages/airflow/utils/operator_helpers.py", line 252, in run
    return self.func(*args, **kwargs)
  File "/home/airflow/.local/lib/python3.8/site-packages/airflow/models/baseoperator.py", line 424, in wrapper
    return func(self, *args, **kwargs)
  File "/home/airflow/.local/lib/python3.8/site-packages/airflow/operators/bash.py", line 276, in execute
    raise AirflowException(
airflow.exceptions.AirflowException: Bash command failed. The command returned a non-zero exit code 1.
[2026-03-18T02:57:24.895+0000] {taskinstance.py:1226} INFO - Marking task as FAILED. dag_id=crawl_etl_itjob, task_id=crawl_data, run_id=scheduled__2026-03-17T02:00:00+00:00, execution_date=20260317T020000, start_date=20260318T025710, end_date=20260318T025724
[2026-03-18T02:57:24.974+0000] {warnings.py:109} WARNING - /home/***/.local/lib/python3.8/site-packages/***/utils/email.py:155: RemovedInAirflow3Warning: Fetching SMTP credentials from configuration variables will be deprecated in a future release. Please set credentials using a connection instead.
  send_mime_email(e_from=mail_from, e_to=recipients, mime_msg=msg, conn_id=conn_id, dryrun=dryrun)

[2026-03-18T02:57:24.975+0000] {configuration.py:1074} WARNING - section/key [smtp/smtp_user] not found in config
[2026-03-18T02:57:24.976+0000] {email.py:272} INFO - Email alerting: attempt 1
[2026-03-18T02:57:25.017+0000] {configuration.py:1074} WARNING - section/key [smtp/smtp_user] not found in config
[2026-03-18T02:57:25.017+0000] {email.py:272} INFO - Email alerting: attempt 1
[2026-03-18T02:57:25.019+0000] {taskinstance.py:1235} ERROR - Failed to send email to: ['hoa856856@gmail.com']
Traceback (most recent call last):
  File "/home/airflow/.local/lib/python3.8/site-packages/airflow/models/taskinstance.py", line 274, in _run_raw_task
    TaskInstance._execute_task_with_callbacks(
  File "/home/airflow/.local/lib/python3.8/site-packages/airflow/models/taskinstance.py", line 3161, in _execute_task_with_callbacks
    result = self._execute_task(context, task_orig)
  File "/home/airflow/.local/lib/python3.8/site-packages/airflow/models/taskinstance.py", line 3185, in _execute_task
    return _execute_task(self, context, task_orig)
  File "/home/airflow/.local/lib/python3.8/site-packages/airflow/models/taskinstance.py", line 763, in _execute_task
    result = _execute_callable(context=context, **execute_callable_kwargs)
  File "/home/airflow/.local/lib/python3.8/site-packages/airflow/models/taskinstance.py", line 734, in _execute_callable
    return ExecutionCallableRunner(
  File "/home/airflow/.local/lib/python3.8/site-packages/airflow/utils/operator_helpers.py", line 252, in run
    return self.func(*args, **kwargs)
  File "/home/airflow/.local/lib/python3.8/site-packages/airflow/models/baseoperator.py", line 424, in wrapper
    return func(self, *args, **kwargs)
  File "/home/airflow/.local/lib/python3.8/site-packages/airflow/operators/bash.py", line 276, in execute
    raise AirflowException(
airflow.exceptions.AirflowException: Bash command failed. The command returned a non-zero exit code 1.

During handling of the above exception, another exception occurred:

Traceback (most recent call last):
  File "/home/airflow/.local/lib/python3.8/site-packages/airflow/models/taskinstance.py", line 1443, in _email_alert
    send_email(task.email, subject, html_content)
  File "/home/airflow/.local/lib/python3.8/site-packages/airflow/utils/email.py", line 80, in send_email
    return backend(
  File "/home/airflow/.local/lib/python3.8/site-packages/airflow/utils/email.py", line 155, in send_email_smtp
    send_mime_email(e_from=mail_from, e_to=recipients, mime_msg=msg, conn_id=conn_id, dryrun=dryrun)
  File "/home/airflow/.local/lib/python3.8/site-packages/airflow/utils/email.py", line 274, in send_mime_email
    smtp_conn = _get_smtp_connection(smtp_host, smtp_port, smtp_timeout, smtp_ssl)
  File "/home/airflow/.local/lib/python3.8/site-packages/airflow/utils/email.py", line 318, in _get_smtp_connection
    return smtplib.SMTP(host=host, port=port, timeout=timeout)
  File "/usr/local/lib/python3.8/smtplib.py", line 255, in __init__
    (code, msg) = self.connect(host, port)
  File "/usr/local/lib/python3.8/smtplib.py", line 339, in connect
    self.sock = self._get_socket(host, port, self.timeout)
  File "/usr/local/lib/python3.8/smtplib.py", line 310, in _get_socket
    return socket.create_connection((host, port), timeout,
  File "/usr/local/lib/python3.8/socket.py", line 808, in create_connection
    raise err
  File "/usr/local/lib/python3.8/socket.py", line 796, in create_connection
    sock.connect(sa)
ConnectionRefusedError: [Errno 111] Connection refused

During handling of the above exception, another exception occurred:

Traceback (most recent call last):
  File "/home/airflow/.local/lib/python3.8/site-packages/airflow/models/taskinstance.py", line 1233, in _handle_failure
    task_instance.email_alert(error, failure_context["task"])
  File "/home/airflow/.local/lib/python3.8/site-packages/airflow/models/taskinstance.py", line 3611, in email_alert
    _email_alert(task_instance=self, exception=exception, task=task)
  File "/home/airflow/.local/lib/python3.8/site-packages/airflow/models/taskinstance.py", line 1445, in _email_alert
    send_email(task.email, subject, html_content_err)
  File "/home/airflow/.local/lib/python3.8/site-packages/airflow/utils/email.py", line 80, in send_email
    return backend(
  File "/home/airflow/.local/lib/python3.8/site-packages/airflow/utils/email.py", line 155, in send_email_smtp
    send_mime_email(e_from=mail_from, e_to=recipients, mime_msg=msg, conn_id=conn_id, dryrun=dryrun)
  File "/home/airflow/.local/lib/python3.8/site-packages/airflow/utils/email.py", line 274, in send_mime_email
    smtp_conn = _get_smtp_connection(smtp_host, smtp_port, smtp_timeout, smtp_ssl)
  File "/home/airflow/.local/lib/python3.8/site-packages/airflow/utils/email.py", line 318, in _get_smtp_connection
    return smtplib.SMTP(host=host, port=port, timeout=timeout)
  File "/usr/local/lib/python3.8/smtplib.py", line 255, in __init__
    (code, msg) = self.connect(host, port)
  File "/usr/local/lib/python3.8/smtplib.py", line 339, in connect
    self.sock = self._get_socket(host, port, self.timeout)
  File "/usr/local/lib/python3.8/smtplib.py", line 310, in _get_socket
    return socket.create_connection((host, port), timeout,
  File "/usr/local/lib/python3.8/socket.py", line 808, in create_connection
    raise err
  File "/usr/local/lib/python3.8/socket.py", line 796, in create_connection
    sock.connect(sa)
ConnectionRefusedError: [Errno 111] Connection refused
[2026-03-18T02:57:25.133+0000] {taskinstance.py:341} INFO - ::group::Post task execution logs
[2026-03-18T02:57:25.135+0000] {standard_task_runner.py:124} ERROR - Failed to execute job 667 for task crawl_data (Bash command failed. The command returned a non-zero exit code 1.; 81)
Traceback (most recent call last):
  File "/home/airflow/.local/lib/python3.8/site-packages/airflow/task/task_runner/standard_task_runner.py", line 117, in _start_by_fork
    ret = args.func(args, dag=self.dag)
  File "/home/airflow/.local/lib/python3.8/site-packages/airflow/cli/cli_config.py", line 49, in command
    return func(*args, **kwargs)
  File "/home/airflow/.local/lib/python3.8/site-packages/airflow/utils/cli.py", line 116, in wrapper
    return f(*args, **kwargs)
  File "/home/airflow/.local/lib/python3.8/site-packages/airflow/cli/commands/task_command.py", line 483, in task_run
    task_return_code = _run_task_by_selected_method(args, _dag, ti)
  File "/home/airflow/.local/lib/python3.8/site-packages/airflow/cli/commands/task_command.py", line 256, in _run_task_by_selected_method
    return _run_raw_task(args, ti)
  File "/home/airflow/.local/lib/python3.8/site-packages/airflow/cli/commands/task_command.py", line 341, in _run_raw_task
    return ti._run_raw_task(
  File "/home/airflow/.local/lib/python3.8/site-packages/airflow/utils/session.py", line 97, in wrapper
    return func(*args, session=session, **kwargs)
  File "/home/airflow/.local/lib/python3.8/site-packages/airflow/models/taskinstance.py", line 3006, in _run_raw_task
    return _run_raw_task(
  File "/home/airflow/.local/lib/python3.8/site-packages/airflow/models/taskinstance.py", line 274, in _run_raw_task
    TaskInstance._execute_task_with_callbacks(
  File "/home/airflow/.local/lib/python3.8/site-packages/airflow/models/taskinstance.py", line 3161, in _execute_task_with_callbacks
    result = self._execute_task(context, task_orig)
  File "/home/airflow/.local/lib/python3.8/site-packages/airflow/models/taskinstance.py", line 3185, in _execute_task
    return _execute_task(self, context, task_orig)
  File "/home/airflow/.local/lib/python3.8/site-packages/airflow/models/taskinstance.py", line 763, in _execute_task
    result = _execute_callable(context=context, **execute_callable_kwargs)
  File "/home/airflow/.local/lib/python3.8/site-packages/airflow/models/taskinstance.py", line 734, in _execute_callable
    return ExecutionCallableRunner(
  File "/home/airflow/.local/lib/python3.8/site-packages/airflow/utils/operator_helpers.py", line 252, in run
    return self.func(*args, **kwargs)
  File "/home/airflow/.local/lib/python3.8/site-packages/airflow/models/baseoperator.py", line 424, in wrapper
    return func(self, *args, **kwargs)
  File "/home/airflow/.local/lib/python3.8/site-packages/airflow/operators/bash.py", line 276, in execute
    raise AirflowException(
airflow.exceptions.AirflowException: Bash command failed. The command returned a non-zero exit code 1.
[2026-03-18T02:57:25.164+0000] {local_task_job_runner.py:266} INFO - Task exited with return code 1
[2026-03-18T02:57:25.285+0000] {taskinstance.py:3901} INFO - 0 downstream tasks scheduled from follow-on schedule check
[2026-03-18T02:57:25.307+0000] {local_task_job_runner.py:245} INFO - ::endgroup::
