[2026-03-18T03:40:46.907+0000] {local_task_job_runner.py:123} INFO - ::group::Pre task execution logs
[2026-03-18T03:40:46.939+0000] {taskinstance.py:2614} INFO - Dependencies all met for dep_context=non-requeueable deps ti=<TaskInstance: crawl_etl_itjob.crawl_data scheduled__2026-03-17T02:00:00+00:00 [queued]>
[2026-03-18T03:40:46.949+0000] {taskinstance.py:2614} INFO - Dependencies all met for dep_context=requeueable deps ti=<TaskInstance: crawl_etl_itjob.crawl_data scheduled__2026-03-17T02:00:00+00:00 [queued]>
[2026-03-18T03:40:46.949+0000] {taskinstance.py:2867} INFO - Starting attempt 12 of 13
[2026-03-18T03:40:46.961+0000] {taskinstance.py:2890} INFO - Executing <Task(BashOperator): crawl_data> on 2026-03-17 02:00:00+00:00
[2026-03-18T03:40:46.966+0000] {standard_task_runner.py:72} INFO - Started process 192 to run task
[2026-03-18T03:40:46.971+0000] {standard_task_runner.py:104} INFO - Running: ['***', 'tasks', 'run', 'crawl_etl_itjob', 'crawl_data', 'scheduled__2026-03-17T02:00:00+00:00', '--job-id', '675', '--raw', '--subdir', 'DAGS_FOLDER/Crawl_ETL_ITJob.py', '--cfg-path', '/tmp/tmpg63m702d']
[2026-03-18T03:40:46.973+0000] {standard_task_runner.py:105} INFO - Job 675: Subtask crawl_data
[2026-03-18T03:40:46.997+0000] {warnings.py:109} WARNING - /home/***/.local/lib/python3.8/site-packages/***/settings.py:209: DeprecationWarning: The sql_alchemy_conn option in [core] has been moved to the sql_alchemy_conn option in [database] - the old setting has been used, but please update your config.
  SQL_ALCHEMY_CONN = conf.get("database", "SQL_ALCHEMY_CONN")

[2026-03-18T03:40:47.069+0000] {task_command.py:467} INFO - Running <TaskInstance: crawl_etl_itjob.crawl_data scheduled__2026-03-17T02:00:00+00:00 [running]> on host b48ab74ce2ed
[2026-03-18T03:40:47.070+0000] {warnings.py:109} WARNING - /home/***/.local/lib/python3.8/site-packages/***/settings.py:470: DeprecationWarning: The sql_alchemy_conn option in [core] has been moved to the sql_alchemy_conn option in [database] - the old setting has been used, but please update your config.
  if conf.get("database", "sql_alchemy_conn") == "none://":

[2026-03-18T03:40:47.212+0000] {taskinstance.py:3134} INFO - Exporting env vars: AIRFLOW_CTX_DAG_EMAIL='hoa856856@gmail.com' AIRFLOW_CTX_DAG_OWNER='***' AIRFLOW_CTX_DAG_ID='crawl_etl_itjob' AIRFLOW_CTX_TASK_ID='crawl_data' AIRFLOW_CTX_EXECUTION_DATE='2026-03-17T02:00:00+00:00' AIRFLOW_CTX_TRY_NUMBER='12' AIRFLOW_CTX_DAG_RUN_ID='scheduled__2026-03-17T02:00:00+00:00'
[2026-03-18T03:40:47.213+0000] {taskinstance.py:732} INFO - ::endgroup::
[2026-03-18T03:40:47.224+0000] {subprocess.py:78} INFO - Tmp dir root location: /tmp
[2026-03-18T03:40:47.225+0000] {subprocess.py:88} INFO - Running command: ['/bin/bash', '-c', 'docker exec spark-submit bash -c "xvfb-run -a python3 /opt/spark/scripts/Crawl_Data.py"']
[2026-03-18T03:40:47.234+0000] {subprocess.py:99} INFO - Output:
[2026-03-18T03:40:48.017+0000] {subprocess.py:106} INFO -  Bắt đầu crawl ITviec...
[2026-03-18T03:40:49.737+0000] {subprocess.py:106} INFO - 
[2026-03-18T03:40:49.737+0000] {subprocess.py:106} INFO -  Đang crawl trang 1...
[2026-03-18T03:41:16.038+0000] {subprocess.py:106} INFO -  Trang 1 chưa load đủ job-card (lần 1/3)...
[2026-03-18T03:41:48.927+0000] {subprocess.py:106} INFO -  Trang 1 chưa load đủ job-card (lần 2/3)...
[2026-03-18T03:42:21.856+0000] {subprocess.py:106} INFO -  Trang 1 chưa load đủ job-card (lần 3/3)...
[2026-03-18T03:42:34.595+0000] {subprocess.py:106} INFO -  Trang 1 vẫn không có job-card sau 3 lần reload.
[2026-03-18T03:42:34.646+0000] {subprocess.py:106} INFO -  Output file local: /opt/spark/scripts/itviec_jobs_full.csv
[2026-03-18T03:42:34.729+0000] {subprocess.py:106} INFO -  Đã đọc 4450 dòng cũ từ file local.
[2026-03-18T03:42:34.749+0000] {subprocess.py:106} INFO - Traceback (most recent call last):
[2026-03-18T03:42:34.750+0000] {subprocess.py:106} INFO -   File "/opt/spark/scripts/Crawl_Data.py", line 286, in <module>
[2026-03-18T03:42:34.752+0000] {subprocess.py:106} INFO -     combined_df.to_csv(LOCAL_FILE, index=False, encoding="utf-8-sig")
[2026-03-18T03:42:34.753+0000] {subprocess.py:106} INFO -   File "/usr/local/lib/python3.10/site-packages/pandas/util/_decorators.py", line 333, in wrapper
[2026-03-18T03:42:34.753+0000] {subprocess.py:106} INFO -     return func(*args, **kwargs)
[2026-03-18T03:42:34.754+0000] {subprocess.py:106} INFO -   File "/usr/local/lib/python3.10/site-packages/pandas/core/generic.py", line 3989, in to_csv
[2026-03-18T03:42:34.754+0000] {subprocess.py:106} INFO -     return DataFrameRenderer(formatter).to_csv(
[2026-03-18T03:42:34.755+0000] {subprocess.py:106} INFO -   File "/usr/local/lib/python3.10/site-packages/pandas/io/formats/format.py", line 1014, in to_csv
[2026-03-18T03:42:34.755+0000] {subprocess.py:106} INFO -     csv_formatter.save()
[2026-03-18T03:42:34.755+0000] {subprocess.py:106} INFO -   File "/usr/local/lib/python3.10/site-packages/pandas/io/formats/csvs.py", line 251, in save
[2026-03-18T03:42:34.756+0000] {subprocess.py:106} INFO -     with get_handle(
[2026-03-18T03:42:34.756+0000] {subprocess.py:106} INFO -   File "/usr/local/lib/python3.10/site-packages/pandas/io/common.py", line 873, in get_handle
[2026-03-18T03:42:34.757+0000] {subprocess.py:106} INFO -     handle = open(
[2026-03-18T03:42:34.757+0000] {subprocess.py:106} INFO - PermissionError: [Errno 13] Permission denied: '/opt/spark/scripts/itviec_jobs_full.csv'
[2026-03-18T03:42:34.861+0000] {subprocess.py:110} INFO - Command exited with return code 1
[2026-03-18T03:42:34.887+0000] {taskinstance.py:3313} ERROR - Task failed with exception
Traceback (most recent call last):
  File "/home/airflow/.local/lib/python3.8/site-packages/airflow/models/taskinstance.py", line 763, in _execute_task
    result = _execute_callable(context=context, **execute_callable_kwargs)
  File "/home/airflow/.local/lib/python3.8/site-packages/airflow/models/taskinstance.py", line 734, in _execute_callable
    return ExecutionCallableRunner(
  File "/home/airflow/.local/lib/python3.8/site-packages/airflow/utils/operator_helpers.py", line 252, in run
    return self.func(*args, **kwargs)
  File "/home/airflow/.local/lib/python3.8/site-packages/airflow/models/baseoperator.py", line 424, in wrapper
    return func(self, *args, **kwargs)
  File "/home/airflow/.local/lib/python3.8/site-packages/airflow/operators/bash.py", line 276, in execute
    raise AirflowException(
airflow.exceptions.AirflowException: Bash command failed. The command returned a non-zero exit code 1.
[2026-03-18T03:42:34.900+0000] {taskinstance.py:1226} INFO - Marking task as UP_FOR_RETRY. dag_id=crawl_etl_itjob, task_id=crawl_data, run_id=scheduled__2026-03-17T02:00:00+00:00, execution_date=20260317T020000, start_date=20260318T034046, end_date=20260318T034234
[2026-03-18T03:42:34.978+0000] {taskinstance.py:341} INFO - ::group::Post task execution logs
[2026-03-18T03:42:34.978+0000] {standard_task_runner.py:124} ERROR - Failed to execute job 675 for task crawl_data (Bash command failed. The command returned a non-zero exit code 1.; 192)
Traceback (most recent call last):
  File "/home/airflow/.local/lib/python3.8/site-packages/airflow/task/task_runner/standard_task_runner.py", line 117, in _start_by_fork
    ret = args.func(args, dag=self.dag)
  File "/home/airflow/.local/lib/python3.8/site-packages/airflow/cli/cli_config.py", line 49, in command
    return func(*args, **kwargs)
  File "/home/airflow/.local/lib/python3.8/site-packages/airflow/utils/cli.py", line 116, in wrapper
    return f(*args, **kwargs)
  File "/home/airflow/.local/lib/python3.8/site-packages/airflow/cli/commands/task_command.py", line 483, in task_run
    task_return_code = _run_task_by_selected_method(args, _dag, ti)
  File "/home/airflow/.local/lib/python3.8/site-packages/airflow/cli/commands/task_command.py", line 256, in _run_task_by_selected_method
    return _run_raw_task(args, ti)
  File "/home/airflow/.local/lib/python3.8/site-packages/airflow/cli/commands/task_command.py", line 341, in _run_raw_task
    return ti._run_raw_task(
  File "/home/airflow/.local/lib/python3.8/site-packages/airflow/utils/session.py", line 97, in wrapper
    return func(*args, session=session, **kwargs)
  File "/home/airflow/.local/lib/python3.8/site-packages/airflow/models/taskinstance.py", line 3006, in _run_raw_task
    return _run_raw_task(
  File "/home/airflow/.local/lib/python3.8/site-packages/airflow/models/taskinstance.py", line 274, in _run_raw_task
    TaskInstance._execute_task_with_callbacks(
  File "/home/airflow/.local/lib/python3.8/site-packages/airflow/models/taskinstance.py", line 3161, in _execute_task_with_callbacks
    result = self._execute_task(context, task_orig)
  File "/home/airflow/.local/lib/python3.8/site-packages/airflow/models/taskinstance.py", line 3185, in _execute_task
    return _execute_task(self, context, task_orig)
  File "/home/airflow/.local/lib/python3.8/site-packages/airflow/models/taskinstance.py", line 763, in _execute_task
    result = _execute_callable(context=context, **execute_callable_kwargs)
  File "/home/airflow/.local/lib/python3.8/site-packages/airflow/models/taskinstance.py", line 734, in _execute_callable
    return ExecutionCallableRunner(
  File "/home/airflow/.local/lib/python3.8/site-packages/airflow/utils/operator_helpers.py", line 252, in run
    return self.func(*args, **kwargs)
  File "/home/airflow/.local/lib/python3.8/site-packages/airflow/models/baseoperator.py", line 424, in wrapper
    return func(self, *args, **kwargs)
  File "/home/airflow/.local/lib/python3.8/site-packages/airflow/operators/bash.py", line 276, in execute
    raise AirflowException(
airflow.exceptions.AirflowException: Bash command failed. The command returned a non-zero exit code 1.
[2026-03-18T03:42:35.019+0000] {local_task_job_runner.py:266} INFO - Task exited with return code 1
[2026-03-18T03:42:35.050+0000] {taskinstance.py:3901} INFO - 0 downstream tasks scheduled from follow-on schedule check
[2026-03-18T03:42:35.052+0000] {local_task_job_runner.py:245} INFO - ::endgroup::
