[2026-04-07T09:17:00.501+0000] {local_task_job_runner.py:123} INFO - ::group::Pre task execution logs
[2026-04-07T09:17:00.534+0000] {taskinstance.py:2614} INFO - Dependencies all met for dep_context=non-requeueable deps ti=<TaskInstance: crawl_etl_itjob.load_bronze scheduled__2026-04-05T02:00:00+00:00 [queued]>
[2026-04-07T09:17:00.542+0000] {taskinstance.py:2614} INFO - Dependencies all met for dep_context=requeueable deps ti=<TaskInstance: crawl_etl_itjob.load_bronze scheduled__2026-04-05T02:00:00+00:00 [queued]>
[2026-04-07T09:17:00.543+0000] {taskinstance.py:2867} INFO - Starting attempt 4 of 5
[2026-04-07T09:17:00.553+0000] {taskinstance.py:2890} INFO - Executing <Task(BashOperator): load_bronze> on 2026-04-05 02:00:00+00:00
[2026-04-07T09:17:00.557+0000] {standard_task_runner.py:72} INFO - Started process 302 to run task
[2026-04-07T09:17:00.560+0000] {standard_task_runner.py:104} INFO - Running: ['***', 'tasks', 'run', 'crawl_etl_itjob', 'load_bronze', 'scheduled__2026-04-05T02:00:00+00:00', '--job-id', '803', '--raw', '--subdir', 'DAGS_FOLDER/Crawl_ETL_ITJob.py', '--cfg-path', '/tmp/tmpsddmk1ow']
[2026-04-07T09:17:00.562+0000] {standard_task_runner.py:105} INFO - Job 803: Subtask load_bronze
[2026-04-07T09:17:00.582+0000] {warnings.py:109} WARNING - /home/***/.local/lib/python3.8/site-packages/***/settings.py:209: DeprecationWarning: The sql_alchemy_conn option in [core] has been moved to the sql_alchemy_conn option in [database] - the old setting has been used, but please update your config.
  SQL_ALCHEMY_CONN = conf.get("database", "SQL_ALCHEMY_CONN")

[2026-04-07T09:17:00.649+0000] {task_command.py:467} INFO - Running <TaskInstance: crawl_etl_itjob.load_bronze scheduled__2026-04-05T02:00:00+00:00 [running]> on host b48ab74ce2ed
[2026-04-07T09:17:00.650+0000] {warnings.py:109} WARNING - /home/***/.local/lib/python3.8/site-packages/***/settings.py:470: DeprecationWarning: The sql_alchemy_conn option in [core] has been moved to the sql_alchemy_conn option in [database] - the old setting has been used, but please update your config.
  if conf.get("database", "sql_alchemy_conn") == "none://":

[2026-04-07T09:17:00.761+0000] {taskinstance.py:3134} INFO - Exporting env vars: AIRFLOW_CTX_DAG_EMAIL='hoa856856@gmail.com' AIRFLOW_CTX_DAG_OWNER='***' AIRFLOW_CTX_DAG_ID='crawl_etl_itjob' AIRFLOW_CTX_TASK_ID='load_bronze' AIRFLOW_CTX_EXECUTION_DATE='2026-04-05T02:00:00+00:00' AIRFLOW_CTX_TRY_NUMBER='4' AIRFLOW_CTX_DAG_RUN_ID='scheduled__2026-04-05T02:00:00+00:00'
[2026-04-07T09:17:00.762+0000] {taskinstance.py:732} INFO - ::endgroup::
[2026-04-07T09:17:00.773+0000] {subprocess.py:78} INFO - Tmp dir root location: /tmp
[2026-04-07T09:17:00.774+0000] {subprocess.py:88} INFO - Running command: ['/bin/bash', '-c', "\n        docker exec spark-submit bash -c '\n        /opt/spark/bin/spark-submit         --master spark://spark-master:7077         --deploy-mode client         --packages org.apache.iceberg:iceberg-spark-runtime-3.5_2.12:1.5.0,org.apache.hadoop:hadoop-aws:3.3.4,com.amazonaws:aws-java-sdk-bundle:1.12.262         /opt/spark/scripts/Load_Bronze.py\n        '\n        "]
[2026-04-07T09:17:00.783+0000] {subprocess.py:99} INFO - Output:
[2026-04-07T09:17:00.883+0000] {subprocess.py:106} INFO - /opt/spark/bin/load-spark-env.sh: line 68: ps: command not found
[2026-04-07T09:17:02.487+0000] {subprocess.py:106} INFO - :: loading settings :: url = jar:file:/opt/spark/jars/ivy-2.5.1.jar!/org/apache/ivy/core/settings/ivysettings.xml
[2026-04-07T09:17:02.573+0000] {subprocess.py:106} INFO - Ivy Default Cache set to: /home/spark/.ivy2/cache
[2026-04-07T09:17:02.573+0000] {subprocess.py:106} INFO - The jars for the packages stored in: /home/spark/.ivy2/jars
[2026-04-07T09:17:02.580+0000] {subprocess.py:106} INFO - org.apache.iceberg#iceberg-spark-runtime-3.5_2.12 added as a dependency
[2026-04-07T09:17:02.581+0000] {subprocess.py:106} INFO - org.apache.hadoop#hadoop-aws added as a dependency
[2026-04-07T09:17:02.581+0000] {subprocess.py:106} INFO - com.amazonaws#aws-java-sdk-bundle added as a dependency
[2026-04-07T09:17:02.582+0000] {subprocess.py:106} INFO - :: resolving dependencies :: org.apache.spark#spark-submit-parent-71f64dba-5bf4-4647-8b63-bdd8c8c8da5f;1.0
[2026-04-07T09:17:02.582+0000] {subprocess.py:106} INFO - 	confs: [default]
[2026-04-07T09:17:02.681+0000] {subprocess.py:106} INFO - 	found org.apache.iceberg#iceberg-spark-runtime-3.5_2.12;1.5.0 in central
[2026-04-07T09:17:02.758+0000] {subprocess.py:106} INFO - 	found org.apache.hadoop#hadoop-aws;3.3.4 in central
[2026-04-07T09:17:02.781+0000] {subprocess.py:106} INFO - 	found com.amazonaws#aws-java-sdk-bundle;1.12.262 in central
[2026-04-07T09:17:02.808+0000] {subprocess.py:106} INFO - 	found org.wildfly.openssl#wildfly-openssl;1.0.7.Final in central
[2026-04-07T09:17:02.833+0000] {subprocess.py:106} INFO - :: resolution report :: resolve 241ms :: artifacts dl 11ms
[2026-04-07T09:17:02.833+0000] {subprocess.py:106} INFO - 	:: modules in use:
[2026-04-07T09:17:02.834+0000] {subprocess.py:106} INFO - 	com.amazonaws#aws-java-sdk-bundle;1.12.262 from central in [default]
[2026-04-07T09:17:02.835+0000] {subprocess.py:106} INFO - 	org.apache.hadoop#hadoop-aws;3.3.4 from central in [default]
[2026-04-07T09:17:02.835+0000] {subprocess.py:106} INFO - 	org.apache.iceberg#iceberg-spark-runtime-3.5_2.12;1.5.0 from central in [default]
[2026-04-07T09:17:02.836+0000] {subprocess.py:106} INFO - 	org.wildfly.openssl#wildfly-openssl;1.0.7.Final from central in [default]
[2026-04-07T09:17:02.836+0000] {subprocess.py:106} INFO - 	---------------------------------------------------------------------
[2026-04-07T09:17:02.837+0000] {subprocess.py:106} INFO - 	|                  |            modules            ||   artifacts   |
[2026-04-07T09:17:02.837+0000] {subprocess.py:106} INFO - 	|       conf       | number| search|dwnlded|evicted|| number|dwnlded|
[2026-04-07T09:17:02.838+0000] {subprocess.py:106} INFO - 	---------------------------------------------------------------------
[2026-04-07T09:17:02.839+0000] {subprocess.py:106} INFO - 	|      default     |   4   |   0   |   0   |   0   ||   4   |   0   |
[2026-04-07T09:17:02.839+0000] {subprocess.py:106} INFO - 	---------------------------------------------------------------------
[2026-04-07T09:17:02.840+0000] {subprocess.py:106} INFO - :: retrieving :: org.apache.spark#spark-submit-parent-71f64dba-5bf4-4647-8b63-bdd8c8c8da5f
[2026-04-07T09:17:02.840+0000] {subprocess.py:106} INFO - 	confs: [default]
[2026-04-07T09:17:02.848+0000] {subprocess.py:106} INFO - 	0 artifacts copied, 4 already retrieved (0kB/8ms)
[2026-04-07T09:17:03.059+0000] {subprocess.py:106} INFO - 26/04/07 09:17:03 WARN NativeCodeLoader: Unable to load native-hadoop library for your platform... using builtin-java classes where applicable
[2026-04-07T09:17:04.175+0000] {subprocess.py:106} INFO - 26/04/07 09:17:04 INFO SparkContext: Running Spark version 3.5.3
[2026-04-07T09:17:04.176+0000] {subprocess.py:106} INFO - 26/04/07 09:17:04 INFO SparkContext: OS info Linux, 6.6.87.2-microsoft-standard-WSL2, amd64
[2026-04-07T09:17:04.177+0000] {subprocess.py:106} INFO - 26/04/07 09:17:04 INFO SparkContext: Java version 11.0.30
[2026-04-07T09:17:04.219+0000] {subprocess.py:106} INFO - 26/04/07 09:17:04 INFO ResourceUtils: ==============================================================
[2026-04-07T09:17:04.221+0000] {subprocess.py:106} INFO - 26/04/07 09:17:04 INFO ResourceUtils: No custom resources configured for spark.driver.
[2026-04-07T09:17:04.222+0000] {subprocess.py:106} INFO - 26/04/07 09:17:04 INFO ResourceUtils: ==============================================================
[2026-04-07T09:17:04.223+0000] {subprocess.py:106} INFO - 26/04/07 09:17:04 INFO SparkContext: Submitted application: Load_Bronze_MinIO_Iceberg
[2026-04-07T09:17:04.269+0000] {subprocess.py:106} INFO - 26/04/07 09:17:04 INFO ResourceProfile: Default ResourceProfile created, executor resources: Map(memory -> name: memory, amount: 1024, script: , vendor: , offHeap -> name: offHeap, amount: 0, script: , vendor: ), task resources: Map(cpus -> name: cpus, amount: 1.0)
[2026-04-07T09:17:04.286+0000] {subprocess.py:106} INFO - 26/04/07 09:17:04 INFO ResourceProfile: Limiting resource is cpu
[2026-04-07T09:17:04.287+0000] {subprocess.py:106} INFO - 26/04/07 09:17:04 INFO ResourceProfileManager: Added ResourceProfile id: 0
[2026-04-07T09:17:04.352+0000] {subprocess.py:106} INFO - 26/04/07 09:17:04 INFO SecurityManager: Changing view acls to: spark
[2026-04-07T09:17:04.353+0000] {subprocess.py:106} INFO - 26/04/07 09:17:04 INFO SecurityManager: Changing modify acls to: spark
[2026-04-07T09:17:04.354+0000] {subprocess.py:106} INFO - 26/04/07 09:17:04 INFO SecurityManager: Changing view acls groups to:
[2026-04-07T09:17:04.354+0000] {subprocess.py:106} INFO - 26/04/07 09:17:04 INFO SecurityManager: Changing modify acls groups to:
[2026-04-07T09:17:04.355+0000] {subprocess.py:106} INFO - 26/04/07 09:17:04 INFO SecurityManager: SecurityManager: authentication disabled; ui acls disabled; users with view permissions: spark; groups with view permissions: EMPTY; users with modify permissions: spark; groups with modify permissions: EMPTY
[2026-04-07T09:17:04.633+0000] {subprocess.py:106} INFO - 26/04/07 09:17:04 INFO Utils: Successfully started service 'sparkDriver' on port 43419.
[2026-04-07T09:17:04.660+0000] {subprocess.py:106} INFO - 26/04/07 09:17:04 INFO SparkEnv: Registering MapOutputTracker
[2026-04-07T09:17:04.689+0000] {subprocess.py:106} INFO - 26/04/07 09:17:04 INFO SparkEnv: Registering BlockManagerMaster
[2026-04-07T09:17:04.702+0000] {subprocess.py:106} INFO - 26/04/07 09:17:04 INFO BlockManagerMasterEndpoint: Using org.apache.spark.storage.DefaultTopologyMapper for getting topology information
[2026-04-07T09:17:04.703+0000] {subprocess.py:106} INFO - 26/04/07 09:17:04 INFO BlockManagerMasterEndpoint: BlockManagerMasterEndpoint up
[2026-04-07T09:17:04.707+0000] {subprocess.py:106} INFO - 26/04/07 09:17:04 INFO SparkEnv: Registering BlockManagerMasterHeartbeat
[2026-04-07T09:17:04.729+0000] {subprocess.py:106} INFO - 26/04/07 09:17:04 INFO DiskBlockManager: Created local directory at /tmp/blockmgr-974a83cf-f0ce-4f32-aab8-f09ed4931a6e
[2026-04-07T09:17:04.740+0000] {subprocess.py:106} INFO - 26/04/07 09:17:04 INFO MemoryStore: MemoryStore started with capacity 434.4 MiB
[2026-04-07T09:17:04.752+0000] {subprocess.py:106} INFO - 26/04/07 09:17:04 INFO SparkEnv: Registering OutputCommitCoordinator
[2026-04-07T09:17:04.855+0000] {subprocess.py:106} INFO - 26/04/07 09:17:04 INFO JettyUtils: Start Jetty 0.0.0.0:4040 for SparkUI
[2026-04-07T09:17:04.916+0000] {subprocess.py:106} INFO - 26/04/07 09:17:04 INFO Utils: Successfully started service 'SparkUI' on port 4040.
[2026-04-07T09:17:04.970+0000] {subprocess.py:106} INFO - 26/04/07 09:17:04 INFO SparkContext: Added JAR file:///home/spark/.ivy2/jars/org.apache.iceberg_iceberg-spark-runtime-3.5_2.12-1.5.0.jar at spark://d0f687c55036:43419/jars/org.apache.iceberg_iceberg-spark-runtime-3.5_2.12-1.5.0.jar with timestamp 1775553424159
[2026-04-07T09:17:04.971+0000] {subprocess.py:106} INFO - 26/04/07 09:17:04 INFO SparkContext: Added JAR file:///home/spark/.ivy2/jars/org.apache.hadoop_hadoop-aws-3.3.4.jar at spark://d0f687c55036:43419/jars/org.apache.hadoop_hadoop-aws-3.3.4.jar with timestamp 1775553424159
[2026-04-07T09:17:04.972+0000] {subprocess.py:106} INFO - 26/04/07 09:17:04 INFO SparkContext: Added JAR file:///home/spark/.ivy2/jars/com.amazonaws_aws-java-sdk-bundle-1.12.262.jar at spark://d0f687c55036:43419/jars/com.amazonaws_aws-java-sdk-bundle-1.12.262.jar with timestamp 1775553424159
[2026-04-07T09:17:04.973+0000] {subprocess.py:106} INFO - 26/04/07 09:17:04 INFO SparkContext: Added JAR file:///home/spark/.ivy2/jars/org.wildfly.openssl_wildfly-openssl-1.0.7.Final.jar at spark://d0f687c55036:43419/jars/org.wildfly.openssl_wildfly-openssl-1.0.7.Final.jar with timestamp 1775553424159
[2026-04-07T09:17:04.980+0000] {subprocess.py:106} INFO - 26/04/07 09:17:04 INFO SparkContext: Added file file:///home/spark/.ivy2/jars/org.apache.iceberg_iceberg-spark-runtime-3.5_2.12-1.5.0.jar at spark://d0f687c55036:43419/files/org.apache.iceberg_iceberg-spark-runtime-3.5_2.12-1.5.0.jar with timestamp 1775553424159
[2026-04-07T09:17:04.982+0000] {subprocess.py:106} INFO - 26/04/07 09:17:04 INFO Utils: Copying /home/spark/.ivy2/jars/org.apache.iceberg_iceberg-spark-runtime-3.5_2.12-1.5.0.jar to /tmp/spark-73343e87-ccd9-4779-9433-932988052250/userFiles-e5843b0d-2613-465b-a030-903d2814280f/org.apache.iceberg_iceberg-spark-runtime-3.5_2.12-1.5.0.jar
[2026-04-07T09:17:05.188+0000] {subprocess.py:106} INFO - 26/04/07 09:17:05 INFO SparkContext: Added file file:///home/spark/.ivy2/jars/org.apache.hadoop_hadoop-aws-3.3.4.jar at spark://d0f687c55036:43419/files/org.apache.hadoop_hadoop-aws-3.3.4.jar with timestamp 1775553424159
[2026-04-07T09:17:05.192+0000] {subprocess.py:106} INFO - 26/04/07 09:17:05 INFO Utils: Copying /home/spark/.ivy2/jars/org.apache.hadoop_hadoop-aws-3.3.4.jar to /tmp/spark-73343e87-ccd9-4779-9433-932988052250/userFiles-e5843b0d-2613-465b-a030-903d2814280f/org.apache.hadoop_hadoop-aws-3.3.4.jar
[2026-04-07T09:17:05.196+0000] {subprocess.py:106} INFO - 26/04/07 09:17:05 INFO SparkContext: Added file file:///home/spark/.ivy2/jars/com.amazonaws_aws-java-sdk-bundle-1.12.262.jar at spark://d0f687c55036:43419/files/com.amazonaws_aws-java-sdk-bundle-1.12.262.jar with timestamp 1775553424159
[2026-04-07T09:17:05.201+0000] {subprocess.py:106} INFO - 26/04/07 09:17:05 INFO Utils: Copying /home/spark/.ivy2/jars/com.amazonaws_aws-java-sdk-bundle-1.12.262.jar to /tmp/spark-73343e87-ccd9-4779-9433-932988052250/userFiles-e5843b0d-2613-465b-a030-903d2814280f/com.amazonaws_aws-java-sdk-bundle-1.12.262.jar
[2026-04-07T09:17:06.535+0000] {subprocess.py:106} INFO - 26/04/07 09:17:06 INFO SparkContext: Added file file:///home/spark/.ivy2/jars/org.wildfly.openssl_wildfly-openssl-1.0.7.Final.jar at spark://d0f687c55036:43419/files/org.wildfly.openssl_wildfly-openssl-1.0.7.Final.jar with timestamp 1775553424159
[2026-04-07T09:17:06.536+0000] {subprocess.py:106} INFO - 26/04/07 09:17:06 INFO Utils: Copying /home/spark/.ivy2/jars/org.wildfly.openssl_wildfly-openssl-1.0.7.Final.jar to /tmp/spark-73343e87-ccd9-4779-9433-932988052250/userFiles-e5843b0d-2613-465b-a030-903d2814280f/org.wildfly.openssl_wildfly-openssl-1.0.7.Final.jar
[2026-04-07T09:17:06.623+0000] {subprocess.py:106} INFO - 26/04/07 09:17:06 INFO StandaloneAppClient$ClientEndpoint: Connecting to master spark://spark-master:7077...
[2026-04-07T09:17:06.666+0000] {subprocess.py:106} INFO - 26/04/07 09:17:06 INFO TransportClientFactory: Successfully created connection to spark-master/172.30.0.6:7077 after 26 ms (0 ms spent in bootstraps)
[2026-04-07T09:17:06.761+0000] {subprocess.py:106} INFO - 26/04/07 09:17:06 INFO StandaloneSchedulerBackend: Connected to Spark cluster with app ID app-20260407091706-0016
[2026-04-07T09:17:06.763+0000] {subprocess.py:106} INFO - 26/04/07 09:17:06 INFO StandaloneAppClient$ClientEndpoint: Executor added: app-20260407091706-0016/0 on worker-20260407071422-172.30.0.7-40989 (172.30.0.7:40989) with 8 core(s)
[2026-04-07T09:17:06.765+0000] {subprocess.py:106} INFO - 26/04/07 09:17:06 INFO StandaloneSchedulerBackend: Granted executor ID app-20260407091706-0016/0 on hostPort 172.30.0.7:40989 with 8 core(s), 1024.0 MiB RAM
[2026-04-07T09:17:06.776+0000] {subprocess.py:106} INFO - 26/04/07 09:17:06 INFO Utils: Successfully started service 'org.apache.spark.network.netty.NettyBlockTransferService' on port 40853.
[2026-04-07T09:17:06.777+0000] {subprocess.py:106} INFO - 26/04/07 09:17:06 INFO NettyBlockTransferService: Server created on d0f687c55036:40853
[2026-04-07T09:17:06.778+0000] {subprocess.py:106} INFO - 26/04/07 09:17:06 INFO BlockManager: Using org.apache.spark.storage.RandomBlockReplicationPolicy for block replication policy
[2026-04-07T09:17:06.789+0000] {subprocess.py:106} INFO - 26/04/07 09:17:06 INFO BlockManagerMaster: Registering BlockManager BlockManagerId(driver, d0f687c55036, 40853, None)
[2026-04-07T09:17:06.795+0000] {subprocess.py:106} INFO - 26/04/07 09:17:06 INFO BlockManagerMasterEndpoint: Registering block manager d0f687c55036:40853 with 434.4 MiB RAM, BlockManagerId(driver, d0f687c55036, 40853, None)
[2026-04-07T09:17:06.799+0000] {subprocess.py:106} INFO - 26/04/07 09:17:06 INFO BlockManagerMaster: Registered BlockManager BlockManagerId(driver, d0f687c55036, 40853, None)
[2026-04-07T09:17:06.801+0000] {subprocess.py:106} INFO - 26/04/07 09:17:06 INFO BlockManager: Initialized BlockManager: BlockManagerId(driver, d0f687c55036, 40853, None)
[2026-04-07T09:17:04.342+0000] {subprocess.py:106} INFO - 26/04/07 09:17:04 INFO StandaloneSchedulerBackend: SchedulerBackend is ready for scheduling beginning after reached minRegisteredResourcesRatio: 0.0
[2026-04-07T09:17:10.539+0000] {subprocess.py:106} INFO - 26/04/07 09:17:10 INFO StandaloneAppClient$ClientEndpoint: Executor updated: app-20260407091706-0016/0 is now RUNNING
[2026-04-07T09:17:10.763+0000] {subprocess.py:106} INFO - Reading data from: s3a://warehouse/raw/itviec_jobs_full.csv
[2026-04-07T09:17:10.781+0000] {subprocess.py:106} INFO - 26/04/07 09:17:10 INFO SharedState: Setting hive.metastore.warehouse.dir ('null') to the value of spark.sql.warehouse.dir.
[2026-04-07T09:17:10.785+0000] {subprocess.py:106} INFO - 26/04/07 09:17:10 INFO SharedState: Warehouse path is 'file:/opt/spark/spark-warehouse'.
[2026-04-07T09:17:12.863+0000] {subprocess.py:106} INFO - 26/04/07 09:17:12 WARN MetricsConfig: Cannot locate configuration: tried hadoop-metrics2-s3a-file-system.properties,hadoop-metrics2.properties
[2026-04-07T09:17:12.880+0000] {subprocess.py:106} INFO - 26/04/07 09:17:12 INFO MetricsSystemImpl: Scheduled Metric snapshot period at 10 second(s).
[2026-04-07T09:17:12.881+0000] {subprocess.py:106} INFO - 26/04/07 09:17:12 INFO MetricsSystemImpl: s3a-file-system metrics system started
[2026-04-07T09:17:14.419+0000] {subprocess.py:106} INFO - 26/04/07 09:17:14 INFO InMemoryFileIndex: It took 104 ms to list leaf files for 1 paths.
[2026-04-07T09:17:14.455+0000] {subprocess.py:106} INFO - 26/04/07 09:17:14 INFO StandaloneSchedulerBackend$StandaloneDriverEndpoint: Registered executor NettyRpcEndpointRef(spark-client://Executor) (172.30.0.7:55328) with ID 0,  ResourceProfileId 0
[2026-04-07T09:17:14.557+0000] {subprocess.py:106} INFO - 26/04/07 09:17:14 INFO BlockManagerMasterEndpoint: Registering block manager 172.30.0.7:33881 with 434.4 MiB RAM, BlockManagerId(0, 172.30.0.7, 33881, None)
[2026-04-07T09:17:14.598+0000] {subprocess.py:106} INFO - 26/04/07 09:17:14 INFO MemoryStore: Block broadcast_0 stored as values in memory (estimated size 206.2 KiB, free 434.2 MiB)
[2026-04-07T09:17:14.707+0000] {subprocess.py:106} INFO - 26/04/07 09:17:14 INFO MemoryStore: Block broadcast_0_piece0 stored as bytes in memory (estimated size 36.1 KiB, free 434.2 MiB)
[2026-04-07T09:17:14.713+0000] {subprocess.py:106} INFO - 26/04/07 09:17:14 INFO BlockManagerInfo: Added broadcast_0_piece0 in memory on d0f687c55036:40853 (size: 36.1 KiB, free: 434.4 MiB)
[2026-04-07T09:17:14.722+0000] {subprocess.py:106} INFO - 26/04/07 09:17:14 INFO SparkContext: Created broadcast 0 from csv at NativeMethodAccessorImpl.java:0
[2026-04-07T09:17:15.202+0000] {subprocess.py:106} INFO - 26/04/07 09:17:15 INFO FileInputFormat: Total input files to process : 1
[2026-04-07T09:17:15.218+0000] {subprocess.py:106} INFO - 26/04/07 09:17:15 INFO FileInputFormat: Total input files to process : 1
[2026-04-07T09:17:15.287+0000] {subprocess.py:106} INFO - 26/04/07 09:17:15 INFO SparkContext: Starting job: csv at NativeMethodAccessorImpl.java:0
[2026-04-07T09:17:15.328+0000] {subprocess.py:106} INFO - 26/04/07 09:17:15 INFO DAGScheduler: Got job 0 (csv at NativeMethodAccessorImpl.java:0) with 1 output partitions
[2026-04-07T09:17:15.331+0000] {subprocess.py:106} INFO - 26/04/07 09:17:15 INFO DAGScheduler: Final stage: ResultStage 0 (csv at NativeMethodAccessorImpl.java:0)
[2026-04-07T09:17:15.331+0000] {subprocess.py:106} INFO - 26/04/07 09:17:15 INFO DAGScheduler: Parents of final stage: List()
[2026-04-07T09:17:15.332+0000] {subprocess.py:106} INFO - 26/04/07 09:17:15 INFO DAGScheduler: Missing parents: List()
[2026-04-07T09:17:15.341+0000] {subprocess.py:106} INFO - 26/04/07 09:17:15 INFO DAGScheduler: Submitting ResultStage 0 (MapPartitionsRDD[2] at csv at NativeMethodAccessorImpl.java:0), which has no missing parents
[2026-04-07T09:17:15.392+0000] {subprocess.py:106} INFO - 26/04/07 09:17:15 INFO MemoryStore: Block broadcast_1 stored as values in memory (estimated size 7.6 KiB, free 434.2 MiB)
[2026-04-07T09:17:15.408+0000] {subprocess.py:106} INFO - 26/04/07 09:17:15 INFO MemoryStore: Block broadcast_1_piece0 stored as bytes in memory (estimated size 4.4 KiB, free 434.2 MiB)
[2026-04-07T09:17:15.409+0000] {subprocess.py:106} INFO - 26/04/07 09:17:15 INFO BlockManagerInfo: Added broadcast_1_piece0 in memory on d0f687c55036:40853 (size: 4.4 KiB, free: 434.4 MiB)
[2026-04-07T09:17:15.412+0000] {subprocess.py:106} INFO - 26/04/07 09:17:15 INFO SparkContext: Created broadcast 1 from broadcast at DAGScheduler.scala:1585
[2026-04-07T09:17:15.449+0000] {subprocess.py:106} INFO - 26/04/07 09:17:15 INFO DAGScheduler: Submitting 1 missing tasks from ResultStage 0 (MapPartitionsRDD[2] at csv at NativeMethodAccessorImpl.java:0) (first 15 tasks are for partitions Vector(0))
[2026-04-07T09:17:15.454+0000] {subprocess.py:106} INFO - 26/04/07 09:17:15 INFO TaskSchedulerImpl: Adding task set 0.0 with 1 tasks resource profile 0
[2026-04-07T09:17:19.150+0000] {subprocess.py:106} INFO - 26/04/07 09:17:19 INFO TaskSetManager: Starting task 0.0 in stage 0.0 (TID 0) (172.30.0.7, executor 0, partition 0, PROCESS_LOCAL, 10108 bytes)
[2026-04-07T09:17:19.488+0000] {subprocess.py:106} INFO - 26/04/07 09:17:19 INFO BlockManagerInfo: Added broadcast_1_piece0 in memory on 172.30.0.7:33881 (size: 4.4 KiB, free: 434.4 MiB)
[2026-04-07T09:17:19.694+0000] {subprocess.py:106} INFO - 26/04/07 09:17:19 INFO BlockManagerInfo: Added broadcast_0_piece0 in memory on 172.30.0.7:33881 (size: 36.1 KiB, free: 434.4 MiB)
[2026-04-07T09:17:21.316+0000] {subprocess.py:106} INFO - 26/04/07 09:17:21 INFO TaskSetManager: Finished task 0.0 in stage 0.0 (TID 0) in 2183 ms on 172.30.0.7 (executor 0) (1/1)
[2026-04-07T09:17:21.321+0000] {subprocess.py:106} INFO - 26/04/07 09:17:21 INFO TaskSchedulerImpl: Removed TaskSet 0.0, whose tasks have all completed, from pool
[2026-04-07T09:17:21.324+0000] {subprocess.py:106} INFO - 26/04/07 09:17:21 INFO DAGScheduler: ResultStage 0 (csv at NativeMethodAccessorImpl.java:0) finished in 5.942 s
[2026-04-07T09:17:21.329+0000] {subprocess.py:106} INFO - 26/04/07 09:17:21 INFO DAGScheduler: Job 0 is finished. Cancelling potential speculative or zombie tasks for this job
[2026-04-07T09:17:21.329+0000] {subprocess.py:106} INFO - 26/04/07 09:17:21 INFO TaskSchedulerImpl: Killing all running tasks in stage 0: Stage finished
[2026-04-07T09:17:21.333+0000] {subprocess.py:106} INFO - 26/04/07 09:17:21 INFO DAGScheduler: Job 0 finished: csv at NativeMethodAccessorImpl.java:0, took 6.046946 s
[2026-04-07T09:17:21.389+0000] {subprocess.py:106} INFO - 26/04/07 09:17:21 INFO SparkContext: Starting job: csv at NativeMethodAccessorImpl.java:0
[2026-04-07T09:17:21.391+0000] {subprocess.py:106} INFO - 26/04/07 09:17:21 INFO DAGScheduler: Got job 1 (csv at NativeMethodAccessorImpl.java:0) with 1 output partitions
[2026-04-07T09:17:21.397+0000] {subprocess.py:106} INFO - 26/04/07 09:17:21 INFO DAGScheduler: Final stage: ResultStage 1 (csv at NativeMethodAccessorImpl.java:0)
[2026-04-07T09:17:21.398+0000] {subprocess.py:106} INFO - 26/04/07 09:17:21 INFO DAGScheduler: Parents of final stage: List()
[2026-04-07T09:17:21.399+0000] {subprocess.py:106} INFO - 26/04/07 09:17:21 INFO DAGScheduler: Missing parents: List()
[2026-04-07T09:17:21.400+0000] {subprocess.py:106} INFO - 26/04/07 09:17:21 INFO DAGScheduler: Submitting ResultStage 1 (MapPartitionsRDD[3] at csv at NativeMethodAccessorImpl.java:0), which has no missing parents
[2026-04-07T09:17:21.401+0000] {subprocess.py:106} INFO - 26/04/07 09:17:21 INFO MemoryStore: Block broadcast_2 stored as values in memory (estimated size 10.1 KiB, free 434.1 MiB)
[2026-04-07T09:17:21.423+0000] {subprocess.py:106} INFO - 26/04/07 09:17:21 INFO MemoryStore: Block broadcast_2_piece0 stored as bytes in memory (estimated size 5.4 KiB, free 434.1 MiB)
[2026-04-07T09:17:21.428+0000] {subprocess.py:106} INFO - 26/04/07 09:17:21 INFO BlockManagerInfo: Added broadcast_2_piece0 in memory on d0f687c55036:40853 (size: 5.4 KiB, free: 434.4 MiB)
[2026-04-07T09:17:21.430+0000] {subprocess.py:106} INFO - 26/04/07 09:17:21 INFO SparkContext: Created broadcast 2 from broadcast at DAGScheduler.scala:1585
[2026-04-07T09:17:21.431+0000] {subprocess.py:106} INFO - 26/04/07 09:17:21 INFO DAGScheduler: Submitting 1 missing tasks from ResultStage 1 (MapPartitionsRDD[3] at csv at NativeMethodAccessorImpl.java:0) (first 15 tasks are for partitions Vector(0))
[2026-04-07T09:17:21.438+0000] {subprocess.py:106} INFO - 26/04/07 09:17:21 INFO TaskSchedulerImpl: Adding task set 1.0 with 1 tasks resource profile 0
[2026-04-07T09:17:21.439+0000] {subprocess.py:106} INFO - 26/04/07 09:17:21 INFO TaskSetManager: Starting task 0.0 in stage 1.0 (TID 1) (172.30.0.7, executor 0, partition 0, PROCESS_LOCAL, 10108 bytes)
[2026-04-07T09:17:21.493+0000] {subprocess.py:106} INFO - 26/04/07 09:17:21 INFO BlockManagerInfo: Removed broadcast_1_piece0 on d0f687c55036:40853 in memory (size: 4.4 KiB, free: 434.4 MiB)
[2026-04-07T09:17:21.508+0000] {subprocess.py:106} INFO - 26/04/07 09:17:21 INFO BlockManagerInfo: Removed broadcast_1_piece0 on 172.30.0.7:33881 in memory (size: 4.4 KiB, free: 434.4 MiB)
[2026-04-07T09:17:21.513+0000] {subprocess.py:106} INFO - 26/04/07 09:17:21 INFO BlockManagerInfo: Added broadcast_2_piece0 in memory on 172.30.0.7:33881 (size: 5.4 KiB, free: 434.4 MiB)
[2026-04-07T09:17:22.477+0000] {subprocess.py:106} INFO - 26/04/07 09:17:22 INFO TaskSetManager: Finished task 0.0 in stage 1.0 (TID 1) in 1059 ms on 172.30.0.7 (executor 0) (1/1)
[2026-04-07T09:17:22.478+0000] {subprocess.py:106} INFO - 26/04/07 09:17:22 INFO TaskSchedulerImpl: Removed TaskSet 1.0, whose tasks have all completed, from pool
[2026-04-07T09:17:22.479+0000] {subprocess.py:106} INFO - 26/04/07 09:17:22 INFO DAGScheduler: ResultStage 1 (csv at NativeMethodAccessorImpl.java:0) finished in 1.082 s
[2026-04-07T09:17:22.480+0000] {subprocess.py:106} INFO - 26/04/07 09:17:22 INFO DAGScheduler: Job 1 is finished. Cancelling potential speculative or zombie tasks for this job
[2026-04-07T09:17:22.480+0000] {subprocess.py:106} INFO - 26/04/07 09:17:22 INFO TaskSchedulerImpl: Killing all running tasks in stage 1: Stage finished
[2026-04-07T09:17:22.487+0000] {subprocess.py:106} INFO - 26/04/07 09:17:22 INFO DAGScheduler: Job 1 finished: csv at NativeMethodAccessorImpl.java:0, took 1.097843 s
[2026-04-07T09:17:22.710+0000] {subprocess.py:106} INFO - 26/04/07 09:17:22 INFO BlockManagerInfo: Removed broadcast_2_piece0 on d0f687c55036:40853 in memory (size: 5.4 KiB, free: 434.4 MiB)
[2026-04-07T09:17:22.712+0000] {subprocess.py:106} INFO - 26/04/07 09:17:22 INFO BlockManagerInfo: Removed broadcast_2_piece0 on 172.30.0.7:33881 in memory (size: 5.4 KiB, free: 434.4 MiB)
[2026-04-07T09:17:22.720+0000] {subprocess.py:106} INFO - 26/04/07 09:17:22 INFO BlockManagerInfo: Removed broadcast_0_piece0 on d0f687c55036:40853 in memory (size: 36.1 KiB, free: 434.4 MiB)
[2026-04-07T09:17:22.723+0000] {subprocess.py:106} INFO - 26/04/07 09:17:22 INFO BlockManagerInfo: Removed broadcast_0_piece0 on 172.30.0.7:33881 in memory (size: 36.1 KiB, free: 434.4 MiB)
[2026-04-07T09:17:23.602+0000] {subprocess.py:106} INFO - 26/04/07 09:17:23 INFO FileSourceStrategy: Pushed Filters:
[2026-04-07T09:17:23.602+0000] {subprocess.py:106} INFO - 26/04/07 09:17:23 INFO FileSourceStrategy: Post-Scan Filters:
[2026-04-07T09:17:23.982+0000] {subprocess.py:106} INFO - 26/04/07 09:17:23 INFO CodeGenerator: Code generated in 206.392864 ms
[2026-04-07T09:17:23.989+0000] {subprocess.py:106} INFO - 26/04/07 09:17:23 INFO MemoryStore: Block broadcast_3 stored as values in memory (estimated size 205.1 KiB, free 434.2 MiB)
[2026-04-07T09:17:24.001+0000] {subprocess.py:106} INFO - 26/04/07 09:17:24 INFO MemoryStore: Block broadcast_3_piece0 stored as bytes in memory (estimated size 36.1 KiB, free 434.2 MiB)
[2026-04-07T09:17:24.002+0000] {subprocess.py:106} INFO - 26/04/07 09:17:24 INFO BlockManagerInfo: Added broadcast_3_piece0 in memory on d0f687c55036:40853 (size: 36.1 KiB, free: 434.4 MiB)
[2026-04-07T09:17:24.003+0000] {subprocess.py:106} INFO - 26/04/07 09:17:24 INFO SparkContext: Created broadcast 3 from count at NativeMethodAccessorImpl.java:0
[2026-04-07T09:17:24.032+0000] {subprocess.py:106} INFO - 26/04/07 09:17:24 INFO FileSourceScanExec: Planning scan with bin packing, max size: 4194304 bytes, open cost is considered as scanning 4194304 bytes.
[2026-04-07T09:17:24.082+0000] {subprocess.py:106} INFO - 26/04/07 09:17:24 INFO DAGScheduler: Registering RDD 7 (count at NativeMethodAccessorImpl.java:0) as input to shuffle 0
[2026-04-07T09:17:24.088+0000] {subprocess.py:106} INFO - 26/04/07 09:17:24 INFO DAGScheduler: Got map stage job 2 (count at NativeMethodAccessorImpl.java:0) with 1 output partitions
[2026-04-07T09:17:24.088+0000] {subprocess.py:106} INFO - 26/04/07 09:17:24 INFO DAGScheduler: Final stage: ShuffleMapStage 2 (count at NativeMethodAccessorImpl.java:0)
[2026-04-07T09:17:24.089+0000] {subprocess.py:106} INFO - 26/04/07 09:17:24 INFO DAGScheduler: Parents of final stage: List()
[2026-04-07T09:17:24.091+0000] {subprocess.py:106} INFO - 26/04/07 09:17:24 INFO DAGScheduler: Missing parents: List()
[2026-04-07T09:17:24.093+0000] {subprocess.py:106} INFO - 26/04/07 09:17:24 INFO DAGScheduler: Submitting ShuffleMapStage 2 (MapPartitionsRDD[7] at count at NativeMethodAccessorImpl.java:0), which has no missing parents
[2026-04-07T09:17:24.146+0000] {subprocess.py:106} INFO - 26/04/07 09:17:24 INFO MemoryStore: Block broadcast_4 stored as values in memory (estimated size 18.0 KiB, free 434.1 MiB)
[2026-04-07T09:17:24.155+0000] {subprocess.py:106} INFO - 26/04/07 09:17:24 INFO MemoryStore: Block broadcast_4_piece0 stored as bytes in memory (estimated size 8.9 KiB, free 434.1 MiB)
[2026-04-07T09:17:24.159+0000] {subprocess.py:106} INFO - 26/04/07 09:17:24 INFO BlockManagerInfo: Added broadcast_4_piece0 in memory on d0f687c55036:40853 (size: 8.9 KiB, free: 434.4 MiB)
[2026-04-07T09:17:24.161+0000] {subprocess.py:106} INFO - 26/04/07 09:17:24 INFO SparkContext: Created broadcast 4 from broadcast at DAGScheduler.scala:1585
[2026-04-07T09:17:24.163+0000] {subprocess.py:106} INFO - 26/04/07 09:17:24 INFO DAGScheduler: Submitting 1 missing tasks from ShuffleMapStage 2 (MapPartitionsRDD[7] at count at NativeMethodAccessorImpl.java:0) (first 15 tasks are for partitions Vector(0))
[2026-04-07T09:17:24.164+0000] {subprocess.py:106} INFO - 26/04/07 09:17:24 INFO TaskSchedulerImpl: Adding task set 2.0 with 1 tasks resource profile 0
[2026-04-07T09:17:24.168+0000] {subprocess.py:106} INFO - 26/04/07 09:17:24 INFO TaskSetManager: Starting task 0.0 in stage 2.0 (TID 2) (172.30.0.7, executor 0, partition 0, PROCESS_LOCAL, 10568 bytes)
[2026-04-07T09:17:24.212+0000] {subprocess.py:106} INFO - 26/04/07 09:17:24 INFO BlockManagerInfo: Added broadcast_4_piece0 in memory on 172.30.0.7:33881 (size: 8.9 KiB, free: 434.4 MiB)
[2026-04-07T09:17:24.847+0000] {subprocess.py:106} INFO - 26/04/07 09:17:24 INFO BlockManagerInfo: Added broadcast_3_piece0 in memory on 172.30.0.7:33881 (size: 36.1 KiB, free: 434.4 MiB)
[2026-04-07T09:17:24.970+0000] {subprocess.py:106} INFO - 26/04/07 09:17:24 INFO TaskSetManager: Finished task 0.0 in stage 2.0 (TID 2) in 806 ms on 172.30.0.7 (executor 0) (1/1)
[2026-04-07T09:17:24.971+0000] {subprocess.py:106} INFO - 26/04/07 09:17:24 INFO TaskSchedulerImpl: Removed TaskSet 2.0, whose tasks have all completed, from pool
[2026-04-07T09:17:24.973+0000] {subprocess.py:106} INFO - 26/04/07 09:17:24 INFO DAGScheduler: ShuffleMapStage 2 (count at NativeMethodAccessorImpl.java:0) finished in 0.875 s
[2026-04-07T09:17:24.974+0000] {subprocess.py:106} INFO - 26/04/07 09:17:24 INFO DAGScheduler: looking for newly runnable stages
[2026-04-07T09:17:24.975+0000] {subprocess.py:106} INFO - 26/04/07 09:17:24 INFO DAGScheduler: running: Set()
[2026-04-07T09:17:24.975+0000] {subprocess.py:106} INFO - 26/04/07 09:17:24 INFO DAGScheduler: waiting: Set()
[2026-04-07T09:17:24.976+0000] {subprocess.py:106} INFO - 26/04/07 09:17:24 INFO DAGScheduler: failed: Set()
[2026-04-07T09:17:25.021+0000] {subprocess.py:106} INFO - 26/04/07 09:17:25 INFO CodeGenerator: Code generated in 11.047307 ms
[2026-04-07T09:17:25.046+0000] {subprocess.py:106} INFO - 26/04/07 09:17:25 INFO SparkContext: Starting job: count at NativeMethodAccessorImpl.java:0
[2026-04-07T09:17:25.049+0000] {subprocess.py:106} INFO - 26/04/07 09:17:25 INFO DAGScheduler: Got job 3 (count at NativeMethodAccessorImpl.java:0) with 1 output partitions
[2026-04-07T09:17:25.050+0000] {subprocess.py:106} INFO - 26/04/07 09:17:25 INFO DAGScheduler: Final stage: ResultStage 4 (count at NativeMethodAccessorImpl.java:0)
[2026-04-07T09:17:25.050+0000] {subprocess.py:106} INFO - 26/04/07 09:17:25 INFO DAGScheduler: Parents of final stage: List(ShuffleMapStage 3)
[2026-04-07T09:17:25.051+0000] {subprocess.py:106} INFO - 26/04/07 09:17:25 INFO DAGScheduler: Missing parents: List()
[2026-04-07T09:17:25.052+0000] {subprocess.py:106} INFO - 26/04/07 09:17:25 INFO DAGScheduler: Submitting ResultStage 4 (MapPartitionsRDD[10] at count at NativeMethodAccessorImpl.java:0), which has no missing parents
[2026-04-07T09:17:25.061+0000] {subprocess.py:106} INFO - 26/04/07 09:17:25 INFO MemoryStore: Block broadcast_5 stored as values in memory (estimated size 12.5 KiB, free 434.1 MiB)
[2026-04-07T09:17:25.069+0000] {subprocess.py:106} INFO - 26/04/07 09:17:25 INFO MemoryStore: Block broadcast_5_piece0 stored as bytes in memory (estimated size 5.9 KiB, free 434.1 MiB)
[2026-04-07T09:17:25.071+0000] {subprocess.py:106} INFO - 26/04/07 09:17:25 INFO BlockManagerInfo: Added broadcast_5_piece0 in memory on d0f687c55036:40853 (size: 5.9 KiB, free: 434.4 MiB)
[2026-04-07T09:17:25.078+0000] {subprocess.py:106} INFO - 26/04/07 09:17:25 INFO BlockManagerInfo: Removed broadcast_4_piece0 on d0f687c55036:40853 in memory (size: 8.9 KiB, free: 434.4 MiB)
[2026-04-07T09:17:25.078+0000] {subprocess.py:106} INFO - 26/04/07 09:17:25 INFO SparkContext: Created broadcast 5 from broadcast at DAGScheduler.scala:1585
[2026-04-07T09:17:25.079+0000] {subprocess.py:106} INFO - 26/04/07 09:17:25 INFO DAGScheduler: Submitting 1 missing tasks from ResultStage 4 (MapPartitionsRDD[10] at count at NativeMethodAccessorImpl.java:0) (first 15 tasks are for partitions Vector(0))
[2026-04-07T09:17:25.080+0000] {subprocess.py:106} INFO - 26/04/07 09:17:25 INFO TaskSchedulerImpl: Adding task set 4.0 with 1 tasks resource profile 0
[2026-04-07T09:17:25.081+0000] {subprocess.py:106} INFO - 26/04/07 09:17:25 INFO BlockManagerInfo: Removed broadcast_4_piece0 on 172.30.0.7:33881 in memory (size: 8.9 KiB, free: 434.4 MiB)
[2026-04-07T09:17:25.082+0000] {subprocess.py:106} INFO - 26/04/07 09:17:25 INFO TaskSetManager: Starting task 0.0 in stage 4.0 (TID 3) (172.30.0.7, executor 0, partition 0, NODE_LOCAL, 9976 bytes)
[2026-04-07T09:17:25.119+0000] {subprocess.py:106} INFO - 26/04/07 09:17:25 INFO BlockManagerInfo: Added broadcast_5_piece0 in memory on 172.30.0.7:33881 (size: 5.9 KiB, free: 434.4 MiB)
[2026-04-07T09:17:25.157+0000] {subprocess.py:106} INFO - 26/04/07 09:17:25 INFO MapOutputTrackerMasterEndpoint: Asked to send map output locations for shuffle 0 to 172.30.0.7:55328
[2026-04-07T09:17:25.297+0000] {subprocess.py:106} INFO - 26/04/07 09:17:25 INFO TaskSetManager: Finished task 0.0 in stage 4.0 (TID 3) in 218 ms on 172.30.0.7 (executor 0) (1/1)
[2026-04-07T09:17:25.301+0000] {subprocess.py:106} INFO - 26/04/07 09:17:25 INFO TaskSchedulerImpl: Removed TaskSet 4.0, whose tasks have all completed, from pool
[2026-04-07T09:17:25.304+0000] {subprocess.py:106} INFO - 26/04/07 09:17:25 INFO DAGScheduler: ResultStage 4 (count at NativeMethodAccessorImpl.java:0) finished in 0.242 s
[2026-04-07T09:17:25.314+0000] {subprocess.py:106} INFO - 26/04/07 09:17:25 INFO DAGScheduler: Job 3 is finished. Cancelling potential speculative or zombie tasks for this job
[2026-04-07T09:17:25.316+0000] {subprocess.py:106} INFO - 26/04/07 09:17:25 INFO TaskSchedulerImpl: Killing all running tasks in stage 4: Stage finished
[2026-04-07T09:17:25.317+0000] {subprocess.py:106} INFO - 26/04/07 09:17:25 INFO DAGScheduler: Job 3 finished: count at NativeMethodAccessorImpl.java:0, took 0.256074 s
[2026-04-07T09:17:25.319+0000] {subprocess.py:106} INFO -  Record loaded from CSV: 976
[2026-04-07T09:17:25.323+0000] {subprocess.py:106} INFO - root
[2026-04-07T09:17:25.325+0000] {subprocess.py:106} INFO -  |-- job_title: string (nullable = true)
[2026-04-07T09:17:25.326+0000] {subprocess.py:106} INFO -  |-- company_name: string (nullable = true)
[2026-04-07T09:17:25.328+0000] {subprocess.py:106} INFO -  |-- location: string (nullable = true)
[2026-04-07T09:17:25.328+0000] {subprocess.py:106} INFO -  |-- skills_required: string (nullable = true)
[2026-04-07T09:17:25.329+0000] {subprocess.py:106} INFO -  |-- date_posted: timestamp (nullable = true)
[2026-04-07T09:17:25.331+0000] {subprocess.py:106} INFO -  |-- job_link: string (nullable = true)
[2026-04-07T09:17:25.332+0000] {subprocess.py:106} INFO -  |-- job_category: string (nullable = true)
[2026-04-07T09:17:25.337+0000] {subprocess.py:106} INFO -  |-- work_mode: string (nullable = true)
[2026-04-07T09:17:25.338+0000] {subprocess.py:106} INFO -  |-- crawl_date: timestamp (nullable = true)
[2026-04-07T09:17:25.339+0000] {subprocess.py:106} INFO - 
[2026-04-07T09:17:25.700+0000] {subprocess.py:106} INFO - 26/04/07 09:17:25 INFO BlockManagerInfo: Removed broadcast_5_piece0 on d0f687c55036:40853 in memory (size: 5.9 KiB, free: 434.4 MiB)
[2026-04-07T09:17:25.704+0000] {subprocess.py:106} INFO - 26/04/07 09:17:25 INFO BlockManagerInfo: Removed broadcast_5_piece0 on 172.30.0.7:33881 in memory (size: 5.9 KiB, free: 434.4 MiB)
[2026-04-07T09:17:25.717+0000] {subprocess.py:106} INFO - Traceback (most recent call last):
[2026-04-07T09:17:25.718+0000] {subprocess.py:106} INFO -   File "/opt/spark/scripts/Load_Bronze.py", line 75, in <module>
[2026-04-07T09:17:25.720+0000] {subprocess.py:106} INFO -     .withColumn("date_only", F.to_date(F.col("date_only"), "yyyy-MM-dd"))
[2026-04-07T09:17:25.720+0000] {subprocess.py:106} INFO -   File "/opt/spark/python/lib/pyspark.zip/pyspark/sql/dataframe.py", line 5176, in withColumn
[2026-04-07T09:17:25.721+0000] {subprocess.py:106} INFO -   File "/opt/spark/python/lib/py4j-0.10.9.7-src.zip/py4j/java_gateway.py", line 1322, in __call__
[2026-04-07T09:17:25.721+0000] {subprocess.py:106} INFO -   File "/opt/spark/python/lib/pyspark.zip/pyspark/errors/exceptions/captured.py", line 185, in deco
[2026-04-07T09:17:25.729+0000] {subprocess.py:106} INFO - pyspark.errors.exceptions.captured.AnalysisException: [UNRESOLVED_COLUMN.WITH_SUGGESTION] A column or function parameter with name `date_only` cannot be resolved. Did you mean one of the following? [`date_posted`, `job_link`, `location`, `job_title`, `source`].;
[2026-04-07T09:17:25.729+0000] {subprocess.py:106} INFO - 'Project [job_title#0, company_name#1, location#2, skills_required#3, date_posted#4, job_link#5, job_category#6, work_mode#7, crawl_date#8, ingest_time#32, source#44, to_date('date_only, Some(yyyy-MM-dd), Some(Etc/UTC), false) AS date_only#56]
[2026-04-07T09:17:25.730+0000] {subprocess.py:106} INFO - +- Project [job_title#0, company_name#1, location#2, skills_required#3, date_posted#4, job_link#5, job_category#6, work_mode#7, crawl_date#8, ingest_time#32, ITviec AS source#44]
[2026-04-07T09:17:25.731+0000] {subprocess.py:106} INFO -    +- Project [job_title#0, company_name#1, location#2, skills_required#3, date_posted#4, job_link#5, job_category#6, work_mode#7, crawl_date#8, current_timestamp() AS ingest_time#32]
[2026-04-07T09:17:25.732+0000] {subprocess.py:106} INFO -       +- Relation [job_title#0,company_name#1,location#2,skills_required#3,date_posted#4,job_link#5,job_category#6,work_mode#7,crawl_date#8] csv
[2026-04-07T09:17:25.733+0000] {subprocess.py:106} INFO - 
[2026-04-07T09:17:25.771+0000] {subprocess.py:106} INFO - 26/04/07 09:17:25 INFO SparkContext: Invoking stop() from shutdown hook
[2026-04-07T09:17:25.772+0000] {subprocess.py:106} INFO - 26/04/07 09:17:25 INFO SparkContext: SparkContext is stopping with exitCode 0.
[2026-04-07T09:17:25.782+0000] {subprocess.py:106} INFO - 26/04/07 09:17:25 INFO SparkUI: Stopped Spark web UI at http://d0f687c55036:4040
[2026-04-07T09:17:25.788+0000] {subprocess.py:106} INFO - 26/04/07 09:17:25 INFO StandaloneSchedulerBackend: Shutting down all executors
[2026-04-07T09:17:25.788+0000] {subprocess.py:106} INFO - 26/04/07 09:17:25 INFO StandaloneSchedulerBackend$StandaloneDriverEndpoint: Asking each executor to shut down
[2026-04-07T09:17:25.811+0000] {subprocess.py:106} INFO - 26/04/07 09:17:25 INFO MapOutputTrackerMasterEndpoint: MapOutputTrackerMasterEndpoint stopped!
[2026-04-07T09:17:25.830+0000] {subprocess.py:106} INFO - 26/04/07 09:17:25 INFO MemoryStore: MemoryStore cleared
[2026-04-07T09:17:25.832+0000] {subprocess.py:106} INFO - 26/04/07 09:17:25 INFO BlockManager: BlockManager stopped
[2026-04-07T09:17:25.838+0000] {subprocess.py:106} INFO - 26/04/07 09:17:25 INFO BlockManagerMaster: BlockManagerMaster stopped
[2026-04-07T09:17:25.845+0000] {subprocess.py:106} INFO - 26/04/07 09:17:25 INFO OutputCommitCoordinator$OutputCommitCoordinatorEndpoint: OutputCommitCoordinator stopped!
[2026-04-07T09:17:25.896+0000] {subprocess.py:106} INFO - 26/04/07 09:17:25 INFO SparkContext: Successfully stopped SparkContext
[2026-04-07T09:17:25.897+0000] {subprocess.py:106} INFO - 26/04/07 09:17:25 INFO ShutdownHookManager: Shutdown hook called
[2026-04-07T09:17:25.897+0000] {subprocess.py:106} INFO - 26/04/07 09:17:25 INFO ShutdownHookManager: Deleting directory /tmp/spark-73343e87-ccd9-4779-9433-932988052250/pyspark-adeccf3d-ebe6-493c-b7f8-26dd0bd798e2
[2026-04-07T09:17:25.901+0000] {subprocess.py:106} INFO - 26/04/07 09:17:25 INFO ShutdownHookManager: Deleting directory /tmp/spark-0ec4109a-8673-47a4-b369-cde8362b492b
[2026-04-07T09:17:25.905+0000] {subprocess.py:106} INFO - 26/04/07 09:17:25 INFO ShutdownHookManager: Deleting directory /tmp/spark-73343e87-ccd9-4779-9433-932988052250
[2026-04-07T09:17:25.912+0000] {subprocess.py:106} INFO - 26/04/07 09:17:25 INFO MetricsSystemImpl: Stopping s3a-file-system metrics system...
[2026-04-07T09:17:25.912+0000] {subprocess.py:106} INFO - 26/04/07 09:17:25 INFO MetricsSystemImpl: s3a-file-system metrics system stopped.
[2026-04-07T09:17:25.913+0000] {subprocess.py:106} INFO - 26/04/07 09:17:25 INFO MetricsSystemImpl: s3a-file-system metrics system shutdown complete.
[2026-04-07T09:17:25.980+0000] {subprocess.py:110} INFO - Command exited with return code 1
[2026-04-07T09:17:26.027+0000] {taskinstance.py:3313} ERROR - Task failed with exception
Traceback (most recent call last):
  File "/home/airflow/.local/lib/python3.8/site-packages/airflow/models/taskinstance.py", line 763, in _execute_task
    result = _execute_callable(context=context, **execute_callable_kwargs)
  File "/home/airflow/.local/lib/python3.8/site-packages/airflow/models/taskinstance.py", line 734, in _execute_callable
    return ExecutionCallableRunner(
  File "/home/airflow/.local/lib/python3.8/site-packages/airflow/utils/operator_helpers.py", line 252, in run
    return self.func(*args, **kwargs)
  File "/home/airflow/.local/lib/python3.8/site-packages/airflow/models/baseoperator.py", line 424, in wrapper
    return func(self, *args, **kwargs)
  File "/home/airflow/.local/lib/python3.8/site-packages/airflow/operators/bash.py", line 276, in execute
    raise AirflowException(
airflow.exceptions.AirflowException: Bash command failed. The command returned a non-zero exit code 1.
[2026-04-07T09:17:26.052+0000] {taskinstance.py:1226} INFO - Marking task as UP_FOR_RETRY. dag_id=crawl_etl_itjob, task_id=load_bronze, run_id=scheduled__2026-04-05T02:00:00+00:00, execution_date=20260405T020000, start_date=20260407T091700, end_date=20260407T091726
[2026-04-07T09:17:26.163+0000] {taskinstance.py:341} INFO - ::group::Post task execution logs
[2026-04-07T09:17:26.164+0000] {standard_task_runner.py:124} ERROR - Failed to execute job 803 for task load_bronze (Bash command failed. The command returned a non-zero exit code 1.; 302)
Traceback (most recent call last):
  File "/home/airflow/.local/lib/python3.8/site-packages/airflow/task/task_runner/standard_task_runner.py", line 117, in _start_by_fork
    ret = args.func(args, dag=self.dag)
  File "/home/airflow/.local/lib/python3.8/site-packages/airflow/cli/cli_config.py", line 49, in command
    return func(*args, **kwargs)
  File "/home/airflow/.local/lib/python3.8/site-packages/airflow/utils/cli.py", line 116, in wrapper
    return f(*args, **kwargs)
  File "/home/airflow/.local/lib/python3.8/site-packages/airflow/cli/commands/task_command.py", line 483, in task_run
    task_return_code = _run_task_by_selected_method(args, _dag, ti)
  File "/home/airflow/.local/lib/python3.8/site-packages/airflow/cli/commands/task_command.py", line 256, in _run_task_by_selected_method
    return _run_raw_task(args, ti)
  File "/home/airflow/.local/lib/python3.8/site-packages/airflow/cli/commands/task_command.py", line 341, in _run_raw_task
    return ti._run_raw_task(
  File "/home/airflow/.local/lib/python3.8/site-packages/airflow/utils/session.py", line 97, in wrapper
    return func(*args, session=session, **kwargs)
  File "/home/airflow/.local/lib/python3.8/site-packages/airflow/models/taskinstance.py", line 3006, in _run_raw_task
    return _run_raw_task(
  File "/home/airflow/.local/lib/python3.8/site-packages/airflow/models/taskinstance.py", line 274, in _run_raw_task
    TaskInstance._execute_task_with_callbacks(
  File "/home/airflow/.local/lib/python3.8/site-packages/airflow/models/taskinstance.py", line 3161, in _execute_task_with_callbacks
    result = self._execute_task(context, task_orig)
  File "/home/airflow/.local/lib/python3.8/site-packages/airflow/models/taskinstance.py", line 3185, in _execute_task
    return _execute_task(self, context, task_orig)
  File "/home/airflow/.local/lib/python3.8/site-packages/airflow/models/taskinstance.py", line 763, in _execute_task
    result = _execute_callable(context=context, **execute_callable_kwargs)
  File "/home/airflow/.local/lib/python3.8/site-packages/airflow/models/taskinstance.py", line 734, in _execute_callable
    return ExecutionCallableRunner(
  File "/home/airflow/.local/lib/python3.8/site-packages/airflow/utils/operator_helpers.py", line 252, in run
    return self.func(*args, **kwargs)
  File "/home/airflow/.local/lib/python3.8/site-packages/airflow/models/baseoperator.py", line 424, in wrapper
    return func(self, *args, **kwargs)
  File "/home/airflow/.local/lib/python3.8/site-packages/airflow/operators/bash.py", line 276, in execute
    raise AirflowException(
airflow.exceptions.AirflowException: Bash command failed. The command returned a non-zero exit code 1.
[2026-04-07T09:17:26.194+0000] {local_task_job_runner.py:266} INFO - Task exited with return code 1
[2026-04-07T09:17:26.232+0000] {taskinstance.py:3901} INFO - 0 downstream tasks scheduled from follow-on schedule check
[2026-04-07T09:17:26.234+0000] {local_task_job_runner.py:245} INFO - ::endgroup::
