[2026-05-05T06:37:07.873+0000] {local_task_job_runner.py:123} INFO - ::group::Pre task execution logs
[2026-05-05T06:37:07.931+0000] {taskinstance.py:2614} INFO - Dependencies all met for dep_context=non-requeueable deps ti=<TaskInstance: crawl_etl_itjob.clean_silver scheduled__2026-05-04T02:00:00+00:00 [queued]>
[2026-05-05T06:37:07.949+0000] {taskinstance.py:2614} INFO - Dependencies all met for dep_context=requeueable deps ti=<TaskInstance: crawl_etl_itjob.clean_silver scheduled__2026-05-04T02:00:00+00:00 [queued]>
[2026-05-05T06:37:07.950+0000] {taskinstance.py:2867} INFO - Starting attempt 1 of 2
[2026-05-05T06:37:07.968+0000] {taskinstance.py:2890} INFO - Executing <Task(BashOperator): clean_silver> on 2026-05-04 02:00:00+00:00
[2026-05-05T06:37:07.975+0000] {standard_task_runner.py:72} INFO - Started process 130 to run task
[2026-05-05T06:37:07.982+0000] {standard_task_runner.py:104} INFO - Running: ['***', 'tasks', 'run', 'crawl_etl_itjob', 'clean_silver', 'scheduled__2026-05-04T02:00:00+00:00', '--job-id', '179', '--raw', '--subdir', 'DAGS_FOLDER/Crawl_ETL_ITJob.py', '--cfg-path', '/tmp/tmpgvvjlqrh']
[2026-05-05T06:37:07.984+0000] {standard_task_runner.py:105} INFO - Job 179: Subtask clean_silver
[2026-05-05T06:37:08.020+0000] {warnings.py:109} WARNING - /home/***/.local/lib/python3.8/site-packages/***/settings.py:209: DeprecationWarning: The sql_alchemy_conn option in [core] has been moved to the sql_alchemy_conn option in [database] - the old setting has been used, but please update your config.
  SQL_ALCHEMY_CONN = conf.get("database", "SQL_ALCHEMY_CONN")

[2026-05-05T06:37:08.121+0000] {task_command.py:467} INFO - Running <TaskInstance: crawl_etl_itjob.clean_silver scheduled__2026-05-04T02:00:00+00:00 [running]> on host 64b3786bead1
[2026-05-05T06:37:08.122+0000] {warnings.py:109} WARNING - /home/***/.local/lib/python3.8/site-packages/***/settings.py:470: DeprecationWarning: The sql_alchemy_conn option in [core] has been moved to the sql_alchemy_conn option in [database] - the old setting has been used, but please update your config.
  if conf.get("database", "sql_alchemy_conn") == "none://":

[2026-05-05T06:37:08.251+0000] {taskinstance.py:3134} INFO - Exporting env vars: AIRFLOW_CTX_DAG_EMAIL='hoa856856@gmail.com' AIRFLOW_CTX_DAG_OWNER='***' AIRFLOW_CTX_DAG_ID='crawl_etl_itjob' AIRFLOW_CTX_TASK_ID='clean_silver' AIRFLOW_CTX_EXECUTION_DATE='2026-05-04T02:00:00+00:00' AIRFLOW_CTX_TRY_NUMBER='1' AIRFLOW_CTX_DAG_RUN_ID='scheduled__2026-05-04T02:00:00+00:00'
[2026-05-05T06:37:08.252+0000] {taskinstance.py:732} INFO - ::endgroup::
[2026-05-05T06:37:08.263+0000] {subprocess.py:78} INFO - Tmp dir root location: /tmp
[2026-05-05T06:37:08.264+0000] {subprocess.py:88} INFO - Running command: ['/bin/bash', '-c', "\n        docker exec spark-submit bash -c '\n        /opt/spark/bin/spark-submit         --master spark://spark-master:7077         --deploy-mode client         --packages org.apache.iceberg:iceberg-spark-runtime-3.5_2.12:1.5.0,org.apache.hadoop:hadoop-aws:3.3.4,com.amazonaws:aws-java-sdk-bundle:1.12.262         /opt/spark/scripts/Clean_Silver.py\n        '\n        "]
[2026-05-05T06:37:08.274+0000] {subprocess.py:99} INFO - Output:
[2026-05-05T06:37:10.388+0000] {subprocess.py:106} INFO - :: loading settings :: url = jar:file:/opt/spark/jars/ivy-2.5.1.jar!/org/apache/ivy/core/settings/ivysettings.xml
[2026-05-05T06:37:10.494+0000] {subprocess.py:106} INFO - Ivy Default Cache set to: /home/spark/.ivy2/cache
[2026-05-05T06:37:10.495+0000] {subprocess.py:106} INFO - The jars for the packages stored in: /home/spark/.ivy2/jars
[2026-05-05T06:37:10.501+0000] {subprocess.py:106} INFO - org.apache.iceberg#iceberg-spark-runtime-3.5_2.12 added as a dependency
[2026-05-05T06:37:10.502+0000] {subprocess.py:106} INFO - org.apache.hadoop#hadoop-aws added as a dependency
[2026-05-05T06:37:10.502+0000] {subprocess.py:106} INFO - com.amazonaws#aws-java-sdk-bundle added as a dependency
[2026-05-05T06:37:10.503+0000] {subprocess.py:106} INFO - :: resolving dependencies :: org.apache.spark#spark-submit-parent-5732fef0-fd51-46eb-a946-c1d2a1303b96;1.0
[2026-05-05T06:37:10.503+0000] {subprocess.py:106} INFO - 	confs: [default]
[2026-05-05T06:37:10.595+0000] {subprocess.py:106} INFO - 	found org.apache.iceberg#iceberg-spark-runtime-3.5_2.12;1.5.0 in central
[2026-05-05T06:37:10.662+0000] {subprocess.py:106} INFO - 	found org.apache.hadoop#hadoop-aws;3.3.4 in central
[2026-05-05T06:37:10.692+0000] {subprocess.py:106} INFO - 	found com.amazonaws#aws-java-sdk-bundle;1.12.262 in central
[2026-05-05T06:37:10.724+0000] {subprocess.py:106} INFO - 	found org.wildfly.openssl#wildfly-openssl;1.0.7.Final in central
[2026-05-05T06:37:10.749+0000] {subprocess.py:106} INFO - :: resolution report :: resolve 237ms :: artifacts dl 9ms
[2026-05-05T06:37:10.750+0000] {subprocess.py:106} INFO - 	:: modules in use:
[2026-05-05T06:37:10.751+0000] {subprocess.py:106} INFO - 	com.amazonaws#aws-java-sdk-bundle;1.12.262 from central in [default]
[2026-05-05T06:37:10.752+0000] {subprocess.py:106} INFO - 	org.apache.hadoop#hadoop-aws;3.3.4 from central in [default]
[2026-05-05T06:37:10.753+0000] {subprocess.py:106} INFO - 	org.apache.iceberg#iceberg-spark-runtime-3.5_2.12;1.5.0 from central in [default]
[2026-05-05T06:37:10.754+0000] {subprocess.py:106} INFO - 	org.wildfly.openssl#wildfly-openssl;1.0.7.Final from central in [default]
[2026-05-05T06:37:10.754+0000] {subprocess.py:106} INFO - 	---------------------------------------------------------------------
[2026-05-05T06:37:10.755+0000] {subprocess.py:106} INFO - 	|                  |            modules            ||   artifacts   |
[2026-05-05T06:37:10.756+0000] {subprocess.py:106} INFO - 	|       conf       | number| search|dwnlded|evicted|| number|dwnlded|
[2026-05-05T06:37:10.756+0000] {subprocess.py:106} INFO - 	---------------------------------------------------------------------
[2026-05-05T06:37:10.756+0000] {subprocess.py:106} INFO - 	|      default     |   4   |   0   |   0   |   0   ||   4   |   0   |
[2026-05-05T06:37:10.757+0000] {subprocess.py:106} INFO - 	---------------------------------------------------------------------
[2026-05-05T06:37:10.758+0000] {subprocess.py:106} INFO - :: retrieving :: org.apache.spark#spark-submit-parent-5732fef0-fd51-46eb-a946-c1d2a1303b96
[2026-05-05T06:37:10.759+0000] {subprocess.py:106} INFO - 	confs: [default]
[2026-05-05T06:37:10.766+0000] {subprocess.py:106} INFO - 	0 artifacts copied, 4 already retrieved (0kB/9ms)
[2026-05-05T06:37:11.039+0000] {subprocess.py:106} INFO - 26/05/05 06:37:11 WARN NativeCodeLoader: Unable to load native-hadoop library for your platform... using builtin-java classes where applicable
[2026-05-05T06:37:12.181+0000] {subprocess.py:106} INFO - 26/05/05 06:37:12 INFO SparkContext: Running Spark version 3.5.3
[2026-05-05T06:37:12.182+0000] {subprocess.py:106} INFO - 26/05/05 06:37:12 INFO SparkContext: OS info Linux, 6.6.87.2-microsoft-standard-WSL2, amd64
[2026-05-05T06:37:12.182+0000] {subprocess.py:106} INFO - 26/05/05 06:37:12 INFO SparkContext: Java version 11.0.24
[2026-05-05T06:37:12.205+0000] {subprocess.py:106} INFO - 26/05/05 06:37:12 INFO ResourceUtils: ==============================================================
[2026-05-05T06:37:12.207+0000] {subprocess.py:106} INFO - 26/05/05 06:37:12 INFO ResourceUtils: No custom resources configured for spark.driver.
[2026-05-05T06:37:12.207+0000] {subprocess.py:106} INFO - 26/05/05 06:37:12 INFO ResourceUtils: ==============================================================
[2026-05-05T06:37:12.208+0000] {subprocess.py:106} INFO - 26/05/05 06:37:12 INFO SparkContext: Submitted application: Silver_Etl_Cleaning_Merge
[2026-05-05T06:37:12.233+0000] {subprocess.py:106} INFO - 26/05/05 06:37:12 INFO ResourceProfile: Default ResourceProfile created, executor resources: Map(memory -> name: memory, amount: 1024, script: , vendor: , offHeap -> name: offHeap, amount: 0, script: , vendor: ), task resources: Map(cpus -> name: cpus, amount: 1.0)
[2026-05-05T06:37:12.245+0000] {subprocess.py:106} INFO - 26/05/05 06:37:12 INFO ResourceProfile: Limiting resource is cpu
[2026-05-05T06:37:12.246+0000] {subprocess.py:106} INFO - 26/05/05 06:37:12 INFO ResourceProfileManager: Added ResourceProfile id: 0
[2026-05-05T06:37:12.316+0000] {subprocess.py:106} INFO - 26/05/05 06:37:12 INFO SecurityManager: Changing view acls to: spark
[2026-05-05T06:37:12.317+0000] {subprocess.py:106} INFO - 26/05/05 06:37:12 INFO SecurityManager: Changing modify acls to: spark
[2026-05-05T06:37:12.319+0000] {subprocess.py:106} INFO - 26/05/05 06:37:12 INFO SecurityManager: Changing view acls groups to:
[2026-05-05T06:37:12.319+0000] {subprocess.py:106} INFO - 26/05/05 06:37:12 INFO SecurityManager: Changing modify acls groups to:
[2026-05-05T06:37:12.320+0000] {subprocess.py:106} INFO - 26/05/05 06:37:12 INFO SecurityManager: SecurityManager: authentication disabled; ui acls disabled; users with view permissions: spark; groups with view permissions: EMPTY; users with modify permissions: spark; groups with modify permissions: EMPTY
[2026-05-05T06:37:12.604+0000] {subprocess.py:106} INFO - 26/05/05 06:37:12 INFO Utils: Successfully started service 'sparkDriver' on port 39549.
[2026-05-05T06:37:12.661+0000] {subprocess.py:106} INFO - 26/05/05 06:37:12 INFO SparkEnv: Registering MapOutputTracker
[2026-05-05T06:37:12.734+0000] {subprocess.py:106} INFO - 26/05/05 06:37:12 INFO SparkEnv: Registering BlockManagerMaster
[2026-05-05T06:37:12.777+0000] {subprocess.py:106} INFO - 26/05/05 06:37:12 INFO BlockManagerMasterEndpoint: Using org.apache.spark.storage.DefaultTopologyMapper for getting topology information
[2026-05-05T06:37:12.778+0000] {subprocess.py:106} INFO - 26/05/05 06:37:12 INFO BlockManagerMasterEndpoint: BlockManagerMasterEndpoint up
[2026-05-05T06:37:12.779+0000] {subprocess.py:106} INFO - 26/05/05 06:37:12 INFO SparkEnv: Registering BlockManagerMasterHeartbeat
[2026-05-05T06:37:12.836+0000] {subprocess.py:106} INFO - 26/05/05 06:37:12 INFO DiskBlockManager: Created local directory at /tmp/blockmgr-2ed91866-6f56-4ad2-a970-cf9f5c651237
[2026-05-05T06:37:12.864+0000] {subprocess.py:106} INFO - 26/05/05 06:37:12 INFO MemoryStore: MemoryStore started with capacity 434.4 MiB
[2026-05-05T06:37:12.899+0000] {subprocess.py:106} INFO - 26/05/05 06:37:12 INFO SparkEnv: Registering OutputCommitCoordinator
[2026-05-05T06:37:13.134+0000] {subprocess.py:106} INFO - 26/05/05 06:37:13 INFO JettyUtils: Start Jetty 0.0.0.0:4040 for SparkUI
[2026-05-05T06:37:13.190+0000] {subprocess.py:106} INFO - 26/05/05 06:37:13 INFO Utils: Successfully started service 'SparkUI' on port 4040.
[2026-05-05T06:37:13.228+0000] {subprocess.py:106} INFO - 26/05/05 06:37:13 INFO SparkContext: Added JAR file:///home/spark/.ivy2/jars/org.apache.iceberg_iceberg-spark-runtime-3.5_2.12-1.5.0.jar at spark://c05002f484b8:39549/jars/org.apache.iceberg_iceberg-spark-runtime-3.5_2.12-1.5.0.jar with timestamp 1777963032172
[2026-05-05T06:37:13.231+0000] {subprocess.py:106} INFO - 26/05/05 06:37:13 INFO SparkContext: Added JAR file:///home/spark/.ivy2/jars/org.apache.hadoop_hadoop-aws-3.3.4.jar at spark://c05002f484b8:39549/jars/org.apache.hadoop_hadoop-aws-3.3.4.jar with timestamp 1777963032172
[2026-05-05T06:37:13.231+0000] {subprocess.py:106} INFO - 26/05/05 06:37:13 INFO SparkContext: Added JAR file:///home/spark/.ivy2/jars/com.amazonaws_aws-java-sdk-bundle-1.12.262.jar at spark://c05002f484b8:39549/jars/com.amazonaws_aws-java-sdk-bundle-1.12.262.jar with timestamp 1777963032172
[2026-05-05T06:37:13.232+0000] {subprocess.py:106} INFO - 26/05/05 06:37:13 INFO SparkContext: Added JAR file:///home/spark/.ivy2/jars/org.wildfly.openssl_wildfly-openssl-1.0.7.Final.jar at spark://c05002f484b8:39549/jars/org.wildfly.openssl_wildfly-openssl-1.0.7.Final.jar with timestamp 1777963032172
[2026-05-05T06:37:13.235+0000] {subprocess.py:106} INFO - 26/05/05 06:37:13 INFO SparkContext: Added file file:///home/spark/.ivy2/jars/org.apache.iceberg_iceberg-spark-runtime-3.5_2.12-1.5.0.jar at spark://c05002f484b8:39549/files/org.apache.iceberg_iceberg-spark-runtime-3.5_2.12-1.5.0.jar with timestamp 1777963032172
[2026-05-05T06:37:13.237+0000] {subprocess.py:106} INFO - 26/05/05 06:37:13 INFO Utils: Copying /home/spark/.ivy2/jars/org.apache.iceberg_iceberg-spark-runtime-3.5_2.12-1.5.0.jar to /tmp/spark-4e3affea-4d77-41c2-ba33-706edd9bfbd2/userFiles-5f84969f-0332-41f1-b5d6-2df44baa9fd4/org.apache.iceberg_iceberg-spark-runtime-3.5_2.12-1.5.0.jar
[2026-05-05T06:37:13.282+0000] {subprocess.py:106} INFO - 26/05/05 06:37:13 INFO SparkContext: Added file file:///home/spark/.ivy2/jars/org.apache.hadoop_hadoop-aws-3.3.4.jar at spark://c05002f484b8:39549/files/org.apache.hadoop_hadoop-aws-3.3.4.jar with timestamp 1777963032172
[2026-05-05T06:37:13.283+0000] {subprocess.py:106} INFO - 26/05/05 06:37:13 INFO Utils: Copying /home/spark/.ivy2/jars/org.apache.hadoop_hadoop-aws-3.3.4.jar to /tmp/spark-4e3affea-4d77-41c2-ba33-706edd9bfbd2/userFiles-5f84969f-0332-41f1-b5d6-2df44baa9fd4/org.apache.hadoop_hadoop-aws-3.3.4.jar
[2026-05-05T06:37:13.288+0000] {subprocess.py:106} INFO - 26/05/05 06:37:13 INFO SparkContext: Added file file:///home/spark/.ivy2/jars/com.amazonaws_aws-java-sdk-bundle-1.12.262.jar at spark://c05002f484b8:39549/files/com.amazonaws_aws-java-sdk-bundle-1.12.262.jar with timestamp 1777963032172
[2026-05-05T06:37:13.289+0000] {subprocess.py:106} INFO - 26/05/05 06:37:13 INFO Utils: Copying /home/spark/.ivy2/jars/com.amazonaws_aws-java-sdk-bundle-1.12.262.jar to /tmp/spark-4e3affea-4d77-41c2-ba33-706edd9bfbd2/userFiles-5f84969f-0332-41f1-b5d6-2df44baa9fd4/com.amazonaws_aws-java-sdk-bundle-1.12.262.jar
[2026-05-05T06:37:13.493+0000] {subprocess.py:106} INFO - 26/05/05 06:37:13 INFO SparkContext: Added file file:///home/spark/.ivy2/jars/org.wildfly.openssl_wildfly-openssl-1.0.7.Final.jar at spark://c05002f484b8:39549/files/org.wildfly.openssl_wildfly-openssl-1.0.7.Final.jar with timestamp 1777963032172
[2026-05-05T06:37:13.494+0000] {subprocess.py:106} INFO - 26/05/05 06:37:13 INFO Utils: Copying /home/spark/.ivy2/jars/org.wildfly.openssl_wildfly-openssl-1.0.7.Final.jar to /tmp/spark-4e3affea-4d77-41c2-ba33-706edd9bfbd2/userFiles-5f84969f-0332-41f1-b5d6-2df44baa9fd4/org.wildfly.openssl_wildfly-openssl-1.0.7.Final.jar
[2026-05-05T06:37:13.596+0000] {subprocess.py:106} INFO - 26/05/05 06:37:13 INFO StandaloneAppClient$ClientEndpoint: Connecting to master spark://spark-master:7077...
[2026-05-05T06:37:13.642+0000] {subprocess.py:106} INFO - 26/05/05 06:37:13 INFO TransportClientFactory: Successfully created connection to spark-master/172.30.0.5:7077 after 27 ms (0 ms spent in bootstraps)
[2026-05-05T06:37:13.723+0000] {subprocess.py:106} INFO - 26/05/05 06:37:13 INFO StandaloneSchedulerBackend: Connected to Spark cluster with app ID app-20260505063713-0004
[2026-05-05T06:37:13.725+0000] {subprocess.py:106} INFO - 26/05/05 06:37:13 INFO StandaloneAppClient$ClientEndpoint: Executor added: app-20260505063713-0004/0 on worker-20260505062252-172.30.0.7-45743 (172.30.0.7:45743) with 1 core(s)
[2026-05-05T06:37:13.727+0000] {subprocess.py:106} INFO - 26/05/05 06:37:13 INFO StandaloneSchedulerBackend: Granted executor ID app-20260505063713-0004/0 on hostPort 172.30.0.7:45743 with 1 core(s), 1024.0 MiB RAM
[2026-05-05T06:37:13.735+0000] {subprocess.py:106} INFO - 26/05/05 06:37:13 INFO Utils: Successfully started service 'org.apache.spark.network.netty.NettyBlockTransferService' on port 36677.
[2026-05-05T06:37:13.736+0000] {subprocess.py:106} INFO - 26/05/05 06:37:13 INFO NettyBlockTransferService: Server created on c05002f484b8:36677
[2026-05-05T06:37:13.739+0000] {subprocess.py:106} INFO - 26/05/05 06:37:13 INFO BlockManager: Using org.apache.spark.storage.RandomBlockReplicationPolicy for block replication policy
[2026-05-05T06:37:13.744+0000] {subprocess.py:106} INFO - 26/05/05 06:37:13 INFO BlockManagerMaster: Registering BlockManager BlockManagerId(driver, c05002f484b8, 36677, None)
[2026-05-05T06:37:13.750+0000] {subprocess.py:106} INFO - 26/05/05 06:37:13 INFO BlockManagerMasterEndpoint: Registering block manager c05002f484b8:36677 with 434.4 MiB RAM, BlockManagerId(driver, c05002f484b8, 36677, None)
[2026-05-05T06:37:13.755+0000] {subprocess.py:106} INFO - 26/05/05 06:37:13 INFO BlockManagerMaster: Registered BlockManager BlockManagerId(driver, c05002f484b8, 36677, None)
[2026-05-05T06:37:13.756+0000] {subprocess.py:106} INFO - 26/05/05 06:37:13 INFO BlockManager: Initialized BlockManager: BlockManagerId(driver, c05002f484b8, 36677, None)
[2026-05-05T06:37:13.776+0000] {subprocess.py:106} INFO - 26/05/05 06:37:13 INFO StandaloneAppClient$ClientEndpoint: Executor updated: app-20260505063713-0004/0 is now RUNNING
[2026-05-05T06:37:14.093+0000] {subprocess.py:106} INFO - 26/05/05 06:37:14 INFO StandaloneSchedulerBackend: SchedulerBackend is ready for scheduling beginning after reached minRegisteredResourcesRatio: 0.0
[2026-05-05T06:37:14.757+0000] {subprocess.py:106} INFO - 26/05/05 06:37:14 INFO SharedState: Setting hive.metastore.warehouse.dir ('null') to the value of spark.sql.warehouse.dir.
[2026-05-05T06:37:14.760+0000] {subprocess.py:106} INFO - 26/05/05 06:37:14 INFO SharedState: Warehouse path is 'file:/opt/spark/work-dir/spark-warehouse'.
[2026-05-05T06:37:18.803+0000] {subprocess.py:106} INFO - 26/05/05 06:37:18 INFO HiveConf: Found configuration file null
[2026-05-05T06:37:19.098+0000] {subprocess.py:106} INFO - 26/05/05 06:37:19 INFO metastore: Trying to connect to metastore with URI thrift://hive-metastore:9083
[2026-05-05T06:37:19.106+0000] {subprocess.py:106} INFO - 26/05/05 06:37:19 INFO StandaloneSchedulerBackend$StandaloneDriverEndpoint: Registered executor NettyRpcEndpointRef(spark-client://Executor) (172.30.0.7:41668) with ID 0,  ResourceProfileId 0
[2026-05-05T06:37:19.124+0000] {subprocess.py:106} INFO - 26/05/05 06:37:19 INFO metastore: Opened a connection to metastore, current connections: 1
[2026-05-05T06:37:19.154+0000] {subprocess.py:106} INFO - 26/05/05 06:37:19 INFO metastore: Connected to metastore.
[2026-05-05T06:37:19.200+0000] {subprocess.py:106} INFO - 26/05/05 06:37:19 INFO BlockManagerMasterEndpoint: Registering block manager 172.30.0.7:42611 with 434.4 MiB RAM, BlockManagerId(0, 172.30.0.7, 42611, None)
[2026-05-05T06:37:19.371+0000] {subprocess.py:106} INFO - 26/05/05 06:37:19 INFO BaseMetastoreTableOperations: Refreshing table metadata from new version: s3a://warehouse/iceberg_data/silver.db/it_jobs_clean/metadata/00006-1c4d7df8-48f5-4ab9-93ff-0fe495045230.metadata.json
[2026-05-05T06:37:19.610+0000] {subprocess.py:106} INFO - 26/05/05 06:37:19 WARN MetricsConfig: Cannot locate configuration: tried hadoop-metrics2-s3a-file-system.properties,hadoop-metrics2.properties
[2026-05-05T06:37:19.632+0000] {subprocess.py:106} INFO - 26/05/05 06:37:19 INFO MetricsSystemImpl: Scheduled Metric snapshot period at 10 second(s).
[2026-05-05T06:37:19.633+0000] {subprocess.py:106} INFO - 26/05/05 06:37:19 INFO MetricsSystemImpl: s3a-file-system metrics system started
[2026-05-05T06:37:21.687+0000] {subprocess.py:106} INFO - 26/05/05 06:37:21 INFO BaseMetastoreCatalog: Table loaded by catalog: iceberg.silver.it_jobs_clean
[2026-05-05T06:37:24.242+0000] {subprocess.py:106} INFO - 26/05/05 06:37:24 INFO SnapshotScan: Scanning table iceberg.silver.it_jobs_clean snapshot 6603696314553566457 created at 2026-05-05T06:29:16.358+00:00 with filter true
[2026-05-05T06:37:24.781+0000] {subprocess.py:106} INFO - 26/05/05 06:37:24 INFO BaseDistributedDataScan: Planning file tasks locally for table iceberg.silver.it_jobs_clean
[2026-05-05T06:37:25.123+0000] {subprocess.py:106} INFO - 26/05/05 06:37:25 INFO V2ScanRelationPushDown:
[2026-05-05T06:37:25.124+0000] {subprocess.py:106} INFO - Pushing operators to iceberg.silver.it_jobs_clean
[2026-05-05T06:37:25.125+0000] {subprocess.py:106} INFO - Pushed Aggregate Functions:
[2026-05-05T06:37:25.125+0000] {subprocess.py:106} INFO -  MAX(ingest_time)
[2026-05-05T06:37:25.126+0000] {subprocess.py:106} INFO - Pushed Group by:
[2026-05-05T06:37:25.126+0000] {subprocess.py:106} INFO - 
[2026-05-05T06:37:25.127+0000] {subprocess.py:106} INFO - 
[2026-05-05T06:37:26.680+0000] {subprocess.py:106} INFO - 26/05/05 06:37:26 INFO CodeGenerator: Code generated in 353.42328 ms
[2026-05-05T06:37:26.718+0000] {subprocess.py:106} INFO - 26/05/05 06:37:26 INFO CodeGenerator: Code generated in 17.110372 ms
[2026-05-05T06:37:26.843+0000] {subprocess.py:106} INFO - 26/05/05 06:37:26 INFO DAGScheduler: Registering RDD 2 (collect at /opt/spark/scripts/Clean_Silver.py:56) as input to shuffle 0
[2026-05-05T06:37:26.849+0000] {subprocess.py:106} INFO - 26/05/05 06:37:26 INFO DAGScheduler: Got map stage job 0 (collect at /opt/spark/scripts/Clean_Silver.py:56) with 1 output partitions
[2026-05-05T06:37:26.850+0000] {subprocess.py:106} INFO - 26/05/05 06:37:26 INFO DAGScheduler: Final stage: ShuffleMapStage 0 (collect at /opt/spark/scripts/Clean_Silver.py:56)
[2026-05-05T06:37:26.850+0000] {subprocess.py:106} INFO - 26/05/05 06:37:26 INFO DAGScheduler: Parents of final stage: List()
[2026-05-05T06:37:26.854+0000] {subprocess.py:106} INFO - 26/05/05 06:37:26 INFO DAGScheduler: Missing parents: List()
[2026-05-05T06:37:26.860+0000] {subprocess.py:106} INFO - 26/05/05 06:37:26 INFO DAGScheduler: Submitting ShuffleMapStage 0 (MapPartitionsRDD[2] at collect at /opt/spark/scripts/Clean_Silver.py:56), which has no missing parents
[2026-05-05T06:37:26.986+0000] {subprocess.py:106} INFO - 26/05/05 06:37:26 INFO MemoryStore: Block broadcast_0 stored as values in memory (estimated size 12.0 KiB, free 434.4 MiB)
[2026-05-05T06:37:27.093+0000] {subprocess.py:106} INFO - 26/05/05 06:37:27 INFO MemoryStore: Block broadcast_0_piece0 stored as bytes in memory (estimated size 6.0 KiB, free 434.4 MiB)
[2026-05-05T06:37:27.101+0000] {subprocess.py:106} INFO - 26/05/05 06:37:27 INFO BlockManagerInfo: Added broadcast_0_piece0 in memory on c05002f484b8:36677 (size: 6.0 KiB, free: 434.4 MiB)
[2026-05-05T06:37:27.108+0000] {subprocess.py:106} INFO - 26/05/05 06:37:27 INFO SparkContext: Created broadcast 0 from broadcast at DAGScheduler.scala:1585
[2026-05-05T06:37:27.166+0000] {subprocess.py:106} INFO - 26/05/05 06:37:27 INFO DAGScheduler: Submitting 1 missing tasks from ShuffleMapStage 0 (MapPartitionsRDD[2] at collect at /opt/spark/scripts/Clean_Silver.py:56) (first 15 tasks are for partitions Vector(0))
[2026-05-05T06:37:27.168+0000] {subprocess.py:106} INFO - 26/05/05 06:37:27 INFO TaskSchedulerImpl: Adding task set 0.0 with 1 tasks resource profile 0
[2026-05-05T06:37:27.242+0000] {subprocess.py:106} INFO - 26/05/05 06:37:27 INFO TaskSetManager: Starting task 0.0 in stage 0.0 (TID 0) (172.30.0.7, executor 0, partition 0, PROCESS_LOCAL, 10137 bytes)
[2026-05-05T06:37:27.571+0000] {subprocess.py:106} INFO - 26/05/05 06:37:27 INFO BlockManagerInfo: Added broadcast_0_piece0 in memory on 172.30.0.7:42611 (size: 6.0 KiB, free: 434.4 MiB)
[2026-05-05T06:37:28.698+0000] {subprocess.py:106} INFO - 26/05/05 06:37:28 INFO TaskSetManager: Finished task 0.0 in stage 0.0 (TID 0) in 1486 ms on 172.30.0.7 (executor 0) (1/1)
[2026-05-05T06:37:28.700+0000] {subprocess.py:106} INFO - 26/05/05 06:37:28 INFO TaskSchedulerImpl: Removed TaskSet 0.0, whose tasks have all completed, from pool
[2026-05-05T06:37:28.709+0000] {subprocess.py:106} INFO - 26/05/05 06:37:28 INFO DAGScheduler: ShuffleMapStage 0 (collect at /opt/spark/scripts/Clean_Silver.py:56) finished in 1.835 s
[2026-05-05T06:37:28.710+0000] {subprocess.py:106} INFO - 26/05/05 06:37:28 INFO DAGScheduler: looking for newly runnable stages
[2026-05-05T06:37:28.711+0000] {subprocess.py:106} INFO - 26/05/05 06:37:28 INFO DAGScheduler: running: Set()
[2026-05-05T06:37:28.712+0000] {subprocess.py:106} INFO - 26/05/05 06:37:28 INFO DAGScheduler: waiting: Set()
[2026-05-05T06:37:28.713+0000] {subprocess.py:106} INFO - 26/05/05 06:37:28 INFO DAGScheduler: failed: Set()
[2026-05-05T06:37:28.771+0000] {subprocess.py:106} INFO - 26/05/05 06:37:28 INFO CodeGenerator: Code generated in 14.422738 ms
[2026-05-05T06:37:28.833+0000] {subprocess.py:106} INFO - 26/05/05 06:37:28 INFO SparkContext: Starting job: collect at /opt/spark/scripts/Clean_Silver.py:56
[2026-05-05T06:37:28.838+0000] {subprocess.py:106} INFO - 26/05/05 06:37:28 INFO DAGScheduler: Got job 1 (collect at /opt/spark/scripts/Clean_Silver.py:56) with 1 output partitions
[2026-05-05T06:37:28.839+0000] {subprocess.py:106} INFO - 26/05/05 06:37:28 INFO DAGScheduler: Final stage: ResultStage 2 (collect at /opt/spark/scripts/Clean_Silver.py:56)
[2026-05-05T06:37:28.840+0000] {subprocess.py:106} INFO - 26/05/05 06:37:28 INFO DAGScheduler: Parents of final stage: List(ShuffleMapStage 1)
[2026-05-05T06:37:28.841+0000] {subprocess.py:106} INFO - 26/05/05 06:37:28 INFO DAGScheduler: Missing parents: List()
[2026-05-05T06:37:28.845+0000] {subprocess.py:106} INFO - 26/05/05 06:37:28 INFO DAGScheduler: Submitting ResultStage 2 (MapPartitionsRDD[5] at collect at /opt/spark/scripts/Clean_Silver.py:56), which has no missing parents
[2026-05-05T06:37:28.859+0000] {subprocess.py:106} INFO - 26/05/05 06:37:28 INFO MemoryStore: Block broadcast_1 stored as values in memory (estimated size 13.1 KiB, free 434.4 MiB)
[2026-05-05T06:37:28.875+0000] {subprocess.py:106} INFO - 26/05/05 06:37:28 INFO MemoryStore: Block broadcast_1_piece0 stored as bytes in memory (estimated size 6.1 KiB, free 434.4 MiB)
[2026-05-05T06:37:28.876+0000] {subprocess.py:106} INFO - 26/05/05 06:37:28 INFO BlockManagerInfo: Added broadcast_1_piece0 in memory on c05002f484b8:36677 (size: 6.1 KiB, free: 434.4 MiB)
[2026-05-05T06:37:28.878+0000] {subprocess.py:106} INFO - 26/05/05 06:37:28 INFO SparkContext: Created broadcast 1 from broadcast at DAGScheduler.scala:1585
[2026-05-05T06:37:28.881+0000] {subprocess.py:106} INFO - 26/05/05 06:37:28 INFO DAGScheduler: Submitting 1 missing tasks from ResultStage 2 (MapPartitionsRDD[5] at collect at /opt/spark/scripts/Clean_Silver.py:56) (first 15 tasks are for partitions Vector(0))
[2026-05-05T06:37:28.882+0000] {subprocess.py:106} INFO - 26/05/05 06:37:28 INFO TaskSchedulerImpl: Adding task set 2.0 with 1 tasks resource profile 0
[2026-05-05T06:37:28.895+0000] {subprocess.py:106} INFO - 26/05/05 06:37:28 INFO TaskSetManager: Starting task 0.0 in stage 2.0 (TID 1) (172.30.0.7, executor 0, partition 0, NODE_LOCAL, 9976 bytes)
[2026-05-05T06:37:28.962+0000] {subprocess.py:106} INFO - 26/05/05 06:37:28 INFO BlockManagerInfo: Removed broadcast_0_piece0 on c05002f484b8:36677 in memory (size: 6.0 KiB, free: 434.4 MiB)
[2026-05-05T06:37:28.963+0000] {subprocess.py:106} INFO - 26/05/05 06:37:28 INFO BlockManagerInfo: Removed broadcast_0_piece0 on 172.30.0.7:42611 in memory (size: 6.0 KiB, free: 434.4 MiB)
[2026-05-05T06:37:28.992+0000] {subprocess.py:106} INFO - 26/05/05 06:37:28 INFO BlockManagerInfo: Added broadcast_1_piece0 in memory on 172.30.0.7:42611 (size: 6.1 KiB, free: 434.4 MiB)
[2026-05-05T06:37:29.068+0000] {subprocess.py:106} INFO - 26/05/05 06:37:29 INFO MapOutputTrackerMasterEndpoint: Asked to send map output locations for shuffle 0 to 172.30.0.7:41668
[2026-05-05T06:37:29.258+0000] {subprocess.py:106} INFO - 26/05/05 06:37:29 INFO TaskSetManager: Finished task 0.0 in stage 2.0 (TID 1) in 368 ms on 172.30.0.7 (executor 0) (1/1)
[2026-05-05T06:37:29.265+0000] {subprocess.py:106} INFO - 26/05/05 06:37:29 INFO TaskSchedulerImpl: Removed TaskSet 2.0, whose tasks have all completed, from pool
[2026-05-05T06:37:29.271+0000] {subprocess.py:106} INFO - 26/05/05 06:37:29 INFO DAGScheduler: ResultStage 2 (collect at /opt/spark/scripts/Clean_Silver.py:56) finished in 0.402 s
[2026-05-05T06:37:29.274+0000] {subprocess.py:106} INFO - 26/05/05 06:37:29 INFO DAGScheduler: Job 1 is finished. Cancelling potential speculative or zombie tasks for this job
[2026-05-05T06:37:29.276+0000] {subprocess.py:106} INFO - 26/05/05 06:37:29 INFO TaskSchedulerImpl: Killing all running tasks in stage 2: Stage finished
[2026-05-05T06:37:29.282+0000] {subprocess.py:106} INFO - 26/05/05 06:37:29 INFO DAGScheduler: Job 1 finished: collect at /opt/spark/scripts/Clean_Silver.py:56, took 0.445812 s
[2026-05-05T06:37:29.478+0000] {subprocess.py:106} INFO - >>> Watermark (Last Processed Time): 2026-05-05 06:29:04.880860
[2026-05-05T06:37:29.505+0000] {subprocess.py:106} INFO - 26/05/05 06:37:29 INFO BaseMetastoreTableOperations: Refreshing table metadata from new version: s3a://warehouse/iceberg_data/bronze.db/it_jobs_raw/metadata/00003-4cb21f9c-a565-47ec-addf-c06aca613c43.metadata.json
[2026-05-05T06:37:29.537+0000] {subprocess.py:106} INFO - 26/05/05 06:37:29 INFO BaseMetastoreCatalog: Table loaded by catalog: iceberg.bronze.it_jobs_raw
[2026-05-05T06:37:29.562+0000] {subprocess.py:106} INFO - >>> INCREMENTAL LOAD: Reading only new data...
[2026-05-05T06:37:29.826+0000] {subprocess.py:106} INFO - 26/05/05 06:37:29 INFO BlockManagerInfo: Removed broadcast_1_piece0 on c05002f484b8:36677 in memory (size: 6.1 KiB, free: 434.4 MiB)
[2026-05-05T06:37:29.830+0000] {subprocess.py:106} INFO - 26/05/05 06:37:29 INFO BlockManagerInfo: Removed broadcast_1_piece0 on 172.30.0.7:42611 in memory (size: 6.1 KiB, free: 434.4 MiB)
[2026-05-05T06:37:29.890+0000] {subprocess.py:106} INFO - 26/05/05 06:37:29 INFO V2ScanRelationPushDown:
[2026-05-05T06:37:29.890+0000] {subprocess.py:106} INFO - Pushing operators to iceberg.bronze.it_jobs_raw
[2026-05-05T06:37:29.891+0000] {subprocess.py:106} INFO - Pushed Filters: ingest_time IS NOT NULL, ingest_time > 1777962544880860
[2026-05-05T06:37:29.891+0000] {subprocess.py:106} INFO - Post-Scan Filters: isnotnull(ingest_time#36),(ingest_time#36 > 2026-05-05 06:29:04.88086)
[2026-05-05T06:37:29.891+0000] {subprocess.py:106} INFO - 
[2026-05-05T06:37:29.925+0000] {subprocess.py:106} INFO - 26/05/05 06:37:29 INFO V2ScanRelationPushDown:
[2026-05-05T06:37:29.926+0000] {subprocess.py:106} INFO - Output: ingest_time#36
[2026-05-05T06:37:29.927+0000] {subprocess.py:106} INFO - 
[2026-05-05T06:37:29.941+0000] {subprocess.py:106} INFO - 26/05/05 06:37:29 INFO SnapshotScan: Scanning table iceberg.bronze.it_jobs_raw snapshot 3687861252865322193 created at 2026-05-05T06:29:07.535+00:00 with filter (ingest_time IS NOT NULL AND ingest_time > (16-digit-int))
[2026-05-05T06:37:29.996+0000] {subprocess.py:106} INFO - 26/05/05 06:37:29 INFO BaseDistributedDataScan: Planning file tasks locally for table iceberg.bronze.it_jobs_raw
[2026-05-05T06:37:30.060+0000] {subprocess.py:106} INFO - 26/05/05 06:37:30 INFO SparkPartitioningAwareScan: Reporting UnknownPartitioning with 0 partition(s) for table iceberg.bronze.it_jobs_raw
[2026-05-05T06:37:30.086+0000] {subprocess.py:106} INFO - 26/05/05 06:37:30 INFO MemoryStore: Block broadcast_2 stored as values in memory (estimated size 32.0 KiB, free 434.4 MiB)
[2026-05-05T06:37:30.100+0000] {subprocess.py:106} INFO - 26/05/05 06:37:30 INFO MemoryStore: Block broadcast_2_piece0 stored as bytes in memory (estimated size 30.3 KiB, free 434.3 MiB)
[2026-05-05T06:37:30.101+0000] {subprocess.py:106} INFO - 26/05/05 06:37:30 INFO BlockManagerInfo: Added broadcast_2_piece0 in memory on c05002f484b8:36677 (size: 30.3 KiB, free: 434.4 MiB)
[2026-05-05T06:37:30.103+0000] {subprocess.py:106} INFO - 26/05/05 06:37:30 INFO SparkContext: Created broadcast 2 from broadcast at SparkBatch.java:79
[2026-05-05T06:37:30.124+0000] {subprocess.py:106} INFO - 26/05/05 06:37:30 INFO MemoryStore: Block broadcast_3 stored as values in memory (estimated size 32.0 KiB, free 434.3 MiB)
[2026-05-05T06:37:30.145+0000] {subprocess.py:106} INFO - 26/05/05 06:37:30 INFO MemoryStore: Block broadcast_3_piece0 stored as bytes in memory (estimated size 30.2 KiB, free 434.3 MiB)
[2026-05-05T06:37:30.146+0000] {subprocess.py:106} INFO - 26/05/05 06:37:30 INFO BlockManagerInfo: Added broadcast_3_piece0 in memory on c05002f484b8:36677 (size: 30.2 KiB, free: 434.3 MiB)
[2026-05-05T06:37:30.147+0000] {subprocess.py:106} INFO - 26/05/05 06:37:30 INFO SparkContext: Created broadcast 3 from broadcast at SparkBatch.java:79
[2026-05-05T06:37:30.235+0000] {subprocess.py:106} INFO - 26/05/05 06:37:30 INFO CodeGenerator: Code generated in 17.148485 ms
[2026-05-05T06:37:30.280+0000] {subprocess.py:106} INFO - 26/05/05 06:37:30 INFO CodeGenerator: Code generated in 11.672686 ms
[2026-05-05T06:37:30.298+0000] {subprocess.py:106} INFO - 26/05/05 06:37:30 INFO SparkContext: Starting job: count at <unknown>:0
[2026-05-05T06:37:30.299+0000] {subprocess.py:106} INFO - 26/05/05 06:37:30 INFO DAGScheduler: Registering RDD 9 (count at <unknown>:0) as input to shuffle 1
[2026-05-05T06:37:30.300+0000] {subprocess.py:106} INFO - 26/05/05 06:37:30 INFO DAGScheduler: Got job 2 (count at <unknown>:0) with 1 output partitions
[2026-05-05T06:37:30.301+0000] {subprocess.py:106} INFO - 26/05/05 06:37:30 INFO DAGScheduler: Final stage: ResultStage 4 (count at <unknown>:0)
[2026-05-05T06:37:30.302+0000] {subprocess.py:106} INFO - 26/05/05 06:37:30 INFO DAGScheduler: Parents of final stage: List(ShuffleMapStage 3)
[2026-05-05T06:37:30.303+0000] {subprocess.py:106} INFO - 26/05/05 06:37:30 INFO DAGScheduler: Missing parents: List()
[2026-05-05T06:37:30.303+0000] {subprocess.py:106} INFO - 26/05/05 06:37:30 INFO DAGScheduler: Submitting ResultStage 4 (MapPartitionsRDD[12] at count at <unknown>:0), which has no missing parents
[2026-05-05T06:37:30.307+0000] {subprocess.py:106} INFO - 26/05/05 06:37:30 INFO MemoryStore: Block broadcast_4 stored as values in memory (estimated size 12.5 KiB, free 434.3 MiB)
[2026-05-05T06:37:30.318+0000] {subprocess.py:106} INFO - 26/05/05 06:37:30 INFO MemoryStore: Block broadcast_4_piece0 stored as bytes in memory (estimated size 5.9 KiB, free 434.3 MiB)
[2026-05-05T06:37:30.325+0000] {subprocess.py:106} INFO - 26/05/05 06:37:30 INFO BlockManagerInfo: Added broadcast_4_piece0 in memory on c05002f484b8:36677 (size: 5.9 KiB, free: 434.3 MiB)
[2026-05-05T06:37:30.326+0000] {subprocess.py:106} INFO - 26/05/05 06:37:30 INFO SparkContext: Created broadcast 4 from broadcast at DAGScheduler.scala:1585
[2026-05-05T06:37:30.327+0000] {subprocess.py:106} INFO - 26/05/05 06:37:30 INFO BlockManagerInfo: Removed broadcast_2_piece0 on c05002f484b8:36677 in memory (size: 30.3 KiB, free: 434.4 MiB)
[2026-05-05T06:37:30.328+0000] {subprocess.py:106} INFO - 26/05/05 06:37:30 INFO DAGScheduler: Submitting 1 missing tasks from ResultStage 4 (MapPartitionsRDD[12] at count at <unknown>:0) (first 15 tasks are for partitions Vector(0))
[2026-05-05T06:37:30.328+0000] {subprocess.py:106} INFO - 26/05/05 06:37:30 INFO TaskSchedulerImpl: Adding task set 4.0 with 1 tasks resource profile 0
[2026-05-05T06:37:30.329+0000] {subprocess.py:106} INFO - 26/05/05 06:37:30 INFO TaskSetManager: Starting task 0.0 in stage 4.0 (TID 2) (172.30.0.7, executor 0, partition 0, PROCESS_LOCAL, 9976 bytes)
[2026-05-05T06:37:30.344+0000] {subprocess.py:106} INFO - 26/05/05 06:37:30 INFO BlockManagerInfo: Removed broadcast_3_piece0 on c05002f484b8:36677 in memory (size: 30.2 KiB, free: 434.4 MiB)
[2026-05-05T06:37:30.356+0000] {subprocess.py:106} INFO - 26/05/05 06:37:30 INFO BlockManagerInfo: Added broadcast_4_piece0 in memory on 172.30.0.7:42611 (size: 5.9 KiB, free: 434.4 MiB)
[2026-05-05T06:37:30.369+0000] {subprocess.py:106} INFO - 26/05/05 06:37:30 INFO MapOutputTrackerMasterEndpoint: Asked to send map output locations for shuffle 1 to 172.30.0.7:41668
[2026-05-05T06:37:30.420+0000] {subprocess.py:106} INFO - 26/05/05 06:37:30 INFO TaskSetManager: Finished task 0.0 in stage 4.0 (TID 2) in 95 ms on 172.30.0.7 (executor 0) (1/1)
[2026-05-05T06:37:30.424+0000] {subprocess.py:106} INFO - 26/05/05 06:37:30 INFO TaskSchedulerImpl: Removed TaskSet 4.0, whose tasks have all completed, from pool
[2026-05-05T06:37:30.425+0000] {subprocess.py:106} INFO - 26/05/05 06:37:30 INFO DAGScheduler: ResultStage 4 (count at <unknown>:0) finished in 0.120 s
[2026-05-05T06:37:30.426+0000] {subprocess.py:106} INFO - 26/05/05 06:37:30 INFO DAGScheduler: Job 2 is finished. Cancelling potential speculative or zombie tasks for this job
[2026-05-05T06:37:30.427+0000] {subprocess.py:106} INFO - 26/05/05 06:37:30 INFO TaskSchedulerImpl: Killing all running tasks in stage 4: Stage finished
[2026-05-05T06:37:30.427+0000] {subprocess.py:106} INFO - 26/05/05 06:37:30 INFO DAGScheduler: Job 2 finished: count at <unknown>:0, took 0.128739 s
[2026-05-05T06:37:30.429+0000] {subprocess.py:106} INFO - >>> Processing 0 records...
[2026-05-05T06:37:30.430+0000] {subprocess.py:106} INFO - >>> No new data to process.
[2026-05-05T06:37:30.431+0000] {subprocess.py:106} INFO - 26/05/05 06:37:30 INFO SparkContext: SparkContext is stopping with exitCode 0.
[2026-05-05T06:37:30.447+0000] {subprocess.py:106} INFO - 26/05/05 06:37:30 INFO SparkUI: Stopped Spark web UI at http://c05002f484b8:4040
[2026-05-05T06:37:30.455+0000] {subprocess.py:106} INFO - 26/05/05 06:37:30 INFO StandaloneSchedulerBackend: Shutting down all executors
[2026-05-05T06:37:30.456+0000] {subprocess.py:106} INFO - 26/05/05 06:37:30 INFO StandaloneSchedulerBackend$StandaloneDriverEndpoint: Asking each executor to shut down
[2026-05-05T06:37:30.485+0000] {subprocess.py:106} INFO - 26/05/05 06:37:30 INFO MapOutputTrackerMasterEndpoint: MapOutputTrackerMasterEndpoint stopped!
[2026-05-05T06:37:30.504+0000] {subprocess.py:106} INFO - 26/05/05 06:37:30 INFO MemoryStore: MemoryStore cleared
[2026-05-05T06:37:30.505+0000] {subprocess.py:106} INFO - 26/05/05 06:37:30 INFO BlockManager: BlockManager stopped
[2026-05-05T06:37:30.509+0000] {subprocess.py:106} INFO - 26/05/05 06:37:30 INFO BlockManagerMaster: BlockManagerMaster stopped
[2026-05-05T06:37:30.513+0000] {subprocess.py:106} INFO - 26/05/05 06:37:30 INFO OutputCommitCoordinator$OutputCommitCoordinatorEndpoint: OutputCommitCoordinator stopped!
[2026-05-05T06:37:30.575+0000] {subprocess.py:106} INFO - 26/05/05 06:37:30 INFO SparkContext: Successfully stopped SparkContext
[2026-05-05T06:37:30.722+0000] {subprocess.py:106} INFO - 26/05/05 06:37:30 INFO ShutdownHookManager: Shutdown hook called
[2026-05-05T06:37:30.724+0000] {subprocess.py:106} INFO - 26/05/05 06:37:30 INFO ShutdownHookManager: Deleting directory /tmp/spark-4e3affea-4d77-41c2-ba33-706edd9bfbd2/pyspark-1dbd3da7-37ba-445d-9f28-332985714f47
[2026-05-05T06:37:30.729+0000] {subprocess.py:106} INFO - 26/05/05 06:37:30 INFO ShutdownHookManager: Deleting directory /tmp/spark-13ffb4fc-cf69-4282-a587-51f37600cca4
[2026-05-05T06:37:30.733+0000] {subprocess.py:106} INFO - 26/05/05 06:37:30 INFO ShutdownHookManager: Deleting directory /tmp/spark-4e3affea-4d77-41c2-ba33-706edd9bfbd2
[2026-05-05T06:37:30.741+0000] {subprocess.py:106} INFO - 26/05/05 06:37:30 INFO MetricsSystemImpl: Stopping s3a-file-system metrics system...
[2026-05-05T06:37:30.742+0000] {subprocess.py:106} INFO - 26/05/05 06:37:30 INFO MetricsSystemImpl: s3a-file-system metrics system stopped.
[2026-05-05T06:37:30.742+0000] {subprocess.py:106} INFO - 26/05/05 06:37:30 INFO MetricsSystemImpl: s3a-file-system metrics system shutdown complete.
[2026-05-05T06:37:30.838+0000] {subprocess.py:110} INFO - Command exited with return code 0
[2026-05-05T06:37:30.909+0000] {taskinstance.py:341} INFO - ::group::Post task execution logs
[2026-05-05T06:37:30.910+0000] {taskinstance.py:353} INFO - Marking task as SUCCESS. dag_id=crawl_etl_itjob, task_id=clean_silver, run_id=scheduled__2026-05-04T02:00:00+00:00, execution_date=20260504T020000, start_date=20260505T063707, end_date=20260505T063730
[2026-05-05T06:37:30.988+0000] {local_task_job_runner.py:266} INFO - Task exited with return code 0
[2026-05-05T06:37:31.026+0000] {taskinstance.py:3901} INFO - 1 downstream tasks scheduled from follow-on schedule check
[2026-05-05T06:37:31.029+0000] {local_task_job_runner.py:245} INFO - ::endgroup::
