[2026-04-22T06:17:30.159+0000] {local_task_job_runner.py:123} INFO - ::group::Pre task execution logs
[2026-04-22T06:17:30.200+0000] {taskinstance.py:2614} INFO - Dependencies all met for dep_context=non-requeueable deps ti=<TaskInstance: crawl_etl_itjob.load_bronze scheduled__2026-04-21T02:00:00+00:00 [queued]>
[2026-04-22T06:17:30.212+0000] {taskinstance.py:2614} INFO - Dependencies all met for dep_context=requeueable deps ti=<TaskInstance: crawl_etl_itjob.load_bronze scheduled__2026-04-21T02:00:00+00:00 [queued]>
[2026-04-22T06:17:30.213+0000] {taskinstance.py:2867} INFO - Starting attempt 1 of 2
[2026-04-22T06:17:30.228+0000] {taskinstance.py:2890} INFO - Executing <Task(BashOperator): load_bronze> on 2026-04-21 02:00:00+00:00
[2026-04-22T06:17:30.233+0000] {standard_task_runner.py:72} INFO - Started process 128 to run task
[2026-04-22T06:17:30.237+0000] {standard_task_runner.py:104} INFO - Running: ['***', 'tasks', 'run', 'crawl_etl_itjob', 'load_bronze', 'scheduled__2026-04-21T02:00:00+00:00', '--job-id', '121', '--raw', '--subdir', 'DAGS_FOLDER/Crawl_ETL_ITJob.py', '--cfg-path', '/tmp/tmptond3n5w']
[2026-04-22T06:17:30.238+0000] {standard_task_runner.py:105} INFO - Job 121: Subtask load_bronze
[2026-04-22T06:17:30.266+0000] {warnings.py:109} WARNING - /home/***/.local/lib/python3.8/site-packages/***/settings.py:209: DeprecationWarning: The sql_alchemy_conn option in [core] has been moved to the sql_alchemy_conn option in [database] - the old setting has been used, but please update your config.
  SQL_ALCHEMY_CONN = conf.get("database", "SQL_ALCHEMY_CONN")

[2026-04-22T06:17:30.358+0000] {task_command.py:467} INFO - Running <TaskInstance: crawl_etl_itjob.load_bronze scheduled__2026-04-21T02:00:00+00:00 [running]> on host 64b3786bead1
[2026-04-22T06:17:30.359+0000] {warnings.py:109} WARNING - /home/***/.local/lib/python3.8/site-packages/***/settings.py:470: DeprecationWarning: The sql_alchemy_conn option in [core] has been moved to the sql_alchemy_conn option in [database] - the old setting has been used, but please update your config.
  if conf.get("database", "sql_alchemy_conn") == "none://":

[2026-04-22T06:17:30.512+0000] {taskinstance.py:3134} INFO - Exporting env vars: AIRFLOW_CTX_DAG_EMAIL='hoa856856@gmail.com' AIRFLOW_CTX_DAG_OWNER='***' AIRFLOW_CTX_DAG_ID='crawl_etl_itjob' AIRFLOW_CTX_TASK_ID='load_bronze' AIRFLOW_CTX_EXECUTION_DATE='2026-04-21T02:00:00+00:00' AIRFLOW_CTX_TRY_NUMBER='1' AIRFLOW_CTX_DAG_RUN_ID='scheduled__2026-04-21T02:00:00+00:00'
[2026-04-22T06:17:30.513+0000] {taskinstance.py:732} INFO - ::endgroup::
[2026-04-22T06:17:30.523+0000] {subprocess.py:78} INFO - Tmp dir root location: /tmp
[2026-04-22T06:17:30.524+0000] {subprocess.py:88} INFO - Running command: ['/bin/bash', '-c', "\n        docker exec spark-submit bash -c '\n        /opt/spark/bin/spark-submit         --master spark://spark-master:7077         --deploy-mode client         --packages org.apache.iceberg:iceberg-spark-runtime-3.5_2.12:1.5.0,org.apache.hadoop:hadoop-aws:3.3.4,com.amazonaws:aws-java-sdk-bundle:1.12.262         /opt/spark/scripts/Load_Bronze.py\n        '\n        "]
[2026-04-22T06:17:30.532+0000] {subprocess.py:99} INFO - Output:
[2026-04-22T06:17:32.584+0000] {subprocess.py:106} INFO - :: loading settings :: url = jar:file:/opt/spark/jars/ivy-2.5.1.jar!/org/apache/ivy/core/settings/ivysettings.xml
[2026-04-22T06:17:32.696+0000] {subprocess.py:106} INFO - Ivy Default Cache set to: /home/spark/.ivy2/cache
[2026-04-22T06:17:32.697+0000] {subprocess.py:106} INFO - The jars for the packages stored in: /home/spark/.ivy2/jars
[2026-04-22T06:17:32.702+0000] {subprocess.py:106} INFO - org.apache.iceberg#iceberg-spark-runtime-3.5_2.12 added as a dependency
[2026-04-22T06:17:32.703+0000] {subprocess.py:106} INFO - org.apache.hadoop#hadoop-aws added as a dependency
[2026-04-22T06:17:32.703+0000] {subprocess.py:106} INFO - com.amazonaws#aws-java-sdk-bundle added as a dependency
[2026-04-22T06:17:32.704+0000] {subprocess.py:106} INFO - :: resolving dependencies :: org.apache.spark#spark-submit-parent-f944c75b-29a2-472a-a75b-a03b3c77f4e2;1.0
[2026-04-22T06:17:32.704+0000] {subprocess.py:106} INFO - 	confs: [default]
[2026-04-22T06:17:32.794+0000] {subprocess.py:106} INFO - 	found org.apache.iceberg#iceberg-spark-runtime-3.5_2.12;1.5.0 in central
[2026-04-22T06:17:32.846+0000] {subprocess.py:106} INFO - 	found org.apache.hadoop#hadoop-aws;3.3.4 in central
[2026-04-22T06:17:32.875+0000] {subprocess.py:106} INFO - 	found com.amazonaws#aws-java-sdk-bundle;1.12.262 in central
[2026-04-22T06:17:32.899+0000] {subprocess.py:106} INFO - 	found org.wildfly.openssl#wildfly-openssl;1.0.7.Final in central
[2026-04-22T06:17:32.925+0000] {subprocess.py:106} INFO - :: resolution report :: resolve 212ms :: artifacts dl 9ms
[2026-04-22T06:17:32.926+0000] {subprocess.py:106} INFO - 	:: modules in use:
[2026-04-22T06:17:32.927+0000] {subprocess.py:106} INFO - 	com.amazonaws#aws-java-sdk-bundle;1.12.262 from central in [default]
[2026-04-22T06:17:32.927+0000] {subprocess.py:106} INFO - 	org.apache.hadoop#hadoop-aws;3.3.4 from central in [default]
[2026-04-22T06:17:32.927+0000] {subprocess.py:106} INFO - 	org.apache.iceberg#iceberg-spark-runtime-3.5_2.12;1.5.0 from central in [default]
[2026-04-22T06:17:32.928+0000] {subprocess.py:106} INFO - 	org.wildfly.openssl#wildfly-openssl;1.0.7.Final from central in [default]
[2026-04-22T06:17:32.928+0000] {subprocess.py:106} INFO - 	---------------------------------------------------------------------
[2026-04-22T06:17:32.929+0000] {subprocess.py:106} INFO - 	|                  |            modules            ||   artifacts   |
[2026-04-22T06:17:32.929+0000] {subprocess.py:106} INFO - 	|       conf       | number| search|dwnlded|evicted|| number|dwnlded|
[2026-04-22T06:17:32.929+0000] {subprocess.py:106} INFO - 	---------------------------------------------------------------------
[2026-04-22T06:17:32.930+0000] {subprocess.py:106} INFO - 	|      default     |   4   |   0   |   0   |   0   ||   4   |   0   |
[2026-04-22T06:17:32.930+0000] {subprocess.py:106} INFO - 	---------------------------------------------------------------------
[2026-04-22T06:17:32.932+0000] {subprocess.py:106} INFO - :: retrieving :: org.apache.spark#spark-submit-parent-f944c75b-29a2-472a-a75b-a03b3c77f4e2
[2026-04-22T06:17:32.932+0000] {subprocess.py:106} INFO - 	confs: [default]
[2026-04-22T06:17:32.938+0000] {subprocess.py:106} INFO - 	0 artifacts copied, 4 already retrieved (0kB/6ms)
[2026-04-22T06:17:33.172+0000] {subprocess.py:106} INFO - 26/04/22 06:17:33 WARN NativeCodeLoader: Unable to load native-hadoop library for your platform... using builtin-java classes where applicable
[2026-04-22T06:17:34.239+0000] {subprocess.py:106} INFO - 26/04/22 06:17:34 INFO SparkContext: Running Spark version 3.5.3
[2026-04-22T06:17:34.239+0000] {subprocess.py:106} INFO - 26/04/22 06:17:34 INFO SparkContext: OS info Linux, 6.6.87.2-microsoft-standard-WSL2, amd64
[2026-04-22T06:17:34.240+0000] {subprocess.py:106} INFO - 26/04/22 06:17:34 INFO SparkContext: Java version 11.0.24
[2026-04-22T06:17:34.258+0000] {subprocess.py:106} INFO - 26/04/22 06:17:34 INFO ResourceUtils: ==============================================================
[2026-04-22T06:17:34.259+0000] {subprocess.py:106} INFO - 26/04/22 06:17:34 INFO ResourceUtils: No custom resources configured for spark.driver.
[2026-04-22T06:17:34.259+0000] {subprocess.py:106} INFO - 26/04/22 06:17:34 INFO ResourceUtils: ==============================================================
[2026-04-22T06:17:34.260+0000] {subprocess.py:106} INFO - 26/04/22 06:17:34 INFO SparkContext: Submitted application: Load_Bronze_MinIO_Iceberg
[2026-04-22T06:17:34.278+0000] {subprocess.py:106} INFO - 26/04/22 06:17:34 INFO ResourceProfile: Default ResourceProfile created, executor resources: Map(memory -> name: memory, amount: 1024, script: , vendor: , offHeap -> name: offHeap, amount: 0, script: , vendor: ), task resources: Map(cpus -> name: cpus, amount: 1.0)
[2026-04-22T06:17:34.287+0000] {subprocess.py:106} INFO - 26/04/22 06:17:34 INFO ResourceProfile: Limiting resource is cpu
[2026-04-22T06:17:34.287+0000] {subprocess.py:106} INFO - 26/04/22 06:17:34 INFO ResourceProfileManager: Added ResourceProfile id: 0
[2026-04-22T06:17:34.333+0000] {subprocess.py:106} INFO - 26/04/22 06:17:34 INFO SecurityManager: Changing view acls to: spark
[2026-04-22T06:17:34.334+0000] {subprocess.py:106} INFO - 26/04/22 06:17:34 INFO SecurityManager: Changing modify acls to: spark
[2026-04-22T06:17:34.334+0000] {subprocess.py:106} INFO - 26/04/22 06:17:34 INFO SecurityManager: Changing view acls groups to:
[2026-04-22T06:17:34.335+0000] {subprocess.py:106} INFO - 26/04/22 06:17:34 INFO SecurityManager: Changing modify acls groups to:
[2026-04-22T06:17:34.335+0000] {subprocess.py:106} INFO - 26/04/22 06:17:34 INFO SecurityManager: SecurityManager: authentication disabled; ui acls disabled; users with view permissions: spark; groups with view permissions: EMPTY; users with modify permissions: spark; groups with modify permissions: EMPTY
[2026-04-22T06:17:34.569+0000] {subprocess.py:106} INFO - 26/04/22 06:17:34 INFO Utils: Successfully started service 'sparkDriver' on port 40501.
[2026-04-22T06:17:34.608+0000] {subprocess.py:106} INFO - 26/04/22 06:17:34 INFO SparkEnv: Registering MapOutputTracker
[2026-04-22T06:17:34.651+0000] {subprocess.py:106} INFO - 26/04/22 06:17:34 INFO SparkEnv: Registering BlockManagerMaster
[2026-04-22T06:17:34.669+0000] {subprocess.py:106} INFO - 26/04/22 06:17:34 INFO BlockManagerMasterEndpoint: Using org.apache.spark.storage.DefaultTopologyMapper for getting topology information
[2026-04-22T06:17:34.670+0000] {subprocess.py:106} INFO - 26/04/22 06:17:34 INFO BlockManagerMasterEndpoint: BlockManagerMasterEndpoint up
[2026-04-22T06:17:34.674+0000] {subprocess.py:106} INFO - 26/04/22 06:17:34 INFO SparkEnv: Registering BlockManagerMasterHeartbeat
[2026-04-22T06:17:34.704+0000] {subprocess.py:106} INFO - 26/04/22 06:17:34 INFO DiskBlockManager: Created local directory at /tmp/blockmgr-0b255b34-df02-43aa-af84-d143f951076a
[2026-04-22T06:17:34.718+0000] {subprocess.py:106} INFO - 26/04/22 06:17:34 INFO MemoryStore: MemoryStore started with capacity 434.4 MiB
[2026-04-22T06:17:34.734+0000] {subprocess.py:106} INFO - 26/04/22 06:17:34 INFO SparkEnv: Registering OutputCommitCoordinator
[2026-04-22T06:17:34.889+0000] {subprocess.py:106} INFO - 26/04/22 06:17:34 INFO JettyUtils: Start Jetty 0.0.0.0:4040 for SparkUI
[2026-04-22T06:17:34.934+0000] {subprocess.py:106} INFO - 26/04/22 06:17:34 INFO Utils: Successfully started service 'SparkUI' on port 4040.
[2026-04-22T06:17:34.969+0000] {subprocess.py:106} INFO - 26/04/22 06:17:34 INFO SparkContext: Added JAR file:///home/spark/.ivy2/jars/org.apache.iceberg_iceberg-spark-runtime-3.5_2.12-1.5.0.jar at spark://c05002f484b8:40501/jars/org.apache.iceberg_iceberg-spark-runtime-3.5_2.12-1.5.0.jar with timestamp 1776838654231
[2026-04-22T06:17:34.971+0000] {subprocess.py:106} INFO - 26/04/22 06:17:34 INFO SparkContext: Added JAR file:///home/spark/.ivy2/jars/org.apache.hadoop_hadoop-aws-3.3.4.jar at spark://c05002f484b8:40501/jars/org.apache.hadoop_hadoop-aws-3.3.4.jar with timestamp 1776838654231
[2026-04-22T06:17:34.971+0000] {subprocess.py:106} INFO - 26/04/22 06:17:34 INFO SparkContext: Added JAR file:///home/spark/.ivy2/jars/com.amazonaws_aws-java-sdk-bundle-1.12.262.jar at spark://c05002f484b8:40501/jars/com.amazonaws_aws-java-sdk-bundle-1.12.262.jar with timestamp 1776838654231
[2026-04-22T06:17:34.972+0000] {subprocess.py:106} INFO - 26/04/22 06:17:34 INFO SparkContext: Added JAR file:///home/spark/.ivy2/jars/org.wildfly.openssl_wildfly-openssl-1.0.7.Final.jar at spark://c05002f484b8:40501/jars/org.wildfly.openssl_wildfly-openssl-1.0.7.Final.jar with timestamp 1776838654231
[2026-04-22T06:17:34.981+0000] {subprocess.py:106} INFO - 26/04/22 06:17:34 INFO SparkContext: Added file file:///home/spark/.ivy2/jars/org.apache.iceberg_iceberg-spark-runtime-3.5_2.12-1.5.0.jar at spark://c05002f484b8:40501/files/org.apache.iceberg_iceberg-spark-runtime-3.5_2.12-1.5.0.jar with timestamp 1776838654231
[2026-04-22T06:17:34.983+0000] {subprocess.py:106} INFO - 26/04/22 06:17:34 INFO Utils: Copying /home/spark/.ivy2/jars/org.apache.iceberg_iceberg-spark-runtime-3.5_2.12-1.5.0.jar to /tmp/spark-ab783a7c-ad2c-4c1e-afde-9bb0a0f86518/userFiles-82025526-0331-43a1-bb3e-a41127a8da6c/org.apache.iceberg_iceberg-spark-runtime-3.5_2.12-1.5.0.jar
[2026-04-22T06:17:35.174+0000] {subprocess.py:106} INFO - 26/04/22 06:17:35 INFO SparkContext: Added file file:///home/spark/.ivy2/jars/org.apache.hadoop_hadoop-aws-3.3.4.jar at spark://c05002f484b8:40501/files/org.apache.hadoop_hadoop-aws-3.3.4.jar with timestamp 1776838654231
[2026-04-22T06:17:35.175+0000] {subprocess.py:106} INFO - 26/04/22 06:17:35 INFO Utils: Copying /home/spark/.ivy2/jars/org.apache.hadoop_hadoop-aws-3.3.4.jar to /tmp/spark-ab783a7c-ad2c-4c1e-afde-9bb0a0f86518/userFiles-82025526-0331-43a1-bb3e-a41127a8da6c/org.apache.hadoop_hadoop-aws-3.3.4.jar
[2026-04-22T06:17:35.182+0000] {subprocess.py:106} INFO - 26/04/22 06:17:35 INFO SparkContext: Added file file:///home/spark/.ivy2/jars/com.amazonaws_aws-java-sdk-bundle-1.12.262.jar at spark://c05002f484b8:40501/files/com.amazonaws_aws-java-sdk-bundle-1.12.262.jar with timestamp 1776838654231
[2026-04-22T06:17:35.183+0000] {subprocess.py:106} INFO - 26/04/22 06:17:35 INFO Utils: Copying /home/spark/.ivy2/jars/com.amazonaws_aws-java-sdk-bundle-1.12.262.jar to /tmp/spark-ab783a7c-ad2c-4c1e-afde-9bb0a0f86518/userFiles-82025526-0331-43a1-bb3e-a41127a8da6c/com.amazonaws_aws-java-sdk-bundle-1.12.262.jar
[2026-04-22T06:17:36.234+0000] {subprocess.py:106} INFO - 26/04/22 06:17:36 INFO SparkContext: Added file file:///home/spark/.ivy2/jars/org.wildfly.openssl_wildfly-openssl-1.0.7.Final.jar at spark://c05002f484b8:40501/files/org.wildfly.openssl_wildfly-openssl-1.0.7.Final.jar with timestamp 1776838654231
[2026-04-22T06:17:36.236+0000] {subprocess.py:106} INFO - 26/04/22 06:17:36 INFO Utils: Copying /home/spark/.ivy2/jars/org.wildfly.openssl_wildfly-openssl-1.0.7.Final.jar to /tmp/spark-ab783a7c-ad2c-4c1e-afde-9bb0a0f86518/userFiles-82025526-0331-43a1-bb3e-a41127a8da6c/org.wildfly.openssl_wildfly-openssl-1.0.7.Final.jar
[2026-04-22T06:17:36.313+0000] {subprocess.py:106} INFO - 26/04/22 06:17:36 INFO StandaloneAppClient$ClientEndpoint: Connecting to master spark://spark-master:7077...
[2026-04-22T06:17:36.361+0000] {subprocess.py:106} INFO - 26/04/22 06:17:36 INFO TransportClientFactory: Successfully created connection to spark-master/172.30.0.6:7077 after 28 ms (0 ms spent in bootstraps)
[2026-04-22T06:17:36.471+0000] {subprocess.py:106} INFO - 26/04/22 06:17:36 INFO StandaloneSchedulerBackend: Connected to Spark cluster with app ID app-20260422061736-0003
[2026-04-22T06:17:36.479+0000] {subprocess.py:106} INFO - 26/04/22 06:17:36 INFO StandaloneAppClient$ClientEndpoint: Executor added: app-20260422061736-0003/0 on worker-20260422053610-172.30.0.8-38713 (172.30.0.8:38713) with 1 core(s)
[2026-04-22T06:17:36.482+0000] {subprocess.py:106} INFO - 26/04/22 06:17:36 INFO Utils: Successfully started service 'org.apache.spark.network.netty.NettyBlockTransferService' on port 44767.
[2026-04-22T06:17:36.487+0000] {subprocess.py:106} INFO - 26/04/22 06:17:36 INFO StandaloneSchedulerBackend: Granted executor ID app-20260422061736-0003/0 on hostPort 172.30.0.8:38713 with 1 core(s), 1024.0 MiB RAM
[2026-04-22T06:17:36.488+0000] {subprocess.py:106} INFO - 26/04/22 06:17:36 INFO NettyBlockTransferService: Server created on c05002f484b8:44767
[2026-04-22T06:17:36.489+0000] {subprocess.py:106} INFO - 26/04/22 06:17:36 INFO BlockManager: Using org.apache.spark.storage.RandomBlockReplicationPolicy for block replication policy
[2026-04-22T06:17:36.495+0000] {subprocess.py:106} INFO - 26/04/22 06:17:36 INFO BlockManagerMaster: Registering BlockManager BlockManagerId(driver, c05002f484b8, 44767, None)
[2026-04-22T06:17:36.499+0000] {subprocess.py:106} INFO - 26/04/22 06:17:36 INFO BlockManagerMasterEndpoint: Registering block manager c05002f484b8:44767 with 434.4 MiB RAM, BlockManagerId(driver, c05002f484b8, 44767, None)
[2026-04-22T06:17:36.503+0000] {subprocess.py:106} INFO - 26/04/22 06:17:36 INFO BlockManagerMaster: Registered BlockManager BlockManagerId(driver, c05002f484b8, 44767, None)
[2026-04-22T06:17:36.504+0000] {subprocess.py:106} INFO - 26/04/22 06:17:36 INFO BlockManager: Initialized BlockManager: BlockManagerId(driver, c05002f484b8, 44767, None)
[2026-04-22T06:17:36.710+0000] {subprocess.py:106} INFO - 26/04/22 06:17:36 INFO StandaloneAppClient$ClientEndpoint: Executor updated: app-20260422061736-0003/0 is now RUNNING
[2026-04-22T06:17:36.810+0000] {subprocess.py:106} INFO - 26/04/22 06:17:36 INFO StandaloneSchedulerBackend: SchedulerBackend is ready for scheduling beginning after reached minRegisteredResourcesRatio: 0.0
[2026-04-22T06:17:37.079+0000] {subprocess.py:106} INFO - Reading data from: s3a://warehouse/raw/itviec_jobs_full.csv
[2026-04-22T06:17:37.087+0000] {subprocess.py:106} INFO - 26/04/22 06:17:37 INFO SharedState: Setting hive.metastore.warehouse.dir ('null') to the value of spark.sql.warehouse.dir.
[2026-04-22T06:17:37.091+0000] {subprocess.py:106} INFO - 26/04/22 06:17:37 INFO SharedState: Warehouse path is 'file:/opt/spark/work-dir/spark-warehouse'.
[2026-04-22T06:17:38.625+0000] {subprocess.py:106} INFO - 26/04/22 06:17:38 WARN MetricsConfig: Cannot locate configuration: tried hadoop-metrics2-s3a-file-system.properties,hadoop-metrics2.properties
[2026-04-22T06:17:38.664+0000] {subprocess.py:106} INFO - 26/04/22 06:17:38 INFO MetricsSystemImpl: Scheduled Metric snapshot period at 10 second(s).
[2026-04-22T06:17:38.676+0000] {subprocess.py:106} INFO - 26/04/22 06:17:38 INFO MetricsSystemImpl: s3a-file-system metrics system started
[2026-04-22T06:17:39.978+0000] {subprocess.py:106} INFO - 26/04/22 06:17:39 INFO StandaloneSchedulerBackend$StandaloneDriverEndpoint: Registered executor NettyRpcEndpointRef(spark-client://Executor) (172.30.0.8:59736) with ID 0,  ResourceProfileId 0
[2026-04-22T06:17:40.097+0000] {subprocess.py:106} INFO - 26/04/22 06:17:40 INFO BlockManagerMasterEndpoint: Registering block manager 172.30.0.8:41525 with 434.4 MiB RAM, BlockManagerId(0, 172.30.0.8, 41525, None)
[2026-04-22T06:17:40.307+0000] {subprocess.py:106} INFO - 26/04/22 06:17:40 INFO InMemoryFileIndex: It took 130 ms to list leaf files for 1 paths.
[2026-04-22T06:17:40.584+0000] {subprocess.py:106} INFO - 26/04/22 06:17:40 INFO MemoryStore: Block broadcast_0 stored as values in memory (estimated size 206.5 KiB, free 434.2 MiB)
[2026-04-22T06:17:40.728+0000] {subprocess.py:106} INFO - 26/04/22 06:17:40 INFO MemoryStore: Block broadcast_0_piece0 stored as bytes in memory (estimated size 36.1 KiB, free 434.2 MiB)
[2026-04-22T06:17:40.734+0000] {subprocess.py:106} INFO - 26/04/22 06:17:40 INFO BlockManagerInfo: Added broadcast_0_piece0 in memory on c05002f484b8:44767 (size: 36.1 KiB, free: 434.4 MiB)
[2026-04-22T06:17:40.743+0000] {subprocess.py:106} INFO - 26/04/22 06:17:40 INFO SparkContext: Created broadcast 0 from csv at <unknown>:0
[2026-04-22T06:17:41.296+0000] {subprocess.py:106} INFO - 26/04/22 06:17:41 INFO FileInputFormat: Total input files to process : 1
[2026-04-22T06:17:41.317+0000] {subprocess.py:106} INFO - 26/04/22 06:17:41 INFO FileInputFormat: Total input files to process : 1
[2026-04-22T06:17:41.400+0000] {subprocess.py:106} INFO - 26/04/22 06:17:41 INFO SparkContext: Starting job: csv at <unknown>:0
[2026-04-22T06:17:41.460+0000] {subprocess.py:106} INFO - 26/04/22 06:17:41 INFO DAGScheduler: Got job 0 (csv at <unknown>:0) with 1 output partitions
[2026-04-22T06:17:41.462+0000] {subprocess.py:106} INFO - 26/04/22 06:17:41 INFO DAGScheduler: Final stage: ResultStage 0 (csv at <unknown>:0)
[2026-04-22T06:17:41.464+0000] {subprocess.py:106} INFO - 26/04/22 06:17:41 INFO DAGScheduler: Parents of final stage: List()
[2026-04-22T06:17:41.470+0000] {subprocess.py:106} INFO - 26/04/22 06:17:41 INFO DAGScheduler: Missing parents: List()
[2026-04-22T06:17:41.479+0000] {subprocess.py:106} INFO - 26/04/22 06:17:41 INFO DAGScheduler: Submitting ResultStage 0 (MapPartitionsRDD[2] at csv at <unknown>:0), which has no missing parents
[2026-04-22T06:17:41.519+0000] {subprocess.py:106} INFO - 26/04/22 06:17:41 INFO MemoryStore: Block broadcast_1 stored as values in memory (estimated size 7.6 KiB, free 434.2 MiB)
[2026-04-22T06:17:41.535+0000] {subprocess.py:106} INFO - 26/04/22 06:17:41 INFO MemoryStore: Block broadcast_1_piece0 stored as bytes in memory (estimated size 4.4 KiB, free 434.2 MiB)
[2026-04-22T06:17:41.541+0000] {subprocess.py:106} INFO - 26/04/22 06:17:41 INFO BlockManagerInfo: Added broadcast_1_piece0 in memory on c05002f484b8:44767 (size: 4.4 KiB, free: 434.4 MiB)
[2026-04-22T06:17:41.543+0000] {subprocess.py:106} INFO - 26/04/22 06:17:41 INFO SparkContext: Created broadcast 1 from broadcast at DAGScheduler.scala:1585
[2026-04-22T06:17:41.600+0000] {subprocess.py:106} INFO - 26/04/22 06:17:41 INFO DAGScheduler: Submitting 1 missing tasks from ResultStage 0 (MapPartitionsRDD[2] at csv at <unknown>:0) (first 15 tasks are for partitions Vector(0))
[2026-04-22T06:17:41.606+0000] {subprocess.py:106} INFO - 26/04/22 06:17:41 INFO TaskSchedulerImpl: Adding task set 0.0 with 1 tasks resource profile 0
[2026-04-22T06:17:45.853+0000] {subprocess.py:106} INFO - 26/04/22 06:17:45 INFO TaskSetManager: Starting task 0.0 in stage 0.0 (TID 0) (172.30.0.8, executor 0, partition 0, PROCESS_LOCAL, 10108 bytes)
[2026-04-22T06:17:46.097+0000] {subprocess.py:106} INFO - 26/04/22 06:17:46 INFO BlockManagerInfo: Added broadcast_1_piece0 in memory on 172.30.0.8:41525 (size: 4.4 KiB, free: 434.4 MiB)
[2026-04-22T06:17:46.335+0000] {subprocess.py:106} INFO - 26/04/22 06:17:46 INFO BlockManagerInfo: Added broadcast_0_piece0 in memory on 172.30.0.8:41525 (size: 36.1 KiB, free: 434.4 MiB)
[2026-04-22T06:17:50.798+0000] {subprocess.py:106} INFO - 26/04/22 06:17:50 INFO TaskSetManager: Finished task 0.0 in stage 0.0 (TID 0) in 4956 ms on 172.30.0.8 (executor 0) (1/1)
[2026-04-22T06:17:50.801+0000] {subprocess.py:106} INFO - 26/04/22 06:17:50 INFO TaskSchedulerImpl: Removed TaskSet 0.0, whose tasks have all completed, from pool
[2026-04-22T06:17:50.813+0000] {subprocess.py:106} INFO - 26/04/22 06:17:50 INFO DAGScheduler: ResultStage 0 (csv at <unknown>:0) finished in 9.304 s
[2026-04-22T06:17:50.820+0000] {subprocess.py:106} INFO - 26/04/22 06:17:50 INFO DAGScheduler: Job 0 is finished. Cancelling potential speculative or zombie tasks for this job
[2026-04-22T06:17:50.823+0000] {subprocess.py:106} INFO - 26/04/22 06:17:50 INFO TaskSchedulerImpl: Killing all running tasks in stage 0: Stage finished
[2026-04-22T06:17:50.826+0000] {subprocess.py:106} INFO - 26/04/22 06:17:50 INFO DAGScheduler: Job 0 finished: csv at <unknown>:0, took 6.700238 s
[2026-04-22T06:17:50.921+0000] {subprocess.py:106} INFO - 26/04/22 06:17:50 INFO SparkContext: Starting job: csv at <unknown>:0
[2026-04-22T06:17:50.923+0000] {subprocess.py:106} INFO - 26/04/22 06:17:50 INFO DAGScheduler: Got job 1 (csv at <unknown>:0) with 1 output partitions
[2026-04-22T06:17:50.924+0000] {subprocess.py:106} INFO - 26/04/22 06:17:50 INFO DAGScheduler: Final stage: ResultStage 1 (csv at <unknown>:0)
[2026-04-22T06:17:50.924+0000] {subprocess.py:106} INFO - 26/04/22 06:17:50 INFO DAGScheduler: Parents of final stage: List()
[2026-04-22T06:17:50.925+0000] {subprocess.py:106} INFO - 26/04/22 06:17:50 INFO DAGScheduler: Missing parents: List()
[2026-04-22T06:17:50.925+0000] {subprocess.py:106} INFO - 26/04/22 06:17:50 INFO DAGScheduler: Submitting ResultStage 1 (MapPartitionsRDD[3] at csv at <unknown>:0), which has no missing parents
[2026-04-22T06:17:50.930+0000] {subprocess.py:106} INFO - 26/04/22 06:17:50 INFO MemoryStore: Block broadcast_2 stored as values in memory (estimated size 10.1 KiB, free 434.1 MiB)
[2026-04-22T06:17:50.942+0000] {subprocess.py:106} INFO - 26/04/22 06:17:50 INFO MemoryStore: Block broadcast_2_piece0 stored as bytes in memory (estimated size 5.4 KiB, free 434.1 MiB)
[2026-04-22T06:17:50.947+0000] {subprocess.py:106} INFO - 26/04/22 06:17:50 INFO BlockManagerInfo: Added broadcast_2_piece0 in memory on c05002f484b8:44767 (size: 5.4 KiB, free: 434.4 MiB)
[2026-04-22T06:17:50.951+0000] {subprocess.py:106} INFO - 26/04/22 06:17:50 INFO SparkContext: Created broadcast 2 from broadcast at DAGScheduler.scala:1585
[2026-04-22T06:17:50.953+0000] {subprocess.py:106} INFO - 26/04/22 06:17:50 INFO DAGScheduler: Submitting 1 missing tasks from ResultStage 1 (MapPartitionsRDD[3] at csv at <unknown>:0) (first 15 tasks are for partitions Vector(0))
[2026-04-22T06:17:50.955+0000] {subprocess.py:106} INFO - 26/04/22 06:17:50 INFO TaskSchedulerImpl: Adding task set 1.0 with 1 tasks resource profile 0
[2026-04-22T06:17:50.958+0000] {subprocess.py:106} INFO - 26/04/22 06:17:50 INFO TaskSetManager: Starting task 0.0 in stage 1.0 (TID 1) (172.30.0.8, executor 0, partition 0, PROCESS_LOCAL, 10108 bytes)
[2026-04-22T06:17:50.990+0000] {subprocess.py:106} INFO - 26/04/22 06:17:50 INFO BlockManagerInfo: Removed broadcast_1_piece0 on c05002f484b8:44767 in memory (size: 4.4 KiB, free: 434.4 MiB)
[2026-04-22T06:17:51.011+0000] {subprocess.py:106} INFO - 26/04/22 06:17:51 INFO BlockManagerInfo: Removed broadcast_1_piece0 on 172.30.0.8:41525 in memory (size: 4.4 KiB, free: 434.4 MiB)
[2026-04-22T06:17:51.028+0000] {subprocess.py:106} INFO - 26/04/22 06:17:51 INFO BlockManagerInfo: Added broadcast_2_piece0 in memory on 172.30.0.8:41525 (size: 5.4 KiB, free: 434.4 MiB)
[2026-04-22T06:17:51.890+0000] {subprocess.py:106} INFO - 26/04/22 06:17:51 INFO TaskSetManager: Finished task 0.0 in stage 1.0 (TID 1) in 935 ms on 172.30.0.8 (executor 0) (1/1)
[2026-04-22T06:17:51.892+0000] {subprocess.py:106} INFO - 26/04/22 06:17:51 INFO TaskSchedulerImpl: Removed TaskSet 1.0, whose tasks have all completed, from pool
[2026-04-22T06:17:51.892+0000] {subprocess.py:106} INFO - 26/04/22 06:17:51 INFO DAGScheduler: ResultStage 1 (csv at <unknown>:0) finished in 0.963 s
[2026-04-22T06:17:51.893+0000] {subprocess.py:106} INFO - 26/04/22 06:17:51 INFO DAGScheduler: Job 1 is finished. Cancelling potential speculative or zombie tasks for this job
[2026-04-22T06:17:51.894+0000] {subprocess.py:106} INFO - 26/04/22 06:17:51 INFO TaskSchedulerImpl: Killing all running tasks in stage 1: Stage finished
[2026-04-22T06:17:51.901+0000] {subprocess.py:106} INFO - 26/04/22 06:17:51 INFO DAGScheduler: Job 1 finished: csv at <unknown>:0, took 0.980145 s
[2026-04-22T06:17:52.137+0000] {subprocess.py:106} INFO - 26/04/22 06:17:52 INFO BlockManagerInfo: Removed broadcast_2_piece0 on c05002f484b8:44767 in memory (size: 5.4 KiB, free: 434.4 MiB)
[2026-04-22T06:17:52.142+0000] {subprocess.py:106} INFO - 26/04/22 06:17:52 INFO BlockManagerInfo: Removed broadcast_2_piece0 on 172.30.0.8:41525 in memory (size: 5.4 KiB, free: 434.4 MiB)
[2026-04-22T06:17:52.399+0000] {subprocess.py:106} INFO - 26/04/22 06:17:52 INFO BlockManagerInfo: Removed broadcast_0_piece0 on c05002f484b8:44767 in memory (size: 36.1 KiB, free: 434.4 MiB)
[2026-04-22T06:17:52.400+0000] {subprocess.py:106} INFO - 26/04/22 06:17:52 INFO BlockManagerInfo: Removed broadcast_0_piece0 on 172.30.0.8:41525 in memory (size: 36.1 KiB, free: 434.4 MiB)
[2026-04-22T06:17:53.242+0000] {subprocess.py:106} INFO - 26/04/22 06:17:53 INFO FileSourceStrategy: Pushed Filters:
[2026-04-22T06:17:53.244+0000] {subprocess.py:106} INFO - 26/04/22 06:17:53 INFO FileSourceStrategy: Post-Scan Filters:
[2026-04-22T06:17:53.834+0000] {subprocess.py:106} INFO - 26/04/22 06:17:53 INFO CodeGenerator: Code generated in 297.04316 ms
[2026-04-22T06:17:53.842+0000] {subprocess.py:106} INFO - 26/04/22 06:17:53 INFO MemoryStore: Block broadcast_3 stored as values in memory (estimated size 205.7 KiB, free 434.2 MiB)
[2026-04-22T06:17:53.861+0000] {subprocess.py:106} INFO - 26/04/22 06:17:53 INFO MemoryStore: Block broadcast_3_piece0 stored as bytes in memory (estimated size 36.1 KiB, free 434.2 MiB)
[2026-04-22T06:17:53.865+0000] {subprocess.py:106} INFO - 26/04/22 06:17:53 INFO BlockManagerInfo: Added broadcast_3_piece0 in memory on c05002f484b8:44767 (size: 36.1 KiB, free: 434.4 MiB)
[2026-04-22T06:17:53.866+0000] {subprocess.py:106} INFO - 26/04/22 06:17:53 INFO SparkContext: Created broadcast 3 from count at <unknown>:0
[2026-04-22T06:17:53.909+0000] {subprocess.py:106} INFO - 26/04/22 06:17:53 INFO FileSourceScanExec: Planning scan with bin packing, max size: 4194304 bytes, open cost is considered as scanning 4194304 bytes.
[2026-04-22T06:17:53.971+0000] {subprocess.py:106} INFO - 26/04/22 06:17:53 INFO DAGScheduler: Registering RDD 7 (count at <unknown>:0) as input to shuffle 0
[2026-04-22T06:17:53.976+0000] {subprocess.py:106} INFO - 26/04/22 06:17:53 INFO DAGScheduler: Got map stage job 2 (count at <unknown>:0) with 1 output partitions
[2026-04-22T06:17:53.977+0000] {subprocess.py:106} INFO - 26/04/22 06:17:53 INFO DAGScheduler: Final stage: ShuffleMapStage 2 (count at <unknown>:0)
[2026-04-22T06:17:53.977+0000] {subprocess.py:106} INFO - 26/04/22 06:17:53 INFO DAGScheduler: Parents of final stage: List()
[2026-04-22T06:17:53.979+0000] {subprocess.py:106} INFO - 26/04/22 06:17:53 INFO DAGScheduler: Missing parents: List()
[2026-04-22T06:17:53.981+0000] {subprocess.py:106} INFO - 26/04/22 06:17:53 INFO DAGScheduler: Submitting ShuffleMapStage 2 (MapPartitionsRDD[7] at count at <unknown>:0), which has no missing parents
[2026-04-22T06:17:54.027+0000] {subprocess.py:106} INFO - 26/04/22 06:17:54 INFO MemoryStore: Block broadcast_4 stored as values in memory (estimated size 18.1 KiB, free 434.1 MiB)
[2026-04-22T06:17:54.036+0000] {subprocess.py:106} INFO - 26/04/22 06:17:54 INFO MemoryStore: Block broadcast_4_piece0 stored as bytes in memory (estimated size 8.9 KiB, free 434.1 MiB)
[2026-04-22T06:17:54.039+0000] {subprocess.py:106} INFO - 26/04/22 06:17:54 INFO BlockManagerInfo: Added broadcast_4_piece0 in memory on c05002f484b8:44767 (size: 8.9 KiB, free: 434.4 MiB)
[2026-04-22T06:17:54.039+0000] {subprocess.py:106} INFO - 26/04/22 06:17:54 INFO SparkContext: Created broadcast 4 from broadcast at DAGScheduler.scala:1585
[2026-04-22T06:17:54.041+0000] {subprocess.py:106} INFO - 26/04/22 06:17:54 INFO DAGScheduler: Submitting 1 missing tasks from ShuffleMapStage 2 (MapPartitionsRDD[7] at count at <unknown>:0) (first 15 tasks are for partitions Vector(0))
[2026-04-22T06:17:54.042+0000] {subprocess.py:106} INFO - 26/04/22 06:17:54 INFO TaskSchedulerImpl: Adding task set 2.0 with 1 tasks resource profile 0
[2026-04-22T06:17:54.050+0000] {subprocess.py:106} INFO - 26/04/22 06:17:54 INFO TaskSetManager: Starting task 0.0 in stage 2.0 (TID 2) (172.30.0.8, executor 0, partition 0, PROCESS_LOCAL, 10568 bytes)
[2026-04-22T06:17:54.096+0000] {subprocess.py:106} INFO - 26/04/22 06:17:54 INFO BlockManagerInfo: Added broadcast_4_piece0 in memory on 172.30.0.8:41525 (size: 8.9 KiB, free: 434.4 MiB)
[2026-04-22T06:17:54.696+0000] {subprocess.py:106} INFO - 26/04/22 06:17:54 INFO BlockManagerInfo: Added broadcast_3_piece0 in memory on 172.30.0.8:41525 (size: 36.1 KiB, free: 434.4 MiB)
[2026-04-22T06:17:54.882+0000] {subprocess.py:106} INFO - 26/04/22 06:17:54 INFO TaskSetManager: Finished task 0.0 in stage 2.0 (TID 2) in 837 ms on 172.30.0.8 (executor 0) (1/1)
[2026-04-22T06:17:54.883+0000] {subprocess.py:106} INFO - 26/04/22 06:17:54 INFO TaskSchedulerImpl: Removed TaskSet 2.0, whose tasks have all completed, from pool
[2026-04-22T06:17:54.886+0000] {subprocess.py:106} INFO - 26/04/22 06:17:54 INFO DAGScheduler: ShuffleMapStage 2 (count at <unknown>:0) finished in 0.900 s
[2026-04-22T06:17:54.887+0000] {subprocess.py:106} INFO - 26/04/22 06:17:54 INFO DAGScheduler: looking for newly runnable stages
[2026-04-22T06:17:54.888+0000] {subprocess.py:106} INFO - 26/04/22 06:17:54 INFO DAGScheduler: running: Set()
[2026-04-22T06:17:54.891+0000] {subprocess.py:106} INFO - 26/04/22 06:17:54 INFO DAGScheduler: waiting: Set()
[2026-04-22T06:17:54.892+0000] {subprocess.py:106} INFO - 26/04/22 06:17:54 INFO DAGScheduler: failed: Set()
[2026-04-22T06:17:54.939+0000] {subprocess.py:106} INFO - 26/04/22 06:17:54 INFO CodeGenerator: Code generated in 11.795707 ms
[2026-04-22T06:17:54.964+0000] {subprocess.py:106} INFO - 26/04/22 06:17:54 INFO SparkContext: Starting job: count at <unknown>:0
[2026-04-22T06:17:54.967+0000] {subprocess.py:106} INFO - 26/04/22 06:17:54 INFO DAGScheduler: Got job 3 (count at <unknown>:0) with 1 output partitions
[2026-04-22T06:17:54.967+0000] {subprocess.py:106} INFO - 26/04/22 06:17:54 INFO DAGScheduler: Final stage: ResultStage 4 (count at <unknown>:0)
[2026-04-22T06:17:54.968+0000] {subprocess.py:106} INFO - 26/04/22 06:17:54 INFO DAGScheduler: Parents of final stage: List(ShuffleMapStage 3)
[2026-04-22T06:17:54.968+0000] {subprocess.py:106} INFO - 26/04/22 06:17:54 INFO DAGScheduler: Missing parents: List()
[2026-04-22T06:17:54.969+0000] {subprocess.py:106} INFO - 26/04/22 06:17:54 INFO DAGScheduler: Submitting ResultStage 4 (MapPartitionsRDD[10] at count at <unknown>:0), which has no missing parents
[2026-04-22T06:17:54.976+0000] {subprocess.py:106} INFO - 26/04/22 06:17:54 INFO MemoryStore: Block broadcast_5 stored as values in memory (estimated size 12.5 KiB, free 434.1 MiB)
[2026-04-22T06:17:54.987+0000] {subprocess.py:106} INFO - 26/04/22 06:17:54 INFO MemoryStore: Block broadcast_5_piece0 stored as bytes in memory (estimated size 5.9 KiB, free 434.1 MiB)
[2026-04-22T06:17:54.989+0000] {subprocess.py:106} INFO - 26/04/22 06:17:54 INFO BlockManagerInfo: Added broadcast_5_piece0 in memory on c05002f484b8:44767 (size: 5.9 KiB, free: 434.4 MiB)
[2026-04-22T06:17:54.990+0000] {subprocess.py:106} INFO - 26/04/22 06:17:54 INFO BlockManagerInfo: Removed broadcast_4_piece0 on c05002f484b8:44767 in memory (size: 8.9 KiB, free: 434.4 MiB)
[2026-04-22T06:17:54.991+0000] {subprocess.py:106} INFO - 26/04/22 06:17:54 INFO SparkContext: Created broadcast 5 from broadcast at DAGScheduler.scala:1585
[2026-04-22T06:17:54.992+0000] {subprocess.py:106} INFO - 26/04/22 06:17:54 INFO DAGScheduler: Submitting 1 missing tasks from ResultStage 4 (MapPartitionsRDD[10] at count at <unknown>:0) (first 15 tasks are for partitions Vector(0))
[2026-04-22T06:17:54.993+0000] {subprocess.py:106} INFO - 26/04/22 06:17:54 INFO TaskSchedulerImpl: Adding task set 4.0 with 1 tasks resource profile 0
[2026-04-22T06:17:54.999+0000] {subprocess.py:106} INFO - 26/04/22 06:17:54 INFO BlockManagerInfo: Removed broadcast_4_piece0 on 172.30.0.8:41525 in memory (size: 8.9 KiB, free: 434.4 MiB)
[2026-04-22T06:17:55.002+0000] {subprocess.py:106} INFO - 26/04/22 06:17:55 INFO TaskSetManager: Starting task 0.0 in stage 4.0 (TID 3) (172.30.0.8, executor 0, partition 0, NODE_LOCAL, 9976 bytes)
[2026-04-22T06:17:55.041+0000] {subprocess.py:106} INFO - 26/04/22 06:17:55 INFO BlockManagerInfo: Added broadcast_5_piece0 in memory on 172.30.0.8:41525 (size: 5.9 KiB, free: 434.4 MiB)
[2026-04-22T06:17:55.072+0000] {subprocess.py:106} INFO - 26/04/22 06:17:55 INFO MapOutputTrackerMasterEndpoint: Asked to send map output locations for shuffle 0 to 172.30.0.8:59736
[2026-04-22T06:17:55.216+0000] {subprocess.py:106} INFO - 26/04/22 06:17:55 INFO TaskSetManager: Finished task 0.0 in stage 4.0 (TID 3) in 213 ms on 172.30.0.8 (executor 0) (1/1)
[2026-04-22T06:17:55.219+0000] {subprocess.py:106} INFO - 26/04/22 06:17:55 INFO TaskSchedulerImpl: Removed TaskSet 4.0, whose tasks have all completed, from pool
[2026-04-22T06:17:55.220+0000] {subprocess.py:106} INFO - 26/04/22 06:17:55 INFO DAGScheduler: ResultStage 4 (count at <unknown>:0) finished in 0.237 s
[2026-04-22T06:17:55.221+0000] {subprocess.py:106} INFO - 26/04/22 06:17:55 INFO DAGScheduler: Job 3 is finished. Cancelling potential speculative or zombie tasks for this job
[2026-04-22T06:17:55.222+0000] {subprocess.py:106} INFO - 26/04/22 06:17:55 INFO TaskSchedulerImpl: Killing all running tasks in stage 4: Stage finished
[2026-04-22T06:17:55.223+0000] {subprocess.py:106} INFO - 26/04/22 06:17:55 INFO DAGScheduler: Job 3 finished: count at <unknown>:0, took 0.250668 s
[2026-04-22T06:17:55.233+0000] {subprocess.py:106} INFO -  Record loaded from CSV: 13902
[2026-04-22T06:17:55.238+0000] {subprocess.py:106} INFO - root
[2026-04-22T06:17:55.239+0000] {subprocess.py:106} INFO -  |-- job_title: string (nullable = true)
[2026-04-22T06:17:55.240+0000] {subprocess.py:106} INFO -  |-- company_name: string (nullable = true)
[2026-04-22T06:17:55.242+0000] {subprocess.py:106} INFO -  |-- location: string (nullable = true)
[2026-04-22T06:17:55.245+0000] {subprocess.py:106} INFO -  |-- skills_required: string (nullable = true)
[2026-04-22T06:17:55.249+0000] {subprocess.py:106} INFO -  |-- date_posted: timestamp (nullable = true)
[2026-04-22T06:17:55.250+0000] {subprocess.py:106} INFO -  |-- job_link: string (nullable = true)
[2026-04-22T06:17:55.251+0000] {subprocess.py:106} INFO -  |-- job_category: string (nullable = true)
[2026-04-22T06:17:55.252+0000] {subprocess.py:106} INFO -  |-- work_mode: string (nullable = true)
[2026-04-22T06:17:55.253+0000] {subprocess.py:106} INFO -  |-- crawl_date: timestamp (nullable = true)
[2026-04-22T06:17:55.253+0000] {subprocess.py:106} INFO -  |-- date_only: date (nullable = true)
[2026-04-22T06:17:55.254+0000] {subprocess.py:106} INFO - 
[2026-04-22T06:17:55.462+0000] {subprocess.py:106} INFO - 26/04/22 06:17:55 INFO BlockManagerInfo: Removed broadcast_5_piece0 on c05002f484b8:44767 in memory (size: 5.9 KiB, free: 434.4 MiB)
[2026-04-22T06:17:55.464+0000] {subprocess.py:106} INFO - 26/04/22 06:17:55 INFO BlockManagerInfo: Removed broadcast_5_piece0 on 172.30.0.8:41525 in memory (size: 5.9 KiB, free: 434.4 MiB)
[2026-04-22T06:17:55.643+0000] {subprocess.py:106} INFO - 26/04/22 06:17:55 INFO BlockManagerInfo: Removed broadcast_3_piece0 on c05002f484b8:44767 in memory (size: 36.1 KiB, free: 434.4 MiB)
[2026-04-22T06:17:55.650+0000] {subprocess.py:106} INFO - 26/04/22 06:17:55 INFO BlockManagerInfo: Removed broadcast_3_piece0 on 172.30.0.8:41525 in memory (size: 36.1 KiB, free: 434.4 MiB)
[2026-04-22T06:17:55.667+0000] {subprocess.py:106} INFO - 26/04/22 06:17:55 INFO HiveConf: Found configuration file null
[2026-04-22T06:17:55.831+0000] {subprocess.py:106} INFO - 26/04/22 06:17:55 INFO metastore: Trying to connect to metastore with URI thrift://hive-metastore:9083
[2026-04-22T06:17:55.854+0000] {subprocess.py:106} INFO - 26/04/22 06:17:55 INFO metastore: Opened a connection to metastore, current connections: 1
[2026-04-22T06:17:55.880+0000] {subprocess.py:106} INFO - 26/04/22 06:17:55 INFO metastore: Connected to metastore.
[2026-04-22T06:17:56.367+0000] {subprocess.py:106} INFO - 26/04/22 06:17:56 INFO BaseMetastoreTableOperations: Refreshing table metadata from new version: s3a://warehouse/iceberg_data/bronze.db/it_jobs_raw/metadata/00010-28c4bce5-4ab8-4a33-9ff6-a00023453154.metadata.json
[2026-04-22T06:17:56.765+0000] {subprocess.py:106} INFO - 26/04/22 06:17:56 INFO BaseMetastoreCatalog: Table loaded by catalog: iceberg.bronze.it_jobs_raw
[2026-04-22T06:17:56.773+0000] {subprocess.py:106} INFO - Table iceberg.bronze.it_jobs_raw exists. Checking for new records...
[2026-04-22T06:17:56.983+0000] {subprocess.py:106} INFO - 26/04/22 06:17:56 INFO V2ScanRelationPushDown:
[2026-04-22T06:17:56.984+0000] {subprocess.py:106} INFO - Pushing operators to iceberg.bronze.it_jobs_raw
[2026-04-22T06:17:56.984+0000] {subprocess.py:106} INFO - Pushed Filters: job_link IS NOT NULL
[2026-04-22T06:17:56.985+0000] {subprocess.py:106} INFO - Post-Scan Filters: isnotnull(job_link#79)
[2026-04-22T06:17:56.985+0000] {subprocess.py:106} INFO - 
[2026-04-22T06:17:57.016+0000] {subprocess.py:106} INFO - 26/04/22 06:17:57 INFO V2ScanRelationPushDown:
[2026-04-22T06:17:57.017+0000] {subprocess.py:106} INFO - Output: job_link#79
[2026-04-22T06:17:57.017+0000] {subprocess.py:106} INFO - 
[2026-04-22T06:17:57.028+0000] {subprocess.py:106} INFO - 26/04/22 06:17:57 INFO SnapshotScan: Scanning table iceberg.bronze.it_jobs_raw snapshot 1581494471494207107 created at 2026-04-22T05:51:59.841+00:00 with filter job_link IS NOT NULL
[2026-04-22T06:17:57.229+0000] {subprocess.py:106} INFO - 26/04/22 06:17:57 INFO BaseDistributedDataScan: Planning file tasks locally for table iceberg.bronze.it_jobs_raw
[2026-04-22T06:17:57.441+0000] {subprocess.py:106} INFO - 26/04/22 06:17:57 INFO SparkPartitioningAwareScan: Reporting UnknownPartitioning with 3 partition(s) for table iceberg.bronze.it_jobs_raw
[2026-04-22T06:17:57.541+0000] {subprocess.py:106} INFO - 26/04/22 06:17:57 INFO FileSourceStrategy: Pushed Filters:
[2026-04-22T06:17:57.542+0000] {subprocess.py:106} INFO - 26/04/22 06:17:57 INFO FileSourceStrategy: Post-Scan Filters:
[2026-04-22T06:17:57.556+0000] {subprocess.py:106} INFO - 26/04/22 06:17:57 INFO MemoryStore: Block broadcast_6 stored as values in memory (estimated size 32.0 KiB, free 434.4 MiB)
[2026-04-22T06:17:57.578+0000] {subprocess.py:106} INFO - 26/04/22 06:17:57 INFO MemoryStore: Block broadcast_6_piece0 stored as bytes in memory (estimated size 30.2 KiB, free 434.3 MiB)
[2026-04-22T06:17:57.580+0000] {subprocess.py:106} INFO - 26/04/22 06:17:57 INFO BlockManagerInfo: Added broadcast_6_piece0 in memory on c05002f484b8:44767 (size: 30.2 KiB, free: 434.4 MiB)
[2026-04-22T06:17:57.581+0000] {subprocess.py:106} INFO - 26/04/22 06:17:57 INFO SparkContext: Created broadcast 6 from broadcast at SparkBatch.java:79
[2026-04-22T06:17:57.605+0000] {subprocess.py:106} INFO - 26/04/22 06:17:57 INFO MemoryStore: Block broadcast_7 stored as values in memory (estimated size 32.0 KiB, free 434.3 MiB)
[2026-04-22T06:17:57.611+0000] {subprocess.py:106} INFO - 26/04/22 06:17:57 INFO MemoryStore: Block broadcast_7_piece0 stored as bytes in memory (estimated size 30.2 KiB, free 434.3 MiB)
[2026-04-22T06:17:57.623+0000] {subprocess.py:106} INFO - 26/04/22 06:17:57 INFO BlockManagerInfo: Added broadcast_7_piece0 in memory on c05002f484b8:44767 (size: 30.2 KiB, free: 434.3 MiB)
[2026-04-22T06:17:57.624+0000] {subprocess.py:106} INFO - 26/04/22 06:17:57 INFO SparkContext: Created broadcast 7 from broadcast at SparkBatch.java:79
[2026-04-22T06:17:57.718+0000] {subprocess.py:106} INFO - 26/04/22 06:17:57 INFO CodeGenerator: Code generated in 27.523695 ms
[2026-04-22T06:17:57.746+0000] {subprocess.py:106} INFO - 26/04/22 06:17:57 INFO SparkContext: Starting job: $anonfun$withThreadLocalCaptured$1 at <unknown>:0
[2026-04-22T06:17:57.748+0000] {subprocess.py:106} INFO - 26/04/22 06:17:57 INFO DAGScheduler: Got job 4 ($anonfun$withThreadLocalCaptured$1 at <unknown>:0) with 3 output partitions
[2026-04-22T06:17:57.748+0000] {subprocess.py:106} INFO - 26/04/22 06:17:57 INFO DAGScheduler: Final stage: ResultStage 5 ($anonfun$withThreadLocalCaptured$1 at <unknown>:0)
[2026-04-22T06:17:57.749+0000] {subprocess.py:106} INFO - 26/04/22 06:17:57 INFO DAGScheduler: Parents of final stage: List()
[2026-04-22T06:17:57.750+0000] {subprocess.py:106} INFO - 26/04/22 06:17:57 INFO DAGScheduler: Missing parents: List()
[2026-04-22T06:17:57.750+0000] {subprocess.py:106} INFO - 26/04/22 06:17:57 INFO DAGScheduler: Submitting ResultStage 5 (MapPartitionsRDD[14] at $anonfun$withThreadLocalCaptured$1 at <unknown>:0), which has no missing parents
[2026-04-22T06:17:57.753+0000] {subprocess.py:106} INFO - 26/04/22 06:17:57 INFO MemoryStore: Block broadcast_8 stored as values in memory (estimated size 13.7 KiB, free 434.3 MiB)
[2026-04-22T06:17:57.762+0000] {subprocess.py:106} INFO - 26/04/22 06:17:57 INFO MemoryStore: Block broadcast_8_piece0 stored as bytes in memory (estimated size 5.5 KiB, free 434.3 MiB)
[2026-04-22T06:17:57.764+0000] {subprocess.py:106} INFO - 26/04/22 06:17:57 INFO BlockManagerInfo: Added broadcast_8_piece0 in memory on c05002f484b8:44767 (size: 5.5 KiB, free: 434.3 MiB)
[2026-04-22T06:17:57.764+0000] {subprocess.py:106} INFO - 26/04/22 06:17:57 INFO SparkContext: Created broadcast 8 from broadcast at DAGScheduler.scala:1585
[2026-04-22T06:17:57.765+0000] {subprocess.py:106} INFO - 26/04/22 06:17:57 INFO DAGScheduler: Submitting 3 missing tasks from ResultStage 5 (MapPartitionsRDD[14] at $anonfun$withThreadLocalCaptured$1 at <unknown>:0) (first 15 tasks are for partitions Vector(0, 1, 2))
[2026-04-22T06:17:57.767+0000] {subprocess.py:106} INFO - 26/04/22 06:17:57 INFO TaskSchedulerImpl: Adding task set 5.0 with 3 tasks resource profile 0
[2026-04-22T06:17:57.785+0000] {subprocess.py:106} INFO - 26/04/22 06:17:57 INFO TaskSetManager: Starting task 0.0 in stage 5.0 (TID 4) (172.30.0.8, executor 0, partition 0, PROCESS_LOCAL, 16345 bytes)
[2026-04-22T06:17:58.188+0000] {subprocess.py:106} INFO - 26/04/22 06:17:58 INFO BlockManagerInfo: Added broadcast_8_piece0 in memory on 172.30.0.8:41525 (size: 5.5 KiB, free: 434.4 MiB)
[2026-04-22T06:17:58.238+0000] {subprocess.py:106} INFO - 26/04/22 06:17:58 INFO BlockManagerInfo: Added broadcast_7_piece0 in memory on 172.30.0.8:41525 (size: 30.2 KiB, free: 434.4 MiB)
[2026-04-22T06:17:59.442+0000] {subprocess.py:106} INFO - 26/04/22 06:17:59 INFO TaskSetManager: Starting task 1.0 in stage 5.0 (TID 5) (172.30.0.8, executor 0, partition 1, PROCESS_LOCAL, 16336 bytes)
[2026-04-22T06:17:59.455+0000] {subprocess.py:106} INFO - 26/04/22 06:17:59 INFO TaskSetManager: Finished task 0.0 in stage 5.0 (TID 4) in 1681 ms on 172.30.0.8 (executor 0) (1/3)
[2026-04-22T06:17:59.856+0000] {subprocess.py:106} INFO - 26/04/22 06:17:59 INFO TaskSetManager: Starting task 2.0 in stage 5.0 (TID 6) (172.30.0.8, executor 0, partition 2, PROCESS_LOCAL, 15877 bytes)
[2026-04-22T06:17:59.863+0000] {subprocess.py:106} INFO - 26/04/22 06:17:59 INFO TaskSetManager: Finished task 1.0 in stage 5.0 (TID 5) in 424 ms on 172.30.0.8 (executor 0) (2/3)
[2026-04-22T06:18:00.281+0000] {subprocess.py:106} INFO - 26/04/22 06:18:00 INFO TaskSetManager: Finished task 2.0 in stage 5.0 (TID 6) in 437 ms on 172.30.0.8 (executor 0) (3/3)
[2026-04-22T06:18:00.283+0000] {subprocess.py:106} INFO - 26/04/22 06:18:00 INFO TaskSchedulerImpl: Removed TaskSet 5.0, whose tasks have all completed, from pool
[2026-04-22T06:18:00.284+0000] {subprocess.py:106} INFO - 26/04/22 06:18:00 INFO DAGScheduler: ResultStage 5 ($anonfun$withThreadLocalCaptured$1 at <unknown>:0) finished in 2.531 s
[2026-04-22T06:18:00.291+0000] {subprocess.py:106} INFO - 26/04/22 06:18:00 INFO DAGScheduler: Job 4 is finished. Cancelling potential speculative or zombie tasks for this job
[2026-04-22T06:18:00.297+0000] {subprocess.py:106} INFO - 26/04/22 06:18:00 INFO TaskSchedulerImpl: Killing all running tasks in stage 5: Stage finished
[2026-04-22T06:18:00.298+0000] {subprocess.py:106} INFO - 26/04/22 06:18:00 INFO DAGScheduler: Job 4 finished: $anonfun$withThreadLocalCaptured$1 at <unknown>:0, took 2.538641 s
[2026-04-22T06:18:00.357+0000] {subprocess.py:106} INFO - 26/04/22 06:18:00 INFO BlockManagerInfo: Removed broadcast_8_piece0 on c05002f484b8:44767 in memory (size: 5.5 KiB, free: 434.3 MiB)
[2026-04-22T06:18:00.361+0000] {subprocess.py:106} INFO - 26/04/22 06:18:00 INFO BlockManagerInfo: Removed broadcast_8_piece0 on 172.30.0.8:41525 in memory (size: 5.5 KiB, free: 434.4 MiB)
[2026-04-22T06:18:00.380+0000] {subprocess.py:106} INFO - 26/04/22 06:18:00 INFO CodeGenerator: Code generated in 20.197006 ms
[2026-04-22T06:18:00.528+0000] {subprocess.py:106} INFO - 26/04/22 06:18:00 INFO MemoryStore: Block broadcast_9_piece0 stored as bytes in memory (estimated size 817.6 KiB, free 433.5 MiB)
[2026-04-22T06:18:00.532+0000] {subprocess.py:106} INFO - 26/04/22 06:18:00 INFO BlockManagerInfo: Added broadcast_9_piece0 in memory on c05002f484b8:44767 (size: 817.6 KiB, free: 433.5 MiB)
[2026-04-22T06:18:00.534+0000] {subprocess.py:106} INFO - 26/04/22 06:18:00 INFO SparkContext: Created broadcast 9 from $anonfun$withThreadLocalCaptured$1 at <unknown>:0
[2026-04-22T06:18:00.551+0000] {subprocess.py:106} INFO - 26/04/22 06:18:00 INFO FileSourceStrategy: Pushed Filters:
[2026-04-22T06:18:00.552+0000] {subprocess.py:106} INFO - 26/04/22 06:18:00 INFO FileSourceStrategy: Post-Scan Filters:
[2026-04-22T06:18:00.631+0000] {subprocess.py:106} INFO - 26/04/22 06:18:00 INFO CodeGenerator: Code generated in 18.999124 ms
[2026-04-22T06:18:00.638+0000] {subprocess.py:106} INFO - 26/04/22 06:18:00 INFO MemoryStore: Block broadcast_10 stored as values in memory (estimated size 205.7 KiB, free 433.3 MiB)
[2026-04-22T06:18:00.656+0000] {subprocess.py:106} INFO - 26/04/22 06:18:00 INFO MemoryStore: Block broadcast_10_piece0 stored as bytes in memory (estimated size 36.1 KiB, free 433.2 MiB)
[2026-04-22T06:18:00.658+0000] {subprocess.py:106} INFO - 26/04/22 06:18:00 INFO BlockManagerInfo: Added broadcast_10_piece0 in memory on c05002f484b8:44767 (size: 36.1 KiB, free: 433.5 MiB)
[2026-04-22T06:18:00.660+0000] {subprocess.py:106} INFO - 26/04/22 06:18:00 INFO SparkContext: Created broadcast 10 from count at <unknown>:0
[2026-04-22T06:18:00.664+0000] {subprocess.py:106} INFO - 26/04/22 06:18:00 INFO FileSourceScanExec: Planning scan with bin packing, max size: 4194304 bytes, open cost is considered as scanning 4194304 bytes.
[2026-04-22T06:18:00.675+0000] {subprocess.py:106} INFO - 26/04/22 06:18:00 INFO DAGScheduler: Registering RDD 18 (count at <unknown>:0) as input to shuffle 1
[2026-04-22T06:18:00.676+0000] {subprocess.py:106} INFO - 26/04/22 06:18:00 INFO DAGScheduler: Got map stage job 5 (count at <unknown>:0) with 1 output partitions
[2026-04-22T06:18:00.676+0000] {subprocess.py:106} INFO - 26/04/22 06:18:00 INFO DAGScheduler: Final stage: ShuffleMapStage 6 (count at <unknown>:0)
[2026-04-22T06:18:00.677+0000] {subprocess.py:106} INFO - 26/04/22 06:18:00 INFO DAGScheduler: Parents of final stage: List()
[2026-04-22T06:18:00.681+0000] {subprocess.py:106} INFO - 26/04/22 06:18:00 INFO DAGScheduler: Missing parents: List()
[2026-04-22T06:18:00.682+0000] {subprocess.py:106} INFO - 26/04/22 06:18:00 INFO DAGScheduler: Submitting ShuffleMapStage 6 (MapPartitionsRDD[18] at count at <unknown>:0), which has no missing parents
[2026-04-22T06:18:00.686+0000] {subprocess.py:106} INFO - 26/04/22 06:18:00 INFO MemoryStore: Block broadcast_11 stored as values in memory (estimated size 20.2 KiB, free 433.2 MiB)
[2026-04-22T06:18:00.688+0000] {subprocess.py:106} INFO - 26/04/22 06:18:00 INFO MemoryStore: Block broadcast_11_piece0 stored as bytes in memory (estimated size 9.7 KiB, free 433.2 MiB)
[2026-04-22T06:18:00.690+0000] {subprocess.py:106} INFO - 26/04/22 06:18:00 INFO BlockManagerInfo: Added broadcast_11_piece0 in memory on c05002f484b8:44767 (size: 9.7 KiB, free: 433.5 MiB)
[2026-04-22T06:18:00.691+0000] {subprocess.py:106} INFO - 26/04/22 06:18:00 INFO SparkContext: Created broadcast 11 from broadcast at DAGScheduler.scala:1585
[2026-04-22T06:18:00.693+0000] {subprocess.py:106} INFO - 26/04/22 06:18:00 INFO DAGScheduler: Submitting 1 missing tasks from ShuffleMapStage 6 (MapPartitionsRDD[18] at count at <unknown>:0) (first 15 tasks are for partitions Vector(0))
[2026-04-22T06:18:00.694+0000] {subprocess.py:106} INFO - 26/04/22 06:18:00 INFO TaskSchedulerImpl: Adding task set 6.0 with 1 tasks resource profile 0
[2026-04-22T06:18:00.698+0000] {subprocess.py:106} INFO - 26/04/22 06:18:00 INFO TaskSetManager: Starting task 0.0 in stage 6.0 (TID 7) (172.30.0.8, executor 0, partition 0, PROCESS_LOCAL, 10568 bytes)
[2026-04-22T06:18:00.736+0000] {subprocess.py:106} INFO - 26/04/22 06:18:00 INFO BlockManagerInfo: Added broadcast_11_piece0 in memory on 172.30.0.8:41525 (size: 9.7 KiB, free: 434.4 MiB)
[2026-04-22T06:18:00.795+0000] {subprocess.py:106} INFO - 26/04/22 06:18:00 INFO BlockManagerInfo: Added broadcast_9_piece0 in memory on 172.30.0.8:41525 (size: 817.6 KiB, free: 433.6 MiB)
[2026-04-22T06:18:00.989+0000] {subprocess.py:106} INFO - 26/04/22 06:18:00 INFO BlockManagerInfo: Added broadcast_10_piece0 in memory on 172.30.0.8:41525 (size: 36.1 KiB, free: 433.5 MiB)
[2026-04-22T06:18:01.221+0000] {subprocess.py:106} INFO - 26/04/22 06:18:01 INFO TaskSetManager: Finished task 0.0 in stage 6.0 (TID 7) in 525 ms on 172.30.0.8 (executor 0) (1/1)
[2026-04-22T06:18:01.221+0000] {subprocess.py:106} INFO - 26/04/22 06:18:01 INFO TaskSchedulerImpl: Removed TaskSet 6.0, whose tasks have all completed, from pool
[2026-04-22T06:18:01.222+0000] {subprocess.py:106} INFO - 26/04/22 06:18:01 INFO DAGScheduler: ShuffleMapStage 6 (count at <unknown>:0) finished in 0.540 s
[2026-04-22T06:18:01.223+0000] {subprocess.py:106} INFO - 26/04/22 06:18:01 INFO DAGScheduler: looking for newly runnable stages
[2026-04-22T06:18:01.223+0000] {subprocess.py:106} INFO - 26/04/22 06:18:01 INFO DAGScheduler: running: Set()
[2026-04-22T06:18:01.224+0000] {subprocess.py:106} INFO - 26/04/22 06:18:01 INFO DAGScheduler: waiting: Set()
[2026-04-22T06:18:01.224+0000] {subprocess.py:106} INFO - 26/04/22 06:18:01 INFO DAGScheduler: failed: Set()
[2026-04-22T06:18:01.260+0000] {subprocess.py:106} INFO - 26/04/22 06:18:01 INFO CodeGenerator: Code generated in 20.968705 ms
[2026-04-22T06:18:01.277+0000] {subprocess.py:106} INFO - 26/04/22 06:18:01 INFO SparkContext: Starting job: count at <unknown>:0
[2026-04-22T06:18:01.279+0000] {subprocess.py:106} INFO - 26/04/22 06:18:01 INFO DAGScheduler: Got job 6 (count at <unknown>:0) with 1 output partitions
[2026-04-22T06:18:01.280+0000] {subprocess.py:106} INFO - 26/04/22 06:18:01 INFO DAGScheduler: Final stage: ResultStage 8 (count at <unknown>:0)
[2026-04-22T06:18:01.280+0000] {subprocess.py:106} INFO - 26/04/22 06:18:01 INFO DAGScheduler: Parents of final stage: List(ShuffleMapStage 7)
[2026-04-22T06:18:01.281+0000] {subprocess.py:106} INFO - 26/04/22 06:18:01 INFO DAGScheduler: Missing parents: List()
[2026-04-22T06:18:01.281+0000] {subprocess.py:106} INFO - 26/04/22 06:18:01 INFO DAGScheduler: Submitting ResultStage 8 (MapPartitionsRDD[21] at count at <unknown>:0), which has no missing parents
[2026-04-22T06:18:01.284+0000] {subprocess.py:106} INFO - 26/04/22 06:18:01 INFO MemoryStore: Block broadcast_12 stored as values in memory (estimated size 12.5 KiB, free 433.2 MiB)
[2026-04-22T06:18:01.292+0000] {subprocess.py:106} INFO - 26/04/22 06:18:01 INFO MemoryStore: Block broadcast_12_piece0 stored as bytes in memory (estimated size 5.9 KiB, free 433.2 MiB)
[2026-04-22T06:18:01.294+0000] {subprocess.py:106} INFO - 26/04/22 06:18:01 INFO BlockManagerInfo: Added broadcast_12_piece0 in memory on c05002f484b8:44767 (size: 5.9 KiB, free: 433.5 MiB)
[2026-04-22T06:18:01.295+0000] {subprocess.py:106} INFO - 26/04/22 06:18:01 INFO BlockManagerInfo: Removed broadcast_11_piece0 on c05002f484b8:44767 in memory (size: 9.7 KiB, free: 433.5 MiB)
[2026-04-22T06:18:01.298+0000] {subprocess.py:106} INFO - 26/04/22 06:18:01 INFO SparkContext: Created broadcast 12 from broadcast at DAGScheduler.scala:1585
[2026-04-22T06:18:01.299+0000] {subprocess.py:106} INFO - 26/04/22 06:18:01 INFO DAGScheduler: Submitting 1 missing tasks from ResultStage 8 (MapPartitionsRDD[21] at count at <unknown>:0) (first 15 tasks are for partitions Vector(0))
[2026-04-22T06:18:01.299+0000] {subprocess.py:106} INFO - 26/04/22 06:18:01 INFO TaskSchedulerImpl: Adding task set 8.0 with 1 tasks resource profile 0
[2026-04-22T06:18:01.300+0000] {subprocess.py:106} INFO - 26/04/22 06:18:01 INFO TaskSetManager: Starting task 0.0 in stage 8.0 (TID 8) (172.30.0.8, executor 0, partition 0, NODE_LOCAL, 9976 bytes)
[2026-04-22T06:18:01.304+0000] {subprocess.py:106} INFO - 26/04/22 06:18:01 INFO BlockManagerInfo: Removed broadcast_11_piece0 on 172.30.0.8:41525 in memory (size: 9.7 KiB, free: 433.5 MiB)
[2026-04-22T06:18:01.319+0000] {subprocess.py:106} INFO - 26/04/22 06:18:01 INFO BlockManagerInfo: Added broadcast_12_piece0 in memory on 172.30.0.8:41525 (size: 5.9 KiB, free: 433.5 MiB)
[2026-04-22T06:18:01.329+0000] {subprocess.py:106} INFO - 26/04/22 06:18:01 INFO MapOutputTrackerMasterEndpoint: Asked to send map output locations for shuffle 1 to 172.30.0.8:59736
[2026-04-22T06:18:01.386+0000] {subprocess.py:106} INFO - 26/04/22 06:18:01 INFO TaskSetManager: Finished task 0.0 in stage 8.0 (TID 8) in 79 ms on 172.30.0.8 (executor 0) (1/1)
[2026-04-22T06:18:01.387+0000] {subprocess.py:106} INFO - 26/04/22 06:18:01 INFO TaskSchedulerImpl: Removed TaskSet 8.0, whose tasks have all completed, from pool
[2026-04-22T06:18:01.388+0000] {subprocess.py:106} INFO - 26/04/22 06:18:01 INFO DAGScheduler: ResultStage 8 (count at <unknown>:0) finished in 0.096 s
[2026-04-22T06:18:01.388+0000] {subprocess.py:106} INFO - 26/04/22 06:18:01 INFO DAGScheduler: Job 6 is finished. Cancelling potential speculative or zombie tasks for this job
[2026-04-22T06:18:01.389+0000] {subprocess.py:106} INFO - 26/04/22 06:18:01 INFO TaskSchedulerImpl: Killing all running tasks in stage 8: Stage finished
[2026-04-22T06:18:01.389+0000] {subprocess.py:106} INFO - 26/04/22 06:18:01 INFO DAGScheduler: Job 6 finished: count at <unknown>:0, took 0.104325 s
[2026-04-22T06:18:01.389+0000] {subprocess.py:106} INFO -  New records to append: 0
[2026-04-22T06:18:01.390+0000] {subprocess.py:106} INFO - No new records found. Skip writing.
[2026-04-22T06:18:01.391+0000] {subprocess.py:106} INFO - Process finished. Data available at: iceberg.bronze.it_jobs_raw
[2026-04-22T06:18:01.391+0000] {subprocess.py:106} INFO - 26/04/22 06:18:01 INFO SparkContext: SparkContext is stopping with exitCode 0.
[2026-04-22T06:18:01.413+0000] {subprocess.py:106} INFO - 26/04/22 06:18:01 INFO SparkUI: Stopped Spark web UI at http://c05002f484b8:4040
[2026-04-22T06:18:01.422+0000] {subprocess.py:106} INFO - 26/04/22 06:18:01 INFO StandaloneSchedulerBackend: Shutting down all executors
[2026-04-22T06:18:01.423+0000] {subprocess.py:106} INFO - 26/04/22 06:18:01 INFO StandaloneSchedulerBackend$StandaloneDriverEndpoint: Asking each executor to shut down
[2026-04-22T06:18:01.449+0000] {subprocess.py:106} INFO - 26/04/22 06:18:01 INFO MapOutputTrackerMasterEndpoint: MapOutputTrackerMasterEndpoint stopped!
[2026-04-22T06:18:01.469+0000] {subprocess.py:106} INFO - 26/04/22 06:18:01 INFO MemoryStore: MemoryStore cleared
[2026-04-22T06:18:01.470+0000] {subprocess.py:106} INFO - 26/04/22 06:18:01 INFO BlockManager: BlockManager stopped
[2026-04-22T06:18:01.477+0000] {subprocess.py:106} INFO - 26/04/22 06:18:01 INFO BlockManagerMaster: BlockManagerMaster stopped
[2026-04-22T06:18:01.483+0000] {subprocess.py:106} INFO - 26/04/22 06:18:01 INFO OutputCommitCoordinator$OutputCommitCoordinatorEndpoint: OutputCommitCoordinator stopped!
[2026-04-22T06:18:01.555+0000] {subprocess.py:106} INFO - 26/04/22 06:18:01 INFO SparkContext: Successfully stopped SparkContext
[2026-04-22T06:18:01.643+0000] {subprocess.py:106} INFO - 26/04/22 06:18:01 INFO ShutdownHookManager: Shutdown hook called
[2026-04-22T06:18:01.644+0000] {subprocess.py:106} INFO - 26/04/22 06:18:01 INFO ShutdownHookManager: Deleting directory /tmp/spark-f1e84aab-06cc-45c5-a880-9781542a0126
[2026-04-22T06:18:01.648+0000] {subprocess.py:106} INFO - 26/04/22 06:18:01 INFO ShutdownHookManager: Deleting directory /tmp/spark-ab783a7c-ad2c-4c1e-afde-9bb0a0f86518/pyspark-396b7f2d-83f2-4010-b0fd-4d96d2142586
[2026-04-22T06:18:01.653+0000] {subprocess.py:106} INFO - 26/04/22 06:18:01 INFO ShutdownHookManager: Deleting directory /tmp/spark-ab783a7c-ad2c-4c1e-afde-9bb0a0f86518
[2026-04-22T06:18:01.663+0000] {subprocess.py:106} INFO - 26/04/22 06:18:01 INFO MetricsSystemImpl: Stopping s3a-file-system metrics system...
[2026-04-22T06:18:01.664+0000] {subprocess.py:106} INFO - 26/04/22 06:18:01 INFO MetricsSystemImpl: s3a-file-system metrics system stopped.
[2026-04-22T06:18:01.665+0000] {subprocess.py:106} INFO - 26/04/22 06:18:01 INFO MetricsSystemImpl: s3a-file-system metrics system shutdown complete.
[2026-04-22T06:18:01.752+0000] {subprocess.py:110} INFO - Command exited with return code 0
[2026-04-22T06:18:01.821+0000] {taskinstance.py:341} INFO - ::group::Post task execution logs
[2026-04-22T06:18:01.822+0000] {taskinstance.py:353} INFO - Marking task as SUCCESS. dag_id=crawl_etl_itjob, task_id=load_bronze, run_id=scheduled__2026-04-21T02:00:00+00:00, execution_date=20260421T020000, start_date=20260422T061730, end_date=20260422T061801
[2026-04-22T06:18:01.901+0000] {local_task_job_runner.py:266} INFO - Task exited with return code 0
[2026-04-22T06:18:01.940+0000] {taskinstance.py:3901} INFO - 1 downstream tasks scheduled from follow-on schedule check
[2026-04-22T06:18:01.943+0000] {local_task_job_runner.py:245} INFO - ::endgroup::
