[2026-03-30T08:07:54.383+0000] {local_task_job_runner.py:123} INFO - ::group::Pre task execution logs
[2026-03-30T08:07:54.427+0000] {taskinstance.py:2614} INFO - Dependencies all met for dep_context=non-requeueable deps ti=<TaskInstance: crawl_etl_itjob.load_bronze scheduled__2026-03-28T02:00:00+00:00 [queued]>
[2026-03-30T08:07:54.442+0000] {taskinstance.py:2614} INFO - Dependencies all met for dep_context=requeueable deps ti=<TaskInstance: crawl_etl_itjob.load_bronze scheduled__2026-03-28T02:00:00+00:00 [queued]>
[2026-03-30T08:07:54.448+0000] {taskinstance.py:2867} INFO - Starting attempt 1 of 2
[2026-03-30T08:07:54.470+0000] {taskinstance.py:2890} INFO - Executing <Task(BashOperator): load_bronze> on 2026-03-28 02:00:00+00:00
[2026-03-30T08:07:54.476+0000] {standard_task_runner.py:72} INFO - Started process 55 to run task
[2026-03-30T08:07:54.482+0000] {standard_task_runner.py:104} INFO - Running: ['***', 'tasks', 'run', 'crawl_etl_itjob', 'load_bronze', 'scheduled__2026-03-28T02:00:00+00:00', '--job-id', '749', '--raw', '--subdir', 'DAGS_FOLDER/Crawl_ETL_ITJob.py', '--cfg-path', '/tmp/tmpjvqtod9l']
[2026-03-30T08:07:54.484+0000] {standard_task_runner.py:105} INFO - Job 749: Subtask load_bronze
[2026-03-30T08:07:54.513+0000] {warnings.py:109} WARNING - /home/***/.local/lib/python3.8/site-packages/***/settings.py:209: DeprecationWarning: The sql_alchemy_conn option in [core] has been moved to the sql_alchemy_conn option in [database] - the old setting has been used, but please update your config.
  SQL_ALCHEMY_CONN = conf.get("database", "SQL_ALCHEMY_CONN")

[2026-03-30T08:07:54.596+0000] {task_command.py:467} INFO - Running <TaskInstance: crawl_etl_itjob.load_bronze scheduled__2026-03-28T02:00:00+00:00 [running]> on host b48ab74ce2ed
[2026-03-30T08:07:54.597+0000] {warnings.py:109} WARNING - /home/***/.local/lib/python3.8/site-packages/***/settings.py:470: DeprecationWarning: The sql_alchemy_conn option in [core] has been moved to the sql_alchemy_conn option in [database] - the old setting has been used, but please update your config.
  if conf.get("database", "sql_alchemy_conn") == "none://":

[2026-03-30T08:07:54.727+0000] {taskinstance.py:3134} INFO - Exporting env vars: AIRFLOW_CTX_DAG_EMAIL='hoa856856@gmail.com' AIRFLOW_CTX_DAG_OWNER='***' AIRFLOW_CTX_DAG_ID='crawl_etl_itjob' AIRFLOW_CTX_TASK_ID='load_bronze' AIRFLOW_CTX_EXECUTION_DATE='2026-03-28T02:00:00+00:00' AIRFLOW_CTX_TRY_NUMBER='1' AIRFLOW_CTX_DAG_RUN_ID='scheduled__2026-03-28T02:00:00+00:00'
[2026-03-30T08:07:54.728+0000] {taskinstance.py:732} INFO - ::endgroup::
[2026-03-30T08:07:54.738+0000] {subprocess.py:78} INFO - Tmp dir root location: /tmp
[2026-03-30T08:07:54.739+0000] {subprocess.py:88} INFO - Running command: ['/bin/bash', '-c', "\n        docker exec spark-submit bash -c '\n        /opt/spark/bin/spark-submit         --master spark://spark-master:7077         --deploy-mode client         --packages org.apache.iceberg:iceberg-spark-runtime-3.5_2.12:1.5.0,org.apache.hadoop:hadoop-aws:3.3.4,com.amazonaws:aws-java-sdk-bundle:1.12.262         /opt/spark/scripts/Load_Bronze.py\n        '\n        "]
[2026-03-30T08:07:54.748+0000] {subprocess.py:99} INFO - Output:
[2026-03-30T08:07:54.842+0000] {subprocess.py:106} INFO - /opt/spark/bin/load-spark-env.sh: line 68: ps: command not found
[2026-03-30T08:07:56.248+0000] {subprocess.py:106} INFO - :: loading settings :: url = jar:file:/opt/spark/jars/ivy-2.5.1.jar!/org/apache/ivy/core/settings/ivysettings.xml
[2026-03-30T08:07:56.355+0000] {subprocess.py:106} INFO - Ivy Default Cache set to: /home/spark/.ivy2/cache
[2026-03-30T08:07:56.355+0000] {subprocess.py:106} INFO - The jars for the packages stored in: /home/spark/.ivy2/jars
[2026-03-30T08:07:56.360+0000] {subprocess.py:106} INFO - org.apache.iceberg#iceberg-spark-runtime-3.5_2.12 added as a dependency
[2026-03-30T08:07:56.360+0000] {subprocess.py:106} INFO - org.apache.hadoop#hadoop-aws added as a dependency
[2026-03-30T08:07:56.361+0000] {subprocess.py:106} INFO - com.amazonaws#aws-java-sdk-bundle added as a dependency
[2026-03-30T08:07:56.361+0000] {subprocess.py:106} INFO - :: resolving dependencies :: org.apache.spark#spark-submit-parent-ca257f5e-ba60-4030-90b2-f0a691a6d6ac;1.0
[2026-03-30T08:07:56.362+0000] {subprocess.py:106} INFO - 	confs: [default]
[2026-03-30T08:07:56.462+0000] {subprocess.py:106} INFO - 	found org.apache.iceberg#iceberg-spark-runtime-3.5_2.12;1.5.0 in central
[2026-03-30T08:07:56.531+0000] {subprocess.py:106} INFO - 	found org.apache.hadoop#hadoop-aws;3.3.4 in central
[2026-03-30T08:07:56.556+0000] {subprocess.py:106} INFO - 	found com.amazonaws#aws-java-sdk-bundle;1.12.262 in central
[2026-03-30T08:07:56.584+0000] {subprocess.py:106} INFO - 	found org.wildfly.openssl#wildfly-openssl;1.0.7.Final in central
[2026-03-30T08:07:56.607+0000] {subprocess.py:106} INFO - :: resolution report :: resolve 234ms :: artifacts dl 12ms
[2026-03-30T08:07:56.608+0000] {subprocess.py:106} INFO - 	:: modules in use:
[2026-03-30T08:07:56.608+0000] {subprocess.py:106} INFO - 	com.amazonaws#aws-java-sdk-bundle;1.12.262 from central in [default]
[2026-03-30T08:07:56.609+0000] {subprocess.py:106} INFO - 	org.apache.hadoop#hadoop-aws;3.3.4 from central in [default]
[2026-03-30T08:07:56.609+0000] {subprocess.py:106} INFO - 	org.apache.iceberg#iceberg-spark-runtime-3.5_2.12;1.5.0 from central in [default]
[2026-03-30T08:07:56.610+0000] {subprocess.py:106} INFO - 	org.wildfly.openssl#wildfly-openssl;1.0.7.Final from central in [default]
[2026-03-30T08:07:56.610+0000] {subprocess.py:106} INFO - 	---------------------------------------------------------------------
[2026-03-30T08:07:56.611+0000] {subprocess.py:106} INFO - 	|                  |            modules            ||   artifacts   |
[2026-03-30T08:07:56.611+0000] {subprocess.py:106} INFO - 	|       conf       | number| search|dwnlded|evicted|| number|dwnlded|
[2026-03-30T08:07:56.611+0000] {subprocess.py:106} INFO - 	---------------------------------------------------------------------
[2026-03-30T08:07:56.612+0000] {subprocess.py:106} INFO - 	|      default     |   4   |   0   |   0   |   0   ||   4   |   0   |
[2026-03-30T08:07:56.612+0000] {subprocess.py:106} INFO - 	---------------------------------------------------------------------
[2026-03-30T08:07:56.613+0000] {subprocess.py:106} INFO - :: retrieving :: org.apache.spark#spark-submit-parent-ca257f5e-ba60-4030-90b2-f0a691a6d6ac
[2026-03-30T08:07:56.614+0000] {subprocess.py:106} INFO - 	confs: [default]
[2026-03-30T08:07:56.619+0000] {subprocess.py:106} INFO - 	0 artifacts copied, 4 already retrieved (0kB/6ms)
[2026-03-30T08:07:56.822+0000] {subprocess.py:106} INFO - 26/03/30 08:07:56 WARN NativeCodeLoader: Unable to load native-hadoop library for your platform... using builtin-java classes where applicable
[2026-03-30T08:07:57.836+0000] {subprocess.py:106} INFO - 26/03/30 08:07:57 INFO SparkContext: Running Spark version 3.5.3
[2026-03-30T08:07:57.836+0000] {subprocess.py:106} INFO - 26/03/30 08:07:57 INFO SparkContext: OS info Linux, 6.6.87.2-microsoft-standard-WSL2, amd64
[2026-03-30T08:07:57.837+0000] {subprocess.py:106} INFO - 26/03/30 08:07:57 INFO SparkContext: Java version 11.0.30
[2026-03-30T08:07:57.857+0000] {subprocess.py:106} INFO - 26/03/30 08:07:57 INFO ResourceUtils: ==============================================================
[2026-03-30T08:07:57.858+0000] {subprocess.py:106} INFO - 26/03/30 08:07:57 INFO ResourceUtils: No custom resources configured for spark.driver.
[2026-03-30T08:07:57.858+0000] {subprocess.py:106} INFO - 26/03/30 08:07:57 INFO ResourceUtils: ==============================================================
[2026-03-30T08:07:57.859+0000] {subprocess.py:106} INFO - 26/03/30 08:07:57 INFO SparkContext: Submitted application: Load_Bronze_MinIO_Iceberg
[2026-03-30T08:07:57.884+0000] {subprocess.py:106} INFO - 26/03/30 08:07:57 INFO ResourceProfile: Default ResourceProfile created, executor resources: Map(memory -> name: memory, amount: 1024, script: , vendor: , offHeap -> name: offHeap, amount: 0, script: , vendor: ), task resources: Map(cpus -> name: cpus, amount: 1.0)
[2026-03-30T08:07:57.894+0000] {subprocess.py:106} INFO - 26/03/30 08:07:57 INFO ResourceProfile: Limiting resource is cpu
[2026-03-30T08:07:57.894+0000] {subprocess.py:106} INFO - 26/03/30 08:07:57 INFO ResourceProfileManager: Added ResourceProfile id: 0
[2026-03-30T08:07:57.964+0000] {subprocess.py:106} INFO - 26/03/30 08:07:57 INFO SecurityManager: Changing view acls to: spark
[2026-03-30T08:07:57.964+0000] {subprocess.py:106} INFO - 26/03/30 08:07:57 INFO SecurityManager: Changing modify acls to: spark
[2026-03-30T08:07:57.965+0000] {subprocess.py:106} INFO - 26/03/30 08:07:57 INFO SecurityManager: Changing view acls groups to:
[2026-03-30T08:07:57.966+0000] {subprocess.py:106} INFO - 26/03/30 08:07:57 INFO SecurityManager: Changing modify acls groups to:
[2026-03-30T08:07:57.966+0000] {subprocess.py:106} INFO - 26/03/30 08:07:57 INFO SecurityManager: SecurityManager: authentication disabled; ui acls disabled; users with view permissions: spark; groups with view permissions: EMPTY; users with modify permissions: spark; groups with modify permissions: EMPTY
[2026-03-30T08:07:58.154+0000] {subprocess.py:106} INFO - 26/03/30 08:07:58 INFO Utils: Successfully started service 'sparkDriver' on port 33319.
[2026-03-30T08:07:58.184+0000] {subprocess.py:106} INFO - 26/03/30 08:07:58 INFO SparkEnv: Registering MapOutputTracker
[2026-03-30T08:07:58.219+0000] {subprocess.py:106} INFO - 26/03/30 08:07:58 INFO SparkEnv: Registering BlockManagerMaster
[2026-03-30T08:07:58.231+0000] {subprocess.py:106} INFO - 26/03/30 08:07:58 INFO BlockManagerMasterEndpoint: Using org.apache.spark.storage.DefaultTopologyMapper for getting topology information
[2026-03-30T08:07:58.232+0000] {subprocess.py:106} INFO - 26/03/30 08:07:58 INFO BlockManagerMasterEndpoint: BlockManagerMasterEndpoint up
[2026-03-30T08:07:58.236+0000] {subprocess.py:106} INFO - 26/03/30 08:07:58 INFO SparkEnv: Registering BlockManagerMasterHeartbeat
[2026-03-30T08:07:58.260+0000] {subprocess.py:106} INFO - 26/03/30 08:07:58 INFO DiskBlockManager: Created local directory at /tmp/blockmgr-2346ebfd-f628-4d6f-9176-a0377255f6b3
[2026-03-30T08:07:58.270+0000] {subprocess.py:106} INFO - 26/03/30 08:07:58 INFO MemoryStore: MemoryStore started with capacity 434.4 MiB
[2026-03-30T08:07:58.282+0000] {subprocess.py:106} INFO - 26/03/30 08:07:58 INFO SparkEnv: Registering OutputCommitCoordinator
[2026-03-30T08:07:58.397+0000] {subprocess.py:106} INFO - 26/03/30 08:07:58 INFO JettyUtils: Start Jetty 0.0.0.0:4040 for SparkUI
[2026-03-30T08:07:58.438+0000] {subprocess.py:106} INFO - 26/03/30 08:07:58 INFO Utils: Successfully started service 'SparkUI' on port 4040.
[2026-03-30T08:07:58.466+0000] {subprocess.py:106} INFO - 26/03/30 08:07:58 INFO SparkContext: Added JAR file:///home/spark/.ivy2/jars/org.apache.iceberg_iceberg-spark-runtime-3.5_2.12-1.5.0.jar at spark://d0f687c55036:33319/jars/org.apache.iceberg_iceberg-spark-runtime-3.5_2.12-1.5.0.jar with timestamp 1774858077827
[2026-03-30T08:07:58.467+0000] {subprocess.py:106} INFO - 26/03/30 08:07:58 INFO SparkContext: Added JAR file:///home/spark/.ivy2/jars/org.apache.hadoop_hadoop-aws-3.3.4.jar at spark://d0f687c55036:33319/jars/org.apache.hadoop_hadoop-aws-3.3.4.jar with timestamp 1774858077827
[2026-03-30T08:07:58.467+0000] {subprocess.py:106} INFO - 26/03/30 08:07:58 INFO SparkContext: Added JAR file:///home/spark/.ivy2/jars/com.amazonaws_aws-java-sdk-bundle-1.12.262.jar at spark://d0f687c55036:33319/jars/com.amazonaws_aws-java-sdk-bundle-1.12.262.jar with timestamp 1774858077827
[2026-03-30T08:07:58.467+0000] {subprocess.py:106} INFO - 26/03/30 08:07:58 INFO SparkContext: Added JAR file:///home/spark/.ivy2/jars/org.wildfly.openssl_wildfly-openssl-1.0.7.Final.jar at spark://d0f687c55036:33319/jars/org.wildfly.openssl_wildfly-openssl-1.0.7.Final.jar with timestamp 1774858077827
[2026-03-30T08:07:58.470+0000] {subprocess.py:106} INFO - 26/03/30 08:07:58 INFO SparkContext: Added file file:///home/spark/.ivy2/jars/org.apache.iceberg_iceberg-spark-runtime-3.5_2.12-1.5.0.jar at spark://d0f687c55036:33319/files/org.apache.iceberg_iceberg-spark-runtime-3.5_2.12-1.5.0.jar with timestamp 1774858077827
[2026-03-30T08:07:58.471+0000] {subprocess.py:106} INFO - 26/03/30 08:07:58 INFO Utils: Copying /home/spark/.ivy2/jars/org.apache.iceberg_iceberg-spark-runtime-3.5_2.12-1.5.0.jar to /tmp/spark-f64dc293-f198-4bbe-ae19-ff0f5056cbd7/userFiles-e1fa0c24-0f8f-41a9-9718-87da16827d7c/org.apache.iceberg_iceberg-spark-runtime-3.5_2.12-1.5.0.jar
[2026-03-30T08:07:58.567+0000] {subprocess.py:106} INFO - 26/03/30 08:07:58 INFO SparkContext: Added file file:///home/spark/.ivy2/jars/org.apache.hadoop_hadoop-aws-3.3.4.jar at spark://d0f687c55036:33319/files/org.apache.hadoop_hadoop-aws-3.3.4.jar with timestamp 1774858077827
[2026-03-30T08:07:58.568+0000] {subprocess.py:106} INFO - 26/03/30 08:07:58 INFO Utils: Copying /home/spark/.ivy2/jars/org.apache.hadoop_hadoop-aws-3.3.4.jar to /tmp/spark-f64dc293-f198-4bbe-ae19-ff0f5056cbd7/userFiles-e1fa0c24-0f8f-41a9-9718-87da16827d7c/org.apache.hadoop_hadoop-aws-3.3.4.jar
[2026-03-30T08:07:58.573+0000] {subprocess.py:106} INFO - 26/03/30 08:07:58 INFO SparkContext: Added file file:///home/spark/.ivy2/jars/com.amazonaws_aws-java-sdk-bundle-1.12.262.jar at spark://d0f687c55036:33319/files/com.amazonaws_aws-java-sdk-bundle-1.12.262.jar with timestamp 1774858077827
[2026-03-30T08:07:58.573+0000] {subprocess.py:106} INFO - 26/03/30 08:07:58 INFO Utils: Copying /home/spark/.ivy2/jars/com.amazonaws_aws-java-sdk-bundle-1.12.262.jar to /tmp/spark-f64dc293-f198-4bbe-ae19-ff0f5056cbd7/userFiles-e1fa0c24-0f8f-41a9-9718-87da16827d7c/com.amazonaws_aws-java-sdk-bundle-1.12.262.jar
[2026-03-30T08:07:59.181+0000] {subprocess.py:106} INFO - 26/03/30 08:07:59 INFO SparkContext: Added file file:///home/spark/.ivy2/jars/org.wildfly.openssl_wildfly-openssl-1.0.7.Final.jar at spark://d0f687c55036:33319/files/org.wildfly.openssl_wildfly-openssl-1.0.7.Final.jar with timestamp 1774858077827
[2026-03-30T08:07:59.181+0000] {subprocess.py:106} INFO - 26/03/30 08:07:59 INFO Utils: Copying /home/spark/.ivy2/jars/org.wildfly.openssl_wildfly-openssl-1.0.7.Final.jar to /tmp/spark-f64dc293-f198-4bbe-ae19-ff0f5056cbd7/userFiles-e1fa0c24-0f8f-41a9-9718-87da16827d7c/org.wildfly.openssl_wildfly-openssl-1.0.7.Final.jar
[2026-03-30T08:07:59.276+0000] {subprocess.py:106} INFO - 26/03/30 08:07:59 INFO StandaloneAppClient$ClientEndpoint: Connecting to master spark://spark-master:7077...
[2026-03-30T08:07:59.323+0000] {subprocess.py:106} INFO - 26/03/30 08:07:59 INFO TransportClientFactory: Successfully created connection to spark-master/172.30.0.6:7077 after 28 ms (0 ms spent in bootstraps)
[2026-03-30T08:07:59.503+0000] {subprocess.py:106} INFO - 26/03/30 08:07:59 INFO StandaloneSchedulerBackend: Connected to Spark cluster with app ID app-20260330080759-0000
[2026-03-30T08:07:59.512+0000] {subprocess.py:106} INFO - 26/03/30 08:07:59 INFO Utils: Successfully started service 'org.apache.spark.network.netty.NettyBlockTransferService' on port 46825.
[2026-03-30T08:07:59.513+0000] {subprocess.py:106} INFO - 26/03/30 08:07:59 INFO NettyBlockTransferService: Server created on d0f687c55036:46825
[2026-03-30T08:07:59.515+0000] {subprocess.py:106} INFO - 26/03/30 08:07:59 INFO BlockManager: Using org.apache.spark.storage.RandomBlockReplicationPolicy for block replication policy
[2026-03-30T08:07:59.524+0000] {subprocess.py:106} INFO - 26/03/30 08:07:59 INFO BlockManagerMaster: Registering BlockManager BlockManagerId(driver, d0f687c55036, 46825, None)
[2026-03-30T08:07:59.527+0000] {subprocess.py:106} INFO - 26/03/30 08:07:59 INFO StandaloneAppClient$ClientEndpoint: Executor added: app-20260330080759-0000/0 on worker-20260330075541-172.30.0.8-46023 (172.30.0.8:46023) with 8 core(s)
[2026-03-30T08:07:59.528+0000] {subprocess.py:106} INFO - 26/03/30 08:07:59 INFO StandaloneSchedulerBackend: Granted executor ID app-20260330080759-0000/0 on hostPort 172.30.0.8:46023 with 8 core(s), 1024.0 MiB RAM
[2026-03-30T08:07:59.530+0000] {subprocess.py:106} INFO - 26/03/30 08:07:59 INFO BlockManagerMasterEndpoint: Registering block manager d0f687c55036:46825 with 434.4 MiB RAM, BlockManagerId(driver, d0f687c55036, 46825, None)
[2026-03-30T08:07:59.534+0000] {subprocess.py:106} INFO - 26/03/30 08:07:59 INFO BlockManagerMaster: Registered BlockManager BlockManagerId(driver, d0f687c55036, 46825, None)
[2026-03-30T08:07:59.538+0000] {subprocess.py:106} INFO - 26/03/30 08:07:59 INFO BlockManager: Initialized BlockManager: BlockManagerId(driver, d0f687c55036, 46825, None)
[2026-03-30T08:07:59.732+0000] {subprocess.py:106} INFO - 26/03/30 08:07:59 INFO StandaloneAppClient$ClientEndpoint: Executor updated: app-20260330080759-0000/0 is now RUNNING
[2026-03-30T08:07:59.802+0000] {subprocess.py:106} INFO - 26/03/30 08:07:59 INFO StandaloneSchedulerBackend: SchedulerBackend is ready for scheduling beginning after reached minRegisteredResourcesRatio: 0.0
[2026-03-30T08:08:00.129+0000] {subprocess.py:106} INFO - Reading data from: s3a://warehouse/raw/itviec_jobs_full.csv
[2026-03-30T08:08:00.138+0000] {subprocess.py:106} INFO - 26/03/30 08:08:00 INFO SharedState: Setting hive.metastore.warehouse.dir ('null') to the value of spark.sql.warehouse.dir.
[2026-03-30T08:08:00.143+0000] {subprocess.py:106} INFO - 26/03/30 08:08:00 INFO SharedState: Warehouse path is 'file:/opt/spark/spark-warehouse'.
[2026-03-30T08:08:01.868+0000] {subprocess.py:106} INFO - 26/03/30 08:08:01 WARN MetricsConfig: Cannot locate configuration: tried hadoop-metrics2-s3a-file-system.properties,hadoop-metrics2.properties
[2026-03-30T08:08:01.885+0000] {subprocess.py:106} INFO - 26/03/30 08:08:01 INFO MetricsSystemImpl: Scheduled Metric snapshot period at 10 second(s).
[2026-03-30T08:08:01.886+0000] {subprocess.py:106} INFO - 26/03/30 08:08:01 INFO MetricsSystemImpl: s3a-file-system metrics system started
[2026-03-30T08:08:02.496+0000] {subprocess.py:106} INFO - 26/03/30 08:08:02 INFO StandaloneSchedulerBackend$StandaloneDriverEndpoint: Registered executor NettyRpcEndpointRef(spark-client://Executor) (172.30.0.8:54558) with ID 0,  ResourceProfileId 0
[2026-03-30T08:08:02.591+0000] {subprocess.py:106} INFO - 26/03/30 08:08:02 INFO BlockManagerMasterEndpoint: Registering block manager 172.30.0.8:36223 with 434.4 MiB RAM, BlockManagerId(0, 172.30.0.8, 36223, None)
[2026-03-30T08:08:03.397+0000] {subprocess.py:106} INFO - 26/03/30 08:08:03 INFO InMemoryFileIndex: It took 88 ms to list leaf files for 1 paths.
[2026-03-30T08:08:03.583+0000] {subprocess.py:106} INFO - 26/03/30 08:08:03 INFO MemoryStore: Block broadcast_0 stored as values in memory (estimated size 206.2 KiB, free 434.2 MiB)
[2026-03-30T08:08:03.692+0000] {subprocess.py:106} INFO - 26/03/30 08:08:03 INFO MemoryStore: Block broadcast_0_piece0 stored as bytes in memory (estimated size 36.1 KiB, free 434.2 MiB)
[2026-03-30T08:08:03.696+0000] {subprocess.py:106} INFO - 26/03/30 08:08:03 INFO BlockManagerInfo: Added broadcast_0_piece0 in memory on d0f687c55036:46825 (size: 36.1 KiB, free: 434.4 MiB)
[2026-03-30T08:08:03.703+0000] {subprocess.py:106} INFO - 26/03/30 08:08:03 INFO SparkContext: Created broadcast 0 from csv at NativeMethodAccessorImpl.java:0
[2026-03-30T08:08:04.313+0000] {subprocess.py:106} INFO - 26/03/30 08:08:04 INFO FileInputFormat: Total input files to process : 1
[2026-03-30T08:08:04.324+0000] {subprocess.py:106} INFO - 26/03/30 08:08:04 INFO FileInputFormat: Total input files to process : 1
[2026-03-30T08:08:04.388+0000] {subprocess.py:106} INFO - 26/03/30 08:08:04 INFO SparkContext: Starting job: csv at NativeMethodAccessorImpl.java:0
[2026-03-30T08:08:04.415+0000] {subprocess.py:106} INFO - 26/03/30 08:08:04 INFO DAGScheduler: Got job 0 (csv at NativeMethodAccessorImpl.java:0) with 1 output partitions
[2026-03-30T08:08:04.416+0000] {subprocess.py:106} INFO - 26/03/30 08:08:04 INFO DAGScheduler: Final stage: ResultStage 0 (csv at NativeMethodAccessorImpl.java:0)
[2026-03-30T08:08:04.420+0000] {subprocess.py:106} INFO - 26/03/30 08:08:04 INFO DAGScheduler: Parents of final stage: List()
[2026-03-30T08:08:04.421+0000] {subprocess.py:106} INFO - 26/03/30 08:08:04 INFO DAGScheduler: Missing parents: List()
[2026-03-30T08:08:04.426+0000] {subprocess.py:106} INFO - 26/03/30 08:08:04 INFO DAGScheduler: Submitting ResultStage 0 (MapPartitionsRDD[2] at csv at NativeMethodAccessorImpl.java:0), which has no missing parents
[2026-03-30T08:08:04.466+0000] {subprocess.py:106} INFO - 26/03/30 08:08:04 INFO MemoryStore: Block broadcast_1 stored as values in memory (estimated size 7.6 KiB, free 434.2 MiB)
[2026-03-30T08:08:04.476+0000] {subprocess.py:106} INFO - 26/03/30 08:08:04 INFO MemoryStore: Block broadcast_1_piece0 stored as bytes in memory (estimated size 4.4 KiB, free 434.2 MiB)
[2026-03-30T08:08:04.478+0000] {subprocess.py:106} INFO - 26/03/30 08:08:04 INFO BlockManagerInfo: Added broadcast_1_piece0 in memory on d0f687c55036:46825 (size: 4.4 KiB, free: 434.4 MiB)
[2026-03-30T08:08:04.479+0000] {subprocess.py:106} INFO - 26/03/30 08:08:04 INFO SparkContext: Created broadcast 1 from broadcast at DAGScheduler.scala:1585
[2026-03-30T08:08:04.512+0000] {subprocess.py:106} INFO - 26/03/30 08:08:04 INFO DAGScheduler: Submitting 1 missing tasks from ResultStage 0 (MapPartitionsRDD[2] at csv at NativeMethodAccessorImpl.java:0) (first 15 tasks are for partitions Vector(0))
[2026-03-30T08:08:04.513+0000] {subprocess.py:106} INFO - 26/03/30 08:08:04 INFO TaskSchedulerImpl: Adding task set 0.0 with 1 tasks resource profile 0
[2026-03-30T08:08:05.873+0000] {subprocess.py:106} INFO - 26/03/30 08:08:05 INFO TaskSetManager: Starting task 0.0 in stage 0.0 (TID 0) (172.30.0.8, executor 0, partition 0, PROCESS_LOCAL, 10108 bytes)
[2026-03-30T08:08:06.092+0000] {subprocess.py:106} INFO - 26/03/30 08:08:06 INFO BlockManagerInfo: Added broadcast_1_piece0 in memory on 172.30.0.8:36223 (size: 4.4 KiB, free: 434.4 MiB)
[2026-03-30T08:08:06.290+0000] {subprocess.py:106} INFO - 26/03/30 08:08:06 INFO BlockManagerInfo: Added broadcast_0_piece0 in memory on 172.30.0.8:36223 (size: 36.1 KiB, free: 434.4 MiB)
[2026-03-30T08:08:07.739+0000] {subprocess.py:106} INFO - 26/03/30 08:08:07 INFO TaskSetManager: Finished task 0.0 in stage 0.0 (TID 0) in 1881 ms on 172.30.0.8 (executor 0) (1/1)
[2026-03-30T08:08:07.742+0000] {subprocess.py:106} INFO - 26/03/30 08:08:07 INFO TaskSchedulerImpl: Removed TaskSet 0.0, whose tasks have all completed, from pool
[2026-03-30T08:08:07.749+0000] {subprocess.py:106} INFO - 26/03/30 08:08:07 INFO DAGScheduler: ResultStage 0 (csv at NativeMethodAccessorImpl.java:0) finished in 3.290 s
[2026-03-30T08:08:07.754+0000] {subprocess.py:106} INFO - 26/03/30 08:08:07 INFO DAGScheduler: Job 0 is finished. Cancelling potential speculative or zombie tasks for this job
[2026-03-30T08:08:07.755+0000] {subprocess.py:106} INFO - 26/03/30 08:08:07 INFO TaskSchedulerImpl: Killing all running tasks in stage 0: Stage finished
[2026-03-30T08:08:07.758+0000] {subprocess.py:106} INFO - 26/03/30 08:08:07 INFO DAGScheduler: Job 0 finished: csv at NativeMethodAccessorImpl.java:0, took 3.369745 s
[2026-03-30T08:08:07.805+0000] {subprocess.py:106} INFO - 26/03/30 08:08:07 INFO SparkContext: Starting job: csv at NativeMethodAccessorImpl.java:0
[2026-03-30T08:08:07.806+0000] {subprocess.py:106} INFO - 26/03/30 08:08:07 INFO DAGScheduler: Got job 1 (csv at NativeMethodAccessorImpl.java:0) with 1 output partitions
[2026-03-30T08:08:07.807+0000] {subprocess.py:106} INFO - 26/03/30 08:08:07 INFO DAGScheduler: Final stage: ResultStage 1 (csv at NativeMethodAccessorImpl.java:0)
[2026-03-30T08:08:07.808+0000] {subprocess.py:106} INFO - 26/03/30 08:08:07 INFO DAGScheduler: Parents of final stage: List()
[2026-03-30T08:08:07.809+0000] {subprocess.py:106} INFO - 26/03/30 08:08:07 INFO DAGScheduler: Missing parents: List()
[2026-03-30T08:08:07.810+0000] {subprocess.py:106} INFO - 26/03/30 08:08:07 INFO DAGScheduler: Submitting ResultStage 1 (MapPartitionsRDD[3] at csv at NativeMethodAccessorImpl.java:0), which has no missing parents
[2026-03-30T08:08:07.813+0000] {subprocess.py:106} INFO - 26/03/30 08:08:07 INFO MemoryStore: Block broadcast_2 stored as values in memory (estimated size 10.1 KiB, free 434.1 MiB)
[2026-03-30T08:08:07.826+0000] {subprocess.py:106} INFO - 26/03/30 08:08:07 INFO MemoryStore: Block broadcast_2_piece0 stored as bytes in memory (estimated size 5.4 KiB, free 434.1 MiB)
[2026-03-30T08:08:07.828+0000] {subprocess.py:106} INFO - 26/03/30 08:08:07 INFO BlockManagerInfo: Added broadcast_2_piece0 in memory on d0f687c55036:46825 (size: 5.4 KiB, free: 434.4 MiB)
[2026-03-30T08:08:07.830+0000] {subprocess.py:106} INFO - 26/03/30 08:08:07 INFO SparkContext: Created broadcast 2 from broadcast at DAGScheduler.scala:1585
[2026-03-30T08:08:07.830+0000] {subprocess.py:106} INFO - 26/03/30 08:08:07 INFO DAGScheduler: Submitting 1 missing tasks from ResultStage 1 (MapPartitionsRDD[3] at csv at NativeMethodAccessorImpl.java:0) (first 15 tasks are for partitions Vector(0))
[2026-03-30T08:08:07.831+0000] {subprocess.py:106} INFO - 26/03/30 08:08:07 INFO TaskSchedulerImpl: Adding task set 1.0 with 1 tasks resource profile 0
[2026-03-30T08:08:07.832+0000] {subprocess.py:106} INFO - 26/03/30 08:08:07 INFO TaskSetManager: Starting task 0.0 in stage 1.0 (TID 1) (172.30.0.8, executor 0, partition 0, PROCESS_LOCAL, 10108 bytes)
[2026-03-30T08:08:07.875+0000] {subprocess.py:106} INFO - 26/03/30 08:08:07 INFO BlockManagerInfo: Removed broadcast_1_piece0 on d0f687c55036:46825 in memory (size: 4.4 KiB, free: 434.4 MiB)
[2026-03-30T08:08:07.885+0000] {subprocess.py:106} INFO - 26/03/30 08:08:07 INFO BlockManagerInfo: Added broadcast_2_piece0 in memory on 172.30.0.8:36223 (size: 5.4 KiB, free: 434.4 MiB)
[2026-03-30T08:08:07.893+0000] {subprocess.py:106} INFO - 26/03/30 08:08:07 INFO BlockManagerInfo: Removed broadcast_1_piece0 on 172.30.0.8:36223 in memory (size: 4.4 KiB, free: 434.4 MiB)
[2026-03-30T08:08:08.710+0000] {subprocess.py:106} INFO - 26/03/30 08:08:08 INFO TaskSetManager: Finished task 0.0 in stage 1.0 (TID 1) in 881 ms on 172.30.0.8 (executor 0) (1/1)
[2026-03-30T08:08:08.711+0000] {subprocess.py:106} INFO - 26/03/30 08:08:08 INFO TaskSchedulerImpl: Removed TaskSet 1.0, whose tasks have all completed, from pool
[2026-03-30T08:08:08.712+0000] {subprocess.py:106} INFO - 26/03/30 08:08:08 INFO DAGScheduler: ResultStage 1 (csv at NativeMethodAccessorImpl.java:0) finished in 0.902 s
[2026-03-30T08:08:08.713+0000] {subprocess.py:106} INFO - 26/03/30 08:08:08 INFO DAGScheduler: Job 1 is finished. Cancelling potential speculative or zombie tasks for this job
[2026-03-30T08:08:08.714+0000] {subprocess.py:106} INFO - 26/03/30 08:08:08 INFO TaskSchedulerImpl: Killing all running tasks in stage 1: Stage finished
[2026-03-30T08:08:08.720+0000] {subprocess.py:106} INFO - 26/03/30 08:08:08 INFO DAGScheduler: Job 1 finished: csv at NativeMethodAccessorImpl.java:0, took 0.914932 s
[2026-03-30T08:08:09.001+0000] {subprocess.py:106} INFO - 26/03/30 08:08:09 INFO BlockManagerInfo: Removed broadcast_2_piece0 on d0f687c55036:46825 in memory (size: 5.4 KiB, free: 434.4 MiB)
[2026-03-30T08:08:09.005+0000] {subprocess.py:106} INFO - 26/03/30 08:08:09 INFO BlockManagerInfo: Removed broadcast_2_piece0 on 172.30.0.8:36223 in memory (size: 5.4 KiB, free: 434.4 MiB)
[2026-03-30T08:08:09.012+0000] {subprocess.py:106} INFO - 26/03/30 08:08:09 INFO BlockManagerInfo: Removed broadcast_0_piece0 on d0f687c55036:46825 in memory (size: 36.1 KiB, free: 434.4 MiB)
[2026-03-30T08:08:09.016+0000] {subprocess.py:106} INFO - 26/03/30 08:08:09 INFO BlockManagerInfo: Removed broadcast_0_piece0 on 172.30.0.8:36223 in memory (size: 36.1 KiB, free: 434.4 MiB)
[2026-03-30T08:08:09.988+0000] {subprocess.py:106} INFO - 26/03/30 08:08:09 INFO FileSourceStrategy: Pushed Filters:
[2026-03-30T08:08:09.989+0000] {subprocess.py:106} INFO - 26/03/30 08:08:09 INFO FileSourceStrategy: Post-Scan Filters:
[2026-03-30T08:08:10.593+0000] {subprocess.py:106} INFO - 26/03/30 08:08:10 INFO CodeGenerator: Code generated in 394.106348 ms
[2026-03-30T08:08:10.607+0000] {subprocess.py:106} INFO - 26/03/30 08:08:10 INFO MemoryStore: Block broadcast_3 stored as values in memory (estimated size 205.1 KiB, free 434.2 MiB)
[2026-03-30T08:08:10.623+0000] {subprocess.py:106} INFO - 26/03/30 08:08:10 INFO MemoryStore: Block broadcast_3_piece0 stored as bytes in memory (estimated size 36.1 KiB, free 434.2 MiB)
[2026-03-30T08:08:10.624+0000] {subprocess.py:106} INFO - 26/03/30 08:08:10 INFO BlockManagerInfo: Added broadcast_3_piece0 in memory on d0f687c55036:46825 (size: 36.1 KiB, free: 434.4 MiB)
[2026-03-30T08:08:10.625+0000] {subprocess.py:106} INFO - 26/03/30 08:08:10 INFO SparkContext: Created broadcast 3 from count at NativeMethodAccessorImpl.java:0
[2026-03-30T08:08:10.653+0000] {subprocess.py:106} INFO - 26/03/30 08:08:10 INFO FileSourceScanExec: Planning scan with bin packing, max size: 4194304 bytes, open cost is considered as scanning 4194304 bytes.
[2026-03-30T08:08:10.696+0000] {subprocess.py:106} INFO - 26/03/30 08:08:10 INFO DAGScheduler: Registering RDD 7 (count at NativeMethodAccessorImpl.java:0) as input to shuffle 0
[2026-03-30T08:08:10.700+0000] {subprocess.py:106} INFO - 26/03/30 08:08:10 INFO DAGScheduler: Got map stage job 2 (count at NativeMethodAccessorImpl.java:0) with 1 output partitions
[2026-03-30T08:08:10.701+0000] {subprocess.py:106} INFO - 26/03/30 08:08:10 INFO DAGScheduler: Final stage: ShuffleMapStage 2 (count at NativeMethodAccessorImpl.java:0)
[2026-03-30T08:08:10.702+0000] {subprocess.py:106} INFO - 26/03/30 08:08:10 INFO DAGScheduler: Parents of final stage: List()
[2026-03-30T08:08:10.704+0000] {subprocess.py:106} INFO - 26/03/30 08:08:10 INFO DAGScheduler: Missing parents: List()
[2026-03-30T08:08:10.706+0000] {subprocess.py:106} INFO - 26/03/30 08:08:10 INFO DAGScheduler: Submitting ShuffleMapStage 2 (MapPartitionsRDD[7] at count at NativeMethodAccessorImpl.java:0), which has no missing parents
[2026-03-30T08:08:10.748+0000] {subprocess.py:106} INFO - 26/03/30 08:08:10 INFO MemoryStore: Block broadcast_4 stored as values in memory (estimated size 18.1 KiB, free 434.1 MiB)
[2026-03-30T08:08:10.759+0000] {subprocess.py:106} INFO - 26/03/30 08:08:10 INFO MemoryStore: Block broadcast_4_piece0 stored as bytes in memory (estimated size 8.9 KiB, free 434.1 MiB)
[2026-03-30T08:08:10.760+0000] {subprocess.py:106} INFO - 26/03/30 08:08:10 INFO BlockManagerInfo: Added broadcast_4_piece0 in memory on d0f687c55036:46825 (size: 8.9 KiB, free: 434.4 MiB)
[2026-03-30T08:08:10.762+0000] {subprocess.py:106} INFO - 26/03/30 08:08:10 INFO SparkContext: Created broadcast 4 from broadcast at DAGScheduler.scala:1585
[2026-03-30T08:08:10.765+0000] {subprocess.py:106} INFO - 26/03/30 08:08:10 INFO DAGScheduler: Submitting 1 missing tasks from ShuffleMapStage 2 (MapPartitionsRDD[7] at count at NativeMethodAccessorImpl.java:0) (first 15 tasks are for partitions Vector(0))
[2026-03-30T08:08:10.766+0000] {subprocess.py:106} INFO - 26/03/30 08:08:10 INFO TaskSchedulerImpl: Adding task set 2.0 with 1 tasks resource profile 0
[2026-03-30T08:08:10.772+0000] {subprocess.py:106} INFO - 26/03/30 08:08:10 INFO TaskSetManager: Starting task 0.0 in stage 2.0 (TID 2) (172.30.0.8, executor 0, partition 0, PROCESS_LOCAL, 10568 bytes)
[2026-03-30T08:08:10.825+0000] {subprocess.py:106} INFO - 26/03/30 08:08:10 INFO BlockManagerInfo: Added broadcast_4_piece0 in memory on 172.30.0.8:36223 (size: 8.9 KiB, free: 434.4 MiB)
[2026-03-30T08:08:11.382+0000] {subprocess.py:106} INFO - 26/03/30 08:08:11 INFO BlockManagerInfo: Added broadcast_3_piece0 in memory on 172.30.0.8:36223 (size: 36.1 KiB, free: 434.4 MiB)
[2026-03-30T08:08:11.579+0000] {subprocess.py:106} INFO - 26/03/30 08:08:11 INFO TaskSetManager: Finished task 0.0 in stage 2.0 (TID 2) in 809 ms on 172.30.0.8 (executor 0) (1/1)
[2026-03-30T08:08:11.580+0000] {subprocess.py:106} INFO - 26/03/30 08:08:11 INFO TaskSchedulerImpl: Removed TaskSet 2.0, whose tasks have all completed, from pool
[2026-03-30T08:08:11.581+0000] {subprocess.py:106} INFO - 26/03/30 08:08:11 INFO DAGScheduler: ShuffleMapStage 2 (count at NativeMethodAccessorImpl.java:0) finished in 0.869 s
[2026-03-30T08:08:11.582+0000] {subprocess.py:106} INFO - 26/03/30 08:08:11 INFO DAGScheduler: looking for newly runnable stages
[2026-03-30T08:08:11.582+0000] {subprocess.py:106} INFO - 26/03/30 08:08:11 INFO DAGScheduler: running: Set()
[2026-03-30T08:08:11.583+0000] {subprocess.py:106} INFO - 26/03/30 08:08:11 INFO DAGScheduler: waiting: Set()
[2026-03-30T08:08:11.583+0000] {subprocess.py:106} INFO - 26/03/30 08:08:11 INFO DAGScheduler: failed: Set()
[2026-03-30T08:08:11.631+0000] {subprocess.py:106} INFO - 26/03/30 08:08:11 INFO CodeGenerator: Code generated in 11.097531 ms
[2026-03-30T08:08:11.659+0000] {subprocess.py:106} INFO - 26/03/30 08:08:11 INFO SparkContext: Starting job: count at NativeMethodAccessorImpl.java:0
[2026-03-30T08:08:11.662+0000] {subprocess.py:106} INFO - 26/03/30 08:08:11 INFO DAGScheduler: Got job 3 (count at NativeMethodAccessorImpl.java:0) with 1 output partitions
[2026-03-30T08:08:11.663+0000] {subprocess.py:106} INFO - 26/03/30 08:08:11 INFO DAGScheduler: Final stage: ResultStage 4 (count at NativeMethodAccessorImpl.java:0)
[2026-03-30T08:08:11.664+0000] {subprocess.py:106} INFO - 26/03/30 08:08:11 INFO DAGScheduler: Parents of final stage: List(ShuffleMapStage 3)
[2026-03-30T08:08:11.664+0000] {subprocess.py:106} INFO - 26/03/30 08:08:11 INFO DAGScheduler: Missing parents: List()
[2026-03-30T08:08:11.664+0000] {subprocess.py:106} INFO - 26/03/30 08:08:11 INFO DAGScheduler: Submitting ResultStage 4 (MapPartitionsRDD[10] at count at NativeMethodAccessorImpl.java:0), which has no missing parents
[2026-03-30T08:08:11.671+0000] {subprocess.py:106} INFO - 26/03/30 08:08:11 INFO MemoryStore: Block broadcast_5 stored as values in memory (estimated size 12.5 KiB, free 434.1 MiB)
[2026-03-30T08:08:11.679+0000] {subprocess.py:106} INFO - 26/03/30 08:08:11 INFO MemoryStore: Block broadcast_5_piece0 stored as bytes in memory (estimated size 5.9 KiB, free 434.1 MiB)
[2026-03-30T08:08:11.680+0000] {subprocess.py:106} INFO - 26/03/30 08:08:11 INFO BlockManagerInfo: Added broadcast_5_piece0 in memory on d0f687c55036:46825 (size: 5.9 KiB, free: 434.4 MiB)
[2026-03-30T08:08:11.682+0000] {subprocess.py:106} INFO - 26/03/30 08:08:11 INFO SparkContext: Created broadcast 5 from broadcast at DAGScheduler.scala:1585
[2026-03-30T08:08:11.684+0000] {subprocess.py:106} INFO - 26/03/30 08:08:11 INFO BlockManagerInfo: Removed broadcast_4_piece0 on d0f687c55036:46825 in memory (size: 8.9 KiB, free: 434.4 MiB)
[2026-03-30T08:08:11.684+0000] {subprocess.py:106} INFO - 26/03/30 08:08:11 INFO DAGScheduler: Submitting 1 missing tasks from ResultStage 4 (MapPartitionsRDD[10] at count at NativeMethodAccessorImpl.java:0) (first 15 tasks are for partitions Vector(0))
[2026-03-30T08:08:11.685+0000] {subprocess.py:106} INFO - 26/03/30 08:08:11 INFO TaskSchedulerImpl: Adding task set 4.0 with 1 tasks resource profile 0
[2026-03-30T08:08:11.685+0000] {subprocess.py:106} INFO - 26/03/30 08:08:11 INFO BlockManagerInfo: Removed broadcast_4_piece0 on 172.30.0.8:36223 in memory (size: 8.9 KiB, free: 434.4 MiB)
[2026-03-30T08:08:11.693+0000] {subprocess.py:106} INFO - 26/03/30 08:08:11 INFO TaskSetManager: Starting task 0.0 in stage 4.0 (TID 3) (172.30.0.8, executor 0, partition 0, NODE_LOCAL, 9976 bytes)
[2026-03-30T08:08:11.730+0000] {subprocess.py:106} INFO - 26/03/30 08:08:11 INFO BlockManagerInfo: Added broadcast_5_piece0 in memory on 172.30.0.8:36223 (size: 5.9 KiB, free: 434.4 MiB)
[2026-03-30T08:08:11.760+0000] {subprocess.py:106} INFO - 26/03/30 08:08:11 INFO MapOutputTrackerMasterEndpoint: Asked to send map output locations for shuffle 0 to 172.30.0.8:54558
[2026-03-30T08:08:11.901+0000] {subprocess.py:106} INFO - 26/03/30 08:08:11 INFO TaskSetManager: Finished task 0.0 in stage 4.0 (TID 3) in 210 ms on 172.30.0.8 (executor 0) (1/1)
[2026-03-30T08:08:11.902+0000] {subprocess.py:106} INFO - 26/03/30 08:08:11 INFO TaskSchedulerImpl: Removed TaskSet 4.0, whose tasks have all completed, from pool
[2026-03-30T08:08:11.907+0000] {subprocess.py:106} INFO - 26/03/30 08:08:11 INFO DAGScheduler: ResultStage 4 (count at NativeMethodAccessorImpl.java:0) finished in 0.234 s
[2026-03-30T08:08:11.908+0000] {subprocess.py:106} INFO - 26/03/30 08:08:11 INFO DAGScheduler: Job 3 is finished. Cancelling potential speculative or zombie tasks for this job
[2026-03-30T08:08:11.910+0000] {subprocess.py:106} INFO - 26/03/30 08:08:11 INFO TaskSchedulerImpl: Killing all running tasks in stage 4: Stage finished
[2026-03-30T08:08:11.911+0000] {subprocess.py:106} INFO - 26/03/30 08:08:11 INFO DAGScheduler: Job 3 finished: count at NativeMethodAccessorImpl.java:0, took 0.247982 s
[2026-03-30T08:08:11.920+0000] {subprocess.py:106} INFO -  Record loaded from CSV: 12600
[2026-03-30T08:08:11.928+0000] {subprocess.py:106} INFO - root
[2026-03-30T08:08:11.929+0000] {subprocess.py:106} INFO -  |-- job_title: string (nullable = true)
[2026-03-30T08:08:11.929+0000] {subprocess.py:106} INFO -  |-- company_name: string (nullable = true)
[2026-03-30T08:08:11.930+0000] {subprocess.py:106} INFO -  |-- location: string (nullable = true)
[2026-03-30T08:08:11.930+0000] {subprocess.py:106} INFO -  |-- skills_required: string (nullable = true)
[2026-03-30T08:08:11.931+0000] {subprocess.py:106} INFO -  |-- date_posted: timestamp (nullable = true)
[2026-03-30T08:08:11.931+0000] {subprocess.py:106} INFO -  |-- job_link: string (nullable = true)
[2026-03-30T08:08:11.931+0000] {subprocess.py:106} INFO -  |-- job_category: string (nullable = true)
[2026-03-30T08:08:11.931+0000] {subprocess.py:106} INFO -  |-- work_mode: string (nullable = true)
[2026-03-30T08:08:11.932+0000] {subprocess.py:106} INFO -  |-- crawl_date: timestamp (nullable = true)
[2026-03-30T08:08:11.932+0000] {subprocess.py:106} INFO -  |-- date_only: date (nullable = true)
[2026-03-30T08:08:11.932+0000] {subprocess.py:106} INFO - 
[2026-03-30T08:08:12.116+0000] {subprocess.py:106} INFO - 26/03/30 08:08:12 INFO BlockManagerInfo: Removed broadcast_5_piece0 on d0f687c55036:46825 in memory (size: 5.9 KiB, free: 434.4 MiB)
[2026-03-30T08:08:12.119+0000] {subprocess.py:106} INFO - 26/03/30 08:08:12 INFO BlockManagerInfo: Removed broadcast_5_piece0 on 172.30.0.8:36223 in memory (size: 5.9 KiB, free: 434.4 MiB)
[2026-03-30T08:08:12.355+0000] {subprocess.py:106} INFO - 26/03/30 08:08:12 INFO HiveConf: Found configuration file null
[2026-03-30T08:08:12.541+0000] {subprocess.py:106} INFO - 26/03/30 08:08:12 INFO metastore: Trying to connect to metastore with URI thrift://hive-metastore:9083
[2026-03-30T08:08:12.576+0000] {subprocess.py:106} INFO - 26/03/30 08:08:12 INFO metastore: Opened a connection to metastore, current connections: 1
[2026-03-30T08:08:12.621+0000] {subprocess.py:106} INFO - 26/03/30 08:08:12 INFO metastore: Connected to metastore.
[2026-03-30T08:08:13.238+0000] {subprocess.py:106} INFO - 26/03/30 08:08:13 INFO BaseMetastoreTableOperations: Refreshing table metadata from new version: s3a://warehouse/iceberg_data/bronze.db/it_jobs_raw/metadata/00022-7d2b3939-a83c-45bb-8905-b567acfcd911.metadata.json
[2026-03-30T08:08:13.343+0000] {subprocess.py:106} INFO - 26/03/30 08:08:13 INFO BlockManagerInfo: Removed broadcast_3_piece0 on d0f687c55036:46825 in memory (size: 36.1 KiB, free: 434.4 MiB)
[2026-03-30T08:08:13.346+0000] {subprocess.py:106} INFO - 26/03/30 08:08:13 INFO BlockManagerInfo: Removed broadcast_3_piece0 on 172.30.0.8:36223 in memory (size: 36.1 KiB, free: 434.4 MiB)
[2026-03-30T08:08:13.656+0000] {subprocess.py:106} INFO - 26/03/30 08:08:13 INFO BaseMetastoreCatalog: Table loaded by catalog: iceberg.bronze.it_jobs_raw
[2026-03-30T08:08:13.663+0000] {subprocess.py:106} INFO - Table iceberg.bronze.it_jobs_raw exists. Checking for new records...
[2026-03-30T08:08:13.870+0000] {subprocess.py:106} INFO - 26/03/30 08:08:13 INFO V2ScanRelationPushDown:
[2026-03-30T08:08:13.871+0000] {subprocess.py:106} INFO - Pushing operators to iceberg.bronze.it_jobs_raw
[2026-03-30T08:08:13.871+0000] {subprocess.py:106} INFO - Pushed Filters: job_link IS NOT NULL
[2026-03-30T08:08:13.872+0000] {subprocess.py:106} INFO - Post-Scan Filters: isnotnull(job_link#79)
[2026-03-30T08:08:13.872+0000] {subprocess.py:106} INFO - 
[2026-03-30T08:08:13.910+0000] {subprocess.py:106} INFO - 26/03/30 08:08:13 INFO V2ScanRelationPushDown:
[2026-03-30T08:08:13.910+0000] {subprocess.py:106} INFO - Output: job_link#79
[2026-03-30T08:08:13.911+0000] {subprocess.py:106} INFO - 
[2026-03-30T08:08:13.923+0000] {subprocess.py:106} INFO - 26/03/30 08:08:13 INFO SnapshotScan: Scanning table iceberg.bronze.it_jobs_raw snapshot 3394260562777236689 created at 2026-03-28T12:06:57.672+00:00 with filter job_link IS NOT NULL
[2026-03-30T08:08:14.172+0000] {subprocess.py:106} INFO - 26/03/30 08:08:14 INFO BaseDistributedDataScan: Planning file tasks locally for table iceberg.bronze.it_jobs_raw
[2026-03-30T08:08:14.460+0000] {subprocess.py:106} INFO - 26/03/30 08:08:14 INFO SparkPartitioningAwareScan: Reporting UnknownPartitioning with 6 partition(s) for table iceberg.bronze.it_jobs_raw
[2026-03-30T08:08:14.519+0000] {subprocess.py:106} INFO - 26/03/30 08:08:14 INFO FileSourceStrategy: Pushed Filters:
[2026-03-30T08:08:14.520+0000] {subprocess.py:106} INFO - 26/03/30 08:08:14 INFO FileSourceStrategy: Post-Scan Filters:
[2026-03-30T08:08:14.536+0000] {subprocess.py:106} INFO - 26/03/30 08:08:14 INFO MemoryStore: Block broadcast_6 stored as values in memory (estimated size 32.0 KiB, free 434.4 MiB)
[2026-03-30T08:08:14.556+0000] {subprocess.py:106} INFO - 26/03/30 08:08:14 INFO MemoryStore: Block broadcast_6_piece0 stored as bytes in memory (estimated size 30.1 KiB, free 434.3 MiB)
[2026-03-30T08:08:14.557+0000] {subprocess.py:106} INFO - 26/03/30 08:08:14 INFO BlockManagerInfo: Added broadcast_6_piece0 in memory on d0f687c55036:46825 (size: 30.1 KiB, free: 434.4 MiB)
[2026-03-30T08:08:14.558+0000] {subprocess.py:106} INFO - 26/03/30 08:08:14 INFO SparkContext: Created broadcast 6 from broadcast at SparkBatch.java:79
[2026-03-30T08:08:14.584+0000] {subprocess.py:106} INFO - 26/03/30 08:08:14 INFO MemoryStore: Block broadcast_7 stored as values in memory (estimated size 32.0 KiB, free 434.3 MiB)
[2026-03-30T08:08:14.589+0000] {subprocess.py:106} INFO - 26/03/30 08:08:14 INFO MemoryStore: Block broadcast_7_piece0 stored as bytes in memory (estimated size 30.1 KiB, free 434.3 MiB)
[2026-03-30T08:08:14.601+0000] {subprocess.py:106} INFO - 26/03/30 08:08:14 INFO BlockManagerInfo: Added broadcast_7_piece0 in memory on d0f687c55036:46825 (size: 30.1 KiB, free: 434.3 MiB)
[2026-03-30T08:08:14.603+0000] {subprocess.py:106} INFO - 26/03/30 08:08:14 INFO SparkContext: Created broadcast 7 from broadcast at SparkBatch.java:79
[2026-03-30T08:08:14.699+0000] {subprocess.py:106} INFO - 26/03/30 08:08:14 INFO CodeGenerator: Code generated in 22.687682 ms
[2026-03-30T08:08:14.730+0000] {subprocess.py:106} INFO - 26/03/30 08:08:14 INFO SparkContext: Starting job: $anonfun$withThreadLocalCaptured$1 at FutureTask.java:264
[2026-03-30T08:08:14.731+0000] {subprocess.py:106} INFO - 26/03/30 08:08:14 INFO DAGScheduler: Got job 4 ($anonfun$withThreadLocalCaptured$1 at FutureTask.java:264) with 6 output partitions
[2026-03-30T08:08:14.732+0000] {subprocess.py:106} INFO - 26/03/30 08:08:14 INFO DAGScheduler: Final stage: ResultStage 5 ($anonfun$withThreadLocalCaptured$1 at FutureTask.java:264)
[2026-03-30T08:08:14.732+0000] {subprocess.py:106} INFO - 26/03/30 08:08:14 INFO DAGScheduler: Parents of final stage: List()
[2026-03-30T08:08:14.733+0000] {subprocess.py:106} INFO - 26/03/30 08:08:14 INFO DAGScheduler: Missing parents: List()
[2026-03-30T08:08:14.734+0000] {subprocess.py:106} INFO - 26/03/30 08:08:14 INFO DAGScheduler: Submitting ResultStage 5 (MapPartitionsRDD[14] at $anonfun$withThreadLocalCaptured$1 at FutureTask.java:264), which has no missing parents
[2026-03-30T08:08:14.737+0000] {subprocess.py:106} INFO - 26/03/30 08:08:14 INFO MemoryStore: Block broadcast_8 stored as values in memory (estimated size 13.8 KiB, free 434.3 MiB)
[2026-03-30T08:08:14.750+0000] {subprocess.py:106} INFO - 26/03/30 08:08:14 INFO MemoryStore: Block broadcast_8_piece0 stored as bytes in memory (estimated size 5.5 KiB, free 434.3 MiB)
[2026-03-30T08:08:14.751+0000] {subprocess.py:106} INFO - 26/03/30 08:08:14 INFO BlockManagerInfo: Added broadcast_8_piece0 in memory on d0f687c55036:46825 (size: 5.5 KiB, free: 434.3 MiB)
[2026-03-30T08:08:14.758+0000] {subprocess.py:106} INFO - 26/03/30 08:08:14 INFO SparkContext: Created broadcast 8 from broadcast at DAGScheduler.scala:1585
[2026-03-30T08:08:14.759+0000] {subprocess.py:106} INFO - 26/03/30 08:08:14 INFO DAGScheduler: Submitting 6 missing tasks from ResultStage 5 (MapPartitionsRDD[14] at $anonfun$withThreadLocalCaptured$1 at FutureTask.java:264) (first 15 tasks are for partitions Vector(0, 1, 2, 3, 4, 5))
[2026-03-30T08:08:14.760+0000] {subprocess.py:106} INFO - 26/03/30 08:08:14 INFO TaskSchedulerImpl: Adding task set 5.0 with 6 tasks resource profile 0
[2026-03-30T08:08:14.770+0000] {subprocess.py:106} INFO - 26/03/30 08:08:14 INFO TaskSetManager: Starting task 0.0 in stage 5.0 (TID 4) (172.30.0.8, executor 0, partition 0, PROCESS_LOCAL, 16346 bytes)
[2026-03-30T08:08:14.773+0000] {subprocess.py:106} INFO - 26/03/30 08:08:14 INFO TaskSetManager: Starting task 1.0 in stage 5.0 (TID 5) (172.30.0.8, executor 0, partition 1, PROCESS_LOCAL, 16347 bytes)
[2026-03-30T08:08:14.776+0000] {subprocess.py:106} INFO - 26/03/30 08:08:14 INFO TaskSetManager: Starting task 2.0 in stage 5.0 (TID 6) (172.30.0.8, executor 0, partition 2, PROCESS_LOCAL, 16346 bytes)
[2026-03-30T08:08:14.779+0000] {subprocess.py:106} INFO - 26/03/30 08:08:14 INFO TaskSetManager: Starting task 3.0 in stage 5.0 (TID 7) (172.30.0.8, executor 0, partition 3, PROCESS_LOCAL, 16347 bytes)
[2026-03-30T08:08:14.783+0000] {subprocess.py:106} INFO - 26/03/30 08:08:14 INFO TaskSetManager: Starting task 4.0 in stage 5.0 (TID 8) (172.30.0.8, executor 0, partition 4, PROCESS_LOCAL, 16346 bytes)
[2026-03-30T08:08:14.784+0000] {subprocess.py:106} INFO - 26/03/30 08:08:14 INFO TaskSetManager: Starting task 5.0 in stage 5.0 (TID 9) (172.30.0.8, executor 0, partition 5, PROCESS_LOCAL, 15885 bytes)
[2026-03-30T08:08:15.160+0000] {subprocess.py:106} INFO - 26/03/30 08:08:15 INFO BlockManagerInfo: Added broadcast_8_piece0 in memory on 172.30.0.8:36223 (size: 5.5 KiB, free: 434.4 MiB)
[2026-03-30T08:08:15.223+0000] {subprocess.py:106} INFO - 26/03/30 08:08:15 INFO BlockManagerInfo: Added broadcast_7_piece0 in memory on 172.30.0.8:36223 (size: 30.1 KiB, free: 434.4 MiB)
[2026-03-30T08:08:16.666+0000] {subprocess.py:106} INFO - 26/03/30 08:08:16 INFO TaskSetManager: Finished task 5.0 in stage 5.0 (TID 9) in 1882 ms on 172.30.0.8 (executor 0) (1/6)
[2026-03-30T08:08:16.735+0000] {subprocess.py:106} INFO - 26/03/30 08:08:16 INFO TaskSetManager: Finished task 0.0 in stage 5.0 (TID 4) in 1979 ms on 172.30.0.8 (executor 0) (2/6)
[2026-03-30T08:08:16.741+0000] {subprocess.py:106} INFO - 26/03/30 08:08:16 INFO TaskSetManager: Finished task 3.0 in stage 5.0 (TID 7) in 1963 ms on 172.30.0.8 (executor 0) (3/6)
[2026-03-30T08:08:16.747+0000] {subprocess.py:106} INFO - 26/03/30 08:08:16 INFO TaskSetManager: Finished task 2.0 in stage 5.0 (TID 6) in 1973 ms on 172.30.0.8 (executor 0) (4/6)
[2026-03-30T08:08:16.753+0000] {subprocess.py:106} INFO - 26/03/30 08:08:16 INFO TaskSetManager: Finished task 1.0 in stage 5.0 (TID 5) in 1980 ms on 172.30.0.8 (executor 0) (5/6)
[2026-03-30T08:08:16.785+0000] {subprocess.py:106} INFO - 26/03/30 08:08:16 INFO TaskSetManager: Finished task 4.0 in stage 5.0 (TID 8) in 2006 ms on 172.30.0.8 (executor 0) (6/6)
[2026-03-30T08:08:16.787+0000] {subprocess.py:106} INFO - 26/03/30 08:08:16 INFO TaskSchedulerImpl: Removed TaskSet 5.0, whose tasks have all completed, from pool
[2026-03-30T08:08:16.788+0000] {subprocess.py:106} INFO - 26/03/30 08:08:16 INFO DAGScheduler: ResultStage 5 ($anonfun$withThreadLocalCaptured$1 at FutureTask.java:264) finished in 2.051 s
[2026-03-30T08:08:16.788+0000] {subprocess.py:106} INFO - 26/03/30 08:08:16 INFO DAGScheduler: Job 4 is finished. Cancelling potential speculative or zombie tasks for this job
[2026-03-30T08:08:16.789+0000] {subprocess.py:106} INFO - 26/03/30 08:08:16 INFO TaskSchedulerImpl: Killing all running tasks in stage 5: Stage finished
[2026-03-30T08:08:16.789+0000] {subprocess.py:106} INFO - 26/03/30 08:08:16 INFO DAGScheduler: Job 4 finished: $anonfun$withThreadLocalCaptured$1 at FutureTask.java:264, took 2.057373 s
[2026-03-30T08:08:16.813+0000] {subprocess.py:106} INFO - 26/03/30 08:08:16 INFO BlockManagerInfo: Removed broadcast_8_piece0 on d0f687c55036:46825 in memory (size: 5.5 KiB, free: 434.3 MiB)
[2026-03-30T08:08:16.821+0000] {subprocess.py:106} INFO - 26/03/30 08:08:16 INFO BlockManagerInfo: Removed broadcast_8_piece0 on 172.30.0.8:36223 in memory (size: 5.5 KiB, free: 434.4 MiB)
[2026-03-30T08:08:16.839+0000] {subprocess.py:106} INFO - 26/03/30 08:08:16 INFO CodeGenerator: Code generated in 17.827841 ms
[2026-03-30T08:08:16.926+0000] {subprocess.py:106} INFO - 26/03/30 08:08:16 INFO MemoryStore: Block broadcast_9_piece0 stored as bytes in memory (estimated size 674.9 KiB, free 433.6 MiB)
[2026-03-30T08:08:16.929+0000] {subprocess.py:106} INFO - 26/03/30 08:08:16 INFO BlockManagerInfo: Added broadcast_9_piece0 in memory on d0f687c55036:46825 (size: 674.9 KiB, free: 433.7 MiB)
[2026-03-30T08:08:16.929+0000] {subprocess.py:106} INFO - 26/03/30 08:08:16 INFO SparkContext: Created broadcast 9 from $anonfun$withThreadLocalCaptured$1 at FutureTask.java:264
[2026-03-30T08:08:16.963+0000] {subprocess.py:106} INFO - 26/03/30 08:08:16 INFO FileSourceStrategy: Pushed Filters:
[2026-03-30T08:08:16.964+0000] {subprocess.py:106} INFO - 26/03/30 08:08:16 INFO FileSourceStrategy: Post-Scan Filters:
[2026-03-30T08:08:17.008+0000] {subprocess.py:106} INFO - 26/03/30 08:08:17 INFO CodeGenerator: Code generated in 13.556796 ms
[2026-03-30T08:08:17.012+0000] {subprocess.py:106} INFO - 26/03/30 08:08:17 INFO MemoryStore: Block broadcast_10 stored as values in memory (estimated size 205.1 KiB, free 433.4 MiB)
[2026-03-30T08:08:17.030+0000] {subprocess.py:106} INFO - 26/03/30 08:08:17 INFO MemoryStore: Block broadcast_10_piece0 stored as bytes in memory (estimated size 36.1 KiB, free 433.4 MiB)
[2026-03-30T08:08:17.032+0000] {subprocess.py:106} INFO - 26/03/30 08:08:17 INFO BlockManagerInfo: Added broadcast_10_piece0 in memory on d0f687c55036:46825 (size: 36.1 KiB, free: 433.6 MiB)
[2026-03-30T08:08:17.033+0000] {subprocess.py:106} INFO - 26/03/30 08:08:17 INFO SparkContext: Created broadcast 10 from count at NativeMethodAccessorImpl.java:0
[2026-03-30T08:08:17.036+0000] {subprocess.py:106} INFO - 26/03/30 08:08:17 INFO FileSourceScanExec: Planning scan with bin packing, max size: 4194304 bytes, open cost is considered as scanning 4194304 bytes.
[2026-03-30T08:08:17.046+0000] {subprocess.py:106} INFO - 26/03/30 08:08:17 INFO DAGScheduler: Registering RDD 18 (count at NativeMethodAccessorImpl.java:0) as input to shuffle 1
[2026-03-30T08:08:17.047+0000] {subprocess.py:106} INFO - 26/03/30 08:08:17 INFO DAGScheduler: Got map stage job 5 (count at NativeMethodAccessorImpl.java:0) with 1 output partitions
[2026-03-30T08:08:17.047+0000] {subprocess.py:106} INFO - 26/03/30 08:08:17 INFO DAGScheduler: Final stage: ShuffleMapStage 6 (count at NativeMethodAccessorImpl.java:0)
[2026-03-30T08:08:17.048+0000] {subprocess.py:106} INFO - 26/03/30 08:08:17 INFO DAGScheduler: Parents of final stage: List()
[2026-03-30T08:08:17.049+0000] {subprocess.py:106} INFO - 26/03/30 08:08:17 INFO DAGScheduler: Missing parents: List()
[2026-03-30T08:08:17.052+0000] {subprocess.py:106} INFO - 26/03/30 08:08:17 INFO DAGScheduler: Submitting ShuffleMapStage 6 (MapPartitionsRDD[18] at count at NativeMethodAccessorImpl.java:0), which has no missing parents
[2026-03-30T08:08:17.056+0000] {subprocess.py:106} INFO - 26/03/30 08:08:17 INFO MemoryStore: Block broadcast_11 stored as values in memory (estimated size 20.2 KiB, free 433.4 MiB)
[2026-03-30T08:08:17.059+0000] {subprocess.py:106} INFO - 26/03/30 08:08:17 INFO MemoryStore: Block broadcast_11_piece0 stored as bytes in memory (estimated size 9.8 KiB, free 433.4 MiB)
[2026-03-30T08:08:17.061+0000] {subprocess.py:106} INFO - 26/03/30 08:08:17 INFO BlockManagerInfo: Added broadcast_11_piece0 in memory on d0f687c55036:46825 (size: 9.8 KiB, free: 433.6 MiB)
[2026-03-30T08:08:17.062+0000] {subprocess.py:106} INFO - 26/03/30 08:08:17 INFO SparkContext: Created broadcast 11 from broadcast at DAGScheduler.scala:1585
[2026-03-30T08:08:17.062+0000] {subprocess.py:106} INFO - 26/03/30 08:08:17 INFO DAGScheduler: Submitting 1 missing tasks from ShuffleMapStage 6 (MapPartitionsRDD[18] at count at NativeMethodAccessorImpl.java:0) (first 15 tasks are for partitions Vector(0))
[2026-03-30T08:08:17.063+0000] {subprocess.py:106} INFO - 26/03/30 08:08:17 INFO TaskSchedulerImpl: Adding task set 6.0 with 1 tasks resource profile 0
[2026-03-30T08:08:17.082+0000] {subprocess.py:106} INFO - 26/03/30 08:08:17 INFO TaskSetManager: Starting task 0.0 in stage 6.0 (TID 10) (172.30.0.8, executor 0, partition 0, PROCESS_LOCAL, 10568 bytes)
[2026-03-30T08:08:17.104+0000] {subprocess.py:106} INFO - 26/03/30 08:08:17 INFO BlockManagerInfo: Added broadcast_11_piece0 in memory on 172.30.0.8:36223 (size: 9.8 KiB, free: 434.4 MiB)
[2026-03-30T08:08:17.161+0000] {subprocess.py:106} INFO - 26/03/30 08:08:17 INFO BlockManagerInfo: Added broadcast_9_piece0 in memory on 172.30.0.8:36223 (size: 674.9 KiB, free: 433.7 MiB)
[2026-03-30T08:08:17.309+0000] {subprocess.py:106} INFO - 26/03/30 08:08:17 INFO BlockManagerInfo: Added broadcast_10_piece0 in memory on 172.30.0.8:36223 (size: 36.1 KiB, free: 433.7 MiB)
[2026-03-30T08:08:17.440+0000] {subprocess.py:106} INFO - 26/03/30 08:08:17 INFO TaskSetManager: Finished task 0.0 in stage 6.0 (TID 10) in 358 ms on 172.30.0.8 (executor 0) (1/1)
[2026-03-30T08:08:17.442+0000] {subprocess.py:106} INFO - 26/03/30 08:08:17 INFO TaskSchedulerImpl: Removed TaskSet 6.0, whose tasks have all completed, from pool
[2026-03-30T08:08:17.443+0000] {subprocess.py:106} INFO - 26/03/30 08:08:17 INFO DAGScheduler: ShuffleMapStage 6 (count at NativeMethodAccessorImpl.java:0) finished in 0.388 s
[2026-03-30T08:08:17.444+0000] {subprocess.py:106} INFO - 26/03/30 08:08:17 INFO DAGScheduler: looking for newly runnable stages
[2026-03-30T08:08:17.444+0000] {subprocess.py:106} INFO - 26/03/30 08:08:17 INFO DAGScheduler: running: Set()
[2026-03-30T08:08:17.445+0000] {subprocess.py:106} INFO - 26/03/30 08:08:17 INFO DAGScheduler: waiting: Set()
[2026-03-30T08:08:17.445+0000] {subprocess.py:106} INFO - 26/03/30 08:08:17 INFO DAGScheduler: failed: Set()
[2026-03-30T08:08:17.481+0000] {subprocess.py:106} INFO - 26/03/30 08:08:17 INFO CodeGenerator: Code generated in 14.72376 ms
[2026-03-30T08:08:17.504+0000] {subprocess.py:106} INFO - 26/03/30 08:08:17 INFO SparkContext: Starting job: count at NativeMethodAccessorImpl.java:0
[2026-03-30T08:08:17.505+0000] {subprocess.py:106} INFO - 26/03/30 08:08:17 INFO DAGScheduler: Got job 6 (count at NativeMethodAccessorImpl.java:0) with 1 output partitions
[2026-03-30T08:08:17.508+0000] {subprocess.py:106} INFO - 26/03/30 08:08:17 INFO DAGScheduler: Final stage: ResultStage 8 (count at NativeMethodAccessorImpl.java:0)
[2026-03-30T08:08:17.509+0000] {subprocess.py:106} INFO - 26/03/30 08:08:17 INFO DAGScheduler: Parents of final stage: List(ShuffleMapStage 7)
[2026-03-30T08:08:17.510+0000] {subprocess.py:106} INFO - 26/03/30 08:08:17 INFO DAGScheduler: Missing parents: List()
[2026-03-30T08:08:17.511+0000] {subprocess.py:106} INFO - 26/03/30 08:08:17 INFO DAGScheduler: Submitting ResultStage 8 (MapPartitionsRDD[21] at count at NativeMethodAccessorImpl.java:0), which has no missing parents
[2026-03-30T08:08:17.511+0000] {subprocess.py:106} INFO - 26/03/30 08:08:17 INFO MemoryStore: Block broadcast_12 stored as values in memory (estimated size 12.5 KiB, free 433.3 MiB)
[2026-03-30T08:08:17.524+0000] {subprocess.py:106} INFO - 26/03/30 08:08:17 INFO MemoryStore: Block broadcast_12_piece0 stored as bytes in memory (estimated size 5.9 KiB, free 433.3 MiB)
[2026-03-30T08:08:17.526+0000] {subprocess.py:106} INFO - 26/03/30 08:08:17 INFO BlockManagerInfo: Added broadcast_12_piece0 in memory on d0f687c55036:46825 (size: 5.9 KiB, free: 433.6 MiB)
[2026-03-30T08:08:17.527+0000] {subprocess.py:106} INFO - 26/03/30 08:08:17 INFO BlockManagerInfo: Removed broadcast_11_piece0 on d0f687c55036:46825 in memory (size: 9.8 KiB, free: 433.6 MiB)
[2026-03-30T08:08:17.529+0000] {subprocess.py:106} INFO - 26/03/30 08:08:17 INFO SparkContext: Created broadcast 12 from broadcast at DAGScheduler.scala:1585
[2026-03-30T08:08:17.529+0000] {subprocess.py:106} INFO - 26/03/30 08:08:17 INFO DAGScheduler: Submitting 1 missing tasks from ResultStage 8 (MapPartitionsRDD[21] at count at NativeMethodAccessorImpl.java:0) (first 15 tasks are for partitions Vector(0))
[2026-03-30T08:08:17.530+0000] {subprocess.py:106} INFO - 26/03/30 08:08:17 INFO TaskSchedulerImpl: Adding task set 8.0 with 1 tasks resource profile 0
[2026-03-30T08:08:17.533+0000] {subprocess.py:106} INFO - 26/03/30 08:08:17 INFO TaskSetManager: Starting task 0.0 in stage 8.0 (TID 11) (172.30.0.8, executor 0, partition 0, NODE_LOCAL, 9976 bytes)
[2026-03-30T08:08:17.536+0000] {subprocess.py:106} INFO - 26/03/30 08:08:17 INFO BlockManagerInfo: Removed broadcast_11_piece0 on 172.30.0.8:36223 in memory (size: 9.8 KiB, free: 433.7 MiB)
[2026-03-30T08:08:17.555+0000] {subprocess.py:106} INFO - 26/03/30 08:08:17 INFO BlockManagerInfo: Added broadcast_12_piece0 in memory on 172.30.0.8:36223 (size: 5.9 KiB, free: 433.7 MiB)
[2026-03-30T08:08:17.572+0000] {subprocess.py:106} INFO - 26/03/30 08:08:17 INFO MapOutputTrackerMasterEndpoint: Asked to send map output locations for shuffle 1 to 172.30.0.8:54558
[2026-03-30T08:08:17.604+0000] {subprocess.py:106} INFO - 26/03/30 08:08:17 INFO TaskSetManager: Finished task 0.0 in stage 8.0 (TID 11) in 70 ms on 172.30.0.8 (executor 0) (1/1)
[2026-03-30T08:08:17.605+0000] {subprocess.py:106} INFO - 26/03/30 08:08:17 INFO TaskSchedulerImpl: Removed TaskSet 8.0, whose tasks have all completed, from pool
[2026-03-30T08:08:17.606+0000] {subprocess.py:106} INFO - 26/03/30 08:08:17 INFO DAGScheduler: ResultStage 8 (count at NativeMethodAccessorImpl.java:0) finished in 0.093 s
[2026-03-30T08:08:17.607+0000] {subprocess.py:106} INFO - 26/03/30 08:08:17 INFO DAGScheduler: Job 6 is finished. Cancelling potential speculative or zombie tasks for this job
[2026-03-30T08:08:17.610+0000] {subprocess.py:106} INFO - 26/03/30 08:08:17 INFO TaskSchedulerImpl: Killing all running tasks in stage 8: Stage finished
[2026-03-30T08:08:17.613+0000] {subprocess.py:106} INFO - 26/03/30 08:08:17 INFO DAGScheduler: Job 6 finished: count at NativeMethodAccessorImpl.java:0, took 0.098762 s
[2026-03-30T08:08:17.615+0000] {subprocess.py:106} INFO -  New records to append: 1113
[2026-03-30T08:08:17.693+0000] {subprocess.py:106} INFO - 26/03/30 08:08:17 INFO V2ScanRelationPushDown:
[2026-03-30T08:08:17.694+0000] {subprocess.py:106} INFO - Pushing operators to iceberg.bronze.it_jobs_raw
[2026-03-30T08:08:17.698+0000] {subprocess.py:106} INFO - Pushed Filters: job_link IS NOT NULL
[2026-03-30T08:08:17.699+0000] {subprocess.py:106} INFO - Post-Scan Filters: isnotnull(job_link#79)
[2026-03-30T08:08:17.702+0000] {subprocess.py:106} INFO - 
[2026-03-30T08:08:17.703+0000] {subprocess.py:106} INFO - 26/03/30 08:08:17 INFO V2ScanRelationPushDown:
[2026-03-30T08:08:17.704+0000] {subprocess.py:106} INFO - Output: job_link#79
[2026-03-30T08:08:17.704+0000] {subprocess.py:106} INFO - 
[2026-03-30T08:08:17.704+0000] {subprocess.py:106} INFO - 26/03/30 08:08:17 INFO SnapshotScan: Scanning table iceberg.bronze.it_jobs_raw snapshot 3394260562777236689 created at 2026-03-28T12:06:57.672+00:00 with filter job_link IS NOT NULL
[2026-03-30T08:08:17.705+0000] {subprocess.py:106} INFO - 26/03/30 08:08:17 INFO BaseDistributedDataScan: Planning file tasks locally for table iceberg.bronze.it_jobs_raw
[2026-03-30T08:08:17.842+0000] {subprocess.py:106} INFO - 26/03/30 08:08:17 INFO BlockManagerInfo: Removed broadcast_12_piece0 on d0f687c55036:46825 in memory (size: 5.9 KiB, free: 433.6 MiB)
[2026-03-30T08:08:17.843+0000] {subprocess.py:106} INFO - 26/03/30 08:08:17 INFO BlockManagerInfo: Removed broadcast_12_piece0 on 172.30.0.8:36223 in memory (size: 5.9 KiB, free: 433.7 MiB)
[2026-03-30T08:08:17.854+0000] {subprocess.py:106} INFO - 26/03/30 08:08:17 INFO SparkPartitioningAwareScan: Reporting UnknownPartitioning with 6 partition(s) for table iceberg.bronze.it_jobs_raw
[2026-03-30T08:08:17.881+0000] {subprocess.py:106} INFO - 26/03/30 08:08:17 INFO SparkWrite: Requesting 0 bytes advisory partition size for table iceberg.bronze.it_jobs_raw
[2026-03-30T08:08:17.882+0000] {subprocess.py:106} INFO - 26/03/30 08:08:17 INFO SparkWrite: Requesting UnspecifiedDistribution as write distribution for table iceberg.bronze.it_jobs_raw
[2026-03-30T08:08:17.883+0000] {subprocess.py:106} INFO - 26/03/30 08:08:17 INFO SparkWrite: Requesting [] as write ordering for table iceberg.bronze.it_jobs_raw
[2026-03-30T08:08:17.901+0000] {subprocess.py:106} INFO - 26/03/30 08:08:17 INFO FileSourceStrategy: Pushed Filters:
[2026-03-30T08:08:17.902+0000] {subprocess.py:106} INFO - 26/03/30 08:08:17 INFO FileSourceStrategy: Post-Scan Filters:
[2026-03-30T08:08:17.904+0000] {subprocess.py:106} INFO - 26/03/30 08:08:17 INFO MemoryStore: Block broadcast_13 stored as values in memory (estimated size 32.0 KiB, free 433.4 MiB)
[2026-03-30T08:08:17.913+0000] {subprocess.py:106} INFO - 26/03/30 08:08:17 INFO MemoryStore: Block broadcast_13_piece0 stored as bytes in memory (estimated size 30.1 KiB, free 433.3 MiB)
[2026-03-30T08:08:17.918+0000] {subprocess.py:106} INFO - 26/03/30 08:08:17 INFO BlockManagerInfo: Added broadcast_13_piece0 in memory on d0f687c55036:46825 (size: 30.1 KiB, free: 433.6 MiB)
[2026-03-30T08:08:17.923+0000] {subprocess.py:106} INFO - 26/03/30 08:08:17 INFO SparkContext: Created broadcast 13 from broadcast at SparkBatch.java:79
[2026-03-30T08:08:17.923+0000] {subprocess.py:106} INFO - 26/03/30 08:08:17 INFO MemoryStore: Block broadcast_14 stored as values in memory (estimated size 32.0 KiB, free 433.3 MiB)
[2026-03-30T08:08:17.928+0000] {subprocess.py:106} INFO - 26/03/30 08:08:17 INFO MemoryStore: Block broadcast_14_piece0 stored as bytes in memory (estimated size 30.1 KiB, free 433.3 MiB)
[2026-03-30T08:08:17.930+0000] {subprocess.py:106} INFO - 26/03/30 08:08:17 INFO BlockManagerInfo: Added broadcast_14_piece0 in memory on d0f687c55036:46825 (size: 30.1 KiB, free: 433.6 MiB)
[2026-03-30T08:08:17.931+0000] {subprocess.py:106} INFO - 26/03/30 08:08:17 INFO SparkContext: Created broadcast 14 from broadcast at SparkBatch.java:79
[2026-03-30T08:08:17.987+0000] {subprocess.py:106} INFO - 26/03/30 08:08:17 INFO SparkContext: Starting job: $anonfun$withThreadLocalCaptured$1 at FutureTask.java:264
[2026-03-30T08:08:17.989+0000] {subprocess.py:106} INFO - 26/03/30 08:08:17 INFO DAGScheduler: Got job 7 ($anonfun$withThreadLocalCaptured$1 at FutureTask.java:264) with 6 output partitions
[2026-03-30T08:08:17.989+0000] {subprocess.py:106} INFO - 26/03/30 08:08:17 INFO DAGScheduler: Final stage: ResultStage 9 ($anonfun$withThreadLocalCaptured$1 at FutureTask.java:264)
[2026-03-30T08:08:17.990+0000] {subprocess.py:106} INFO - 26/03/30 08:08:17 INFO DAGScheduler: Parents of final stage: List()
[2026-03-30T08:08:17.991+0000] {subprocess.py:106} INFO - 26/03/30 08:08:17 INFO DAGScheduler: Missing parents: List()
[2026-03-30T08:08:17.992+0000] {subprocess.py:106} INFO - 26/03/30 08:08:17 INFO DAGScheduler: Submitting ResultStage 9 (MapPartitionsRDD[25] at $anonfun$withThreadLocalCaptured$1 at FutureTask.java:264), which has no missing parents
[2026-03-30T08:08:17.994+0000] {subprocess.py:106} INFO - 26/03/30 08:08:17 INFO MemoryStore: Block broadcast_15 stored as values in memory (estimated size 13.7 KiB, free 433.2 MiB)
[2026-03-30T08:08:18.007+0000] {subprocess.py:106} INFO - 26/03/30 08:08:18 INFO MemoryStore: Block broadcast_15_piece0 stored as bytes in memory (estimated size 5.5 KiB, free 433.2 MiB)
[2026-03-30T08:08:18.008+0000] {subprocess.py:106} INFO - 26/03/30 08:08:18 INFO BlockManagerInfo: Added broadcast_15_piece0 in memory on d0f687c55036:46825 (size: 5.5 KiB, free: 433.6 MiB)
[2026-03-30T08:08:18.009+0000] {subprocess.py:106} INFO - 26/03/30 08:08:18 INFO SparkContext: Created broadcast 15 from broadcast at DAGScheduler.scala:1585
[2026-03-30T08:08:18.009+0000] {subprocess.py:106} INFO - 26/03/30 08:08:18 INFO DAGScheduler: Submitting 6 missing tasks from ResultStage 9 (MapPartitionsRDD[25] at $anonfun$withThreadLocalCaptured$1 at FutureTask.java:264) (first 15 tasks are for partitions Vector(0, 1, 2, 3, 4, 5))
[2026-03-30T08:08:18.010+0000] {subprocess.py:106} INFO - 26/03/30 08:08:18 INFO TaskSchedulerImpl: Adding task set 9.0 with 6 tasks resource profile 0
[2026-03-30T08:08:18.011+0000] {subprocess.py:106} INFO - 26/03/30 08:08:18 INFO TaskSetManager: Starting task 0.0 in stage 9.0 (TID 12) (172.30.0.8, executor 0, partition 0, PROCESS_LOCAL, 16346 bytes)
[2026-03-30T08:08:18.014+0000] {subprocess.py:106} INFO - 26/03/30 08:08:18 INFO TaskSetManager: Starting task 1.0 in stage 9.0 (TID 13) (172.30.0.8, executor 0, partition 1, PROCESS_LOCAL, 16347 bytes)
[2026-03-30T08:08:18.016+0000] {subprocess.py:106} INFO - 26/03/30 08:08:18 INFO TaskSetManager: Starting task 2.0 in stage 9.0 (TID 14) (172.30.0.8, executor 0, partition 2, PROCESS_LOCAL, 16347 bytes)
[2026-03-30T08:08:18.020+0000] {subprocess.py:106} INFO - 26/03/30 08:08:18 INFO TaskSetManager: Starting task 3.0 in stage 9.0 (TID 15) (172.30.0.8, executor 0, partition 3, PROCESS_LOCAL, 16346 bytes)
[2026-03-30T08:08:18.023+0000] {subprocess.py:106} INFO - 26/03/30 08:08:18 INFO TaskSetManager: Starting task 4.0 in stage 9.0 (TID 16) (172.30.0.8, executor 0, partition 4, PROCESS_LOCAL, 16345 bytes)
[2026-03-30T08:08:18.025+0000] {subprocess.py:106} INFO - 26/03/30 08:08:18 INFO TaskSetManager: Starting task 5.0 in stage 9.0 (TID 17) (172.30.0.8, executor 0, partition 5, PROCESS_LOCAL, 15886 bytes)
[2026-03-30T08:08:18.050+0000] {subprocess.py:106} INFO - 26/03/30 08:08:18 INFO BlockManagerInfo: Added broadcast_15_piece0 in memory on 172.30.0.8:36223 (size: 5.5 KiB, free: 433.7 MiB)
[2026-03-30T08:08:18.079+0000] {subprocess.py:106} INFO - 26/03/30 08:08:18 INFO BlockManagerInfo: Added broadcast_14_piece0 in memory on 172.30.0.8:36223 (size: 30.1 KiB, free: 433.6 MiB)
[2026-03-30T08:08:18.324+0000] {subprocess.py:106} INFO - 26/03/30 08:08:18 INFO TaskSetManager: Finished task 5.0 in stage 9.0 (TID 17) in 300 ms on 172.30.0.8 (executor 0) (1/6)
[2026-03-30T08:08:18.405+0000] {subprocess.py:106} INFO - 26/03/30 08:08:18 INFO TaskSetManager: Finished task 2.0 in stage 9.0 (TID 14) in 387 ms on 172.30.0.8 (executor 0) (2/6)
[2026-03-30T08:08:18.407+0000] {subprocess.py:106} INFO - 26/03/30 08:08:18 INFO TaskSetManager: Finished task 3.0 in stage 9.0 (TID 15) in 389 ms on 172.30.0.8 (executor 0) (3/6)
[2026-03-30T08:08:18.423+0000] {subprocess.py:106} INFO - 26/03/30 08:08:18 INFO TaskSetManager: Finished task 0.0 in stage 9.0 (TID 12) in 415 ms on 172.30.0.8 (executor 0) (4/6)
[2026-03-30T08:08:18.424+0000] {subprocess.py:106} INFO - 26/03/30 08:08:18 INFO TaskSetManager: Finished task 1.0 in stage 9.0 (TID 13) in 412 ms on 172.30.0.8 (executor 0) (5/6)
[2026-03-30T08:08:18.469+0000] {subprocess.py:106} INFO - 26/03/30 08:08:18 INFO TaskSetManager: Finished task 4.0 in stage 9.0 (TID 16) in 449 ms on 172.30.0.8 (executor 0) (6/6)
[2026-03-30T08:08:18.469+0000] {subprocess.py:106} INFO - 26/03/30 08:08:18 INFO TaskSchedulerImpl: Removed TaskSet 9.0, whose tasks have all completed, from pool
[2026-03-30T08:08:18.474+0000] {subprocess.py:106} INFO - 26/03/30 08:08:18 INFO DAGScheduler: ResultStage 9 ($anonfun$withThreadLocalCaptured$1 at FutureTask.java:264) finished in 0.477 s
[2026-03-30T08:08:18.477+0000] {subprocess.py:106} INFO - 26/03/30 08:08:18 INFO DAGScheduler: Job 7 is finished. Cancelling potential speculative or zombie tasks for this job
[2026-03-30T08:08:18.478+0000] {subprocess.py:106} INFO - 26/03/30 08:08:18 INFO TaskSchedulerImpl: Killing all running tasks in stage 9: Stage finished
[2026-03-30T08:08:18.479+0000] {subprocess.py:106} INFO - 26/03/30 08:08:18 INFO DAGScheduler: Job 7 finished: $anonfun$withThreadLocalCaptured$1 at FutureTask.java:264, took 0.482419 s
[2026-03-30T08:08:18.498+0000] {subprocess.py:106} INFO - 26/03/30 08:08:18 INFO BlockManagerInfo: Removed broadcast_15_piece0 on d0f687c55036:46825 in memory (size: 5.5 KiB, free: 433.6 MiB)
[2026-03-30T08:08:18.513+0000] {subprocess.py:106} INFO - 26/03/30 08:08:18 INFO BlockManagerInfo: Removed broadcast_15_piece0 on 172.30.0.8:36223 in memory (size: 5.5 KiB, free: 433.6 MiB)
[2026-03-30T08:08:18.524+0000] {subprocess.py:106} INFO - 26/03/30 08:08:18 INFO MemoryStore: Block broadcast_16_piece0 stored as bytes in memory (estimated size 675.7 KiB, free 432.6 MiB)
[2026-03-30T08:08:18.527+0000] {subprocess.py:106} INFO - 26/03/30 08:08:18 INFO BlockManagerInfo: Added broadcast_16_piece0 in memory on d0f687c55036:46825 (size: 675.7 KiB, free: 432.9 MiB)
[2026-03-30T08:08:18.528+0000] {subprocess.py:106} INFO - 26/03/30 08:08:18 INFO SparkContext: Created broadcast 16 from $anonfun$withThreadLocalCaptured$1 at FutureTask.java:264
[2026-03-30T08:08:18.548+0000] {subprocess.py:106} INFO - 26/03/30 08:08:18 INFO FileSourceStrategy: Pushed Filters:
[2026-03-30T08:08:18.551+0000] {subprocess.py:106} INFO - 26/03/30 08:08:18 INFO FileSourceStrategy: Post-Scan Filters:
[2026-03-30T08:08:18.596+0000] {subprocess.py:106} INFO - 26/03/30 08:08:18 INFO CodeGenerator: Code generated in 25.803665 ms
[2026-03-30T08:08:18.601+0000] {subprocess.py:106} INFO - 26/03/30 08:08:18 INFO MemoryStore: Block broadcast_17 stored as values in memory (estimated size 205.1 KiB, free 432.4 MiB)
[2026-03-30T08:08:18.623+0000] {subprocess.py:106} INFO - 26/03/30 08:08:18 INFO MemoryStore: Block broadcast_17_piece0 stored as bytes in memory (estimated size 36.1 KiB, free 432.4 MiB)
[2026-03-30T08:08:18.625+0000] {subprocess.py:106} INFO - 26/03/30 08:08:18 INFO BlockManagerInfo: Added broadcast_17_piece0 in memory on d0f687c55036:46825 (size: 36.1 KiB, free: 432.9 MiB)
[2026-03-30T08:08:18.625+0000] {subprocess.py:106} INFO - 26/03/30 08:08:18 INFO SparkContext: Created broadcast 17 from append at NativeMethodAccessorImpl.java:0
[2026-03-30T08:08:18.626+0000] {subprocess.py:106} INFO - 26/03/30 08:08:18 INFO FileSourceScanExec: Planning scan with bin packing, max size: 4194304 bytes, open cost is considered as scanning 4194304 bytes.
[2026-03-30T08:08:18.638+0000] {subprocess.py:106} INFO - 26/03/30 08:08:18 INFO MemoryStore: Block broadcast_18 stored as values in memory (estimated size 32.0 KiB, free 432.3 MiB)
[2026-03-30T08:08:18.641+0000] {subprocess.py:106} INFO - 26/03/30 08:08:18 INFO MemoryStore: Block broadcast_18_piece0 stored as bytes in memory (estimated size 30.1 KiB, free 432.3 MiB)
[2026-03-30T08:08:18.646+0000] {subprocess.py:106} INFO - 26/03/30 08:08:18 INFO BlockManagerInfo: Added broadcast_18_piece0 in memory on d0f687c55036:46825 (size: 30.1 KiB, free: 432.9 MiB)
[2026-03-30T08:08:18.647+0000] {subprocess.py:106} INFO - 26/03/30 08:08:18 INFO SparkContext: Created broadcast 18 from broadcast at SparkWrite.java:193
[2026-03-30T08:08:18.647+0000] {subprocess.py:106} INFO - 26/03/30 08:08:18 INFO AppendDataExec: Start processing data source write support: IcebergBatchWrite(table=iceberg.bronze.it_jobs_raw, format=PARQUET). The input RDD has 1 partitions.
[2026-03-30T08:08:18.663+0000] {subprocess.py:106} INFO - 26/03/30 08:08:18 INFO SparkContext: Starting job: append at NativeMethodAccessorImpl.java:0
[2026-03-30T08:08:18.665+0000] {subprocess.py:106} INFO - 26/03/30 08:08:18 INFO DAGScheduler: Got job 8 (append at NativeMethodAccessorImpl.java:0) with 1 output partitions
[2026-03-30T08:08:18.665+0000] {subprocess.py:106} INFO - 26/03/30 08:08:18 INFO DAGScheduler: Final stage: ResultStage 10 (append at NativeMethodAccessorImpl.java:0)
[2026-03-30T08:08:18.666+0000] {subprocess.py:106} INFO - 26/03/30 08:08:18 INFO DAGScheduler: Parents of final stage: List()
[2026-03-30T08:08:18.667+0000] {subprocess.py:106} INFO - 26/03/30 08:08:18 INFO DAGScheduler: Missing parents: List()
[2026-03-30T08:08:18.669+0000] {subprocess.py:106} INFO - 26/03/30 08:08:18 INFO DAGScheduler: Submitting ResultStage 10 (MapPartitionsRDD[28] at append at NativeMethodAccessorImpl.java:0), which has no missing parents
[2026-03-30T08:08:18.673+0000] {subprocess.py:106} INFO - 26/03/30 08:08:18 INFO MemoryStore: Block broadcast_19 stored as values in memory (estimated size 22.8 KiB, free 432.3 MiB)
[2026-03-30T08:08:18.674+0000] {subprocess.py:106} INFO - 26/03/30 08:08:18 INFO MemoryStore: Block broadcast_19_piece0 stored as bytes in memory (estimated size 10.2 KiB, free 432.3 MiB)
[2026-03-30T08:08:18.679+0000] {subprocess.py:106} INFO - 26/03/30 08:08:18 INFO BlockManagerInfo: Added broadcast_19_piece0 in memory on d0f687c55036:46825 (size: 10.2 KiB, free: 432.9 MiB)
[2026-03-30T08:08:18.681+0000] {subprocess.py:106} INFO - 26/03/30 08:08:18 INFO SparkContext: Created broadcast 19 from broadcast at DAGScheduler.scala:1585
[2026-03-30T08:08:18.682+0000] {subprocess.py:106} INFO - 26/03/30 08:08:18 INFO DAGScheduler: Submitting 1 missing tasks from ResultStage 10 (MapPartitionsRDD[28] at append at NativeMethodAccessorImpl.java:0) (first 15 tasks are for partitions Vector(0))
[2026-03-30T08:08:18.683+0000] {subprocess.py:106} INFO - 26/03/30 08:08:18 INFO TaskSchedulerImpl: Adding task set 10.0 with 1 tasks resource profile 0
[2026-03-30T08:08:18.684+0000] {subprocess.py:106} INFO - 26/03/30 08:08:18 INFO TaskSetManager: Starting task 0.0 in stage 10.0 (TID 18) (172.30.0.8, executor 0, partition 0, PROCESS_LOCAL, 10579 bytes)
[2026-03-30T08:08:18.699+0000] {subprocess.py:106} INFO - 26/03/30 08:08:18 INFO BlockManagerInfo: Added broadcast_19_piece0 in memory on 172.30.0.8:36223 (size: 10.2 KiB, free: 433.6 MiB)
[2026-03-30T08:08:18.754+0000] {subprocess.py:106} INFO - 26/03/30 08:08:18 INFO BlockManagerInfo: Added broadcast_16_piece0 in memory on 172.30.0.8:36223 (size: 675.7 KiB, free: 433.0 MiB)
[2026-03-30T08:08:18.786+0000] {subprocess.py:106} INFO - 26/03/30 08:08:18 INFO BlockManagerInfo: Added broadcast_18_piece0 in memory on 172.30.0.8:36223 (size: 30.1 KiB, free: 432.9 MiB)
[2026-03-30T08:08:19.084+0000] {subprocess.py:106} INFO - 26/03/30 08:08:19 INFO BlockManagerInfo: Added broadcast_17_piece0 in memory on 172.30.0.8:36223 (size: 36.1 KiB, free: 432.9 MiB)
[2026-03-30T08:08:20.051+0000] {subprocess.py:106} INFO - 26/03/30 08:08:20 INFO TaskSetManager: Finished task 0.0 in stage 10.0 (TID 18) in 1367 ms on 172.30.0.8 (executor 0) (1/1)
[2026-03-30T08:08:20.053+0000] {subprocess.py:106} INFO - 26/03/30 08:08:20 INFO TaskSchedulerImpl: Removed TaskSet 10.0, whose tasks have all completed, from pool
[2026-03-30T08:08:20.054+0000] {subprocess.py:106} INFO - 26/03/30 08:08:20 INFO DAGScheduler: ResultStage 10 (append at NativeMethodAccessorImpl.java:0) finished in 1.382 s
[2026-03-30T08:08:20.055+0000] {subprocess.py:106} INFO - 26/03/30 08:08:20 INFO DAGScheduler: Job 8 is finished. Cancelling potential speculative or zombie tasks for this job
[2026-03-30T08:08:20.056+0000] {subprocess.py:106} INFO - 26/03/30 08:08:20 INFO TaskSchedulerImpl: Killing all running tasks in stage 10: Stage finished
[2026-03-30T08:08:20.056+0000] {subprocess.py:106} INFO - 26/03/30 08:08:20 INFO DAGScheduler: Job 8 finished: append at NativeMethodAccessorImpl.java:0, took 1.391442 s
[2026-03-30T08:08:20.057+0000] {subprocess.py:106} INFO - 26/03/30 08:08:20 INFO AppendDataExec: Data source write support IcebergBatchWrite(table=iceberg.bronze.it_jobs_raw, format=PARQUET) is committing.
[2026-03-30T08:08:20.082+0000] {subprocess.py:106} INFO - 26/03/30 08:08:20 INFO SparkWrite: Committing append with 1 new data files to table iceberg.bronze.it_jobs_raw
[2026-03-30T08:08:20.282+0000] {subprocess.py:106} INFO - 26/03/30 08:08:20 INFO BlockManagerInfo: Removed broadcast_19_piece0 on d0f687c55036:46825 in memory (size: 10.2 KiB, free: 432.9 MiB)
[2026-03-30T08:08:20.284+0000] {subprocess.py:106} INFO - 26/03/30 08:08:20 INFO BlockManagerInfo: Removed broadcast_19_piece0 on 172.30.0.8:36223 in memory (size: 10.2 KiB, free: 432.9 MiB)
[2026-03-30T08:08:24.991+0000] {subprocess.py:106} INFO - 26/03/30 08:08:24 INFO HiveTableOperations: Committed to table iceberg.bronze.it_jobs_raw with the new metadata location s3a://warehouse/iceberg_data/bronze.db/it_jobs_raw/metadata/00023-78890187-7307-49e5-82cf-742e2720280f.metadata.json
[2026-03-30T08:08:24.992+0000] {subprocess.py:106} INFO - 26/03/30 08:08:24 INFO BaseMetastoreTableOperations: Successfully committed to table iceberg.bronze.it_jobs_raw in 4553 ms
[2026-03-30T08:08:24.993+0000] {subprocess.py:106} INFO - 26/03/30 08:08:24 INFO SnapshotProducer: Committed snapshot 4754332444769296934 (MergeAppend)
[2026-03-30T08:08:25.021+0000] {subprocess.py:106} INFO - 26/03/30 08:08:25 INFO BaseMetastoreTableOperations: Refreshing table metadata from new version: s3a://warehouse/iceberg_data/bronze.db/it_jobs_raw/metadata/00023-78890187-7307-49e5-82cf-742e2720280f.metadata.json
[2026-03-30T08:08:25.136+0000] {subprocess.py:106} INFO - 26/03/30 08:08:25 INFO LoggingMetricsReporter: Received metrics report: CommitReport{tableName=iceberg.bronze.it_jobs_raw, snapshotId=4754332444769296934, sequenceNumber=24, operation=append, commitMetrics=CommitMetricsResult{totalDuration=TimerResult{timeUnit=NANOSECONDS, totalDuration=PT2.881973569S, count=1}, attempts=CounterResult{unit=COUNT, value=1}, addedDataFiles=CounterResult{unit=COUNT, value=1}, removedDataFiles=null, totalDataFiles=CounterResult{unit=COUNT, value=24}, addedDeleteFiles=null, addedEqualityDeleteFiles=null, addedPositionalDeleteFiles=null, removedDeleteFiles=null, removedEqualityDeleteFiles=null, removedPositionalDeleteFiles=null, totalDeleteFiles=CounterResult{unit=COUNT, value=0}, addedRecords=CounterResult{unit=COUNT, value=1113}, removedRecords=null, totalRecords=CounterResult{unit=COUNT, value=12600}, addedFilesSizeInBytes=CounterResult{unit=BYTES, value=35810}, removedFilesSizeInBytes=null, totalFilesSizeInBytes=CounterResult{unit=BYTES, value=654822}, addedPositionalDeletes=null, removedPositionalDeletes=null, totalPositionalDeletes=CounterResult{unit=COUNT, value=0}, addedEqualityDeletes=null, removedEqualityDeletes=null, totalEqualityDeletes=CounterResult{unit=COUNT, value=0}}, metadata={engine-version=3.5.3, app-id=app-20260330080759-0000, engine-name=spark, iceberg-version=Apache Iceberg 1.6.1 (commit 8e9d59d299be42b0bca9461457cd1e95dbaad086)}}
[2026-03-30T08:08:25.138+0000] {subprocess.py:106} INFO - 26/03/30 08:08:25 INFO SparkWrite: Committed in 5053 ms
[2026-03-30T08:08:25.141+0000] {subprocess.py:106} INFO - 26/03/30 08:08:25 INFO AppendDataExec: Data source write support IcebergBatchWrite(table=iceberg.bronze.it_jobs_raw, format=PARQUET) committed.
[2026-03-30T08:08:25.149+0000] {subprocess.py:106} INFO - Append success.
[2026-03-30T08:08:25.150+0000] {subprocess.py:106} INFO - Process finished. Data available at: iceberg.bronze.it_jobs_raw
[2026-03-30T08:08:25.151+0000] {subprocess.py:106} INFO - 26/03/30 08:08:25 INFO SparkContext: SparkContext is stopping with exitCode 0.
[2026-03-30T08:08:25.164+0000] {subprocess.py:106} INFO - 26/03/30 08:08:25 INFO SparkUI: Stopped Spark web UI at http://d0f687c55036:4040
[2026-03-30T08:08:25.175+0000] {subprocess.py:106} INFO - 26/03/30 08:08:25 INFO StandaloneSchedulerBackend: Shutting down all executors
[2026-03-30T08:08:25.178+0000] {subprocess.py:106} INFO - 26/03/30 08:08:25 INFO StandaloneSchedulerBackend$StandaloneDriverEndpoint: Asking each executor to shut down
[2026-03-30T08:08:25.209+0000] {subprocess.py:106} INFO - 26/03/30 08:08:25 INFO MapOutputTrackerMasterEndpoint: MapOutputTrackerMasterEndpoint stopped!
[2026-03-30T08:08:25.287+0000] {subprocess.py:106} INFO - 26/03/30 08:08:25 INFO MemoryStore: MemoryStore cleared
[2026-03-30T08:08:25.289+0000] {subprocess.py:106} INFO - 26/03/30 08:08:25 INFO BlockManager: BlockManager stopped
[2026-03-30T08:08:25.290+0000] {subprocess.py:106} INFO - 26/03/30 08:08:25 INFO BlockManagerMaster: BlockManagerMaster stopped
[2026-03-30T08:08:25.326+0000] {subprocess.py:106} INFO - 26/03/30 08:08:25 INFO OutputCommitCoordinator$OutputCommitCoordinatorEndpoint: OutputCommitCoordinator stopped!
[2026-03-30T08:08:25.435+0000] {subprocess.py:106} INFO - 26/03/30 08:08:25 INFO SparkContext: Successfully stopped SparkContext
[2026-03-30T08:08:25.579+0000] {subprocess.py:106} INFO - 26/03/30 08:08:25 INFO ShutdownHookManager: Shutdown hook called
[2026-03-30T08:08:25.593+0000] {subprocess.py:106} INFO - 26/03/30 08:08:25 INFO ShutdownHookManager: Deleting directory /tmp/spark-f64dc293-f198-4bbe-ae19-ff0f5056cbd7/pyspark-04a15490-a493-4a17-bc9f-386f011f935f
[2026-03-30T08:08:25.597+0000] {subprocess.py:106} INFO - 26/03/30 08:08:25 INFO ShutdownHookManager: Deleting directory /tmp/spark-be344262-5e4a-4589-ad5a-ad5502d7a4fd
[2026-03-30T08:08:25.608+0000] {subprocess.py:106} INFO - 26/03/30 08:08:25 INFO ShutdownHookManager: Deleting directory /tmp/spark-f64dc293-f198-4bbe-ae19-ff0f5056cbd7
[2026-03-30T08:08:25.628+0000] {subprocess.py:106} INFO - 26/03/30 08:08:25 INFO MetricsSystemImpl: Stopping s3a-file-system metrics system...
[2026-03-30T08:08:25.629+0000] {subprocess.py:106} INFO - 26/03/30 08:08:25 INFO MetricsSystemImpl: s3a-file-system metrics system stopped.
[2026-03-30T08:08:25.630+0000] {subprocess.py:106} INFO - 26/03/30 08:08:25 INFO MetricsSystemImpl: s3a-file-system metrics system shutdown complete.
[2026-03-30T08:08:25.773+0000] {subprocess.py:110} INFO - Command exited with return code 0
[2026-03-30T08:08:25.855+0000] {taskinstance.py:341} INFO - ::group::Post task execution logs
[2026-03-30T08:08:25.855+0000] {taskinstance.py:353} INFO - Marking task as SUCCESS. dag_id=crawl_etl_itjob, task_id=load_bronze, run_id=scheduled__2026-03-28T02:00:00+00:00, execution_date=20260328T020000, start_date=20260330T080754, end_date=20260330T080825
[2026-03-30T08:08:25.971+0000] {local_task_job_runner.py:266} INFO - Task exited with return code 0
[2026-03-30T08:08:26.018+0000] {taskinstance.py:3901} INFO - 0 downstream tasks scheduled from follow-on schedule check
[2026-03-30T08:08:26.030+0000] {local_task_job_runner.py:245} INFO - ::endgroup::
