[2026-04-07T20:56:04.200+0000] {local_task_job_runner.py:123} INFO - ::group::Pre task execution logs
[2026-04-07T20:56:04.240+0000] {taskinstance.py:2614} INFO - Dependencies all met for dep_context=non-requeueable deps ti=<TaskInstance: crawl_etl_itjob.clean_silver scheduled__2026-04-06T02:00:00+00:00 [queued]>
[2026-04-07T20:56:04.252+0000] {taskinstance.py:2614} INFO - Dependencies all met for dep_context=requeueable deps ti=<TaskInstance: crawl_etl_itjob.clean_silver scheduled__2026-04-06T02:00:00+00:00 [queued]>
[2026-04-07T20:56:04.253+0000] {taskinstance.py:2867} INFO - Starting attempt 2 of 3
[2026-04-07T20:56:04.266+0000] {taskinstance.py:2890} INFO - Executing <Task(BashOperator): clean_silver> on 2026-04-06 02:00:00+00:00
[2026-04-07T20:56:04.271+0000] {standard_task_runner.py:72} INFO - Started process 260 to run task
[2026-04-07T20:56:04.275+0000] {standard_task_runner.py:104} INFO - Running: ['***', 'tasks', 'run', 'crawl_etl_itjob', 'clean_silver', 'scheduled__2026-04-06T02:00:00+00:00', '--job-id', '18', '--raw', '--subdir', 'DAGS_FOLDER/Crawl_ETL_ITJob.py', '--cfg-path', '/tmp/tmpo5_5muuw']
[2026-04-07T20:56:04.276+0000] {standard_task_runner.py:105} INFO - Job 18: Subtask clean_silver
[2026-04-07T20:56:04.304+0000] {warnings.py:109} WARNING - /home/***/.local/lib/python3.8/site-packages/***/settings.py:209: DeprecationWarning: The sql_alchemy_conn option in [core] has been moved to the sql_alchemy_conn option in [database] - the old setting has been used, but please update your config.
  SQL_ALCHEMY_CONN = conf.get("database", "SQL_ALCHEMY_CONN")

[2026-04-07T20:56:04.382+0000] {task_command.py:467} INFO - Running <TaskInstance: crawl_etl_itjob.clean_silver scheduled__2026-04-06T02:00:00+00:00 [running]> on host 64b3786bead1
[2026-04-07T20:56:04.383+0000] {warnings.py:109} WARNING - /home/***/.local/lib/python3.8/site-packages/***/settings.py:470: DeprecationWarning: The sql_alchemy_conn option in [core] has been moved to the sql_alchemy_conn option in [database] - the old setting has been used, but please update your config.
  if conf.get("database", "sql_alchemy_conn") == "none://":

[2026-04-07T20:56:04.516+0000] {taskinstance.py:3134} INFO - Exporting env vars: AIRFLOW_CTX_DAG_EMAIL='hoa856856@gmail.com' AIRFLOW_CTX_DAG_OWNER='***' AIRFLOW_CTX_DAG_ID='crawl_etl_itjob' AIRFLOW_CTX_TASK_ID='clean_silver' AIRFLOW_CTX_EXECUTION_DATE='2026-04-06T02:00:00+00:00' AIRFLOW_CTX_TRY_NUMBER='2' AIRFLOW_CTX_DAG_RUN_ID='scheduled__2026-04-06T02:00:00+00:00'
[2026-04-07T20:56:04.517+0000] {taskinstance.py:732} INFO - ::endgroup::
[2026-04-07T20:56:04.532+0000] {subprocess.py:78} INFO - Tmp dir root location: /tmp
[2026-04-07T20:56:04.533+0000] {subprocess.py:88} INFO - Running command: ['/bin/bash', '-c', "\n        docker exec spark-submit bash -c '\n        /opt/spark/bin/spark-submit         --master spark://spark-master:7077         --deploy-mode client         --packages org.apache.iceberg:iceberg-spark-runtime-3.5_2.12:1.5.0,org.apache.hadoop:hadoop-aws:3.3.4,com.amazonaws:aws-java-sdk-bundle:1.12.262         /opt/spark/scripts/Clean_Silver.py\n        '\n        "]
[2026-04-07T20:56:04.545+0000] {subprocess.py:99} INFO - Output:
[2026-04-07T20:56:06.861+0000] {subprocess.py:106} INFO - :: loading settings :: url = jar:file:/opt/spark/jars/ivy-2.5.1.jar!/org/apache/ivy/core/settings/ivysettings.xml
[2026-04-07T20:56:06.987+0000] {subprocess.py:106} INFO - Ivy Default Cache set to: /home/spark/.ivy2/cache
[2026-04-07T20:56:06.988+0000] {subprocess.py:106} INFO - The jars for the packages stored in: /home/spark/.ivy2/jars
[2026-04-07T20:56:06.995+0000] {subprocess.py:106} INFO - org.apache.iceberg#iceberg-spark-runtime-3.5_2.12 added as a dependency
[2026-04-07T20:56:06.996+0000] {subprocess.py:106} INFO - org.apache.hadoop#hadoop-aws added as a dependency
[2026-04-07T20:56:06.997+0000] {subprocess.py:106} INFO - com.amazonaws#aws-java-sdk-bundle added as a dependency
[2026-04-07T20:56:06.999+0000] {subprocess.py:106} INFO - :: resolving dependencies :: org.apache.spark#spark-submit-parent-dcfe9a2e-1fc6-4b2a-830d-05cfa841bd4e;1.0
[2026-04-07T20:56:07.000+0000] {subprocess.py:106} INFO - 	confs: [default]
[2026-04-07T20:56:07.205+0000] {subprocess.py:106} INFO - 	found org.apache.iceberg#iceberg-spark-runtime-3.5_2.12;1.5.0 in central
[2026-04-07T20:56:07.371+0000] {subprocess.py:106} INFO - 	found org.apache.hadoop#hadoop-aws;3.3.4 in central
[2026-04-07T20:56:07.410+0000] {subprocess.py:106} INFO - 	found com.amazonaws#aws-java-sdk-bundle;1.12.262 in central
[2026-04-07T20:56:07.445+0000] {subprocess.py:106} INFO - 	found org.wildfly.openssl#wildfly-openssl;1.0.7.Final in central
[2026-04-07T20:56:07.488+0000] {subprocess.py:106} INFO - :: resolution report :: resolve 464ms :: artifacts dl 22ms
[2026-04-07T20:56:07.490+0000] {subprocess.py:106} INFO - 	:: modules in use:
[2026-04-07T20:56:07.491+0000] {subprocess.py:106} INFO - 	com.amazonaws#aws-java-sdk-bundle;1.12.262 from central in [default]
[2026-04-07T20:56:07.492+0000] {subprocess.py:106} INFO - 	org.apache.hadoop#hadoop-aws;3.3.4 from central in [default]
[2026-04-07T20:56:07.493+0000] {subprocess.py:106} INFO - 	org.apache.iceberg#iceberg-spark-runtime-3.5_2.12;1.5.0 from central in [default]
[2026-04-07T20:56:07.494+0000] {subprocess.py:106} INFO - 	org.wildfly.openssl#wildfly-openssl;1.0.7.Final from central in [default]
[2026-04-07T20:56:07.495+0000] {subprocess.py:106} INFO - 	---------------------------------------------------------------------
[2026-04-07T20:56:07.495+0000] {subprocess.py:106} INFO - 	|                  |            modules            ||   artifacts   |
[2026-04-07T20:56:07.497+0000] {subprocess.py:106} INFO - 	|       conf       | number| search|dwnlded|evicted|| number|dwnlded|
[2026-04-07T20:56:07.498+0000] {subprocess.py:106} INFO - 	---------------------------------------------------------------------
[2026-04-07T20:56:07.499+0000] {subprocess.py:106} INFO - 	|      default     |   4   |   0   |   0   |   0   ||   4   |   0   |
[2026-04-07T20:56:07.500+0000] {subprocess.py:106} INFO - 	---------------------------------------------------------------------
[2026-04-07T20:56:07.501+0000] {subprocess.py:106} INFO - :: retrieving :: org.apache.spark#spark-submit-parent-dcfe9a2e-1fc6-4b2a-830d-05cfa841bd4e
[2026-04-07T20:56:07.502+0000] {subprocess.py:106} INFO - 	confs: [default]
[2026-04-07T20:56:07.510+0000] {subprocess.py:106} INFO - 	0 artifacts copied, 4 already retrieved (0kB/12ms)
[2026-04-07T20:56:07.817+0000] {subprocess.py:106} INFO - 26/04/07 20:56:07 WARN NativeCodeLoader: Unable to load native-hadoop library for your platform... using builtin-java classes where applicable
[2026-04-07T20:56:09.035+0000] {subprocess.py:106} INFO - 26/04/07 20:56:09 INFO SparkContext: Running Spark version 3.5.3
[2026-04-07T20:56:09.036+0000] {subprocess.py:106} INFO - 26/04/07 20:56:09 INFO SparkContext: OS info Linux, 6.6.87.2-microsoft-standard-WSL2, amd64
[2026-04-07T20:56:09.036+0000] {subprocess.py:106} INFO - 26/04/07 20:56:09 INFO SparkContext: Java version 11.0.24
[2026-04-07T20:56:09.185+0000] {subprocess.py:106} INFO - 26/04/07 20:56:09 INFO ResourceUtils: ==============================================================
[2026-04-07T20:56:09.206+0000] {subprocess.py:106} INFO - 26/04/07 20:56:09 INFO ResourceUtils: No custom resources configured for spark.driver.
[2026-04-07T20:56:09.208+0000] {subprocess.py:106} INFO - 26/04/07 20:56:09 INFO ResourceUtils: ==============================================================
[2026-04-07T20:56:09.209+0000] {subprocess.py:106} INFO - 26/04/07 20:56:09 INFO SparkContext: Submitted application: Silver_Etl_Cleaning_Merge
[2026-04-07T20:56:09.217+0000] {subprocess.py:106} INFO - 26/04/07 20:56:09 INFO ResourceProfile: Default ResourceProfile created, executor resources: Map(memory -> name: memory, amount: 1024, script: , vendor: , offHeap -> name: offHeap, amount: 0, script: , vendor: ), task resources: Map(cpus -> name: cpus, amount: 1.0)
[2026-04-07T20:56:09.232+0000] {subprocess.py:106} INFO - 26/04/07 20:56:09 INFO ResourceProfile: Limiting resource is cpu
[2026-04-07T20:56:09.234+0000] {subprocess.py:106} INFO - 26/04/07 20:56:09 INFO ResourceProfileManager: Added ResourceProfile id: 0
[2026-04-07T20:56:09.294+0000] {subprocess.py:106} INFO - 26/04/07 20:56:09 INFO SecurityManager: Changing view acls to: spark
[2026-04-07T20:56:09.295+0000] {subprocess.py:106} INFO - 26/04/07 20:56:09 INFO SecurityManager: Changing modify acls to: spark
[2026-04-07T20:56:09.295+0000] {subprocess.py:106} INFO - 26/04/07 20:56:09 INFO SecurityManager: Changing view acls groups to:
[2026-04-07T20:56:09.296+0000] {subprocess.py:106} INFO - 26/04/07 20:56:09 INFO SecurityManager: Changing modify acls groups to:
[2026-04-07T20:56:09.297+0000] {subprocess.py:106} INFO - 26/04/07 20:56:09 INFO SecurityManager: SecurityManager: authentication disabled; ui acls disabled; users with view permissions: spark; groups with view permissions: EMPTY; users with modify permissions: spark; groups with modify permissions: EMPTY
[2026-04-07T20:56:09.608+0000] {subprocess.py:106} INFO - 26/04/07 20:56:09 INFO Utils: Successfully started service 'sparkDriver' on port 37773.
[2026-04-07T20:56:09.648+0000] {subprocess.py:106} INFO - 26/04/07 20:56:09 INFO SparkEnv: Registering MapOutputTracker
[2026-04-07T20:56:09.687+0000] {subprocess.py:106} INFO - 26/04/07 20:56:09 INFO SparkEnv: Registering BlockManagerMaster
[2026-04-07T20:56:09.707+0000] {subprocess.py:106} INFO - 26/04/07 20:56:09 INFO BlockManagerMasterEndpoint: Using org.apache.spark.storage.DefaultTopologyMapper for getting topology information
[2026-04-07T20:56:09.708+0000] {subprocess.py:106} INFO - 26/04/07 20:56:09 INFO BlockManagerMasterEndpoint: BlockManagerMasterEndpoint up
[2026-04-07T20:56:09.713+0000] {subprocess.py:106} INFO - 26/04/07 20:56:09 INFO SparkEnv: Registering BlockManagerMasterHeartbeat
[2026-04-07T20:56:09.744+0000] {subprocess.py:106} INFO - 26/04/07 20:56:09 INFO DiskBlockManager: Created local directory at /tmp/blockmgr-8fa566ff-3cc1-44aa-bba6-d6798a6d2b97
[2026-04-07T20:56:09.762+0000] {subprocess.py:106} INFO - 26/04/07 20:56:09 INFO MemoryStore: MemoryStore started with capacity 434.4 MiB
[2026-04-07T20:56:09.781+0000] {subprocess.py:106} INFO - 26/04/07 20:56:09 INFO SparkEnv: Registering OutputCommitCoordinator
[2026-04-07T20:56:09.937+0000] {subprocess.py:106} INFO - 26/04/07 20:56:09 INFO JettyUtils: Start Jetty 0.0.0.0:4040 for SparkUI
[2026-04-07T20:56:09.990+0000] {subprocess.py:106} INFO - 26/04/07 20:56:09 INFO Utils: Successfully started service 'SparkUI' on port 4040.
[2026-04-07T20:56:10.025+0000] {subprocess.py:106} INFO - 26/04/07 20:56:10 INFO SparkContext: Added JAR file:///home/spark/.ivy2/jars/org.apache.iceberg_iceberg-spark-runtime-3.5_2.12-1.5.0.jar at spark://c05002f484b8:37773/jars/org.apache.iceberg_iceberg-spark-runtime-3.5_2.12-1.5.0.jar with timestamp 1775595369023
[2026-04-07T20:56:10.026+0000] {subprocess.py:106} INFO - 26/04/07 20:56:10 INFO SparkContext: Added JAR file:///home/spark/.ivy2/jars/org.apache.hadoop_hadoop-aws-3.3.4.jar at spark://c05002f484b8:37773/jars/org.apache.hadoop_hadoop-aws-3.3.4.jar with timestamp 1775595369023
[2026-04-07T20:56:10.027+0000] {subprocess.py:106} INFO - 26/04/07 20:56:10 INFO SparkContext: Added JAR file:///home/spark/.ivy2/jars/com.amazonaws_aws-java-sdk-bundle-1.12.262.jar at spark://c05002f484b8:37773/jars/com.amazonaws_aws-java-sdk-bundle-1.12.262.jar with timestamp 1775595369023
[2026-04-07T20:56:10.027+0000] {subprocess.py:106} INFO - 26/04/07 20:56:10 INFO SparkContext: Added JAR file:///home/spark/.ivy2/jars/org.wildfly.openssl_wildfly-openssl-1.0.7.Final.jar at spark://c05002f484b8:37773/jars/org.wildfly.openssl_wildfly-openssl-1.0.7.Final.jar with timestamp 1775595369023
[2026-04-07T20:56:10.037+0000] {subprocess.py:106} INFO - 26/04/07 20:56:10 INFO SparkContext: Added file file:///home/spark/.ivy2/jars/org.apache.iceberg_iceberg-spark-runtime-3.5_2.12-1.5.0.jar at spark://c05002f484b8:37773/files/org.apache.iceberg_iceberg-spark-runtime-3.5_2.12-1.5.0.jar with timestamp 1775595369023
[2026-04-07T20:56:10.041+0000] {subprocess.py:106} INFO - 26/04/07 20:56:10 INFO Utils: Copying /home/spark/.ivy2/jars/org.apache.iceberg_iceberg-spark-runtime-3.5_2.12-1.5.0.jar to /tmp/spark-510c4ddc-75d0-466b-aed1-81fae37d846f/userFiles-f4651543-480e-4bdd-84f6-86c71c15050e/org.apache.iceberg_iceberg-spark-runtime-3.5_2.12-1.5.0.jar
[2026-04-07T20:56:10.085+0000] {subprocess.py:106} INFO - 26/04/07 20:56:10 INFO SparkContext: Added file file:///home/spark/.ivy2/jars/org.apache.hadoop_hadoop-aws-3.3.4.jar at spark://c05002f484b8:37773/files/org.apache.hadoop_hadoop-aws-3.3.4.jar with timestamp 1775595369023
[2026-04-07T20:56:10.086+0000] {subprocess.py:106} INFO - 26/04/07 20:56:10 INFO Utils: Copying /home/spark/.ivy2/jars/org.apache.hadoop_hadoop-aws-3.3.4.jar to /tmp/spark-510c4ddc-75d0-466b-aed1-81fae37d846f/userFiles-f4651543-480e-4bdd-84f6-86c71c15050e/org.apache.hadoop_hadoop-aws-3.3.4.jar
[2026-04-07T20:56:10.091+0000] {subprocess.py:106} INFO - 26/04/07 20:56:10 INFO SparkContext: Added file file:///home/spark/.ivy2/jars/com.amazonaws_aws-java-sdk-bundle-1.12.262.jar at spark://c05002f484b8:37773/files/com.amazonaws_aws-java-sdk-bundle-1.12.262.jar with timestamp 1775595369023
[2026-04-07T20:56:10.091+0000] {subprocess.py:106} INFO - 26/04/07 20:56:10 INFO Utils: Copying /home/spark/.ivy2/jars/com.amazonaws_aws-java-sdk-bundle-1.12.262.jar to /tmp/spark-510c4ddc-75d0-466b-aed1-81fae37d846f/userFiles-f4651543-480e-4bdd-84f6-86c71c15050e/com.amazonaws_aws-java-sdk-bundle-1.12.262.jar
[2026-04-07T20:56:10.380+0000] {subprocess.py:106} INFO - 26/04/07 20:56:10 INFO SparkContext: Added file file:///home/spark/.ivy2/jars/org.wildfly.openssl_wildfly-openssl-1.0.7.Final.jar at spark://c05002f484b8:37773/files/org.wildfly.openssl_wildfly-openssl-1.0.7.Final.jar with timestamp 1775595369023
[2026-04-07T20:56:10.381+0000] {subprocess.py:106} INFO - 26/04/07 20:56:10 INFO Utils: Copying /home/spark/.ivy2/jars/org.wildfly.openssl_wildfly-openssl-1.0.7.Final.jar to /tmp/spark-510c4ddc-75d0-466b-aed1-81fae37d846f/userFiles-f4651543-480e-4bdd-84f6-86c71c15050e/org.wildfly.openssl_wildfly-openssl-1.0.7.Final.jar
[2026-04-07T20:56:10.462+0000] {subprocess.py:106} INFO - 26/04/07 20:56:10 INFO StandaloneAppClient$ClientEndpoint: Connecting to master spark://spark-master:7077...
[2026-04-07T20:56:10.527+0000] {subprocess.py:106} INFO - 26/04/07 20:56:10 INFO TransportClientFactory: Successfully created connection to spark-master/172.30.0.5:7077 after 42 ms (0 ms spent in bootstraps)
[2026-04-07T20:56:10.661+0000] {subprocess.py:106} INFO - 26/04/07 20:56:10 INFO StandaloneSchedulerBackend: Connected to Spark cluster with app ID app-20260407205610-0001
[2026-04-07T20:56:10.663+0000] {subprocess.py:106} INFO - 26/04/07 20:56:10 INFO StandaloneAppClient$ClientEndpoint: Executor added: app-20260407205610-0001/0 on worker-20260407203634-172.30.0.6-43929 (172.30.0.6:43929) with 1 core(s)
[2026-04-07T20:56:10.668+0000] {subprocess.py:106} INFO - 26/04/07 20:56:10 INFO StandaloneSchedulerBackend: Granted executor ID app-20260407205610-0001/0 on hostPort 172.30.0.6:43929 with 1 core(s), 1024.0 MiB RAM
[2026-04-07T20:56:10.682+0000] {subprocess.py:106} INFO - 26/04/07 20:56:10 INFO Utils: Successfully started service 'org.apache.spark.network.netty.NettyBlockTransferService' on port 44071.
[2026-04-07T20:56:10.685+0000] {subprocess.py:106} INFO - 26/04/07 20:56:10 INFO NettyBlockTransferService: Server created on c05002f484b8:44071
[2026-04-07T20:56:10.685+0000] {subprocess.py:106} INFO - 26/04/07 20:56:10 INFO BlockManager: Using org.apache.spark.storage.RandomBlockReplicationPolicy for block replication policy
[2026-04-07T20:56:10.695+0000] {subprocess.py:106} INFO - 26/04/07 20:56:10 INFO BlockManagerMaster: Registering BlockManager BlockManagerId(driver, c05002f484b8, 44071, None)
[2026-04-07T20:56:10.702+0000] {subprocess.py:106} INFO - 26/04/07 20:56:10 INFO BlockManagerMasterEndpoint: Registering block manager c05002f484b8:44071 with 434.4 MiB RAM, BlockManagerId(driver, c05002f484b8, 44071, None)
[2026-04-07T20:56:10.710+0000] {subprocess.py:106} INFO - 26/04/07 20:56:10 INFO BlockManagerMaster: Registered BlockManager BlockManagerId(driver, c05002f484b8, 44071, None)
[2026-04-07T20:56:10.713+0000] {subprocess.py:106} INFO - 26/04/07 20:56:10 INFO BlockManager: Initialized BlockManager: BlockManagerId(driver, c05002f484b8, 44071, None)
[2026-04-07T20:56:10.741+0000] {subprocess.py:106} INFO - 26/04/07 20:56:10 INFO StandaloneAppClient$ClientEndpoint: Executor updated: app-20260407205610-0001/0 is now RUNNING
[2026-04-07T20:56:11.085+0000] {subprocess.py:106} INFO - 26/04/07 20:56:11 INFO StandaloneSchedulerBackend: SchedulerBackend is ready for scheduling beginning after reached minRegisteredResourcesRatio: 0.0
[2026-04-07T20:56:11.523+0000] {subprocess.py:106} INFO - 26/04/07 20:56:11 INFO SharedState: Setting hive.metastore.warehouse.dir ('null') to the value of spark.sql.warehouse.dir.
[2026-04-07T20:56:11.528+0000] {subprocess.py:106} INFO - 26/04/07 20:56:11 INFO SharedState: Warehouse path is 'file:/opt/spark/work-dir/spark-warehouse'.
[2026-04-07T20:56:14.397+0000] {subprocess.py:106} INFO - 26/04/07 20:56:14 INFO HiveConf: Found configuration file null
[2026-04-07T20:56:14.717+0000] {subprocess.py:106} INFO - 26/04/07 20:56:14 INFO metastore: Trying to connect to metastore with URI thrift://hive-metastore:9083
[2026-04-07T20:56:14.741+0000] {subprocess.py:106} INFO - 26/04/07 20:56:14 INFO metastore: Opened a connection to metastore, current connections: 1
[2026-04-07T20:56:14.765+0000] {subprocess.py:106} INFO - 26/04/07 20:56:14 INFO metastore: Connected to metastore.
[2026-04-07T20:56:14.818+0000] {subprocess.py:106} INFO - 26/04/07 20:56:14 INFO StandaloneSchedulerBackend$StandaloneDriverEndpoint: Registered executor NettyRpcEndpointRef(spark-client://Executor) (172.30.0.6:34516) with ID 0,  ResourceProfileId 0
[2026-04-07T20:56:14.921+0000] {subprocess.py:106} INFO - 26/04/07 20:56:14 INFO BlockManagerMasterEndpoint: Registering block manager 172.30.0.6:38753 with 434.4 MiB RAM, BlockManagerId(0, 172.30.0.6, 38753, None)
[2026-04-07T20:56:14.944+0000] {subprocess.py:106} INFO - 26/04/07 20:56:14 INFO BaseMetastoreTableOperations: Refreshing table metadata from new version: s3a://warehouse/iceberg_data/silver.db/it_jobs_clean/metadata/00000-da4342c7-1817-4b17-9bf7-31a007b1f410.metadata.json
[2026-04-07T20:56:15.171+0000] {subprocess.py:106} INFO - 26/04/07 20:56:15 WARN MetricsConfig: Cannot locate configuration: tried hadoop-metrics2-s3a-file-system.properties,hadoop-metrics2.properties
[2026-04-07T20:56:15.231+0000] {subprocess.py:106} INFO - 26/04/07 20:56:15 INFO MetricsSystemImpl: Scheduled Metric snapshot period at 10 second(s).
[2026-04-07T20:56:15.247+0000] {subprocess.py:106} INFO - 26/04/07 20:56:15 INFO MetricsSystemImpl: s3a-file-system metrics system started
[2026-04-07T20:56:17.247+0000] {subprocess.py:106} INFO - 26/04/07 20:56:17 INFO BaseMetastoreCatalog: Table loaded by catalog: iceberg.silver.it_jobs_clean
[2026-04-07T20:56:18.876+0000] {subprocess.py:106} INFO - 26/04/07 20:56:18 INFO SnapshotScan: Scanning table iceberg.silver.it_jobs_clean snapshot 6710742925633916238 created at 2026-04-07T20:16:07.436+00:00 with filter true
[2026-04-07T20:56:19.161+0000] {subprocess.py:106} INFO - 26/04/07 20:56:19 INFO BaseDistributedDataScan: Planning file tasks locally for table iceberg.silver.it_jobs_clean
[2026-04-07T20:56:19.340+0000] {subprocess.py:106} INFO - 26/04/07 20:56:19 INFO V2ScanRelationPushDown:
[2026-04-07T20:56:19.341+0000] {subprocess.py:106} INFO - Pushing operators to iceberg.silver.it_jobs_clean
[2026-04-07T20:56:19.342+0000] {subprocess.py:106} INFO - Pushed Aggregate Functions:
[2026-04-07T20:56:19.342+0000] {subprocess.py:106} INFO -  MAX(ingest_time)
[2026-04-07T20:56:19.343+0000] {subprocess.py:106} INFO - Pushed Group by:
[2026-04-07T20:56:19.344+0000] {subprocess.py:106} INFO - 
[2026-04-07T20:56:19.345+0000] {subprocess.py:106} INFO - 
[2026-04-07T20:56:20.463+0000] {subprocess.py:106} INFO - 26/04/07 20:56:20 INFO CodeGenerator: Code generated in 232.758311 ms
[2026-04-07T20:56:20.481+0000] {subprocess.py:106} INFO - 26/04/07 20:56:20 INFO CodeGenerator: Code generated in 9.635472 ms
[2026-04-07T20:56:20.579+0000] {subprocess.py:106} INFO - 26/04/07 20:56:20 INFO DAGScheduler: Registering RDD 2 (collect at /opt/spark/scripts/Clean_Silver.py:56) as input to shuffle 0
[2026-04-07T20:56:20.585+0000] {subprocess.py:106} INFO - 26/04/07 20:56:20 INFO DAGScheduler: Got map stage job 0 (collect at /opt/spark/scripts/Clean_Silver.py:56) with 1 output partitions
[2026-04-07T20:56:20.586+0000] {subprocess.py:106} INFO - 26/04/07 20:56:20 INFO DAGScheduler: Final stage: ShuffleMapStage 0 (collect at /opt/spark/scripts/Clean_Silver.py:56)
[2026-04-07T20:56:20.586+0000] {subprocess.py:106} INFO - 26/04/07 20:56:20 INFO DAGScheduler: Parents of final stage: List()
[2026-04-07T20:56:20.589+0000] {subprocess.py:106} INFO - 26/04/07 20:56:20 INFO DAGScheduler: Missing parents: List()
[2026-04-07T20:56:20.594+0000] {subprocess.py:106} INFO - 26/04/07 20:56:20 INFO DAGScheduler: Submitting ShuffleMapStage 0 (MapPartitionsRDD[2] at collect at /opt/spark/scripts/Clean_Silver.py:56), which has no missing parents
[2026-04-07T20:56:20.702+0000] {subprocess.py:106} INFO - 26/04/07 20:56:20 INFO MemoryStore: Block broadcast_0 stored as values in memory (estimated size 12.0 KiB, free 434.4 MiB)
[2026-04-07T20:56:20.751+0000] {subprocess.py:106} INFO - 26/04/07 20:56:20 INFO MemoryStore: Block broadcast_0_piece0 stored as bytes in memory (estimated size 6.0 KiB, free 434.4 MiB)
[2026-04-07T20:56:20.755+0000] {subprocess.py:106} INFO - 26/04/07 20:56:20 INFO BlockManagerInfo: Added broadcast_0_piece0 in memory on c05002f484b8:44071 (size: 6.0 KiB, free: 434.4 MiB)
[2026-04-07T20:56:20.766+0000] {subprocess.py:106} INFO - 26/04/07 20:56:20 INFO SparkContext: Created broadcast 0 from broadcast at DAGScheduler.scala:1585
[2026-04-07T20:56:20.789+0000] {subprocess.py:106} INFO - 26/04/07 20:56:20 INFO DAGScheduler: Submitting 1 missing tasks from ShuffleMapStage 0 (MapPartitionsRDD[2] at collect at /opt/spark/scripts/Clean_Silver.py:56) (first 15 tasks are for partitions Vector(0))
[2026-04-07T20:56:20.792+0000] {subprocess.py:106} INFO - 26/04/07 20:56:20 INFO TaskSchedulerImpl: Adding task set 0.0 with 1 tasks resource profile 0
[2026-04-07T20:56:20.822+0000] {subprocess.py:106} INFO - 26/04/07 20:56:20 INFO TaskSetManager: Starting task 0.0 in stage 0.0 (TID 0) (172.30.0.6, executor 0, partition 0, PROCESS_LOCAL, 10137 bytes)
[2026-04-07T20:56:21.065+0000] {subprocess.py:106} INFO - 26/04/07 20:56:21 INFO BlockManagerInfo: Added broadcast_0_piece0 in memory on 172.30.0.6:38753 (size: 6.0 KiB, free: 434.4 MiB)
[2026-04-07T20:56:22.058+0000] {subprocess.py:106} INFO - 26/04/07 20:56:22 INFO TaskSetManager: Finished task 0.0 in stage 0.0 (TID 0) in 1249 ms on 172.30.0.6 (executor 0) (1/1)
[2026-04-07T20:56:22.063+0000] {subprocess.py:106} INFO - 26/04/07 20:56:22 INFO TaskSchedulerImpl: Removed TaskSet 0.0, whose tasks have all completed, from pool
[2026-04-07T20:56:22.073+0000] {subprocess.py:106} INFO - 26/04/07 20:56:22 INFO DAGScheduler: ShuffleMapStage 0 (collect at /opt/spark/scripts/Clean_Silver.py:56) finished in 1.465 s
[2026-04-07T20:56:22.077+0000] {subprocess.py:106} INFO - 26/04/07 20:56:22 INFO DAGScheduler: looking for newly runnable stages
[2026-04-07T20:56:22.078+0000] {subprocess.py:106} INFO - 26/04/07 20:56:22 INFO DAGScheduler: running: Set()
[2026-04-07T20:56:22.079+0000] {subprocess.py:106} INFO - 26/04/07 20:56:22 INFO DAGScheduler: waiting: Set()
[2026-04-07T20:56:22.081+0000] {subprocess.py:106} INFO - 26/04/07 20:56:22 INFO DAGScheduler: failed: Set()
[2026-04-07T20:56:22.137+0000] {subprocess.py:106} INFO - 26/04/07 20:56:22 INFO CodeGenerator: Code generated in 15.371931 ms
[2026-04-07T20:56:22.196+0000] {subprocess.py:106} INFO - 26/04/07 20:56:22 INFO SparkContext: Starting job: collect at /opt/spark/scripts/Clean_Silver.py:56
[2026-04-07T20:56:22.204+0000] {subprocess.py:106} INFO - 26/04/07 20:56:22 INFO DAGScheduler: Got job 1 (collect at /opt/spark/scripts/Clean_Silver.py:56) with 1 output partitions
[2026-04-07T20:56:22.205+0000] {subprocess.py:106} INFO - 26/04/07 20:56:22 INFO DAGScheduler: Final stage: ResultStage 2 (collect at /opt/spark/scripts/Clean_Silver.py:56)
[2026-04-07T20:56:22.206+0000] {subprocess.py:106} INFO - 26/04/07 20:56:22 INFO DAGScheduler: Parents of final stage: List(ShuffleMapStage 1)
[2026-04-07T20:56:22.207+0000] {subprocess.py:106} INFO - 26/04/07 20:56:22 INFO DAGScheduler: Missing parents: List()
[2026-04-07T20:56:22.211+0000] {subprocess.py:106} INFO - 26/04/07 20:56:22 INFO DAGScheduler: Submitting ResultStage 2 (MapPartitionsRDD[5] at collect at /opt/spark/scripts/Clean_Silver.py:56), which has no missing parents
[2026-04-07T20:56:22.224+0000] {subprocess.py:106} INFO - 26/04/07 20:56:22 INFO MemoryStore: Block broadcast_1 stored as values in memory (estimated size 13.1 KiB, free 434.4 MiB)
[2026-04-07T20:56:22.237+0000] {subprocess.py:106} INFO - 26/04/07 20:56:22 INFO MemoryStore: Block broadcast_1_piece0 stored as bytes in memory (estimated size 6.1 KiB, free 434.4 MiB)
[2026-04-07T20:56:22.241+0000] {subprocess.py:106} INFO - 26/04/07 20:56:22 INFO BlockManagerInfo: Added broadcast_1_piece0 in memory on c05002f484b8:44071 (size: 6.1 KiB, free: 434.4 MiB)
[2026-04-07T20:56:22.241+0000] {subprocess.py:106} INFO - 26/04/07 20:56:22 INFO SparkContext: Created broadcast 1 from broadcast at DAGScheduler.scala:1585
[2026-04-07T20:56:22.246+0000] {subprocess.py:106} INFO - 26/04/07 20:56:22 INFO DAGScheduler: Submitting 1 missing tasks from ResultStage 2 (MapPartitionsRDD[5] at collect at /opt/spark/scripts/Clean_Silver.py:56) (first 15 tasks are for partitions Vector(0))
[2026-04-07T20:56:22.247+0000] {subprocess.py:106} INFO - 26/04/07 20:56:22 INFO TaskSchedulerImpl: Adding task set 2.0 with 1 tasks resource profile 0
[2026-04-07T20:56:22.253+0000] {subprocess.py:106} INFO - 26/04/07 20:56:22 INFO TaskSetManager: Starting task 0.0 in stage 2.0 (TID 1) (172.30.0.6, executor 0, partition 0, NODE_LOCAL, 9976 bytes)
[2026-04-07T20:56:22.277+0000] {subprocess.py:106} INFO - 26/04/07 20:56:22 INFO BlockManagerInfo: Removed broadcast_0_piece0 on c05002f484b8:44071 in memory (size: 6.0 KiB, free: 434.4 MiB)
[2026-04-07T20:56:22.305+0000] {subprocess.py:106} INFO - 26/04/07 20:56:22 INFO BlockManagerInfo: Removed broadcast_0_piece0 on 172.30.0.6:38753 in memory (size: 6.0 KiB, free: 434.4 MiB)
[2026-04-07T20:56:22.319+0000] {subprocess.py:106} INFO - 26/04/07 20:56:22 INFO BlockManagerInfo: Added broadcast_1_piece0 in memory on 172.30.0.6:38753 (size: 6.1 KiB, free: 434.4 MiB)
[2026-04-07T20:56:22.425+0000] {subprocess.py:106} INFO - 26/04/07 20:56:22 INFO MapOutputTrackerMasterEndpoint: Asked to send map output locations for shuffle 0 to 172.30.0.6:34516
[2026-04-07T20:56:22.570+0000] {subprocess.py:106} INFO - 26/04/07 20:56:22 INFO TaskSetManager: Finished task 0.0 in stage 2.0 (TID 1) in 319 ms on 172.30.0.6 (executor 0) (1/1)
[2026-04-07T20:56:22.571+0000] {subprocess.py:106} INFO - 26/04/07 20:56:22 INFO TaskSchedulerImpl: Removed TaskSet 2.0, whose tasks have all completed, from pool
[2026-04-07T20:56:22.572+0000] {subprocess.py:106} INFO - 26/04/07 20:56:22 INFO DAGScheduler: ResultStage 2 (collect at /opt/spark/scripts/Clean_Silver.py:56) finished in 0.350 s
[2026-04-07T20:56:22.577+0000] {subprocess.py:106} INFO - 26/04/07 20:56:22 INFO DAGScheduler: Job 1 is finished. Cancelling potential speculative or zombie tasks for this job
[2026-04-07T20:56:22.577+0000] {subprocess.py:106} INFO - 26/04/07 20:56:22 INFO TaskSchedulerImpl: Killing all running tasks in stage 2: Stage finished
[2026-04-07T20:56:22.578+0000] {subprocess.py:106} INFO - 26/04/07 20:56:22 INFO DAGScheduler: Job 1 finished: collect at /opt/spark/scripts/Clean_Silver.py:56, took 0.380415 s
[2026-04-07T20:56:22.794+0000] {subprocess.py:106} INFO - >>> Watermark (Last Processed Time): 2026-04-07 20:15:34.160191
[2026-04-07T20:56:22.828+0000] {subprocess.py:106} INFO - 26/04/07 20:56:22 INFO BaseMetastoreTableOperations: Refreshing table metadata from new version: s3a://warehouse/iceberg_data/bronze.db/it_jobs_raw/metadata/00001-3e086acf-cbd6-46e7-9322-aa3b77f225ae.metadata.json
[2026-04-07T20:56:22.852+0000] {subprocess.py:106} INFO - 26/04/07 20:56:22 INFO BaseMetastoreCatalog: Table loaded by catalog: iceberg.bronze.it_jobs_raw
[2026-04-07T20:56:22.870+0000] {subprocess.py:106} INFO - >>> INCREMENTAL LOAD: Reading only new data...
[2026-04-07T20:56:23.125+0000] {subprocess.py:106} INFO - 26/04/07 20:56:23 INFO V2ScanRelationPushDown:
[2026-04-07T20:56:23.126+0000] {subprocess.py:106} INFO - Pushing operators to iceberg.bronze.it_jobs_raw
[2026-04-07T20:56:23.127+0000] {subprocess.py:106} INFO - Pushed Filters: ingest_time IS NOT NULL, ingest_time > 1775592934160191
[2026-04-07T20:56:23.127+0000] {subprocess.py:106} INFO - Post-Scan Filters: isnotnull(ingest_time#36),(ingest_time#36 > 2026-04-07 20:15:34.160191)
[2026-04-07T20:56:23.128+0000] {subprocess.py:106} INFO - 
[2026-04-07T20:56:23.158+0000] {subprocess.py:106} INFO - 26/04/07 20:56:23 INFO V2ScanRelationPushDown:
[2026-04-07T20:56:23.158+0000] {subprocess.py:106} INFO - Output: ingest_time#36
[2026-04-07T20:56:23.159+0000] {subprocess.py:106} INFO - 
[2026-04-07T20:56:23.171+0000] {subprocess.py:106} INFO - 26/04/07 20:56:23 INFO SnapshotScan: Scanning table iceberg.bronze.it_jobs_raw snapshot 5674313019908416654 created at 2026-04-07T20:55:59.399+00:00 with filter (ingest_time IS NOT NULL AND ingest_time > (16-digit-int))
[2026-04-07T20:56:23.231+0000] {subprocess.py:106} INFO - 26/04/07 20:56:23 INFO BaseDistributedDataScan: Planning file tasks locally for table iceberg.bronze.it_jobs_raw
[2026-04-07T20:56:23.308+0000] {subprocess.py:106} INFO - 26/04/07 20:56:23 INFO SparkPartitioningAwareScan: Reporting UnknownPartitioning with 1 partition(s) for table iceberg.bronze.it_jobs_raw
[2026-04-07T20:56:23.334+0000] {subprocess.py:106} INFO - 26/04/07 20:56:23 INFO MemoryStore: Block broadcast_2 stored as values in memory (estimated size 32.0 KiB, free 434.3 MiB)
[2026-04-07T20:56:23.389+0000] {subprocess.py:106} INFO - 26/04/07 20:56:23 INFO BlockManagerInfo: Removed broadcast_1_piece0 on c05002f484b8:44071 in memory (size: 6.1 KiB, free: 434.4 MiB)
[2026-04-07T20:56:23.390+0000] {subprocess.py:106} INFO - 26/04/07 20:56:23 INFO MemoryStore: Block broadcast_2_piece0 stored as bytes in memory (estimated size 30.3 KiB, free 434.3 MiB)
[2026-04-07T20:56:23.391+0000] {subprocess.py:106} INFO - 26/04/07 20:56:23 INFO BlockManagerInfo: Added broadcast_2_piece0 in memory on c05002f484b8:44071 (size: 30.3 KiB, free: 434.4 MiB)
[2026-04-07T20:56:23.394+0000] {subprocess.py:106} INFO - 26/04/07 20:56:23 INFO SparkContext: Created broadcast 2 from broadcast at SparkBatch.java:79
[2026-04-07T20:56:23.395+0000] {subprocess.py:106} INFO - 26/04/07 20:56:23 INFO BlockManagerInfo: Removed broadcast_1_piece0 on 172.30.0.6:38753 in memory (size: 6.1 KiB, free: 434.4 MiB)
[2026-04-07T20:56:23.419+0000] {subprocess.py:106} INFO - 26/04/07 20:56:23 INFO MemoryStore: Block broadcast_3 stored as values in memory (estimated size 32.0 KiB, free 434.3 MiB)
[2026-04-07T20:56:23.424+0000] {subprocess.py:106} INFO - 26/04/07 20:56:23 INFO MemoryStore: Block broadcast_3_piece0 stored as bytes in memory (estimated size 30.2 KiB, free 434.3 MiB)
[2026-04-07T20:56:23.425+0000] {subprocess.py:106} INFO - 26/04/07 20:56:23 INFO BlockManagerInfo: Added broadcast_3_piece0 in memory on c05002f484b8:44071 (size: 30.2 KiB, free: 434.3 MiB)
[2026-04-07T20:56:23.426+0000] {subprocess.py:106} INFO - 26/04/07 20:56:23 INFO SparkContext: Created broadcast 3 from broadcast at SparkBatch.java:79
[2026-04-07T20:56:23.547+0000] {subprocess.py:106} INFO - 26/04/07 20:56:23 INFO CodeGenerator: Code generated in 30.119777 ms
[2026-04-07T20:56:23.576+0000] {subprocess.py:106} INFO - 26/04/07 20:56:23 INFO DAGScheduler: Registering RDD 9 (count at <unknown>:0) as input to shuffle 1
[2026-04-07T20:56:23.576+0000] {subprocess.py:106} INFO - 26/04/07 20:56:23 INFO DAGScheduler: Got map stage job 2 (count at <unknown>:0) with 1 output partitions
[2026-04-07T20:56:23.577+0000] {subprocess.py:106} INFO - 26/04/07 20:56:23 INFO DAGScheduler: Final stage: ShuffleMapStage 3 (count at <unknown>:0)
[2026-04-07T20:56:23.577+0000] {subprocess.py:106} INFO - 26/04/07 20:56:23 INFO DAGScheduler: Parents of final stage: List()
[2026-04-07T20:56:23.578+0000] {subprocess.py:106} INFO - 26/04/07 20:56:23 INFO DAGScheduler: Missing parents: List()
[2026-04-07T20:56:23.582+0000] {subprocess.py:106} INFO - 26/04/07 20:56:23 INFO DAGScheduler: Submitting ShuffleMapStage 3 (MapPartitionsRDD[9] at count at <unknown>:0), which has no missing parents
[2026-04-07T20:56:23.589+0000] {subprocess.py:106} INFO - 26/04/07 20:56:23 INFO MemoryStore: Block broadcast_4 stored as values in memory (estimated size 17.8 KiB, free 434.3 MiB)
[2026-04-07T20:56:23.605+0000] {subprocess.py:106} INFO - 26/04/07 20:56:23 INFO MemoryStore: Block broadcast_4_piece0 stored as bytes in memory (estimated size 7.6 KiB, free 434.3 MiB)
[2026-04-07T20:56:23.607+0000] {subprocess.py:106} INFO - 26/04/07 20:56:23 INFO BlockManagerInfo: Added broadcast_4_piece0 in memory on c05002f484b8:44071 (size: 7.6 KiB, free: 434.3 MiB)
[2026-04-07T20:56:23.608+0000] {subprocess.py:106} INFO - 26/04/07 20:56:23 INFO SparkContext: Created broadcast 4 from broadcast at DAGScheduler.scala:1585
[2026-04-07T20:56:23.609+0000] {subprocess.py:106} INFO - 26/04/07 20:56:23 INFO DAGScheduler: Submitting 1 missing tasks from ShuffleMapStage 3 (MapPartitionsRDD[9] at count at <unknown>:0) (first 15 tasks are for partitions Vector(0))
[2026-04-07T20:56:23.621+0000] {subprocess.py:106} INFO - 26/04/07 20:56:23 INFO TaskSchedulerImpl: Adding task set 3.0 with 1 tasks resource profile 0
[2026-04-07T20:56:23.644+0000] {subprocess.py:106} INFO - 26/04/07 20:56:23 INFO TaskSetManager: Starting task 0.0 in stage 3.0 (TID 2) (172.30.0.6, executor 0, partition 0, PROCESS_LOCAL, 15367 bytes)
[2026-04-07T20:56:24.141+0000] {subprocess.py:106} INFO - 26/04/07 20:56:24 INFO BlockManagerInfo: Added broadcast_4_piece0 in memory on 172.30.0.6:38753 (size: 7.6 KiB, free: 434.4 MiB)
[2026-04-07T20:56:24.224+0000] {subprocess.py:106} INFO - 26/04/07 20:56:24 INFO BlockManagerInfo: Added broadcast_3_piece0 in memory on 172.30.0.6:38753 (size: 30.2 KiB, free: 434.4 MiB)
[2026-04-07T20:56:27.223+0000] {subprocess.py:106} INFO - 26/04/07 20:56:27 INFO TaskSetManager: Finished task 0.0 in stage 3.0 (TID 2) in 3609 ms on 172.30.0.6 (executor 0) (1/1)
[2026-04-07T20:56:27.224+0000] {subprocess.py:106} INFO - 26/04/07 20:56:27 INFO TaskSchedulerImpl: Removed TaskSet 3.0, whose tasks have all completed, from pool
[2026-04-07T20:56:27.226+0000] {subprocess.py:106} INFO - 26/04/07 20:56:27 INFO DAGScheduler: ShuffleMapStage 3 (count at <unknown>:0) finished in 3.642 s
[2026-04-07T20:56:27.227+0000] {subprocess.py:106} INFO - 26/04/07 20:56:27 INFO DAGScheduler: looking for newly runnable stages
[2026-04-07T20:56:27.227+0000] {subprocess.py:106} INFO - 26/04/07 20:56:27 INFO DAGScheduler: running: Set()
[2026-04-07T20:56:27.228+0000] {subprocess.py:106} INFO - 26/04/07 20:56:27 INFO DAGScheduler: waiting: Set()
[2026-04-07T20:56:27.233+0000] {subprocess.py:106} INFO - 26/04/07 20:56:27 INFO DAGScheduler: failed: Set()
[2026-04-07T20:56:27.266+0000] {subprocess.py:106} INFO - 26/04/07 20:56:27 INFO CodeGenerator: Code generated in 16.839645 ms
[2026-04-07T20:56:27.287+0000] {subprocess.py:106} INFO - 26/04/07 20:56:27 INFO SparkContext: Starting job: count at <unknown>:0
[2026-04-07T20:56:27.290+0000] {subprocess.py:106} INFO - 26/04/07 20:56:27 INFO DAGScheduler: Got job 3 (count at <unknown>:0) with 1 output partitions
[2026-04-07T20:56:27.291+0000] {subprocess.py:106} INFO - 26/04/07 20:56:27 INFO DAGScheduler: Final stage: ResultStage 5 (count at <unknown>:0)
[2026-04-07T20:56:27.292+0000] {subprocess.py:106} INFO - 26/04/07 20:56:27 INFO DAGScheduler: Parents of final stage: List(ShuffleMapStage 4)
[2026-04-07T20:56:27.292+0000] {subprocess.py:106} INFO - 26/04/07 20:56:27 INFO DAGScheduler: Missing parents: List()
[2026-04-07T20:56:27.298+0000] {subprocess.py:106} INFO - 26/04/07 20:56:27 INFO DAGScheduler: Submitting ResultStage 5 (MapPartitionsRDD[12] at count at <unknown>:0), which has no missing parents
[2026-04-07T20:56:27.299+0000] {subprocess.py:106} INFO - 26/04/07 20:56:27 INFO MemoryStore: Block broadcast_5 stored as values in memory (estimated size 12.5 KiB, free 434.2 MiB)
[2026-04-07T20:56:27.312+0000] {subprocess.py:106} INFO - 26/04/07 20:56:27 INFO MemoryStore: Block broadcast_5_piece0 stored as bytes in memory (estimated size 5.9 KiB, free 434.2 MiB)
[2026-04-07T20:56:27.314+0000] {subprocess.py:106} INFO - 26/04/07 20:56:27 INFO BlockManagerInfo: Added broadcast_5_piece0 in memory on c05002f484b8:44071 (size: 5.9 KiB, free: 434.3 MiB)
[2026-04-07T20:56:27.316+0000] {subprocess.py:106} INFO - 26/04/07 20:56:27 INFO BlockManagerInfo: Removed broadcast_4_piece0 on c05002f484b8:44071 in memory (size: 7.6 KiB, free: 434.3 MiB)
[2026-04-07T20:56:27.319+0000] {subprocess.py:106} INFO - 26/04/07 20:56:27 INFO SparkContext: Created broadcast 5 from broadcast at DAGScheduler.scala:1585
[2026-04-07T20:56:27.321+0000] {subprocess.py:106} INFO - 26/04/07 20:56:27 INFO BlockManagerInfo: Removed broadcast_4_piece0 on 172.30.0.6:38753 in memory (size: 7.6 KiB, free: 434.4 MiB)
[2026-04-07T20:56:27.333+0000] {subprocess.py:106} INFO - 26/04/07 20:56:27 INFO DAGScheduler: Submitting 1 missing tasks from ResultStage 5 (MapPartitionsRDD[12] at count at <unknown>:0) (first 15 tasks are for partitions Vector(0))
[2026-04-07T20:56:27.334+0000] {subprocess.py:106} INFO - 26/04/07 20:56:27 INFO TaskSchedulerImpl: Adding task set 5.0 with 1 tasks resource profile 0
[2026-04-07T20:56:27.338+0000] {subprocess.py:106} INFO - 26/04/07 20:56:27 INFO TaskSetManager: Starting task 0.0 in stage 5.0 (TID 3) (172.30.0.6, executor 0, partition 0, NODE_LOCAL, 9976 bytes)
[2026-04-07T20:56:27.403+0000] {subprocess.py:106} INFO - 26/04/07 20:56:27 INFO BlockManagerInfo: Added broadcast_5_piece0 in memory on 172.30.0.6:38753 (size: 5.9 KiB, free: 434.4 MiB)
[2026-04-07T20:56:27.419+0000] {subprocess.py:106} INFO - 26/04/07 20:56:27 INFO MapOutputTrackerMasterEndpoint: Asked to send map output locations for shuffle 1 to 172.30.0.6:34516
[2026-04-07T20:56:27.464+0000] {subprocess.py:106} INFO - 26/04/07 20:56:27 INFO TaskSetManager: Finished task 0.0 in stage 5.0 (TID 3) in 135 ms on 172.30.0.6 (executor 0) (1/1)
[2026-04-07T20:56:27.465+0000] {subprocess.py:106} INFO - 26/04/07 20:56:27 INFO TaskSchedulerImpl: Removed TaskSet 5.0, whose tasks have all completed, from pool
[2026-04-07T20:56:27.468+0000] {subprocess.py:106} INFO - 26/04/07 20:56:27 INFO DAGScheduler: ResultStage 5 (count at <unknown>:0) finished in 0.171 s
[2026-04-07T20:56:27.469+0000] {subprocess.py:106} INFO - 26/04/07 20:56:27 INFO DAGScheduler: Job 3 is finished. Cancelling potential speculative or zombie tasks for this job
[2026-04-07T20:56:27.471+0000] {subprocess.py:106} INFO - 26/04/07 20:56:27 INFO TaskSchedulerImpl: Killing all running tasks in stage 5: Stage finished
[2026-04-07T20:56:27.473+0000] {subprocess.py:106} INFO - 26/04/07 20:56:27 INFO DAGScheduler: Job 3 finished: count at <unknown>:0, took 0.181041 s
[2026-04-07T20:56:27.476+0000] {subprocess.py:106} INFO - >>> Processing 554 records...
[2026-04-07T20:56:27.863+0000] {subprocess.py:106} INFO - 26/04/07 20:56:27 INFO BlockManagerInfo: Removed broadcast_5_piece0 on c05002f484b8:44071 in memory (size: 5.9 KiB, free: 434.3 MiB)
[2026-04-07T20:56:27.867+0000] {subprocess.py:106} INFO - 26/04/07 20:56:27 INFO BlockManagerInfo: Removed broadcast_5_piece0 on 172.30.0.6:38753 in memory (size: 5.9 KiB, free: 434.4 MiB)
[2026-04-07T20:56:28.220+0000] {subprocess.py:106} INFO - >>> Writing cleaned data to Silver...
[2026-04-07T20:56:28.298+0000] {subprocess.py:106} INFO - >>> Table exists. Performing MERGE (Upsert)...
[2026-04-07T20:56:28.802+0000] {subprocess.py:106} INFO - 26/04/07 20:56:28 INFO V2ScanRelationPushDown:
[2026-04-07T20:56:28.803+0000] {subprocess.py:106} INFO - Pushing operators to iceberg.bronze.it_jobs_raw
[2026-04-07T20:56:28.803+0000] {subprocess.py:106} INFO - Pushed Filters: ingest_time IS NOT NULL, ingest_time > 1775592934160191, job_link IS NOT NULL, NOT (job_link = '')
[2026-04-07T20:56:28.804+0000] {subprocess.py:106} INFO - Post-Scan Filters: isnotnull(ingest_time#36),(ingest_time#36 > 2026-04-07 20:15:34.160191),isnotnull(trim(job_title#26, None)),NOT (trim(job_title#26, None) = ),isnotnull(upper(trim(company_name#27, None))),NOT (upper(trim(company_name#27, None)) = ),isnotnull(job_link#31),NOT (job_link#31 = )
[2026-04-07T20:56:28.804+0000] {subprocess.py:106} INFO - 
[2026-04-07T20:56:28.809+0000] {subprocess.py:106} INFO - 26/04/07 20:56:28 INFO V2ScanRelationPushDown:
[2026-04-07T20:56:28.810+0000] {subprocess.py:106} INFO - Output: job_title#26, company_name#27, location#28, skills_required#29, date_posted#30, job_link#31, job_category#32, work_mode#33, crawl_date#34, date_only#35, ingest_time#36, source#37
[2026-04-07T20:56:28.810+0000] {subprocess.py:106} INFO - 
[2026-04-07T20:56:28.821+0000] {subprocess.py:106} INFO - 26/04/07 20:56:28 INFO SnapshotScan: Scanning table iceberg.bronze.it_jobs_raw snapshot 5674313019908416654 created at 2026-04-07T20:55:59.399+00:00 with filter (((ingest_time IS NOT NULL AND ingest_time > (16-digit-int)) AND job_link IS NOT NULL) AND NOT (job_link = (hash-00000000)))
[2026-04-07T20:56:28.823+0000] {subprocess.py:106} INFO - 26/04/07 20:56:28 INFO BaseDistributedDataScan: Planning file tasks locally for table iceberg.bronze.it_jobs_raw
[2026-04-07T20:56:28.883+0000] {subprocess.py:106} INFO - 26/04/07 20:56:28 INFO SparkPartitioningAwareScan: Reporting UnknownPartitioning with 1 partition(s) for table iceberg.bronze.it_jobs_raw
[2026-04-07T20:56:29.032+0000] {subprocess.py:106} INFO - 26/04/07 20:56:29 INFO GroupBasedRowLevelOperationScanPlanning:
[2026-04-07T20:56:29.033+0000] {subprocess.py:106} INFO - Pushing operators to iceberg.silver.it_jobs_clean
[2026-04-07T20:56:29.033+0000] {subprocess.py:106} INFO - Pushed filters:
[2026-04-07T20:56:29.034+0000] {subprocess.py:106} INFO - Filters evaluated on data source side:
[2026-04-07T20:56:29.034+0000] {subprocess.py:106} INFO - Filters evaluated on Spark side:
[2026-04-07T20:56:29.035+0000] {subprocess.py:106} INFO - Output: job_title#284, company_name#285, location#286, skills_required#287, date_posted#288, job_link#289, job_category#290, work_mode#291, crawl_date#292, date_only#293, ingest_time#294, source#295, clean_time#296, _file#299
[2026-04-07T20:56:29.035+0000] {subprocess.py:106} INFO - 
[2026-04-07T20:56:29.037+0000] {subprocess.py:106} INFO - 26/04/07 20:56:29 INFO V2ScanRelationPushDown:
[2026-04-07T20:56:29.038+0000] {subprocess.py:106} INFO - Pushing operators to iceberg.bronze.it_jobs_raw
[2026-04-07T20:56:29.039+0000] {subprocess.py:106} INFO - Pushed Filters: ingest_time IS NOT NULL, ingest_time > 1775592934160191, job_link IS NOT NULL, NOT (job_link = '')
[2026-04-07T20:56:29.040+0000] {subprocess.py:106} INFO - Post-Scan Filters: isnotnull(ingest_time#36),(ingest_time#36 > 2026-04-07 20:15:34.160191),isnotnull(trim(job_title#26, None)),NOT (trim(job_title#26, None) = ),isnotnull(upper(trim(company_name#27, None))),NOT (upper(trim(company_name#27, None)) = ),isnotnull(job_link#31),NOT (job_link#31 = )
[2026-04-07T20:56:29.041+0000] {subprocess.py:106} INFO - 
[2026-04-07T20:56:29.044+0000] {subprocess.py:106} INFO - 26/04/07 20:56:29 INFO V2ScanRelationPushDown:
[2026-04-07T20:56:29.045+0000] {subprocess.py:106} INFO - Output: job_title#26, company_name#27, location#28, skills_required#29, date_posted#30, job_link#31, job_category#32, work_mode#33, crawl_date#34, date_only#35, ingest_time#36, source#37
[2026-04-07T20:56:29.046+0000] {subprocess.py:106} INFO - 
[2026-04-07T20:56:29.047+0000] {subprocess.py:106} INFO - 26/04/07 20:56:29 INFO SnapshotScan: Scanning table iceberg.silver.it_jobs_clean snapshot 6710742925633916238 created at 2026-04-07T20:16:07.436+00:00 with filter true
[2026-04-07T20:56:29.076+0000] {subprocess.py:106} INFO - 26/04/07 20:56:29 INFO SparkPartitioningAwareScan: Reporting UnknownPartitioning with 1 partition(s) for table iceberg.silver.it_jobs_clean
[2026-04-07T20:56:29.076+0000] {subprocess.py:106} INFO - 26/04/07 20:56:29 INFO SnapshotScan: Scanning table iceberg.bronze.it_jobs_raw snapshot 5674313019908416654 created at 2026-04-07T20:55:59.399+00:00 with filter (((ingest_time IS NOT NULL AND ingest_time > (16-digit-int)) AND job_link IS NOT NULL) AND NOT (job_link = (hash-00000000)))
[2026-04-07T20:56:29.077+0000] {subprocess.py:106} INFO - 26/04/07 20:56:29 INFO BaseDistributedDataScan: Planning file tasks locally for table iceberg.bronze.it_jobs_raw
[2026-04-07T20:56:29.111+0000] {subprocess.py:106} INFO - 26/04/07 20:56:29 INFO SparkPartitioningAwareScan: Reporting UnknownPartitioning with 1 partition(s) for table iceberg.bronze.it_jobs_raw
[2026-04-07T20:56:29.143+0000] {subprocess.py:106} INFO - 26/04/07 20:56:29 INFO SparkWrite: Requesting 0 bytes advisory partition size for table iceberg.silver.it_jobs_clean
[2026-04-07T20:56:29.143+0000] {subprocess.py:106} INFO - 26/04/07 20:56:29 INFO SparkWrite: Requesting UnspecifiedDistribution as write distribution for table iceberg.silver.it_jobs_clean
[2026-04-07T20:56:29.144+0000] {subprocess.py:106} INFO - 26/04/07 20:56:29 INFO SparkWrite: Requesting [] as write ordering for table iceberg.silver.it_jobs_clean
[2026-04-07T20:56:29.228+0000] {subprocess.py:106} INFO - 26/04/07 20:56:29 INFO V2ScanRelationPushDown:
[2026-04-07T20:56:29.228+0000] {subprocess.py:106} INFO - Pushing operators to iceberg.silver.it_jobs_clean
[2026-04-07T20:56:29.229+0000] {subprocess.py:106} INFO - Pushed Filters: NOT (job_link = ''), job_link IS NOT NULL
[2026-04-07T20:56:29.229+0000] {subprocess.py:106} INFO - Post-Scan Filters: NOT (job_link#421 = ),isnotnull(job_link#421)
[2026-04-07T20:56:29.230+0000] {subprocess.py:106} INFO - 
[2026-04-07T20:56:29.231+0000] {subprocess.py:106} INFO - 26/04/07 20:56:29 INFO V2ScanRelationPushDown:
[2026-04-07T20:56:29.232+0000] {subprocess.py:106} INFO - Output: job_link#421, _file#429
[2026-04-07T20:56:29.232+0000] {subprocess.py:106} INFO - 
[2026-04-07T20:56:29.233+0000] {subprocess.py:106} INFO - 26/04/07 20:56:29 INFO SnapshotScan: Scanning table iceberg.silver.it_jobs_clean snapshot 6710742925633916238 created at 2026-04-07T20:16:07.436+00:00 with filter (NOT (job_link = (hash-00000000)) AND job_link IS NOT NULL)
[2026-04-07T20:56:29.234+0000] {subprocess.py:106} INFO - 26/04/07 20:56:29 INFO BaseDistributedDataScan: Planning file tasks locally for table iceberg.silver.it_jobs_clean
[2026-04-07T20:56:29.264+0000] {subprocess.py:106} INFO - 26/04/07 20:56:29 INFO SparkPartitioningAwareScan: Reporting UnknownPartitioning with 1 partition(s) for table iceberg.silver.it_jobs_clean
[2026-04-07T20:56:29.265+0000] {subprocess.py:106} INFO - 26/04/07 20:56:29 INFO SparkPartitioningAwareScan: Reporting UnknownPartitioning with 1 partition(s) for table iceberg.bronze.it_jobs_raw
[2026-04-07T20:56:29.346+0000] {subprocess.py:106} INFO - 26/04/07 20:56:29 INFO MemoryStore: Block broadcast_6 stored as values in memory (estimated size 32.0 KiB, free 434.2 MiB)
[2026-04-07T20:56:29.362+0000] {subprocess.py:106} INFO - 26/04/07 20:56:29 INFO MemoryStore: Block broadcast_6_piece0 stored as bytes in memory (estimated size 30.3 KiB, free 434.2 MiB)
[2026-04-07T20:56:29.365+0000] {subprocess.py:106} INFO - 26/04/07 20:56:29 INFO BlockManagerInfo: Added broadcast_6_piece0 in memory on c05002f484b8:44071 (size: 30.3 KiB, free: 434.3 MiB)
[2026-04-07T20:56:29.367+0000] {subprocess.py:106} INFO - 26/04/07 20:56:29 INFO SparkContext: Created broadcast 6 from broadcast at SparkBatch.java:79
[2026-04-07T20:56:29.394+0000] {subprocess.py:106} INFO - 26/04/07 20:56:29 INFO MemoryStore: Block broadcast_7 stored as values in memory (estimated size 32.0 KiB, free 434.2 MiB)
[2026-04-07T20:56:29.399+0000] {subprocess.py:106} INFO - 26/04/07 20:56:29 INFO MemoryStore: Block broadcast_7_piece0 stored as bytes in memory (estimated size 30.2 KiB, free 434.2 MiB)
[2026-04-07T20:56:29.401+0000] {subprocess.py:106} INFO - 26/04/07 20:56:29 INFO BlockManagerInfo: Added broadcast_7_piece0 in memory on c05002f484b8:44071 (size: 30.2 KiB, free: 434.3 MiB)
[2026-04-07T20:56:29.407+0000] {subprocess.py:106} INFO - 26/04/07 20:56:29 INFO SparkContext: Created broadcast 7 from broadcast at SparkBatch.java:79
[2026-04-07T20:56:29.433+0000] {subprocess.py:106} INFO - 26/04/07 20:56:29 INFO BlockManagerInfo: Removed broadcast_2_piece0 on c05002f484b8:44071 in memory (size: 30.3 KiB, free: 434.3 MiB)
[2026-04-07T20:56:29.453+0000] {subprocess.py:106} INFO - 26/04/07 20:56:29 INFO MemoryStore: Block broadcast_8 stored as values in memory (estimated size 32.0 KiB, free 434.2 MiB)
[2026-04-07T20:56:29.471+0000] {subprocess.py:106} INFO - 26/04/07 20:56:29 INFO MemoryStore: Block broadcast_8_piece0 stored as bytes in memory (estimated size 30.3 KiB, free 434.2 MiB)
[2026-04-07T20:56:29.473+0000] {subprocess.py:106} INFO - 26/04/07 20:56:29 INFO BlockManagerInfo: Added broadcast_8_piece0 in memory on c05002f484b8:44071 (size: 30.3 KiB, free: 434.3 MiB)
[2026-04-07T20:56:29.477+0000] {subprocess.py:106} INFO - 26/04/07 20:56:29 INFO SparkContext: Created broadcast 8 from broadcast at SparkBatch.java:79
[2026-04-07T20:56:29.493+0000] {subprocess.py:106} INFO - 26/04/07 20:56:29 INFO BlockManagerInfo: Removed broadcast_3_piece0 on c05002f484b8:44071 in memory (size: 30.2 KiB, free: 434.3 MiB)
[2026-04-07T20:56:29.494+0000] {subprocess.py:106} INFO - 26/04/07 20:56:29 INFO BlockManagerInfo: Removed broadcast_3_piece0 on 172.30.0.6:38753 in memory (size: 30.2 KiB, free: 434.4 MiB)
[2026-04-07T20:56:29.497+0000] {subprocess.py:106} INFO - 26/04/07 20:56:29 INFO MemoryStore: Block broadcast_9 stored as values in memory (estimated size 32.0 KiB, free 434.2 MiB)
[2026-04-07T20:56:29.530+0000] {subprocess.py:106} INFO - 26/04/07 20:56:29 INFO MemoryStore: Block broadcast_9_piece0 stored as bytes in memory (estimated size 30.2 KiB, free 434.2 MiB)
[2026-04-07T20:56:29.533+0000] {subprocess.py:106} INFO - 26/04/07 20:56:29 INFO BlockManagerInfo: Added broadcast_9_piece0 in memory on c05002f484b8:44071 (size: 30.2 KiB, free: 434.3 MiB)
[2026-04-07T20:56:29.534+0000] {subprocess.py:106} INFO - 26/04/07 20:56:29 INFO SparkContext: Created broadcast 9 from broadcast at SparkBatch.java:79
[2026-04-07T20:56:29.597+0000] {subprocess.py:106} INFO - 26/04/07 20:56:29 INFO MemoryStore: Block broadcast_10 stored as values in memory (estimated size 32.0 KiB, free 434.1 MiB)
[2026-04-07T20:56:29.605+0000] {subprocess.py:106} INFO - 26/04/07 20:56:29 INFO MemoryStore: Block broadcast_10_piece0 stored as bytes in memory (estimated size 30.3 KiB, free 434.1 MiB)
[2026-04-07T20:56:29.609+0000] {subprocess.py:106} INFO - 26/04/07 20:56:29 INFO BlockManagerInfo: Added broadcast_10_piece0 in memory on c05002f484b8:44071 (size: 30.3 KiB, free: 434.3 MiB)
[2026-04-07T20:56:29.624+0000] {subprocess.py:106} INFO - 26/04/07 20:56:29 INFO SparkContext: Created broadcast 10 from broadcast at SparkBatch.java:79
[2026-04-07T20:56:29.629+0000] {subprocess.py:106} INFO - 26/04/07 20:56:29 INFO MemoryStore: Block broadcast_11 stored as values in memory (estimated size 32.0 KiB, free 434.1 MiB)
[2026-04-07T20:56:29.635+0000] {subprocess.py:106} INFO - 26/04/07 20:56:29 INFO MemoryStore: Block broadcast_11_piece0 stored as bytes in memory (estimated size 30.2 KiB, free 434.0 MiB)
[2026-04-07T20:56:29.637+0000] {subprocess.py:106} INFO - 26/04/07 20:56:29 INFO BlockManagerInfo: Added broadcast_11_piece0 in memory on c05002f484b8:44071 (size: 30.2 KiB, free: 434.2 MiB)
[2026-04-07T20:56:29.638+0000] {subprocess.py:106} INFO - 26/04/07 20:56:29 INFO SparkContext: Created broadcast 11 from broadcast at SparkBatch.java:79
[2026-04-07T20:56:29.789+0000] {subprocess.py:106} INFO - 26/04/07 20:56:29 INFO CodeGenerator: Code generated in 29.383304 ms
[2026-04-07T20:56:29.887+0000] {subprocess.py:106} INFO - 26/04/07 20:56:29 INFO CodeGenerator: Code generated in 93.00847 ms
[2026-04-07T20:56:29.969+0000] {subprocess.py:106} INFO - 26/04/07 20:56:29 INFO DAGScheduler: Registering RDD 16 ($anonfun$withThreadLocalCaptured$1 at <unknown>:0) as input to shuffle 2
[2026-04-07T20:56:29.970+0000] {subprocess.py:106} INFO - 26/04/07 20:56:29 INFO DAGScheduler: Got map stage job 4 ($anonfun$withThreadLocalCaptured$1 at <unknown>:0) with 1 output partitions
[2026-04-07T20:56:29.971+0000] {subprocess.py:106} INFO - 26/04/07 20:56:29 INFO DAGScheduler: Final stage: ShuffleMapStage 6 ($anonfun$withThreadLocalCaptured$1 at <unknown>:0)
[2026-04-07T20:56:29.971+0000] {subprocess.py:106} INFO - 26/04/07 20:56:29 INFO DAGScheduler: Parents of final stage: List()
[2026-04-07T20:56:29.972+0000] {subprocess.py:106} INFO - 26/04/07 20:56:29 INFO DAGScheduler: Missing parents: List()
[2026-04-07T20:56:29.973+0000] {subprocess.py:106} INFO - 26/04/07 20:56:29 INFO DAGScheduler: Submitting ShuffleMapStage 6 (MapPartitionsRDD[16] at $anonfun$withThreadLocalCaptured$1 at <unknown>:0), which has no missing parents
[2026-04-07T20:56:29.977+0000] {subprocess.py:106} INFO - 26/04/07 20:56:29 INFO MemoryStore: Block broadcast_12 stored as values in memory (estimated size 44.9 KiB, free 434.0 MiB)
[2026-04-07T20:56:29.992+0000] {subprocess.py:106} INFO - 26/04/07 20:56:29 INFO MemoryStore: Block broadcast_12_piece0 stored as bytes in memory (estimated size 18.7 KiB, free 434.0 MiB)
[2026-04-07T20:56:29.993+0000] {subprocess.py:106} INFO - 26/04/07 20:56:29 INFO BlockManagerInfo: Added broadcast_12_piece0 in memory on c05002f484b8:44071 (size: 18.7 KiB, free: 434.2 MiB)
[2026-04-07T20:56:29.994+0000] {subprocess.py:106} INFO - 26/04/07 20:56:29 INFO SparkContext: Created broadcast 12 from broadcast at DAGScheduler.scala:1585
[2026-04-07T20:56:30.001+0000] {subprocess.py:106} INFO - 26/04/07 20:56:29 INFO DAGScheduler: Submitting 1 missing tasks from ShuffleMapStage 6 (MapPartitionsRDD[16] at $anonfun$withThreadLocalCaptured$1 at <unknown>:0) (first 15 tasks are for partitions Vector(0))
[2026-04-07T20:56:30.001+0000] {subprocess.py:106} INFO - 26/04/07 20:56:29 INFO TaskSchedulerImpl: Adding task set 6.0 with 1 tasks resource profile 0
[2026-04-07T20:56:30.003+0000] {subprocess.py:106} INFO - 26/04/07 20:56:29 INFO TaskSetManager: Starting task 0.0 in stage 6.0 (TID 4) (172.30.0.6, executor 0, partition 0, PROCESS_LOCAL, 16291 bytes)
[2026-04-07T20:56:30.027+0000] {subprocess.py:106} INFO - 26/04/07 20:56:30 INFO BlockManagerInfo: Added broadcast_12_piece0 in memory on 172.30.0.6:38753 (size: 18.7 KiB, free: 434.4 MiB)
[2026-04-07T20:56:30.534+0000] {subprocess.py:106} INFO - 26/04/07 20:56:30 INFO BlockManagerInfo: Added broadcast_9_piece0 in memory on 172.30.0.6:38753 (size: 30.2 KiB, free: 434.4 MiB)
[2026-04-07T20:56:30.796+0000] {subprocess.py:106} INFO - 26/04/07 20:56:30 INFO TaskSetManager: Finished task 0.0 in stage 6.0 (TID 4) in 801 ms on 172.30.0.6 (executor 0) (1/1)
[2026-04-07T20:56:30.797+0000] {subprocess.py:106} INFO - 26/04/07 20:56:30 INFO TaskSchedulerImpl: Removed TaskSet 6.0, whose tasks have all completed, from pool
[2026-04-07T20:56:30.799+0000] {subprocess.py:106} INFO - 26/04/07 20:56:30 INFO DAGScheduler: ShuffleMapStage 6 ($anonfun$withThreadLocalCaptured$1 at <unknown>:0) finished in 0.824 s
[2026-04-07T20:56:30.800+0000] {subprocess.py:106} INFO - 26/04/07 20:56:30 INFO DAGScheduler: looking for newly runnable stages
[2026-04-07T20:56:30.801+0000] {subprocess.py:106} INFO - 26/04/07 20:56:30 INFO DAGScheduler: running: Set()
[2026-04-07T20:56:30.802+0000] {subprocess.py:106} INFO - 26/04/07 20:56:30 INFO DAGScheduler: waiting: Set()
[2026-04-07T20:56:30.802+0000] {subprocess.py:106} INFO - 26/04/07 20:56:30 INFO DAGScheduler: failed: Set()
[2026-04-07T20:56:30.821+0000] {subprocess.py:106} INFO - 26/04/07 20:56:30 INFO MemoryStore: Block broadcast_13 stored as values in memory (estimated size 32.0 KiB, free 433.9 MiB)
[2026-04-07T20:56:30.841+0000] {subprocess.py:106} INFO - 26/04/07 20:56:30 INFO MemoryStore: Block broadcast_13_piece0 stored as bytes in memory (estimated size 30.3 KiB, free 433.9 MiB)
[2026-04-07T20:56:30.844+0000] {subprocess.py:106} INFO - 26/04/07 20:56:30 INFO BlockManagerInfo: Added broadcast_13_piece0 in memory on c05002f484b8:44071 (size: 30.3 KiB, free: 434.2 MiB)
[2026-04-07T20:56:30.847+0000] {subprocess.py:106} INFO - 26/04/07 20:56:30 INFO BlockManagerInfo: Removed broadcast_12_piece0 on 172.30.0.6:38753 in memory (size: 18.7 KiB, free: 434.4 MiB)
[2026-04-07T20:56:30.850+0000] {subprocess.py:106} INFO - 26/04/07 20:56:30 INFO SparkContext: Created broadcast 13 from broadcast at SparkBatch.java:79
[2026-04-07T20:56:30.852+0000] {subprocess.py:106} INFO - 26/04/07 20:56:30 INFO BlockManagerInfo: Removed broadcast_12_piece0 on c05002f484b8:44071 in memory (size: 18.7 KiB, free: 434.2 MiB)
[2026-04-07T20:56:30.883+0000] {subprocess.py:106} INFO - 26/04/07 20:56:30 INFO ShufflePartitionsUtil: For shuffle(2), advisory target size: 67108864, actual target size 1048576, minimum partition size: 1048576
[2026-04-07T20:56:30.966+0000] {subprocess.py:106} INFO - 26/04/07 20:56:30 INFO CodeGenerator: Code generated in 37.868964 ms
[2026-04-07T20:56:31.039+0000] {subprocess.py:106} INFO - 26/04/07 20:56:31 INFO SparkContext: Starting job: $anonfun$withThreadLocalCaptured$1 at <unknown>:0
[2026-04-07T20:56:31.042+0000] {subprocess.py:106} INFO - 26/04/07 20:56:31 INFO DAGScheduler: Got job 5 ($anonfun$withThreadLocalCaptured$1 at <unknown>:0) with 1 output partitions
[2026-04-07T20:56:31.043+0000] {subprocess.py:106} INFO - 26/04/07 20:56:31 INFO DAGScheduler: Final stage: ResultStage 8 ($anonfun$withThreadLocalCaptured$1 at <unknown>:0)
[2026-04-07T20:56:31.044+0000] {subprocess.py:106} INFO - 26/04/07 20:56:31 INFO DAGScheduler: Parents of final stage: List(ShuffleMapStage 7)
[2026-04-07T20:56:31.045+0000] {subprocess.py:106} INFO - 26/04/07 20:56:31 INFO DAGScheduler: Missing parents: List()
[2026-04-07T20:56:31.046+0000] {subprocess.py:106} INFO - 26/04/07 20:56:31 INFO DAGScheduler: Submitting ResultStage 8 (MapPartitionsRDD[19] at $anonfun$withThreadLocalCaptured$1 at <unknown>:0), which has no missing parents
[2026-04-07T20:56:31.061+0000] {subprocess.py:106} INFO - 26/04/07 20:56:31 INFO MemoryStore: Block broadcast_14 stored as values in memory (estimated size 45.0 KiB, free 433.9 MiB)
[2026-04-07T20:56:31.075+0000] {subprocess.py:106} INFO - 26/04/07 20:56:31 INFO MemoryStore: Block broadcast_14_piece0 stored as bytes in memory (estimated size 20.0 KiB, free 433.9 MiB)
[2026-04-07T20:56:31.079+0000] {subprocess.py:106} INFO - 26/04/07 20:56:31 INFO BlockManagerInfo: Added broadcast_14_piece0 in memory on c05002f484b8:44071 (size: 20.0 KiB, free: 434.2 MiB)
[2026-04-07T20:56:31.081+0000] {subprocess.py:106} INFO - 26/04/07 20:56:31 INFO SparkContext: Created broadcast 14 from broadcast at DAGScheduler.scala:1585
[2026-04-07T20:56:31.082+0000] {subprocess.py:106} INFO - 26/04/07 20:56:31 INFO BlockManagerInfo: Removed broadcast_13_piece0 on c05002f484b8:44071 in memory (size: 30.3 KiB, free: 434.2 MiB)
[2026-04-07T20:56:31.083+0000] {subprocess.py:106} INFO - 26/04/07 20:56:31 INFO DAGScheduler: Submitting 1 missing tasks from ResultStage 8 (MapPartitionsRDD[19] at $anonfun$withThreadLocalCaptured$1 at <unknown>:0) (first 15 tasks are for partitions Vector(0))
[2026-04-07T20:56:31.083+0000] {subprocess.py:106} INFO - 26/04/07 20:56:31 INFO TaskSchedulerImpl: Adding task set 8.0 with 1 tasks resource profile 0
[2026-04-07T20:56:31.085+0000] {subprocess.py:106} INFO - 26/04/07 20:56:31 INFO TaskSetManager: Starting task 0.0 in stage 8.0 (TID 5) (172.30.0.6, executor 0, partition 0, NODE_LOCAL, 9976 bytes)
[2026-04-07T20:56:31.115+0000] {subprocess.py:106} INFO - 26/04/07 20:56:31 INFO BlockManagerInfo: Added broadcast_14_piece0 in memory on 172.30.0.6:38753 (size: 20.0 KiB, free: 434.4 MiB)
[2026-04-07T20:56:31.167+0000] {subprocess.py:106} INFO - 26/04/07 20:56:31 INFO MapOutputTrackerMasterEndpoint: Asked to send map output locations for shuffle 2 to 172.30.0.6:34516
[2026-04-07T20:56:31.263+0000] {subprocess.py:106} INFO - 26/04/07 20:56:31 INFO TaskSetManager: Finished task 0.0 in stage 8.0 (TID 5) in 178 ms on 172.30.0.6 (executor 0) (1/1)
[2026-04-07T20:56:31.267+0000] {subprocess.py:106} INFO - 26/04/07 20:56:31 INFO TaskSchedulerImpl: Removed TaskSet 8.0, whose tasks have all completed, from pool
[2026-04-07T20:56:31.268+0000] {subprocess.py:106} INFO - 26/04/07 20:56:31 INFO DAGScheduler: ResultStage 8 ($anonfun$withThreadLocalCaptured$1 at <unknown>:0) finished in 0.206 s
[2026-04-07T20:56:31.268+0000] {subprocess.py:106} INFO - 26/04/07 20:56:31 INFO DAGScheduler: Job 5 is finished. Cancelling potential speculative or zombie tasks for this job
[2026-04-07T20:56:31.269+0000] {subprocess.py:106} INFO - 26/04/07 20:56:31 INFO TaskSchedulerImpl: Killing all running tasks in stage 8: Stage finished
[2026-04-07T20:56:31.269+0000] {subprocess.py:106} INFO - 26/04/07 20:56:31 INFO DAGScheduler: Job 5 finished: $anonfun$withThreadLocalCaptured$1 at <unknown>:0, took 0.225304 s
[2026-04-07T20:56:31.294+0000] {subprocess.py:106} INFO - 26/04/07 20:56:31 INFO CodeGenerator: Code generated in 7.578905 ms
[2026-04-07T20:56:31.314+0000] {subprocess.py:106} INFO - 26/04/07 20:56:31 INFO BlockManagerInfo: Removed broadcast_14_piece0 on c05002f484b8:44071 in memory (size: 20.0 KiB, free: 434.2 MiB)
[2026-04-07T20:56:31.319+0000] {subprocess.py:106} INFO - 26/04/07 20:56:31 INFO BlockManagerInfo: Removed broadcast_14_piece0 on 172.30.0.6:38753 in memory (size: 20.0 KiB, free: 434.4 MiB)
[2026-04-07T20:56:31.337+0000] {subprocess.py:106} INFO - 26/04/07 20:56:31 INFO MemoryStore: Block broadcast_15_piece0 stored as bytes in memory (estimated size 25.9 KiB, free 434.0 MiB)
[2026-04-07T20:56:31.338+0000] {subprocess.py:106} INFO - 26/04/07 20:56:31 INFO BlockManagerInfo: Added broadcast_15_piece0 in memory on c05002f484b8:44071 (size: 25.9 KiB, free: 434.2 MiB)
[2026-04-07T20:56:31.339+0000] {subprocess.py:106} INFO - 26/04/07 20:56:31 INFO SparkContext: Created broadcast 15 from $anonfun$withThreadLocalCaptured$1 at <unknown>:0
[2026-04-07T20:56:31.346+0000] {subprocess.py:106} INFO - 26/04/07 20:56:31 INFO MemoryStore: Block broadcast_16 stored as values in memory (estimated size 32.0 KiB, free 434.0 MiB)
[2026-04-07T20:56:31.349+0000] {subprocess.py:106} INFO - 26/04/07 20:56:31 INFO MemoryStore: Block broadcast_16_piece0 stored as bytes in memory (estimated size 30.2 KiB, free 433.9 MiB)
[2026-04-07T20:56:31.350+0000] {subprocess.py:106} INFO - 26/04/07 20:56:31 INFO BlockManagerInfo: Added broadcast_16_piece0 in memory on c05002f484b8:44071 (size: 30.2 KiB, free: 434.2 MiB)
[2026-04-07T20:56:31.351+0000] {subprocess.py:106} INFO - 26/04/07 20:56:31 INFO SparkContext: Created broadcast 16 from broadcast at SparkBatch.java:79
[2026-04-07T20:56:31.442+0000] {subprocess.py:106} INFO - 26/04/07 20:56:31 INFO CodeGenerator: Code generated in 41.87681 ms
[2026-04-07T20:56:31.467+0000] {subprocess.py:106} INFO - 26/04/07 20:56:31 INFO DAGScheduler: Registering RDD 23 ($anonfun$withThreadLocalCaptured$1 at <unknown>:0) as input to shuffle 3
[2026-04-07T20:56:31.469+0000] {subprocess.py:106} INFO - 26/04/07 20:56:31 INFO DAGScheduler: Got map stage job 6 ($anonfun$withThreadLocalCaptured$1 at <unknown>:0) with 1 output partitions
[2026-04-07T20:56:31.469+0000] {subprocess.py:106} INFO - 26/04/07 20:56:31 INFO DAGScheduler: Final stage: ShuffleMapStage 9 ($anonfun$withThreadLocalCaptured$1 at <unknown>:0)
[2026-04-07T20:56:31.470+0000] {subprocess.py:106} INFO - 26/04/07 20:56:31 INFO DAGScheduler: Parents of final stage: List()
[2026-04-07T20:56:31.471+0000] {subprocess.py:106} INFO - 26/04/07 20:56:31 INFO DAGScheduler: Missing parents: List()
[2026-04-07T20:56:31.471+0000] {subprocess.py:106} INFO - 26/04/07 20:56:31 INFO DAGScheduler: Submitting ShuffleMapStage 9 (MapPartitionsRDD[23] at $anonfun$withThreadLocalCaptured$1 at <unknown>:0), which has no missing parents
[2026-04-07T20:56:31.476+0000] {subprocess.py:106} INFO - 26/04/07 20:56:31 INFO MemoryStore: Block broadcast_17 stored as values in memory (estimated size 58.0 KiB, free 433.9 MiB)
[2026-04-07T20:56:31.487+0000] {subprocess.py:106} INFO - 26/04/07 20:56:31 INFO MemoryStore: Block broadcast_17_piece0 stored as bytes in memory (estimated size 24.4 KiB, free 433.9 MiB)
[2026-04-07T20:56:31.488+0000] {subprocess.py:106} INFO - 26/04/07 20:56:31 INFO BlockManagerInfo: Added broadcast_17_piece0 in memory on c05002f484b8:44071 (size: 24.4 KiB, free: 434.1 MiB)
[2026-04-07T20:56:31.489+0000] {subprocess.py:106} INFO - 26/04/07 20:56:31 INFO BlockManagerInfo: Removed broadcast_16_piece0 on c05002f484b8:44071 in memory (size: 30.2 KiB, free: 434.2 MiB)
[2026-04-07T20:56:31.489+0000] {subprocess.py:106} INFO - 26/04/07 20:56:31 INFO SparkContext: Created broadcast 17 from broadcast at DAGScheduler.scala:1585
[2026-04-07T20:56:31.491+0000] {subprocess.py:106} INFO - 26/04/07 20:56:31 INFO DAGScheduler: Submitting 1 missing tasks from ShuffleMapStage 9 (MapPartitionsRDD[23] at $anonfun$withThreadLocalCaptured$1 at <unknown>:0) (first 15 tasks are for partitions Vector(0))
[2026-04-07T20:56:31.491+0000] {subprocess.py:106} INFO - 26/04/07 20:56:31 INFO TaskSchedulerImpl: Adding task set 9.0 with 1 tasks resource profile 0
[2026-04-07T20:56:31.495+0000] {subprocess.py:106} INFO - 26/04/07 20:56:31 INFO TaskSetManager: Starting task 0.0 in stage 9.0 (TID 6) (172.30.0.6, executor 0, partition 0, PROCESS_LOCAL, 15944 bytes)
[2026-04-07T20:56:31.513+0000] {subprocess.py:106} INFO - 26/04/07 20:56:31 INFO BlockManagerInfo: Added broadcast_17_piece0 in memory on 172.30.0.6:38753 (size: 24.4 KiB, free: 434.3 MiB)
[2026-04-07T20:56:31.656+0000] {subprocess.py:106} INFO - 26/04/07 20:56:31 INFO BlockManagerInfo: Added broadcast_15_piece0 in memory on 172.30.0.6:38753 (size: 25.9 KiB, free: 434.3 MiB)
[2026-04-07T20:56:31.720+0000] {subprocess.py:106} INFO - 26/04/07 20:56:31 INFO BlockManagerInfo: Added broadcast_8_piece0 in memory on 172.30.0.6:38753 (size: 30.3 KiB, free: 434.3 MiB)
[2026-04-07T20:56:31.988+0000] {subprocess.py:106} INFO - 26/04/07 20:56:31 INFO TaskSetManager: Finished task 0.0 in stage 9.0 (TID 6) in 494 ms on 172.30.0.6 (executor 0) (1/1)
[2026-04-07T20:56:31.992+0000] {subprocess.py:106} INFO - 26/04/07 20:56:31 INFO TaskSchedulerImpl: Removed TaskSet 9.0, whose tasks have all completed, from pool
[2026-04-07T20:56:31.996+0000] {subprocess.py:106} INFO - 26/04/07 20:56:31 INFO DAGScheduler: ShuffleMapStage 9 ($anonfun$withThreadLocalCaptured$1 at <unknown>:0) finished in 0.515 s
[2026-04-07T20:56:31.998+0000] {subprocess.py:106} INFO - 26/04/07 20:56:31 INFO DAGScheduler: looking for newly runnable stages
[2026-04-07T20:56:32.001+0000] {subprocess.py:106} INFO - 26/04/07 20:56:31 INFO DAGScheduler: running: Set()
[2026-04-07T20:56:32.001+0000] {subprocess.py:106} INFO - 26/04/07 20:56:31 INFO DAGScheduler: waiting: Set()
[2026-04-07T20:56:32.002+0000] {subprocess.py:106} INFO - 26/04/07 20:56:31 INFO DAGScheduler: failed: Set()
[2026-04-07T20:56:32.007+0000] {subprocess.py:106} INFO - 26/04/07 20:56:32 INFO MemoryStore: Block broadcast_18 stored as values in memory (estimated size 40.0 B, free 433.9 MiB)
[2026-04-07T20:56:32.044+0000] {subprocess.py:106} INFO - 26/04/07 20:56:32 INFO MemoryStore: Block broadcast_18_piece0 stored as bytes in memory (estimated size 86.0 B, free 433.9 MiB)
[2026-04-07T20:56:32.045+0000] {subprocess.py:106} INFO - 26/04/07 20:56:32 INFO BlockManagerInfo: Added broadcast_18_piece0 in memory on c05002f484b8:44071 (size: 86.0 B, free: 434.2 MiB)
[2026-04-07T20:56:32.052+0000] {subprocess.py:106} INFO - 26/04/07 20:56:32 INFO SparkContext: Created broadcast 18 from sql at <unknown>:0
[2026-04-07T20:56:32.066+0000] {subprocess.py:106} INFO - 26/04/07 20:56:32 INFO BlockManagerInfo: Removed broadcast_17_piece0 on c05002f484b8:44071 in memory (size: 24.4 KiB, free: 434.2 MiB)
[2026-04-07T20:56:32.078+0000] {subprocess.py:106} INFO - 26/04/07 20:56:32 INFO BlockManagerInfo: Removed broadcast_17_piece0 on 172.30.0.6:38753 in memory (size: 24.4 KiB, free: 434.3 MiB)
[2026-04-07T20:56:32.102+0000] {subprocess.py:106} INFO - 26/04/07 20:56:32 INFO SparkCopyOnWriteScan: 0 of 2 task(s) for table iceberg.silver.it_jobs_clean matched runtime file filter with 0 location(s)
[2026-04-07T20:56:32.109+0000] {subprocess.py:106} INFO - 26/04/07 20:56:32 INFO MemoryStore: Block broadcast_19 stored as values in memory (estimated size 32.0 KiB, free 434.0 MiB)
[2026-04-07T20:56:32.112+0000] {subprocess.py:106} INFO - 26/04/07 20:56:32 INFO MemoryStore: Block broadcast_19_piece0 stored as bytes in memory (estimated size 30.3 KiB, free 433.9 MiB)
[2026-04-07T20:56:32.114+0000] {subprocess.py:106} INFO - 26/04/07 20:56:32 INFO BlockManagerInfo: Added broadcast_19_piece0 in memory on c05002f484b8:44071 (size: 30.3 KiB, free: 434.2 MiB)
[2026-04-07T20:56:32.122+0000] {subprocess.py:106} INFO - 26/04/07 20:56:32 INFO SparkContext: Created broadcast 19 from broadcast at SparkBatch.java:79
[2026-04-07T20:56:32.175+0000] {subprocess.py:106} INFO - 26/04/07 20:56:32 INFO CodeGenerator: Code generated in 15.7463 ms
[2026-04-07T20:56:32.243+0000] {subprocess.py:106} INFO - 26/04/07 20:56:32 INFO CodeGenerator: Code generated in 44.672031 ms
[2026-04-07T20:56:32.311+0000] {subprocess.py:106} INFO - 26/04/07 20:56:32 INFO DAGScheduler: Registering RDD 33 (sql at <unknown>:0) as input to shuffle 4
[2026-04-07T20:56:32.312+0000] {subprocess.py:106} INFO - 26/04/07 20:56:32 INFO DAGScheduler: Got map stage job 7 (sql at <unknown>:0) with 1 output partitions
[2026-04-07T20:56:32.313+0000] {subprocess.py:106} INFO - 26/04/07 20:56:32 INFO DAGScheduler: Final stage: ShuffleMapStage 10 (sql at <unknown>:0)
[2026-04-07T20:56:32.313+0000] {subprocess.py:106} INFO - 26/04/07 20:56:32 INFO DAGScheduler: Parents of final stage: List()
[2026-04-07T20:56:32.317+0000] {subprocess.py:106} INFO - 26/04/07 20:56:32 INFO DAGScheduler: Missing parents: List()
[2026-04-07T20:56:32.318+0000] {subprocess.py:106} INFO - 26/04/07 20:56:32 INFO DAGScheduler: Submitting ShuffleMapStage 10 (MapPartitionsRDD[33] at sql at <unknown>:0), which has no missing parents
[2026-04-07T20:56:32.337+0000] {subprocess.py:106} INFO - 26/04/07 20:56:32 INFO MemoryStore: Block broadcast_20 stored as values in memory (estimated size 59.0 KiB, free 433.9 MiB)
[2026-04-07T20:56:32.353+0000] {subprocess.py:106} INFO - 26/04/07 20:56:32 INFO MemoryStore: Block broadcast_20_piece0 stored as bytes in memory (estimated size 22.9 KiB, free 433.9 MiB)
[2026-04-07T20:56:32.357+0000] {subprocess.py:106} INFO - 26/04/07 20:56:32 INFO BlockManagerInfo: Added broadcast_20_piece0 in memory on c05002f484b8:44071 (size: 22.9 KiB, free: 434.1 MiB)
[2026-04-07T20:56:32.357+0000] {subprocess.py:106} INFO - 26/04/07 20:56:32 INFO BlockManagerInfo: Removed broadcast_19_piece0 on c05002f484b8:44071 in memory (size: 30.3 KiB, free: 434.2 MiB)
[2026-04-07T20:56:32.358+0000] {subprocess.py:106} INFO - 26/04/07 20:56:32 INFO SparkContext: Created broadcast 20 from broadcast at DAGScheduler.scala:1585
[2026-04-07T20:56:32.359+0000] {subprocess.py:106} INFO - 26/04/07 20:56:32 INFO DAGScheduler: Submitting 1 missing tasks from ShuffleMapStage 10 (MapPartitionsRDD[33] at sql at <unknown>:0) (first 15 tasks are for partitions Vector(0))
[2026-04-07T20:56:32.359+0000] {subprocess.py:106} INFO - 26/04/07 20:56:32 INFO TaskSchedulerImpl: Adding task set 10.0 with 1 tasks resource profile 0
[2026-04-07T20:56:32.361+0000] {subprocess.py:106} INFO - 26/04/07 20:56:32 INFO TaskSetManager: Starting task 0.0 in stage 10.0 (TID 7) (172.30.0.6, executor 0, partition 0, PROCESS_LOCAL, 16291 bytes)
[2026-04-07T20:56:32.383+0000] {subprocess.py:106} INFO - 26/04/07 20:56:32 INFO BlockManagerInfo: Added broadcast_20_piece0 in memory on 172.30.0.6:38753 (size: 22.9 KiB, free: 434.3 MiB)
[2026-04-07T20:56:35.597+0000] {subprocess.py:106} INFO - 26/04/07 20:56:35 INFO BlockManagerInfo: Added broadcast_11_piece0 in memory on 172.30.0.6:38753 (size: 30.2 KiB, free: 434.3 MiB)
[2026-04-07T20:56:36.226+0000] {subprocess.py:106} INFO - 26/04/07 20:56:36 INFO TaskSetManager: Finished task 0.0 in stage 10.0 (TID 7) in 3873 ms on 172.30.0.6 (executor 0) (1/1)
[2026-04-07T20:56:36.227+0000] {subprocess.py:106} INFO - 26/04/07 20:56:36 INFO TaskSchedulerImpl: Removed TaskSet 10.0, whose tasks have all completed, from pool
[2026-04-07T20:56:36.229+0000] {subprocess.py:106} INFO - 26/04/07 20:56:36 INFO DAGScheduler: ShuffleMapStage 10 (sql at <unknown>:0) finished in 3.911 s
[2026-04-07T20:56:36.231+0000] {subprocess.py:106} INFO - 26/04/07 20:56:36 INFO DAGScheduler: looking for newly runnable stages
[2026-04-07T20:56:36.232+0000] {subprocess.py:106} INFO - 26/04/07 20:56:36 INFO DAGScheduler: running: Set()
[2026-04-07T20:56:36.232+0000] {subprocess.py:106} INFO - 26/04/07 20:56:36 INFO DAGScheduler: waiting: Set()
[2026-04-07T20:56:36.233+0000] {subprocess.py:106} INFO - 26/04/07 20:56:36 INFO DAGScheduler: failed: Set()
[2026-04-07T20:56:36.245+0000] {subprocess.py:106} INFO - 26/04/07 20:56:36 INFO ShufflePartitionsUtil: For shuffle(4), advisory target size: 67108864, actual target size 1048576, minimum partition size: 1048576
[2026-04-07T20:56:36.275+0000] {subprocess.py:106} INFO - 26/04/07 20:56:36 WARN SparkStringUtils: Truncated the string representation of a plan since it was too large. This behavior can be adjusted by setting 'spark.sql.debug.maxToStringFields'.
[2026-04-07T20:56:36.299+0000] {subprocess.py:106} INFO - 26/04/07 20:56:36 INFO CodeGenerator: Code generated in 15.647981 ms
[2026-04-07T20:56:36.353+0000] {subprocess.py:106} INFO - 26/04/07 20:56:36 INFO CodeGenerator: Code generated in 26.382096 ms
[2026-04-07T20:56:36.379+0000] {subprocess.py:106} INFO - 26/04/07 20:56:36 INFO CodeGenerator: Code generated in 20.038477 ms
[2026-04-07T20:56:36.467+0000] {subprocess.py:106} INFO - 26/04/07 20:56:36 INFO MemoryStore: Block broadcast_21 stored as values in memory (estimated size 32.0 KiB, free 433.9 MiB)
[2026-04-07T20:56:36.480+0000] {subprocess.py:106} INFO - 26/04/07 20:56:36 INFO MemoryStore: Block broadcast_21_piece0 stored as bytes in memory (estimated size 30.2 KiB, free 433.9 MiB)
[2026-04-07T20:56:36.494+0000] {subprocess.py:106} INFO - 26/04/07 20:56:36 INFO BlockManagerInfo: Added broadcast_21_piece0 in memory on c05002f484b8:44071 (size: 30.2 KiB, free: 434.1 MiB)
[2026-04-07T20:56:36.498+0000] {subprocess.py:106} INFO - 26/04/07 20:56:36 INFO BlockManagerInfo: Removed broadcast_20_piece0 on c05002f484b8:44071 in memory (size: 22.9 KiB, free: 434.2 MiB)
[2026-04-07T20:56:36.500+0000] {subprocess.py:106} INFO - 26/04/07 20:56:36 INFO SparkContext: Created broadcast 21 from broadcast at SparkWrite.java:193
[2026-04-07T20:56:36.502+0000] {subprocess.py:106} INFO - 26/04/07 20:56:36 INFO ReplaceDataExec: Start processing data source write support: IcebergBatchWrite(table=iceberg.silver.it_jobs_clean, format=PARQUET). The input RDD has 1 partitions.
[2026-04-07T20:56:36.504+0000] {subprocess.py:106} INFO - 26/04/07 20:56:36 INFO BlockManagerInfo: Removed broadcast_20_piece0 on 172.30.0.6:38753 in memory (size: 22.9 KiB, free: 434.3 MiB)
[2026-04-07T20:56:36.511+0000] {subprocess.py:106} INFO - 26/04/07 20:56:36 INFO SparkContext: Starting job: sql at <unknown>:0
[2026-04-07T20:56:36.513+0000] {subprocess.py:106} INFO - 26/04/07 20:56:36 INFO DAGScheduler: Got job 8 (sql at <unknown>:0) with 1 output partitions
[2026-04-07T20:56:36.513+0000] {subprocess.py:106} INFO - 26/04/07 20:56:36 INFO DAGScheduler: Final stage: ResultStage 12 (sql at <unknown>:0)
[2026-04-07T20:56:36.515+0000] {subprocess.py:106} INFO - 26/04/07 20:56:36 INFO DAGScheduler: Parents of final stage: List(ShuffleMapStage 11)
[2026-04-07T20:56:36.520+0000] {subprocess.py:106} INFO - 26/04/07 20:56:36 INFO DAGScheduler: Missing parents: List()
[2026-04-07T20:56:36.523+0000] {subprocess.py:106} INFO - 26/04/07 20:56:36 INFO DAGScheduler: Submitting ResultStage 12 (MapPartitionsRDD[39] at sql at <unknown>:0), which has no missing parents
[2026-04-07T20:56:36.551+0000] {subprocess.py:106} INFO - 26/04/07 20:56:36 INFO MemoryStore: Block broadcast_22 stored as values in memory (estimated size 97.3 KiB, free 433.9 MiB)
[2026-04-07T20:56:36.552+0000] {subprocess.py:106} INFO - 26/04/07 20:56:36 INFO MemoryStore: Block broadcast_22_piece0 stored as bytes in memory (estimated size 33.5 KiB, free 433.8 MiB)
[2026-04-07T20:56:36.552+0000] {subprocess.py:106} INFO - 26/04/07 20:56:36 INFO BlockManagerInfo: Added broadcast_22_piece0 in memory on c05002f484b8:44071 (size: 33.5 KiB, free: 434.1 MiB)
[2026-04-07T20:56:36.553+0000] {subprocess.py:106} INFO - 26/04/07 20:56:36 INFO SparkContext: Created broadcast 22 from broadcast at DAGScheduler.scala:1585
[2026-04-07T20:56:36.554+0000] {subprocess.py:106} INFO - 26/04/07 20:56:36 INFO DAGScheduler: Submitting 1 missing tasks from ResultStage 12 (MapPartitionsRDD[39] at sql at <unknown>:0) (first 15 tasks are for partitions Vector(0))
[2026-04-07T20:56:36.555+0000] {subprocess.py:106} INFO - 26/04/07 20:56:36 INFO TaskSchedulerImpl: Adding task set 12.0 with 1 tasks resource profile 0
[2026-04-07T20:56:36.559+0000] {subprocess.py:106} INFO - 26/04/07 20:56:36 INFO TaskSetManager: Starting task 0.0 in stage 12.0 (TID 8) (172.30.0.6, executor 0, partition 0, NODE_LOCAL, 9976 bytes)
[2026-04-07T20:56:36.602+0000] {subprocess.py:106} INFO - 26/04/07 20:56:36 INFO BlockManagerInfo: Added broadcast_22_piece0 in memory on 172.30.0.6:38753 (size: 33.5 KiB, free: 434.3 MiB)
[2026-04-07T20:56:36.659+0000] {subprocess.py:106} INFO - 26/04/07 20:56:36 INFO MapOutputTrackerMasterEndpoint: Asked to send map output locations for shuffle 4 to 172.30.0.6:34516
[2026-04-07T20:56:37.202+0000] {subprocess.py:106} INFO - 26/04/07 20:56:37 INFO BlockManagerInfo: Added broadcast_21_piece0 in memory on 172.30.0.6:38753 (size: 30.2 KiB, free: 434.2 MiB)
[2026-04-07T20:56:38.090+0000] {subprocess.py:106} INFO - 26/04/07 20:56:38 INFO TaskSetManager: Finished task 0.0 in stage 12.0 (TID 8) in 1530 ms on 172.30.0.6 (executor 0) (1/1)
[2026-04-07T20:56:38.094+0000] {subprocess.py:106} INFO - 26/04/07 20:56:38 INFO TaskSchedulerImpl: Removed TaskSet 12.0, whose tasks have all completed, from pool
[2026-04-07T20:56:38.095+0000] {subprocess.py:106} INFO - 26/04/07 20:56:38 INFO DAGScheduler: ResultStage 12 (sql at <unknown>:0) finished in 1.553 s
[2026-04-07T20:56:38.096+0000] {subprocess.py:106} INFO - 26/04/07 20:56:38 INFO DAGScheduler: Job 8 is finished. Cancelling potential speculative or zombie tasks for this job
[2026-04-07T20:56:38.096+0000] {subprocess.py:106} INFO - 26/04/07 20:56:38 INFO TaskSchedulerImpl: Killing all running tasks in stage 12: Stage finished
[2026-04-07T20:56:38.097+0000] {subprocess.py:106} INFO - 26/04/07 20:56:38 INFO DAGScheduler: Job 8 finished: sql at <unknown>:0, took 1.580649 s
[2026-04-07T20:56:38.097+0000] {subprocess.py:106} INFO - 26/04/07 20:56:38 INFO ReplaceDataExec: Data source write support IcebergBatchWrite(table=iceberg.silver.it_jobs_clean, format=PARQUET) is committing.
[2026-04-07T20:56:38.134+0000] {subprocess.py:106} INFO - 26/04/07 20:56:38 INFO SparkWrite: Committing overwrite of 0 data files with 1 new data files, scanSnapshotId: 6710742925633916238, conflictDetectionFilter: true to table iceberg.silver.it_jobs_clean
[2026-04-07T20:56:38.567+0000] {subprocess.py:106} INFO - 26/04/07 20:56:38 INFO BlockManagerInfo: Removed broadcast_22_piece0 on c05002f484b8:44071 in memory (size: 33.5 KiB, free: 434.2 MiB)
[2026-04-07T20:56:38.570+0000] {subprocess.py:106} INFO - 26/04/07 20:56:38 INFO BlockManagerInfo: Removed broadcast_22_piece0 on 172.30.0.6:38753 in memory (size: 33.5 KiB, free: 434.3 MiB)
[2026-04-07T20:56:39.019+0000] {subprocess.py:106} INFO - 26/04/07 20:56:39 INFO HiveTableOperations: Committed to table iceberg.silver.it_jobs_clean with the new metadata location s3a://warehouse/iceberg_data/silver.db/it_jobs_clean/metadata/00001-019507f5-4dab-4ccd-8ba9-03ec7a4db7b4.metadata.json
[2026-04-07T20:56:39.020+0000] {subprocess.py:106} INFO - 26/04/07 20:56:39 INFO BaseMetastoreTableOperations: Successfully committed to table iceberg.silver.it_jobs_clean in 284 ms
[2026-04-07T20:56:39.020+0000] {subprocess.py:106} INFO - 26/04/07 20:56:39 INFO SnapshotProducer: Committed snapshot 6184797946885530623 (BaseOverwriteFiles)
[2026-04-07T20:56:39.036+0000] {subprocess.py:106} INFO - 26/04/07 20:56:39 INFO BaseMetastoreTableOperations: Refreshing table metadata from new version: s3a://warehouse/iceberg_data/silver.db/it_jobs_clean/metadata/00001-019507f5-4dab-4ccd-8ba9-03ec7a4db7b4.metadata.json
[2026-04-07T20:56:39.103+0000] {subprocess.py:106} INFO - 26/04/07 20:56:39 INFO LoggingMetricsReporter: Received metrics report: CommitReport{tableName=iceberg.silver.it_jobs_clean, snapshotId=6184797946885530623, sequenceNumber=2, operation=append, commitMetrics=CommitMetricsResult{totalDuration=TimerResult{timeUnit=NANOSECONDS, totalDuration=PT0.940553925S, count=1}, attempts=CounterResult{unit=COUNT, value=1}, addedDataFiles=CounterResult{unit=COUNT, value=1}, removedDataFiles=null, totalDataFiles=CounterResult{unit=COUNT, value=3}, addedDeleteFiles=null, addedEqualityDeleteFiles=null, addedPositionalDeleteFiles=null, removedDeleteFiles=null, removedEqualityDeleteFiles=null, removedPositionalDeleteFiles=null, totalDeleteFiles=CounterResult{unit=COUNT, value=0}, addedRecords=CounterResult{unit=COUNT, value=488}, removedRecords=null, totalRecords=CounterResult{unit=COUNT, value=9491}, addedFilesSizeInBytes=CounterResult{unit=BYTES, value=34388}, removedFilesSizeInBytes=null, totalFilesSizeInBytes=CounterResult{unit=BYTES, value=405192}, addedPositionalDeletes=null, removedPositionalDeletes=null, totalPositionalDeletes=CounterResult{unit=COUNT, value=0}, addedEqualityDeletes=null, removedEqualityDeletes=null, totalEqualityDeletes=CounterResult{unit=COUNT, value=0}}, metadata={engine-version=3.5.3, app-id=app-20260407205610-0001, engine-name=spark, iceberg-version=Apache Iceberg 1.6.1 (commit 8e9d59d299be42b0bca9461457cd1e95dbaad086)}}
[2026-04-07T20:56:39.103+0000] {subprocess.py:106} INFO - 26/04/07 20:56:39 INFO SparkWrite: Committed in 967 ms
[2026-04-07T20:56:39.104+0000] {subprocess.py:106} INFO - 26/04/07 20:56:39 INFO ReplaceDataExec: Data source write support IcebergBatchWrite(table=iceberg.silver.it_jobs_clean, format=PARQUET) committed.
[2026-04-07T20:56:39.105+0000] {subprocess.py:106} INFO - >>> SUCCESS: Data Merged (Upsert).
[2026-04-07T20:56:39.106+0000] {subprocess.py:106} INFO - 26/04/07 20:56:39 INFO SparkContext: SparkContext is stopping with exitCode 0.
[2026-04-07T20:56:39.118+0000] {subprocess.py:106} INFO - 26/04/07 20:56:39 INFO SparkUI: Stopped Spark web UI at http://c05002f484b8:4040
[2026-04-07T20:56:39.124+0000] {subprocess.py:106} INFO - 26/04/07 20:56:39 INFO StandaloneSchedulerBackend: Shutting down all executors
[2026-04-07T20:56:39.124+0000] {subprocess.py:106} INFO - 26/04/07 20:56:39 INFO StandaloneSchedulerBackend$StandaloneDriverEndpoint: Asking each executor to shut down
[2026-04-07T20:56:39.159+0000] {subprocess.py:106} INFO - 26/04/07 20:56:39 INFO MapOutputTrackerMasterEndpoint: MapOutputTrackerMasterEndpoint stopped!
[2026-04-07T20:56:39.189+0000] {subprocess.py:106} INFO - 26/04/07 20:56:39 INFO MemoryStore: MemoryStore cleared
[2026-04-07T20:56:39.190+0000] {subprocess.py:106} INFO - 26/04/07 20:56:39 INFO BlockManager: BlockManager stopped
[2026-04-07T20:56:39.198+0000] {subprocess.py:106} INFO - 26/04/07 20:56:39 INFO BlockManagerMaster: BlockManagerMaster stopped
[2026-04-07T20:56:39.221+0000] {subprocess.py:106} INFO - 26/04/07 20:56:39 INFO OutputCommitCoordinator$OutputCommitCoordinatorEndpoint: OutputCommitCoordinator stopped!
[2026-04-07T20:56:39.323+0000] {subprocess.py:106} INFO - 26/04/07 20:56:39 INFO SparkContext: Successfully stopped SparkContext
[2026-04-07T20:56:39.438+0000] {subprocess.py:106} INFO - 26/04/07 20:56:39 INFO ShutdownHookManager: Shutdown hook called
[2026-04-07T20:56:39.438+0000] {subprocess.py:106} INFO - 26/04/07 20:56:39 INFO ShutdownHookManager: Deleting directory /tmp/spark-510c4ddc-75d0-466b-aed1-81fae37d846f/pyspark-25e18369-d969-403e-b97c-249a3d847efc
[2026-04-07T20:56:39.441+0000] {subprocess.py:106} INFO - 26/04/07 20:56:39 INFO ShutdownHookManager: Deleting directory /tmp/spark-510c4ddc-75d0-466b-aed1-81fae37d846f
[2026-04-07T20:56:39.444+0000] {subprocess.py:106} INFO - 26/04/07 20:56:39 INFO ShutdownHookManager: Deleting directory /tmp/spark-87ef2fe3-1633-41e5-929b-4a2243114d7a
[2026-04-07T20:56:39.451+0000] {subprocess.py:106} INFO - 26/04/07 20:56:39 INFO MetricsSystemImpl: Stopping s3a-file-system metrics system...
[2026-04-07T20:56:39.452+0000] {subprocess.py:106} INFO - 26/04/07 20:56:39 INFO MetricsSystemImpl: s3a-file-system metrics system stopped.
[2026-04-07T20:56:39.452+0000] {subprocess.py:106} INFO - 26/04/07 20:56:39 INFO MetricsSystemImpl: s3a-file-system metrics system shutdown complete.
[2026-04-07T20:56:39.524+0000] {subprocess.py:110} INFO - Command exited with return code 0
[2026-04-07T20:56:39.585+0000] {taskinstance.py:341} INFO - ::group::Post task execution logs
[2026-04-07T20:56:39.586+0000] {taskinstance.py:353} INFO - Marking task as SUCCESS. dag_id=crawl_etl_itjob, task_id=clean_silver, run_id=scheduled__2026-04-06T02:00:00+00:00, execution_date=20260406T020000, start_date=20260407T205604, end_date=20260407T205639
[2026-04-07T20:56:39.686+0000] {local_task_job_runner.py:266} INFO - Task exited with return code 0
[2026-04-07T20:56:39.725+0000] {taskinstance.py:3901} INFO - 1 downstream tasks scheduled from follow-on schedule check
[2026-04-07T20:56:39.727+0000] {local_task_job_runner.py:245} INFO - ::endgroup::
