[2026-05-10T07:30:26.594+0000] {local_task_job_runner.py:123} INFO - ::group::Pre task execution logs
[2026-05-10T07:30:26.636+0000] {taskinstance.py:2614} INFO - Dependencies all met for dep_context=non-requeueable deps ti=<TaskInstance: crawl_etl_itjob.clean_silver scheduled__2026-05-09T02:00:00+00:00 [queued]>
[2026-05-10T07:30:26.648+0000] {taskinstance.py:2614} INFO - Dependencies all met for dep_context=requeueable deps ti=<TaskInstance: crawl_etl_itjob.clean_silver scheduled__2026-05-09T02:00:00+00:00 [queued]>
[2026-05-10T07:30:26.649+0000] {taskinstance.py:2867} INFO - Starting attempt 1 of 2
[2026-05-10T07:30:26.663+0000] {taskinstance.py:2890} INFO - Executing <Task(BashOperator): clean_silver> on 2026-05-09 02:00:00+00:00
[2026-05-10T07:30:26.668+0000] {standard_task_runner.py:72} INFO - Started process 69 to run task
[2026-05-10T07:30:26.672+0000] {standard_task_runner.py:104} INFO - Running: ['***', 'tasks', 'run', 'crawl_etl_itjob', 'clean_silver', 'scheduled__2026-05-09T02:00:00+00:00', '--job-id', '191', '--raw', '--subdir', 'DAGS_FOLDER/Crawl_ETL_ITJob.py', '--cfg-path', '/tmp/tmpqrh6__gz']
[2026-05-10T07:30:26.673+0000] {standard_task_runner.py:105} INFO - Job 191: Subtask clean_silver
[2026-05-10T07:30:26.700+0000] {warnings.py:109} WARNING - /home/***/.local/lib/python3.8/site-packages/***/settings.py:209: DeprecationWarning: The sql_alchemy_conn option in [core] has been moved to the sql_alchemy_conn option in [database] - the old setting has been used, but please update your config.
  SQL_ALCHEMY_CONN = conf.get("database", "SQL_ALCHEMY_CONN")

[2026-05-10T07:30:26.784+0000] {task_command.py:467} INFO - Running <TaskInstance: crawl_etl_itjob.clean_silver scheduled__2026-05-09T02:00:00+00:00 [running]> on host 64b3786bead1
[2026-05-10T07:30:26.785+0000] {warnings.py:109} WARNING - /home/***/.local/lib/python3.8/site-packages/***/settings.py:470: DeprecationWarning: The sql_alchemy_conn option in [core] has been moved to the sql_alchemy_conn option in [database] - the old setting has been used, but please update your config.
  if conf.get("database", "sql_alchemy_conn") == "none://":

[2026-05-10T07:30:26.918+0000] {taskinstance.py:3134} INFO - Exporting env vars: AIRFLOW_CTX_DAG_EMAIL='hoa856856@gmail.com' AIRFLOW_CTX_DAG_OWNER='***' AIRFLOW_CTX_DAG_ID='crawl_etl_itjob' AIRFLOW_CTX_TASK_ID='clean_silver' AIRFLOW_CTX_EXECUTION_DATE='2026-05-09T02:00:00+00:00' AIRFLOW_CTX_TRY_NUMBER='1' AIRFLOW_CTX_DAG_RUN_ID='scheduled__2026-05-09T02:00:00+00:00'
[2026-05-10T07:30:26.919+0000] {taskinstance.py:732} INFO - ::endgroup::
[2026-05-10T07:30:26.931+0000] {subprocess.py:78} INFO - Tmp dir root location: /tmp
[2026-05-10T07:30:26.932+0000] {subprocess.py:88} INFO - Running command: ['/bin/bash', '-c', "\n        docker exec spark-submit bash -c '\n        /opt/spark/bin/spark-submit         --master spark://spark-master:7077         --deploy-mode client         --packages org.apache.iceberg:iceberg-spark-runtime-3.5_2.12:1.5.0,org.apache.hadoop:hadoop-aws:3.3.4,com.amazonaws:aws-java-sdk-bundle:1.12.262         /opt/spark/scripts/Clean_Silver.py\n        '\n        "]
[2026-05-10T07:30:26.942+0000] {subprocess.py:99} INFO - Output:
[2026-05-10T07:30:28.966+0000] {subprocess.py:106} INFO - :: loading settings :: url = jar:file:/opt/spark/jars/ivy-2.5.1.jar!/org/apache/ivy/core/settings/ivysettings.xml
[2026-05-10T07:30:29.059+0000] {subprocess.py:106} INFO - Ivy Default Cache set to: /home/spark/.ivy2/cache
[2026-05-10T07:30:29.059+0000] {subprocess.py:106} INFO - The jars for the packages stored in: /home/spark/.ivy2/jars
[2026-05-10T07:30:29.064+0000] {subprocess.py:106} INFO - org.apache.iceberg#iceberg-spark-runtime-3.5_2.12 added as a dependency
[2026-05-10T07:30:29.065+0000] {subprocess.py:106} INFO - org.apache.hadoop#hadoop-aws added as a dependency
[2026-05-10T07:30:29.065+0000] {subprocess.py:106} INFO - com.amazonaws#aws-java-sdk-bundle added as a dependency
[2026-05-10T07:30:29.066+0000] {subprocess.py:106} INFO - :: resolving dependencies :: org.apache.spark#spark-submit-parent-52d74221-2d7f-4732-8346-1e939535d70d;1.0
[2026-05-10T07:30:29.066+0000] {subprocess.py:106} INFO - 	confs: [default]
[2026-05-10T07:30:29.172+0000] {subprocess.py:106} INFO - 	found org.apache.iceberg#iceberg-spark-runtime-3.5_2.12;1.5.0 in central
[2026-05-10T07:30:29.240+0000] {subprocess.py:106} INFO - 	found org.apache.hadoop#hadoop-aws;3.3.4 in central
[2026-05-10T07:30:29.263+0000] {subprocess.py:106} INFO - 	found com.amazonaws#aws-java-sdk-bundle;1.12.262 in central
[2026-05-10T07:30:29.292+0000] {subprocess.py:106} INFO - 	found org.wildfly.openssl#wildfly-openssl;1.0.7.Final in central
[2026-05-10T07:30:29.318+0000] {subprocess.py:106} INFO - :: resolution report :: resolve 241ms :: artifacts dl 12ms
[2026-05-10T07:30:29.319+0000] {subprocess.py:106} INFO - 	:: modules in use:
[2026-05-10T07:30:29.320+0000] {subprocess.py:106} INFO - 	com.amazonaws#aws-java-sdk-bundle;1.12.262 from central in [default]
[2026-05-10T07:30:29.320+0000] {subprocess.py:106} INFO - 	org.apache.hadoop#hadoop-aws;3.3.4 from central in [default]
[2026-05-10T07:30:29.321+0000] {subprocess.py:106} INFO - 	org.apache.iceberg#iceberg-spark-runtime-3.5_2.12;1.5.0 from central in [default]
[2026-05-10T07:30:29.321+0000] {subprocess.py:106} INFO - 	org.wildfly.openssl#wildfly-openssl;1.0.7.Final from central in [default]
[2026-05-10T07:30:29.322+0000] {subprocess.py:106} INFO - 	---------------------------------------------------------------------
[2026-05-10T07:30:29.322+0000] {subprocess.py:106} INFO - 	|                  |            modules            ||   artifacts   |
[2026-05-10T07:30:29.323+0000] {subprocess.py:106} INFO - 	|       conf       | number| search|dwnlded|evicted|| number|dwnlded|
[2026-05-10T07:30:29.323+0000] {subprocess.py:106} INFO - 	---------------------------------------------------------------------
[2026-05-10T07:30:29.324+0000] {subprocess.py:106} INFO - 	|      default     |   4   |   0   |   0   |   0   ||   4   |   0   |
[2026-05-10T07:30:29.324+0000] {subprocess.py:106} INFO - 	---------------------------------------------------------------------
[2026-05-10T07:30:29.325+0000] {subprocess.py:106} INFO - :: retrieving :: org.apache.spark#spark-submit-parent-52d74221-2d7f-4732-8346-1e939535d70d
[2026-05-10T07:30:29.326+0000] {subprocess.py:106} INFO - 	confs: [default]
[2026-05-10T07:30:29.335+0000] {subprocess.py:106} INFO - 	0 artifacts copied, 4 already retrieved (0kB/9ms)
[2026-05-10T07:30:29.583+0000] {subprocess.py:106} INFO - 26/05/10 07:30:29 WARN NativeCodeLoader: Unable to load native-hadoop library for your platform... using builtin-java classes where applicable
[2026-05-10T07:30:30.562+0000] {subprocess.py:106} INFO - 26/05/10 07:30:30 INFO SparkContext: Running Spark version 3.5.3
[2026-05-10T07:30:30.566+0000] {subprocess.py:106} INFO - 26/05/10 07:30:30 INFO SparkContext: OS info Linux, 6.6.87.2-microsoft-standard-WSL2, amd64
[2026-05-10T07:30:30.567+0000] {subprocess.py:106} INFO - 26/05/10 07:30:30 INFO SparkContext: Java version 11.0.24
[2026-05-10T07:30:30.597+0000] {subprocess.py:106} INFO - 26/05/10 07:30:30 INFO ResourceUtils: ==============================================================
[2026-05-10T07:30:30.598+0000] {subprocess.py:106} INFO - 26/05/10 07:30:30 INFO ResourceUtils: No custom resources configured for spark.driver.
[2026-05-10T07:30:30.599+0000] {subprocess.py:106} INFO - 26/05/10 07:30:30 INFO ResourceUtils: ==============================================================
[2026-05-10T07:30:30.599+0000] {subprocess.py:106} INFO - 26/05/10 07:30:30 INFO SparkContext: Submitted application: Silver_Etl_Cleaning_Merge
[2026-05-10T07:30:30.630+0000] {subprocess.py:106} INFO - 26/05/10 07:30:30 INFO ResourceProfile: Default ResourceProfile created, executor resources: Map(memory -> name: memory, amount: 1024, script: , vendor: , offHeap -> name: offHeap, amount: 0, script: , vendor: ), task resources: Map(cpus -> name: cpus, amount: 1.0)
[2026-05-10T07:30:30.645+0000] {subprocess.py:106} INFO - 26/05/10 07:30:30 INFO ResourceProfile: Limiting resource is cpu
[2026-05-10T07:30:30.645+0000] {subprocess.py:106} INFO - 26/05/10 07:30:30 INFO ResourceProfileManager: Added ResourceProfile id: 0
[2026-05-10T07:30:30.705+0000] {subprocess.py:106} INFO - 26/05/10 07:30:30 INFO SecurityManager: Changing view acls to: spark
[2026-05-10T07:30:30.706+0000] {subprocess.py:106} INFO - 26/05/10 07:30:30 INFO SecurityManager: Changing modify acls to: spark
[2026-05-10T07:30:30.706+0000] {subprocess.py:106} INFO - 26/05/10 07:30:30 INFO SecurityManager: Changing view acls groups to:
[2026-05-10T07:30:30.707+0000] {subprocess.py:106} INFO - 26/05/10 07:30:30 INFO SecurityManager: Changing modify acls groups to:
[2026-05-10T07:30:30.707+0000] {subprocess.py:106} INFO - 26/05/10 07:30:30 INFO SecurityManager: SecurityManager: authentication disabled; ui acls disabled; users with view permissions: spark; groups with view permissions: EMPTY; users with modify permissions: spark; groups with modify permissions: EMPTY
[2026-05-10T07:30:30.966+0000] {subprocess.py:106} INFO - 26/05/10 07:30:30 INFO Utils: Successfully started service 'sparkDriver' on port 39337.
[2026-05-10T07:30:30.995+0000] {subprocess.py:106} INFO - 26/05/10 07:30:30 INFO SparkEnv: Registering MapOutputTracker
[2026-05-10T07:30:31.020+0000] {subprocess.py:106} INFO - 26/05/10 07:30:31 INFO SparkEnv: Registering BlockManagerMaster
[2026-05-10T07:30:31.032+0000] {subprocess.py:106} INFO - 26/05/10 07:30:31 INFO BlockManagerMasterEndpoint: Using org.apache.spark.storage.DefaultTopologyMapper for getting topology information
[2026-05-10T07:30:31.032+0000] {subprocess.py:106} INFO - 26/05/10 07:30:31 INFO BlockManagerMasterEndpoint: BlockManagerMasterEndpoint up
[2026-05-10T07:30:31.036+0000] {subprocess.py:106} INFO - 26/05/10 07:30:31 INFO SparkEnv: Registering BlockManagerMasterHeartbeat
[2026-05-10T07:30:31.056+0000] {subprocess.py:106} INFO - 26/05/10 07:30:31 INFO DiskBlockManager: Created local directory at /tmp/blockmgr-0711a915-68e9-4afc-9486-53f279c24bd5
[2026-05-10T07:30:31.068+0000] {subprocess.py:106} INFO - 26/05/10 07:30:31 INFO MemoryStore: MemoryStore started with capacity 434.4 MiB
[2026-05-10T07:30:31.086+0000] {subprocess.py:106} INFO - 26/05/10 07:30:31 INFO SparkEnv: Registering OutputCommitCoordinator
[2026-05-10T07:30:31.324+0000] {subprocess.py:106} INFO - 26/05/10 07:30:31 INFO JettyUtils: Start Jetty 0.0.0.0:4040 for SparkUI
[2026-05-10T07:30:31.431+0000] {subprocess.py:106} INFO - 26/05/10 07:30:31 INFO Utils: Successfully started service 'SparkUI' on port 4040.
[2026-05-10T07:30:31.478+0000] {subprocess.py:106} INFO - 26/05/10 07:30:31 INFO SparkContext: Added JAR file:///home/spark/.ivy2/jars/org.apache.iceberg_iceberg-spark-runtime-3.5_2.12-1.5.0.jar at spark://c05002f484b8:39337/jars/org.apache.iceberg_iceberg-spark-runtime-3.5_2.12-1.5.0.jar with timestamp 1778398230551
[2026-05-10T07:30:31.479+0000] {subprocess.py:106} INFO - 26/05/10 07:30:31 INFO SparkContext: Added JAR file:///home/spark/.ivy2/jars/org.apache.hadoop_hadoop-aws-3.3.4.jar at spark://c05002f484b8:39337/jars/org.apache.hadoop_hadoop-aws-3.3.4.jar with timestamp 1778398230551
[2026-05-10T07:30:31.480+0000] {subprocess.py:106} INFO - 26/05/10 07:30:31 INFO SparkContext: Added JAR file:///home/spark/.ivy2/jars/com.amazonaws_aws-java-sdk-bundle-1.12.262.jar at spark://c05002f484b8:39337/jars/com.amazonaws_aws-java-sdk-bundle-1.12.262.jar with timestamp 1778398230551
[2026-05-10T07:30:31.480+0000] {subprocess.py:106} INFO - 26/05/10 07:30:31 INFO SparkContext: Added JAR file:///home/spark/.ivy2/jars/org.wildfly.openssl_wildfly-openssl-1.0.7.Final.jar at spark://c05002f484b8:39337/jars/org.wildfly.openssl_wildfly-openssl-1.0.7.Final.jar with timestamp 1778398230551
[2026-05-10T07:30:31.483+0000] {subprocess.py:106} INFO - 26/05/10 07:30:31 INFO SparkContext: Added file file:///home/spark/.ivy2/jars/org.apache.iceberg_iceberg-spark-runtime-3.5_2.12-1.5.0.jar at spark://c05002f484b8:39337/files/org.apache.iceberg_iceberg-spark-runtime-3.5_2.12-1.5.0.jar with timestamp 1778398230551
[2026-05-10T07:30:31.485+0000] {subprocess.py:106} INFO - 26/05/10 07:30:31 INFO Utils: Copying /home/spark/.ivy2/jars/org.apache.iceberg_iceberg-spark-runtime-3.5_2.12-1.5.0.jar to /tmp/spark-3f9ecb7f-88ee-4223-8fa2-2c9a725e227a/userFiles-e345e426-2704-46ea-9ed2-a72cb5311c4c/org.apache.iceberg_iceberg-spark-runtime-3.5_2.12-1.5.0.jar
[2026-05-10T07:30:31.529+0000] {subprocess.py:106} INFO - 26/05/10 07:30:31 INFO SparkContext: Added file file:///home/spark/.ivy2/jars/org.apache.hadoop_hadoop-aws-3.3.4.jar at spark://c05002f484b8:39337/files/org.apache.hadoop_hadoop-aws-3.3.4.jar with timestamp 1778398230551
[2026-05-10T07:30:31.529+0000] {subprocess.py:106} INFO - 26/05/10 07:30:31 INFO Utils: Copying /home/spark/.ivy2/jars/org.apache.hadoop_hadoop-aws-3.3.4.jar to /tmp/spark-3f9ecb7f-88ee-4223-8fa2-2c9a725e227a/userFiles-e345e426-2704-46ea-9ed2-a72cb5311c4c/org.apache.hadoop_hadoop-aws-3.3.4.jar
[2026-05-10T07:30:31.534+0000] {subprocess.py:106} INFO - 26/05/10 07:30:31 INFO SparkContext: Added file file:///home/spark/.ivy2/jars/com.amazonaws_aws-java-sdk-bundle-1.12.262.jar at spark://c05002f484b8:39337/files/com.amazonaws_aws-java-sdk-bundle-1.12.262.jar with timestamp 1778398230551
[2026-05-10T07:30:31.534+0000] {subprocess.py:106} INFO - 26/05/10 07:30:31 INFO Utils: Copying /home/spark/.ivy2/jars/com.amazonaws_aws-java-sdk-bundle-1.12.262.jar to /tmp/spark-3f9ecb7f-88ee-4223-8fa2-2c9a725e227a/userFiles-e345e426-2704-46ea-9ed2-a72cb5311c4c/com.amazonaws_aws-java-sdk-bundle-1.12.262.jar
[2026-05-10T07:30:31.804+0000] {subprocess.py:106} INFO - 26/05/10 07:30:31 INFO SparkContext: Added file file:///home/spark/.ivy2/jars/org.wildfly.openssl_wildfly-openssl-1.0.7.Final.jar at spark://c05002f484b8:39337/files/org.wildfly.openssl_wildfly-openssl-1.0.7.Final.jar with timestamp 1778398230551
[2026-05-10T07:30:31.805+0000] {subprocess.py:106} INFO - 26/05/10 07:30:31 INFO Utils: Copying /home/spark/.ivy2/jars/org.wildfly.openssl_wildfly-openssl-1.0.7.Final.jar to /tmp/spark-3f9ecb7f-88ee-4223-8fa2-2c9a725e227a/userFiles-e345e426-2704-46ea-9ed2-a72cb5311c4c/org.wildfly.openssl_wildfly-openssl-1.0.7.Final.jar
[2026-05-10T07:30:31.896+0000] {subprocess.py:106} INFO - 26/05/10 07:30:31 INFO StandaloneAppClient$ClientEndpoint: Connecting to master spark://spark-master:7077...
[2026-05-10T07:30:31.934+0000] {subprocess.py:106} INFO - 26/05/10 07:30:31 INFO TransportClientFactory: Successfully created connection to spark-master/172.30.0.6:7077 after 22 ms (0 ms spent in bootstraps)
[2026-05-10T07:30:32.017+0000] {subprocess.py:106} INFO - 26/05/10 07:30:32 INFO StandaloneSchedulerBackend: Connected to Spark cluster with app ID app-20260510073032-0001
[2026-05-10T07:30:32.018+0000] {subprocess.py:106} INFO - 26/05/10 07:30:32 INFO StandaloneAppClient$ClientEndpoint: Executor added: app-20260510073032-0001/0 on worker-20260510072130-172.30.0.7-33575 (172.30.0.7:33575) with 1 core(s)
[2026-05-10T07:30:32.021+0000] {subprocess.py:106} INFO - 26/05/10 07:30:32 INFO StandaloneSchedulerBackend: Granted executor ID app-20260510073032-0001/0 on hostPort 172.30.0.7:33575 with 1 core(s), 1024.0 MiB RAM
[2026-05-10T07:30:32.028+0000] {subprocess.py:106} INFO - 26/05/10 07:30:32 INFO Utils: Successfully started service 'org.apache.spark.network.netty.NettyBlockTransferService' on port 39881.
[2026-05-10T07:30:32.029+0000] {subprocess.py:106} INFO - 26/05/10 07:30:32 INFO NettyBlockTransferService: Server created on c05002f484b8:39881
[2026-05-10T07:30:32.031+0000] {subprocess.py:106} INFO - 26/05/10 07:30:32 INFO BlockManager: Using org.apache.spark.storage.RandomBlockReplicationPolicy for block replication policy
[2026-05-10T07:30:32.040+0000] {subprocess.py:106} INFO - 26/05/10 07:30:32 INFO BlockManagerMaster: Registering BlockManager BlockManagerId(driver, c05002f484b8, 39881, None)
[2026-05-10T07:30:32.045+0000] {subprocess.py:106} INFO - 26/05/10 07:30:32 INFO BlockManagerMasterEndpoint: Registering block manager c05002f484b8:39881 with 434.4 MiB RAM, BlockManagerId(driver, c05002f484b8, 39881, None)
[2026-05-10T07:30:32.050+0000] {subprocess.py:106} INFO - 26/05/10 07:30:32 INFO BlockManagerMaster: Registered BlockManager BlockManagerId(driver, c05002f484b8, 39881, None)
[2026-05-10T07:30:32.051+0000] {subprocess.py:106} INFO - 26/05/10 07:30:32 INFO BlockManager: Initialized BlockManager: BlockManagerId(driver, c05002f484b8, 39881, None)
[2026-05-10T07:30:32.070+0000] {subprocess.py:106} INFO - 26/05/10 07:30:32 INFO StandaloneAppClient$ClientEndpoint: Executor updated: app-20260510073032-0001/0 is now RUNNING
[2026-05-10T07:30:32.301+0000] {subprocess.py:106} INFO - 26/05/10 07:30:32 INFO StandaloneSchedulerBackend: SchedulerBackend is ready for scheduling beginning after reached minRegisteredResourcesRatio: 0.0
[2026-05-10T07:30:32.577+0000] {subprocess.py:106} INFO - 26/05/10 07:30:32 INFO SharedState: Setting hive.metastore.warehouse.dir ('null') to the value of spark.sql.warehouse.dir.
[2026-05-10T07:30:32.580+0000] {subprocess.py:106} INFO - 26/05/10 07:30:32 INFO SharedState: Warehouse path is 'file:/opt/spark/work-dir/spark-warehouse'.
[2026-05-10T07:30:35.153+0000] {subprocess.py:106} INFO - 26/05/10 07:30:35 INFO HiveConf: Found configuration file null
[2026-05-10T07:30:35.337+0000] {subprocess.py:106} INFO - 26/05/10 07:30:35 INFO metastore: Trying to connect to metastore with URI thrift://hive-metastore:9083
[2026-05-10T07:30:35.366+0000] {subprocess.py:106} INFO - 26/05/10 07:30:35 INFO metastore: Opened a connection to metastore, current connections: 1
[2026-05-10T07:30:35.399+0000] {subprocess.py:106} INFO - 26/05/10 07:30:35 INFO metastore: Connected to metastore.
[2026-05-10T07:30:35.533+0000] {subprocess.py:106} INFO - 26/05/10 07:30:35 INFO StandaloneSchedulerBackend$StandaloneDriverEndpoint: Registered executor NettyRpcEndpointRef(spark-client://Executor) (172.30.0.7:52572) with ID 0,  ResourceProfileId 0
[2026-05-10T07:30:35.615+0000] {subprocess.py:106} INFO - 26/05/10 07:30:35 INFO BaseMetastoreTableOperations: Refreshing table metadata from new version: s3a://warehouse/iceberg_data/silver.db/it_jobs_clean/metadata/00007-22797ded-62ef-4e96-a5f1-d71866300847.metadata.json
[2026-05-10T07:30:35.631+0000] {subprocess.py:106} INFO - 26/05/10 07:30:35 INFO BlockManagerMasterEndpoint: Registering block manager 172.30.0.7:35487 with 434.4 MiB RAM, BlockManagerId(0, 172.30.0.7, 35487, None)
[2026-05-10T07:30:35.805+0000] {subprocess.py:106} INFO - 26/05/10 07:30:35 WARN MetricsConfig: Cannot locate configuration: tried hadoop-metrics2-s3a-file-system.properties,hadoop-metrics2.properties
[2026-05-10T07:30:35.816+0000] {subprocess.py:106} INFO - 26/05/10 07:30:35 INFO MetricsSystemImpl: Scheduled Metric snapshot period at 10 second(s).
[2026-05-10T07:30:35.817+0000] {subprocess.py:106} INFO - 26/05/10 07:30:35 INFO MetricsSystemImpl: s3a-file-system metrics system started
[2026-05-10T07:30:37.179+0000] {subprocess.py:106} INFO - 26/05/10 07:30:37 INFO BaseMetastoreCatalog: Table loaded by catalog: iceberg.silver.it_jobs_clean
[2026-05-10T07:30:38.571+0000] {subprocess.py:106} INFO - 26/05/10 07:30:38 INFO SnapshotScan: Scanning table iceberg.silver.it_jobs_clean snapshot 5489671670002182211 created at 2026-05-07T12:13:42.143+00:00 with filter true
[2026-05-10T07:30:38.878+0000] {subprocess.py:106} INFO - 26/05/10 07:30:38 INFO BaseDistributedDataScan: Planning file tasks locally for table iceberg.silver.it_jobs_clean
[2026-05-10T07:30:40.015+0000] {subprocess.py:106} INFO - 26/05/10 07:30:40 INFO V2ScanRelationPushDown:
[2026-05-10T07:30:40.016+0000] {subprocess.py:106} INFO - Pushing operators to iceberg.silver.it_jobs_clean
[2026-05-10T07:30:40.017+0000] {subprocess.py:106} INFO - Pushed Aggregate Functions:
[2026-05-10T07:30:40.018+0000] {subprocess.py:106} INFO -  MAX(ingest_time)
[2026-05-10T07:30:40.019+0000] {subprocess.py:106} INFO - Pushed Group by:
[2026-05-10T07:30:40.019+0000] {subprocess.py:106} INFO - 
[2026-05-10T07:30:40.020+0000] {subprocess.py:106} INFO - 
[2026-05-10T07:30:42.992+0000] {subprocess.py:106} INFO - 26/05/10 07:30:42 INFO CodeGenerator: Code generated in 200.781144 ms
[2026-05-10T07:30:43.015+0000] {subprocess.py:106} INFO - 26/05/10 07:30:43 INFO CodeGenerator: Code generated in 13.643088 ms
[2026-05-10T07:30:43.126+0000] {subprocess.py:106} INFO - 26/05/10 07:30:43 INFO DAGScheduler: Registering RDD 2 (collect at /opt/spark/scripts/Clean_Silver.py:56) as input to shuffle 0
[2026-05-10T07:30:43.132+0000] {subprocess.py:106} INFO - 26/05/10 07:30:43 INFO DAGScheduler: Got map stage job 0 (collect at /opt/spark/scripts/Clean_Silver.py:56) with 1 output partitions
[2026-05-10T07:30:43.133+0000] {subprocess.py:106} INFO - 26/05/10 07:30:43 INFO DAGScheduler: Final stage: ShuffleMapStage 0 (collect at /opt/spark/scripts/Clean_Silver.py:56)
[2026-05-10T07:30:43.134+0000] {subprocess.py:106} INFO - 26/05/10 07:30:43 INFO DAGScheduler: Parents of final stage: List()
[2026-05-10T07:30:43.137+0000] {subprocess.py:106} INFO - 26/05/10 07:30:43 INFO DAGScheduler: Missing parents: List()
[2026-05-10T07:30:43.142+0000] {subprocess.py:106} INFO - 26/05/10 07:30:43 INFO DAGScheduler: Submitting ShuffleMapStage 0 (MapPartitionsRDD[2] at collect at /opt/spark/scripts/Clean_Silver.py:56), which has no missing parents
[2026-05-10T07:30:43.294+0000] {subprocess.py:106} INFO - 26/05/10 07:30:43 INFO MemoryStore: Block broadcast_0 stored as values in memory (estimated size 12.0 KiB, free 434.4 MiB)
[2026-05-10T07:30:43.342+0000] {subprocess.py:106} INFO - 26/05/10 07:30:43 INFO MemoryStore: Block broadcast_0_piece0 stored as bytes in memory (estimated size 6.0 KiB, free 434.4 MiB)
[2026-05-10T07:30:43.347+0000] {subprocess.py:106} INFO - 26/05/10 07:30:43 INFO BlockManagerInfo: Added broadcast_0_piece0 in memory on c05002f484b8:39881 (size: 6.0 KiB, free: 434.4 MiB)
[2026-05-10T07:30:43.353+0000] {subprocess.py:106} INFO - 26/05/10 07:30:43 INFO SparkContext: Created broadcast 0 from broadcast at DAGScheduler.scala:1585
[2026-05-10T07:30:43.385+0000] {subprocess.py:106} INFO - 26/05/10 07:30:43 INFO DAGScheduler: Submitting 1 missing tasks from ShuffleMapStage 0 (MapPartitionsRDD[2] at collect at /opt/spark/scripts/Clean_Silver.py:56) (first 15 tasks are for partitions Vector(0))
[2026-05-10T07:30:43.387+0000] {subprocess.py:106} INFO - 26/05/10 07:30:43 INFO TaskSchedulerImpl: Adding task set 0.0 with 1 tasks resource profile 0
[2026-05-10T07:30:43.428+0000] {subprocess.py:106} INFO - 26/05/10 07:30:43 INFO TaskSetManager: Starting task 0.0 in stage 0.0 (TID 0) (172.30.0.7, executor 0, partition 0, PROCESS_LOCAL, 10137 bytes)
[2026-05-10T07:30:43.651+0000] {subprocess.py:106} INFO - 26/05/10 07:30:43 INFO BlockManagerInfo: Added broadcast_0_piece0 in memory on 172.30.0.7:35487 (size: 6.0 KiB, free: 434.4 MiB)
[2026-05-10T07:30:44.472+0000] {subprocess.py:106} INFO - 26/05/10 07:30:44 INFO TaskSetManager: Finished task 0.0 in stage 0.0 (TID 0) in 1061 ms on 172.30.0.7 (executor 0) (1/1)
[2026-05-10T07:30:44.479+0000] {subprocess.py:106} INFO - 26/05/10 07:30:44 INFO TaskSchedulerImpl: Removed TaskSet 0.0, whose tasks have all completed, from pool
[2026-05-10T07:30:44.488+0000] {subprocess.py:106} INFO - 26/05/10 07:30:44 INFO DAGScheduler: ShuffleMapStage 0 (collect at /opt/spark/scripts/Clean_Silver.py:56) finished in 1.327 s
[2026-05-10T07:30:44.489+0000] {subprocess.py:106} INFO - 26/05/10 07:30:44 INFO DAGScheduler: looking for newly runnable stages
[2026-05-10T07:30:44.490+0000] {subprocess.py:106} INFO - 26/05/10 07:30:44 INFO DAGScheduler: running: Set()
[2026-05-10T07:30:44.491+0000] {subprocess.py:106} INFO - 26/05/10 07:30:44 INFO DAGScheduler: waiting: Set()
[2026-05-10T07:30:44.494+0000] {subprocess.py:106} INFO - 26/05/10 07:30:44 INFO DAGScheduler: failed: Set()
[2026-05-10T07:30:44.543+0000] {subprocess.py:106} INFO - 26/05/10 07:30:44 INFO CodeGenerator: Code generated in 16.036963 ms
[2026-05-10T07:30:44.592+0000] {subprocess.py:106} INFO - 26/05/10 07:30:44 INFO SparkContext: Starting job: collect at /opt/spark/scripts/Clean_Silver.py:56
[2026-05-10T07:30:44.595+0000] {subprocess.py:106} INFO - 26/05/10 07:30:44 INFO DAGScheduler: Got job 1 (collect at /opt/spark/scripts/Clean_Silver.py:56) with 1 output partitions
[2026-05-10T07:30:44.596+0000] {subprocess.py:106} INFO - 26/05/10 07:30:44 INFO DAGScheduler: Final stage: ResultStage 2 (collect at /opt/spark/scripts/Clean_Silver.py:56)
[2026-05-10T07:30:44.596+0000] {subprocess.py:106} INFO - 26/05/10 07:30:44 INFO DAGScheduler: Parents of final stage: List(ShuffleMapStage 1)
[2026-05-10T07:30:44.597+0000] {subprocess.py:106} INFO - 26/05/10 07:30:44 INFO DAGScheduler: Missing parents: List()
[2026-05-10T07:30:44.599+0000] {subprocess.py:106} INFO - 26/05/10 07:30:44 INFO DAGScheduler: Submitting ResultStage 2 (MapPartitionsRDD[5] at collect at /opt/spark/scripts/Clean_Silver.py:56), which has no missing parents
[2026-05-10T07:30:44.609+0000] {subprocess.py:106} INFO - 26/05/10 07:30:44 INFO MemoryStore: Block broadcast_1 stored as values in memory (estimated size 13.1 KiB, free 434.4 MiB)
[2026-05-10T07:30:44.619+0000] {subprocess.py:106} INFO - 26/05/10 07:30:44 INFO MemoryStore: Block broadcast_1_piece0 stored as bytes in memory (estimated size 6.1 KiB, free 434.4 MiB)
[2026-05-10T07:30:44.620+0000] {subprocess.py:106} INFO - 26/05/10 07:30:44 INFO BlockManagerInfo: Added broadcast_1_piece0 in memory on c05002f484b8:39881 (size: 6.1 KiB, free: 434.4 MiB)
[2026-05-10T07:30:44.665+0000] {subprocess.py:106} INFO - 26/05/10 07:30:44 INFO SparkContext: Created broadcast 1 from broadcast at DAGScheduler.scala:1585
[2026-05-10T07:30:44.679+0000] {subprocess.py:106} INFO - 26/05/10 07:30:44 INFO DAGScheduler: Submitting 1 missing tasks from ResultStage 2 (MapPartitionsRDD[5] at collect at /opt/spark/scripts/Clean_Silver.py:56) (first 15 tasks are for partitions Vector(0))
[2026-05-10T07:30:44.681+0000] {subprocess.py:106} INFO - 26/05/10 07:30:44 INFO TaskSchedulerImpl: Adding task set 2.0 with 1 tasks resource profile 0
[2026-05-10T07:30:44.685+0000] {subprocess.py:106} INFO - 26/05/10 07:30:44 INFO TaskSetManager: Starting task 0.0 in stage 2.0 (TID 1) (172.30.0.7, executor 0, partition 0, NODE_LOCAL, 9976 bytes)
[2026-05-10T07:30:44.686+0000] {subprocess.py:106} INFO - 26/05/10 07:30:44 INFO BlockManagerInfo: Removed broadcast_0_piece0 on c05002f484b8:39881 in memory (size: 6.0 KiB, free: 434.4 MiB)
[2026-05-10T07:30:44.687+0000] {subprocess.py:106} INFO - 26/05/10 07:30:44 INFO BlockManagerInfo: Removed broadcast_0_piece0 on 172.30.0.7:35487 in memory (size: 6.0 KiB, free: 434.4 MiB)
[2026-05-10T07:30:44.702+0000] {subprocess.py:106} INFO - 26/05/10 07:30:44 INFO BlockManagerInfo: Added broadcast_1_piece0 in memory on 172.30.0.7:35487 (size: 6.1 KiB, free: 434.4 MiB)
[2026-05-10T07:30:44.781+0000] {subprocess.py:106} INFO - 26/05/10 07:30:44 INFO MapOutputTrackerMasterEndpoint: Asked to send map output locations for shuffle 0 to 172.30.0.7:52572
[2026-05-10T07:30:44.963+0000] {subprocess.py:106} INFO - 26/05/10 07:30:44 INFO TaskSetManager: Finished task 0.0 in stage 2.0 (TID 1) in 334 ms on 172.30.0.7 (executor 0) (1/1)
[2026-05-10T07:30:44.964+0000] {subprocess.py:106} INFO - 26/05/10 07:30:44 INFO TaskSchedulerImpl: Removed TaskSet 2.0, whose tasks have all completed, from pool
[2026-05-10T07:30:44.972+0000] {subprocess.py:106} INFO - 26/05/10 07:30:44 INFO DAGScheduler: ResultStage 2 (collect at /opt/spark/scripts/Clean_Silver.py:56) finished in 0.358 s
[2026-05-10T07:30:44.974+0000] {subprocess.py:106} INFO - 26/05/10 07:30:44 INFO DAGScheduler: Job 1 is finished. Cancelling potential speculative or zombie tasks for this job
[2026-05-10T07:30:44.977+0000] {subprocess.py:106} INFO - 26/05/10 07:30:44 INFO TaskSchedulerImpl: Killing all running tasks in stage 2: Stage finished
[2026-05-10T07:30:44.978+0000] {subprocess.py:106} INFO - 26/05/10 07:30:44 INFO DAGScheduler: Job 1 finished: collect at /opt/spark/scripts/Clean_Silver.py:56, took 0.385263 s
[2026-05-10T07:30:45.257+0000] {subprocess.py:106} INFO - >>> Watermark (Last Processed Time): 2026-05-07 12:12:56.143701
[2026-05-10T07:30:45.296+0000] {subprocess.py:106} INFO - 26/05/10 07:30:45 INFO BaseMetastoreTableOperations: Refreshing table metadata from new version: s3a://warehouse/iceberg_data/bronze.db/it_jobs_raw/metadata/00005-216dc426-8831-4d84-9a67-e56c65a9a32d.metadata.json
[2026-05-10T07:30:45.321+0000] {subprocess.py:106} INFO - 26/05/10 07:30:45 INFO BaseMetastoreCatalog: Table loaded by catalog: iceberg.bronze.it_jobs_raw
[2026-05-10T07:30:45.340+0000] {subprocess.py:106} INFO - >>> INCREMENTAL LOAD: Reading only new data...
[2026-05-10T07:30:45.608+0000] {subprocess.py:106} INFO - 26/05/10 07:30:45 INFO V2ScanRelationPushDown:
[2026-05-10T07:30:45.609+0000] {subprocess.py:106} INFO - Pushing operators to iceberg.bronze.it_jobs_raw
[2026-05-10T07:30:45.610+0000] {subprocess.py:106} INFO - Pushed Filters: ingest_time IS NOT NULL, ingest_time > 1778155976143701
[2026-05-10T07:30:45.610+0000] {subprocess.py:106} INFO - Post-Scan Filters: isnotnull(ingest_time#36),(ingest_time#36 > 2026-05-07 12:12:56.143701)
[2026-05-10T07:30:45.611+0000] {subprocess.py:106} INFO - 
[2026-05-10T07:30:45.629+0000] {subprocess.py:106} INFO - 26/05/10 07:30:45 INFO BlockManagerInfo: Removed broadcast_1_piece0 on c05002f484b8:39881 in memory (size: 6.1 KiB, free: 434.4 MiB)
[2026-05-10T07:30:45.632+0000] {subprocess.py:106} INFO - 26/05/10 07:30:45 INFO BlockManagerInfo: Removed broadcast_1_piece0 on 172.30.0.7:35487 in memory (size: 6.1 KiB, free: 434.4 MiB)
[2026-05-10T07:30:45.642+0000] {subprocess.py:106} INFO - 26/05/10 07:30:45 INFO V2ScanRelationPushDown:
[2026-05-10T07:30:45.642+0000] {subprocess.py:106} INFO - Output: ingest_time#36
[2026-05-10T07:30:45.643+0000] {subprocess.py:106} INFO - 
[2026-05-10T07:30:45.652+0000] {subprocess.py:106} INFO - 26/05/10 07:30:45 INFO SnapshotScan: Scanning table iceberg.bronze.it_jobs_raw snapshot 2164420888096526360 created at 2026-05-10T07:30:19.966+00:00 with filter (ingest_time IS NOT NULL AND ingest_time > (16-digit-int))
[2026-05-10T07:30:45.693+0000] {subprocess.py:106} INFO - 26/05/10 07:30:45 INFO BaseDistributedDataScan: Planning file tasks locally for table iceberg.bronze.it_jobs_raw
[2026-05-10T07:30:45.763+0000] {subprocess.py:106} INFO - 26/05/10 07:30:45 INFO SparkPartitioningAwareScan: Reporting UnknownPartitioning with 1 partition(s) for table iceberg.bronze.it_jobs_raw
[2026-05-10T07:30:45.783+0000] {subprocess.py:106} INFO - 26/05/10 07:30:45 INFO MemoryStore: Block broadcast_2 stored as values in memory (estimated size 32.0 KiB, free 434.4 MiB)
[2026-05-10T07:30:45.801+0000] {subprocess.py:106} INFO - 26/05/10 07:30:45 INFO MemoryStore: Block broadcast_2_piece0 stored as bytes in memory (estimated size 30.3 KiB, free 434.3 MiB)
[2026-05-10T07:30:45.802+0000] {subprocess.py:106} INFO - 26/05/10 07:30:45 INFO BlockManagerInfo: Added broadcast_2_piece0 in memory on c05002f484b8:39881 (size: 30.3 KiB, free: 434.4 MiB)
[2026-05-10T07:30:45.806+0000] {subprocess.py:106} INFO - 26/05/10 07:30:45 INFO SparkContext: Created broadcast 2 from broadcast at SparkBatch.java:79
[2026-05-10T07:30:45.820+0000] {subprocess.py:106} INFO - 26/05/10 07:30:45 INFO MemoryStore: Block broadcast_3 stored as values in memory (estimated size 32.0 KiB, free 434.3 MiB)
[2026-05-10T07:30:45.824+0000] {subprocess.py:106} INFO - 26/05/10 07:30:45 INFO MemoryStore: Block broadcast_3_piece0 stored as bytes in memory (estimated size 30.2 KiB, free 434.3 MiB)
[2026-05-10T07:30:45.825+0000] {subprocess.py:106} INFO - 26/05/10 07:30:45 INFO BlockManagerInfo: Added broadcast_3_piece0 in memory on c05002f484b8:39881 (size: 30.2 KiB, free: 434.3 MiB)
[2026-05-10T07:30:45.826+0000] {subprocess.py:106} INFO - 26/05/10 07:30:45 INFO SparkContext: Created broadcast 3 from broadcast at SparkBatch.java:79
[2026-05-10T07:30:45.926+0000] {subprocess.py:106} INFO - 26/05/10 07:30:45 INFO CodeGenerator: Code generated in 18.878156 ms
[2026-05-10T07:30:45.944+0000] {subprocess.py:106} INFO - 26/05/10 07:30:45 INFO DAGScheduler: Registering RDD 9 (count at <unknown>:0) as input to shuffle 1
[2026-05-10T07:30:45.945+0000] {subprocess.py:106} INFO - 26/05/10 07:30:45 INFO DAGScheduler: Got map stage job 2 (count at <unknown>:0) with 1 output partitions
[2026-05-10T07:30:45.945+0000] {subprocess.py:106} INFO - 26/05/10 07:30:45 INFO DAGScheduler: Final stage: ShuffleMapStage 3 (count at <unknown>:0)
[2026-05-10T07:30:45.946+0000] {subprocess.py:106} INFO - 26/05/10 07:30:45 INFO DAGScheduler: Parents of final stage: List()
[2026-05-10T07:30:45.947+0000] {subprocess.py:106} INFO - 26/05/10 07:30:45 INFO DAGScheduler: Missing parents: List()
[2026-05-10T07:30:45.948+0000] {subprocess.py:106} INFO - 26/05/10 07:30:45 INFO DAGScheduler: Submitting ShuffleMapStage 3 (MapPartitionsRDD[9] at count at <unknown>:0), which has no missing parents
[2026-05-10T07:30:45.954+0000] {subprocess.py:106} INFO - 26/05/10 07:30:45 INFO MemoryStore: Block broadcast_4 stored as values in memory (estimated size 17.8 KiB, free 434.3 MiB)
[2026-05-10T07:30:45.970+0000] {subprocess.py:106} INFO - 26/05/10 07:30:45 INFO MemoryStore: Block broadcast_4_piece0 stored as bytes in memory (estimated size 7.6 KiB, free 434.3 MiB)
[2026-05-10T07:30:45.971+0000] {subprocess.py:106} INFO - 26/05/10 07:30:45 INFO BlockManagerInfo: Added broadcast_4_piece0 in memory on c05002f484b8:39881 (size: 7.6 KiB, free: 434.3 MiB)
[2026-05-10T07:30:45.971+0000] {subprocess.py:106} INFO - 26/05/10 07:30:45 INFO SparkContext: Created broadcast 4 from broadcast at DAGScheduler.scala:1585
[2026-05-10T07:30:45.972+0000] {subprocess.py:106} INFO - 26/05/10 07:30:45 INFO DAGScheduler: Submitting 1 missing tasks from ShuffleMapStage 3 (MapPartitionsRDD[9] at count at <unknown>:0) (first 15 tasks are for partitions Vector(0))
[2026-05-10T07:30:45.972+0000] {subprocess.py:106} INFO - 26/05/10 07:30:45 INFO TaskSchedulerImpl: Adding task set 3.0 with 1 tasks resource profile 0
[2026-05-10T07:30:45.993+0000] {subprocess.py:106} INFO - 26/05/10 07:30:45 INFO TaskSetManager: Starting task 0.0 in stage 3.0 (TID 2) (172.30.0.7, executor 0, partition 0, PROCESS_LOCAL, 15368 bytes)
[2026-05-10T07:30:46.400+0000] {subprocess.py:106} INFO - 26/05/10 07:30:46 INFO BlockManagerInfo: Added broadcast_4_piece0 in memory on 172.30.0.7:35487 (size: 7.6 KiB, free: 434.4 MiB)
[2026-05-10T07:30:46.500+0000] {subprocess.py:106} INFO - 26/05/10 07:30:46 INFO BlockManagerInfo: Added broadcast_3_piece0 in memory on 172.30.0.7:35487 (size: 30.2 KiB, free: 434.4 MiB)
[2026-05-10T07:30:48.876+0000] {subprocess.py:106} INFO - 26/05/10 07:30:48 INFO TaskSetManager: Finished task 0.0 in stage 3.0 (TID 2) in 2904 ms on 172.30.0.7 (executor 0) (1/1)
[2026-05-10T07:30:48.878+0000] {subprocess.py:106} INFO - 26/05/10 07:30:48 INFO TaskSchedulerImpl: Removed TaskSet 3.0, whose tasks have all completed, from pool
[2026-05-10T07:30:48.879+0000] {subprocess.py:106} INFO - 26/05/10 07:30:48 INFO DAGScheduler: ShuffleMapStage 3 (count at <unknown>:0) finished in 2.928 s
[2026-05-10T07:30:48.880+0000] {subprocess.py:106} INFO - 26/05/10 07:30:48 INFO DAGScheduler: looking for newly runnable stages
[2026-05-10T07:30:48.880+0000] {subprocess.py:106} INFO - 26/05/10 07:30:48 INFO DAGScheduler: running: Set()
[2026-05-10T07:30:48.881+0000] {subprocess.py:106} INFO - 26/05/10 07:30:48 INFO DAGScheduler: waiting: Set()
[2026-05-10T07:30:48.882+0000] {subprocess.py:106} INFO - 26/05/10 07:30:48 INFO DAGScheduler: failed: Set()
[2026-05-10T07:30:48.914+0000] {subprocess.py:106} INFO - 26/05/10 07:30:48 INFO CodeGenerator: Code generated in 14.136323 ms
[2026-05-10T07:30:48.937+0000] {subprocess.py:106} INFO - 26/05/10 07:30:48 INFO SparkContext: Starting job: count at <unknown>:0
[2026-05-10T07:30:48.939+0000] {subprocess.py:106} INFO - 26/05/10 07:30:48 INFO DAGScheduler: Got job 3 (count at <unknown>:0) with 1 output partitions
[2026-05-10T07:30:48.941+0000] {subprocess.py:106} INFO - 26/05/10 07:30:48 INFO DAGScheduler: Final stage: ResultStage 5 (count at <unknown>:0)
[2026-05-10T07:30:48.941+0000] {subprocess.py:106} INFO - 26/05/10 07:30:48 INFO DAGScheduler: Parents of final stage: List(ShuffleMapStage 4)
[2026-05-10T07:30:48.943+0000] {subprocess.py:106} INFO - 26/05/10 07:30:48 INFO DAGScheduler: Missing parents: List()
[2026-05-10T07:30:48.943+0000] {subprocess.py:106} INFO - 26/05/10 07:30:48 INFO DAGScheduler: Submitting ResultStage 5 (MapPartitionsRDD[12] at count at <unknown>:0), which has no missing parents
[2026-05-10T07:30:48.946+0000] {subprocess.py:106} INFO - 26/05/10 07:30:48 INFO MemoryStore: Block broadcast_5 stored as values in memory (estimated size 12.5 KiB, free 434.2 MiB)
[2026-05-10T07:30:48.960+0000] {subprocess.py:106} INFO - 26/05/10 07:30:48 INFO MemoryStore: Block broadcast_5_piece0 stored as bytes in memory (estimated size 5.9 KiB, free 434.2 MiB)
[2026-05-10T07:30:48.962+0000] {subprocess.py:106} INFO - 26/05/10 07:30:48 INFO BlockManagerInfo: Added broadcast_5_piece0 in memory on c05002f484b8:39881 (size: 5.9 KiB, free: 434.3 MiB)
[2026-05-10T07:30:48.964+0000] {subprocess.py:106} INFO - 26/05/10 07:30:48 INFO SparkContext: Created broadcast 5 from broadcast at DAGScheduler.scala:1585
[2026-05-10T07:30:48.965+0000] {subprocess.py:106} INFO - 26/05/10 07:30:48 INFO BlockManagerInfo: Removed broadcast_4_piece0 on c05002f484b8:39881 in memory (size: 7.6 KiB, free: 434.3 MiB)
[2026-05-10T07:30:48.967+0000] {subprocess.py:106} INFO - 26/05/10 07:30:48 INFO DAGScheduler: Submitting 1 missing tasks from ResultStage 5 (MapPartitionsRDD[12] at count at <unknown>:0) (first 15 tasks are for partitions Vector(0))
[2026-05-10T07:30:48.968+0000] {subprocess.py:106} INFO - 26/05/10 07:30:48 INFO TaskSchedulerImpl: Adding task set 5.0 with 1 tasks resource profile 0
[2026-05-10T07:30:48.969+0000] {subprocess.py:106} INFO - 26/05/10 07:30:48 INFO BlockManagerInfo: Removed broadcast_4_piece0 on 172.30.0.7:35487 in memory (size: 7.6 KiB, free: 434.4 MiB)
[2026-05-10T07:30:48.971+0000] {subprocess.py:106} INFO - 26/05/10 07:30:48 INFO TaskSetManager: Starting task 0.0 in stage 5.0 (TID 3) (172.30.0.7, executor 0, partition 0, NODE_LOCAL, 9976 bytes)
[2026-05-10T07:30:49.029+0000] {subprocess.py:106} INFO - 26/05/10 07:30:49 INFO BlockManagerInfo: Added broadcast_5_piece0 in memory on 172.30.0.7:35487 (size: 5.9 KiB, free: 434.4 MiB)
[2026-05-10T07:30:49.042+0000] {subprocess.py:106} INFO - 26/05/10 07:30:49 INFO MapOutputTrackerMasterEndpoint: Asked to send map output locations for shuffle 1 to 172.30.0.7:52572
[2026-05-10T07:30:49.085+0000] {subprocess.py:106} INFO - 26/05/10 07:30:49 INFO TaskSetManager: Finished task 0.0 in stage 5.0 (TID 3) in 115 ms on 172.30.0.7 (executor 0) (1/1)
[2026-05-10T07:30:49.086+0000] {subprocess.py:106} INFO - 26/05/10 07:30:49 INFO TaskSchedulerImpl: Removed TaskSet 5.0, whose tasks have all completed, from pool
[2026-05-10T07:30:49.090+0000] {subprocess.py:106} INFO - 26/05/10 07:30:49 INFO DAGScheduler: ResultStage 5 (count at <unknown>:0) finished in 0.146 s
[2026-05-10T07:30:49.091+0000] {subprocess.py:106} INFO - 26/05/10 07:30:49 INFO DAGScheduler: Job 3 is finished. Cancelling potential speculative or zombie tasks for this job
[2026-05-10T07:30:49.092+0000] {subprocess.py:106} INFO - 26/05/10 07:30:49 INFO TaskSchedulerImpl: Killing all running tasks in stage 5: Stage finished
[2026-05-10T07:30:49.094+0000] {subprocess.py:106} INFO - 26/05/10 07:30:49 INFO DAGScheduler: Job 3 finished: count at <unknown>:0, took 0.154482 s
[2026-05-10T07:30:49.095+0000] {subprocess.py:106} INFO - >>> Processing 71 records...
[2026-05-10T07:30:49.345+0000] {subprocess.py:106} INFO - 26/05/10 07:30:49 INFO BlockManagerInfo: Removed broadcast_5_piece0 on c05002f484b8:39881 in memory (size: 5.9 KiB, free: 434.3 MiB)
[2026-05-10T07:30:49.351+0000] {subprocess.py:106} INFO - 26/05/10 07:30:49 INFO BlockManagerInfo: Removed broadcast_5_piece0 on 172.30.0.7:35487 in memory (size: 5.9 KiB, free: 434.4 MiB)
[2026-05-10T07:30:49.585+0000] {subprocess.py:106} INFO - 26/05/10 07:30:49 INFO BlockManagerInfo: Removed broadcast_2_piece0 on c05002f484b8:39881 in memory (size: 30.3 KiB, free: 434.4 MiB)
[2026-05-10T07:30:49.612+0000] {subprocess.py:106} INFO - 26/05/10 07:30:49 INFO BlockManagerInfo: Removed broadcast_3_piece0 on 172.30.0.7:35487 in memory (size: 30.2 KiB, free: 434.4 MiB)
[2026-05-10T07:30:49.620+0000] {subprocess.py:106} INFO - 26/05/10 07:30:49 INFO BlockManagerInfo: Removed broadcast_3_piece0 on c05002f484b8:39881 in memory (size: 30.2 KiB, free: 434.4 MiB)
[2026-05-10T07:30:49.912+0000] {subprocess.py:106} INFO - >>> Writing cleaned data to Silver...
[2026-05-10T07:30:50.007+0000] {subprocess.py:106} INFO - >>> Table exists. Performing MERGE (Upsert)...
[2026-05-10T07:30:50.507+0000] {subprocess.py:106} INFO - 26/05/10 07:30:50 INFO V2ScanRelationPushDown:
[2026-05-10T07:30:50.508+0000] {subprocess.py:106} INFO - Pushing operators to iceberg.bronze.it_jobs_raw
[2026-05-10T07:30:50.509+0000] {subprocess.py:106} INFO - Pushed Filters: ingest_time IS NOT NULL, ingest_time > 1778155976143701, job_link IS NOT NULL, NOT (job_link = '')
[2026-05-10T07:30:50.510+0000] {subprocess.py:106} INFO - Post-Scan Filters: isnotnull(ingest_time#36),(ingest_time#36 > 2026-05-07 12:12:56.143701),isnotnull(trim(job_title#26, None)),NOT (trim(job_title#26, None) = ),isnotnull(upper(trim(company_name#27, None))),NOT (upper(trim(company_name#27, None)) = ),isnotnull(job_link#31),NOT (job_link#31 = )
[2026-05-10T07:30:50.510+0000] {subprocess.py:106} INFO - 
[2026-05-10T07:30:50.515+0000] {subprocess.py:106} INFO - 26/05/10 07:30:50 INFO V2ScanRelationPushDown:
[2026-05-10T07:30:50.516+0000] {subprocess.py:106} INFO - Output: job_title#26, company_name#27, location#28, skills_required#29, date_posted#30, job_link#31, job_category#32, work_mode#33, crawl_date#34, date_only#35, ingest_time#36, source#37
[2026-05-10T07:30:50.516+0000] {subprocess.py:106} INFO - 
[2026-05-10T07:30:50.528+0000] {subprocess.py:106} INFO - 26/05/10 07:30:50 INFO SnapshotScan: Scanning table iceberg.bronze.it_jobs_raw snapshot 2164420888096526360 created at 2026-05-10T07:30:19.966+00:00 with filter (((ingest_time IS NOT NULL AND ingest_time > (16-digit-int)) AND job_link IS NOT NULL) AND NOT (job_link = (hash-00000000)))
[2026-05-10T07:30:50.529+0000] {subprocess.py:106} INFO - 26/05/10 07:30:50 INFO BaseDistributedDataScan: Planning file tasks locally for table iceberg.bronze.it_jobs_raw
[2026-05-10T07:30:50.604+0000] {subprocess.py:106} INFO - 26/05/10 07:30:50 INFO SparkPartitioningAwareScan: Reporting UnknownPartitioning with 1 partition(s) for table iceberg.bronze.it_jobs_raw
[2026-05-10T07:30:50.698+0000] {subprocess.py:106} INFO - 26/05/10 07:30:50 INFO GroupBasedRowLevelOperationScanPlanning:
[2026-05-10T07:30:50.699+0000] {subprocess.py:106} INFO - Pushing operators to iceberg.silver.it_jobs_clean
[2026-05-10T07:30:50.700+0000] {subprocess.py:106} INFO - Pushed filters:
[2026-05-10T07:30:50.701+0000] {subprocess.py:106} INFO - Filters evaluated on data source side:
[2026-05-10T07:30:50.701+0000] {subprocess.py:106} INFO - Filters evaluated on Spark side:
[2026-05-10T07:30:50.702+0000] {subprocess.py:106} INFO - Output: job_title#284, company_name#285, location#286, skills_required#287, date_posted#288, job_link#289, job_category#290, work_mode#291, crawl_date#292, date_only#293, ingest_time#294, source#295, clean_time#296, _file#299
[2026-05-10T07:30:50.702+0000] {subprocess.py:106} INFO - 
[2026-05-10T07:30:50.703+0000] {subprocess.py:106} INFO - 26/05/10 07:30:50 INFO V2ScanRelationPushDown:
[2026-05-10T07:30:50.703+0000] {subprocess.py:106} INFO - Pushing operators to iceberg.bronze.it_jobs_raw
[2026-05-10T07:30:50.703+0000] {subprocess.py:106} INFO - Pushed Filters: ingest_time IS NOT NULL, ingest_time > 1778155976143701, job_link IS NOT NULL, NOT (job_link = '')
[2026-05-10T07:30:50.704+0000] {subprocess.py:106} INFO - Post-Scan Filters: isnotnull(ingest_time#36),(ingest_time#36 > 2026-05-07 12:12:56.143701),isnotnull(trim(job_title#26, None)),NOT (trim(job_title#26, None) = ),isnotnull(upper(trim(company_name#27, None))),NOT (upper(trim(company_name#27, None)) = ),isnotnull(job_link#31),NOT (job_link#31 = )
[2026-05-10T07:30:50.704+0000] {subprocess.py:106} INFO - 
[2026-05-10T07:30:50.709+0000] {subprocess.py:106} INFO - 26/05/10 07:30:50 INFO V2ScanRelationPushDown:
[2026-05-10T07:30:50.710+0000] {subprocess.py:106} INFO - Output: job_title#26, company_name#27, location#28, skills_required#29, date_posted#30, job_link#31, job_category#32, work_mode#33, crawl_date#34, date_only#35, ingest_time#36, source#37
[2026-05-10T07:30:50.711+0000] {subprocess.py:106} INFO - 
[2026-05-10T07:30:50.711+0000] {subprocess.py:106} INFO - 26/05/10 07:30:50 INFO SnapshotScan: Scanning table iceberg.silver.it_jobs_clean snapshot 5489671670002182211 created at 2026-05-07T12:13:42.143+00:00 with filter true
[2026-05-10T07:30:50.742+0000] {subprocess.py:106} INFO - 26/05/10 07:30:50 INFO SparkPartitioningAwareScan: Reporting UnknownPartitioning with 1 partition(s) for table iceberg.silver.it_jobs_clean
[2026-05-10T07:30:50.745+0000] {subprocess.py:106} INFO - 26/05/10 07:30:50 INFO SnapshotScan: Scanning table iceberg.bronze.it_jobs_raw snapshot 2164420888096526360 created at 2026-05-10T07:30:19.966+00:00 with filter (((ingest_time IS NOT NULL AND ingest_time > (16-digit-int)) AND job_link IS NOT NULL) AND NOT (job_link = (hash-00000000)))
[2026-05-10T07:30:50.746+0000] {subprocess.py:106} INFO - 26/05/10 07:30:50 INFO BaseDistributedDataScan: Planning file tasks locally for table iceberg.bronze.it_jobs_raw
[2026-05-10T07:30:50.798+0000] {subprocess.py:106} INFO - 26/05/10 07:30:50 INFO SparkPartitioningAwareScan: Reporting UnknownPartitioning with 1 partition(s) for table iceberg.bronze.it_jobs_raw
[2026-05-10T07:30:50.850+0000] {subprocess.py:106} INFO - 26/05/10 07:30:50 INFO SparkWrite: Requesting 0 bytes advisory partition size for table iceberg.silver.it_jobs_clean
[2026-05-10T07:30:50.851+0000] {subprocess.py:106} INFO - 26/05/10 07:30:50 INFO SparkWrite: Requesting UnspecifiedDistribution as write distribution for table iceberg.silver.it_jobs_clean
[2026-05-10T07:30:50.851+0000] {subprocess.py:106} INFO - 26/05/10 07:30:50 INFO SparkWrite: Requesting [] as write ordering for table iceberg.silver.it_jobs_clean
[2026-05-10T07:30:50.940+0000] {subprocess.py:106} INFO - 26/05/10 07:30:50 INFO V2ScanRelationPushDown:
[2026-05-10T07:30:50.941+0000] {subprocess.py:106} INFO - Pushing operators to iceberg.silver.it_jobs_clean
[2026-05-10T07:30:50.941+0000] {subprocess.py:106} INFO - Pushed Filters: NOT (job_link = ''), job_link IS NOT NULL
[2026-05-10T07:30:50.942+0000] {subprocess.py:106} INFO - Post-Scan Filters: NOT (job_link#421 = ),isnotnull(job_link#421)
[2026-05-10T07:30:50.942+0000] {subprocess.py:106} INFO - 
[2026-05-10T07:30:50.943+0000] {subprocess.py:106} INFO - 26/05/10 07:30:50 INFO V2ScanRelationPushDown:
[2026-05-10T07:30:50.943+0000] {subprocess.py:106} INFO - Output: job_link#421, _file#429
[2026-05-10T07:30:50.944+0000] {subprocess.py:106} INFO - 
[2026-05-10T07:30:50.945+0000] {subprocess.py:106} INFO - 26/05/10 07:30:50 INFO SnapshotScan: Scanning table iceberg.silver.it_jobs_clean snapshot 5489671670002182211 created at 2026-05-07T12:13:42.143+00:00 with filter (NOT (job_link = (hash-00000000)) AND job_link IS NOT NULL)
[2026-05-10T07:30:50.946+0000] {subprocess.py:106} INFO - 26/05/10 07:30:50 INFO BaseDistributedDataScan: Planning file tasks locally for table iceberg.silver.it_jobs_clean
[2026-05-10T07:30:50.978+0000] {subprocess.py:106} INFO - 26/05/10 07:30:50 INFO SparkPartitioningAwareScan: Reporting UnknownPartitioning with 1 partition(s) for table iceberg.silver.it_jobs_clean
[2026-05-10T07:30:50.979+0000] {subprocess.py:106} INFO - 26/05/10 07:30:50 INFO SparkPartitioningAwareScan: Reporting UnknownPartitioning with 1 partition(s) for table iceberg.bronze.it_jobs_raw
[2026-05-10T07:30:51.063+0000] {subprocess.py:106} INFO - 26/05/10 07:30:51 INFO MemoryStore: Block broadcast_6 stored as values in memory (estimated size 32.0 KiB, free 434.4 MiB)
[2026-05-10T07:30:51.072+0000] {subprocess.py:106} INFO - 26/05/10 07:30:51 INFO MemoryStore: Block broadcast_6_piece0 stored as bytes in memory (estimated size 30.4 KiB, free 434.3 MiB)
[2026-05-10T07:30:51.075+0000] {subprocess.py:106} INFO - 26/05/10 07:30:51 INFO BlockManagerInfo: Added broadcast_6_piece0 in memory on c05002f484b8:39881 (size: 30.4 KiB, free: 434.4 MiB)
[2026-05-10T07:30:51.076+0000] {subprocess.py:106} INFO - 26/05/10 07:30:51 INFO SparkContext: Created broadcast 6 from broadcast at SparkBatch.java:79
[2026-05-10T07:30:51.093+0000] {subprocess.py:106} INFO - 26/05/10 07:30:51 INFO MemoryStore: Block broadcast_7 stored as values in memory (estimated size 32.0 KiB, free 434.3 MiB)
[2026-05-10T07:30:51.096+0000] {subprocess.py:106} INFO - 26/05/10 07:30:51 INFO MemoryStore: Block broadcast_7_piece0 stored as bytes in memory (estimated size 30.2 KiB, free 434.3 MiB)
[2026-05-10T07:30:51.097+0000] {subprocess.py:106} INFO - 26/05/10 07:30:51 INFO BlockManagerInfo: Added broadcast_7_piece0 in memory on c05002f484b8:39881 (size: 30.2 KiB, free: 434.3 MiB)
[2026-05-10T07:30:51.099+0000] {subprocess.py:106} INFO - 26/05/10 07:30:51 INFO SparkContext: Created broadcast 7 from broadcast at SparkBatch.java:79
[2026-05-10T07:30:51.127+0000] {subprocess.py:106} INFO - 26/05/10 07:30:51 INFO MemoryStore: Block broadcast_8 stored as values in memory (estimated size 32.0 KiB, free 434.2 MiB)
[2026-05-10T07:30:51.130+0000] {subprocess.py:106} INFO - 26/05/10 07:30:51 INFO MemoryStore: Block broadcast_8_piece0 stored as bytes in memory (estimated size 30.4 KiB, free 434.2 MiB)
[2026-05-10T07:30:51.132+0000] {subprocess.py:106} INFO - 26/05/10 07:30:51 INFO BlockManagerInfo: Added broadcast_8_piece0 in memory on c05002f484b8:39881 (size: 30.4 KiB, free: 434.3 MiB)
[2026-05-10T07:30:51.133+0000] {subprocess.py:106} INFO - 26/05/10 07:30:51 INFO SparkContext: Created broadcast 8 from broadcast at SparkBatch.java:79
[2026-05-10T07:30:51.139+0000] {subprocess.py:106} INFO - 26/05/10 07:30:51 INFO MemoryStore: Block broadcast_9 stored as values in memory (estimated size 32.0 KiB, free 434.2 MiB)
[2026-05-10T07:30:51.142+0000] {subprocess.py:106} INFO - 26/05/10 07:30:51 INFO MemoryStore: Block broadcast_9_piece0 stored as bytes in memory (estimated size 30.2 KiB, free 434.2 MiB)
[2026-05-10T07:30:51.144+0000] {subprocess.py:106} INFO - 26/05/10 07:30:51 INFO BlockManagerInfo: Added broadcast_9_piece0 in memory on c05002f484b8:39881 (size: 30.2 KiB, free: 434.3 MiB)
[2026-05-10T07:30:51.145+0000] {subprocess.py:106} INFO - 26/05/10 07:30:51 INFO SparkContext: Created broadcast 9 from broadcast at SparkBatch.java:79
[2026-05-10T07:30:51.173+0000] {subprocess.py:106} INFO - 26/05/10 07:30:51 INFO MemoryStore: Block broadcast_10 stored as values in memory (estimated size 32.0 KiB, free 434.1 MiB)
[2026-05-10T07:30:51.184+0000] {subprocess.py:106} INFO - 26/05/10 07:30:51 INFO MemoryStore: Block broadcast_10_piece0 stored as bytes in memory (estimated size 30.4 KiB, free 434.1 MiB)
[2026-05-10T07:30:51.186+0000] {subprocess.py:106} INFO - 26/05/10 07:30:51 INFO BlockManagerInfo: Added broadcast_10_piece0 in memory on c05002f484b8:39881 (size: 30.4 KiB, free: 434.3 MiB)
[2026-05-10T07:30:51.186+0000] {subprocess.py:106} INFO - 26/05/10 07:30:51 INFO SparkContext: Created broadcast 10 from broadcast at SparkBatch.java:79
[2026-05-10T07:30:51.191+0000] {subprocess.py:106} INFO - 26/05/10 07:30:51 INFO MemoryStore: Block broadcast_11 stored as values in memory (estimated size 32.0 KiB, free 434.1 MiB)
[2026-05-10T07:30:51.195+0000] {subprocess.py:106} INFO - 26/05/10 07:30:51 INFO MemoryStore: Block broadcast_11_piece0 stored as bytes in memory (estimated size 30.2 KiB, free 434.0 MiB)
[2026-05-10T07:30:51.198+0000] {subprocess.py:106} INFO - 26/05/10 07:30:51 INFO BlockManagerInfo: Added broadcast_11_piece0 in memory on c05002f484b8:39881 (size: 30.2 KiB, free: 434.2 MiB)
[2026-05-10T07:30:51.199+0000] {subprocess.py:106} INFO - 26/05/10 07:30:51 INFO SparkContext: Created broadcast 11 from broadcast at SparkBatch.java:79
[2026-05-10T07:30:51.362+0000] {subprocess.py:106} INFO - 26/05/10 07:30:51 INFO CodeGenerator: Code generated in 27.12096 ms
[2026-05-10T07:30:51.446+0000] {subprocess.py:106} INFO - 26/05/10 07:30:51 INFO CodeGenerator: Code generated in 69.019461 ms
[2026-05-10T07:30:51.509+0000] {subprocess.py:106} INFO - 26/05/10 07:30:51 INFO DAGScheduler: Registering RDD 16 ($anonfun$withThreadLocalCaptured$1 at <unknown>:0) as input to shuffle 2
[2026-05-10T07:30:51.510+0000] {subprocess.py:106} INFO - 26/05/10 07:30:51 INFO DAGScheduler: Got map stage job 4 ($anonfun$withThreadLocalCaptured$1 at <unknown>:0) with 1 output partitions
[2026-05-10T07:30:51.512+0000] {subprocess.py:106} INFO - 26/05/10 07:30:51 INFO DAGScheduler: Final stage: ShuffleMapStage 6 ($anonfun$withThreadLocalCaptured$1 at <unknown>:0)
[2026-05-10T07:30:51.513+0000] {subprocess.py:106} INFO - 26/05/10 07:30:51 INFO DAGScheduler: Parents of final stage: List()
[2026-05-10T07:30:51.513+0000] {subprocess.py:106} INFO - 26/05/10 07:30:51 INFO DAGScheduler: Missing parents: List()
[2026-05-10T07:30:51.514+0000] {subprocess.py:106} INFO - 26/05/10 07:30:51 INFO DAGScheduler: Submitting ShuffleMapStage 6 (MapPartitionsRDD[16] at $anonfun$withThreadLocalCaptured$1 at <unknown>:0), which has no missing parents
[2026-05-10T07:30:51.516+0000] {subprocess.py:106} INFO - 26/05/10 07:30:51 INFO MemoryStore: Block broadcast_12 stored as values in memory (estimated size 44.9 KiB, free 434.0 MiB)
[2026-05-10T07:30:51.527+0000] {subprocess.py:106} INFO - 26/05/10 07:30:51 INFO MemoryStore: Block broadcast_12_piece0 stored as bytes in memory (estimated size 18.7 KiB, free 434.0 MiB)
[2026-05-10T07:30:51.528+0000] {subprocess.py:106} INFO - 26/05/10 07:30:51 INFO BlockManagerInfo: Added broadcast_12_piece0 in memory on c05002f484b8:39881 (size: 18.7 KiB, free: 434.2 MiB)
[2026-05-10T07:30:51.529+0000] {subprocess.py:106} INFO - 26/05/10 07:30:51 INFO SparkContext: Created broadcast 12 from broadcast at DAGScheduler.scala:1585
[2026-05-10T07:30:51.530+0000] {subprocess.py:106} INFO - 26/05/10 07:30:51 INFO DAGScheduler: Submitting 1 missing tasks from ShuffleMapStage 6 (MapPartitionsRDD[16] at $anonfun$withThreadLocalCaptured$1 at <unknown>:0) (first 15 tasks are for partitions Vector(0))
[2026-05-10T07:30:51.532+0000] {subprocess.py:106} INFO - 26/05/10 07:30:51 INFO TaskSchedulerImpl: Adding task set 6.0 with 1 tasks resource profile 0
[2026-05-10T07:30:51.536+0000] {subprocess.py:106} INFO - 26/05/10 07:30:51 INFO TaskSetManager: Starting task 0.0 in stage 6.0 (TID 4) (172.30.0.7, executor 0, partition 0, PROCESS_LOCAL, 16292 bytes)
[2026-05-10T07:30:51.561+0000] {subprocess.py:106} INFO - 26/05/10 07:30:51 INFO BlockManagerInfo: Added broadcast_12_piece0 in memory on 172.30.0.7:35487 (size: 18.7 KiB, free: 434.4 MiB)
[2026-05-10T07:30:52.042+0000] {subprocess.py:106} INFO - 26/05/10 07:30:52 INFO BlockManagerInfo: Added broadcast_9_piece0 in memory on 172.30.0.7:35487 (size: 30.2 KiB, free: 434.4 MiB)
[2026-05-10T07:30:52.209+0000] {subprocess.py:106} INFO - 26/05/10 07:30:52 INFO TaskSetManager: Finished task 0.0 in stage 6.0 (TID 4) in 671 ms on 172.30.0.7 (executor 0) (1/1)
[2026-05-10T07:30:52.210+0000] {subprocess.py:106} INFO - 26/05/10 07:30:52 INFO DAGScheduler: ShuffleMapStage 6 ($anonfun$withThreadLocalCaptured$1 at <unknown>:0) finished in 0.692 s
[2026-05-10T07:30:52.210+0000] {subprocess.py:106} INFO - 26/05/10 07:30:52 INFO DAGScheduler: looking for newly runnable stages
[2026-05-10T07:30:52.211+0000] {subprocess.py:106} INFO - 26/05/10 07:30:52 INFO DAGScheduler: running: Set()
[2026-05-10T07:30:52.211+0000] {subprocess.py:106} INFO - 26/05/10 07:30:52 INFO TaskSchedulerImpl: Removed TaskSet 6.0, whose tasks have all completed, from pool
[2026-05-10T07:30:52.212+0000] {subprocess.py:106} INFO - 26/05/10 07:30:52 INFO DAGScheduler: waiting: Set()
[2026-05-10T07:30:52.212+0000] {subprocess.py:106} INFO - 26/05/10 07:30:52 INFO DAGScheduler: failed: Set()
[2026-05-10T07:30:52.226+0000] {subprocess.py:106} INFO - 26/05/10 07:30:52 INFO MemoryStore: Block broadcast_13 stored as values in memory (estimated size 32.0 KiB, free 433.9 MiB)
[2026-05-10T07:30:52.245+0000] {subprocess.py:106} INFO - 26/05/10 07:30:52 INFO MemoryStore: Block broadcast_13_piece0 stored as bytes in memory (estimated size 30.4 KiB, free 434.0 MiB)
[2026-05-10T07:30:52.246+0000] {subprocess.py:106} INFO - 26/05/10 07:30:52 INFO BlockManagerInfo: Removed broadcast_12_piece0 on c05002f484b8:39881 in memory (size: 18.7 KiB, free: 434.2 MiB)
[2026-05-10T07:30:52.247+0000] {subprocess.py:106} INFO - 26/05/10 07:30:52 INFO BlockManagerInfo: Added broadcast_13_piece0 in memory on c05002f484b8:39881 (size: 30.4 KiB, free: 434.2 MiB)
[2026-05-10T07:30:52.248+0000] {subprocess.py:106} INFO - 26/05/10 07:30:52 INFO BlockManagerInfo: Removed broadcast_12_piece0 on 172.30.0.7:35487 in memory (size: 18.7 KiB, free: 434.4 MiB)
[2026-05-10T07:30:52.249+0000] {subprocess.py:106} INFO - 26/05/10 07:30:52 INFO SparkContext: Created broadcast 13 from broadcast at SparkBatch.java:79
[2026-05-10T07:30:52.264+0000] {subprocess.py:106} INFO - 26/05/10 07:30:52 INFO ShufflePartitionsUtil: For shuffle(2), advisory target size: 67108864, actual target size 1048576, minimum partition size: 1048576
[2026-05-10T07:30:52.370+0000] {subprocess.py:106} INFO - 26/05/10 07:30:52 INFO CodeGenerator: Code generated in 45.76308 ms
[2026-05-10T07:30:52.452+0000] {subprocess.py:106} INFO - 26/05/10 07:30:52 INFO BlockManagerInfo: Removed broadcast_13_piece0 on c05002f484b8:39881 in memory (size: 30.4 KiB, free: 434.2 MiB)
[2026-05-10T07:30:52.457+0000] {subprocess.py:106} INFO - 26/05/10 07:30:52 INFO SparkContext: Starting job: $anonfun$withThreadLocalCaptured$1 at <unknown>:0
[2026-05-10T07:30:52.459+0000] {subprocess.py:106} INFO - 26/05/10 07:30:52 INFO DAGScheduler: Got job 5 ($anonfun$withThreadLocalCaptured$1 at <unknown>:0) with 1 output partitions
[2026-05-10T07:30:52.461+0000] {subprocess.py:106} INFO - 26/05/10 07:30:52 INFO DAGScheduler: Final stage: ResultStage 8 ($anonfun$withThreadLocalCaptured$1 at <unknown>:0)
[2026-05-10T07:30:52.462+0000] {subprocess.py:106} INFO - 26/05/10 07:30:52 INFO DAGScheduler: Parents of final stage: List(ShuffleMapStage 7)
[2026-05-10T07:30:52.463+0000] {subprocess.py:106} INFO - 26/05/10 07:30:52 INFO DAGScheduler: Missing parents: List()
[2026-05-10T07:30:52.463+0000] {subprocess.py:106} INFO - 26/05/10 07:30:52 INFO DAGScheduler: Submitting ResultStage 8 (MapPartitionsRDD[19] at $anonfun$withThreadLocalCaptured$1 at <unknown>:0), which has no missing parents
[2026-05-10T07:30:52.470+0000] {subprocess.py:106} INFO - 26/05/10 07:30:52 INFO MemoryStore: Block broadcast_14 stored as values in memory (estimated size 45.0 KiB, free 434.0 MiB)
[2026-05-10T07:30:52.480+0000] {subprocess.py:106} INFO - 26/05/10 07:30:52 INFO MemoryStore: Block broadcast_14_piece0 stored as bytes in memory (estimated size 19.9 KiB, free 434.0 MiB)
[2026-05-10T07:30:52.486+0000] {subprocess.py:106} INFO - 26/05/10 07:30:52 INFO BlockManagerInfo: Added broadcast_14_piece0 in memory on c05002f484b8:39881 (size: 19.9 KiB, free: 434.2 MiB)
[2026-05-10T07:30:52.487+0000] {subprocess.py:106} INFO - 26/05/10 07:30:52 INFO SparkContext: Created broadcast 14 from broadcast at DAGScheduler.scala:1585
[2026-05-10T07:30:52.488+0000] {subprocess.py:106} INFO - 26/05/10 07:30:52 INFO DAGScheduler: Submitting 1 missing tasks from ResultStage 8 (MapPartitionsRDD[19] at $anonfun$withThreadLocalCaptured$1 at <unknown>:0) (first 15 tasks are for partitions Vector(0))
[2026-05-10T07:30:52.489+0000] {subprocess.py:106} INFO - 26/05/10 07:30:52 INFO TaskSchedulerImpl: Adding task set 8.0 with 1 tasks resource profile 0
[2026-05-10T07:30:52.489+0000] {subprocess.py:106} INFO - 26/05/10 07:30:52 INFO TaskSetManager: Starting task 0.0 in stage 8.0 (TID 5) (172.30.0.7, executor 0, partition 0, NODE_LOCAL, 9976 bytes)
[2026-05-10T07:30:52.513+0000] {subprocess.py:106} INFO - 26/05/10 07:30:52 INFO BlockManagerInfo: Added broadcast_14_piece0 in memory on 172.30.0.7:35487 (size: 19.9 KiB, free: 434.4 MiB)
[2026-05-10T07:30:52.567+0000] {subprocess.py:106} INFO - 26/05/10 07:30:52 INFO MapOutputTrackerMasterEndpoint: Asked to send map output locations for shuffle 2 to 172.30.0.7:52572
[2026-05-10T07:30:52.658+0000] {subprocess.py:106} INFO - 26/05/10 07:30:52 INFO TaskSetManager: Finished task 0.0 in stage 8.0 (TID 5) in 171 ms on 172.30.0.7 (executor 0) (1/1)
[2026-05-10T07:30:52.661+0000] {subprocess.py:106} INFO - 26/05/10 07:30:52 INFO TaskSchedulerImpl: Removed TaskSet 8.0, whose tasks have all completed, from pool
[2026-05-10T07:30:52.662+0000] {subprocess.py:106} INFO - 26/05/10 07:30:52 INFO DAGScheduler: ResultStage 8 ($anonfun$withThreadLocalCaptured$1 at <unknown>:0) finished in 0.192 s
[2026-05-10T07:30:52.663+0000] {subprocess.py:106} INFO - 26/05/10 07:30:52 INFO DAGScheduler: Job 5 is finished. Cancelling potential speculative or zombie tasks for this job
[2026-05-10T07:30:52.665+0000] {subprocess.py:106} INFO - 26/05/10 07:30:52 INFO TaskSchedulerImpl: Killing all running tasks in stage 8: Stage finished
[2026-05-10T07:30:52.672+0000] {subprocess.py:106} INFO - 26/05/10 07:30:52 INFO DAGScheduler: Job 5 finished: $anonfun$withThreadLocalCaptured$1 at <unknown>:0, took 0.205983 s
[2026-05-10T07:30:52.694+0000] {subprocess.py:106} INFO - 26/05/10 07:30:52 INFO CodeGenerator: Code generated in 8.308607 ms
[2026-05-10T07:30:52.725+0000] {subprocess.py:106} INFO - 26/05/10 07:30:52 INFO BlockManagerInfo: Removed broadcast_14_piece0 on c05002f484b8:39881 in memory (size: 19.9 KiB, free: 434.2 MiB)
[2026-05-10T07:30:52.728+0000] {subprocess.py:106} INFO - 26/05/10 07:30:52 INFO BlockManagerInfo: Removed broadcast_14_piece0 on 172.30.0.7:35487 in memory (size: 19.9 KiB, free: 434.4 MiB)
[2026-05-10T07:30:52.741+0000] {subprocess.py:106} INFO - 26/05/10 07:30:52 INFO MemoryStore: Block broadcast_15_piece0 stored as bytes in memory (estimated size 4.3 KiB, free 434.0 MiB)
[2026-05-10T07:30:52.742+0000] {subprocess.py:106} INFO - 26/05/10 07:30:52 INFO BlockManagerInfo: Added broadcast_15_piece0 in memory on c05002f484b8:39881 (size: 4.3 KiB, free: 434.2 MiB)
[2026-05-10T07:30:52.743+0000] {subprocess.py:106} INFO - 26/05/10 07:30:52 INFO SparkContext: Created broadcast 15 from $anonfun$withThreadLocalCaptured$1 at <unknown>:0
[2026-05-10T07:30:52.756+0000] {subprocess.py:106} INFO - 26/05/10 07:30:52 INFO MemoryStore: Block broadcast_16 stored as values in memory (estimated size 32.0 KiB, free 434.0 MiB)
[2026-05-10T07:30:52.760+0000] {subprocess.py:106} INFO - 26/05/10 07:30:52 INFO MemoryStore: Block broadcast_16_piece0 stored as bytes in memory (estimated size 30.3 KiB, free 434.0 MiB)
[2026-05-10T07:30:52.761+0000] {subprocess.py:106} INFO - 26/05/10 07:30:52 INFO BlockManagerInfo: Added broadcast_16_piece0 in memory on c05002f484b8:39881 (size: 30.3 KiB, free: 434.2 MiB)
[2026-05-10T07:30:52.762+0000] {subprocess.py:106} INFO - 26/05/10 07:30:52 INFO SparkContext: Created broadcast 16 from broadcast at SparkBatch.java:79
[2026-05-10T07:30:52.858+0000] {subprocess.py:106} INFO - 26/05/10 07:30:52 INFO CodeGenerator: Code generated in 43.872784 ms
[2026-05-10T07:30:52.887+0000] {subprocess.py:106} INFO - 26/05/10 07:30:52 INFO DAGScheduler: Registering RDD 23 ($anonfun$withThreadLocalCaptured$1 at <unknown>:0) as input to shuffle 3
[2026-05-10T07:30:52.888+0000] {subprocess.py:106} INFO - 26/05/10 07:30:52 INFO DAGScheduler: Got map stage job 6 ($anonfun$withThreadLocalCaptured$1 at <unknown>:0) with 1 output partitions
[2026-05-10T07:30:52.889+0000] {subprocess.py:106} INFO - 26/05/10 07:30:52 INFO DAGScheduler: Final stage: ShuffleMapStage 9 ($anonfun$withThreadLocalCaptured$1 at <unknown>:0)
[2026-05-10T07:30:52.889+0000] {subprocess.py:106} INFO - 26/05/10 07:30:52 INFO DAGScheduler: Parents of final stage: List()
[2026-05-10T07:30:52.893+0000] {subprocess.py:106} INFO - 26/05/10 07:30:52 INFO DAGScheduler: Missing parents: List()
[2026-05-10T07:30:52.893+0000] {subprocess.py:106} INFO - 26/05/10 07:30:52 INFO DAGScheduler: Submitting ShuffleMapStage 9 (MapPartitionsRDD[23] at $anonfun$withThreadLocalCaptured$1 at <unknown>:0), which has no missing parents
[2026-05-10T07:30:52.897+0000] {subprocess.py:106} INFO - 26/05/10 07:30:52 INFO MemoryStore: Block broadcast_17 stored as values in memory (estimated size 58.0 KiB, free 433.9 MiB)
[2026-05-10T07:30:52.912+0000] {subprocess.py:106} INFO - 26/05/10 07:30:52 INFO MemoryStore: Block broadcast_17_piece0 stored as bytes in memory (estimated size 24.4 KiB, free 433.9 MiB)
[2026-05-10T07:30:52.917+0000] {subprocess.py:106} INFO - 26/05/10 07:30:52 INFO BlockManagerInfo: Added broadcast_17_piece0 in memory on c05002f484b8:39881 (size: 24.4 KiB, free: 434.2 MiB)
[2026-05-10T07:30:52.918+0000] {subprocess.py:106} INFO - 26/05/10 07:30:52 INFO BlockManagerInfo: Removed broadcast_16_piece0 on c05002f484b8:39881 in memory (size: 30.3 KiB, free: 434.2 MiB)
[2026-05-10T07:30:52.919+0000] {subprocess.py:106} INFO - 26/05/10 07:30:52 INFO SparkContext: Created broadcast 17 from broadcast at DAGScheduler.scala:1585
[2026-05-10T07:30:52.920+0000] {subprocess.py:106} INFO - 26/05/10 07:30:52 INFO DAGScheduler: Submitting 1 missing tasks from ShuffleMapStage 9 (MapPartitionsRDD[23] at $anonfun$withThreadLocalCaptured$1 at <unknown>:0) (first 15 tasks are for partitions Vector(0))
[2026-05-10T07:30:52.923+0000] {subprocess.py:106} INFO - 26/05/10 07:30:52 INFO TaskSchedulerImpl: Adding task set 9.0 with 1 tasks resource profile 0
[2026-05-10T07:30:52.930+0000] {subprocess.py:106} INFO - 26/05/10 07:30:52 INFO TaskSetManager: Starting task 0.0 in stage 9.0 (TID 6) (172.30.0.7, executor 0, partition 0, PROCESS_LOCAL, 16866 bytes)
[2026-05-10T07:30:52.954+0000] {subprocess.py:106} INFO - 26/05/10 07:30:52 INFO BlockManagerInfo: Added broadcast_17_piece0 in memory on 172.30.0.7:35487 (size: 24.4 KiB, free: 434.3 MiB)
[2026-05-10T07:30:53.089+0000] {subprocess.py:106} INFO - 26/05/10 07:30:53 INFO BlockManagerInfo: Added broadcast_15_piece0 in memory on 172.30.0.7:35487 (size: 4.3 KiB, free: 434.3 MiB)
[2026-05-10T07:30:53.144+0000] {subprocess.py:106} INFO - 26/05/10 07:30:53 INFO BlockManagerInfo: Added broadcast_8_piece0 in memory on 172.30.0.7:35487 (size: 30.4 KiB, free: 434.3 MiB)
[2026-05-10T07:30:53.536+0000] {subprocess.py:106} INFO - 26/05/10 07:30:53 INFO TaskSetManager: Finished task 0.0 in stage 9.0 (TID 6) in 615 ms on 172.30.0.7 (executor 0) (1/1)
[2026-05-10T07:30:53.538+0000] {subprocess.py:106} INFO - 26/05/10 07:30:53 INFO TaskSchedulerImpl: Removed TaskSet 9.0, whose tasks have all completed, from pool
[2026-05-10T07:30:53.540+0000] {subprocess.py:106} INFO - 26/05/10 07:30:53 INFO DAGScheduler: ShuffleMapStage 9 ($anonfun$withThreadLocalCaptured$1 at <unknown>:0) finished in 0.643 s
[2026-05-10T07:30:53.541+0000] {subprocess.py:106} INFO - 26/05/10 07:30:53 INFO DAGScheduler: looking for newly runnable stages
[2026-05-10T07:30:53.542+0000] {subprocess.py:106} INFO - 26/05/10 07:30:53 INFO DAGScheduler: running: Set()
[2026-05-10T07:30:53.543+0000] {subprocess.py:106} INFO - 26/05/10 07:30:53 INFO DAGScheduler: waiting: Set()
[2026-05-10T07:30:53.544+0000] {subprocess.py:106} INFO - 26/05/10 07:30:53 INFO DAGScheduler: failed: Set()
[2026-05-10T07:30:53.558+0000] {subprocess.py:106} INFO - 26/05/10 07:30:53 INFO MemoryStore: Block broadcast_18 stored as values in memory (estimated size 40.0 B, free 434.0 MiB)
[2026-05-10T07:30:53.581+0000] {subprocess.py:106} INFO - 26/05/10 07:30:53 INFO MemoryStore: Block broadcast_18_piece0 stored as bytes in memory (estimated size 86.0 B, free 434.0 MiB)
[2026-05-10T07:30:53.583+0000] {subprocess.py:106} INFO - 26/05/10 07:30:53 INFO BlockManagerInfo: Added broadcast_18_piece0 in memory on c05002f484b8:39881 (size: 86.0 B, free: 434.2 MiB)
[2026-05-10T07:30:53.590+0000] {subprocess.py:106} INFO - 26/05/10 07:30:53 INFO SparkContext: Created broadcast 18 from sql at <unknown>:0
[2026-05-10T07:30:53.592+0000] {subprocess.py:106} INFO - 26/05/10 07:30:53 INFO BlockManagerInfo: Removed broadcast_17_piece0 on c05002f484b8:39881 in memory (size: 24.4 KiB, free: 434.2 MiB)
[2026-05-10T07:30:53.598+0000] {subprocess.py:106} INFO - 26/05/10 07:30:53 INFO BlockManagerInfo: Removed broadcast_17_piece0 on 172.30.0.7:35487 in memory (size: 24.4 KiB, free: 434.3 MiB)
[2026-05-10T07:30:53.619+0000] {subprocess.py:106} INFO - 26/05/10 07:30:53 INFO SparkCopyOnWriteScan: 0 of 4 task(s) for table iceberg.silver.it_jobs_clean matched runtime file filter with 0 location(s)
[2026-05-10T07:30:53.625+0000] {subprocess.py:106} INFO - 26/05/10 07:30:53 INFO MemoryStore: Block broadcast_19 stored as values in memory (estimated size 32.0 KiB, free 434.0 MiB)
[2026-05-10T07:30:53.630+0000] {subprocess.py:106} INFO - 26/05/10 07:30:53 INFO MemoryStore: Block broadcast_19_piece0 stored as bytes in memory (estimated size 30.4 KiB, free 434.0 MiB)
[2026-05-10T07:30:53.631+0000] {subprocess.py:106} INFO - 26/05/10 07:30:53 INFO BlockManagerInfo: Added broadcast_19_piece0 in memory on c05002f484b8:39881 (size: 30.4 KiB, free: 434.2 MiB)
[2026-05-10T07:30:53.632+0000] {subprocess.py:106} INFO - 26/05/10 07:30:53 INFO SparkContext: Created broadcast 19 from broadcast at SparkBatch.java:79
[2026-05-10T07:30:53.674+0000] {subprocess.py:106} INFO - 26/05/10 07:30:53 INFO CodeGenerator: Code generated in 13.712388 ms
[2026-05-10T07:30:53.728+0000] {subprocess.py:106} INFO - 26/05/10 07:30:53 INFO CodeGenerator: Code generated in 27.691895 ms
[2026-05-10T07:30:53.798+0000] {subprocess.py:106} INFO - 26/05/10 07:30:53 INFO DAGScheduler: Registering RDD 33 (sql at <unknown>:0) as input to shuffle 4
[2026-05-10T07:30:53.799+0000] {subprocess.py:106} INFO - 26/05/10 07:30:53 INFO DAGScheduler: Got map stage job 7 (sql at <unknown>:0) with 1 output partitions
[2026-05-10T07:30:53.799+0000] {subprocess.py:106} INFO - 26/05/10 07:30:53 INFO DAGScheduler: Final stage: ShuffleMapStage 10 (sql at <unknown>:0)
[2026-05-10T07:30:53.800+0000] {subprocess.py:106} INFO - 26/05/10 07:30:53 INFO DAGScheduler: Parents of final stage: List()
[2026-05-10T07:30:53.802+0000] {subprocess.py:106} INFO - 26/05/10 07:30:53 INFO DAGScheduler: Missing parents: List()
[2026-05-10T07:30:53.806+0000] {subprocess.py:106} INFO - 26/05/10 07:30:53 INFO DAGScheduler: Submitting ShuffleMapStage 10 (MapPartitionsRDD[33] at sql at <unknown>:0), which has no missing parents
[2026-05-10T07:30:53.827+0000] {subprocess.py:106} INFO - 26/05/10 07:30:53 INFO MemoryStore: Block broadcast_20 stored as values in memory (estimated size 59.0 KiB, free 433.9 MiB)
[2026-05-10T07:30:53.840+0000] {subprocess.py:106} INFO - 26/05/10 07:30:53 INFO MemoryStore: Block broadcast_20_piece0 stored as bytes in memory (estimated size 22.9 KiB, free 433.9 MiB)
[2026-05-10T07:30:53.841+0000] {subprocess.py:106} INFO - 26/05/10 07:30:53 INFO BlockManagerInfo: Added broadcast_20_piece0 in memory on c05002f484b8:39881 (size: 22.9 KiB, free: 434.2 MiB)
[2026-05-10T07:30:53.843+0000] {subprocess.py:106} INFO - 26/05/10 07:30:53 INFO SparkContext: Created broadcast 20 from broadcast at DAGScheduler.scala:1585
[2026-05-10T07:30:53.845+0000] {subprocess.py:106} INFO - 26/05/10 07:30:53 INFO DAGScheduler: Submitting 1 missing tasks from ShuffleMapStage 10 (MapPartitionsRDD[33] at sql at <unknown>:0) (first 15 tasks are for partitions Vector(0))
[2026-05-10T07:30:53.847+0000] {subprocess.py:106} INFO - 26/05/10 07:30:53 INFO TaskSchedulerImpl: Adding task set 10.0 with 1 tasks resource profile 0
[2026-05-10T07:30:53.848+0000] {subprocess.py:106} INFO - 26/05/10 07:30:53 INFO BlockManagerInfo: Removed broadcast_19_piece0 on c05002f484b8:39881 in memory (size: 30.4 KiB, free: 434.2 MiB)
[2026-05-10T07:30:53.849+0000] {subprocess.py:106} INFO - 26/05/10 07:30:53 INFO TaskSetManager: Starting task 0.0 in stage 10.0 (TID 7) (172.30.0.7, executor 0, partition 0, PROCESS_LOCAL, 16292 bytes)
[2026-05-10T07:30:53.874+0000] {subprocess.py:106} INFO - 26/05/10 07:30:53 INFO BlockManagerInfo: Added broadcast_20_piece0 in memory on 172.30.0.7:35487 (size: 22.9 KiB, free: 434.3 MiB)
[2026-05-10T07:30:54.268+0000] {subprocess.py:106} INFO - 26/05/10 07:30:54 INFO BlockManagerInfo: Added broadcast_11_piece0 in memory on 172.30.0.7:35487 (size: 30.2 KiB, free: 434.3 MiB)
[2026-05-10T07:30:54.589+0000] {subprocess.py:106} INFO - 26/05/10 07:30:54 INFO TaskSetManager: Finished task 0.0 in stage 10.0 (TID 7) in 741 ms on 172.30.0.7 (executor 0) (1/1)
[2026-05-10T07:30:54.590+0000] {subprocess.py:106} INFO - 26/05/10 07:30:54 INFO TaskSchedulerImpl: Removed TaskSet 10.0, whose tasks have all completed, from pool
[2026-05-10T07:30:54.591+0000] {subprocess.py:106} INFO - 26/05/10 07:30:54 INFO DAGScheduler: ShuffleMapStage 10 (sql at <unknown>:0) finished in 0.784 s
[2026-05-10T07:30:54.592+0000] {subprocess.py:106} INFO - 26/05/10 07:30:54 INFO DAGScheduler: looking for newly runnable stages
[2026-05-10T07:30:54.592+0000] {subprocess.py:106} INFO - 26/05/10 07:30:54 INFO DAGScheduler: running: Set()
[2026-05-10T07:30:54.594+0000] {subprocess.py:106} INFO - 26/05/10 07:30:54 INFO DAGScheduler: waiting: Set()
[2026-05-10T07:30:54.594+0000] {subprocess.py:106} INFO - 26/05/10 07:30:54 INFO DAGScheduler: failed: Set()
[2026-05-10T07:30:54.603+0000] {subprocess.py:106} INFO - 26/05/10 07:30:54 INFO ShufflePartitionsUtil: For shuffle(4), advisory target size: 67108864, actual target size 1048576, minimum partition size: 1048576
[2026-05-10T07:30:54.622+0000] {subprocess.py:106} INFO - 26/05/10 07:30:54 WARN SparkStringUtils: Truncated the string representation of a plan since it was too large. This behavior can be adjusted by setting 'spark.sql.debug.maxToStringFields'.
[2026-05-10T07:30:54.645+0000] {subprocess.py:106} INFO - 26/05/10 07:30:54 INFO CodeGenerator: Code generated in 13.919549 ms
[2026-05-10T07:30:54.678+0000] {subprocess.py:106} INFO - 26/05/10 07:30:54 INFO CodeGenerator: Code generated in 17.039001 ms
[2026-05-10T07:30:54.690+0000] {subprocess.py:106} INFO - 26/05/10 07:30:54 INFO CodeGenerator: Code generated in 7.960493 ms
[2026-05-10T07:30:54.740+0000] {subprocess.py:106} INFO - 26/05/10 07:30:54 INFO MemoryStore: Block broadcast_21 stored as values in memory (estimated size 32.0 KiB, free 433.9 MiB)
[2026-05-10T07:30:54.756+0000] {subprocess.py:106} INFO - 26/05/10 07:30:54 INFO MemoryStore: Block broadcast_21_piece0 stored as bytes in memory (estimated size 30.3 KiB, free 433.9 MiB)
[2026-05-10T07:30:54.760+0000] {subprocess.py:106} INFO - 26/05/10 07:30:54 INFO BlockManagerInfo: Added broadcast_21_piece0 in memory on c05002f484b8:39881 (size: 30.3 KiB, free: 434.2 MiB)
[2026-05-10T07:30:54.761+0000] {subprocess.py:106} INFO - 26/05/10 07:30:54 INFO BlockManagerInfo: Removed broadcast_20_piece0 on c05002f484b8:39881 in memory (size: 22.9 KiB, free: 434.2 MiB)
[2026-05-10T07:30:54.761+0000] {subprocess.py:106} INFO - 26/05/10 07:30:54 INFO SparkContext: Created broadcast 21 from broadcast at SparkWrite.java:193
[2026-05-10T07:30:54.762+0000] {subprocess.py:106} INFO - 26/05/10 07:30:54 INFO ReplaceDataExec: Start processing data source write support: IcebergBatchWrite(table=iceberg.silver.it_jobs_clean, format=PARQUET). The input RDD has 1 partitions.
[2026-05-10T07:30:54.763+0000] {subprocess.py:106} INFO - 26/05/10 07:30:54 INFO BlockManagerInfo: Removed broadcast_20_piece0 on 172.30.0.7:35487 in memory (size: 22.9 KiB, free: 434.3 MiB)
[2026-05-10T07:30:54.777+0000] {subprocess.py:106} INFO - 26/05/10 07:30:54 INFO SparkContext: Starting job: sql at <unknown>:0
[2026-05-10T07:30:54.778+0000] {subprocess.py:106} INFO - 26/05/10 07:30:54 INFO DAGScheduler: Got job 8 (sql at <unknown>:0) with 1 output partitions
[2026-05-10T07:30:54.778+0000] {subprocess.py:106} INFO - 26/05/10 07:30:54 INFO DAGScheduler: Final stage: ResultStage 12 (sql at <unknown>:0)
[2026-05-10T07:30:54.779+0000] {subprocess.py:106} INFO - 26/05/10 07:30:54 INFO DAGScheduler: Parents of final stage: List(ShuffleMapStage 11)
[2026-05-10T07:30:54.786+0000] {subprocess.py:106} INFO - 26/05/10 07:30:54 INFO DAGScheduler: Missing parents: List()
[2026-05-10T07:30:54.787+0000] {subprocess.py:106} INFO - 26/05/10 07:30:54 INFO DAGScheduler: Submitting ResultStage 12 (MapPartitionsRDD[39] at sql at <unknown>:0), which has no missing parents
[2026-05-10T07:30:54.795+0000] {subprocess.py:106} INFO - 26/05/10 07:30:54 INFO MemoryStore: Block broadcast_22 stored as values in memory (estimated size 97.3 KiB, free 433.9 MiB)
[2026-05-10T07:30:54.798+0000] {subprocess.py:106} INFO - 26/05/10 07:30:54 INFO MemoryStore: Block broadcast_22_piece0 stored as bytes in memory (estimated size 33.4 KiB, free 433.8 MiB)
[2026-05-10T07:30:54.800+0000] {subprocess.py:106} INFO - 26/05/10 07:30:54 INFO BlockManagerInfo: Added broadcast_22_piece0 in memory on c05002f484b8:39881 (size: 33.4 KiB, free: 434.2 MiB)
[2026-05-10T07:30:54.802+0000] {subprocess.py:106} INFO - 26/05/10 07:30:54 INFO SparkContext: Created broadcast 22 from broadcast at DAGScheduler.scala:1585
[2026-05-10T07:30:54.803+0000] {subprocess.py:106} INFO - 26/05/10 07:30:54 INFO DAGScheduler: Submitting 1 missing tasks from ResultStage 12 (MapPartitionsRDD[39] at sql at <unknown>:0) (first 15 tasks are for partitions Vector(0))
[2026-05-10T07:30:54.804+0000] {subprocess.py:106} INFO - 26/05/10 07:30:54 INFO TaskSchedulerImpl: Adding task set 12.0 with 1 tasks resource profile 0
[2026-05-10T07:30:54.806+0000] {subprocess.py:106} INFO - 26/05/10 07:30:54 INFO TaskSetManager: Starting task 0.0 in stage 12.0 (TID 8) (172.30.0.7, executor 0, partition 0, NODE_LOCAL, 9976 bytes)
[2026-05-10T07:30:54.842+0000] {subprocess.py:106} INFO - 26/05/10 07:30:54 INFO BlockManagerInfo: Added broadcast_22_piece0 in memory on 172.30.0.7:35487 (size: 33.4 KiB, free: 434.3 MiB)
[2026-05-10T07:30:54.882+0000] {subprocess.py:106} INFO - 26/05/10 07:30:54 INFO MapOutputTrackerMasterEndpoint: Asked to send map output locations for shuffle 4 to 172.30.0.7:52572
[2026-05-10T07:30:58.056+0000] {subprocess.py:106} INFO - 26/05/10 07:30:58 INFO BlockManagerInfo: Added broadcast_21_piece0 in memory on 172.30.0.7:35487 (size: 30.3 KiB, free: 434.2 MiB)
[2026-05-10T07:30:58.627+0000] {subprocess.py:106} INFO - 26/05/10 07:30:58 INFO TaskSetManager: Finished task 0.0 in stage 12.0 (TID 8) in 3822 ms on 172.30.0.7 (executor 0) (1/1)
[2026-05-10T07:30:58.628+0000] {subprocess.py:106} INFO - 26/05/10 07:30:58 INFO TaskSchedulerImpl: Removed TaskSet 12.0, whose tasks have all completed, from pool
[2026-05-10T07:30:58.630+0000] {subprocess.py:106} INFO - 26/05/10 07:30:58 INFO DAGScheduler: ResultStage 12 (sql at <unknown>:0) finished in 3.840 s
[2026-05-10T07:30:58.631+0000] {subprocess.py:106} INFO - 26/05/10 07:30:58 INFO DAGScheduler: Job 8 is finished. Cancelling potential speculative or zombie tasks for this job
[2026-05-10T07:30:58.631+0000] {subprocess.py:106} INFO - 26/05/10 07:30:58 INFO TaskSchedulerImpl: Killing all running tasks in stage 12: Stage finished
[2026-05-10T07:30:58.632+0000] {subprocess.py:106} INFO - 26/05/10 07:30:58 INFO DAGScheduler: Job 8 finished: sql at <unknown>:0, took 1.109168 s
[2026-05-10T07:30:58.633+0000] {subprocess.py:106} INFO - 26/05/10 07:30:58 INFO ReplaceDataExec: Data source write support IcebergBatchWrite(table=iceberg.silver.it_jobs_clean, format=PARQUET) is committing.
[2026-05-10T07:30:58.665+0000] {subprocess.py:106} INFO - 26/05/10 07:30:58 INFO SparkWrite: Committing overwrite of 0 data files with 1 new data files, scanSnapshotId: 5489671670002182211, conflictDetectionFilter: true to table iceberg.silver.it_jobs_clean
[2026-05-10T07:30:58.878+0000] {subprocess.py:106} INFO - 26/05/10 07:30:58 INFO BlockManagerInfo: Removed broadcast_22_piece0 on c05002f484b8:39881 in memory (size: 33.4 KiB, free: 434.2 MiB)
[2026-05-10T07:30:58.882+0000] {subprocess.py:106} INFO - 26/05/10 07:30:58 INFO BlockManagerInfo: Removed broadcast_22_piece0 on 172.30.0.7:35487 in memory (size: 33.4 KiB, free: 434.3 MiB)
[2026-05-10T07:30:59.603+0000] {subprocess.py:106} INFO - 26/05/10 07:30:59 INFO HiveTableOperations: Committed to table iceberg.silver.it_jobs_clean with the new metadata location s3a://warehouse/iceberg_data/silver.db/it_jobs_clean/metadata/00008-84337241-cbe8-417d-bba6-cd31a338863c.metadata.json
[2026-05-10T07:30:59.604+0000] {subprocess.py:106} INFO - 26/05/10 07:30:59 INFO BaseMetastoreTableOperations: Successfully committed to table iceberg.silver.it_jobs_clean in 397 ms
[2026-05-10T07:30:59.604+0000] {subprocess.py:106} INFO - 26/05/10 07:30:59 INFO SnapshotProducer: Committed snapshot 2587489550868665709 (BaseOverwriteFiles)
[2026-05-10T07:30:59.617+0000] {subprocess.py:106} INFO - 26/05/10 07:30:59 INFO BaseMetastoreTableOperations: Refreshing table metadata from new version: s3a://warehouse/iceberg_data/silver.db/it_jobs_clean/metadata/00008-84337241-cbe8-417d-bba6-cd31a338863c.metadata.json
[2026-05-10T07:30:59.688+0000] {subprocess.py:106} INFO - 26/05/10 07:30:59 INFO LoggingMetricsReporter: Received metrics report: CommitReport{tableName=iceberg.silver.it_jobs_clean, snapshotId=2587489550868665709, sequenceNumber=9, operation=append, commitMetrics=CommitMetricsResult{totalDuration=TimerResult{timeUnit=NANOSECONDS, totalDuration=PT0.996651358S, count=1}, attempts=CounterResult{unit=COUNT, value=1}, addedDataFiles=CounterResult{unit=COUNT, value=1}, removedDataFiles=null, totalDataFiles=CounterResult{unit=COUNT, value=5}, addedDeleteFiles=null, addedEqualityDeleteFiles=null, addedPositionalDeleteFiles=null, removedDeleteFiles=null, removedEqualityDeleteFiles=null, removedPositionalDeleteFiles=null, totalDeleteFiles=CounterResult{unit=COUNT, value=0}, addedRecords=CounterResult{unit=COUNT, value=71}, removedRecords=null, totalRecords=CounterResult{unit=COUNT, value=14124}, addedFilesSizeInBytes=CounterResult{unit=BYTES, value=12014}, removedFilesSizeInBytes=null, totalFilesSizeInBytes=CounterResult{unit=BYTES, value=561203}, addedPositionalDeletes=null, removedPositionalDeletes=null, totalPositionalDeletes=CounterResult{unit=COUNT, value=0}, addedEqualityDeletes=null, removedEqualityDeletes=null, totalEqualityDeletes=CounterResult{unit=COUNT, value=0}}, metadata={engine-version=3.5.3, app-id=app-20260510073032-0001, engine-name=spark, iceberg-version=Apache Iceberg 1.6.1 (commit 8e9d59d299be42b0bca9461457cd1e95dbaad086)}}
[2026-05-10T07:30:59.689+0000] {subprocess.py:106} INFO - 26/05/10 07:30:59 INFO SparkWrite: Committed in 1022 ms
[2026-05-10T07:30:59.689+0000] {subprocess.py:106} INFO - 26/05/10 07:30:59 INFO ReplaceDataExec: Data source write support IcebergBatchWrite(table=iceberg.silver.it_jobs_clean, format=PARQUET) committed.
[2026-05-10T07:30:59.691+0000] {subprocess.py:106} INFO - >>> SUCCESS: Data Merged (Upsert).
[2026-05-10T07:30:59.692+0000] {subprocess.py:106} INFO - 26/05/10 07:30:59 INFO SparkContext: SparkContext is stopping with exitCode 0.
[2026-05-10T07:30:59.706+0000] {subprocess.py:106} INFO - 26/05/10 07:30:59 INFO SparkUI: Stopped Spark web UI at http://c05002f484b8:4040
[2026-05-10T07:30:59.713+0000] {subprocess.py:106} INFO - 26/05/10 07:30:59 INFO StandaloneSchedulerBackend: Shutting down all executors
[2026-05-10T07:30:59.714+0000] {subprocess.py:106} INFO - 26/05/10 07:30:59 INFO StandaloneSchedulerBackend$StandaloneDriverEndpoint: Asking each executor to shut down
[2026-05-10T07:30:59.740+0000] {subprocess.py:106} INFO - 26/05/10 07:30:59 INFO MapOutputTrackerMasterEndpoint: MapOutputTrackerMasterEndpoint stopped!
[2026-05-10T07:30:59.766+0000] {subprocess.py:106} INFO - 26/05/10 07:30:59 INFO MemoryStore: MemoryStore cleared
[2026-05-10T07:30:59.767+0000] {subprocess.py:106} INFO - 26/05/10 07:30:59 INFO BlockManager: BlockManager stopped
[2026-05-10T07:30:59.776+0000] {subprocess.py:106} INFO - 26/05/10 07:30:59 INFO BlockManagerMaster: BlockManagerMaster stopped
[2026-05-10T07:30:59.783+0000] {subprocess.py:106} INFO - 26/05/10 07:30:59 INFO OutputCommitCoordinator$OutputCommitCoordinatorEndpoint: OutputCommitCoordinator stopped!
[2026-05-10T07:30:59.851+0000] {subprocess.py:106} INFO - 26/05/10 07:30:59 INFO SparkContext: Successfully stopped SparkContext
[2026-05-10T07:31:00.145+0000] {subprocess.py:106} INFO - 26/05/10 07:31:00 INFO ShutdownHookManager: Shutdown hook called
[2026-05-10T07:31:00.145+0000] {subprocess.py:106} INFO - 26/05/10 07:31:00 INFO ShutdownHookManager: Deleting directory /tmp/spark-3f9ecb7f-88ee-4223-8fa2-2c9a725e227a/pyspark-faeb1619-1463-4bdf-8352-470262548f16
[2026-05-10T07:31:00.149+0000] {subprocess.py:106} INFO - 26/05/10 07:31:00 INFO ShutdownHookManager: Deleting directory /tmp/spark-0f506a11-d478-4ed2-8696-61d5bbb857be
[2026-05-10T07:31:00.152+0000] {subprocess.py:106} INFO - 26/05/10 07:31:00 INFO ShutdownHookManager: Deleting directory /tmp/spark-3f9ecb7f-88ee-4223-8fa2-2c9a725e227a
[2026-05-10T07:31:00.159+0000] {subprocess.py:106} INFO - 26/05/10 07:31:00 INFO MetricsSystemImpl: Stopping s3a-file-system metrics system...
[2026-05-10T07:31:00.160+0000] {subprocess.py:106} INFO - 26/05/10 07:31:00 INFO MetricsSystemImpl: s3a-file-system metrics system stopped.
[2026-05-10T07:31:00.160+0000] {subprocess.py:106} INFO - 26/05/10 07:31:00 INFO MetricsSystemImpl: s3a-file-system metrics system shutdown complete.
[2026-05-10T07:31:00.246+0000] {subprocess.py:110} INFO - Command exited with return code 0
[2026-05-10T07:31:00.311+0000] {taskinstance.py:341} INFO - ::group::Post task execution logs
[2026-05-10T07:31:00.312+0000] {taskinstance.py:353} INFO - Marking task as SUCCESS. dag_id=crawl_etl_itjob, task_id=clean_silver, run_id=scheduled__2026-05-09T02:00:00+00:00, execution_date=20260509T020000, start_date=20260510T073026, end_date=20260510T073100
[2026-05-10T07:31:00.403+0000] {local_task_job_runner.py:266} INFO - Task exited with return code 0
[2026-05-10T07:31:00.439+0000] {taskinstance.py:3901} INFO - 1 downstream tasks scheduled from follow-on schedule check
[2026-05-10T07:31:00.441+0000] {local_task_job_runner.py:245} INFO - ::endgroup::
