[2026-04-09T08:01:49.340+0000] {processor.py:186} INFO - Started process (PID=47) to work on /opt/airflow/dags/Crawl_ETL_ITJob.py
[2026-04-09T08:01:49.342+0000] {processor.py:914} INFO - Processing file /opt/airflow/dags/Crawl_ETL_ITJob.py for tasks to queue
[2026-04-09T08:01:49.353+0000] {logging_mixin.py:190} INFO - [2026-04-09T08:01:49.347+0000] {dagbag.py:588} INFO - Filling up the DagBag from /opt/airflow/dags/Crawl_ETL_ITJob.py
[2026-04-09T08:01:49.434+0000] {processor.py:925} INFO - DAG(s) 'crawl_etl_itjob' retrieved from /opt/airflow/dags/Crawl_ETL_ITJob.py
[2026-04-09T08:01:49.527+0000] {logging_mixin.py:190} INFO - [2026-04-09T08:01:49.527+0000] {dag.py:3239} INFO - Sync 1 DAGs
[2026-04-09T08:01:49.715+0000] {processor.py:208} INFO - Processing /opt/airflow/dags/Crawl_ETL_ITJob.py took 0.401 seconds
[2026-04-09T08:01:59.138+0000] {processor.py:186} INFO - Started process (PID=51) to work on /opt/airflow/dags/Crawl_ETL_ITJob.py
[2026-04-09T08:01:59.139+0000] {processor.py:914} INFO - Processing file /opt/airflow/dags/Crawl_ETL_ITJob.py for tasks to queue
[2026-04-09T08:01:59.140+0000] {logging_mixin.py:190} INFO - [2026-04-09T08:01:59.140+0000] {dagbag.py:588} INFO - Filling up the DagBag from /opt/airflow/dags/Crawl_ETL_ITJob.py
[2026-04-09T08:01:59.159+0000] {processor.py:925} INFO - DAG(s) 'crawl_etl_itjob' retrieved from /opt/airflow/dags/Crawl_ETL_ITJob.py
[2026-04-09T08:01:59.194+0000] {logging_mixin.py:190} INFO - [2026-04-09T08:01:59.194+0000] {taskinstance.py:3315} ERROR - {'DAG Id': 'crawl_etl_itjob', 'Task Id': 'build_gold', 'Run Id': 'scheduled__2026-04-07T02:00:00+00:00', 'Hostname': '64b3786bead1', 'External Executor Id': 'f677ea80-3244-4178-adc0-5e2a38861486'}
[2026-04-09T08:01:59.225+0000] {logging_mixin.py:190} INFO - [2026-04-09T08:01:59.225+0000] {taskinstance.py:1226} INFO - Marking task as UP_FOR_RETRY. dag_id=crawl_etl_itjob, task_id=build_gold, run_id=scheduled__2026-04-07T02:00:00+00:00, execution_date=20260407T020000, start_date=20260408T150204, end_date=20260409T080159
[2026-04-09T08:01:59.264+0000] {logging_mixin.py:190} INFO - [2026-04-09T08:01:59.264+0000] {processor.py:876} INFO - Executed callback for <TaskInstance: crawl_etl_itjob.build_gold scheduled__2026-04-07T02:00:00+00:00 [up_for_retry]> in state up_for_retry
[2026-04-09T08:01:59.279+0000] {logging_mixin.py:190} INFO - [2026-04-09T08:01:59.279+0000] {dag.py:3239} INFO - Sync 1 DAGs
[2026-04-09T08:01:59.324+0000] {processor.py:208} INFO - Processing /opt/airflow/dags/Crawl_ETL_ITJob.py took 0.193 seconds
[2026-04-09T08:02:14.681+0000] {processor.py:186} INFO - Started process (PID=37) to work on /opt/airflow/dags/Crawl_ETL_ITJob.py
[2026-04-09T08:02:14.683+0000] {processor.py:914} INFO - Processing file /opt/airflow/dags/Crawl_ETL_ITJob.py for tasks to queue
[2026-04-09T08:02:14.688+0000] {logging_mixin.py:190} INFO - [2026-04-09T08:02:14.687+0000] {dagbag.py:588} INFO - Filling up the DagBag from /opt/airflow/dags/Crawl_ETL_ITJob.py
[2026-04-09T08:02:14.757+0000] {processor.py:925} INFO - DAG(s) 'crawl_etl_itjob' retrieved from /opt/airflow/dags/Crawl_ETL_ITJob.py
[2026-04-09T08:02:14.852+0000] {logging_mixin.py:190} INFO - [2026-04-09T08:02:14.852+0000] {dag.py:3239} INFO - Sync 1 DAGs
[2026-04-09T08:02:14.971+0000] {processor.py:208} INFO - Processing /opt/airflow/dags/Crawl_ETL_ITJob.py took 0.324 seconds
[2026-04-09T08:02:45.374+0000] {processor.py:186} INFO - Started process (PID=42) to work on /opt/airflow/dags/Crawl_ETL_ITJob.py
[2026-04-09T08:02:45.376+0000] {processor.py:914} INFO - Processing file /opt/airflow/dags/Crawl_ETL_ITJob.py for tasks to queue
[2026-04-09T08:02:45.380+0000] {logging_mixin.py:190} INFO - [2026-04-09T08:02:45.378+0000] {dagbag.py:588} INFO - Filling up the DagBag from /opt/airflow/dags/Crawl_ETL_ITJob.py
[2026-04-09T08:02:45.444+0000] {processor.py:925} INFO - DAG(s) 'crawl_etl_itjob' retrieved from /opt/airflow/dags/Crawl_ETL_ITJob.py
[2026-04-09T08:02:45.549+0000] {logging_mixin.py:190} INFO - [2026-04-09T08:02:45.549+0000] {dag.py:3239} INFO - Sync 1 DAGs
[2026-04-09T08:02:45.738+0000] {processor.py:208} INFO - Processing /opt/airflow/dags/Crawl_ETL_ITJob.py took 0.388 seconds
[2026-04-09T08:03:16.358+0000] {processor.py:186} INFO - Started process (PID=46) to work on /opt/airflow/dags/Crawl_ETL_ITJob.py
[2026-04-09T08:03:16.360+0000] {processor.py:914} INFO - Processing file /opt/airflow/dags/Crawl_ETL_ITJob.py for tasks to queue
[2026-04-09T08:03:16.364+0000] {logging_mixin.py:190} INFO - [2026-04-09T08:03:16.363+0000] {dagbag.py:588} INFO - Filling up the DagBag from /opt/airflow/dags/Crawl_ETL_ITJob.py
[2026-04-09T08:03:16.443+0000] {processor.py:925} INFO - DAG(s) 'crawl_etl_itjob' retrieved from /opt/airflow/dags/Crawl_ETL_ITJob.py
[2026-04-09T08:03:16.612+0000] {logging_mixin.py:190} INFO - [2026-04-09T08:03:16.612+0000] {dag.py:3239} INFO - Sync 1 DAGs
[2026-04-09T08:03:16.862+0000] {processor.py:208} INFO - Processing /opt/airflow/dags/Crawl_ETL_ITJob.py took 0.530 seconds
[2026-04-09T08:03:46.978+0000] {processor.py:186} INFO - Started process (PID=50) to work on /opt/airflow/dags/Crawl_ETL_ITJob.py
[2026-04-09T08:03:46.979+0000] {processor.py:914} INFO - Processing file /opt/airflow/dags/Crawl_ETL_ITJob.py for tasks to queue
[2026-04-09T08:03:46.981+0000] {logging_mixin.py:190} INFO - [2026-04-09T08:03:46.980+0000] {dagbag.py:588} INFO - Filling up the DagBag from /opt/airflow/dags/Crawl_ETL_ITJob.py
[2026-04-09T08:03:47.015+0000] {processor.py:925} INFO - DAG(s) 'crawl_etl_itjob' retrieved from /opt/airflow/dags/Crawl_ETL_ITJob.py
[2026-04-09T08:03:47.076+0000] {logging_mixin.py:190} INFO - [2026-04-09T08:03:47.075+0000] {dag.py:3239} INFO - Sync 1 DAGs
[2026-04-09T08:03:47.228+0000] {processor.py:208} INFO - Processing /opt/airflow/dags/Crawl_ETL_ITJob.py took 0.256 seconds
[2026-04-09T08:04:17.363+0000] {processor.py:186} INFO - Started process (PID=54) to work on /opt/airflow/dags/Crawl_ETL_ITJob.py
[2026-04-09T08:04:17.366+0000] {processor.py:914} INFO - Processing file /opt/airflow/dags/Crawl_ETL_ITJob.py for tasks to queue
[2026-04-09T08:04:17.368+0000] {logging_mixin.py:190} INFO - [2026-04-09T08:04:17.367+0000] {dagbag.py:588} INFO - Filling up the DagBag from /opt/airflow/dags/Crawl_ETL_ITJob.py
[2026-04-09T08:04:17.405+0000] {processor.py:925} INFO - DAG(s) 'crawl_etl_itjob' retrieved from /opt/airflow/dags/Crawl_ETL_ITJob.py
[2026-04-09T08:04:17.485+0000] {logging_mixin.py:190} INFO - [2026-04-09T08:04:17.485+0000] {dag.py:3239} INFO - Sync 1 DAGs
[2026-04-09T08:04:17.592+0000] {processor.py:208} INFO - Processing /opt/airflow/dags/Crawl_ETL_ITJob.py took 0.240 seconds
[2026-04-09T08:04:47.667+0000] {processor.py:186} INFO - Started process (PID=58) to work on /opt/airflow/dags/Crawl_ETL_ITJob.py
[2026-04-09T08:04:47.668+0000] {processor.py:914} INFO - Processing file /opt/airflow/dags/Crawl_ETL_ITJob.py for tasks to queue
[2026-04-09T08:04:47.669+0000] {logging_mixin.py:190} INFO - [2026-04-09T08:04:47.669+0000] {dagbag.py:588} INFO - Filling up the DagBag from /opt/airflow/dags/Crawl_ETL_ITJob.py
[2026-04-09T08:04:47.694+0000] {processor.py:925} INFO - DAG(s) 'crawl_etl_itjob' retrieved from /opt/airflow/dags/Crawl_ETL_ITJob.py
[2026-04-09T08:04:47.746+0000] {logging_mixin.py:190} INFO - [2026-04-09T08:04:47.746+0000] {dag.py:3239} INFO - Sync 1 DAGs
[2026-04-09T08:04:47.839+0000] {processor.py:208} INFO - Processing /opt/airflow/dags/Crawl_ETL_ITJob.py took 0.177 seconds
[2026-04-09T08:05:18.113+0000] {processor.py:186} INFO - Started process (PID=62) to work on /opt/airflow/dags/Crawl_ETL_ITJob.py
[2026-04-09T08:05:18.114+0000] {processor.py:914} INFO - Processing file /opt/airflow/dags/Crawl_ETL_ITJob.py for tasks to queue
[2026-04-09T08:05:18.117+0000] {logging_mixin.py:190} INFO - [2026-04-09T08:05:18.116+0000] {dagbag.py:588} INFO - Filling up the DagBag from /opt/airflow/dags/Crawl_ETL_ITJob.py
[2026-04-09T08:05:18.153+0000] {processor.py:925} INFO - DAG(s) 'crawl_etl_itjob' retrieved from /opt/airflow/dags/Crawl_ETL_ITJob.py
[2026-04-09T08:05:18.223+0000] {logging_mixin.py:190} INFO - [2026-04-09T08:05:18.222+0000] {dag.py:3239} INFO - Sync 1 DAGs
[2026-04-09T08:05:18.310+0000] {processor.py:208} INFO - Processing /opt/airflow/dags/Crawl_ETL_ITJob.py took 0.208 seconds
[2026-04-09T08:05:48.959+0000] {processor.py:186} INFO - Started process (PID=66) to work on /opt/airflow/dags/Crawl_ETL_ITJob.py
[2026-04-09T08:05:48.961+0000] {processor.py:914} INFO - Processing file /opt/airflow/dags/Crawl_ETL_ITJob.py for tasks to queue
[2026-04-09T08:05:48.963+0000] {logging_mixin.py:190} INFO - [2026-04-09T08:05:48.962+0000] {dagbag.py:588} INFO - Filling up the DagBag from /opt/airflow/dags/Crawl_ETL_ITJob.py
[2026-04-09T08:05:48.994+0000] {processor.py:925} INFO - DAG(s) 'crawl_etl_itjob' retrieved from /opt/airflow/dags/Crawl_ETL_ITJob.py
[2026-04-09T08:05:49.062+0000] {logging_mixin.py:190} INFO - [2026-04-09T08:05:49.062+0000] {dag.py:3239} INFO - Sync 1 DAGs
[2026-04-09T08:05:49.196+0000] {processor.py:208} INFO - Processing /opt/airflow/dags/Crawl_ETL_ITJob.py took 0.246 seconds
[2026-04-09T08:06:19.695+0000] {processor.py:186} INFO - Started process (PID=70) to work on /opt/airflow/dags/Crawl_ETL_ITJob.py
[2026-04-09T08:06:19.696+0000] {processor.py:914} INFO - Processing file /opt/airflow/dags/Crawl_ETL_ITJob.py for tasks to queue
[2026-04-09T08:06:19.698+0000] {logging_mixin.py:190} INFO - [2026-04-09T08:06:19.697+0000] {dagbag.py:588} INFO - Filling up the DagBag from /opt/airflow/dags/Crawl_ETL_ITJob.py
[2026-04-09T08:06:19.736+0000] {processor.py:925} INFO - DAG(s) 'crawl_etl_itjob' retrieved from /opt/airflow/dags/Crawl_ETL_ITJob.py
[2026-04-09T08:06:19.798+0000] {logging_mixin.py:190} INFO - [2026-04-09T08:06:19.798+0000] {dag.py:3239} INFO - Sync 1 DAGs
[2026-04-09T08:06:19.885+0000] {processor.py:208} INFO - Processing /opt/airflow/dags/Crawl_ETL_ITJob.py took 0.202 seconds
[2026-04-09T08:06:50.211+0000] {processor.py:186} INFO - Started process (PID=74) to work on /opt/airflow/dags/Crawl_ETL_ITJob.py
[2026-04-09T08:06:50.211+0000] {processor.py:914} INFO - Processing file /opt/airflow/dags/Crawl_ETL_ITJob.py for tasks to queue
[2026-04-09T08:06:50.218+0000] {logging_mixin.py:190} INFO - [2026-04-09T08:06:50.217+0000] {dagbag.py:588} INFO - Filling up the DagBag from /opt/airflow/dags/Crawl_ETL_ITJob.py
[2026-04-09T08:06:50.240+0000] {processor.py:925} INFO - DAG(s) 'crawl_etl_itjob' retrieved from /opt/airflow/dags/Crawl_ETL_ITJob.py
[2026-04-09T08:06:50.297+0000] {logging_mixin.py:190} INFO - [2026-04-09T08:06:50.297+0000] {dag.py:3239} INFO - Sync 1 DAGs
[2026-04-09T08:06:50.369+0000] {processor.py:208} INFO - Processing /opt/airflow/dags/Crawl_ETL_ITJob.py took 0.166 seconds
[2026-04-09T08:07:20.956+0000] {processor.py:186} INFO - Started process (PID=78) to work on /opt/airflow/dags/Crawl_ETL_ITJob.py
[2026-04-09T08:07:20.959+0000] {processor.py:914} INFO - Processing file /opt/airflow/dags/Crawl_ETL_ITJob.py for tasks to queue
[2026-04-09T08:07:20.962+0000] {logging_mixin.py:190} INFO - [2026-04-09T08:07:20.961+0000] {dagbag.py:588} INFO - Filling up the DagBag from /opt/airflow/dags/Crawl_ETL_ITJob.py
[2026-04-09T08:07:21.004+0000] {processor.py:925} INFO - DAG(s) 'crawl_etl_itjob' retrieved from /opt/airflow/dags/Crawl_ETL_ITJob.py
[2026-04-09T08:07:21.077+0000] {logging_mixin.py:190} INFO - [2026-04-09T08:07:21.076+0000] {dag.py:3239} INFO - Sync 1 DAGs
[2026-04-09T08:07:21.239+0000] {processor.py:208} INFO - Processing /opt/airflow/dags/Crawl_ETL_ITJob.py took 0.303 seconds
[2026-04-09T08:07:52.051+0000] {processor.py:186} INFO - Started process (PID=82) to work on /opt/airflow/dags/Crawl_ETL_ITJob.py
[2026-04-09T08:07:52.052+0000] {processor.py:914} INFO - Processing file /opt/airflow/dags/Crawl_ETL_ITJob.py for tasks to queue
[2026-04-09T08:07:52.054+0000] {logging_mixin.py:190} INFO - [2026-04-09T08:07:52.054+0000] {dagbag.py:588} INFO - Filling up the DagBag from /opt/airflow/dags/Crawl_ETL_ITJob.py
[2026-04-09T08:07:52.076+0000] {processor.py:925} INFO - DAG(s) 'crawl_etl_itjob' retrieved from /opt/airflow/dags/Crawl_ETL_ITJob.py
[2026-04-09T08:07:52.130+0000] {logging_mixin.py:190} INFO - [2026-04-09T08:07:52.129+0000] {dag.py:3239} INFO - Sync 1 DAGs
[2026-04-09T08:07:52.204+0000] {processor.py:208} INFO - Processing /opt/airflow/dags/Crawl_ETL_ITJob.py took 0.159 seconds
