[2026-04-09T08:01:49.751+0000] {processor.py:186} INFO - Started process (PID=49) to work on /opt/airflow/dags/system_dag.py
[2026-04-09T08:01:49.752+0000] {processor.py:914} INFO - Processing file /opt/airflow/dags/system_dag.py for tasks to queue
[2026-04-09T08:01:49.754+0000] {logging_mixin.py:190} INFO - [2026-04-09T08:01:49.754+0000] {dagbag.py:588} INFO - Filling up the DagBag from /opt/airflow/dags/system_dag.py
[2026-04-09T08:01:49.779+0000] {processor.py:925} INFO - DAG(s) 'system_dag' retrieved from /opt/airflow/dags/system_dag.py
[2026-04-09T08:01:49.846+0000] {logging_mixin.py:190} INFO - [2026-04-09T08:01:49.846+0000] {dag.py:3239} INFO - Sync 1 DAGs
[2026-04-09T08:01:49.937+0000] {logging_mixin.py:190} INFO - [2026-04-09T08:01:49.937+0000] {dag.py:4180} INFO - Setting next_dagrun for system_dag to 2026-04-08T00:00:00+00:00, run_after=2026-04-09T00:00:00+00:00
[2026-04-09T08:01:49.973+0000] {processor.py:208} INFO - Processing /opt/airflow/dags/system_dag.py took 0.229 seconds
[2026-04-09T08:02:15.002+0000] {processor.py:186} INFO - Started process (PID=39) to work on /opt/airflow/dags/system_dag.py
[2026-04-09T08:02:15.003+0000] {processor.py:914} INFO - Processing file /opt/airflow/dags/system_dag.py for tasks to queue
[2026-04-09T08:02:15.005+0000] {logging_mixin.py:190} INFO - [2026-04-09T08:02:15.004+0000] {dagbag.py:588} INFO - Filling up the DagBag from /opt/airflow/dags/system_dag.py
[2026-04-09T08:02:15.026+0000] {processor.py:925} INFO - DAG(s) 'system_dag' retrieved from /opt/airflow/dags/system_dag.py
[2026-04-09T08:02:15.069+0000] {logging_mixin.py:190} INFO - [2026-04-09T08:02:15.069+0000] {dag.py:3239} INFO - Sync 1 DAGs
[2026-04-09T08:02:15.111+0000] {logging_mixin.py:190} INFO - [2026-04-09T08:02:15.111+0000] {dag.py:4180} INFO - Setting next_dagrun for system_dag to 2026-04-08T00:00:00+00:00, run_after=2026-04-09T00:00:00+00:00
[2026-04-09T08:02:15.136+0000] {processor.py:208} INFO - Processing /opt/airflow/dags/system_dag.py took 0.141 seconds
[2026-04-09T08:02:45.780+0000] {processor.py:186} INFO - Started process (PID=44) to work on /opt/airflow/dags/system_dag.py
[2026-04-09T08:02:45.781+0000] {processor.py:914} INFO - Processing file /opt/airflow/dags/system_dag.py for tasks to queue
[2026-04-09T08:02:45.784+0000] {logging_mixin.py:190} INFO - [2026-04-09T08:02:45.784+0000] {dagbag.py:588} INFO - Filling up the DagBag from /opt/airflow/dags/system_dag.py
[2026-04-09T08:02:45.833+0000] {processor.py:925} INFO - DAG(s) 'system_dag' retrieved from /opt/airflow/dags/system_dag.py
[2026-04-09T08:02:45.929+0000] {logging_mixin.py:190} INFO - [2026-04-09T08:02:45.929+0000] {dag.py:3239} INFO - Sync 1 DAGs
[2026-04-09T08:02:45.994+0000] {logging_mixin.py:190} INFO - [2026-04-09T08:02:45.994+0000] {dag.py:4180} INFO - Setting next_dagrun for system_dag to 2026-04-08T00:00:00+00:00, run_after=2026-04-09T00:00:00+00:00
[2026-04-09T08:02:46.033+0000] {processor.py:208} INFO - Processing /opt/airflow/dags/system_dag.py took 0.264 seconds
[2026-04-09T08:03:16.881+0000] {processor.py:186} INFO - Started process (PID=48) to work on /opt/airflow/dags/system_dag.py
[2026-04-09T08:03:16.882+0000] {processor.py:914} INFO - Processing file /opt/airflow/dags/system_dag.py for tasks to queue
[2026-04-09T08:03:16.884+0000] {logging_mixin.py:190} INFO - [2026-04-09T08:03:16.884+0000] {dagbag.py:588} INFO - Filling up the DagBag from /opt/airflow/dags/system_dag.py
[2026-04-09T08:03:16.916+0000] {processor.py:925} INFO - DAG(s) 'system_dag' retrieved from /opt/airflow/dags/system_dag.py
[2026-04-09T08:03:16.967+0000] {logging_mixin.py:190} INFO - [2026-04-09T08:03:16.967+0000] {dag.py:3239} INFO - Sync 1 DAGs
[2026-04-09T08:03:17.037+0000] {logging_mixin.py:190} INFO - [2026-04-09T08:03:17.037+0000] {dag.py:4180} INFO - Setting next_dagrun for system_dag to 2026-04-08T00:00:00+00:00, run_after=2026-04-09T00:00:00+00:00
[2026-04-09T08:03:17.085+0000] {processor.py:208} INFO - Processing /opt/airflow/dags/system_dag.py took 0.222 seconds
[2026-04-09T08:03:47.202+0000] {processor.py:186} INFO - Started process (PID=52) to work on /opt/airflow/dags/system_dag.py
[2026-04-09T08:03:47.202+0000] {processor.py:914} INFO - Processing file /opt/airflow/dags/system_dag.py for tasks to queue
[2026-04-09T08:03:47.204+0000] {logging_mixin.py:190} INFO - [2026-04-09T08:03:47.203+0000] {dagbag.py:588} INFO - Filling up the DagBag from /opt/airflow/dags/system_dag.py
[2026-04-09T08:03:47.223+0000] {processor.py:925} INFO - DAG(s) 'system_dag' retrieved from /opt/airflow/dags/system_dag.py
[2026-04-09T08:03:47.271+0000] {logging_mixin.py:190} INFO - [2026-04-09T08:03:47.271+0000] {dag.py:3239} INFO - Sync 1 DAGs
[2026-04-09T08:03:47.312+0000] {logging_mixin.py:190} INFO - [2026-04-09T08:03:47.312+0000] {dag.py:4180} INFO - Setting next_dagrun for system_dag to 2026-04-08T00:00:00+00:00, run_after=2026-04-09T00:00:00+00:00
[2026-04-09T08:03:47.348+0000] {processor.py:208} INFO - Processing /opt/airflow/dags/system_dag.py took 0.152 seconds
[2026-04-09T08:04:17.621+0000] {processor.py:186} INFO - Started process (PID=56) to work on /opt/airflow/dags/system_dag.py
[2026-04-09T08:04:17.623+0000] {processor.py:914} INFO - Processing file /opt/airflow/dags/system_dag.py for tasks to queue
[2026-04-09T08:04:17.625+0000] {logging_mixin.py:190} INFO - [2026-04-09T08:04:17.625+0000] {dagbag.py:588} INFO - Filling up the DagBag from /opt/airflow/dags/system_dag.py
[2026-04-09T08:04:17.650+0000] {processor.py:925} INFO - DAG(s) 'system_dag' retrieved from /opt/airflow/dags/system_dag.py
[2026-04-09T08:04:17.708+0000] {logging_mixin.py:190} INFO - [2026-04-09T08:04:17.708+0000] {dag.py:3239} INFO - Sync 1 DAGs
[2026-04-09T08:04:17.754+0000] {logging_mixin.py:190} INFO - [2026-04-09T08:04:17.753+0000] {dag.py:4180} INFO - Setting next_dagrun for system_dag to 2026-04-08T00:00:00+00:00, run_after=2026-04-09T00:00:00+00:00
[2026-04-09T08:04:17.784+0000] {processor.py:208} INFO - Processing /opt/airflow/dags/system_dag.py took 0.171 seconds
[2026-04-09T08:04:47.864+0000] {processor.py:186} INFO - Started process (PID=60) to work on /opt/airflow/dags/system_dag.py
[2026-04-09T08:04:47.865+0000] {processor.py:914} INFO - Processing file /opt/airflow/dags/system_dag.py for tasks to queue
[2026-04-09T08:04:47.868+0000] {logging_mixin.py:190} INFO - [2026-04-09T08:04:47.867+0000] {dagbag.py:588} INFO - Filling up the DagBag from /opt/airflow/dags/system_dag.py
[2026-04-09T08:04:47.894+0000] {processor.py:925} INFO - DAG(s) 'system_dag' retrieved from /opt/airflow/dags/system_dag.py
[2026-04-09T08:04:47.939+0000] {logging_mixin.py:190} INFO - [2026-04-09T08:04:47.939+0000] {dag.py:3239} INFO - Sync 1 DAGs
[2026-04-09T08:04:47.969+0000] {logging_mixin.py:190} INFO - [2026-04-09T08:04:47.969+0000] {dag.py:4180} INFO - Setting next_dagrun for system_dag to 2026-04-08T00:00:00+00:00, run_after=2026-04-09T00:00:00+00:00
[2026-04-09T08:04:47.998+0000] {processor.py:208} INFO - Processing /opt/airflow/dags/system_dag.py took 0.142 seconds
[2026-04-09T08:05:18.346+0000] {processor.py:186} INFO - Started process (PID=64) to work on /opt/airflow/dags/system_dag.py
[2026-04-09T08:05:18.346+0000] {processor.py:914} INFO - Processing file /opt/airflow/dags/system_dag.py for tasks to queue
[2026-04-09T08:05:18.348+0000] {logging_mixin.py:190} INFO - [2026-04-09T08:05:18.348+0000] {dagbag.py:588} INFO - Filling up the DagBag from /opt/airflow/dags/system_dag.py
[2026-04-09T08:05:18.371+0000] {processor.py:925} INFO - DAG(s) 'system_dag' retrieved from /opt/airflow/dags/system_dag.py
[2026-04-09T08:05:18.413+0000] {logging_mixin.py:190} INFO - [2026-04-09T08:05:18.413+0000] {dag.py:3239} INFO - Sync 1 DAGs
[2026-04-09T08:05:18.449+0000] {logging_mixin.py:190} INFO - [2026-04-09T08:05:18.449+0000] {dag.py:4180} INFO - Setting next_dagrun for system_dag to 2026-04-08T00:00:00+00:00, run_after=2026-04-09T00:00:00+00:00
[2026-04-09T08:05:18.477+0000] {processor.py:208} INFO - Processing /opt/airflow/dags/system_dag.py took 0.139 seconds
[2026-04-09T08:05:49.263+0000] {processor.py:186} INFO - Started process (PID=68) to work on /opt/airflow/dags/system_dag.py
[2026-04-09T08:05:49.265+0000] {processor.py:914} INFO - Processing file /opt/airflow/dags/system_dag.py for tasks to queue
[2026-04-09T08:05:49.267+0000] {logging_mixin.py:190} INFO - [2026-04-09T08:05:49.267+0000] {dagbag.py:588} INFO - Filling up the DagBag from /opt/airflow/dags/system_dag.py
[2026-04-09T08:05:49.318+0000] {processor.py:925} INFO - DAG(s) 'system_dag' retrieved from /opt/airflow/dags/system_dag.py
[2026-04-09T08:05:49.399+0000] {logging_mixin.py:190} INFO - [2026-04-09T08:05:49.399+0000] {dag.py:3239} INFO - Sync 1 DAGs
[2026-04-09T08:05:49.452+0000] {logging_mixin.py:190} INFO - [2026-04-09T08:05:49.451+0000] {dag.py:4180} INFO - Setting next_dagrun for system_dag to 2026-04-08T00:00:00+00:00, run_after=2026-04-09T00:00:00+00:00
[2026-04-09T08:05:49.520+0000] {processor.py:208} INFO - Processing /opt/airflow/dags/system_dag.py took 0.271 seconds
[2026-04-09T08:06:19.926+0000] {processor.py:186} INFO - Started process (PID=72) to work on /opt/airflow/dags/system_dag.py
[2026-04-09T08:06:19.927+0000] {processor.py:914} INFO - Processing file /opt/airflow/dags/system_dag.py for tasks to queue
[2026-04-09T08:06:19.929+0000] {logging_mixin.py:190} INFO - [2026-04-09T08:06:19.929+0000] {dagbag.py:588} INFO - Filling up the DagBag from /opt/airflow/dags/system_dag.py
[2026-04-09T08:06:19.951+0000] {processor.py:925} INFO - DAG(s) 'system_dag' retrieved from /opt/airflow/dags/system_dag.py
[2026-04-09T08:06:19.995+0000] {logging_mixin.py:190} INFO - [2026-04-09T08:06:19.995+0000] {dag.py:3239} INFO - Sync 1 DAGs
[2026-04-09T08:06:20.029+0000] {logging_mixin.py:190} INFO - [2026-04-09T08:06:20.028+0000] {dag.py:4180} INFO - Setting next_dagrun for system_dag to 2026-04-08T00:00:00+00:00, run_after=2026-04-09T00:00:00+00:00
[2026-04-09T08:06:20.051+0000] {processor.py:208} INFO - Processing /opt/airflow/dags/system_dag.py took 0.132 seconds
[2026-04-09T08:06:50.400+0000] {processor.py:186} INFO - Started process (PID=76) to work on /opt/airflow/dags/system_dag.py
[2026-04-09T08:06:50.401+0000] {processor.py:914} INFO - Processing file /opt/airflow/dags/system_dag.py for tasks to queue
[2026-04-09T08:06:50.403+0000] {logging_mixin.py:190} INFO - [2026-04-09T08:06:50.402+0000] {dagbag.py:588} INFO - Filling up the DagBag from /opt/airflow/dags/system_dag.py
[2026-04-09T08:06:50.427+0000] {processor.py:925} INFO - DAG(s) 'system_dag' retrieved from /opt/airflow/dags/system_dag.py
[2026-04-09T08:06:50.482+0000] {logging_mixin.py:190} INFO - [2026-04-09T08:06:50.482+0000] {dag.py:3239} INFO - Sync 1 DAGs
[2026-04-09T08:06:50.520+0000] {logging_mixin.py:190} INFO - [2026-04-09T08:06:50.519+0000] {dag.py:4180} INFO - Setting next_dagrun for system_dag to 2026-04-08T00:00:00+00:00, run_after=2026-04-09T00:00:00+00:00
[2026-04-09T08:06:50.554+0000] {processor.py:208} INFO - Processing /opt/airflow/dags/system_dag.py took 0.160 seconds
[2026-04-09T08:07:21.340+0000] {processor.py:186} INFO - Started process (PID=80) to work on /opt/airflow/dags/system_dag.py
[2026-04-09T08:07:21.341+0000] {processor.py:914} INFO - Processing file /opt/airflow/dags/system_dag.py for tasks to queue
[2026-04-09T08:07:21.344+0000] {logging_mixin.py:190} INFO - [2026-04-09T08:07:21.343+0000] {dagbag.py:588} INFO - Filling up the DagBag from /opt/airflow/dags/system_dag.py
[2026-04-09T08:07:21.389+0000] {processor.py:925} INFO - DAG(s) 'system_dag' retrieved from /opt/airflow/dags/system_dag.py
[2026-04-09T08:07:21.469+0000] {logging_mixin.py:190} INFO - [2026-04-09T08:07:21.468+0000] {dag.py:3239} INFO - Sync 1 DAGs
[2026-04-09T08:07:21.558+0000] {logging_mixin.py:190} INFO - [2026-04-09T08:07:21.558+0000] {dag.py:4180} INFO - Setting next_dagrun for system_dag to 2026-04-08T00:00:00+00:00, run_after=2026-04-09T00:00:00+00:00
[2026-04-09T08:07:21.602+0000] {processor.py:208} INFO - Processing /opt/airflow/dags/system_dag.py took 0.276 seconds
[2026-04-09T08:07:52.246+0000] {processor.py:186} INFO - Started process (PID=84) to work on /opt/airflow/dags/system_dag.py
[2026-04-09T08:07:52.247+0000] {processor.py:914} INFO - Processing file /opt/airflow/dags/system_dag.py for tasks to queue
[2026-04-09T08:07:52.248+0000] {logging_mixin.py:190} INFO - [2026-04-09T08:07:52.248+0000] {dagbag.py:588} INFO - Filling up the DagBag from /opt/airflow/dags/system_dag.py
[2026-04-09T08:07:52.274+0000] {processor.py:925} INFO - DAG(s) 'system_dag' retrieved from /opt/airflow/dags/system_dag.py
[2026-04-09T08:07:52.325+0000] {logging_mixin.py:190} INFO - [2026-04-09T08:07:52.324+0000] {dag.py:3239} INFO - Sync 1 DAGs
[2026-04-09T08:07:52.365+0000] {logging_mixin.py:190} INFO - [2026-04-09T08:07:52.365+0000] {dag.py:4180} INFO - Setting next_dagrun for system_dag to 2026-04-08T00:00:00+00:00, run_after=2026-04-09T00:00:00+00:00
[2026-04-09T08:07:52.392+0000] {processor.py:208} INFO - Processing /opt/airflow/dags/system_dag.py took 0.156 seconds
