[2026-05-14T07:25:36.233+0000] {local_task_job_runner.py:123} INFO - ::group::Pre task execution logs
[2026-05-14T07:25:36.299+0000] {taskinstance.py:2614} INFO - Dependencies all met for dep_context=non-requeueable deps ti=<TaskInstance: crawl_etl_itjob.clean_silver scheduled__2026-05-12T02:00:00+00:00 [queued]>
[2026-05-14T07:25:36.317+0000] {taskinstance.py:2614} INFO - Dependencies all met for dep_context=requeueable deps ti=<TaskInstance: crawl_etl_itjob.clean_silver scheduled__2026-05-12T02:00:00+00:00 [queued]>
[2026-05-14T07:25:36.318+0000] {taskinstance.py:2867} INFO - Starting attempt 1 of 2
[2026-05-14T07:25:36.344+0000] {taskinstance.py:2890} INFO - Executing <Task(BashOperator): clean_silver> on 2026-05-12 02:00:00+00:00
[2026-05-14T07:25:36.353+0000] {standard_task_runner.py:72} INFO - Started process 69 to run task
[2026-05-14T07:25:36.360+0000] {standard_task_runner.py:104} INFO - Running: ['***', 'tasks', 'run', 'crawl_etl_itjob', 'clean_silver', 'scheduled__2026-05-12T02:00:00+00:00', '--job-id', '207', '--raw', '--subdir', 'DAGS_FOLDER/Crawl_ETL_ITJob.py', '--cfg-path', '/tmp/tmp3t9sfqow']
[2026-05-14T07:25:36.362+0000] {standard_task_runner.py:105} INFO - Job 207: Subtask clean_silver
[2026-05-14T07:25:36.414+0000] {warnings.py:109} WARNING - /home/***/.local/lib/python3.8/site-packages/***/settings.py:209: DeprecationWarning: The sql_alchemy_conn option in [core] has been moved to the sql_alchemy_conn option in [database] - the old setting has been used, but please update your config.
  SQL_ALCHEMY_CONN = conf.get("database", "SQL_ALCHEMY_CONN")

[2026-05-14T07:25:36.572+0000] {task_command.py:467} INFO - Running <TaskInstance: crawl_etl_itjob.clean_silver scheduled__2026-05-12T02:00:00+00:00 [running]> on host 64b3786bead1
[2026-05-14T07:25:36.573+0000] {warnings.py:109} WARNING - /home/***/.local/lib/python3.8/site-packages/***/settings.py:470: DeprecationWarning: The sql_alchemy_conn option in [core] has been moved to the sql_alchemy_conn option in [database] - the old setting has been used, but please update your config.
  if conf.get("database", "sql_alchemy_conn") == "none://":

[2026-05-14T07:25:36.845+0000] {taskinstance.py:3134} INFO - Exporting env vars: AIRFLOW_CTX_DAG_EMAIL='hoa856856@gmail.com' AIRFLOW_CTX_DAG_OWNER='***' AIRFLOW_CTX_DAG_ID='crawl_etl_itjob' AIRFLOW_CTX_TASK_ID='clean_silver' AIRFLOW_CTX_EXECUTION_DATE='2026-05-12T02:00:00+00:00' AIRFLOW_CTX_TRY_NUMBER='1' AIRFLOW_CTX_DAG_RUN_ID='scheduled__2026-05-12T02:00:00+00:00'
[2026-05-14T07:25:36.846+0000] {taskinstance.py:732} INFO - ::endgroup::
[2026-05-14T07:25:36.876+0000] {subprocess.py:78} INFO - Tmp dir root location: /tmp
[2026-05-14T07:25:36.878+0000] {subprocess.py:88} INFO - Running command: ['/bin/bash', '-c', "\n        docker exec spark-submit bash -c '\n        /opt/spark/bin/spark-submit         --master spark://spark-master:7077         --deploy-mode client         --packages org.apache.iceberg:iceberg-spark-runtime-3.5_2.12:1.5.0,org.apache.hadoop:hadoop-aws:3.3.4,com.amazonaws:aws-java-sdk-bundle:1.12.262         /opt/spark/scripts/Clean_Silver.py\n        '\n        "]
[2026-05-14T07:25:36.893+0000] {subprocess.py:99} INFO - Output:
[2026-05-14T07:25:42.194+0000] {subprocess.py:106} INFO - :: loading settings :: url = jar:file:/opt/spark/jars/ivy-2.5.1.jar!/org/apache/ivy/core/settings/ivysettings.xml
[2026-05-14T07:25:42.340+0000] {subprocess.py:106} INFO - Ivy Default Cache set to: /home/spark/.ivy2/cache
[2026-05-14T07:25:42.341+0000] {subprocess.py:106} INFO - The jars for the packages stored in: /home/spark/.ivy2/jars
[2026-05-14T07:25:42.349+0000] {subprocess.py:106} INFO - org.apache.iceberg#iceberg-spark-runtime-3.5_2.12 added as a dependency
[2026-05-14T07:25:42.350+0000] {subprocess.py:106} INFO - org.apache.hadoop#hadoop-aws added as a dependency
[2026-05-14T07:25:42.351+0000] {subprocess.py:106} INFO - com.amazonaws#aws-java-sdk-bundle added as a dependency
[2026-05-14T07:25:42.351+0000] {subprocess.py:106} INFO - :: resolving dependencies :: org.apache.spark#spark-submit-parent-ec15b212-04c8-47a0-b25a-5b1d8b4e8d28;1.0
[2026-05-14T07:25:42.352+0000] {subprocess.py:106} INFO - 	confs: [default]
[2026-05-14T07:25:42.472+0000] {subprocess.py:106} INFO - 	found org.apache.iceberg#iceberg-spark-runtime-3.5_2.12;1.5.0 in central
[2026-05-14T07:25:42.536+0000] {subprocess.py:106} INFO - 	found org.apache.hadoop#hadoop-aws;3.3.4 in central
[2026-05-14T07:25:42.562+0000] {subprocess.py:106} INFO - 	found com.amazonaws#aws-java-sdk-bundle;1.12.262 in central
[2026-05-14T07:25:42.588+0000] {subprocess.py:106} INFO - 	found org.wildfly.openssl#wildfly-openssl;1.0.7.Final in central
[2026-05-14T07:25:42.612+0000] {subprocess.py:106} INFO - :: resolution report :: resolve 252ms :: artifacts dl 9ms
[2026-05-14T07:25:42.613+0000] {subprocess.py:106} INFO - 	:: modules in use:
[2026-05-14T07:25:42.613+0000] {subprocess.py:106} INFO - 	com.amazonaws#aws-java-sdk-bundle;1.12.262 from central in [default]
[2026-05-14T07:25:42.614+0000] {subprocess.py:106} INFO - 	org.apache.hadoop#hadoop-aws;3.3.4 from central in [default]
[2026-05-14T07:25:42.615+0000] {subprocess.py:106} INFO - 	org.apache.iceberg#iceberg-spark-runtime-3.5_2.12;1.5.0 from central in [default]
[2026-05-14T07:25:42.615+0000] {subprocess.py:106} INFO - 	org.wildfly.openssl#wildfly-openssl;1.0.7.Final from central in [default]
[2026-05-14T07:25:42.616+0000] {subprocess.py:106} INFO - 	---------------------------------------------------------------------
[2026-05-14T07:25:42.617+0000] {subprocess.py:106} INFO - 	|                  |            modules            ||   artifacts   |
[2026-05-14T07:25:42.617+0000] {subprocess.py:106} INFO - 	|       conf       | number| search|dwnlded|evicted|| number|dwnlded|
[2026-05-14T07:25:42.618+0000] {subprocess.py:106} INFO - 	---------------------------------------------------------------------
[2026-05-14T07:25:42.618+0000] {subprocess.py:106} INFO - 	|      default     |   4   |   0   |   0   |   0   ||   4   |   0   |
[2026-05-14T07:25:42.619+0000] {subprocess.py:106} INFO - 	---------------------------------------------------------------------
[2026-05-14T07:25:42.620+0000] {subprocess.py:106} INFO - :: retrieving :: org.apache.spark#spark-submit-parent-ec15b212-04c8-47a0-b25a-5b1d8b4e8d28
[2026-05-14T07:25:42.621+0000] {subprocess.py:106} INFO - 	confs: [default]
[2026-05-14T07:25:42.628+0000] {subprocess.py:106} INFO - 	0 artifacts copied, 4 already retrieved (0kB/7ms)
[2026-05-14T07:25:42.887+0000] {subprocess.py:106} INFO - 26/05/14 07:25:42 WARN NativeCodeLoader: Unable to load native-hadoop library for your platform... using builtin-java classes where applicable
[2026-05-14T07:25:44.216+0000] {subprocess.py:106} INFO - 26/05/14 07:25:44 INFO SparkContext: Running Spark version 3.5.3
[2026-05-14T07:25:44.217+0000] {subprocess.py:106} INFO - 26/05/14 07:25:44 INFO SparkContext: OS info Linux, 6.6.87.2-microsoft-standard-WSL2, amd64
[2026-05-14T07:25:44.218+0000] {subprocess.py:106} INFO - 26/05/14 07:25:44 INFO SparkContext: Java version 11.0.24
[2026-05-14T07:25:44.242+0000] {subprocess.py:106} INFO - 26/05/14 07:25:44 INFO ResourceUtils: ==============================================================
[2026-05-14T07:25:44.243+0000] {subprocess.py:106} INFO - 26/05/14 07:25:44 INFO ResourceUtils: No custom resources configured for spark.driver.
[2026-05-14T07:25:44.243+0000] {subprocess.py:106} INFO - 26/05/14 07:25:44 INFO ResourceUtils: ==============================================================
[2026-05-14T07:25:44.244+0000] {subprocess.py:106} INFO - 26/05/14 07:25:44 INFO SparkContext: Submitted application: Silver_Etl_Cleaning_Merge
[2026-05-14T07:25:44.271+0000] {subprocess.py:106} INFO - 26/05/14 07:25:44 INFO ResourceProfile: Default ResourceProfile created, executor resources: Map(memory -> name: memory, amount: 1024, script: , vendor: , offHeap -> name: offHeap, amount: 0, script: , vendor: ), task resources: Map(cpus -> name: cpus, amount: 1.0)
[2026-05-14T07:25:44.283+0000] {subprocess.py:106} INFO - 26/05/14 07:25:44 INFO ResourceProfile: Limiting resource is cpu
[2026-05-14T07:25:44.284+0000] {subprocess.py:106} INFO - 26/05/14 07:25:44 INFO ResourceProfileManager: Added ResourceProfile id: 0
[2026-05-14T07:25:44.346+0000] {subprocess.py:106} INFO - 26/05/14 07:25:44 INFO SecurityManager: Changing view acls to: spark
[2026-05-14T07:25:44.347+0000] {subprocess.py:106} INFO - 26/05/14 07:25:44 INFO SecurityManager: Changing modify acls to: spark
[2026-05-14T07:25:44.350+0000] {subprocess.py:106} INFO - 26/05/14 07:25:44 INFO SecurityManager: Changing view acls groups to:
[2026-05-14T07:25:44.351+0000] {subprocess.py:106} INFO - 26/05/14 07:25:44 INFO SecurityManager: Changing modify acls groups to:
[2026-05-14T07:25:44.352+0000] {subprocess.py:106} INFO - 26/05/14 07:25:44 INFO SecurityManager: SecurityManager: authentication disabled; ui acls disabled; users with view permissions: spark; groups with view permissions: EMPTY; users with modify permissions: spark; groups with modify permissions: EMPTY
[2026-05-14T07:25:44.595+0000] {subprocess.py:106} INFO - 26/05/14 07:25:44 INFO Utils: Successfully started service 'sparkDriver' on port 32907.
[2026-05-14T07:25:44.621+0000] {subprocess.py:106} INFO - 26/05/14 07:25:44 INFO SparkEnv: Registering MapOutputTracker
[2026-05-14T07:25:44.650+0000] {subprocess.py:106} INFO - 26/05/14 07:25:44 INFO SparkEnv: Registering BlockManagerMaster
[2026-05-14T07:25:44.664+0000] {subprocess.py:106} INFO - 26/05/14 07:25:44 INFO BlockManagerMasterEndpoint: Using org.apache.spark.storage.DefaultTopologyMapper for getting topology information
[2026-05-14T07:25:44.665+0000] {subprocess.py:106} INFO - 26/05/14 07:25:44 INFO BlockManagerMasterEndpoint: BlockManagerMasterEndpoint up
[2026-05-14T07:25:44.668+0000] {subprocess.py:106} INFO - 26/05/14 07:25:44 INFO SparkEnv: Registering BlockManagerMasterHeartbeat
[2026-05-14T07:25:44.690+0000] {subprocess.py:106} INFO - 26/05/14 07:25:44 INFO DiskBlockManager: Created local directory at /tmp/blockmgr-6b51d65d-7a96-4915-9e2e-c92309cff9dd
[2026-05-14T07:25:44.702+0000] {subprocess.py:106} INFO - 26/05/14 07:25:44 INFO MemoryStore: MemoryStore started with capacity 434.4 MiB
[2026-05-14T07:25:44.716+0000] {subprocess.py:106} INFO - 26/05/14 07:25:44 INFO SparkEnv: Registering OutputCommitCoordinator
[2026-05-14T07:25:44.833+0000] {subprocess.py:106} INFO - 26/05/14 07:25:44 INFO JettyUtils: Start Jetty 0.0.0.0:4040 for SparkUI
[2026-05-14T07:25:44.884+0000] {subprocess.py:106} INFO - 26/05/14 07:25:44 INFO Utils: Successfully started service 'SparkUI' on port 4040.
[2026-05-14T07:25:44.929+0000] {subprocess.py:106} INFO - 26/05/14 07:25:44 INFO SparkContext: Added JAR file:///home/spark/.ivy2/jars/org.apache.iceberg_iceberg-spark-runtime-3.5_2.12-1.5.0.jar at spark://c05002f484b8:32907/jars/org.apache.iceberg_iceberg-spark-runtime-3.5_2.12-1.5.0.jar with timestamp 1778743544205
[2026-05-14T07:25:44.930+0000] {subprocess.py:106} INFO - 26/05/14 07:25:44 INFO SparkContext: Added JAR file:///home/spark/.ivy2/jars/org.apache.hadoop_hadoop-aws-3.3.4.jar at spark://c05002f484b8:32907/jars/org.apache.hadoop_hadoop-aws-3.3.4.jar with timestamp 1778743544205
[2026-05-14T07:25:44.931+0000] {subprocess.py:106} INFO - 26/05/14 07:25:44 INFO SparkContext: Added JAR file:///home/spark/.ivy2/jars/com.amazonaws_aws-java-sdk-bundle-1.12.262.jar at spark://c05002f484b8:32907/jars/com.amazonaws_aws-java-sdk-bundle-1.12.262.jar with timestamp 1778743544205
[2026-05-14T07:25:44.931+0000] {subprocess.py:106} INFO - 26/05/14 07:25:44 INFO SparkContext: Added JAR file:///home/spark/.ivy2/jars/org.wildfly.openssl_wildfly-openssl-1.0.7.Final.jar at spark://c05002f484b8:32907/jars/org.wildfly.openssl_wildfly-openssl-1.0.7.Final.jar with timestamp 1778743544205
[2026-05-14T07:25:44.935+0000] {subprocess.py:106} INFO - 26/05/14 07:25:44 INFO SparkContext: Added file file:///home/spark/.ivy2/jars/org.apache.iceberg_iceberg-spark-runtime-3.5_2.12-1.5.0.jar at spark://c05002f484b8:32907/files/org.apache.iceberg_iceberg-spark-runtime-3.5_2.12-1.5.0.jar with timestamp 1778743544205
[2026-05-14T07:25:44.937+0000] {subprocess.py:106} INFO - 26/05/14 07:25:44 INFO Utils: Copying /home/spark/.ivy2/jars/org.apache.iceberg_iceberg-spark-runtime-3.5_2.12-1.5.0.jar to /tmp/spark-ad482ff1-ac1a-45b9-a14e-147092ddc1b7/userFiles-be1e7bc9-5fb3-458f-9045-897f3a81d46a/org.apache.iceberg_iceberg-spark-runtime-3.5_2.12-1.5.0.jar
[2026-05-14T07:25:44.992+0000] {subprocess.py:106} INFO - 26/05/14 07:25:44 INFO SparkContext: Added file file:///home/spark/.ivy2/jars/org.apache.hadoop_hadoop-aws-3.3.4.jar at spark://c05002f484b8:32907/files/org.apache.hadoop_hadoop-aws-3.3.4.jar with timestamp 1778743544205
[2026-05-14T07:25:44.992+0000] {subprocess.py:106} INFO - 26/05/14 07:25:44 INFO Utils: Copying /home/spark/.ivy2/jars/org.apache.hadoop_hadoop-aws-3.3.4.jar to /tmp/spark-ad482ff1-ac1a-45b9-a14e-147092ddc1b7/userFiles-be1e7bc9-5fb3-458f-9045-897f3a81d46a/org.apache.hadoop_hadoop-aws-3.3.4.jar
[2026-05-14T07:25:44.997+0000] {subprocess.py:106} INFO - 26/05/14 07:25:44 INFO SparkContext: Added file file:///home/spark/.ivy2/jars/com.amazonaws_aws-java-sdk-bundle-1.12.262.jar at spark://c05002f484b8:32907/files/com.amazonaws_aws-java-sdk-bundle-1.12.262.jar with timestamp 1778743544205
[2026-05-14T07:25:44.998+0000] {subprocess.py:106} INFO - 26/05/14 07:25:44 INFO Utils: Copying /home/spark/.ivy2/jars/com.amazonaws_aws-java-sdk-bundle-1.12.262.jar to /tmp/spark-ad482ff1-ac1a-45b9-a14e-147092ddc1b7/userFiles-be1e7bc9-5fb3-458f-9045-897f3a81d46a/com.amazonaws_aws-java-sdk-bundle-1.12.262.jar
[2026-05-14T07:25:45.219+0000] {subprocess.py:106} INFO - 26/05/14 07:25:45 INFO SparkContext: Added file file:///home/spark/.ivy2/jars/org.wildfly.openssl_wildfly-openssl-1.0.7.Final.jar at spark://c05002f484b8:32907/files/org.wildfly.openssl_wildfly-openssl-1.0.7.Final.jar with timestamp 1778743544205
[2026-05-14T07:25:45.219+0000] {subprocess.py:106} INFO - 26/05/14 07:25:45 INFO Utils: Copying /home/spark/.ivy2/jars/org.wildfly.openssl_wildfly-openssl-1.0.7.Final.jar to /tmp/spark-ad482ff1-ac1a-45b9-a14e-147092ddc1b7/userFiles-be1e7bc9-5fb3-458f-9045-897f3a81d46a/org.wildfly.openssl_wildfly-openssl-1.0.7.Final.jar
[2026-05-14T07:25:45.288+0000] {subprocess.py:106} INFO - 26/05/14 07:25:45 INFO StandaloneAppClient$ClientEndpoint: Connecting to master spark://spark-master:7077...
[2026-05-14T07:25:45.338+0000] {subprocess.py:106} INFO - 26/05/14 07:25:45 INFO TransportClientFactory: Successfully created connection to spark-master/172.30.0.6:7077 after 29 ms (0 ms spent in bootstraps)
[2026-05-14T07:25:45.421+0000] {subprocess.py:106} INFO - 26/05/14 07:25:45 INFO StandaloneSchedulerBackend: Connected to Spark cluster with app ID app-20260514072545-0001
[2026-05-14T07:25:45.424+0000] {subprocess.py:106} INFO - 26/05/14 07:25:45 INFO StandaloneAppClient$ClientEndpoint: Executor added: app-20260514072545-0001/0 on worker-20260514071805-172.30.0.7-40595 (172.30.0.7:40595) with 1 core(s)
[2026-05-14T07:25:45.425+0000] {subprocess.py:106} INFO - 26/05/14 07:25:45 INFO StandaloneSchedulerBackend: Granted executor ID app-20260514072545-0001/0 on hostPort 172.30.0.7:40595 with 1 core(s), 1024.0 MiB RAM
[2026-05-14T07:25:45.434+0000] {subprocess.py:106} INFO - 26/05/14 07:25:45 INFO Utils: Successfully started service 'org.apache.spark.network.netty.NettyBlockTransferService' on port 39799.
[2026-05-14T07:25:45.434+0000] {subprocess.py:106} INFO - 26/05/14 07:25:45 INFO NettyBlockTransferService: Server created on c05002f484b8:39799
[2026-05-14T07:25:45.437+0000] {subprocess.py:106} INFO - 26/05/14 07:25:45 INFO BlockManager: Using org.apache.spark.storage.RandomBlockReplicationPolicy for block replication policy
[2026-05-14T07:25:45.443+0000] {subprocess.py:106} INFO - 26/05/14 07:25:45 INFO BlockManagerMaster: Registering BlockManager BlockManagerId(driver, c05002f484b8, 39799, None)
[2026-05-14T07:25:45.447+0000] {subprocess.py:106} INFO - 26/05/14 07:25:45 INFO BlockManagerMasterEndpoint: Registering block manager c05002f484b8:39799 with 434.4 MiB RAM, BlockManagerId(driver, c05002f484b8, 39799, None)
[2026-05-14T07:25:45.449+0000] {subprocess.py:106} INFO - 26/05/14 07:25:45 INFO BlockManagerMaster: Registered BlockManager BlockManagerId(driver, c05002f484b8, 39799, None)
[2026-05-14T07:25:45.451+0000] {subprocess.py:106} INFO - 26/05/14 07:25:45 INFO BlockManager: Initialized BlockManager: BlockManagerId(driver, c05002f484b8, 39799, None)
[2026-05-14T07:25:45.480+0000] {subprocess.py:106} INFO - 26/05/14 07:25:45 INFO StandaloneAppClient$ClientEndpoint: Executor updated: app-20260514072545-0001/0 is now RUNNING
[2026-05-14T07:25:45.713+0000] {subprocess.py:106} INFO - 26/05/14 07:25:45 INFO StandaloneSchedulerBackend: SchedulerBackend is ready for scheduling beginning after reached minRegisteredResourcesRatio: 0.0
[2026-05-14T07:25:46.047+0000] {subprocess.py:106} INFO - 26/05/14 07:25:46 INFO SharedState: Setting hive.metastore.warehouse.dir ('null') to the value of spark.sql.warehouse.dir.
[2026-05-14T07:25:46.050+0000] {subprocess.py:106} INFO - 26/05/14 07:25:46 INFO SharedState: Warehouse path is 'file:/opt/spark/work-dir/spark-warehouse'.
[2026-05-14T07:25:48.470+0000] {subprocess.py:106} INFO - 26/05/14 07:25:48 INFO HiveConf: Found configuration file null
[2026-05-14T07:25:48.736+0000] {subprocess.py:106} INFO - 26/05/14 07:25:48 INFO metastore: Trying to connect to metastore with URI thrift://hive-metastore:9083
[2026-05-14T07:25:48.767+0000] {subprocess.py:106} INFO - 26/05/14 07:25:48 INFO metastore: Opened a connection to metastore, current connections: 1
[2026-05-14T07:25:48.827+0000] {subprocess.py:106} INFO - 26/05/14 07:25:48 INFO metastore: Connected to metastore.
[2026-05-14T07:25:49.125+0000] {subprocess.py:106} INFO - 26/05/14 07:25:49 INFO StandaloneSchedulerBackend$StandaloneDriverEndpoint: Registered executor NettyRpcEndpointRef(spark-client://Executor) (172.30.0.7:58048) with ID 0,  ResourceProfileId 0
[2026-05-14T07:25:49.267+0000] {subprocess.py:106} INFO - 26/05/14 07:25:49 INFO BaseMetastoreTableOperations: Refreshing table metadata from new version: s3a://warehouse/iceberg_data/silver.db/it_jobs_clean/metadata/00009-e346959b-53be-413a-bbf6-231173947d84.metadata.json
[2026-05-14T07:25:49.362+0000] {subprocess.py:106} INFO - 26/05/14 07:25:49 INFO BlockManagerMasterEndpoint: Registering block manager 172.30.0.7:38361 with 434.4 MiB RAM, BlockManagerId(0, 172.30.0.7, 38361, None)
[2026-05-14T07:25:49.716+0000] {subprocess.py:106} INFO - 26/05/14 07:25:49 WARN MetricsConfig: Cannot locate configuration: tried hadoop-metrics2-s3a-file-system.properties,hadoop-metrics2.properties
[2026-05-14T07:25:49.755+0000] {subprocess.py:106} INFO - 26/05/14 07:25:49 INFO MetricsSystemImpl: Scheduled Metric snapshot period at 10 second(s).
[2026-05-14T07:25:49.756+0000] {subprocess.py:106} INFO - 26/05/14 07:25:49 INFO MetricsSystemImpl: s3a-file-system metrics system started
[2026-05-14T07:25:52.585+0000] {subprocess.py:106} INFO - 26/05/14 07:25:52 INFO BaseMetastoreCatalog: Table loaded by catalog: iceberg.silver.it_jobs_clean
[2026-05-14T07:25:55.435+0000] {subprocess.py:106} INFO - 26/05/14 07:25:55 INFO SnapshotScan: Scanning table iceberg.silver.it_jobs_clean snapshot 6807376892936731436 created at 2026-05-12T08:23:14.578+00:00 with filter true
[2026-05-14T07:25:55.891+0000] {subprocess.py:106} INFO - 26/05/14 07:25:55 INFO BaseDistributedDataScan: Planning file tasks locally for table iceberg.silver.it_jobs_clean
[2026-05-14T07:25:56.316+0000] {subprocess.py:106} INFO - 26/05/14 07:25:56 INFO V2ScanRelationPushDown:
[2026-05-14T07:25:56.317+0000] {subprocess.py:106} INFO - Pushing operators to iceberg.silver.it_jobs_clean
[2026-05-14T07:25:56.318+0000] {subprocess.py:106} INFO - Pushed Aggregate Functions:
[2026-05-14T07:25:56.319+0000] {subprocess.py:106} INFO -  MAX(ingest_time)
[2026-05-14T07:25:56.320+0000] {subprocess.py:106} INFO - Pushed Group by:
[2026-05-14T07:25:56.325+0000] {subprocess.py:106} INFO - 
[2026-05-14T07:25:56.329+0000] {subprocess.py:106} INFO - 
[2026-05-14T07:25:58.332+0000] {subprocess.py:106} INFO - 26/05/14 07:25:58 INFO CodeGenerator: Code generated in 463.91915 ms
[2026-05-14T07:25:58.352+0000] {subprocess.py:106} INFO - 26/05/14 07:25:58 INFO CodeGenerator: Code generated in 11.246438 ms
[2026-05-14T07:25:58.495+0000] {subprocess.py:106} INFO - 26/05/14 07:25:58 INFO DAGScheduler: Registering RDD 2 (collect at /opt/spark/scripts/Clean_Silver.py:56) as input to shuffle 0
[2026-05-14T07:25:58.505+0000] {subprocess.py:106} INFO - 26/05/14 07:25:58 INFO DAGScheduler: Got map stage job 0 (collect at /opt/spark/scripts/Clean_Silver.py:56) with 1 output partitions
[2026-05-14T07:25:58.506+0000] {subprocess.py:106} INFO - 26/05/14 07:25:58 INFO DAGScheduler: Final stage: ShuffleMapStage 0 (collect at /opt/spark/scripts/Clean_Silver.py:56)
[2026-05-14T07:25:58.507+0000] {subprocess.py:106} INFO - 26/05/14 07:25:58 INFO DAGScheduler: Parents of final stage: List()
[2026-05-14T07:25:58.511+0000] {subprocess.py:106} INFO - 26/05/14 07:25:58 INFO DAGScheduler: Missing parents: List()
[2026-05-14T07:25:58.517+0000] {subprocess.py:106} INFO - 26/05/14 07:25:58 INFO DAGScheduler: Submitting ShuffleMapStage 0 (MapPartitionsRDD[2] at collect at /opt/spark/scripts/Clean_Silver.py:56), which has no missing parents
[2026-05-14T07:25:58.643+0000] {subprocess.py:106} INFO - 26/05/14 07:25:58 INFO MemoryStore: Block broadcast_0 stored as values in memory (estimated size 12.0 KiB, free 434.4 MiB)
[2026-05-14T07:25:58.700+0000] {subprocess.py:106} INFO - 26/05/14 07:25:58 INFO MemoryStore: Block broadcast_0_piece0 stored as bytes in memory (estimated size 6.0 KiB, free 434.4 MiB)
[2026-05-14T07:25:58.704+0000] {subprocess.py:106} INFO - 26/05/14 07:25:58 INFO BlockManagerInfo: Added broadcast_0_piece0 in memory on c05002f484b8:39799 (size: 6.0 KiB, free: 434.4 MiB)
[2026-05-14T07:25:58.712+0000] {subprocess.py:106} INFO - 26/05/14 07:25:58 INFO SparkContext: Created broadcast 0 from broadcast at DAGScheduler.scala:1585
[2026-05-14T07:25:58.750+0000] {subprocess.py:106} INFO - 26/05/14 07:25:58 INFO DAGScheduler: Submitting 1 missing tasks from ShuffleMapStage 0 (MapPartitionsRDD[2] at collect at /opt/spark/scripts/Clean_Silver.py:56) (first 15 tasks are for partitions Vector(0))
[2026-05-14T07:25:58.751+0000] {subprocess.py:106} INFO - 26/05/14 07:25:58 INFO TaskSchedulerImpl: Adding task set 0.0 with 1 tasks resource profile 0
[2026-05-14T07:25:58.954+0000] {subprocess.py:106} INFO - 26/05/14 07:25:58 INFO TaskSetManager: Starting task 0.0 in stage 0.0 (TID 0) (172.30.0.7, executor 0, partition 0, PROCESS_LOCAL, 10137 bytes)
[2026-05-14T07:25:59.226+0000] {subprocess.py:106} INFO - 26/05/14 07:25:59 INFO BlockManagerInfo: Added broadcast_0_piece0 in memory on 172.30.0.7:38361 (size: 6.0 KiB, free: 434.4 MiB)
[2026-05-14T07:26:00.138+0000] {subprocess.py:106} INFO - 26/05/14 07:26:00 INFO TaskSetManager: Finished task 0.0 in stage 0.0 (TID 0) in 1199 ms on 172.30.0.7 (executor 0) (1/1)
[2026-05-14T07:26:00.141+0000] {subprocess.py:106} INFO - 26/05/14 07:26:00 INFO TaskSchedulerImpl: Removed TaskSet 0.0, whose tasks have all completed, from pool
[2026-05-14T07:26:00.153+0000] {subprocess.py:106} INFO - 26/05/14 07:26:00 INFO DAGScheduler: ShuffleMapStage 0 (collect at /opt/spark/scripts/Clean_Silver.py:56) finished in 1.618 s
[2026-05-14T07:26:00.158+0000] {subprocess.py:106} INFO - 26/05/14 07:26:00 INFO DAGScheduler: looking for newly runnable stages
[2026-05-14T07:26:00.159+0000] {subprocess.py:106} INFO - 26/05/14 07:26:00 INFO DAGScheduler: running: Set()
[2026-05-14T07:26:00.160+0000] {subprocess.py:106} INFO - 26/05/14 07:26:00 INFO DAGScheduler: waiting: Set()
[2026-05-14T07:26:00.161+0000] {subprocess.py:106} INFO - 26/05/14 07:26:00 INFO DAGScheduler: failed: Set()
[2026-05-14T07:26:00.219+0000] {subprocess.py:106} INFO - 26/05/14 07:26:00 INFO CodeGenerator: Code generated in 13.086391 ms
[2026-05-14T07:26:00.270+0000] {subprocess.py:106} INFO - 26/05/14 07:26:00 INFO SparkContext: Starting job: collect at /opt/spark/scripts/Clean_Silver.py:56
[2026-05-14T07:26:00.275+0000] {subprocess.py:106} INFO - 26/05/14 07:26:00 INFO DAGScheduler: Got job 1 (collect at /opt/spark/scripts/Clean_Silver.py:56) with 1 output partitions
[2026-05-14T07:26:00.277+0000] {subprocess.py:106} INFO - 26/05/14 07:26:00 INFO DAGScheduler: Final stage: ResultStage 2 (collect at /opt/spark/scripts/Clean_Silver.py:56)
[2026-05-14T07:26:00.278+0000] {subprocess.py:106} INFO - 26/05/14 07:26:00 INFO DAGScheduler: Parents of final stage: List(ShuffleMapStage 1)
[2026-05-14T07:26:00.279+0000] {subprocess.py:106} INFO - 26/05/14 07:26:00 INFO DAGScheduler: Missing parents: List()
[2026-05-14T07:26:00.282+0000] {subprocess.py:106} INFO - 26/05/14 07:26:00 INFO DAGScheduler: Submitting ResultStage 2 (MapPartitionsRDD[5] at collect at /opt/spark/scripts/Clean_Silver.py:56), which has no missing parents
[2026-05-14T07:26:00.293+0000] {subprocess.py:106} INFO - 26/05/14 07:26:00 INFO MemoryStore: Block broadcast_1 stored as values in memory (estimated size 13.1 KiB, free 434.4 MiB)
[2026-05-14T07:26:00.307+0000] {subprocess.py:106} INFO - 26/05/14 07:26:00 INFO MemoryStore: Block broadcast_1_piece0 stored as bytes in memory (estimated size 6.1 KiB, free 434.4 MiB)
[2026-05-14T07:26:00.308+0000] {subprocess.py:106} INFO - 26/05/14 07:26:00 INFO BlockManagerInfo: Added broadcast_1_piece0 in memory on c05002f484b8:39799 (size: 6.1 KiB, free: 434.4 MiB)
[2026-05-14T07:26:00.314+0000] {subprocess.py:106} INFO - 26/05/14 07:26:00 INFO SparkContext: Created broadcast 1 from broadcast at DAGScheduler.scala:1585
[2026-05-14T07:26:00.315+0000] {subprocess.py:106} INFO - 26/05/14 07:26:00 INFO DAGScheduler: Submitting 1 missing tasks from ResultStage 2 (MapPartitionsRDD[5] at collect at /opt/spark/scripts/Clean_Silver.py:56) (first 15 tasks are for partitions Vector(0))
[2026-05-14T07:26:00.316+0000] {subprocess.py:106} INFO - 26/05/14 07:26:00 INFO TaskSchedulerImpl: Adding task set 2.0 with 1 tasks resource profile 0
[2026-05-14T07:26:00.323+0000] {subprocess.py:106} INFO - 26/05/14 07:26:00 INFO TaskSetManager: Starting task 0.0 in stage 2.0 (TID 1) (172.30.0.7, executor 0, partition 0, NODE_LOCAL, 9976 bytes)
[2026-05-14T07:26:00.350+0000] {subprocess.py:106} INFO - 26/05/14 07:26:00 INFO BlockManagerInfo: Removed broadcast_0_piece0 on c05002f484b8:39799 in memory (size: 6.0 KiB, free: 434.4 MiB)
[2026-05-14T07:26:00.352+0000] {subprocess.py:106} INFO - 26/05/14 07:26:00 INFO BlockManagerInfo: Removed broadcast_0_piece0 on 172.30.0.7:38361 in memory (size: 6.0 KiB, free: 434.4 MiB)
[2026-05-14T07:26:00.366+0000] {subprocess.py:106} INFO - 26/05/14 07:26:00 INFO BlockManagerInfo: Added broadcast_1_piece0 in memory on 172.30.0.7:38361 (size: 6.1 KiB, free: 434.4 MiB)
[2026-05-14T07:26:00.439+0000] {subprocess.py:106} INFO - 26/05/14 07:26:00 INFO MapOutputTrackerMasterEndpoint: Asked to send map output locations for shuffle 0 to 172.30.0.7:58048
[2026-05-14T07:26:00.560+0000] {subprocess.py:106} INFO - 26/05/14 07:26:00 INFO TaskSetManager: Finished task 0.0 in stage 2.0 (TID 1) in 241 ms on 172.30.0.7 (executor 0) (1/1)
[2026-05-14T07:26:00.561+0000] {subprocess.py:106} INFO - 26/05/14 07:26:00 INFO TaskSchedulerImpl: Removed TaskSet 2.0, whose tasks have all completed, from pool
[2026-05-14T07:26:00.565+0000] {subprocess.py:106} INFO - 26/05/14 07:26:00 INFO DAGScheduler: ResultStage 2 (collect at /opt/spark/scripts/Clean_Silver.py:56) finished in 0.273 s
[2026-05-14T07:26:00.566+0000] {subprocess.py:106} INFO - 26/05/14 07:26:00 INFO DAGScheduler: Job 1 is finished. Cancelling potential speculative or zombie tasks for this job
[2026-05-14T07:26:00.567+0000] {subprocess.py:106} INFO - 26/05/14 07:26:00 INFO TaskSchedulerImpl: Killing all running tasks in stage 2: Stage finished
[2026-05-14T07:26:00.571+0000] {subprocess.py:106} INFO - 26/05/14 07:26:00 INFO DAGScheduler: Job 1 finished: collect at /opt/spark/scripts/Clean_Silver.py:56, took 0.300101 s
[2026-05-14T07:26:00.797+0000] {subprocess.py:106} INFO - >>> Watermark (Last Processed Time): 2026-05-12 08:22:26.740766
[2026-05-14T07:26:00.832+0000] {subprocess.py:106} INFO - 26/05/14 07:26:00 INFO BaseMetastoreTableOperations: Refreshing table metadata from new version: s3a://warehouse/iceberg_data/bronze.db/it_jobs_raw/metadata/00007-e3c1e670-96b5-4717-8f3a-a17cc719ce5b.metadata.json
[2026-05-14T07:26:00.862+0000] {subprocess.py:106} INFO - 26/05/14 07:26:00 INFO BaseMetastoreCatalog: Table loaded by catalog: iceberg.bronze.it_jobs_raw
[2026-05-14T07:26:00.880+0000] {subprocess.py:106} INFO - >>> INCREMENTAL LOAD: Reading only new data...
[2026-05-14T07:26:01.128+0000] {subprocess.py:106} INFO - 26/05/14 07:26:01 INFO V2ScanRelationPushDown:
[2026-05-14T07:26:01.129+0000] {subprocess.py:106} INFO - Pushing operators to iceberg.bronze.it_jobs_raw
[2026-05-14T07:26:01.129+0000] {subprocess.py:106} INFO - Pushed Filters: ingest_time IS NOT NULL, ingest_time > 1778574146740766
[2026-05-14T07:26:01.129+0000] {subprocess.py:106} INFO - Post-Scan Filters: isnotnull(ingest_time#36),(ingest_time#36 > 2026-05-12 08:22:26.740766)
[2026-05-14T07:26:01.130+0000] {subprocess.py:106} INFO - 
[2026-05-14T07:26:01.158+0000] {subprocess.py:106} INFO - 26/05/14 07:26:01 INFO V2ScanRelationPushDown:
[2026-05-14T07:26:01.159+0000] {subprocess.py:106} INFO - Output: ingest_time#36
[2026-05-14T07:26:01.159+0000] {subprocess.py:106} INFO - 
[2026-05-14T07:26:01.170+0000] {subprocess.py:106} INFO - 26/05/14 07:26:01 INFO SnapshotScan: Scanning table iceberg.bronze.it_jobs_raw snapshot 7226990862268888696 created at 2026-05-14T07:25:30.395+00:00 with filter (ingest_time IS NOT NULL AND ingest_time > (16-digit-int))
[2026-05-14T07:26:01.221+0000] {subprocess.py:106} INFO - 26/05/14 07:26:01 INFO BaseDistributedDataScan: Planning file tasks locally for table iceberg.bronze.it_jobs_raw
[2026-05-14T07:26:01.302+0000] {subprocess.py:106} INFO - 26/05/14 07:26:01 INFO SparkPartitioningAwareScan: Reporting UnknownPartitioning with 1 partition(s) for table iceberg.bronze.it_jobs_raw
[2026-05-14T07:26:01.327+0000] {subprocess.py:106} INFO - 26/05/14 07:26:01 INFO MemoryStore: Block broadcast_2 stored as values in memory (estimated size 32.0 KiB, free 434.3 MiB)
[2026-05-14T07:26:01.354+0000] {subprocess.py:106} INFO - 26/05/14 07:26:01 INFO BlockManagerInfo: Removed broadcast_1_piece0 on c05002f484b8:39799 in memory (size: 6.1 KiB, free: 434.4 MiB)
[2026-05-14T07:26:01.355+0000] {subprocess.py:106} INFO - 26/05/14 07:26:01 INFO MemoryStore: Block broadcast_2_piece0 stored as bytes in memory (estimated size 30.3 KiB, free 434.3 MiB)
[2026-05-14T07:26:01.355+0000] {subprocess.py:106} INFO - 26/05/14 07:26:01 INFO BlockManagerInfo: Added broadcast_2_piece0 in memory on c05002f484b8:39799 (size: 30.3 KiB, free: 434.4 MiB)
[2026-05-14T07:26:01.357+0000] {subprocess.py:106} INFO - 26/05/14 07:26:01 INFO SparkContext: Created broadcast 2 from broadcast at SparkBatch.java:79
[2026-05-14T07:26:01.361+0000] {subprocess.py:106} INFO - 26/05/14 07:26:01 INFO BlockManagerInfo: Removed broadcast_1_piece0 on 172.30.0.7:38361 in memory (size: 6.1 KiB, free: 434.4 MiB)
[2026-05-14T07:26:01.377+0000] {subprocess.py:106} INFO - 26/05/14 07:26:01 INFO MemoryStore: Block broadcast_3 stored as values in memory (estimated size 32.0 KiB, free 434.3 MiB)
[2026-05-14T07:26:01.383+0000] {subprocess.py:106} INFO - 26/05/14 07:26:01 INFO MemoryStore: Block broadcast_3_piece0 stored as bytes in memory (estimated size 30.2 KiB, free 434.3 MiB)
[2026-05-14T07:26:01.386+0000] {subprocess.py:106} INFO - 26/05/14 07:26:01 INFO BlockManagerInfo: Added broadcast_3_piece0 in memory on c05002f484b8:39799 (size: 30.2 KiB, free: 434.3 MiB)
[2026-05-14T07:26:01.387+0000] {subprocess.py:106} INFO - 26/05/14 07:26:01 INFO SparkContext: Created broadcast 3 from broadcast at SparkBatch.java:79
[2026-05-14T07:26:01.471+0000] {subprocess.py:106} INFO - 26/05/14 07:26:01 INFO CodeGenerator: Code generated in 19.26587 ms
[2026-05-14T07:26:01.490+0000] {subprocess.py:106} INFO - 26/05/14 07:26:01 INFO DAGScheduler: Registering RDD 9 (count at <unknown>:0) as input to shuffle 1
[2026-05-14T07:26:01.491+0000] {subprocess.py:106} INFO - 26/05/14 07:26:01 INFO DAGScheduler: Got map stage job 2 (count at <unknown>:0) with 1 output partitions
[2026-05-14T07:26:01.493+0000] {subprocess.py:106} INFO - 26/05/14 07:26:01 INFO DAGScheduler: Final stage: ShuffleMapStage 3 (count at <unknown>:0)
[2026-05-14T07:26:01.494+0000] {subprocess.py:106} INFO - 26/05/14 07:26:01 INFO DAGScheduler: Parents of final stage: List()
[2026-05-14T07:26:01.495+0000] {subprocess.py:106} INFO - 26/05/14 07:26:01 INFO DAGScheduler: Missing parents: List()
[2026-05-14T07:26:01.495+0000] {subprocess.py:106} INFO - 26/05/14 07:26:01 INFO DAGScheduler: Submitting ShuffleMapStage 3 (MapPartitionsRDD[9] at count at <unknown>:0), which has no missing parents
[2026-05-14T07:26:01.500+0000] {subprocess.py:106} INFO - 26/05/14 07:26:01 INFO MemoryStore: Block broadcast_4 stored as values in memory (estimated size 17.8 KiB, free 434.3 MiB)
[2026-05-14T07:26:01.511+0000] {subprocess.py:106} INFO - 26/05/14 07:26:01 INFO MemoryStore: Block broadcast_4_piece0 stored as bytes in memory (estimated size 7.6 KiB, free 434.3 MiB)
[2026-05-14T07:26:01.513+0000] {subprocess.py:106} INFO - 26/05/14 07:26:01 INFO BlockManagerInfo: Added broadcast_4_piece0 in memory on c05002f484b8:39799 (size: 7.6 KiB, free: 434.3 MiB)
[2026-05-14T07:26:01.515+0000] {subprocess.py:106} INFO - 26/05/14 07:26:01 INFO SparkContext: Created broadcast 4 from broadcast at DAGScheduler.scala:1585
[2026-05-14T07:26:01.515+0000] {subprocess.py:106} INFO - 26/05/14 07:26:01 INFO DAGScheduler: Submitting 1 missing tasks from ShuffleMapStage 3 (MapPartitionsRDD[9] at count at <unknown>:0) (first 15 tasks are for partitions Vector(0))
[2026-05-14T07:26:01.516+0000] {subprocess.py:106} INFO - 26/05/14 07:26:01 INFO TaskSchedulerImpl: Adding task set 3.0 with 1 tasks resource profile 0
[2026-05-14T07:26:01.536+0000] {subprocess.py:106} INFO - 26/05/14 07:26:01 INFO TaskSetManager: Starting task 0.0 in stage 3.0 (TID 2) (172.30.0.7, executor 0, partition 0, PROCESS_LOCAL, 15368 bytes)
[2026-05-14T07:26:01.990+0000] {subprocess.py:106} INFO - 26/05/14 07:26:01 INFO BlockManagerInfo: Added broadcast_4_piece0 in memory on 172.30.0.7:38361 (size: 7.6 KiB, free: 434.4 MiB)
[2026-05-14T07:26:02.086+0000] {subprocess.py:106} INFO - 26/05/14 07:26:02 INFO BlockManagerInfo: Added broadcast_3_piece0 in memory on 172.30.0.7:38361 (size: 30.2 KiB, free: 434.4 MiB)
[2026-05-14T07:26:04.671+0000] {subprocess.py:106} INFO - 26/05/14 07:26:04 INFO TaskSetManager: Finished task 0.0 in stage 3.0 (TID 2) in 3149 ms on 172.30.0.7 (executor 0) (1/1)
[2026-05-14T07:26:04.672+0000] {subprocess.py:106} INFO - 26/05/14 07:26:04 INFO TaskSchedulerImpl: Removed TaskSet 3.0, whose tasks have all completed, from pool
[2026-05-14T07:26:04.673+0000] {subprocess.py:106} INFO - 26/05/14 07:26:04 INFO DAGScheduler: ShuffleMapStage 3 (count at <unknown>:0) finished in 3.173 s
[2026-05-14T07:26:04.673+0000] {subprocess.py:106} INFO - 26/05/14 07:26:04 INFO DAGScheduler: looking for newly runnable stages
[2026-05-14T07:26:04.674+0000] {subprocess.py:106} INFO - 26/05/14 07:26:04 INFO DAGScheduler: running: Set()
[2026-05-14T07:26:04.675+0000] {subprocess.py:106} INFO - 26/05/14 07:26:04 INFO DAGScheduler: waiting: Set()
[2026-05-14T07:26:04.675+0000] {subprocess.py:106} INFO - 26/05/14 07:26:04 INFO DAGScheduler: failed: Set()
[2026-05-14T07:26:04.707+0000] {subprocess.py:106} INFO - 26/05/14 07:26:04 INFO CodeGenerator: Code generated in 17.320794 ms
[2026-05-14T07:26:04.727+0000] {subprocess.py:106} INFO - 26/05/14 07:26:04 INFO SparkContext: Starting job: count at <unknown>:0
[2026-05-14T07:26:04.729+0000] {subprocess.py:106} INFO - 26/05/14 07:26:04 INFO DAGScheduler: Got job 3 (count at <unknown>:0) with 1 output partitions
[2026-05-14T07:26:04.732+0000] {subprocess.py:106} INFO - 26/05/14 07:26:04 INFO DAGScheduler: Final stage: ResultStage 5 (count at <unknown>:0)
[2026-05-14T07:26:04.733+0000] {subprocess.py:106} INFO - 26/05/14 07:26:04 INFO DAGScheduler: Parents of final stage: List(ShuffleMapStage 4)
[2026-05-14T07:26:04.733+0000] {subprocess.py:106} INFO - 26/05/14 07:26:04 INFO DAGScheduler: Missing parents: List()
[2026-05-14T07:26:04.734+0000] {subprocess.py:106} INFO - 26/05/14 07:26:04 INFO DAGScheduler: Submitting ResultStage 5 (MapPartitionsRDD[12] at count at <unknown>:0), which has no missing parents
[2026-05-14T07:26:04.736+0000] {subprocess.py:106} INFO - 26/05/14 07:26:04 INFO MemoryStore: Block broadcast_5 stored as values in memory (estimated size 12.5 KiB, free 434.2 MiB)
[2026-05-14T07:26:04.748+0000] {subprocess.py:106} INFO - 26/05/14 07:26:04 INFO MemoryStore: Block broadcast_5_piece0 stored as bytes in memory (estimated size 5.9 KiB, free 434.2 MiB)
[2026-05-14T07:26:04.751+0000] {subprocess.py:106} INFO - 26/05/14 07:26:04 INFO BlockManagerInfo: Added broadcast_5_piece0 in memory on c05002f484b8:39799 (size: 5.9 KiB, free: 434.3 MiB)
[2026-05-14T07:26:04.757+0000] {subprocess.py:106} INFO - 26/05/14 07:26:04 INFO SparkContext: Created broadcast 5 from broadcast at DAGScheduler.scala:1585
[2026-05-14T07:26:04.758+0000] {subprocess.py:106} INFO - 26/05/14 07:26:04 INFO BlockManagerInfo: Removed broadcast_4_piece0 on c05002f484b8:39799 in memory (size: 7.6 KiB, free: 434.3 MiB)
[2026-05-14T07:26:04.759+0000] {subprocess.py:106} INFO - 26/05/14 07:26:04 INFO DAGScheduler: Submitting 1 missing tasks from ResultStage 5 (MapPartitionsRDD[12] at count at <unknown>:0) (first 15 tasks are for partitions Vector(0))
[2026-05-14T07:26:04.760+0000] {subprocess.py:106} INFO - 26/05/14 07:26:04 INFO TaskSchedulerImpl: Adding task set 5.0 with 1 tasks resource profile 0
[2026-05-14T07:26:04.761+0000] {subprocess.py:106} INFO - 26/05/14 07:26:04 INFO BlockManagerInfo: Removed broadcast_4_piece0 on 172.30.0.7:38361 in memory (size: 7.6 KiB, free: 434.4 MiB)
[2026-05-14T07:26:04.765+0000] {subprocess.py:106} INFO - 26/05/14 07:26:04 INFO TaskSetManager: Starting task 0.0 in stage 5.0 (TID 3) (172.30.0.7, executor 0, partition 0, NODE_LOCAL, 9976 bytes)
[2026-05-14T07:26:04.811+0000] {subprocess.py:106} INFO - 26/05/14 07:26:04 INFO BlockManagerInfo: Added broadcast_5_piece0 in memory on 172.30.0.7:38361 (size: 5.9 KiB, free: 434.4 MiB)
[2026-05-14T07:26:04.822+0000] {subprocess.py:106} INFO - 26/05/14 07:26:04 INFO MapOutputTrackerMasterEndpoint: Asked to send map output locations for shuffle 1 to 172.30.0.7:58048
[2026-05-14T07:26:04.864+0000] {subprocess.py:106} INFO - 26/05/14 07:26:04 INFO TaskSetManager: Finished task 0.0 in stage 5.0 (TID 3) in 99 ms on 172.30.0.7 (executor 0) (1/1)
[2026-05-14T07:26:04.865+0000] {subprocess.py:106} INFO - 26/05/14 07:26:04 INFO TaskSchedulerImpl: Removed TaskSet 5.0, whose tasks have all completed, from pool
[2026-05-14T07:26:04.867+0000] {subprocess.py:106} INFO - 26/05/14 07:26:04 INFO DAGScheduler: ResultStage 5 (count at <unknown>:0) finished in 0.131 s
[2026-05-14T07:26:04.868+0000] {subprocess.py:106} INFO - 26/05/14 07:26:04 INFO DAGScheduler: Job 3 is finished. Cancelling potential speculative or zombie tasks for this job
[2026-05-14T07:26:04.870+0000] {subprocess.py:106} INFO - 26/05/14 07:26:04 INFO TaskSchedulerImpl: Killing all running tasks in stage 5: Stage finished
[2026-05-14T07:26:04.872+0000] {subprocess.py:106} INFO - 26/05/14 07:26:04 INFO DAGScheduler: Job 3 finished: count at <unknown>:0, took 0.138539 s
[2026-05-14T07:26:04.873+0000] {subprocess.py:106} INFO - >>> Processing 59 records...
[2026-05-14T07:26:05.339+0000] {subprocess.py:106} INFO - 26/05/14 07:26:05 INFO BlockManagerInfo: Removed broadcast_5_piece0 on 172.30.0.7:38361 in memory (size: 5.9 KiB, free: 434.4 MiB)
[2026-05-14T07:26:05.340+0000] {subprocess.py:106} INFO - 26/05/14 07:26:05 INFO BlockManagerInfo: Removed broadcast_5_piece0 on c05002f484b8:39799 in memory (size: 5.9 KiB, free: 434.3 MiB)
[2026-05-14T07:26:05.688+0000] {subprocess.py:106} INFO - >>> Writing cleaned data to Silver...
[2026-05-14T07:26:05.746+0000] {subprocess.py:106} INFO - >>> Table exists. Performing MERGE (Upsert)...
[2026-05-14T07:26:06.303+0000] {subprocess.py:106} INFO - 26/05/14 07:26:06 INFO V2ScanRelationPushDown:
[2026-05-14T07:26:06.304+0000] {subprocess.py:106} INFO - Pushing operators to iceberg.bronze.it_jobs_raw
[2026-05-14T07:26:06.304+0000] {subprocess.py:106} INFO - Pushed Filters: ingest_time IS NOT NULL, ingest_time > 1778574146740766, job_link IS NOT NULL, NOT (job_link = '')
[2026-05-14T07:26:06.305+0000] {subprocess.py:106} INFO - Post-Scan Filters: isnotnull(ingest_time#36),(ingest_time#36 > 2026-05-12 08:22:26.740766),isnotnull(trim(job_title#26, None)),NOT (trim(job_title#26, None) = ),isnotnull(upper(trim(company_name#27, None))),NOT (upper(trim(company_name#27, None)) = ),isnotnull(job_link#31),NOT (job_link#31 = )
[2026-05-14T07:26:06.305+0000] {subprocess.py:106} INFO - 
[2026-05-14T07:26:06.310+0000] {subprocess.py:106} INFO - 26/05/14 07:26:06 INFO V2ScanRelationPushDown:
[2026-05-14T07:26:06.310+0000] {subprocess.py:106} INFO - Output: job_title#26, company_name#27, location#28, skills_required#29, date_posted#30, job_link#31, job_category#32, work_mode#33, crawl_date#34, date_only#35, ingest_time#36, source#37
[2026-05-14T07:26:06.311+0000] {subprocess.py:106} INFO - 
[2026-05-14T07:26:06.323+0000] {subprocess.py:106} INFO - 26/05/14 07:26:06 INFO SnapshotScan: Scanning table iceberg.bronze.it_jobs_raw snapshot 7226990862268888696 created at 2026-05-14T07:25:30.395+00:00 with filter (((ingest_time IS NOT NULL AND ingest_time > (16-digit-int)) AND job_link IS NOT NULL) AND NOT (job_link = (hash-00000000)))
[2026-05-14T07:26:06.325+0000] {subprocess.py:106} INFO - 26/05/14 07:26:06 INFO BaseDistributedDataScan: Planning file tasks locally for table iceberg.bronze.it_jobs_raw
[2026-05-14T07:26:06.389+0000] {subprocess.py:106} INFO - 26/05/14 07:26:06 INFO SparkPartitioningAwareScan: Reporting UnknownPartitioning with 1 partition(s) for table iceberg.bronze.it_jobs_raw
[2026-05-14T07:26:06.486+0000] {subprocess.py:106} INFO - 26/05/14 07:26:06 INFO GroupBasedRowLevelOperationScanPlanning:
[2026-05-14T07:26:06.487+0000] {subprocess.py:106} INFO - Pushing operators to iceberg.silver.it_jobs_clean
[2026-05-14T07:26:06.487+0000] {subprocess.py:106} INFO - Pushed filters:
[2026-05-14T07:26:06.488+0000] {subprocess.py:106} INFO - Filters evaluated on data source side:
[2026-05-14T07:26:06.488+0000] {subprocess.py:106} INFO - Filters evaluated on Spark side:
[2026-05-14T07:26:06.489+0000] {subprocess.py:106} INFO - Output: job_title#284, company_name#285, location#286, skills_required#287, date_posted#288, job_link#289, job_category#290, work_mode#291, crawl_date#292, date_only#293, ingest_time#294, source#295, clean_time#296, _file#299
[2026-05-14T07:26:06.489+0000] {subprocess.py:106} INFO - 
[2026-05-14T07:26:06.490+0000] {subprocess.py:106} INFO - 26/05/14 07:26:06 INFO V2ScanRelationPushDown:
[2026-05-14T07:26:06.490+0000] {subprocess.py:106} INFO - Pushing operators to iceberg.bronze.it_jobs_raw
[2026-05-14T07:26:06.491+0000] {subprocess.py:106} INFO - Pushed Filters: ingest_time IS NOT NULL, ingest_time > 1778574146740766, job_link IS NOT NULL, NOT (job_link = '')
[2026-05-14T07:26:06.491+0000] {subprocess.py:106} INFO - Post-Scan Filters: isnotnull(ingest_time#36),(ingest_time#36 > 2026-05-12 08:22:26.740766),isnotnull(trim(job_title#26, None)),NOT (trim(job_title#26, None) = ),isnotnull(upper(trim(company_name#27, None))),NOT (upper(trim(company_name#27, None)) = ),isnotnull(job_link#31),NOT (job_link#31 = )
[2026-05-14T07:26:06.491+0000] {subprocess.py:106} INFO - 
[2026-05-14T07:26:06.495+0000] {subprocess.py:106} INFO - 26/05/14 07:26:06 INFO V2ScanRelationPushDown:
[2026-05-14T07:26:06.496+0000] {subprocess.py:106} INFO - Output: job_title#26, company_name#27, location#28, skills_required#29, date_posted#30, job_link#31, job_category#32, work_mode#33, crawl_date#34, date_only#35, ingest_time#36, source#37
[2026-05-14T07:26:06.498+0000] {subprocess.py:106} INFO - 
[2026-05-14T07:26:06.501+0000] {subprocess.py:106} INFO - 26/05/14 07:26:06 INFO SnapshotScan: Scanning table iceberg.silver.it_jobs_clean snapshot 6807376892936731436 created at 2026-05-12T08:23:14.578+00:00 with filter true
[2026-05-14T07:26:06.541+0000] {subprocess.py:106} INFO - 26/05/14 07:26:06 INFO SparkPartitioningAwareScan: Reporting UnknownPartitioning with 2 partition(s) for table iceberg.silver.it_jobs_clean
[2026-05-14T07:26:06.544+0000] {subprocess.py:106} INFO - 26/05/14 07:26:06 INFO SnapshotScan: Scanning table iceberg.bronze.it_jobs_raw snapshot 7226990862268888696 created at 2026-05-14T07:25:30.395+00:00 with filter (((ingest_time IS NOT NULL AND ingest_time > (16-digit-int)) AND job_link IS NOT NULL) AND NOT (job_link = (hash-00000000)))
[2026-05-14T07:26:06.547+0000] {subprocess.py:106} INFO - 26/05/14 07:26:06 INFO BaseDistributedDataScan: Planning file tasks locally for table iceberg.bronze.it_jobs_raw
[2026-05-14T07:26:06.595+0000] {subprocess.py:106} INFO - 26/05/14 07:26:06 INFO SparkPartitioningAwareScan: Reporting UnknownPartitioning with 1 partition(s) for table iceberg.bronze.it_jobs_raw
[2026-05-14T07:26:06.625+0000] {subprocess.py:106} INFO - 26/05/14 07:26:06 INFO SparkWrite: Requesting 0 bytes advisory partition size for table iceberg.silver.it_jobs_clean
[2026-05-14T07:26:06.626+0000] {subprocess.py:106} INFO - 26/05/14 07:26:06 INFO SparkWrite: Requesting UnspecifiedDistribution as write distribution for table iceberg.silver.it_jobs_clean
[2026-05-14T07:26:06.626+0000] {subprocess.py:106} INFO - 26/05/14 07:26:06 INFO SparkWrite: Requesting [] as write ordering for table iceberg.silver.it_jobs_clean
[2026-05-14T07:26:06.697+0000] {subprocess.py:106} INFO - 26/05/14 07:26:06 INFO V2ScanRelationPushDown:
[2026-05-14T07:26:06.698+0000] {subprocess.py:106} INFO - Pushing operators to iceberg.silver.it_jobs_clean
[2026-05-14T07:26:06.699+0000] {subprocess.py:106} INFO - Pushed Filters: NOT (job_link = ''), job_link IS NOT NULL
[2026-05-14T07:26:06.699+0000] {subprocess.py:106} INFO - Post-Scan Filters: NOT (job_link#421 = ),isnotnull(job_link#421)
[2026-05-14T07:26:06.700+0000] {subprocess.py:106} INFO - 
[2026-05-14T07:26:06.701+0000] {subprocess.py:106} INFO - 26/05/14 07:26:06 INFO V2ScanRelationPushDown:
[2026-05-14T07:26:06.701+0000] {subprocess.py:106} INFO - Output: job_link#421, _file#429
[2026-05-14T07:26:06.702+0000] {subprocess.py:106} INFO - 
[2026-05-14T07:26:06.702+0000] {subprocess.py:106} INFO - 26/05/14 07:26:06 INFO SnapshotScan: Scanning table iceberg.silver.it_jobs_clean snapshot 6807376892936731436 created at 2026-05-12T08:23:14.578+00:00 with filter (NOT (job_link = (hash-00000000)) AND job_link IS NOT NULL)
[2026-05-14T07:26:06.704+0000] {subprocess.py:106} INFO - 26/05/14 07:26:06 INFO BaseDistributedDataScan: Planning file tasks locally for table iceberg.silver.it_jobs_clean
[2026-05-14T07:26:06.746+0000] {subprocess.py:106} INFO - 26/05/14 07:26:06 INFO SparkPartitioningAwareScan: Reporting UnknownPartitioning with 2 partition(s) for table iceberg.silver.it_jobs_clean
[2026-05-14T07:26:06.750+0000] {subprocess.py:106} INFO - 26/05/14 07:26:06 INFO SparkPartitioningAwareScan: Reporting UnknownPartitioning with 1 partition(s) for table iceberg.bronze.it_jobs_raw
[2026-05-14T07:26:06.887+0000] {subprocess.py:106} INFO - 26/05/14 07:26:06 INFO MemoryStore: Block broadcast_6 stored as values in memory (estimated size 32.0 KiB, free 434.2 MiB)
[2026-05-14T07:26:06.905+0000] {subprocess.py:106} INFO - 26/05/14 07:26:06 INFO MemoryStore: Block broadcast_6_piece0 stored as bytes in memory (estimated size 30.4 KiB, free 434.2 MiB)
[2026-05-14T07:26:06.906+0000] {subprocess.py:106} INFO - 26/05/14 07:26:06 INFO BlockManagerInfo: Added broadcast_6_piece0 in memory on c05002f484b8:39799 (size: 30.4 KiB, free: 434.3 MiB)
[2026-05-14T07:26:06.914+0000] {subprocess.py:106} INFO - 26/05/14 07:26:06 INFO SparkContext: Created broadcast 6 from broadcast at SparkBatch.java:79
[2026-05-14T07:26:06.935+0000] {subprocess.py:106} INFO - 26/05/14 07:26:06 INFO MemoryStore: Block broadcast_7 stored as values in memory (estimated size 32.0 KiB, free 434.2 MiB)
[2026-05-14T07:26:06.942+0000] {subprocess.py:106} INFO - 26/05/14 07:26:06 INFO MemoryStore: Block broadcast_7_piece0 stored as bytes in memory (estimated size 30.2 KiB, free 434.2 MiB)
[2026-05-14T07:26:06.946+0000] {subprocess.py:106} INFO - 26/05/14 07:26:06 INFO BlockManagerInfo: Added broadcast_7_piece0 in memory on c05002f484b8:39799 (size: 30.2 KiB, free: 434.3 MiB)
[2026-05-14T07:26:06.947+0000] {subprocess.py:106} INFO - 26/05/14 07:26:06 INFO SparkContext: Created broadcast 7 from broadcast at SparkBatch.java:79
[2026-05-14T07:26:06.986+0000] {subprocess.py:106} INFO - 26/05/14 07:26:06 INFO BlockManagerInfo: Removed broadcast_3_piece0 on c05002f484b8:39799 in memory (size: 30.2 KiB, free: 434.3 MiB)
[2026-05-14T07:26:06.991+0000] {subprocess.py:106} INFO - 26/05/14 07:26:06 INFO BlockManagerInfo: Removed broadcast_3_piece0 on 172.30.0.7:38361 in memory (size: 30.2 KiB, free: 434.4 MiB)
[2026-05-14T07:26:06.998+0000] {subprocess.py:106} INFO - 26/05/14 07:26:06 INFO MemoryStore: Block broadcast_8 stored as values in memory (estimated size 32.0 KiB, free 434.2 MiB)
[2026-05-14T07:26:07.004+0000] {subprocess.py:106} INFO - 26/05/14 07:26:07 INFO MemoryStore: Block broadcast_8_piece0 stored as bytes in memory (estimated size 30.4 KiB, free 434.2 MiB)
[2026-05-14T07:26:07.008+0000] {subprocess.py:106} INFO - 26/05/14 07:26:07 INFO BlockManagerInfo: Removed broadcast_2_piece0 on c05002f484b8:39799 in memory (size: 30.3 KiB, free: 434.3 MiB)
[2026-05-14T07:26:07.008+0000] {subprocess.py:106} INFO - 26/05/14 07:26:07 INFO BlockManagerInfo: Added broadcast_8_piece0 in memory on c05002f484b8:39799 (size: 30.4 KiB, free: 434.3 MiB)
[2026-05-14T07:26:07.013+0000] {subprocess.py:106} INFO - 26/05/14 07:26:07 INFO SparkContext: Created broadcast 8 from broadcast at SparkBatch.java:79
[2026-05-14T07:26:07.027+0000] {subprocess.py:106} INFO - 26/05/14 07:26:07 INFO MemoryStore: Block broadcast_9 stored as values in memory (estimated size 32.0 KiB, free 434.2 MiB)
[2026-05-14T07:26:07.042+0000] {subprocess.py:106} INFO - 26/05/14 07:26:07 INFO MemoryStore: Block broadcast_9_piece0 stored as bytes in memory (estimated size 30.2 KiB, free 434.2 MiB)
[2026-05-14T07:26:07.047+0000] {subprocess.py:106} INFO - 26/05/14 07:26:07 INFO BlockManagerInfo: Added broadcast_9_piece0 in memory on c05002f484b8:39799 (size: 30.2 KiB, free: 434.3 MiB)
[2026-05-14T07:26:07.048+0000] {subprocess.py:106} INFO - 26/05/14 07:26:07 INFO SparkContext: Created broadcast 9 from broadcast at SparkBatch.java:79
[2026-05-14T07:26:07.093+0000] {subprocess.py:106} INFO - 26/05/14 07:26:07 INFO MemoryStore: Block broadcast_10 stored as values in memory (estimated size 32.0 KiB, free 434.1 MiB)
[2026-05-14T07:26:07.098+0000] {subprocess.py:106} INFO - 26/05/14 07:26:07 INFO MemoryStore: Block broadcast_10_piece0 stored as bytes in memory (estimated size 30.4 KiB, free 434.1 MiB)
[2026-05-14T07:26:07.102+0000] {subprocess.py:106} INFO - 26/05/14 07:26:07 INFO BlockManagerInfo: Added broadcast_10_piece0 in memory on c05002f484b8:39799 (size: 30.4 KiB, free: 434.3 MiB)
[2026-05-14T07:26:07.103+0000] {subprocess.py:106} INFO - 26/05/14 07:26:07 INFO SparkContext: Created broadcast 10 from broadcast at SparkBatch.java:79
[2026-05-14T07:26:07.106+0000] {subprocess.py:106} INFO - 26/05/14 07:26:07 INFO MemoryStore: Block broadcast_11 stored as values in memory (estimated size 32.0 KiB, free 434.1 MiB)
[2026-05-14T07:26:07.110+0000] {subprocess.py:106} INFO - 26/05/14 07:26:07 INFO MemoryStore: Block broadcast_11_piece0 stored as bytes in memory (estimated size 30.2 KiB, free 434.0 MiB)
[2026-05-14T07:26:07.113+0000] {subprocess.py:106} INFO - 26/05/14 07:26:07 INFO BlockManagerInfo: Added broadcast_11_piece0 in memory on c05002f484b8:39799 (size: 30.2 KiB, free: 434.2 MiB)
[2026-05-14T07:26:07.114+0000] {subprocess.py:106} INFO - 26/05/14 07:26:07 INFO SparkContext: Created broadcast 11 from broadcast at SparkBatch.java:79
[2026-05-14T07:26:07.301+0000] {subprocess.py:106} INFO - 26/05/14 07:26:07 INFO CodeGenerator: Code generated in 42.976598 ms
[2026-05-14T07:26:07.394+0000] {subprocess.py:106} INFO - 26/05/14 07:26:07 INFO CodeGenerator: Code generated in 82.589197 ms
[2026-05-14T07:26:07.462+0000] {subprocess.py:106} INFO - 26/05/14 07:26:07 INFO DAGScheduler: Registering RDD 16 ($anonfun$withThreadLocalCaptured$1 at <unknown>:0) as input to shuffle 2
[2026-05-14T07:26:07.463+0000] {subprocess.py:106} INFO - 26/05/14 07:26:07 INFO DAGScheduler: Got map stage job 4 ($anonfun$withThreadLocalCaptured$1 at <unknown>:0) with 1 output partitions
[2026-05-14T07:26:07.464+0000] {subprocess.py:106} INFO - 26/05/14 07:26:07 INFO DAGScheduler: Final stage: ShuffleMapStage 6 ($anonfun$withThreadLocalCaptured$1 at <unknown>:0)
[2026-05-14T07:26:07.464+0000] {subprocess.py:106} INFO - 26/05/14 07:26:07 INFO DAGScheduler: Parents of final stage: List()
[2026-05-14T07:26:07.470+0000] {subprocess.py:106} INFO - 26/05/14 07:26:07 INFO DAGScheduler: Missing parents: List()
[2026-05-14T07:26:07.470+0000] {subprocess.py:106} INFO - 26/05/14 07:26:07 INFO DAGScheduler: Submitting ShuffleMapStage 6 (MapPartitionsRDD[16] at $anonfun$withThreadLocalCaptured$1 at <unknown>:0), which has no missing parents
[2026-05-14T07:26:07.473+0000] {subprocess.py:106} INFO - 26/05/14 07:26:07 INFO MemoryStore: Block broadcast_12 stored as values in memory (estimated size 44.9 KiB, free 434.0 MiB)
[2026-05-14T07:26:07.487+0000] {subprocess.py:106} INFO - 26/05/14 07:26:07 INFO MemoryStore: Block broadcast_12_piece0 stored as bytes in memory (estimated size 18.7 KiB, free 434.0 MiB)
[2026-05-14T07:26:07.490+0000] {subprocess.py:106} INFO - 26/05/14 07:26:07 INFO BlockManagerInfo: Added broadcast_12_piece0 in memory on c05002f484b8:39799 (size: 18.7 KiB, free: 434.2 MiB)
[2026-05-14T07:26:07.491+0000] {subprocess.py:106} INFO - 26/05/14 07:26:07 INFO SparkContext: Created broadcast 12 from broadcast at DAGScheduler.scala:1585
[2026-05-14T07:26:07.493+0000] {subprocess.py:106} INFO - 26/05/14 07:26:07 INFO DAGScheduler: Submitting 1 missing tasks from ShuffleMapStage 6 (MapPartitionsRDD[16] at $anonfun$withThreadLocalCaptured$1 at <unknown>:0) (first 15 tasks are for partitions Vector(0))
[2026-05-14T07:26:07.495+0000] {subprocess.py:106} INFO - 26/05/14 07:26:07 INFO TaskSchedulerImpl: Adding task set 6.0 with 1 tasks resource profile 0
[2026-05-14T07:26:07.500+0000] {subprocess.py:106} INFO - 26/05/14 07:26:07 INFO TaskSetManager: Starting task 0.0 in stage 6.0 (TID 4) (172.30.0.7, executor 0, partition 0, PROCESS_LOCAL, 16292 bytes)
[2026-05-14T07:26:07.528+0000] {subprocess.py:106} INFO - 26/05/14 07:26:07 INFO BlockManagerInfo: Added broadcast_12_piece0 in memory on 172.30.0.7:38361 (size: 18.7 KiB, free: 434.4 MiB)
[2026-05-14T07:26:07.990+0000] {subprocess.py:106} INFO - 26/05/14 07:26:07 INFO BlockManagerInfo: Added broadcast_9_piece0 in memory on 172.30.0.7:38361 (size: 30.2 KiB, free: 434.4 MiB)
[2026-05-14T07:26:08.187+0000] {subprocess.py:106} INFO - 26/05/14 07:26:08 INFO TaskSetManager: Finished task 0.0 in stage 6.0 (TID 4) in 688 ms on 172.30.0.7 (executor 0) (1/1)
[2026-05-14T07:26:08.190+0000] {subprocess.py:106} INFO - 26/05/14 07:26:08 INFO TaskSchedulerImpl: Removed TaskSet 6.0, whose tasks have all completed, from pool
[2026-05-14T07:26:08.191+0000] {subprocess.py:106} INFO - 26/05/14 07:26:08 INFO DAGScheduler: ShuffleMapStage 6 ($anonfun$withThreadLocalCaptured$1 at <unknown>:0) finished in 0.719 s
[2026-05-14T07:26:08.192+0000] {subprocess.py:106} INFO - 26/05/14 07:26:08 INFO DAGScheduler: looking for newly runnable stages
[2026-05-14T07:26:08.192+0000] {subprocess.py:106} INFO - 26/05/14 07:26:08 INFO DAGScheduler: running: Set()
[2026-05-14T07:26:08.193+0000] {subprocess.py:106} INFO - 26/05/14 07:26:08 INFO DAGScheduler: waiting: Set()
[2026-05-14T07:26:08.193+0000] {subprocess.py:106} INFO - 26/05/14 07:26:08 INFO DAGScheduler: failed: Set()
[2026-05-14T07:26:08.207+0000] {subprocess.py:106} INFO - 26/05/14 07:26:08 INFO MemoryStore: Block broadcast_13 stored as values in memory (estimated size 32.0 KiB, free 433.9 MiB)
[2026-05-14T07:26:08.223+0000] {subprocess.py:106} INFO - 26/05/14 07:26:08 INFO MemoryStore: Block broadcast_13_piece0 stored as bytes in memory (estimated size 30.4 KiB, free 433.9 MiB)
[2026-05-14T07:26:08.224+0000] {subprocess.py:106} INFO - 26/05/14 07:26:08 INFO BlockManagerInfo: Added broadcast_13_piece0 in memory on c05002f484b8:39799 (size: 30.4 KiB, free: 434.2 MiB)
[2026-05-14T07:26:08.229+0000] {subprocess.py:106} INFO - 26/05/14 07:26:08 INFO BlockManagerInfo: Removed broadcast_12_piece0 on 172.30.0.7:38361 in memory (size: 18.7 KiB, free: 434.4 MiB)
[2026-05-14T07:26:08.234+0000] {subprocess.py:106} INFO - 26/05/14 07:26:08 INFO SparkContext: Created broadcast 13 from broadcast at SparkBatch.java:79
[2026-05-14T07:26:08.237+0000] {subprocess.py:106} INFO - 26/05/14 07:26:08 INFO BlockManagerInfo: Removed broadcast_12_piece0 on c05002f484b8:39799 in memory (size: 18.7 KiB, free: 434.2 MiB)
[2026-05-14T07:26:08.251+0000] {subprocess.py:106} INFO - 26/05/14 07:26:08 INFO ShufflePartitionsUtil: For shuffle(2), advisory target size: 67108864, actual target size 1048576, minimum partition size: 1048576
[2026-05-14T07:26:08.318+0000] {subprocess.py:106} INFO - 26/05/14 07:26:08 INFO CodeGenerator: Code generated in 27.23862 ms
[2026-05-14T07:26:08.362+0000] {subprocess.py:106} INFO - 26/05/14 07:26:08 INFO SparkContext: Starting job: $anonfun$withThreadLocalCaptured$1 at <unknown>:0
[2026-05-14T07:26:08.364+0000] {subprocess.py:106} INFO - 26/05/14 07:26:08 INFO DAGScheduler: Got job 5 ($anonfun$withThreadLocalCaptured$1 at <unknown>:0) with 1 output partitions
[2026-05-14T07:26:08.365+0000] {subprocess.py:106} INFO - 26/05/14 07:26:08 INFO DAGScheduler: Final stage: ResultStage 8 ($anonfun$withThreadLocalCaptured$1 at <unknown>:0)
[2026-05-14T07:26:08.365+0000] {subprocess.py:106} INFO - 26/05/14 07:26:08 INFO DAGScheduler: Parents of final stage: List(ShuffleMapStage 7)
[2026-05-14T07:26:08.366+0000] {subprocess.py:106} INFO - 26/05/14 07:26:08 INFO DAGScheduler: Missing parents: List()
[2026-05-14T07:26:08.366+0000] {subprocess.py:106} INFO - 26/05/14 07:26:08 INFO DAGScheduler: Submitting ResultStage 8 (MapPartitionsRDD[19] at $anonfun$withThreadLocalCaptured$1 at <unknown>:0), which has no missing parents
[2026-05-14T07:26:08.377+0000] {subprocess.py:106} INFO - 26/05/14 07:26:08 INFO MemoryStore: Block broadcast_14 stored as values in memory (estimated size 44.9 KiB, free 433.9 MiB)
[2026-05-14T07:26:08.387+0000] {subprocess.py:106} INFO - 26/05/14 07:26:08 INFO MemoryStore: Block broadcast_14_piece0 stored as bytes in memory (estimated size 19.9 KiB, free 433.9 MiB)
[2026-05-14T07:26:08.388+0000] {subprocess.py:106} INFO - 26/05/14 07:26:08 INFO BlockManagerInfo: Added broadcast_14_piece0 in memory on c05002f484b8:39799 (size: 19.9 KiB, free: 434.2 MiB)
[2026-05-14T07:26:08.393+0000] {subprocess.py:106} INFO - 26/05/14 07:26:08 INFO BlockManagerInfo: Removed broadcast_13_piece0 on c05002f484b8:39799 in memory (size: 30.4 KiB, free: 434.2 MiB)
[2026-05-14T07:26:08.394+0000] {subprocess.py:106} INFO - 26/05/14 07:26:08 INFO SparkContext: Created broadcast 14 from broadcast at DAGScheduler.scala:1585
[2026-05-14T07:26:08.395+0000] {subprocess.py:106} INFO - 26/05/14 07:26:08 INFO DAGScheduler: Submitting 1 missing tasks from ResultStage 8 (MapPartitionsRDD[19] at $anonfun$withThreadLocalCaptured$1 at <unknown>:0) (first 15 tasks are for partitions Vector(0))
[2026-05-14T07:26:08.395+0000] {subprocess.py:106} INFO - 26/05/14 07:26:08 INFO TaskSchedulerImpl: Adding task set 8.0 with 1 tasks resource profile 0
[2026-05-14T07:26:08.396+0000] {subprocess.py:106} INFO - 26/05/14 07:26:08 INFO TaskSetManager: Starting task 0.0 in stage 8.0 (TID 5) (172.30.0.7, executor 0, partition 0, NODE_LOCAL, 9976 bytes)
[2026-05-14T07:26:08.420+0000] {subprocess.py:106} INFO - 26/05/14 07:26:08 INFO BlockManagerInfo: Added broadcast_14_piece0 in memory on 172.30.0.7:38361 (size: 19.9 KiB, free: 434.4 MiB)
[2026-05-14T07:26:08.482+0000] {subprocess.py:106} INFO - 26/05/14 07:26:08 INFO MapOutputTrackerMasterEndpoint: Asked to send map output locations for shuffle 2 to 172.30.0.7:58048
[2026-05-14T07:26:08.609+0000] {subprocess.py:106} INFO - 26/05/14 07:26:08 INFO TaskSetManager: Finished task 0.0 in stage 8.0 (TID 5) in 212 ms on 172.30.0.7 (executor 0) (1/1)
[2026-05-14T07:26:08.611+0000] {subprocess.py:106} INFO - 26/05/14 07:26:08 INFO TaskSchedulerImpl: Removed TaskSet 8.0, whose tasks have all completed, from pool
[2026-05-14T07:26:08.614+0000] {subprocess.py:106} INFO - 26/05/14 07:26:08 INFO DAGScheduler: ResultStage 8 ($anonfun$withThreadLocalCaptured$1 at <unknown>:0) finished in 0.238 s
[2026-05-14T07:26:08.620+0000] {subprocess.py:106} INFO - 26/05/14 07:26:08 INFO DAGScheduler: Job 5 is finished. Cancelling potential speculative or zombie tasks for this job
[2026-05-14T07:26:08.622+0000] {subprocess.py:106} INFO - 26/05/14 07:26:08 INFO TaskSchedulerImpl: Killing all running tasks in stage 8: Stage finished
[2026-05-14T07:26:08.630+0000] {subprocess.py:106} INFO - 26/05/14 07:26:08 INFO DAGScheduler: Job 5 finished: $anonfun$withThreadLocalCaptured$1 at <unknown>:0, took 0.249154 s
[2026-05-14T07:26:08.670+0000] {subprocess.py:106} INFO - 26/05/14 07:26:08 INFO CodeGenerator: Code generated in 22.031358 ms
[2026-05-14T07:26:08.723+0000] {subprocess.py:106} INFO - 26/05/14 07:26:08 INFO BlockManagerInfo: Removed broadcast_14_piece0 on 172.30.0.7:38361 in memory (size: 19.9 KiB, free: 434.4 MiB)
[2026-05-14T07:26:08.736+0000] {subprocess.py:106} INFO - 26/05/14 07:26:08 INFO MemoryStore: Block broadcast_15_piece0 stored as bytes in memory (estimated size 3.5 KiB, free 434.0 MiB)
[2026-05-14T07:26:08.737+0000] {subprocess.py:106} INFO - 26/05/14 07:26:08 INFO BlockManagerInfo: Added broadcast_15_piece0 in memory on c05002f484b8:39799 (size: 3.5 KiB, free: 434.2 MiB)
[2026-05-14T07:26:08.738+0000] {subprocess.py:106} INFO - 26/05/14 07:26:08 INFO BlockManagerInfo: Removed broadcast_14_piece0 on c05002f484b8:39799 in memory (size: 19.9 KiB, free: 434.2 MiB)
[2026-05-14T07:26:08.741+0000] {subprocess.py:106} INFO - 26/05/14 07:26:08 INFO SparkContext: Created broadcast 15 from $anonfun$withThreadLocalCaptured$1 at <unknown>:0
[2026-05-14T07:26:08.760+0000] {subprocess.py:106} INFO - 26/05/14 07:26:08 INFO MemoryStore: Block broadcast_16 stored as values in memory (estimated size 32.0 KiB, free 434.0 MiB)
[2026-05-14T07:26:08.764+0000] {subprocess.py:106} INFO - 26/05/14 07:26:08 INFO MemoryStore: Block broadcast_16_piece0 stored as bytes in memory (estimated size 30.3 KiB, free 434.0 MiB)
[2026-05-14T07:26:08.766+0000] {subprocess.py:106} INFO - 26/05/14 07:26:08 INFO BlockManagerInfo: Added broadcast_16_piece0 in memory on c05002f484b8:39799 (size: 30.3 KiB, free: 434.2 MiB)
[2026-05-14T07:26:08.771+0000] {subprocess.py:106} INFO - 26/05/14 07:26:08 INFO SparkContext: Created broadcast 16 from broadcast at SparkBatch.java:79
[2026-05-14T07:26:08.870+0000] {subprocess.py:106} INFO - 26/05/14 07:26:08 INFO CodeGenerator: Code generated in 56.243409 ms
[2026-05-14T07:26:08.902+0000] {subprocess.py:106} INFO - 26/05/14 07:26:08 INFO DAGScheduler: Registering RDD 23 ($anonfun$withThreadLocalCaptured$1 at <unknown>:0) as input to shuffle 3
[2026-05-14T07:26:08.903+0000] {subprocess.py:106} INFO - 26/05/14 07:26:08 INFO DAGScheduler: Got map stage job 6 ($anonfun$withThreadLocalCaptured$1 at <unknown>:0) with 2 output partitions
[2026-05-14T07:26:08.904+0000] {subprocess.py:106} INFO - 26/05/14 07:26:08 INFO DAGScheduler: Final stage: ShuffleMapStage 9 ($anonfun$withThreadLocalCaptured$1 at <unknown>:0)
[2026-05-14T07:26:08.905+0000] {subprocess.py:106} INFO - 26/05/14 07:26:08 INFO DAGScheduler: Parents of final stage: List()
[2026-05-14T07:26:08.906+0000] {subprocess.py:106} INFO - 26/05/14 07:26:08 INFO DAGScheduler: Missing parents: List()
[2026-05-14T07:26:08.911+0000] {subprocess.py:106} INFO - 26/05/14 07:26:08 INFO DAGScheduler: Submitting ShuffleMapStage 9 (MapPartitionsRDD[23] at $anonfun$withThreadLocalCaptured$1 at <unknown>:0), which has no missing parents
[2026-05-14T07:26:08.912+0000] {subprocess.py:106} INFO - 26/05/14 07:26:08 INFO MemoryStore: Block broadcast_17 stored as values in memory (estimated size 57.9 KiB, free 433.9 MiB)
[2026-05-14T07:26:08.924+0000] {subprocess.py:106} INFO - 26/05/14 07:26:08 INFO MemoryStore: Block broadcast_17_piece0 stored as bytes in memory (estimated size 24.3 KiB, free 433.9 MiB)
[2026-05-14T07:26:08.931+0000] {subprocess.py:106} INFO - 26/05/14 07:26:08 INFO BlockManagerInfo: Added broadcast_17_piece0 in memory on c05002f484b8:39799 (size: 24.3 KiB, free: 434.2 MiB)
[2026-05-14T07:26:08.932+0000] {subprocess.py:106} INFO - 26/05/14 07:26:08 INFO BlockManagerInfo: Removed broadcast_16_piece0 on c05002f484b8:39799 in memory (size: 30.3 KiB, free: 434.2 MiB)
[2026-05-14T07:26:08.933+0000] {subprocess.py:106} INFO - 26/05/14 07:26:08 INFO SparkContext: Created broadcast 17 from broadcast at DAGScheduler.scala:1585
[2026-05-14T07:26:08.933+0000] {subprocess.py:106} INFO - 26/05/14 07:26:08 INFO DAGScheduler: Submitting 2 missing tasks from ShuffleMapStage 9 (MapPartitionsRDD[23] at $anonfun$withThreadLocalCaptured$1 at <unknown>:0) (first 15 tasks are for partitions Vector(0, 1))
[2026-05-14T07:26:08.934+0000] {subprocess.py:106} INFO - 26/05/14 07:26:08 INFO TaskSchedulerImpl: Adding task set 9.0 with 2 tasks resource profile 0
[2026-05-14T07:26:08.936+0000] {subprocess.py:106} INFO - 26/05/14 07:26:08 INFO TaskSetManager: Starting task 0.0 in stage 9.0 (TID 6) (172.30.0.7, executor 0, partition 0, PROCESS_LOCAL, 17030 bytes)
[2026-05-14T07:26:08.957+0000] {subprocess.py:106} INFO - 26/05/14 07:26:08 INFO BlockManagerInfo: Added broadcast_17_piece0 in memory on 172.30.0.7:38361 (size: 24.3 KiB, free: 434.3 MiB)
[2026-05-14T07:26:09.066+0000] {subprocess.py:106} INFO - 26/05/14 07:26:09 INFO BlockManagerInfo: Added broadcast_15_piece0 in memory on 172.30.0.7:38361 (size: 3.5 KiB, free: 434.3 MiB)
[2026-05-14T07:26:09.132+0000] {subprocess.py:106} INFO - 26/05/14 07:26:09 INFO BlockManagerInfo: Added broadcast_8_piece0 in memory on 172.30.0.7:38361 (size: 30.4 KiB, free: 434.3 MiB)
[2026-05-14T07:26:09.558+0000] {subprocess.py:106} INFO - 26/05/14 07:26:09 INFO TaskSetManager: Starting task 1.0 in stage 9.0 (TID 7) (172.30.0.7, executor 0, partition 1, PROCESS_LOCAL, 16108 bytes)
[2026-05-14T07:26:09.559+0000] {subprocess.py:106} INFO - 26/05/14 07:26:09 INFO TaskSetManager: Finished task 0.0 in stage 9.0 (TID 6) in 626 ms on 172.30.0.7 (executor 0) (1/2)
[2026-05-14T07:26:09.778+0000] {subprocess.py:106} INFO - 26/05/14 07:26:09 INFO TaskSetManager: Finished task 1.0 in stage 9.0 (TID 7) in 219 ms on 172.30.0.7 (executor 0) (2/2)
[2026-05-14T07:26:09.782+0000] {subprocess.py:106} INFO - 26/05/14 07:26:09 INFO TaskSchedulerImpl: Removed TaskSet 9.0, whose tasks have all completed, from pool
[2026-05-14T07:26:09.786+0000] {subprocess.py:106} INFO - 26/05/14 07:26:09 INFO DAGScheduler: ShuffleMapStage 9 ($anonfun$withThreadLocalCaptured$1 at <unknown>:0) finished in 0.874 s
[2026-05-14T07:26:09.787+0000] {subprocess.py:106} INFO - 26/05/14 07:26:09 INFO DAGScheduler: looking for newly runnable stages
[2026-05-14T07:26:09.789+0000] {subprocess.py:106} INFO - 26/05/14 07:26:09 INFO DAGScheduler: running: Set()
[2026-05-14T07:26:09.790+0000] {subprocess.py:106} INFO - 26/05/14 07:26:09 INFO DAGScheduler: waiting: Set()
[2026-05-14T07:26:09.790+0000] {subprocess.py:106} INFO - 26/05/14 07:26:09 INFO DAGScheduler: failed: Set()
[2026-05-14T07:26:09.795+0000] {subprocess.py:106} INFO - 26/05/14 07:26:09 INFO MemoryStore: Block broadcast_18 stored as values in memory (estimated size 40.0 B, free 434.0 MiB)
[2026-05-14T07:26:09.814+0000] {subprocess.py:106} INFO - 26/05/14 07:26:09 INFO MemoryStore: Block broadcast_18_piece0 stored as bytes in memory (estimated size 86.0 B, free 434.0 MiB)
[2026-05-14T07:26:09.816+0000] {subprocess.py:106} INFO - 26/05/14 07:26:09 INFO BlockManagerInfo: Added broadcast_18_piece0 in memory on c05002f484b8:39799 (size: 86.0 B, free: 434.2 MiB)
[2026-05-14T07:26:09.818+0000] {subprocess.py:106} INFO - 26/05/14 07:26:09 INFO SparkContext: Created broadcast 18 from sql at <unknown>:0
[2026-05-14T07:26:09.832+0000] {subprocess.py:106} INFO - 26/05/14 07:26:09 INFO BlockManagerInfo: Removed broadcast_17_piece0 on c05002f484b8:39799 in memory (size: 24.3 KiB, free: 434.2 MiB)
[2026-05-14T07:26:09.833+0000] {subprocess.py:106} INFO - 26/05/14 07:26:09 INFO BlockManagerInfo: Removed broadcast_17_piece0 on 172.30.0.7:38361 in memory (size: 24.3 KiB, free: 434.3 MiB)
[2026-05-14T07:26:09.845+0000] {subprocess.py:106} INFO - 26/05/14 07:26:09 INFO SparkCopyOnWriteScan: 0 of 6 task(s) for table iceberg.silver.it_jobs_clean matched runtime file filter with 0 location(s)
[2026-05-14T07:26:09.852+0000] {subprocess.py:106} INFO - 26/05/14 07:26:09 INFO MemoryStore: Block broadcast_19 stored as values in memory (estimated size 32.0 KiB, free 434.0 MiB)
[2026-05-14T07:26:09.856+0000] {subprocess.py:106} INFO - 26/05/14 07:26:09 INFO MemoryStore: Block broadcast_19_piece0 stored as bytes in memory (estimated size 30.4 KiB, free 434.0 MiB)
[2026-05-14T07:26:09.856+0000] {subprocess.py:106} INFO - 26/05/14 07:26:09 INFO BlockManagerInfo: Added broadcast_19_piece0 in memory on c05002f484b8:39799 (size: 30.4 KiB, free: 434.2 MiB)
[2026-05-14T07:26:09.857+0000] {subprocess.py:106} INFO - 26/05/14 07:26:09 INFO SparkContext: Created broadcast 19 from broadcast at SparkBatch.java:79
[2026-05-14T07:26:09.916+0000] {subprocess.py:106} INFO - 26/05/14 07:26:09 INFO CodeGenerator: Code generated in 21.853174 ms
[2026-05-14T07:26:09.958+0000] {subprocess.py:106} INFO - 26/05/14 07:26:09 INFO CodeGenerator: Code generated in 21.548324 ms
[2026-05-14T07:26:10.013+0000] {subprocess.py:106} INFO - 26/05/14 07:26:10 INFO DAGScheduler: Registering RDD 33 (sql at <unknown>:0) as input to shuffle 4
[2026-05-14T07:26:10.014+0000] {subprocess.py:106} INFO - 26/05/14 07:26:10 INFO DAGScheduler: Got map stage job 7 (sql at <unknown>:0) with 1 output partitions
[2026-05-14T07:26:10.014+0000] {subprocess.py:106} INFO - 26/05/14 07:26:10 INFO DAGScheduler: Final stage: ShuffleMapStage 10 (sql at <unknown>:0)
[2026-05-14T07:26:10.015+0000] {subprocess.py:106} INFO - 26/05/14 07:26:10 INFO DAGScheduler: Parents of final stage: List()
[2026-05-14T07:26:10.017+0000] {subprocess.py:106} INFO - 26/05/14 07:26:10 INFO DAGScheduler: Missing parents: List()
[2026-05-14T07:26:10.022+0000] {subprocess.py:106} INFO - 26/05/14 07:26:10 INFO DAGScheduler: Submitting ShuffleMapStage 10 (MapPartitionsRDD[33] at sql at <unknown>:0), which has no missing parents
[2026-05-14T07:26:10.038+0000] {subprocess.py:106} INFO - 26/05/14 07:26:10 INFO MemoryStore: Block broadcast_20 stored as values in memory (estimated size 59.0 KiB, free 433.9 MiB)
[2026-05-14T07:26:03.533+0000] {subprocess.py:106} INFO - 26/05/14 07:26:10 INFO MemoryStore: Block broadcast_20_piece0 stored as bytes in memory (estimated size 22.9 KiB, free 433.9 MiB)
[2026-05-14T07:26:03.534+0000] {subprocess.py:106} INFO - 26/05/14 07:26:10 INFO BlockManagerInfo: Added broadcast_20_piece0 in memory on c05002f484b8:39799 (size: 22.9 KiB, free: 434.2 MiB)
[2026-05-14T07:26:03.543+0000] {subprocess.py:106} INFO - 26/05/14 07:26:03 INFO SparkContext: Created broadcast 20 from broadcast at DAGScheduler.scala:1585
[2026-05-14T07:26:03.544+0000] {subprocess.py:106} INFO - 26/05/14 07:26:03 INFO BlockManagerInfo: Removed broadcast_19_piece0 on c05002f484b8:39799 in memory (size: 30.4 KiB, free: 434.2 MiB)
[2026-05-14T07:26:03.545+0000] {subprocess.py:106} INFO - 26/05/14 07:26:03 INFO DAGScheduler: Submitting 1 missing tasks from ShuffleMapStage 10 (MapPartitionsRDD[33] at sql at <unknown>:0) (first 15 tasks are for partitions Vector(0))
[2026-05-14T07:26:03.546+0000] {subprocess.py:106} INFO - 26/05/14 07:26:03 INFO TaskSchedulerImpl: Adding task set 10.0 with 1 tasks resource profile 0
[2026-05-14T07:26:03.546+0000] {subprocess.py:106} INFO - 26/05/14 07:26:03 INFO TaskSetManager: Starting task 0.0 in stage 10.0 (TID 8) (172.30.0.7, executor 0, partition 0, PROCESS_LOCAL, 16292 bytes)
[2026-05-14T07:26:03.562+0000] {subprocess.py:106} INFO - 26/05/14 07:26:03 INFO BlockManagerInfo: Added broadcast_20_piece0 in memory on 172.30.0.7:38361 (size: 22.9 KiB, free: 434.3 MiB)
[2026-05-14T07:26:13.246+0000] {subprocess.py:106} INFO - 26/05/14 07:26:13 INFO BlockManagerInfo: Added broadcast_11_piece0 in memory on 172.30.0.7:38361 (size: 30.2 KiB, free: 434.3 MiB)
[2026-05-14T07:26:13.665+0000] {subprocess.py:106} INFO - 26/05/14 07:26:13 INFO TaskSetManager: Finished task 0.0 in stage 10.0 (TID 8) in 10128 ms on 172.30.0.7 (executor 0) (1/1)
[2026-05-14T07:26:13.668+0000] {subprocess.py:106} INFO - 26/05/14 07:26:13 INFO DAGScheduler: ShuffleMapStage 10 (sql at <unknown>:0) finished in 3.645 s
[2026-05-14T07:26:13.669+0000] {subprocess.py:106} INFO - 26/05/14 07:26:13 INFO DAGScheduler: looking for newly runnable stages
[2026-05-14T07:26:13.670+0000] {subprocess.py:106} INFO - 26/05/14 07:26:13 INFO DAGScheduler: running: Set()
[2026-05-14T07:26:13.674+0000] {subprocess.py:106} INFO - 26/05/14 07:26:13 INFO DAGScheduler: waiting: Set()
[2026-05-14T07:26:13.675+0000] {subprocess.py:106} INFO - 26/05/14 07:26:13 INFO DAGScheduler: failed: Set()
[2026-05-14T07:26:13.676+0000] {subprocess.py:106} INFO - 26/05/14 07:26:13 INFO TaskSchedulerImpl: Removed TaskSet 10.0, whose tasks have all completed, from pool
[2026-05-14T07:26:13.687+0000] {subprocess.py:106} INFO - 26/05/14 07:26:13 INFO ShufflePartitionsUtil: For shuffle(4), advisory target size: 67108864, actual target size 1048576, minimum partition size: 1048576
[2026-05-14T07:26:13.703+0000] {subprocess.py:106} INFO - 26/05/14 07:26:13 WARN SparkStringUtils: Truncated the string representation of a plan since it was too large. This behavior can be adjusted by setting 'spark.sql.debug.maxToStringFields'.
[2026-05-14T07:26:13.728+0000] {subprocess.py:106} INFO - 26/05/14 07:26:13 INFO CodeGenerator: Code generated in 13.057246 ms
[2026-05-14T07:26:13.774+0000] {subprocess.py:106} INFO - 26/05/14 07:26:13 INFO CodeGenerator: Code generated in 24.590937 ms
[2026-05-14T07:26:13.789+0000] {subprocess.py:106} INFO - 26/05/14 07:26:13 INFO CodeGenerator: Code generated in 10.152553 ms
[2026-05-14T07:26:13.849+0000] {subprocess.py:106} INFO - 26/05/14 07:26:13 INFO MemoryStore: Block broadcast_21 stored as values in memory (estimated size 32.0 KiB, free 433.9 MiB)
[2026-05-14T07:26:13.867+0000] {subprocess.py:106} INFO - 26/05/14 07:26:13 INFO MemoryStore: Block broadcast_21_piece0 stored as bytes in memory (estimated size 30.3 KiB, free 433.9 MiB)
[2026-05-14T07:26:13.868+0000] {subprocess.py:106} INFO - 26/05/14 07:26:13 INFO BlockManagerInfo: Added broadcast_21_piece0 in memory on c05002f484b8:39799 (size: 30.3 KiB, free: 434.2 MiB)
[2026-05-14T07:26:13.874+0000] {subprocess.py:106} INFO - 26/05/14 07:26:13 INFO BlockManagerInfo: Removed broadcast_20_piece0 on c05002f484b8:39799 in memory (size: 22.9 KiB, free: 434.2 MiB)
[2026-05-14T07:26:13.877+0000] {subprocess.py:106} INFO - 26/05/14 07:26:13 INFO SparkContext: Created broadcast 21 from broadcast at SparkWrite.java:193
[2026-05-14T07:26:13.879+0000] {subprocess.py:106} INFO - 26/05/14 07:26:13 INFO BlockManagerInfo: Removed broadcast_20_piece0 on 172.30.0.7:38361 in memory (size: 22.9 KiB, free: 434.3 MiB)
[2026-05-14T07:26:13.887+0000] {subprocess.py:106} INFO - 26/05/14 07:26:13 INFO ReplaceDataExec: Start processing data source write support: IcebergBatchWrite(table=iceberg.silver.it_jobs_clean, format=PARQUET). The input RDD has 1 partitions.
[2026-05-14T07:26:13.903+0000] {subprocess.py:106} INFO - 26/05/14 07:26:13 INFO SparkContext: Starting job: sql at <unknown>:0
[2026-05-14T07:26:13.904+0000] {subprocess.py:106} INFO - 26/05/14 07:26:13 INFO DAGScheduler: Got job 8 (sql at <unknown>:0) with 1 output partitions
[2026-05-14T07:26:13.905+0000] {subprocess.py:106} INFO - 26/05/14 07:26:13 INFO DAGScheduler: Final stage: ResultStage 12 (sql at <unknown>:0)
[2026-05-14T07:26:13.906+0000] {subprocess.py:106} INFO - 26/05/14 07:26:13 INFO DAGScheduler: Parents of final stage: List(ShuffleMapStage 11)
[2026-05-14T07:26:13.914+0000] {subprocess.py:106} INFO - 26/05/14 07:26:13 INFO DAGScheduler: Missing parents: List()
[2026-05-14T07:26:13.915+0000] {subprocess.py:106} INFO - 26/05/14 07:26:13 INFO DAGScheduler: Submitting ResultStage 12 (MapPartitionsRDD[39] at sql at <unknown>:0), which has no missing parents
[2026-05-14T07:26:13.924+0000] {subprocess.py:106} INFO - 26/05/14 07:26:13 INFO MemoryStore: Block broadcast_22 stored as values in memory (estimated size 97.2 KiB, free 433.9 MiB)
[2026-05-14T07:26:13.927+0000] {subprocess.py:106} INFO - 26/05/14 07:26:13 INFO MemoryStore: Block broadcast_22_piece0 stored as bytes in memory (estimated size 33.5 KiB, free 433.8 MiB)
[2026-05-14T07:26:13.928+0000] {subprocess.py:106} INFO - 26/05/14 07:26:13 INFO BlockManagerInfo: Added broadcast_22_piece0 in memory on c05002f484b8:39799 (size: 33.5 KiB, free: 434.2 MiB)
[2026-05-14T07:26:13.933+0000] {subprocess.py:106} INFO - 26/05/14 07:26:13 INFO SparkContext: Created broadcast 22 from broadcast at DAGScheduler.scala:1585
[2026-05-14T07:26:13.934+0000] {subprocess.py:106} INFO - 26/05/14 07:26:13 INFO DAGScheduler: Submitting 1 missing tasks from ResultStage 12 (MapPartitionsRDD[39] at sql at <unknown>:0) (first 15 tasks are for partitions Vector(0))
[2026-05-14T07:26:13.937+0000] {subprocess.py:106} INFO - 26/05/14 07:26:13 INFO TaskSchedulerImpl: Adding task set 12.0 with 1 tasks resource profile 0
[2026-05-14T07:26:13.938+0000] {subprocess.py:106} INFO - 26/05/14 07:26:13 INFO TaskSetManager: Starting task 0.0 in stage 12.0 (TID 9) (172.30.0.7, executor 0, partition 0, NODE_LOCAL, 9976 bytes)
[2026-05-14T07:26:14.004+0000] {subprocess.py:106} INFO - 26/05/14 07:26:13 INFO BlockManagerInfo: Added broadcast_22_piece0 in memory on 172.30.0.7:38361 (size: 33.5 KiB, free: 434.3 MiB)
[2026-05-14T07:26:14.058+0000] {subprocess.py:106} INFO - 26/05/14 07:26:14 INFO MapOutputTrackerMasterEndpoint: Asked to send map output locations for shuffle 4 to 172.30.0.7:58048
[2026-05-14T07:26:14.862+0000] {subprocess.py:106} INFO - 26/05/14 07:26:14 INFO BlockManagerInfo: Added broadcast_21_piece0 in memory on 172.30.0.7:38361 (size: 30.3 KiB, free: 434.2 MiB)
[2026-05-14T07:26:15.527+0000] {subprocess.py:106} INFO - 26/05/14 07:26:15 INFO TaskSetManager: Finished task 0.0 in stage 12.0 (TID 9) in 1595 ms on 172.30.0.7 (executor 0) (1/1)
[2026-05-14T07:26:15.528+0000] {subprocess.py:106} INFO - 26/05/14 07:26:15 INFO TaskSchedulerImpl: Removed TaskSet 12.0, whose tasks have all completed, from pool
[2026-05-14T07:26:15.533+0000] {subprocess.py:106} INFO - 26/05/14 07:26:15 INFO DAGScheduler: ResultStage 12 (sql at <unknown>:0) finished in 1.618 s
[2026-05-14T07:26:15.534+0000] {subprocess.py:106} INFO - 26/05/14 07:26:15 INFO DAGScheduler: Job 8 is finished. Cancelling potential speculative or zombie tasks for this job
[2026-05-14T07:26:15.534+0000] {subprocess.py:106} INFO - 26/05/14 07:26:15 INFO TaskSchedulerImpl: Killing all running tasks in stage 12: Stage finished
[2026-05-14T07:26:15.536+0000] {subprocess.py:106} INFO - 26/05/14 07:26:15 INFO DAGScheduler: Job 8 finished: sql at <unknown>:0, took 1.632813 s
[2026-05-14T07:26:15.538+0000] {subprocess.py:106} INFO - 26/05/14 07:26:15 INFO ReplaceDataExec: Data source write support IcebergBatchWrite(table=iceberg.silver.it_jobs_clean, format=PARQUET) is committing.
[2026-05-14T07:26:15.582+0000] {subprocess.py:106} INFO - 26/05/14 07:26:15 INFO SparkWrite: Committing overwrite of 0 data files with 1 new data files, scanSnapshotId: 6807376892936731436, conflictDetectionFilter: true to table iceberg.silver.it_jobs_clean
[2026-05-14T07:26:16.002+0000] {subprocess.py:106} INFO - 26/05/14 07:26:16 INFO BlockManagerInfo: Removed broadcast_22_piece0 on c05002f484b8:39799 in memory (size: 33.5 KiB, free: 434.2 MiB)
[2026-05-14T07:26:16.010+0000] {subprocess.py:106} INFO - 26/05/14 07:26:16 INFO BlockManagerInfo: Removed broadcast_22_piece0 on 172.30.0.7:38361 in memory (size: 33.5 KiB, free: 434.3 MiB)
[2026-05-14T07:26:16.473+0000] {subprocess.py:106} INFO - 26/05/14 07:26:16 INFO HiveTableOperations: Committed to table iceberg.silver.it_jobs_clean with the new metadata location s3a://warehouse/iceberg_data/silver.db/it_jobs_clean/metadata/00010-66735dc4-89f6-49a9-9a96-465359f3e956.metadata.json
[2026-05-14T07:26:16.473+0000] {subprocess.py:106} INFO - 26/05/14 07:26:16 INFO BaseMetastoreTableOperations: Successfully committed to table iceberg.silver.it_jobs_clean in 398 ms
[2026-05-14T07:26:16.474+0000] {subprocess.py:106} INFO - 26/05/14 07:26:16 INFO SnapshotProducer: Committed snapshot 760156661697177177 (BaseOverwriteFiles)
[2026-05-14T07:26:16.488+0000] {subprocess.py:106} INFO - 26/05/14 07:26:16 INFO BaseMetastoreTableOperations: Refreshing table metadata from new version: s3a://warehouse/iceberg_data/silver.db/it_jobs_clean/metadata/00010-66735dc4-89f6-49a9-9a96-465359f3e956.metadata.json
[2026-05-14T07:26:16.579+0000] {subprocess.py:106} INFO - 26/05/14 07:26:16 INFO LoggingMetricsReporter: Received metrics report: CommitReport{tableName=iceberg.silver.it_jobs_clean, snapshotId=760156661697177177, sequenceNumber=11, operation=append, commitMetrics=CommitMetricsResult{totalDuration=TimerResult{timeUnit=NANOSECONDS, totalDuration=PT0.96764954S, count=1}, attempts=CounterResult{unit=COUNT, value=1}, addedDataFiles=CounterResult{unit=COUNT, value=1}, removedDataFiles=null, totalDataFiles=CounterResult{unit=COUNT, value=7}, addedDeleteFiles=null, addedEqualityDeleteFiles=null, addedPositionalDeleteFiles=null, removedDeleteFiles=null, removedEqualityDeleteFiles=null, removedPositionalDeleteFiles=null, totalDeleteFiles=CounterResult{unit=COUNT, value=0}, addedRecords=CounterResult{unit=COUNT, value=59}, removedRecords=null, totalRecords=CounterResult{unit=COUNT, value=14253}, addedFilesSizeInBytes=CounterResult{unit=BYTES, value=10011}, removedFilesSizeInBytes=null, totalFilesSizeInBytes=CounterResult{unit=BYTES, value=581520}, addedPositionalDeletes=null, removedPositionalDeletes=null, totalPositionalDeletes=CounterResult{unit=COUNT, value=0}, addedEqualityDeletes=null, removedEqualityDeletes=null, totalEqualityDeletes=CounterResult{unit=COUNT, value=0}}, metadata={engine-version=3.5.3, app-id=app-20260514072545-0001, engine-name=spark, iceberg-version=Apache Iceberg 1.6.1 (commit 8e9d59d299be42b0bca9461457cd1e95dbaad086)}}
[2026-05-14T07:26:16.580+0000] {subprocess.py:106} INFO - 26/05/14 07:26:16 INFO SparkWrite: Committed in 995 ms
[2026-05-14T07:26:16.580+0000] {subprocess.py:106} INFO - 26/05/14 07:26:16 INFO ReplaceDataExec: Data source write support IcebergBatchWrite(table=iceberg.silver.it_jobs_clean, format=PARQUET) committed.
[2026-05-14T07:26:16.582+0000] {subprocess.py:106} INFO - >>> SUCCESS: Data Merged (Upsert).
[2026-05-14T07:26:16.584+0000] {subprocess.py:106} INFO - 26/05/14 07:26:16 INFO SparkContext: SparkContext is stopping with exitCode 0.
[2026-05-14T07:26:16.599+0000] {subprocess.py:106} INFO - 26/05/14 07:26:16 INFO SparkUI: Stopped Spark web UI at http://c05002f484b8:4040
[2026-05-14T07:26:16.610+0000] {subprocess.py:106} INFO - 26/05/14 07:26:16 INFO StandaloneSchedulerBackend: Shutting down all executors
[2026-05-14T07:26:16.611+0000] {subprocess.py:106} INFO - 26/05/14 07:26:16 INFO StandaloneSchedulerBackend$StandaloneDriverEndpoint: Asking each executor to shut down
[2026-05-14T07:26:16.642+0000] {subprocess.py:106} INFO - 26/05/14 07:26:16 INFO MapOutputTrackerMasterEndpoint: MapOutputTrackerMasterEndpoint stopped!
[2026-05-14T07:26:16.669+0000] {subprocess.py:106} INFO - 26/05/14 07:26:16 INFO MemoryStore: MemoryStore cleared
[2026-05-14T07:26:16.669+0000] {subprocess.py:106} INFO - 26/05/14 07:26:16 INFO BlockManager: BlockManager stopped
[2026-05-14T07:26:16.674+0000] {subprocess.py:106} INFO - 26/05/14 07:26:16 INFO BlockManagerMaster: BlockManagerMaster stopped
[2026-05-14T07:26:16.681+0000] {subprocess.py:106} INFO - 26/05/14 07:26:16 INFO OutputCommitCoordinator$OutputCommitCoordinatorEndpoint: OutputCommitCoordinator stopped!
[2026-05-14T07:26:16.749+0000] {subprocess.py:106} INFO - 26/05/14 07:26:16 INFO SparkContext: Successfully stopped SparkContext
[2026-05-14T07:26:17.054+0000] {subprocess.py:106} INFO - 26/05/14 07:26:17 INFO ShutdownHookManager: Shutdown hook called
[2026-05-14T07:26:17.054+0000] {subprocess.py:106} INFO - 26/05/14 07:26:17 INFO ShutdownHookManager: Deleting directory /tmp/spark-ad482ff1-ac1a-45b9-a14e-147092ddc1b7
[2026-05-14T07:26:17.057+0000] {subprocess.py:106} INFO - 26/05/14 07:26:17 INFO ShutdownHookManager: Deleting directory /tmp/spark-be181cec-ae78-42a8-9ec5-97aa895acadc
[2026-05-14T07:26:17.060+0000] {subprocess.py:106} INFO - 26/05/14 07:26:17 INFO ShutdownHookManager: Deleting directory /tmp/spark-ad482ff1-ac1a-45b9-a14e-147092ddc1b7/pyspark-b8c4fd08-d8fb-4222-abe3-8a0640926ad0
[2026-05-14T07:26:17.068+0000] {subprocess.py:106} INFO - 26/05/14 07:26:17 INFO MetricsSystemImpl: Stopping s3a-file-system metrics system...
[2026-05-14T07:26:17.069+0000] {subprocess.py:106} INFO - 26/05/14 07:26:17 INFO MetricsSystemImpl: s3a-file-system metrics system stopped.
[2026-05-14T07:26:17.070+0000] {subprocess.py:106} INFO - 26/05/14 07:26:17 INFO MetricsSystemImpl: s3a-file-system metrics system shutdown complete.
[2026-05-14T07:26:17.167+0000] {subprocess.py:110} INFO - Command exited with return code 0
[2026-05-14T07:26:17.259+0000] {taskinstance.py:341} INFO - ::group::Post task execution logs
[2026-05-14T07:26:17.260+0000] {taskinstance.py:353} INFO - Marking task as SUCCESS. dag_id=crawl_etl_itjob, task_id=clean_silver, run_id=scheduled__2026-05-12T02:00:00+00:00, execution_date=20260512T020000, start_date=20260514T072536, end_date=20260514T072617
[2026-05-14T07:26:19.341+0000] {job.py:229} INFO - Heartbeat recovered after 14.25 seconds
[2026-05-14T07:26:19.362+0000] {local_task_job_runner.py:266} INFO - Task exited with return code 0
[2026-05-14T07:26:19.392+0000] {taskinstance.py:3901} INFO - 0 downstream tasks scheduled from follow-on schedule check
[2026-05-14T07:26:19.394+0000] {local_task_job_runner.py:245} INFO - ::endgroup::
