[2026-05-05T06:23:17.087+0000] {processor.py:186} INFO - Started process (PID=40) to work on /opt/airflow/dags/etl_datalake_dag.py
[2026-05-05T06:23:17.092+0000] {processor.py:914} INFO - Processing file /opt/airflow/dags/etl_datalake_dag.py for tasks to queue
[2026-05-05T06:23:17.098+0000] {logging_mixin.py:190} INFO - [2026-05-05T06:23:17.098+0000] {dagbag.py:588} INFO - Filling up the DagBag from /opt/airflow/dags/etl_datalake_dag.py
[2026-05-05T06:23:17.200+0000] {processor.py:925} INFO - DAG(s) 'etl_datalake_hive_iceberg' retrieved from /opt/airflow/dags/etl_datalake_dag.py
[2026-05-05T06:23:17.326+0000] {logging_mixin.py:190} INFO - [2026-05-05T06:23:17.326+0000] {dag.py:3239} INFO - Sync 1 DAGs
[2026-05-05T06:23:17.447+0000] {logging_mixin.py:190} INFO - [2026-05-05T06:23:17.447+0000] {dag.py:4180} INFO - Setting next_dagrun for etl_datalake_hive_iceberg to 2026-05-04T00:00:00+00:00, run_after=2026-05-05T00:00:00+00:00
[2026-05-05T06:23:17.601+0000] {processor.py:208} INFO - Processing /opt/airflow/dags/etl_datalake_dag.py took 0.535 seconds
[2026-05-05T06:23:47.955+0000] {processor.py:186} INFO - Started process (PID=44) to work on /opt/airflow/dags/etl_datalake_dag.py
[2026-05-05T06:23:47.957+0000] {processor.py:914} INFO - Processing file /opt/airflow/dags/etl_datalake_dag.py for tasks to queue
[2026-05-05T06:23:47.959+0000] {logging_mixin.py:190} INFO - [2026-05-05T06:23:47.958+0000] {dagbag.py:588} INFO - Filling up the DagBag from /opt/airflow/dags/etl_datalake_dag.py
[2026-05-05T06:23:47.996+0000] {processor.py:925} INFO - DAG(s) 'etl_datalake_hive_iceberg' retrieved from /opt/airflow/dags/etl_datalake_dag.py
[2026-05-05T06:23:48.104+0000] {logging_mixin.py:190} INFO - [2026-05-05T06:23:48.103+0000] {dag.py:3239} INFO - Sync 1 DAGs
[2026-05-05T06:23:48.180+0000] {logging_mixin.py:190} INFO - [2026-05-05T06:23:48.179+0000] {dag.py:4180} INFO - Setting next_dagrun for etl_datalake_hive_iceberg to 2026-05-04T00:00:00+00:00, run_after=2026-05-05T00:00:00+00:00
[2026-05-05T06:23:48.231+0000] {processor.py:208} INFO - Processing /opt/airflow/dags/etl_datalake_dag.py took 0.298 seconds
[2026-05-05T06:24:18.640+0000] {processor.py:186} INFO - Started process (PID=48) to work on /opt/airflow/dags/etl_datalake_dag.py
[2026-05-05T06:24:18.641+0000] {processor.py:914} INFO - Processing file /opt/airflow/dags/etl_datalake_dag.py for tasks to queue
[2026-05-05T06:24:18.643+0000] {logging_mixin.py:190} INFO - [2026-05-05T06:24:18.643+0000] {dagbag.py:588} INFO - Filling up the DagBag from /opt/airflow/dags/etl_datalake_dag.py
[2026-05-05T06:24:18.674+0000] {processor.py:925} INFO - DAG(s) 'etl_datalake_hive_iceberg' retrieved from /opt/airflow/dags/etl_datalake_dag.py
[2026-05-05T06:24:18.730+0000] {logging_mixin.py:190} INFO - [2026-05-05T06:24:18.729+0000] {dag.py:3239} INFO - Sync 1 DAGs
[2026-05-05T06:24:18.804+0000] {logging_mixin.py:190} INFO - [2026-05-05T06:24:18.804+0000] {dag.py:4180} INFO - Setting next_dagrun for etl_datalake_hive_iceberg to 2026-05-04T00:00:00+00:00, run_after=2026-05-05T00:00:00+00:00
[2026-05-05T06:24:18.850+0000] {processor.py:208} INFO - Processing /opt/airflow/dags/etl_datalake_dag.py took 0.220 seconds
[2026-05-05T06:24:49.318+0000] {processor.py:186} INFO - Started process (PID=52) to work on /opt/airflow/dags/etl_datalake_dag.py
[2026-05-05T06:24:49.319+0000] {processor.py:914} INFO - Processing file /opt/airflow/dags/etl_datalake_dag.py for tasks to queue
[2026-05-05T06:24:49.322+0000] {logging_mixin.py:190} INFO - [2026-05-05T06:24:49.321+0000] {dagbag.py:588} INFO - Filling up the DagBag from /opt/airflow/dags/etl_datalake_dag.py
[2026-05-05T06:24:49.352+0000] {processor.py:925} INFO - DAG(s) 'etl_datalake_hive_iceberg' retrieved from /opt/airflow/dags/etl_datalake_dag.py
[2026-05-05T06:24:49.412+0000] {logging_mixin.py:190} INFO - [2026-05-05T06:24:49.411+0000] {dag.py:3239} INFO - Sync 1 DAGs
[2026-05-05T06:24:49.463+0000] {logging_mixin.py:190} INFO - [2026-05-05T06:24:49.462+0000] {dag.py:4180} INFO - Setting next_dagrun for etl_datalake_hive_iceberg to 2026-05-04T00:00:00+00:00, run_after=2026-05-05T00:00:00+00:00
[2026-05-05T06:24:49.509+0000] {processor.py:208} INFO - Processing /opt/airflow/dags/etl_datalake_dag.py took 0.200 seconds
[2026-05-05T06:25:19.700+0000] {processor.py:186} INFO - Started process (PID=56) to work on /opt/airflow/dags/etl_datalake_dag.py
[2026-05-05T06:25:19.701+0000] {processor.py:914} INFO - Processing file /opt/airflow/dags/etl_datalake_dag.py for tasks to queue
[2026-05-05T06:25:19.702+0000] {logging_mixin.py:190} INFO - [2026-05-05T06:25:19.702+0000] {dagbag.py:588} INFO - Filling up the DagBag from /opt/airflow/dags/etl_datalake_dag.py
[2026-05-05T06:25:19.725+0000] {processor.py:925} INFO - DAG(s) 'etl_datalake_hive_iceberg' retrieved from /opt/airflow/dags/etl_datalake_dag.py
[2026-05-05T06:25:19.776+0000] {logging_mixin.py:190} INFO - [2026-05-05T06:25:19.776+0000] {dag.py:3239} INFO - Sync 1 DAGs
[2026-05-05T06:25:19.815+0000] {logging_mixin.py:190} INFO - [2026-05-05T06:25:19.815+0000] {dag.py:4180} INFO - Setting next_dagrun for etl_datalake_hive_iceberg to 2026-05-04T00:00:00+00:00, run_after=2026-05-05T00:00:00+00:00
[2026-05-05T06:25:19.846+0000] {processor.py:208} INFO - Processing /opt/airflow/dags/etl_datalake_dag.py took 0.154 seconds
[2026-05-05T06:25:50.429+0000] {processor.py:186} INFO - Started process (PID=60) to work on /opt/airflow/dags/etl_datalake_dag.py
[2026-05-05T06:25:50.430+0000] {processor.py:914} INFO - Processing file /opt/airflow/dags/etl_datalake_dag.py for tasks to queue
[2026-05-05T06:25:50.432+0000] {logging_mixin.py:190} INFO - [2026-05-05T06:25:50.431+0000] {dagbag.py:588} INFO - Filling up the DagBag from /opt/airflow/dags/etl_datalake_dag.py
[2026-05-05T06:25:50.456+0000] {processor.py:925} INFO - DAG(s) 'etl_datalake_hive_iceberg' retrieved from /opt/airflow/dags/etl_datalake_dag.py
[2026-05-05T06:25:50.509+0000] {logging_mixin.py:190} INFO - [2026-05-05T06:25:50.509+0000] {dag.py:3239} INFO - Sync 1 DAGs
[2026-05-05T06:25:50.545+0000] {logging_mixin.py:190} INFO - [2026-05-05T06:25:50.544+0000] {dag.py:4180} INFO - Setting next_dagrun for etl_datalake_hive_iceberg to 2026-05-04T00:00:00+00:00, run_after=2026-05-05T00:00:00+00:00
[2026-05-05T06:25:50.573+0000] {processor.py:208} INFO - Processing /opt/airflow/dags/etl_datalake_dag.py took 0.151 seconds
[2026-05-05T06:26:20.938+0000] {processor.py:186} INFO - Started process (PID=64) to work on /opt/airflow/dags/etl_datalake_dag.py
[2026-05-05T06:26:20.939+0000] {processor.py:914} INFO - Processing file /opt/airflow/dags/etl_datalake_dag.py for tasks to queue
[2026-05-05T06:26:20.940+0000] {logging_mixin.py:190} INFO - [2026-05-05T06:26:20.940+0000] {dagbag.py:588} INFO - Filling up the DagBag from /opt/airflow/dags/etl_datalake_dag.py
[2026-05-05T06:26:20.967+0000] {processor.py:925} INFO - DAG(s) 'etl_datalake_hive_iceberg' retrieved from /opt/airflow/dags/etl_datalake_dag.py
[2026-05-05T06:26:21.025+0000] {logging_mixin.py:190} INFO - [2026-05-05T06:26:21.025+0000] {dag.py:3239} INFO - Sync 1 DAGs
[2026-05-05T06:26:21.081+0000] {logging_mixin.py:190} INFO - [2026-05-05T06:26:21.080+0000] {dag.py:4180} INFO - Setting next_dagrun for etl_datalake_hive_iceberg to 2026-05-04T00:00:00+00:00, run_after=2026-05-05T00:00:00+00:00
[2026-05-05T06:26:21.132+0000] {processor.py:208} INFO - Processing /opt/airflow/dags/etl_datalake_dag.py took 0.206 seconds
[2026-05-05T06:26:51.233+0000] {processor.py:186} INFO - Started process (PID=68) to work on /opt/airflow/dags/etl_datalake_dag.py
[2026-05-05T06:26:51.234+0000] {processor.py:914} INFO - Processing file /opt/airflow/dags/etl_datalake_dag.py for tasks to queue
[2026-05-05T06:26:51.235+0000] {logging_mixin.py:190} INFO - [2026-05-05T06:26:51.235+0000] {dagbag.py:588} INFO - Filling up the DagBag from /opt/airflow/dags/etl_datalake_dag.py
[2026-05-05T06:26:51.266+0000] {processor.py:925} INFO - DAG(s) 'etl_datalake_hive_iceberg' retrieved from /opt/airflow/dags/etl_datalake_dag.py
[2026-05-05T06:26:51.346+0000] {logging_mixin.py:190} INFO - [2026-05-05T06:26:51.346+0000] {dag.py:3239} INFO - Sync 1 DAGs
[2026-05-05T06:26:51.388+0000] {logging_mixin.py:190} INFO - [2026-05-05T06:26:51.387+0000] {dag.py:4180} INFO - Setting next_dagrun for etl_datalake_hive_iceberg to 2026-05-04T00:00:00+00:00, run_after=2026-05-05T00:00:00+00:00
[2026-05-05T06:26:51.418+0000] {processor.py:208} INFO - Processing /opt/airflow/dags/etl_datalake_dag.py took 0.193 seconds
[2026-05-05T06:27:21.960+0000] {processor.py:186} INFO - Started process (PID=72) to work on /opt/airflow/dags/etl_datalake_dag.py
[2026-05-05T06:27:21.961+0000] {processor.py:914} INFO - Processing file /opt/airflow/dags/etl_datalake_dag.py for tasks to queue
[2026-05-05T06:27:21.963+0000] {logging_mixin.py:190} INFO - [2026-05-05T06:27:21.963+0000] {dagbag.py:588} INFO - Filling up the DagBag from /opt/airflow/dags/etl_datalake_dag.py
[2026-05-05T06:27:21.993+0000] {processor.py:925} INFO - DAG(s) 'etl_datalake_hive_iceberg' retrieved from /opt/airflow/dags/etl_datalake_dag.py
[2026-05-05T06:27:22.059+0000] {logging_mixin.py:190} INFO - [2026-05-05T06:27:22.058+0000] {dag.py:3239} INFO - Sync 1 DAGs
[2026-05-05T06:27:22.131+0000] {logging_mixin.py:190} INFO - [2026-05-05T06:27:22.131+0000] {dag.py:4180} INFO - Setting next_dagrun for etl_datalake_hive_iceberg to 2026-05-04T00:00:00+00:00, run_after=2026-05-05T00:00:00+00:00
[2026-05-05T06:27:22.186+0000] {processor.py:208} INFO - Processing /opt/airflow/dags/etl_datalake_dag.py took 0.237 seconds
[2026-05-05T06:27:52.746+0000] {processor.py:186} INFO - Started process (PID=76) to work on /opt/airflow/dags/etl_datalake_dag.py
[2026-05-05T06:27:52.747+0000] {processor.py:914} INFO - Processing file /opt/airflow/dags/etl_datalake_dag.py for tasks to queue
[2026-05-05T06:27:52.748+0000] {logging_mixin.py:190} INFO - [2026-05-05T06:27:52.748+0000] {dagbag.py:588} INFO - Filling up the DagBag from /opt/airflow/dags/etl_datalake_dag.py
[2026-05-05T06:27:52.768+0000] {processor.py:925} INFO - DAG(s) 'etl_datalake_hive_iceberg' retrieved from /opt/airflow/dags/etl_datalake_dag.py
[2026-05-05T06:27:52.812+0000] {logging_mixin.py:190} INFO - [2026-05-05T06:27:52.811+0000] {dag.py:3239} INFO - Sync 1 DAGs
[2026-05-05T06:27:52.860+0000] {logging_mixin.py:190} INFO - [2026-05-05T06:27:52.860+0000] {dag.py:4180} INFO - Setting next_dagrun for etl_datalake_hive_iceberg to 2026-05-04T00:00:00+00:00, run_after=2026-05-05T00:00:00+00:00
[2026-05-05T06:27:52.941+0000] {processor.py:208} INFO - Processing /opt/airflow/dags/etl_datalake_dag.py took 0.202 seconds
[2026-05-05T06:28:23.184+0000] {processor.py:186} INFO - Started process (PID=80) to work on /opt/airflow/dags/etl_datalake_dag.py
[2026-05-05T06:28:23.185+0000] {processor.py:914} INFO - Processing file /opt/airflow/dags/etl_datalake_dag.py for tasks to queue
[2026-05-05T06:28:23.187+0000] {logging_mixin.py:190} INFO - [2026-05-05T06:28:23.186+0000] {dagbag.py:588} INFO - Filling up the DagBag from /opt/airflow/dags/etl_datalake_dag.py
[2026-05-05T06:28:23.207+0000] {processor.py:925} INFO - DAG(s) 'etl_datalake_hive_iceberg' retrieved from /opt/airflow/dags/etl_datalake_dag.py
[2026-05-05T06:28:23.247+0000] {logging_mixin.py:190} INFO - [2026-05-05T06:28:23.247+0000] {dag.py:3239} INFO - Sync 1 DAGs
[2026-05-05T06:28:23.277+0000] {logging_mixin.py:190} INFO - [2026-05-05T06:28:23.277+0000] {dag.py:4180} INFO - Setting next_dagrun for etl_datalake_hive_iceberg to 2026-05-04T00:00:00+00:00, run_after=2026-05-05T00:00:00+00:00
[2026-05-05T06:28:23.300+0000] {processor.py:208} INFO - Processing /opt/airflow/dags/etl_datalake_dag.py took 0.122 seconds
[2026-05-05T06:28:53.910+0000] {processor.py:186} INFO - Started process (PID=84) to work on /opt/airflow/dags/etl_datalake_dag.py
[2026-05-05T06:28:53.912+0000] {processor.py:914} INFO - Processing file /opt/airflow/dags/etl_datalake_dag.py for tasks to queue
[2026-05-05T06:28:53.916+0000] {logging_mixin.py:190} INFO - [2026-05-05T06:28:53.915+0000] {dagbag.py:588} INFO - Filling up the DagBag from /opt/airflow/dags/etl_datalake_dag.py
[2026-05-05T06:28:53.973+0000] {processor.py:925} INFO - DAG(s) 'etl_datalake_hive_iceberg' retrieved from /opt/airflow/dags/etl_datalake_dag.py
[2026-05-05T06:28:54.158+0000] {logging_mixin.py:190} INFO - [2026-05-05T06:28:54.157+0000] {dag.py:3239} INFO - Sync 1 DAGs
[2026-05-05T06:28:54.259+0000] {logging_mixin.py:190} INFO - [2026-05-05T06:28:54.258+0000] {dag.py:4180} INFO - Setting next_dagrun for etl_datalake_hive_iceberg to 2026-05-04T00:00:00+00:00, run_after=2026-05-05T00:00:00+00:00
[2026-05-05T06:28:54.333+0000] {processor.py:208} INFO - Processing /opt/airflow/dags/etl_datalake_dag.py took 0.435 seconds
[2026-05-05T06:29:24.768+0000] {processor.py:186} INFO - Started process (PID=88) to work on /opt/airflow/dags/etl_datalake_dag.py
[2026-05-05T06:29:24.771+0000] {processor.py:914} INFO - Processing file /opt/airflow/dags/etl_datalake_dag.py for tasks to queue
[2026-05-05T06:29:24.773+0000] {logging_mixin.py:190} INFO - [2026-05-05T06:29:24.773+0000] {dagbag.py:588} INFO - Filling up the DagBag from /opt/airflow/dags/etl_datalake_dag.py
[2026-05-05T06:29:24.832+0000] {processor.py:925} INFO - DAG(s) 'etl_datalake_hive_iceberg' retrieved from /opt/airflow/dags/etl_datalake_dag.py
[2026-05-05T06:29:24.948+0000] {logging_mixin.py:190} INFO - [2026-05-05T06:29:24.948+0000] {dag.py:3239} INFO - Sync 1 DAGs
[2026-05-05T06:29:25.066+0000] {logging_mixin.py:190} INFO - [2026-05-05T06:29:25.065+0000] {dag.py:4180} INFO - Setting next_dagrun for etl_datalake_hive_iceberg to 2026-05-04T00:00:00+00:00, run_after=2026-05-05T00:00:00+00:00
[2026-05-05T06:29:25.129+0000] {processor.py:208} INFO - Processing /opt/airflow/dags/etl_datalake_dag.py took 0.376 seconds
[2026-05-05T06:29:58.972+0000] {processor.py:186} INFO - Started process (PID=92) to work on /opt/airflow/dags/etl_datalake_dag.py
[2026-05-05T06:29:58.973+0000] {processor.py:914} INFO - Processing file /opt/airflow/dags/etl_datalake_dag.py for tasks to queue
[2026-05-05T06:29:58.976+0000] {logging_mixin.py:190} INFO - [2026-05-05T06:29:58.975+0000] {dagbag.py:588} INFO - Filling up the DagBag from /opt/airflow/dags/etl_datalake_dag.py
[2026-05-05T06:29:58.997+0000] {processor.py:925} INFO - DAG(s) 'etl_datalake_hive_iceberg' retrieved from /opt/airflow/dags/etl_datalake_dag.py
[2026-05-05T06:29:59.035+0000] {logging_mixin.py:190} INFO - [2026-05-05T06:29:59.035+0000] {dag.py:3239} INFO - Sync 1 DAGs
[2026-05-05T06:29:59.068+0000] {logging_mixin.py:190} INFO - [2026-05-05T06:29:59.067+0000] {dag.py:4180} INFO - Setting next_dagrun for etl_datalake_hive_iceberg to 2026-05-04T00:00:00+00:00, run_after=2026-05-05T00:00:00+00:00
[2026-05-05T06:29:59.096+0000] {processor.py:208} INFO - Processing /opt/airflow/dags/etl_datalake_dag.py took 0.131 seconds
[2026-05-05T06:30:29.909+0000] {processor.py:186} INFO - Started process (PID=96) to work on /opt/airflow/dags/etl_datalake_dag.py
[2026-05-05T06:30:29.910+0000] {processor.py:914} INFO - Processing file /opt/airflow/dags/etl_datalake_dag.py for tasks to queue
[2026-05-05T06:30:29.912+0000] {logging_mixin.py:190} INFO - [2026-05-05T06:30:29.911+0000] {dagbag.py:588} INFO - Filling up the DagBag from /opt/airflow/dags/etl_datalake_dag.py
[2026-05-05T06:30:29.942+0000] {processor.py:925} INFO - DAG(s) 'etl_datalake_hive_iceberg' retrieved from /opt/airflow/dags/etl_datalake_dag.py
[2026-05-05T06:30:30.014+0000] {logging_mixin.py:190} INFO - [2026-05-05T06:30:30.014+0000] {dag.py:3239} INFO - Sync 1 DAGs
[2026-05-05T06:30:30.077+0000] {logging_mixin.py:190} INFO - [2026-05-05T06:30:30.076+0000] {dag.py:4180} INFO - Setting next_dagrun for etl_datalake_hive_iceberg to 2026-05-04T00:00:00+00:00, run_after=2026-05-05T00:00:00+00:00
[2026-05-05T06:30:30.127+0000] {processor.py:208} INFO - Processing /opt/airflow/dags/etl_datalake_dag.py took 0.228 seconds
[2026-05-05T06:31:00.461+0000] {processor.py:186} INFO - Started process (PID=100) to work on /opt/airflow/dags/etl_datalake_dag.py
[2026-05-05T06:31:00.462+0000] {processor.py:914} INFO - Processing file /opt/airflow/dags/etl_datalake_dag.py for tasks to queue
[2026-05-05T06:31:00.463+0000] {logging_mixin.py:190} INFO - [2026-05-05T06:31:00.463+0000] {dagbag.py:588} INFO - Filling up the DagBag from /opt/airflow/dags/etl_datalake_dag.py
[2026-05-05T06:31:00.490+0000] {processor.py:925} INFO - DAG(s) 'etl_datalake_hive_iceberg' retrieved from /opt/airflow/dags/etl_datalake_dag.py
[2026-05-05T06:31:00.553+0000] {logging_mixin.py:190} INFO - [2026-05-05T06:31:00.553+0000] {dag.py:3239} INFO - Sync 1 DAGs
[2026-05-05T06:31:00.605+0000] {logging_mixin.py:190} INFO - [2026-05-05T06:31:00.604+0000] {dag.py:4180} INFO - Setting next_dagrun for etl_datalake_hive_iceberg to 2026-05-04T00:00:00+00:00, run_after=2026-05-05T00:00:00+00:00
[2026-05-05T06:31:00.639+0000] {processor.py:208} INFO - Processing /opt/airflow/dags/etl_datalake_dag.py took 0.187 seconds
[2026-05-05T06:31:31.383+0000] {processor.py:186} INFO - Started process (PID=104) to work on /opt/airflow/dags/etl_datalake_dag.py
[2026-05-05T06:31:31.384+0000] {processor.py:914} INFO - Processing file /opt/airflow/dags/etl_datalake_dag.py for tasks to queue
[2026-05-05T06:31:31.387+0000] {logging_mixin.py:190} INFO - [2026-05-05T06:31:31.387+0000] {dagbag.py:588} INFO - Filling up the DagBag from /opt/airflow/dags/etl_datalake_dag.py
[2026-05-05T06:31:31.415+0000] {processor.py:925} INFO - DAG(s) 'etl_datalake_hive_iceberg' retrieved from /opt/airflow/dags/etl_datalake_dag.py
[2026-05-05T06:31:31.480+0000] {logging_mixin.py:190} INFO - [2026-05-05T06:31:31.479+0000] {dag.py:3239} INFO - Sync 1 DAGs
[2026-05-05T06:31:31.526+0000] {logging_mixin.py:190} INFO - [2026-05-05T06:31:31.526+0000] {dag.py:4180} INFO - Setting next_dagrun for etl_datalake_hive_iceberg to 2026-05-04T00:00:00+00:00, run_after=2026-05-05T00:00:00+00:00
[2026-05-05T06:31:31.566+0000] {processor.py:208} INFO - Processing /opt/airflow/dags/etl_datalake_dag.py took 0.190 seconds
[2026-05-05T06:32:01.892+0000] {processor.py:186} INFO - Started process (PID=108) to work on /opt/airflow/dags/etl_datalake_dag.py
[2026-05-05T06:32:01.893+0000] {processor.py:914} INFO - Processing file /opt/airflow/dags/etl_datalake_dag.py for tasks to queue
[2026-05-05T06:32:01.895+0000] {logging_mixin.py:190} INFO - [2026-05-05T06:32:01.895+0000] {dagbag.py:588} INFO - Filling up the DagBag from /opt/airflow/dags/etl_datalake_dag.py
[2026-05-05T06:32:01.926+0000] {processor.py:925} INFO - DAG(s) 'etl_datalake_hive_iceberg' retrieved from /opt/airflow/dags/etl_datalake_dag.py
[2026-05-05T06:32:02.017+0000] {logging_mixin.py:190} INFO - [2026-05-05T06:32:02.017+0000] {dag.py:3239} INFO - Sync 1 DAGs
[2026-05-05T06:32:02.072+0000] {logging_mixin.py:190} INFO - [2026-05-05T06:32:02.072+0000] {dag.py:4180} INFO - Setting next_dagrun for etl_datalake_hive_iceberg to 2026-05-04T00:00:00+00:00, run_after=2026-05-05T00:00:00+00:00
[2026-05-05T06:32:02.125+0000] {processor.py:208} INFO - Processing /opt/airflow/dags/etl_datalake_dag.py took 0.241 seconds
[2026-05-05T06:32:32.593+0000] {processor.py:186} INFO - Started process (PID=112) to work on /opt/airflow/dags/etl_datalake_dag.py
[2026-05-05T06:32:32.594+0000] {processor.py:914} INFO - Processing file /opt/airflow/dags/etl_datalake_dag.py for tasks to queue
[2026-05-05T06:32:32.596+0000] {logging_mixin.py:190} INFO - [2026-05-05T06:32:32.596+0000] {dagbag.py:588} INFO - Filling up the DagBag from /opt/airflow/dags/etl_datalake_dag.py
[2026-05-05T06:32:32.618+0000] {processor.py:925} INFO - DAG(s) 'etl_datalake_hive_iceberg' retrieved from /opt/airflow/dags/etl_datalake_dag.py
[2026-05-05T06:32:32.668+0000] {logging_mixin.py:190} INFO - [2026-05-05T06:32:32.668+0000] {dag.py:3239} INFO - Sync 1 DAGs
[2026-05-05T06:32:32.707+0000] {logging_mixin.py:190} INFO - [2026-05-05T06:32:32.707+0000] {dag.py:4180} INFO - Setting next_dagrun for etl_datalake_hive_iceberg to 2026-05-04T00:00:00+00:00, run_after=2026-05-05T00:00:00+00:00
[2026-05-05T06:32:32.740+0000] {processor.py:208} INFO - Processing /opt/airflow/dags/etl_datalake_dag.py took 0.154 seconds
[2026-05-05T06:33:03.017+0000] {processor.py:186} INFO - Started process (PID=116) to work on /opt/airflow/dags/etl_datalake_dag.py
[2026-05-05T06:33:03.018+0000] {processor.py:914} INFO - Processing file /opt/airflow/dags/etl_datalake_dag.py for tasks to queue
[2026-05-05T06:33:03.022+0000] {logging_mixin.py:190} INFO - [2026-05-05T06:33:03.021+0000] {dagbag.py:588} INFO - Filling up the DagBag from /opt/airflow/dags/etl_datalake_dag.py
[2026-05-05T06:33:03.056+0000] {processor.py:925} INFO - DAG(s) 'etl_datalake_hive_iceberg' retrieved from /opt/airflow/dags/etl_datalake_dag.py
[2026-05-05T06:33:03.121+0000] {logging_mixin.py:190} INFO - [2026-05-05T06:33:03.121+0000] {dag.py:3239} INFO - Sync 1 DAGs
[2026-05-05T06:33:03.206+0000] {logging_mixin.py:190} INFO - [2026-05-05T06:33:03.206+0000] {dag.py:4180} INFO - Setting next_dagrun for etl_datalake_hive_iceberg to 2026-05-04T00:00:00+00:00, run_after=2026-05-05T00:00:00+00:00
[2026-05-05T06:33:03.257+0000] {processor.py:208} INFO - Processing /opt/airflow/dags/etl_datalake_dag.py took 0.250 seconds
[2026-05-05T06:33:33.641+0000] {processor.py:186} INFO - Started process (PID=120) to work on /opt/airflow/dags/etl_datalake_dag.py
[2026-05-05T06:33:33.643+0000] {processor.py:914} INFO - Processing file /opt/airflow/dags/etl_datalake_dag.py for tasks to queue
[2026-05-05T06:33:33.647+0000] {logging_mixin.py:190} INFO - [2026-05-05T06:33:33.647+0000] {dagbag.py:588} INFO - Filling up the DagBag from /opt/airflow/dags/etl_datalake_dag.py
[2026-05-05T06:33:33.676+0000] {processor.py:925} INFO - DAG(s) 'etl_datalake_hive_iceberg' retrieved from /opt/airflow/dags/etl_datalake_dag.py
[2026-05-05T06:33:33.725+0000] {logging_mixin.py:190} INFO - [2026-05-05T06:33:33.725+0000] {dag.py:3239} INFO - Sync 1 DAGs
[2026-05-05T06:33:33.764+0000] {logging_mixin.py:190} INFO - [2026-05-05T06:33:33.763+0000] {dag.py:4180} INFO - Setting next_dagrun for etl_datalake_hive_iceberg to 2026-05-04T00:00:00+00:00, run_after=2026-05-05T00:00:00+00:00
[2026-05-05T06:33:33.811+0000] {processor.py:208} INFO - Processing /opt/airflow/dags/etl_datalake_dag.py took 0.178 seconds
[2026-05-05T06:34:04.483+0000] {processor.py:186} INFO - Started process (PID=124) to work on /opt/airflow/dags/etl_datalake_dag.py
[2026-05-05T06:34:04.484+0000] {processor.py:914} INFO - Processing file /opt/airflow/dags/etl_datalake_dag.py for tasks to queue
[2026-05-05T06:34:04.487+0000] {logging_mixin.py:190} INFO - [2026-05-05T06:34:04.487+0000] {dagbag.py:588} INFO - Filling up the DagBag from /opt/airflow/dags/etl_datalake_dag.py
[2026-05-05T06:34:04.523+0000] {processor.py:925} INFO - DAG(s) 'etl_datalake_hive_iceberg' retrieved from /opt/airflow/dags/etl_datalake_dag.py
[2026-05-05T06:34:04.577+0000] {logging_mixin.py:190} INFO - [2026-05-05T06:34:04.577+0000] {dag.py:3239} INFO - Sync 1 DAGs
[2026-05-05T06:34:04.630+0000] {logging_mixin.py:190} INFO - [2026-05-05T06:34:04.629+0000] {dag.py:4180} INFO - Setting next_dagrun for etl_datalake_hive_iceberg to 2026-05-04T00:00:00+00:00, run_after=2026-05-05T00:00:00+00:00
[2026-05-05T06:34:04.663+0000] {processor.py:208} INFO - Processing /opt/airflow/dags/etl_datalake_dag.py took 0.191 seconds
[2026-05-05T06:34:34.861+0000] {processor.py:186} INFO - Started process (PID=128) to work on /opt/airflow/dags/etl_datalake_dag.py
[2026-05-05T06:34:34.868+0000] {processor.py:914} INFO - Processing file /opt/airflow/dags/etl_datalake_dag.py for tasks to queue
[2026-05-05T06:34:34.873+0000] {logging_mixin.py:190} INFO - [2026-05-05T06:34:34.872+0000] {dagbag.py:588} INFO - Filling up the DagBag from /opt/airflow/dags/etl_datalake_dag.py
[2026-05-05T06:34:34.919+0000] {processor.py:925} INFO - DAG(s) 'etl_datalake_hive_iceberg' retrieved from /opt/airflow/dags/etl_datalake_dag.py
[2026-05-05T06:34:35.000+0000] {logging_mixin.py:190} INFO - [2026-05-05T06:34:35.000+0000] {dag.py:3239} INFO - Sync 1 DAGs
[2026-05-05T06:34:35.072+0000] {logging_mixin.py:190} INFO - [2026-05-05T06:34:35.072+0000] {dag.py:4180} INFO - Setting next_dagrun for etl_datalake_hive_iceberg to 2026-05-04T00:00:00+00:00, run_after=2026-05-05T00:00:00+00:00
[2026-05-05T06:34:35.118+0000] {processor.py:208} INFO - Processing /opt/airflow/dags/etl_datalake_dag.py took 0.274 seconds
[2026-05-05T06:35:05.396+0000] {processor.py:186} INFO - Started process (PID=132) to work on /opt/airflow/dags/etl_datalake_dag.py
[2026-05-05T06:35:05.398+0000] {processor.py:914} INFO - Processing file /opt/airflow/dags/etl_datalake_dag.py for tasks to queue
[2026-05-05T06:35:05.399+0000] {logging_mixin.py:190} INFO - [2026-05-05T06:35:05.399+0000] {dagbag.py:588} INFO - Filling up the DagBag from /opt/airflow/dags/etl_datalake_dag.py
[2026-05-05T06:35:05.438+0000] {processor.py:925} INFO - DAG(s) 'etl_datalake_hive_iceberg' retrieved from /opt/airflow/dags/etl_datalake_dag.py
[2026-05-05T06:35:05.527+0000] {logging_mixin.py:190} INFO - [2026-05-05T06:35:05.526+0000] {dag.py:3239} INFO - Sync 1 DAGs
[2026-05-05T06:35:05.583+0000] {logging_mixin.py:190} INFO - [2026-05-05T06:35:05.583+0000] {dag.py:4180} INFO - Setting next_dagrun for etl_datalake_hive_iceberg to 2026-05-04T00:00:00+00:00, run_after=2026-05-05T00:00:00+00:00
[2026-05-05T06:35:05.638+0000] {processor.py:208} INFO - Processing /opt/airflow/dags/etl_datalake_dag.py took 0.253 seconds
[2026-05-05T06:35:36.505+0000] {processor.py:186} INFO - Started process (PID=136) to work on /opt/airflow/dags/etl_datalake_dag.py
[2026-05-05T06:35:36.506+0000] {processor.py:914} INFO - Processing file /opt/airflow/dags/etl_datalake_dag.py for tasks to queue
[2026-05-05T06:35:36.508+0000] {logging_mixin.py:190} INFO - [2026-05-05T06:35:36.508+0000] {dagbag.py:588} INFO - Filling up the DagBag from /opt/airflow/dags/etl_datalake_dag.py
[2026-05-05T06:35:36.543+0000] {processor.py:925} INFO - DAG(s) 'etl_datalake_hive_iceberg' retrieved from /opt/airflow/dags/etl_datalake_dag.py
[2026-05-05T06:35:36.617+0000] {logging_mixin.py:190} INFO - [2026-05-05T06:35:36.617+0000] {dag.py:3239} INFO - Sync 1 DAGs
[2026-05-05T06:35:36.670+0000] {logging_mixin.py:190} INFO - [2026-05-05T06:35:36.670+0000] {dag.py:4180} INFO - Setting next_dagrun for etl_datalake_hive_iceberg to 2026-05-04T00:00:00+00:00, run_after=2026-05-05T00:00:00+00:00
[2026-05-05T06:35:36.715+0000] {processor.py:208} INFO - Processing /opt/airflow/dags/etl_datalake_dag.py took 0.218 seconds
[2026-05-05T06:36:07.262+0000] {processor.py:186} INFO - Started process (PID=140) to work on /opt/airflow/dags/etl_datalake_dag.py
[2026-05-05T06:36:07.263+0000] {processor.py:914} INFO - Processing file /opt/airflow/dags/etl_datalake_dag.py for tasks to queue
[2026-05-05T06:36:07.265+0000] {logging_mixin.py:190} INFO - [2026-05-05T06:36:07.265+0000] {dagbag.py:588} INFO - Filling up the DagBag from /opt/airflow/dags/etl_datalake_dag.py
[2026-05-05T06:36:07.297+0000] {processor.py:925} INFO - DAG(s) 'etl_datalake_hive_iceberg' retrieved from /opt/airflow/dags/etl_datalake_dag.py
[2026-05-05T06:36:07.352+0000] {logging_mixin.py:190} INFO - [2026-05-05T06:36:07.352+0000] {dag.py:3239} INFO - Sync 1 DAGs
[2026-05-05T06:36:07.405+0000] {logging_mixin.py:190} INFO - [2026-05-05T06:36:07.404+0000] {dag.py:4180} INFO - Setting next_dagrun for etl_datalake_hive_iceberg to 2026-05-04T00:00:00+00:00, run_after=2026-05-05T00:00:00+00:00
[2026-05-05T06:36:07.449+0000] {processor.py:208} INFO - Processing /opt/airflow/dags/etl_datalake_dag.py took 0.197 seconds
[2026-05-05T06:36:37.648+0000] {processor.py:186} INFO - Started process (PID=144) to work on /opt/airflow/dags/etl_datalake_dag.py
[2026-05-05T06:36:37.649+0000] {processor.py:914} INFO - Processing file /opt/airflow/dags/etl_datalake_dag.py for tasks to queue
[2026-05-05T06:36:37.651+0000] {logging_mixin.py:190} INFO - [2026-05-05T06:36:37.651+0000] {dagbag.py:588} INFO - Filling up the DagBag from /opt/airflow/dags/etl_datalake_dag.py
[2026-05-05T06:36:37.672+0000] {processor.py:925} INFO - DAG(s) 'etl_datalake_hive_iceberg' retrieved from /opt/airflow/dags/etl_datalake_dag.py
[2026-05-05T06:36:37.711+0000] {logging_mixin.py:190} INFO - [2026-05-05T06:36:37.711+0000] {dag.py:3239} INFO - Sync 1 DAGs
[2026-05-05T06:36:37.744+0000] {logging_mixin.py:190} INFO - [2026-05-05T06:36:37.744+0000] {dag.py:4180} INFO - Setting next_dagrun for etl_datalake_hive_iceberg to 2026-05-04T00:00:00+00:00, run_after=2026-05-05T00:00:00+00:00
[2026-05-05T06:36:37.771+0000] {processor.py:208} INFO - Processing /opt/airflow/dags/etl_datalake_dag.py took 0.131 seconds
[2026-05-05T06:37:08.583+0000] {processor.py:186} INFO - Started process (PID=148) to work on /opt/airflow/dags/etl_datalake_dag.py
[2026-05-05T06:37:08.586+0000] {processor.py:914} INFO - Processing file /opt/airflow/dags/etl_datalake_dag.py for tasks to queue
[2026-05-05T06:37:08.588+0000] {logging_mixin.py:190} INFO - [2026-05-05T06:37:08.587+0000] {dagbag.py:588} INFO - Filling up the DagBag from /opt/airflow/dags/etl_datalake_dag.py
[2026-05-05T06:37:08.624+0000] {processor.py:925} INFO - DAG(s) 'etl_datalake_hive_iceberg' retrieved from /opt/airflow/dags/etl_datalake_dag.py
[2026-05-05T06:37:08.692+0000] {logging_mixin.py:190} INFO - [2026-05-05T06:37:08.692+0000] {dag.py:3239} INFO - Sync 1 DAGs
[2026-05-05T06:37:08.751+0000] {logging_mixin.py:190} INFO - [2026-05-05T06:37:08.751+0000] {dag.py:4180} INFO - Setting next_dagrun for etl_datalake_hive_iceberg to 2026-05-04T00:00:00+00:00, run_after=2026-05-05T00:00:00+00:00
[2026-05-05T06:37:08.796+0000] {processor.py:208} INFO - Processing /opt/airflow/dags/etl_datalake_dag.py took 0.222 seconds
[2026-05-05T06:37:40.064+0000] {processor.py:186} INFO - Started process (PID=152) to work on /opt/airflow/dags/etl_datalake_dag.py
[2026-05-05T06:37:40.065+0000] {processor.py:914} INFO - Processing file /opt/airflow/dags/etl_datalake_dag.py for tasks to queue
[2026-05-05T06:37:40.067+0000] {logging_mixin.py:190} INFO - [2026-05-05T06:37:40.067+0000] {dagbag.py:588} INFO - Filling up the DagBag from /opt/airflow/dags/etl_datalake_dag.py
[2026-05-05T06:37:40.114+0000] {processor.py:925} INFO - DAG(s) 'etl_datalake_hive_iceberg' retrieved from /opt/airflow/dags/etl_datalake_dag.py
[2026-05-05T06:37:40.202+0000] {logging_mixin.py:190} INFO - [2026-05-05T06:37:40.202+0000] {dag.py:3239} INFO - Sync 1 DAGs
[2026-05-05T06:37:40.246+0000] {logging_mixin.py:190} INFO - [2026-05-05T06:37:40.246+0000] {dag.py:4180} INFO - Setting next_dagrun for etl_datalake_hive_iceberg to 2026-05-04T00:00:00+00:00, run_after=2026-05-05T00:00:00+00:00
[2026-05-05T06:37:40.287+0000] {processor.py:208} INFO - Processing /opt/airflow/dags/etl_datalake_dag.py took 0.235 seconds
[2026-05-05T06:38:10.707+0000] {processor.py:186} INFO - Started process (PID=156) to work on /opt/airflow/dags/etl_datalake_dag.py
[2026-05-05T06:38:10.709+0000] {processor.py:914} INFO - Processing file /opt/airflow/dags/etl_datalake_dag.py for tasks to queue
[2026-05-05T06:38:10.711+0000] {logging_mixin.py:190} INFO - [2026-05-05T06:38:10.711+0000] {dagbag.py:588} INFO - Filling up the DagBag from /opt/airflow/dags/etl_datalake_dag.py
[2026-05-05T06:38:10.750+0000] {processor.py:925} INFO - DAG(s) 'etl_datalake_hive_iceberg' retrieved from /opt/airflow/dags/etl_datalake_dag.py
[2026-05-05T06:38:10.826+0000] {logging_mixin.py:190} INFO - [2026-05-05T06:38:10.826+0000] {dag.py:3239} INFO - Sync 1 DAGs
[2026-05-05T06:38:10.882+0000] {logging_mixin.py:190} INFO - [2026-05-05T06:38:10.881+0000] {dag.py:4180} INFO - Setting next_dagrun for etl_datalake_hive_iceberg to 2026-05-04T00:00:00+00:00, run_after=2026-05-05T00:00:00+00:00
[2026-05-05T06:38:10.935+0000] {processor.py:208} INFO - Processing /opt/airflow/dags/etl_datalake_dag.py took 0.238 seconds
[2026-05-05T06:38:41.467+0000] {processor.py:186} INFO - Started process (PID=160) to work on /opt/airflow/dags/etl_datalake_dag.py
[2026-05-05T06:38:41.468+0000] {processor.py:914} INFO - Processing file /opt/airflow/dags/etl_datalake_dag.py for tasks to queue
[2026-05-05T06:38:41.469+0000] {logging_mixin.py:190} INFO - [2026-05-05T06:38:41.469+0000] {dagbag.py:588} INFO - Filling up the DagBag from /opt/airflow/dags/etl_datalake_dag.py
[2026-05-05T06:38:41.490+0000] {processor.py:925} INFO - DAG(s) 'etl_datalake_hive_iceberg' retrieved from /opt/airflow/dags/etl_datalake_dag.py
[2026-05-05T06:38:41.535+0000] {logging_mixin.py:190} INFO - [2026-05-05T06:38:41.534+0000] {dag.py:3239} INFO - Sync 1 DAGs
[2026-05-05T06:38:41.569+0000] {logging_mixin.py:190} INFO - [2026-05-05T06:38:41.569+0000] {dag.py:4180} INFO - Setting next_dagrun for etl_datalake_hive_iceberg to 2026-05-04T00:00:00+00:00, run_after=2026-05-05T00:00:00+00:00
[2026-05-05T06:38:41.604+0000] {processor.py:208} INFO - Processing /opt/airflow/dags/etl_datalake_dag.py took 0.144 seconds
[2026-05-05T06:39:12.260+0000] {processor.py:186} INFO - Started process (PID=164) to work on /opt/airflow/dags/etl_datalake_dag.py
[2026-05-05T06:39:12.261+0000] {processor.py:914} INFO - Processing file /opt/airflow/dags/etl_datalake_dag.py for tasks to queue
[2026-05-05T06:39:12.264+0000] {logging_mixin.py:190} INFO - [2026-05-05T06:39:12.263+0000] {dagbag.py:588} INFO - Filling up the DagBag from /opt/airflow/dags/etl_datalake_dag.py
[2026-05-05T06:39:12.285+0000] {processor.py:925} INFO - DAG(s) 'etl_datalake_hive_iceberg' retrieved from /opt/airflow/dags/etl_datalake_dag.py
[2026-05-05T06:39:12.325+0000] {logging_mixin.py:190} INFO - [2026-05-05T06:39:12.325+0000] {dag.py:3239} INFO - Sync 1 DAGs
[2026-05-05T06:39:12.359+0000] {logging_mixin.py:190} INFO - [2026-05-05T06:39:12.359+0000] {dag.py:4180} INFO - Setting next_dagrun for etl_datalake_hive_iceberg to 2026-05-04T00:00:00+00:00, run_after=2026-05-05T00:00:00+00:00
[2026-05-05T06:39:12.388+0000] {processor.py:208} INFO - Processing /opt/airflow/dags/etl_datalake_dag.py took 0.135 seconds
[2026-05-05T06:39:43.014+0000] {processor.py:186} INFO - Started process (PID=168) to work on /opt/airflow/dags/etl_datalake_dag.py
[2026-05-05T06:39:43.015+0000] {processor.py:914} INFO - Processing file /opt/airflow/dags/etl_datalake_dag.py for tasks to queue
[2026-05-05T06:39:43.016+0000] {logging_mixin.py:190} INFO - [2026-05-05T06:39:43.016+0000] {dagbag.py:588} INFO - Filling up the DagBag from /opt/airflow/dags/etl_datalake_dag.py
[2026-05-05T06:39:43.036+0000] {processor.py:925} INFO - DAG(s) 'etl_datalake_hive_iceberg' retrieved from /opt/airflow/dags/etl_datalake_dag.py
[2026-05-05T06:39:43.070+0000] {logging_mixin.py:190} INFO - [2026-05-05T06:39:43.070+0000] {dag.py:3239} INFO - Sync 1 DAGs
[2026-05-05T06:39:43.099+0000] {logging_mixin.py:190} INFO - [2026-05-05T06:39:43.098+0000] {dag.py:4180} INFO - Setting next_dagrun for etl_datalake_hive_iceberg to 2026-05-04T00:00:00+00:00, run_after=2026-05-05T00:00:00+00:00
[2026-05-05T06:39:43.118+0000] {processor.py:208} INFO - Processing /opt/airflow/dags/etl_datalake_dag.py took 0.111 seconds
[2026-05-05T06:40:13.445+0000] {processor.py:186} INFO - Started process (PID=172) to work on /opt/airflow/dags/etl_datalake_dag.py
[2026-05-05T06:40:13.446+0000] {processor.py:914} INFO - Processing file /opt/airflow/dags/etl_datalake_dag.py for tasks to queue
[2026-05-05T06:40:13.447+0000] {logging_mixin.py:190} INFO - [2026-05-05T06:40:13.447+0000] {dagbag.py:588} INFO - Filling up the DagBag from /opt/airflow/dags/etl_datalake_dag.py
[2026-05-05T06:40:13.474+0000] {processor.py:925} INFO - DAG(s) 'etl_datalake_hive_iceberg' retrieved from /opt/airflow/dags/etl_datalake_dag.py
[2026-05-05T06:40:13.514+0000] {logging_mixin.py:190} INFO - [2026-05-05T06:40:13.513+0000] {dag.py:3239} INFO - Sync 1 DAGs
[2026-05-05T06:40:13.542+0000] {logging_mixin.py:190} INFO - [2026-05-05T06:40:13.542+0000] {dag.py:4180} INFO - Setting next_dagrun for etl_datalake_hive_iceberg to 2026-05-04T00:00:00+00:00, run_after=2026-05-05T00:00:00+00:00
[2026-05-05T06:40:13.569+0000] {processor.py:208} INFO - Processing /opt/airflow/dags/etl_datalake_dag.py took 0.135 seconds
[2026-05-05T06:40:44.097+0000] {processor.py:186} INFO - Started process (PID=176) to work on /opt/airflow/dags/etl_datalake_dag.py
[2026-05-05T06:40:44.098+0000] {processor.py:914} INFO - Processing file /opt/airflow/dags/etl_datalake_dag.py for tasks to queue
[2026-05-05T06:40:44.101+0000] {logging_mixin.py:190} INFO - [2026-05-05T06:40:44.100+0000] {dagbag.py:588} INFO - Filling up the DagBag from /opt/airflow/dags/etl_datalake_dag.py
[2026-05-05T06:40:44.136+0000] {processor.py:925} INFO - DAG(s) 'etl_datalake_hive_iceberg' retrieved from /opt/airflow/dags/etl_datalake_dag.py
[2026-05-05T06:40:44.230+0000] {logging_mixin.py:190} INFO - [2026-05-05T06:40:44.230+0000] {dag.py:3239} INFO - Sync 1 DAGs
[2026-05-05T06:40:44.305+0000] {logging_mixin.py:190} INFO - [2026-05-05T06:40:44.305+0000] {dag.py:4180} INFO - Setting next_dagrun for etl_datalake_hive_iceberg to 2026-05-04T00:00:00+00:00, run_after=2026-05-05T00:00:00+00:00
[2026-05-05T06:40:44.365+0000] {processor.py:208} INFO - Processing /opt/airflow/dags/etl_datalake_dag.py took 0.278 seconds
