[2026-05-05T06:23:15.911+0000] {processor.py:186} INFO - Started process (PID=38) to work on /opt/airflow/dags/ETL_Without_Crawl.py
[2026-05-05T06:23:15.913+0000] {processor.py:914} INFO - Processing file /opt/airflow/dags/ETL_Without_Crawl.py for tasks to queue
[2026-05-05T06:23:15.932+0000] {logging_mixin.py:190} INFO - [2026-05-05T06:23:15.931+0000] {dagbag.py:588} INFO - Filling up the DagBag from /opt/airflow/dags/ETL_Without_Crawl.py
[2026-05-05T06:23:16.039+0000] {processor.py:925} INFO - DAG(s) 'etl_without_crawl' retrieved from /opt/airflow/dags/ETL_Without_Crawl.py
[2026-05-05T06:23:16.437+0000] {logging_mixin.py:190} INFO - [2026-05-05T06:23:16.437+0000] {dag.py:3239} INFO - Sync 1 DAGs
[2026-05-05T06:23:16.706+0000] {logging_mixin.py:190} INFO - [2026-05-05T06:23:16.705+0000] {dag.py:4180} INFO - Setting next_dagrun for etl_without_crawl to None, run_after=None
[2026-05-05T06:23:16.827+0000] {processor.py:208} INFO - Processing /opt/airflow/dags/ETL_Without_Crawl.py took 0.936 seconds
[2026-05-05T06:23:47.436+0000] {processor.py:186} INFO - Started process (PID=42) to work on /opt/airflow/dags/ETL_Without_Crawl.py
[2026-05-05T06:23:47.438+0000] {processor.py:914} INFO - Processing file /opt/airflow/dags/ETL_Without_Crawl.py for tasks to queue
[2026-05-05T06:23:47.443+0000] {logging_mixin.py:190} INFO - [2026-05-05T06:23:47.443+0000] {dagbag.py:588} INFO - Filling up the DagBag from /opt/airflow/dags/ETL_Without_Crawl.py
[2026-05-05T06:23:47.510+0000] {processor.py:925} INFO - DAG(s) 'etl_without_crawl' retrieved from /opt/airflow/dags/ETL_Without_Crawl.py
[2026-05-05T06:23:47.642+0000] {logging_mixin.py:190} INFO - [2026-05-05T06:23:47.641+0000] {dag.py:3239} INFO - Sync 1 DAGs
[2026-05-05T06:23:47.691+0000] {logging_mixin.py:190} INFO - [2026-05-05T06:23:47.691+0000] {dag.py:4180} INFO - Setting next_dagrun for etl_without_crawl to None, run_after=None
[2026-05-05T06:23:47.757+0000] {processor.py:208} INFO - Processing /opt/airflow/dags/ETL_Without_Crawl.py took 0.338 seconds
[2026-05-05T06:24:18.352+0000] {processor.py:186} INFO - Started process (PID=46) to work on /opt/airflow/dags/ETL_Without_Crawl.py
[2026-05-05T06:24:18.353+0000] {processor.py:914} INFO - Processing file /opt/airflow/dags/ETL_Without_Crawl.py for tasks to queue
[2026-05-05T06:24:18.356+0000] {logging_mixin.py:190} INFO - [2026-05-05T06:24:18.354+0000] {dagbag.py:588} INFO - Filling up the DagBag from /opt/airflow/dags/ETL_Without_Crawl.py
[2026-05-05T06:24:18.392+0000] {processor.py:925} INFO - DAG(s) 'etl_without_crawl' retrieved from /opt/airflow/dags/ETL_Without_Crawl.py
[2026-05-05T06:24:18.465+0000] {logging_mixin.py:190} INFO - [2026-05-05T06:24:18.465+0000] {dag.py:3239} INFO - Sync 1 DAGs
[2026-05-05T06:24:18.503+0000] {logging_mixin.py:190} INFO - [2026-05-05T06:24:18.503+0000] {dag.py:4180} INFO - Setting next_dagrun for etl_without_crawl to None, run_after=None
[2026-05-05T06:24:18.558+0000] {processor.py:208} INFO - Processing /opt/airflow/dags/ETL_Without_Crawl.py took 0.214 seconds
[2026-05-05T06:24:48.808+0000] {processor.py:186} INFO - Started process (PID=50) to work on /opt/airflow/dags/ETL_Without_Crawl.py
[2026-05-05T06:24:48.808+0000] {processor.py:914} INFO - Processing file /opt/airflow/dags/ETL_Without_Crawl.py for tasks to queue
[2026-05-05T06:24:48.811+0000] {logging_mixin.py:190} INFO - [2026-05-05T06:24:48.810+0000] {dagbag.py:588} INFO - Filling up the DagBag from /opt/airflow/dags/ETL_Without_Crawl.py
[2026-05-05T06:24:48.838+0000] {processor.py:925} INFO - DAG(s) 'etl_without_crawl' retrieved from /opt/airflow/dags/ETL_Without_Crawl.py
[2026-05-05T06:24:48.905+0000] {logging_mixin.py:190} INFO - [2026-05-05T06:24:48.905+0000] {dag.py:3239} INFO - Sync 1 DAGs
[2026-05-05T06:24:48.947+0000] {logging_mixin.py:190} INFO - [2026-05-05T06:24:48.946+0000] {dag.py:4180} INFO - Setting next_dagrun for etl_without_crawl to None, run_after=None
[2026-05-05T06:24:49.014+0000] {processor.py:208} INFO - Processing /opt/airflow/dags/ETL_Without_Crawl.py took 0.215 seconds
[2026-05-05T06:25:19.073+0000] {processor.py:186} INFO - Started process (PID=53) to work on /opt/airflow/dags/ETL_Without_Crawl.py
[2026-05-05T06:25:19.074+0000] {processor.py:914} INFO - Processing file /opt/airflow/dags/ETL_Without_Crawl.py for tasks to queue
[2026-05-05T06:25:19.078+0000] {logging_mixin.py:190} INFO - [2026-05-05T06:25:19.078+0000] {dagbag.py:588} INFO - Filling up the DagBag from /opt/airflow/dags/ETL_Without_Crawl.py
[2026-05-05T06:25:19.109+0000] {processor.py:925} INFO - DAG(s) 'etl_without_crawl' retrieved from /opt/airflow/dags/ETL_Without_Crawl.py
[2026-05-05T06:25:19.178+0000] {logging_mixin.py:190} INFO - [2026-05-05T06:25:19.177+0000] {dag.py:3239} INFO - Sync 1 DAGs
[2026-05-05T06:25:19.207+0000] {logging_mixin.py:190} INFO - [2026-05-05T06:25:19.206+0000] {dag.py:4180} INFO - Setting next_dagrun for etl_without_crawl to None, run_after=None
[2026-05-05T06:25:19.255+0000] {processor.py:208} INFO - Processing /opt/airflow/dags/ETL_Without_Crawl.py took 0.192 seconds
[2026-05-05T06:25:49.969+0000] {processor.py:186} INFO - Started process (PID=58) to work on /opt/airflow/dags/ETL_Without_Crawl.py
[2026-05-05T06:25:49.970+0000] {processor.py:914} INFO - Processing file /opt/airflow/dags/ETL_Without_Crawl.py for tasks to queue
[2026-05-05T06:25:49.972+0000] {logging_mixin.py:190} INFO - [2026-05-05T06:25:49.972+0000] {dagbag.py:588} INFO - Filling up the DagBag from /opt/airflow/dags/ETL_Without_Crawl.py
[2026-05-05T06:25:49.995+0000] {processor.py:925} INFO - DAG(s) 'etl_without_crawl' retrieved from /opt/airflow/dags/ETL_Without_Crawl.py
[2026-05-05T06:25:50.062+0000] {logging_mixin.py:190} INFO - [2026-05-05T06:25:50.061+0000] {dag.py:3239} INFO - Sync 1 DAGs
[2026-05-05T06:25:50.095+0000] {logging_mixin.py:190} INFO - [2026-05-05T06:25:50.095+0000] {dag.py:4180} INFO - Setting next_dagrun for etl_without_crawl to None, run_after=None
[2026-05-05T06:25:50.146+0000] {processor.py:208} INFO - Processing /opt/airflow/dags/ETL_Without_Crawl.py took 0.184 seconds
[2026-05-05T06:26:20.509+0000] {processor.py:186} INFO - Started process (PID=62) to work on /opt/airflow/dags/ETL_Without_Crawl.py
[2026-05-05T06:26:20.510+0000] {processor.py:914} INFO - Processing file /opt/airflow/dags/ETL_Without_Crawl.py for tasks to queue
[2026-05-05T06:26:20.512+0000] {logging_mixin.py:190} INFO - [2026-05-05T06:26:20.511+0000] {dagbag.py:588} INFO - Filling up the DagBag from /opt/airflow/dags/ETL_Without_Crawl.py
[2026-05-05T06:26:20.535+0000] {processor.py:925} INFO - DAG(s) 'etl_without_crawl' retrieved from /opt/airflow/dags/ETL_Without_Crawl.py
[2026-05-05T06:26:20.592+0000] {logging_mixin.py:190} INFO - [2026-05-05T06:26:20.592+0000] {dag.py:3239} INFO - Sync 1 DAGs
[2026-05-05T06:26:20.617+0000] {logging_mixin.py:190} INFO - [2026-05-05T06:26:20.617+0000] {dag.py:4180} INFO - Setting next_dagrun for etl_without_crawl to None, run_after=None
[2026-05-05T06:26:20.683+0000] {processor.py:208} INFO - Processing /opt/airflow/dags/ETL_Without_Crawl.py took 0.182 seconds
[2026-05-05T06:26:50.882+0000] {processor.py:186} INFO - Started process (PID=66) to work on /opt/airflow/dags/ETL_Without_Crawl.py
[2026-05-05T06:26:50.883+0000] {processor.py:914} INFO - Processing file /opt/airflow/dags/ETL_Without_Crawl.py for tasks to queue
[2026-05-05T06:26:50.885+0000] {logging_mixin.py:190} INFO - [2026-05-05T06:26:50.884+0000] {dagbag.py:588} INFO - Filling up the DagBag from /opt/airflow/dags/ETL_Without_Crawl.py
[2026-05-05T06:26:50.911+0000] {processor.py:925} INFO - DAG(s) 'etl_without_crawl' retrieved from /opt/airflow/dags/ETL_Without_Crawl.py
[2026-05-05T06:26:50.958+0000] {logging_mixin.py:190} INFO - [2026-05-05T06:26:50.958+0000] {dag.py:3239} INFO - Sync 1 DAGs
[2026-05-05T06:26:50.981+0000] {logging_mixin.py:190} INFO - [2026-05-05T06:26:50.981+0000] {dag.py:4180} INFO - Setting next_dagrun for etl_without_crawl to None, run_after=None
[2026-05-05T06:26:51.014+0000] {processor.py:208} INFO - Processing /opt/airflow/dags/ETL_Without_Crawl.py took 0.139 seconds
[2026-05-05T06:27:21.635+0000] {processor.py:186} INFO - Started process (PID=70) to work on /opt/airflow/dags/ETL_Without_Crawl.py
[2026-05-05T06:27:21.637+0000] {processor.py:914} INFO - Processing file /opt/airflow/dags/ETL_Without_Crawl.py for tasks to queue
[2026-05-05T06:27:21.640+0000] {logging_mixin.py:190} INFO - [2026-05-05T06:27:21.640+0000] {dagbag.py:588} INFO - Filling up the DagBag from /opt/airflow/dags/ETL_Without_Crawl.py
[2026-05-05T06:27:21.678+0000] {processor.py:925} INFO - DAG(s) 'etl_without_crawl' retrieved from /opt/airflow/dags/ETL_Without_Crawl.py
[2026-05-05T06:27:21.778+0000] {logging_mixin.py:190} INFO - [2026-05-05T06:27:21.778+0000] {dag.py:3239} INFO - Sync 1 DAGs
[2026-05-05T06:27:21.822+0000] {logging_mixin.py:190} INFO - [2026-05-05T06:27:21.821+0000] {dag.py:4180} INFO - Setting next_dagrun for etl_without_crawl to None, run_after=None
[2026-05-05T06:27:21.875+0000] {processor.py:208} INFO - Processing /opt/airflow/dags/ETL_Without_Crawl.py took 0.255 seconds
[2026-05-05T06:27:52.397+0000] {processor.py:186} INFO - Started process (PID=74) to work on /opt/airflow/dags/ETL_Without_Crawl.py
[2026-05-05T06:27:52.398+0000] {processor.py:914} INFO - Processing file /opt/airflow/dags/ETL_Without_Crawl.py for tasks to queue
[2026-05-05T06:27:52.399+0000] {logging_mixin.py:190} INFO - [2026-05-05T06:27:52.398+0000] {dagbag.py:588} INFO - Filling up the DagBag from /opt/airflow/dags/ETL_Without_Crawl.py
[2026-05-05T06:27:52.414+0000] {processor.py:925} INFO - DAG(s) 'etl_without_crawl' retrieved from /opt/airflow/dags/ETL_Without_Crawl.py
[2026-05-05T06:27:52.458+0000] {logging_mixin.py:190} INFO - [2026-05-05T06:27:52.458+0000] {dag.py:3239} INFO - Sync 1 DAGs
[2026-05-05T06:27:52.485+0000] {logging_mixin.py:190} INFO - [2026-05-05T06:27:52.485+0000] {dag.py:4180} INFO - Setting next_dagrun for etl_without_crawl to None, run_after=None
[2026-05-05T06:27:52.544+0000] {processor.py:208} INFO - Processing /opt/airflow/dags/ETL_Without_Crawl.py took 0.153 seconds
[2026-05-05T06:28:22.780+0000] {processor.py:186} INFO - Started process (PID=78) to work on /opt/airflow/dags/ETL_Without_Crawl.py
[2026-05-05T06:28:22.781+0000] {processor.py:914} INFO - Processing file /opt/airflow/dags/ETL_Without_Crawl.py for tasks to queue
[2026-05-05T06:28:22.782+0000] {logging_mixin.py:190} INFO - [2026-05-05T06:28:22.782+0000] {dagbag.py:588} INFO - Filling up the DagBag from /opt/airflow/dags/ETL_Without_Crawl.py
[2026-05-05T06:28:22.799+0000] {processor.py:925} INFO - DAG(s) 'etl_without_crawl' retrieved from /opt/airflow/dags/ETL_Without_Crawl.py
[2026-05-05T06:28:22.845+0000] {logging_mixin.py:190} INFO - [2026-05-05T06:28:22.844+0000] {dag.py:3239} INFO - Sync 1 DAGs
[2026-05-05T06:28:22.869+0000] {logging_mixin.py:190} INFO - [2026-05-05T06:28:22.869+0000] {dag.py:4180} INFO - Setting next_dagrun for etl_without_crawl to None, run_after=None
[2026-05-05T06:28:22.941+0000] {processor.py:208} INFO - Processing /opt/airflow/dags/ETL_Without_Crawl.py took 0.166 seconds
[2026-05-05T06:28:53.286+0000] {processor.py:186} INFO - Started process (PID=82) to work on /opt/airflow/dags/ETL_Without_Crawl.py
[2026-05-05T06:28:53.287+0000] {processor.py:914} INFO - Processing file /opt/airflow/dags/ETL_Without_Crawl.py for tasks to queue
[2026-05-05T06:28:53.290+0000] {logging_mixin.py:190} INFO - [2026-05-05T06:28:53.290+0000] {dagbag.py:588} INFO - Filling up the DagBag from /opt/airflow/dags/ETL_Without_Crawl.py
[2026-05-05T06:28:53.321+0000] {processor.py:925} INFO - DAG(s) 'etl_without_crawl' retrieved from /opt/airflow/dags/ETL_Without_Crawl.py
[2026-05-05T06:28:53.416+0000] {logging_mixin.py:190} INFO - [2026-05-05T06:28:53.416+0000] {dag.py:3239} INFO - Sync 1 DAGs
[2026-05-05T06:28:53.472+0000] {logging_mixin.py:190} INFO - [2026-05-05T06:28:53.471+0000] {dag.py:4180} INFO - Setting next_dagrun for etl_without_crawl to None, run_after=None
[2026-05-05T06:28:53.524+0000] {processor.py:208} INFO - Processing /opt/airflow/dags/ETL_Without_Crawl.py took 0.249 seconds
[2026-05-05T06:29:23.913+0000] {processor.py:186} INFO - Started process (PID=86) to work on /opt/airflow/dags/ETL_Without_Crawl.py
[2026-05-05T06:29:23.920+0000] {processor.py:914} INFO - Processing file /opt/airflow/dags/ETL_Without_Crawl.py for tasks to queue
[2026-05-05T06:29:23.932+0000] {logging_mixin.py:190} INFO - [2026-05-05T06:29:23.931+0000] {dagbag.py:588} INFO - Filling up the DagBag from /opt/airflow/dags/ETL_Without_Crawl.py
[2026-05-05T06:29:24.003+0000] {processor.py:925} INFO - DAG(s) 'etl_without_crawl' retrieved from /opt/airflow/dags/ETL_Without_Crawl.py
[2026-05-05T06:29:24.177+0000] {logging_mixin.py:190} INFO - [2026-05-05T06:29:24.176+0000] {dag.py:3239} INFO - Sync 1 DAGs
[2026-05-05T06:29:24.287+0000] {logging_mixin.py:190} INFO - [2026-05-05T06:29:24.286+0000] {dag.py:4180} INFO - Setting next_dagrun for etl_without_crawl to None, run_after=None
[2026-05-05T06:29:24.369+0000] {processor.py:208} INFO - Processing /opt/airflow/dags/ETL_Without_Crawl.py took 0.491 seconds
[2026-05-05T06:29:58.619+0000] {processor.py:186} INFO - Started process (PID=90) to work on /opt/airflow/dags/ETL_Without_Crawl.py
[2026-05-05T06:29:58.620+0000] {processor.py:914} INFO - Processing file /opt/airflow/dags/ETL_Without_Crawl.py for tasks to queue
[2026-05-05T06:29:58.623+0000] {logging_mixin.py:190} INFO - [2026-05-05T06:29:58.622+0000] {dagbag.py:588} INFO - Filling up the DagBag from /opt/airflow/dags/ETL_Without_Crawl.py
[2026-05-05T06:29:58.644+0000] {processor.py:925} INFO - DAG(s) 'etl_without_crawl' retrieved from /opt/airflow/dags/ETL_Without_Crawl.py
[2026-05-05T06:29:58.689+0000] {logging_mixin.py:190} INFO - [2026-05-05T06:29:58.689+0000] {dag.py:3239} INFO - Sync 1 DAGs
[2026-05-05T06:29:58.717+0000] {logging_mixin.py:190} INFO - [2026-05-05T06:29:58.717+0000] {dag.py:4180} INFO - Setting next_dagrun for etl_without_crawl to None, run_after=None
[2026-05-05T06:29:58.756+0000] {processor.py:208} INFO - Processing /opt/airflow/dags/ETL_Without_Crawl.py took 0.144 seconds
[2026-05-05T06:30:29.368+0000] {processor.py:186} INFO - Started process (PID=94) to work on /opt/airflow/dags/ETL_Without_Crawl.py
[2026-05-05T06:30:29.369+0000] {processor.py:914} INFO - Processing file /opt/airflow/dags/ETL_Without_Crawl.py for tasks to queue
[2026-05-05T06:30:29.371+0000] {logging_mixin.py:190} INFO - [2026-05-05T06:30:29.370+0000] {dagbag.py:588} INFO - Filling up the DagBag from /opt/airflow/dags/ETL_Without_Crawl.py
[2026-05-05T06:30:29.411+0000] {processor.py:925} INFO - DAG(s) 'etl_without_crawl' retrieved from /opt/airflow/dags/ETL_Without_Crawl.py
[2026-05-05T06:30:29.512+0000] {logging_mixin.py:190} INFO - [2026-05-05T06:30:29.512+0000] {dag.py:3239} INFO - Sync 1 DAGs
[2026-05-05T06:30:29.554+0000] {logging_mixin.py:190} INFO - [2026-05-05T06:30:29.554+0000] {dag.py:4180} INFO - Setting next_dagrun for etl_without_crawl to None, run_after=None
[2026-05-05T06:30:29.603+0000] {processor.py:208} INFO - Processing /opt/airflow/dags/ETL_Without_Crawl.py took 0.250 seconds
[2026-05-05T06:30:59.896+0000] {processor.py:186} INFO - Started process (PID=98) to work on /opt/airflow/dags/ETL_Without_Crawl.py
[2026-05-05T06:30:59.898+0000] {processor.py:914} INFO - Processing file /opt/airflow/dags/ETL_Without_Crawl.py for tasks to queue
[2026-05-05T06:30:59.905+0000] {logging_mixin.py:190} INFO - [2026-05-05T06:30:59.902+0000] {dagbag.py:588} INFO - Filling up the DagBag from /opt/airflow/dags/ETL_Without_Crawl.py
[2026-05-05T06:30:59.952+0000] {processor.py:925} INFO - DAG(s) 'etl_without_crawl' retrieved from /opt/airflow/dags/ETL_Without_Crawl.py
[2026-05-05T06:31:00.053+0000] {logging_mixin.py:190} INFO - [2026-05-05T06:31:00.052+0000] {dag.py:3239} INFO - Sync 1 DAGs
[2026-05-05T06:31:00.109+0000] {logging_mixin.py:190} INFO - [2026-05-05T06:31:00.108+0000] {dag.py:4180} INFO - Setting next_dagrun for etl_without_crawl to None, run_after=None
[2026-05-05T06:31:00.164+0000] {processor.py:208} INFO - Processing /opt/airflow/dags/ETL_Without_Crawl.py took 0.287 seconds
[2026-05-05T06:31:30.803+0000] {processor.py:186} INFO - Started process (PID=102) to work on /opt/airflow/dags/ETL_Without_Crawl.py
[2026-05-05T06:31:30.804+0000] {processor.py:914} INFO - Processing file /opt/airflow/dags/ETL_Without_Crawl.py for tasks to queue
[2026-05-05T06:31:30.807+0000] {logging_mixin.py:190} INFO - [2026-05-05T06:31:30.807+0000] {dagbag.py:588} INFO - Filling up the DagBag from /opt/airflow/dags/ETL_Without_Crawl.py
[2026-05-05T06:31:30.835+0000] {processor.py:925} INFO - DAG(s) 'etl_without_crawl' retrieved from /opt/airflow/dags/ETL_Without_Crawl.py
[2026-05-05T06:31:30.906+0000] {logging_mixin.py:190} INFO - [2026-05-05T06:31:30.906+0000] {dag.py:3239} INFO - Sync 1 DAGs
[2026-05-05T06:31:30.948+0000] {logging_mixin.py:190} INFO - [2026-05-05T06:31:30.947+0000] {dag.py:4180} INFO - Setting next_dagrun for etl_without_crawl to None, run_after=None
[2026-05-05T06:31:31.031+0000] {processor.py:208} INFO - Processing /opt/airflow/dags/ETL_Without_Crawl.py took 0.237 seconds
[2026-05-05T06:32:01.670+0000] {processor.py:186} INFO - Started process (PID=106) to work on /opt/airflow/dags/ETL_Without_Crawl.py
[2026-05-05T06:32:01.671+0000] {processor.py:914} INFO - Processing file /opt/airflow/dags/ETL_Without_Crawl.py for tasks to queue
[2026-05-05T06:32:01.673+0000] {logging_mixin.py:190} INFO - [2026-05-05T06:32:01.672+0000] {dagbag.py:588} INFO - Filling up the DagBag from /opt/airflow/dags/ETL_Without_Crawl.py
[2026-05-05T06:32:01.697+0000] {processor.py:925} INFO - DAG(s) 'etl_without_crawl' retrieved from /opt/airflow/dags/ETL_Without_Crawl.py
[2026-05-05T06:32:01.760+0000] {logging_mixin.py:190} INFO - [2026-05-05T06:32:01.760+0000] {dag.py:3239} INFO - Sync 1 DAGs
[2026-05-05T06:32:01.793+0000] {logging_mixin.py:190} INFO - [2026-05-05T06:32:01.792+0000] {dag.py:4180} INFO - Setting next_dagrun for etl_without_crawl to None, run_after=None
[2026-05-05T06:32:01.824+0000] {processor.py:208} INFO - Processing /opt/airflow/dags/ETL_Without_Crawl.py took 0.162 seconds
[2026-05-05T06:32:32.154+0000] {processor.py:186} INFO - Started process (PID=110) to work on /opt/airflow/dags/ETL_Without_Crawl.py
[2026-05-05T06:32:32.155+0000] {processor.py:914} INFO - Processing file /opt/airflow/dags/ETL_Without_Crawl.py for tasks to queue
[2026-05-05T06:32:32.157+0000] {logging_mixin.py:190} INFO - [2026-05-05T06:32:32.157+0000] {dagbag.py:588} INFO - Filling up the DagBag from /opt/airflow/dags/ETL_Without_Crawl.py
[2026-05-05T06:32:32.177+0000] {processor.py:925} INFO - DAG(s) 'etl_without_crawl' retrieved from /opt/airflow/dags/ETL_Without_Crawl.py
[2026-05-05T06:32:32.223+0000] {logging_mixin.py:190} INFO - [2026-05-05T06:32:32.223+0000] {dag.py:3239} INFO - Sync 1 DAGs
[2026-05-05T06:32:32.252+0000] {logging_mixin.py:190} INFO - [2026-05-05T06:32:32.252+0000] {dag.py:4180} INFO - Setting next_dagrun for etl_without_crawl to None, run_after=None
[2026-05-05T06:32:32.302+0000] {processor.py:208} INFO - Processing /opt/airflow/dags/ETL_Without_Crawl.py took 0.157 seconds
[2026-05-05T06:33:02.505+0000] {processor.py:186} INFO - Started process (PID=114) to work on /opt/airflow/dags/ETL_Without_Crawl.py
[2026-05-05T06:33:02.507+0000] {processor.py:914} INFO - Processing file /opt/airflow/dags/ETL_Without_Crawl.py for tasks to queue
[2026-05-05T06:33:02.510+0000] {logging_mixin.py:190} INFO - [2026-05-05T06:33:02.510+0000] {dagbag.py:588} INFO - Filling up the DagBag from /opt/airflow/dags/ETL_Without_Crawl.py
[2026-05-05T06:33:02.555+0000] {processor.py:925} INFO - DAG(s) 'etl_without_crawl' retrieved from /opt/airflow/dags/ETL_Without_Crawl.py
[2026-05-05T06:33:02.616+0000] {logging_mixin.py:190} INFO - [2026-05-05T06:33:02.615+0000] {dag.py:3239} INFO - Sync 1 DAGs
[2026-05-05T06:33:02.646+0000] {logging_mixin.py:190} INFO - [2026-05-05T06:33:02.646+0000] {dag.py:4180} INFO - Setting next_dagrun for etl_without_crawl to None, run_after=None
[2026-05-05T06:33:02.703+0000] {processor.py:208} INFO - Processing /opt/airflow/dags/ETL_Without_Crawl.py took 0.210 seconds
[2026-05-05T06:33:33.008+0000] {processor.py:186} INFO - Started process (PID=118) to work on /opt/airflow/dags/ETL_Without_Crawl.py
[2026-05-05T06:33:33.010+0000] {processor.py:914} INFO - Processing file /opt/airflow/dags/ETL_Without_Crawl.py for tasks to queue
[2026-05-05T06:33:33.013+0000] {logging_mixin.py:190} INFO - [2026-05-05T06:33:33.013+0000] {dagbag.py:588} INFO - Filling up the DagBag from /opt/airflow/dags/ETL_Without_Crawl.py
[2026-05-05T06:33:33.047+0000] {processor.py:925} INFO - DAG(s) 'etl_without_crawl' retrieved from /opt/airflow/dags/ETL_Without_Crawl.py
[2026-05-05T06:33:33.147+0000] {logging_mixin.py:190} INFO - [2026-05-05T06:33:33.146+0000] {dag.py:3239} INFO - Sync 1 DAGs
[2026-05-05T06:33:33.190+0000] {logging_mixin.py:190} INFO - [2026-05-05T06:33:33.190+0000] {dag.py:4180} INFO - Setting next_dagrun for etl_without_crawl to None, run_after=None
[2026-05-05T06:33:33.272+0000] {processor.py:208} INFO - Processing /opt/airflow/dags/ETL_Without_Crawl.py took 0.274 seconds
[2026-05-05T06:34:03.913+0000] {processor.py:186} INFO - Started process (PID=122) to work on /opt/airflow/dags/ETL_Without_Crawl.py
[2026-05-05T06:34:03.914+0000] {processor.py:914} INFO - Processing file /opt/airflow/dags/ETL_Without_Crawl.py for tasks to queue
[2026-05-05T06:34:03.915+0000] {logging_mixin.py:190} INFO - [2026-05-05T06:34:03.915+0000] {dagbag.py:588} INFO - Filling up the DagBag from /opt/airflow/dags/ETL_Without_Crawl.py
[2026-05-05T06:34:03.938+0000] {processor.py:925} INFO - DAG(s) 'etl_without_crawl' retrieved from /opt/airflow/dags/ETL_Without_Crawl.py
[2026-05-05T06:34:03.996+0000] {logging_mixin.py:190} INFO - [2026-05-05T06:34:03.995+0000] {dag.py:3239} INFO - Sync 1 DAGs
[2026-05-05T06:34:04.025+0000] {logging_mixin.py:190} INFO - [2026-05-05T06:34:04.025+0000] {dag.py:4180} INFO - Setting next_dagrun for etl_without_crawl to None, run_after=None
[2026-05-05T06:34:04.072+0000] {processor.py:208} INFO - Processing /opt/airflow/dags/ETL_Without_Crawl.py took 0.168 seconds
[2026-05-05T06:34:34.592+0000] {processor.py:186} INFO - Started process (PID=126) to work on /opt/airflow/dags/ETL_Without_Crawl.py
[2026-05-05T06:34:34.593+0000] {processor.py:914} INFO - Processing file /opt/airflow/dags/ETL_Without_Crawl.py for tasks to queue
[2026-05-05T06:34:34.596+0000] {logging_mixin.py:190} INFO - [2026-05-05T06:34:34.595+0000] {dagbag.py:588} INFO - Filling up the DagBag from /opt/airflow/dags/ETL_Without_Crawl.py
[2026-05-05T06:34:34.618+0000] {processor.py:925} INFO - DAG(s) 'etl_without_crawl' retrieved from /opt/airflow/dags/ETL_Without_Crawl.py
[2026-05-05T06:34:34.673+0000] {logging_mixin.py:190} INFO - [2026-05-05T06:34:34.672+0000] {dag.py:3239} INFO - Sync 1 DAGs
[2026-05-05T06:34:34.706+0000] {logging_mixin.py:190} INFO - [2026-05-05T06:34:34.706+0000] {dag.py:4180} INFO - Setting next_dagrun for etl_without_crawl to None, run_after=None
[2026-05-05T06:34:34.741+0000] {processor.py:208} INFO - Processing /opt/airflow/dags/ETL_Without_Crawl.py took 0.161 seconds
[2026-05-05T06:35:05.101+0000] {processor.py:186} INFO - Started process (PID=130) to work on /opt/airflow/dags/ETL_Without_Crawl.py
[2026-05-05T06:35:05.102+0000] {processor.py:914} INFO - Processing file /opt/airflow/dags/ETL_Without_Crawl.py for tasks to queue
[2026-05-05T06:35:05.104+0000] {logging_mixin.py:190} INFO - [2026-05-05T06:35:05.103+0000] {dagbag.py:588} INFO - Filling up the DagBag from /opt/airflow/dags/ETL_Without_Crawl.py
[2026-05-05T06:35:05.138+0000] {processor.py:925} INFO - DAG(s) 'etl_without_crawl' retrieved from /opt/airflow/dags/ETL_Without_Crawl.py
[2026-05-05T06:35:05.217+0000] {logging_mixin.py:190} INFO - [2026-05-05T06:35:05.216+0000] {dag.py:3239} INFO - Sync 1 DAGs
[2026-05-05T06:35:05.256+0000] {logging_mixin.py:190} INFO - [2026-05-05T06:35:05.255+0000] {dag.py:4180} INFO - Setting next_dagrun for etl_without_crawl to None, run_after=None
[2026-05-05T06:35:05.300+0000] {processor.py:208} INFO - Processing /opt/airflow/dags/ETL_Without_Crawl.py took 0.209 seconds
[2026-05-05T06:35:36.055+0000] {processor.py:186} INFO - Started process (PID=134) to work on /opt/airflow/dags/ETL_Without_Crawl.py
[2026-05-05T06:35:36.056+0000] {processor.py:914} INFO - Processing file /opt/airflow/dags/ETL_Without_Crawl.py for tasks to queue
[2026-05-05T06:35:36.058+0000] {logging_mixin.py:190} INFO - [2026-05-05T06:35:36.057+0000] {dagbag.py:588} INFO - Filling up the DagBag from /opt/airflow/dags/ETL_Without_Crawl.py
[2026-05-05T06:35:36.088+0000] {processor.py:925} INFO - DAG(s) 'etl_without_crawl' retrieved from /opt/airflow/dags/ETL_Without_Crawl.py
[2026-05-05T06:35:36.147+0000] {logging_mixin.py:190} INFO - [2026-05-05T06:35:36.146+0000] {dag.py:3239} INFO - Sync 1 DAGs
[2026-05-05T06:35:36.180+0000] {logging_mixin.py:190} INFO - [2026-05-05T06:35:36.180+0000] {dag.py:4180} INFO - Setting next_dagrun for etl_without_crawl to None, run_after=None
[2026-05-05T06:35:36.233+0000] {processor.py:208} INFO - Processing /opt/airflow/dags/ETL_Without_Crawl.py took 0.190 seconds
[2026-05-05T06:36:06.811+0000] {processor.py:186} INFO - Started process (PID=138) to work on /opt/airflow/dags/ETL_Without_Crawl.py
[2026-05-05T06:36:06.812+0000] {processor.py:914} INFO - Processing file /opt/airflow/dags/ETL_Without_Crawl.py for tasks to queue
[2026-05-05T06:36:06.815+0000] {logging_mixin.py:190} INFO - [2026-05-05T06:36:06.814+0000] {dagbag.py:588} INFO - Filling up the DagBag from /opt/airflow/dags/ETL_Without_Crawl.py
[2026-05-05T06:36:06.841+0000] {processor.py:925} INFO - DAG(s) 'etl_without_crawl' retrieved from /opt/airflow/dags/ETL_Without_Crawl.py
[2026-05-05T06:36:06.902+0000] {logging_mixin.py:190} INFO - [2026-05-05T06:36:06.902+0000] {dag.py:3239} INFO - Sync 1 DAGs
[2026-05-05T06:36:06.930+0000] {logging_mixin.py:190} INFO - [2026-05-05T06:36:06.930+0000] {dag.py:4180} INFO - Setting next_dagrun for etl_without_crawl to None, run_after=None
[2026-05-05T06:36:06.974+0000] {processor.py:208} INFO - Processing /opt/airflow/dags/ETL_Without_Crawl.py took 0.172 seconds
[2026-05-05T06:36:37.210+0000] {processor.py:186} INFO - Started process (PID=142) to work on /opt/airflow/dags/ETL_Without_Crawl.py
[2026-05-05T06:36:37.212+0000] {processor.py:914} INFO - Processing file /opt/airflow/dags/ETL_Without_Crawl.py for tasks to queue
[2026-05-05T06:36:37.214+0000] {logging_mixin.py:190} INFO - [2026-05-05T06:36:37.213+0000] {dagbag.py:588} INFO - Filling up the DagBag from /opt/airflow/dags/ETL_Without_Crawl.py
[2026-05-05T06:36:37.245+0000] {processor.py:925} INFO - DAG(s) 'etl_without_crawl' retrieved from /opt/airflow/dags/ETL_Without_Crawl.py
[2026-05-05T06:36:37.305+0000] {logging_mixin.py:190} INFO - [2026-05-05T06:36:37.305+0000] {dag.py:3239} INFO - Sync 1 DAGs
[2026-05-05T06:36:37.337+0000] {logging_mixin.py:190} INFO - [2026-05-05T06:36:37.337+0000] {dag.py:4180} INFO - Setting next_dagrun for etl_without_crawl to None, run_after=None
[2026-05-05T06:36:37.378+0000] {processor.py:208} INFO - Processing /opt/airflow/dags/ETL_Without_Crawl.py took 0.179 seconds
[2026-05-05T06:37:08.336+0000] {processor.py:186} INFO - Started process (PID=146) to work on /opt/airflow/dags/ETL_Without_Crawl.py
[2026-05-05T06:37:08.338+0000] {processor.py:914} INFO - Processing file /opt/airflow/dags/ETL_Without_Crawl.py for tasks to queue
[2026-05-05T06:37:08.340+0000] {logging_mixin.py:190} INFO - [2026-05-05T06:37:08.340+0000] {dagbag.py:588} INFO - Filling up the DagBag from /opt/airflow/dags/ETL_Without_Crawl.py
[2026-05-05T06:37:08.368+0000] {processor.py:925} INFO - DAG(s) 'etl_without_crawl' retrieved from /opt/airflow/dags/ETL_Without_Crawl.py
[2026-05-05T06:37:08.423+0000] {logging_mixin.py:190} INFO - [2026-05-05T06:37:08.423+0000] {dag.py:3239} INFO - Sync 1 DAGs
[2026-05-05T06:37:08.456+0000] {logging_mixin.py:190} INFO - [2026-05-05T06:37:08.456+0000] {dag.py:4180} INFO - Setting next_dagrun for etl_without_crawl to None, run_after=None
[2026-05-05T06:37:08.498+0000] {processor.py:208} INFO - Processing /opt/airflow/dags/ETL_Without_Crawl.py took 0.171 seconds
[2026-05-05T06:37:39.449+0000] {processor.py:186} INFO - Started process (PID=150) to work on /opt/airflow/dags/ETL_Without_Crawl.py
[2026-05-05T06:37:39.450+0000] {processor.py:914} INFO - Processing file /opt/airflow/dags/ETL_Without_Crawl.py for tasks to queue
[2026-05-05T06:37:39.454+0000] {logging_mixin.py:190} INFO - [2026-05-05T06:37:39.453+0000] {dagbag.py:588} INFO - Filling up the DagBag from /opt/airflow/dags/ETL_Without_Crawl.py
[2026-05-05T06:37:39.486+0000] {processor.py:925} INFO - DAG(s) 'etl_without_crawl' retrieved from /opt/airflow/dags/ETL_Without_Crawl.py
[2026-05-05T06:37:39.556+0000] {logging_mixin.py:190} INFO - [2026-05-05T06:37:39.555+0000] {dag.py:3239} INFO - Sync 1 DAGs
[2026-05-05T06:37:39.607+0000] {logging_mixin.py:190} INFO - [2026-05-05T06:37:39.606+0000] {dag.py:4180} INFO - Setting next_dagrun for etl_without_crawl to None, run_after=None
[2026-05-05T06:37:39.694+0000] {processor.py:208} INFO - Processing /opt/airflow/dags/ETL_Without_Crawl.py took 0.256 seconds
[2026-05-05T06:38:10.292+0000] {processor.py:186} INFO - Started process (PID=154) to work on /opt/airflow/dags/ETL_Without_Crawl.py
[2026-05-05T06:38:10.294+0000] {processor.py:914} INFO - Processing file /opt/airflow/dags/ETL_Without_Crawl.py for tasks to queue
[2026-05-05T06:38:10.296+0000] {logging_mixin.py:190} INFO - [2026-05-05T06:38:10.296+0000] {dagbag.py:588} INFO - Filling up the DagBag from /opt/airflow/dags/ETL_Without_Crawl.py
[2026-05-05T06:38:10.374+0000] {processor.py:925} INFO - DAG(s) 'etl_without_crawl' retrieved from /opt/airflow/dags/ETL_Without_Crawl.py
[2026-05-05T06:38:10.482+0000] {logging_mixin.py:190} INFO - [2026-05-05T06:38:10.482+0000] {dag.py:3239} INFO - Sync 1 DAGs
[2026-05-05T06:38:10.525+0000] {logging_mixin.py:190} INFO - [2026-05-05T06:38:10.524+0000] {dag.py:4180} INFO - Setting next_dagrun for etl_without_crawl to None, run_after=None
[2026-05-05T06:38:10.594+0000] {processor.py:208} INFO - Processing /opt/airflow/dags/ETL_Without_Crawl.py took 0.323 seconds
[2026-05-05T06:38:41.104+0000] {processor.py:186} INFO - Started process (PID=158) to work on /opt/airflow/dags/ETL_Without_Crawl.py
[2026-05-05T06:38:41.105+0000] {processor.py:914} INFO - Processing file /opt/airflow/dags/ETL_Without_Crawl.py for tasks to queue
[2026-05-05T06:38:41.107+0000] {logging_mixin.py:190} INFO - [2026-05-05T06:38:41.107+0000] {dagbag.py:588} INFO - Filling up the DagBag from /opt/airflow/dags/ETL_Without_Crawl.py
[2026-05-05T06:38:41.127+0000] {processor.py:925} INFO - DAG(s) 'etl_without_crawl' retrieved from /opt/airflow/dags/ETL_Without_Crawl.py
[2026-05-05T06:38:41.175+0000] {logging_mixin.py:190} INFO - [2026-05-05T06:38:41.175+0000] {dag.py:3239} INFO - Sync 1 DAGs
[2026-05-05T06:38:41.209+0000] {logging_mixin.py:190} INFO - [2026-05-05T06:38:41.209+0000] {dag.py:4180} INFO - Setting next_dagrun for etl_without_crawl to None, run_after=None
[2026-05-05T06:38:41.251+0000] {processor.py:208} INFO - Processing /opt/airflow/dags/ETL_Without_Crawl.py took 0.154 seconds
[2026-05-05T06:39:11.901+0000] {processor.py:186} INFO - Started process (PID=162) to work on /opt/airflow/dags/ETL_Without_Crawl.py
[2026-05-05T06:39:11.902+0000] {processor.py:914} INFO - Processing file /opt/airflow/dags/ETL_Without_Crawl.py for tasks to queue
[2026-05-05T06:39:11.904+0000] {logging_mixin.py:190} INFO - [2026-05-05T06:39:11.903+0000] {dagbag.py:588} INFO - Filling up the DagBag from /opt/airflow/dags/ETL_Without_Crawl.py
[2026-05-05T06:39:11.923+0000] {processor.py:925} INFO - DAG(s) 'etl_without_crawl' retrieved from /opt/airflow/dags/ETL_Without_Crawl.py
[2026-05-05T06:39:11.972+0000] {logging_mixin.py:190} INFO - [2026-05-05T06:39:11.972+0000] {dag.py:3239} INFO - Sync 1 DAGs
[2026-05-05T06:39:11.999+0000] {logging_mixin.py:190} INFO - [2026-05-05T06:39:11.998+0000] {dag.py:4180} INFO - Setting next_dagrun for etl_without_crawl to None, run_after=None
[2026-05-05T06:39:12.036+0000] {processor.py:208} INFO - Processing /opt/airflow/dags/ETL_Without_Crawl.py took 0.141 seconds
[2026-05-05T06:39:42.622+0000] {processor.py:186} INFO - Started process (PID=166) to work on /opt/airflow/dags/ETL_Without_Crawl.py
[2026-05-05T06:39:42.623+0000] {processor.py:914} INFO - Processing file /opt/airflow/dags/ETL_Without_Crawl.py for tasks to queue
[2026-05-05T06:39:42.625+0000] {logging_mixin.py:190} INFO - [2026-05-05T06:39:42.625+0000] {dagbag.py:588} INFO - Filling up the DagBag from /opt/airflow/dags/ETL_Without_Crawl.py
[2026-05-05T06:39:42.650+0000] {processor.py:925} INFO - DAG(s) 'etl_without_crawl' retrieved from /opt/airflow/dags/ETL_Without_Crawl.py
[2026-05-05T06:39:42.711+0000] {logging_mixin.py:190} INFO - [2026-05-05T06:39:42.710+0000] {dag.py:3239} INFO - Sync 1 DAGs
[2026-05-05T06:39:42.742+0000] {logging_mixin.py:190} INFO - [2026-05-05T06:39:42.742+0000] {dag.py:4180} INFO - Setting next_dagrun for etl_without_crawl to None, run_after=None
[2026-05-05T06:39:42.790+0000] {processor.py:208} INFO - Processing /opt/airflow/dags/ETL_Without_Crawl.py took 0.178 seconds
[2026-05-05T06:40:13.115+0000] {processor.py:186} INFO - Started process (PID=170) to work on /opt/airflow/dags/ETL_Without_Crawl.py
[2026-05-05T06:40:13.116+0000] {processor.py:914} INFO - Processing file /opt/airflow/dags/ETL_Without_Crawl.py for tasks to queue
[2026-05-05T06:40:13.118+0000] {logging_mixin.py:190} INFO - [2026-05-05T06:40:13.117+0000] {dagbag.py:588} INFO - Filling up the DagBag from /opt/airflow/dags/ETL_Without_Crawl.py
[2026-05-05T06:40:13.134+0000] {processor.py:925} INFO - DAG(s) 'etl_without_crawl' retrieved from /opt/airflow/dags/ETL_Without_Crawl.py
[2026-05-05T06:40:13.175+0000] {logging_mixin.py:190} INFO - [2026-05-05T06:40:13.174+0000] {dag.py:3239} INFO - Sync 1 DAGs
[2026-05-05T06:40:13.199+0000] {logging_mixin.py:190} INFO - [2026-05-05T06:40:13.198+0000] {dag.py:4180} INFO - Setting next_dagrun for etl_without_crawl to None, run_after=None
[2026-05-05T06:40:13.233+0000] {processor.py:208} INFO - Processing /opt/airflow/dags/ETL_Without_Crawl.py took 0.124 seconds
[2026-05-05T06:40:43.370+0000] {processor.py:186} INFO - Started process (PID=174) to work on /opt/airflow/dags/ETL_Without_Crawl.py
[2026-05-05T06:40:43.371+0000] {processor.py:914} INFO - Processing file /opt/airflow/dags/ETL_Without_Crawl.py for tasks to queue
[2026-05-05T06:40:43.374+0000] {logging_mixin.py:190} INFO - [2026-05-05T06:40:43.374+0000] {dagbag.py:588} INFO - Filling up the DagBag from /opt/airflow/dags/ETL_Without_Crawl.py
[2026-05-05T06:40:43.410+0000] {processor.py:925} INFO - DAG(s) 'etl_without_crawl' retrieved from /opt/airflow/dags/ETL_Without_Crawl.py
[2026-05-05T06:40:43.488+0000] {logging_mixin.py:190} INFO - [2026-05-05T06:40:43.487+0000] {dag.py:3239} INFO - Sync 1 DAGs
[2026-05-05T06:40:43.531+0000] {logging_mixin.py:190} INFO - [2026-05-05T06:40:43.530+0000] {dag.py:4180} INFO - Setting next_dagrun for etl_without_crawl to None, run_after=None
[2026-05-05T06:40:43.595+0000] {processor.py:208} INFO - Processing /opt/airflow/dags/ETL_Without_Crawl.py took 0.243 seconds
