[2026-03-30T08:22:02.146+0000] {local_task_job_runner.py:123} INFO - ::group::Pre task execution logs
[2026-03-30T08:22:02.196+0000] {taskinstance.py:2614} INFO - Dependencies all met for dep_context=non-requeueable deps ti=<TaskInstance: crawl_etl_itjob.load_bronze scheduled__2026-03-29T02:00:00+00:00 [queued]>
[2026-03-30T08:22:02.207+0000] {taskinstance.py:2614} INFO - Dependencies all met for dep_context=requeueable deps ti=<TaskInstance: crawl_etl_itjob.load_bronze scheduled__2026-03-29T02:00:00+00:00 [queued]>
[2026-03-30T08:22:02.208+0000] {taskinstance.py:2867} INFO - Starting attempt 1 of 2
[2026-03-30T08:22:02.227+0000] {taskinstance.py:2890} INFO - Executing <Task(BashOperator): load_bronze> on 2026-03-29 02:00:00+00:00
[2026-03-30T08:22:02.233+0000] {standard_task_runner.py:72} INFO - Started process 113 to run task
[2026-03-30T08:22:02.237+0000] {standard_task_runner.py:104} INFO - Running: ['***', 'tasks', 'run', 'crawl_etl_itjob', 'load_bronze', 'scheduled__2026-03-29T02:00:00+00:00', '--job-id', '753', '--raw', '--subdir', 'DAGS_FOLDER/Crawl_ETL_ITJob.py', '--cfg-path', '/tmp/tmpmr7s9u34']
[2026-03-30T08:22:02.238+0000] {standard_task_runner.py:105} INFO - Job 753: Subtask load_bronze
[2026-03-30T08:22:02.259+0000] {warnings.py:109} WARNING - /home/***/.local/lib/python3.8/site-packages/***/settings.py:209: DeprecationWarning: The sql_alchemy_conn option in [core] has been moved to the sql_alchemy_conn option in [database] - the old setting has been used, but please update your config.
  SQL_ALCHEMY_CONN = conf.get("database", "SQL_ALCHEMY_CONN")

[2026-03-30T08:22:02.326+0000] {task_command.py:467} INFO - Running <TaskInstance: crawl_etl_itjob.load_bronze scheduled__2026-03-29T02:00:00+00:00 [running]> on host b48ab74ce2ed
[2026-03-30T08:22:02.327+0000] {warnings.py:109} WARNING - /home/***/.local/lib/python3.8/site-packages/***/settings.py:470: DeprecationWarning: The sql_alchemy_conn option in [core] has been moved to the sql_alchemy_conn option in [database] - the old setting has been used, but please update your config.
  if conf.get("database", "sql_alchemy_conn") == "none://":

[2026-03-30T08:22:02.436+0000] {taskinstance.py:3134} INFO - Exporting env vars: AIRFLOW_CTX_DAG_EMAIL='hoa856856@gmail.com' AIRFLOW_CTX_DAG_OWNER='***' AIRFLOW_CTX_DAG_ID='crawl_etl_itjob' AIRFLOW_CTX_TASK_ID='load_bronze' AIRFLOW_CTX_EXECUTION_DATE='2026-03-29T02:00:00+00:00' AIRFLOW_CTX_TRY_NUMBER='1' AIRFLOW_CTX_DAG_RUN_ID='scheduled__2026-03-29T02:00:00+00:00'
[2026-03-30T08:22:02.438+0000] {taskinstance.py:732} INFO - ::endgroup::
[2026-03-30T08:22:02.449+0000] {subprocess.py:78} INFO - Tmp dir root location: /tmp
[2026-03-30T08:22:02.450+0000] {subprocess.py:88} INFO - Running command: ['/bin/bash', '-c', "\n        docker exec spark-submit bash -c '\n        /opt/spark/bin/spark-submit         --master spark://spark-master:7077         --deploy-mode client         --packages org.apache.iceberg:iceberg-spark-runtime-3.5_2.12:1.5.0,org.apache.hadoop:hadoop-aws:3.3.4,com.amazonaws:aws-java-sdk-bundle:1.12.262         /opt/spark/scripts/Load_Bronze.py\n        '\n        "]
[2026-03-30T08:22:02.459+0000] {subprocess.py:99} INFO - Output:
[2026-03-30T08:22:02.562+0000] {subprocess.py:106} INFO - /opt/spark/bin/load-spark-env.sh: line 68: ps: command not found
[2026-03-30T08:22:04.403+0000] {subprocess.py:106} INFO - :: loading settings :: url = jar:file:/opt/spark/jars/ivy-2.5.1.jar!/org/apache/ivy/core/settings/ivysettings.xml
[2026-03-30T08:22:04.535+0000] {subprocess.py:106} INFO - Ivy Default Cache set to: /home/spark/.ivy2/cache
[2026-03-30T08:22:04.535+0000] {subprocess.py:106} INFO - The jars for the packages stored in: /home/spark/.ivy2/jars
[2026-03-30T08:22:04.541+0000] {subprocess.py:106} INFO - org.apache.iceberg#iceberg-spark-runtime-3.5_2.12 added as a dependency
[2026-03-30T08:22:04.542+0000] {subprocess.py:106} INFO - org.apache.hadoop#hadoop-aws added as a dependency
[2026-03-30T08:22:04.543+0000] {subprocess.py:106} INFO - com.amazonaws#aws-java-sdk-bundle added as a dependency
[2026-03-30T08:22:04.544+0000] {subprocess.py:106} INFO - :: resolving dependencies :: org.apache.spark#spark-submit-parent-86bdc14e-76f1-423a-8846-67f94a10b3fc;1.0
[2026-03-30T08:22:04.544+0000] {subprocess.py:106} INFO - 	confs: [default]
[2026-03-30T08:22:04.658+0000] {subprocess.py:106} INFO - 	found org.apache.iceberg#iceberg-spark-runtime-3.5_2.12;1.5.0 in central
[2026-03-30T08:22:04.731+0000] {subprocess.py:106} INFO - 	found org.apache.hadoop#hadoop-aws;3.3.4 in central
[2026-03-30T08:22:04.759+0000] {subprocess.py:106} INFO - 	found com.amazonaws#aws-java-sdk-bundle;1.12.262 in central
[2026-03-30T08:22:04.784+0000] {subprocess.py:106} INFO - 	found org.wildfly.openssl#wildfly-openssl;1.0.7.Final in central
[2026-03-30T08:22:04.809+0000] {subprocess.py:106} INFO - :: resolution report :: resolve 255ms :: artifacts dl 11ms
[2026-03-30T08:22:04.810+0000] {subprocess.py:106} INFO - 	:: modules in use:
[2026-03-30T08:22:04.811+0000] {subprocess.py:106} INFO - 	com.amazonaws#aws-java-sdk-bundle;1.12.262 from central in [default]
[2026-03-30T08:22:04.812+0000] {subprocess.py:106} INFO - 	org.apache.hadoop#hadoop-aws;3.3.4 from central in [default]
[2026-03-30T08:22:04.813+0000] {subprocess.py:106} INFO - 	org.apache.iceberg#iceberg-spark-runtime-3.5_2.12;1.5.0 from central in [default]
[2026-03-30T08:22:04.813+0000] {subprocess.py:106} INFO - 	org.wildfly.openssl#wildfly-openssl;1.0.7.Final from central in [default]
[2026-03-30T08:22:04.814+0000] {subprocess.py:106} INFO - 	---------------------------------------------------------------------
[2026-03-30T08:22:04.815+0000] {subprocess.py:106} INFO - 	|                  |            modules            ||   artifacts   |
[2026-03-30T08:22:04.817+0000] {subprocess.py:106} INFO - 	|       conf       | number| search|dwnlded|evicted|| number|dwnlded|
[2026-03-30T08:22:04.818+0000] {subprocess.py:106} INFO - 	---------------------------------------------------------------------
[2026-03-30T08:22:04.818+0000] {subprocess.py:106} INFO - 	|      default     |   4   |   0   |   0   |   0   ||   4   |   0   |
[2026-03-30T08:22:04.819+0000] {subprocess.py:106} INFO - 	---------------------------------------------------------------------
[2026-03-30T08:22:04.820+0000] {subprocess.py:106} INFO - :: retrieving :: org.apache.spark#spark-submit-parent-86bdc14e-76f1-423a-8846-67f94a10b3fc
[2026-03-30T08:22:04.820+0000] {subprocess.py:106} INFO - 	confs: [default]
[2026-03-30T08:22:04.827+0000] {subprocess.py:106} INFO - 	0 artifacts copied, 4 already retrieved (0kB/10ms)
[2026-03-30T08:22:05.110+0000] {subprocess.py:106} INFO - 26/03/30 08:22:05 WARN NativeCodeLoader: Unable to load native-hadoop library for your platform... using builtin-java classes where applicable
[2026-03-30T08:22:06.363+0000] {subprocess.py:106} INFO - 26/03/30 08:22:06 INFO SparkContext: Running Spark version 3.5.3
[2026-03-30T08:22:06.364+0000] {subprocess.py:106} INFO - 26/03/30 08:22:06 INFO SparkContext: OS info Linux, 6.6.87.2-microsoft-standard-WSL2, amd64
[2026-03-30T08:22:06.364+0000] {subprocess.py:106} INFO - 26/03/30 08:22:06 INFO SparkContext: Java version 11.0.30
[2026-03-30T08:22:06.390+0000] {subprocess.py:106} INFO - 26/03/30 08:22:06 INFO ResourceUtils: ==============================================================
[2026-03-30T08:22:06.391+0000] {subprocess.py:106} INFO - 26/03/30 08:22:06 INFO ResourceUtils: No custom resources configured for spark.driver.
[2026-03-30T08:22:06.391+0000] {subprocess.py:106} INFO - 26/03/30 08:22:06 INFO ResourceUtils: ==============================================================
[2026-03-30T08:22:06.392+0000] {subprocess.py:106} INFO - 26/03/30 08:22:06 INFO SparkContext: Submitted application: Load_Bronze_MinIO_Iceberg
[2026-03-30T08:22:06.424+0000] {subprocess.py:106} INFO - 26/03/30 08:22:06 INFO ResourceProfile: Default ResourceProfile created, executor resources: Map(memory -> name: memory, amount: 1024, script: , vendor: , offHeap -> name: offHeap, amount: 0, script: , vendor: ), task resources: Map(cpus -> name: cpus, amount: 1.0)
[2026-03-30T08:22:06.438+0000] {subprocess.py:106} INFO - 26/03/30 08:22:06 INFO ResourceProfile: Limiting resource is cpu
[2026-03-30T08:22:06.439+0000] {subprocess.py:106} INFO - 26/03/30 08:22:06 INFO ResourceProfileManager: Added ResourceProfile id: 0
[2026-03-30T08:22:06.511+0000] {subprocess.py:106} INFO - 26/03/30 08:22:06 INFO SecurityManager: Changing view acls to: spark
[2026-03-30T08:22:06.512+0000] {subprocess.py:106} INFO - 26/03/30 08:22:06 INFO SecurityManager: Changing modify acls to: spark
[2026-03-30T08:22:06.513+0000] {subprocess.py:106} INFO - 26/03/30 08:22:06 INFO SecurityManager: Changing view acls groups to:
[2026-03-30T08:22:06.514+0000] {subprocess.py:106} INFO - 26/03/30 08:22:06 INFO SecurityManager: Changing modify acls groups to:
[2026-03-30T08:22:06.515+0000] {subprocess.py:106} INFO - 26/03/30 08:22:06 INFO SecurityManager: SecurityManager: authentication disabled; ui acls disabled; users with view permissions: spark; groups with view permissions: EMPTY; users with modify permissions: spark; groups with modify permissions: EMPTY
[2026-03-30T08:22:06.776+0000] {subprocess.py:106} INFO - 26/03/30 08:22:06 INFO Utils: Successfully started service 'sparkDriver' on port 38119.
[2026-03-30T08:22:06.806+0000] {subprocess.py:106} INFO - 26/03/30 08:22:06 INFO SparkEnv: Registering MapOutputTracker
[2026-03-30T08:22:06.845+0000] {subprocess.py:106} INFO - 26/03/30 08:22:06 INFO SparkEnv: Registering BlockManagerMaster
[2026-03-30T08:22:06.861+0000] {subprocess.py:106} INFO - 26/03/30 08:22:06 INFO BlockManagerMasterEndpoint: Using org.apache.spark.storage.DefaultTopologyMapper for getting topology information
[2026-03-30T08:22:06.862+0000] {subprocess.py:106} INFO - 26/03/30 08:22:06 INFO BlockManagerMasterEndpoint: BlockManagerMasterEndpoint up
[2026-03-30T08:22:06.866+0000] {subprocess.py:106} INFO - 26/03/30 08:22:06 INFO SparkEnv: Registering BlockManagerMasterHeartbeat
[2026-03-30T08:22:06.887+0000] {subprocess.py:106} INFO - 26/03/30 08:22:06 INFO DiskBlockManager: Created local directory at /tmp/blockmgr-41e1fc2b-57cb-468e-b2bf-d297c3403b76
[2026-03-30T08:22:06.899+0000] {subprocess.py:106} INFO - 26/03/30 08:22:06 INFO MemoryStore: MemoryStore started with capacity 434.4 MiB
[2026-03-30T08:22:06.913+0000] {subprocess.py:106} INFO - 26/03/30 08:22:06 INFO SparkEnv: Registering OutputCommitCoordinator
[2026-03-30T08:22:07.029+0000] {subprocess.py:106} INFO - 26/03/30 08:22:07 INFO JettyUtils: Start Jetty 0.0.0.0:4040 for SparkUI
[2026-03-30T08:22:07.082+0000] {subprocess.py:106} INFO - 26/03/30 08:22:07 INFO Utils: Successfully started service 'SparkUI' on port 4040.
[2026-03-30T08:22:07.121+0000] {subprocess.py:106} INFO - 26/03/30 08:22:07 INFO SparkContext: Added JAR file:///home/spark/.ivy2/jars/org.apache.iceberg_iceberg-spark-runtime-3.5_2.12-1.5.0.jar at spark://d0f687c55036:38119/jars/org.apache.iceberg_iceberg-spark-runtime-3.5_2.12-1.5.0.jar with timestamp 1774858926353
[2026-03-30T08:22:07.121+0000] {subprocess.py:106} INFO - 26/03/30 08:22:07 INFO SparkContext: Added JAR file:///home/spark/.ivy2/jars/org.apache.hadoop_hadoop-aws-3.3.4.jar at spark://d0f687c55036:38119/jars/org.apache.hadoop_hadoop-aws-3.3.4.jar with timestamp 1774858926353
[2026-03-30T08:22:07.122+0000] {subprocess.py:106} INFO - 26/03/30 08:22:07 INFO SparkContext: Added JAR file:///home/spark/.ivy2/jars/com.amazonaws_aws-java-sdk-bundle-1.12.262.jar at spark://d0f687c55036:38119/jars/com.amazonaws_aws-java-sdk-bundle-1.12.262.jar with timestamp 1774858926353
[2026-03-30T08:22:07.122+0000] {subprocess.py:106} INFO - 26/03/30 08:22:07 INFO SparkContext: Added JAR file:///home/spark/.ivy2/jars/org.wildfly.openssl_wildfly-openssl-1.0.7.Final.jar at spark://d0f687c55036:38119/jars/org.wildfly.openssl_wildfly-openssl-1.0.7.Final.jar with timestamp 1774858926353
[2026-03-30T08:22:07.128+0000] {subprocess.py:106} INFO - 26/03/30 08:22:07 INFO SparkContext: Added file file:///home/spark/.ivy2/jars/org.apache.iceberg_iceberg-spark-runtime-3.5_2.12-1.5.0.jar at spark://d0f687c55036:38119/files/org.apache.iceberg_iceberg-spark-runtime-3.5_2.12-1.5.0.jar with timestamp 1774858926353
[2026-03-30T08:22:07.130+0000] {subprocess.py:106} INFO - 26/03/30 08:22:07 INFO Utils: Copying /home/spark/.ivy2/jars/org.apache.iceberg_iceberg-spark-runtime-3.5_2.12-1.5.0.jar to /tmp/spark-58a30814-c418-4091-9d06-ef1f835b6622/userFiles-8a102eb4-ee38-4a0f-aa51-8a6b29e9601d/org.apache.iceberg_iceberg-spark-runtime-3.5_2.12-1.5.0.jar
[2026-03-30T08:22:07.203+0000] {subprocess.py:106} INFO - 26/03/30 08:22:07 INFO SparkContext: Added file file:///home/spark/.ivy2/jars/org.apache.hadoop_hadoop-aws-3.3.4.jar at spark://d0f687c55036:38119/files/org.apache.hadoop_hadoop-aws-3.3.4.jar with timestamp 1774858926353
[2026-03-30T08:22:07.204+0000] {subprocess.py:106} INFO - 26/03/30 08:22:07 INFO Utils: Copying /home/spark/.ivy2/jars/org.apache.hadoop_hadoop-aws-3.3.4.jar to /tmp/spark-58a30814-c418-4091-9d06-ef1f835b6622/userFiles-8a102eb4-ee38-4a0f-aa51-8a6b29e9601d/org.apache.hadoop_hadoop-aws-3.3.4.jar
[2026-03-30T08:22:07.208+0000] {subprocess.py:106} INFO - 26/03/30 08:22:07 INFO SparkContext: Added file file:///home/spark/.ivy2/jars/com.amazonaws_aws-java-sdk-bundle-1.12.262.jar at spark://d0f687c55036:38119/files/com.amazonaws_aws-java-sdk-bundle-1.12.262.jar with timestamp 1774858926353
[2026-03-30T08:22:07.208+0000] {subprocess.py:106} INFO - 26/03/30 08:22:07 INFO Utils: Copying /home/spark/.ivy2/jars/com.amazonaws_aws-java-sdk-bundle-1.12.262.jar to /tmp/spark-58a30814-c418-4091-9d06-ef1f835b6622/userFiles-8a102eb4-ee38-4a0f-aa51-8a6b29e9601d/com.amazonaws_aws-java-sdk-bundle-1.12.262.jar
[2026-03-30T08:22:07.612+0000] {subprocess.py:106} INFO - 26/03/30 08:22:07 INFO SparkContext: Added file file:///home/spark/.ivy2/jars/org.wildfly.openssl_wildfly-openssl-1.0.7.Final.jar at spark://d0f687c55036:38119/files/org.wildfly.openssl_wildfly-openssl-1.0.7.Final.jar with timestamp 1774858926353
[2026-03-30T08:22:07.613+0000] {subprocess.py:106} INFO - 26/03/30 08:22:07 INFO Utils: Copying /home/spark/.ivy2/jars/org.wildfly.openssl_wildfly-openssl-1.0.7.Final.jar to /tmp/spark-58a30814-c418-4091-9d06-ef1f835b6622/userFiles-8a102eb4-ee38-4a0f-aa51-8a6b29e9601d/org.wildfly.openssl_wildfly-openssl-1.0.7.Final.jar
[2026-03-30T08:22:07.693+0000] {subprocess.py:106} INFO - 26/03/30 08:22:07 INFO StandaloneAppClient$ClientEndpoint: Connecting to master spark://spark-master:7077...
[2026-03-30T08:22:07.733+0000] {subprocess.py:106} INFO - 26/03/30 08:22:07 INFO TransportClientFactory: Successfully created connection to spark-master/172.30.0.6:7077 after 24 ms (0 ms spent in bootstraps)
[2026-03-30T08:22:07.839+0000] {subprocess.py:106} INFO - 26/03/30 08:22:07 INFO StandaloneSchedulerBackend: Connected to Spark cluster with app ID app-20260330082207-0003
[2026-03-30T08:22:07.840+0000] {subprocess.py:106} INFO - 26/03/30 08:22:07 INFO StandaloneAppClient$ClientEndpoint: Executor added: app-20260330082207-0003/0 on worker-20260330075541-172.30.0.8-46023 (172.30.0.8:46023) with 8 core(s)
[2026-03-30T08:22:07.843+0000] {subprocess.py:106} INFO - 26/03/30 08:22:07 INFO StandaloneSchedulerBackend: Granted executor ID app-20260330082207-0003/0 on hostPort 172.30.0.8:46023 with 8 core(s), 1024.0 MiB RAM
[2026-03-30T08:22:07.852+0000] {subprocess.py:106} INFO - 26/03/30 08:22:07 INFO Utils: Successfully started service 'org.apache.spark.network.netty.NettyBlockTransferService' on port 39119.
[2026-03-30T08:22:07.853+0000] {subprocess.py:106} INFO - 26/03/30 08:22:07 INFO NettyBlockTransferService: Server created on d0f687c55036:39119
[2026-03-30T08:22:07.856+0000] {subprocess.py:106} INFO - 26/03/30 08:22:07 INFO BlockManager: Using org.apache.spark.storage.RandomBlockReplicationPolicy for block replication policy
[2026-03-30T08:22:07.865+0000] {subprocess.py:106} INFO - 26/03/30 08:22:07 INFO BlockManagerMaster: Registering BlockManager BlockManagerId(driver, d0f687c55036, 39119, None)
[2026-03-30T08:22:07.871+0000] {subprocess.py:106} INFO - 26/03/30 08:22:07 INFO BlockManagerMasterEndpoint: Registering block manager d0f687c55036:39119 with 434.4 MiB RAM, BlockManagerId(driver, d0f687c55036, 39119, None)
[2026-03-30T08:22:07.876+0000] {subprocess.py:106} INFO - 26/03/30 08:22:07 INFO BlockManagerMaster: Registered BlockManager BlockManagerId(driver, d0f687c55036, 39119, None)
[2026-03-30T08:22:07.878+0000] {subprocess.py:106} INFO - 26/03/30 08:22:07 INFO BlockManager: Initialized BlockManager: BlockManagerId(driver, d0f687c55036, 39119, None)
[2026-03-30T08:22:07.908+0000] {subprocess.py:106} INFO - 26/03/30 08:22:07 INFO StandaloneAppClient$ClientEndpoint: Executor updated: app-20260330082207-0003/0 is now RUNNING
[2026-03-30T08:22:08.150+0000] {subprocess.py:106} INFO - 26/03/30 08:22:08 INFO StandaloneSchedulerBackend: SchedulerBackend is ready for scheduling beginning after reached minRegisteredResourcesRatio: 0.0
[2026-03-30T08:22:08.483+0000] {subprocess.py:106} INFO - Reading data from: s3a://warehouse/raw/itviec_jobs_full.csv
[2026-03-30T08:22:08.491+0000] {subprocess.py:106} INFO - 26/03/30 08:22:08 INFO SharedState: Setting hive.metastore.warehouse.dir ('null') to the value of spark.sql.warehouse.dir.
[2026-03-30T08:22:08.495+0000] {subprocess.py:106} INFO - 26/03/30 08:22:08 INFO SharedState: Warehouse path is 'file:/opt/spark/spark-warehouse'.
[2026-03-30T08:22:10.340+0000] {subprocess.py:106} INFO - 26/03/30 08:22:10 WARN MetricsConfig: Cannot locate configuration: tried hadoop-metrics2-s3a-file-system.properties,hadoop-metrics2.properties
[2026-03-30T08:22:10.363+0000] {subprocess.py:106} INFO - 26/03/30 08:22:10 INFO MetricsSystemImpl: Scheduled Metric snapshot period at 10 second(s).
[2026-03-30T08:22:10.363+0000] {subprocess.py:106} INFO - 26/03/30 08:22:10 INFO MetricsSystemImpl: s3a-file-system metrics system started
[2026-03-30T08:22:11.660+0000] {subprocess.py:106} INFO - 26/03/30 08:22:11 INFO StandaloneSchedulerBackend$StandaloneDriverEndpoint: Registered executor NettyRpcEndpointRef(spark-client://Executor) (172.30.0.8:45372) with ID 0,  ResourceProfileId 0
[2026-03-30T08:22:11.841+0000] {subprocess.py:106} INFO - 26/03/30 08:22:11 INFO BlockManagerMasterEndpoint: Registering block manager 172.30.0.8:45911 with 434.4 MiB RAM, BlockManagerId(0, 172.30.0.8, 45911, None)
[2026-03-30T08:22:12.386+0000] {subprocess.py:106} INFO - 26/03/30 08:22:12 INFO InMemoryFileIndex: It took 134 ms to list leaf files for 1 paths.
[2026-03-30T08:22:12.619+0000] {subprocess.py:106} INFO - 26/03/30 08:22:12 INFO MemoryStore: Block broadcast_0 stored as values in memory (estimated size 206.2 KiB, free 434.2 MiB)
[2026-03-30T08:22:12.716+0000] {subprocess.py:106} INFO - 26/03/30 08:22:12 INFO MemoryStore: Block broadcast_0_piece0 stored as bytes in memory (estimated size 36.1 KiB, free 434.2 MiB)
[2026-03-30T08:22:12.721+0000] {subprocess.py:106} INFO - 26/03/30 08:22:12 INFO BlockManagerInfo: Added broadcast_0_piece0 in memory on d0f687c55036:39119 (size: 36.1 KiB, free: 434.4 MiB)
[2026-03-30T08:22:12.728+0000] {subprocess.py:106} INFO - 26/03/30 08:22:12 INFO SparkContext: Created broadcast 0 from csv at NativeMethodAccessorImpl.java:0
[2026-03-30T08:22:13.374+0000] {subprocess.py:106} INFO - 26/03/30 08:22:13 INFO FileInputFormat: Total input files to process : 1
[2026-03-30T08:22:13.389+0000] {subprocess.py:106} INFO - 26/03/30 08:22:13 INFO FileInputFormat: Total input files to process : 1
[2026-03-30T08:22:13.464+0000] {subprocess.py:106} INFO - 26/03/30 08:22:13 INFO SparkContext: Starting job: csv at NativeMethodAccessorImpl.java:0
[2026-03-30T08:22:13.487+0000] {subprocess.py:106} INFO - 26/03/30 08:22:13 INFO DAGScheduler: Got job 0 (csv at NativeMethodAccessorImpl.java:0) with 1 output partitions
[2026-03-30T08:22:13.488+0000] {subprocess.py:106} INFO - 26/03/30 08:22:13 INFO DAGScheduler: Final stage: ResultStage 0 (csv at NativeMethodAccessorImpl.java:0)
[2026-03-30T08:22:13.489+0000] {subprocess.py:106} INFO - 26/03/30 08:22:13 INFO DAGScheduler: Parents of final stage: List()
[2026-03-30T08:22:13.494+0000] {subprocess.py:106} INFO - 26/03/30 08:22:13 INFO DAGScheduler: Missing parents: List()
[2026-03-30T08:22:13.510+0000] {subprocess.py:106} INFO - 26/03/30 08:22:13 INFO DAGScheduler: Submitting ResultStage 0 (MapPartitionsRDD[2] at csv at NativeMethodAccessorImpl.java:0), which has no missing parents
[2026-03-30T08:22:13.536+0000] {subprocess.py:106} INFO - 26/03/30 08:22:13 INFO MemoryStore: Block broadcast_1 stored as values in memory (estimated size 7.6 KiB, free 434.2 MiB)
[2026-03-30T08:22:13.551+0000] {subprocess.py:106} INFO - 26/03/30 08:22:13 INFO MemoryStore: Block broadcast_1_piece0 stored as bytes in memory (estimated size 4.4 KiB, free 434.2 MiB)
[2026-03-30T08:22:13.555+0000] {subprocess.py:106} INFO - 26/03/30 08:22:13 INFO BlockManagerInfo: Added broadcast_1_piece0 in memory on d0f687c55036:39119 (size: 4.4 KiB, free: 434.4 MiB)
[2026-03-30T08:22:13.556+0000] {subprocess.py:106} INFO - 26/03/30 08:22:13 INFO SparkContext: Created broadcast 1 from broadcast at DAGScheduler.scala:1585
[2026-03-30T08:22:13.592+0000] {subprocess.py:106} INFO - 26/03/30 08:22:13 INFO DAGScheduler: Submitting 1 missing tasks from ResultStage 0 (MapPartitionsRDD[2] at csv at NativeMethodAccessorImpl.java:0) (first 15 tasks are for partitions Vector(0))
[2026-03-30T08:22:13.598+0000] {subprocess.py:106} INFO - 26/03/30 08:22:13 INFO TaskSchedulerImpl: Adding task set 0.0 with 1 tasks resource profile 0
[2026-03-30T08:22:15.553+0000] {subprocess.py:106} INFO - 26/03/30 08:22:15 INFO TaskSetManager: Starting task 0.0 in stage 0.0 (TID 0) (172.30.0.8, executor 0, partition 0, PROCESS_LOCAL, 10108 bytes)
[2026-03-30T08:22:15.870+0000] {subprocess.py:106} INFO - 26/03/30 08:22:15 INFO BlockManagerInfo: Added broadcast_1_piece0 in memory on 172.30.0.8:45911 (size: 4.4 KiB, free: 434.4 MiB)
[2026-03-30T08:22:16.096+0000] {subprocess.py:106} INFO - 26/03/30 08:22:16 INFO BlockManagerInfo: Added broadcast_0_piece0 in memory on 172.30.0.8:45911 (size: 36.1 KiB, free: 434.4 MiB)
[2026-03-30T08:22:17.514+0000] {subprocess.py:106} INFO - 26/03/30 08:22:17 INFO TaskSetManager: Finished task 0.0 in stage 0.0 (TID 0) in 1989 ms on 172.30.0.8 (executor 0) (1/1)
[2026-03-30T08:22:17.517+0000] {subprocess.py:106} INFO - 26/03/30 08:22:17 INFO TaskSchedulerImpl: Removed TaskSet 0.0, whose tasks have all completed, from pool
[2026-03-30T08:22:17.523+0000] {subprocess.py:106} INFO - 26/03/30 08:22:17 INFO DAGScheduler: ResultStage 0 (csv at NativeMethodAccessorImpl.java:0) finished in 3.994 s
[2026-03-30T08:22:17.529+0000] {subprocess.py:106} INFO - 26/03/30 08:22:17 INFO DAGScheduler: Job 0 is finished. Cancelling potential speculative or zombie tasks for this job
[2026-03-30T08:22:17.530+0000] {subprocess.py:106} INFO - 26/03/30 08:22:17 INFO TaskSchedulerImpl: Killing all running tasks in stage 0: Stage finished
[2026-03-30T08:22:17.534+0000] {subprocess.py:106} INFO - 26/03/30 08:22:17 INFO DAGScheduler: Job 0 finished: csv at NativeMethodAccessorImpl.java:0, took 4.068359 s
[2026-03-30T08:22:17.585+0000] {subprocess.py:106} INFO - 26/03/30 08:22:17 INFO SparkContext: Starting job: csv at NativeMethodAccessorImpl.java:0
[2026-03-30T08:22:17.587+0000] {subprocess.py:106} INFO - 26/03/30 08:22:17 INFO DAGScheduler: Got job 1 (csv at NativeMethodAccessorImpl.java:0) with 1 output partitions
[2026-03-30T08:22:17.588+0000] {subprocess.py:106} INFO - 26/03/30 08:22:17 INFO DAGScheduler: Final stage: ResultStage 1 (csv at NativeMethodAccessorImpl.java:0)
[2026-03-30T08:22:17.589+0000] {subprocess.py:106} INFO - 26/03/30 08:22:17 INFO DAGScheduler: Parents of final stage: List()
[2026-03-30T08:22:17.594+0000] {subprocess.py:106} INFO - 26/03/30 08:22:17 INFO DAGScheduler: Missing parents: List()
[2026-03-30T08:22:17.594+0000] {subprocess.py:106} INFO - 26/03/30 08:22:17 INFO DAGScheduler: Submitting ResultStage 1 (MapPartitionsRDD[3] at csv at NativeMethodAccessorImpl.java:0), which has no missing parents
[2026-03-30T08:22:17.595+0000] {subprocess.py:106} INFO - 26/03/30 08:22:17 INFO MemoryStore: Block broadcast_2 stored as values in memory (estimated size 10.1 KiB, free 434.1 MiB)
[2026-03-30T08:22:17.605+0000] {subprocess.py:106} INFO - 26/03/30 08:22:17 INFO MemoryStore: Block broadcast_2_piece0 stored as bytes in memory (estimated size 5.4 KiB, free 434.1 MiB)
[2026-03-30T08:22:17.608+0000] {subprocess.py:106} INFO - 26/03/30 08:22:17 INFO BlockManagerInfo: Added broadcast_2_piece0 in memory on d0f687c55036:39119 (size: 5.4 KiB, free: 434.4 MiB)
[2026-03-30T08:22:17.609+0000] {subprocess.py:106} INFO - 26/03/30 08:22:17 INFO SparkContext: Created broadcast 2 from broadcast at DAGScheduler.scala:1585
[2026-03-30T08:22:17.611+0000] {subprocess.py:106} INFO - 26/03/30 08:22:17 INFO DAGScheduler: Submitting 1 missing tasks from ResultStage 1 (MapPartitionsRDD[3] at csv at NativeMethodAccessorImpl.java:0) (first 15 tasks are for partitions Vector(0))
[2026-03-30T08:22:17.612+0000] {subprocess.py:106} INFO - 26/03/30 08:22:17 INFO TaskSchedulerImpl: Adding task set 1.0 with 1 tasks resource profile 0
[2026-03-30T08:22:17.614+0000] {subprocess.py:106} INFO - 26/03/30 08:22:17 INFO TaskSetManager: Starting task 0.0 in stage 1.0 (TID 1) (172.30.0.8, executor 0, partition 0, PROCESS_LOCAL, 10108 bytes)
[2026-03-30T08:22:17.655+0000] {subprocess.py:106} INFO - 26/03/30 08:22:17 INFO BlockManagerInfo: Removed broadcast_1_piece0 on d0f687c55036:39119 in memory (size: 4.4 KiB, free: 434.4 MiB)
[2026-03-30T08:22:17.665+0000] {subprocess.py:106} INFO - 26/03/30 08:22:17 INFO BlockManagerInfo: Removed broadcast_1_piece0 on 172.30.0.8:45911 in memory (size: 4.4 KiB, free: 434.4 MiB)
[2026-03-30T08:22:17.669+0000] {subprocess.py:106} INFO - 26/03/30 08:22:17 INFO BlockManagerInfo: Added broadcast_2_piece0 in memory on 172.30.0.8:45911 (size: 5.4 KiB, free: 434.4 MiB)
[2026-03-30T08:22:19.023+0000] {subprocess.py:106} INFO - 26/03/30 08:22:19 INFO TaskSetManager: Finished task 0.0 in stage 1.0 (TID 1) in 1409 ms on 172.30.0.8 (executor 0) (1/1)
[2026-03-30T08:22:19.024+0000] {subprocess.py:106} INFO - 26/03/30 08:22:19 INFO TaskSchedulerImpl: Removed TaskSet 1.0, whose tasks have all completed, from pool
[2026-03-30T08:22:19.025+0000] {subprocess.py:106} INFO - 26/03/30 08:22:19 INFO DAGScheduler: ResultStage 1 (csv at NativeMethodAccessorImpl.java:0) finished in 1.431 s
[2026-03-30T08:22:19.025+0000] {subprocess.py:106} INFO - 26/03/30 08:22:19 INFO DAGScheduler: Job 1 is finished. Cancelling potential speculative or zombie tasks for this job
[2026-03-30T08:22:19.026+0000] {subprocess.py:106} INFO - 26/03/30 08:22:19 INFO TaskSchedulerImpl: Killing all running tasks in stage 1: Stage finished
[2026-03-30T08:22:19.031+0000] {subprocess.py:106} INFO - 26/03/30 08:22:19 INFO DAGScheduler: Job 1 finished: csv at NativeMethodAccessorImpl.java:0, took 0.900009 s
[2026-03-30T08:22:20.868+0000] {subprocess.py:106} INFO - 26/03/30 08:22:20 INFO BlockManagerInfo: Removed broadcast_2_piece0 on d0f687c55036:39119 in memory (size: 5.4 KiB, free: 434.4 MiB)
[2026-03-30T08:22:20.869+0000] {subprocess.py:106} INFO - 26/03/30 08:22:20 INFO BlockManagerInfo: Removed broadcast_2_piece0 on 172.30.0.8:45911 in memory (size: 5.4 KiB, free: 434.4 MiB)
[2026-03-30T08:22:21.056+0000] {subprocess.py:106} INFO - 26/03/30 08:22:21 INFO BlockManagerInfo: Removed broadcast_0_piece0 on d0f687c55036:39119 in memory (size: 36.1 KiB, free: 434.4 MiB)
[2026-03-30T08:22:21.058+0000] {subprocess.py:106} INFO - 26/03/30 08:22:21 INFO BlockManagerInfo: Removed broadcast_0_piece0 on 172.30.0.8:45911 in memory (size: 36.1 KiB, free: 434.4 MiB)
[2026-03-30T08:22:21.980+0000] {subprocess.py:106} INFO - 26/03/30 08:22:21 INFO FileSourceStrategy: Pushed Filters:
[2026-03-30T08:22:21.981+0000] {subprocess.py:106} INFO - 26/03/30 08:22:21 INFO FileSourceStrategy: Post-Scan Filters:
[2026-03-30T08:22:22.536+0000] {subprocess.py:106} INFO - 26/03/30 08:22:22 INFO CodeGenerator: Code generated in 243.185279 ms
[2026-03-30T08:22:22.544+0000] {subprocess.py:106} INFO - 26/03/30 08:22:22 INFO MemoryStore: Block broadcast_3 stored as values in memory (estimated size 205.1 KiB, free 434.2 MiB)
[2026-03-30T08:22:22.558+0000] {subprocess.py:106} INFO - 26/03/30 08:22:22 INFO MemoryStore: Block broadcast_3_piece0 stored as bytes in memory (estimated size 36.1 KiB, free 434.2 MiB)
[2026-03-30T08:22:22.559+0000] {subprocess.py:106} INFO - 26/03/30 08:22:22 INFO BlockManagerInfo: Added broadcast_3_piece0 in memory on d0f687c55036:39119 (size: 36.1 KiB, free: 434.4 MiB)
[2026-03-30T08:22:22.563+0000] {subprocess.py:106} INFO - 26/03/30 08:22:22 INFO SparkContext: Created broadcast 3 from count at NativeMethodAccessorImpl.java:0
[2026-03-30T08:22:22.601+0000] {subprocess.py:106} INFO - 26/03/30 08:22:22 INFO FileSourceScanExec: Planning scan with bin packing, max size: 4194304 bytes, open cost is considered as scanning 4194304 bytes.
[2026-03-30T08:22:22.651+0000] {subprocess.py:106} INFO - 26/03/30 08:22:22 INFO DAGScheduler: Registering RDD 7 (count at NativeMethodAccessorImpl.java:0) as input to shuffle 0
[2026-03-30T08:22:22.654+0000] {subprocess.py:106} INFO - 26/03/30 08:22:22 INFO DAGScheduler: Got map stage job 2 (count at NativeMethodAccessorImpl.java:0) with 1 output partitions
[2026-03-30T08:22:22.655+0000] {subprocess.py:106} INFO - 26/03/30 08:22:22 INFO DAGScheduler: Final stage: ShuffleMapStage 2 (count at NativeMethodAccessorImpl.java:0)
[2026-03-30T08:22:22.656+0000] {subprocess.py:106} INFO - 26/03/30 08:22:22 INFO DAGScheduler: Parents of final stage: List()
[2026-03-30T08:22:22.658+0000] {subprocess.py:106} INFO - 26/03/30 08:22:22 INFO DAGScheduler: Missing parents: List()
[2026-03-30T08:22:22.661+0000] {subprocess.py:106} INFO - 26/03/30 08:22:22 INFO DAGScheduler: Submitting ShuffleMapStage 2 (MapPartitionsRDD[7] at count at NativeMethodAccessorImpl.java:0), which has no missing parents
[2026-03-30T08:22:22.692+0000] {subprocess.py:106} INFO - 26/03/30 08:22:22 INFO MemoryStore: Block broadcast_4 stored as values in memory (estimated size 18.1 KiB, free 434.1 MiB)
[2026-03-30T08:22:22.701+0000] {subprocess.py:106} INFO - 26/03/30 08:22:22 INFO MemoryStore: Block broadcast_4_piece0 stored as bytes in memory (estimated size 8.9 KiB, free 434.1 MiB)
[2026-03-30T08:22:22.702+0000] {subprocess.py:106} INFO - 26/03/30 08:22:22 INFO BlockManagerInfo: Added broadcast_4_piece0 in memory on d0f687c55036:39119 (size: 8.9 KiB, free: 434.4 MiB)
[2026-03-30T08:22:22.705+0000] {subprocess.py:106} INFO - 26/03/30 08:22:22 INFO SparkContext: Created broadcast 4 from broadcast at DAGScheduler.scala:1585
[2026-03-30T08:22:22.706+0000] {subprocess.py:106} INFO - 26/03/30 08:22:22 INFO DAGScheduler: Submitting 1 missing tasks from ShuffleMapStage 2 (MapPartitionsRDD[7] at count at NativeMethodAccessorImpl.java:0) (first 15 tasks are for partitions Vector(0))
[2026-03-30T08:22:22.707+0000] {subprocess.py:106} INFO - 26/03/30 08:22:22 INFO TaskSchedulerImpl: Adding task set 2.0 with 1 tasks resource profile 0
[2026-03-30T08:22:22.713+0000] {subprocess.py:106} INFO - 26/03/30 08:22:22 INFO TaskSetManager: Starting task 0.0 in stage 2.0 (TID 2) (172.30.0.8, executor 0, partition 0, PROCESS_LOCAL, 10568 bytes)
[2026-03-30T08:22:22.753+0000] {subprocess.py:106} INFO - 26/03/30 08:22:22 INFO BlockManagerInfo: Added broadcast_4_piece0 in memory on 172.30.0.8:45911 (size: 8.9 KiB, free: 434.4 MiB)
[2026-03-30T08:22:23.281+0000] {subprocess.py:106} INFO - 26/03/30 08:22:23 INFO BlockManagerInfo: Added broadcast_3_piece0 in memory on 172.30.0.8:45911 (size: 36.1 KiB, free: 434.4 MiB)
[2026-03-30T08:22:23.491+0000] {subprocess.py:106} INFO - 26/03/30 08:22:23 INFO TaskSetManager: Finished task 0.0 in stage 2.0 (TID 2) in 782 ms on 172.30.0.8 (executor 0) (1/1)
[2026-03-30T08:22:23.491+0000] {subprocess.py:106} INFO - 26/03/30 08:22:23 INFO TaskSchedulerImpl: Removed TaskSet 2.0, whose tasks have all completed, from pool
[2026-03-30T08:22:23.494+0000] {subprocess.py:106} INFO - 26/03/30 08:22:23 INFO DAGScheduler: ShuffleMapStage 2 (count at NativeMethodAccessorImpl.java:0) finished in 0.829 s
[2026-03-30T08:22:23.495+0000] {subprocess.py:106} INFO - 26/03/30 08:22:23 INFO DAGScheduler: looking for newly runnable stages
[2026-03-30T08:22:23.496+0000] {subprocess.py:106} INFO - 26/03/30 08:22:23 INFO DAGScheduler: running: Set()
[2026-03-30T08:22:23.496+0000] {subprocess.py:106} INFO - 26/03/30 08:22:23 INFO DAGScheduler: waiting: Set()
[2026-03-30T08:22:23.503+0000] {subprocess.py:106} INFO - 26/03/30 08:22:23 INFO DAGScheduler: failed: Set()
[2026-03-30T08:22:23.562+0000] {subprocess.py:106} INFO - 26/03/30 08:22:23 INFO CodeGenerator: Code generated in 17.172282 ms
[2026-03-30T08:22:23.591+0000] {subprocess.py:106} INFO - 26/03/30 08:22:23 INFO SparkContext: Starting job: count at NativeMethodAccessorImpl.java:0
[2026-03-30T08:22:23.594+0000] {subprocess.py:106} INFO - 26/03/30 08:22:23 INFO DAGScheduler: Got job 3 (count at NativeMethodAccessorImpl.java:0) with 1 output partitions
[2026-03-30T08:22:23.595+0000] {subprocess.py:106} INFO - 26/03/30 08:22:23 INFO DAGScheduler: Final stage: ResultStage 4 (count at NativeMethodAccessorImpl.java:0)
[2026-03-30T08:22:23.596+0000] {subprocess.py:106} INFO - 26/03/30 08:22:23 INFO DAGScheduler: Parents of final stage: List(ShuffleMapStage 3)
[2026-03-30T08:22:23.596+0000] {subprocess.py:106} INFO - 26/03/30 08:22:23 INFO DAGScheduler: Missing parents: List()
[2026-03-30T08:22:23.599+0000] {subprocess.py:106} INFO - 26/03/30 08:22:23 INFO DAGScheduler: Submitting ResultStage 4 (MapPartitionsRDD[10] at count at NativeMethodAccessorImpl.java:0), which has no missing parents
[2026-03-30T08:22:23.607+0000] {subprocess.py:106} INFO - 26/03/30 08:22:23 INFO MemoryStore: Block broadcast_5 stored as values in memory (estimated size 12.5 KiB, free 434.1 MiB)
[2026-03-30T08:22:23.619+0000] {subprocess.py:106} INFO - 26/03/30 08:22:23 INFO MemoryStore: Block broadcast_5_piece0 stored as bytes in memory (estimated size 5.9 KiB, free 434.1 MiB)
[2026-03-30T08:22:23.623+0000] {subprocess.py:106} INFO - 26/03/30 08:22:23 INFO BlockManagerInfo: Added broadcast_5_piece0 in memory on d0f687c55036:39119 (size: 5.9 KiB, free: 434.4 MiB)
[2026-03-30T08:22:23.624+0000] {subprocess.py:106} INFO - 26/03/30 08:22:23 INFO BlockManagerInfo: Removed broadcast_4_piece0 on d0f687c55036:39119 in memory (size: 8.9 KiB, free: 434.4 MiB)
[2026-03-30T08:22:23.625+0000] {subprocess.py:106} INFO - 26/03/30 08:22:23 INFO SparkContext: Created broadcast 5 from broadcast at DAGScheduler.scala:1585
[2026-03-30T08:22:23.625+0000] {subprocess.py:106} INFO - 26/03/30 08:22:23 INFO DAGScheduler: Submitting 1 missing tasks from ResultStage 4 (MapPartitionsRDD[10] at count at NativeMethodAccessorImpl.java:0) (first 15 tasks are for partitions Vector(0))
[2026-03-30T08:22:23.626+0000] {subprocess.py:106} INFO - 26/03/30 08:22:23 INFO TaskSchedulerImpl: Adding task set 4.0 with 1 tasks resource profile 0
[2026-03-30T08:22:23.631+0000] {subprocess.py:106} INFO - 26/03/30 08:22:23 INFO BlockManagerInfo: Removed broadcast_4_piece0 on 172.30.0.8:45911 in memory (size: 8.9 KiB, free: 434.4 MiB)
[2026-03-30T08:22:23.634+0000] {subprocess.py:106} INFO - 26/03/30 08:22:23 INFO TaskSetManager: Starting task 0.0 in stage 4.0 (TID 3) (172.30.0.8, executor 0, partition 0, NODE_LOCAL, 9976 bytes)
[2026-03-30T08:22:23.680+0000] {subprocess.py:106} INFO - 26/03/30 08:22:23 INFO BlockManagerInfo: Added broadcast_5_piece0 in memory on 172.30.0.8:45911 (size: 5.9 KiB, free: 434.4 MiB)
[2026-03-30T08:22:23.716+0000] {subprocess.py:106} INFO - 26/03/30 08:22:23 INFO MapOutputTrackerMasterEndpoint: Asked to send map output locations for shuffle 0 to 172.30.0.8:45372
[2026-03-30T08:22:23.854+0000] {subprocess.py:106} INFO - 26/03/30 08:22:23 INFO TaskSetManager: Finished task 0.0 in stage 4.0 (TID 3) in 222 ms on 172.30.0.8 (executor 0) (1/1)
[2026-03-30T08:22:23.856+0000] {subprocess.py:106} INFO - 26/03/30 08:22:23 INFO TaskSchedulerImpl: Removed TaskSet 4.0, whose tasks have all completed, from pool
[2026-03-30T08:22:23.859+0000] {subprocess.py:106} INFO - 26/03/30 08:22:23 INFO DAGScheduler: ResultStage 4 (count at NativeMethodAccessorImpl.java:0) finished in 0.251 s
[2026-03-30T08:22:23.860+0000] {subprocess.py:106} INFO - 26/03/30 08:22:23 INFO DAGScheduler: Job 3 is finished. Cancelling potential speculative or zombie tasks for this job
[2026-03-30T08:22:23.862+0000] {subprocess.py:106} INFO - 26/03/30 08:22:23 INFO TaskSchedulerImpl: Killing all running tasks in stage 4: Stage finished
[2026-03-30T08:22:23.863+0000] {subprocess.py:106} INFO - 26/03/30 08:22:23 INFO DAGScheduler: Job 3 finished: count at NativeMethodAccessorImpl.java:0, took 0.268310 s
[2026-03-30T08:22:23.873+0000] {subprocess.py:106} INFO -  Record loaded from CSV: 13606
[2026-03-30T08:22:23.877+0000] {subprocess.py:106} INFO - root
[2026-03-30T08:22:23.878+0000] {subprocess.py:106} INFO -  |-- job_title: string (nullable = true)
[2026-03-30T08:22:23.879+0000] {subprocess.py:106} INFO -  |-- company_name: string (nullable = true)
[2026-03-30T08:22:23.881+0000] {subprocess.py:106} INFO -  |-- location: string (nullable = true)
[2026-03-30T08:22:23.883+0000] {subprocess.py:106} INFO -  |-- skills_required: string (nullable = true)
[2026-03-30T08:22:23.884+0000] {subprocess.py:106} INFO -  |-- date_posted: timestamp (nullable = true)
[2026-03-30T08:22:23.885+0000] {subprocess.py:106} INFO -  |-- job_link: string (nullable = true)
[2026-03-30T08:22:23.886+0000] {subprocess.py:106} INFO -  |-- job_category: string (nullable = true)
[2026-03-30T08:22:23.890+0000] {subprocess.py:106} INFO -  |-- work_mode: string (nullable = true)
[2026-03-30T08:22:23.895+0000] {subprocess.py:106} INFO -  |-- crawl_date: timestamp (nullable = true)
[2026-03-30T08:22:23.895+0000] {subprocess.py:106} INFO -  |-- date_only: date (nullable = true)
[2026-03-30T08:22:23.896+0000] {subprocess.py:106} INFO - 
[2026-03-30T08:22:24.061+0000] {subprocess.py:106} INFO - 26/03/30 08:22:24 INFO BlockManagerInfo: Removed broadcast_5_piece0 on d0f687c55036:39119 in memory (size: 5.9 KiB, free: 434.4 MiB)
[2026-03-30T08:22:24.066+0000] {subprocess.py:106} INFO - 26/03/30 08:22:24 INFO BlockManagerInfo: Removed broadcast_5_piece0 on 172.30.0.8:45911 in memory (size: 5.9 KiB, free: 434.4 MiB)
[2026-03-30T08:22:24.233+0000] {subprocess.py:106} INFO - 26/03/30 08:22:24 INFO HiveConf: Found configuration file null
[2026-03-30T08:22:24.262+0000] {subprocess.py:106} INFO - 26/03/30 08:22:24 INFO BlockManagerInfo: Removed broadcast_3_piece0 on d0f687c55036:39119 in memory (size: 36.1 KiB, free: 434.4 MiB)
[2026-03-30T08:22:24.264+0000] {subprocess.py:106} INFO - 26/03/30 08:22:24 INFO BlockManagerInfo: Removed broadcast_3_piece0 on 172.30.0.8:45911 in memory (size: 36.1 KiB, free: 434.4 MiB)
[2026-03-30T08:22:24.460+0000] {subprocess.py:106} INFO - 26/03/30 08:22:24 INFO metastore: Trying to connect to metastore with URI thrift://hive-metastore:9083
[2026-03-30T08:22:24.484+0000] {subprocess.py:106} INFO - 26/03/30 08:22:24 INFO metastore: Opened a connection to metastore, current connections: 1
[2026-03-30T08:22:24.512+0000] {subprocess.py:106} INFO - 26/03/30 08:22:24 INFO metastore: Connected to metastore.
[2026-03-30T08:22:24.713+0000] {subprocess.py:106} INFO - 26/03/30 08:22:24 INFO BaseMetastoreTableOperations: Refreshing table metadata from new version: s3a://warehouse/iceberg_data/bronze.db/it_jobs_raw/metadata/00023-78890187-7307-49e5-82cf-742e2720280f.metadata.json
[2026-03-30T08:22:25.083+0000] {subprocess.py:106} INFO - 26/03/30 08:22:25 INFO BaseMetastoreCatalog: Table loaded by catalog: iceberg.bronze.it_jobs_raw
[2026-03-30T08:22:25.092+0000] {subprocess.py:106} INFO - Table iceberg.bronze.it_jobs_raw exists. Checking for new records...
[2026-03-30T08:22:25.333+0000] {subprocess.py:106} INFO - 26/03/30 08:22:25 INFO V2ScanRelationPushDown:
[2026-03-30T08:22:25.339+0000] {subprocess.py:106} INFO - Pushing operators to iceberg.bronze.it_jobs_raw
[2026-03-30T08:22:25.339+0000] {subprocess.py:106} INFO - Pushed Filters: job_link IS NOT NULL
[2026-03-30T08:22:25.340+0000] {subprocess.py:106} INFO - Post-Scan Filters: isnotnull(job_link#79)
[2026-03-30T08:22:25.341+0000] {subprocess.py:106} INFO - 
[2026-03-30T08:22:25.389+0000] {subprocess.py:106} INFO - 26/03/30 08:22:25 INFO V2ScanRelationPushDown:
[2026-03-30T08:22:25.389+0000] {subprocess.py:106} INFO - Output: job_link#79
[2026-03-30T08:22:25.390+0000] {subprocess.py:106} INFO - 
[2026-03-30T08:22:25.406+0000] {subprocess.py:106} INFO - 26/03/30 08:22:25 INFO SnapshotScan: Scanning table iceberg.bronze.it_jobs_raw snapshot 4754332444769296934 created at 2026-03-30T08:08:20.432+00:00 with filter job_link IS NOT NULL
[2026-03-30T08:22:25.619+0000] {subprocess.py:106} INFO - 26/03/30 08:22:25 INFO BaseDistributedDataScan: Planning file tasks locally for table iceberg.bronze.it_jobs_raw
[2026-03-30T08:22:27.117+0000] {subprocess.py:106} INFO - 26/03/30 08:22:27 INFO SparkPartitioningAwareScan: Reporting UnknownPartitioning with 6 partition(s) for table iceberg.bronze.it_jobs_raw
[2026-03-30T08:22:28.042+0000] {subprocess.py:106} INFO - 26/03/30 08:22:27 INFO FileSourceStrategy: Pushed Filters:
[2026-03-30T08:22:28.042+0000] {subprocess.py:106} INFO - 26/03/30 08:22:27 INFO FileSourceStrategy: Post-Scan Filters:
[2026-03-30T08:22:28.043+0000] {subprocess.py:106} INFO - 26/03/30 08:22:27 INFO MemoryStore: Block broadcast_6 stored as values in memory (estimated size 32.0 KiB, free 434.4 MiB)
[2026-03-30T08:22:28.176+0000] {subprocess.py:106} INFO - 26/03/30 08:22:28 INFO MemoryStore: Block broadcast_6_piece0 stored as bytes in memory (estimated size 30.2 KiB, free 434.3 MiB)
[2026-03-30T08:22:28.178+0000] {subprocess.py:106} INFO - 26/03/30 08:22:28 INFO BlockManagerInfo: Added broadcast_6_piece0 in memory on d0f687c55036:39119 (size: 30.2 KiB, free: 434.4 MiB)
[2026-03-30T08:22:28.179+0000] {subprocess.py:106} INFO - 26/03/30 08:22:28 INFO SparkContext: Created broadcast 6 from broadcast at SparkBatch.java:79
[2026-03-30T08:22:28.197+0000] {subprocess.py:106} INFO - 26/03/30 08:22:28 INFO MemoryStore: Block broadcast_7 stored as values in memory (estimated size 32.0 KiB, free 434.3 MiB)
[2026-03-30T08:22:28.202+0000] {subprocess.py:106} INFO - 26/03/30 08:22:28 INFO MemoryStore: Block broadcast_7_piece0 stored as bytes in memory (estimated size 30.2 KiB, free 434.3 MiB)
[2026-03-30T08:22:28.203+0000] {subprocess.py:106} INFO - 26/03/30 08:22:28 INFO BlockManagerInfo: Added broadcast_7_piece0 in memory on d0f687c55036:39119 (size: 30.2 KiB, free: 434.3 MiB)
[2026-03-30T08:22:28.204+0000] {subprocess.py:106} INFO - 26/03/30 08:22:28 INFO SparkContext: Created broadcast 7 from broadcast at SparkBatch.java:79
[2026-03-30T08:22:28.305+0000] {subprocess.py:106} INFO - 26/03/30 08:22:28 INFO CodeGenerator: Code generated in 22.392802 ms
[2026-03-30T08:22:28.334+0000] {subprocess.py:106} INFO - 26/03/30 08:22:28 INFO SparkContext: Starting job: $anonfun$withThreadLocalCaptured$1 at FutureTask.java:264
[2026-03-30T08:22:28.335+0000] {subprocess.py:106} INFO - 26/03/30 08:22:28 INFO DAGScheduler: Got job 4 ($anonfun$withThreadLocalCaptured$1 at FutureTask.java:264) with 6 output partitions
[2026-03-30T08:22:28.339+0000] {subprocess.py:106} INFO - 26/03/30 08:22:28 INFO DAGScheduler: Final stage: ResultStage 5 ($anonfun$withThreadLocalCaptured$1 at FutureTask.java:264)
[2026-03-30T08:22:28.339+0000] {subprocess.py:106} INFO - 26/03/30 08:22:28 INFO DAGScheduler: Parents of final stage: List()
[2026-03-30T08:22:28.340+0000] {subprocess.py:106} INFO - 26/03/30 08:22:28 INFO DAGScheduler: Missing parents: List()
[2026-03-30T08:22:28.341+0000] {subprocess.py:106} INFO - 26/03/30 08:22:28 INFO DAGScheduler: Submitting ResultStage 5 (MapPartitionsRDD[14] at $anonfun$withThreadLocalCaptured$1 at FutureTask.java:264), which has no missing parents
[2026-03-30T08:22:28.343+0000] {subprocess.py:106} INFO - 26/03/30 08:22:28 INFO MemoryStore: Block broadcast_8 stored as values in memory (estimated size 13.7 KiB, free 434.3 MiB)
[2026-03-30T08:22:28.356+0000] {subprocess.py:106} INFO - 26/03/30 08:22:28 INFO MemoryStore: Block broadcast_8_piece0 stored as bytes in memory (estimated size 5.5 KiB, free 434.3 MiB)
[2026-03-30T08:22:28.357+0000] {subprocess.py:106} INFO - 26/03/30 08:22:28 INFO BlockManagerInfo: Added broadcast_8_piece0 in memory on d0f687c55036:39119 (size: 5.5 KiB, free: 434.3 MiB)
[2026-03-30T08:22:28.361+0000] {subprocess.py:106} INFO - 26/03/30 08:22:28 INFO SparkContext: Created broadcast 8 from broadcast at DAGScheduler.scala:1585
[2026-03-30T08:22:28.362+0000] {subprocess.py:106} INFO - 26/03/30 08:22:28 INFO DAGScheduler: Submitting 6 missing tasks from ResultStage 5 (MapPartitionsRDD[14] at $anonfun$withThreadLocalCaptured$1 at FutureTask.java:264) (first 15 tasks are for partitions Vector(0, 1, 2, 3, 4, 5))
[2026-03-30T08:22:28.363+0000] {subprocess.py:106} INFO - 26/03/30 08:22:28 INFO TaskSchedulerImpl: Adding task set 5.0 with 6 tasks resource profile 0
[2026-03-30T08:22:28.384+0000] {subprocess.py:106} INFO - 26/03/30 08:22:28 INFO TaskSetManager: Starting task 0.0 in stage 5.0 (TID 4) (172.30.0.8, executor 0, partition 0, PROCESS_LOCAL, 16347 bytes)
[2026-03-30T08:22:28.387+0000] {subprocess.py:106} INFO - 26/03/30 08:22:28 INFO TaskSetManager: Starting task 1.0 in stage 5.0 (TID 5) (172.30.0.8, executor 0, partition 1, PROCESS_LOCAL, 16345 bytes)
[2026-03-30T08:22:28.392+0000] {subprocess.py:106} INFO - 26/03/30 08:22:28 INFO TaskSetManager: Starting task 2.0 in stage 5.0 (TID 6) (172.30.0.8, executor 0, partition 2, PROCESS_LOCAL, 16346 bytes)
[2026-03-30T08:22:28.396+0000] {subprocess.py:106} INFO - 26/03/30 08:22:28 INFO TaskSetManager: Starting task 3.0 in stage 5.0 (TID 7) (172.30.0.8, executor 0, partition 3, PROCESS_LOCAL, 16347 bytes)
[2026-03-30T08:22:28.400+0000] {subprocess.py:106} INFO - 26/03/30 08:22:28 INFO TaskSetManager: Starting task 4.0 in stage 5.0 (TID 8) (172.30.0.8, executor 0, partition 4, PROCESS_LOCAL, 16347 bytes)
[2026-03-30T08:22:28.405+0000] {subprocess.py:106} INFO - 26/03/30 08:22:28 INFO TaskSetManager: Starting task 5.0 in stage 5.0 (TID 9) (172.30.0.8, executor 0, partition 5, PROCESS_LOCAL, 16345 bytes)
[2026-03-30T08:22:28.812+0000] {subprocess.py:106} INFO - 26/03/30 08:22:28 INFO BlockManagerInfo: Added broadcast_8_piece0 in memory on 172.30.0.8:45911 (size: 5.5 KiB, free: 434.4 MiB)
[2026-03-30T08:22:28.897+0000] {subprocess.py:106} INFO - 26/03/30 08:22:28 INFO BlockManagerInfo: Added broadcast_7_piece0 in memory on 172.30.0.8:45911 (size: 30.2 KiB, free: 434.4 MiB)
[2026-03-30T08:22:30.286+0000] {subprocess.py:106} INFO - 26/03/30 08:22:30 INFO TaskSetManager: Finished task 3.0 in stage 5.0 (TID 7) in 1894 ms on 172.30.0.8 (executor 0) (1/6)
[2026-03-30T08:22:30.304+0000] {subprocess.py:106} INFO - 26/03/30 08:22:30 INFO TaskSetManager: Finished task 4.0 in stage 5.0 (TID 8) in 1905 ms on 172.30.0.8 (executor 0) (2/6)
[2026-03-30T08:22:30.315+0000] {subprocess.py:106} INFO - 26/03/30 08:22:30 INFO TaskSetManager: Finished task 5.0 in stage 5.0 (TID 9) in 1914 ms on 172.30.0.8 (executor 0) (3/6)
[2026-03-30T08:22:30.319+0000] {subprocess.py:106} INFO - 26/03/30 08:22:30 INFO TaskSetManager: Finished task 0.0 in stage 5.0 (TID 4) in 1957 ms on 172.30.0.8 (executor 0) (4/6)
[2026-03-30T08:22:30.352+0000] {subprocess.py:106} INFO - 26/03/30 08:22:30 INFO TaskSetManager: Finished task 1.0 in stage 5.0 (TID 5) in 1967 ms on 172.30.0.8 (executor 0) (5/6)
[2026-03-30T08:22:30.375+0000] {subprocess.py:106} INFO - 26/03/30 08:22:30 INFO TaskSetManager: Finished task 2.0 in stage 5.0 (TID 6) in 1987 ms on 172.30.0.8 (executor 0) (6/6)
[2026-03-30T08:22:30.378+0000] {subprocess.py:106} INFO - 26/03/30 08:22:30 INFO TaskSchedulerImpl: Removed TaskSet 5.0, whose tasks have all completed, from pool
[2026-03-30T08:22:30.379+0000] {subprocess.py:106} INFO - 26/03/30 08:22:30 INFO DAGScheduler: ResultStage 5 ($anonfun$withThreadLocalCaptured$1 at FutureTask.java:264) finished in 2.036 s
[2026-03-30T08:22:30.380+0000] {subprocess.py:106} INFO - 26/03/30 08:22:30 INFO DAGScheduler: Job 4 is finished. Cancelling potential speculative or zombie tasks for this job
[2026-03-30T08:22:30.381+0000] {subprocess.py:106} INFO - 26/03/30 08:22:30 INFO TaskSchedulerImpl: Killing all running tasks in stage 5: Stage finished
[2026-03-30T08:22:30.381+0000] {subprocess.py:106} INFO - 26/03/30 08:22:30 INFO DAGScheduler: Job 4 finished: $anonfun$withThreadLocalCaptured$1 at FutureTask.java:264, took 2.042659 s
[2026-03-30T08:22:30.419+0000] {subprocess.py:106} INFO - 26/03/30 08:22:30 INFO BlockManagerInfo: Removed broadcast_8_piece0 on d0f687c55036:39119 in memory (size: 5.5 KiB, free: 434.3 MiB)
[2026-03-30T08:22:30.423+0000] {subprocess.py:106} INFO - 26/03/30 08:22:30 INFO BlockManagerInfo: Removed broadcast_8_piece0 on 172.30.0.8:45911 in memory (size: 5.5 KiB, free: 434.4 MiB)
[2026-03-30T08:22:30.443+0000] {subprocess.py:106} INFO - 26/03/30 08:22:30 INFO CodeGenerator: Code generated in 19.614061 ms
[2026-03-30T08:22:30.601+0000] {subprocess.py:106} INFO - 26/03/30 08:22:30 INFO MemoryStore: Block broadcast_9_piece0 stored as bytes in memory (estimated size 743.9 KiB, free 433.6 MiB)
[2026-03-30T08:22:30.603+0000] {subprocess.py:106} INFO - 26/03/30 08:22:30 INFO BlockManagerInfo: Added broadcast_9_piece0 in memory on d0f687c55036:39119 (size: 743.9 KiB, free: 433.6 MiB)
[2026-03-30T08:22:30.606+0000] {subprocess.py:106} INFO - 26/03/30 08:22:30 INFO SparkContext: Created broadcast 9 from $anonfun$withThreadLocalCaptured$1 at FutureTask.java:264
[2026-03-30T08:22:30.616+0000] {subprocess.py:106} INFO - 26/03/30 08:22:30 INFO FileSourceStrategy: Pushed Filters:
[2026-03-30T08:22:30.617+0000] {subprocess.py:106} INFO - 26/03/30 08:22:30 INFO FileSourceStrategy: Post-Scan Filters:
[2026-03-30T08:22:30.673+0000] {subprocess.py:106} INFO - 26/03/30 08:22:30 INFO CodeGenerator: Code generated in 20.972144 ms
[2026-03-30T08:22:30.678+0000] {subprocess.py:106} INFO - 26/03/30 08:22:30 INFO MemoryStore: Block broadcast_10 stored as values in memory (estimated size 205.1 KiB, free 433.4 MiB)
[2026-03-30T08:22:30.698+0000] {subprocess.py:106} INFO - 26/03/30 08:22:30 INFO MemoryStore: Block broadcast_10_piece0 stored as bytes in memory (estimated size 36.1 KiB, free 433.3 MiB)
[2026-03-30T08:22:30.701+0000] {subprocess.py:106} INFO - 26/03/30 08:22:30 INFO BlockManagerInfo: Added broadcast_10_piece0 in memory on d0f687c55036:39119 (size: 36.1 KiB, free: 433.6 MiB)
[2026-03-30T08:22:30.703+0000] {subprocess.py:106} INFO - 26/03/30 08:22:30 INFO SparkContext: Created broadcast 10 from count at NativeMethodAccessorImpl.java:0
[2026-03-30T08:22:30.705+0000] {subprocess.py:106} INFO - 26/03/30 08:22:30 INFO FileSourceScanExec: Planning scan with bin packing, max size: 4194304 bytes, open cost is considered as scanning 4194304 bytes.
[2026-03-30T08:22:30.716+0000] {subprocess.py:106} INFO - 26/03/30 08:22:30 INFO DAGScheduler: Registering RDD 18 (count at NativeMethodAccessorImpl.java:0) as input to shuffle 1
[2026-03-30T08:22:30.717+0000] {subprocess.py:106} INFO - 26/03/30 08:22:30 INFO DAGScheduler: Got map stage job 5 (count at NativeMethodAccessorImpl.java:0) with 1 output partitions
[2026-03-30T08:22:30.718+0000] {subprocess.py:106} INFO - 26/03/30 08:22:30 INFO DAGScheduler: Final stage: ShuffleMapStage 6 (count at NativeMethodAccessorImpl.java:0)
[2026-03-30T08:22:30.718+0000] {subprocess.py:106} INFO - 26/03/30 08:22:30 INFO DAGScheduler: Parents of final stage: List()
[2026-03-30T08:22:30.719+0000] {subprocess.py:106} INFO - 26/03/30 08:22:30 INFO DAGScheduler: Missing parents: List()
[2026-03-30T08:22:30.721+0000] {subprocess.py:106} INFO - 26/03/30 08:22:30 INFO DAGScheduler: Submitting ShuffleMapStage 6 (MapPartitionsRDD[18] at count at NativeMethodAccessorImpl.java:0), which has no missing parents
[2026-03-30T08:22:30.725+0000] {subprocess.py:106} INFO - 26/03/30 08:22:30 INFO MemoryStore: Block broadcast_11 stored as values in memory (estimated size 20.2 KiB, free 433.3 MiB)
[2026-03-30T08:22:30.727+0000] {subprocess.py:106} INFO - 26/03/30 08:22:30 INFO MemoryStore: Block broadcast_11_piece0 stored as bytes in memory (estimated size 9.7 KiB, free 433.3 MiB)
[2026-03-30T08:22:30.728+0000] {subprocess.py:106} INFO - 26/03/30 08:22:30 INFO BlockManagerInfo: Added broadcast_11_piece0 in memory on d0f687c55036:39119 (size: 9.7 KiB, free: 433.6 MiB)
[2026-03-30T08:22:30.729+0000] {subprocess.py:106} INFO - 26/03/30 08:22:30 INFO SparkContext: Created broadcast 11 from broadcast at DAGScheduler.scala:1585
[2026-03-30T08:22:30.730+0000] {subprocess.py:106} INFO - 26/03/30 08:22:30 INFO DAGScheduler: Submitting 1 missing tasks from ShuffleMapStage 6 (MapPartitionsRDD[18] at count at NativeMethodAccessorImpl.java:0) (first 15 tasks are for partitions Vector(0))
[2026-03-30T08:22:30.731+0000] {subprocess.py:106} INFO - 26/03/30 08:22:30 INFO TaskSchedulerImpl: Adding task set 6.0 with 1 tasks resource profile 0
[2026-03-30T08:22:30.748+0000] {subprocess.py:106} INFO - 26/03/30 08:22:30 INFO TaskSetManager: Starting task 0.0 in stage 6.0 (TID 10) (172.30.0.8, executor 0, partition 0, PROCESS_LOCAL, 10568 bytes)
[2026-03-30T08:22:30.766+0000] {subprocess.py:106} INFO - 26/03/30 08:22:30 INFO BlockManagerInfo: Added broadcast_11_piece0 in memory on 172.30.0.8:45911 (size: 9.7 KiB, free: 434.4 MiB)
[2026-03-30T08:22:30.812+0000] {subprocess.py:106} INFO - 26/03/30 08:22:30 INFO BlockManagerInfo: Added broadcast_9_piece0 in memory on 172.30.0.8:45911 (size: 743.9 KiB, free: 433.6 MiB)
[2026-03-30T08:22:30.940+0000] {subprocess.py:106} INFO - 26/03/30 08:22:30 INFO BlockManagerInfo: Added broadcast_10_piece0 in memory on 172.30.0.8:45911 (size: 36.1 KiB, free: 433.6 MiB)
[2026-03-30T08:22:31.090+0000] {subprocess.py:106} INFO - 26/03/30 08:22:31 INFO TaskSetManager: Finished task 0.0 in stage 6.0 (TID 10) in 357 ms on 172.30.0.8 (executor 0) (1/1)
[2026-03-30T08:22:31.099+0000] {subprocess.py:106} INFO - 26/03/30 08:22:31 INFO TaskSchedulerImpl: Removed TaskSet 6.0, whose tasks have all completed, from pool
[2026-03-30T08:22:31.099+0000] {subprocess.py:106} INFO - 26/03/30 08:22:31 INFO DAGScheduler: ShuffleMapStage 6 (count at NativeMethodAccessorImpl.java:0) finished in 0.370 s
[2026-03-30T08:22:31.100+0000] {subprocess.py:106} INFO - 26/03/30 08:22:31 INFO DAGScheduler: looking for newly runnable stages
[2026-03-30T08:22:31.101+0000] {subprocess.py:106} INFO - 26/03/30 08:22:31 INFO DAGScheduler: running: Set()
[2026-03-30T08:22:31.102+0000] {subprocess.py:106} INFO - 26/03/30 08:22:31 INFO DAGScheduler: waiting: Set()
[2026-03-30T08:22:31.102+0000] {subprocess.py:106} INFO - 26/03/30 08:22:31 INFO DAGScheduler: failed: Set()
[2026-03-30T08:22:31.130+0000] {subprocess.py:106} INFO - 26/03/30 08:22:31 INFO CodeGenerator: Code generated in 17.037421 ms
[2026-03-30T08:22:31.146+0000] {subprocess.py:106} INFO - 26/03/30 08:22:31 INFO SparkContext: Starting job: count at NativeMethodAccessorImpl.java:0
[2026-03-30T08:22:31.148+0000] {subprocess.py:106} INFO - 26/03/30 08:22:31 INFO DAGScheduler: Got job 6 (count at NativeMethodAccessorImpl.java:0) with 1 output partitions
[2026-03-30T08:22:31.149+0000] {subprocess.py:106} INFO - 26/03/30 08:22:31 INFO DAGScheduler: Final stage: ResultStage 8 (count at NativeMethodAccessorImpl.java:0)
[2026-03-30T08:22:31.149+0000] {subprocess.py:106} INFO - 26/03/30 08:22:31 INFO DAGScheduler: Parents of final stage: List(ShuffleMapStage 7)
[2026-03-30T08:22:31.150+0000] {subprocess.py:106} INFO - 26/03/30 08:22:31 INFO DAGScheduler: Missing parents: List()
[2026-03-30T08:22:31.151+0000] {subprocess.py:106} INFO - 26/03/30 08:22:31 INFO DAGScheduler: Submitting ResultStage 8 (MapPartitionsRDD[21] at count at NativeMethodAccessorImpl.java:0), which has no missing parents
[2026-03-30T08:22:31.153+0000] {subprocess.py:106} INFO - 26/03/30 08:22:31 INFO MemoryStore: Block broadcast_12 stored as values in memory (estimated size 12.5 KiB, free 433.3 MiB)
[2026-03-30T08:22:31.171+0000] {subprocess.py:106} INFO - 26/03/30 08:22:31 INFO MemoryStore: Block broadcast_12_piece0 stored as bytes in memory (estimated size 5.9 KiB, free 433.3 MiB)
[2026-03-30T08:22:31.172+0000] {subprocess.py:106} INFO - 26/03/30 08:22:31 INFO BlockManagerInfo: Added broadcast_12_piece0 in memory on d0f687c55036:39119 (size: 5.9 KiB, free: 433.6 MiB)
[2026-03-30T08:22:31.173+0000] {subprocess.py:106} INFO - 26/03/30 08:22:31 INFO SparkContext: Created broadcast 12 from broadcast at DAGScheduler.scala:1585
[2026-03-30T08:22:31.175+0000] {subprocess.py:106} INFO - 26/03/30 08:22:31 INFO DAGScheduler: Submitting 1 missing tasks from ResultStage 8 (MapPartitionsRDD[21] at count at NativeMethodAccessorImpl.java:0) (first 15 tasks are for partitions Vector(0))
[2026-03-30T08:22:31.178+0000] {subprocess.py:106} INFO - 26/03/30 08:22:31 INFO BlockManagerInfo: Removed broadcast_11_piece0 on d0f687c55036:39119 in memory (size: 9.7 KiB, free: 433.6 MiB)
[2026-03-30T08:22:31.179+0000] {subprocess.py:106} INFO - 26/03/30 08:22:31 INFO TaskSchedulerImpl: Adding task set 8.0 with 1 tasks resource profile 0
[2026-03-30T08:22:31.180+0000] {subprocess.py:106} INFO - 26/03/30 08:22:31 INFO BlockManagerInfo: Removed broadcast_11_piece0 on 172.30.0.8:45911 in memory (size: 9.7 KiB, free: 433.6 MiB)
[2026-03-30T08:22:31.180+0000] {subprocess.py:106} INFO - 26/03/30 08:22:31 INFO TaskSetManager: Starting task 0.0 in stage 8.0 (TID 11) (172.30.0.8, executor 0, partition 0, NODE_LOCAL, 9976 bytes)
[2026-03-30T08:22:31.196+0000] {subprocess.py:106} INFO - 26/03/30 08:22:31 INFO BlockManagerInfo: Added broadcast_12_piece0 in memory on 172.30.0.8:45911 (size: 5.9 KiB, free: 433.6 MiB)
[2026-03-30T08:22:31.204+0000] {subprocess.py:106} INFO - 26/03/30 08:22:31 INFO MapOutputTrackerMasterEndpoint: Asked to send map output locations for shuffle 1 to 172.30.0.8:45372
[2026-03-30T08:22:31.255+0000] {subprocess.py:106} INFO - 26/03/30 08:22:31 INFO TaskSetManager: Finished task 0.0 in stage 8.0 (TID 11) in 79 ms on 172.30.0.8 (executor 0) (1/1)
[2026-03-30T08:22:31.257+0000] {subprocess.py:106} INFO - 26/03/30 08:22:31 INFO TaskSchedulerImpl: Removed TaskSet 8.0, whose tasks have all completed, from pool
[2026-03-30T08:22:31.257+0000] {subprocess.py:106} INFO - 26/03/30 08:22:31 INFO DAGScheduler: ResultStage 8 (count at NativeMethodAccessorImpl.java:0) finished in 0.104 s
[2026-03-30T08:22:31.258+0000] {subprocess.py:106} INFO - 26/03/30 08:22:31 INFO DAGScheduler: Job 6 is finished. Cancelling potential speculative or zombie tasks for this job
[2026-03-30T08:22:31.258+0000] {subprocess.py:106} INFO - 26/03/30 08:22:31 INFO TaskSchedulerImpl: Killing all running tasks in stage 8: Stage finished
[2026-03-30T08:22:31.260+0000] {subprocess.py:106} INFO - 26/03/30 08:22:31 INFO DAGScheduler: Job 6 finished: count at NativeMethodAccessorImpl.java:0, took 0.112248 s
[2026-03-30T08:22:31.261+0000] {subprocess.py:106} INFO -  New records to append: 1006
[2026-03-30T08:22:31.346+0000] {subprocess.py:106} INFO - 26/03/30 08:22:31 INFO V2ScanRelationPushDown:
[2026-03-30T08:22:31.347+0000] {subprocess.py:106} INFO - Pushing operators to iceberg.bronze.it_jobs_raw
[2026-03-30T08:22:31.348+0000] {subprocess.py:106} INFO - Pushed Filters: job_link IS NOT NULL
[2026-03-30T08:22:31.348+0000] {subprocess.py:106} INFO - Post-Scan Filters: isnotnull(job_link#79)
[2026-03-30T08:22:31.349+0000] {subprocess.py:106} INFO - 
[2026-03-30T08:22:31.349+0000] {subprocess.py:106} INFO - 26/03/30 08:22:31 INFO V2ScanRelationPushDown:
[2026-03-30T08:22:31.350+0000] {subprocess.py:106} INFO - Output: job_link#79
[2026-03-30T08:22:31.350+0000] {subprocess.py:106} INFO - 
[2026-03-30T08:22:31.353+0000] {subprocess.py:106} INFO - 26/03/30 08:22:31 INFO SnapshotScan: Scanning table iceberg.bronze.it_jobs_raw snapshot 4754332444769296934 created at 2026-03-30T08:08:20.432+00:00 with filter job_link IS NOT NULL
[2026-03-30T08:22:31.354+0000] {subprocess.py:106} INFO - 26/03/30 08:22:31 INFO BaseDistributedDataScan: Planning file tasks locally for table iceberg.bronze.it_jobs_raw
[2026-03-30T08:22:31.436+0000] {subprocess.py:106} INFO - 26/03/30 08:22:31 INFO BlockManagerInfo: Removed broadcast_12_piece0 on d0f687c55036:39119 in memory (size: 5.9 KiB, free: 433.6 MiB)
[2026-03-30T08:22:31.439+0000] {subprocess.py:106} INFO - 26/03/30 08:22:31 INFO BlockManagerInfo: Removed broadcast_12_piece0 on 172.30.0.8:45911 in memory (size: 5.9 KiB, free: 433.6 MiB)
[2026-03-30T08:22:31.595+0000] {subprocess.py:106} INFO - 26/03/30 08:22:31 INFO SparkPartitioningAwareScan: Reporting UnknownPartitioning with 6 partition(s) for table iceberg.bronze.it_jobs_raw
[2026-03-30T08:22:31.666+0000] {subprocess.py:106} INFO - 26/03/30 08:22:31 INFO BlockManagerInfo: Removed broadcast_6_piece0 on d0f687c55036:39119 in memory (size: 30.2 KiB, free: 433.6 MiB)
[2026-03-30T08:22:31.699+0000] {subprocess.py:106} INFO - 26/03/30 08:22:31 INFO SparkWrite: Requesting 0 bytes advisory partition size for table iceberg.bronze.it_jobs_raw
[2026-03-30T08:22:31.700+0000] {subprocess.py:106} INFO - 26/03/30 08:22:31 INFO SparkWrite: Requesting UnspecifiedDistribution as write distribution for table iceberg.bronze.it_jobs_raw
[2026-03-30T08:22:31.701+0000] {subprocess.py:106} INFO - 26/03/30 08:22:31 INFO SparkWrite: Requesting [] as write ordering for table iceberg.bronze.it_jobs_raw
[2026-03-30T08:22:31.732+0000] {subprocess.py:106} INFO - 26/03/30 08:22:31 INFO FileSourceStrategy: Pushed Filters:
[2026-03-30T08:22:31.733+0000] {subprocess.py:106} INFO - 26/03/30 08:22:31 INFO FileSourceStrategy: Post-Scan Filters:
[2026-03-30T08:22:31.736+0000] {subprocess.py:106} INFO - 26/03/30 08:22:31 INFO MemoryStore: Block broadcast_13 stored as values in memory (estimated size 32.0 KiB, free 433.3 MiB)
[2026-03-30T08:22:31.756+0000] {subprocess.py:106} INFO - 26/03/30 08:22:31 INFO MemoryStore: Block broadcast_13_piece0 stored as bytes in memory (estimated size 30.2 KiB, free 433.3 MiB)
[2026-03-30T08:22:31.768+0000] {subprocess.py:106} INFO - 26/03/30 08:22:31 INFO BlockManagerInfo: Added broadcast_13_piece0 in memory on d0f687c55036:39119 (size: 30.2 KiB, free: 433.6 MiB)
[2026-03-30T08:22:31.770+0000] {subprocess.py:106} INFO - 26/03/30 08:22:31 INFO SparkContext: Created broadcast 13 from broadcast at SparkBatch.java:79
[2026-03-30T08:22:31.785+0000] {subprocess.py:106} INFO - 26/03/30 08:22:31 INFO MemoryStore: Block broadcast_14 stored as values in memory (estimated size 32.0 KiB, free 433.3 MiB)
[2026-03-30T08:22:31.790+0000] {subprocess.py:106} INFO - 26/03/30 08:22:31 INFO MemoryStore: Block broadcast_14_piece0 stored as bytes in memory (estimated size 30.2 KiB, free 433.3 MiB)
[2026-03-30T08:22:31.791+0000] {subprocess.py:106} INFO - 26/03/30 08:22:31 INFO BlockManagerInfo: Added broadcast_14_piece0 in memory on d0f687c55036:39119 (size: 30.2 KiB, free: 433.5 MiB)
[2026-03-30T08:22:31.796+0000] {subprocess.py:106} INFO - 26/03/30 08:22:31 INFO SparkContext: Created broadcast 14 from broadcast at SparkBatch.java:79
[2026-03-30T08:22:31.896+0000] {subprocess.py:106} INFO - 26/03/30 08:22:31 INFO SparkContext: Starting job: $anonfun$withThreadLocalCaptured$1 at FutureTask.java:264
[2026-03-30T08:22:31.898+0000] {subprocess.py:106} INFO - 26/03/30 08:22:31 INFO DAGScheduler: Got job 7 ($anonfun$withThreadLocalCaptured$1 at FutureTask.java:264) with 6 output partitions
[2026-03-30T08:22:31.899+0000] {subprocess.py:106} INFO - 26/03/30 08:22:31 INFO DAGScheduler: Final stage: ResultStage 9 ($anonfun$withThreadLocalCaptured$1 at FutureTask.java:264)
[2026-03-30T08:22:31.900+0000] {subprocess.py:106} INFO - 26/03/30 08:22:31 INFO DAGScheduler: Parents of final stage: List()
[2026-03-30T08:22:31.901+0000] {subprocess.py:106} INFO - 26/03/30 08:22:31 INFO DAGScheduler: Missing parents: List()
[2026-03-30T08:22:31.902+0000] {subprocess.py:106} INFO - 26/03/30 08:22:31 INFO DAGScheduler: Submitting ResultStage 9 (MapPartitionsRDD[25] at $anonfun$withThreadLocalCaptured$1 at FutureTask.java:264), which has no missing parents
[2026-03-30T08:22:31.905+0000] {subprocess.py:106} INFO - 26/03/30 08:22:31 INFO MemoryStore: Block broadcast_15 stored as values in memory (estimated size 13.7 KiB, free 433.2 MiB)
[2026-03-30T08:22:31.917+0000] {subprocess.py:106} INFO - 26/03/30 08:22:31 INFO MemoryStore: Block broadcast_15_piece0 stored as bytes in memory (estimated size 5.5 KiB, free 433.2 MiB)
[2026-03-30T08:22:31.923+0000] {subprocess.py:106} INFO - 26/03/30 08:22:31 INFO BlockManagerInfo: Added broadcast_15_piece0 in memory on d0f687c55036:39119 (size: 5.5 KiB, free: 433.5 MiB)
[2026-03-30T08:22:31.924+0000] {subprocess.py:106} INFO - 26/03/30 08:22:31 INFO SparkContext: Created broadcast 15 from broadcast at DAGScheduler.scala:1585
[2026-03-30T08:22:31.926+0000] {subprocess.py:106} INFO - 26/03/30 08:22:31 INFO DAGScheduler: Submitting 6 missing tasks from ResultStage 9 (MapPartitionsRDD[25] at $anonfun$withThreadLocalCaptured$1 at FutureTask.java:264) (first 15 tasks are for partitions Vector(0, 1, 2, 3, 4, 5))
[2026-03-30T08:22:31.926+0000] {subprocess.py:106} INFO - 26/03/30 08:22:31 INFO TaskSchedulerImpl: Adding task set 9.0 with 6 tasks resource profile 0
[2026-03-30T08:22:31.933+0000] {subprocess.py:106} INFO - 26/03/30 08:22:31 INFO TaskSetManager: Starting task 0.0 in stage 9.0 (TID 12) (172.30.0.8, executor 0, partition 0, PROCESS_LOCAL, 16346 bytes)
[2026-03-30T08:22:31.937+0000] {subprocess.py:106} INFO - 26/03/30 08:22:31 INFO BlockManagerInfo: Removed broadcast_10_piece0 on d0f687c55036:39119 in memory (size: 36.1 KiB, free: 433.6 MiB)
[2026-03-30T08:22:31.938+0000] {subprocess.py:106} INFO - 26/03/30 08:22:31 INFO TaskSetManager: Starting task 1.0 in stage 9.0 (TID 13) (172.30.0.8, executor 0, partition 1, PROCESS_LOCAL, 16346 bytes)
[2026-03-30T08:22:31.939+0000] {subprocess.py:106} INFO - 26/03/30 08:22:31 INFO BlockManagerInfo: Removed broadcast_10_piece0 on 172.30.0.8:45911 in memory (size: 36.1 KiB, free: 433.6 MiB)
[2026-03-30T08:22:31.956+0000] {subprocess.py:106} INFO - 26/03/30 08:22:31 INFO TaskSetManager: Starting task 2.0 in stage 9.0 (TID 14) (172.30.0.8, executor 0, partition 2, PROCESS_LOCAL, 16346 bytes)
[2026-03-30T08:22:31.961+0000] {subprocess.py:106} INFO - 26/03/30 08:22:31 INFO TaskSetManager: Starting task 3.0 in stage 9.0 (TID 15) (172.30.0.8, executor 0, partition 3, PROCESS_LOCAL, 16346 bytes)
[2026-03-30T08:22:31.972+0000] {subprocess.py:106} INFO - 26/03/30 08:22:31 INFO TaskSetManager: Starting task 4.0 in stage 9.0 (TID 16) (172.30.0.8, executor 0, partition 4, PROCESS_LOCAL, 16347 bytes)
[2026-03-30T08:22:31.973+0000] {subprocess.py:106} INFO - 26/03/30 08:22:31 INFO TaskSetManager: Starting task 5.0 in stage 9.0 (TID 17) (172.30.0.8, executor 0, partition 5, PROCESS_LOCAL, 16346 bytes)
[2026-03-30T08:22:32.067+0000] {subprocess.py:106} INFO - 26/03/30 08:22:32 INFO BlockManagerInfo: Added broadcast_15_piece0 in memory on 172.30.0.8:45911 (size: 5.5 KiB, free: 433.6 MiB)
[2026-03-30T08:22:32.103+0000] {subprocess.py:106} INFO - 26/03/30 08:22:32 INFO BlockManagerInfo: Added broadcast_14_piece0 in memory on 172.30.0.8:45911 (size: 30.2 KiB, free: 433.6 MiB)
[2026-03-30T08:22:32.408+0000] {subprocess.py:106} INFO - 26/03/30 08:22:32 INFO TaskSetManager: Finished task 0.0 in stage 9.0 (TID 12) in 479 ms on 172.30.0.8 (executor 0) (1/6)
[2026-03-30T08:22:32.442+0000] {subprocess.py:106} INFO - 26/03/30 08:22:32 INFO TaskSetManager: Finished task 3.0 in stage 9.0 (TID 15) in 482 ms on 172.30.0.8 (executor 0) (2/6)
[2026-03-30T08:22:32.446+0000] {subprocess.py:106} INFO - 26/03/30 08:22:32 INFO TaskSetManager: Finished task 5.0 in stage 9.0 (TID 17) in 475 ms on 172.30.0.8 (executor 0) (3/6)
[2026-03-30T08:22:32.457+0000] {subprocess.py:106} INFO - 26/03/30 08:22:32 INFO TaskSetManager: Finished task 1.0 in stage 9.0 (TID 13) in 523 ms on 172.30.0.8 (executor 0) (4/6)
[2026-03-30T08:22:32.484+0000] {subprocess.py:106} INFO - 26/03/30 08:22:32 INFO TaskSetManager: Finished task 4.0 in stage 9.0 (TID 16) in 522 ms on 172.30.0.8 (executor 0) (5/6)
[2026-03-30T08:22:32.493+0000] {subprocess.py:106} INFO - 26/03/30 08:22:32 INFO TaskSetManager: Finished task 2.0 in stage 9.0 (TID 14) in 555 ms on 172.30.0.8 (executor 0) (6/6)
[2026-03-30T08:22:32.494+0000] {subprocess.py:106} INFO - 26/03/30 08:22:32 INFO TaskSchedulerImpl: Removed TaskSet 9.0, whose tasks have all completed, from pool
[2026-03-30T08:22:32.496+0000] {subprocess.py:106} INFO - 26/03/30 08:22:32 INFO DAGScheduler: ResultStage 9 ($anonfun$withThreadLocalCaptured$1 at FutureTask.java:264) finished in 0.595 s
[2026-03-30T08:22:32.497+0000] {subprocess.py:106} INFO - 26/03/30 08:22:32 INFO DAGScheduler: Job 7 is finished. Cancelling potential speculative or zombie tasks for this job
[2026-03-30T08:22:32.497+0000] {subprocess.py:106} INFO - 26/03/30 08:22:32 INFO TaskSchedulerImpl: Killing all running tasks in stage 9: Stage finished
[2026-03-30T08:22:32.498+0000] {subprocess.py:106} INFO - 26/03/30 08:22:32 INFO DAGScheduler: Job 7 finished: $anonfun$withThreadLocalCaptured$1 at FutureTask.java:264, took 0.603053 s
[2026-03-30T08:22:32.513+0000] {subprocess.py:106} INFO - 26/03/30 08:22:32 INFO BlockManagerInfo: Removed broadcast_15_piece0 on d0f687c55036:39119 in memory (size: 5.5 KiB, free: 433.6 MiB)
[2026-03-30T08:22:32.519+0000] {subprocess.py:106} INFO - 26/03/30 08:22:32 INFO BlockManagerInfo: Removed broadcast_15_piece0 on 172.30.0.8:45911 in memory (size: 5.5 KiB, free: 433.6 MiB)
[2026-03-30T08:22:32.564+0000] {subprocess.py:106} INFO - 26/03/30 08:22:32 INFO MemoryStore: Block broadcast_16_piece0 stored as bytes in memory (estimated size 744.0 KiB, free 432.8 MiB)
[2026-03-30T08:22:32.565+0000] {subprocess.py:106} INFO - 26/03/30 08:22:32 INFO BlockManagerInfo: Added broadcast_16_piece0 in memory on d0f687c55036:39119 (size: 744.0 KiB, free: 432.9 MiB)
[2026-03-30T08:22:32.566+0000] {subprocess.py:106} INFO - 26/03/30 08:22:32 INFO SparkContext: Created broadcast 16 from $anonfun$withThreadLocalCaptured$1 at FutureTask.java:264
[2026-03-30T08:22:32.572+0000] {subprocess.py:106} INFO - 26/03/30 08:22:32 INFO FileSourceStrategy: Pushed Filters:
[2026-03-30T08:22:32.573+0000] {subprocess.py:106} INFO - 26/03/30 08:22:32 INFO FileSourceStrategy: Post-Scan Filters:
[2026-03-30T08:22:32.616+0000] {subprocess.py:106} INFO - 26/03/30 08:22:32 INFO CodeGenerator: Code generated in 24.149771 ms
[2026-03-30T08:22:32.621+0000] {subprocess.py:106} INFO - 26/03/30 08:22:32 INFO MemoryStore: Block broadcast_17 stored as values in memory (estimated size 205.1 KiB, free 432.6 MiB)
[2026-03-30T08:22:32.641+0000] {subprocess.py:106} INFO - 26/03/30 08:22:32 INFO MemoryStore: Block broadcast_17_piece0 stored as bytes in memory (estimated size 36.1 KiB, free 432.5 MiB)
[2026-03-30T08:22:32.642+0000] {subprocess.py:106} INFO - 26/03/30 08:22:32 INFO BlockManagerInfo: Added broadcast_17_piece0 in memory on d0f687c55036:39119 (size: 36.1 KiB, free: 432.8 MiB)
[2026-03-30T08:22:32.644+0000] {subprocess.py:106} INFO - 26/03/30 08:22:32 INFO SparkContext: Created broadcast 17 from append at NativeMethodAccessorImpl.java:0
[2026-03-30T08:22:32.646+0000] {subprocess.py:106} INFO - 26/03/30 08:22:32 INFO FileSourceScanExec: Planning scan with bin packing, max size: 4194304 bytes, open cost is considered as scanning 4194304 bytes.
[2026-03-30T08:22:32.656+0000] {subprocess.py:106} INFO - 26/03/30 08:22:32 INFO MemoryStore: Block broadcast_18 stored as values in memory (estimated size 32.0 KiB, free 432.5 MiB)
[2026-03-30T08:22:32.660+0000] {subprocess.py:106} INFO - 26/03/30 08:22:32 INFO MemoryStore: Block broadcast_18_piece0 stored as bytes in memory (estimated size 30.2 KiB, free 432.5 MiB)
[2026-03-30T08:22:32.661+0000] {subprocess.py:106} INFO - 26/03/30 08:22:32 INFO BlockManagerInfo: Added broadcast_18_piece0 in memory on d0f687c55036:39119 (size: 30.2 KiB, free: 432.8 MiB)
[2026-03-30T08:22:32.666+0000] {subprocess.py:106} INFO - 26/03/30 08:22:32 INFO SparkContext: Created broadcast 18 from broadcast at SparkWrite.java:193
[2026-03-30T08:22:32.667+0000] {subprocess.py:106} INFO - 26/03/30 08:22:32 INFO AppendDataExec: Start processing data source write support: IcebergBatchWrite(table=iceberg.bronze.it_jobs_raw, format=PARQUET). The input RDD has 1 partitions.
[2026-03-30T08:22:32.687+0000] {subprocess.py:106} INFO - 26/03/30 08:22:32 INFO BlockManagerInfo: Removed broadcast_7_piece0 on d0f687c55036:39119 in memory (size: 30.2 KiB, free: 432.8 MiB)
[2026-03-30T08:22:32.688+0000] {subprocess.py:106} INFO - 26/03/30 08:22:32 INFO SparkContext: Starting job: append at NativeMethodAccessorImpl.java:0
[2026-03-30T08:22:32.689+0000] {subprocess.py:106} INFO - 26/03/30 08:22:32 INFO DAGScheduler: Got job 8 (append at NativeMethodAccessorImpl.java:0) with 1 output partitions
[2026-03-30T08:22:32.690+0000] {subprocess.py:106} INFO - 26/03/30 08:22:32 INFO BlockManagerInfo: Removed broadcast_7_piece0 on 172.30.0.8:45911 in memory (size: 30.2 KiB, free: 433.6 MiB)
[2026-03-30T08:22:32.690+0000] {subprocess.py:106} INFO - 26/03/30 08:22:32 INFO DAGScheduler: Final stage: ResultStage 10 (append at NativeMethodAccessorImpl.java:0)
[2026-03-30T08:22:32.691+0000] {subprocess.py:106} INFO - 26/03/30 08:22:32 INFO DAGScheduler: Parents of final stage: List()
[2026-03-30T08:22:32.694+0000] {subprocess.py:106} INFO - 26/03/30 08:22:32 INFO DAGScheduler: Missing parents: List()
[2026-03-30T08:22:32.695+0000] {subprocess.py:106} INFO - 26/03/30 08:22:32 INFO DAGScheduler: Submitting ResultStage 10 (MapPartitionsRDD[28] at append at NativeMethodAccessorImpl.java:0), which has no missing parents
[2026-03-30T08:22:32.705+0000] {subprocess.py:106} INFO - 26/03/30 08:22:32 INFO BlockManagerInfo: Removed broadcast_9_piece0 on 172.30.0.8:45911 in memory (size: 743.9 KiB, free: 434.4 MiB)
[2026-03-30T08:22:32.706+0000] {subprocess.py:106} INFO - 26/03/30 08:22:32 INFO MemoryStore: Block broadcast_19 stored as values in memory (estimated size 22.8 KiB, free 433.2 MiB)
[2026-03-30T08:22:32.707+0000] {subprocess.py:106} INFO - 26/03/30 08:22:32 INFO BlockManagerInfo: Removed broadcast_9_piece0 on d0f687c55036:39119 in memory (size: 743.9 KiB, free: 433.5 MiB)
[2026-03-30T08:22:32.707+0000] {subprocess.py:106} INFO - 26/03/30 08:22:32 INFO MemoryStore: Block broadcast_19_piece0 stored as bytes in memory (estimated size 10.2 KiB, free 433.2 MiB)
[2026-03-30T08:22:32.709+0000] {subprocess.py:106} INFO - 26/03/30 08:22:32 INFO BlockManagerInfo: Added broadcast_19_piece0 in memory on d0f687c55036:39119 (size: 10.2 KiB, free: 433.5 MiB)
[2026-03-30T08:22:32.710+0000] {subprocess.py:106} INFO - 26/03/30 08:22:32 INFO SparkContext: Created broadcast 19 from broadcast at DAGScheduler.scala:1585
[2026-03-30T08:22:32.711+0000] {subprocess.py:106} INFO - 26/03/30 08:22:32 INFO DAGScheduler: Submitting 1 missing tasks from ResultStage 10 (MapPartitionsRDD[28] at append at NativeMethodAccessorImpl.java:0) (first 15 tasks are for partitions Vector(0))
[2026-03-30T08:22:32.711+0000] {subprocess.py:106} INFO - 26/03/30 08:22:32 INFO TaskSchedulerImpl: Adding task set 10.0 with 1 tasks resource profile 0
[2026-03-30T08:22:32.716+0000] {subprocess.py:106} INFO - 26/03/30 08:22:32 INFO TaskSetManager: Starting task 0.0 in stage 10.0 (TID 18) (172.30.0.8, executor 0, partition 0, PROCESS_LOCAL, 10579 bytes)
[2026-03-30T08:22:32.734+0000] {subprocess.py:106} INFO - 26/03/30 08:22:32 INFO BlockManagerInfo: Added broadcast_19_piece0 in memory on 172.30.0.8:45911 (size: 10.2 KiB, free: 434.4 MiB)
[2026-03-30T08:22:32.816+0000] {subprocess.py:106} INFO - 26/03/30 08:22:32 INFO BlockManagerInfo: Added broadcast_16_piece0 in memory on 172.30.0.8:45911 (size: 744.0 KiB, free: 433.6 MiB)
[2026-03-30T08:22:32.857+0000] {subprocess.py:106} INFO - 26/03/30 08:22:32 INFO BlockManagerInfo: Added broadcast_18_piece0 in memory on 172.30.0.8:45911 (size: 30.2 KiB, free: 433.6 MiB)
[2026-03-30T08:22:33.055+0000] {subprocess.py:106} INFO - 26/03/30 08:22:33 INFO BlockManagerInfo: Added broadcast_17_piece0 in memory on 172.30.0.8:45911 (size: 36.1 KiB, free: 433.6 MiB)
[2026-03-30T08:22:33.638+0000] {subprocess.py:106} INFO - 26/03/30 08:22:33 INFO TaskSetManager: Finished task 0.0 in stage 10.0 (TID 18) in 921 ms on 172.30.0.8 (executor 0) (1/1)
[2026-03-30T08:22:33.639+0000] {subprocess.py:106} INFO - 26/03/30 08:22:33 INFO TaskSchedulerImpl: Removed TaskSet 10.0, whose tasks have all completed, from pool
[2026-03-30T08:22:33.644+0000] {subprocess.py:106} INFO - 26/03/30 08:22:33 INFO DAGScheduler: ResultStage 10 (append at NativeMethodAccessorImpl.java:0) finished in 0.946 s
[2026-03-30T08:22:33.645+0000] {subprocess.py:106} INFO - 26/03/30 08:22:33 INFO DAGScheduler: Job 8 is finished. Cancelling potential speculative or zombie tasks for this job
[2026-03-30T08:22:33.649+0000] {subprocess.py:106} INFO - 26/03/30 08:22:33 INFO TaskSchedulerImpl: Killing all running tasks in stage 10: Stage finished
[2026-03-30T08:22:33.655+0000] {subprocess.py:106} INFO - 26/03/30 08:22:33 INFO DAGScheduler: Job 8 finished: append at NativeMethodAccessorImpl.java:0, took 0.956111 s
[2026-03-30T08:22:33.655+0000] {subprocess.py:106} INFO - 26/03/30 08:22:33 INFO AppendDataExec: Data source write support IcebergBatchWrite(table=iceberg.bronze.it_jobs_raw, format=PARQUET) is committing.
[2026-03-30T08:22:33.689+0000] {subprocess.py:106} INFO - 26/03/30 08:22:33 INFO SparkWrite: Committing append with 1 new data files to table iceberg.bronze.it_jobs_raw
[2026-03-30T08:22:33.837+0000] {subprocess.py:106} INFO - 26/03/30 08:22:33 INFO BlockManagerInfo: Removed broadcast_19_piece0 on d0f687c55036:39119 in memory (size: 10.2 KiB, free: 433.5 MiB)
[2026-03-30T08:22:33.840+0000] {subprocess.py:106} INFO - 26/03/30 08:22:33 INFO BlockManagerInfo: Removed broadcast_19_piece0 on 172.30.0.8:45911 in memory (size: 10.2 KiB, free: 433.6 MiB)
[2026-03-30T08:22:34.485+0000] {subprocess.py:106} INFO - 26/03/30 08:22:34 INFO HiveTableOperations: Committed to table iceberg.bronze.it_jobs_raw with the new metadata location s3a://warehouse/iceberg_data/bronze.db/it_jobs_raw/metadata/00024-d4a7e097-74b8-4cc3-b9cb-900e444c204d.metadata.json
[2026-03-30T08:22:34.485+0000] {subprocess.py:106} INFO - 26/03/30 08:22:34 INFO BaseMetastoreTableOperations: Successfully committed to table iceberg.bronze.it_jobs_raw in 232 ms
[2026-03-30T08:22:34.486+0000] {subprocess.py:106} INFO - 26/03/30 08:22:34 INFO SnapshotProducer: Committed snapshot 6170664875370682774 (MergeAppend)
[2026-03-30T08:22:34.496+0000] {subprocess.py:106} INFO - 26/03/30 08:22:34 INFO BaseMetastoreTableOperations: Refreshing table metadata from new version: s3a://warehouse/iceberg_data/bronze.db/it_jobs_raw/metadata/00024-d4a7e097-74b8-4cc3-b9cb-900e444c204d.metadata.json
[2026-03-30T08:22:34.579+0000] {subprocess.py:106} INFO - 26/03/30 08:22:34 INFO LoggingMetricsReporter: Received metrics report: CommitReport{tableName=iceberg.bronze.it_jobs_raw, snapshotId=6170664875370682774, sequenceNumber=25, operation=append, commitMetrics=CommitMetricsResult{totalDuration=TimerResult{timeUnit=NANOSECONDS, totalDuration=PT0.855329668S, count=1}, attempts=CounterResult{unit=COUNT, value=1}, addedDataFiles=CounterResult{unit=COUNT, value=1}, removedDataFiles=null, totalDataFiles=CounterResult{unit=COUNT, value=25}, addedDeleteFiles=null, addedEqualityDeleteFiles=null, addedPositionalDeleteFiles=null, removedDeleteFiles=null, removedEqualityDeleteFiles=null, removedPositionalDeleteFiles=null, totalDeleteFiles=CounterResult{unit=COUNT, value=0}, addedRecords=CounterResult{unit=COUNT, value=1006}, removedRecords=null, totalRecords=CounterResult{unit=COUNT, value=13606}, addedFilesSizeInBytes=CounterResult{unit=BYTES, value=33063}, removedFilesSizeInBytes=null, totalFilesSizeInBytes=CounterResult{unit=BYTES, value=687885}, addedPositionalDeletes=null, removedPositionalDeletes=null, totalPositionalDeletes=CounterResult{unit=COUNT, value=0}, addedEqualityDeletes=null, removedEqualityDeletes=null, totalEqualityDeletes=CounterResult{unit=COUNT, value=0}}, metadata={engine-version=3.5.3, app-id=app-20260330082207-0003, engine-name=spark, iceberg-version=Apache Iceberg 1.6.1 (commit 8e9d59d299be42b0bca9461457cd1e95dbaad086)}}
[2026-03-30T08:22:34.580+0000] {subprocess.py:106} INFO - 26/03/30 08:22:34 INFO SparkWrite: Committed in 889 ms
[2026-03-30T08:22:34.581+0000] {subprocess.py:106} INFO - 26/03/30 08:22:34 INFO AppendDataExec: Data source write support IcebergBatchWrite(table=iceberg.bronze.it_jobs_raw, format=PARQUET) committed.
[2026-03-30T08:22:34.583+0000] {subprocess.py:106} INFO - Append success.
[2026-03-30T08:22:34.583+0000] {subprocess.py:106} INFO - Process finished. Data available at: iceberg.bronze.it_jobs_raw
[2026-03-30T08:22:34.584+0000] {subprocess.py:106} INFO - 26/03/30 08:22:34 INFO SparkContext: SparkContext is stopping with exitCode 0.
[2026-03-30T08:22:34.597+0000] {subprocess.py:106} INFO - 26/03/30 08:22:34 INFO SparkUI: Stopped Spark web UI at http://d0f687c55036:4040
[2026-03-30T08:22:34.606+0000] {subprocess.py:106} INFO - 26/03/30 08:22:34 INFO StandaloneSchedulerBackend: Shutting down all executors
[2026-03-30T08:22:34.607+0000] {subprocess.py:106} INFO - 26/03/30 08:22:34 INFO StandaloneSchedulerBackend$StandaloneDriverEndpoint: Asking each executor to shut down
[2026-03-30T08:22:34.632+0000] {subprocess.py:106} INFO - 26/03/30 08:22:34 INFO MapOutputTrackerMasterEndpoint: MapOutputTrackerMasterEndpoint stopped!
[2026-03-30T08:22:34.664+0000] {subprocess.py:106} INFO - 26/03/30 08:22:34 INFO MemoryStore: MemoryStore cleared
[2026-03-30T08:22:34.665+0000] {subprocess.py:106} INFO - 26/03/30 08:22:34 INFO BlockManager: BlockManager stopped
[2026-03-30T08:22:34.673+0000] {subprocess.py:106} INFO - 26/03/30 08:22:34 INFO BlockManagerMaster: BlockManagerMaster stopped
[2026-03-30T08:22:34.681+0000] {subprocess.py:106} INFO - 26/03/30 08:22:34 INFO OutputCommitCoordinator$OutputCommitCoordinatorEndpoint: OutputCommitCoordinator stopped!
[2026-03-30T08:22:34.754+0000] {subprocess.py:106} INFO - 26/03/30 08:22:34 INFO SparkContext: Successfully stopped SparkContext
[2026-03-30T08:22:34.921+0000] {subprocess.py:106} INFO - 26/03/30 08:22:34 INFO ShutdownHookManager: Shutdown hook called
[2026-03-30T08:22:34.922+0000] {subprocess.py:106} INFO - 26/03/30 08:22:34 INFO ShutdownHookManager: Deleting directory /tmp/spark-58a30814-c418-4091-9d06-ef1f835b6622/pyspark-94a9db5b-8541-4831-b579-a984161ca4b2
[2026-03-30T08:22:34.925+0000] {subprocess.py:106} INFO - 26/03/30 08:22:34 INFO ShutdownHookManager: Deleting directory /tmp/spark-58a30814-c418-4091-9d06-ef1f835b6622
[2026-03-30T08:22:34.929+0000] {subprocess.py:106} INFO - 26/03/30 08:22:34 INFO ShutdownHookManager: Deleting directory /tmp/spark-9cafa2d7-18d1-411f-ae26-d366c00def9d
[2026-03-30T08:22:34.937+0000] {subprocess.py:106} INFO - 26/03/30 08:22:34 INFO MetricsSystemImpl: Stopping s3a-file-system metrics system...
[2026-03-30T08:22:34.937+0000] {subprocess.py:106} INFO - 26/03/30 08:22:34 INFO MetricsSystemImpl: s3a-file-system metrics system stopped.
[2026-03-30T08:22:34.938+0000] {subprocess.py:106} INFO - 26/03/30 08:22:34 INFO MetricsSystemImpl: s3a-file-system metrics system shutdown complete.
[2026-03-30T08:22:35.014+0000] {subprocess.py:110} INFO - Command exited with return code 0
[2026-03-30T08:22:35.141+0000] {taskinstance.py:341} INFO - ::group::Post task execution logs
[2026-03-30T08:22:35.141+0000] {taskinstance.py:353} INFO - Marking task as SUCCESS. dag_id=crawl_etl_itjob, task_id=load_bronze, run_id=scheduled__2026-03-29T02:00:00+00:00, execution_date=20260329T020000, start_date=20260330T082202, end_date=20260330T082235
[2026-03-30T08:22:35.253+0000] {local_task_job_runner.py:266} INFO - Task exited with return code 0
[2026-03-30T08:22:35.288+0000] {taskinstance.py:3901} INFO - 1 downstream tasks scheduled from follow-on schedule check
[2026-03-30T08:22:35.290+0000] {local_task_job_runner.py:245} INFO - ::endgroup::
