[2026-05-14T07:18:40.077+0000] {processor.py:186} INFO - Started process (PID=39) to work on /opt/airflow/dags/etl_datalake_dag.py
[2026-05-14T07:18:40.079+0000] {processor.py:914} INFO - Processing file /opt/airflow/dags/etl_datalake_dag.py for tasks to queue
[2026-05-14T07:18:40.086+0000] {logging_mixin.py:190} INFO - [2026-05-14T07:18:40.085+0000] {dagbag.py:588} INFO - Filling up the DagBag from /opt/airflow/dags/etl_datalake_dag.py
[2026-05-14T07:18:40.160+0000] {processor.py:925} INFO - DAG(s) 'etl_datalake_hive_iceberg' retrieved from /opt/airflow/dags/etl_datalake_dag.py
[2026-05-14T07:18:40.259+0000] {logging_mixin.py:190} INFO - [2026-05-14T07:18:40.259+0000] {dag.py:3239} INFO - Sync 1 DAGs
[2026-05-14T07:18:40.329+0000] {logging_mixin.py:190} INFO - [2026-05-14T07:18:40.329+0000] {dag.py:4180} INFO - Setting next_dagrun for etl_datalake_hive_iceberg to 2026-05-13T00:00:00+00:00, run_after=2026-05-14T00:00:00+00:00
[2026-05-14T07:18:40.388+0000] {processor.py:208} INFO - Processing /opt/airflow/dags/etl_datalake_dag.py took 0.326 seconds
[2026-05-14T07:19:10.904+0000] {processor.py:186} INFO - Started process (PID=43) to work on /opt/airflow/dags/etl_datalake_dag.py
[2026-05-14T07:19:10.905+0000] {processor.py:914} INFO - Processing file /opt/airflow/dags/etl_datalake_dag.py for tasks to queue
[2026-05-14T07:19:10.907+0000] {logging_mixin.py:190} INFO - [2026-05-14T07:19:10.907+0000] {dagbag.py:588} INFO - Filling up the DagBag from /opt/airflow/dags/etl_datalake_dag.py
[2026-05-14T07:19:10.940+0000] {processor.py:925} INFO - DAG(s) 'etl_datalake_hive_iceberg' retrieved from /opt/airflow/dags/etl_datalake_dag.py
[2026-05-14T07:19:10.991+0000] {logging_mixin.py:190} INFO - [2026-05-14T07:19:10.991+0000] {dag.py:3239} INFO - Sync 1 DAGs
[2026-05-14T07:19:11.044+0000] {logging_mixin.py:190} INFO - [2026-05-14T07:19:11.044+0000] {dag.py:4180} INFO - Setting next_dagrun for etl_datalake_hive_iceberg to 2026-05-13T00:00:00+00:00, run_after=2026-05-14T00:00:00+00:00
[2026-05-14T07:19:11.066+0000] {processor.py:208} INFO - Processing /opt/airflow/dags/etl_datalake_dag.py took 0.171 seconds
[2026-05-14T07:19:41.874+0000] {processor.py:186} INFO - Started process (PID=47) to work on /opt/airflow/dags/etl_datalake_dag.py
[2026-05-14T07:19:41.875+0000] {processor.py:914} INFO - Processing file /opt/airflow/dags/etl_datalake_dag.py for tasks to queue
[2026-05-14T07:19:41.877+0000] {logging_mixin.py:190} INFO - [2026-05-14T07:19:41.877+0000] {dagbag.py:588} INFO - Filling up the DagBag from /opt/airflow/dags/etl_datalake_dag.py
[2026-05-14T07:19:41.903+0000] {processor.py:925} INFO - DAG(s) 'etl_datalake_hive_iceberg' retrieved from /opt/airflow/dags/etl_datalake_dag.py
[2026-05-14T07:19:41.950+0000] {logging_mixin.py:190} INFO - [2026-05-14T07:19:41.950+0000] {dag.py:3239} INFO - Sync 1 DAGs
[2026-05-14T07:19:41.989+0000] {logging_mixin.py:190} INFO - [2026-05-14T07:19:41.989+0000] {dag.py:4180} INFO - Setting next_dagrun for etl_datalake_hive_iceberg to 2026-05-13T00:00:00+00:00, run_after=2026-05-14T00:00:00+00:00
[2026-05-14T07:19:42.020+0000] {processor.py:208} INFO - Processing /opt/airflow/dags/etl_datalake_dag.py took 0.154 seconds
[2026-05-14T07:20:12.512+0000] {processor.py:186} INFO - Started process (PID=51) to work on /opt/airflow/dags/etl_datalake_dag.py
[2026-05-14T07:20:12.513+0000] {processor.py:914} INFO - Processing file /opt/airflow/dags/etl_datalake_dag.py for tasks to queue
[2026-05-14T07:20:12.515+0000] {logging_mixin.py:190} INFO - [2026-05-14T07:20:12.514+0000] {dagbag.py:588} INFO - Filling up the DagBag from /opt/airflow/dags/etl_datalake_dag.py
[2026-05-14T07:20:12.535+0000] {processor.py:925} INFO - DAG(s) 'etl_datalake_hive_iceberg' retrieved from /opt/airflow/dags/etl_datalake_dag.py
[2026-05-14T07:20:12.573+0000] {logging_mixin.py:190} INFO - [2026-05-14T07:20:12.573+0000] {dag.py:3239} INFO - Sync 1 DAGs
[2026-05-14T07:20:12.609+0000] {logging_mixin.py:190} INFO - [2026-05-14T07:20:12.608+0000] {dag.py:4180} INFO - Setting next_dagrun for etl_datalake_hive_iceberg to 2026-05-13T00:00:00+00:00, run_after=2026-05-14T00:00:00+00:00
[2026-05-14T07:20:12.673+0000] {processor.py:208} INFO - Processing /opt/airflow/dags/etl_datalake_dag.py took 0.167 seconds
[2026-05-14T07:20:43.510+0000] {processor.py:186} INFO - Started process (PID=55) to work on /opt/airflow/dags/etl_datalake_dag.py
[2026-05-14T07:20:43.512+0000] {processor.py:914} INFO - Processing file /opt/airflow/dags/etl_datalake_dag.py for tasks to queue
[2026-05-14T07:20:43.514+0000] {logging_mixin.py:190} INFO - [2026-05-14T07:20:43.514+0000] {dagbag.py:588} INFO - Filling up the DagBag from /opt/airflow/dags/etl_datalake_dag.py
[2026-05-14T07:20:43.544+0000] {processor.py:925} INFO - DAG(s) 'etl_datalake_hive_iceberg' retrieved from /opt/airflow/dags/etl_datalake_dag.py
[2026-05-14T07:20:43.590+0000] {logging_mixin.py:190} INFO - [2026-05-14T07:20:43.590+0000] {dag.py:3239} INFO - Sync 1 DAGs
[2026-05-14T07:20:43.634+0000] {logging_mixin.py:190} INFO - [2026-05-14T07:20:43.634+0000] {dag.py:4180} INFO - Setting next_dagrun for etl_datalake_hive_iceberg to 2026-05-13T00:00:00+00:00, run_after=2026-05-14T00:00:00+00:00
[2026-05-14T07:20:43.679+0000] {processor.py:208} INFO - Processing /opt/airflow/dags/etl_datalake_dag.py took 0.178 seconds
[2026-05-14T07:21:14.141+0000] {processor.py:186} INFO - Started process (PID=59) to work on /opt/airflow/dags/etl_datalake_dag.py
[2026-05-14T07:21:14.142+0000] {processor.py:914} INFO - Processing file /opt/airflow/dags/etl_datalake_dag.py for tasks to queue
[2026-05-14T07:21:14.144+0000] {logging_mixin.py:190} INFO - [2026-05-14T07:21:14.143+0000] {dagbag.py:588} INFO - Filling up the DagBag from /opt/airflow/dags/etl_datalake_dag.py
[2026-05-14T07:21:14.175+0000] {processor.py:925} INFO - DAG(s) 'etl_datalake_hive_iceberg' retrieved from /opt/airflow/dags/etl_datalake_dag.py
[2026-05-14T07:21:14.248+0000] {logging_mixin.py:190} INFO - [2026-05-14T07:21:14.248+0000] {dag.py:3239} INFO - Sync 1 DAGs
[2026-05-14T07:21:14.327+0000] {logging_mixin.py:190} INFO - [2026-05-14T07:21:14.326+0000] {dag.py:4180} INFO - Setting next_dagrun for etl_datalake_hive_iceberg to 2026-05-13T00:00:00+00:00, run_after=2026-05-14T00:00:00+00:00
[2026-05-14T07:21:14.386+0000] {processor.py:208} INFO - Processing /opt/airflow/dags/etl_datalake_dag.py took 0.254 seconds
[2026-05-14T07:21:45.258+0000] {processor.py:186} INFO - Started process (PID=63) to work on /opt/airflow/dags/etl_datalake_dag.py
[2026-05-14T07:21:45.259+0000] {processor.py:914} INFO - Processing file /opt/airflow/dags/etl_datalake_dag.py for tasks to queue
[2026-05-14T07:21:45.260+0000] {logging_mixin.py:190} INFO - [2026-05-14T07:21:45.260+0000] {dagbag.py:588} INFO - Filling up the DagBag from /opt/airflow/dags/etl_datalake_dag.py
[2026-05-14T07:21:45.281+0000] {processor.py:925} INFO - DAG(s) 'etl_datalake_hive_iceberg' retrieved from /opt/airflow/dags/etl_datalake_dag.py
[2026-05-14T07:21:45.324+0000] {logging_mixin.py:190} INFO - [2026-05-14T07:21:45.324+0000] {dag.py:3239} INFO - Sync 1 DAGs
[2026-05-14T07:21:45.368+0000] {logging_mixin.py:190} INFO - [2026-05-14T07:21:45.368+0000] {dag.py:4180} INFO - Setting next_dagrun for etl_datalake_hive_iceberg to 2026-05-13T00:00:00+00:00, run_after=2026-05-14T00:00:00+00:00
[2026-05-14T07:21:45.400+0000] {processor.py:208} INFO - Processing /opt/airflow/dags/etl_datalake_dag.py took 0.148 seconds
[2026-05-14T07:22:15.541+0000] {processor.py:186} INFO - Started process (PID=67) to work on /opt/airflow/dags/etl_datalake_dag.py
[2026-05-14T07:22:15.542+0000] {processor.py:914} INFO - Processing file /opt/airflow/dags/etl_datalake_dag.py for tasks to queue
[2026-05-14T07:22:15.544+0000] {logging_mixin.py:190} INFO - [2026-05-14T07:22:15.544+0000] {dagbag.py:588} INFO - Filling up the DagBag from /opt/airflow/dags/etl_datalake_dag.py
[2026-05-14T07:22:15.574+0000] {processor.py:925} INFO - DAG(s) 'etl_datalake_hive_iceberg' retrieved from /opt/airflow/dags/etl_datalake_dag.py
[2026-05-14T07:22:15.625+0000] {logging_mixin.py:190} INFO - [2026-05-14T07:22:15.624+0000] {dag.py:3239} INFO - Sync 1 DAGs
[2026-05-14T07:22:15.676+0000] {logging_mixin.py:190} INFO - [2026-05-14T07:22:15.676+0000] {dag.py:4180} INFO - Setting next_dagrun for etl_datalake_hive_iceberg to 2026-05-13T00:00:00+00:00, run_after=2026-05-14T00:00:00+00:00
[2026-05-14T07:22:15.747+0000] {processor.py:208} INFO - Processing /opt/airflow/dags/etl_datalake_dag.py took 0.214 seconds
[2026-05-14T07:22:46.151+0000] {processor.py:186} INFO - Started process (PID=71) to work on /opt/airflow/dags/etl_datalake_dag.py
[2026-05-14T07:22:46.152+0000] {processor.py:914} INFO - Processing file /opt/airflow/dags/etl_datalake_dag.py for tasks to queue
[2026-05-14T07:22:46.155+0000] {logging_mixin.py:190} INFO - [2026-05-14T07:22:46.154+0000] {dagbag.py:588} INFO - Filling up the DagBag from /opt/airflow/dags/etl_datalake_dag.py
[2026-05-14T07:22:46.200+0000] {processor.py:925} INFO - DAG(s) 'etl_datalake_hive_iceberg' retrieved from /opt/airflow/dags/etl_datalake_dag.py
[2026-05-14T07:22:46.285+0000] {logging_mixin.py:190} INFO - [2026-05-14T07:22:46.285+0000] {dag.py:3239} INFO - Sync 1 DAGs
[2026-05-14T07:22:46.343+0000] {logging_mixin.py:190} INFO - [2026-05-14T07:22:46.342+0000] {dag.py:4180} INFO - Setting next_dagrun for etl_datalake_hive_iceberg to 2026-05-13T00:00:00+00:00, run_after=2026-05-14T00:00:00+00:00
[2026-05-14T07:22:46.398+0000] {processor.py:208} INFO - Processing /opt/airflow/dags/etl_datalake_dag.py took 0.256 seconds
[2026-05-14T07:23:16.601+0000] {processor.py:186} INFO - Started process (PID=75) to work on /opt/airflow/dags/etl_datalake_dag.py
[2026-05-14T07:23:16.601+0000] {processor.py:914} INFO - Processing file /opt/airflow/dags/etl_datalake_dag.py for tasks to queue
[2026-05-14T07:23:16.603+0000] {logging_mixin.py:190} INFO - [2026-05-14T07:23:16.602+0000] {dagbag.py:588} INFO - Filling up the DagBag from /opt/airflow/dags/etl_datalake_dag.py
[2026-05-14T07:23:16.625+0000] {processor.py:925} INFO - DAG(s) 'etl_datalake_hive_iceberg' retrieved from /opt/airflow/dags/etl_datalake_dag.py
[2026-05-14T07:23:16.688+0000] {logging_mixin.py:190} INFO - [2026-05-14T07:23:16.688+0000] {dag.py:3239} INFO - Sync 1 DAGs
[2026-05-14T07:23:16.724+0000] {logging_mixin.py:190} INFO - [2026-05-14T07:23:16.724+0000] {dag.py:4180} INFO - Setting next_dagrun for etl_datalake_hive_iceberg to 2026-05-13T00:00:00+00:00, run_after=2026-05-14T00:00:00+00:00
[2026-05-14T07:23:16.772+0000] {processor.py:208} INFO - Processing /opt/airflow/dags/etl_datalake_dag.py took 0.177 seconds
[2026-05-14T07:23:47.165+0000] {processor.py:186} INFO - Started process (PID=79) to work on /opt/airflow/dags/etl_datalake_dag.py
[2026-05-14T07:23:47.166+0000] {processor.py:914} INFO - Processing file /opt/airflow/dags/etl_datalake_dag.py for tasks to queue
[2026-05-14T07:23:47.168+0000] {logging_mixin.py:190} INFO - [2026-05-14T07:23:47.167+0000] {dagbag.py:588} INFO - Filling up the DagBag from /opt/airflow/dags/etl_datalake_dag.py
[2026-05-14T07:23:47.195+0000] {processor.py:925} INFO - DAG(s) 'etl_datalake_hive_iceberg' retrieved from /opt/airflow/dags/etl_datalake_dag.py
[2026-05-14T07:23:47.258+0000] {logging_mixin.py:190} INFO - [2026-05-14T07:23:47.257+0000] {dag.py:3239} INFO - Sync 1 DAGs
[2026-05-14T07:23:47.321+0000] {logging_mixin.py:190} INFO - [2026-05-14T07:23:47.321+0000] {dag.py:4180} INFO - Setting next_dagrun for etl_datalake_hive_iceberg to 2026-05-13T00:00:00+00:00, run_after=2026-05-14T00:00:00+00:00
[2026-05-14T07:23:47.354+0000] {processor.py:208} INFO - Processing /opt/airflow/dags/etl_datalake_dag.py took 0.195 seconds
[2026-05-14T07:24:17.768+0000] {processor.py:186} INFO - Started process (PID=83) to work on /opt/airflow/dags/etl_datalake_dag.py
[2026-05-14T07:24:17.769+0000] {processor.py:914} INFO - Processing file /opt/airflow/dags/etl_datalake_dag.py for tasks to queue
[2026-05-14T07:24:17.771+0000] {logging_mixin.py:190} INFO - [2026-05-14T07:24:17.770+0000] {dagbag.py:588} INFO - Filling up the DagBag from /opt/airflow/dags/etl_datalake_dag.py
[2026-05-14T07:24:17.800+0000] {processor.py:925} INFO - DAG(s) 'etl_datalake_hive_iceberg' retrieved from /opt/airflow/dags/etl_datalake_dag.py
[2026-05-14T07:24:17.861+0000] {logging_mixin.py:190} INFO - [2026-05-14T07:24:17.861+0000] {dag.py:3239} INFO - Sync 1 DAGs
[2026-05-14T07:24:17.916+0000] {logging_mixin.py:190} INFO - [2026-05-14T07:24:17.916+0000] {dag.py:4180} INFO - Setting next_dagrun for etl_datalake_hive_iceberg to 2026-05-13T00:00:00+00:00, run_after=2026-05-14T00:00:00+00:00
[2026-05-14T07:24:17.979+0000] {processor.py:208} INFO - Processing /opt/airflow/dags/etl_datalake_dag.py took 0.222 seconds
[2026-05-14T07:24:48.965+0000] {processor.py:186} INFO - Started process (PID=87) to work on /opt/airflow/dags/etl_datalake_dag.py
[2026-05-14T07:24:48.966+0000] {processor.py:914} INFO - Processing file /opt/airflow/dags/etl_datalake_dag.py for tasks to queue
[2026-05-14T07:24:48.967+0000] {logging_mixin.py:190} INFO - [2026-05-14T07:24:48.967+0000] {dagbag.py:588} INFO - Filling up the DagBag from /opt/airflow/dags/etl_datalake_dag.py
[2026-05-14T07:24:48.985+0000] {processor.py:925} INFO - DAG(s) 'etl_datalake_hive_iceberg' retrieved from /opt/airflow/dags/etl_datalake_dag.py
[2026-05-14T07:24:49.024+0000] {logging_mixin.py:190} INFO - [2026-05-14T07:24:49.024+0000] {dag.py:3239} INFO - Sync 1 DAGs
[2026-05-14T07:24:49.056+0000] {logging_mixin.py:190} INFO - [2026-05-14T07:24:49.056+0000] {dag.py:4180} INFO - Setting next_dagrun for etl_datalake_hive_iceberg to 2026-05-13T00:00:00+00:00, run_after=2026-05-14T00:00:00+00:00
[2026-05-14T07:24:49.129+0000] {processor.py:208} INFO - Processing /opt/airflow/dags/etl_datalake_dag.py took 0.168 seconds
[2026-05-14T07:25:19.909+0000] {processor.py:186} INFO - Started process (PID=91) to work on /opt/airflow/dags/etl_datalake_dag.py
[2026-05-14T07:25:19.911+0000] {processor.py:914} INFO - Processing file /opt/airflow/dags/etl_datalake_dag.py for tasks to queue
[2026-05-14T07:25:19.917+0000] {logging_mixin.py:190} INFO - [2026-05-14T07:25:19.917+0000] {dagbag.py:588} INFO - Filling up the DagBag from /opt/airflow/dags/etl_datalake_dag.py
[2026-05-14T07:25:19.975+0000] {processor.py:925} INFO - DAG(s) 'etl_datalake_hive_iceberg' retrieved from /opt/airflow/dags/etl_datalake_dag.py
[2026-05-14T07:25:20.067+0000] {logging_mixin.py:190} INFO - [2026-05-14T07:25:20.067+0000] {dag.py:3239} INFO - Sync 1 DAGs
[2026-05-14T07:25:20.129+0000] {logging_mixin.py:190} INFO - [2026-05-14T07:25:20.129+0000] {dag.py:4180} INFO - Setting next_dagrun for etl_datalake_hive_iceberg to 2026-05-13T00:00:00+00:00, run_after=2026-05-14T00:00:00+00:00
[2026-05-14T07:25:20.191+0000] {processor.py:208} INFO - Processing /opt/airflow/dags/etl_datalake_dag.py took 0.300 seconds
[2026-05-14T07:25:50.593+0000] {processor.py:186} INFO - Started process (PID=95) to work on /opt/airflow/dags/etl_datalake_dag.py
[2026-05-14T07:25:50.595+0000] {processor.py:914} INFO - Processing file /opt/airflow/dags/etl_datalake_dag.py for tasks to queue
[2026-05-14T07:25:50.598+0000] {logging_mixin.py:190} INFO - [2026-05-14T07:25:50.598+0000] {dagbag.py:588} INFO - Filling up the DagBag from /opt/airflow/dags/etl_datalake_dag.py
[2026-05-14T07:25:50.667+0000] {processor.py:925} INFO - DAG(s) 'etl_datalake_hive_iceberg' retrieved from /opt/airflow/dags/etl_datalake_dag.py
[2026-05-14T07:25:50.774+0000] {logging_mixin.py:190} INFO - [2026-05-14T07:25:50.774+0000] {dag.py:3239} INFO - Sync 1 DAGs
[2026-05-14T07:25:50.928+0000] {logging_mixin.py:190} INFO - [2026-05-14T07:25:50.927+0000] {dag.py:4180} INFO - Setting next_dagrun for etl_datalake_hive_iceberg to 2026-05-13T00:00:00+00:00, run_after=2026-05-14T00:00:00+00:00
[2026-05-14T07:25:52.920+0000] {processor.py:208} INFO - Processing /opt/airflow/dags/etl_datalake_dag.py took 2.342 seconds
[2026-05-14T07:26:23.876+0000] {processor.py:186} INFO - Started process (PID=99) to work on /opt/airflow/dags/etl_datalake_dag.py
[2026-05-14T07:26:23.877+0000] {processor.py:914} INFO - Processing file /opt/airflow/dags/etl_datalake_dag.py for tasks to queue
[2026-05-14T07:26:23.880+0000] {logging_mixin.py:190} INFO - [2026-05-14T07:26:23.879+0000] {dagbag.py:588} INFO - Filling up the DagBag from /opt/airflow/dags/etl_datalake_dag.py
[2026-05-14T07:26:23.918+0000] {processor.py:925} INFO - DAG(s) 'etl_datalake_hive_iceberg' retrieved from /opt/airflow/dags/etl_datalake_dag.py
[2026-05-14T07:26:23.983+0000] {logging_mixin.py:190} INFO - [2026-05-14T07:26:23.983+0000] {dag.py:3239} INFO - Sync 1 DAGs
[2026-05-14T07:26:24.034+0000] {logging_mixin.py:190} INFO - [2026-05-14T07:26:24.034+0000] {dag.py:4180} INFO - Setting next_dagrun for etl_datalake_hive_iceberg to 2026-05-13T00:00:00+00:00, run_after=2026-05-14T00:00:00+00:00
[2026-05-14T07:26:24.085+0000] {processor.py:208} INFO - Processing /opt/airflow/dags/etl_datalake_dag.py took 0.227 seconds
[2026-05-14T07:26:54.747+0000] {processor.py:186} INFO - Started process (PID=103) to work on /opt/airflow/dags/etl_datalake_dag.py
[2026-05-14T07:26:54.749+0000] {processor.py:914} INFO - Processing file /opt/airflow/dags/etl_datalake_dag.py for tasks to queue
[2026-05-14T07:26:54.758+0000] {logging_mixin.py:190} INFO - [2026-05-14T07:26:54.757+0000] {dagbag.py:588} INFO - Filling up the DagBag from /opt/airflow/dags/etl_datalake_dag.py
[2026-05-14T07:26:54.816+0000] {processor.py:925} INFO - DAG(s) 'etl_datalake_hive_iceberg' retrieved from /opt/airflow/dags/etl_datalake_dag.py
[2026-05-14T07:26:54.977+0000] {logging_mixin.py:190} INFO - [2026-05-14T07:26:54.977+0000] {dag.py:3239} INFO - Sync 1 DAGs
[2026-05-14T07:26:55.136+0000] {logging_mixin.py:190} INFO - [2026-05-14T07:26:55.135+0000] {dag.py:4180} INFO - Setting next_dagrun for etl_datalake_hive_iceberg to 2026-05-13T00:00:00+00:00, run_after=2026-05-14T00:00:00+00:00
[2026-05-14T07:26:55.358+0000] {processor.py:208} INFO - Processing /opt/airflow/dags/etl_datalake_dag.py took 0.633 seconds
[2026-05-14T07:27:25.463+0000] {processor.py:186} INFO - Started process (PID=107) to work on /opt/airflow/dags/etl_datalake_dag.py
[2026-05-14T07:27:25.464+0000] {processor.py:914} INFO - Processing file /opt/airflow/dags/etl_datalake_dag.py for tasks to queue
[2026-05-14T07:27:25.466+0000] {logging_mixin.py:190} INFO - [2026-05-14T07:27:25.466+0000] {dagbag.py:588} INFO - Filling up the DagBag from /opt/airflow/dags/etl_datalake_dag.py
[2026-05-14T07:27:25.514+0000] {processor.py:925} INFO - DAG(s) 'etl_datalake_hive_iceberg' retrieved from /opt/airflow/dags/etl_datalake_dag.py
[2026-05-14T07:27:25.605+0000] {logging_mixin.py:190} INFO - [2026-05-14T07:27:25.605+0000] {dag.py:3239} INFO - Sync 1 DAGs
[2026-05-14T07:27:25.668+0000] {logging_mixin.py:190} INFO - [2026-05-14T07:27:25.668+0000] {dag.py:4180} INFO - Setting next_dagrun for etl_datalake_hive_iceberg to 2026-05-13T00:00:00+00:00, run_after=2026-05-14T00:00:00+00:00
[2026-05-14T07:27:25.724+0000] {processor.py:208} INFO - Processing /opt/airflow/dags/etl_datalake_dag.py took 0.279 seconds
[2026-05-14T07:27:55.954+0000] {processor.py:186} INFO - Started process (PID=111) to work on /opt/airflow/dags/etl_datalake_dag.py
[2026-05-14T07:27:55.955+0000] {processor.py:914} INFO - Processing file /opt/airflow/dags/etl_datalake_dag.py for tasks to queue
[2026-05-14T07:27:55.957+0000] {logging_mixin.py:190} INFO - [2026-05-14T07:27:55.957+0000] {dagbag.py:588} INFO - Filling up the DagBag from /opt/airflow/dags/etl_datalake_dag.py
[2026-05-14T07:27:55.985+0000] {processor.py:925} INFO - DAG(s) 'etl_datalake_hive_iceberg' retrieved from /opt/airflow/dags/etl_datalake_dag.py
[2026-05-14T07:27:56.037+0000] {logging_mixin.py:190} INFO - [2026-05-14T07:27:56.036+0000] {dag.py:3239} INFO - Sync 1 DAGs
[2026-05-14T07:27:56.086+0000] {logging_mixin.py:190} INFO - [2026-05-14T07:27:56.085+0000] {dag.py:4180} INFO - Setting next_dagrun for etl_datalake_hive_iceberg to 2026-05-13T00:00:00+00:00, run_after=2026-05-14T00:00:00+00:00
[2026-05-14T07:27:56.190+0000] {processor.py:208} INFO - Processing /opt/airflow/dags/etl_datalake_dag.py took 0.247 seconds
[2026-05-14T07:28:26.955+0000] {processor.py:186} INFO - Started process (PID=115) to work on /opt/airflow/dags/etl_datalake_dag.py
[2026-05-14T07:28:26.956+0000] {processor.py:914} INFO - Processing file /opt/airflow/dags/etl_datalake_dag.py for tasks to queue
[2026-05-14T07:28:26.959+0000] {logging_mixin.py:190} INFO - [2026-05-14T07:28:26.958+0000] {dagbag.py:588} INFO - Filling up the DagBag from /opt/airflow/dags/etl_datalake_dag.py
[2026-05-14T07:28:26.994+0000] {processor.py:925} INFO - DAG(s) 'etl_datalake_hive_iceberg' retrieved from /opt/airflow/dags/etl_datalake_dag.py
[2026-05-14T07:28:27.066+0000] {logging_mixin.py:190} INFO - [2026-05-14T07:28:27.065+0000] {dag.py:3239} INFO - Sync 1 DAGs
[2026-05-14T07:28:27.134+0000] {logging_mixin.py:190} INFO - [2026-05-14T07:28:27.132+0000] {dag.py:4180} INFO - Setting next_dagrun for etl_datalake_hive_iceberg to 2026-05-13T00:00:00+00:00, run_after=2026-05-14T00:00:00+00:00
[2026-05-14T07:28:27.198+0000] {processor.py:208} INFO - Processing /opt/airflow/dags/etl_datalake_dag.py took 0.258 seconds
[2026-05-14T07:28:57.864+0000] {processor.py:186} INFO - Started process (PID=119) to work on /opt/airflow/dags/etl_datalake_dag.py
[2026-05-14T07:28:57.865+0000] {processor.py:914} INFO - Processing file /opt/airflow/dags/etl_datalake_dag.py for tasks to queue
[2026-05-14T07:28:57.867+0000] {logging_mixin.py:190} INFO - [2026-05-14T07:28:57.866+0000] {dagbag.py:588} INFO - Filling up the DagBag from /opt/airflow/dags/etl_datalake_dag.py
[2026-05-14T07:28:57.903+0000] {processor.py:925} INFO - DAG(s) 'etl_datalake_hive_iceberg' retrieved from /opt/airflow/dags/etl_datalake_dag.py
[2026-05-14T07:28:57.967+0000] {logging_mixin.py:190} INFO - [2026-05-14T07:28:57.967+0000] {dag.py:3239} INFO - Sync 1 DAGs
[2026-05-14T07:28:58.021+0000] {logging_mixin.py:190} INFO - [2026-05-14T07:28:58.020+0000] {dag.py:4180} INFO - Setting next_dagrun for etl_datalake_hive_iceberg to 2026-05-13T00:00:00+00:00, run_after=2026-05-14T00:00:00+00:00
[2026-05-14T07:28:58.083+0000] {processor.py:208} INFO - Processing /opt/airflow/dags/etl_datalake_dag.py took 0.230 seconds
[2026-05-14T07:29:30.520+0000] {processor.py:186} INFO - Started process (PID=123) to work on /opt/airflow/dags/etl_datalake_dag.py
[2026-05-14T07:29:30.522+0000] {processor.py:914} INFO - Processing file /opt/airflow/dags/etl_datalake_dag.py for tasks to queue
[2026-05-14T07:29:30.524+0000] {logging_mixin.py:190} INFO - [2026-05-14T07:29:30.524+0000] {dagbag.py:588} INFO - Filling up the DagBag from /opt/airflow/dags/etl_datalake_dag.py
[2026-05-14T07:29:30.568+0000] {processor.py:925} INFO - DAG(s) 'etl_datalake_hive_iceberg' retrieved from /opt/airflow/dags/etl_datalake_dag.py
[2026-05-14T07:29:30.648+0000] {logging_mixin.py:190} INFO - [2026-05-14T07:29:30.648+0000] {dag.py:3239} INFO - Sync 1 DAGs
[2026-05-14T07:29:30.717+0000] {logging_mixin.py:190} INFO - [2026-05-14T07:29:30.717+0000] {dag.py:4180} INFO - Setting next_dagrun for etl_datalake_hive_iceberg to 2026-05-13T00:00:00+00:00, run_after=2026-05-14T00:00:00+00:00
[2026-05-14T07:29:30.767+0000] {processor.py:208} INFO - Processing /opt/airflow/dags/etl_datalake_dag.py took 0.259 seconds
[2026-05-14T07:30:03.165+0000] {processor.py:186} INFO - Started process (PID=127) to work on /opt/airflow/dags/etl_datalake_dag.py
[2026-05-14T07:30:03.166+0000] {processor.py:914} INFO - Processing file /opt/airflow/dags/etl_datalake_dag.py for tasks to queue
[2026-05-14T07:30:03.168+0000] {logging_mixin.py:190} INFO - [2026-05-14T07:30:03.167+0000] {dagbag.py:588} INFO - Filling up the DagBag from /opt/airflow/dags/etl_datalake_dag.py
[2026-05-14T07:30:03.202+0000] {processor.py:925} INFO - DAG(s) 'etl_datalake_hive_iceberg' retrieved from /opt/airflow/dags/etl_datalake_dag.py
[2026-05-14T07:30:03.282+0000] {logging_mixin.py:190} INFO - [2026-05-14T07:30:03.282+0000] {dag.py:3239} INFO - Sync 1 DAGs
[2026-05-14T07:30:03.351+0000] {logging_mixin.py:190} INFO - [2026-05-14T07:30:03.350+0000] {dag.py:4180} INFO - Setting next_dagrun for etl_datalake_hive_iceberg to 2026-05-13T00:00:00+00:00, run_after=2026-05-14T00:00:00+00:00
[2026-05-14T07:30:03.405+0000] {processor.py:208} INFO - Processing /opt/airflow/dags/etl_datalake_dag.py took 0.249 seconds
[2026-05-14T07:30:36.432+0000] {processor.py:186} INFO - Started process (PID=131) to work on /opt/airflow/dags/etl_datalake_dag.py
[2026-05-14T07:30:36.433+0000] {processor.py:914} INFO - Processing file /opt/airflow/dags/etl_datalake_dag.py for tasks to queue
[2026-05-14T07:30:36.438+0000] {logging_mixin.py:190} INFO - [2026-05-14T07:30:36.437+0000] {dagbag.py:588} INFO - Filling up the DagBag from /opt/airflow/dags/etl_datalake_dag.py
[2026-05-14T07:30:36.526+0000] {processor.py:925} INFO - DAG(s) 'etl_datalake_hive_iceberg' retrieved from /opt/airflow/dags/etl_datalake_dag.py
[2026-05-14T07:30:36.638+0000] {logging_mixin.py:190} INFO - [2026-05-14T07:30:36.638+0000] {dag.py:3239} INFO - Sync 1 DAGs
[2026-05-14T07:30:36.742+0000] {logging_mixin.py:190} INFO - [2026-05-14T07:30:36.742+0000] {dag.py:4180} INFO - Setting next_dagrun for etl_datalake_hive_iceberg to 2026-05-13T00:00:00+00:00, run_after=2026-05-14T00:00:00+00:00
[2026-05-14T07:30:36.826+0000] {processor.py:208} INFO - Processing /opt/airflow/dags/etl_datalake_dag.py took 0.414 seconds
