[2026-05-14T07:18:39.475+0000] {processor.py:186} INFO - Started process (PID=37) to work on /opt/airflow/dags/ETL_Without_Crawl.py
[2026-05-14T07:18:39.477+0000] {processor.py:914} INFO - Processing file /opt/airflow/dags/ETL_Without_Crawl.py for tasks to queue
[2026-05-14T07:18:39.482+0000] {logging_mixin.py:190} INFO - [2026-05-14T07:18:39.481+0000] {dagbag.py:588} INFO - Filling up the DagBag from /opt/airflow/dags/ETL_Without_Crawl.py
[2026-05-14T07:18:39.552+0000] {processor.py:925} INFO - DAG(s) 'etl_without_crawl' retrieved from /opt/airflow/dags/ETL_Without_Crawl.py
[2026-05-14T07:18:39.670+0000] {logging_mixin.py:190} INFO - [2026-05-14T07:18:39.669+0000] {dag.py:3239} INFO - Sync 1 DAGs
[2026-05-14T07:18:39.849+0000] {logging_mixin.py:190} INFO - [2026-05-14T07:18:39.849+0000] {dag.py:4180} INFO - Setting next_dagrun for etl_without_crawl to None, run_after=None
[2026-05-14T07:18:39.936+0000] {processor.py:208} INFO - Processing /opt/airflow/dags/ETL_Without_Crawl.py took 0.475 seconds
[2026-05-14T07:19:10.448+0000] {processor.py:186} INFO - Started process (PID=41) to work on /opt/airflow/dags/ETL_Without_Crawl.py
[2026-05-14T07:19:10.449+0000] {processor.py:914} INFO - Processing file /opt/airflow/dags/ETL_Without_Crawl.py for tasks to queue
[2026-05-14T07:19:10.452+0000] {logging_mixin.py:190} INFO - [2026-05-14T07:19:10.451+0000] {dagbag.py:588} INFO - Filling up the DagBag from /opt/airflow/dags/ETL_Without_Crawl.py
[2026-05-14T07:19:10.483+0000] {processor.py:925} INFO - DAG(s) 'etl_without_crawl' retrieved from /opt/airflow/dags/ETL_Without_Crawl.py
[2026-05-14T07:19:10.541+0000] {logging_mixin.py:190} INFO - [2026-05-14T07:19:10.541+0000] {dag.py:3239} INFO - Sync 1 DAGs
[2026-05-14T07:19:10.569+0000] {logging_mixin.py:190} INFO - [2026-05-14T07:19:10.568+0000] {dag.py:4180} INFO - Setting next_dagrun for etl_without_crawl to None, run_after=None
[2026-05-14T07:19:10.623+0000] {processor.py:208} INFO - Processing /opt/airflow/dags/ETL_Without_Crawl.py took 0.189 seconds
[2026-05-14T07:19:41.178+0000] {processor.py:186} INFO - Started process (PID=45) to work on /opt/airflow/dags/ETL_Without_Crawl.py
[2026-05-14T07:19:41.179+0000] {processor.py:914} INFO - Processing file /opt/airflow/dags/ETL_Without_Crawl.py for tasks to queue
[2026-05-14T07:19:41.181+0000] {logging_mixin.py:190} INFO - [2026-05-14T07:19:41.180+0000] {dagbag.py:588} INFO - Filling up the DagBag from /opt/airflow/dags/ETL_Without_Crawl.py
[2026-05-14T07:19:41.206+0000] {processor.py:925} INFO - DAG(s) 'etl_without_crawl' retrieved from /opt/airflow/dags/ETL_Without_Crawl.py
[2026-05-14T07:19:32.259+0000] {logging_mixin.py:190} INFO - [2026-05-14T07:19:32.259+0000] {dag.py:3239} INFO - Sync 1 DAGs
[2026-05-14T07:19:32.306+0000] {logging_mixin.py:190} INFO - [2026-05-14T07:19:32.305+0000] {dag.py:4180} INFO - Setting next_dagrun for etl_without_crawl to None, run_after=None
[2026-05-14T07:19:32.370+0000] {processor.py:208} INFO - Processing /opt/airflow/dags/ETL_Without_Crawl.py took 0.238 seconds
[2026-05-14T07:20:03.149+0000] {processor.py:186} INFO - Started process (PID=49) to work on /opt/airflow/dags/ETL_Without_Crawl.py
[2026-05-14T07:20:03.150+0000] {processor.py:914} INFO - Processing file /opt/airflow/dags/ETL_Without_Crawl.py for tasks to queue
[2026-05-14T07:20:03.152+0000] {logging_mixin.py:190} INFO - [2026-05-14T07:20:03.152+0000] {dagbag.py:588} INFO - Filling up the DagBag from /opt/airflow/dags/ETL_Without_Crawl.py
[2026-05-14T07:20:03.176+0000] {processor.py:925} INFO - DAG(s) 'etl_without_crawl' retrieved from /opt/airflow/dags/ETL_Without_Crawl.py
[2026-05-14T07:20:03.225+0000] {logging_mixin.py:190} INFO - [2026-05-14T07:20:03.225+0000] {dag.py:3239} INFO - Sync 1 DAGs
[2026-05-14T07:20:03.256+0000] {logging_mixin.py:190} INFO - [2026-05-14T07:20:03.256+0000] {dag.py:4180} INFO - Setting next_dagrun for etl_without_crawl to None, run_after=None
[2026-05-14T07:20:03.308+0000] {processor.py:208} INFO - Processing /opt/airflow/dags/ETL_Without_Crawl.py took 0.167 seconds
[2026-05-14T07:20:33.985+0000] {processor.py:186} INFO - Started process (PID=53) to work on /opt/airflow/dags/ETL_Without_Crawl.py
[2026-05-14T07:20:33.987+0000] {processor.py:914} INFO - Processing file /opt/airflow/dags/ETL_Without_Crawl.py for tasks to queue
[2026-05-14T07:20:33.990+0000] {logging_mixin.py:190} INFO - [2026-05-14T07:20:33.989+0000] {dagbag.py:588} INFO - Filling up the DagBag from /opt/airflow/dags/ETL_Without_Crawl.py
[2026-05-14T07:20:34.059+0000] {processor.py:925} INFO - DAG(s) 'etl_without_crawl' retrieved from /opt/airflow/dags/ETL_Without_Crawl.py
[2026-05-14T07:20:34.166+0000] {logging_mixin.py:190} INFO - [2026-05-14T07:20:34.165+0000] {dag.py:3239} INFO - Sync 1 DAGs
[2026-05-14T07:20:34.217+0000] {logging_mixin.py:190} INFO - [2026-05-14T07:20:34.217+0000] {dag.py:4180} INFO - Setting next_dagrun for etl_without_crawl to None, run_after=None
[2026-05-14T07:20:34.278+0000] {processor.py:208} INFO - Processing /opt/airflow/dags/ETL_Without_Crawl.py took 0.306 seconds
[2026-05-14T07:21:04.747+0000] {processor.py:186} INFO - Started process (PID=57) to work on /opt/airflow/dags/ETL_Without_Crawl.py
[2026-05-14T07:21:04.748+0000] {processor.py:914} INFO - Processing file /opt/airflow/dags/ETL_Without_Crawl.py for tasks to queue
[2026-05-14T07:21:04.749+0000] {logging_mixin.py:190} INFO - [2026-05-14T07:21:04.749+0000] {dagbag.py:588} INFO - Filling up the DagBag from /opt/airflow/dags/ETL_Without_Crawl.py
[2026-05-14T07:21:04.768+0000] {processor.py:925} INFO - DAG(s) 'etl_without_crawl' retrieved from /opt/airflow/dags/ETL_Without_Crawl.py
[2026-05-14T07:21:04.808+0000] {logging_mixin.py:190} INFO - [2026-05-14T07:21:04.808+0000] {dag.py:3239} INFO - Sync 1 DAGs
[2026-05-14T07:21:04.831+0000] {logging_mixin.py:190} INFO - [2026-05-14T07:21:04.831+0000] {dag.py:4180} INFO - Setting next_dagrun for etl_without_crawl to None, run_after=None
[2026-05-14T07:21:04.893+0000] {processor.py:208} INFO - Processing /opt/airflow/dags/ETL_Without_Crawl.py took 0.153 seconds
[2026-05-14T07:21:35.114+0000] {processor.py:186} INFO - Started process (PID=61) to work on /opt/airflow/dags/ETL_Without_Crawl.py
[2026-05-14T07:21:35.115+0000] {processor.py:914} INFO - Processing file /opt/airflow/dags/ETL_Without_Crawl.py for tasks to queue
[2026-05-14T07:21:35.117+0000] {logging_mixin.py:190} INFO - [2026-05-14T07:21:35.117+0000] {dagbag.py:588} INFO - Filling up the DagBag from /opt/airflow/dags/ETL_Without_Crawl.py
[2026-05-14T07:21:35.151+0000] {processor.py:925} INFO - DAG(s) 'etl_without_crawl' retrieved from /opt/airflow/dags/ETL_Without_Crawl.py
[2026-05-14T07:21:35.193+0000] {logging_mixin.py:190} INFO - [2026-05-14T07:21:35.193+0000] {dag.py:3239} INFO - Sync 1 DAGs
[2026-05-14T07:21:35.211+0000] {logging_mixin.py:190} INFO - [2026-05-14T07:21:35.211+0000] {dag.py:4180} INFO - Setting next_dagrun for etl_without_crawl to None, run_after=None
[2026-05-14T07:21:35.257+0000] {processor.py:208} INFO - Processing /opt/airflow/dags/ETL_Without_Crawl.py took 0.155 seconds
[2026-05-14T07:22:05.331+0000] {processor.py:186} INFO - Started process (PID=65) to work on /opt/airflow/dags/ETL_Without_Crawl.py
[2026-05-14T07:22:05.332+0000] {processor.py:914} INFO - Processing file /opt/airflow/dags/ETL_Without_Crawl.py for tasks to queue
[2026-05-14T07:22:05.334+0000] {logging_mixin.py:190} INFO - [2026-05-14T07:22:05.334+0000] {dagbag.py:588} INFO - Filling up the DagBag from /opt/airflow/dags/ETL_Without_Crawl.py
[2026-05-14T07:22:05.357+0000] {processor.py:925} INFO - DAG(s) 'etl_without_crawl' retrieved from /opt/airflow/dags/ETL_Without_Crawl.py
[2026-05-14T07:22:05.413+0000] {logging_mixin.py:190} INFO - [2026-05-14T07:22:05.412+0000] {dag.py:3239} INFO - Sync 1 DAGs
[2026-05-14T07:22:05.449+0000] {logging_mixin.py:190} INFO - [2026-05-14T07:22:05.448+0000] {dag.py:4180} INFO - Setting next_dagrun for etl_without_crawl to None, run_after=None
[2026-05-14T07:22:05.513+0000] {processor.py:208} INFO - Processing /opt/airflow/dags/ETL_Without_Crawl.py took 0.189 seconds
[2026-05-14T07:22:35.707+0000] {processor.py:186} INFO - Started process (PID=69) to work on /opt/airflow/dags/ETL_Without_Crawl.py
[2026-05-14T07:22:35.708+0000] {processor.py:914} INFO - Processing file /opt/airflow/dags/ETL_Without_Crawl.py for tasks to queue
[2026-05-14T07:22:35.710+0000] {logging_mixin.py:190} INFO - [2026-05-14T07:22:35.710+0000] {dagbag.py:588} INFO - Filling up the DagBag from /opt/airflow/dags/ETL_Without_Crawl.py
[2026-05-14T07:22:35.730+0000] {processor.py:925} INFO - DAG(s) 'etl_without_crawl' retrieved from /opt/airflow/dags/ETL_Without_Crawl.py
[2026-05-14T07:22:35.792+0000] {logging_mixin.py:190} INFO - [2026-05-14T07:22:35.791+0000] {dag.py:3239} INFO - Sync 1 DAGs
[2026-05-14T07:22:35.824+0000] {logging_mixin.py:190} INFO - [2026-05-14T07:22:35.824+0000] {dag.py:4180} INFO - Setting next_dagrun for etl_without_crawl to None, run_after=None
[2026-05-14T07:22:35.898+0000] {processor.py:208} INFO - Processing /opt/airflow/dags/ETL_Without_Crawl.py took 0.198 seconds
[2026-05-14T07:23:06.128+0000] {processor.py:186} INFO - Started process (PID=73) to work on /opt/airflow/dags/ETL_Without_Crawl.py
[2026-05-14T07:23:06.129+0000] {processor.py:914} INFO - Processing file /opt/airflow/dags/ETL_Without_Crawl.py for tasks to queue
[2026-05-14T07:23:06.132+0000] {logging_mixin.py:190} INFO - [2026-05-14T07:23:06.132+0000] {dagbag.py:588} INFO - Filling up the DagBag from /opt/airflow/dags/ETL_Without_Crawl.py
[2026-05-14T07:23:06.162+0000] {processor.py:925} INFO - DAG(s) 'etl_without_crawl' retrieved from /opt/airflow/dags/ETL_Without_Crawl.py
[2026-05-14T07:23:06.228+0000] {logging_mixin.py:190} INFO - [2026-05-14T07:23:06.228+0000] {dag.py:3239} INFO - Sync 1 DAGs
[2026-05-14T07:23:06.264+0000] {logging_mixin.py:190} INFO - [2026-05-14T07:23:06.263+0000] {dag.py:4180} INFO - Setting next_dagrun for etl_without_crawl to None, run_after=None
[2026-05-14T07:23:06.324+0000] {processor.py:208} INFO - Processing /opt/airflow/dags/ETL_Without_Crawl.py took 0.212 seconds
[2026-05-14T07:23:36.615+0000] {processor.py:186} INFO - Started process (PID=77) to work on /opt/airflow/dags/ETL_Without_Crawl.py
[2026-05-14T07:23:36.618+0000] {processor.py:914} INFO - Processing file /opt/airflow/dags/ETL_Without_Crawl.py for tasks to queue
[2026-05-14T07:23:36.624+0000] {logging_mixin.py:190} INFO - [2026-05-14T07:23:36.623+0000] {dagbag.py:588} INFO - Filling up the DagBag from /opt/airflow/dags/ETL_Without_Crawl.py
[2026-05-14T07:23:36.665+0000] {processor.py:925} INFO - DAG(s) 'etl_without_crawl' retrieved from /opt/airflow/dags/ETL_Without_Crawl.py
[2026-05-14T07:23:36.745+0000] {logging_mixin.py:190} INFO - [2026-05-14T07:23:36.744+0000] {dag.py:3239} INFO - Sync 1 DAGs
[2026-05-14T07:23:36.788+0000] {logging_mixin.py:190} INFO - [2026-05-14T07:23:36.787+0000] {dag.py:4180} INFO - Setting next_dagrun for etl_without_crawl to None, run_after=None
[2026-05-14T07:23:36.855+0000] {processor.py:208} INFO - Processing /opt/airflow/dags/ETL_Without_Crawl.py took 0.259 seconds
[2026-05-14T07:24:07.156+0000] {processor.py:186} INFO - Started process (PID=81) to work on /opt/airflow/dags/ETL_Without_Crawl.py
[2026-05-14T07:24:07.158+0000] {processor.py:914} INFO - Processing file /opt/airflow/dags/ETL_Without_Crawl.py for tasks to queue
[2026-05-14T07:24:07.161+0000] {logging_mixin.py:190} INFO - [2026-05-14T07:24:07.160+0000] {dagbag.py:588} INFO - Filling up the DagBag from /opt/airflow/dags/ETL_Without_Crawl.py
[2026-05-14T07:24:07.237+0000] {processor.py:925} INFO - DAG(s) 'etl_without_crawl' retrieved from /opt/airflow/dags/ETL_Without_Crawl.py
[2026-05-14T07:24:07.366+0000] {logging_mixin.py:190} INFO - [2026-05-14T07:24:07.366+0000] {dag.py:3239} INFO - Sync 1 DAGs
[2026-05-14T07:24:07.416+0000] {logging_mixin.py:190} INFO - [2026-05-14T07:24:07.416+0000] {dag.py:4180} INFO - Setting next_dagrun for etl_without_crawl to None, run_after=None
[2026-05-14T07:24:07.468+0000] {processor.py:208} INFO - Processing /opt/airflow/dags/ETL_Without_Crawl.py took 0.345 seconds
[2026-05-14T07:24:37.688+0000] {processor.py:186} INFO - Started process (PID=85) to work on /opt/airflow/dags/ETL_Without_Crawl.py
[2026-05-14T07:24:37.689+0000] {processor.py:914} INFO - Processing file /opt/airflow/dags/ETL_Without_Crawl.py for tasks to queue
[2026-05-14T07:24:37.691+0000] {logging_mixin.py:190} INFO - [2026-05-14T07:24:37.691+0000] {dagbag.py:588} INFO - Filling up the DagBag from /opt/airflow/dags/ETL_Without_Crawl.py
[2026-05-14T07:24:37.714+0000] {processor.py:925} INFO - DAG(s) 'etl_without_crawl' retrieved from /opt/airflow/dags/ETL_Without_Crawl.py
[2026-05-14T07:24:37.751+0000] {logging_mixin.py:190} INFO - [2026-05-14T07:24:37.751+0000] {dag.py:3239} INFO - Sync 1 DAGs
[2026-05-14T07:24:37.771+0000] {logging_mixin.py:190} INFO - [2026-05-14T07:24:37.770+0000] {dag.py:4180} INFO - Setting next_dagrun for etl_without_crawl to None, run_after=None
[2026-05-14T07:24:37.800+0000] {processor.py:208} INFO - Processing /opt/airflow/dags/ETL_Without_Crawl.py took 0.121 seconds
[2026-05-14T07:25:08.309+0000] {processor.py:186} INFO - Started process (PID=89) to work on /opt/airflow/dags/ETL_Without_Crawl.py
[2026-05-14T07:25:08.310+0000] {processor.py:914} INFO - Processing file /opt/airflow/dags/ETL_Without_Crawl.py for tasks to queue
[2026-05-14T07:25:08.312+0000] {logging_mixin.py:190} INFO - [2026-05-14T07:25:08.312+0000] {dagbag.py:588} INFO - Filling up the DagBag from /opt/airflow/dags/ETL_Without_Crawl.py
[2026-05-14T07:25:08.365+0000] {processor.py:925} INFO - DAG(s) 'etl_without_crawl' retrieved from /opt/airflow/dags/ETL_Without_Crawl.py
[2026-05-14T07:25:08.472+0000] {logging_mixin.py:190} INFO - [2026-05-14T07:25:08.472+0000] {dag.py:3239} INFO - Sync 1 DAGs
[2026-05-14T07:25:08.528+0000] {logging_mixin.py:190} INFO - [2026-05-14T07:25:08.528+0000] {dag.py:4180} INFO - Setting next_dagrun for etl_without_crawl to None, run_after=None
[2026-05-14T07:25:08.577+0000] {processor.py:208} INFO - Processing /opt/airflow/dags/ETL_Without_Crawl.py took 0.287 seconds
[2026-05-14T07:25:40.972+0000] {processor.py:186} INFO - Started process (PID=93) to work on /opt/airflow/dags/ETL_Without_Crawl.py
[2026-05-14T07:25:40.973+0000] {processor.py:914} INFO - Processing file /opt/airflow/dags/ETL_Without_Crawl.py for tasks to queue
[2026-05-14T07:25:40.976+0000] {logging_mixin.py:190} INFO - [2026-05-14T07:25:40.975+0000] {dagbag.py:588} INFO - Filling up the DagBag from /opt/airflow/dags/ETL_Without_Crawl.py
[2026-05-14T07:25:41.002+0000] {processor.py:925} INFO - DAG(s) 'etl_without_crawl' retrieved from /opt/airflow/dags/ETL_Without_Crawl.py
[2026-05-14T07:25:41.084+0000] {logging_mixin.py:190} INFO - [2026-05-14T07:25:41.084+0000] {dag.py:3239} INFO - Sync 1 DAGs
[2026-05-14T07:25:41.134+0000] {logging_mixin.py:190} INFO - [2026-05-14T07:25:41.134+0000] {dag.py:4180} INFO - Setting next_dagrun for etl_without_crawl to None, run_after=None
[2026-05-14T07:25:41.213+0000] {processor.py:208} INFO - Processing /opt/airflow/dags/ETL_Without_Crawl.py took 0.252 seconds
[2026-05-14T07:26:13.182+0000] {processor.py:186} INFO - Started process (PID=97) to work on /opt/airflow/dags/ETL_Without_Crawl.py
[2026-05-14T07:26:13.183+0000] {processor.py:914} INFO - Processing file /opt/airflow/dags/ETL_Without_Crawl.py for tasks to queue
[2026-05-14T07:26:13.185+0000] {logging_mixin.py:190} INFO - [2026-05-14T07:26:13.185+0000] {dagbag.py:588} INFO - Filling up the DagBag from /opt/airflow/dags/ETL_Without_Crawl.py
[2026-05-14T07:26:13.230+0000] {processor.py:925} INFO - DAG(s) 'etl_without_crawl' retrieved from /opt/airflow/dags/ETL_Without_Crawl.py
[2026-05-14T07:26:13.346+0000] {logging_mixin.py:190} INFO - [2026-05-14T07:26:13.346+0000] {dag.py:3239} INFO - Sync 1 DAGs
[2026-05-14T07:26:13.420+0000] {logging_mixin.py:190} INFO - [2026-05-14T07:26:13.420+0000] {dag.py:4180} INFO - Setting next_dagrun for etl_without_crawl to None, run_after=None
[2026-05-14T07:26:13.498+0000] {processor.py:208} INFO - Processing /opt/airflow/dags/ETL_Without_Crawl.py took 0.333 seconds
[2026-05-14T07:26:46.293+0000] {processor.py:186} INFO - Started process (PID=101) to work on /opt/airflow/dags/ETL_Without_Crawl.py
[2026-05-14T07:26:46.294+0000] {processor.py:914} INFO - Processing file /opt/airflow/dags/ETL_Without_Crawl.py for tasks to queue
[2026-05-14T07:26:46.297+0000] {logging_mixin.py:190} INFO - [2026-05-14T07:26:46.296+0000] {dagbag.py:588} INFO - Filling up the DagBag from /opt/airflow/dags/ETL_Without_Crawl.py
[2026-05-14T07:26:46.329+0000] {processor.py:925} INFO - DAG(s) 'etl_without_crawl' retrieved from /opt/airflow/dags/ETL_Without_Crawl.py
[2026-05-14T07:26:46.405+0000] {logging_mixin.py:190} INFO - [2026-05-14T07:26:46.404+0000] {dag.py:3239} INFO - Sync 1 DAGs
[2026-05-14T07:26:46.452+0000] {logging_mixin.py:190} INFO - [2026-05-14T07:26:46.451+0000] {dag.py:4180} INFO - Setting next_dagrun for etl_without_crawl to None, run_after=None
[2026-05-14T07:26:46.515+0000] {processor.py:208} INFO - Processing /opt/airflow/dags/ETL_Without_Crawl.py took 0.235 seconds
[2026-05-14T07:27:18.981+0000] {processor.py:186} INFO - Started process (PID=105) to work on /opt/airflow/dags/ETL_Without_Crawl.py
[2026-05-14T07:27:18.982+0000] {processor.py:914} INFO - Processing file /opt/airflow/dags/ETL_Without_Crawl.py for tasks to queue
[2026-05-14T07:27:18.985+0000] {logging_mixin.py:190} INFO - [2026-05-14T07:27:18.984+0000] {dagbag.py:588} INFO - Filling up the DagBag from /opt/airflow/dags/ETL_Without_Crawl.py
[2026-05-14T07:27:19.034+0000] {processor.py:925} INFO - DAG(s) 'etl_without_crawl' retrieved from /opt/airflow/dags/ETL_Without_Crawl.py
[2026-05-14T07:27:19.132+0000] {logging_mixin.py:190} INFO - [2026-05-14T07:27:19.132+0000] {dag.py:3239} INFO - Sync 1 DAGs
[2026-05-14T07:27:19.183+0000] {logging_mixin.py:190} INFO - [2026-05-14T07:27:19.183+0000] {dag.py:4180} INFO - Setting next_dagrun for etl_without_crawl to None, run_after=None
[2026-05-14T07:27:19.281+0000] {processor.py:208} INFO - Processing /opt/airflow/dags/ETL_Without_Crawl.py took 0.316 seconds
[2026-05-14T07:27:51.586+0000] {processor.py:186} INFO - Started process (PID=109) to work on /opt/airflow/dags/ETL_Without_Crawl.py
[2026-05-14T07:27:51.587+0000] {processor.py:914} INFO - Processing file /opt/airflow/dags/ETL_Without_Crawl.py for tasks to queue
[2026-05-14T07:27:51.589+0000] {logging_mixin.py:190} INFO - [2026-05-14T07:27:51.589+0000] {dagbag.py:588} INFO - Filling up the DagBag from /opt/airflow/dags/ETL_Without_Crawl.py
[2026-05-14T07:27:51.619+0000] {processor.py:925} INFO - DAG(s) 'etl_without_crawl' retrieved from /opt/airflow/dags/ETL_Without_Crawl.py
[2026-05-14T07:27:51.700+0000] {logging_mixin.py:190} INFO - [2026-05-14T07:27:51.699+0000] {dag.py:3239} INFO - Sync 1 DAGs
[2026-05-14T07:27:51.761+0000] {logging_mixin.py:190} INFO - [2026-05-14T07:27:51.761+0000] {dag.py:4180} INFO - Setting next_dagrun for etl_without_crawl to None, run_after=None
[2026-05-14T07:27:51.815+0000] {processor.py:208} INFO - Processing /opt/airflow/dags/ETL_Without_Crawl.py took 0.239 seconds
[2026-05-14T07:28:24.856+0000] {processor.py:186} INFO - Started process (PID=113) to work on /opt/airflow/dags/ETL_Without_Crawl.py
[2026-05-14T07:28:24.860+0000] {processor.py:914} INFO - Processing file /opt/airflow/dags/ETL_Without_Crawl.py for tasks to queue
[2026-05-14T07:28:24.862+0000] {logging_mixin.py:190} INFO - [2026-05-14T07:28:24.861+0000] {dagbag.py:588} INFO - Filling up the DagBag from /opt/airflow/dags/ETL_Without_Crawl.py
[2026-05-14T07:28:24.897+0000] {processor.py:925} INFO - DAG(s) 'etl_without_crawl' retrieved from /opt/airflow/dags/ETL_Without_Crawl.py
[2026-05-14T07:28:24.971+0000] {logging_mixin.py:190} INFO - [2026-05-14T07:28:24.971+0000] {dag.py:3239} INFO - Sync 1 DAGs
[2026-05-14T07:28:25.015+0000] {logging_mixin.py:190} INFO - [2026-05-14T07:28:25.015+0000] {dag.py:4180} INFO - Setting next_dagrun for etl_without_crawl to None, run_after=None
[2026-05-14T07:28:25.069+0000] {processor.py:208} INFO - Processing /opt/airflow/dags/ETL_Without_Crawl.py took 0.227 seconds
[2026-05-14T07:28:57.399+0000] {processor.py:186} INFO - Started process (PID=117) to work on /opt/airflow/dags/ETL_Without_Crawl.py
[2026-05-14T07:28:57.400+0000] {processor.py:914} INFO - Processing file /opt/airflow/dags/ETL_Without_Crawl.py for tasks to queue
[2026-05-14T07:28:57.403+0000] {logging_mixin.py:190} INFO - [2026-05-14T07:28:57.403+0000] {dagbag.py:588} INFO - Filling up the DagBag from /opt/airflow/dags/ETL_Without_Crawl.py
[2026-05-14T07:28:57.432+0000] {processor.py:925} INFO - DAG(s) 'etl_without_crawl' retrieved from /opt/airflow/dags/ETL_Without_Crawl.py
[2026-05-14T07:28:57.485+0000] {logging_mixin.py:190} INFO - [2026-05-14T07:28:57.485+0000] {dag.py:3239} INFO - Sync 1 DAGs
[2026-05-14T07:28:57.514+0000] {logging_mixin.py:190} INFO - [2026-05-14T07:28:57.514+0000] {dag.py:4180} INFO - Setting next_dagrun for etl_without_crawl to None, run_after=None
[2026-05-14T07:28:57.556+0000] {processor.py:208} INFO - Processing /opt/airflow/dags/ETL_Without_Crawl.py took 0.174 seconds
[2026-05-14T07:29:30.016+0000] {processor.py:186} INFO - Started process (PID=121) to work on /opt/airflow/dags/ETL_Without_Crawl.py
[2026-05-14T07:29:30.017+0000] {processor.py:914} INFO - Processing file /opt/airflow/dags/ETL_Without_Crawl.py for tasks to queue
[2026-05-14T07:29:30.019+0000] {logging_mixin.py:190} INFO - [2026-05-14T07:29:30.018+0000] {dagbag.py:588} INFO - Filling up the DagBag from /opt/airflow/dags/ETL_Without_Crawl.py
[2026-05-14T07:29:30.046+0000] {processor.py:925} INFO - DAG(s) 'etl_without_crawl' retrieved from /opt/airflow/dags/ETL_Without_Crawl.py
[2026-05-14T07:29:30.108+0000] {logging_mixin.py:190} INFO - [2026-05-14T07:29:30.108+0000] {dag.py:3239} INFO - Sync 1 DAGs
[2026-05-14T07:29:30.142+0000] {logging_mixin.py:190} INFO - [2026-05-14T07:29:30.142+0000] {dag.py:4180} INFO - Setting next_dagrun for etl_without_crawl to None, run_after=None
[2026-05-14T07:29:30.191+0000] {processor.py:208} INFO - Processing /opt/airflow/dags/ETL_Without_Crawl.py took 0.183 seconds
[2026-05-14T07:30:02.870+0000] {processor.py:186} INFO - Started process (PID=125) to work on /opt/airflow/dags/ETL_Without_Crawl.py
[2026-05-14T07:30:02.871+0000] {processor.py:914} INFO - Processing file /opt/airflow/dags/ETL_Without_Crawl.py for tasks to queue
[2026-05-14T07:30:02.873+0000] {logging_mixin.py:190} INFO - [2026-05-14T07:30:02.873+0000] {dagbag.py:588} INFO - Filling up the DagBag from /opt/airflow/dags/ETL_Without_Crawl.py
[2026-05-14T07:30:02.913+0000] {processor.py:925} INFO - DAG(s) 'etl_without_crawl' retrieved from /opt/airflow/dags/ETL_Without_Crawl.py
[2026-05-14T07:30:02.992+0000] {logging_mixin.py:190} INFO - [2026-05-14T07:30:02.991+0000] {dag.py:3239} INFO - Sync 1 DAGs
[2026-05-14T07:30:03.029+0000] {logging_mixin.py:190} INFO - [2026-05-14T07:30:03.028+0000] {dag.py:4180} INFO - Setting next_dagrun for etl_without_crawl to None, run_after=None
[2026-05-14T07:30:03.071+0000] {processor.py:208} INFO - Processing /opt/airflow/dags/ETL_Without_Crawl.py took 0.212 seconds
[2026-05-14T07:30:35.965+0000] {processor.py:186} INFO - Started process (PID=129) to work on /opt/airflow/dags/ETL_Without_Crawl.py
[2026-05-14T07:30:35.967+0000] {processor.py:914} INFO - Processing file /opt/airflow/dags/ETL_Without_Crawl.py for tasks to queue
[2026-05-14T07:30:35.970+0000] {logging_mixin.py:190} INFO - [2026-05-14T07:30:35.970+0000] {dagbag.py:588} INFO - Filling up the DagBag from /opt/airflow/dags/ETL_Without_Crawl.py
[2026-05-14T07:30:36.022+0000] {processor.py:925} INFO - DAG(s) 'etl_without_crawl' retrieved from /opt/airflow/dags/ETL_Without_Crawl.py
[2026-05-14T07:30:36.143+0000] {logging_mixin.py:190} INFO - [2026-05-14T07:30:36.142+0000] {dag.py:3239} INFO - Sync 1 DAGs
[2026-05-14T07:30:36.213+0000] {logging_mixin.py:190} INFO - [2026-05-14T07:30:36.213+0000] {dag.py:4180} INFO - Setting next_dagrun for etl_without_crawl to None, run_after=None
[2026-05-14T07:30:36.282+0000] {processor.py:208} INFO - Processing /opt/airflow/dags/ETL_Without_Crawl.py took 0.333 seconds
