[2026-05-14T07:18:40.035+0000] {processor.py:186} INFO - Started process (PID=38) to work on /opt/airflow/dags/system_dag.py
[2026-05-14T07:18:40.038+0000] {processor.py:914} INFO - Processing file /opt/airflow/dags/system_dag.py for tasks to queue
[2026-05-14T07:18:40.042+0000] {logging_mixin.py:190} INFO - [2026-05-14T07:18:40.041+0000] {dagbag.py:588} INFO - Filling up the DagBag from /opt/airflow/dags/system_dag.py
[2026-05-14T07:18:40.116+0000] {processor.py:925} INFO - DAG(s) 'system_dag' retrieved from /opt/airflow/dags/system_dag.py
[2026-05-14T07:18:40.243+0000] {logging_mixin.py:190} INFO - [2026-05-14T07:18:40.242+0000] {dag.py:3239} INFO - Sync 1 DAGs
[2026-05-14T07:18:40.320+0000] {logging_mixin.py:190} INFO - [2026-05-14T07:18:40.319+0000] {dag.py:4180} INFO - Setting next_dagrun for system_dag to 2026-05-13T00:00:00+00:00, run_after=2026-05-14T00:00:00+00:00
[2026-05-14T07:18:40.372+0000] {processor.py:208} INFO - Processing /opt/airflow/dags/system_dag.py took 0.349 seconds
[2026-05-14T07:19:10.689+0000] {processor.py:186} INFO - Started process (PID=42) to work on /opt/airflow/dags/system_dag.py
[2026-05-14T07:19:10.690+0000] {processor.py:914} INFO - Processing file /opt/airflow/dags/system_dag.py for tasks to queue
[2026-05-14T07:19:10.692+0000] {logging_mixin.py:190} INFO - [2026-05-14T07:19:10.691+0000] {dagbag.py:588} INFO - Filling up the DagBag from /opt/airflow/dags/system_dag.py
[2026-05-14T07:19:10.725+0000] {processor.py:925} INFO - DAG(s) 'system_dag' retrieved from /opt/airflow/dags/system_dag.py
[2026-05-14T07:19:10.776+0000] {logging_mixin.py:190} INFO - [2026-05-14T07:19:10.775+0000] {dag.py:3239} INFO - Sync 1 DAGs
[2026-05-14T07:19:10.825+0000] {logging_mixin.py:190} INFO - [2026-05-14T07:19:10.825+0000] {dag.py:4180} INFO - Setting next_dagrun for system_dag to 2026-05-13T00:00:00+00:00, run_after=2026-05-14T00:00:00+00:00
[2026-05-14T07:19:10.853+0000] {processor.py:208} INFO - Processing /opt/airflow/dags/system_dag.py took 0.173 seconds
[2026-05-14T07:19:32.408+0000] {processor.py:186} INFO - Started process (PID=46) to work on /opt/airflow/dags/system_dag.py
[2026-05-14T07:19:32.409+0000] {processor.py:914} INFO - Processing file /opt/airflow/dags/system_dag.py for tasks to queue
[2026-05-14T07:19:32.411+0000] {logging_mixin.py:190} INFO - [2026-05-14T07:19:32.411+0000] {dagbag.py:588} INFO - Filling up the DagBag from /opt/airflow/dags/system_dag.py
[2026-05-14T07:19:32.440+0000] {processor.py:925} INFO - DAG(s) 'system_dag' retrieved from /opt/airflow/dags/system_dag.py
[2026-05-14T07:19:41.734+0000] {logging_mixin.py:190} INFO - [2026-05-14T07:19:41.734+0000] {dag.py:3239} INFO - Sync 1 DAGs
[2026-05-14T07:19:41.778+0000] {logging_mixin.py:190} INFO - [2026-05-14T07:19:41.778+0000] {dag.py:4180} INFO - Setting next_dagrun for system_dag to 2026-05-13T00:00:00+00:00, run_after=2026-05-14T00:00:00+00:00
[2026-05-14T07:19:41.824+0000] {processor.py:208} INFO - Processing /opt/airflow/dags/system_dag.py took 0.192 seconds
[2026-05-14T07:20:12.501+0000] {processor.py:186} INFO - Started process (PID=50) to work on /opt/airflow/dags/system_dag.py
[2026-05-14T07:20:12.502+0000] {processor.py:914} INFO - Processing file /opt/airflow/dags/system_dag.py for tasks to queue
[2026-05-14T07:20:12.504+0000] {logging_mixin.py:190} INFO - [2026-05-14T07:20:12.503+0000] {dagbag.py:588} INFO - Filling up the DagBag from /opt/airflow/dags/system_dag.py
[2026-05-14T07:20:12.525+0000] {processor.py:925} INFO - DAG(s) 'system_dag' retrieved from /opt/airflow/dags/system_dag.py
[2026-05-14T07:20:12.566+0000] {logging_mixin.py:190} INFO - [2026-05-14T07:20:12.566+0000] {dag.py:3239} INFO - Sync 1 DAGs
[2026-05-14T07:20:12.604+0000] {logging_mixin.py:190} INFO - [2026-05-14T07:20:12.604+0000] {dag.py:4180} INFO - Setting next_dagrun for system_dag to 2026-05-13T00:00:00+00:00, run_after=2026-05-14T00:00:00+00:00
[2026-05-14T07:20:12.688+0000] {processor.py:208} INFO - Processing /opt/airflow/dags/system_dag.py took 0.193 seconds
[2026-05-14T07:20:43.510+0000] {processor.py:186} INFO - Started process (PID=54) to work on /opt/airflow/dags/system_dag.py
[2026-05-14T07:20:43.512+0000] {processor.py:914} INFO - Processing file /opt/airflow/dags/system_dag.py for tasks to queue
[2026-05-14T07:20:43.515+0000] {logging_mixin.py:190} INFO - [2026-05-14T07:20:43.514+0000] {dagbag.py:588} INFO - Filling up the DagBag from /opt/airflow/dags/system_dag.py
[2026-05-14T07:20:43.544+0000] {processor.py:925} INFO - DAG(s) 'system_dag' retrieved from /opt/airflow/dags/system_dag.py
[2026-05-14T07:20:43.592+0000] {logging_mixin.py:190} INFO - [2026-05-14T07:20:43.591+0000] {dag.py:3239} INFO - Sync 1 DAGs
[2026-05-14T07:20:43.634+0000] {logging_mixin.py:190} INFO - [2026-05-14T07:20:43.634+0000] {dag.py:4180} INFO - Setting next_dagrun for system_dag to 2026-05-13T00:00:00+00:00, run_after=2026-05-14T00:00:00+00:00
[2026-05-14T07:20:43.689+0000] {processor.py:208} INFO - Processing /opt/airflow/dags/system_dag.py took 0.188 seconds
[2026-05-14T07:21:14.130+0000] {processor.py:186} INFO - Started process (PID=58) to work on /opt/airflow/dags/system_dag.py
[2026-05-14T07:21:14.131+0000] {processor.py:914} INFO - Processing file /opt/airflow/dags/system_dag.py for tasks to queue
[2026-05-14T07:21:14.133+0000] {logging_mixin.py:190} INFO - [2026-05-14T07:21:14.133+0000] {dagbag.py:588} INFO - Filling up the DagBag from /opt/airflow/dags/system_dag.py
[2026-05-14T07:21:14.168+0000] {processor.py:925} INFO - DAG(s) 'system_dag' retrieved from /opt/airflow/dags/system_dag.py
[2026-05-14T07:21:14.248+0000] {logging_mixin.py:190} INFO - [2026-05-14T07:21:14.248+0000] {dag.py:3239} INFO - Sync 1 DAGs
[2026-05-14T07:21:14.323+0000] {logging_mixin.py:190} INFO - [2026-05-14T07:21:14.321+0000] {dag.py:4180} INFO - Setting next_dagrun for system_dag to 2026-05-13T00:00:00+00:00, run_after=2026-05-14T00:00:00+00:00
[2026-05-14T07:21:14.372+0000] {processor.py:208} INFO - Processing /opt/airflow/dags/system_dag.py took 0.253 seconds
[2026-05-14T07:21:45.253+0000] {processor.py:186} INFO - Started process (PID=62) to work on /opt/airflow/dags/system_dag.py
[2026-05-14T07:21:45.254+0000] {processor.py:914} INFO - Processing file /opt/airflow/dags/system_dag.py for tasks to queue
[2026-05-14T07:21:45.256+0000] {logging_mixin.py:190} INFO - [2026-05-14T07:21:45.255+0000] {dagbag.py:588} INFO - Filling up the DagBag from /opt/airflow/dags/system_dag.py
[2026-05-14T07:21:45.277+0000] {processor.py:925} INFO - DAG(s) 'system_dag' retrieved from /opt/airflow/dags/system_dag.py
[2026-05-14T07:21:45.324+0000] {logging_mixin.py:190} INFO - [2026-05-14T07:21:45.324+0000] {dag.py:3239} INFO - Sync 1 DAGs
[2026-05-14T07:21:45.368+0000] {logging_mixin.py:190} INFO - [2026-05-14T07:21:45.368+0000] {dag.py:4180} INFO - Setting next_dagrun for system_dag to 2026-05-13T00:00:00+00:00, run_after=2026-05-14T00:00:00+00:00
[2026-05-14T07:21:45.409+0000] {processor.py:208} INFO - Processing /opt/airflow/dags/system_dag.py took 0.165 seconds
[2026-05-14T07:22:15.534+0000] {processor.py:186} INFO - Started process (PID=66) to work on /opt/airflow/dags/system_dag.py
[2026-05-14T07:22:15.535+0000] {processor.py:914} INFO - Processing file /opt/airflow/dags/system_dag.py for tasks to queue
[2026-05-14T07:22:15.537+0000] {logging_mixin.py:190} INFO - [2026-05-14T07:22:15.536+0000] {dagbag.py:588} INFO - Filling up the DagBag from /opt/airflow/dags/system_dag.py
[2026-05-14T07:22:15.567+0000] {processor.py:925} INFO - DAG(s) 'system_dag' retrieved from /opt/airflow/dags/system_dag.py
[2026-05-14T07:22:15.628+0000] {logging_mixin.py:190} INFO - [2026-05-14T07:22:15.627+0000] {dag.py:3239} INFO - Sync 1 DAGs
[2026-05-14T07:22:15.676+0000] {logging_mixin.py:190} INFO - [2026-05-14T07:22:15.676+0000] {dag.py:4180} INFO - Setting next_dagrun for system_dag to 2026-05-13T00:00:00+00:00, run_after=2026-05-14T00:00:00+00:00
[2026-05-14T07:22:15.738+0000] {processor.py:208} INFO - Processing /opt/airflow/dags/system_dag.py took 0.212 seconds
[2026-05-14T07:22:46.147+0000] {processor.py:186} INFO - Started process (PID=70) to work on /opt/airflow/dags/system_dag.py
[2026-05-14T07:22:46.148+0000] {processor.py:914} INFO - Processing file /opt/airflow/dags/system_dag.py for tasks to queue
[2026-05-14T07:22:46.150+0000] {logging_mixin.py:190} INFO - [2026-05-14T07:22:46.150+0000] {dagbag.py:588} INFO - Filling up the DagBag from /opt/airflow/dags/system_dag.py
[2026-05-14T07:22:46.193+0000] {processor.py:925} INFO - DAG(s) 'system_dag' retrieved from /opt/airflow/dags/system_dag.py
[2026-05-14T07:22:46.288+0000] {logging_mixin.py:190} INFO - [2026-05-14T07:22:46.287+0000] {dag.py:3239} INFO - Sync 1 DAGs
[2026-05-14T07:22:46.343+0000] {logging_mixin.py:190} INFO - [2026-05-14T07:22:46.343+0000] {dag.py:4180} INFO - Setting next_dagrun for system_dag to 2026-05-13T00:00:00+00:00, run_after=2026-05-14T00:00:00+00:00
[2026-05-14T07:22:46.386+0000] {processor.py:208} INFO - Processing /opt/airflow/dags/system_dag.py took 0.248 seconds
[2026-05-14T07:23:16.593+0000] {processor.py:186} INFO - Started process (PID=74) to work on /opt/airflow/dags/system_dag.py
[2026-05-14T07:23:16.594+0000] {processor.py:914} INFO - Processing file /opt/airflow/dags/system_dag.py for tasks to queue
[2026-05-14T07:23:16.596+0000] {logging_mixin.py:190} INFO - [2026-05-14T07:23:16.596+0000] {dagbag.py:588} INFO - Filling up the DagBag from /opt/airflow/dags/system_dag.py
[2026-05-14T07:23:16.620+0000] {processor.py:925} INFO - DAG(s) 'system_dag' retrieved from /opt/airflow/dags/system_dag.py
[2026-05-14T07:23:16.680+0000] {logging_mixin.py:190} INFO - [2026-05-14T07:23:16.679+0000] {dag.py:3239} INFO - Sync 1 DAGs
[2026-05-14T07:23:16.723+0000] {logging_mixin.py:190} INFO - [2026-05-14T07:23:16.723+0000] {dag.py:4180} INFO - Setting next_dagrun for system_dag to 2026-05-13T00:00:00+00:00, run_after=2026-05-14T00:00:00+00:00
[2026-05-14T07:23:16.762+0000] {processor.py:208} INFO - Processing /opt/airflow/dags/system_dag.py took 0.176 seconds
[2026-05-14T07:23:47.165+0000] {processor.py:186} INFO - Started process (PID=78) to work on /opt/airflow/dags/system_dag.py
[2026-05-14T07:23:47.166+0000] {processor.py:914} INFO - Processing file /opt/airflow/dags/system_dag.py for tasks to queue
[2026-05-14T07:23:47.168+0000] {logging_mixin.py:190} INFO - [2026-05-14T07:23:47.167+0000] {dagbag.py:588} INFO - Filling up the DagBag from /opt/airflow/dags/system_dag.py
[2026-05-14T07:23:47.195+0000] {processor.py:925} INFO - DAG(s) 'system_dag' retrieved from /opt/airflow/dags/system_dag.py
[2026-05-14T07:23:47.257+0000] {logging_mixin.py:190} INFO - [2026-05-14T07:23:47.257+0000] {dag.py:3239} INFO - Sync 1 DAGs
[2026-05-14T07:23:47.321+0000] {logging_mixin.py:190} INFO - [2026-05-14T07:23:47.321+0000] {dag.py:4180} INFO - Setting next_dagrun for system_dag to 2026-05-13T00:00:00+00:00, run_after=2026-05-14T00:00:00+00:00
[2026-05-14T07:23:47.354+0000] {processor.py:208} INFO - Processing /opt/airflow/dags/system_dag.py took 0.195 seconds
[2026-05-14T07:24:17.764+0000] {processor.py:186} INFO - Started process (PID=82) to work on /opt/airflow/dags/system_dag.py
[2026-05-14T07:24:17.766+0000] {processor.py:914} INFO - Processing file /opt/airflow/dags/system_dag.py for tasks to queue
[2026-05-14T07:24:17.769+0000] {logging_mixin.py:190} INFO - [2026-05-14T07:24:17.768+0000] {dagbag.py:588} INFO - Filling up the DagBag from /opt/airflow/dags/system_dag.py
[2026-05-14T07:24:17.801+0000] {processor.py:925} INFO - DAG(s) 'system_dag' retrieved from /opt/airflow/dags/system_dag.py
[2026-05-14T07:24:17.865+0000] {logging_mixin.py:190} INFO - [2026-05-14T07:24:17.865+0000] {dag.py:3239} INFO - Sync 1 DAGs
[2026-05-14T07:24:17.924+0000] {logging_mixin.py:190} INFO - [2026-05-14T07:24:17.924+0000] {dag.py:4180} INFO - Setting next_dagrun for system_dag to 2026-05-13T00:00:00+00:00, run_after=2026-05-14T00:00:00+00:00
[2026-05-14T07:24:17.987+0000] {processor.py:208} INFO - Processing /opt/airflow/dags/system_dag.py took 0.236 seconds
[2026-05-14T07:24:48.960+0000] {processor.py:186} INFO - Started process (PID=86) to work on /opt/airflow/dags/system_dag.py
[2026-05-14T07:24:48.966+0000] {processor.py:914} INFO - Processing file /opt/airflow/dags/system_dag.py for tasks to queue
[2026-05-14T07:24:48.967+0000] {logging_mixin.py:190} INFO - [2026-05-14T07:24:48.966+0000] {dagbag.py:588} INFO - Filling up the DagBag from /opt/airflow/dags/system_dag.py
[2026-05-14T07:24:48.986+0000] {processor.py:925} INFO - DAG(s) 'system_dag' retrieved from /opt/airflow/dags/system_dag.py
[2026-05-14T07:24:49.025+0000] {logging_mixin.py:190} INFO - [2026-05-14T07:24:49.025+0000] {dag.py:3239} INFO - Sync 1 DAGs
[2026-05-14T07:24:49.056+0000] {logging_mixin.py:190} INFO - [2026-05-14T07:24:49.056+0000] {dag.py:4180} INFO - Setting next_dagrun for system_dag to 2026-05-13T00:00:00+00:00, run_after=2026-05-14T00:00:00+00:00
[2026-05-14T07:24:49.113+0000] {processor.py:208} INFO - Processing /opt/airflow/dags/system_dag.py took 0.159 seconds
[2026-05-14T07:25:19.901+0000] {processor.py:186} INFO - Started process (PID=90) to work on /opt/airflow/dags/system_dag.py
[2026-05-14T07:25:19.903+0000] {processor.py:914} INFO - Processing file /opt/airflow/dags/system_dag.py for tasks to queue
[2026-05-14T07:25:19.906+0000] {logging_mixin.py:190} INFO - [2026-05-14T07:25:19.905+0000] {dagbag.py:588} INFO - Filling up the DagBag from /opt/airflow/dags/system_dag.py
[2026-05-14T07:25:19.973+0000] {processor.py:925} INFO - DAG(s) 'system_dag' retrieved from /opt/airflow/dags/system_dag.py
[2026-05-14T07:25:20.065+0000] {logging_mixin.py:190} INFO - [2026-05-14T07:25:20.065+0000] {dag.py:3239} INFO - Sync 1 DAGs
[2026-05-14T07:25:20.124+0000] {logging_mixin.py:190} INFO - [2026-05-14T07:25:20.123+0000] {dag.py:4180} INFO - Setting next_dagrun for system_dag to 2026-05-13T00:00:00+00:00, run_after=2026-05-14T00:00:00+00:00
[2026-05-14T07:25:20.184+0000] {processor.py:208} INFO - Processing /opt/airflow/dags/system_dag.py took 0.311 seconds
[2026-05-14T07:25:50.552+0000] {processor.py:186} INFO - Started process (PID=94) to work on /opt/airflow/dags/system_dag.py
[2026-05-14T07:25:50.557+0000] {processor.py:914} INFO - Processing file /opt/airflow/dags/system_dag.py for tasks to queue
[2026-05-14T07:25:50.566+0000] {logging_mixin.py:190} INFO - [2026-05-14T07:25:50.565+0000] {dagbag.py:588} INFO - Filling up the DagBag from /opt/airflow/dags/system_dag.py
[2026-05-14T07:25:50.658+0000] {processor.py:925} INFO - DAG(s) 'system_dag' retrieved from /opt/airflow/dags/system_dag.py
[2026-05-14T07:25:50.759+0000] {logging_mixin.py:190} INFO - [2026-05-14T07:25:50.759+0000] {dag.py:3239} INFO - Sync 1 DAGs
[2026-05-14T07:25:50.929+0000] {logging_mixin.py:190} INFO - [2026-05-14T07:25:50.928+0000] {dag.py:4180} INFO - Setting next_dagrun for system_dag to 2026-05-13T00:00:00+00:00, run_after=2026-05-14T00:00:00+00:00
[2026-05-14T07:25:52.935+0000] {processor.py:208} INFO - Processing /opt/airflow/dags/system_dag.py took 2.402 seconds
[2026-05-14T07:26:23.853+0000] {processor.py:186} INFO - Started process (PID=98) to work on /opt/airflow/dags/system_dag.py
[2026-05-14T07:26:23.854+0000] {processor.py:914} INFO - Processing file /opt/airflow/dags/system_dag.py for tasks to queue
[2026-05-14T07:26:23.856+0000] {logging_mixin.py:190} INFO - [2026-05-14T07:26:23.856+0000] {dagbag.py:588} INFO - Filling up the DagBag from /opt/airflow/dags/system_dag.py
[2026-05-14T07:26:23.895+0000] {processor.py:925} INFO - DAG(s) 'system_dag' retrieved from /opt/airflow/dags/system_dag.py
[2026-05-14T07:26:23.962+0000] {logging_mixin.py:190} INFO - [2026-05-14T07:26:23.961+0000] {dag.py:3239} INFO - Sync 1 DAGs
[2026-05-14T07:26:24.018+0000] {logging_mixin.py:190} INFO - [2026-05-14T07:26:24.017+0000] {dag.py:4180} INFO - Setting next_dagrun for system_dag to 2026-05-13T00:00:00+00:00, run_after=2026-05-14T00:00:00+00:00
[2026-05-14T07:26:24.066+0000] {processor.py:208} INFO - Processing /opt/airflow/dags/system_dag.py took 0.230 seconds
[2026-05-14T07:26:54.738+0000] {processor.py:186} INFO - Started process (PID=102) to work on /opt/airflow/dags/system_dag.py
[2026-05-14T07:26:54.745+0000] {processor.py:914} INFO - Processing file /opt/airflow/dags/system_dag.py for tasks to queue
[2026-05-14T07:26:54.749+0000] {logging_mixin.py:190} INFO - [2026-05-14T07:26:54.748+0000] {dagbag.py:588} INFO - Filling up the DagBag from /opt/airflow/dags/system_dag.py
[2026-05-14T07:26:54.813+0000] {processor.py:925} INFO - DAG(s) 'system_dag' retrieved from /opt/airflow/dags/system_dag.py
[2026-05-14T07:26:54.980+0000] {logging_mixin.py:190} INFO - [2026-05-14T07:26:54.980+0000] {dag.py:3239} INFO - Sync 1 DAGs
[2026-05-14T07:26:55.113+0000] {logging_mixin.py:190} INFO - [2026-05-14T07:26:55.113+0000] {dag.py:4180} INFO - Setting next_dagrun for system_dag to 2026-05-13T00:00:00+00:00, run_after=2026-05-14T00:00:00+00:00
[2026-05-14T07:26:55.298+0000] {processor.py:208} INFO - Processing /opt/airflow/dags/system_dag.py took 0.596 seconds
[2026-05-14T07:27:25.453+0000] {processor.py:186} INFO - Started process (PID=106) to work on /opt/airflow/dags/system_dag.py
[2026-05-14T07:27:25.456+0000] {processor.py:914} INFO - Processing file /opt/airflow/dags/system_dag.py for tasks to queue
[2026-05-14T07:27:25.459+0000] {logging_mixin.py:190} INFO - [2026-05-14T07:27:25.458+0000] {dagbag.py:588} INFO - Filling up the DagBag from /opt/airflow/dags/system_dag.py
[2026-05-14T07:27:25.515+0000] {processor.py:925} INFO - DAG(s) 'system_dag' retrieved from /opt/airflow/dags/system_dag.py
[2026-05-14T07:27:25.606+0000] {logging_mixin.py:190} INFO - [2026-05-14T07:27:25.606+0000] {dag.py:3239} INFO - Sync 1 DAGs
[2026-05-14T07:27:25.668+0000] {logging_mixin.py:190} INFO - [2026-05-14T07:27:25.668+0000] {dag.py:4180} INFO - Setting next_dagrun for system_dag to 2026-05-13T00:00:00+00:00, run_after=2026-05-14T00:00:00+00:00
[2026-05-14T07:27:25.736+0000] {processor.py:208} INFO - Processing /opt/airflow/dags/system_dag.py took 0.307 seconds
[2026-05-14T07:27:55.954+0000] {processor.py:186} INFO - Started process (PID=110) to work on /opt/airflow/dags/system_dag.py
[2026-05-14T07:27:55.956+0000] {processor.py:914} INFO - Processing file /opt/airflow/dags/system_dag.py for tasks to queue
[2026-05-14T07:27:55.957+0000] {logging_mixin.py:190} INFO - [2026-05-14T07:27:55.957+0000] {dagbag.py:588} INFO - Filling up the DagBag from /opt/airflow/dags/system_dag.py
[2026-05-14T07:27:55.985+0000] {processor.py:925} INFO - DAG(s) 'system_dag' retrieved from /opt/airflow/dags/system_dag.py
[2026-05-14T07:27:56.038+0000] {logging_mixin.py:190} INFO - [2026-05-14T07:27:56.037+0000] {dag.py:3239} INFO - Sync 1 DAGs
[2026-05-14T07:27:56.086+0000] {logging_mixin.py:190} INFO - [2026-05-14T07:27:56.086+0000] {dag.py:4180} INFO - Setting next_dagrun for system_dag to 2026-05-13T00:00:00+00:00, run_after=2026-05-14T00:00:00+00:00
[2026-05-14T07:27:56.190+0000] {processor.py:208} INFO - Processing /opt/airflow/dags/system_dag.py took 0.249 seconds
[2026-05-14T07:28:26.944+0000] {processor.py:186} INFO - Started process (PID=114) to work on /opt/airflow/dags/system_dag.py
[2026-05-14T07:28:26.945+0000] {processor.py:914} INFO - Processing file /opt/airflow/dags/system_dag.py for tasks to queue
[2026-05-14T07:28:26.948+0000] {logging_mixin.py:190} INFO - [2026-05-14T07:28:26.948+0000] {dagbag.py:588} INFO - Filling up the DagBag from /opt/airflow/dags/system_dag.py
[2026-05-14T07:28:26.989+0000] {processor.py:925} INFO - DAG(s) 'system_dag' retrieved from /opt/airflow/dags/system_dag.py
[2026-05-14T07:28:27.064+0000] {logging_mixin.py:190} INFO - [2026-05-14T07:28:27.064+0000] {dag.py:3239} INFO - Sync 1 DAGs
[2026-05-14T07:28:27.139+0000] {logging_mixin.py:190} INFO - [2026-05-14T07:28:27.138+0000] {dag.py:4180} INFO - Setting next_dagrun for system_dag to 2026-05-13T00:00:00+00:00, run_after=2026-05-14T00:00:00+00:00
[2026-05-14T07:28:27.215+0000] {processor.py:208} INFO - Processing /opt/airflow/dags/system_dag.py took 0.282 seconds
[2026-05-14T07:28:57.632+0000] {processor.py:186} INFO - Started process (PID=118) to work on /opt/airflow/dags/system_dag.py
[2026-05-14T07:28:57.633+0000] {processor.py:914} INFO - Processing file /opt/airflow/dags/system_dag.py for tasks to queue
[2026-05-14T07:28:57.635+0000] {logging_mixin.py:190} INFO - [2026-05-14T07:28:57.635+0000] {dagbag.py:588} INFO - Filling up the DagBag from /opt/airflow/dags/system_dag.py
[2026-05-14T07:28:57.665+0000] {processor.py:925} INFO - DAG(s) 'system_dag' retrieved from /opt/airflow/dags/system_dag.py
[2026-05-14T07:28:57.715+0000] {logging_mixin.py:190} INFO - [2026-05-14T07:28:57.715+0000] {dag.py:3239} INFO - Sync 1 DAGs
[2026-05-14T07:28:57.764+0000] {logging_mixin.py:190} INFO - [2026-05-14T07:28:57.764+0000] {dag.py:4180} INFO - Setting next_dagrun for system_dag to 2026-05-13T00:00:00+00:00, run_after=2026-05-14T00:00:00+00:00
[2026-05-14T07:28:57.805+0000] {processor.py:208} INFO - Processing /opt/airflow/dags/system_dag.py took 0.184 seconds
[2026-05-14T07:29:30.248+0000] {processor.py:186} INFO - Started process (PID=122) to work on /opt/airflow/dags/system_dag.py
[2026-05-14T07:29:30.249+0000] {processor.py:914} INFO - Processing file /opt/airflow/dags/system_dag.py for tasks to queue
[2026-05-14T07:29:30.251+0000] {logging_mixin.py:190} INFO - [2026-05-14T07:29:30.251+0000] {dagbag.py:588} INFO - Filling up the DagBag from /opt/airflow/dags/system_dag.py
[2026-05-14T07:29:30.283+0000] {processor.py:925} INFO - DAG(s) 'system_dag' retrieved from /opt/airflow/dags/system_dag.py
[2026-05-14T07:29:30.346+0000] {logging_mixin.py:190} INFO - [2026-05-14T07:29:30.345+0000] {dag.py:3239} INFO - Sync 1 DAGs
[2026-05-14T07:29:30.401+0000] {logging_mixin.py:190} INFO - [2026-05-14T07:29:30.400+0000] {dag.py:4180} INFO - Setting next_dagrun for system_dag to 2026-05-13T00:00:00+00:00, run_after=2026-05-14T00:00:00+00:00
[2026-05-14T07:29:30.453+0000] {processor.py:208} INFO - Processing /opt/airflow/dags/system_dag.py took 0.215 seconds
[2026-05-14T07:30:03.138+0000] {processor.py:186} INFO - Started process (PID=126) to work on /opt/airflow/dags/system_dag.py
[2026-05-14T07:30:03.141+0000] {processor.py:914} INFO - Processing file /opt/airflow/dags/system_dag.py for tasks to queue
[2026-05-14T07:30:03.145+0000] {logging_mixin.py:190} INFO - [2026-05-14T07:30:03.144+0000] {dagbag.py:588} INFO - Filling up the DagBag from /opt/airflow/dags/system_dag.py
[2026-05-14T07:30:03.174+0000] {processor.py:925} INFO - DAG(s) 'system_dag' retrieved from /opt/airflow/dags/system_dag.py
[2026-05-14T07:30:03.250+0000] {logging_mixin.py:190} INFO - [2026-05-14T07:30:03.250+0000] {dag.py:3239} INFO - Sync 1 DAGs
[2026-05-14T07:30:03.314+0000] {logging_mixin.py:190} INFO - [2026-05-14T07:30:03.314+0000] {dag.py:4180} INFO - Setting next_dagrun for system_dag to 2026-05-13T00:00:00+00:00, run_after=2026-05-14T00:00:00+00:00
[2026-05-14T07:30:03.358+0000] {processor.py:208} INFO - Processing /opt/airflow/dags/system_dag.py took 0.228 seconds
[2026-05-14T07:30:36.408+0000] {processor.py:186} INFO - Started process (PID=130) to work on /opt/airflow/dags/system_dag.py
[2026-05-14T07:30:36.409+0000] {processor.py:914} INFO - Processing file /opt/airflow/dags/system_dag.py for tasks to queue
[2026-05-14T07:30:36.413+0000] {logging_mixin.py:190} INFO - [2026-05-14T07:30:36.412+0000] {dagbag.py:588} INFO - Filling up the DagBag from /opt/airflow/dags/system_dag.py
[2026-05-14T07:30:36.497+0000] {processor.py:925} INFO - DAG(s) 'system_dag' retrieved from /opt/airflow/dags/system_dag.py
[2026-05-14T07:30:36.605+0000] {logging_mixin.py:190} INFO - [2026-05-14T07:30:36.605+0000] {dag.py:3239} INFO - Sync 1 DAGs
[2026-05-14T07:30:36.705+0000] {logging_mixin.py:190} INFO - [2026-05-14T07:30:36.704+0000] {dag.py:4180} INFO - Setting next_dagrun for system_dag to 2026-05-13T00:00:00+00:00, run_after=2026-05-14T00:00:00+00:00
[2026-05-14T07:30:36.769+0000] {processor.py:208} INFO - Processing /opt/airflow/dags/system_dag.py took 0.375 seconds
