[2026-04-11T05:20:53.506+0000] {local_task_job_runner.py:123} INFO - ::group::Pre task execution logs
[2026-04-11T05:20:53.537+0000] {taskinstance.py:2614} INFO - Dependencies all met for dep_context=non-requeueable deps ti=<TaskInstance: crawl_etl_itjob.clean_silver scheduled__2026-04-08T02:00:00+00:00 [queued]>
[2026-04-11T05:20:53.546+0000] {taskinstance.py:2614} INFO - Dependencies all met for dep_context=requeueable deps ti=<TaskInstance: crawl_etl_itjob.clean_silver scheduled__2026-04-08T02:00:00+00:00 [queued]>
[2026-04-11T05:20:53.546+0000] {taskinstance.py:2867} INFO - Starting attempt 1 of 2
[2026-04-11T05:20:53.557+0000] {taskinstance.py:2890} INFO - Executing <Task(BashOperator): clean_silver> on 2026-04-08 02:00:00+00:00
[2026-04-11T05:20:53.562+0000] {standard_task_runner.py:72} INFO - Started process 70 to run task
[2026-04-11T05:20:53.565+0000] {standard_task_runner.py:104} INFO - Running: ['***', 'tasks', 'run', 'crawl_etl_itjob', 'clean_silver', 'scheduled__2026-04-08T02:00:00+00:00', '--job-id', '80', '--raw', '--subdir', 'DAGS_FOLDER/Crawl_ETL_ITJob.py', '--cfg-path', '/tmp/tmpegd0qtuh']
[2026-04-11T05:20:53.567+0000] {standard_task_runner.py:105} INFO - Job 80: Subtask clean_silver
[2026-04-11T05:20:53.587+0000] {warnings.py:109} WARNING - /home/***/.local/lib/python3.8/site-packages/***/settings.py:209: DeprecationWarning: The sql_alchemy_conn option in [core] has been moved to the sql_alchemy_conn option in [database] - the old setting has been used, but please update your config.
  SQL_ALCHEMY_CONN = conf.get("database", "SQL_ALCHEMY_CONN")

[2026-04-11T05:20:53.646+0000] {task_command.py:467} INFO - Running <TaskInstance: crawl_etl_itjob.clean_silver scheduled__2026-04-08T02:00:00+00:00 [running]> on host 64b3786bead1
[2026-04-11T05:20:53.646+0000] {warnings.py:109} WARNING - /home/***/.local/lib/python3.8/site-packages/***/settings.py:470: DeprecationWarning: The sql_alchemy_conn option in [core] has been moved to the sql_alchemy_conn option in [database] - the old setting has been used, but please update your config.
  if conf.get("database", "sql_alchemy_conn") == "none://":

[2026-04-11T05:20:53.775+0000] {taskinstance.py:3134} INFO - Exporting env vars: AIRFLOW_CTX_DAG_EMAIL='hoa856856@gmail.com' AIRFLOW_CTX_DAG_OWNER='***' AIRFLOW_CTX_DAG_ID='crawl_etl_itjob' AIRFLOW_CTX_TASK_ID='clean_silver' AIRFLOW_CTX_EXECUTION_DATE='2026-04-08T02:00:00+00:00' AIRFLOW_CTX_TRY_NUMBER='1' AIRFLOW_CTX_DAG_RUN_ID='scheduled__2026-04-08T02:00:00+00:00'
[2026-04-11T05:20:53.776+0000] {taskinstance.py:732} INFO - ::endgroup::
[2026-04-11T05:20:53.793+0000] {subprocess.py:78} INFO - Tmp dir root location: /tmp
[2026-04-11T05:20:53.794+0000] {subprocess.py:88} INFO - Running command: ['/bin/bash', '-c', "\n        docker exec spark-submit bash -c '\n        /opt/spark/bin/spark-submit         --master spark://spark-master:7077         --deploy-mode client         --packages org.apache.iceberg:iceberg-spark-runtime-3.5_2.12:1.5.0,org.apache.hadoop:hadoop-aws:3.3.4,com.amazonaws:aws-java-sdk-bundle:1.12.262         /opt/spark/scripts/Clean_Silver.py\n        '\n        "]
[2026-04-11T05:20:53.806+0000] {subprocess.py:99} INFO - Output:
[2026-04-11T05:20:55.585+0000] {subprocess.py:106} INFO - :: loading settings :: url = jar:file:/opt/spark/jars/ivy-2.5.1.jar!/org/apache/ivy/core/settings/ivysettings.xml
[2026-04-11T05:20:55.664+0000] {subprocess.py:106} INFO - Ivy Default Cache set to: /home/spark/.ivy2/cache
[2026-04-11T05:20:55.666+0000] {subprocess.py:106} INFO - The jars for the packages stored in: /home/spark/.ivy2/jars
[2026-04-11T05:20:55.672+0000] {subprocess.py:106} INFO - org.apache.iceberg#iceberg-spark-runtime-3.5_2.12 added as a dependency
[2026-04-11T05:20:55.673+0000] {subprocess.py:106} INFO - org.apache.hadoop#hadoop-aws added as a dependency
[2026-04-11T05:20:55.674+0000] {subprocess.py:106} INFO - com.amazonaws#aws-java-sdk-bundle added as a dependency
[2026-04-11T05:20:55.674+0000] {subprocess.py:106} INFO - :: resolving dependencies :: org.apache.spark#spark-submit-parent-8427d2ec-65fc-4de0-aa76-20369e3e761c;1.0
[2026-04-11T05:20:55.675+0000] {subprocess.py:106} INFO - 	confs: [default]
[2026-04-11T05:20:55.785+0000] {subprocess.py:106} INFO - 	found org.apache.iceberg#iceberg-spark-runtime-3.5_2.12;1.5.0 in central
[2026-04-11T05:20:55.849+0000] {subprocess.py:106} INFO - 	found org.apache.hadoop#hadoop-aws;3.3.4 in central
[2026-04-11T05:20:55.874+0000] {subprocess.py:106} INFO - 	found com.amazonaws#aws-java-sdk-bundle;1.12.262 in central
[2026-04-11T05:20:55.897+0000] {subprocess.py:106} INFO - 	found org.wildfly.openssl#wildfly-openssl;1.0.7.Final in central
[2026-04-11T05:20:55.922+0000] {subprocess.py:106} INFO - :: resolution report :: resolve 240ms :: artifacts dl 8ms
[2026-04-11T05:20:55.923+0000] {subprocess.py:106} INFO - 	:: modules in use:
[2026-04-11T05:20:55.924+0000] {subprocess.py:106} INFO - 	com.amazonaws#aws-java-sdk-bundle;1.12.262 from central in [default]
[2026-04-11T05:20:55.924+0000] {subprocess.py:106} INFO - 	org.apache.hadoop#hadoop-aws;3.3.4 from central in [default]
[2026-04-11T05:20:55.925+0000] {subprocess.py:106} INFO - 	org.apache.iceberg#iceberg-spark-runtime-3.5_2.12;1.5.0 from central in [default]
[2026-04-11T05:20:55.925+0000] {subprocess.py:106} INFO - 	org.wildfly.openssl#wildfly-openssl;1.0.7.Final from central in [default]
[2026-04-11T05:20:55.926+0000] {subprocess.py:106} INFO - 	---------------------------------------------------------------------
[2026-04-11T05:20:55.927+0000] {subprocess.py:106} INFO - 	|                  |            modules            ||   artifacts   |
[2026-04-11T05:20:55.927+0000] {subprocess.py:106} INFO - 	|       conf       | number| search|dwnlded|evicted|| number|dwnlded|
[2026-04-11T05:20:55.928+0000] {subprocess.py:106} INFO - 	---------------------------------------------------------------------
[2026-04-11T05:20:55.928+0000] {subprocess.py:106} INFO - 	|      default     |   4   |   0   |   0   |   0   ||   4   |   0   |
[2026-04-11T05:20:55.929+0000] {subprocess.py:106} INFO - 	---------------------------------------------------------------------
[2026-04-11T05:20:55.929+0000] {subprocess.py:106} INFO - :: retrieving :: org.apache.spark#spark-submit-parent-8427d2ec-65fc-4de0-aa76-20369e3e761c
[2026-04-11T05:20:55.930+0000] {subprocess.py:106} INFO - 	confs: [default]
[2026-04-11T05:20:55.937+0000] {subprocess.py:106} INFO - 	0 artifacts copied, 4 already retrieved (0kB/7ms)
[2026-04-11T05:20:56.140+0000] {subprocess.py:106} INFO - 26/04/11 05:20:56 WARN NativeCodeLoader: Unable to load native-hadoop library for your platform... using builtin-java classes where applicable
[2026-04-11T05:20:56.969+0000] {subprocess.py:106} INFO - 26/04/11 05:20:56 INFO SparkContext: Running Spark version 3.5.3
[2026-04-11T05:20:56.970+0000] {subprocess.py:106} INFO - 26/04/11 05:20:56 INFO SparkContext: OS info Linux, 6.6.87.2-microsoft-standard-WSL2, amd64
[2026-04-11T05:20:56.970+0000] {subprocess.py:106} INFO - 26/04/11 05:20:56 INFO SparkContext: Java version 11.0.24
[2026-04-11T05:20:56.989+0000] {subprocess.py:106} INFO - 26/04/11 05:20:56 INFO ResourceUtils: ==============================================================
[2026-04-11T05:20:56.989+0000] {subprocess.py:106} INFO - 26/04/11 05:20:56 INFO ResourceUtils: No custom resources configured for spark.driver.
[2026-04-11T05:20:56.990+0000] {subprocess.py:106} INFO - 26/04/11 05:20:56 INFO ResourceUtils: ==============================================================
[2026-04-11T05:20:56.990+0000] {subprocess.py:106} INFO - 26/04/11 05:20:56 INFO SparkContext: Submitted application: Silver_Etl_Cleaning_Merge
[2026-04-11T05:20:57.010+0000] {subprocess.py:106} INFO - 26/04/11 05:20:57 INFO ResourceProfile: Default ResourceProfile created, executor resources: Map(memory -> name: memory, amount: 1024, script: , vendor: , offHeap -> name: offHeap, amount: 0, script: , vendor: ), task resources: Map(cpus -> name: cpus, amount: 1.0)
[2026-04-11T05:20:57.019+0000] {subprocess.py:106} INFO - 26/04/11 05:20:57 INFO ResourceProfile: Limiting resource is cpu
[2026-04-11T05:20:57.019+0000] {subprocess.py:106} INFO - 26/04/11 05:20:57 INFO ResourceProfileManager: Added ResourceProfile id: 0
[2026-04-11T05:20:57.066+0000] {subprocess.py:106} INFO - 26/04/11 05:20:57 INFO SecurityManager: Changing view acls to: spark
[2026-04-11T05:20:57.067+0000] {subprocess.py:106} INFO - 26/04/11 05:20:57 INFO SecurityManager: Changing modify acls to: spark
[2026-04-11T05:20:57.067+0000] {subprocess.py:106} INFO - 26/04/11 05:20:57 INFO SecurityManager: Changing view acls groups to:
[2026-04-11T05:20:57.068+0000] {subprocess.py:106} INFO - 26/04/11 05:20:57 INFO SecurityManager: Changing modify acls groups to:
[2026-04-11T05:20:57.068+0000] {subprocess.py:106} INFO - 26/04/11 05:20:57 INFO SecurityManager: SecurityManager: authentication disabled; ui acls disabled; users with view permissions: spark; groups with view permissions: EMPTY; users with modify permissions: spark; groups with modify permissions: EMPTY
[2026-04-11T05:20:57.257+0000] {subprocess.py:106} INFO - 26/04/11 05:20:57 INFO Utils: Successfully started service 'sparkDriver' on port 33605.
[2026-04-11T05:20:57.283+0000] {subprocess.py:106} INFO - 26/04/11 05:20:57 INFO SparkEnv: Registering MapOutputTracker
[2026-04-11T05:20:57.315+0000] {subprocess.py:106} INFO - 26/04/11 05:20:57 INFO SparkEnv: Registering BlockManagerMaster
[2026-04-11T05:20:57.330+0000] {subprocess.py:106} INFO - 26/04/11 05:20:57 INFO BlockManagerMasterEndpoint: Using org.apache.spark.storage.DefaultTopologyMapper for getting topology information
[2026-04-11T05:20:57.331+0000] {subprocess.py:106} INFO - 26/04/11 05:20:57 INFO BlockManagerMasterEndpoint: BlockManagerMasterEndpoint up
[2026-04-11T05:20:57.335+0000] {subprocess.py:106} INFO - 26/04/11 05:20:57 INFO SparkEnv: Registering BlockManagerMasterHeartbeat
[2026-04-11T05:20:57.363+0000] {subprocess.py:106} INFO - 26/04/11 05:20:57 INFO DiskBlockManager: Created local directory at /tmp/blockmgr-fb3c1cf1-3826-4f02-a9b9-568831de82ad
[2026-04-11T05:20:57.389+0000] {subprocess.py:106} INFO - 26/04/11 05:20:57 INFO MemoryStore: MemoryStore started with capacity 434.4 MiB
[2026-04-11T05:20:57.409+0000] {subprocess.py:106} INFO - 26/04/11 05:20:57 INFO SparkEnv: Registering OutputCommitCoordinator
[2026-04-11T05:20:57.545+0000] {subprocess.py:106} INFO - 26/04/11 05:20:57 INFO JettyUtils: Start Jetty 0.0.0.0:4040 for SparkUI
[2026-04-11T05:20:57.582+0000] {subprocess.py:106} INFO - 26/04/11 05:20:57 INFO Utils: Successfully started service 'SparkUI' on port 4040.
[2026-04-11T05:20:57.615+0000] {subprocess.py:106} INFO - 26/04/11 05:20:57 INFO SparkContext: Added JAR file:///home/spark/.ivy2/jars/org.apache.iceberg_iceberg-spark-runtime-3.5_2.12-1.5.0.jar at spark://c05002f484b8:33605/jars/org.apache.iceberg_iceberg-spark-runtime-3.5_2.12-1.5.0.jar with timestamp 1775884856960
[2026-04-11T05:20:57.618+0000] {subprocess.py:106} INFO - 26/04/11 05:20:57 INFO SparkContext: Added JAR file:///home/spark/.ivy2/jars/org.apache.hadoop_hadoop-aws-3.3.4.jar at spark://c05002f484b8:33605/jars/org.apache.hadoop_hadoop-aws-3.3.4.jar with timestamp 1775884856960
[2026-04-11T05:20:57.618+0000] {subprocess.py:106} INFO - 26/04/11 05:20:57 INFO SparkContext: Added JAR file:///home/spark/.ivy2/jars/com.amazonaws_aws-java-sdk-bundle-1.12.262.jar at spark://c05002f484b8:33605/jars/com.amazonaws_aws-java-sdk-bundle-1.12.262.jar with timestamp 1775884856960
[2026-04-11T05:20:57.619+0000] {subprocess.py:106} INFO - 26/04/11 05:20:57 INFO SparkContext: Added JAR file:///home/spark/.ivy2/jars/org.wildfly.openssl_wildfly-openssl-1.0.7.Final.jar at spark://c05002f484b8:33605/jars/org.wildfly.openssl_wildfly-openssl-1.0.7.Final.jar with timestamp 1775884856960
[2026-04-11T05:20:57.621+0000] {subprocess.py:106} INFO - 26/04/11 05:20:57 INFO SparkContext: Added file file:///home/spark/.ivy2/jars/org.apache.iceberg_iceberg-spark-runtime-3.5_2.12-1.5.0.jar at spark://c05002f484b8:33605/files/org.apache.iceberg_iceberg-spark-runtime-3.5_2.12-1.5.0.jar with timestamp 1775884856960
[2026-04-11T05:20:57.622+0000] {subprocess.py:106} INFO - 26/04/11 05:20:57 INFO Utils: Copying /home/spark/.ivy2/jars/org.apache.iceberg_iceberg-spark-runtime-3.5_2.12-1.5.0.jar to /tmp/spark-b0c53a69-6187-4c2d-9f7f-30e29a1ddbe8/userFiles-c794ec9d-6d64-4008-888b-50db76067b3a/org.apache.iceberg_iceberg-spark-runtime-3.5_2.12-1.5.0.jar
[2026-04-11T05:20:57.656+0000] {subprocess.py:106} INFO - 26/04/11 05:20:57 INFO SparkContext: Added file file:///home/spark/.ivy2/jars/org.apache.hadoop_hadoop-aws-3.3.4.jar at spark://c05002f484b8:33605/files/org.apache.hadoop_hadoop-aws-3.3.4.jar with timestamp 1775884856960
[2026-04-11T05:20:57.657+0000] {subprocess.py:106} INFO - 26/04/11 05:20:57 INFO Utils: Copying /home/spark/.ivy2/jars/org.apache.hadoop_hadoop-aws-3.3.4.jar to /tmp/spark-b0c53a69-6187-4c2d-9f7f-30e29a1ddbe8/userFiles-c794ec9d-6d64-4008-888b-50db76067b3a/org.apache.hadoop_hadoop-aws-3.3.4.jar
[2026-04-11T05:20:57.660+0000] {subprocess.py:106} INFO - 26/04/11 05:20:57 INFO SparkContext: Added file file:///home/spark/.ivy2/jars/com.amazonaws_aws-java-sdk-bundle-1.12.262.jar at spark://c05002f484b8:33605/files/com.amazonaws_aws-java-sdk-bundle-1.12.262.jar with timestamp 1775884856960
[2026-04-11T05:20:57.661+0000] {subprocess.py:106} INFO - 26/04/11 05:20:57 INFO Utils: Copying /home/spark/.ivy2/jars/com.amazonaws_aws-java-sdk-bundle-1.12.262.jar to /tmp/spark-b0c53a69-6187-4c2d-9f7f-30e29a1ddbe8/userFiles-c794ec9d-6d64-4008-888b-50db76067b3a/com.amazonaws_aws-java-sdk-bundle-1.12.262.jar
[2026-04-11T05:20:57.796+0000] {subprocess.py:106} INFO - 26/04/11 05:20:57 INFO SparkContext: Added file file:///home/spark/.ivy2/jars/org.wildfly.openssl_wildfly-openssl-1.0.7.Final.jar at spark://c05002f484b8:33605/files/org.wildfly.openssl_wildfly-openssl-1.0.7.Final.jar with timestamp 1775884856960
[2026-04-11T05:20:57.797+0000] {subprocess.py:106} INFO - 26/04/11 05:20:57 INFO Utils: Copying /home/spark/.ivy2/jars/org.wildfly.openssl_wildfly-openssl-1.0.7.Final.jar to /tmp/spark-b0c53a69-6187-4c2d-9f7f-30e29a1ddbe8/userFiles-c794ec9d-6d64-4008-888b-50db76067b3a/org.wildfly.openssl_wildfly-openssl-1.0.7.Final.jar
[2026-04-11T05:20:57.869+0000] {subprocess.py:106} INFO - 26/04/11 05:20:57 INFO StandaloneAppClient$ClientEndpoint: Connecting to master spark://spark-master:7077...
[2026-04-11T05:20:57.910+0000] {subprocess.py:106} INFO - 26/04/11 05:20:57 INFO TransportClientFactory: Successfully created connection to spark-master/172.30.0.6:7077 after 24 ms (0 ms spent in bootstraps)
[2026-04-11T05:20:57.980+0000] {subprocess.py:106} INFO - 26/04/11 05:20:57 INFO StandaloneSchedulerBackend: Connected to Spark cluster with app ID app-20260411052057-0001
[2026-04-11T05:20:57.982+0000] {subprocess.py:106} INFO - 26/04/11 05:20:57 INFO StandaloneAppClient$ClientEndpoint: Executor added: app-20260411052057-0001/0 on worker-20260411045156-172.30.0.7-41127 (172.30.0.7:41127) with 1 core(s)
[2026-04-11T05:20:57.984+0000] {subprocess.py:106} INFO - 26/04/11 05:20:57 INFO StandaloneSchedulerBackend: Granted executor ID app-20260411052057-0001/0 on hostPort 172.30.0.7:41127 with 1 core(s), 1024.0 MiB RAM
[2026-04-11T05:20:57.991+0000] {subprocess.py:106} INFO - 26/04/11 05:20:57 INFO Utils: Successfully started service 'org.apache.spark.network.netty.NettyBlockTransferService' on port 38015.
[2026-04-11T05:20:57.992+0000] {subprocess.py:106} INFO - 26/04/11 05:20:57 INFO NettyBlockTransferService: Server created on c05002f484b8:38015
[2026-04-11T05:20:57.993+0000] {subprocess.py:106} INFO - 26/04/11 05:20:57 INFO BlockManager: Using org.apache.spark.storage.RandomBlockReplicationPolicy for block replication policy
[2026-04-11T05:20:58.001+0000] {subprocess.py:106} INFO - 26/04/11 05:20:57 INFO BlockManagerMaster: Registering BlockManager BlockManagerId(driver, c05002f484b8, 38015, None)
[2026-04-11T05:20:33.244+0000] {subprocess.py:106} INFO - 26/04/11 05:20:33 INFO BlockManagerMasterEndpoint: Registering block manager c05002f484b8:38015 with 434.4 MiB RAM, BlockManagerId(driver, c05002f484b8, 38015, None)
[2026-04-11T05:20:33.248+0000] {subprocess.py:106} INFO - 26/04/11 05:20:33 INFO BlockManagerMaster: Registered BlockManager BlockManagerId(driver, c05002f484b8, 38015, None)
[2026-04-11T05:20:33.250+0000] {subprocess.py:106} INFO - 26/04/11 05:20:33 INFO BlockManager: Initialized BlockManager: BlockManagerId(driver, c05002f484b8, 38015, None)
[2026-04-11T05:20:33.270+0000] {subprocess.py:106} INFO - 26/04/11 05:20:33 INFO StandaloneAppClient$ClientEndpoint: Executor updated: app-20260411052057-0001/0 is now RUNNING
[2026-04-11T05:20:33.498+0000] {subprocess.py:106} INFO - 26/04/11 05:20:33 INFO StandaloneSchedulerBackend: SchedulerBackend is ready for scheduling beginning after reached minRegisteredResourcesRatio: 0.0
[2026-04-11T05:20:59.246+0000] {subprocess.py:106} INFO - 26/04/11 05:20:59 INFO SharedState: Setting hive.metastore.warehouse.dir ('null') to the value of spark.sql.warehouse.dir.
[2026-04-11T05:20:59.249+0000] {subprocess.py:106} INFO - 26/04/11 05:20:59 INFO SharedState: Warehouse path is 'file:/opt/spark/work-dir/spark-warehouse'.
[2026-04-11T05:21:02.104+0000] {subprocess.py:106} INFO - 26/04/11 05:21:02 INFO StandaloneSchedulerBackend$StandaloneDriverEndpoint: Registered executor NettyRpcEndpointRef(spark-client://Executor) (172.30.0.7:39520) with ID 0,  ResourceProfileId 0
[2026-04-11T05:21:02.211+0000] {subprocess.py:106} INFO - 26/04/11 05:21:02 INFO BlockManagerMasterEndpoint: Registering block manager 172.30.0.7:41369 with 434.4 MiB RAM, BlockManagerId(0, 172.30.0.7, 41369, None)
[2026-04-11T05:21:02.665+0000] {subprocess.py:106} INFO - 26/04/11 05:21:02 INFO HiveConf: Found configuration file null
[2026-04-11T05:21:02.824+0000] {subprocess.py:106} INFO - 26/04/11 05:21:02 INFO metastore: Trying to connect to metastore with URI thrift://hive-metastore:9083
[2026-04-11T05:21:02.838+0000] {subprocess.py:106} INFO - 26/04/11 05:21:02 INFO metastore: Opened a connection to metastore, current connections: 1
[2026-04-11T05:21:03.092+0000] {subprocess.py:106} INFO - 26/04/11 05:21:03 INFO metastore: Connected to metastore.
[2026-04-11T05:21:03.291+0000] {subprocess.py:106} INFO - 26/04/11 05:21:03 INFO BaseMetastoreTableOperations: Refreshing table metadata from new version: s3a://warehouse/iceberg_data/silver.db/it_jobs_clean/metadata/00003-5426f214-2e90-411d-b0f6-694315d6c5a5.metadata.json
[2026-04-11T05:21:03.492+0000] {subprocess.py:106} INFO - 26/04/11 05:21:03 WARN MetricsConfig: Cannot locate configuration: tried hadoop-metrics2-s3a-file-system.properties,hadoop-metrics2.properties
[2026-04-11T05:21:03.515+0000] {subprocess.py:106} INFO - 26/04/11 05:21:03 INFO MetricsSystemImpl: Scheduled Metric snapshot period at 10 second(s).
[2026-04-11T05:21:03.516+0000] {subprocess.py:106} INFO - 26/04/11 05:21:03 INFO MetricsSystemImpl: s3a-file-system metrics system started
[2026-04-11T05:21:04.873+0000] {subprocess.py:106} INFO - 26/04/11 05:21:04 INFO BaseMetastoreCatalog: Table loaded by catalog: iceberg.silver.it_jobs_clean
[2026-04-11T05:21:07.811+0000] {subprocess.py:106} INFO - 26/04/11 05:21:07 INFO SnapshotScan: Scanning table iceberg.silver.it_jobs_clean snapshot 58672078534282665 created at 2026-04-08T15:02:01.445+00:00 with filter true
[2026-04-11T05:21:07.970+0000] {subprocess.py:106} INFO - 26/04/11 05:21:07 INFO BaseDistributedDataScan: Planning file tasks locally for table iceberg.silver.it_jobs_clean
[2026-04-11T05:21:08.114+0000] {subprocess.py:106} INFO - 26/04/11 05:21:08 INFO V2ScanRelationPushDown:
[2026-04-11T05:21:08.115+0000] {subprocess.py:106} INFO - Pushing operators to iceberg.silver.it_jobs_clean
[2026-04-11T05:21:08.115+0000] {subprocess.py:106} INFO - Pushed Aggregate Functions:
[2026-04-11T05:21:08.116+0000] {subprocess.py:106} INFO -  MAX(ingest_time)
[2026-04-11T05:21:08.116+0000] {subprocess.py:106} INFO - Pushed Group by:
[2026-04-11T05:21:08.117+0000] {subprocess.py:106} INFO - 
[2026-04-11T05:21:08.117+0000] {subprocess.py:106} INFO - 
[2026-04-11T05:21:09.142+0000] {subprocess.py:106} INFO - 26/04/11 05:21:09 INFO CodeGenerator: Code generated in 259.061337 ms
[2026-04-11T05:21:09.169+0000] {subprocess.py:106} INFO - 26/04/11 05:21:09 INFO CodeGenerator: Code generated in 15.279727 ms
[2026-04-11T05:21:09.276+0000] {subprocess.py:106} INFO - 26/04/11 05:21:09 INFO DAGScheduler: Registering RDD 2 (collect at /opt/spark/scripts/Clean_Silver.py:56) as input to shuffle 0
[2026-04-11T05:21:09.283+0000] {subprocess.py:106} INFO - 26/04/11 05:21:09 INFO DAGScheduler: Got map stage job 0 (collect at /opt/spark/scripts/Clean_Silver.py:56) with 1 output partitions
[2026-04-11T05:21:09.283+0000] {subprocess.py:106} INFO - 26/04/11 05:21:09 INFO DAGScheduler: Final stage: ShuffleMapStage 0 (collect at /opt/spark/scripts/Clean_Silver.py:56)
[2026-04-11T05:21:09.284+0000] {subprocess.py:106} INFO - 26/04/11 05:21:09 INFO DAGScheduler: Parents of final stage: List()
[2026-04-11T05:21:09.287+0000] {subprocess.py:106} INFO - 26/04/11 05:21:09 INFO DAGScheduler: Missing parents: List()
[2026-04-11T05:21:09.292+0000] {subprocess.py:106} INFO - 26/04/11 05:21:09 INFO DAGScheduler: Submitting ShuffleMapStage 0 (MapPartitionsRDD[2] at collect at /opt/spark/scripts/Clean_Silver.py:56), which has no missing parents
[2026-04-11T05:21:09.429+0000] {subprocess.py:106} INFO - 26/04/11 05:21:09 INFO MemoryStore: Block broadcast_0 stored as values in memory (estimated size 12.0 KiB, free 434.4 MiB)
[2026-04-11T05:21:09.479+0000] {subprocess.py:106} INFO - 26/04/11 05:21:09 INFO MemoryStore: Block broadcast_0_piece0 stored as bytes in memory (estimated size 6.0 KiB, free 434.4 MiB)
[2026-04-11T05:21:09.484+0000] {subprocess.py:106} INFO - 26/04/11 05:21:09 INFO BlockManagerInfo: Added broadcast_0_piece0 in memory on c05002f484b8:38015 (size: 6.0 KiB, free: 434.4 MiB)
[2026-04-11T05:21:09.491+0000] {subprocess.py:106} INFO - 26/04/11 05:21:09 INFO SparkContext: Created broadcast 0 from broadcast at DAGScheduler.scala:1585
[2026-04-11T05:21:09.524+0000] {subprocess.py:106} INFO - 26/04/11 05:21:09 INFO DAGScheduler: Submitting 1 missing tasks from ShuffleMapStage 0 (MapPartitionsRDD[2] at collect at /opt/spark/scripts/Clean_Silver.py:56) (first 15 tasks are for partitions Vector(0))
[2026-04-11T05:21:09.526+0000] {subprocess.py:106} INFO - 26/04/11 05:21:09 INFO TaskSchedulerImpl: Adding task set 0.0 with 1 tasks resource profile 0
[2026-04-11T05:21:09.567+0000] {subprocess.py:106} INFO - 26/04/11 05:21:09 INFO TaskSetManager: Starting task 0.0 in stage 0.0 (TID 0) (172.30.0.7, executor 0, partition 0, PROCESS_LOCAL, 10137 bytes)
[2026-04-11T05:21:09.863+0000] {subprocess.py:106} INFO - 26/04/11 05:21:09 INFO BlockManagerInfo: Added broadcast_0_piece0 in memory on 172.30.0.7:41369 (size: 6.0 KiB, free: 434.4 MiB)
[2026-04-11T05:21:10.974+0000] {subprocess.py:106} INFO - 26/04/11 05:21:10 INFO TaskSetManager: Finished task 0.0 in stage 0.0 (TID 0) in 1424 ms on 172.30.0.7 (executor 0) (1/1)
[2026-04-11T05:21:10.977+0000] {subprocess.py:106} INFO - 26/04/11 05:21:10 INFO TaskSchedulerImpl: Removed TaskSet 0.0, whose tasks have all completed, from pool
[2026-04-11T05:21:10.985+0000] {subprocess.py:106} INFO - 26/04/11 05:21:10 INFO DAGScheduler: ShuffleMapStage 0 (collect at /opt/spark/scripts/Clean_Silver.py:56) finished in 1.677 s
[2026-04-11T05:21:10.986+0000] {subprocess.py:106} INFO - 26/04/11 05:21:10 INFO DAGScheduler: looking for newly runnable stages
[2026-04-11T05:21:10.987+0000] {subprocess.py:106} INFO - 26/04/11 05:21:10 INFO DAGScheduler: running: Set()
[2026-04-11T05:21:10.987+0000] {subprocess.py:106} INFO - 26/04/11 05:21:10 INFO DAGScheduler: waiting: Set()
[2026-04-11T05:21:10.988+0000] {subprocess.py:106} INFO - 26/04/11 05:21:10 INFO DAGScheduler: failed: Set()
[2026-04-11T05:21:11.032+0000] {subprocess.py:106} INFO - 26/04/11 05:21:11 INFO CodeGenerator: Code generated in 11.402204 ms
[2026-04-11T05:21:11.086+0000] {subprocess.py:106} INFO - 26/04/11 05:21:11 INFO SparkContext: Starting job: collect at /opt/spark/scripts/Clean_Silver.py:56
[2026-04-11T05:21:11.091+0000] {subprocess.py:106} INFO - 26/04/11 05:21:11 INFO DAGScheduler: Got job 1 (collect at /opt/spark/scripts/Clean_Silver.py:56) with 1 output partitions
[2026-04-11T05:21:11.091+0000] {subprocess.py:106} INFO - 26/04/11 05:21:11 INFO DAGScheduler: Final stage: ResultStage 2 (collect at /opt/spark/scripts/Clean_Silver.py:56)
[2026-04-11T05:21:11.092+0000] {subprocess.py:106} INFO - 26/04/11 05:21:11 INFO DAGScheduler: Parents of final stage: List(ShuffleMapStage 1)
[2026-04-11T05:21:11.093+0000] {subprocess.py:106} INFO - 26/04/11 05:21:11 INFO DAGScheduler: Missing parents: List()
[2026-04-11T05:21:11.096+0000] {subprocess.py:106} INFO - 26/04/11 05:21:11 INFO DAGScheduler: Submitting ResultStage 2 (MapPartitionsRDD[5] at collect at /opt/spark/scripts/Clean_Silver.py:56), which has no missing parents
[2026-04-11T05:21:11.108+0000] {subprocess.py:106} INFO - 26/04/11 05:21:11 INFO MemoryStore: Block broadcast_1 stored as values in memory (estimated size 13.1 KiB, free 434.4 MiB)
[2026-04-11T05:21:11.122+0000] {subprocess.py:106} INFO - 26/04/11 05:21:11 INFO MemoryStore: Block broadcast_1_piece0 stored as bytes in memory (estimated size 6.1 KiB, free 434.4 MiB)
[2026-04-11T05:21:11.123+0000] {subprocess.py:106} INFO - 26/04/11 05:21:11 INFO BlockManagerInfo: Added broadcast_1_piece0 in memory on c05002f484b8:38015 (size: 6.1 KiB, free: 434.4 MiB)
[2026-04-11T05:21:11.124+0000] {subprocess.py:106} INFO - 26/04/11 05:21:11 INFO SparkContext: Created broadcast 1 from broadcast at DAGScheduler.scala:1585
[2026-04-11T05:21:11.131+0000] {subprocess.py:106} INFO - 26/04/11 05:21:11 INFO DAGScheduler: Submitting 1 missing tasks from ResultStage 2 (MapPartitionsRDD[5] at collect at /opt/spark/scripts/Clean_Silver.py:56) (first 15 tasks are for partitions Vector(0))
[2026-04-11T05:21:11.135+0000] {subprocess.py:106} INFO - 26/04/11 05:21:11 INFO TaskSchedulerImpl: Adding task set 2.0 with 1 tasks resource profile 0
[2026-04-11T05:21:11.139+0000] {subprocess.py:106} INFO - 26/04/11 05:21:11 INFO TaskSetManager: Starting task 0.0 in stage 2.0 (TID 1) (172.30.0.7, executor 0, partition 0, NODE_LOCAL, 9976 bytes)
[2026-04-11T05:21:11.184+0000] {subprocess.py:106} INFO - 26/04/11 05:21:11 INFO BlockManagerInfo: Removed broadcast_0_piece0 on 172.30.0.7:41369 in memory (size: 6.0 KiB, free: 434.4 MiB)
[2026-04-11T05:21:11.191+0000] {subprocess.py:106} INFO - 26/04/11 05:21:11 INFO BlockManagerInfo: Removed broadcast_0_piece0 on c05002f484b8:38015 in memory (size: 6.0 KiB, free: 434.4 MiB)
[2026-04-11T05:21:11.207+0000] {subprocess.py:106} INFO - 26/04/11 05:21:11 INFO BlockManagerInfo: Added broadcast_1_piece0 in memory on 172.30.0.7:41369 (size: 6.1 KiB, free: 434.4 MiB)
[2026-04-11T05:21:11.283+0000] {subprocess.py:106} INFO - 26/04/11 05:21:11 INFO MapOutputTrackerMasterEndpoint: Asked to send map output locations for shuffle 0 to 172.30.0.7:39520
[2026-04-11T05:21:11.427+0000] {subprocess.py:106} INFO - 26/04/11 05:21:11 INFO TaskSetManager: Finished task 0.0 in stage 2.0 (TID 1) in 289 ms on 172.30.0.7 (executor 0) (1/1)
[2026-04-11T05:21:11.429+0000] {subprocess.py:106} INFO - 26/04/11 05:21:11 INFO TaskSchedulerImpl: Removed TaskSet 2.0, whose tasks have all completed, from pool
[2026-04-11T05:21:11.432+0000] {subprocess.py:106} INFO - 26/04/11 05:21:11 INFO DAGScheduler: ResultStage 2 (collect at /opt/spark/scripts/Clean_Silver.py:56) finished in 0.326 s
[2026-04-11T05:21:11.438+0000] {subprocess.py:106} INFO - 26/04/11 05:21:11 INFO DAGScheduler: Job 1 is finished. Cancelling potential speculative or zombie tasks for this job
[2026-04-11T05:21:11.440+0000] {subprocess.py:106} INFO - 26/04/11 05:21:11 INFO TaskSchedulerImpl: Killing all running tasks in stage 2: Stage finished
[2026-04-11T05:21:11.443+0000] {subprocess.py:106} INFO - 26/04/11 05:21:11 INFO DAGScheduler: Job 1 finished: collect at /opt/spark/scripts/Clean_Silver.py:56, took 0.355442 s
[2026-04-11T05:21:11.665+0000] {subprocess.py:106} INFO - >>> Watermark (Last Processed Time): 2026-04-08 15:01:21.666252
[2026-04-11T05:21:11.700+0000] {subprocess.py:106} INFO - 26/04/11 05:21:11 INFO BaseMetastoreTableOperations: Refreshing table metadata from new version: s3a://warehouse/iceberg_data/bronze.db/it_jobs_raw/metadata/00004-cff735a9-a969-4cd4-a0ff-dbe2f3e6d32c.metadata.json
[2026-04-11T05:21:11.730+0000] {subprocess.py:106} INFO - 26/04/11 05:21:11 INFO BaseMetastoreCatalog: Table loaded by catalog: iceberg.bronze.it_jobs_raw
[2026-04-11T05:21:11.751+0000] {subprocess.py:106} INFO - >>> INCREMENTAL LOAD: Reading only new data...
[2026-04-11T05:21:11.984+0000] {subprocess.py:106} INFO - 26/04/11 05:21:11 INFO BlockManagerInfo: Removed broadcast_1_piece0 on c05002f484b8:38015 in memory (size: 6.1 KiB, free: 434.4 MiB)
[2026-04-11T05:21:11.985+0000] {subprocess.py:106} INFO - 26/04/11 05:21:11 INFO BlockManagerInfo: Removed broadcast_1_piece0 on 172.30.0.7:41369 in memory (size: 6.1 KiB, free: 434.4 MiB)
[2026-04-11T05:21:12.053+0000] {subprocess.py:106} INFO - 26/04/11 05:21:12 INFO V2ScanRelationPushDown:
[2026-04-11T05:21:12.054+0000] {subprocess.py:106} INFO - Pushing operators to iceberg.bronze.it_jobs_raw
[2026-04-11T05:21:12.055+0000] {subprocess.py:106} INFO - Pushed Filters: ingest_time IS NOT NULL, ingest_time > 1775660481666252
[2026-04-11T05:21:12.055+0000] {subprocess.py:106} INFO - Post-Scan Filters: isnotnull(ingest_time#36),(ingest_time#36 > 2026-04-08 15:01:21.666252)
[2026-04-11T05:21:12.055+0000] {subprocess.py:106} INFO - 
[2026-04-11T05:21:12.080+0000] {subprocess.py:106} INFO - 26/04/11 05:21:12 INFO V2ScanRelationPushDown:
[2026-04-11T05:21:12.080+0000] {subprocess.py:106} INFO - Output: ingest_time#36
[2026-04-11T05:21:12.081+0000] {subprocess.py:106} INFO - 
[2026-04-11T05:21:12.089+0000] {subprocess.py:106} INFO - 26/04/11 05:21:12 INFO SnapshotScan: Scanning table iceberg.bronze.it_jobs_raw snapshot 5971479570664781105 created at 2026-04-11T05:20:50.017+00:00 with filter (ingest_time IS NOT NULL AND ingest_time > (16-digit-int))
[2026-04-11T05:21:12.132+0000] {subprocess.py:106} INFO - 26/04/11 05:21:12 INFO BaseDistributedDataScan: Planning file tasks locally for table iceberg.bronze.it_jobs_raw
[2026-04-11T05:21:12.224+0000] {subprocess.py:106} INFO - 26/04/11 05:21:12 INFO SparkPartitioningAwareScan: Reporting UnknownPartitioning with 1 partition(s) for table iceberg.bronze.it_jobs_raw
[2026-04-11T05:21:12.261+0000] {subprocess.py:106} INFO - 26/04/11 05:21:12 INFO MemoryStore: Block broadcast_2 stored as values in memory (estimated size 32.0 KiB, free 434.4 MiB)
[2026-04-11T05:21:12.281+0000] {subprocess.py:106} INFO - 26/04/11 05:21:12 INFO MemoryStore: Block broadcast_2_piece0 stored as bytes in memory (estimated size 30.3 KiB, free 434.3 MiB)
[2026-04-11T05:21:12.283+0000] {subprocess.py:106} INFO - 26/04/11 05:21:12 INFO BlockManagerInfo: Added broadcast_2_piece0 in memory on c05002f484b8:38015 (size: 30.3 KiB, free: 434.4 MiB)
[2026-04-11T05:21:12.284+0000] {subprocess.py:106} INFO - 26/04/11 05:21:12 INFO SparkContext: Created broadcast 2 from broadcast at SparkBatch.java:79
[2026-04-11T05:21:12.301+0000] {subprocess.py:106} INFO - 26/04/11 05:21:12 INFO MemoryStore: Block broadcast_3 stored as values in memory (estimated size 32.0 KiB, free 434.3 MiB)
[2026-04-11T05:21:12.305+0000] {subprocess.py:106} INFO - 26/04/11 05:21:12 INFO MemoryStore: Block broadcast_3_piece0 stored as bytes in memory (estimated size 30.2 KiB, free 434.3 MiB)
[2026-04-11T05:21:12.307+0000] {subprocess.py:106} INFO - 26/04/11 05:21:12 INFO BlockManagerInfo: Added broadcast_3_piece0 in memory on c05002f484b8:38015 (size: 30.2 KiB, free: 434.3 MiB)
[2026-04-11T05:21:12.309+0000] {subprocess.py:106} INFO - 26/04/11 05:21:12 INFO SparkContext: Created broadcast 3 from broadcast at SparkBatch.java:79
[2026-04-11T05:21:12.404+0000] {subprocess.py:106} INFO - 26/04/11 05:21:12 INFO CodeGenerator: Code generated in 27.079029 ms
[2026-04-11T05:21:12.426+0000] {subprocess.py:106} INFO - 26/04/11 05:21:12 INFO DAGScheduler: Registering RDD 9 (count at <unknown>:0) as input to shuffle 1
[2026-04-11T05:21:12.427+0000] {subprocess.py:106} INFO - 26/04/11 05:21:12 INFO DAGScheduler: Got map stage job 2 (count at <unknown>:0) with 1 output partitions
[2026-04-11T05:21:12.427+0000] {subprocess.py:106} INFO - 26/04/11 05:21:12 INFO DAGScheduler: Final stage: ShuffleMapStage 3 (count at <unknown>:0)
[2026-04-11T05:21:12.431+0000] {subprocess.py:106} INFO - 26/04/11 05:21:12 INFO DAGScheduler: Parents of final stage: List()
[2026-04-11T05:21:12.431+0000] {subprocess.py:106} INFO - 26/04/11 05:21:12 INFO DAGScheduler: Missing parents: List()
[2026-04-11T05:21:12.432+0000] {subprocess.py:106} INFO - 26/04/11 05:21:12 INFO DAGScheduler: Submitting ShuffleMapStage 3 (MapPartitionsRDD[9] at count at <unknown>:0), which has no missing parents
[2026-04-11T05:21:12.439+0000] {subprocess.py:106} INFO - 26/04/11 05:21:12 INFO MemoryStore: Block broadcast_4 stored as values in memory (estimated size 17.8 KiB, free 434.3 MiB)
[2026-04-11T05:21:12.450+0000] {subprocess.py:106} INFO - 26/04/11 05:21:12 INFO MemoryStore: Block broadcast_4_piece0 stored as bytes in memory (estimated size 7.6 KiB, free 434.3 MiB)
[2026-04-11T05:21:12.452+0000] {subprocess.py:106} INFO - 26/04/11 05:21:12 INFO BlockManagerInfo: Added broadcast_4_piece0 in memory on c05002f484b8:38015 (size: 7.6 KiB, free: 434.3 MiB)
[2026-04-11T05:21:12.455+0000] {subprocess.py:106} INFO - 26/04/11 05:21:12 INFO SparkContext: Created broadcast 4 from broadcast at DAGScheduler.scala:1585
[2026-04-11T05:21:12.456+0000] {subprocess.py:106} INFO - 26/04/11 05:21:12 INFO DAGScheduler: Submitting 1 missing tasks from ShuffleMapStage 3 (MapPartitionsRDD[9] at count at <unknown>:0) (first 15 tasks are for partitions Vector(0))
[2026-04-11T05:21:12.456+0000] {subprocess.py:106} INFO - 26/04/11 05:21:12 INFO TaskSchedulerImpl: Adding task set 3.0 with 1 tasks resource profile 0
[2026-04-11T05:21:12.477+0000] {subprocess.py:106} INFO - 26/04/11 05:21:12 INFO TaskSetManager: Starting task 0.0 in stage 3.0 (TID 2) (172.30.0.7, executor 0, partition 0, PROCESS_LOCAL, 15367 bytes)
[2026-04-11T05:21:12.919+0000] {subprocess.py:106} INFO - 26/04/11 05:21:12 INFO BlockManagerInfo: Added broadcast_4_piece0 in memory on 172.30.0.7:41369 (size: 7.6 KiB, free: 434.4 MiB)
[2026-04-11T05:21:13.001+0000] {subprocess.py:106} INFO - 26/04/11 05:21:12 INFO BlockManagerInfo: Added broadcast_3_piece0 in memory on 172.30.0.7:41369 (size: 30.2 KiB, free: 434.4 MiB)
[2026-04-11T05:21:15.173+0000] {subprocess.py:106} INFO - 26/04/11 05:21:15 INFO TaskSetManager: Finished task 0.0 in stage 3.0 (TID 2) in 2716 ms on 172.30.0.7 (executor 0) (1/1)
[2026-04-11T05:21:15.174+0000] {subprocess.py:106} INFO - 26/04/11 05:21:15 INFO TaskSchedulerImpl: Removed TaskSet 3.0, whose tasks have all completed, from pool
[2026-04-11T05:21:15.175+0000] {subprocess.py:106} INFO - 26/04/11 05:21:15 INFO DAGScheduler: ShuffleMapStage 3 (count at <unknown>:0) finished in 2.743 s
[2026-04-11T05:21:15.176+0000] {subprocess.py:106} INFO - 26/04/11 05:21:15 INFO DAGScheduler: looking for newly runnable stages
[2026-04-11T05:21:15.177+0000] {subprocess.py:106} INFO - 26/04/11 05:21:15 INFO DAGScheduler: running: Set()
[2026-04-11T05:21:15.178+0000] {subprocess.py:106} INFO - 26/04/11 05:21:15 INFO DAGScheduler: waiting: Set()
[2026-04-11T05:21:15.178+0000] {subprocess.py:106} INFO - 26/04/11 05:21:15 INFO DAGScheduler: failed: Set()
[2026-04-11T05:21:15.202+0000] {subprocess.py:106} INFO - 26/04/11 05:21:15 INFO CodeGenerator: Code generated in 11.253388 ms
[2026-04-11T05:21:15.221+0000] {subprocess.py:106} INFO - 26/04/11 05:21:15 INFO SparkContext: Starting job: count at <unknown>:0
[2026-04-11T05:21:15.222+0000] {subprocess.py:106} INFO - 26/04/11 05:21:15 INFO DAGScheduler: Got job 3 (count at <unknown>:0) with 1 output partitions
[2026-04-11T05:21:15.224+0000] {subprocess.py:106} INFO - 26/04/11 05:21:15 INFO DAGScheduler: Final stage: ResultStage 5 (count at <unknown>:0)
[2026-04-11T05:21:15.225+0000] {subprocess.py:106} INFO - 26/04/11 05:21:15 INFO DAGScheduler: Parents of final stage: List(ShuffleMapStage 4)
[2026-04-11T05:21:15.226+0000] {subprocess.py:106} INFO - 26/04/11 05:21:15 INFO DAGScheduler: Missing parents: List()
[2026-04-11T05:21:15.226+0000] {subprocess.py:106} INFO - 26/04/11 05:21:15 INFO DAGScheduler: Submitting ResultStage 5 (MapPartitionsRDD[12] at count at <unknown>:0), which has no missing parents
[2026-04-11T05:21:15.228+0000] {subprocess.py:106} INFO - 26/04/11 05:21:15 INFO MemoryStore: Block broadcast_5 stored as values in memory (estimated size 12.5 KiB, free 434.2 MiB)
[2026-04-11T05:21:15.237+0000] {subprocess.py:106} INFO - 26/04/11 05:21:15 INFO MemoryStore: Block broadcast_5_piece0 stored as bytes in memory (estimated size 5.9 KiB, free 434.2 MiB)
[2026-04-11T05:21:15.239+0000] {subprocess.py:106} INFO - 26/04/11 05:21:15 INFO BlockManagerInfo: Added broadcast_5_piece0 in memory on c05002f484b8:38015 (size: 5.9 KiB, free: 434.3 MiB)
[2026-04-11T05:21:15.240+0000] {subprocess.py:106} INFO - 26/04/11 05:21:15 INFO BlockManagerInfo: Removed broadcast_4_piece0 on c05002f484b8:38015 in memory (size: 7.6 KiB, free: 434.3 MiB)
[2026-04-11T05:21:15.243+0000] {subprocess.py:106} INFO - 26/04/11 05:21:15 INFO SparkContext: Created broadcast 5 from broadcast at DAGScheduler.scala:1585
[2026-04-11T05:21:15.244+0000] {subprocess.py:106} INFO - 26/04/11 05:21:15 INFO DAGScheduler: Submitting 1 missing tasks from ResultStage 5 (MapPartitionsRDD[12] at count at <unknown>:0) (first 15 tasks are for partitions Vector(0))
[2026-04-11T05:21:15.244+0000] {subprocess.py:106} INFO - 26/04/11 05:21:15 INFO TaskSchedulerImpl: Adding task set 5.0 with 1 tasks resource profile 0
[2026-04-11T05:21:15.245+0000] {subprocess.py:106} INFO - 26/04/11 05:21:15 INFO TaskSetManager: Starting task 0.0 in stage 5.0 (TID 3) (172.30.0.7, executor 0, partition 0, NODE_LOCAL, 9976 bytes)
[2026-04-11T05:21:15.251+0000] {subprocess.py:106} INFO - 26/04/11 05:21:15 INFO BlockManagerInfo: Removed broadcast_4_piece0 on 172.30.0.7:41369 in memory (size: 7.6 KiB, free: 434.4 MiB)
[2026-04-11T05:21:15.292+0000] {subprocess.py:106} INFO - 26/04/11 05:21:15 INFO BlockManagerInfo: Added broadcast_5_piece0 in memory on 172.30.0.7:41369 (size: 5.9 KiB, free: 434.4 MiB)
[2026-04-11T05:21:15.305+0000] {subprocess.py:106} INFO - 26/04/11 05:21:15 INFO MapOutputTrackerMasterEndpoint: Asked to send map output locations for shuffle 1 to 172.30.0.7:39520
[2026-04-11T05:21:15.350+0000] {subprocess.py:106} INFO - 26/04/11 05:21:15 INFO TaskSetManager: Finished task 0.0 in stage 5.0 (TID 3) in 107 ms on 172.30.0.7 (executor 0) (1/1)
[2026-04-11T05:21:15.352+0000] {subprocess.py:106} INFO - 26/04/11 05:21:15 INFO TaskSchedulerImpl: Removed TaskSet 5.0, whose tasks have all completed, from pool
[2026-04-11T05:21:15.353+0000] {subprocess.py:106} INFO - 26/04/11 05:21:15 INFO DAGScheduler: ResultStage 5 (count at <unknown>:0) finished in 0.126 s
[2026-04-11T05:21:15.354+0000] {subprocess.py:106} INFO - 26/04/11 05:21:15 INFO DAGScheduler: Job 3 is finished. Cancelling potential speculative or zombie tasks for this job
[2026-04-11T05:21:15.355+0000] {subprocess.py:106} INFO - 26/04/11 05:21:15 INFO TaskSchedulerImpl: Killing all running tasks in stage 5: Stage finished
[2026-04-11T05:21:15.356+0000] {subprocess.py:106} INFO - 26/04/11 05:21:15 INFO DAGScheduler: Job 3 finished: count at <unknown>:0, took 0.133055 s
[2026-04-11T05:21:15.358+0000] {subprocess.py:106} INFO - >>> Processing 94 records...
[2026-04-11T05:21:15.593+0000] {subprocess.py:106} INFO - 26/04/11 05:21:15 INFO BlockManagerInfo: Removed broadcast_5_piece0 on c05002f484b8:38015 in memory (size: 5.9 KiB, free: 434.3 MiB)
[2026-04-11T05:21:15.596+0000] {subprocess.py:106} INFO - 26/04/11 05:21:15 INFO BlockManagerInfo: Removed broadcast_5_piece0 on 172.30.0.7:41369 in memory (size: 5.9 KiB, free: 434.4 MiB)
[2026-04-11T05:21:15.744+0000] {subprocess.py:106} INFO - 26/04/11 05:21:15 INFO BlockManagerInfo: Removed broadcast_3_piece0 on c05002f484b8:38015 in memory (size: 30.2 KiB, free: 434.4 MiB)
[2026-04-11T05:21:15.763+0000] {subprocess.py:106} INFO - 26/04/11 05:21:15 INFO BlockManagerInfo: Removed broadcast_3_piece0 on 172.30.0.7:41369 in memory (size: 30.2 KiB, free: 434.4 MiB)
[2026-04-11T05:21:15.795+0000] {subprocess.py:106} INFO - 26/04/11 05:21:15 INFO BlockManagerInfo: Removed broadcast_2_piece0 on c05002f484b8:38015 in memory (size: 30.3 KiB, free: 434.4 MiB)
[2026-04-11T05:21:15.965+0000] {subprocess.py:106} INFO - >>> Writing cleaned data to Silver...
[2026-04-11T05:21:16.004+0000] {subprocess.py:106} INFO - >>> Table exists. Performing MERGE (Upsert)...
[2026-04-11T05:21:16.448+0000] {subprocess.py:106} INFO - 26/04/11 05:21:16 INFO V2ScanRelationPushDown:
[2026-04-11T05:21:16.449+0000] {subprocess.py:106} INFO - Pushing operators to iceberg.bronze.it_jobs_raw
[2026-04-11T05:21:16.449+0000] {subprocess.py:106} INFO - Pushed Filters: ingest_time IS NOT NULL, ingest_time > 1775660481666252, job_link IS NOT NULL, NOT (job_link = '')
[2026-04-11T05:21:16.450+0000] {subprocess.py:106} INFO - Post-Scan Filters: isnotnull(ingest_time#36),(ingest_time#36 > 2026-04-08 15:01:21.666252),isnotnull(trim(job_title#26, None)),NOT (trim(job_title#26, None) = ),isnotnull(upper(trim(company_name#27, None))),NOT (upper(trim(company_name#27, None)) = ),isnotnull(job_link#31),NOT (job_link#31 = )
[2026-04-11T05:21:16.450+0000] {subprocess.py:106} INFO - 
[2026-04-11T05:21:16.454+0000] {subprocess.py:106} INFO - 26/04/11 05:21:16 INFO V2ScanRelationPushDown:
[2026-04-11T05:21:16.455+0000] {subprocess.py:106} INFO - Output: job_title#26, company_name#27, location#28, skills_required#29, date_posted#30, job_link#31, job_category#32, work_mode#33, crawl_date#34, date_only#35, ingest_time#36, source#37
[2026-04-11T05:21:16.455+0000] {subprocess.py:106} INFO - 
[2026-04-11T05:21:16.466+0000] {subprocess.py:106} INFO - 26/04/11 05:21:16 INFO SnapshotScan: Scanning table iceberg.bronze.it_jobs_raw snapshot 5971479570664781105 created at 2026-04-11T05:20:50.017+00:00 with filter (((ingest_time IS NOT NULL AND ingest_time > (16-digit-int)) AND job_link IS NOT NULL) AND NOT (job_link = (hash-00000000)))
[2026-04-11T05:21:16.471+0000] {subprocess.py:106} INFO - 26/04/11 05:21:16 INFO BaseDistributedDataScan: Planning file tasks locally for table iceberg.bronze.it_jobs_raw
[2026-04-11T05:21:16.510+0000] {subprocess.py:106} INFO - 26/04/11 05:21:16 INFO SparkPartitioningAwareScan: Reporting UnknownPartitioning with 1 partition(s) for table iceberg.bronze.it_jobs_raw
[2026-04-11T05:21:16.592+0000] {subprocess.py:106} INFO - 26/04/11 05:21:16 INFO GroupBasedRowLevelOperationScanPlanning:
[2026-04-11T05:21:16.593+0000] {subprocess.py:106} INFO - Pushing operators to iceberg.silver.it_jobs_clean
[2026-04-11T05:21:16.594+0000] {subprocess.py:106} INFO - Pushed filters:
[2026-04-11T05:21:16.594+0000] {subprocess.py:106} INFO - Filters evaluated on data source side:
[2026-04-11T05:21:16.595+0000] {subprocess.py:106} INFO - Filters evaluated on Spark side:
[2026-04-11T05:21:16.595+0000] {subprocess.py:106} INFO - Output: job_title#284, company_name#285, location#286, skills_required#287, date_posted#288, job_link#289, job_category#290, work_mode#291, crawl_date#292, date_only#293, ingest_time#294, source#295, clean_time#296, _file#299
[2026-04-11T05:21:16.596+0000] {subprocess.py:106} INFO - 
[2026-04-11T05:21:16.598+0000] {subprocess.py:106} INFO - 26/04/11 05:21:16 INFO V2ScanRelationPushDown:
[2026-04-11T05:21:16.599+0000] {subprocess.py:106} INFO - Pushing operators to iceberg.bronze.it_jobs_raw
[2026-04-11T05:21:16.600+0000] {subprocess.py:106} INFO - Pushed Filters: ingest_time IS NOT NULL, ingest_time > 1775660481666252, job_link IS NOT NULL, NOT (job_link = '')
[2026-04-11T05:21:16.600+0000] {subprocess.py:106} INFO - Post-Scan Filters: isnotnull(ingest_time#36),(ingest_time#36 > 2026-04-08 15:01:21.666252),isnotnull(trim(job_title#26, None)),NOT (trim(job_title#26, None) = ),isnotnull(upper(trim(company_name#27, None))),NOT (upper(trim(company_name#27, None)) = ),isnotnull(job_link#31),NOT (job_link#31 = )
[2026-04-11T05:21:16.600+0000] {subprocess.py:106} INFO - 
[2026-04-11T05:21:16.604+0000] {subprocess.py:106} INFO - 26/04/11 05:21:16 INFO V2ScanRelationPushDown:
[2026-04-11T05:21:16.605+0000] {subprocess.py:106} INFO - Output: job_title#26, company_name#27, location#28, skills_required#29, date_posted#30, job_link#31, job_category#32, work_mode#33, crawl_date#34, date_only#35, ingest_time#36, source#37
[2026-04-11T05:21:16.606+0000] {subprocess.py:106} INFO - 
[2026-04-11T05:21:16.608+0000] {subprocess.py:106} INFO - 26/04/11 05:21:16 INFO SnapshotScan: Scanning table iceberg.silver.it_jobs_clean snapshot 58672078534282665 created at 2026-04-08T15:02:01.445+00:00 with filter true
[2026-04-11T05:21:16.652+0000] {subprocess.py:106} INFO - 26/04/11 05:21:16 INFO SparkPartitioningAwareScan: Reporting UnknownPartitioning with 2 partition(s) for table iceberg.silver.it_jobs_clean
[2026-04-11T05:21:16.655+0000] {subprocess.py:106} INFO - 26/04/11 05:21:16 INFO SnapshotScan: Scanning table iceberg.bronze.it_jobs_raw snapshot 5971479570664781105 created at 2026-04-11T05:20:50.017+00:00 with filter (((ingest_time IS NOT NULL AND ingest_time > (16-digit-int)) AND job_link IS NOT NULL) AND NOT (job_link = (hash-00000000)))
[2026-04-11T05:21:16.656+0000] {subprocess.py:106} INFO - 26/04/11 05:21:16 INFO BaseDistributedDataScan: Planning file tasks locally for table iceberg.bronze.it_jobs_raw
[2026-04-11T05:21:16.719+0000] {subprocess.py:106} INFO - 26/04/11 05:21:16 INFO SparkPartitioningAwareScan: Reporting UnknownPartitioning with 1 partition(s) for table iceberg.bronze.it_jobs_raw
[2026-04-11T05:21:16.750+0000] {subprocess.py:106} INFO - 26/04/11 05:21:16 INFO SparkWrite: Requesting 0 bytes advisory partition size for table iceberg.silver.it_jobs_clean
[2026-04-11T05:21:16.751+0000] {subprocess.py:106} INFO - 26/04/11 05:21:16 INFO SparkWrite: Requesting UnspecifiedDistribution as write distribution for table iceberg.silver.it_jobs_clean
[2026-04-11T05:21:16.751+0000] {subprocess.py:106} INFO - 26/04/11 05:21:16 INFO SparkWrite: Requesting [] as write ordering for table iceberg.silver.it_jobs_clean
[2026-04-11T05:21:16.823+0000] {subprocess.py:106} INFO - 26/04/11 05:21:16 INFO V2ScanRelationPushDown:
[2026-04-11T05:21:16.824+0000] {subprocess.py:106} INFO - Pushing operators to iceberg.silver.it_jobs_clean
[2026-04-11T05:21:16.824+0000] {subprocess.py:106} INFO - Pushed Filters: NOT (job_link = ''), job_link IS NOT NULL
[2026-04-11T05:21:16.825+0000] {subprocess.py:106} INFO - Post-Scan Filters: NOT (job_link#421 = ),isnotnull(job_link#421)
[2026-04-11T05:21:16.825+0000] {subprocess.py:106} INFO - 
[2026-04-11T05:21:16.827+0000] {subprocess.py:106} INFO - 26/04/11 05:21:16 INFO V2ScanRelationPushDown:
[2026-04-11T05:21:16.827+0000] {subprocess.py:106} INFO - Output: job_link#421, _file#429
[2026-04-11T05:21:16.829+0000] {subprocess.py:106} INFO - 
[2026-04-11T05:21:16.832+0000] {subprocess.py:106} INFO - 26/04/11 05:21:16 INFO SnapshotScan: Scanning table iceberg.silver.it_jobs_clean snapshot 58672078534282665 created at 2026-04-08T15:02:01.445+00:00 with filter (NOT (job_link = (hash-00000000)) AND job_link IS NOT NULL)
[2026-04-11T05:21:16.833+0000] {subprocess.py:106} INFO - 26/04/11 05:21:16 INFO BaseDistributedDataScan: Planning file tasks locally for table iceberg.silver.it_jobs_clean
[2026-04-11T05:21:16.871+0000] {subprocess.py:106} INFO - 26/04/11 05:21:16 INFO SparkPartitioningAwareScan: Reporting UnknownPartitioning with 2 partition(s) for table iceberg.silver.it_jobs_clean
[2026-04-11T05:21:16.873+0000] {subprocess.py:106} INFO - 26/04/11 05:21:16 INFO SparkPartitioningAwareScan: Reporting UnknownPartitioning with 1 partition(s) for table iceberg.bronze.it_jobs_raw
[2026-04-11T05:21:16.955+0000] {subprocess.py:106} INFO - 26/04/11 05:21:16 INFO MemoryStore: Block broadcast_6 stored as values in memory (estimated size 32.0 KiB, free 434.4 MiB)
[2026-04-11T05:21:16.963+0000] {subprocess.py:106} INFO - 26/04/11 05:21:16 INFO MemoryStore: Block broadcast_6_piece0 stored as bytes in memory (estimated size 30.4 KiB, free 434.3 MiB)
[2026-04-11T05:21:16.967+0000] {subprocess.py:106} INFO - 26/04/11 05:21:16 INFO BlockManagerInfo: Added broadcast_6_piece0 in memory on c05002f484b8:38015 (size: 30.4 KiB, free: 434.4 MiB)
[2026-04-11T05:21:16.968+0000] {subprocess.py:106} INFO - 26/04/11 05:21:16 INFO SparkContext: Created broadcast 6 from broadcast at SparkBatch.java:79
[2026-04-11T05:21:16.980+0000] {subprocess.py:106} INFO - 26/04/11 05:21:16 INFO MemoryStore: Block broadcast_7 stored as values in memory (estimated size 32.0 KiB, free 434.3 MiB)
[2026-04-11T05:21:16.983+0000] {subprocess.py:106} INFO - 26/04/11 05:21:16 INFO MemoryStore: Block broadcast_7_piece0 stored as bytes in memory (estimated size 30.2 KiB, free 434.3 MiB)
[2026-04-11T05:21:16.985+0000] {subprocess.py:106} INFO - 26/04/11 05:21:16 INFO BlockManagerInfo: Added broadcast_7_piece0 in memory on c05002f484b8:38015 (size: 30.2 KiB, free: 434.3 MiB)
[2026-04-11T05:21:16.986+0000] {subprocess.py:106} INFO - 26/04/11 05:21:16 INFO SparkContext: Created broadcast 7 from broadcast at SparkBatch.java:79
[2026-04-11T05:21:17.013+0000] {subprocess.py:106} INFO - 26/04/11 05:21:17 INFO MemoryStore: Block broadcast_8 stored as values in memory (estimated size 32.0 KiB, free 434.2 MiB)
[2026-04-11T05:21:17.016+0000] {subprocess.py:106} INFO - 26/04/11 05:21:17 INFO MemoryStore: Block broadcast_8_piece0 stored as bytes in memory (estimated size 30.4 KiB, free 434.2 MiB)
[2026-04-11T05:21:17.017+0000] {subprocess.py:106} INFO - 26/04/11 05:21:17 INFO BlockManagerInfo: Added broadcast_8_piece0 in memory on c05002f484b8:38015 (size: 30.4 KiB, free: 434.3 MiB)
[2026-04-11T05:21:17.019+0000] {subprocess.py:106} INFO - 26/04/11 05:21:17 INFO SparkContext: Created broadcast 8 from broadcast at SparkBatch.java:79
[2026-04-11T05:21:17.024+0000] {subprocess.py:106} INFO - 26/04/11 05:21:17 INFO MemoryStore: Block broadcast_9 stored as values in memory (estimated size 32.0 KiB, free 434.2 MiB)
[2026-04-11T05:21:17.028+0000] {subprocess.py:106} INFO - 26/04/11 05:21:17 INFO MemoryStore: Block broadcast_9_piece0 stored as bytes in memory (estimated size 30.2 KiB, free 434.2 MiB)
[2026-04-11T05:21:17.029+0000] {subprocess.py:106} INFO - 26/04/11 05:21:17 INFO BlockManagerInfo: Added broadcast_9_piece0 in memory on c05002f484b8:38015 (size: 30.2 KiB, free: 434.3 MiB)
[2026-04-11T05:21:17.030+0000] {subprocess.py:106} INFO - 26/04/11 05:21:17 INFO SparkContext: Created broadcast 9 from broadcast at SparkBatch.java:79
[2026-04-11T05:21:17.054+0000] {subprocess.py:106} INFO - 26/04/11 05:21:17 INFO MemoryStore: Block broadcast_10 stored as values in memory (estimated size 32.0 KiB, free 434.1 MiB)
[2026-04-11T05:21:17.063+0000] {subprocess.py:106} INFO - 26/04/11 05:21:17 INFO MemoryStore: Block broadcast_10_piece0 stored as bytes in memory (estimated size 30.4 KiB, free 434.1 MiB)
[2026-04-11T05:21:17.064+0000] {subprocess.py:106} INFO - 26/04/11 05:21:17 INFO BlockManagerInfo: Added broadcast_10_piece0 in memory on c05002f484b8:38015 (size: 30.4 KiB, free: 434.3 MiB)
[2026-04-11T05:21:17.066+0000] {subprocess.py:106} INFO - 26/04/11 05:21:17 INFO SparkContext: Created broadcast 10 from broadcast at SparkBatch.java:79
[2026-04-11T05:21:17.070+0000] {subprocess.py:106} INFO - 26/04/11 05:21:17 INFO MemoryStore: Block broadcast_11 stored as values in memory (estimated size 32.0 KiB, free 434.1 MiB)
[2026-04-11T05:21:17.074+0000] {subprocess.py:106} INFO - 26/04/11 05:21:17 INFO MemoryStore: Block broadcast_11_piece0 stored as bytes in memory (estimated size 30.2 KiB, free 434.0 MiB)
[2026-04-11T05:21:17.077+0000] {subprocess.py:106} INFO - 26/04/11 05:21:17 INFO BlockManagerInfo: Added broadcast_11_piece0 in memory on c05002f484b8:38015 (size: 30.2 KiB, free: 434.2 MiB)
[2026-04-11T05:21:17.078+0000] {subprocess.py:106} INFO - 26/04/11 05:21:17 INFO SparkContext: Created broadcast 11 from broadcast at SparkBatch.java:79
[2026-04-11T05:21:17.227+0000] {subprocess.py:106} INFO - 26/04/11 05:21:17 INFO CodeGenerator: Code generated in 25.157949 ms
[2026-04-11T05:21:17.300+0000] {subprocess.py:106} INFO - 26/04/11 05:21:17 INFO CodeGenerator: Code generated in 61.378779 ms
[2026-04-11T05:21:17.386+0000] {subprocess.py:106} INFO - 26/04/11 05:21:17 INFO DAGScheduler: Registering RDD 16 ($anonfun$withThreadLocalCaptured$1 at <unknown>:0) as input to shuffle 2
[2026-04-11T05:21:17.387+0000] {subprocess.py:106} INFO - 26/04/11 05:21:17 INFO DAGScheduler: Got map stage job 4 ($anonfun$withThreadLocalCaptured$1 at <unknown>:0) with 1 output partitions
[2026-04-11T05:21:17.387+0000] {subprocess.py:106} INFO - 26/04/11 05:21:17 INFO DAGScheduler: Final stage: ShuffleMapStage 6 ($anonfun$withThreadLocalCaptured$1 at <unknown>:0)
[2026-04-11T05:21:17.391+0000] {subprocess.py:106} INFO - 26/04/11 05:21:17 INFO DAGScheduler: Parents of final stage: List()
[2026-04-11T05:21:17.392+0000] {subprocess.py:106} INFO - 26/04/11 05:21:17 INFO DAGScheduler: Missing parents: List()
[2026-04-11T05:21:17.392+0000] {subprocess.py:106} INFO - 26/04/11 05:21:17 INFO DAGScheduler: Submitting ShuffleMapStage 6 (MapPartitionsRDD[16] at $anonfun$withThreadLocalCaptured$1 at <unknown>:0), which has no missing parents
[2026-04-11T05:21:17.407+0000] {subprocess.py:106} INFO - 26/04/11 05:21:17 INFO MemoryStore: Block broadcast_12 stored as values in memory (estimated size 44.9 KiB, free 434.0 MiB)
[2026-04-11T05:21:17.410+0000] {subprocess.py:106} INFO - 26/04/11 05:21:17 INFO MemoryStore: Block broadcast_12_piece0 stored as bytes in memory (estimated size 18.7 KiB, free 434.0 MiB)
[2026-04-11T05:21:17.411+0000] {subprocess.py:106} INFO - 26/04/11 05:21:17 INFO BlockManagerInfo: Added broadcast_12_piece0 in memory on c05002f484b8:38015 (size: 18.7 KiB, free: 434.2 MiB)
[2026-04-11T05:21:17.413+0000] {subprocess.py:106} INFO - 26/04/11 05:21:17 INFO SparkContext: Created broadcast 12 from broadcast at DAGScheduler.scala:1585
[2026-04-11T05:21:17.414+0000] {subprocess.py:106} INFO - 26/04/11 05:21:17 INFO DAGScheduler: Submitting 1 missing tasks from ShuffleMapStage 6 (MapPartitionsRDD[16] at $anonfun$withThreadLocalCaptured$1 at <unknown>:0) (first 15 tasks are for partitions Vector(0))
[2026-04-11T05:21:17.415+0000] {subprocess.py:106} INFO - 26/04/11 05:21:17 INFO TaskSchedulerImpl: Adding task set 6.0 with 1 tasks resource profile 0
[2026-04-11T05:21:17.418+0000] {subprocess.py:106} INFO - 26/04/11 05:21:17 INFO TaskSetManager: Starting task 0.0 in stage 6.0 (TID 4) (172.30.0.7, executor 0, partition 0, PROCESS_LOCAL, 16291 bytes)
[2026-04-11T05:21:17.442+0000] {subprocess.py:106} INFO - 26/04/11 05:21:17 INFO BlockManagerInfo: Added broadcast_12_piece0 in memory on 172.30.0.7:41369 (size: 18.7 KiB, free: 434.4 MiB)
[2026-04-11T05:21:17.790+0000] {subprocess.py:106} INFO - 26/04/11 05:21:17 INFO BlockManagerInfo: Added broadcast_9_piece0 in memory on 172.30.0.7:41369 (size: 30.2 KiB, free: 434.4 MiB)
[2026-04-11T05:21:17.935+0000] {subprocess.py:106} INFO - 26/04/11 05:21:17 INFO TaskSetManager: Finished task 0.0 in stage 6.0 (TID 4) in 517 ms on 172.30.0.7 (executor 0) (1/1)
[2026-04-11T05:21:17.936+0000] {subprocess.py:106} INFO - 26/04/11 05:21:17 INFO TaskSchedulerImpl: Removed TaskSet 6.0, whose tasks have all completed, from pool
[2026-04-11T05:21:17.937+0000] {subprocess.py:106} INFO - 26/04/11 05:21:17 INFO DAGScheduler: ShuffleMapStage 6 ($anonfun$withThreadLocalCaptured$1 at <unknown>:0) finished in 0.542 s
[2026-04-11T05:21:17.937+0000] {subprocess.py:106} INFO - 26/04/11 05:21:17 INFO DAGScheduler: looking for newly runnable stages
[2026-04-11T05:21:17.938+0000] {subprocess.py:106} INFO - 26/04/11 05:21:17 INFO DAGScheduler: running: Set()
[2026-04-11T05:21:17.938+0000] {subprocess.py:106} INFO - 26/04/11 05:21:17 INFO DAGScheduler: waiting: Set()
[2026-04-11T05:21:17.938+0000] {subprocess.py:106} INFO - 26/04/11 05:21:17 INFO DAGScheduler: failed: Set()
[2026-04-11T05:21:17.954+0000] {subprocess.py:106} INFO - 26/04/11 05:21:17 INFO MemoryStore: Block broadcast_13 stored as values in memory (estimated size 32.0 KiB, free 433.9 MiB)
[2026-04-11T05:21:17.974+0000] {subprocess.py:106} INFO - 26/04/11 05:21:17 INFO MemoryStore: Block broadcast_13_piece0 stored as bytes in memory (estimated size 30.4 KiB, free 433.9 MiB)
[2026-04-11T05:21:17.975+0000] {subprocess.py:106} INFO - 26/04/11 05:21:17 INFO BlockManagerInfo: Added broadcast_13_piece0 in memory on c05002f484b8:38015 (size: 30.4 KiB, free: 434.2 MiB)
[2026-04-11T05:21:17.977+0000] {subprocess.py:106} INFO - 26/04/11 05:21:17 INFO SparkContext: Created broadcast 13 from broadcast at SparkBatch.java:79
[2026-04-11T05:21:17.977+0000] {subprocess.py:106} INFO - 26/04/11 05:21:17 INFO BlockManagerInfo: Removed broadcast_12_piece0 on c05002f484b8:38015 in memory (size: 18.7 KiB, free: 434.2 MiB)
[2026-04-11T05:21:17.981+0000] {subprocess.py:106} INFO - 26/04/11 05:21:17 INFO BlockManagerInfo: Removed broadcast_12_piece0 on 172.30.0.7:41369 in memory (size: 18.7 KiB, free: 434.4 MiB)
[2026-04-11T05:21:17.994+0000] {subprocess.py:106} INFO - 26/04/11 05:21:17 INFO ShufflePartitionsUtil: For shuffle(2), advisory target size: 67108864, actual target size 1048576, minimum partition size: 1048576
[2026-04-11T05:21:18.066+0000] {subprocess.py:106} INFO - 26/04/11 05:21:18 INFO CodeGenerator: Code generated in 45.576325 ms
[2026-04-11T05:21:18.108+0000] {subprocess.py:106} INFO - 26/04/11 05:21:18 INFO BlockManagerInfo: Removed broadcast_13_piece0 on c05002f484b8:38015 in memory (size: 30.4 KiB, free: 434.2 MiB)
[2026-04-11T05:21:18.111+0000] {subprocess.py:106} INFO - 26/04/11 05:21:18 INFO SparkContext: Starting job: $anonfun$withThreadLocalCaptured$1 at <unknown>:0
[2026-04-11T05:21:18.113+0000] {subprocess.py:106} INFO - 26/04/11 05:21:18 INFO DAGScheduler: Got job 5 ($anonfun$withThreadLocalCaptured$1 at <unknown>:0) with 1 output partitions
[2026-04-11T05:21:18.113+0000] {subprocess.py:106} INFO - 26/04/11 05:21:18 INFO DAGScheduler: Final stage: ResultStage 8 ($anonfun$withThreadLocalCaptured$1 at <unknown>:0)
[2026-04-11T05:21:18.114+0000] {subprocess.py:106} INFO - 26/04/11 05:21:18 INFO DAGScheduler: Parents of final stage: List(ShuffleMapStage 7)
[2026-04-11T05:21:18.114+0000] {subprocess.py:106} INFO - 26/04/11 05:21:18 INFO DAGScheduler: Missing parents: List()
[2026-04-11T05:21:18.115+0000] {subprocess.py:106} INFO - 26/04/11 05:21:18 INFO DAGScheduler: Submitting ResultStage 8 (MapPartitionsRDD[19] at $anonfun$withThreadLocalCaptured$1 at <unknown>:0), which has no missing parents
[2026-04-11T05:21:18.120+0000] {subprocess.py:106} INFO - 26/04/11 05:21:18 INFO MemoryStore: Block broadcast_14 stored as values in memory (estimated size 45.0 KiB, free 434.0 MiB)
[2026-04-11T05:21:18.128+0000] {subprocess.py:106} INFO - 26/04/11 05:21:18 INFO MemoryStore: Block broadcast_14_piece0 stored as bytes in memory (estimated size 19.9 KiB, free 434.0 MiB)
[2026-04-11T05:21:18.130+0000] {subprocess.py:106} INFO - 26/04/11 05:21:18 INFO BlockManagerInfo: Added broadcast_14_piece0 in memory on c05002f484b8:38015 (size: 19.9 KiB, free: 434.2 MiB)
[2026-04-11T05:21:18.131+0000] {subprocess.py:106} INFO - 26/04/11 05:21:18 INFO SparkContext: Created broadcast 14 from broadcast at DAGScheduler.scala:1585
[2026-04-11T05:21:18.131+0000] {subprocess.py:106} INFO - 26/04/11 05:21:18 INFO DAGScheduler: Submitting 1 missing tasks from ResultStage 8 (MapPartitionsRDD[19] at $anonfun$withThreadLocalCaptured$1 at <unknown>:0) (first 15 tasks are for partitions Vector(0))
[2026-04-11T05:21:18.132+0000] {subprocess.py:106} INFO - 26/04/11 05:21:18 INFO TaskSchedulerImpl: Adding task set 8.0 with 1 tasks resource profile 0
[2026-04-11T05:21:18.134+0000] {subprocess.py:106} INFO - 26/04/11 05:21:18 INFO TaskSetManager: Starting task 0.0 in stage 8.0 (TID 5) (172.30.0.7, executor 0, partition 0, NODE_LOCAL, 9976 bytes)
[2026-04-11T05:21:18.157+0000] {subprocess.py:106} INFO - 26/04/11 05:21:18 INFO BlockManagerInfo: Added broadcast_14_piece0 in memory on 172.30.0.7:41369 (size: 19.9 KiB, free: 434.4 MiB)
[2026-04-11T05:21:18.207+0000] {subprocess.py:106} INFO - 26/04/11 05:21:18 INFO MapOutputTrackerMasterEndpoint: Asked to send map output locations for shuffle 2 to 172.30.0.7:39520
[2026-04-11T05:21:18.293+0000] {subprocess.py:106} INFO - 26/04/11 05:21:18 INFO TaskSetManager: Finished task 0.0 in stage 8.0 (TID 5) in 155 ms on 172.30.0.7 (executor 0) (1/1)
[2026-04-11T05:21:18.295+0000] {subprocess.py:106} INFO - 26/04/11 05:21:18 INFO TaskSchedulerImpl: Removed TaskSet 8.0, whose tasks have all completed, from pool
[2026-04-11T05:21:18.295+0000] {subprocess.py:106} INFO - 26/04/11 05:21:18 INFO DAGScheduler: ResultStage 8 ($anonfun$withThreadLocalCaptured$1 at <unknown>:0) finished in 0.172 s
[2026-04-11T05:21:18.296+0000] {subprocess.py:106} INFO - 26/04/11 05:21:18 INFO DAGScheduler: Job 5 is finished. Cancelling potential speculative or zombie tasks for this job
[2026-04-11T05:21:18.297+0000] {subprocess.py:106} INFO - 26/04/11 05:21:18 INFO TaskSchedulerImpl: Killing all running tasks in stage 8: Stage finished
[2026-04-11T05:21:18.298+0000] {subprocess.py:106} INFO - 26/04/11 05:21:18 INFO DAGScheduler: Job 5 finished: $anonfun$withThreadLocalCaptured$1 at <unknown>:0, took 0.179165 s
[2026-04-11T05:21:18.316+0000] {subprocess.py:106} INFO - 26/04/11 05:21:18 INFO CodeGenerator: Code generated in 7.027622 ms
[2026-04-11T05:21:18.336+0000] {subprocess.py:106} INFO - 26/04/11 05:21:18 INFO BlockManagerInfo: Removed broadcast_14_piece0 on c05002f484b8:38015 in memory (size: 19.9 KiB, free: 434.2 MiB)
[2026-04-11T05:21:18.376+0000] {subprocess.py:106} INFO - 26/04/11 05:21:18 INFO BlockManagerInfo: Removed broadcast_14_piece0 on 172.30.0.7:41369 in memory (size: 19.9 KiB, free: 434.4 MiB)
[2026-04-11T05:21:18.377+0000] {subprocess.py:106} INFO - 26/04/11 05:21:18 INFO MemoryStore: Block broadcast_15_piece0 stored as bytes in memory (estimated size 5.2 KiB, free 434.0 MiB)
[2026-04-11T05:21:18.377+0000] {subprocess.py:106} INFO - 26/04/11 05:21:18 INFO BlockManagerInfo: Added broadcast_15_piece0 in memory on c05002f484b8:38015 (size: 5.2 KiB, free: 434.2 MiB)
[2026-04-11T05:21:18.378+0000] {subprocess.py:106} INFO - 26/04/11 05:21:18 INFO SparkContext: Created broadcast 15 from $anonfun$withThreadLocalCaptured$1 at <unknown>:0
[2026-04-11T05:21:18.378+0000] {subprocess.py:106} INFO - 26/04/11 05:21:18 INFO MemoryStore: Block broadcast_16 stored as values in memory (estimated size 32.0 KiB, free 434.0 MiB)
[2026-04-11T05:21:18.383+0000] {subprocess.py:106} INFO - 26/04/11 05:21:18 INFO MemoryStore: Block broadcast_16_piece0 stored as bytes in memory (estimated size 30.3 KiB, free 434.0 MiB)
[2026-04-11T05:21:18.387+0000] {subprocess.py:106} INFO - 26/04/11 05:21:18 INFO BlockManagerInfo: Added broadcast_16_piece0 in memory on c05002f484b8:38015 (size: 30.3 KiB, free: 434.2 MiB)
[2026-04-11T05:21:18.387+0000] {subprocess.py:106} INFO - 26/04/11 05:21:18 INFO SparkContext: Created broadcast 16 from broadcast at SparkBatch.java:79
[2026-04-11T05:21:18.449+0000] {subprocess.py:106} INFO - 26/04/11 05:21:18 INFO CodeGenerator: Code generated in 36.857154 ms
[2026-04-11T05:21:18.475+0000] {subprocess.py:106} INFO - 26/04/11 05:21:18 INFO DAGScheduler: Registering RDD 23 ($anonfun$withThreadLocalCaptured$1 at <unknown>:0) as input to shuffle 3
[2026-04-11T05:21:18.476+0000] {subprocess.py:106} INFO - 26/04/11 05:21:18 INFO DAGScheduler: Got map stage job 6 ($anonfun$withThreadLocalCaptured$1 at <unknown>:0) with 2 output partitions
[2026-04-11T05:21:18.476+0000] {subprocess.py:106} INFO - 26/04/11 05:21:18 INFO DAGScheduler: Final stage: ShuffleMapStage 9 ($anonfun$withThreadLocalCaptured$1 at <unknown>:0)
[2026-04-11T05:21:18.477+0000] {subprocess.py:106} INFO - 26/04/11 05:21:18 INFO DAGScheduler: Parents of final stage: List()
[2026-04-11T05:21:18.479+0000] {subprocess.py:106} INFO - 26/04/11 05:21:18 INFO DAGScheduler: Missing parents: List()
[2026-04-11T05:21:18.480+0000] {subprocess.py:106} INFO - 26/04/11 05:21:18 INFO DAGScheduler: Submitting ShuffleMapStage 9 (MapPartitionsRDD[23] at $anonfun$withThreadLocalCaptured$1 at <unknown>:0), which has no missing parents
[2026-04-11T05:21:18.484+0000] {subprocess.py:106} INFO - 26/04/11 05:21:18 INFO MemoryStore: Block broadcast_17 stored as values in memory (estimated size 58.0 KiB, free 433.9 MiB)
[2026-04-11T05:21:18.499+0000] {subprocess.py:106} INFO - 26/04/11 05:21:18 INFO MemoryStore: Block broadcast_17_piece0 stored as bytes in memory (estimated size 24.4 KiB, free 433.9 MiB)
[2026-04-11T05:21:18.501+0000] {subprocess.py:106} INFO - 26/04/11 05:21:18 INFO BlockManagerInfo: Added broadcast_17_piece0 in memory on c05002f484b8:38015 (size: 24.4 KiB, free: 434.2 MiB)
[2026-04-11T05:21:18.502+0000] {subprocess.py:106} INFO - 26/04/11 05:21:18 INFO SparkContext: Created broadcast 17 from broadcast at DAGScheduler.scala:1585
[2026-04-11T05:21:18.503+0000] {subprocess.py:106} INFO - 26/04/11 05:21:18 INFO BlockManagerInfo: Removed broadcast_16_piece0 on c05002f484b8:38015 in memory (size: 30.3 KiB, free: 434.2 MiB)
[2026-04-11T05:21:18.503+0000] {subprocess.py:106} INFO - 26/04/11 05:21:18 INFO DAGScheduler: Submitting 2 missing tasks from ShuffleMapStage 9 (MapPartitionsRDD[23] at $anonfun$withThreadLocalCaptured$1 at <unknown>:0) (first 15 tasks are for partitions Vector(0, 1))
[2026-04-11T05:21:18.507+0000] {subprocess.py:106} INFO - 26/04/11 05:21:18 INFO TaskSchedulerImpl: Adding task set 9.0 with 2 tasks resource profile 0
[2026-04-11T05:21:18.516+0000] {subprocess.py:106} INFO - 26/04/11 05:21:18 INFO TaskSetManager: Starting task 0.0 in stage 9.0 (TID 6) (172.30.0.7, executor 0, partition 0, PROCESS_LOCAL, 17030 bytes)
[2026-04-11T05:21:18.538+0000] {subprocess.py:106} INFO - 26/04/11 05:21:18 INFO BlockManagerInfo: Added broadcast_17_piece0 in memory on 172.30.0.7:41369 (size: 24.4 KiB, free: 434.3 MiB)
[2026-04-11T05:21:18.646+0000] {subprocess.py:106} INFO - 26/04/11 05:21:18 INFO BlockManagerInfo: Added broadcast_15_piece0 in memory on 172.30.0.7:41369 (size: 5.2 KiB, free: 434.3 MiB)
[2026-04-11T05:21:18.692+0000] {subprocess.py:106} INFO - 26/04/11 05:21:18 INFO BlockManagerInfo: Added broadcast_8_piece0 in memory on 172.30.0.7:41369 (size: 30.4 KiB, free: 434.3 MiB)
[2026-04-11T05:21:18.970+0000] {subprocess.py:106} INFO - 26/04/11 05:21:18 INFO TaskSetManager: Starting task 1.0 in stage 9.0 (TID 7) (172.30.0.7, executor 0, partition 1, PROCESS_LOCAL, 15638 bytes)
[2026-04-11T05:21:18.972+0000] {subprocess.py:106} INFO - 26/04/11 05:21:18 INFO TaskSetManager: Finished task 0.0 in stage 9.0 (TID 6) in 467 ms on 172.30.0.7 (executor 0) (1/2)
[2026-04-11T05:21:19.084+0000] {subprocess.py:106} INFO - 26/04/11 05:21:19 INFO TaskSetManager: Finished task 1.0 in stage 9.0 (TID 7) in 115 ms on 172.30.0.7 (executor 0) (2/2)
[2026-04-11T05:21:19.087+0000] {subprocess.py:106} INFO - 26/04/11 05:21:19 INFO TaskSchedulerImpl: Removed TaskSet 9.0, whose tasks have all completed, from pool
[2026-04-11T05:21:19.088+0000] {subprocess.py:106} INFO - 26/04/11 05:21:19 INFO DAGScheduler: ShuffleMapStage 9 ($anonfun$withThreadLocalCaptured$1 at <unknown>:0) finished in 0.605 s
[2026-04-11T05:21:19.089+0000] {subprocess.py:106} INFO - 26/04/11 05:21:19 INFO DAGScheduler: looking for newly runnable stages
[2026-04-11T05:21:19.089+0000] {subprocess.py:106} INFO - 26/04/11 05:21:19 INFO DAGScheduler: running: Set()
[2026-04-11T05:21:19.090+0000] {subprocess.py:106} INFO - 26/04/11 05:21:19 INFO DAGScheduler: waiting: Set()
[2026-04-11T05:21:19.090+0000] {subprocess.py:106} INFO - 26/04/11 05:21:19 INFO DAGScheduler: failed: Set()
[2026-04-11T05:21:19.099+0000] {subprocess.py:106} INFO - 26/04/11 05:21:19 INFO MemoryStore: Block broadcast_18 stored as values in memory (estimated size 40.0 B, free 433.9 MiB)
[2026-04-11T05:21:19.111+0000] {subprocess.py:106} INFO - 26/04/11 05:21:19 INFO MemoryStore: Block broadcast_18_piece0 stored as bytes in memory (estimated size 86.0 B, free 433.9 MiB)
[2026-04-11T05:21:19.118+0000] {subprocess.py:106} INFO - 26/04/11 05:21:19 INFO BlockManagerInfo: Added broadcast_18_piece0 in memory on c05002f484b8:38015 (size: 86.0 B, free: 434.2 MiB)
[2026-04-11T05:21:19.122+0000] {subprocess.py:106} INFO - 26/04/11 05:21:19 INFO SparkContext: Created broadcast 18 from sql at <unknown>:0
[2026-04-11T05:21:19.123+0000] {subprocess.py:106} INFO - 26/04/11 05:21:19 INFO BlockManagerInfo: Removed broadcast_17_piece0 on c05002f484b8:38015 in memory (size: 24.4 KiB, free: 434.2 MiB)
[2026-04-11T05:21:19.127+0000] {subprocess.py:106} INFO - 26/04/11 05:21:19 INFO BlockManagerInfo: Removed broadcast_17_piece0 on 172.30.0.7:41369 in memory (size: 24.4 KiB, free: 434.3 MiB)
[2026-04-11T05:21:19.141+0000] {subprocess.py:106} INFO - 26/04/11 05:21:19 INFO SparkCopyOnWriteScan: 0 of 5 task(s) for table iceberg.silver.it_jobs_clean matched runtime file filter with 0 location(s)
[2026-04-11T05:21:19.147+0000] {subprocess.py:106} INFO - 26/04/11 05:21:19 INFO MemoryStore: Block broadcast_19 stored as values in memory (estimated size 32.0 KiB, free 434.0 MiB)
[2026-04-11T05:21:19.148+0000] {subprocess.py:106} INFO - 26/04/11 05:21:19 INFO MemoryStore: Block broadcast_19_piece0 stored as bytes in memory (estimated size 30.4 KiB, free 434.0 MiB)
[2026-04-11T05:21:19.149+0000] {subprocess.py:106} INFO - 26/04/11 05:21:19 INFO BlockManagerInfo: Added broadcast_19_piece0 in memory on c05002f484b8:38015 (size: 30.4 KiB, free: 434.2 MiB)
[2026-04-11T05:21:19.150+0000] {subprocess.py:106} INFO - 26/04/11 05:21:19 INFO SparkContext: Created broadcast 19 from broadcast at SparkBatch.java:79
[2026-04-11T05:21:19.213+0000] {subprocess.py:106} INFO - 26/04/11 05:21:19 INFO CodeGenerator: Code generated in 24.114451 ms
[2026-04-11T05:21:19.261+0000] {subprocess.py:106} INFO - 26/04/11 05:21:19 INFO CodeGenerator: Code generated in 20.782084 ms
[2026-04-11T05:21:19.325+0000] {subprocess.py:106} INFO - 26/04/11 05:21:19 INFO DAGScheduler: Registering RDD 33 (sql at <unknown>:0) as input to shuffle 4
[2026-04-11T05:21:19.326+0000] {subprocess.py:106} INFO - 26/04/11 05:21:19 INFO DAGScheduler: Got map stage job 7 (sql at <unknown>:0) with 1 output partitions
[2026-04-11T05:21:19.327+0000] {subprocess.py:106} INFO - 26/04/11 05:21:19 INFO DAGScheduler: Final stage: ShuffleMapStage 10 (sql at <unknown>:0)
[2026-04-11T05:21:19.327+0000] {subprocess.py:106} INFO - 26/04/11 05:21:19 INFO DAGScheduler: Parents of final stage: List()
[2026-04-11T05:21:19.330+0000] {subprocess.py:106} INFO - 26/04/11 05:21:19 INFO DAGScheduler: Missing parents: List()
[2026-04-11T05:21:19.332+0000] {subprocess.py:106} INFO - 26/04/11 05:21:19 INFO DAGScheduler: Submitting ShuffleMapStage 10 (MapPartitionsRDD[33] at sql at <unknown>:0), which has no missing parents
[2026-04-11T05:21:19.353+0000] {subprocess.py:106} INFO - 26/04/11 05:21:19 INFO MemoryStore: Block broadcast_20 stored as values in memory (estimated size 59.0 KiB, free 433.9 MiB)
[2026-04-11T05:21:19.367+0000] {subprocess.py:106} INFO - 26/04/11 05:21:19 INFO MemoryStore: Block broadcast_20_piece0 stored as bytes in memory (estimated size 22.9 KiB, free 433.9 MiB)
[2026-04-11T05:21:19.374+0000] {subprocess.py:106} INFO - 26/04/11 05:21:19 INFO BlockManagerInfo: Added broadcast_20_piece0 in memory on c05002f484b8:38015 (size: 22.9 KiB, free: 434.2 MiB)
[2026-04-11T05:21:19.376+0000] {subprocess.py:106} INFO - 26/04/11 05:21:19 INFO BlockManagerInfo: Removed broadcast_19_piece0 on c05002f484b8:38015 in memory (size: 30.4 KiB, free: 434.2 MiB)
[2026-04-11T05:21:19.377+0000] {subprocess.py:106} INFO - 26/04/11 05:21:19 INFO SparkContext: Created broadcast 20 from broadcast at DAGScheduler.scala:1585
[2026-04-11T05:21:19.378+0000] {subprocess.py:106} INFO - 26/04/11 05:21:19 INFO DAGScheduler: Submitting 1 missing tasks from ShuffleMapStage 10 (MapPartitionsRDD[33] at sql at <unknown>:0) (first 15 tasks are for partitions Vector(0))
[2026-04-11T05:21:19.378+0000] {subprocess.py:106} INFO - 26/04/11 05:21:19 INFO TaskSchedulerImpl: Adding task set 10.0 with 1 tasks resource profile 0
[2026-04-11T05:21:19.379+0000] {subprocess.py:106} INFO - 26/04/11 05:21:19 INFO TaskSetManager: Starting task 0.0 in stage 10.0 (TID 8) (172.30.0.7, executor 0, partition 0, PROCESS_LOCAL, 16291 bytes)
[2026-04-11T05:21:19.404+0000] {subprocess.py:106} INFO - 26/04/11 05:21:19 INFO BlockManagerInfo: Added broadcast_20_piece0 in memory on 172.30.0.7:41369 (size: 22.9 KiB, free: 434.3 MiB)
[2026-04-11T05:21:19.814+0000] {subprocess.py:106} INFO - 26/04/11 05:21:19 INFO BlockManagerInfo: Added broadcast_11_piece0 in memory on 172.30.0.7:41369 (size: 30.2 KiB, free: 434.3 MiB)
[2026-04-11T05:21:20.139+0000] {subprocess.py:106} INFO - 26/04/11 05:21:20 INFO TaskSetManager: Finished task 0.0 in stage 10.0 (TID 8) in 765 ms on 172.30.0.7 (executor 0) (1/1)
[2026-04-11T05:21:20.140+0000] {subprocess.py:106} INFO - 26/04/11 05:21:20 INFO TaskSchedulerImpl: Removed TaskSet 10.0, whose tasks have all completed, from pool
[2026-04-11T05:21:20.141+0000] {subprocess.py:106} INFO - 26/04/11 05:21:20 INFO DAGScheduler: ShuffleMapStage 10 (sql at <unknown>:0) finished in 0.806 s
[2026-04-11T05:21:20.141+0000] {subprocess.py:106} INFO - 26/04/11 05:21:20 INFO DAGScheduler: looking for newly runnable stages
[2026-04-11T05:21:20.142+0000] {subprocess.py:106} INFO - 26/04/11 05:21:20 INFO DAGScheduler: running: Set()
[2026-04-11T05:21:20.142+0000] {subprocess.py:106} INFO - 26/04/11 05:21:20 INFO DAGScheduler: waiting: Set()
[2026-04-11T05:21:20.143+0000] {subprocess.py:106} INFO - 26/04/11 05:21:20 INFO DAGScheduler: failed: Set()
[2026-04-11T05:21:20.151+0000] {subprocess.py:106} INFO - 26/04/11 05:21:20 INFO ShufflePartitionsUtil: For shuffle(4), advisory target size: 67108864, actual target size 1048576, minimum partition size: 1048576
[2026-04-11T05:21:20.164+0000] {subprocess.py:106} INFO - 26/04/11 05:21:20 WARN SparkStringUtils: Truncated the string representation of a plan since it was too large. This behavior can be adjusted by setting 'spark.sql.debug.maxToStringFields'.
[2026-04-11T05:21:20.186+0000] {subprocess.py:106} INFO - 26/04/11 05:21:20 INFO CodeGenerator: Code generated in 12.974986 ms
[2026-04-11T05:21:20.229+0000] {subprocess.py:106} INFO - 26/04/11 05:21:20 INFO CodeGenerator: Code generated in 28.393757 ms
[2026-04-11T05:21:20.257+0000] {subprocess.py:106} INFO - 26/04/11 05:21:20 INFO CodeGenerator: Code generated in 16.163486 ms
[2026-04-11T05:21:20.355+0000] {subprocess.py:106} INFO - 26/04/11 05:21:20 INFO MemoryStore: Block broadcast_21 stored as values in memory (estimated size 32.0 KiB, free 433.9 MiB)
[2026-04-11T05:21:20.379+0000] {subprocess.py:106} INFO - 26/04/11 05:21:20 INFO MemoryStore: Block broadcast_21_piece0 stored as bytes in memory (estimated size 30.3 KiB, free 433.9 MiB)
[2026-04-11T05:21:20.385+0000] {subprocess.py:106} INFO - 26/04/11 05:21:20 INFO BlockManagerInfo: Added broadcast_21_piece0 in memory on c05002f484b8:38015 (size: 30.3 KiB, free: 434.2 MiB)
[2026-04-11T05:21:20.387+0000] {subprocess.py:106} INFO - 26/04/11 05:21:20 INFO SparkContext: Created broadcast 21 from broadcast at SparkWrite.java:193
[2026-04-11T05:21:20.390+0000] {subprocess.py:106} INFO - 26/04/11 05:21:20 INFO ReplaceDataExec: Start processing data source write support: IcebergBatchWrite(table=iceberg.silver.it_jobs_clean, format=PARQUET). The input RDD has 1 partitions.
[2026-04-11T05:21:20.391+0000] {subprocess.py:106} INFO - 26/04/11 05:21:20 INFO BlockManagerInfo: Removed broadcast_20_piece0 on c05002f484b8:38015 in memory (size: 22.9 KiB, free: 434.2 MiB)
[2026-04-11T05:21:20.393+0000] {subprocess.py:106} INFO - 26/04/11 05:21:20 INFO BlockManagerInfo: Removed broadcast_20_piece0 on 172.30.0.7:41369 in memory (size: 22.9 KiB, free: 434.3 MiB)
[2026-04-11T05:21:20.406+0000] {subprocess.py:106} INFO - 26/04/11 05:21:20 INFO SparkContext: Starting job: sql at <unknown>:0
[2026-04-11T05:21:20.411+0000] {subprocess.py:106} INFO - 26/04/11 05:21:20 INFO DAGScheduler: Got job 8 (sql at <unknown>:0) with 1 output partitions
[2026-04-11T05:21:20.414+0000] {subprocess.py:106} INFO - 26/04/11 05:21:20 INFO DAGScheduler: Final stage: ResultStage 12 (sql at <unknown>:0)
[2026-04-11T05:21:20.415+0000] {subprocess.py:106} INFO - 26/04/11 05:21:20 INFO DAGScheduler: Parents of final stage: List(ShuffleMapStage 11)
[2026-04-11T05:21:20.424+0000] {subprocess.py:106} INFO - 26/04/11 05:21:20 INFO DAGScheduler: Missing parents: List()
[2026-04-11T05:21:20.429+0000] {subprocess.py:106} INFO - 26/04/11 05:21:20 INFO DAGScheduler: Submitting ResultStage 12 (MapPartitionsRDD[39] at sql at <unknown>:0), which has no missing parents
[2026-04-11T05:21:20.471+0000] {subprocess.py:106} INFO - 26/04/11 05:21:20 INFO MemoryStore: Block broadcast_22 stored as values in memory (estimated size 97.3 KiB, free 433.9 MiB)
[2026-04-11T05:21:20.472+0000] {subprocess.py:106} INFO - 26/04/11 05:21:20 INFO MemoryStore: Block broadcast_22_piece0 stored as bytes in memory (estimated size 33.4 KiB, free 433.8 MiB)
[2026-04-11T05:21:20.475+0000] {subprocess.py:106} INFO - 26/04/11 05:21:20 INFO BlockManagerInfo: Added broadcast_22_piece0 in memory on c05002f484b8:38015 (size: 33.4 KiB, free: 434.2 MiB)
[2026-04-11T05:21:20.476+0000] {subprocess.py:106} INFO - 26/04/11 05:21:20 INFO SparkContext: Created broadcast 22 from broadcast at DAGScheduler.scala:1585
[2026-04-11T05:21:20.478+0000] {subprocess.py:106} INFO - 26/04/11 05:21:20 INFO DAGScheduler: Submitting 1 missing tasks from ResultStage 12 (MapPartitionsRDD[39] at sql at <unknown>:0) (first 15 tasks are for partitions Vector(0))
[2026-04-11T05:21:20.480+0000] {subprocess.py:106} INFO - 26/04/11 05:21:20 INFO TaskSchedulerImpl: Adding task set 12.0 with 1 tasks resource profile 0
[2026-04-11T05:21:20.512+0000] {subprocess.py:106} INFO - 26/04/11 05:21:20 INFO TaskSetManager: Starting task 0.0 in stage 12.0 (TID 9) (172.30.0.7, executor 0, partition 0, NODE_LOCAL, 9976 bytes)
[2026-04-11T05:21:20.552+0000] {subprocess.py:106} INFO - 26/04/11 05:21:20 INFO BlockManagerInfo: Added broadcast_22_piece0 in memory on 172.30.0.7:41369 (size: 33.4 KiB, free: 434.3 MiB)
[2026-04-11T05:21:20.626+0000] {subprocess.py:106} INFO - 26/04/11 05:21:20 INFO MapOutputTrackerMasterEndpoint: Asked to send map output locations for shuffle 4 to 172.30.0.7:39520
[2026-04-11T05:21:21.089+0000] {subprocess.py:106} INFO - 26/04/11 05:21:21 INFO BlockManagerInfo: Added broadcast_21_piece0 in memory on 172.30.0.7:41369 (size: 30.3 KiB, free: 434.2 MiB)
[2026-04-11T05:21:21.639+0000] {subprocess.py:106} INFO - 26/04/11 05:21:21 INFO TaskSetManager: Finished task 0.0 in stage 12.0 (TID 9) in 1129 ms on 172.30.0.7 (executor 0) (1/1)
[2026-04-11T05:21:21.641+0000] {subprocess.py:106} INFO - 26/04/11 05:21:21 INFO TaskSchedulerImpl: Removed TaskSet 12.0, whose tasks have all completed, from pool
[2026-04-11T05:21:21.642+0000] {subprocess.py:106} INFO - 26/04/11 05:21:21 INFO DAGScheduler: ResultStage 12 (sql at <unknown>:0) finished in 1.192 s
[2026-04-11T05:21:21.644+0000] {subprocess.py:106} INFO - 26/04/11 05:21:21 INFO DAGScheduler: Job 8 is finished. Cancelling potential speculative or zombie tasks for this job
[2026-04-11T05:21:21.645+0000] {subprocess.py:106} INFO - 26/04/11 05:21:21 INFO TaskSchedulerImpl: Killing all running tasks in stage 12: Stage finished
[2026-04-11T05:21:21.646+0000] {subprocess.py:106} INFO - 26/04/11 05:21:21 INFO DAGScheduler: Job 8 finished: sql at <unknown>:0, took 1.234158 s
[2026-04-11T05:21:21.647+0000] {subprocess.py:106} INFO - 26/04/11 05:21:21 INFO ReplaceDataExec: Data source write support IcebergBatchWrite(table=iceberg.silver.it_jobs_clean, format=PARQUET) is committing.
[2026-04-11T05:21:21.688+0000] {subprocess.py:106} INFO - 26/04/11 05:21:21 INFO SparkWrite: Committing overwrite of 0 data files with 1 new data files, scanSnapshotId: 58672078534282665, conflictDetectionFilter: true to table iceberg.silver.it_jobs_clean
[2026-04-11T05:21:22.249+0000] {subprocess.py:106} INFO - 26/04/11 05:21:22 INFO BlockManagerInfo: Removed broadcast_22_piece0 on c05002f484b8:38015 in memory (size: 33.4 KiB, free: 434.2 MiB)
[2026-04-11T05:21:22.251+0000] {subprocess.py:106} INFO - 26/04/11 05:21:22 INFO BlockManagerInfo: Removed broadcast_22_piece0 on 172.30.0.7:41369 in memory (size: 33.4 KiB, free: 434.3 MiB)
[2026-04-11T05:21:22.463+0000] {subprocess.py:106} INFO - 26/04/11 05:21:22 INFO HiveTableOperations: Committed to table iceberg.silver.it_jobs_clean with the new metadata location s3a://warehouse/iceberg_data/silver.db/it_jobs_clean/metadata/00004-8f1f97bd-28b7-45c4-b23c-d5974ad73143.metadata.json
[2026-04-11T05:21:22.464+0000] {subprocess.py:106} INFO - 26/04/11 05:21:22 INFO BaseMetastoreTableOperations: Successfully committed to table iceberg.silver.it_jobs_clean in 302 ms
[2026-04-11T05:21:22.465+0000] {subprocess.py:106} INFO - 26/04/11 05:21:22 INFO SnapshotProducer: Committed snapshot 1273093433593382123 (BaseOverwriteFiles)
[2026-04-11T05:21:22.483+0000] {subprocess.py:106} INFO - 26/04/11 05:21:22 INFO BaseMetastoreTableOperations: Refreshing table metadata from new version: s3a://warehouse/iceberg_data/silver.db/it_jobs_clean/metadata/00004-8f1f97bd-28b7-45c4-b23c-d5974ad73143.metadata.json
[2026-04-11T05:21:22.555+0000] {subprocess.py:106} INFO - 26/04/11 05:21:22 INFO LoggingMetricsReporter: Received metrics report: CommitReport{tableName=iceberg.silver.it_jobs_clean, snapshotId=1273093433593382123, sequenceNumber=5, operation=append, commitMetrics=CommitMetricsResult{totalDuration=TimerResult{timeUnit=NANOSECONDS, totalDuration=PT0.836761096S, count=1}, attempts=CounterResult{unit=COUNT, value=1}, addedDataFiles=CounterResult{unit=COUNT, value=1}, removedDataFiles=null, totalDataFiles=CounterResult{unit=COUNT, value=6}, addedDeleteFiles=null, addedEqualityDeleteFiles=null, addedPositionalDeleteFiles=null, removedDeleteFiles=null, removedEqualityDeleteFiles=null, removedPositionalDeleteFiles=null, totalDeleteFiles=CounterResult{unit=COUNT, value=0}, addedRecords=CounterResult{unit=COUNT, value=94}, removedRecords=null, totalRecords=CounterResult{unit=COUNT, value=9627}, addedFilesSizeInBytes=CounterResult{unit=BYTES, value=12526}, removedFilesSizeInBytes=null, totalFilesSizeInBytes=CounterResult{unit=BYTES, value=431719}, addedPositionalDeletes=null, removedPositionalDeletes=null, totalPositionalDeletes=CounterResult{unit=COUNT, value=0}, addedEqualityDeletes=null, removedEqualityDeletes=null, totalEqualityDeletes=CounterResult{unit=COUNT, value=0}}, metadata={engine-version=3.5.3, app-id=app-20260411052057-0001, engine-name=spark, iceberg-version=Apache Iceberg 1.6.1 (commit 8e9d59d299be42b0bca9461457cd1e95dbaad086)}}
[2026-04-11T05:21:22.556+0000] {subprocess.py:106} INFO - 26/04/11 05:21:22 INFO SparkWrite: Committed in 866 ms
[2026-04-11T05:21:22.557+0000] {subprocess.py:106} INFO - 26/04/11 05:21:22 INFO ReplaceDataExec: Data source write support IcebergBatchWrite(table=iceberg.silver.it_jobs_clean, format=PARQUET) committed.
[2026-04-11T05:21:22.559+0000] {subprocess.py:106} INFO - >>> SUCCESS: Data Merged (Upsert).
[2026-04-11T05:21:22.560+0000] {subprocess.py:106} INFO - 26/04/11 05:21:22 INFO SparkContext: SparkContext is stopping with exitCode 0.
[2026-04-11T05:21:22.572+0000] {subprocess.py:106} INFO - 26/04/11 05:21:22 INFO SparkUI: Stopped Spark web UI at http://c05002f484b8:4040
[2026-04-11T05:21:22.578+0000] {subprocess.py:106} INFO - 26/04/11 05:21:22 INFO StandaloneSchedulerBackend: Shutting down all executors
[2026-04-11T05:21:22.583+0000] {subprocess.py:106} INFO - 26/04/11 05:21:22 INFO StandaloneSchedulerBackend$StandaloneDriverEndpoint: Asking each executor to shut down
[2026-04-11T05:21:22.609+0000] {subprocess.py:106} INFO - 26/04/11 05:21:22 INFO MapOutputTrackerMasterEndpoint: MapOutputTrackerMasterEndpoint stopped!
[2026-04-11T05:21:22.640+0000] {subprocess.py:106} INFO - 26/04/11 05:21:22 INFO MemoryStore: MemoryStore cleared
[2026-04-11T05:21:22.642+0000] {subprocess.py:106} INFO - 26/04/11 05:21:22 INFO BlockManager: BlockManager stopped
[2026-04-11T05:21:22.663+0000] {subprocess.py:106} INFO - 26/04/11 05:21:22 INFO BlockManagerMaster: BlockManagerMaster stopped
[2026-04-11T05:21:22.690+0000] {subprocess.py:106} INFO - 26/04/11 05:21:22 INFO OutputCommitCoordinator$OutputCommitCoordinatorEndpoint: OutputCommitCoordinator stopped!
[2026-04-11T05:21:22.743+0000] {subprocess.py:106} INFO - 26/04/11 05:21:22 INFO SparkContext: Successfully stopped SparkContext
[2026-04-11T05:21:23.067+0000] {subprocess.py:106} INFO - 26/04/11 05:21:23 INFO ShutdownHookManager: Shutdown hook called
[2026-04-11T05:21:23.068+0000] {subprocess.py:106} INFO - 26/04/11 05:21:23 INFO ShutdownHookManager: Deleting directory /tmp/spark-b0c53a69-6187-4c2d-9f7f-30e29a1ddbe8
[2026-04-11T05:21:23.097+0000] {subprocess.py:106} INFO - 26/04/11 05:21:23 INFO ShutdownHookManager: Deleting directory /tmp/spark-b0c53a69-6187-4c2d-9f7f-30e29a1ddbe8/pyspark-3a506ca3-ea7b-45fa-8e02-99adec9f2c48
[2026-04-11T05:21:23.100+0000] {subprocess.py:106} INFO - 26/04/11 05:21:23 INFO ShutdownHookManager: Deleting directory /tmp/spark-b7bc572d-2ecc-46f9-8c5c-5d4bd431697f
[2026-04-11T05:21:23.106+0000] {subprocess.py:106} INFO - 26/04/11 05:21:23 INFO MetricsSystemImpl: Stopping s3a-file-system metrics system...
[2026-04-11T05:21:23.106+0000] {subprocess.py:106} INFO - 26/04/11 05:21:23 INFO MetricsSystemImpl: s3a-file-system metrics system stopped.
[2026-04-11T05:21:23.107+0000] {subprocess.py:106} INFO - 26/04/11 05:21:23 INFO MetricsSystemImpl: s3a-file-system metrics system shutdown complete.
[2026-04-11T05:21:23.168+0000] {subprocess.py:110} INFO - Command exited with return code 0
[2026-04-11T05:21:23.234+0000] {taskinstance.py:341} INFO - ::group::Post task execution logs
[2026-04-11T05:21:23.235+0000] {taskinstance.py:353} INFO - Marking task as SUCCESS. dag_id=crawl_etl_itjob, task_id=clean_silver, run_id=scheduled__2026-04-08T02:00:00+00:00, execution_date=20260408T020000, start_date=20260411T052053, end_date=20260411T052123
[2026-04-11T05:21:23.327+0000] {local_task_job_runner.py:266} INFO - Task exited with return code 0
[2026-04-11T05:21:23.368+0000] {taskinstance.py:3901} INFO - 1 downstream tasks scheduled from follow-on schedule check
[2026-04-11T05:21:23.370+0000] {local_task_job_runner.py:245} INFO - ::endgroup::
