[2026-03-13T05:04:27.848+0000] {local_task_job_runner.py:123} INFO - ::group::Pre task execution logs
[2026-03-13T05:04:27.892+0000] {taskinstance.py:2614} INFO - Dependencies all met for dep_context=non-requeueable deps ti=<TaskInstance: crawl_etl_itjob.load_bronze scheduled__2026-03-11T02:00:00+00:00 [queued]>
[2026-03-13T05:04:27.908+0000] {taskinstance.py:2614} INFO - Dependencies all met for dep_context=requeueable deps ti=<TaskInstance: crawl_etl_itjob.load_bronze scheduled__2026-03-11T02:00:00+00:00 [queued]>
[2026-03-13T05:04:27.909+0000] {taskinstance.py:2867} INFO - Starting attempt 1 of 2
[2026-03-13T05:04:27.924+0000] {taskinstance.py:2890} INFO - Executing <Task(BashOperator): load_bronze> on 2026-03-11 02:00:00+00:00
[2026-03-13T05:04:27.930+0000] {standard_task_runner.py:72} INFO - Started process 55 to run task
[2026-03-13T05:04:27.935+0000] {standard_task_runner.py:104} INFO - Running: ['***', 'tasks', 'run', 'crawl_etl_itjob', 'load_bronze', 'scheduled__2026-03-11T02:00:00+00:00', '--job-id', '645', '--raw', '--subdir', 'DAGS_FOLDER/Crawl_ETL_ITJob.py', '--cfg-path', '/tmp/tmpx7pp1oet']
[2026-03-13T05:04:27.937+0000] {standard_task_runner.py:105} INFO - Job 645: Subtask load_bronze
[2026-03-13T05:04:27.968+0000] {warnings.py:109} WARNING - /home/***/.local/lib/python3.8/site-packages/***/settings.py:209: DeprecationWarning: The sql_alchemy_conn option in [core] has been moved to the sql_alchemy_conn option in [database] - the old setting has been used, but please update your config.
  SQL_ALCHEMY_CONN = conf.get("database", "SQL_ALCHEMY_CONN")

[2026-03-13T05:04:28.060+0000] {task_command.py:467} INFO - Running <TaskInstance: crawl_etl_itjob.load_bronze scheduled__2026-03-11T02:00:00+00:00 [running]> on host 19d569223134
[2026-03-13T05:04:28.061+0000] {warnings.py:109} WARNING - /home/***/.local/lib/python3.8/site-packages/***/settings.py:470: DeprecationWarning: The sql_alchemy_conn option in [core] has been moved to the sql_alchemy_conn option in [database] - the old setting has been used, but please update your config.
  if conf.get("database", "sql_alchemy_conn") == "none://":

[2026-03-13T05:04:28.179+0000] {taskinstance.py:3134} INFO - Exporting env vars: AIRFLOW_CTX_DAG_EMAIL='hoa856856@gmail.com' AIRFLOW_CTX_DAG_OWNER='***' AIRFLOW_CTX_DAG_ID='crawl_etl_itjob' AIRFLOW_CTX_TASK_ID='load_bronze' AIRFLOW_CTX_EXECUTION_DATE='2026-03-11T02:00:00+00:00' AIRFLOW_CTX_TRY_NUMBER='1' AIRFLOW_CTX_DAG_RUN_ID='scheduled__2026-03-11T02:00:00+00:00'
[2026-03-13T05:04:28.180+0000] {taskinstance.py:732} INFO - ::endgroup::
[2026-03-13T05:04:28.193+0000] {subprocess.py:78} INFO - Tmp dir root location: /tmp
[2026-03-13T05:04:28.194+0000] {subprocess.py:88} INFO - Running command: ['/bin/bash', '-c', "\n        docker exec spark-submit bash -c '\n        /opt/spark/bin/spark-submit         --master spark://spark-master:7077         --deploy-mode client         --packages org.apache.iceberg:iceberg-spark-runtime-3.5_2.12:1.5.0,org.apache.hadoop:hadoop-aws:3.3.4,com.amazonaws:aws-java-sdk-bundle:1.12.262         /opt/spark/scripts/Load_Bronze.py\n        '\n        "]
[2026-03-13T05:04:28.204+0000] {subprocess.py:99} INFO - Output:
[2026-03-13T05:04:30.277+0000] {subprocess.py:106} INFO - :: loading settings :: url = jar:file:/opt/spark/jars/ivy-2.5.1.jar!/org/apache/ivy/core/settings/ivysettings.xml
[2026-03-13T05:04:30.420+0000] {subprocess.py:106} INFO - Ivy Default Cache set to: /home/spark/.ivy2/cache
[2026-03-13T05:04:30.420+0000] {subprocess.py:106} INFO - The jars for the packages stored in: /home/spark/.ivy2/jars
[2026-03-13T05:04:30.428+0000] {subprocess.py:106} INFO - org.apache.iceberg#iceberg-spark-runtime-3.5_2.12 added as a dependency
[2026-03-13T05:04:30.429+0000] {subprocess.py:106} INFO - org.apache.hadoop#hadoop-aws added as a dependency
[2026-03-13T05:04:30.429+0000] {subprocess.py:106} INFO - com.amazonaws#aws-java-sdk-bundle added as a dependency
[2026-03-13T05:04:30.430+0000] {subprocess.py:106} INFO - :: resolving dependencies :: org.apache.spark#spark-submit-parent-96effe5b-07f5-4457-84f4-d189252721ba;1.0
[2026-03-13T05:04:30.431+0000] {subprocess.py:106} INFO - 	confs: [default]
[2026-03-13T05:04:30.574+0000] {subprocess.py:106} INFO - 	found org.apache.iceberg#iceberg-spark-runtime-3.5_2.12;1.5.0 in central
[2026-03-13T05:04:30.628+0000] {subprocess.py:106} INFO - 	found org.apache.hadoop#hadoop-aws;3.3.4 in central
[2026-03-13T05:04:30.661+0000] {subprocess.py:106} INFO - 	found com.amazonaws#aws-java-sdk-bundle;1.12.262 in central
[2026-03-13T05:04:30.701+0000] {subprocess.py:106} INFO - 	found org.wildfly.openssl#wildfly-openssl;1.0.7.Final in central
[2026-03-13T05:04:30.735+0000] {subprocess.py:106} INFO - :: resolution report :: resolve 290ms :: artifacts dl 15ms
[2026-03-13T05:04:30.736+0000] {subprocess.py:106} INFO - 	:: modules in use:
[2026-03-13T05:04:30.737+0000] {subprocess.py:106} INFO - 	com.amazonaws#aws-java-sdk-bundle;1.12.262 from central in [default]
[2026-03-13T05:04:30.737+0000] {subprocess.py:106} INFO - 	org.apache.hadoop#hadoop-aws;3.3.4 from central in [default]
[2026-03-13T05:04:30.738+0000] {subprocess.py:106} INFO - 	org.apache.iceberg#iceberg-spark-runtime-3.5_2.12;1.5.0 from central in [default]
[2026-03-13T05:04:30.738+0000] {subprocess.py:106} INFO - 	org.wildfly.openssl#wildfly-openssl;1.0.7.Final from central in [default]
[2026-03-13T05:04:30.739+0000] {subprocess.py:106} INFO - 	---------------------------------------------------------------------
[2026-03-13T05:04:30.740+0000] {subprocess.py:106} INFO - 	|                  |            modules            ||   artifacts   |
[2026-03-13T05:04:30.741+0000] {subprocess.py:106} INFO - 	|       conf       | number| search|dwnlded|evicted|| number|dwnlded|
[2026-03-13T05:04:30.742+0000] {subprocess.py:106} INFO - 	---------------------------------------------------------------------
[2026-03-13T05:04:30.742+0000] {subprocess.py:106} INFO - 	|      default     |   4   |   0   |   0   |   0   ||   4   |   0   |
[2026-03-13T05:04:30.743+0000] {subprocess.py:106} INFO - 	---------------------------------------------------------------------
[2026-03-13T05:04:30.743+0000] {subprocess.py:106} INFO - :: retrieving :: org.apache.spark#spark-submit-parent-96effe5b-07f5-4457-84f4-d189252721ba
[2026-03-13T05:04:30.744+0000] {subprocess.py:106} INFO - 	confs: [default]
[2026-03-13T05:04:30.754+0000] {subprocess.py:106} INFO - 	0 artifacts copied, 4 already retrieved (0kB/12ms)
[2026-03-13T05:04:31.054+0000] {subprocess.py:106} INFO - 26/03/13 05:04:31 WARN NativeCodeLoader: Unable to load native-hadoop library for your platform... using builtin-java classes where applicable
[2026-03-13T05:04:32.484+0000] {subprocess.py:106} INFO - 26/03/13 05:04:32 INFO SparkContext: Running Spark version 3.5.3
[2026-03-13T05:04:32.484+0000] {subprocess.py:106} INFO - 26/03/13 05:04:32 INFO SparkContext: OS info Linux, 6.6.87.2-microsoft-standard-WSL2, amd64
[2026-03-13T05:04:32.485+0000] {subprocess.py:106} INFO - 26/03/13 05:04:32 INFO SparkContext: Java version 11.0.24
[2026-03-13T05:04:32.506+0000] {subprocess.py:106} INFO - 26/03/13 05:04:32 INFO ResourceUtils: ==============================================================
[2026-03-13T05:04:32.507+0000] {subprocess.py:106} INFO - 26/03/13 05:04:32 INFO ResourceUtils: No custom resources configured for spark.driver.
[2026-03-13T05:04:32.512+0000] {subprocess.py:106} INFO - 26/03/13 05:04:32 INFO ResourceUtils: ==============================================================
[2026-03-13T05:04:32.512+0000] {subprocess.py:106} INFO - 26/03/13 05:04:32 INFO SparkContext: Submitted application: Load_Bronze_MinIO_Iceberg
[2026-03-13T05:04:32.543+0000] {subprocess.py:106} INFO - 26/03/13 05:04:32 INFO ResourceProfile: Default ResourceProfile created, executor resources: Map(memory -> name: memory, amount: 1024, script: , vendor: , offHeap -> name: offHeap, amount: 0, script: , vendor: ), task resources: Map(cpus -> name: cpus, amount: 1.0)
[2026-03-13T05:04:32.555+0000] {subprocess.py:106} INFO - 26/03/13 05:04:32 INFO ResourceProfile: Limiting resource is cpu
[2026-03-13T05:04:32.555+0000] {subprocess.py:106} INFO - 26/03/13 05:04:32 INFO ResourceProfileManager: Added ResourceProfile id: 0
[2026-03-13T05:04:32.659+0000] {subprocess.py:106} INFO - 26/03/13 05:04:32 INFO SecurityManager: Changing view acls to: spark
[2026-03-13T05:04:32.660+0000] {subprocess.py:106} INFO - 26/03/13 05:04:32 INFO SecurityManager: Changing modify acls to: spark
[2026-03-13T05:04:32.661+0000] {subprocess.py:106} INFO - 26/03/13 05:04:32 INFO SecurityManager: Changing view acls groups to:
[2026-03-13T05:04:32.662+0000] {subprocess.py:106} INFO - 26/03/13 05:04:32 INFO SecurityManager: Changing modify acls groups to:
[2026-03-13T05:04:32.663+0000] {subprocess.py:106} INFO - 26/03/13 05:04:32 INFO SecurityManager: SecurityManager: authentication disabled; ui acls disabled; users with view permissions: spark; groups with view permissions: EMPTY; users with modify permissions: spark; groups with modify permissions: EMPTY
[2026-03-13T05:04:32.929+0000] {subprocess.py:106} INFO - 26/03/13 05:04:32 INFO Utils: Successfully started service 'sparkDriver' on port 42217.
[2026-03-13T05:04:32.995+0000] {subprocess.py:106} INFO - 26/03/13 05:04:32 INFO SparkEnv: Registering MapOutputTracker
[2026-03-13T05:04:33.043+0000] {subprocess.py:106} INFO - 26/03/13 05:04:33 INFO SparkEnv: Registering BlockManagerMaster
[2026-03-13T05:04:33.074+0000] {subprocess.py:106} INFO - 26/03/13 05:04:33 INFO BlockManagerMasterEndpoint: Using org.apache.spark.storage.DefaultTopologyMapper for getting topology information
[2026-03-13T05:04:33.075+0000] {subprocess.py:106} INFO - 26/03/13 05:04:33 INFO BlockManagerMasterEndpoint: BlockManagerMasterEndpoint up
[2026-03-13T05:04:33.084+0000] {subprocess.py:106} INFO - 26/03/13 05:04:33 INFO SparkEnv: Registering BlockManagerMasterHeartbeat
[2026-03-13T05:04:33.144+0000] {subprocess.py:106} INFO - 26/03/13 05:04:33 INFO DiskBlockManager: Created local directory at /tmp/blockmgr-e9ebe0d4-82d5-4afb-9392-a7b9c218c9c0
[2026-03-13T05:04:33.169+0000] {subprocess.py:106} INFO - 26/03/13 05:04:33 INFO MemoryStore: MemoryStore started with capacity 434.4 MiB
[2026-03-13T05:04:33.191+0000] {subprocess.py:106} INFO - 26/03/13 05:04:33 INFO SparkEnv: Registering OutputCommitCoordinator
[2026-03-13T05:04:33.335+0000] {subprocess.py:106} INFO - 26/03/13 05:04:33 INFO JettyUtils: Start Jetty 0.0.0.0:4040 for SparkUI
[2026-03-13T05:04:33.387+0000] {subprocess.py:106} INFO - 26/03/13 05:04:33 INFO Utils: Successfully started service 'SparkUI' on port 4040.
[2026-03-13T05:04:33.421+0000] {subprocess.py:106} INFO - 26/03/13 05:04:33 INFO SparkContext: Added JAR file:///home/spark/.ivy2/jars/org.apache.iceberg_iceberg-spark-runtime-3.5_2.12-1.5.0.jar at spark://499f1d118d82:42217/jars/org.apache.iceberg_iceberg-spark-runtime-3.5_2.12-1.5.0.jar with timestamp 1773378272475
[2026-03-13T05:04:33.422+0000] {subprocess.py:106} INFO - 26/03/13 05:04:33 INFO SparkContext: Added JAR file:///home/spark/.ivy2/jars/org.apache.hadoop_hadoop-aws-3.3.4.jar at spark://499f1d118d82:42217/jars/org.apache.hadoop_hadoop-aws-3.3.4.jar with timestamp 1773378272475
[2026-03-13T05:04:33.423+0000] {subprocess.py:106} INFO - 26/03/13 05:04:33 INFO SparkContext: Added JAR file:///home/spark/.ivy2/jars/com.amazonaws_aws-java-sdk-bundle-1.12.262.jar at spark://499f1d118d82:42217/jars/com.amazonaws_aws-java-sdk-bundle-1.12.262.jar with timestamp 1773378272475
[2026-03-13T05:04:33.423+0000] {subprocess.py:106} INFO - 26/03/13 05:04:33 INFO SparkContext: Added JAR file:///home/spark/.ivy2/jars/org.wildfly.openssl_wildfly-openssl-1.0.7.Final.jar at spark://499f1d118d82:42217/jars/org.wildfly.openssl_wildfly-openssl-1.0.7.Final.jar with timestamp 1773378272475
[2026-03-13T05:04:33.426+0000] {subprocess.py:106} INFO - 26/03/13 05:04:33 INFO SparkContext: Added file file:///home/spark/.ivy2/jars/org.apache.iceberg_iceberg-spark-runtime-3.5_2.12-1.5.0.jar at spark://499f1d118d82:42217/files/org.apache.iceberg_iceberg-spark-runtime-3.5_2.12-1.5.0.jar with timestamp 1773378272475
[2026-03-13T05:04:33.429+0000] {subprocess.py:106} INFO - 26/03/13 05:04:33 INFO Utils: Copying /home/spark/.ivy2/jars/org.apache.iceberg_iceberg-spark-runtime-3.5_2.12-1.5.0.jar to /tmp/spark-50e30045-6b2d-4dc3-bd53-6e3299a3291a/userFiles-7738bfe2-d96a-4ec8-815b-a4b90fb41672/org.apache.iceberg_iceberg-spark-runtime-3.5_2.12-1.5.0.jar
[2026-03-13T05:04:33.514+0000] {subprocess.py:106} INFO - 26/03/13 05:04:33 INFO SparkContext: Added file file:///home/spark/.ivy2/jars/org.apache.hadoop_hadoop-aws-3.3.4.jar at spark://499f1d118d82:42217/files/org.apache.hadoop_hadoop-aws-3.3.4.jar with timestamp 1773378272475
[2026-03-13T05:04:33.514+0000] {subprocess.py:106} INFO - 26/03/13 05:04:33 INFO Utils: Copying /home/spark/.ivy2/jars/org.apache.hadoop_hadoop-aws-3.3.4.jar to /tmp/spark-50e30045-6b2d-4dc3-bd53-6e3299a3291a/userFiles-7738bfe2-d96a-4ec8-815b-a4b90fb41672/org.apache.hadoop_hadoop-aws-3.3.4.jar
[2026-03-13T05:04:33.522+0000] {subprocess.py:106} INFO - 26/03/13 05:04:33 INFO SparkContext: Added file file:///home/spark/.ivy2/jars/com.amazonaws_aws-java-sdk-bundle-1.12.262.jar at spark://499f1d118d82:42217/files/com.amazonaws_aws-java-sdk-bundle-1.12.262.jar with timestamp 1773378272475
[2026-03-13T05:04:33.523+0000] {subprocess.py:106} INFO - 26/03/13 05:04:33 INFO Utils: Copying /home/spark/.ivy2/jars/com.amazonaws_aws-java-sdk-bundle-1.12.262.jar to /tmp/spark-50e30045-6b2d-4dc3-bd53-6e3299a3291a/userFiles-7738bfe2-d96a-4ec8-815b-a4b90fb41672/com.amazonaws_aws-java-sdk-bundle-1.12.262.jar
[2026-03-13T05:04:34.641+0000] {subprocess.py:106} INFO - 26/03/13 05:04:34 INFO SparkContext: Added file file:///home/spark/.ivy2/jars/org.wildfly.openssl_wildfly-openssl-1.0.7.Final.jar at spark://499f1d118d82:42217/files/org.wildfly.openssl_wildfly-openssl-1.0.7.Final.jar with timestamp 1773378272475
[2026-03-13T05:04:34.641+0000] {subprocess.py:106} INFO - 26/03/13 05:04:34 INFO Utils: Copying /home/spark/.ivy2/jars/org.wildfly.openssl_wildfly-openssl-1.0.7.Final.jar to /tmp/spark-50e30045-6b2d-4dc3-bd53-6e3299a3291a/userFiles-7738bfe2-d96a-4ec8-815b-a4b90fb41672/org.wildfly.openssl_wildfly-openssl-1.0.7.Final.jar
[2026-03-13T05:04:34.766+0000] {subprocess.py:106} INFO - 26/03/13 05:04:34 INFO StandaloneAppClient$ClientEndpoint: Connecting to master spark://spark-master:7077...
[2026-03-13T05:04:34.816+0000] {subprocess.py:106} INFO - 26/03/13 05:04:34 INFO TransportClientFactory: Successfully created connection to spark-master/172.30.0.6:7077 after 32 ms (0 ms spent in bootstraps)
[2026-03-13T05:04:35.224+0000] {subprocess.py:106} INFO - 26/03/13 05:04:35 INFO StandaloneSchedulerBackend: Connected to Spark cluster with app ID app-20260313050435-0000
[2026-03-13T05:04:35.234+0000] {subprocess.py:106} INFO - 26/03/13 05:04:35 INFO Utils: Successfully started service 'org.apache.spark.network.netty.NettyBlockTransferService' on port 34711.
[2026-03-13T05:04:35.235+0000] {subprocess.py:106} INFO - 26/03/13 05:04:35 INFO NettyBlockTransferService: Server created on 499f1d118d82:34711
[2026-03-13T05:04:35.237+0000] {subprocess.py:106} INFO - 26/03/13 05:04:35 INFO BlockManager: Using org.apache.spark.storage.RandomBlockReplicationPolicy for block replication policy
[2026-03-13T05:04:35.248+0000] {subprocess.py:106} INFO - 26/03/13 05:04:35 INFO BlockManagerMaster: Registering BlockManager BlockManagerId(driver, 499f1d118d82, 34711, None)
[2026-03-13T05:04:35.251+0000] {subprocess.py:106} INFO - 26/03/13 05:04:35 INFO StandaloneAppClient$ClientEndpoint: Executor added: app-20260313050435-0000/0 on worker-20260313045145-172.30.0.7-34487 (172.30.0.7:34487) with 1 core(s)
[2026-03-13T05:04:35.253+0000] {subprocess.py:106} INFO - 26/03/13 05:04:35 INFO StandaloneSchedulerBackend: Granted executor ID app-20260313050435-0000/0 on hostPort 172.30.0.7:34487 with 1 core(s), 1024.0 MiB RAM
[2026-03-13T05:04:35.254+0000] {subprocess.py:106} INFO - 26/03/13 05:04:35 INFO BlockManagerMasterEndpoint: Registering block manager 499f1d118d82:34711 with 434.4 MiB RAM, BlockManagerId(driver, 499f1d118d82, 34711, None)
[2026-03-13T05:04:35.257+0000] {subprocess.py:106} INFO - 26/03/13 05:04:35 INFO BlockManagerMaster: Registered BlockManager BlockManagerId(driver, 499f1d118d82, 34711, None)
[2026-03-13T05:04:35.260+0000] {subprocess.py:106} INFO - 26/03/13 05:04:35 INFO BlockManager: Initialized BlockManager: BlockManagerId(driver, 499f1d118d82, 34711, None)
[2026-03-13T05:04:35.532+0000] {subprocess.py:106} INFO - 26/03/13 05:04:35 INFO StandaloneSchedulerBackend: SchedulerBackend is ready for scheduling beginning after reached minRegisteredResourcesRatio: 0.0
[2026-03-13T05:04:35.732+0000] {subprocess.py:106} INFO - 26/03/13 05:04:35 INFO StandaloneAppClient$ClientEndpoint: Executor updated: app-20260313050435-0000/0 is now RUNNING
[2026-03-13T05:04:35.947+0000] {subprocess.py:106} INFO - Reading data from: s3a://warehouse/raw/itviec_jobs_full.csv
[2026-03-13T05:04:35.958+0000] {subprocess.py:106} INFO - 26/03/13 05:04:35 INFO SharedState: Setting hive.metastore.warehouse.dir ('null') to the value of spark.sql.warehouse.dir.
[2026-03-13T05:04:35.960+0000] {subprocess.py:106} INFO - 26/03/13 05:04:35 INFO SharedState: Warehouse path is 'file:/opt/spark/work-dir/spark-warehouse'.
[2026-03-13T05:04:37.772+0000] {subprocess.py:106} INFO - 26/03/13 05:04:37 WARN MetricsConfig: Cannot locate configuration: tried hadoop-metrics2-s3a-file-system.properties,hadoop-metrics2.properties
[2026-03-13T05:04:37.793+0000] {subprocess.py:106} INFO - 26/03/13 05:04:37 INFO MetricsSystemImpl: Scheduled Metric snapshot period at 10 second(s).
[2026-03-13T05:04:37.794+0000] {subprocess.py:106} INFO - 26/03/13 05:04:37 INFO MetricsSystemImpl: s3a-file-system metrics system started
[2026-03-13T05:04:38.982+0000] {subprocess.py:106} INFO - 26/03/13 05:04:38 INFO StandaloneSchedulerBackend$StandaloneDriverEndpoint: Registered executor NettyRpcEndpointRef(spark-client://Executor) (172.30.0.7:55872) with ID 0,  ResourceProfileId 0
[2026-03-13T05:04:39.083+0000] {subprocess.py:106} INFO - 26/03/13 05:04:39 INFO BlockManagerMasterEndpoint: Registering block manager 172.30.0.7:43917 with 434.4 MiB RAM, BlockManagerId(0, 172.30.0.7, 43917, None)
[2026-03-13T05:04:39.334+0000] {subprocess.py:106} INFO - 26/03/13 05:04:39 INFO InMemoryFileIndex: It took 129 ms to list leaf files for 1 paths.
[2026-03-13T05:04:39.507+0000] {subprocess.py:106} INFO - 26/03/13 05:04:39 INFO MemoryStore: Block broadcast_0 stored as values in memory (estimated size 206.5 KiB, free 434.2 MiB)
[2026-03-13T05:04:39.607+0000] {subprocess.py:106} INFO - 26/03/13 05:04:39 INFO MemoryStore: Block broadcast_0_piece0 stored as bytes in memory (estimated size 36.1 KiB, free 434.2 MiB)
[2026-03-13T05:04:39.611+0000] {subprocess.py:106} INFO - 26/03/13 05:04:39 INFO BlockManagerInfo: Added broadcast_0_piece0 in memory on 499f1d118d82:34711 (size: 36.1 KiB, free: 434.4 MiB)
[2026-03-13T05:04:39.624+0000] {subprocess.py:106} INFO - 26/03/13 05:04:39 INFO SparkContext: Created broadcast 0 from csv at <unknown>:0
[2026-03-13T05:04:40.298+0000] {subprocess.py:106} INFO - 26/03/13 05:04:40 INFO FileInputFormat: Total input files to process : 1
[2026-03-13T05:04:40.308+0000] {subprocess.py:106} INFO - 26/03/13 05:04:40 INFO FileInputFormat: Total input files to process : 1
[2026-03-13T05:04:40.368+0000] {subprocess.py:106} INFO - 26/03/13 05:04:40 INFO SparkContext: Starting job: csv at <unknown>:0
[2026-03-13T05:04:40.389+0000] {subprocess.py:106} INFO - 26/03/13 05:04:40 INFO DAGScheduler: Got job 0 (csv at <unknown>:0) with 1 output partitions
[2026-03-13T05:04:40.390+0000] {subprocess.py:106} INFO - 26/03/13 05:04:40 INFO DAGScheduler: Final stage: ResultStage 0 (csv at <unknown>:0)
[2026-03-13T05:04:40.391+0000] {subprocess.py:106} INFO - 26/03/13 05:04:40 INFO DAGScheduler: Parents of final stage: List()
[2026-03-13T05:04:40.394+0000] {subprocess.py:106} INFO - 26/03/13 05:04:40 INFO DAGScheduler: Missing parents: List()
[2026-03-13T05:04:40.404+0000] {subprocess.py:106} INFO - 26/03/13 05:04:40 INFO DAGScheduler: Submitting ResultStage 0 (MapPartitionsRDD[2] at csv at <unknown>:0), which has no missing parents
[2026-03-13T05:04:40.433+0000] {subprocess.py:106} INFO - 26/03/13 05:04:40 INFO MemoryStore: Block broadcast_1 stored as values in memory (estimated size 7.6 KiB, free 434.2 MiB)
[2026-03-13T05:04:40.450+0000] {subprocess.py:106} INFO - 26/03/13 05:04:40 INFO MemoryStore: Block broadcast_1_piece0 stored as bytes in memory (estimated size 4.4 KiB, free 434.2 MiB)
[2026-03-13T05:04:40.455+0000] {subprocess.py:106} INFO - 26/03/13 05:04:40 INFO BlockManagerInfo: Added broadcast_1_piece0 in memory on 499f1d118d82:34711 (size: 4.4 KiB, free: 434.4 MiB)
[2026-03-13T05:04:40.456+0000] {subprocess.py:106} INFO - 26/03/13 05:04:40 INFO SparkContext: Created broadcast 1 from broadcast at DAGScheduler.scala:1585
[2026-03-13T05:04:40.495+0000] {subprocess.py:106} INFO - 26/03/13 05:04:40 INFO DAGScheduler: Submitting 1 missing tasks from ResultStage 0 (MapPartitionsRDD[2] at csv at <unknown>:0) (first 15 tasks are for partitions Vector(0))
[2026-03-13T05:04:40.498+0000] {subprocess.py:106} INFO - 26/03/13 05:04:40 INFO TaskSchedulerImpl: Adding task set 0.0 with 1 tasks resource profile 0
[2026-03-13T05:04:43.288+0000] {subprocess.py:106} INFO - 26/03/13 05:04:43 INFO TaskSetManager: Starting task 0.0 in stage 0.0 (TID 0) (172.30.0.7, executor 0, partition 0, PROCESS_LOCAL, 10108 bytes)
[2026-03-13T05:04:43.537+0000] {subprocess.py:106} INFO - 26/03/13 05:04:43 INFO BlockManagerInfo: Added broadcast_1_piece0 in memory on 172.30.0.7:43917 (size: 4.4 KiB, free: 434.4 MiB)
[2026-03-13T05:04:43.789+0000] {subprocess.py:106} INFO - 26/03/13 05:04:43 INFO BlockManagerInfo: Added broadcast_0_piece0 in memory on 172.30.0.7:43917 (size: 36.1 KiB, free: 434.4 MiB)
[2026-03-13T05:04:45.381+0000] {subprocess.py:106} INFO - 26/03/13 05:04:45 INFO TaskSetManager: Finished task 0.0 in stage 0.0 (TID 0) in 2113 ms on 172.30.0.7 (executor 0) (1/1)
[2026-03-13T05:04:45.384+0000] {subprocess.py:106} INFO - 26/03/13 05:04:45 INFO TaskSchedulerImpl: Removed TaskSet 0.0, whose tasks have all completed, from pool
[2026-03-13T05:04:45.392+0000] {subprocess.py:106} INFO - 26/03/13 05:04:45 INFO DAGScheduler: ResultStage 0 (csv at <unknown>:0) finished in 4.965 s
[2026-03-13T05:04:45.399+0000] {subprocess.py:106} INFO - 26/03/13 05:04:45 INFO DAGScheduler: Job 0 is finished. Cancelling potential speculative or zombie tasks for this job
[2026-03-13T05:04:45.400+0000] {subprocess.py:106} INFO - 26/03/13 05:04:45 INFO TaskSchedulerImpl: Killing all running tasks in stage 0: Stage finished
[2026-03-13T05:04:45.403+0000] {subprocess.py:106} INFO - 26/03/13 05:04:45 INFO DAGScheduler: Job 0 finished: csv at <unknown>:0, took 5.034622 s
[2026-03-13T05:04:45.458+0000] {subprocess.py:106} INFO - 26/03/13 05:04:45 INFO SparkContext: Starting job: csv at <unknown>:0
[2026-03-13T05:04:45.460+0000] {subprocess.py:106} INFO - 26/03/13 05:04:45 INFO DAGScheduler: Got job 1 (csv at <unknown>:0) with 1 output partitions
[2026-03-13T05:04:45.461+0000] {subprocess.py:106} INFO - 26/03/13 05:04:45 INFO DAGScheduler: Final stage: ResultStage 1 (csv at <unknown>:0)
[2026-03-13T05:04:45.462+0000] {subprocess.py:106} INFO - 26/03/13 05:04:45 INFO DAGScheduler: Parents of final stage: List()
[2026-03-13T05:04:45.462+0000] {subprocess.py:106} INFO - 26/03/13 05:04:45 INFO DAGScheduler: Missing parents: List()
[2026-03-13T05:04:45.463+0000] {subprocess.py:106} INFO - 26/03/13 05:04:45 INFO DAGScheduler: Submitting ResultStage 1 (MapPartitionsRDD[3] at csv at <unknown>:0), which has no missing parents
[2026-03-13T05:04:45.468+0000] {subprocess.py:106} INFO - 26/03/13 05:04:45 INFO MemoryStore: Block broadcast_2 stored as values in memory (estimated size 10.1 KiB, free 434.1 MiB)
[2026-03-13T05:04:45.480+0000] {subprocess.py:106} INFO - 26/03/13 05:04:45 INFO MemoryStore: Block broadcast_2_piece0 stored as bytes in memory (estimated size 5.4 KiB, free 434.1 MiB)
[2026-03-13T05:04:45.484+0000] {subprocess.py:106} INFO - 26/03/13 05:04:45 INFO BlockManagerInfo: Added broadcast_2_piece0 in memory on 499f1d118d82:34711 (size: 5.4 KiB, free: 434.4 MiB)
[2026-03-13T05:04:45.484+0000] {subprocess.py:106} INFO - 26/03/13 05:04:45 INFO SparkContext: Created broadcast 2 from broadcast at DAGScheduler.scala:1585
[2026-03-13T05:04:45.485+0000] {subprocess.py:106} INFO - 26/03/13 05:04:45 INFO DAGScheduler: Submitting 1 missing tasks from ResultStage 1 (MapPartitionsRDD[3] at csv at <unknown>:0) (first 15 tasks are for partitions Vector(0))
[2026-03-13T05:04:45.486+0000] {subprocess.py:106} INFO - 26/03/13 05:04:45 INFO TaskSchedulerImpl: Adding task set 1.0 with 1 tasks resource profile 0
[2026-03-13T05:04:45.489+0000] {subprocess.py:106} INFO - 26/03/13 05:04:45 INFO TaskSetManager: Starting task 0.0 in stage 1.0 (TID 1) (172.30.0.7, executor 0, partition 0, PROCESS_LOCAL, 10108 bytes)
[2026-03-13T05:04:45.541+0000] {subprocess.py:106} INFO - 26/03/13 05:04:45 INFO BlockManagerInfo: Removed broadcast_1_piece0 on 499f1d118d82:34711 in memory (size: 4.4 KiB, free: 434.4 MiB)
[2026-03-13T05:04:45.545+0000] {subprocess.py:106} INFO - 26/03/13 05:04:45 INFO BlockManagerInfo: Removed broadcast_1_piece0 on 172.30.0.7:43917 in memory (size: 4.4 KiB, free: 434.4 MiB)
[2026-03-13T05:04:45.545+0000] {subprocess.py:106} INFO - 26/03/13 05:04:45 INFO BlockManagerInfo: Added broadcast_2_piece0 in memory on 172.30.0.7:43917 (size: 5.4 KiB, free: 434.4 MiB)
[2026-03-13T05:04:46.428+0000] {subprocess.py:106} INFO - 26/03/13 05:04:46 INFO TaskSetManager: Finished task 0.0 in stage 1.0 (TID 1) in 940 ms on 172.30.0.7 (executor 0) (1/1)
[2026-03-13T05:04:46.428+0000] {subprocess.py:106} INFO - 26/03/13 05:04:46 INFO TaskSchedulerImpl: Removed TaskSet 1.0, whose tasks have all completed, from pool
[2026-03-13T05:04:46.431+0000] {subprocess.py:106} INFO - 26/03/13 05:04:46 INFO DAGScheduler: ResultStage 1 (csv at <unknown>:0) finished in 0.963 s
[2026-03-13T05:04:46.431+0000] {subprocess.py:106} INFO - 26/03/13 05:04:46 INFO DAGScheduler: Job 1 is finished. Cancelling potential speculative or zombie tasks for this job
[2026-03-13T05:04:46.432+0000] {subprocess.py:106} INFO - 26/03/13 05:04:46 INFO TaskSchedulerImpl: Killing all running tasks in stage 1: Stage finished
[2026-03-13T05:04:46.438+0000] {subprocess.py:106} INFO - 26/03/13 05:04:46 INFO DAGScheduler: Job 1 finished: csv at <unknown>:0, took 0.979121 s
[2026-03-13T05:04:46.802+0000] {subprocess.py:106} INFO - 26/03/13 05:04:46 INFO BlockManagerInfo: Removed broadcast_2_piece0 on 499f1d118d82:34711 in memory (size: 5.4 KiB, free: 434.4 MiB)
[2026-03-13T05:04:46.806+0000] {subprocess.py:106} INFO - 26/03/13 05:04:46 INFO BlockManagerInfo: Removed broadcast_2_piece0 on 172.30.0.7:43917 in memory (size: 5.4 KiB, free: 434.4 MiB)
[2026-03-13T05:04:46.816+0000] {subprocess.py:106} INFO - 26/03/13 05:04:46 INFO BlockManagerInfo: Removed broadcast_0_piece0 on 499f1d118d82:34711 in memory (size: 36.1 KiB, free: 434.4 MiB)
[2026-03-13T05:04:46.819+0000] {subprocess.py:106} INFO - 26/03/13 05:04:46 INFO BlockManagerInfo: Removed broadcast_0_piece0 on 172.30.0.7:43917 in memory (size: 36.1 KiB, free: 434.4 MiB)
[2026-03-13T05:04:47.787+0000] {subprocess.py:106} INFO - 26/03/13 05:04:47 INFO FileSourceStrategy: Pushed Filters:
[2026-03-13T05:04:47.788+0000] {subprocess.py:106} INFO - 26/03/13 05:04:47 INFO FileSourceStrategy: Post-Scan Filters:
[2026-03-13T05:04:48.280+0000] {subprocess.py:106} INFO - 26/03/13 05:04:48 INFO CodeGenerator: Code generated in 268.94219 ms
[2026-03-13T05:04:48.288+0000] {subprocess.py:106} INFO - 26/03/13 05:04:48 INFO MemoryStore: Block broadcast_3 stored as values in memory (estimated size 205.7 KiB, free 434.2 MiB)
[2026-03-13T05:04:48.303+0000] {subprocess.py:106} INFO - 26/03/13 05:04:48 INFO MemoryStore: Block broadcast_3_piece0 stored as bytes in memory (estimated size 36.1 KiB, free 434.2 MiB)
[2026-03-13T05:04:48.305+0000] {subprocess.py:106} INFO - 26/03/13 05:04:48 INFO BlockManagerInfo: Added broadcast_3_piece0 in memory on 499f1d118d82:34711 (size: 36.1 KiB, free: 434.4 MiB)
[2026-03-13T05:04:48.307+0000] {subprocess.py:106} INFO - 26/03/13 05:04:48 INFO SparkContext: Created broadcast 3 from count at <unknown>:0
[2026-03-13T05:04:48.339+0000] {subprocess.py:106} INFO - 26/03/13 05:04:48 INFO FileSourceScanExec: Planning scan with bin packing, max size: 4194304 bytes, open cost is considered as scanning 4194304 bytes.
[2026-03-13T05:04:48.413+0000] {subprocess.py:106} INFO - 26/03/13 05:04:48 INFO DAGScheduler: Registering RDD 7 (count at <unknown>:0) as input to shuffle 0
[2026-03-13T05:04:48.419+0000] {subprocess.py:106} INFO - 26/03/13 05:04:48 INFO DAGScheduler: Got map stage job 2 (count at <unknown>:0) with 1 output partitions
[2026-03-13T05:04:48.420+0000] {subprocess.py:106} INFO - 26/03/13 05:04:48 INFO DAGScheduler: Final stage: ShuffleMapStage 2 (count at <unknown>:0)
[2026-03-13T05:04:48.421+0000] {subprocess.py:106} INFO - 26/03/13 05:04:48 INFO DAGScheduler: Parents of final stage: List()
[2026-03-13T05:04:48.424+0000] {subprocess.py:106} INFO - 26/03/13 05:04:48 INFO DAGScheduler: Missing parents: List()
[2026-03-13T05:04:48.427+0000] {subprocess.py:106} INFO - 26/03/13 05:04:48 INFO DAGScheduler: Submitting ShuffleMapStage 2 (MapPartitionsRDD[7] at count at <unknown>:0), which has no missing parents
[2026-03-13T05:04:48.470+0000] {subprocess.py:106} INFO - 26/03/13 05:04:48 INFO MemoryStore: Block broadcast_4 stored as values in memory (estimated size 18.1 KiB, free 434.1 MiB)
[2026-03-13T05:04:48.481+0000] {subprocess.py:106} INFO - 26/03/13 05:04:48 INFO MemoryStore: Block broadcast_4_piece0 stored as bytes in memory (estimated size 8.9 KiB, free 434.1 MiB)
[2026-03-13T05:04:48.483+0000] {subprocess.py:106} INFO - 26/03/13 05:04:48 INFO BlockManagerInfo: Added broadcast_4_piece0 in memory on 499f1d118d82:34711 (size: 8.9 KiB, free: 434.4 MiB)
[2026-03-13T05:04:48.486+0000] {subprocess.py:106} INFO - 26/03/13 05:04:48 INFO SparkContext: Created broadcast 4 from broadcast at DAGScheduler.scala:1585
[2026-03-13T05:04:48.488+0000] {subprocess.py:106} INFO - 26/03/13 05:04:48 INFO DAGScheduler: Submitting 1 missing tasks from ShuffleMapStage 2 (MapPartitionsRDD[7] at count at <unknown>:0) (first 15 tasks are for partitions Vector(0))
[2026-03-13T05:04:48.491+0000] {subprocess.py:106} INFO - 26/03/13 05:04:48 INFO TaskSchedulerImpl: Adding task set 2.0 with 1 tasks resource profile 0
[2026-03-13T05:04:48.495+0000] {subprocess.py:106} INFO - 26/03/13 05:04:48 INFO TaskSetManager: Starting task 0.0 in stage 2.0 (TID 2) (172.30.0.7, executor 0, partition 0, PROCESS_LOCAL, 10568 bytes)
[2026-03-13T05:04:48.539+0000] {subprocess.py:106} INFO - 26/03/13 05:04:48 INFO BlockManagerInfo: Added broadcast_4_piece0 in memory on 172.30.0.7:43917 (size: 8.9 KiB, free: 434.4 MiB)
[2026-03-13T05:04:49.106+0000] {subprocess.py:106} INFO - 26/03/13 05:04:49 INFO BlockManagerInfo: Added broadcast_3_piece0 in memory on 172.30.0.7:43917 (size: 36.1 KiB, free: 434.4 MiB)
[2026-03-13T05:04:49.287+0000] {subprocess.py:106} INFO - 26/03/13 05:04:49 INFO TaskSetManager: Finished task 0.0 in stage 2.0 (TID 2) in 798 ms on 172.30.0.7 (executor 0) (1/1)
[2026-03-13T05:04:49.288+0000] {subprocess.py:106} INFO - 26/03/13 05:04:49 INFO TaskSchedulerImpl: Removed TaskSet 2.0, whose tasks have all completed, from pool
[2026-03-13T05:04:49.290+0000] {subprocess.py:106} INFO - 26/03/13 05:04:49 INFO DAGScheduler: ShuffleMapStage 2 (count at <unknown>:0) finished in 0.858 s
[2026-03-13T05:04:49.292+0000] {subprocess.py:106} INFO - 26/03/13 05:04:49 INFO DAGScheduler: looking for newly runnable stages
[2026-03-13T05:04:49.293+0000] {subprocess.py:106} INFO - 26/03/13 05:04:49 INFO DAGScheduler: running: Set()
[2026-03-13T05:04:49.294+0000] {subprocess.py:106} INFO - 26/03/13 05:04:49 INFO DAGScheduler: waiting: Set()
[2026-03-13T05:04:49.295+0000] {subprocess.py:106} INFO - 26/03/13 05:04:49 INFO DAGScheduler: failed: Set()
[2026-03-13T05:04:49.341+0000] {subprocess.py:106} INFO - 26/03/13 05:04:49 INFO CodeGenerator: Code generated in 11.672848 ms
[2026-03-13T05:04:49.367+0000] {subprocess.py:106} INFO - 26/03/13 05:04:49 INFO SparkContext: Starting job: count at <unknown>:0
[2026-03-13T05:04:49.370+0000] {subprocess.py:106} INFO - 26/03/13 05:04:49 INFO DAGScheduler: Got job 3 (count at <unknown>:0) with 1 output partitions
[2026-03-13T05:04:49.371+0000] {subprocess.py:106} INFO - 26/03/13 05:04:49 INFO DAGScheduler: Final stage: ResultStage 4 (count at <unknown>:0)
[2026-03-13T05:04:49.372+0000] {subprocess.py:106} INFO - 26/03/13 05:04:49 INFO DAGScheduler: Parents of final stage: List(ShuffleMapStage 3)
[2026-03-13T05:04:49.373+0000] {subprocess.py:106} INFO - 26/03/13 05:04:49 INFO DAGScheduler: Missing parents: List()
[2026-03-13T05:04:49.373+0000] {subprocess.py:106} INFO - 26/03/13 05:04:49 INFO DAGScheduler: Submitting ResultStage 4 (MapPartitionsRDD[10] at count at <unknown>:0), which has no missing parents
[2026-03-13T05:04:49.383+0000] {subprocess.py:106} INFO - 26/03/13 05:04:49 INFO MemoryStore: Block broadcast_5 stored as values in memory (estimated size 12.5 KiB, free 434.1 MiB)
[2026-03-13T05:04:49.396+0000] {subprocess.py:106} INFO - 26/03/13 05:04:49 INFO MemoryStore: Block broadcast_5_piece0 stored as bytes in memory (estimated size 5.9 KiB, free 434.1 MiB)
[2026-03-13T05:04:49.400+0000] {subprocess.py:106} INFO - 26/03/13 05:04:49 INFO BlockManagerInfo: Added broadcast_5_piece0 in memory on 499f1d118d82:34711 (size: 5.9 KiB, free: 434.4 MiB)
[2026-03-13T05:04:49.402+0000] {subprocess.py:106} INFO - 26/03/13 05:04:49 INFO SparkContext: Created broadcast 5 from broadcast at DAGScheduler.scala:1585
[2026-03-13T05:04:49.413+0000] {subprocess.py:106} INFO - 26/03/13 05:04:49 INFO DAGScheduler: Submitting 1 missing tasks from ResultStage 4 (MapPartitionsRDD[10] at count at <unknown>:0) (first 15 tasks are for partitions Vector(0))
[2026-03-13T05:04:49.416+0000] {subprocess.py:106} INFO - 26/03/13 05:04:49 INFO TaskSchedulerImpl: Adding task set 4.0 with 1 tasks resource profile 0
[2026-03-13T05:04:49.417+0000] {subprocess.py:106} INFO - 26/03/13 05:04:49 INFO BlockManagerInfo: Removed broadcast_4_piece0 on 499f1d118d82:34711 in memory (size: 8.9 KiB, free: 434.4 MiB)
[2026-03-13T05:04:49.418+0000] {subprocess.py:106} INFO - 26/03/13 05:04:49 INFO BlockManagerInfo: Removed broadcast_4_piece0 on 172.30.0.7:43917 in memory (size: 8.9 KiB, free: 434.4 MiB)
[2026-03-13T05:04:49.426+0000] {subprocess.py:106} INFO - 26/03/13 05:04:49 INFO TaskSetManager: Starting task 0.0 in stage 4.0 (TID 3) (172.30.0.7, executor 0, partition 0, NODE_LOCAL, 9976 bytes)
[2026-03-13T05:04:49.463+0000] {subprocess.py:106} INFO - 26/03/13 05:04:49 INFO BlockManagerInfo: Added broadcast_5_piece0 in memory on 172.30.0.7:43917 (size: 5.9 KiB, free: 434.4 MiB)
[2026-03-13T05:04:49.492+0000] {subprocess.py:106} INFO - 26/03/13 05:04:49 INFO MapOutputTrackerMasterEndpoint: Asked to send map output locations for shuffle 0 to 172.30.0.7:55872
[2026-03-13T05:04:49.649+0000] {subprocess.py:106} INFO - 26/03/13 05:04:49 INFO TaskSetManager: Finished task 0.0 in stage 4.0 (TID 3) in 228 ms on 172.30.0.7 (executor 0) (1/1)
[2026-03-13T05:04:49.654+0000] {subprocess.py:106} INFO - 26/03/13 05:04:49 INFO TaskSchedulerImpl: Removed TaskSet 4.0, whose tasks have all completed, from pool
[2026-03-13T05:04:49.655+0000] {subprocess.py:106} INFO - 26/03/13 05:04:49 INFO DAGScheduler: ResultStage 4 (count at <unknown>:0) finished in 0.269 s
[2026-03-13T05:04:49.656+0000] {subprocess.py:106} INFO - 26/03/13 05:04:49 INFO DAGScheduler: Job 3 is finished. Cancelling potential speculative or zombie tasks for this job
[2026-03-13T05:04:49.656+0000] {subprocess.py:106} INFO - 26/03/13 05:04:49 INFO TaskSchedulerImpl: Killing all running tasks in stage 4: Stage finished
[2026-03-13T05:04:49.657+0000] {subprocess.py:106} INFO - 26/03/13 05:04:49 INFO DAGScheduler: Job 3 finished: count at <unknown>:0, took 0.284313 s
[2026-03-13T05:04:49.667+0000] {subprocess.py:106} INFO -  Record loaded from CSV: 8789
[2026-03-13T05:04:49.668+0000] {subprocess.py:106} INFO - root
[2026-03-13T05:04:49.669+0000] {subprocess.py:106} INFO -  |-- job_title: string (nullable = true)
[2026-03-13T05:04:49.670+0000] {subprocess.py:106} INFO -  |-- company_name: string (nullable = true)
[2026-03-13T05:04:49.670+0000] {subprocess.py:106} INFO -  |-- location: string (nullable = true)
[2026-03-13T05:04:49.670+0000] {subprocess.py:106} INFO -  |-- skills_required: string (nullable = true)
[2026-03-13T05:04:49.671+0000] {subprocess.py:106} INFO -  |-- date_posted: timestamp (nullable = true)
[2026-03-13T05:04:49.671+0000] {subprocess.py:106} INFO -  |-- job_link: string (nullable = true)
[2026-03-13T05:04:49.672+0000] {subprocess.py:106} INFO -  |-- job_category: string (nullable = true)
[2026-03-13T05:04:49.672+0000] {subprocess.py:106} INFO -  |-- work_mode: string (nullable = true)
[2026-03-13T05:04:49.673+0000] {subprocess.py:106} INFO -  |-- crawl_date: timestamp (nullable = true)
[2026-03-13T05:04:49.673+0000] {subprocess.py:106} INFO -  |-- date_only: date (nullable = true)
[2026-03-13T05:04:49.673+0000] {subprocess.py:106} INFO - 
[2026-03-13T05:04:49.979+0000] {subprocess.py:106} INFO - 26/03/13 05:04:49 INFO BlockManagerInfo: Removed broadcast_5_piece0 on 499f1d118d82:34711 in memory (size: 5.9 KiB, free: 434.4 MiB)
[2026-03-13T05:04:49.981+0000] {subprocess.py:106} INFO - 26/03/13 05:04:49 INFO BlockManagerInfo: Removed broadcast_5_piece0 on 172.30.0.7:43917 in memory (size: 5.9 KiB, free: 434.4 MiB)
[2026-03-13T05:04:50.095+0000] {subprocess.py:106} INFO - 26/03/13 05:04:50 INFO HiveConf: Found configuration file null
[2026-03-13T05:04:50.281+0000] {subprocess.py:106} INFO - 26/03/13 05:04:50 INFO metastore: Trying to connect to metastore with URI thrift://hive-metastore:9083
[2026-03-13T05:04:50.307+0000] {subprocess.py:106} INFO - 26/03/13 05:04:50 INFO metastore: Opened a connection to metastore, current connections: 1
[2026-03-13T05:04:50.351+0000] {subprocess.py:106} INFO - 26/03/13 05:04:50 INFO metastore: Connected to metastore.
[2026-03-13T05:04:51.109+0000] {subprocess.py:106} INFO - 26/03/13 05:04:51 INFO BaseMetastoreTableOperations: Refreshing table metadata from new version: s3a://warehouse/iceberg_data/bronze.db/it_jobs_raw/metadata/00012-3177b598-513f-4b3c-96c7-8226e086ff34.metadata.json
[2026-03-13T05:04:51.634+0000] {subprocess.py:106} INFO - 26/03/13 05:04:51 INFO BlockManagerInfo: Removed broadcast_3_piece0 on 172.30.0.7:43917 in memory (size: 36.1 KiB, free: 434.4 MiB)
[2026-03-13T05:04:51.646+0000] {subprocess.py:106} INFO - 26/03/13 05:04:51 INFO BlockManagerInfo: Removed broadcast_3_piece0 on 499f1d118d82:34711 in memory (size: 36.1 KiB, free: 434.4 MiB)
[2026-03-13T05:04:51.725+0000] {subprocess.py:106} INFO - 26/03/13 05:04:51 INFO BaseMetastoreCatalog: Table loaded by catalog: iceberg.bronze.it_jobs_raw
[2026-03-13T05:04:51.732+0000] {subprocess.py:106} INFO - Table iceberg.bronze.it_jobs_raw exists. Checking for new records...
[2026-03-13T05:04:51.940+0000] {subprocess.py:106} INFO - 26/03/13 05:04:51 INFO V2ScanRelationPushDown:
[2026-03-13T05:04:51.941+0000] {subprocess.py:106} INFO - Pushing operators to iceberg.bronze.it_jobs_raw
[2026-03-13T05:04:51.941+0000] {subprocess.py:106} INFO - Pushed Filters: job_link IS NOT NULL
[2026-03-13T05:04:51.942+0000] {subprocess.py:106} INFO - Post-Scan Filters: isnotnull(job_link#79)
[2026-03-13T05:04:51.942+0000] {subprocess.py:106} INFO - 
[2026-03-13T05:04:51.991+0000] {subprocess.py:106} INFO - 26/03/13 05:04:51 INFO V2ScanRelationPushDown:
[2026-03-13T05:04:51.992+0000] {subprocess.py:106} INFO - Output: job_link#79
[2026-03-13T05:04:51.993+0000] {subprocess.py:106} INFO - 
[2026-03-13T05:04:52.007+0000] {subprocess.py:106} INFO - 26/03/13 05:04:52 INFO SnapshotScan: Scanning table iceberg.bronze.it_jobs_raw snapshot 226778563153289689 created at 2026-03-11T06:25:43.406+00:00 with filter job_link IS NOT NULL
[2026-03-13T05:04:52.228+0000] {subprocess.py:106} INFO - 26/03/13 05:04:52 INFO BaseDistributedDataScan: Planning file tasks locally for table iceberg.bronze.it_jobs_raw
[2026-03-13T05:04:52.485+0000] {subprocess.py:106} INFO - 26/03/13 05:04:52 INFO SparkPartitioningAwareScan: Reporting UnknownPartitioning with 4 partition(s) for table iceberg.bronze.it_jobs_raw
[2026-03-13T05:04:52.543+0000] {subprocess.py:106} INFO - 26/03/13 05:04:52 INFO FileSourceStrategy: Pushed Filters:
[2026-03-13T05:04:52.543+0000] {subprocess.py:106} INFO - 26/03/13 05:04:52 INFO FileSourceStrategy: Post-Scan Filters:
[2026-03-13T05:04:52.558+0000] {subprocess.py:106} INFO - 26/03/13 05:04:52 INFO MemoryStore: Block broadcast_6 stored as values in memory (estimated size 32.0 KiB, free 434.4 MiB)
[2026-03-13T05:04:52.585+0000] {subprocess.py:106} INFO - 26/03/13 05:04:52 INFO MemoryStore: Block broadcast_6_piece0 stored as bytes in memory (estimated size 30.2 KiB, free 434.3 MiB)
[2026-03-13T05:04:52.588+0000] {subprocess.py:106} INFO - 26/03/13 05:04:52 INFO BlockManagerInfo: Added broadcast_6_piece0 in memory on 499f1d118d82:34711 (size: 30.2 KiB, free: 434.4 MiB)
[2026-03-13T05:04:52.589+0000] {subprocess.py:106} INFO - 26/03/13 05:04:52 INFO SparkContext: Created broadcast 6 from broadcast at SparkBatch.java:79
[2026-03-13T05:04:52.611+0000] {subprocess.py:106} INFO - 26/03/13 05:04:52 INFO MemoryStore: Block broadcast_7 stored as values in memory (estimated size 32.0 KiB, free 434.3 MiB)
[2026-03-13T05:04:52.614+0000] {subprocess.py:106} INFO - 26/03/13 05:04:52 INFO MemoryStore: Block broadcast_7_piece0 stored as bytes in memory (estimated size 30.2 KiB, free 434.3 MiB)
[2026-03-13T05:04:52.618+0000] {subprocess.py:106} INFO - 26/03/13 05:04:52 INFO BlockManagerInfo: Added broadcast_7_piece0 in memory on 499f1d118d82:34711 (size: 30.2 KiB, free: 434.3 MiB)
[2026-03-13T05:04:52.619+0000] {subprocess.py:106} INFO - 26/03/13 05:04:52 INFO SparkContext: Created broadcast 7 from broadcast at SparkBatch.java:79
[2026-03-13T05:04:52.706+0000] {subprocess.py:106} INFO - 26/03/13 05:04:52 INFO CodeGenerator: Code generated in 17.786126 ms
[2026-03-13T05:04:52.726+0000] {subprocess.py:106} INFO - 26/03/13 05:04:52 INFO SparkContext: Starting job: $anonfun$withThreadLocalCaptured$1 at <unknown>:0
[2026-03-13T05:04:52.727+0000] {subprocess.py:106} INFO - 26/03/13 05:04:52 INFO DAGScheduler: Got job 4 ($anonfun$withThreadLocalCaptured$1 at <unknown>:0) with 4 output partitions
[2026-03-13T05:04:52.729+0000] {subprocess.py:106} INFO - 26/03/13 05:04:52 INFO DAGScheduler: Final stage: ResultStage 5 ($anonfun$withThreadLocalCaptured$1 at <unknown>:0)
[2026-03-13T05:04:52.731+0000] {subprocess.py:106} INFO - 26/03/13 05:04:52 INFO DAGScheduler: Parents of final stage: List()
[2026-03-13T05:04:52.732+0000] {subprocess.py:106} INFO - 26/03/13 05:04:52 INFO DAGScheduler: Missing parents: List()
[2026-03-13T05:04:52.733+0000] {subprocess.py:106} INFO - 26/03/13 05:04:52 INFO DAGScheduler: Submitting ResultStage 5 (MapPartitionsRDD[14] at $anonfun$withThreadLocalCaptured$1 at <unknown>:0), which has no missing parents
[2026-03-13T05:04:52.733+0000] {subprocess.py:106} INFO - 26/03/13 05:04:52 INFO MemoryStore: Block broadcast_8 stored as values in memory (estimated size 13.8 KiB, free 434.3 MiB)
[2026-03-13T05:04:52.746+0000] {subprocess.py:106} INFO - 26/03/13 05:04:52 INFO MemoryStore: Block broadcast_8_piece0 stored as bytes in memory (estimated size 5.5 KiB, free 434.3 MiB)
[2026-03-13T05:04:52.748+0000] {subprocess.py:106} INFO - 26/03/13 05:04:52 INFO BlockManagerInfo: Added broadcast_8_piece0 in memory on 499f1d118d82:34711 (size: 5.5 KiB, free: 434.3 MiB)
[2026-03-13T05:04:52.751+0000] {subprocess.py:106} INFO - 26/03/13 05:04:52 INFO SparkContext: Created broadcast 8 from broadcast at DAGScheduler.scala:1585
[2026-03-13T05:04:52.752+0000] {subprocess.py:106} INFO - 26/03/13 05:04:52 INFO DAGScheduler: Submitting 4 missing tasks from ResultStage 5 (MapPartitionsRDD[14] at $anonfun$withThreadLocalCaptured$1 at <unknown>:0) (first 15 tasks are for partitions Vector(0, 1, 2, 3))
[2026-03-13T05:04:52.753+0000] {subprocess.py:106} INFO - 26/03/13 05:04:52 INFO TaskSchedulerImpl: Adding task set 5.0 with 4 tasks resource profile 0
[2026-03-13T05:04:52.773+0000] {subprocess.py:106} INFO - 26/03/13 05:04:52 INFO TaskSetManager: Starting task 0.0 in stage 5.0 (TID 4) (172.30.0.7, executor 0, partition 0, PROCESS_LOCAL, 16345 bytes)
[2026-03-13T05:04:53.161+0000] {subprocess.py:106} INFO - 26/03/13 05:04:53 INFO BlockManagerInfo: Added broadcast_8_piece0 in memory on 172.30.0.7:43917 (size: 5.5 KiB, free: 434.4 MiB)
[2026-03-13T05:04:53.215+0000] {subprocess.py:106} INFO - 26/03/13 05:04:53 INFO BlockManagerInfo: Added broadcast_7_piece0 in memory on 172.30.0.7:43917 (size: 30.2 KiB, free: 434.4 MiB)
[2026-03-13T05:04:54.566+0000] {subprocess.py:106} INFO - 26/03/13 05:04:54 INFO TaskSetManager: Starting task 1.0 in stage 5.0 (TID 5) (172.30.0.7, executor 0, partition 1, PROCESS_LOCAL, 16338 bytes)
[2026-03-13T05:04:54.572+0000] {subprocess.py:106} INFO - 26/03/13 05:04:54 INFO TaskSetManager: Finished task 0.0 in stage 5.0 (TID 4) in 1819 ms on 172.30.0.7 (executor 0) (1/4)
[2026-03-13T05:04:54.800+0000] {subprocess.py:106} INFO - 26/03/13 05:04:54 INFO TaskSetManager: Starting task 2.0 in stage 5.0 (TID 6) (172.30.0.7, executor 0, partition 2, PROCESS_LOCAL, 16345 bytes)
[2026-03-13T05:04:54.801+0000] {subprocess.py:106} INFO - 26/03/13 05:04:54 INFO TaskSetManager: Finished task 1.0 in stage 5.0 (TID 5) in 240 ms on 172.30.0.7 (executor 0) (2/4)
[2026-03-13T05:04:55.032+0000] {subprocess.py:106} INFO - 26/03/13 05:04:55 INFO TaskSetManager: Starting task 3.0 in stage 5.0 (TID 7) (172.30.0.7, executor 0, partition 3, PROCESS_LOCAL, 14966 bytes)
[2026-03-13T05:04:55.033+0000] {subprocess.py:106} INFO - 26/03/13 05:04:55 INFO TaskSetManager: Finished task 2.0 in stage 5.0 (TID 6) in 237 ms on 172.30.0.7 (executor 0) (3/4)
[2026-03-13T05:04:55.157+0000] {subprocess.py:106} INFO - 26/03/13 05:04:55 INFO TaskSetManager: Finished task 3.0 in stage 5.0 (TID 7) in 127 ms on 172.30.0.7 (executor 0) (4/4)
[2026-03-13T05:04:55.158+0000] {subprocess.py:106} INFO - 26/03/13 05:04:55 INFO TaskSchedulerImpl: Removed TaskSet 5.0, whose tasks have all completed, from pool
[2026-03-13T05:04:55.159+0000] {subprocess.py:106} INFO - 26/03/13 05:04:55 INFO DAGScheduler: ResultStage 5 ($anonfun$withThreadLocalCaptured$1 at <unknown>:0) finished in 2.427 s
[2026-03-13T05:04:55.160+0000] {subprocess.py:106} INFO - 26/03/13 05:04:55 INFO DAGScheduler: Job 4 is finished. Cancelling potential speculative or zombie tasks for this job
[2026-03-13T05:04:55.160+0000] {subprocess.py:106} INFO - 26/03/13 05:04:55 INFO TaskSchedulerImpl: Killing all running tasks in stage 5: Stage finished
[2026-03-13T05:04:55.161+0000] {subprocess.py:106} INFO - 26/03/13 05:04:55 INFO DAGScheduler: Job 4 finished: $anonfun$withThreadLocalCaptured$1 at <unknown>:0, took 2.433269 s
[2026-03-13T05:04:55.190+0000] {subprocess.py:106} INFO - 26/03/13 05:04:55 INFO CodeGenerator: Code generated in 9.626551 ms
[2026-03-13T05:04:55.205+0000] {subprocess.py:106} INFO - 26/03/13 05:04:55 INFO BlockManagerInfo: Removed broadcast_8_piece0 on 499f1d118d82:34711 in memory (size: 5.5 KiB, free: 434.3 MiB)
[2026-03-13T05:04:55.212+0000] {subprocess.py:106} INFO - 26/03/13 05:04:55 INFO BlockManagerInfo: Removed broadcast_8_piece0 on 172.30.0.7:43917 in memory (size: 5.5 KiB, free: 434.4 MiB)
[2026-03-13T05:04:55.284+0000] {subprocess.py:106} INFO - 26/03/13 05:04:55 INFO MemoryStore: Block broadcast_9_piece0 stored as bytes in memory (estimated size 507.0 KiB, free 433.8 MiB)
[2026-03-13T05:04:55.285+0000] {subprocess.py:106} INFO - 26/03/13 05:04:55 INFO BlockManagerInfo: Added broadcast_9_piece0 in memory on 499f1d118d82:34711 (size: 507.0 KiB, free: 433.8 MiB)
[2026-03-13T05:04:55.287+0000] {subprocess.py:106} INFO - 26/03/13 05:04:55 INFO SparkContext: Created broadcast 9 from $anonfun$withThreadLocalCaptured$1 at <unknown>:0
[2026-03-13T05:04:55.296+0000] {subprocess.py:106} INFO - 26/03/13 05:04:55 INFO FileSourceStrategy: Pushed Filters:
[2026-03-13T05:04:55.300+0000] {subprocess.py:106} INFO - 26/03/13 05:04:55 INFO FileSourceStrategy: Post-Scan Filters:
[2026-03-13T05:04:55.357+0000] {subprocess.py:106} INFO - 26/03/13 05:04:55 INFO CodeGenerator: Code generated in 17.052246 ms
[2026-03-13T05:04:55.362+0000] {subprocess.py:106} INFO - 26/03/13 05:04:55 INFO MemoryStore: Block broadcast_10 stored as values in memory (estimated size 205.7 KiB, free 433.6 MiB)
[2026-03-13T05:04:55.380+0000] {subprocess.py:106} INFO - 26/03/13 05:04:55 INFO MemoryStore: Block broadcast_10_piece0 stored as bytes in memory (estimated size 36.1 KiB, free 433.5 MiB)
[2026-03-13T05:04:55.382+0000] {subprocess.py:106} INFO - 26/03/13 05:04:55 INFO BlockManagerInfo: Added broadcast_10_piece0 in memory on 499f1d118d82:34711 (size: 36.1 KiB, free: 433.8 MiB)
[2026-03-13T05:04:55.383+0000] {subprocess.py:106} INFO - 26/03/13 05:04:55 INFO SparkContext: Created broadcast 10 from count at <unknown>:0
[2026-03-13T05:04:55.385+0000] {subprocess.py:106} INFO - 26/03/13 05:04:55 INFO FileSourceScanExec: Planning scan with bin packing, max size: 4194304 bytes, open cost is considered as scanning 4194304 bytes.
[2026-03-13T05:04:55.393+0000] {subprocess.py:106} INFO - 26/03/13 05:04:55 INFO DAGScheduler: Registering RDD 18 (count at <unknown>:0) as input to shuffle 1
[2026-03-13T05:04:55.394+0000] {subprocess.py:106} INFO - 26/03/13 05:04:55 INFO DAGScheduler: Got map stage job 5 (count at <unknown>:0) with 1 output partitions
[2026-03-13T05:04:55.394+0000] {subprocess.py:106} INFO - 26/03/13 05:04:55 INFO DAGScheduler: Final stage: ShuffleMapStage 6 (count at <unknown>:0)
[2026-03-13T05:04:55.395+0000] {subprocess.py:106} INFO - 26/03/13 05:04:55 INFO DAGScheduler: Parents of final stage: List()
[2026-03-13T05:04:55.396+0000] {subprocess.py:106} INFO - 26/03/13 05:04:55 INFO DAGScheduler: Missing parents: List()
[2026-03-13T05:04:55.397+0000] {subprocess.py:106} INFO - 26/03/13 05:04:55 INFO DAGScheduler: Submitting ShuffleMapStage 6 (MapPartitionsRDD[18] at count at <unknown>:0), which has no missing parents
[2026-03-13T05:04:55.401+0000] {subprocess.py:106} INFO - 26/03/13 05:04:55 INFO MemoryStore: Block broadcast_11 stored as values in memory (estimated size 20.2 KiB, free 433.5 MiB)
[2026-03-13T05:04:55.403+0000] {subprocess.py:106} INFO - 26/03/13 05:04:55 INFO MemoryStore: Block broadcast_11_piece0 stored as bytes in memory (estimated size 9.8 KiB, free 433.5 MiB)
[2026-03-13T05:04:55.404+0000] {subprocess.py:106} INFO - 26/03/13 05:04:55 INFO BlockManagerInfo: Added broadcast_11_piece0 in memory on 499f1d118d82:34711 (size: 9.8 KiB, free: 433.8 MiB)
[2026-03-13T05:04:55.405+0000] {subprocess.py:106} INFO - 26/03/13 05:04:55 INFO SparkContext: Created broadcast 11 from broadcast at DAGScheduler.scala:1585
[2026-03-13T05:04:55.406+0000] {subprocess.py:106} INFO - 26/03/13 05:04:55 INFO DAGScheduler: Submitting 1 missing tasks from ShuffleMapStage 6 (MapPartitionsRDD[18] at count at <unknown>:0) (first 15 tasks are for partitions Vector(0))
[2026-03-13T05:04:55.406+0000] {subprocess.py:106} INFO - 26/03/13 05:04:55 INFO TaskSchedulerImpl: Adding task set 6.0 with 1 tasks resource profile 0
[2026-03-13T05:04:55.408+0000] {subprocess.py:106} INFO - 26/03/13 05:04:55 INFO TaskSetManager: Starting task 0.0 in stage 6.0 (TID 8) (172.30.0.7, executor 0, partition 0, PROCESS_LOCAL, 10568 bytes)
[2026-03-13T05:04:55.435+0000] {subprocess.py:106} INFO - 26/03/13 05:04:55 INFO BlockManagerInfo: Added broadcast_11_piece0 in memory on 172.30.0.7:43917 (size: 9.8 KiB, free: 434.4 MiB)
[2026-03-13T05:04:55.479+0000] {subprocess.py:106} INFO - 26/03/13 05:04:55 INFO BlockManagerInfo: Added broadcast_9_piece0 in memory on 172.30.0.7:43917 (size: 507.0 KiB, free: 433.9 MiB)
[2026-03-13T05:04:55.597+0000] {subprocess.py:106} INFO - 26/03/13 05:04:55 INFO BlockManagerInfo: Added broadcast_10_piece0 in memory on 172.30.0.7:43917 (size: 36.1 KiB, free: 433.8 MiB)
[2026-03-13T05:04:55.724+0000] {subprocess.py:106} INFO - 26/03/13 05:04:55 INFO TaskSetManager: Finished task 0.0 in stage 6.0 (TID 8) in 314 ms on 172.30.0.7 (executor 0) (1/1)
[2026-03-13T05:04:55.724+0000] {subprocess.py:106} INFO - 26/03/13 05:04:55 INFO TaskSchedulerImpl: Removed TaskSet 6.0, whose tasks have all completed, from pool
[2026-03-13T05:04:55.725+0000] {subprocess.py:106} INFO - 26/03/13 05:04:55 INFO DAGScheduler: ShuffleMapStage 6 (count at <unknown>:0) finished in 0.325 s
[2026-03-13T05:04:55.725+0000] {subprocess.py:106} INFO - 26/03/13 05:04:55 INFO DAGScheduler: looking for newly runnable stages
[2026-03-13T05:04:55.726+0000] {subprocess.py:106} INFO - 26/03/13 05:04:55 INFO DAGScheduler: running: Set()
[2026-03-13T05:04:55.726+0000] {subprocess.py:106} INFO - 26/03/13 05:04:55 INFO DAGScheduler: waiting: Set()
[2026-03-13T05:04:55.727+0000] {subprocess.py:106} INFO - 26/03/13 05:04:55 INFO DAGScheduler: failed: Set()
[2026-03-13T05:04:55.761+0000] {subprocess.py:106} INFO - 26/03/13 05:04:55 INFO CodeGenerator: Code generated in 16.120882 ms
[2026-03-13T05:04:55.777+0000] {subprocess.py:106} INFO - 26/03/13 05:04:55 INFO SparkContext: Starting job: count at <unknown>:0
[2026-03-13T05:04:55.778+0000] {subprocess.py:106} INFO - 26/03/13 05:04:55 INFO DAGScheduler: Got job 6 (count at <unknown>:0) with 1 output partitions
[2026-03-13T05:04:55.779+0000] {subprocess.py:106} INFO - 26/03/13 05:04:55 INFO DAGScheduler: Final stage: ResultStage 8 (count at <unknown>:0)
[2026-03-13T05:04:55.780+0000] {subprocess.py:106} INFO - 26/03/13 05:04:55 INFO DAGScheduler: Parents of final stage: List(ShuffleMapStage 7)
[2026-03-13T05:04:55.781+0000] {subprocess.py:106} INFO - 26/03/13 05:04:55 INFO DAGScheduler: Missing parents: List()
[2026-03-13T05:04:55.781+0000] {subprocess.py:106} INFO - 26/03/13 05:04:55 INFO DAGScheduler: Submitting ResultStage 8 (MapPartitionsRDD[21] at count at <unknown>:0), which has no missing parents
[2026-03-13T05:04:55.784+0000] {subprocess.py:106} INFO - 26/03/13 05:04:55 INFO MemoryStore: Block broadcast_12 stored as values in memory (estimated size 12.5 KiB, free 433.5 MiB)
[2026-03-13T05:04:55.798+0000] {subprocess.py:106} INFO - 26/03/13 05:04:55 INFO MemoryStore: Block broadcast_12_piece0 stored as bytes in memory (estimated size 5.9 KiB, free 433.5 MiB)
[2026-03-13T05:04:55.800+0000] {subprocess.py:106} INFO - 26/03/13 05:04:55 INFO BlockManagerInfo: Added broadcast_12_piece0 in memory on 499f1d118d82:34711 (size: 5.9 KiB, free: 433.8 MiB)
[2026-03-13T05:04:55.801+0000] {subprocess.py:106} INFO - 26/03/13 05:04:55 INFO SparkContext: Created broadcast 12 from broadcast at DAGScheduler.scala:1585
[2026-03-13T05:04:55.802+0000] {subprocess.py:106} INFO - 26/03/13 05:04:55 INFO DAGScheduler: Submitting 1 missing tasks from ResultStage 8 (MapPartitionsRDD[21] at count at <unknown>:0) (first 15 tasks are for partitions Vector(0))
[2026-03-13T05:04:55.803+0000] {subprocess.py:106} INFO - 26/03/13 05:04:55 INFO TaskSchedulerImpl: Adding task set 8.0 with 1 tasks resource profile 0
[2026-03-13T05:04:55.806+0000] {subprocess.py:106} INFO - 26/03/13 05:04:55 INFO TaskSetManager: Starting task 0.0 in stage 8.0 (TID 9) (172.30.0.7, executor 0, partition 0, NODE_LOCAL, 9976 bytes)
[2026-03-13T05:04:55.808+0000] {subprocess.py:106} INFO - 26/03/13 05:04:55 INFO BlockManagerInfo: Removed broadcast_11_piece0 on 499f1d118d82:34711 in memory (size: 9.8 KiB, free: 433.8 MiB)
[2026-03-13T05:04:55.809+0000] {subprocess.py:106} INFO - 26/03/13 05:04:55 INFO BlockManagerInfo: Removed broadcast_11_piece0 on 172.30.0.7:43917 in memory (size: 9.8 KiB, free: 433.8 MiB)
[2026-03-13T05:04:55.826+0000] {subprocess.py:106} INFO - 26/03/13 05:04:55 INFO BlockManagerInfo: Added broadcast_12_piece0 in memory on 172.30.0.7:43917 (size: 5.9 KiB, free: 433.8 MiB)
[2026-03-13T05:04:55.837+0000] {subprocess.py:106} INFO - 26/03/13 05:04:55 INFO MapOutputTrackerMasterEndpoint: Asked to send map output locations for shuffle 1 to 172.30.0.7:55872
[2026-03-13T05:04:55.887+0000] {subprocess.py:106} INFO - 26/03/13 05:04:55 INFO TaskSetManager: Finished task 0.0 in stage 8.0 (TID 9) in 84 ms on 172.30.0.7 (executor 0) (1/1)
[2026-03-13T05:04:55.892+0000] {subprocess.py:106} INFO - 26/03/13 05:04:55 INFO TaskSchedulerImpl: Removed TaskSet 8.0, whose tasks have all completed, from pool
[2026-03-13T05:04:55.893+0000] {subprocess.py:106} INFO - 26/03/13 05:04:55 INFO DAGScheduler: ResultStage 8 (count at <unknown>:0) finished in 0.108 s
[2026-03-13T05:04:55.896+0000] {subprocess.py:106} INFO - 26/03/13 05:04:55 INFO DAGScheduler: Job 6 is finished. Cancelling potential speculative or zombie tasks for this job
[2026-03-13T05:04:55.896+0000] {subprocess.py:106} INFO - 26/03/13 05:04:55 INFO TaskSchedulerImpl: Killing all running tasks in stage 8: Stage finished
[2026-03-13T05:04:55.897+0000] {subprocess.py:106} INFO - 26/03/13 05:04:55 INFO DAGScheduler: Job 6 finished: count at <unknown>:0, took 0.118408 s
[2026-03-13T05:04:55.899+0000] {subprocess.py:106} INFO -  New records to append: 95
[2026-03-13T05:04:55.982+0000] {subprocess.py:106} INFO - 26/03/13 05:04:55 INFO V2ScanRelationPushDown:
[2026-03-13T05:04:55.983+0000] {subprocess.py:106} INFO - Pushing operators to iceberg.bronze.it_jobs_raw
[2026-03-13T05:04:55.983+0000] {subprocess.py:106} INFO - Pushed Filters: job_link IS NOT NULL
[2026-03-13T05:04:55.984+0000] {subprocess.py:106} INFO - Post-Scan Filters: isnotnull(job_link#79)
[2026-03-13T05:04:55.984+0000] {subprocess.py:106} INFO - 
[2026-03-13T05:04:55.985+0000] {subprocess.py:106} INFO - 26/03/13 05:04:55 INFO V2ScanRelationPushDown:
[2026-03-13T05:04:55.985+0000] {subprocess.py:106} INFO - Output: job_link#79
[2026-03-13T05:04:55.986+0000] {subprocess.py:106} INFO - 
[2026-03-13T05:04:55.987+0000] {subprocess.py:106} INFO - 26/03/13 05:04:55 INFO SnapshotScan: Scanning table iceberg.bronze.it_jobs_raw snapshot 226778563153289689 created at 2026-03-11T06:25:43.406+00:00 with filter job_link IS NOT NULL
[2026-03-13T05:04:55.988+0000] {subprocess.py:106} INFO - 26/03/13 05:04:55 INFO BaseDistributedDataScan: Planning file tasks locally for table iceberg.bronze.it_jobs_raw
[2026-03-13T05:04:56.062+0000] {subprocess.py:106} INFO - 26/03/13 05:04:56 INFO SparkPartitioningAwareScan: Reporting UnknownPartitioning with 4 partition(s) for table iceberg.bronze.it_jobs_raw
[2026-03-13T05:04:56.089+0000] {subprocess.py:106} INFO - 26/03/13 05:04:56 INFO SparkWrite: Requesting 0 bytes advisory partition size for table iceberg.bronze.it_jobs_raw
[2026-03-13T05:04:56.089+0000] {subprocess.py:106} INFO - 26/03/13 05:04:56 INFO SparkWrite: Requesting UnspecifiedDistribution as write distribution for table iceberg.bronze.it_jobs_raw
[2026-03-13T05:04:56.090+0000] {subprocess.py:106} INFO - 26/03/13 05:04:56 INFO SparkWrite: Requesting [] as write ordering for table iceberg.bronze.it_jobs_raw
[2026-03-13T05:04:56.115+0000] {subprocess.py:106} INFO - 26/03/13 05:04:56 INFO BlockManagerInfo: Removed broadcast_12_piece0 on 499f1d118d82:34711 in memory (size: 5.9 KiB, free: 433.8 MiB)
[2026-03-13T05:04:56.118+0000] {subprocess.py:106} INFO - 26/03/13 05:04:56 INFO BlockManagerInfo: Removed broadcast_12_piece0 on 172.30.0.7:43917 in memory (size: 5.9 KiB, free: 433.8 MiB)
[2026-03-13T05:04:56.119+0000] {subprocess.py:106} INFO - 26/03/13 05:04:56 INFO FileSourceStrategy: Pushed Filters:
[2026-03-13T05:04:56.120+0000] {subprocess.py:106} INFO - 26/03/13 05:04:56 INFO FileSourceStrategy: Post-Scan Filters:
[2026-03-13T05:04:56.123+0000] {subprocess.py:106} INFO - 26/03/13 05:04:56 INFO MemoryStore: Block broadcast_13 stored as values in memory (estimated size 32.0 KiB, free 433.5 MiB)
[2026-03-13T05:04:56.134+0000] {subprocess.py:106} INFO - 26/03/13 05:04:56 INFO MemoryStore: Block broadcast_13_piece0 stored as bytes in memory (estimated size 30.2 KiB, free 433.5 MiB)
[2026-03-13T05:04:56.135+0000] {subprocess.py:106} INFO - 26/03/13 05:04:56 INFO BlockManagerInfo: Added broadcast_13_piece0 in memory on 499f1d118d82:34711 (size: 30.2 KiB, free: 433.8 MiB)
[2026-03-13T05:04:56.140+0000] {subprocess.py:106} INFO - 26/03/13 05:04:56 INFO SparkContext: Created broadcast 13 from broadcast at SparkBatch.java:79
[2026-03-13T05:04:56.145+0000] {subprocess.py:106} INFO - 26/03/13 05:04:56 INFO MemoryStore: Block broadcast_14 stored as values in memory (estimated size 32.0 KiB, free 433.5 MiB)
[2026-03-13T05:04:56.150+0000] {subprocess.py:106} INFO - 26/03/13 05:04:56 INFO MemoryStore: Block broadcast_14_piece0 stored as bytes in memory (estimated size 30.2 KiB, free 433.4 MiB)
[2026-03-13T05:04:56.151+0000] {subprocess.py:106} INFO - 26/03/13 05:04:56 INFO BlockManagerInfo: Added broadcast_14_piece0 in memory on 499f1d118d82:34711 (size: 30.2 KiB, free: 433.8 MiB)
[2026-03-13T05:04:56.152+0000] {subprocess.py:106} INFO - 26/03/13 05:04:56 INFO SparkContext: Created broadcast 14 from broadcast at SparkBatch.java:79
[2026-03-13T05:04:56.193+0000] {subprocess.py:106} INFO - 26/03/13 05:04:56 INFO BlockManagerInfo: Removed broadcast_6_piece0 on 499f1d118d82:34711 in memory (size: 30.2 KiB, free: 433.8 MiB)
[2026-03-13T05:04:56.215+0000] {subprocess.py:106} INFO - 26/03/13 05:04:56 INFO SparkContext: Starting job: $anonfun$withThreadLocalCaptured$1 at <unknown>:0
[2026-03-13T05:04:56.216+0000] {subprocess.py:106} INFO - 26/03/13 05:04:56 INFO DAGScheduler: Got job 7 ($anonfun$withThreadLocalCaptured$1 at <unknown>:0) with 4 output partitions
[2026-03-13T05:04:56.217+0000] {subprocess.py:106} INFO - 26/03/13 05:04:56 INFO DAGScheduler: Final stage: ResultStage 9 ($anonfun$withThreadLocalCaptured$1 at <unknown>:0)
[2026-03-13T05:04:56.217+0000] {subprocess.py:106} INFO - 26/03/13 05:04:56 INFO DAGScheduler: Parents of final stage: List()
[2026-03-13T05:04:56.218+0000] {subprocess.py:106} INFO - 26/03/13 05:04:56 INFO DAGScheduler: Missing parents: List()
[2026-03-13T05:04:56.219+0000] {subprocess.py:106} INFO - 26/03/13 05:04:56 INFO DAGScheduler: Submitting ResultStage 9 (MapPartitionsRDD[25] at $anonfun$withThreadLocalCaptured$1 at <unknown>:0), which has no missing parents
[2026-03-13T05:04:56.221+0000] {subprocess.py:106} INFO - 26/03/13 05:04:56 INFO MemoryStore: Block broadcast_15 stored as values in memory (estimated size 13.7 KiB, free 433.5 MiB)
[2026-03-13T05:04:56.231+0000] {subprocess.py:106} INFO - 26/03/13 05:04:56 INFO MemoryStore: Block broadcast_15_piece0 stored as bytes in memory (estimated size 5.5 KiB, free 433.5 MiB)
[2026-03-13T05:04:56.233+0000] {subprocess.py:106} INFO - 26/03/13 05:04:56 INFO BlockManagerInfo: Added broadcast_15_piece0 in memory on 499f1d118d82:34711 (size: 5.5 KiB, free: 433.8 MiB)
[2026-03-13T05:04:56.236+0000] {subprocess.py:106} INFO - 26/03/13 05:04:56 INFO SparkContext: Created broadcast 15 from broadcast at DAGScheduler.scala:1585
[2026-03-13T05:04:56.237+0000] {subprocess.py:106} INFO - 26/03/13 05:04:56 INFO DAGScheduler: Submitting 4 missing tasks from ResultStage 9 (MapPartitionsRDD[25] at $anonfun$withThreadLocalCaptured$1 at <unknown>:0) (first 15 tasks are for partitions Vector(0, 1, 2, 3))
[2026-03-13T05:04:56.237+0000] {subprocess.py:106} INFO - 26/03/13 05:04:56 INFO TaskSchedulerImpl: Adding task set 9.0 with 4 tasks resource profile 0
[2026-03-13T05:04:56.240+0000] {subprocess.py:106} INFO - 26/03/13 05:04:56 INFO TaskSetManager: Starting task 0.0 in stage 9.0 (TID 10) (172.30.0.7, executor 0, partition 0, PROCESS_LOCAL, 16346 bytes)
[2026-03-13T05:04:56.260+0000] {subprocess.py:106} INFO - 26/03/13 05:04:56 INFO BlockManagerInfo: Added broadcast_15_piece0 in memory on 172.30.0.7:43917 (size: 5.5 KiB, free: 433.8 MiB)
[2026-03-13T05:04:56.293+0000] {subprocess.py:106} INFO - 26/03/13 05:04:56 INFO BlockManagerInfo: Added broadcast_14_piece0 in memory on 172.30.0.7:43917 (size: 30.2 KiB, free: 433.8 MiB)
[2026-03-13T05:04:56.479+0000] {subprocess.py:106} INFO - 26/03/13 05:04:56 INFO TaskSetManager: Starting task 1.0 in stage 9.0 (TID 11) (172.30.0.7, executor 0, partition 1, PROCESS_LOCAL, 16346 bytes)
[2026-03-13T05:04:56.480+0000] {subprocess.py:106} INFO - 26/03/13 05:04:56 INFO TaskSetManager: Finished task 0.0 in stage 9.0 (TID 10) in 244 ms on 172.30.0.7 (executor 0) (1/4)
[2026-03-13T05:04:56.691+0000] {subprocess.py:106} INFO - 26/03/13 05:04:56 INFO TaskSetManager: Starting task 2.0 in stage 9.0 (TID 12) (172.30.0.7, executor 0, partition 2, PROCESS_LOCAL, 16344 bytes)
[2026-03-13T05:04:56.692+0000] {subprocess.py:106} INFO - 26/03/13 05:04:56 INFO TaskSetManager: Finished task 1.0 in stage 9.0 (TID 11) in 216 ms on 172.30.0.7 (executor 0) (2/4)
[2026-03-13T05:04:56.939+0000] {subprocess.py:106} INFO - 26/03/13 05:04:56 INFO TaskSetManager: Starting task 3.0 in stage 9.0 (TID 13) (172.30.0.7, executor 0, partition 3, PROCESS_LOCAL, 14967 bytes)
[2026-03-13T05:04:56.941+0000] {subprocess.py:106} INFO - 26/03/13 05:04:56 INFO TaskSetManager: Finished task 2.0 in stage 9.0 (TID 12) in 248 ms on 172.30.0.7 (executor 0) (3/4)
[2026-03-13T05:04:57.012+0000] {subprocess.py:106} INFO - 26/03/13 05:04:57 INFO TaskSetManager: Finished task 3.0 in stage 9.0 (TID 13) in 75 ms on 172.30.0.7 (executor 0) (4/4)
[2026-03-13T05:04:57.013+0000] {subprocess.py:106} INFO - 26/03/13 05:04:57 INFO TaskSchedulerImpl: Removed TaskSet 9.0, whose tasks have all completed, from pool
[2026-03-13T05:04:57.014+0000] {subprocess.py:106} INFO - 26/03/13 05:04:57 INFO DAGScheduler: ResultStage 9 ($anonfun$withThreadLocalCaptured$1 at <unknown>:0) finished in 0.792 s
[2026-03-13T05:04:57.015+0000] {subprocess.py:106} INFO - 26/03/13 05:04:57 INFO DAGScheduler: Job 7 is finished. Cancelling potential speculative or zombie tasks for this job
[2026-03-13T05:04:57.016+0000] {subprocess.py:106} INFO - 26/03/13 05:04:57 INFO TaskSchedulerImpl: Killing all running tasks in stage 9: Stage finished
[2026-03-13T05:04:57.017+0000] {subprocess.py:106} INFO - 26/03/13 05:04:57 INFO DAGScheduler: Job 7 finished: $anonfun$withThreadLocalCaptured$1 at <unknown>:0, took 0.797507 s
[2026-03-13T05:04:57.052+0000] {subprocess.py:106} INFO - 26/03/13 05:04:57 INFO BlockManagerInfo: Removed broadcast_10_piece0 on 172.30.0.7:43917 in memory (size: 36.1 KiB, free: 433.8 MiB)
[2026-03-13T05:04:57.056+0000] {subprocess.py:106} INFO - 26/03/13 05:04:57 INFO BlockManagerInfo: Removed broadcast_10_piece0 on 499f1d118d82:34711 in memory (size: 36.1 KiB, free: 433.8 MiB)
[2026-03-13T05:04:57.075+0000] {subprocess.py:106} INFO - 26/03/13 05:04:57 INFO BlockManagerInfo: Removed broadcast_15_piece0 on 499f1d118d82:34711 in memory (size: 5.5 KiB, free: 433.8 MiB)
[2026-03-13T05:04:57.081+0000] {subprocess.py:106} INFO - 26/03/13 05:04:57 INFO MemoryStore: Block broadcast_16_piece0 stored as bytes in memory (estimated size 508.4 KiB, free 433.2 MiB)
[2026-03-13T05:04:57.082+0000] {subprocess.py:106} INFO - 26/03/13 05:04:57 INFO BlockManagerInfo: Removed broadcast_15_piece0 on 172.30.0.7:43917 in memory (size: 5.5 KiB, free: 433.8 MiB)
[2026-03-13T05:04:57.083+0000] {subprocess.py:106} INFO - 26/03/13 05:04:57 INFO BlockManagerInfo: Added broadcast_16_piece0 in memory on 499f1d118d82:34711 (size: 508.4 KiB, free: 433.3 MiB)
[2026-03-13T05:04:57.084+0000] {subprocess.py:106} INFO - 26/03/13 05:04:57 INFO SparkContext: Created broadcast 16 from $anonfun$withThreadLocalCaptured$1 at <unknown>:0
[2026-03-13T05:04:57.105+0000] {subprocess.py:106} INFO - 26/03/13 05:04:57 INFO FileSourceStrategy: Pushed Filters:
[2026-03-13T05:04:57.106+0000] {subprocess.py:106} INFO - 26/03/13 05:04:57 INFO FileSourceStrategy: Post-Scan Filters:
[2026-03-13T05:04:57.157+0000] {subprocess.py:106} INFO - 26/03/13 05:04:57 INFO CodeGenerator: Code generated in 24.509883 ms
[2026-03-13T05:04:57.163+0000] {subprocess.py:106} INFO - 26/03/13 05:04:57 INFO MemoryStore: Block broadcast_17 stored as values in memory (estimated size 205.7 KiB, free 433.0 MiB)
[2026-03-13T05:04:57.183+0000] {subprocess.py:106} INFO - 26/03/13 05:04:57 INFO MemoryStore: Block broadcast_17_piece0 stored as bytes in memory (estimated size 36.1 KiB, free 433.0 MiB)
[2026-03-13T05:04:57.184+0000] {subprocess.py:106} INFO - 26/03/13 05:04:57 INFO BlockManagerInfo: Added broadcast_17_piece0 in memory on 499f1d118d82:34711 (size: 36.1 KiB, free: 433.3 MiB)
[2026-03-13T05:04:57.188+0000] {subprocess.py:106} INFO - 26/03/13 05:04:57 INFO SparkContext: Created broadcast 17 from append at <unknown>:0
[2026-03-13T05:04:57.188+0000] {subprocess.py:106} INFO - 26/03/13 05:04:57 INFO FileSourceScanExec: Planning scan with bin packing, max size: 4194304 bytes, open cost is considered as scanning 4194304 bytes.
[2026-03-13T05:04:57.199+0000] {subprocess.py:106} INFO - 26/03/13 05:04:57 INFO MemoryStore: Block broadcast_18 stored as values in memory (estimated size 32.0 KiB, free 433.0 MiB)
[2026-03-13T05:04:57.203+0000] {subprocess.py:106} INFO - 26/03/13 05:04:57 INFO MemoryStore: Block broadcast_18_piece0 stored as bytes in memory (estimated size 30.2 KiB, free 432.9 MiB)
[2026-03-13T05:04:57.203+0000] {subprocess.py:106} INFO - 26/03/13 05:04:57 INFO BlockManagerInfo: Added broadcast_18_piece0 in memory on 499f1d118d82:34711 (size: 30.2 KiB, free: 433.3 MiB)
[2026-03-13T05:04:57.205+0000] {subprocess.py:106} INFO - 26/03/13 05:04:57 INFO SparkContext: Created broadcast 18 from broadcast at SparkWrite.java:193
[2026-03-13T05:04:57.209+0000] {subprocess.py:106} INFO - 26/03/13 05:04:57 INFO AppendDataExec: Start processing data source write support: IcebergBatchWrite(table=iceberg.bronze.it_jobs_raw, format=PARQUET). The input RDD has 1 partitions.
[2026-03-13T05:04:57.234+0000] {subprocess.py:106} INFO - 26/03/13 05:04:57 INFO BlockManagerInfo: Removed broadcast_9_piece0 on 499f1d118d82:34711 in memory (size: 507.0 KiB, free: 433.8 MiB)
[2026-03-13T05:04:57.236+0000] {subprocess.py:106} INFO - 26/03/13 05:04:57 INFO SparkContext: Starting job: append at <unknown>:0
[2026-03-13T05:04:57.237+0000] {subprocess.py:106} INFO - 26/03/13 05:04:57 INFO DAGScheduler: Got job 8 (append at <unknown>:0) with 1 output partitions
[2026-03-13T05:04:57.238+0000] {subprocess.py:106} INFO - 26/03/13 05:04:57 INFO DAGScheduler: Final stage: ResultStage 10 (append at <unknown>:0)
[2026-03-13T05:04:57.239+0000] {subprocess.py:106} INFO - 26/03/13 05:04:57 INFO DAGScheduler: Parents of final stage: List()
[2026-03-13T05:04:57.240+0000] {subprocess.py:106} INFO - 26/03/13 05:04:57 INFO BlockManagerInfo: Removed broadcast_9_piece0 on 172.30.0.7:43917 in memory (size: 507.0 KiB, free: 434.3 MiB)
[2026-03-13T05:04:57.241+0000] {subprocess.py:106} INFO - 26/03/13 05:04:57 INFO DAGScheduler: Missing parents: List()
[2026-03-13T05:04:57.246+0000] {subprocess.py:106} INFO - 26/03/13 05:04:57 INFO DAGScheduler: Submitting ResultStage 10 (MapPartitionsRDD[28] at append at <unknown>:0), which has no missing parents
[2026-03-13T05:04:57.249+0000] {subprocess.py:106} INFO - 26/03/13 05:04:57 INFO MemoryStore: Block broadcast_19 stored as values in memory (estimated size 22.8 KiB, free 433.4 MiB)
[2026-03-13T05:04:57.251+0000] {subprocess.py:106} INFO - 26/03/13 05:04:57 INFO MemoryStore: Block broadcast_19_piece0 stored as bytes in memory (estimated size 10.2 KiB, free 433.4 MiB)
[2026-03-13T05:04:57.253+0000] {subprocess.py:106} INFO - 26/03/13 05:04:57 INFO BlockManagerInfo: Removed broadcast_7_piece0 on 499f1d118d82:34711 in memory (size: 30.2 KiB, free: 433.8 MiB)
[2026-03-13T05:04:57.256+0000] {subprocess.py:106} INFO - 26/03/13 05:04:57 INFO BlockManagerInfo: Added broadcast_19_piece0 in memory on 499f1d118d82:34711 (size: 10.2 KiB, free: 433.8 MiB)
[2026-03-13T05:04:57.259+0000] {subprocess.py:106} INFO - 26/03/13 05:04:57 INFO SparkContext: Created broadcast 19 from broadcast at DAGScheduler.scala:1585
[2026-03-13T05:04:57.260+0000] {subprocess.py:106} INFO - 26/03/13 05:04:57 INFO BlockManagerInfo: Removed broadcast_7_piece0 on 172.30.0.7:43917 in memory (size: 30.2 KiB, free: 434.4 MiB)
[2026-03-13T05:04:57.261+0000] {subprocess.py:106} INFO - 26/03/13 05:04:57 INFO DAGScheduler: Submitting 1 missing tasks from ResultStage 10 (MapPartitionsRDD[28] at append at <unknown>:0) (first 15 tasks are for partitions Vector(0))
[2026-03-13T05:04:57.262+0000] {subprocess.py:106} INFO - 26/03/13 05:04:57 INFO TaskSchedulerImpl: Adding task set 10.0 with 1 tasks resource profile 0
[2026-03-13T05:04:57.262+0000] {subprocess.py:106} INFO - 26/03/13 05:04:57 INFO TaskSetManager: Starting task 0.0 in stage 10.0 (TID 14) (172.30.0.7, executor 0, partition 0, PROCESS_LOCAL, 10579 bytes)
[2026-03-13T05:04:57.278+0000] {subprocess.py:106} INFO - 26/03/13 05:04:57 INFO BlockManagerInfo: Added broadcast_19_piece0 in memory on 172.30.0.7:43917 (size: 10.2 KiB, free: 434.4 MiB)
[2026-03-13T05:04:57.335+0000] {subprocess.py:106} INFO - 26/03/13 05:04:57 INFO BlockManagerInfo: Added broadcast_16_piece0 in memory on 172.30.0.7:43917 (size: 508.4 KiB, free: 433.9 MiB)
[2026-03-13T05:04:57.364+0000] {subprocess.py:106} INFO - 26/03/13 05:04:57 INFO BlockManagerInfo: Added broadcast_18_piece0 in memory on 172.30.0.7:43917 (size: 30.2 KiB, free: 433.8 MiB)
[2026-03-13T05:04:57.593+0000] {subprocess.py:106} INFO - 26/03/13 05:04:57 INFO BlockManagerInfo: Added broadcast_17_piece0 in memory on 172.30.0.7:43917 (size: 36.1 KiB, free: 433.8 MiB)
[2026-03-13T05:04:58.159+0000] {subprocess.py:106} INFO - 26/03/13 05:04:58 INFO TaskSetManager: Finished task 0.0 in stage 10.0 (TID 14) in 898 ms on 172.30.0.7 (executor 0) (1/1)
[2026-03-13T05:04:58.161+0000] {subprocess.py:106} INFO - 26/03/13 05:04:58 INFO TaskSchedulerImpl: Removed TaskSet 10.0, whose tasks have all completed, from pool
[2026-03-13T05:04:58.161+0000] {subprocess.py:106} INFO - 26/03/13 05:04:58 INFO DAGScheduler: ResultStage 10 (append at <unknown>:0) finished in 0.913 s
[2026-03-13T05:04:58.162+0000] {subprocess.py:106} INFO - 26/03/13 05:04:58 INFO DAGScheduler: Job 8 is finished. Cancelling potential speculative or zombie tasks for this job
[2026-03-13T05:04:58.163+0000] {subprocess.py:106} INFO - 26/03/13 05:04:58 INFO TaskSchedulerImpl: Killing all running tasks in stage 10: Stage finished
[2026-03-13T05:04:58.163+0000] {subprocess.py:106} INFO - 26/03/13 05:04:58 INFO DAGScheduler: Job 8 finished: append at <unknown>:0, took 0.927182 s
[2026-03-13T05:04:58.164+0000] {subprocess.py:106} INFO - 26/03/13 05:04:58 INFO AppendDataExec: Data source write support IcebergBatchWrite(table=iceberg.bronze.it_jobs_raw, format=PARQUET) is committing.
[2026-03-13T05:04:58.193+0000] {subprocess.py:106} INFO - 26/03/13 05:04:58 INFO SparkWrite: Committing append with 1 new data files to table iceberg.bronze.it_jobs_raw
[2026-03-13T05:04:58.443+0000] {subprocess.py:106} INFO - 26/03/13 05:04:58 INFO BlockManagerInfo: Removed broadcast_19_piece0 on 499f1d118d82:34711 in memory (size: 10.2 KiB, free: 433.8 MiB)
[2026-03-13T05:04:58.446+0000] {subprocess.py:106} INFO - 26/03/13 05:04:58 INFO BlockManagerInfo: Removed broadcast_19_piece0 on 172.30.0.7:43917 in memory (size: 10.2 KiB, free: 433.8 MiB)
[2026-03-13T05:05:00.907+0000] {subprocess.py:106} INFO - 26/03/13 05:05:00 INFO HiveTableOperations: Committed to table iceberg.bronze.it_jobs_raw with the new metadata location s3a://warehouse/iceberg_data/bronze.db/it_jobs_raw/metadata/00013-1891bfb1-e2e6-460f-b5b3-495b36c562ab.metadata.json
[2026-03-13T05:05:00.908+0000] {subprocess.py:106} INFO - 26/03/13 05:05:00 INFO BaseMetastoreTableOperations: Successfully committed to table iceberg.bronze.it_jobs_raw in 2195 ms
[2026-03-13T05:05:00.909+0000] {subprocess.py:106} INFO - 26/03/13 05:05:00 INFO SnapshotProducer: Committed snapshot 366328353029816897 (MergeAppend)
[2026-03-13T05:05:00.944+0000] {subprocess.py:106} INFO - 26/03/13 05:05:00 INFO BaseMetastoreTableOperations: Refreshing table metadata from new version: s3a://warehouse/iceberg_data/bronze.db/it_jobs_raw/metadata/00013-1891bfb1-e2e6-460f-b5b3-495b36c562ab.metadata.json
[2026-03-13T05:05:01.026+0000] {subprocess.py:106} INFO - 26/03/13 05:05:01 INFO LoggingMetricsReporter: Received metrics report: CommitReport{tableName=iceberg.bronze.it_jobs_raw, snapshotId=366328353029816897, sequenceNumber=14, operation=append, commitMetrics=CommitMetricsResult{totalDuration=TimerResult{timeUnit=NANOSECONDS, totalDuration=PT2.791952082S, count=1}, attempts=CounterResult{unit=COUNT, value=1}, addedDataFiles=CounterResult{unit=COUNT, value=1}, removedDataFiles=null, totalDataFiles=CounterResult{unit=COUNT, value=14}, addedDeleteFiles=null, addedEqualityDeleteFiles=null, addedPositionalDeleteFiles=null, removedDeleteFiles=null, removedEqualityDeleteFiles=null, removedPositionalDeleteFiles=null, totalDeleteFiles=CounterResult{unit=COUNT, value=0}, addedRecords=CounterResult{unit=COUNT, value=95}, removedRecords=null, totalRecords=CounterResult{unit=COUNT, value=8789}, addedFilesSizeInBytes=CounterResult{unit=BYTES, value=14181}, removedFilesSizeInBytes=null, totalFilesSizeInBytes=CounterResult{unit=BYTES, value=470395}, addedPositionalDeletes=null, removedPositionalDeletes=null, totalPositionalDeletes=CounterResult{unit=COUNT, value=0}, addedEqualityDeletes=null, removedEqualityDeletes=null, totalEqualityDeletes=CounterResult{unit=COUNT, value=0}}, metadata={engine-version=3.5.3, app-id=app-20260313050435-0000, engine-name=spark, iceberg-version=Apache Iceberg 1.6.1 (commit 8e9d59d299be42b0bca9461457cd1e95dbaad086)}}
[2026-03-13T05:05:01.027+0000] {subprocess.py:106} INFO - 26/03/13 05:05:01 INFO SparkWrite: Committed in 2831 ms
[2026-03-13T05:05:01.027+0000] {subprocess.py:106} INFO - 26/03/13 05:05:01 INFO AppendDataExec: Data source write support IcebergBatchWrite(table=iceberg.bronze.it_jobs_raw, format=PARQUET) committed.
[2026-03-13T05:05:01.029+0000] {subprocess.py:106} INFO - Append success.
[2026-03-13T05:05:01.030+0000] {subprocess.py:106} INFO - Process finished. Data available at: iceberg.bronze.it_jobs_raw
[2026-03-13T05:05:01.030+0000] {subprocess.py:106} INFO - 26/03/13 05:05:01 INFO SparkContext: SparkContext is stopping with exitCode 0.
[2026-03-13T05:05:01.042+0000] {subprocess.py:106} INFO - 26/03/13 05:05:01 INFO SparkUI: Stopped Spark web UI at http://499f1d118d82:4040
[2026-03-13T05:05:01.047+0000] {subprocess.py:106} INFO - 26/03/13 05:05:01 INFO StandaloneSchedulerBackend: Shutting down all executors
[2026-03-13T05:05:01.048+0000] {subprocess.py:106} INFO - 26/03/13 05:05:01 INFO StandaloneSchedulerBackend$StandaloneDriverEndpoint: Asking each executor to shut down
[2026-03-13T05:05:01.069+0000] {subprocess.py:106} INFO - 26/03/13 05:05:01 INFO MapOutputTrackerMasterEndpoint: MapOutputTrackerMasterEndpoint stopped!
[2026-03-13T05:05:01.099+0000] {subprocess.py:106} INFO - 26/03/13 05:05:01 INFO MemoryStore: MemoryStore cleared
[2026-03-13T05:05:01.100+0000] {subprocess.py:106} INFO - 26/03/13 05:05:01 INFO BlockManager: BlockManager stopped
[2026-03-13T05:05:01.104+0000] {subprocess.py:106} INFO - 26/03/13 05:05:01 INFO BlockManagerMaster: BlockManagerMaster stopped
[2026-03-13T05:05:01.110+0000] {subprocess.py:106} INFO - 26/03/13 05:05:01 INFO OutputCommitCoordinator$OutputCommitCoordinatorEndpoint: OutputCommitCoordinator stopped!
[2026-03-13T05:05:01.144+0000] {subprocess.py:106} INFO - 26/03/13 05:05:01 INFO SparkContext: Successfully stopped SparkContext
[2026-03-13T05:05:01.671+0000] {subprocess.py:106} INFO - 26/03/13 05:05:01 INFO ShutdownHookManager: Shutdown hook called
[2026-03-13T05:05:01.671+0000] {subprocess.py:106} INFO - 26/03/13 05:05:01 INFO ShutdownHookManager: Deleting directory /tmp/spark-38396b20-05d8-44d7-98f1-c26ea6e6cb4c
[2026-03-13T05:05:01.676+0000] {subprocess.py:106} INFO - 26/03/13 05:05:01 INFO ShutdownHookManager: Deleting directory /tmp/spark-50e30045-6b2d-4dc3-bd53-6e3299a3291a
[2026-03-13T05:05:01.680+0000] {subprocess.py:106} INFO - 26/03/13 05:05:01 INFO ShutdownHookManager: Deleting directory /tmp/spark-50e30045-6b2d-4dc3-bd53-6e3299a3291a/pyspark-da62622a-9b51-4fc5-9e1a-3c25957f6d2c
[2026-03-13T05:05:01.686+0000] {subprocess.py:106} INFO - 26/03/13 05:05:01 INFO MetricsSystemImpl: Stopping s3a-file-system metrics system...
[2026-03-13T05:05:01.687+0000] {subprocess.py:106} INFO - 26/03/13 05:05:01 INFO MetricsSystemImpl: s3a-file-system metrics system stopped.
[2026-03-13T05:05:01.687+0000] {subprocess.py:106} INFO - 26/03/13 05:05:01 INFO MetricsSystemImpl: s3a-file-system metrics system shutdown complete.
[2026-03-13T05:05:01.765+0000] {subprocess.py:110} INFO - Command exited with return code 0
[2026-03-13T05:05:01.837+0000] {taskinstance.py:341} INFO - ::group::Post task execution logs
[2026-03-13T05:05:01.838+0000] {taskinstance.py:353} INFO - Marking task as SUCCESS. dag_id=crawl_etl_itjob, task_id=load_bronze, run_id=scheduled__2026-03-11T02:00:00+00:00, execution_date=20260311T020000, start_date=20260313T050427, end_date=20260313T050501
[2026-03-13T05:05:01.958+0000] {local_task_job_runner.py:266} INFO - Task exited with return code 0
[2026-03-13T05:05:02.004+0000] {taskinstance.py:3901} INFO - 1 downstream tasks scheduled from follow-on schedule check
[2026-03-13T05:05:02.007+0000] {local_task_job_runner.py:245} INFO - ::endgroup::
