[2026-05-01T06:56:29.360+0000] {local_task_job_runner.py:123} INFO - ::group::Pre task execution logs
[2026-05-01T06:56:29.389+0000] {taskinstance.py:2614} INFO - Dependencies all met for dep_context=non-requeueable deps ti=<TaskInstance: crawl_etl_itjob.clean_silver scheduled__2026-04-30T02:00:00+00:00 [queued]>
[2026-05-01T06:56:29.398+0000] {taskinstance.py:2614} INFO - Dependencies all met for dep_context=requeueable deps ti=<TaskInstance: crawl_etl_itjob.clean_silver scheduled__2026-04-30T02:00:00+00:00 [queued]>
[2026-05-01T06:56:29.398+0000] {taskinstance.py:2867} INFO - Starting attempt 1 of 2
[2026-05-01T06:56:29.409+0000] {taskinstance.py:2890} INFO - Executing <Task(BashOperator): clean_silver> on 2026-04-30 02:00:00+00:00
[2026-05-01T06:56:29.413+0000] {standard_task_runner.py:72} INFO - Started process 226 to run task
[2026-05-01T06:56:29.416+0000] {standard_task_runner.py:104} INFO - Running: ['***', 'tasks', 'run', 'crawl_etl_itjob', 'clean_silver', 'scheduled__2026-04-30T02:00:00+00:00', '--job-id', '169', '--raw', '--subdir', 'DAGS_FOLDER/Crawl_ETL_ITJob.py', '--cfg-path', '/tmp/tmpqhyv__a1']
[2026-05-01T06:56:29.417+0000] {standard_task_runner.py:105} INFO - Job 169: Subtask clean_silver
[2026-05-01T06:56:29.439+0000] {warnings.py:109} WARNING - /home/***/.local/lib/python3.8/site-packages/***/settings.py:209: DeprecationWarning: The sql_alchemy_conn option in [core] has been moved to the sql_alchemy_conn option in [database] - the old setting has been used, but please update your config.
  SQL_ALCHEMY_CONN = conf.get("database", "SQL_ALCHEMY_CONN")

[2026-05-01T06:56:29.501+0000] {task_command.py:467} INFO - Running <TaskInstance: crawl_etl_itjob.clean_silver scheduled__2026-04-30T02:00:00+00:00 [running]> on host 64b3786bead1
[2026-05-01T06:56:29.502+0000] {warnings.py:109} WARNING - /home/***/.local/lib/python3.8/site-packages/***/settings.py:470: DeprecationWarning: The sql_alchemy_conn option in [core] has been moved to the sql_alchemy_conn option in [database] - the old setting has been used, but please update your config.
  if conf.get("database", "sql_alchemy_conn") == "none://":

[2026-05-01T06:56:29.603+0000] {taskinstance.py:3134} INFO - Exporting env vars: AIRFLOW_CTX_DAG_EMAIL='hoa856856@gmail.com' AIRFLOW_CTX_DAG_OWNER='***' AIRFLOW_CTX_DAG_ID='crawl_etl_itjob' AIRFLOW_CTX_TASK_ID='clean_silver' AIRFLOW_CTX_EXECUTION_DATE='2026-04-30T02:00:00+00:00' AIRFLOW_CTX_TRY_NUMBER='1' AIRFLOW_CTX_DAG_RUN_ID='scheduled__2026-04-30T02:00:00+00:00'
[2026-05-01T06:56:29.604+0000] {taskinstance.py:732} INFO - ::endgroup::
[2026-05-01T06:56:29.614+0000] {subprocess.py:78} INFO - Tmp dir root location: /tmp
[2026-05-01T06:56:29.615+0000] {subprocess.py:88} INFO - Running command: ['/bin/bash', '-c', "\n        docker exec spark-submit bash -c '\n        /opt/spark/bin/spark-submit         --master spark://spark-master:7077         --deploy-mode client         --packages org.apache.iceberg:iceberg-spark-runtime-3.5_2.12:1.5.0,org.apache.hadoop:hadoop-aws:3.3.4,com.amazonaws:aws-java-sdk-bundle:1.12.262         /opt/spark/scripts/Clean_Silver.py\n        '\n        "]
[2026-05-01T06:56:29.625+0000] {subprocess.py:99} INFO - Output:
[2026-05-01T06:56:31.357+0000] {subprocess.py:106} INFO - :: loading settings :: url = jar:file:/opt/spark/jars/ivy-2.5.1.jar!/org/apache/ivy/core/settings/ivysettings.xml
[2026-05-01T06:56:31.446+0000] {subprocess.py:106} INFO - Ivy Default Cache set to: /home/spark/.ivy2/cache
[2026-05-01T06:56:31.446+0000] {subprocess.py:106} INFO - The jars for the packages stored in: /home/spark/.ivy2/jars
[2026-05-01T06:56:31.450+0000] {subprocess.py:106} INFO - org.apache.iceberg#iceberg-spark-runtime-3.5_2.12 added as a dependency
[2026-05-01T06:56:31.452+0000] {subprocess.py:106} INFO - org.apache.hadoop#hadoop-aws added as a dependency
[2026-05-01T06:56:31.452+0000] {subprocess.py:106} INFO - com.amazonaws#aws-java-sdk-bundle added as a dependency
[2026-05-01T06:56:31.452+0000] {subprocess.py:106} INFO - :: resolving dependencies :: org.apache.spark#spark-submit-parent-40ff5dce-8e87-4727-af60-6a23ea7ec22d;1.0
[2026-05-01T06:56:31.453+0000] {subprocess.py:106} INFO - 	confs: [default]
[2026-05-01T06:56:31.528+0000] {subprocess.py:106} INFO - 	found org.apache.iceberg#iceberg-spark-runtime-3.5_2.12;1.5.0 in central
[2026-05-01T06:56:31.593+0000] {subprocess.py:106} INFO - 	found org.apache.hadoop#hadoop-aws;3.3.4 in central
[2026-05-01T06:56:31.618+0000] {subprocess.py:106} INFO - 	found com.amazonaws#aws-java-sdk-bundle;1.12.262 in central
[2026-05-01T06:56:31.642+0000] {subprocess.py:106} INFO - 	found org.wildfly.openssl#wildfly-openssl;1.0.7.Final in central
[2026-05-01T06:56:31.663+0000] {subprocess.py:106} INFO - :: resolution report :: resolve 203ms :: artifacts dl 9ms
[2026-05-01T06:56:31.664+0000] {subprocess.py:106} INFO - 	:: modules in use:
[2026-05-01T06:56:31.665+0000] {subprocess.py:106} INFO - 	com.amazonaws#aws-java-sdk-bundle;1.12.262 from central in [default]
[2026-05-01T06:56:31.665+0000] {subprocess.py:106} INFO - 	org.apache.hadoop#hadoop-aws;3.3.4 from central in [default]
[2026-05-01T06:56:31.666+0000] {subprocess.py:106} INFO - 	org.apache.iceberg#iceberg-spark-runtime-3.5_2.12;1.5.0 from central in [default]
[2026-05-01T06:56:31.666+0000] {subprocess.py:106} INFO - 	org.wildfly.openssl#wildfly-openssl;1.0.7.Final from central in [default]
[2026-05-01T06:56:31.666+0000] {subprocess.py:106} INFO - 	---------------------------------------------------------------------
[2026-05-01T06:56:31.667+0000] {subprocess.py:106} INFO - 	|                  |            modules            ||   artifacts   |
[2026-05-01T06:56:31.667+0000] {subprocess.py:106} INFO - 	|       conf       | number| search|dwnlded|evicted|| number|dwnlded|
[2026-05-01T06:56:31.668+0000] {subprocess.py:106} INFO - 	---------------------------------------------------------------------
[2026-05-01T06:56:31.668+0000] {subprocess.py:106} INFO - 	|      default     |   4   |   0   |   0   |   0   ||   4   |   0   |
[2026-05-01T06:56:31.669+0000] {subprocess.py:106} INFO - 	---------------------------------------------------------------------
[2026-05-01T06:56:31.669+0000] {subprocess.py:106} INFO - :: retrieving :: org.apache.spark#spark-submit-parent-40ff5dce-8e87-4727-af60-6a23ea7ec22d
[2026-05-01T06:56:31.670+0000] {subprocess.py:106} INFO - 	confs: [default]
[2026-05-01T06:56:31.678+0000] {subprocess.py:106} INFO - 	0 artifacts copied, 4 already retrieved (0kB/8ms)
[2026-05-01T06:56:31.887+0000] {subprocess.py:106} INFO - 26/05/01 06:56:31 WARN NativeCodeLoader: Unable to load native-hadoop library for your platform... using builtin-java classes where applicable
[2026-05-01T06:56:32.785+0000] {subprocess.py:106} INFO - 26/05/01 06:56:32 INFO SparkContext: Running Spark version 3.5.3
[2026-05-01T06:56:32.786+0000] {subprocess.py:106} INFO - 26/05/01 06:56:32 INFO SparkContext: OS info Linux, 6.6.87.2-microsoft-standard-WSL2, amd64
[2026-05-01T06:56:32.786+0000] {subprocess.py:106} INFO - 26/05/01 06:56:32 INFO SparkContext: Java version 11.0.24
[2026-05-01T06:56:32.802+0000] {subprocess.py:106} INFO - 26/05/01 06:56:32 INFO ResourceUtils: ==============================================================
[2026-05-01T06:56:32.803+0000] {subprocess.py:106} INFO - 26/05/01 06:56:32 INFO ResourceUtils: No custom resources configured for spark.driver.
[2026-05-01T06:56:32.804+0000] {subprocess.py:106} INFO - 26/05/01 06:56:32 INFO ResourceUtils: ==============================================================
[2026-05-01T06:56:32.804+0000] {subprocess.py:106} INFO - 26/05/01 06:56:32 INFO SparkContext: Submitted application: Silver_Etl_Cleaning_Merge
[2026-05-01T06:56:32.824+0000] {subprocess.py:106} INFO - 26/05/01 06:56:32 INFO ResourceProfile: Default ResourceProfile created, executor resources: Map(memory -> name: memory, amount: 1024, script: , vendor: , offHeap -> name: offHeap, amount: 0, script: , vendor: ), task resources: Map(cpus -> name: cpus, amount: 1.0)
[2026-05-01T06:56:32.835+0000] {subprocess.py:106} INFO - 26/05/01 06:56:32 INFO ResourceProfile: Limiting resource is cpu
[2026-05-01T06:56:32.836+0000] {subprocess.py:106} INFO - 26/05/01 06:56:32 INFO ResourceProfileManager: Added ResourceProfile id: 0
[2026-05-01T06:56:32.885+0000] {subprocess.py:106} INFO - 26/05/01 06:56:32 INFO SecurityManager: Changing view acls to: spark
[2026-05-01T06:56:32.886+0000] {subprocess.py:106} INFO - 26/05/01 06:56:32 INFO SecurityManager: Changing modify acls to: spark
[2026-05-01T06:56:32.887+0000] {subprocess.py:106} INFO - 26/05/01 06:56:32 INFO SecurityManager: Changing view acls groups to:
[2026-05-01T06:56:32.887+0000] {subprocess.py:106} INFO - 26/05/01 06:56:32 INFO SecurityManager: Changing modify acls groups to:
[2026-05-01T06:56:32.887+0000] {subprocess.py:106} INFO - 26/05/01 06:56:32 INFO SecurityManager: SecurityManager: authentication disabled; ui acls disabled; users with view permissions: spark; groups with view permissions: EMPTY; users with modify permissions: spark; groups with modify permissions: EMPTY
[2026-05-01T06:56:33.096+0000] {subprocess.py:106} INFO - 26/05/01 06:56:33 INFO Utils: Successfully started service 'sparkDriver' on port 44245.
[2026-05-01T06:56:33.125+0000] {subprocess.py:106} INFO - 26/05/01 06:56:33 INFO SparkEnv: Registering MapOutputTracker
[2026-05-01T06:56:33.152+0000] {subprocess.py:106} INFO - 26/05/01 06:56:33 INFO SparkEnv: Registering BlockManagerMaster
[2026-05-01T06:56:33.165+0000] {subprocess.py:106} INFO - 26/05/01 06:56:33 INFO BlockManagerMasterEndpoint: Using org.apache.spark.storage.DefaultTopologyMapper for getting topology information
[2026-05-01T06:56:33.165+0000] {subprocess.py:106} INFO - 26/05/01 06:56:33 INFO BlockManagerMasterEndpoint: BlockManagerMasterEndpoint up
[2026-05-01T06:56:33.169+0000] {subprocess.py:106} INFO - 26/05/01 06:56:33 INFO SparkEnv: Registering BlockManagerMasterHeartbeat
[2026-05-01T06:56:33.188+0000] {subprocess.py:106} INFO - 26/05/01 06:56:33 INFO DiskBlockManager: Created local directory at /tmp/blockmgr-0f5a0e9e-84d9-4e5d-969c-1632e2921822
[2026-05-01T06:56:33.200+0000] {subprocess.py:106} INFO - 26/05/01 06:56:33 INFO MemoryStore: MemoryStore started with capacity 434.4 MiB
[2026-05-01T06:56:33.213+0000] {subprocess.py:106} INFO - 26/05/01 06:56:33 INFO SparkEnv: Registering OutputCommitCoordinator
[2026-05-01T06:56:33.324+0000] {subprocess.py:106} INFO - 26/05/01 06:56:33 INFO JettyUtils: Start Jetty 0.0.0.0:4040 for SparkUI
[2026-05-01T06:56:33.369+0000] {subprocess.py:106} INFO - 26/05/01 06:56:33 INFO Utils: Successfully started service 'SparkUI' on port 4040.
[2026-05-01T06:56:33.411+0000] {subprocess.py:106} INFO - 26/05/01 06:56:33 INFO SparkContext: Added JAR file:///home/spark/.ivy2/jars/org.apache.iceberg_iceberg-spark-runtime-3.5_2.12-1.5.0.jar at spark://c05002f484b8:44245/jars/org.apache.iceberg_iceberg-spark-runtime-3.5_2.12-1.5.0.jar with timestamp 1777618592778
[2026-05-01T06:56:33.412+0000] {subprocess.py:106} INFO - 26/05/01 06:56:33 INFO SparkContext: Added JAR file:///home/spark/.ivy2/jars/org.apache.hadoop_hadoop-aws-3.3.4.jar at spark://c05002f484b8:44245/jars/org.apache.hadoop_hadoop-aws-3.3.4.jar with timestamp 1777618592778
[2026-05-01T06:56:33.413+0000] {subprocess.py:106} INFO - 26/05/01 06:56:33 INFO SparkContext: Added JAR file:///home/spark/.ivy2/jars/com.amazonaws_aws-java-sdk-bundle-1.12.262.jar at spark://c05002f484b8:44245/jars/com.amazonaws_aws-java-sdk-bundle-1.12.262.jar with timestamp 1777618592778
[2026-05-01T06:56:33.413+0000] {subprocess.py:106} INFO - 26/05/01 06:56:33 INFO SparkContext: Added JAR file:///home/spark/.ivy2/jars/org.wildfly.openssl_wildfly-openssl-1.0.7.Final.jar at spark://c05002f484b8:44245/jars/org.wildfly.openssl_wildfly-openssl-1.0.7.Final.jar with timestamp 1777618592778
[2026-05-01T06:56:33.418+0000] {subprocess.py:106} INFO - 26/05/01 06:56:33 INFO SparkContext: Added file file:///home/spark/.ivy2/jars/org.apache.iceberg_iceberg-spark-runtime-3.5_2.12-1.5.0.jar at spark://c05002f484b8:44245/files/org.apache.iceberg_iceberg-spark-runtime-3.5_2.12-1.5.0.jar with timestamp 1777618592778
[2026-05-01T06:56:33.420+0000] {subprocess.py:106} INFO - 26/05/01 06:56:33 INFO Utils: Copying /home/spark/.ivy2/jars/org.apache.iceberg_iceberg-spark-runtime-3.5_2.12-1.5.0.jar to /tmp/spark-7e6b0ef0-084f-409e-8e74-4e13fc0d8103/userFiles-f42ddbd1-d48f-4feb-bf8a-ad6cf64dce49/org.apache.iceberg_iceberg-spark-runtime-3.5_2.12-1.5.0.jar
[2026-05-01T06:56:33.458+0000] {subprocess.py:106} INFO - 26/05/01 06:56:33 INFO SparkContext: Added file file:///home/spark/.ivy2/jars/org.apache.hadoop_hadoop-aws-3.3.4.jar at spark://c05002f484b8:44245/files/org.apache.hadoop_hadoop-aws-3.3.4.jar with timestamp 1777618592778
[2026-05-01T06:56:33.459+0000] {subprocess.py:106} INFO - 26/05/01 06:56:33 INFO Utils: Copying /home/spark/.ivy2/jars/org.apache.hadoop_hadoop-aws-3.3.4.jar to /tmp/spark-7e6b0ef0-084f-409e-8e74-4e13fc0d8103/userFiles-f42ddbd1-d48f-4feb-bf8a-ad6cf64dce49/org.apache.hadoop_hadoop-aws-3.3.4.jar
[2026-05-01T06:56:33.462+0000] {subprocess.py:106} INFO - 26/05/01 06:56:33 INFO SparkContext: Added file file:///home/spark/.ivy2/jars/com.amazonaws_aws-java-sdk-bundle-1.12.262.jar at spark://c05002f484b8:44245/files/com.amazonaws_aws-java-sdk-bundle-1.12.262.jar with timestamp 1777618592778
[2026-05-01T06:56:33.463+0000] {subprocess.py:106} INFO - 26/05/01 06:56:33 INFO Utils: Copying /home/spark/.ivy2/jars/com.amazonaws_aws-java-sdk-bundle-1.12.262.jar to /tmp/spark-7e6b0ef0-084f-409e-8e74-4e13fc0d8103/userFiles-f42ddbd1-d48f-4feb-bf8a-ad6cf64dce49/com.amazonaws_aws-java-sdk-bundle-1.12.262.jar
[2026-05-01T06:56:33.596+0000] {subprocess.py:106} INFO - 26/05/01 06:56:33 INFO SparkContext: Added file file:///home/spark/.ivy2/jars/org.wildfly.openssl_wildfly-openssl-1.0.7.Final.jar at spark://c05002f484b8:44245/files/org.wildfly.openssl_wildfly-openssl-1.0.7.Final.jar with timestamp 1777618592778
[2026-05-01T06:56:33.597+0000] {subprocess.py:106} INFO - 26/05/01 06:56:33 INFO Utils: Copying /home/spark/.ivy2/jars/org.wildfly.openssl_wildfly-openssl-1.0.7.Final.jar to /tmp/spark-7e6b0ef0-084f-409e-8e74-4e13fc0d8103/userFiles-f42ddbd1-d48f-4feb-bf8a-ad6cf64dce49/org.wildfly.openssl_wildfly-openssl-1.0.7.Final.jar
[2026-05-01T06:56:33.656+0000] {subprocess.py:106} INFO - 26/05/01 06:56:33 INFO StandaloneAppClient$ClientEndpoint: Connecting to master spark://spark-master:7077...
[2026-05-01T06:56:33.708+0000] {subprocess.py:106} INFO - 26/05/01 06:56:33 INFO TransportClientFactory: Successfully created connection to spark-master/172.30.0.6:7077 after 28 ms (0 ms spent in bootstraps)
[2026-05-01T06:56:33.779+0000] {subprocess.py:106} INFO - 26/05/01 06:56:33 INFO StandaloneSchedulerBackend: Connected to Spark cluster with app ID app-20260501065633-0004
[2026-05-01T06:56:33.780+0000] {subprocess.py:106} INFO - 26/05/01 06:56:33 INFO StandaloneAppClient$ClientEndpoint: Executor added: app-20260501065633-0004/0 on worker-20260501064244-172.30.0.7-34759 (172.30.0.7:34759) with 1 core(s)
[2026-05-01T06:56:33.783+0000] {subprocess.py:106} INFO - 26/05/01 06:56:33 INFO StandaloneSchedulerBackend: Granted executor ID app-20260501065633-0004/0 on hostPort 172.30.0.7:34759 with 1 core(s), 1024.0 MiB RAM
[2026-05-01T06:56:33.790+0000] {subprocess.py:106} INFO - 26/05/01 06:56:33 INFO Utils: Successfully started service 'org.apache.spark.network.netty.NettyBlockTransferService' on port 33299.
[2026-05-01T06:56:33.791+0000] {subprocess.py:106} INFO - 26/05/01 06:56:33 INFO NettyBlockTransferService: Server created on c05002f484b8:33299
[2026-05-01T06:56:33.792+0000] {subprocess.py:106} INFO - 26/05/01 06:56:33 INFO BlockManager: Using org.apache.spark.storage.RandomBlockReplicationPolicy for block replication policy
[2026-05-01T06:56:33.798+0000] {subprocess.py:106} INFO - 26/05/01 06:56:33 INFO BlockManagerMaster: Registering BlockManager BlockManagerId(driver, c05002f484b8, 33299, None)
[2026-05-01T06:56:33.802+0000] {subprocess.py:106} INFO - 26/05/01 06:56:33 INFO BlockManagerMasterEndpoint: Registering block manager c05002f484b8:33299 with 434.4 MiB RAM, BlockManagerId(driver, c05002f484b8, 33299, None)
[2026-05-01T06:56:33.805+0000] {subprocess.py:106} INFO - 26/05/01 06:56:33 INFO BlockManagerMaster: Registered BlockManager BlockManagerId(driver, c05002f484b8, 33299, None)
[2026-05-01T06:56:33.807+0000] {subprocess.py:106} INFO - 26/05/01 06:56:33 INFO BlockManager: Initialized BlockManager: BlockManagerId(driver, c05002f484b8, 33299, None)
[2026-05-01T06:56:33.821+0000] {subprocess.py:106} INFO - 26/05/01 06:56:33 INFO StandaloneAppClient$ClientEndpoint: Executor updated: app-20260501065633-0004/0 is now RUNNING
[2026-05-01T06:56:34.048+0000] {subprocess.py:106} INFO - 26/05/01 06:56:34 INFO StandaloneSchedulerBackend: SchedulerBackend is ready for scheduling beginning after reached minRegisteredResourcesRatio: 0.0
[2026-05-01T06:56:34.317+0000] {subprocess.py:106} INFO - 26/05/01 06:56:34 INFO SharedState: Setting hive.metastore.warehouse.dir ('null') to the value of spark.sql.warehouse.dir.
[2026-05-01T06:56:34.321+0000] {subprocess.py:106} INFO - 26/05/01 06:56:34 INFO SharedState: Warehouse path is 'file:/opt/spark/work-dir/spark-warehouse'.
[2026-05-01T06:56:36.621+0000] {subprocess.py:106} INFO - 26/05/01 06:56:36 INFO HiveConf: Found configuration file null
[2026-05-01T06:56:36.807+0000] {subprocess.py:106} INFO - 26/05/01 06:56:36 INFO metastore: Trying to connect to metastore with URI thrift://hive-metastore:9083
[2026-05-01T06:56:36.824+0000] {subprocess.py:106} INFO - 26/05/01 06:56:36 INFO metastore: Opened a connection to metastore, current connections: 1
[2026-05-01T06:56:36.848+0000] {subprocess.py:106} INFO - 26/05/01 06:56:36 INFO metastore: Connected to metastore.
[2026-05-01T06:56:36.945+0000] {subprocess.py:106} INFO - 26/05/01 06:56:36 INFO StandaloneSchedulerBackend$StandaloneDriverEndpoint: Registered executor NettyRpcEndpointRef(spark-client://Executor) (172.30.0.7:44344) with ID 0,  ResourceProfileId 0
[2026-05-01T06:56:37.025+0000] {subprocess.py:106} INFO - 26/05/01 06:56:37 INFO BaseMetastoreTableOperations: Refreshing table metadata from new version: s3a://warehouse/iceberg_data/silver.db/it_jobs_clean/metadata/00004-05075405-28f8-4d03-9441-80bbc70090b9.metadata.json
[2026-05-01T06:56:37.030+0000] {subprocess.py:106} INFO - 26/05/01 06:56:37 INFO BlockManagerMasterEndpoint: Registering block manager 172.30.0.7:33815 with 434.4 MiB RAM, BlockManagerId(0, 172.30.0.7, 33815, None)
[2026-05-01T06:56:37.222+0000] {subprocess.py:106} INFO - 26/05/01 06:56:37 WARN MetricsConfig: Cannot locate configuration: tried hadoop-metrics2-s3a-file-system.properties,hadoop-metrics2.properties
[2026-05-01T06:56:37.245+0000] {subprocess.py:106} INFO - 26/05/01 06:56:37 INFO MetricsSystemImpl: Scheduled Metric snapshot period at 10 second(s).
[2026-05-01T06:56:37.246+0000] {subprocess.py:106} INFO - 26/05/01 06:56:37 INFO MetricsSystemImpl: s3a-file-system metrics system started
[2026-05-01T06:56:38.697+0000] {subprocess.py:106} INFO - 26/05/01 06:56:38 INFO BaseMetastoreCatalog: Table loaded by catalog: iceberg.silver.it_jobs_clean
[2026-05-01T06:56:39.860+0000] {subprocess.py:106} INFO - 26/05/01 06:56:39 INFO SnapshotScan: Scanning table iceberg.silver.it_jobs_clean snapshot 1323815688195362383 created at 2026-05-01T06:49:30.438+00:00 with filter true
[2026-05-01T06:56:40.437+0000] {subprocess.py:106} INFO - 26/05/01 06:56:40 INFO BaseDistributedDataScan: Planning file tasks locally for table iceberg.silver.it_jobs_clean
[2026-05-01T06:56:40.626+0000] {subprocess.py:106} INFO - 26/05/01 06:56:40 INFO V2ScanRelationPushDown:
[2026-05-01T06:56:40.627+0000] {subprocess.py:106} INFO - Pushing operators to iceberg.silver.it_jobs_clean
[2026-05-01T06:56:40.627+0000] {subprocess.py:106} INFO - Pushed Aggregate Functions:
[2026-05-01T06:56:40.628+0000] {subprocess.py:106} INFO -  MAX(ingest_time)
[2026-05-01T06:56:40.628+0000] {subprocess.py:106} INFO - Pushed Group by:
[2026-05-01T06:56:40.629+0000] {subprocess.py:106} INFO - 
[2026-05-01T06:56:40.629+0000] {subprocess.py:106} INFO - 
[2026-05-01T06:56:41.588+0000] {subprocess.py:106} INFO - 26/05/01 06:56:41 INFO CodeGenerator: Code generated in 221.135479 ms
[2026-05-01T06:56:41.611+0000] {subprocess.py:106} INFO - 26/05/01 06:56:41 INFO CodeGenerator: Code generated in 12.307747 ms
[2026-05-01T06:56:41.709+0000] {subprocess.py:106} INFO - 26/05/01 06:56:41 INFO DAGScheduler: Registering RDD 2 (collect at /opt/spark/scripts/Clean_Silver.py:56) as input to shuffle 0
[2026-05-01T06:56:41.713+0000] {subprocess.py:106} INFO - 26/05/01 06:56:41 INFO DAGScheduler: Got map stage job 0 (collect at /opt/spark/scripts/Clean_Silver.py:56) with 1 output partitions
[2026-05-01T06:56:41.714+0000] {subprocess.py:106} INFO - 26/05/01 06:56:41 INFO DAGScheduler: Final stage: ShuffleMapStage 0 (collect at /opt/spark/scripts/Clean_Silver.py:56)
[2026-05-01T06:56:41.714+0000] {subprocess.py:106} INFO - 26/05/01 06:56:41 INFO DAGScheduler: Parents of final stage: List()
[2026-05-01T06:56:41.716+0000] {subprocess.py:106} INFO - 26/05/01 06:56:41 INFO DAGScheduler: Missing parents: List()
[2026-05-01T06:56:41.720+0000] {subprocess.py:106} INFO - 26/05/01 06:56:41 INFO DAGScheduler: Submitting ShuffleMapStage 0 (MapPartitionsRDD[2] at collect at /opt/spark/scripts/Clean_Silver.py:56), which has no missing parents
[2026-05-01T06:56:41.815+0000] {subprocess.py:106} INFO - 26/05/01 06:56:41 INFO MemoryStore: Block broadcast_0 stored as values in memory (estimated size 12.0 KiB, free 434.4 MiB)
[2026-05-01T06:56:41.857+0000] {subprocess.py:106} INFO - 26/05/01 06:56:41 INFO MemoryStore: Block broadcast_0_piece0 stored as bytes in memory (estimated size 6.0 KiB, free 434.4 MiB)
[2026-05-01T06:56:41.862+0000] {subprocess.py:106} INFO - 26/05/01 06:56:41 INFO BlockManagerInfo: Added broadcast_0_piece0 in memory on c05002f484b8:33299 (size: 6.0 KiB, free: 434.4 MiB)
[2026-05-01T06:56:41.876+0000] {subprocess.py:106} INFO - 26/05/01 06:56:41 INFO SparkContext: Created broadcast 0 from broadcast at DAGScheduler.scala:1585
[2026-05-01T06:56:41.899+0000] {subprocess.py:106} INFO - 26/05/01 06:56:41 INFO DAGScheduler: Submitting 1 missing tasks from ShuffleMapStage 0 (MapPartitionsRDD[2] at collect at /opt/spark/scripts/Clean_Silver.py:56) (first 15 tasks are for partitions Vector(0))
[2026-05-01T06:56:41.900+0000] {subprocess.py:106} INFO - 26/05/01 06:56:41 INFO TaskSchedulerImpl: Adding task set 0.0 with 1 tasks resource profile 0
[2026-05-01T06:56:41.935+0000] {subprocess.py:106} INFO - 26/05/01 06:56:41 INFO TaskSetManager: Starting task 0.0 in stage 0.0 (TID 0) (172.30.0.7, executor 0, partition 0, PROCESS_LOCAL, 10137 bytes)
[2026-05-01T06:56:42.142+0000] {subprocess.py:106} INFO - 26/05/01 06:56:42 INFO BlockManagerInfo: Added broadcast_0_piece0 in memory on 172.30.0.7:33815 (size: 6.0 KiB, free: 434.4 MiB)
[2026-05-01T06:56:42.832+0000] {subprocess.py:106} INFO - 26/05/01 06:56:42 INFO TaskSetManager: Finished task 0.0 in stage 0.0 (TID 0) in 912 ms on 172.30.0.7 (executor 0) (1/1)
[2026-05-01T06:56:42.834+0000] {subprocess.py:106} INFO - 26/05/01 06:56:42 INFO TaskSchedulerImpl: Removed TaskSet 0.0, whose tasks have all completed, from pool
[2026-05-01T06:56:42.841+0000] {subprocess.py:106} INFO - 26/05/01 06:56:42 INFO DAGScheduler: ShuffleMapStage 0 (collect at /opt/spark/scripts/Clean_Silver.py:56) finished in 1.108 s
[2026-05-01T06:56:42.842+0000] {subprocess.py:106} INFO - 26/05/01 06:56:42 INFO DAGScheduler: looking for newly runnable stages
[2026-05-01T06:56:42.842+0000] {subprocess.py:106} INFO - 26/05/01 06:56:42 INFO DAGScheduler: running: Set()
[2026-05-01T06:56:42.843+0000] {subprocess.py:106} INFO - 26/05/01 06:56:42 INFO DAGScheduler: waiting: Set()
[2026-05-01T06:56:42.844+0000] {subprocess.py:106} INFO - 26/05/01 06:56:42 INFO DAGScheduler: failed: Set()
[2026-05-01T06:56:42.887+0000] {subprocess.py:106} INFO - 26/05/01 06:56:42 INFO CodeGenerator: Code generated in 12.423809 ms
[2026-05-01T06:56:42.929+0000] {subprocess.py:106} INFO - 26/05/01 06:56:42 INFO SparkContext: Starting job: collect at /opt/spark/scripts/Clean_Silver.py:56
[2026-05-01T06:56:42.933+0000] {subprocess.py:106} INFO - 26/05/01 06:56:42 INFO DAGScheduler: Got job 1 (collect at /opt/spark/scripts/Clean_Silver.py:56) with 1 output partitions
[2026-05-01T06:56:42.934+0000] {subprocess.py:106} INFO - 26/05/01 06:56:42 INFO DAGScheduler: Final stage: ResultStage 2 (collect at /opt/spark/scripts/Clean_Silver.py:56)
[2026-05-01T06:56:42.935+0000] {subprocess.py:106} INFO - 26/05/01 06:56:42 INFO DAGScheduler: Parents of final stage: List(ShuffleMapStage 1)
[2026-05-01T06:56:42.935+0000] {subprocess.py:106} INFO - 26/05/01 06:56:42 INFO DAGScheduler: Missing parents: List()
[2026-05-01T06:56:42.938+0000] {subprocess.py:106} INFO - 26/05/01 06:56:42 INFO DAGScheduler: Submitting ResultStage 2 (MapPartitionsRDD[5] at collect at /opt/spark/scripts/Clean_Silver.py:56), which has no missing parents
[2026-05-01T06:56:42.949+0000] {subprocess.py:106} INFO - 26/05/01 06:56:42 INFO MemoryStore: Block broadcast_1 stored as values in memory (estimated size 13.1 KiB, free 434.4 MiB)
[2026-05-01T06:56:42.960+0000] {subprocess.py:106} INFO - 26/05/01 06:56:42 INFO MemoryStore: Block broadcast_1_piece0 stored as bytes in memory (estimated size 6.1 KiB, free 434.4 MiB)
[2026-05-01T06:56:42.962+0000] {subprocess.py:106} INFO - 26/05/01 06:56:42 INFO BlockManagerInfo: Added broadcast_1_piece0 in memory on c05002f484b8:33299 (size: 6.1 KiB, free: 434.4 MiB)
[2026-05-01T06:56:42.963+0000] {subprocess.py:106} INFO - 26/05/01 06:56:42 INFO SparkContext: Created broadcast 1 from broadcast at DAGScheduler.scala:1585
[2026-05-01T06:56:42.965+0000] {subprocess.py:106} INFO - 26/05/01 06:56:42 INFO DAGScheduler: Submitting 1 missing tasks from ResultStage 2 (MapPartitionsRDD[5] at collect at /opt/spark/scripts/Clean_Silver.py:56) (first 15 tasks are for partitions Vector(0))
[2026-05-01T06:56:42.966+0000] {subprocess.py:106} INFO - 26/05/01 06:56:42 INFO TaskSchedulerImpl: Adding task set 2.0 with 1 tasks resource profile 0
[2026-05-01T06:56:42.974+0000] {subprocess.py:106} INFO - 26/05/01 06:56:42 INFO TaskSetManager: Starting task 0.0 in stage 2.0 (TID 1) (172.30.0.7, executor 0, partition 0, NODE_LOCAL, 9976 bytes)
[2026-05-01T06:56:42.999+0000] {subprocess.py:106} INFO - 26/05/01 06:56:42 INFO BlockManagerInfo: Removed broadcast_0_piece0 on c05002f484b8:33299 in memory (size: 6.0 KiB, free: 434.4 MiB)
[2026-05-01T06:56:43.013+0000] {subprocess.py:106} INFO - 26/05/01 06:56:43 INFO BlockManagerInfo: Removed broadcast_0_piece0 on 172.30.0.7:33815 in memory (size: 6.0 KiB, free: 434.4 MiB)
[2026-05-01T06:56:43.020+0000] {subprocess.py:106} INFO - 26/05/01 06:56:43 INFO BlockManagerInfo: Added broadcast_1_piece0 in memory on 172.30.0.7:33815 (size: 6.1 KiB, free: 434.4 MiB)
[2026-05-01T06:56:43.089+0000] {subprocess.py:106} INFO - 26/05/01 06:56:43 INFO MapOutputTrackerMasterEndpoint: Asked to send map output locations for shuffle 0 to 172.30.0.7:44344
[2026-05-01T06:56:43.227+0000] {subprocess.py:106} INFO - 26/05/01 06:56:43 INFO TaskSetManager: Finished task 0.0 in stage 2.0 (TID 1) in 254 ms on 172.30.0.7 (executor 0) (1/1)
[2026-05-01T06:56:43.228+0000] {subprocess.py:106} INFO - 26/05/01 06:56:43 INFO TaskSchedulerImpl: Removed TaskSet 2.0, whose tasks have all completed, from pool
[2026-05-01T06:56:43.230+0000] {subprocess.py:106} INFO - 26/05/01 06:56:43 INFO DAGScheduler: ResultStage 2 (collect at /opt/spark/scripts/Clean_Silver.py:56) finished in 0.280 s
[2026-05-01T06:56:43.232+0000] {subprocess.py:106} INFO - 26/05/01 06:56:43 INFO DAGScheduler: Job 1 is finished. Cancelling potential speculative or zombie tasks for this job
[2026-05-01T06:56:43.232+0000] {subprocess.py:106} INFO - 26/05/01 06:56:43 INFO TaskSchedulerImpl: Killing all running tasks in stage 2: Stage finished
[2026-05-01T06:56:43.238+0000] {subprocess.py:106} INFO - 26/05/01 06:56:43 INFO DAGScheduler: Job 1 finished: collect at /opt/spark/scripts/Clean_Silver.py:56, took 0.302964 s
[2026-05-01T06:56:43.395+0000] {subprocess.py:106} INFO - >>> Watermark (Last Processed Time): 2026-04-25 09:22:01.882244
[2026-05-01T06:56:43.414+0000] {subprocess.py:106} INFO - 26/05/01 06:56:43 INFO BaseMetastoreTableOperations: Refreshing table metadata from new version: s3a://warehouse/iceberg_data/bronze.db/it_jobs_raw/metadata/00002-de4324a1-7580-469a-a983-a9911a7613ba.metadata.json
[2026-05-01T06:56:43.439+0000] {subprocess.py:106} INFO - 26/05/01 06:56:43 INFO BaseMetastoreCatalog: Table loaded by catalog: iceberg.bronze.it_jobs_raw
[2026-05-01T06:56:43.453+0000] {subprocess.py:106} INFO - >>> INCREMENTAL LOAD: Reading only new data...
[2026-05-01T06:56:43.677+0000] {subprocess.py:106} INFO - 26/05/01 06:56:43 INFO V2ScanRelationPushDown:
[2026-05-01T06:56:43.678+0000] {subprocess.py:106} INFO - Pushing operators to iceberg.bronze.it_jobs_raw
[2026-05-01T06:56:43.678+0000] {subprocess.py:106} INFO - Pushed Filters: ingest_time IS NOT NULL, ingest_time > 1777108921882244
[2026-05-01T06:56:43.678+0000] {subprocess.py:106} INFO - Post-Scan Filters: isnotnull(ingest_time#36),(ingest_time#36 > 2026-04-25 09:22:01.882244)
[2026-05-01T06:56:43.678+0000] {subprocess.py:106} INFO - 
[2026-05-01T06:56:43.697+0000] {subprocess.py:106} INFO - 26/05/01 06:56:43 INFO V2ScanRelationPushDown:
[2026-05-01T06:56:43.697+0000] {subprocess.py:106} INFO - Output: ingest_time#36
[2026-05-01T06:56:43.698+0000] {subprocess.py:106} INFO - 
[2026-05-01T06:56:43.704+0000] {subprocess.py:106} INFO - 26/05/01 06:56:43 INFO SnapshotScan: Scanning table iceberg.bronze.it_jobs_raw snapshot 8819792678696333799 created at 2026-05-01T06:37:54.378+00:00 with filter (ingest_time IS NOT NULL AND ingest_time > (16-digit-int))
[2026-05-01T06:56:43.741+0000] {subprocess.py:106} INFO - 26/05/01 06:56:43 INFO BaseDistributedDataScan: Planning file tasks locally for table iceberg.bronze.it_jobs_raw
[2026-05-01T06:56:43.810+0000] {subprocess.py:106} INFO - 26/05/01 06:56:43 INFO SparkPartitioningAwareScan: Reporting UnknownPartitioning with 1 partition(s) for table iceberg.bronze.it_jobs_raw
[2026-05-01T06:56:43.829+0000] {subprocess.py:106} INFO - 26/05/01 06:56:43 INFO MemoryStore: Block broadcast_2 stored as values in memory (estimated size 32.0 KiB, free 434.3 MiB)
[2026-05-01T06:56:43.855+0000] {subprocess.py:106} INFO - 26/05/01 06:56:43 INFO BlockManagerInfo: Removed broadcast_1_piece0 on c05002f484b8:33299 in memory (size: 6.1 KiB, free: 434.4 MiB)
[2026-05-01T06:56:43.857+0000] {subprocess.py:106} INFO - 26/05/01 06:56:43 INFO MemoryStore: Block broadcast_2_piece0 stored as bytes in memory (estimated size 30.3 KiB, free 434.3 MiB)
[2026-05-01T06:56:43.858+0000] {subprocess.py:106} INFO - 26/05/01 06:56:43 INFO BlockManagerInfo: Added broadcast_2_piece0 in memory on c05002f484b8:33299 (size: 30.3 KiB, free: 434.4 MiB)
[2026-05-01T06:56:43.859+0000] {subprocess.py:106} INFO - 26/05/01 06:56:43 INFO BlockManagerInfo: Removed broadcast_1_piece0 on 172.30.0.7:33815 in memory (size: 6.1 KiB, free: 434.4 MiB)
[2026-05-01T06:56:43.860+0000] {subprocess.py:106} INFO - 26/05/01 06:56:43 INFO SparkContext: Created broadcast 2 from broadcast at SparkBatch.java:79
[2026-05-01T06:56:43.876+0000] {subprocess.py:106} INFO - 26/05/01 06:56:43 INFO MemoryStore: Block broadcast_3 stored as values in memory (estimated size 32.0 KiB, free 434.3 MiB)
[2026-05-01T06:56:43.879+0000] {subprocess.py:106} INFO - 26/05/01 06:56:43 INFO MemoryStore: Block broadcast_3_piece0 stored as bytes in memory (estimated size 30.2 KiB, free 434.3 MiB)
[2026-05-01T06:56:43.881+0000] {subprocess.py:106} INFO - 26/05/01 06:56:43 INFO BlockManagerInfo: Added broadcast_3_piece0 in memory on c05002f484b8:33299 (size: 30.2 KiB, free: 434.3 MiB)
[2026-05-01T06:56:43.889+0000] {subprocess.py:106} INFO - 26/05/01 06:56:43 INFO SparkContext: Created broadcast 3 from broadcast at SparkBatch.java:79
[2026-05-01T06:56:43.964+0000] {subprocess.py:106} INFO - 26/05/01 06:56:43 INFO CodeGenerator: Code generated in 21.114002 ms
[2026-05-01T06:56:43.982+0000] {subprocess.py:106} INFO - 26/05/01 06:56:43 INFO DAGScheduler: Registering RDD 9 (count at <unknown>:0) as input to shuffle 1
[2026-05-01T06:56:43.983+0000] {subprocess.py:106} INFO - 26/05/01 06:56:43 INFO DAGScheduler: Got map stage job 2 (count at <unknown>:0) with 1 output partitions
[2026-05-01T06:56:43.984+0000] {subprocess.py:106} INFO - 26/05/01 06:56:43 INFO DAGScheduler: Final stage: ShuffleMapStage 3 (count at <unknown>:0)
[2026-05-01T06:56:43.985+0000] {subprocess.py:106} INFO - 26/05/01 06:56:43 INFO DAGScheduler: Parents of final stage: List()
[2026-05-01T06:56:43.985+0000] {subprocess.py:106} INFO - 26/05/01 06:56:43 INFO DAGScheduler: Missing parents: List()
[2026-05-01T06:56:43.986+0000] {subprocess.py:106} INFO - 26/05/01 06:56:43 INFO DAGScheduler: Submitting ShuffleMapStage 3 (MapPartitionsRDD[9] at count at <unknown>:0), which has no missing parents
[2026-05-01T06:56:43.991+0000] {subprocess.py:106} INFO - 26/05/01 06:56:43 INFO MemoryStore: Block broadcast_4 stored as values in memory (estimated size 17.8 KiB, free 434.3 MiB)
[2026-05-01T06:56:44.001+0000] {subprocess.py:106} INFO - 26/05/01 06:56:43 INFO MemoryStore: Block broadcast_4_piece0 stored as bytes in memory (estimated size 7.6 KiB, free 434.3 MiB)
[2026-05-01T06:56:44.003+0000] {subprocess.py:106} INFO - 26/05/01 06:56:44 INFO BlockManagerInfo: Added broadcast_4_piece0 in memory on c05002f484b8:33299 (size: 7.6 KiB, free: 434.3 MiB)
[2026-05-01T06:56:44.004+0000] {subprocess.py:106} INFO - 26/05/01 06:56:44 INFO SparkContext: Created broadcast 4 from broadcast at DAGScheduler.scala:1585
[2026-05-01T06:56:44.006+0000] {subprocess.py:106} INFO - 26/05/01 06:56:44 INFO DAGScheduler: Submitting 1 missing tasks from ShuffleMapStage 3 (MapPartitionsRDD[9] at count at <unknown>:0) (first 15 tasks are for partitions Vector(0))
[2026-05-01T06:56:44.007+0000] {subprocess.py:106} INFO - 26/05/01 06:56:44 INFO TaskSchedulerImpl: Adding task set 3.0 with 1 tasks resource profile 0
[2026-05-01T06:56:44.032+0000] {subprocess.py:106} INFO - 26/05/01 06:56:44 INFO TaskSetManager: Starting task 0.0 in stage 3.0 (TID 2) (172.30.0.7, executor 0, partition 0, PROCESS_LOCAL, 15826 bytes)
[2026-05-01T06:56:44.411+0000] {subprocess.py:106} INFO - 26/05/01 06:56:44 INFO BlockManagerInfo: Added broadcast_4_piece0 in memory on 172.30.0.7:33815 (size: 7.6 KiB, free: 434.4 MiB)
[2026-05-01T06:56:44.485+0000] {subprocess.py:106} INFO - 26/05/01 06:56:44 INFO BlockManagerInfo: Added broadcast_3_piece0 in memory on 172.30.0.7:33815 (size: 30.2 KiB, free: 434.4 MiB)
[2026-05-01T06:56:49.089+0000] {subprocess.py:106} INFO - 26/05/01 06:56:49 INFO TaskSetManager: Finished task 0.0 in stage 3.0 (TID 2) in 5081 ms on 172.30.0.7 (executor 0) (1/1)
[2026-05-01T06:56:49.092+0000] {subprocess.py:106} INFO - 26/05/01 06:56:49 INFO TaskSchedulerImpl: Removed TaskSet 3.0, whose tasks have all completed, from pool
[2026-05-01T06:56:49.093+0000] {subprocess.py:106} INFO - 26/05/01 06:56:49 INFO DAGScheduler: ShuffleMapStage 3 (count at <unknown>:0) finished in 5.103 s
[2026-05-01T06:56:49.094+0000] {subprocess.py:106} INFO - 26/05/01 06:56:49 INFO DAGScheduler: looking for newly runnable stages
[2026-05-01T06:56:49.095+0000] {subprocess.py:106} INFO - 26/05/01 06:56:49 INFO DAGScheduler: running: Set()
[2026-05-01T06:56:49.095+0000] {subprocess.py:106} INFO - 26/05/01 06:56:49 INFO DAGScheduler: waiting: Set()
[2026-05-01T06:56:49.096+0000] {subprocess.py:106} INFO - 26/05/01 06:56:49 INFO DAGScheduler: failed: Set()
[2026-05-01T06:56:49.122+0000] {subprocess.py:106} INFO - 26/05/01 06:56:49 INFO CodeGenerator: Code generated in 13.408626 ms
[2026-05-01T06:56:49.139+0000] {subprocess.py:106} INFO - 26/05/01 06:56:49 INFO SparkContext: Starting job: count at <unknown>:0
[2026-05-01T06:56:49.140+0000] {subprocess.py:106} INFO - 26/05/01 06:56:49 INFO DAGScheduler: Got job 3 (count at <unknown>:0) with 1 output partitions
[2026-05-01T06:56:49.143+0000] {subprocess.py:106} INFO - 26/05/01 06:56:49 INFO DAGScheduler: Final stage: ResultStage 5 (count at <unknown>:0)
[2026-05-01T06:56:49.144+0000] {subprocess.py:106} INFO - 26/05/01 06:56:49 INFO DAGScheduler: Parents of final stage: List(ShuffleMapStage 4)
[2026-05-01T06:56:49.145+0000] {subprocess.py:106} INFO - 26/05/01 06:56:49 INFO DAGScheduler: Missing parents: List()
[2026-05-01T06:56:49.146+0000] {subprocess.py:106} INFO - 26/05/01 06:56:49 INFO DAGScheduler: Submitting ResultStage 5 (MapPartitionsRDD[12] at count at <unknown>:0), which has no missing parents
[2026-05-01T06:56:49.147+0000] {subprocess.py:106} INFO - 26/05/01 06:56:49 INFO MemoryStore: Block broadcast_5 stored as values in memory (estimated size 12.5 KiB, free 434.2 MiB)
[2026-05-01T06:56:49.167+0000] {subprocess.py:106} INFO - 26/05/01 06:56:49 INFO MemoryStore: Block broadcast_5_piece0 stored as bytes in memory (estimated size 5.9 KiB, free 434.2 MiB)
[2026-05-01T06:56:49.167+0000] {subprocess.py:106} INFO - 26/05/01 06:56:49 INFO BlockManagerInfo: Added broadcast_5_piece0 in memory on c05002f484b8:33299 (size: 5.9 KiB, free: 434.3 MiB)
[2026-05-01T06:56:49.173+0000] {subprocess.py:106} INFO - 26/05/01 06:56:49 INFO SparkContext: Created broadcast 5 from broadcast at DAGScheduler.scala:1585
[2026-05-01T06:56:49.175+0000] {subprocess.py:106} INFO - 26/05/01 06:56:49 INFO DAGScheduler: Submitting 1 missing tasks from ResultStage 5 (MapPartitionsRDD[12] at count at <unknown>:0) (first 15 tasks are for partitions Vector(0))
[2026-05-01T06:56:49.175+0000] {subprocess.py:106} INFO - 26/05/01 06:56:49 INFO TaskSchedulerImpl: Adding task set 5.0 with 1 tasks resource profile 0
[2026-05-01T06:56:49.176+0000] {subprocess.py:106} INFO - 26/05/01 06:56:49 INFO TaskSetManager: Starting task 0.0 in stage 5.0 (TID 3) (172.30.0.7, executor 0, partition 0, NODE_LOCAL, 9976 bytes)
[2026-05-01T06:56:49.179+0000] {subprocess.py:106} INFO - 26/05/01 06:56:49 INFO BlockManagerInfo: Removed broadcast_4_piece0 on c05002f484b8:33299 in memory (size: 7.6 KiB, free: 434.3 MiB)
[2026-05-01T06:56:49.181+0000] {subprocess.py:106} INFO - 26/05/01 06:56:49 INFO BlockManagerInfo: Removed broadcast_4_piece0 on 172.30.0.7:33815 in memory (size: 7.6 KiB, free: 434.4 MiB)
[2026-05-01T06:56:49.236+0000] {subprocess.py:106} INFO - 26/05/01 06:56:49 INFO BlockManagerInfo: Added broadcast_5_piece0 in memory on 172.30.0.7:33815 (size: 5.9 KiB, free: 434.4 MiB)
[2026-05-01T06:56:49.248+0000] {subprocess.py:106} INFO - 26/05/01 06:56:49 INFO MapOutputTrackerMasterEndpoint: Asked to send map output locations for shuffle 1 to 172.30.0.7:44344
[2026-05-01T06:56:49.293+0000] {subprocess.py:106} INFO - 26/05/01 06:56:49 INFO TaskSetManager: Finished task 0.0 in stage 5.0 (TID 3) in 116 ms on 172.30.0.7 (executor 0) (1/1)
[2026-05-01T06:56:49.296+0000] {subprocess.py:106} INFO - 26/05/01 06:56:49 INFO TaskSchedulerImpl: Removed TaskSet 5.0, whose tasks have all completed, from pool
[2026-05-01T06:56:49.299+0000] {subprocess.py:106} INFO - 26/05/01 06:56:49 INFO DAGScheduler: ResultStage 5 (count at <unknown>:0) finished in 0.151 s
[2026-05-01T06:56:49.305+0000] {subprocess.py:106} INFO - 26/05/01 06:56:49 INFO DAGScheduler: Job 3 is finished. Cancelling potential speculative or zombie tasks for this job
[2026-05-01T06:56:49.305+0000] {subprocess.py:106} INFO - 26/05/01 06:56:49 INFO TaskSchedulerImpl: Killing all running tasks in stage 5: Stage finished
[2026-05-01T06:56:49.306+0000] {subprocess.py:106} INFO - 26/05/01 06:56:49 INFO DAGScheduler: Job 3 finished: count at <unknown>:0, took 0.158224 s
[2026-05-01T06:56:49.307+0000] {subprocess.py:106} INFO - >>> Processing 63 records...
[2026-05-01T06:56:49.600+0000] {subprocess.py:106} INFO - 26/05/01 06:56:49 INFO BlockManagerInfo: Removed broadcast_5_piece0 on c05002f484b8:33299 in memory (size: 5.9 KiB, free: 434.3 MiB)
[2026-05-01T06:56:49.603+0000] {subprocess.py:106} INFO - 26/05/01 06:56:49 INFO BlockManagerInfo: Removed broadcast_5_piece0 on 172.30.0.7:33815 in memory (size: 5.9 KiB, free: 434.4 MiB)
[2026-05-01T06:56:49.910+0000] {subprocess.py:106} INFO - >>> Writing cleaned data to Silver...
[2026-05-01T06:56:49.978+0000] {subprocess.py:106} INFO - >>> Table exists. Performing MERGE (Upsert)...
[2026-05-01T06:56:50.442+0000] {subprocess.py:106} INFO - 26/05/01 06:56:50 INFO V2ScanRelationPushDown:
[2026-05-01T06:56:50.443+0000] {subprocess.py:106} INFO - Pushing operators to iceberg.bronze.it_jobs_raw
[2026-05-01T06:56:50.443+0000] {subprocess.py:106} INFO - Pushed Filters: ingest_time IS NOT NULL, ingest_time > 1777108921882244, job_link IS NOT NULL, NOT (job_link = '')
[2026-05-01T06:56:50.444+0000] {subprocess.py:106} INFO - Post-Scan Filters: isnotnull(ingest_time#36),(ingest_time#36 > 2026-04-25 09:22:01.882244),isnotnull(trim(job_title#26, None)),NOT (trim(job_title#26, None) = ),isnotnull(upper(trim(company_name#27, None))),NOT (upper(trim(company_name#27, None)) = ),isnotnull(job_link#31),NOT (job_link#31 = )
[2026-05-01T06:56:50.444+0000] {subprocess.py:106} INFO - 
[2026-05-01T06:56:50.447+0000] {subprocess.py:106} INFO - 26/05/01 06:56:50 INFO V2ScanRelationPushDown:
[2026-05-01T06:56:50.448+0000] {subprocess.py:106} INFO - Output: job_title#26, company_name#27, location#28, skills_required#29, date_posted#30, job_link#31, job_category#32, work_mode#33, crawl_date#34, date_only#35, ingest_time#36, source#37
[2026-05-01T06:56:50.448+0000] {subprocess.py:106} INFO - 
[2026-05-01T06:56:50.457+0000] {subprocess.py:106} INFO - 26/05/01 06:56:50 INFO SnapshotScan: Scanning table iceberg.bronze.it_jobs_raw snapshot 8819792678696333799 created at 2026-05-01T06:37:54.378+00:00 with filter (((ingest_time IS NOT NULL AND ingest_time > (16-digit-int)) AND job_link IS NOT NULL) AND NOT (job_link = (hash-00000000)))
[2026-05-01T06:56:50.458+0000] {subprocess.py:106} INFO - 26/05/01 06:56:50 INFO BaseDistributedDataScan: Planning file tasks locally for table iceberg.bronze.it_jobs_raw
[2026-05-01T06:56:50.492+0000] {subprocess.py:106} INFO - 26/05/01 06:56:50 INFO SparkPartitioningAwareScan: Reporting UnknownPartitioning with 1 partition(s) for table iceberg.bronze.it_jobs_raw
[2026-05-01T06:56:50.560+0000] {subprocess.py:106} INFO - 26/05/01 06:56:50 INFO GroupBasedRowLevelOperationScanPlanning:
[2026-05-01T06:56:50.561+0000] {subprocess.py:106} INFO - Pushing operators to iceberg.silver.it_jobs_clean
[2026-05-01T06:56:50.561+0000] {subprocess.py:106} INFO - Pushed filters:
[2026-05-01T06:56:50.562+0000] {subprocess.py:106} INFO - Filters evaluated on data source side:
[2026-05-01T06:56:50.562+0000] {subprocess.py:106} INFO - Filters evaluated on Spark side:
[2026-05-01T06:56:50.563+0000] {subprocess.py:106} INFO - Output: job_title#284, company_name#285, location#286, skills_required#287, date_posted#288, job_link#289, job_category#290, work_mode#291, crawl_date#292, date_only#293, ingest_time#294, source#295, clean_time#296, _file#299
[2026-05-01T06:56:50.563+0000] {subprocess.py:106} INFO - 
[2026-05-01T06:56:50.563+0000] {subprocess.py:106} INFO - 26/05/01 06:56:50 INFO V2ScanRelationPushDown:
[2026-05-01T06:56:50.564+0000] {subprocess.py:106} INFO - Pushing operators to iceberg.bronze.it_jobs_raw
[2026-05-01T06:56:50.564+0000] {subprocess.py:106} INFO - Pushed Filters: ingest_time IS NOT NULL, ingest_time > 1777108921882244, job_link IS NOT NULL, NOT (job_link = '')
[2026-05-01T06:56:50.564+0000] {subprocess.py:106} INFO - Post-Scan Filters: isnotnull(ingest_time#36),(ingest_time#36 > 2026-04-25 09:22:01.882244),isnotnull(trim(job_title#26, None)),NOT (trim(job_title#26, None) = ),isnotnull(upper(trim(company_name#27, None))),NOT (upper(trim(company_name#27, None)) = ),isnotnull(job_link#31),NOT (job_link#31 = )
[2026-05-01T06:56:50.564+0000] {subprocess.py:106} INFO - 
[2026-05-01T06:56:50.568+0000] {subprocess.py:106} INFO - 26/05/01 06:56:50 INFO V2ScanRelationPushDown:
[2026-05-01T06:56:50.568+0000] {subprocess.py:106} INFO - Output: job_title#26, company_name#27, location#28, skills_required#29, date_posted#30, job_link#31, job_category#32, work_mode#33, crawl_date#34, date_only#35, ingest_time#36, source#37
[2026-05-01T06:56:50.569+0000] {subprocess.py:106} INFO - 
[2026-05-01T06:56:50.569+0000] {subprocess.py:106} INFO - 26/05/01 06:56:50 INFO SnapshotScan: Scanning table iceberg.silver.it_jobs_clean snapshot 1323815688195362383 created at 2026-05-01T06:49:30.438+00:00 with filter true
[2026-05-01T06:56:50.592+0000] {subprocess.py:106} INFO - 26/05/01 06:56:50 INFO SparkPartitioningAwareScan: Reporting UnknownPartitioning with 1 partition(s) for table iceberg.silver.it_jobs_clean
[2026-05-01T06:56:50.593+0000] {subprocess.py:106} INFO - 26/05/01 06:56:50 INFO SnapshotScan: Scanning table iceberg.bronze.it_jobs_raw snapshot 8819792678696333799 created at 2026-05-01T06:37:54.378+00:00 with filter (((ingest_time IS NOT NULL AND ingest_time > (16-digit-int)) AND job_link IS NOT NULL) AND NOT (job_link = (hash-00000000)))
[2026-05-01T06:56:50.594+0000] {subprocess.py:106} INFO - 26/05/01 06:56:50 INFO BaseDistributedDataScan: Planning file tasks locally for table iceberg.bronze.it_jobs_raw
[2026-05-01T06:56:50.627+0000] {subprocess.py:106} INFO - 26/05/01 06:56:50 INFO SparkPartitioningAwareScan: Reporting UnknownPartitioning with 1 partition(s) for table iceberg.bronze.it_jobs_raw
[2026-05-01T06:56:50.650+0000] {subprocess.py:106} INFO - 26/05/01 06:56:50 INFO SparkWrite: Requesting 0 bytes advisory partition size for table iceberg.silver.it_jobs_clean
[2026-05-01T06:56:50.651+0000] {subprocess.py:106} INFO - 26/05/01 06:56:50 INFO SparkWrite: Requesting UnspecifiedDistribution as write distribution for table iceberg.silver.it_jobs_clean
[2026-05-01T06:56:50.652+0000] {subprocess.py:106} INFO - 26/05/01 06:56:50 INFO SparkWrite: Requesting [] as write ordering for table iceberg.silver.it_jobs_clean
[2026-05-01T06:56:50.712+0000] {subprocess.py:106} INFO - 26/05/01 06:56:50 INFO V2ScanRelationPushDown:
[2026-05-01T06:56:50.712+0000] {subprocess.py:106} INFO - Pushing operators to iceberg.silver.it_jobs_clean
[2026-05-01T06:56:50.713+0000] {subprocess.py:106} INFO - Pushed Filters: NOT (job_link = ''), job_link IS NOT NULL
[2026-05-01T06:56:50.713+0000] {subprocess.py:106} INFO - Post-Scan Filters: NOT (job_link#421 = ),isnotnull(job_link#421)
[2026-05-01T06:56:50.714+0000] {subprocess.py:106} INFO - 
[2026-05-01T06:56:50.714+0000] {subprocess.py:106} INFO - 26/05/01 06:56:50 INFO V2ScanRelationPushDown:
[2026-05-01T06:56:50.715+0000] {subprocess.py:106} INFO - Output: job_link#421, _file#429
[2026-05-01T06:56:50.715+0000] {subprocess.py:106} INFO - 
[2026-05-01T06:56:50.715+0000] {subprocess.py:106} INFO - 26/05/01 06:56:50 INFO SnapshotScan: Scanning table iceberg.silver.it_jobs_clean snapshot 1323815688195362383 created at 2026-05-01T06:49:30.438+00:00 with filter (NOT (job_link = (hash-00000000)) AND job_link IS NOT NULL)
[2026-05-01T06:56:50.716+0000] {subprocess.py:106} INFO - 26/05/01 06:56:50 INFO BaseDistributedDataScan: Planning file tasks locally for table iceberg.silver.it_jobs_clean
[2026-05-01T06:56:50.735+0000] {subprocess.py:106} INFO - 26/05/01 06:56:50 INFO SparkPartitioningAwareScan: Reporting UnknownPartitioning with 1 partition(s) for table iceberg.silver.it_jobs_clean
[2026-05-01T06:56:50.735+0000] {subprocess.py:106} INFO - 26/05/01 06:56:50 INFO SparkPartitioningAwareScan: Reporting UnknownPartitioning with 1 partition(s) for table iceberg.bronze.it_jobs_raw
[2026-05-01T06:56:50.797+0000] {subprocess.py:106} INFO - 26/05/01 06:56:50 INFO MemoryStore: Block broadcast_6 stored as values in memory (estimated size 32.0 KiB, free 434.2 MiB)
[2026-05-01T06:56:50.804+0000] {subprocess.py:106} INFO - 26/05/01 06:56:50 INFO MemoryStore: Block broadcast_6_piece0 stored as bytes in memory (estimated size 30.4 KiB, free 434.2 MiB)
[2026-05-01T06:56:50.805+0000] {subprocess.py:106} INFO - 26/05/01 06:56:50 INFO BlockManagerInfo: Added broadcast_6_piece0 in memory on c05002f484b8:33299 (size: 30.4 KiB, free: 434.3 MiB)
[2026-05-01T06:56:50.808+0000] {subprocess.py:106} INFO - 26/05/01 06:56:50 INFO SparkContext: Created broadcast 6 from broadcast at SparkBatch.java:79
[2026-05-01T06:56:50.818+0000] {subprocess.py:106} INFO - 26/05/01 06:56:50 INFO MemoryStore: Block broadcast_7 stored as values in memory (estimated size 32.0 KiB, free 434.2 MiB)
[2026-05-01T06:56:50.821+0000] {subprocess.py:106} INFO - 26/05/01 06:56:50 INFO MemoryStore: Block broadcast_7_piece0 stored as bytes in memory (estimated size 30.2 KiB, free 434.2 MiB)
[2026-05-01T06:56:50.822+0000] {subprocess.py:106} INFO - 26/05/01 06:56:50 INFO BlockManagerInfo: Added broadcast_7_piece0 in memory on c05002f484b8:33299 (size: 30.2 KiB, free: 434.3 MiB)
[2026-05-01T06:56:50.823+0000] {subprocess.py:106} INFO - 26/05/01 06:56:50 INFO SparkContext: Created broadcast 7 from broadcast at SparkBatch.java:79
[2026-05-01T06:56:50.853+0000] {subprocess.py:106} INFO - 26/05/01 06:56:50 INFO MemoryStore: Block broadcast_8 stored as values in memory (estimated size 32.0 KiB, free 434.2 MiB)
[2026-05-01T06:56:50.854+0000] {subprocess.py:106} INFO - 26/05/01 06:56:50 INFO BlockManagerInfo: Removed broadcast_3_piece0 on c05002f484b8:33299 in memory (size: 30.2 KiB, free: 434.3 MiB)
[2026-05-01T06:56:50.856+0000] {subprocess.py:106} INFO - 26/05/01 06:56:50 INFO MemoryStore: Block broadcast_8_piece0 stored as bytes in memory (estimated size 30.4 KiB, free 434.2 MiB)
[2026-05-01T06:56:50.858+0000] {subprocess.py:106} INFO - 26/05/01 06:56:50 INFO BlockManagerInfo: Removed broadcast_3_piece0 on 172.30.0.7:33815 in memory (size: 30.2 KiB, free: 434.4 MiB)
[2026-05-01T06:56:50.859+0000] {subprocess.py:106} INFO - 26/05/01 06:56:50 INFO BlockManagerInfo: Added broadcast_8_piece0 in memory on c05002f484b8:33299 (size: 30.4 KiB, free: 434.3 MiB)
[2026-05-01T06:56:50.861+0000] {subprocess.py:106} INFO - 26/05/01 06:56:50 INFO SparkContext: Created broadcast 8 from broadcast at SparkBatch.java:79
[2026-05-01T06:56:50.871+0000] {subprocess.py:106} INFO - 26/05/01 06:56:50 INFO MemoryStore: Block broadcast_9 stored as values in memory (estimated size 32.0 KiB, free 434.1 MiB)
[2026-05-01T06:56:50.872+0000] {subprocess.py:106} INFO - 26/05/01 06:56:50 INFO MemoryStore: Block broadcast_9_piece0 stored as bytes in memory (estimated size 30.2 KiB, free 434.1 MiB)
[2026-05-01T06:56:50.874+0000] {subprocess.py:106} INFO - 26/05/01 06:56:50 INFO BlockManagerInfo: Added broadcast_9_piece0 in memory on c05002f484b8:33299 (size: 30.2 KiB, free: 434.3 MiB)
[2026-05-01T06:56:50.880+0000] {subprocess.py:106} INFO - 26/05/01 06:56:50 INFO BlockManagerInfo: Removed broadcast_2_piece0 on c05002f484b8:33299 in memory (size: 30.3 KiB, free: 434.3 MiB)
[2026-05-01T06:56:50.881+0000] {subprocess.py:106} INFO - 26/05/01 06:56:50 INFO SparkContext: Created broadcast 9 from broadcast at SparkBatch.java:79
[2026-05-01T06:56:50.902+0000] {subprocess.py:106} INFO - 26/05/01 06:56:50 INFO MemoryStore: Block broadcast_10 stored as values in memory (estimated size 32.0 KiB, free 434.1 MiB)
[2026-05-01T06:56:50.918+0000] {subprocess.py:106} INFO - 26/05/01 06:56:50 INFO MemoryStore: Block broadcast_10_piece0 stored as bytes in memory (estimated size 30.4 KiB, free 434.1 MiB)
[2026-05-01T06:56:50.920+0000] {subprocess.py:106} INFO - 26/05/01 06:56:50 INFO BlockManagerInfo: Added broadcast_10_piece0 in memory on c05002f484b8:33299 (size: 30.4 KiB, free: 434.3 MiB)
[2026-05-01T06:56:50.921+0000] {subprocess.py:106} INFO - 26/05/01 06:56:50 INFO SparkContext: Created broadcast 10 from broadcast at SparkBatch.java:79
[2026-05-01T06:56:50.926+0000] {subprocess.py:106} INFO - 26/05/01 06:56:50 INFO MemoryStore: Block broadcast_11 stored as values in memory (estimated size 32.0 KiB, free 434.1 MiB)
[2026-05-01T06:56:50.930+0000] {subprocess.py:106} INFO - 26/05/01 06:56:50 INFO MemoryStore: Block broadcast_11_piece0 stored as bytes in memory (estimated size 30.2 KiB, free 434.0 MiB)
[2026-05-01T06:56:50.932+0000] {subprocess.py:106} INFO - 26/05/01 06:56:50 INFO BlockManagerInfo: Added broadcast_11_piece0 in memory on c05002f484b8:33299 (size: 30.2 KiB, free: 434.2 MiB)
[2026-05-01T06:56:50.935+0000] {subprocess.py:106} INFO - 26/05/01 06:56:50 INFO SparkContext: Created broadcast 11 from broadcast at SparkBatch.java:79
[2026-05-01T06:56:51.107+0000] {subprocess.py:106} INFO - 26/05/01 06:56:51 INFO CodeGenerator: Code generated in 32.804377 ms
[2026-05-01T06:56:51.174+0000] {subprocess.py:106} INFO - 26/05/01 06:56:51 INFO CodeGenerator: Code generated in 59.390301 ms
[2026-05-01T06:56:51.233+0000] {subprocess.py:106} INFO - 26/05/01 06:56:51 INFO DAGScheduler: Registering RDD 16 ($anonfun$withThreadLocalCaptured$1 at <unknown>:0) as input to shuffle 2
[2026-05-01T06:56:51.234+0000] {subprocess.py:106} INFO - 26/05/01 06:56:51 INFO DAGScheduler: Got map stage job 4 ($anonfun$withThreadLocalCaptured$1 at <unknown>:0) with 1 output partitions
[2026-05-01T06:56:51.235+0000] {subprocess.py:106} INFO - 26/05/01 06:56:51 INFO DAGScheduler: Final stage: ShuffleMapStage 6 ($anonfun$withThreadLocalCaptured$1 at <unknown>:0)
[2026-05-01T06:56:51.235+0000] {subprocess.py:106} INFO - 26/05/01 06:56:51 INFO DAGScheduler: Parents of final stage: List()
[2026-05-01T06:56:51.236+0000] {subprocess.py:106} INFO - 26/05/01 06:56:51 INFO DAGScheduler: Missing parents: List()
[2026-05-01T06:56:51.237+0000] {subprocess.py:106} INFO - 26/05/01 06:56:51 INFO DAGScheduler: Submitting ShuffleMapStage 6 (MapPartitionsRDD[16] at $anonfun$withThreadLocalCaptured$1 at <unknown>:0), which has no missing parents
[2026-05-01T06:56:51.240+0000] {subprocess.py:106} INFO - 26/05/01 06:56:51 INFO MemoryStore: Block broadcast_12 stored as values in memory (estimated size 44.9 KiB, free 434.0 MiB)
[2026-05-01T06:56:51.252+0000] {subprocess.py:106} INFO - 26/05/01 06:56:51 INFO MemoryStore: Block broadcast_12_piece0 stored as bytes in memory (estimated size 18.7 KiB, free 434.0 MiB)
[2026-05-01T06:56:51.253+0000] {subprocess.py:106} INFO - 26/05/01 06:56:51 INFO BlockManagerInfo: Added broadcast_12_piece0 in memory on c05002f484b8:33299 (size: 18.7 KiB, free: 434.2 MiB)
[2026-05-01T06:56:51.255+0000] {subprocess.py:106} INFO - 26/05/01 06:56:51 INFO SparkContext: Created broadcast 12 from broadcast at DAGScheduler.scala:1585
[2026-05-01T06:56:51.256+0000] {subprocess.py:106} INFO - 26/05/01 06:56:51 INFO DAGScheduler: Submitting 1 missing tasks from ShuffleMapStage 6 (MapPartitionsRDD[16] at $anonfun$withThreadLocalCaptured$1 at <unknown>:0) (first 15 tasks are for partitions Vector(0))
[2026-05-01T06:56:51.256+0000] {subprocess.py:106} INFO - 26/05/01 06:56:51 INFO TaskSchedulerImpl: Adding task set 6.0 with 1 tasks resource profile 0
[2026-05-01T06:56:51.259+0000] {subprocess.py:106} INFO - 26/05/01 06:56:51 INFO TaskSetManager: Starting task 0.0 in stage 6.0 (TID 4) (172.30.0.7, executor 0, partition 0, PROCESS_LOCAL, 16750 bytes)
[2026-05-01T06:56:51.284+0000] {subprocess.py:106} INFO - 26/05/01 06:56:51 INFO BlockManagerInfo: Added broadcast_12_piece0 in memory on 172.30.0.7:33815 (size: 18.7 KiB, free: 434.4 MiB)
[2026-05-01T06:56:51.639+0000] {subprocess.py:106} INFO - 26/05/01 06:56:51 INFO BlockManagerInfo: Added broadcast_9_piece0 in memory on 172.30.0.7:33815 (size: 30.2 KiB, free: 434.4 MiB)
[2026-05-01T06:56:51.800+0000] {subprocess.py:106} INFO - 26/05/01 06:56:51 INFO TaskSetManager: Finished task 0.0 in stage 6.0 (TID 4) in 541 ms on 172.30.0.7 (executor 0) (1/1)
[2026-05-01T06:56:51.804+0000] {subprocess.py:106} INFO - 26/05/01 06:56:51 INFO TaskSchedulerImpl: Removed TaskSet 6.0, whose tasks have all completed, from pool
[2026-05-01T06:56:51.805+0000] {subprocess.py:106} INFO - 26/05/01 06:56:51 INFO DAGScheduler: ShuffleMapStage 6 ($anonfun$withThreadLocalCaptured$1 at <unknown>:0) finished in 0.563 s
[2026-05-01T06:56:51.806+0000] {subprocess.py:106} INFO - 26/05/01 06:56:51 INFO DAGScheduler: looking for newly runnable stages
[2026-05-01T06:56:51.806+0000] {subprocess.py:106} INFO - 26/05/01 06:56:51 INFO DAGScheduler: running: Set()
[2026-05-01T06:56:51.807+0000] {subprocess.py:106} INFO - 26/05/01 06:56:51 INFO DAGScheduler: waiting: Set()
[2026-05-01T06:56:51.807+0000] {subprocess.py:106} INFO - 26/05/01 06:56:51 INFO DAGScheduler: failed: Set()
[2026-05-01T06:56:51.816+0000] {subprocess.py:106} INFO - 26/05/01 06:56:51 INFO MemoryStore: Block broadcast_13 stored as values in memory (estimated size 40.0 B, free 434.0 MiB)
[2026-05-01T06:56:51.831+0000] {subprocess.py:106} INFO - 26/05/01 06:56:51 INFO MemoryStore: Block broadcast_13_piece0 stored as bytes in memory (estimated size 86.0 B, free 434.0 MiB)
[2026-05-01T06:56:51.832+0000] {subprocess.py:106} INFO - 26/05/01 06:56:51 INFO BlockManagerInfo: Added broadcast_13_piece0 in memory on c05002f484b8:33299 (size: 86.0 B, free: 434.2 MiB)
[2026-05-01T06:56:51.836+0000] {subprocess.py:106} INFO - 26/05/01 06:56:51 INFO SparkContext: Created broadcast 13 from sql at <unknown>:0
[2026-05-01T06:56:51.837+0000] {subprocess.py:106} INFO - 26/05/01 06:56:51 INFO BlockManagerInfo: Removed broadcast_12_piece0 on c05002f484b8:33299 in memory (size: 18.7 KiB, free: 434.2 MiB)
[2026-05-01T06:56:51.841+0000] {subprocess.py:106} INFO - 26/05/01 06:56:51 INFO BlockManagerInfo: Removed broadcast_12_piece0 on 172.30.0.7:33815 in memory (size: 18.7 KiB, free: 434.4 MiB)
[2026-05-01T06:56:51.856+0000] {subprocess.py:106} INFO - 26/05/01 06:56:51 INFO SparkCopyOnWriteScan: 0 of 2 task(s) for table iceberg.silver.it_jobs_clean matched runtime file filter with 0 location(s)
[2026-05-01T06:56:51.860+0000] {subprocess.py:106} INFO - 26/05/01 06:56:51 INFO MemoryStore: Block broadcast_14 stored as values in memory (estimated size 32.0 KiB, free 434.0 MiB)
[2026-05-01T06:56:51.863+0000] {subprocess.py:106} INFO - 26/05/01 06:56:51 INFO MemoryStore: Block broadcast_14_piece0 stored as bytes in memory (estimated size 30.4 KiB, free 434.0 MiB)
[2026-05-01T06:56:51.865+0000] {subprocess.py:106} INFO - 26/05/01 06:56:51 INFO BlockManagerInfo: Added broadcast_14_piece0 in memory on c05002f484b8:33299 (size: 30.4 KiB, free: 434.2 MiB)
[2026-05-01T06:56:51.866+0000] {subprocess.py:106} INFO - 26/05/01 06:56:51 INFO SparkContext: Created broadcast 14 from broadcast at SparkBatch.java:79
[2026-05-01T06:56:51.901+0000] {subprocess.py:106} INFO - 26/05/01 06:56:51 INFO CodeGenerator: Code generated in 10.735462 ms
[2026-05-01T06:56:51.932+0000] {subprocess.py:106} INFO - 26/05/01 06:56:51 INFO CodeGenerator: Code generated in 15.901206 ms
[2026-05-01T06:56:51.973+0000] {subprocess.py:106} INFO - 26/05/01 06:56:51 INFO DAGScheduler: Registering RDD 26 (sql at <unknown>:0) as input to shuffle 3
[2026-05-01T06:56:51.974+0000] {subprocess.py:106} INFO - 26/05/01 06:56:51 INFO DAGScheduler: Got map stage job 5 (sql at <unknown>:0) with 1 output partitions
[2026-05-01T06:56:51.975+0000] {subprocess.py:106} INFO - 26/05/01 06:56:51 INFO DAGScheduler: Final stage: ShuffleMapStage 7 (sql at <unknown>:0)
[2026-05-01T06:56:51.975+0000] {subprocess.py:106} INFO - 26/05/01 06:56:51 INFO DAGScheduler: Parents of final stage: List()
[2026-05-01T06:56:51.977+0000] {subprocess.py:106} INFO - 26/05/01 06:56:51 INFO DAGScheduler: Missing parents: List()
[2026-05-01T06:56:51.982+0000] {subprocess.py:106} INFO - 26/05/01 06:56:51 INFO DAGScheduler: Submitting ShuffleMapStage 7 (MapPartitionsRDD[26] at sql at <unknown>:0), which has no missing parents
[2026-05-01T06:56:51.995+0000] {subprocess.py:106} INFO - 26/05/01 06:56:51 INFO MemoryStore: Block broadcast_15 stored as values in memory (estimated size 59.0 KiB, free 433.9 MiB)
[2026-05-01T06:56:52.004+0000] {subprocess.py:106} INFO - 26/05/01 06:56:52 INFO MemoryStore: Block broadcast_15_piece0 stored as bytes in memory (estimated size 22.9 KiB, free 433.9 MiB)
[2026-05-01T06:56:52.005+0000] {subprocess.py:106} INFO - 26/05/01 06:56:52 INFO BlockManagerInfo: Added broadcast_15_piece0 in memory on c05002f484b8:33299 (size: 22.9 KiB, free: 434.2 MiB)
[2026-05-01T06:56:52.005+0000] {subprocess.py:106} INFO - 26/05/01 06:56:52 INFO SparkContext: Created broadcast 15 from broadcast at DAGScheduler.scala:1585
[2026-05-01T06:56:52.006+0000] {subprocess.py:106} INFO - 26/05/01 06:56:52 INFO BlockManagerInfo: Removed broadcast_14_piece0 on c05002f484b8:33299 in memory (size: 30.4 KiB, free: 434.2 MiB)
[2026-05-01T06:56:52.011+0000] {subprocess.py:106} INFO - 26/05/01 06:56:52 INFO DAGScheduler: Submitting 1 missing tasks from ShuffleMapStage 7 (MapPartitionsRDD[26] at sql at <unknown>:0) (first 15 tasks are for partitions Vector(0))
[2026-05-01T06:56:52.011+0000] {subprocess.py:106} INFO - 26/05/01 06:56:52 INFO TaskSchedulerImpl: Adding task set 7.0 with 1 tasks resource profile 0
[2026-05-01T06:56:52.017+0000] {subprocess.py:106} INFO - 26/05/01 06:56:52 INFO TaskSetManager: Starting task 0.0 in stage 7.0 (TID 5) (172.30.0.7, executor 0, partition 0, PROCESS_LOCAL, 16750 bytes)
[2026-05-01T06:56:52.034+0000] {subprocess.py:106} INFO - 26/05/01 06:56:52 INFO BlockManagerInfo: Added broadcast_15_piece0 in memory on 172.30.0.7:33815 (size: 22.9 KiB, free: 434.3 MiB)
[2026-05-01T06:56:52.425+0000] {subprocess.py:106} INFO - 26/05/01 06:56:52 INFO BlockManagerInfo: Added broadcast_11_piece0 in memory on 172.30.0.7:33815 (size: 30.2 KiB, free: 434.3 MiB)
[2026-05-01T06:56:52.569+0000] {subprocess.py:106} INFO - 26/05/01 06:56:52 INFO TaskSetManager: Finished task 0.0 in stage 7.0 (TID 5) in 555 ms on 172.30.0.7 (executor 0) (1/1)
[2026-05-01T06:56:52.570+0000] {subprocess.py:106} INFO - 26/05/01 06:56:52 INFO TaskSchedulerImpl: Removed TaskSet 7.0, whose tasks have all completed, from pool
[2026-05-01T06:56:52.572+0000] {subprocess.py:106} INFO - 26/05/01 06:56:52 INFO DAGScheduler: ShuffleMapStage 7 (sql at <unknown>:0) finished in 0.592 s
[2026-05-01T06:56:52.573+0000] {subprocess.py:106} INFO - 26/05/01 06:56:52 INFO DAGScheduler: looking for newly runnable stages
[2026-05-01T06:56:52.573+0000] {subprocess.py:106} INFO - 26/05/01 06:56:52 INFO DAGScheduler: running: Set()
[2026-05-01T06:56:52.574+0000] {subprocess.py:106} INFO - 26/05/01 06:56:52 INFO DAGScheduler: waiting: Set()
[2026-05-01T06:56:52.574+0000] {subprocess.py:106} INFO - 26/05/01 06:56:52 INFO DAGScheduler: failed: Set()
[2026-05-01T06:56:52.593+0000] {subprocess.py:106} INFO - 26/05/01 06:56:52 INFO ShufflePartitionsUtil: For shuffle(3), advisory target size: 67108864, actual target size 1048576, minimum partition size: 1048576
[2026-05-01T06:56:52.622+0000] {subprocess.py:106} INFO - 26/05/01 06:56:52 WARN SparkStringUtils: Truncated the string representation of a plan since it was too large. This behavior can be adjusted by setting 'spark.sql.debug.maxToStringFields'.
[2026-05-01T06:56:52.648+0000] {subprocess.py:106} INFO - 26/05/01 06:56:52 INFO CodeGenerator: Code generated in 16.475833 ms
[2026-05-01T06:56:52.676+0000] {subprocess.py:106} INFO - 26/05/01 06:56:52 INFO CodeGenerator: Code generated in 15.322816 ms
[2026-05-01T06:56:52.688+0000] {subprocess.py:106} INFO - 26/05/01 06:56:52 INFO CodeGenerator: Code generated in 8.630458 ms
[2026-05-01T06:56:52.761+0000] {subprocess.py:106} INFO - 26/05/01 06:56:52 INFO MemoryStore: Block broadcast_16 stored as values in memory (estimated size 32.0 KiB, free 433.9 MiB)
[2026-05-01T06:56:52.773+0000] {subprocess.py:106} INFO - 26/05/01 06:56:52 INFO MemoryStore: Block broadcast_16_piece0 stored as bytes in memory (estimated size 30.3 KiB, free 433.9 MiB)
[2026-05-01T06:56:52.775+0000] {subprocess.py:106} INFO - 26/05/01 06:56:52 INFO BlockManagerInfo: Added broadcast_16_piece0 in memory on c05002f484b8:33299 (size: 30.3 KiB, free: 434.2 MiB)
[2026-05-01T06:56:52.776+0000] {subprocess.py:106} INFO - 26/05/01 06:56:52 INFO BlockManagerInfo: Removed broadcast_15_piece0 on c05002f484b8:33299 in memory (size: 22.9 KiB, free: 434.2 MiB)
[2026-05-01T06:56:52.777+0000] {subprocess.py:106} INFO - 26/05/01 06:56:52 INFO SparkContext: Created broadcast 16 from broadcast at SparkWrite.java:193
[2026-05-01T06:56:52.779+0000] {subprocess.py:106} INFO - 26/05/01 06:56:52 INFO ReplaceDataExec: Start processing data source write support: IcebergBatchWrite(table=iceberg.silver.it_jobs_clean, format=PARQUET). The input RDD has 1 partitions.
[2026-05-01T06:56:52.781+0000] {subprocess.py:106} INFO - 26/05/01 06:56:52 INFO BlockManagerInfo: Removed broadcast_15_piece0 on 172.30.0.7:33815 in memory (size: 22.9 KiB, free: 434.3 MiB)
[2026-05-01T06:56:52.792+0000] {subprocess.py:106} INFO - 26/05/01 06:56:52 INFO SparkContext: Starting job: sql at <unknown>:0
[2026-05-01T06:56:52.794+0000] {subprocess.py:106} INFO - 26/05/01 06:56:52 INFO DAGScheduler: Got job 6 (sql at <unknown>:0) with 1 output partitions
[2026-05-01T06:56:52.795+0000] {subprocess.py:106} INFO - 26/05/01 06:56:52 INFO DAGScheduler: Final stage: ResultStage 9 (sql at <unknown>:0)
[2026-05-01T06:56:52.795+0000] {subprocess.py:106} INFO - 26/05/01 06:56:52 INFO DAGScheduler: Parents of final stage: List(ShuffleMapStage 8)
[2026-05-01T06:56:52.799+0000] {subprocess.py:106} INFO - 26/05/01 06:56:52 INFO DAGScheduler: Missing parents: List()
[2026-05-01T06:56:52.801+0000] {subprocess.py:106} INFO - 26/05/01 06:56:52 INFO DAGScheduler: Submitting ResultStage 9 (MapPartitionsRDD[32] at sql at <unknown>:0), which has no missing parents
[2026-05-01T06:56:52.810+0000] {subprocess.py:106} INFO - 26/05/01 06:56:52 INFO MemoryStore: Block broadcast_17 stored as values in memory (estimated size 97.3 KiB, free 433.9 MiB)
[2026-05-01T06:56:52.811+0000] {subprocess.py:106} INFO - 26/05/01 06:56:52 INFO MemoryStore: Block broadcast_17_piece0 stored as bytes in memory (estimated size 33.5 KiB, free 433.8 MiB)
[2026-05-01T06:56:52.812+0000] {subprocess.py:106} INFO - 26/05/01 06:56:52 INFO BlockManagerInfo: Added broadcast_17_piece0 in memory on c05002f484b8:33299 (size: 33.5 KiB, free: 434.2 MiB)
[2026-05-01T06:56:52.813+0000] {subprocess.py:106} INFO - 26/05/01 06:56:52 INFO SparkContext: Created broadcast 17 from broadcast at DAGScheduler.scala:1585
[2026-05-01T06:56:52.814+0000] {subprocess.py:106} INFO - 26/05/01 06:56:52 INFO DAGScheduler: Submitting 1 missing tasks from ResultStage 9 (MapPartitionsRDD[32] at sql at <unknown>:0) (first 15 tasks are for partitions Vector(0))
[2026-05-01T06:56:52.815+0000] {subprocess.py:106} INFO - 26/05/01 06:56:52 INFO TaskSchedulerImpl: Adding task set 9.0 with 1 tasks resource profile 0
[2026-05-01T06:56:52.816+0000] {subprocess.py:106} INFO - 26/05/01 06:56:52 INFO TaskSetManager: Starting task 0.0 in stage 9.0 (TID 6) (172.30.0.7, executor 0, partition 0, PROCESS_LOCAL, 9976 bytes)
[2026-05-01T06:56:52.859+0000] {subprocess.py:106} INFO - 26/05/01 06:56:52 INFO BlockManagerInfo: Added broadcast_17_piece0 in memory on 172.30.0.7:33815 (size: 33.5 KiB, free: 434.3 MiB)
[2026-05-01T06:56:52.923+0000] {subprocess.py:106} INFO - 26/05/01 06:56:52 INFO MapOutputTrackerMasterEndpoint: Asked to send map output locations for shuffle 3 to 172.30.0.7:44344
[2026-05-01T06:56:53.160+0000] {subprocess.py:106} INFO - 26/05/01 06:56:53 INFO BlockManagerInfo: Added broadcast_16_piece0 in memory on 172.30.0.7:33815 (size: 30.3 KiB, free: 434.3 MiB)
[2026-05-01T06:56:53.470+0000] {subprocess.py:106} INFO - 26/05/01 06:56:53 INFO TaskSetManager: Finished task 0.0 in stage 9.0 (TID 6) in 653 ms on 172.30.0.7 (executor 0) (1/1)
[2026-05-01T06:56:53.471+0000] {subprocess.py:106} INFO - 26/05/01 06:56:53 INFO DAGScheduler: ResultStage 9 (sql at <unknown>:0) finished in 0.665 s
[2026-05-01T06:56:53.472+0000] {subprocess.py:106} INFO - 26/05/01 06:56:53 INFO DAGScheduler: Job 6 is finished. Cancelling potential speculative or zombie tasks for this job
[2026-05-01T06:56:53.473+0000] {subprocess.py:106} INFO - 26/05/01 06:56:53 INFO TaskSchedulerImpl: Removed TaskSet 9.0, whose tasks have all completed, from pool
[2026-05-01T06:56:53.474+0000] {subprocess.py:106} INFO - 26/05/01 06:56:53 INFO TaskSchedulerImpl: Killing all running tasks in stage 9: Stage finished
[2026-05-01T06:56:53.474+0000] {subprocess.py:106} INFO - 26/05/01 06:56:53 INFO DAGScheduler: Job 6 finished: sql at <unknown>:0, took 0.680145 s
[2026-05-01T06:56:53.475+0000] {subprocess.py:106} INFO - 26/05/01 06:56:53 INFO ReplaceDataExec: Data source write support IcebergBatchWrite(table=iceberg.silver.it_jobs_clean, format=PARQUET) is committing.
[2026-05-01T06:56:53.501+0000] {subprocess.py:106} INFO - 26/05/01 06:56:53 INFO SparkWrite: Committing overwrite of 0 data files with 0 new data files, scanSnapshotId: 1323815688195362383, conflictDetectionFilter: true to table iceberg.silver.it_jobs_clean
[2026-05-01T06:56:53.795+0000] {subprocess.py:106} INFO - 26/05/01 06:56:53 INFO BlockManagerInfo: Removed broadcast_17_piece0 on c05002f484b8:33299 in memory (size: 33.5 KiB, free: 434.2 MiB)
[2026-05-01T06:56:53.797+0000] {subprocess.py:106} INFO - 26/05/01 06:56:53 INFO BlockManagerInfo: Removed broadcast_17_piece0 on 172.30.0.7:33815 in memory (size: 33.5 KiB, free: 434.3 MiB)
[2026-05-01T06:56:54.112+0000] {subprocess.py:106} INFO - 26/05/01 06:56:54 INFO HiveTableOperations: Committed to table iceberg.silver.it_jobs_clean with the new metadata location s3a://warehouse/iceberg_data/silver.db/it_jobs_clean/metadata/00005-25557a2b-9935-48d5-b98f-213dbb4a339d.metadata.json
[2026-05-01T06:56:54.113+0000] {subprocess.py:106} INFO - 26/05/01 06:56:54 INFO BaseMetastoreTableOperations: Successfully committed to table iceberg.silver.it_jobs_clean in 287 ms
[2026-05-01T06:56:54.113+0000] {subprocess.py:106} INFO - 26/05/01 06:56:54 INFO SnapshotProducer: Committed snapshot 663337544839578944 (BaseOverwriteFiles)
[2026-05-01T06:56:54.120+0000] {subprocess.py:106} INFO - 26/05/01 06:56:54 INFO BaseMetastoreTableOperations: Refreshing table metadata from new version: s3a://warehouse/iceberg_data/silver.db/it_jobs_clean/metadata/00005-25557a2b-9935-48d5-b98f-213dbb4a339d.metadata.json
[2026-05-01T06:56:54.189+0000] {subprocess.py:106} INFO - 26/05/01 06:56:54 INFO LoggingMetricsReporter: Received metrics report: CommitReport{tableName=iceberg.silver.it_jobs_clean, snapshotId=663337544839578944, sequenceNumber=6, operation=overwrite, commitMetrics=CommitMetricsResult{totalDuration=TimerResult{timeUnit=NANOSECONDS, totalDuration=PT0.649898494S, count=1}, attempts=CounterResult{unit=COUNT, value=1}, addedDataFiles=null, removedDataFiles=null, totalDataFiles=CounterResult{unit=COUNT, value=2}, addedDeleteFiles=null, addedEqualityDeleteFiles=null, addedPositionalDeleteFiles=null, removedDeleteFiles=null, removedEqualityDeleteFiles=null, removedPositionalDeleteFiles=null, totalDeleteFiles=CounterResult{unit=COUNT, value=0}, addedRecords=null, removedRecords=null, totalRecords=CounterResult{unit=COUNT, value=13926}, addedFilesSizeInBytes=null, removedFilesSizeInBytes=null, totalFilesSizeInBytes=CounterResult{unit=BYTES, value=529243}, addedPositionalDeletes=null, removedPositionalDeletes=null, totalPositionalDeletes=CounterResult{unit=COUNT, value=0}, addedEqualityDeletes=null, removedEqualityDeletes=null, totalEqualityDeletes=CounterResult{unit=COUNT, value=0}}, metadata={engine-version=3.5.3, app-id=app-20260501065633-0004, engine-name=spark, iceberg-version=Apache Iceberg 1.6.1 (commit 8e9d59d299be42b0bca9461457cd1e95dbaad086)}}
[2026-05-01T06:56:54.190+0000] {subprocess.py:106} INFO - 26/05/01 06:56:54 INFO SparkWrite: Committed in 686 ms
[2026-05-01T06:56:54.190+0000] {subprocess.py:106} INFO - 26/05/01 06:56:54 INFO ReplaceDataExec: Data source write support IcebergBatchWrite(table=iceberg.silver.it_jobs_clean, format=PARQUET) committed.
[2026-05-01T06:56:54.192+0000] {subprocess.py:106} INFO - >>> SUCCESS: Data Merged (Upsert).
[2026-05-01T06:56:54.194+0000] {subprocess.py:106} INFO - 26/05/01 06:56:54 INFO SparkContext: SparkContext is stopping with exitCode 0.
[2026-05-01T06:56:54.203+0000] {subprocess.py:106} INFO - 26/05/01 06:56:54 INFO SparkUI: Stopped Spark web UI at http://c05002f484b8:4040
[2026-05-01T06:56:54.208+0000] {subprocess.py:106} INFO - 26/05/01 06:56:54 INFO StandaloneSchedulerBackend: Shutting down all executors
[2026-05-01T06:56:54.208+0000] {subprocess.py:106} INFO - 26/05/01 06:56:54 INFO StandaloneSchedulerBackend$StandaloneDriverEndpoint: Asking each executor to shut down
[2026-05-01T06:56:54.229+0000] {subprocess.py:106} INFO - 26/05/01 06:56:54 INFO MapOutputTrackerMasterEndpoint: MapOutputTrackerMasterEndpoint stopped!
[2026-05-01T06:56:54.248+0000] {subprocess.py:106} INFO - 26/05/01 06:56:54 INFO MemoryStore: MemoryStore cleared
[2026-05-01T06:56:54.251+0000] {subprocess.py:106} INFO - 26/05/01 06:56:54 INFO BlockManager: BlockManager stopped
[2026-05-01T06:56:54.252+0000] {subprocess.py:106} INFO - 26/05/01 06:56:54 INFO BlockManagerMaster: BlockManagerMaster stopped
[2026-05-01T06:56:54.258+0000] {subprocess.py:106} INFO - 26/05/01 06:56:54 INFO OutputCommitCoordinator$OutputCommitCoordinatorEndpoint: OutputCommitCoordinator stopped!
[2026-05-01T06:56:54.314+0000] {subprocess.py:106} INFO - 26/05/01 06:56:54 INFO SparkContext: Successfully stopped SparkContext
[2026-05-01T06:56:54.406+0000] {subprocess.py:106} INFO - 26/05/01 06:56:54 INFO ShutdownHookManager: Shutdown hook called
[2026-05-01T06:56:54.410+0000] {subprocess.py:106} INFO - 26/05/01 06:56:54 INFO ShutdownHookManager: Deleting directory /tmp/spark-ed58b946-9c3d-4743-86df-4c83f78f2cc3
[2026-05-01T06:56:54.413+0000] {subprocess.py:106} INFO - 26/05/01 06:56:54 INFO ShutdownHookManager: Deleting directory /tmp/spark-7e6b0ef0-084f-409e-8e74-4e13fc0d8103/pyspark-ee8520a9-11e9-4cb6-ae3d-09485f819400
[2026-05-01T06:56:54.417+0000] {subprocess.py:106} INFO - 26/05/01 06:56:54 INFO ShutdownHookManager: Deleting directory /tmp/spark-7e6b0ef0-084f-409e-8e74-4e13fc0d8103
[2026-05-01T06:56:54.426+0000] {subprocess.py:106} INFO - 26/05/01 06:56:54 INFO MetricsSystemImpl: Stopping s3a-file-system metrics system...
[2026-05-01T06:56:54.427+0000] {subprocess.py:106} INFO - 26/05/01 06:56:54 INFO MetricsSystemImpl: s3a-file-system metrics system stopped.
[2026-05-01T06:56:54.428+0000] {subprocess.py:106} INFO - 26/05/01 06:56:54 INFO MetricsSystemImpl: s3a-file-system metrics system shutdown complete.
[2026-05-01T06:56:54.546+0000] {subprocess.py:110} INFO - Command exited with return code 0
[2026-05-01T06:56:54.622+0000] {taskinstance.py:341} INFO - ::group::Post task execution logs
[2026-05-01T06:56:54.622+0000] {taskinstance.py:353} INFO - Marking task as SUCCESS. dag_id=crawl_etl_itjob, task_id=clean_silver, run_id=scheduled__2026-04-30T02:00:00+00:00, execution_date=20260430T020000, start_date=20260501T065629, end_date=20260501T065654
[2026-05-01T06:56:54.720+0000] {local_task_job_runner.py:266} INFO - Task exited with return code 0
[2026-05-01T06:56:54.750+0000] {taskinstance.py:3901} INFO - 1 downstream tasks scheduled from follow-on schedule check
[2026-05-01T06:56:54.752+0000] {local_task_job_runner.py:245} INFO - ::endgroup::
