[2026-03-21T04:56:43.366+0000] {local_task_job_runner.py:123} INFO - ::group::Pre task execution logs
[2026-03-21T04:56:43.401+0000] {taskinstance.py:2614} INFO - Dependencies all met for dep_context=non-requeueable deps ti=<TaskInstance: crawl_etl_itjob.load_bronze scheduled__2026-03-20T02:00:00+00:00 [queued]>
[2026-03-21T04:56:43.409+0000] {taskinstance.py:2614} INFO - Dependencies all met for dep_context=requeueable deps ti=<TaskInstance: crawl_etl_itjob.load_bronze scheduled__2026-03-20T02:00:00+00:00 [queued]>
[2026-03-21T04:56:43.410+0000] {taskinstance.py:2867} INFO - Starting attempt 1 of 2
[2026-03-21T04:56:43.421+0000] {taskinstance.py:2890} INFO - Executing <Task(BashOperator): load_bronze> on 2026-03-20 02:00:00+00:00
[2026-03-21T04:56:43.424+0000] {standard_task_runner.py:72} INFO - Started process 113 to run task
[2026-03-21T04:56:43.428+0000] {standard_task_runner.py:104} INFO - Running: ['***', 'tasks', 'run', 'crawl_etl_itjob', 'load_bronze', 'scheduled__2026-03-20T02:00:00+00:00', '--job-id', '689', '--raw', '--subdir', 'DAGS_FOLDER/Crawl_ETL_ITJob.py', '--cfg-path', '/tmp/tmptqv54h3y']
[2026-03-21T04:56:43.429+0000] {standard_task_runner.py:105} INFO - Job 689: Subtask load_bronze
[2026-03-21T04:56:43.451+0000] {warnings.py:109} WARNING - /home/***/.local/lib/python3.8/site-packages/***/settings.py:209: DeprecationWarning: The sql_alchemy_conn option in [core] has been moved to the sql_alchemy_conn option in [database] - the old setting has been used, but please update your config.
  SQL_ALCHEMY_CONN = conf.get("database", "SQL_ALCHEMY_CONN")

[2026-03-21T04:56:43.524+0000] {task_command.py:467} INFO - Running <TaskInstance: crawl_etl_itjob.load_bronze scheduled__2026-03-20T02:00:00+00:00 [running]> on host b48ab74ce2ed
[2026-03-21T04:56:43.524+0000] {warnings.py:109} WARNING - /home/***/.local/lib/python3.8/site-packages/***/settings.py:470: DeprecationWarning: The sql_alchemy_conn option in [core] has been moved to the sql_alchemy_conn option in [database] - the old setting has been used, but please update your config.
  if conf.get("database", "sql_alchemy_conn") == "none://":

[2026-03-21T04:56:43.639+0000] {taskinstance.py:3134} INFO - Exporting env vars: AIRFLOW_CTX_DAG_EMAIL='hoa856856@gmail.com' AIRFLOW_CTX_DAG_OWNER='***' AIRFLOW_CTX_DAG_ID='crawl_etl_itjob' AIRFLOW_CTX_TASK_ID='load_bronze' AIRFLOW_CTX_EXECUTION_DATE='2026-03-20T02:00:00+00:00' AIRFLOW_CTX_TRY_NUMBER='1' AIRFLOW_CTX_DAG_RUN_ID='scheduled__2026-03-20T02:00:00+00:00'
[2026-03-21T04:56:43.640+0000] {taskinstance.py:732} INFO - ::endgroup::
[2026-03-21T04:56:43.652+0000] {subprocess.py:78} INFO - Tmp dir root location: /tmp
[2026-03-21T04:56:43.653+0000] {subprocess.py:88} INFO - Running command: ['/bin/bash', '-c', "\n        docker exec spark-submit bash -c '\n        /opt/spark/bin/spark-submit         --master spark://spark-master:7077         --deploy-mode client         --packages org.apache.iceberg:iceberg-spark-runtime-3.5_2.12:1.5.0,org.apache.hadoop:hadoop-aws:3.3.4,com.amazonaws:aws-java-sdk-bundle:1.12.262         /opt/spark/scripts/Load_Bronze.py\n        '\n        "]
[2026-03-21T04:56:43.662+0000] {subprocess.py:99} INFO - Output:
[2026-03-21T04:56:43.758+0000] {subprocess.py:106} INFO - /opt/spark/bin/load-spark-env.sh: line 68: ps: command not found
[2026-03-21T04:56:45.328+0000] {subprocess.py:106} INFO - :: loading settings :: url = jar:file:/opt/spark/jars/ivy-2.5.1.jar!/org/apache/ivy/core/settings/ivysettings.xml
[2026-03-21T04:56:45.421+0000] {subprocess.py:106} INFO - Ivy Default Cache set to: /home/spark/.ivy2/cache
[2026-03-21T04:56:45.422+0000] {subprocess.py:106} INFO - The jars for the packages stored in: /home/spark/.ivy2/jars
[2026-03-21T04:56:45.426+0000] {subprocess.py:106} INFO - org.apache.iceberg#iceberg-spark-runtime-3.5_2.12 added as a dependency
[2026-03-21T04:56:45.427+0000] {subprocess.py:106} INFO - org.apache.hadoop#hadoop-aws added as a dependency
[2026-03-21T04:56:45.428+0000] {subprocess.py:106} INFO - com.amazonaws#aws-java-sdk-bundle added as a dependency
[2026-03-21T04:56:45.428+0000] {subprocess.py:106} INFO - :: resolving dependencies :: org.apache.spark#spark-submit-parent-b85cfd24-fdad-4684-9cf6-7cc5e81b6ccd;1.0
[2026-03-21T04:56:45.429+0000] {subprocess.py:106} INFO - 	confs: [default]
[2026-03-21T04:56:45.518+0000] {subprocess.py:106} INFO - 	found org.apache.iceberg#iceberg-spark-runtime-3.5_2.12;1.5.0 in central
[2026-03-21T04:56:45.588+0000] {subprocess.py:106} INFO - 	found org.apache.hadoop#hadoop-aws;3.3.4 in central
[2026-03-21T04:56:45.616+0000] {subprocess.py:106} INFO - 	found com.amazonaws#aws-java-sdk-bundle;1.12.262 in central
[2026-03-21T04:56:45.637+0000] {subprocess.py:106} INFO - 	found org.wildfly.openssl#wildfly-openssl;1.0.7.Final in central
[2026-03-21T04:56:45.661+0000] {subprocess.py:106} INFO - :: resolution report :: resolve 224ms :: artifacts dl 9ms
[2026-03-21T04:56:45.662+0000] {subprocess.py:106} INFO - 	:: modules in use:
[2026-03-21T04:56:45.663+0000] {subprocess.py:106} INFO - 	com.amazonaws#aws-java-sdk-bundle;1.12.262 from central in [default]
[2026-03-21T04:56:45.663+0000] {subprocess.py:106} INFO - 	org.apache.hadoop#hadoop-aws;3.3.4 from central in [default]
[2026-03-21T04:56:45.664+0000] {subprocess.py:106} INFO - 	org.apache.iceberg#iceberg-spark-runtime-3.5_2.12;1.5.0 from central in [default]
[2026-03-21T04:56:45.665+0000] {subprocess.py:106} INFO - 	org.wildfly.openssl#wildfly-openssl;1.0.7.Final from central in [default]
[2026-03-21T04:56:45.665+0000] {subprocess.py:106} INFO - 	---------------------------------------------------------------------
[2026-03-21T04:56:45.666+0000] {subprocess.py:106} INFO - 	|                  |            modules            ||   artifacts   |
[2026-03-21T04:56:45.666+0000] {subprocess.py:106} INFO - 	|       conf       | number| search|dwnlded|evicted|| number|dwnlded|
[2026-03-21T04:56:45.667+0000] {subprocess.py:106} INFO - 	---------------------------------------------------------------------
[2026-03-21T04:56:45.667+0000] {subprocess.py:106} INFO - 	|      default     |   4   |   0   |   0   |   0   ||   4   |   0   |
[2026-03-21T04:56:45.668+0000] {subprocess.py:106} INFO - 	---------------------------------------------------------------------
[2026-03-21T04:56:45.669+0000] {subprocess.py:106} INFO - :: retrieving :: org.apache.spark#spark-submit-parent-b85cfd24-fdad-4684-9cf6-7cc5e81b6ccd
[2026-03-21T04:56:45.669+0000] {subprocess.py:106} INFO - 	confs: [default]
[2026-03-21T04:56:45.679+0000] {subprocess.py:106} INFO - 	0 artifacts copied, 4 already retrieved (0kB/10ms)
[2026-03-21T04:56:45.913+0000] {subprocess.py:106} INFO - 26/03/21 04:56:45 WARN NativeCodeLoader: Unable to load native-hadoop library for your platform... using builtin-java classes where applicable
[2026-03-21T04:56:49.884+0000] {subprocess.py:106} INFO - 26/03/21 04:56:49 INFO SparkContext: Running Spark version 3.5.3
[2026-03-21T04:56:49.885+0000] {subprocess.py:106} INFO - 26/03/21 04:56:49 INFO SparkContext: OS info Linux, 6.6.87.2-microsoft-standard-WSL2, amd64
[2026-03-21T04:56:49.886+0000] {subprocess.py:106} INFO - 26/03/21 04:56:49 INFO SparkContext: Java version 11.0.30
[2026-03-21T04:56:49.917+0000] {subprocess.py:106} INFO - 26/03/21 04:56:49 INFO ResourceUtils: ==============================================================
[2026-03-21T04:56:49.918+0000] {subprocess.py:106} INFO - 26/03/21 04:56:49 INFO ResourceUtils: No custom resources configured for spark.driver.
[2026-03-21T04:56:49.919+0000] {subprocess.py:106} INFO - 26/03/21 04:56:49 INFO ResourceUtils: ==============================================================
[2026-03-21T04:56:49.920+0000] {subprocess.py:106} INFO - 26/03/21 04:56:49 INFO SparkContext: Submitted application: Load_Bronze_MinIO_Iceberg
[2026-03-21T04:56:49.950+0000] {subprocess.py:106} INFO - 26/03/21 04:56:49 INFO ResourceProfile: Default ResourceProfile created, executor resources: Map(memory -> name: memory, amount: 1024, script: , vendor: , offHeap -> name: offHeap, amount: 0, script: , vendor: ), task resources: Map(cpus -> name: cpus, amount: 1.0)
[2026-03-21T04:56:49.962+0000] {subprocess.py:106} INFO - 26/03/21 04:56:49 INFO ResourceProfile: Limiting resource is cpu
[2026-03-21T04:56:49.963+0000] {subprocess.py:106} INFO - 26/03/21 04:56:49 INFO ResourceProfileManager: Added ResourceProfile id: 0
[2026-03-21T04:56:50.017+0000] {subprocess.py:106} INFO - 26/03/21 04:56:50 INFO SecurityManager: Changing view acls to: spark
[2026-03-21T04:56:50.019+0000] {subprocess.py:106} INFO - 26/03/21 04:56:50 INFO SecurityManager: Changing modify acls to: spark
[2026-03-21T04:56:50.020+0000] {subprocess.py:106} INFO - 26/03/21 04:56:50 INFO SecurityManager: Changing view acls groups to:
[2026-03-21T04:56:50.020+0000] {subprocess.py:106} INFO - 26/03/21 04:56:50 INFO SecurityManager: Changing modify acls groups to:
[2026-03-21T04:56:50.021+0000] {subprocess.py:106} INFO - 26/03/21 04:56:50 INFO SecurityManager: SecurityManager: authentication disabled; ui acls disabled; users with view permissions: spark; groups with view permissions: EMPTY; users with modify permissions: spark; groups with modify permissions: EMPTY
[2026-03-21T04:56:50.235+0000] {subprocess.py:106} INFO - 26/03/21 04:56:50 INFO Utils: Successfully started service 'sparkDriver' on port 45503.
[2026-03-21T04:56:50.267+0000] {subprocess.py:106} INFO - 26/03/21 04:56:50 INFO SparkEnv: Registering MapOutputTracker
[2026-03-21T04:56:50.306+0000] {subprocess.py:106} INFO - 26/03/21 04:56:50 INFO SparkEnv: Registering BlockManagerMaster
[2026-03-21T04:56:50.321+0000] {subprocess.py:106} INFO - 26/03/21 04:56:50 INFO BlockManagerMasterEndpoint: Using org.apache.spark.storage.DefaultTopologyMapper for getting topology information
[2026-03-21T04:56:50.322+0000] {subprocess.py:106} INFO - 26/03/21 04:56:50 INFO BlockManagerMasterEndpoint: BlockManagerMasterEndpoint up
[2026-03-21T04:56:50.327+0000] {subprocess.py:106} INFO - 26/03/21 04:56:50 INFO SparkEnv: Registering BlockManagerMasterHeartbeat
[2026-03-21T04:56:50.346+0000] {subprocess.py:106} INFO - 26/03/21 04:56:50 INFO DiskBlockManager: Created local directory at /tmp/blockmgr-7bd9e061-7f36-41cb-8f7d-f70e704997f7
[2026-03-21T04:56:50.358+0000] {subprocess.py:106} INFO - 26/03/21 04:56:50 INFO MemoryStore: MemoryStore started with capacity 434.4 MiB
[2026-03-21T04:56:50.371+0000] {subprocess.py:106} INFO - 26/03/21 04:56:50 INFO SparkEnv: Registering OutputCommitCoordinator
[2026-03-21T04:56:50.496+0000] {subprocess.py:106} INFO - 26/03/21 04:56:50 INFO JettyUtils: Start Jetty 0.0.0.0:4040 for SparkUI
[2026-03-21T04:56:50.560+0000] {subprocess.py:106} INFO - 26/03/21 04:56:50 INFO Utils: Successfully started service 'SparkUI' on port 4040.
[2026-03-21T04:56:50.611+0000] {subprocess.py:106} INFO - 26/03/21 04:56:50 INFO SparkContext: Added JAR file:///home/spark/.ivy2/jars/org.apache.iceberg_iceberg-spark-runtime-3.5_2.12-1.5.0.jar at spark://2c78fe4103d4:45503/jars/org.apache.iceberg_iceberg-spark-runtime-3.5_2.12-1.5.0.jar with timestamp 1774069009872
[2026-03-21T04:56:50.612+0000] {subprocess.py:106} INFO - 26/03/21 04:56:50 INFO SparkContext: Added JAR file:///home/spark/.ivy2/jars/org.apache.hadoop_hadoop-aws-3.3.4.jar at spark://2c78fe4103d4:45503/jars/org.apache.hadoop_hadoop-aws-3.3.4.jar with timestamp 1774069009872
[2026-03-21T04:56:50.613+0000] {subprocess.py:106} INFO - 26/03/21 04:56:50 INFO SparkContext: Added JAR file:///home/spark/.ivy2/jars/com.amazonaws_aws-java-sdk-bundle-1.12.262.jar at spark://2c78fe4103d4:45503/jars/com.amazonaws_aws-java-sdk-bundle-1.12.262.jar with timestamp 1774069009872
[2026-03-21T04:56:50.613+0000] {subprocess.py:106} INFO - 26/03/21 04:56:50 INFO SparkContext: Added JAR file:///home/spark/.ivy2/jars/org.wildfly.openssl_wildfly-openssl-1.0.7.Final.jar at spark://2c78fe4103d4:45503/jars/org.wildfly.openssl_wildfly-openssl-1.0.7.Final.jar with timestamp 1774069009872
[2026-03-21T04:56:50.618+0000] {subprocess.py:106} INFO - 26/03/21 04:56:50 INFO SparkContext: Added file file:///home/spark/.ivy2/jars/org.apache.iceberg_iceberg-spark-runtime-3.5_2.12-1.5.0.jar at spark://2c78fe4103d4:45503/files/org.apache.iceberg_iceberg-spark-runtime-3.5_2.12-1.5.0.jar with timestamp 1774069009872
[2026-03-21T04:56:50.620+0000] {subprocess.py:106} INFO - 26/03/21 04:56:50 INFO Utils: Copying /home/spark/.ivy2/jars/org.apache.iceberg_iceberg-spark-runtime-3.5_2.12-1.5.0.jar to /tmp/spark-989dfa32-00c6-4494-abff-11d98f78da6d/userFiles-bb356492-939a-4607-a5c2-03dc1f1680cc/org.apache.iceberg_iceberg-spark-runtime-3.5_2.12-1.5.0.jar
[2026-03-21T04:56:50.668+0000] {subprocess.py:106} INFO - 26/03/21 04:56:50 INFO SparkContext: Added file file:///home/spark/.ivy2/jars/org.apache.hadoop_hadoop-aws-3.3.4.jar at spark://2c78fe4103d4:45503/files/org.apache.hadoop_hadoop-aws-3.3.4.jar with timestamp 1774069009872
[2026-03-21T04:56:50.669+0000] {subprocess.py:106} INFO - 26/03/21 04:56:50 INFO Utils: Copying /home/spark/.ivy2/jars/org.apache.hadoop_hadoop-aws-3.3.4.jar to /tmp/spark-989dfa32-00c6-4494-abff-11d98f78da6d/userFiles-bb356492-939a-4607-a5c2-03dc1f1680cc/org.apache.hadoop_hadoop-aws-3.3.4.jar
[2026-03-21T04:56:50.674+0000] {subprocess.py:106} INFO - 26/03/21 04:56:50 INFO SparkContext: Added file file:///home/spark/.ivy2/jars/com.amazonaws_aws-java-sdk-bundle-1.12.262.jar at spark://2c78fe4103d4:45503/files/com.amazonaws_aws-java-sdk-bundle-1.12.262.jar with timestamp 1774069009872
[2026-03-21T04:56:50.674+0000] {subprocess.py:106} INFO - 26/03/21 04:56:50 INFO Utils: Copying /home/spark/.ivy2/jars/com.amazonaws_aws-java-sdk-bundle-1.12.262.jar to /tmp/spark-989dfa32-00c6-4494-abff-11d98f78da6d/userFiles-bb356492-939a-4607-a5c2-03dc1f1680cc/com.amazonaws_aws-java-sdk-bundle-1.12.262.jar
[2026-03-21T04:56:50.883+0000] {subprocess.py:106} INFO - 26/03/21 04:56:50 INFO SparkContext: Added file file:///home/spark/.ivy2/jars/org.wildfly.openssl_wildfly-openssl-1.0.7.Final.jar at spark://2c78fe4103d4:45503/files/org.wildfly.openssl_wildfly-openssl-1.0.7.Final.jar with timestamp 1774069009872
[2026-03-21T04:56:50.885+0000] {subprocess.py:106} INFO - 26/03/21 04:56:50 INFO Utils: Copying /home/spark/.ivy2/jars/org.wildfly.openssl_wildfly-openssl-1.0.7.Final.jar to /tmp/spark-989dfa32-00c6-4494-abff-11d98f78da6d/userFiles-bb356492-939a-4607-a5c2-03dc1f1680cc/org.wildfly.openssl_wildfly-openssl-1.0.7.Final.jar
[2026-03-21T04:56:50.989+0000] {subprocess.py:106} INFO - 26/03/21 04:56:50 INFO StandaloneAppClient$ClientEndpoint: Connecting to master spark://spark-master:7077...
[2026-03-21T04:56:51.036+0000] {subprocess.py:106} INFO - 26/03/21 04:56:51 INFO TransportClientFactory: Successfully created connection to spark-master/172.30.0.5:7077 after 25 ms (0 ms spent in bootstraps)
[2026-03-21T04:56:51.130+0000] {subprocess.py:106} INFO - 26/03/21 04:56:51 INFO StandaloneSchedulerBackend: Connected to Spark cluster with app ID app-20260321045651-0003
[2026-03-21T04:56:51.132+0000] {subprocess.py:106} INFO - 26/03/21 04:56:51 INFO StandaloneAppClient$ClientEndpoint: Executor added: app-20260321045651-0003/0 on worker-20260321042636-172.30.0.6-32893 (172.30.0.6:32893) with 8 core(s)
[2026-03-21T04:56:51.134+0000] {subprocess.py:106} INFO - 26/03/21 04:56:51 INFO StandaloneSchedulerBackend: Granted executor ID app-20260321045651-0003/0 on hostPort 172.30.0.6:32893 with 8 core(s), 1024.0 MiB RAM
[2026-03-21T04:56:51.143+0000] {subprocess.py:106} INFO - 26/03/21 04:56:51 INFO Utils: Successfully started service 'org.apache.spark.network.netty.NettyBlockTransferService' on port 33965.
[2026-03-21T04:56:51.148+0000] {subprocess.py:106} INFO - 26/03/21 04:56:51 INFO NettyBlockTransferService: Server created on 2c78fe4103d4:33965
[2026-03-21T04:56:51.149+0000] {subprocess.py:106} INFO - 26/03/21 04:56:51 INFO BlockManager: Using org.apache.spark.storage.RandomBlockReplicationPolicy for block replication policy
[2026-03-21T04:56:51.153+0000] {subprocess.py:106} INFO - 26/03/21 04:56:51 INFO BlockManagerMaster: Registering BlockManager BlockManagerId(driver, 2c78fe4103d4, 33965, None)
[2026-03-21T04:56:51.157+0000] {subprocess.py:106} INFO - 26/03/21 04:56:51 INFO BlockManagerMasterEndpoint: Registering block manager 2c78fe4103d4:33965 with 434.4 MiB RAM, BlockManagerId(driver, 2c78fe4103d4, 33965, None)
[2026-03-21T04:56:51.160+0000] {subprocess.py:106} INFO - 26/03/21 04:56:51 INFO BlockManagerMaster: Registered BlockManager BlockManagerId(driver, 2c78fe4103d4, 33965, None)
[2026-03-21T04:56:51.164+0000] {subprocess.py:106} INFO - 26/03/21 04:56:51 INFO BlockManager: Initialized BlockManager: BlockManagerId(driver, 2c78fe4103d4, 33965, None)
[2026-03-21T04:56:51.181+0000] {subprocess.py:106} INFO - 26/03/21 04:56:51 INFO StandaloneAppClient$ClientEndpoint: Executor updated: app-20260321045651-0003/0 is now RUNNING
[2026-03-21T04:56:51.548+0000] {subprocess.py:106} INFO - 26/03/21 04:56:51 INFO StandaloneSchedulerBackend: SchedulerBackend is ready for scheduling beginning after reached minRegisteredResourcesRatio: 0.0
[2026-03-21T04:56:51.830+0000] {subprocess.py:106} INFO - Reading data from: s3a://warehouse/raw/itviec_jobs_full.csv
[2026-03-21T04:56:51.840+0000] {subprocess.py:106} INFO - 26/03/21 04:56:51 INFO SharedState: Setting hive.metastore.warehouse.dir ('null') to the value of spark.sql.warehouse.dir.
[2026-03-21T04:56:51.843+0000] {subprocess.py:106} INFO - 26/03/21 04:56:51 INFO SharedState: Warehouse path is 'file:/opt/spark/spark-warehouse'.
[2026-03-21T04:56:53.772+0000] {subprocess.py:106} INFO - 26/03/21 04:56:53 WARN MetricsConfig: Cannot locate configuration: tried hadoop-metrics2-s3a-file-system.properties,hadoop-metrics2.properties
[2026-03-21T04:56:53.789+0000] {subprocess.py:106} INFO - 26/03/21 04:56:53 INFO MetricsSystemImpl: Scheduled Metric snapshot period at 10 second(s).
[2026-03-21T04:56:53.790+0000] {subprocess.py:106} INFO - 26/03/21 04:56:53 INFO MetricsSystemImpl: s3a-file-system metrics system started
[2026-03-21T04:56:54.699+0000] {subprocess.py:106} INFO - 26/03/21 04:56:54 INFO StandaloneSchedulerBackend$StandaloneDriverEndpoint: Registered executor NettyRpcEndpointRef(spark-client://Executor) (172.30.0.6:51580) with ID 0,  ResourceProfileId 0
[2026-03-21T04:56:54.841+0000] {subprocess.py:106} INFO - 26/03/21 04:56:54 INFO BlockManagerMasterEndpoint: Registering block manager 172.30.0.6:37605 with 434.4 MiB RAM, BlockManagerId(0, 172.30.0.6, 37605, None)
[2026-03-21T04:56:55.477+0000] {subprocess.py:106} INFO - 26/03/21 04:56:55 INFO InMemoryFileIndex: It took 180 ms to list leaf files for 1 paths.
[2026-03-21T04:56:55.726+0000] {subprocess.py:106} INFO - 26/03/21 04:56:55 INFO MemoryStore: Block broadcast_0 stored as values in memory (estimated size 206.2 KiB, free 434.2 MiB)
[2026-03-21T04:56:55.875+0000] {subprocess.py:106} INFO - 26/03/21 04:56:55 INFO MemoryStore: Block broadcast_0_piece0 stored as bytes in memory (estimated size 36.1 KiB, free 434.2 MiB)
[2026-03-21T04:56:55.878+0000] {subprocess.py:106} INFO - 26/03/21 04:56:55 INFO BlockManagerInfo: Added broadcast_0_piece0 in memory on 2c78fe4103d4:33965 (size: 36.1 KiB, free: 434.4 MiB)
[2026-03-21T04:56:55.888+0000] {subprocess.py:106} INFO - 26/03/21 04:56:55 INFO SparkContext: Created broadcast 0 from csv at NativeMethodAccessorImpl.java:0
[2026-03-21T04:56:56.462+0000] {subprocess.py:106} INFO - 26/03/21 04:56:56 INFO FileInputFormat: Total input files to process : 1
[2026-03-21T04:56:56.470+0000] {subprocess.py:106} INFO - 26/03/21 04:56:56 INFO FileInputFormat: Total input files to process : 1
[2026-03-21T04:56:56.525+0000] {subprocess.py:106} INFO - 26/03/21 04:56:56 INFO SparkContext: Starting job: csv at NativeMethodAccessorImpl.java:0
[2026-03-21T04:56:56.545+0000] {subprocess.py:106} INFO - 26/03/21 04:56:56 INFO DAGScheduler: Got job 0 (csv at NativeMethodAccessorImpl.java:0) with 1 output partitions
[2026-03-21T04:56:56.548+0000] {subprocess.py:106} INFO - 26/03/21 04:56:56 INFO DAGScheduler: Final stage: ResultStage 0 (csv at NativeMethodAccessorImpl.java:0)
[2026-03-21T04:56:56.549+0000] {subprocess.py:106} INFO - 26/03/21 04:56:56 INFO DAGScheduler: Parents of final stage: List()
[2026-03-21T04:56:56.551+0000] {subprocess.py:106} INFO - 26/03/21 04:56:56 INFO DAGScheduler: Missing parents: List()
[2026-03-21T04:56:56.560+0000] {subprocess.py:106} INFO - 26/03/21 04:56:56 INFO DAGScheduler: Submitting ResultStage 0 (MapPartitionsRDD[2] at csv at NativeMethodAccessorImpl.java:0), which has no missing parents
[2026-03-21T04:56:56.587+0000] {subprocess.py:106} INFO - 26/03/21 04:56:56 INFO MemoryStore: Block broadcast_1 stored as values in memory (estimated size 7.6 KiB, free 434.2 MiB)
[2026-03-21T04:56:56.628+0000] {subprocess.py:106} INFO - 26/03/21 04:56:56 INFO MemoryStore: Block broadcast_1_piece0 stored as bytes in memory (estimated size 4.4 KiB, free 434.2 MiB)
[2026-03-21T04:56:56.632+0000] {subprocess.py:106} INFO - 26/03/21 04:56:56 INFO BlockManagerInfo: Added broadcast_1_piece0 in memory on 2c78fe4103d4:33965 (size: 4.4 KiB, free: 434.4 MiB)
[2026-03-21T04:56:56.640+0000] {subprocess.py:106} INFO - 26/03/21 04:56:56 INFO SparkContext: Created broadcast 1 from broadcast at DAGScheduler.scala:1585
[2026-03-21T04:56:56.676+0000] {subprocess.py:106} INFO - 26/03/21 04:56:56 INFO DAGScheduler: Submitting 1 missing tasks from ResultStage 0 (MapPartitionsRDD[2] at csv at NativeMethodAccessorImpl.java:0) (first 15 tasks are for partitions Vector(0))
[2026-03-21T04:56:56.684+0000] {subprocess.py:106} INFO - 26/03/21 04:56:56 INFO TaskSchedulerImpl: Adding task set 0.0 with 1 tasks resource profile 0
[2026-03-21T04:56:58.170+0000] {subprocess.py:106} INFO - 26/03/21 04:56:58 INFO TaskSetManager: Starting task 0.0 in stage 0.0 (TID 0) (172.30.0.6, executor 0, partition 0, PROCESS_LOCAL, 10108 bytes)
[2026-03-21T04:56:58.423+0000] {subprocess.py:106} INFO - 26/03/21 04:56:58 INFO BlockManagerInfo: Added broadcast_1_piece0 in memory on 172.30.0.6:37605 (size: 4.4 KiB, free: 434.4 MiB)
[2026-03-21T04:56:58.613+0000] {subprocess.py:106} INFO - 26/03/21 04:56:58 INFO BlockManagerInfo: Added broadcast_0_piece0 in memory on 172.30.0.6:37605 (size: 36.1 KiB, free: 434.4 MiB)
[2026-03-21T04:56:59.922+0000] {subprocess.py:106} INFO - 26/03/21 04:56:59 INFO TaskSetManager: Finished task 0.0 in stage 0.0 (TID 0) in 1767 ms on 172.30.0.6 (executor 0) (1/1)
[2026-03-21T04:56:59.925+0000] {subprocess.py:106} INFO - 26/03/21 04:56:59 INFO TaskSchedulerImpl: Removed TaskSet 0.0, whose tasks have all completed, from pool
[2026-03-21T04:56:59.932+0000] {subprocess.py:106} INFO - 26/03/21 04:56:59 INFO DAGScheduler: ResultStage 0 (csv at NativeMethodAccessorImpl.java:0) finished in 3.352 s
[2026-03-21T04:56:59.939+0000] {subprocess.py:106} INFO - 26/03/21 04:56:59 INFO DAGScheduler: Job 0 is finished. Cancelling potential speculative or zombie tasks for this job
[2026-03-21T04:56:59.940+0000] {subprocess.py:106} INFO - 26/03/21 04:56:59 INFO TaskSchedulerImpl: Killing all running tasks in stage 0: Stage finished
[2026-03-21T04:56:59.943+0000] {subprocess.py:106} INFO - 26/03/21 04:56:59 INFO DAGScheduler: Job 0 finished: csv at NativeMethodAccessorImpl.java:0, took 3.417767 s
[2026-03-21T04:56:59.997+0000] {subprocess.py:106} INFO - 26/03/21 04:56:59 INFO SparkContext: Starting job: csv at NativeMethodAccessorImpl.java:0
[2026-03-21T04:56:59.998+0000] {subprocess.py:106} INFO - 26/03/21 04:56:59 INFO DAGScheduler: Got job 1 (csv at NativeMethodAccessorImpl.java:0) with 1 output partitions
[2026-03-21T04:56:59.999+0000] {subprocess.py:106} INFO - 26/03/21 04:56:59 INFO DAGScheduler: Final stage: ResultStage 1 (csv at NativeMethodAccessorImpl.java:0)
[2026-03-21T04:56:59.999+0000] {subprocess.py:106} INFO - 26/03/21 04:56:59 INFO DAGScheduler: Parents of final stage: List()
[2026-03-21T04:57:00.000+0000] {subprocess.py:106} INFO - 26/03/21 04:56:59 INFO DAGScheduler: Missing parents: List()
[2026-03-21T04:57:00.005+0000] {subprocess.py:106} INFO - 26/03/21 04:56:59 INFO DAGScheduler: Submitting ResultStage 1 (MapPartitionsRDD[3] at csv at NativeMethodAccessorImpl.java:0), which has no missing parents
[2026-03-21T04:57:00.009+0000] {subprocess.py:106} INFO - 26/03/21 04:57:00 INFO MemoryStore: Block broadcast_2 stored as values in memory (estimated size 10.1 KiB, free 434.1 MiB)
[2026-03-21T04:57:00.014+0000] {subprocess.py:106} INFO - 26/03/21 04:57:00 INFO MemoryStore: Block broadcast_2_piece0 stored as bytes in memory (estimated size 5.4 KiB, free 434.1 MiB)
[2026-03-21T04:57:00.018+0000] {subprocess.py:106} INFO - 26/03/21 04:57:00 INFO BlockManagerInfo: Added broadcast_2_piece0 in memory on 2c78fe4103d4:33965 (size: 5.4 KiB, free: 434.4 MiB)
[2026-03-21T04:57:00.020+0000] {subprocess.py:106} INFO - 26/03/21 04:57:00 INFO SparkContext: Created broadcast 2 from broadcast at DAGScheduler.scala:1585
[2026-03-21T04:57:00.024+0000] {subprocess.py:106} INFO - 26/03/21 04:57:00 INFO DAGScheduler: Submitting 1 missing tasks from ResultStage 1 (MapPartitionsRDD[3] at csv at NativeMethodAccessorImpl.java:0) (first 15 tasks are for partitions Vector(0))
[2026-03-21T04:57:00.025+0000] {subprocess.py:106} INFO - 26/03/21 04:57:00 INFO TaskSchedulerImpl: Adding task set 1.0 with 1 tasks resource profile 0
[2026-03-21T04:57:00.025+0000] {subprocess.py:106} INFO - 26/03/21 04:57:00 INFO TaskSetManager: Starting task 0.0 in stage 1.0 (TID 1) (172.30.0.6, executor 0, partition 0, PROCESS_LOCAL, 10108 bytes)
[2026-03-21T04:57:00.060+0000] {subprocess.py:106} INFO - 26/03/21 04:57:00 INFO BlockManagerInfo: Removed broadcast_1_piece0 on 2c78fe4103d4:33965 in memory (size: 4.4 KiB, free: 434.4 MiB)
[2026-03-21T04:57:00.061+0000] {subprocess.py:106} INFO - 26/03/21 04:57:00 INFO BlockManagerInfo: Removed broadcast_1_piece0 on 172.30.0.6:37605 in memory (size: 4.4 KiB, free: 434.4 MiB)
[2026-03-21T04:57:00.081+0000] {subprocess.py:106} INFO - 26/03/21 04:57:00 INFO BlockManagerInfo: Added broadcast_2_piece0 in memory on 172.30.0.6:37605 (size: 5.4 KiB, free: 434.4 MiB)
[2026-03-21T04:57:00.817+0000] {subprocess.py:106} INFO - 26/03/21 04:57:00 INFO TaskSetManager: Finished task 0.0 in stage 1.0 (TID 1) in 792 ms on 172.30.0.6 (executor 0) (1/1)
[2026-03-21T04:57:00.818+0000] {subprocess.py:106} INFO - 26/03/21 04:57:00 INFO TaskSchedulerImpl: Removed TaskSet 1.0, whose tasks have all completed, from pool
[2026-03-21T04:57:00.819+0000] {subprocess.py:106} INFO - 26/03/21 04:57:00 INFO DAGScheduler: ResultStage 1 (csv at NativeMethodAccessorImpl.java:0) finished in 0.815 s
[2026-03-21T04:57:00.824+0000] {subprocess.py:106} INFO - 26/03/21 04:57:00 INFO DAGScheduler: Job 1 is finished. Cancelling potential speculative or zombie tasks for this job
[2026-03-21T04:57:00.825+0000] {subprocess.py:106} INFO - 26/03/21 04:57:00 INFO TaskSchedulerImpl: Killing all running tasks in stage 1: Stage finished
[2026-03-21T04:57:00.827+0000] {subprocess.py:106} INFO - 26/03/21 04:57:00 INFO DAGScheduler: Job 1 finished: csv at NativeMethodAccessorImpl.java:0, took 0.829353 s
[2026-03-21T04:57:01.217+0000] {subprocess.py:106} INFO - 26/03/21 04:57:01 INFO BlockManagerInfo: Removed broadcast_2_piece0 on 2c78fe4103d4:33965 in memory (size: 5.4 KiB, free: 434.4 MiB)
[2026-03-21T04:57:01.226+0000] {subprocess.py:106} INFO - 26/03/21 04:57:01 INFO BlockManagerInfo: Removed broadcast_2_piece0 on 172.30.0.6:37605 in memory (size: 5.4 KiB, free: 434.4 MiB)
[2026-03-21T04:57:01.242+0000] {subprocess.py:106} INFO - 26/03/21 04:57:01 INFO BlockManagerInfo: Removed broadcast_0_piece0 on 2c78fe4103d4:33965 in memory (size: 36.1 KiB, free: 434.4 MiB)
[2026-03-21T04:57:01.245+0000] {subprocess.py:106} INFO - 26/03/21 04:57:01 INFO BlockManagerInfo: Removed broadcast_0_piece0 on 172.30.0.6:37605 in memory (size: 36.1 KiB, free: 434.4 MiB)
[2026-03-21T04:57:02.299+0000] {subprocess.py:106} INFO - 26/03/21 04:57:02 INFO FileSourceStrategy: Pushed Filters:
[2026-03-21T04:57:02.300+0000] {subprocess.py:106} INFO - 26/03/21 04:57:02 INFO FileSourceStrategy: Post-Scan Filters:
[2026-03-21T04:57:02.740+0000] {subprocess.py:106} INFO - 26/03/21 04:57:02 INFO CodeGenerator: Code generated in 228.529466 ms
[2026-03-21T04:57:02.750+0000] {subprocess.py:106} INFO - 26/03/21 04:57:02 INFO MemoryStore: Block broadcast_3 stored as values in memory (estimated size 205.1 KiB, free 434.2 MiB)
[2026-03-21T04:57:02.768+0000] {subprocess.py:106} INFO - 26/03/21 04:57:02 INFO MemoryStore: Block broadcast_3_piece0 stored as bytes in memory (estimated size 36.0 KiB, free 434.2 MiB)
[2026-03-21T04:57:02.770+0000] {subprocess.py:106} INFO - 26/03/21 04:57:02 INFO BlockManagerInfo: Added broadcast_3_piece0 in memory on 2c78fe4103d4:33965 (size: 36.0 KiB, free: 434.4 MiB)
[2026-03-21T04:57:02.771+0000] {subprocess.py:106} INFO - 26/03/21 04:57:02 INFO SparkContext: Created broadcast 3 from count at NativeMethodAccessorImpl.java:0
[2026-03-21T04:57:02.803+0000] {subprocess.py:106} INFO - 26/03/21 04:57:02 INFO FileSourceScanExec: Planning scan with bin packing, max size: 4194304 bytes, open cost is considered as scanning 4194304 bytes.
[2026-03-21T04:57:02.850+0000] {subprocess.py:106} INFO - 26/03/21 04:57:02 INFO DAGScheduler: Registering RDD 7 (count at NativeMethodAccessorImpl.java:0) as input to shuffle 0
[2026-03-21T04:57:02.854+0000] {subprocess.py:106} INFO - 26/03/21 04:57:02 INFO DAGScheduler: Got map stage job 2 (count at NativeMethodAccessorImpl.java:0) with 1 output partitions
[2026-03-21T04:57:02.855+0000] {subprocess.py:106} INFO - 26/03/21 04:57:02 INFO DAGScheduler: Final stage: ShuffleMapStage 2 (count at NativeMethodAccessorImpl.java:0)
[2026-03-21T04:57:02.855+0000] {subprocess.py:106} INFO - 26/03/21 04:57:02 INFO DAGScheduler: Parents of final stage: List()
[2026-03-21T04:57:02.857+0000] {subprocess.py:106} INFO - 26/03/21 04:57:02 INFO DAGScheduler: Missing parents: List()
[2026-03-21T04:57:02.859+0000] {subprocess.py:106} INFO - 26/03/21 04:57:02 INFO DAGScheduler: Submitting ShuffleMapStage 2 (MapPartitionsRDD[7] at count at NativeMethodAccessorImpl.java:0), which has no missing parents
[2026-03-21T04:57:02.898+0000] {subprocess.py:106} INFO - 26/03/21 04:57:02 INFO MemoryStore: Block broadcast_4 stored as values in memory (estimated size 18.1 KiB, free 434.1 MiB)
[2026-03-21T04:57:02.908+0000] {subprocess.py:106} INFO - 26/03/21 04:57:02 INFO MemoryStore: Block broadcast_4_piece0 stored as bytes in memory (estimated size 8.9 KiB, free 434.1 MiB)
[2026-03-21T04:57:02.910+0000] {subprocess.py:106} INFO - 26/03/21 04:57:02 INFO BlockManagerInfo: Added broadcast_4_piece0 in memory on 2c78fe4103d4:33965 (size: 8.9 KiB, free: 434.4 MiB)
[2026-03-21T04:57:02.912+0000] {subprocess.py:106} INFO - 26/03/21 04:57:02 INFO SparkContext: Created broadcast 4 from broadcast at DAGScheduler.scala:1585
[2026-03-21T04:57:02.913+0000] {subprocess.py:106} INFO - 26/03/21 04:57:02 INFO DAGScheduler: Submitting 1 missing tasks from ShuffleMapStage 2 (MapPartitionsRDD[7] at count at NativeMethodAccessorImpl.java:0) (first 15 tasks are for partitions Vector(0))
[2026-03-21T04:57:02.913+0000] {subprocess.py:106} INFO - 26/03/21 04:57:02 INFO TaskSchedulerImpl: Adding task set 2.0 with 1 tasks resource profile 0
[2026-03-21T04:57:02.922+0000] {subprocess.py:106} INFO - 26/03/21 04:57:02 INFO TaskSetManager: Starting task 0.0 in stage 2.0 (TID 2) (172.30.0.6, executor 0, partition 0, PROCESS_LOCAL, 10568 bytes)
[2026-03-21T04:57:02.960+0000] {subprocess.py:106} INFO - 26/03/21 04:57:02 INFO BlockManagerInfo: Added broadcast_4_piece0 in memory on 172.30.0.6:37605 (size: 8.9 KiB, free: 434.4 MiB)
[2026-03-21T04:57:03.500+0000] {subprocess.py:106} INFO - 26/03/21 04:57:03 INFO BlockManagerInfo: Added broadcast_3_piece0 in memory on 172.30.0.6:37605 (size: 36.0 KiB, free: 434.4 MiB)
[2026-03-21T04:57:03.683+0000] {subprocess.py:106} INFO - 26/03/21 04:57:03 INFO TaskSetManager: Finished task 0.0 in stage 2.0 (TID 2) in 766 ms on 172.30.0.6 (executor 0) (1/1)
[2026-03-21T04:57:03.685+0000] {subprocess.py:106} INFO - 26/03/21 04:57:03 INFO TaskSchedulerImpl: Removed TaskSet 2.0, whose tasks have all completed, from pool
[2026-03-21T04:57:03.688+0000] {subprocess.py:106} INFO - 26/03/21 04:57:03 INFO DAGScheduler: ShuffleMapStage 2 (count at NativeMethodAccessorImpl.java:0) finished in 0.819 s
[2026-03-21T04:57:03.689+0000] {subprocess.py:106} INFO - 26/03/21 04:57:03 INFO DAGScheduler: looking for newly runnable stages
[2026-03-21T04:57:03.689+0000] {subprocess.py:106} INFO - 26/03/21 04:57:03 INFO DAGScheduler: running: Set()
[2026-03-21T04:57:03.690+0000] {subprocess.py:106} INFO - 26/03/21 04:57:03 INFO DAGScheduler: waiting: Set()
[2026-03-21T04:57:03.690+0000] {subprocess.py:106} INFO - 26/03/21 04:57:03 INFO DAGScheduler: failed: Set()
[2026-03-21T04:57:03.745+0000] {subprocess.py:106} INFO - 26/03/21 04:57:03 INFO CodeGenerator: Code generated in 18.124604 ms
[2026-03-21T04:57:03.776+0000] {subprocess.py:106} INFO - 26/03/21 04:57:03 INFO SparkContext: Starting job: count at NativeMethodAccessorImpl.java:0
[2026-03-21T04:57:03.780+0000] {subprocess.py:106} INFO - 26/03/21 04:57:03 INFO DAGScheduler: Got job 3 (count at NativeMethodAccessorImpl.java:0) with 1 output partitions
[2026-03-21T04:57:03.780+0000] {subprocess.py:106} INFO - 26/03/21 04:57:03 INFO DAGScheduler: Final stage: ResultStage 4 (count at NativeMethodAccessorImpl.java:0)
[2026-03-21T04:57:03.781+0000] {subprocess.py:106} INFO - 26/03/21 04:57:03 INFO DAGScheduler: Parents of final stage: List(ShuffleMapStage 3)
[2026-03-21T04:57:03.782+0000] {subprocess.py:106} INFO - 26/03/21 04:57:03 INFO DAGScheduler: Missing parents: List()
[2026-03-21T04:57:03.782+0000] {subprocess.py:106} INFO - 26/03/21 04:57:03 INFO DAGScheduler: Submitting ResultStage 4 (MapPartitionsRDD[10] at count at NativeMethodAccessorImpl.java:0), which has no missing parents
[2026-03-21T04:57:03.791+0000] {subprocess.py:106} INFO - 26/03/21 04:57:03 INFO MemoryStore: Block broadcast_5 stored as values in memory (estimated size 12.5 KiB, free 434.1 MiB)
[2026-03-21T04:57:03.806+0000] {subprocess.py:106} INFO - 26/03/21 04:57:03 INFO MemoryStore: Block broadcast_5_piece0 stored as bytes in memory (estimated size 5.9 KiB, free 434.1 MiB)
[2026-03-21T04:57:03.811+0000] {subprocess.py:106} INFO - 26/03/21 04:57:03 INFO BlockManagerInfo: Added broadcast_5_piece0 in memory on 2c78fe4103d4:33965 (size: 5.9 KiB, free: 434.4 MiB)
[2026-03-21T04:57:03.816+0000] {subprocess.py:106} INFO - 26/03/21 04:57:03 INFO SparkContext: Created broadcast 5 from broadcast at DAGScheduler.scala:1585
[2026-03-21T04:57:03.817+0000] {subprocess.py:106} INFO - 26/03/21 04:57:03 INFO DAGScheduler: Submitting 1 missing tasks from ResultStage 4 (MapPartitionsRDD[10] at count at NativeMethodAccessorImpl.java:0) (first 15 tasks are for partitions Vector(0))
[2026-03-21T04:57:03.817+0000] {subprocess.py:106} INFO - 26/03/21 04:57:03 INFO TaskSchedulerImpl: Adding task set 4.0 with 1 tasks resource profile 0
[2026-03-21T04:57:03.822+0000] {subprocess.py:106} INFO - 26/03/21 04:57:03 INFO BlockManagerInfo: Removed broadcast_4_piece0 on 2c78fe4103d4:33965 in memory (size: 8.9 KiB, free: 434.4 MiB)
[2026-03-21T04:57:03.825+0000] {subprocess.py:106} INFO - 26/03/21 04:57:03 INFO BlockManagerInfo: Removed broadcast_4_piece0 on 172.30.0.6:37605 in memory (size: 8.9 KiB, free: 434.4 MiB)
[2026-03-21T04:57:03.828+0000] {subprocess.py:106} INFO - 26/03/21 04:57:03 INFO TaskSetManager: Starting task 0.0 in stage 4.0 (TID 3) (172.30.0.6, executor 0, partition 0, NODE_LOCAL, 9976 bytes)
[2026-03-21T04:57:03.861+0000] {subprocess.py:106} INFO - 26/03/21 04:57:03 INFO BlockManagerInfo: Added broadcast_5_piece0 in memory on 172.30.0.6:37605 (size: 5.9 KiB, free: 434.4 MiB)
[2026-03-21T04:57:03.895+0000] {subprocess.py:106} INFO - 26/03/21 04:57:03 INFO MapOutputTrackerMasterEndpoint: Asked to send map output locations for shuffle 0 to 172.30.0.6:51580
[2026-03-21T04:57:04.056+0000] {subprocess.py:106} INFO - 26/03/21 04:57:04 INFO TaskSetManager: Finished task 0.0 in stage 4.0 (TID 3) in 227 ms on 172.30.0.6 (executor 0) (1/1)
[2026-03-21T04:57:04.057+0000] {subprocess.py:106} INFO - 26/03/21 04:57:04 INFO TaskSchedulerImpl: Removed TaskSet 4.0, whose tasks have all completed, from pool
[2026-03-21T04:57:04.057+0000] {subprocess.py:106} INFO - 26/03/21 04:57:04 INFO DAGScheduler: ResultStage 4 (count at NativeMethodAccessorImpl.java:0) finished in 0.264 s
[2026-03-21T04:57:04.058+0000] {subprocess.py:106} INFO - 26/03/21 04:57:04 INFO DAGScheduler: Job 3 is finished. Cancelling potential speculative or zombie tasks for this job
[2026-03-21T04:57:04.058+0000] {subprocess.py:106} INFO - 26/03/21 04:57:04 INFO TaskSchedulerImpl: Killing all running tasks in stage 4: Stage finished
[2026-03-21T04:57:04.062+0000] {subprocess.py:106} INFO - 26/03/21 04:57:04 INFO DAGScheduler: Job 3 finished: count at NativeMethodAccessorImpl.java:0, took 0.285181 s
[2026-03-21T04:57:04.078+0000] {subprocess.py:106} INFO -  Record loaded from CSV: 9169
[2026-03-21T04:57:04.081+0000] {subprocess.py:106} INFO - root
[2026-03-21T04:57:04.082+0000] {subprocess.py:106} INFO -  |-- job_title: string (nullable = true)
[2026-03-21T04:57:04.083+0000] {subprocess.py:106} INFO -  |-- company_name: string (nullable = true)
[2026-03-21T04:57:04.084+0000] {subprocess.py:106} INFO -  |-- location: string (nullable = true)
[2026-03-21T04:57:04.084+0000] {subprocess.py:106} INFO -  |-- skills_required: string (nullable = true)
[2026-03-21T04:57:04.085+0000] {subprocess.py:106} INFO -  |-- date_posted: timestamp (nullable = true)
[2026-03-21T04:57:04.087+0000] {subprocess.py:106} INFO -  |-- job_link: string (nullable = true)
[2026-03-21T04:57:04.088+0000] {subprocess.py:106} INFO -  |-- job_category: string (nullable = true)
[2026-03-21T04:57:04.089+0000] {subprocess.py:106} INFO -  |-- work_mode: string (nullable = true)
[2026-03-21T04:57:04.089+0000] {subprocess.py:106} INFO -  |-- crawl_date: timestamp (nullable = true)
[2026-03-21T04:57:04.090+0000] {subprocess.py:106} INFO -  |-- date_only: date (nullable = true)
[2026-03-21T04:57:04.091+0000] {subprocess.py:106} INFO - 
[2026-03-21T04:57:04.472+0000] {subprocess.py:106} INFO - 26/03/21 04:57:04 INFO BlockManagerInfo: Removed broadcast_5_piece0 on 2c78fe4103d4:33965 in memory (size: 5.9 KiB, free: 434.4 MiB)
[2026-03-21T04:57:04.476+0000] {subprocess.py:106} INFO - 26/03/21 04:57:04 INFO BlockManagerInfo: Removed broadcast_5_piece0 on 172.30.0.6:37605 in memory (size: 5.9 KiB, free: 434.4 MiB)
[2026-03-21T04:57:04.490+0000] {subprocess.py:106} INFO - 26/03/21 04:57:04 INFO HiveConf: Found configuration file null
[2026-03-21T04:57:04.666+0000] {subprocess.py:106} INFO - 26/03/21 04:57:04 INFO metastore: Trying to connect to metastore with URI thrift://hive-metastore:9083
[2026-03-21T04:57:04.687+0000] {subprocess.py:106} INFO - 26/03/21 04:57:04 INFO metastore: Opened a connection to metastore, current connections: 1
[2026-03-21T04:57:04.714+0000] {subprocess.py:106} INFO - 26/03/21 04:57:04 INFO metastore: Connected to metastore.
[2026-03-21T04:57:04.899+0000] {subprocess.py:106} INFO - 26/03/21 04:57:04 INFO BaseMetastoreTableOperations: Refreshing table metadata from new version: s3a://warehouse/iceberg_data/bronze.db/it_jobs_raw/metadata/00018-bcaad1fe-3bc2-4e3f-99ae-cc1821ac861d.metadata.json
[2026-03-21T04:57:05.185+0000] {subprocess.py:106} INFO - 26/03/21 04:57:05 INFO BaseMetastoreCatalog: Table loaded by catalog: iceberg.bronze.it_jobs_raw
[2026-03-21T04:57:05.192+0000] {subprocess.py:106} INFO - Table iceberg.bronze.it_jobs_raw exists. Checking for new records...
[2026-03-21T04:57:05.428+0000] {subprocess.py:106} INFO - 26/03/21 04:57:05 INFO V2ScanRelationPushDown:
[2026-03-21T04:57:05.432+0000] {subprocess.py:106} INFO - Pushing operators to iceberg.bronze.it_jobs_raw
[2026-03-21T04:57:05.432+0000] {subprocess.py:106} INFO - Pushed Filters: job_link IS NOT NULL
[2026-03-21T04:57:05.433+0000] {subprocess.py:106} INFO - Post-Scan Filters: isnotnull(job_link#79)
[2026-03-21T04:57:05.433+0000] {subprocess.py:106} INFO - 
[2026-03-21T04:57:05.459+0000] {subprocess.py:106} INFO - 26/03/21 04:57:05 INFO V2ScanRelationPushDown:
[2026-03-21T04:57:05.459+0000] {subprocess.py:106} INFO - Output: job_link#79
[2026-03-21T04:57:05.460+0000] {subprocess.py:106} INFO - 
[2026-03-21T04:57:05.470+0000] {subprocess.py:106} INFO - 26/03/21 04:57:05 INFO SnapshotScan: Scanning table iceberg.bronze.it_jobs_raw snapshot 1115320765510069887 created at 2026-03-21T04:41:32.614+00:00 with filter job_link IS NOT NULL
[2026-03-21T04:57:05.552+0000] {subprocess.py:106} INFO - 26/03/21 04:57:05 INFO BlockManagerInfo: Removed broadcast_3_piece0 on 2c78fe4103d4:33965 in memory (size: 36.0 KiB, free: 434.4 MiB)
[2026-03-21T04:57:05.560+0000] {subprocess.py:106} INFO - 26/03/21 04:57:05 INFO BlockManagerInfo: Removed broadcast_3_piece0 on 172.30.0.6:37605 in memory (size: 36.0 KiB, free: 434.4 MiB)
[2026-03-21T04:57:05.691+0000] {subprocess.py:106} INFO - 26/03/21 04:57:05 INFO BaseDistributedDataScan: Planning file tasks locally for table iceberg.bronze.it_jobs_raw
[2026-03-21T04:57:05.927+0000] {subprocess.py:106} INFO - 26/03/21 04:57:05 INFO SparkPartitioningAwareScan: Reporting UnknownPartitioning with 5 partition(s) for table iceberg.bronze.it_jobs_raw
[2026-03-21T04:57:05.980+0000] {subprocess.py:106} INFO - 26/03/21 04:57:05 INFO FileSourceStrategy: Pushed Filters:
[2026-03-21T04:57:05.981+0000] {subprocess.py:106} INFO - 26/03/21 04:57:05 INFO FileSourceStrategy: Post-Scan Filters:
[2026-03-21T04:57:05.994+0000] {subprocess.py:106} INFO - 26/03/21 04:57:05 INFO MemoryStore: Block broadcast_6 stored as values in memory (estimated size 32.0 KiB, free 434.4 MiB)
[2026-03-21T04:57:06.014+0000] {subprocess.py:106} INFO - 26/03/21 04:57:06 INFO MemoryStore: Block broadcast_6_piece0 stored as bytes in memory (estimated size 30.1 KiB, free 434.3 MiB)
[2026-03-21T04:57:06.015+0000] {subprocess.py:106} INFO - 26/03/21 04:57:06 INFO BlockManagerInfo: Added broadcast_6_piece0 in memory on 2c78fe4103d4:33965 (size: 30.1 KiB, free: 434.4 MiB)
[2026-03-21T04:57:06.017+0000] {subprocess.py:106} INFO - 26/03/21 04:57:06 INFO SparkContext: Created broadcast 6 from broadcast at SparkBatch.java:79
[2026-03-21T04:57:06.035+0000] {subprocess.py:106} INFO - 26/03/21 04:57:06 INFO MemoryStore: Block broadcast_7 stored as values in memory (estimated size 32.0 KiB, free 434.3 MiB)
[2026-03-21T04:57:06.038+0000] {subprocess.py:106} INFO - 26/03/21 04:57:06 INFO MemoryStore: Block broadcast_7_piece0 stored as bytes in memory (estimated size 30.1 KiB, free 434.3 MiB)
[2026-03-21T04:57:06.040+0000] {subprocess.py:106} INFO - 26/03/21 04:57:06 INFO BlockManagerInfo: Added broadcast_7_piece0 in memory on 2c78fe4103d4:33965 (size: 30.1 KiB, free: 434.3 MiB)
[2026-03-21T04:57:06.041+0000] {subprocess.py:106} INFO - 26/03/21 04:57:06 INFO SparkContext: Created broadcast 7 from broadcast at SparkBatch.java:79
[2026-03-21T04:57:06.129+0000] {subprocess.py:106} INFO - 26/03/21 04:57:06 INFO CodeGenerator: Code generated in 19.196841 ms
[2026-03-21T04:57:06.159+0000] {subprocess.py:106} INFO - 26/03/21 04:57:06 INFO SparkContext: Starting job: $anonfun$withThreadLocalCaptured$1 at FutureTask.java:264
[2026-03-21T04:57:06.160+0000] {subprocess.py:106} INFO - 26/03/21 04:57:06 INFO DAGScheduler: Got job 4 ($anonfun$withThreadLocalCaptured$1 at FutureTask.java:264) with 5 output partitions
[2026-03-21T04:57:06.162+0000] {subprocess.py:106} INFO - 26/03/21 04:57:06 INFO DAGScheduler: Final stage: ResultStage 5 ($anonfun$withThreadLocalCaptured$1 at FutureTask.java:264)
[2026-03-21T04:57:06.163+0000] {subprocess.py:106} INFO - 26/03/21 04:57:06 INFO DAGScheduler: Parents of final stage: List()
[2026-03-21T04:57:06.164+0000] {subprocess.py:106} INFO - 26/03/21 04:57:06 INFO DAGScheduler: Missing parents: List()
[2026-03-21T04:57:06.164+0000] {subprocess.py:106} INFO - 26/03/21 04:57:06 INFO DAGScheduler: Submitting ResultStage 5 (MapPartitionsRDD[14] at $anonfun$withThreadLocalCaptured$1 at FutureTask.java:264), which has no missing parents
[2026-03-21T04:57:06.166+0000] {subprocess.py:106} INFO - 26/03/21 04:57:06 INFO MemoryStore: Block broadcast_8 stored as values in memory (estimated size 13.8 KiB, free 434.3 MiB)
[2026-03-21T04:57:06.177+0000] {subprocess.py:106} INFO - 26/03/21 04:57:06 INFO MemoryStore: Block broadcast_8_piece0 stored as bytes in memory (estimated size 5.5 KiB, free 434.3 MiB)
[2026-03-21T04:57:06.178+0000] {subprocess.py:106} INFO - 26/03/21 04:57:06 INFO BlockManagerInfo: Added broadcast_8_piece0 in memory on 2c78fe4103d4:33965 (size: 5.5 KiB, free: 434.3 MiB)
[2026-03-21T04:57:06.181+0000] {subprocess.py:106} INFO - 26/03/21 04:57:06 INFO SparkContext: Created broadcast 8 from broadcast at DAGScheduler.scala:1585
[2026-03-21T04:57:06.184+0000] {subprocess.py:106} INFO - 26/03/21 04:57:06 INFO DAGScheduler: Submitting 5 missing tasks from ResultStage 5 (MapPartitionsRDD[14] at $anonfun$withThreadLocalCaptured$1 at FutureTask.java:264) (first 15 tasks are for partitions Vector(0, 1, 2, 3, 4))
[2026-03-21T04:57:06.184+0000] {subprocess.py:106} INFO - 26/03/21 04:57:06 INFO TaskSchedulerImpl: Adding task set 5.0 with 5 tasks resource profile 0
[2026-03-21T04:57:06.198+0000] {subprocess.py:106} INFO - 26/03/21 04:57:06 INFO TaskSetManager: Starting task 0.0 in stage 5.0 (TID 4) (172.30.0.6, executor 0, partition 0, PROCESS_LOCAL, 16338 bytes)
[2026-03-21T04:57:06.201+0000] {subprocess.py:106} INFO - 26/03/21 04:57:06 INFO TaskSetManager: Starting task 1.0 in stage 5.0 (TID 5) (172.30.0.6, executor 0, partition 1, PROCESS_LOCAL, 16337 bytes)
[2026-03-21T04:57:06.203+0000] {subprocess.py:106} INFO - 26/03/21 04:57:06 INFO TaskSetManager: Starting task 2.0 in stage 5.0 (TID 6) (172.30.0.6, executor 0, partition 2, PROCESS_LOCAL, 16346 bytes)
[2026-03-21T04:57:06.207+0000] {subprocess.py:106} INFO - 26/03/21 04:57:06 INFO TaskSetManager: Starting task 3.0 in stage 5.0 (TID 7) (172.30.0.6, executor 0, partition 3, PROCESS_LOCAL, 16346 bytes)
[2026-03-21T04:57:06.221+0000] {subprocess.py:106} INFO - 26/03/21 04:57:06 INFO TaskSetManager: Starting task 4.0 in stage 5.0 (TID 8) (172.30.0.6, executor 0, partition 4, PROCESS_LOCAL, 15885 bytes)
[2026-03-21T04:57:06.693+0000] {subprocess.py:106} INFO - 26/03/21 04:57:06 INFO BlockManagerInfo: Added broadcast_8_piece0 in memory on 172.30.0.6:37605 (size: 5.5 KiB, free: 434.4 MiB)
[2026-03-21T04:57:06.758+0000] {subprocess.py:106} INFO - 26/03/21 04:57:06 INFO BlockManagerInfo: Added broadcast_7_piece0 in memory on 172.30.0.6:37605 (size: 30.1 KiB, free: 434.4 MiB)
[2026-03-21T04:57:08.149+0000] {subprocess.py:106} INFO - 26/03/21 04:57:08 INFO TaskSetManager: Finished task 4.0 in stage 5.0 (TID 8) in 1941 ms on 172.30.0.6 (executor 0) (1/5)
[2026-03-21T04:57:08.245+0000] {subprocess.py:106} INFO - 26/03/21 04:57:08 INFO TaskSetManager: Finished task 1.0 in stage 5.0 (TID 5) in 2047 ms on 172.30.0.6 (executor 0) (2/5)
[2026-03-21T04:57:08.248+0000] {subprocess.py:106} INFO - 26/03/21 04:57:08 INFO TaskSetManager: Finished task 0.0 in stage 5.0 (TID 4) in 2065 ms on 172.30.0.6 (executor 0) (3/5)
[2026-03-21T04:57:08.249+0000] {subprocess.py:106} INFO - 26/03/21 04:57:08 INFO TaskSetManager: Finished task 3.0 in stage 5.0 (TID 7) in 2045 ms on 172.30.0.6 (executor 0) (4/5)
[2026-03-21T04:57:08.308+0000] {subprocess.py:106} INFO - 26/03/21 04:57:08 INFO TaskSetManager: Finished task 2.0 in stage 5.0 (TID 6) in 2103 ms on 172.30.0.6 (executor 0) (5/5)
[2026-03-21T04:57:08.312+0000] {subprocess.py:106} INFO - 26/03/21 04:57:08 INFO TaskSchedulerImpl: Removed TaskSet 5.0, whose tasks have all completed, from pool
[2026-03-21T04:57:08.313+0000] {subprocess.py:106} INFO - 26/03/21 04:57:08 INFO DAGScheduler: ResultStage 5 ($anonfun$withThreadLocalCaptured$1 at FutureTask.java:264) finished in 2.142 s
[2026-03-21T04:57:08.313+0000] {subprocess.py:106} INFO - 26/03/21 04:57:08 INFO DAGScheduler: Job 4 is finished. Cancelling potential speculative or zombie tasks for this job
[2026-03-21T04:57:08.314+0000] {subprocess.py:106} INFO - 26/03/21 04:57:08 INFO TaskSchedulerImpl: Killing all running tasks in stage 5: Stage finished
[2026-03-21T04:57:08.314+0000] {subprocess.py:106} INFO - 26/03/21 04:57:08 INFO DAGScheduler: Job 4 finished: $anonfun$withThreadLocalCaptured$1 at FutureTask.java:264, took 2.148686 s
[2026-03-21T04:57:08.349+0000] {subprocess.py:106} INFO - 26/03/21 04:57:08 INFO CodeGenerator: Code generated in 12.644279 ms
[2026-03-21T04:57:08.373+0000] {subprocess.py:106} INFO - 26/03/21 04:57:08 INFO BlockManagerInfo: Removed broadcast_8_piece0 on 2c78fe4103d4:33965 in memory (size: 5.5 KiB, free: 434.3 MiB)
[2026-03-21T04:57:08.377+0000] {subprocess.py:106} INFO - 26/03/21 04:57:08 INFO BlockManagerInfo: Removed broadcast_8_piece0 on 172.30.0.6:37605 in memory (size: 5.5 KiB, free: 434.4 MiB)
[2026-03-21T04:57:08.459+0000] {subprocess.py:106} INFO - 26/03/21 04:57:08 INFO MemoryStore: Block broadcast_9_piece0 stored as bytes in memory (estimated size 531.9 KiB, free 433.8 MiB)
[2026-03-21T04:57:08.460+0000] {subprocess.py:106} INFO - 26/03/21 04:57:08 INFO BlockManagerInfo: Added broadcast_9_piece0 in memory on 2c78fe4103d4:33965 (size: 531.9 KiB, free: 433.8 MiB)
[2026-03-21T04:57:08.462+0000] {subprocess.py:106} INFO - 26/03/21 04:57:08 INFO SparkContext: Created broadcast 9 from $anonfun$withThreadLocalCaptured$1 at FutureTask.java:264
[2026-03-21T04:57:08.471+0000] {subprocess.py:106} INFO - 26/03/21 04:57:08 INFO FileSourceStrategy: Pushed Filters:
[2026-03-21T04:57:08.471+0000] {subprocess.py:106} INFO - 26/03/21 04:57:08 INFO FileSourceStrategy: Post-Scan Filters:
[2026-03-21T04:57:08.531+0000] {subprocess.py:106} INFO - 26/03/21 04:57:08 INFO CodeGenerator: Code generated in 18.763379 ms
[2026-03-21T04:57:08.535+0000] {subprocess.py:106} INFO - 26/03/21 04:57:08 INFO MemoryStore: Block broadcast_10 stored as values in memory (estimated size 205.1 KiB, free 433.6 MiB)
[2026-03-21T04:57:08.553+0000] {subprocess.py:106} INFO - 26/03/21 04:57:08 INFO MemoryStore: Block broadcast_10_piece0 stored as bytes in memory (estimated size 36.0 KiB, free 433.5 MiB)
[2026-03-21T04:57:08.554+0000] {subprocess.py:106} INFO - 26/03/21 04:57:08 INFO BlockManagerInfo: Added broadcast_10_piece0 in memory on 2c78fe4103d4:33965 (size: 36.0 KiB, free: 433.8 MiB)
[2026-03-21T04:57:08.556+0000] {subprocess.py:106} INFO - 26/03/21 04:57:08 INFO SparkContext: Created broadcast 10 from count at NativeMethodAccessorImpl.java:0
[2026-03-21T04:57:08.558+0000] {subprocess.py:106} INFO - 26/03/21 04:57:08 INFO FileSourceScanExec: Planning scan with bin packing, max size: 4194304 bytes, open cost is considered as scanning 4194304 bytes.
[2026-03-21T04:57:08.566+0000] {subprocess.py:106} INFO - 26/03/21 04:57:08 INFO DAGScheduler: Registering RDD 18 (count at NativeMethodAccessorImpl.java:0) as input to shuffle 1
[2026-03-21T04:57:08.566+0000] {subprocess.py:106} INFO - 26/03/21 04:57:08 INFO DAGScheduler: Got map stage job 5 (count at NativeMethodAccessorImpl.java:0) with 1 output partitions
[2026-03-21T04:57:08.567+0000] {subprocess.py:106} INFO - 26/03/21 04:57:08 INFO DAGScheduler: Final stage: ShuffleMapStage 6 (count at NativeMethodAccessorImpl.java:0)
[2026-03-21T04:57:08.568+0000] {subprocess.py:106} INFO - 26/03/21 04:57:08 INFO DAGScheduler: Parents of final stage: List()
[2026-03-21T04:57:08.568+0000] {subprocess.py:106} INFO - 26/03/21 04:57:08 INFO DAGScheduler: Missing parents: List()
[2026-03-21T04:57:08.572+0000] {subprocess.py:106} INFO - 26/03/21 04:57:08 INFO DAGScheduler: Submitting ShuffleMapStage 6 (MapPartitionsRDD[18] at count at NativeMethodAccessorImpl.java:0), which has no missing parents
[2026-03-21T04:57:08.575+0000] {subprocess.py:106} INFO - 26/03/21 04:57:08 INFO MemoryStore: Block broadcast_11 stored as values in memory (estimated size 20.2 KiB, free 433.5 MiB)
[2026-03-21T04:57:08.577+0000] {subprocess.py:106} INFO - 26/03/21 04:57:08 INFO MemoryStore: Block broadcast_11_piece0 stored as bytes in memory (estimated size 9.8 KiB, free 433.5 MiB)
[2026-03-21T04:57:08.579+0000] {subprocess.py:106} INFO - 26/03/21 04:57:08 INFO BlockManagerInfo: Added broadcast_11_piece0 in memory on 2c78fe4103d4:33965 (size: 9.8 KiB, free: 433.8 MiB)
[2026-03-21T04:57:08.580+0000] {subprocess.py:106} INFO - 26/03/21 04:57:08 INFO SparkContext: Created broadcast 11 from broadcast at DAGScheduler.scala:1585
[2026-03-21T04:57:08.581+0000] {subprocess.py:106} INFO - 26/03/21 04:57:08 INFO DAGScheduler: Submitting 1 missing tasks from ShuffleMapStage 6 (MapPartitionsRDD[18] at count at NativeMethodAccessorImpl.java:0) (first 15 tasks are for partitions Vector(0))
[2026-03-21T04:57:08.582+0000] {subprocess.py:106} INFO - 26/03/21 04:57:08 INFO TaskSchedulerImpl: Adding task set 6.0 with 1 tasks resource profile 0
[2026-03-21T04:57:08.593+0000] {subprocess.py:106} INFO - 26/03/21 04:57:08 INFO TaskSetManager: Starting task 0.0 in stage 6.0 (TID 9) (172.30.0.6, executor 0, partition 0, PROCESS_LOCAL, 10568 bytes)
[2026-03-21T04:57:08.611+0000] {subprocess.py:106} INFO - 26/03/21 04:57:08 INFO BlockManagerInfo: Added broadcast_11_piece0 in memory on 172.30.0.6:37605 (size: 9.8 KiB, free: 434.4 MiB)
[2026-03-21T04:57:08.664+0000] {subprocess.py:106} INFO - 26/03/21 04:57:08 INFO BlockManagerInfo: Added broadcast_9_piece0 in memory on 172.30.0.6:37605 (size: 531.9 KiB, free: 433.8 MiB)
[2026-03-21T04:57:08.812+0000] {subprocess.py:106} INFO - 26/03/21 04:57:08 INFO BlockManagerInfo: Added broadcast_10_piece0 in memory on 172.30.0.6:37605 (size: 36.0 KiB, free: 433.8 MiB)
[2026-03-21T04:57:08.990+0000] {subprocess.py:106} INFO - 26/03/21 04:57:08 INFO TaskSetManager: Finished task 0.0 in stage 6.0 (TID 9) in 398 ms on 172.30.0.6 (executor 0) (1/1)
[2026-03-21T04:57:08.996+0000] {subprocess.py:106} INFO - 26/03/21 04:57:08 INFO TaskSchedulerImpl: Removed TaskSet 6.0, whose tasks have all completed, from pool
[2026-03-21T04:57:08.997+0000] {subprocess.py:106} INFO - 26/03/21 04:57:08 INFO DAGScheduler: ShuffleMapStage 6 (count at NativeMethodAccessorImpl.java:0) finished in 0.420 s
[2026-03-21T04:57:08.998+0000] {subprocess.py:106} INFO - 26/03/21 04:57:08 INFO DAGScheduler: looking for newly runnable stages
[2026-03-21T04:57:08.998+0000] {subprocess.py:106} INFO - 26/03/21 04:57:08 INFO DAGScheduler: running: Set()
[2026-03-21T04:57:08.999+0000] {subprocess.py:106} INFO - 26/03/21 04:57:08 INFO DAGScheduler: waiting: Set()
[2026-03-21T04:57:09.000+0000] {subprocess.py:106} INFO - 26/03/21 04:57:08 INFO DAGScheduler: failed: Set()
[2026-03-21T04:57:09.025+0000] {subprocess.py:106} INFO - 26/03/21 04:57:09 INFO CodeGenerator: Code generated in 15.344166 ms
[2026-03-21T04:57:09.040+0000] {subprocess.py:106} INFO - 26/03/21 04:57:09 INFO SparkContext: Starting job: count at NativeMethodAccessorImpl.java:0
[2026-03-21T04:57:09.042+0000] {subprocess.py:106} INFO - 26/03/21 04:57:09 INFO DAGScheduler: Got job 6 (count at NativeMethodAccessorImpl.java:0) with 1 output partitions
[2026-03-21T04:57:09.045+0000] {subprocess.py:106} INFO - 26/03/21 04:57:09 INFO DAGScheduler: Final stage: ResultStage 8 (count at NativeMethodAccessorImpl.java:0)
[2026-03-21T04:57:09.045+0000] {subprocess.py:106} INFO - 26/03/21 04:57:09 INFO DAGScheduler: Parents of final stage: List(ShuffleMapStage 7)
[2026-03-21T04:57:09.046+0000] {subprocess.py:106} INFO - 26/03/21 04:57:09 INFO DAGScheduler: Missing parents: List()
[2026-03-21T04:57:09.047+0000] {subprocess.py:106} INFO - 26/03/21 04:57:09 INFO DAGScheduler: Submitting ResultStage 8 (MapPartitionsRDD[21] at count at NativeMethodAccessorImpl.java:0), which has no missing parents
[2026-03-21T04:57:09.047+0000] {subprocess.py:106} INFO - 26/03/21 04:57:09 INFO MemoryStore: Block broadcast_12 stored as values in memory (estimated size 12.5 KiB, free 433.5 MiB)
[2026-03-21T04:57:09.059+0000] {subprocess.py:106} INFO - 26/03/21 04:57:09 INFO MemoryStore: Block broadcast_12_piece0 stored as bytes in memory (estimated size 5.9 KiB, free 433.5 MiB)
[2026-03-21T04:57:09.065+0000] {subprocess.py:106} INFO - 26/03/21 04:57:09 INFO BlockManagerInfo: Added broadcast_12_piece0 in memory on 2c78fe4103d4:33965 (size: 5.9 KiB, free: 433.8 MiB)
[2026-03-21T04:57:09.066+0000] {subprocess.py:106} INFO - 26/03/21 04:57:09 INFO SparkContext: Created broadcast 12 from broadcast at DAGScheduler.scala:1585
[2026-03-21T04:57:09.067+0000] {subprocess.py:106} INFO - 26/03/21 04:57:09 INFO DAGScheduler: Submitting 1 missing tasks from ResultStage 8 (MapPartitionsRDD[21] at count at NativeMethodAccessorImpl.java:0) (first 15 tasks are for partitions Vector(0))
[2026-03-21T04:57:09.068+0000] {subprocess.py:106} INFO - 26/03/21 04:57:09 INFO TaskSchedulerImpl: Adding task set 8.0 with 1 tasks resource profile 0
[2026-03-21T04:57:09.068+0000] {subprocess.py:106} INFO - 26/03/21 04:57:09 INFO BlockManagerInfo: Removed broadcast_11_piece0 on 2c78fe4103d4:33965 in memory (size: 9.8 KiB, free: 433.8 MiB)
[2026-03-21T04:57:09.069+0000] {subprocess.py:106} INFO - 26/03/21 04:57:09 INFO TaskSetManager: Starting task 0.0 in stage 8.0 (TID 10) (172.30.0.6, executor 0, partition 0, NODE_LOCAL, 9976 bytes)
[2026-03-21T04:57:09.069+0000] {subprocess.py:106} INFO - 26/03/21 04:57:09 INFO BlockManagerInfo: Removed broadcast_11_piece0 on 172.30.0.6:37605 in memory (size: 9.8 KiB, free: 433.8 MiB)
[2026-03-21T04:57:09.086+0000] {subprocess.py:106} INFO - 26/03/21 04:57:09 INFO BlockManagerInfo: Added broadcast_12_piece0 in memory on 172.30.0.6:37605 (size: 5.9 KiB, free: 433.8 MiB)
[2026-03-21T04:57:09.094+0000] {subprocess.py:106} INFO - 26/03/21 04:57:09 INFO MapOutputTrackerMasterEndpoint: Asked to send map output locations for shuffle 1 to 172.30.0.6:51580
[2026-03-21T04:57:09.145+0000] {subprocess.py:106} INFO - 26/03/21 04:57:09 INFO TaskSetManager: Finished task 0.0 in stage 8.0 (TID 10) in 79 ms on 172.30.0.6 (executor 0) (1/1)
[2026-03-21T04:57:09.147+0000] {subprocess.py:106} INFO - 26/03/21 04:57:09 INFO DAGScheduler: ResultStage 8 (count at NativeMethodAccessorImpl.java:0) finished in 0.100 s
[2026-03-21T04:57:09.151+0000] {subprocess.py:106} INFO - 26/03/21 04:57:09 INFO DAGScheduler: Job 6 is finished. Cancelling potential speculative or zombie tasks for this job
[2026-03-21T04:57:09.152+0000] {subprocess.py:106} INFO - 26/03/21 04:57:09 INFO TaskSchedulerImpl: Removed TaskSet 8.0, whose tasks have all completed, from pool
[2026-03-21T04:57:09.152+0000] {subprocess.py:106} INFO - 26/03/21 04:57:09 INFO TaskSchedulerImpl: Killing all running tasks in stage 8: Stage finished
[2026-03-21T04:57:09.153+0000] {subprocess.py:106} INFO - 26/03/21 04:57:09 INFO DAGScheduler: Job 6 finished: count at NativeMethodAccessorImpl.java:0, took 0.109666 s
[2026-03-21T04:57:09.154+0000] {subprocess.py:106} INFO -  New records to append: 41
[2026-03-21T04:57:09.242+0000] {subprocess.py:106} INFO - 26/03/21 04:57:09 INFO V2ScanRelationPushDown:
[2026-03-21T04:57:09.247+0000] {subprocess.py:106} INFO - Pushing operators to iceberg.bronze.it_jobs_raw
[2026-03-21T04:57:09.252+0000] {subprocess.py:106} INFO - Pushed Filters: job_link IS NOT NULL
[2026-03-21T04:57:09.253+0000] {subprocess.py:106} INFO - Post-Scan Filters: isnotnull(job_link#79)
[2026-03-21T04:57:09.253+0000] {subprocess.py:106} INFO - 
[2026-03-21T04:57:09.254+0000] {subprocess.py:106} INFO - 26/03/21 04:57:09 INFO V2ScanRelationPushDown:
[2026-03-21T04:57:09.254+0000] {subprocess.py:106} INFO - Output: job_link#79
[2026-03-21T04:57:09.254+0000] {subprocess.py:106} INFO - 
[2026-03-21T04:57:09.255+0000] {subprocess.py:106} INFO - 26/03/21 04:57:09 INFO SnapshotScan: Scanning table iceberg.bronze.it_jobs_raw snapshot 1115320765510069887 created at 2026-03-21T04:41:32.614+00:00 with filter job_link IS NOT NULL
[2026-03-21T04:57:09.255+0000] {subprocess.py:106} INFO - 26/03/21 04:57:09 INFO BaseDistributedDataScan: Planning file tasks locally for table iceberg.bronze.it_jobs_raw
[2026-03-21T04:57:09.344+0000] {subprocess.py:106} INFO - 26/03/21 04:57:09 INFO SparkPartitioningAwareScan: Reporting UnknownPartitioning with 5 partition(s) for table iceberg.bronze.it_jobs_raw
[2026-03-21T04:57:09.368+0000] {subprocess.py:106} INFO - 26/03/21 04:57:09 INFO SparkWrite: Requesting 0 bytes advisory partition size for table iceberg.bronze.it_jobs_raw
[2026-03-21T04:57:09.369+0000] {subprocess.py:106} INFO - 26/03/21 04:57:09 INFO SparkWrite: Requesting UnspecifiedDistribution as write distribution for table iceberg.bronze.it_jobs_raw
[2026-03-21T04:57:09.369+0000] {subprocess.py:106} INFO - 26/03/21 04:57:09 INFO SparkWrite: Requesting [] as write ordering for table iceberg.bronze.it_jobs_raw
[2026-03-21T04:57:09.384+0000] {subprocess.py:106} INFO - 26/03/21 04:57:09 INFO FileSourceStrategy: Pushed Filters:
[2026-03-21T04:57:09.384+0000] {subprocess.py:106} INFO - 26/03/21 04:57:09 INFO FileSourceStrategy: Post-Scan Filters:
[2026-03-21T04:57:09.386+0000] {subprocess.py:106} INFO - 26/03/21 04:57:09 INFO MemoryStore: Block broadcast_13 stored as values in memory (estimated size 32.0 KiB, free 433.5 MiB)
[2026-03-21T04:57:09.396+0000] {subprocess.py:106} INFO - 26/03/21 04:57:09 INFO MemoryStore: Block broadcast_13_piece0 stored as bytes in memory (estimated size 30.1 KiB, free 433.4 MiB)
[2026-03-21T04:57:09.398+0000] {subprocess.py:106} INFO - 26/03/21 04:57:09 INFO BlockManagerInfo: Removed broadcast_12_piece0 on 2c78fe4103d4:33965 in memory (size: 5.9 KiB, free: 433.8 MiB)
[2026-03-21T04:57:09.406+0000] {subprocess.py:106} INFO - 26/03/21 04:57:09 INFO BlockManagerInfo: Added broadcast_13_piece0 in memory on 2c78fe4103d4:33965 (size: 30.1 KiB, free: 433.8 MiB)
[2026-03-21T04:57:09.407+0000] {subprocess.py:106} INFO - 26/03/21 04:57:09 INFO SparkContext: Created broadcast 13 from broadcast at SparkBatch.java:79
[2026-03-21T04:57:09.407+0000] {subprocess.py:106} INFO - 26/03/21 04:57:09 INFO BlockManagerInfo: Removed broadcast_12_piece0 on 172.30.0.6:37605 in memory (size: 5.9 KiB, free: 433.8 MiB)
[2026-03-21T04:57:09.411+0000] {subprocess.py:106} INFO - 26/03/21 04:57:09 INFO MemoryStore: Block broadcast_14 stored as values in memory (estimated size 32.0 KiB, free 433.4 MiB)
[2026-03-21T04:57:09.412+0000] {subprocess.py:106} INFO - 26/03/21 04:57:09 INFO MemoryStore: Block broadcast_14_piece0 stored as bytes in memory (estimated size 30.1 KiB, free 433.4 MiB)
[2026-03-21T04:57:09.413+0000] {subprocess.py:106} INFO - 26/03/21 04:57:09 INFO BlockManagerInfo: Added broadcast_14_piece0 in memory on 2c78fe4103d4:33965 (size: 30.1 KiB, free: 433.7 MiB)
[2026-03-21T04:57:09.414+0000] {subprocess.py:106} INFO - 26/03/21 04:57:09 INFO SparkContext: Created broadcast 14 from broadcast at SparkBatch.java:79
[2026-03-21T04:57:09.476+0000] {subprocess.py:106} INFO - 26/03/21 04:57:09 INFO SparkContext: Starting job: $anonfun$withThreadLocalCaptured$1 at FutureTask.java:264
[2026-03-21T04:57:09.478+0000] {subprocess.py:106} INFO - 26/03/21 04:57:09 INFO DAGScheduler: Got job 7 ($anonfun$withThreadLocalCaptured$1 at FutureTask.java:264) with 5 output partitions
[2026-03-21T04:57:09.479+0000] {subprocess.py:106} INFO - 26/03/21 04:57:09 INFO DAGScheduler: Final stage: ResultStage 9 ($anonfun$withThreadLocalCaptured$1 at FutureTask.java:264)
[2026-03-21T04:57:09.480+0000] {subprocess.py:106} INFO - 26/03/21 04:57:09 INFO DAGScheduler: Parents of final stage: List()
[2026-03-21T04:57:09.480+0000] {subprocess.py:106} INFO - 26/03/21 04:57:09 INFO DAGScheduler: Missing parents: List()
[2026-03-21T04:57:09.481+0000] {subprocess.py:106} INFO - 26/03/21 04:57:09 INFO DAGScheduler: Submitting ResultStage 9 (MapPartitionsRDD[25] at $anonfun$withThreadLocalCaptured$1 at FutureTask.java:264), which has no missing parents
[2026-03-21T04:57:09.483+0000] {subprocess.py:106} INFO - 26/03/21 04:57:09 INFO MemoryStore: Block broadcast_15 stored as values in memory (estimated size 13.7 KiB, free 433.4 MiB)
[2026-03-21T04:57:09.494+0000] {subprocess.py:106} INFO - 26/03/21 04:57:09 INFO MemoryStore: Block broadcast_15_piece0 stored as bytes in memory (estimated size 5.5 KiB, free 433.4 MiB)
[2026-03-21T04:57:09.495+0000] {subprocess.py:106} INFO - 26/03/21 04:57:09 INFO BlockManagerInfo: Added broadcast_15_piece0 in memory on 2c78fe4103d4:33965 (size: 5.5 KiB, free: 433.7 MiB)
[2026-03-21T04:57:09.496+0000] {subprocess.py:106} INFO - 26/03/21 04:57:09 INFO SparkContext: Created broadcast 15 from broadcast at DAGScheduler.scala:1585
[2026-03-21T04:57:09.496+0000] {subprocess.py:106} INFO - 26/03/21 04:57:09 INFO DAGScheduler: Submitting 5 missing tasks from ResultStage 9 (MapPartitionsRDD[25] at $anonfun$withThreadLocalCaptured$1 at FutureTask.java:264) (first 15 tasks are for partitions Vector(0, 1, 2, 3, 4))
[2026-03-21T04:57:09.497+0000] {subprocess.py:106} INFO - 26/03/21 04:57:09 INFO TaskSchedulerImpl: Adding task set 9.0 with 5 tasks resource profile 0
[2026-03-21T04:57:09.498+0000] {subprocess.py:106} INFO - 26/03/21 04:57:09 INFO TaskSetManager: Starting task 0.0 in stage 9.0 (TID 11) (172.30.0.6, executor 0, partition 0, PROCESS_LOCAL, 16346 bytes)
[2026-03-21T04:57:09.502+0000] {subprocess.py:106} INFO - 26/03/21 04:57:09 INFO TaskSetManager: Starting task 1.0 in stage 9.0 (TID 12) (172.30.0.6, executor 0, partition 1, PROCESS_LOCAL, 16347 bytes)
[2026-03-21T04:57:09.506+0000] {subprocess.py:106} INFO - 26/03/21 04:57:09 INFO TaskSetManager: Starting task 2.0 in stage 9.0 (TID 13) (172.30.0.6, executor 0, partition 2, PROCESS_LOCAL, 16346 bytes)
[2026-03-21T04:57:09.508+0000] {subprocess.py:106} INFO - 26/03/21 04:57:09 INFO TaskSetManager: Starting task 3.0 in stage 9.0 (TID 14) (172.30.0.6, executor 0, partition 3, PROCESS_LOCAL, 16346 bytes)
[2026-03-21T04:57:09.509+0000] {subprocess.py:106} INFO - 26/03/21 04:57:09 INFO TaskSetManager: Starting task 4.0 in stage 9.0 (TID 15) (172.30.0.6, executor 0, partition 4, PROCESS_LOCAL, 15885 bytes)
[2026-03-21T04:57:09.528+0000] {subprocess.py:106} INFO - 26/03/21 04:57:09 INFO BlockManagerInfo: Added broadcast_15_piece0 in memory on 172.30.0.6:37605 (size: 5.5 KiB, free: 433.8 MiB)
[2026-03-21T04:57:09.561+0000] {subprocess.py:106} INFO - 26/03/21 04:57:09 INFO BlockManagerInfo: Added broadcast_14_piece0 in memory on 172.30.0.6:37605 (size: 30.1 KiB, free: 433.8 MiB)
[2026-03-21T04:57:09.920+0000] {subprocess.py:106} INFO - 26/03/21 04:57:09 INFO TaskSetManager: Finished task 4.0 in stage 9.0 (TID 15) in 416 ms on 172.30.0.6 (executor 0) (1/5)
[2026-03-21T04:57:09.921+0000] {subprocess.py:106} INFO - 26/03/21 04:57:09 INFO TaskSetManager: Finished task 1.0 in stage 9.0 (TID 12) in 423 ms on 172.30.0.6 (executor 0) (2/5)
[2026-03-21T04:57:09.963+0000] {subprocess.py:106} INFO - 26/03/21 04:57:09 INFO TaskSetManager: Finished task 3.0 in stage 9.0 (TID 14) in 463 ms on 172.30.0.6 (executor 0) (3/5)
[2026-03-21T04:57:09.969+0000] {subprocess.py:106} INFO - 26/03/21 04:57:09 INFO TaskSetManager: Finished task 0.0 in stage 9.0 (TID 11) in 470 ms on 172.30.0.6 (executor 0) (4/5)
[2026-03-21T04:57:09.970+0000] {subprocess.py:106} INFO - 26/03/21 04:57:09 INFO TaskSetManager: Finished task 2.0 in stage 9.0 (TID 13) in 469 ms on 172.30.0.6 (executor 0) (5/5)
[2026-03-21T04:57:09.970+0000] {subprocess.py:106} INFO - 26/03/21 04:57:09 INFO TaskSchedulerImpl: Removed TaskSet 9.0, whose tasks have all completed, from pool
[2026-03-21T04:57:09.971+0000] {subprocess.py:106} INFO - 26/03/21 04:57:09 INFO DAGScheduler: ResultStage 9 ($anonfun$withThreadLocalCaptured$1 at FutureTask.java:264) finished in 0.489 s
[2026-03-21T04:57:09.972+0000] {subprocess.py:106} INFO - 26/03/21 04:57:09 INFO DAGScheduler: Job 7 is finished. Cancelling potential speculative or zombie tasks for this job
[2026-03-21T04:57:09.972+0000] {subprocess.py:106} INFO - 26/03/21 04:57:09 INFO TaskSchedulerImpl: Killing all running tasks in stage 9: Stage finished
[2026-03-21T04:57:09.972+0000] {subprocess.py:106} INFO - 26/03/21 04:57:09 INFO DAGScheduler: Job 7 finished: $anonfun$withThreadLocalCaptured$1 at FutureTask.java:264, took 0.494670 s
[2026-03-21T04:57:09.994+0000] {subprocess.py:106} INFO - 26/03/21 04:57:09 INFO BlockManagerInfo: Removed broadcast_15_piece0 on 2c78fe4103d4:33965 in memory (size: 5.5 KiB, free: 433.7 MiB)
[2026-03-21T04:57:09.997+0000] {subprocess.py:106} INFO - 26/03/21 04:57:09 INFO BlockManagerInfo: Removed broadcast_15_piece0 on 172.30.0.6:37605 in memory (size: 5.5 KiB, free: 433.8 MiB)
[2026-03-21T04:57:10.019+0000] {subprocess.py:106} INFO - 26/03/21 04:57:10 INFO MemoryStore: Block broadcast_16_piece0 stored as bytes in memory (estimated size 532.7 KiB, free 432.9 MiB)
[2026-03-21T04:57:10.020+0000] {subprocess.py:106} INFO - 26/03/21 04:57:10 INFO BlockManagerInfo: Added broadcast_16_piece0 in memory on 2c78fe4103d4:33965 (size: 532.7 KiB, free: 433.2 MiB)
[2026-03-21T04:57:10.020+0000] {subprocess.py:106} INFO - 26/03/21 04:57:10 INFO SparkContext: Created broadcast 16 from $anonfun$withThreadLocalCaptured$1 at FutureTask.java:264
[2026-03-21T04:57:10.026+0000] {subprocess.py:106} INFO - 26/03/21 04:57:10 INFO FileSourceStrategy: Pushed Filters:
[2026-03-21T04:57:10.027+0000] {subprocess.py:106} INFO - 26/03/21 04:57:10 INFO FileSourceStrategy: Post-Scan Filters:
[2026-03-21T04:57:10.093+0000] {subprocess.py:106} INFO - 26/03/21 04:57:10 INFO CodeGenerator: Code generated in 26.576071 ms
[2026-03-21T04:57:10.099+0000] {subprocess.py:106} INFO - 26/03/21 04:57:10 INFO MemoryStore: Block broadcast_17 stored as values in memory (estimated size 205.1 KiB, free 432.7 MiB)
[2026-03-21T04:57:10.118+0000] {subprocess.py:106} INFO - 26/03/21 04:57:10 INFO MemoryStore: Block broadcast_17_piece0 stored as bytes in memory (estimated size 36.0 KiB, free 432.6 MiB)
[2026-03-21T04:57:10.119+0000] {subprocess.py:106} INFO - 26/03/21 04:57:10 INFO BlockManagerInfo: Added broadcast_17_piece0 in memory on 2c78fe4103d4:33965 (size: 36.0 KiB, free: 433.2 MiB)
[2026-03-21T04:57:10.120+0000] {subprocess.py:106} INFO - 26/03/21 04:57:10 INFO SparkContext: Created broadcast 17 from append at NativeMethodAccessorImpl.java:0
[2026-03-21T04:57:10.123+0000] {subprocess.py:106} INFO - 26/03/21 04:57:10 INFO FileSourceScanExec: Planning scan with bin packing, max size: 4194304 bytes, open cost is considered as scanning 4194304 bytes.
[2026-03-21T04:57:10.134+0000] {subprocess.py:106} INFO - 26/03/21 04:57:10 INFO MemoryStore: Block broadcast_18 stored as values in memory (estimated size 32.0 KiB, free 432.6 MiB)
[2026-03-21T04:57:10.137+0000] {subprocess.py:106} INFO - 26/03/21 04:57:10 INFO MemoryStore: Block broadcast_18_piece0 stored as bytes in memory (estimated size 30.1 KiB, free 432.6 MiB)
[2026-03-21T04:57:10.144+0000] {subprocess.py:106} INFO - 26/03/21 04:57:10 INFO BlockManagerInfo: Added broadcast_18_piece0 in memory on 2c78fe4103d4:33965 (size: 30.1 KiB, free: 433.1 MiB)
[2026-03-21T04:57:10.145+0000] {subprocess.py:106} INFO - 26/03/21 04:57:10 INFO SparkContext: Created broadcast 18 from broadcast at SparkWrite.java:193
[2026-03-21T04:57:10.145+0000] {subprocess.py:106} INFO - 26/03/21 04:57:10 INFO AppendDataExec: Start processing data source write support: IcebergBatchWrite(table=iceberg.bronze.it_jobs_raw, format=PARQUET). The input RDD has 1 partitions.
[2026-03-21T04:57:10.166+0000] {subprocess.py:106} INFO - 26/03/21 04:57:10 INFO SparkContext: Starting job: append at NativeMethodAccessorImpl.java:0
[2026-03-21T04:57:10.167+0000] {subprocess.py:106} INFO - 26/03/21 04:57:10 INFO DAGScheduler: Got job 8 (append at NativeMethodAccessorImpl.java:0) with 1 output partitions
[2026-03-21T04:57:10.168+0000] {subprocess.py:106} INFO - 26/03/21 04:57:10 INFO DAGScheduler: Final stage: ResultStage 10 (append at NativeMethodAccessorImpl.java:0)
[2026-03-21T04:57:10.168+0000] {subprocess.py:106} INFO - 26/03/21 04:57:10 INFO DAGScheduler: Parents of final stage: List()
[2026-03-21T04:57:10.170+0000] {subprocess.py:106} INFO - 26/03/21 04:57:10 INFO DAGScheduler: Missing parents: List()
[2026-03-21T04:57:10.176+0000] {subprocess.py:106} INFO - 26/03/21 04:57:10 INFO DAGScheduler: Submitting ResultStage 10 (MapPartitionsRDD[28] at append at NativeMethodAccessorImpl.java:0), which has no missing parents
[2026-03-21T04:57:10.177+0000] {subprocess.py:106} INFO - 26/03/21 04:57:10 INFO MemoryStore: Block broadcast_19 stored as values in memory (estimated size 22.8 KiB, free 432.6 MiB)
[2026-03-21T04:57:10.177+0000] {subprocess.py:106} INFO - 26/03/21 04:57:10 INFO MemoryStore: Block broadcast_19_piece0 stored as bytes in memory (estimated size 10.2 KiB, free 432.6 MiB)
[2026-03-21T04:57:10.179+0000] {subprocess.py:106} INFO - 26/03/21 04:57:10 INFO BlockManagerInfo: Added broadcast_19_piece0 in memory on 2c78fe4103d4:33965 (size: 10.2 KiB, free: 433.1 MiB)
[2026-03-21T04:57:10.179+0000] {subprocess.py:106} INFO - 26/03/21 04:57:10 INFO SparkContext: Created broadcast 19 from broadcast at DAGScheduler.scala:1585
[2026-03-21T04:57:10.180+0000] {subprocess.py:106} INFO - 26/03/21 04:57:10 INFO DAGScheduler: Submitting 1 missing tasks from ResultStage 10 (MapPartitionsRDD[28] at append at NativeMethodAccessorImpl.java:0) (first 15 tasks are for partitions Vector(0))
[2026-03-21T04:57:10.181+0000] {subprocess.py:106} INFO - 26/03/21 04:57:10 INFO TaskSchedulerImpl: Adding task set 10.0 with 1 tasks resource profile 0
[2026-03-21T04:57:10.182+0000] {subprocess.py:106} INFO - 26/03/21 04:57:10 INFO TaskSetManager: Starting task 0.0 in stage 10.0 (TID 16) (172.30.0.6, executor 0, partition 0, PROCESS_LOCAL, 10579 bytes)
[2026-03-21T04:57:10.199+0000] {subprocess.py:106} INFO - 26/03/21 04:57:10 INFO BlockManagerInfo: Added broadcast_19_piece0 in memory on 172.30.0.6:37605 (size: 10.2 KiB, free: 433.8 MiB)
[2026-03-21T04:57:10.277+0000] {subprocess.py:106} INFO - 26/03/21 04:57:10 INFO BlockManagerInfo: Added broadcast_16_piece0 in memory on 172.30.0.6:37605 (size: 532.7 KiB, free: 433.3 MiB)
[2026-03-21T04:57:10.342+0000] {subprocess.py:106} INFO - 26/03/21 04:57:10 INFO BlockManagerInfo: Added broadcast_18_piece0 in memory on 172.30.0.6:37605 (size: 30.1 KiB, free: 433.2 MiB)
[2026-03-21T04:57:10.690+0000] {subprocess.py:106} INFO - 26/03/21 04:57:10 INFO BlockManagerInfo: Added broadcast_17_piece0 in memory on 172.30.0.6:37605 (size: 36.0 KiB, free: 433.2 MiB)
[2026-03-21T04:57:11.192+0000] {subprocess.py:106} INFO - 26/03/21 04:57:11 INFO TaskSetManager: Finished task 0.0 in stage 10.0 (TID 16) in 1009 ms on 172.30.0.6 (executor 0) (1/1)
[2026-03-21T04:57:11.193+0000] {subprocess.py:106} INFO - 26/03/21 04:57:11 INFO TaskSchedulerImpl: Removed TaskSet 10.0, whose tasks have all completed, from pool
[2026-03-21T04:57:11.196+0000] {subprocess.py:106} INFO - 26/03/21 04:57:11 INFO DAGScheduler: ResultStage 10 (append at NativeMethodAccessorImpl.java:0) finished in 1.020 s
[2026-03-21T04:57:11.198+0000] {subprocess.py:106} INFO - 26/03/21 04:57:11 INFO DAGScheduler: Job 8 is finished. Cancelling potential speculative or zombie tasks for this job
[2026-03-21T04:57:11.200+0000] {subprocess.py:106} INFO - 26/03/21 04:57:11 INFO TaskSchedulerImpl: Killing all running tasks in stage 10: Stage finished
[2026-03-21T04:57:11.201+0000] {subprocess.py:106} INFO - 26/03/21 04:57:11 INFO DAGScheduler: Job 8 finished: append at NativeMethodAccessorImpl.java:0, took 1.027677 s
[2026-03-21T04:57:11.202+0000] {subprocess.py:106} INFO - 26/03/21 04:57:11 INFO AppendDataExec: Data source write support IcebergBatchWrite(table=iceberg.bronze.it_jobs_raw, format=PARQUET) is committing.
[2026-03-21T04:57:11.221+0000] {subprocess.py:106} INFO - 26/03/21 04:57:11 INFO SparkWrite: Committing append with 1 new data files to table iceberg.bronze.it_jobs_raw
[2026-03-21T04:57:11.437+0000] {subprocess.py:106} INFO - 26/03/21 04:57:11 INFO BlockManagerInfo: Removed broadcast_19_piece0 on 2c78fe4103d4:33965 in memory (size: 10.2 KiB, free: 433.1 MiB)
[2026-03-21T04:57:11.441+0000] {subprocess.py:106} INFO - 26/03/21 04:57:11 INFO BlockManagerInfo: Removed broadcast_19_piece0 on 172.30.0.6:37605 in memory (size: 10.2 KiB, free: 433.2 MiB)
[2026-03-21T04:57:11.896+0000] {subprocess.py:106} INFO - 26/03/21 04:57:11 INFO HiveTableOperations: Committed to table iceberg.bronze.it_jobs_raw with the new metadata location s3a://warehouse/iceberg_data/bronze.db/it_jobs_raw/metadata/00019-5bf11518-5597-4e16-8cb8-6c0472890696.metadata.json
[2026-03-21T04:57:11.896+0000] {subprocess.py:106} INFO - 26/03/21 04:57:11 INFO BaseMetastoreTableOperations: Successfully committed to table iceberg.bronze.it_jobs_raw in 277 ms
[2026-03-21T04:57:11.897+0000] {subprocess.py:106} INFO - 26/03/21 04:57:11 INFO SnapshotProducer: Committed snapshot 481410602889321803 (MergeAppend)
[2026-03-21T04:57:11.905+0000] {subprocess.py:106} INFO - 26/03/21 04:57:11 INFO BaseMetastoreTableOperations: Refreshing table metadata from new version: s3a://warehouse/iceberg_data/bronze.db/it_jobs_raw/metadata/00019-5bf11518-5597-4e16-8cb8-6c0472890696.metadata.json
[2026-03-21T04:57:11.968+0000] {subprocess.py:106} INFO - 26/03/21 04:57:11 INFO LoggingMetricsReporter: Received metrics report: CommitReport{tableName=iceberg.bronze.it_jobs_raw, snapshotId=481410602889321803, sequenceNumber=20, operation=append, commitMetrics=CommitMetricsResult{totalDuration=TimerResult{timeUnit=NANOSECONDS, totalDuration=PT0.725866653S, count=1}, attempts=CounterResult{unit=COUNT, value=1}, addedDataFiles=CounterResult{unit=COUNT, value=1}, removedDataFiles=null, totalDataFiles=CounterResult{unit=COUNT, value=20}, addedDeleteFiles=null, addedEqualityDeleteFiles=null, addedPositionalDeleteFiles=null, removedDeleteFiles=null, removedEqualityDeleteFiles=null, removedPositionalDeleteFiles=null, totalDeleteFiles=CounterResult{unit=COUNT, value=0}, addedRecords=CounterResult{unit=COUNT, value=41}, removedRecords=null, totalRecords=CounterResult{unit=COUNT, value=9169}, addedFilesSizeInBytes=CounterResult{unit=BYTES, value=9378}, removedFilesSizeInBytes=null, totalFilesSizeInBytes=CounterResult{unit=BYTES, value=538506}, addedPositionalDeletes=null, removedPositionalDeletes=null, totalPositionalDeletes=CounterResult{unit=COUNT, value=0}, addedEqualityDeletes=null, removedEqualityDeletes=null, totalEqualityDeletes=CounterResult{unit=COUNT, value=0}}, metadata={engine-version=3.5.3, app-id=app-20260321045651-0003, engine-name=spark, iceberg-version=Apache Iceberg 1.6.1 (commit 8e9d59d299be42b0bca9461457cd1e95dbaad086)}}
[2026-03-21T04:57:11.969+0000] {subprocess.py:106} INFO - 26/03/21 04:57:11 INFO SparkWrite: Committed in 746 ms
[2026-03-21T04:57:11.970+0000] {subprocess.py:106} INFO - 26/03/21 04:57:11 INFO AppendDataExec: Data source write support IcebergBatchWrite(table=iceberg.bronze.it_jobs_raw, format=PARQUET) committed.
[2026-03-21T04:57:11.973+0000] {subprocess.py:106} INFO - Append success.
[2026-03-21T04:57:11.974+0000] {subprocess.py:106} INFO - Process finished. Data available at: iceberg.bronze.it_jobs_raw
[2026-03-21T04:57:11.974+0000] {subprocess.py:106} INFO - 26/03/21 04:57:11 INFO SparkContext: SparkContext is stopping with exitCode 0.
[2026-03-21T04:57:11.986+0000] {subprocess.py:106} INFO - 26/03/21 04:57:11 INFO SparkUI: Stopped Spark web UI at http://2c78fe4103d4:4040
[2026-03-21T04:57:11.994+0000] {subprocess.py:106} INFO - 26/03/21 04:57:11 INFO StandaloneSchedulerBackend: Shutting down all executors
[2026-03-21T04:57:11.995+0000] {subprocess.py:106} INFO - 26/03/21 04:57:11 INFO StandaloneSchedulerBackend$StandaloneDriverEndpoint: Asking each executor to shut down
[2026-03-21T04:57:12.019+0000] {subprocess.py:106} INFO - 26/03/21 04:57:12 INFO MapOutputTrackerMasterEndpoint: MapOutputTrackerMasterEndpoint stopped!
[2026-03-21T04:57:12.040+0000] {subprocess.py:106} INFO - 26/03/21 04:57:12 INFO MemoryStore: MemoryStore cleared
[2026-03-21T04:57:12.043+0000] {subprocess.py:106} INFO - 26/03/21 04:57:12 INFO BlockManager: BlockManager stopped
[2026-03-21T04:57:12.052+0000] {subprocess.py:106} INFO - 26/03/21 04:57:12 INFO BlockManagerMaster: BlockManagerMaster stopped
[2026-03-21T04:57:12.060+0000] {subprocess.py:106} INFO - 26/03/21 04:57:12 INFO OutputCommitCoordinator$OutputCommitCoordinatorEndpoint: OutputCommitCoordinator stopped!
[2026-03-21T04:57:12.137+0000] {subprocess.py:106} INFO - 26/03/21 04:57:12 INFO SparkContext: Successfully stopped SparkContext
[2026-03-21T04:57:12.668+0000] {subprocess.py:106} INFO - 26/03/21 04:57:12 INFO ShutdownHookManager: Shutdown hook called
[2026-03-21T04:57:12.669+0000] {subprocess.py:106} INFO - 26/03/21 04:57:12 INFO ShutdownHookManager: Deleting directory /tmp/spark-5705ccaa-e835-474a-909b-1e6b6cab10e2
[2026-03-21T04:57:12.672+0000] {subprocess.py:106} INFO - 26/03/21 04:57:12 INFO ShutdownHookManager: Deleting directory /tmp/spark-989dfa32-00c6-4494-abff-11d98f78da6d/pyspark-7e653041-4c85-4143-9d19-60c941eee513
[2026-03-21T04:57:12.674+0000] {subprocess.py:106} INFO - 26/03/21 04:57:12 INFO ShutdownHookManager: Deleting directory /tmp/spark-989dfa32-00c6-4494-abff-11d98f78da6d
[2026-03-21T04:57:12.682+0000] {subprocess.py:106} INFO - 26/03/21 04:57:12 INFO MetricsSystemImpl: Stopping s3a-file-system metrics system...
[2026-03-21T04:57:12.683+0000] {subprocess.py:106} INFO - 26/03/21 04:57:12 INFO MetricsSystemImpl: s3a-file-system metrics system stopped.
[2026-03-21T04:57:12.683+0000] {subprocess.py:106} INFO - 26/03/21 04:57:12 INFO MetricsSystemImpl: s3a-file-system metrics system shutdown complete.
[2026-03-21T04:57:12.817+0000] {subprocess.py:110} INFO - Command exited with return code 0
[2026-03-21T04:57:12.873+0000] {taskinstance.py:341} INFO - ::group::Post task execution logs
[2026-03-21T04:57:12.874+0000] {taskinstance.py:353} INFO - Marking task as SUCCESS. dag_id=crawl_etl_itjob, task_id=load_bronze, run_id=scheduled__2026-03-20T02:00:00+00:00, execution_date=20260320T020000, start_date=20260321T045643, end_date=20260321T045712
[2026-03-21T04:57:12.968+0000] {local_task_job_runner.py:266} INFO - Task exited with return code 0
[2026-03-21T04:57:13.019+0000] {taskinstance.py:3901} INFO - 1 downstream tasks scheduled from follow-on schedule check
[2026-03-21T04:57:13.021+0000] {local_task_job_runner.py:245} INFO - ::endgroup::
