[2026-05-21T06:38:31.300+0000] {processor.py:186} INFO - Started process (PID=38) to work on /opt/airflow/dags/ETL_Without_Crawl.py
[2026-05-21T06:38:31.301+0000] {processor.py:914} INFO - Processing file /opt/airflow/dags/ETL_Without_Crawl.py for tasks to queue
[2026-05-21T06:38:31.303+0000] {logging_mixin.py:190} INFO - [2026-05-21T06:38:31.303+0000] {dagbag.py:588} INFO - Filling up the DagBag from /opt/airflow/dags/ETL_Without_Crawl.py
[2026-05-21T06:38:31.365+0000] {processor.py:925} INFO - DAG(s) 'etl_without_crawl' retrieved from /opt/airflow/dags/ETL_Without_Crawl.py
[2026-05-21T06:38:31.561+0000] {logging_mixin.py:190} INFO - [2026-05-21T06:38:31.561+0000] {dag.py:3239} INFO - Sync 1 DAGs
[2026-05-21T06:38:31.754+0000] {logging_mixin.py:190} INFO - [2026-05-21T06:38:31.754+0000] {dag.py:4180} INFO - Setting next_dagrun for etl_without_crawl to None, run_after=None
[2026-05-21T06:38:31.845+0000] {processor.py:208} INFO - Processing /opt/airflow/dags/ETL_Without_Crawl.py took 0.565 seconds
[2026-05-21T06:39:02.115+0000] {processor.py:186} INFO - Started process (PID=42) to work on /opt/airflow/dags/ETL_Without_Crawl.py
[2026-05-21T06:39:02.117+0000] {processor.py:914} INFO - Processing file /opt/airflow/dags/ETL_Without_Crawl.py for tasks to queue
[2026-05-21T06:39:02.121+0000] {logging_mixin.py:190} INFO - [2026-05-21T06:39:02.120+0000] {dagbag.py:588} INFO - Filling up the DagBag from /opt/airflow/dags/ETL_Without_Crawl.py
[2026-05-21T06:39:02.148+0000] {processor.py:925} INFO - DAG(s) 'etl_without_crawl' retrieved from /opt/airflow/dags/ETL_Without_Crawl.py
[2026-05-21T06:39:02.207+0000] {logging_mixin.py:190} INFO - [2026-05-21T06:39:02.207+0000] {dag.py:3239} INFO - Sync 1 DAGs
[2026-05-21T06:39:02.239+0000] {logging_mixin.py:190} INFO - [2026-05-21T06:39:02.239+0000] {dag.py:4180} INFO - Setting next_dagrun for etl_without_crawl to None, run_after=None
[2026-05-21T06:39:02.295+0000] {processor.py:208} INFO - Processing /opt/airflow/dags/ETL_Without_Crawl.py took 0.189 seconds
[2026-05-21T06:39:32.621+0000] {processor.py:186} INFO - Started process (PID=46) to work on /opt/airflow/dags/ETL_Without_Crawl.py
[2026-05-21T06:39:32.622+0000] {processor.py:914} INFO - Processing file /opt/airflow/dags/ETL_Without_Crawl.py for tasks to queue
[2026-05-21T06:39:32.623+0000] {logging_mixin.py:190} INFO - [2026-05-21T06:39:32.623+0000] {dagbag.py:588} INFO - Filling up the DagBag from /opt/airflow/dags/ETL_Without_Crawl.py
[2026-05-21T06:39:32.647+0000] {processor.py:925} INFO - DAG(s) 'etl_without_crawl' retrieved from /opt/airflow/dags/ETL_Without_Crawl.py
[2026-05-21T06:39:32.708+0000] {logging_mixin.py:190} INFO - [2026-05-21T06:39:32.708+0000] {dag.py:3239} INFO - Sync 1 DAGs
[2026-05-21T06:39:32.743+0000] {logging_mixin.py:190} INFO - [2026-05-21T06:39:32.743+0000] {dag.py:4180} INFO - Setting next_dagrun for etl_without_crawl to None, run_after=None
[2026-05-21T06:39:32.802+0000] {processor.py:208} INFO - Processing /opt/airflow/dags/ETL_Without_Crawl.py took 0.188 seconds
[2026-05-21T06:40:03.715+0000] {processor.py:186} INFO - Started process (PID=50) to work on /opt/airflow/dags/ETL_Without_Crawl.py
[2026-05-21T06:40:03.718+0000] {processor.py:914} INFO - Processing file /opt/airflow/dags/ETL_Without_Crawl.py for tasks to queue
[2026-05-21T06:40:03.720+0000] {logging_mixin.py:190} INFO - [2026-05-21T06:40:03.719+0000] {dagbag.py:588} INFO - Filling up the DagBag from /opt/airflow/dags/ETL_Without_Crawl.py
[2026-05-21T06:40:03.750+0000] {processor.py:925} INFO - DAG(s) 'etl_without_crawl' retrieved from /opt/airflow/dags/ETL_Without_Crawl.py
[2026-05-21T06:40:03.810+0000] {logging_mixin.py:190} INFO - [2026-05-21T06:40:03.810+0000] {dag.py:3239} INFO - Sync 1 DAGs
[2026-05-21T06:40:03.853+0000] {logging_mixin.py:190} INFO - [2026-05-21T06:40:03.853+0000] {dag.py:4180} INFO - Setting next_dagrun for etl_without_crawl to None, run_after=None
[2026-05-21T06:40:03.917+0000] {processor.py:208} INFO - Processing /opt/airflow/dags/ETL_Without_Crawl.py took 0.214 seconds
[2026-05-21T06:40:34.079+0000] {processor.py:186} INFO - Started process (PID=54) to work on /opt/airflow/dags/ETL_Without_Crawl.py
[2026-05-21T06:40:34.080+0000] {processor.py:914} INFO - Processing file /opt/airflow/dags/ETL_Without_Crawl.py for tasks to queue
[2026-05-21T06:40:34.084+0000] {logging_mixin.py:190} INFO - [2026-05-21T06:40:34.083+0000] {dagbag.py:588} INFO - Filling up the DagBag from /opt/airflow/dags/ETL_Without_Crawl.py
[2026-05-21T06:40:34.131+0000] {processor.py:925} INFO - DAG(s) 'etl_without_crawl' retrieved from /opt/airflow/dags/ETL_Without_Crawl.py
[2026-05-21T06:40:34.196+0000] {logging_mixin.py:190} INFO - [2026-05-21T06:40:34.195+0000] {dag.py:3239} INFO - Sync 1 DAGs
[2026-05-21T06:40:34.233+0000] {logging_mixin.py:190} INFO - [2026-05-21T06:40:34.232+0000] {dag.py:4180} INFO - Setting next_dagrun for etl_without_crawl to None, run_after=None
[2026-05-21T06:40:34.284+0000] {processor.py:208} INFO - Processing /opt/airflow/dags/ETL_Without_Crawl.py took 0.216 seconds
[2026-05-21T06:41:04.490+0000] {processor.py:186} INFO - Started process (PID=58) to work on /opt/airflow/dags/ETL_Without_Crawl.py
[2026-05-21T06:41:04.490+0000] {processor.py:914} INFO - Processing file /opt/airflow/dags/ETL_Without_Crawl.py for tasks to queue
[2026-05-21T06:41:04.492+0000] {logging_mixin.py:190} INFO - [2026-05-21T06:41:04.492+0000] {dagbag.py:588} INFO - Filling up the DagBag from /opt/airflow/dags/ETL_Without_Crawl.py
[2026-05-21T06:41:04.514+0000] {processor.py:925} INFO - DAG(s) 'etl_without_crawl' retrieved from /opt/airflow/dags/ETL_Without_Crawl.py
[2026-05-21T06:41:04.568+0000] {logging_mixin.py:190} INFO - [2026-05-21T06:41:04.568+0000] {dag.py:3239} INFO - Sync 1 DAGs
[2026-05-21T06:41:04.597+0000] {logging_mixin.py:190} INFO - [2026-05-21T06:41:04.597+0000] {dag.py:4180} INFO - Setting next_dagrun for etl_without_crawl to None, run_after=None
[2026-05-21T06:41:04.632+0000] {processor.py:208} INFO - Processing /opt/airflow/dags/ETL_Without_Crawl.py took 0.154 seconds
[2026-05-21T06:41:34.713+0000] {processor.py:186} INFO - Started process (PID=62) to work on /opt/airflow/dags/ETL_Without_Crawl.py
[2026-05-21T06:41:34.716+0000] {processor.py:914} INFO - Processing file /opt/airflow/dags/ETL_Without_Crawl.py for tasks to queue
[2026-05-21T06:41:34.721+0000] {logging_mixin.py:190} INFO - [2026-05-21T06:41:34.720+0000] {dagbag.py:588} INFO - Filling up the DagBag from /opt/airflow/dags/ETL_Without_Crawl.py
[2026-05-21T06:41:34.772+0000] {processor.py:925} INFO - DAG(s) 'etl_without_crawl' retrieved from /opt/airflow/dags/ETL_Without_Crawl.py
[2026-05-21T06:41:34.836+0000] {logging_mixin.py:190} INFO - [2026-05-21T06:41:34.836+0000] {dag.py:3239} INFO - Sync 1 DAGs
[2026-05-21T06:41:34.869+0000] {logging_mixin.py:190} INFO - [2026-05-21T06:41:34.869+0000] {dag.py:4180} INFO - Setting next_dagrun for etl_without_crawl to None, run_after=None
[2026-05-21T06:41:34.922+0000] {processor.py:208} INFO - Processing /opt/airflow/dags/ETL_Without_Crawl.py took 0.220 seconds
[2026-05-21T06:42:05.070+0000] {processor.py:186} INFO - Started process (PID=66) to work on /opt/airflow/dags/ETL_Without_Crawl.py
[2026-05-21T06:42:05.076+0000] {processor.py:914} INFO - Processing file /opt/airflow/dags/ETL_Without_Crawl.py for tasks to queue
[2026-05-21T06:42:05.081+0000] {logging_mixin.py:190} INFO - [2026-05-21T06:42:05.081+0000] {dagbag.py:588} INFO - Filling up the DagBag from /opt/airflow/dags/ETL_Without_Crawl.py
[2026-05-21T06:42:05.204+0000] {processor.py:925} INFO - DAG(s) 'etl_without_crawl' retrieved from /opt/airflow/dags/ETL_Without_Crawl.py
[2026-05-21T06:42:05.324+0000] {logging_mixin.py:190} INFO - [2026-05-21T06:42:05.324+0000] {dag.py:3239} INFO - Sync 1 DAGs
[2026-05-21T06:42:05.431+0000] {logging_mixin.py:190} INFO - [2026-05-21T06:42:05.430+0000] {dag.py:4180} INFO - Setting next_dagrun for etl_without_crawl to None, run_after=None
[2026-05-21T06:42:05.497+0000] {processor.py:208} INFO - Processing /opt/airflow/dags/ETL_Without_Crawl.py took 0.446 seconds
[2026-05-21T06:42:35.587+0000] {processor.py:186} INFO - Started process (PID=69) to work on /opt/airflow/dags/ETL_Without_Crawl.py
[2026-05-21T06:42:35.589+0000] {processor.py:914} INFO - Processing file /opt/airflow/dags/ETL_Without_Crawl.py for tasks to queue
[2026-05-21T06:42:35.595+0000] {logging_mixin.py:190} INFO - [2026-05-21T06:42:35.594+0000] {dagbag.py:588} INFO - Filling up the DagBag from /opt/airflow/dags/ETL_Without_Crawl.py
[2026-05-21T06:42:35.657+0000] {processor.py:925} INFO - DAG(s) 'etl_without_crawl' retrieved from /opt/airflow/dags/ETL_Without_Crawl.py
[2026-05-21T06:42:35.814+0000] {logging_mixin.py:190} INFO - [2026-05-21T06:42:35.813+0000] {dag.py:3239} INFO - Sync 1 DAGs
[2026-05-21T06:42:35.908+0000] {logging_mixin.py:190} INFO - [2026-05-21T06:42:35.908+0000] {dag.py:4180} INFO - Setting next_dagrun for etl_without_crawl to None, run_after=None
[2026-05-21T06:42:36.232+0000] {processor.py:208} INFO - Processing /opt/airflow/dags/ETL_Without_Crawl.py took 0.663 seconds
[2026-05-21T06:43:07.353+0000] {processor.py:186} INFO - Started process (PID=74) to work on /opt/airflow/dags/ETL_Without_Crawl.py
[2026-05-21T06:43:07.367+0000] {processor.py:914} INFO - Processing file /opt/airflow/dags/ETL_Without_Crawl.py for tasks to queue
[2026-05-21T06:43:07.389+0000] {logging_mixin.py:190} INFO - [2026-05-21T06:43:07.388+0000] {dagbag.py:588} INFO - Filling up the DagBag from /opt/airflow/dags/ETL_Without_Crawl.py
[2026-05-21T06:43:07.525+0000] {processor.py:925} INFO - DAG(s) 'etl_without_crawl' retrieved from /opt/airflow/dags/ETL_Without_Crawl.py
[2026-05-21T06:43:08.553+0000] {logging_mixin.py:190} INFO - [2026-05-21T06:43:08.553+0000] {dag.py:3239} INFO - Sync 1 DAGs
[2026-05-21T06:43:08.696+0000] {logging_mixin.py:190} INFO - [2026-05-21T06:43:08.695+0000] {dag.py:4180} INFO - Setting next_dagrun for etl_without_crawl to None, run_after=None
[2026-05-21T06:43:08.854+0000] {processor.py:208} INFO - Processing /opt/airflow/dags/ETL_Without_Crawl.py took 1.521 seconds
[2026-05-21T06:43:39.096+0000] {processor.py:186} INFO - Started process (PID=78) to work on /opt/airflow/dags/ETL_Without_Crawl.py
[2026-05-21T06:43:39.097+0000] {processor.py:914} INFO - Processing file /opt/airflow/dags/ETL_Without_Crawl.py for tasks to queue
[2026-05-21T06:43:39.099+0000] {logging_mixin.py:190} INFO - [2026-05-21T06:43:39.099+0000] {dagbag.py:588} INFO - Filling up the DagBag from /opt/airflow/dags/ETL_Without_Crawl.py
[2026-05-21T06:43:39.132+0000] {processor.py:925} INFO - DAG(s) 'etl_without_crawl' retrieved from /opt/airflow/dags/ETL_Without_Crawl.py
[2026-05-21T06:43:39.234+0000] {logging_mixin.py:190} INFO - [2026-05-21T06:43:39.234+0000] {dag.py:3239} INFO - Sync 1 DAGs
[2026-05-21T06:43:39.445+0000] {logging_mixin.py:190} INFO - [2026-05-21T06:43:39.445+0000] {dag.py:4180} INFO - Setting next_dagrun for etl_without_crawl to None, run_after=None
[2026-05-21T06:43:39.648+0000] {processor.py:208} INFO - Processing /opt/airflow/dags/ETL_Without_Crawl.py took 0.566 seconds
[2026-05-21T06:44:09.994+0000] {processor.py:186} INFO - Started process (PID=82) to work on /opt/airflow/dags/ETL_Without_Crawl.py
[2026-05-21T06:44:09.995+0000] {processor.py:914} INFO - Processing file /opt/airflow/dags/ETL_Without_Crawl.py for tasks to queue
[2026-05-21T06:44:09.998+0000] {logging_mixin.py:190} INFO - [2026-05-21T06:44:09.997+0000] {dagbag.py:588} INFO - Filling up the DagBag from /opt/airflow/dags/ETL_Without_Crawl.py
[2026-05-21T06:44:10.025+0000] {processor.py:925} INFO - DAG(s) 'etl_without_crawl' retrieved from /opt/airflow/dags/ETL_Without_Crawl.py
[2026-05-21T06:44:10.082+0000] {logging_mixin.py:190} INFO - [2026-05-21T06:44:10.082+0000] {dag.py:3239} INFO - Sync 1 DAGs
[2026-05-21T06:44:10.114+0000] {logging_mixin.py:190} INFO - [2026-05-21T06:44:10.114+0000] {dag.py:4180} INFO - Setting next_dagrun for etl_without_crawl to None, run_after=None
[2026-05-21T06:44:10.162+0000] {processor.py:208} INFO - Processing /opt/airflow/dags/ETL_Without_Crawl.py took 0.180 seconds
[2026-05-21T06:44:41.653+0000] {processor.py:186} INFO - Started process (PID=86) to work on /opt/airflow/dags/ETL_Without_Crawl.py
[2026-05-21T06:44:41.654+0000] {processor.py:914} INFO - Processing file /opt/airflow/dags/ETL_Without_Crawl.py for tasks to queue
[2026-05-21T06:44:41.658+0000] {logging_mixin.py:190} INFO - [2026-05-21T06:44:41.657+0000] {dagbag.py:588} INFO - Filling up the DagBag from /opt/airflow/dags/ETL_Without_Crawl.py
[2026-05-21T06:44:41.683+0000] {processor.py:925} INFO - DAG(s) 'etl_without_crawl' retrieved from /opt/airflow/dags/ETL_Without_Crawl.py
[2026-05-21T06:44:41.755+0000] {logging_mixin.py:190} INFO - [2026-05-21T06:44:41.755+0000] {dag.py:3239} INFO - Sync 1 DAGs
[2026-05-21T06:44:41.786+0000] {logging_mixin.py:190} INFO - [2026-05-21T06:44:41.786+0000] {dag.py:4180} INFO - Setting next_dagrun for etl_without_crawl to None, run_after=None
[2026-05-21T06:44:41.836+0000] {processor.py:208} INFO - Processing /opt/airflow/dags/ETL_Without_Crawl.py took 0.191 seconds
[2026-05-21T06:45:13.783+0000] {processor.py:186} INFO - Started process (PID=90) to work on /opt/airflow/dags/ETL_Without_Crawl.py
[2026-05-21T06:45:13.785+0000] {processor.py:914} INFO - Processing file /opt/airflow/dags/ETL_Without_Crawl.py for tasks to queue
[2026-05-21T06:45:13.787+0000] {logging_mixin.py:190} INFO - [2026-05-21T06:45:13.787+0000] {dagbag.py:588} INFO - Filling up the DagBag from /opt/airflow/dags/ETL_Without_Crawl.py
[2026-05-21T06:45:13.831+0000] {processor.py:925} INFO - DAG(s) 'etl_without_crawl' retrieved from /opt/airflow/dags/ETL_Without_Crawl.py
[2026-05-21T06:45:13.909+0000] {logging_mixin.py:190} INFO - [2026-05-21T06:45:13.908+0000] {dag.py:3239} INFO - Sync 1 DAGs
[2026-05-21T06:45:13.939+0000] {logging_mixin.py:190} INFO - [2026-05-21T06:45:13.939+0000] {dag.py:4180} INFO - Setting next_dagrun for etl_without_crawl to None, run_after=None
[2026-05-21T06:45:14.027+0000] {processor.py:208} INFO - Processing /opt/airflow/dags/ETL_Without_Crawl.py took 0.255 seconds
[2026-05-21T06:45:46.204+0000] {processor.py:186} INFO - Started process (PID=94) to work on /opt/airflow/dags/ETL_Without_Crawl.py
[2026-05-21T06:45:46.206+0000] {processor.py:914} INFO - Processing file /opt/airflow/dags/ETL_Without_Crawl.py for tasks to queue
[2026-05-21T06:45:46.209+0000] {logging_mixin.py:190} INFO - [2026-05-21T06:45:46.208+0000] {dagbag.py:588} INFO - Filling up the DagBag from /opt/airflow/dags/ETL_Without_Crawl.py
[2026-05-21T06:45:46.243+0000] {processor.py:925} INFO - DAG(s) 'etl_without_crawl' retrieved from /opt/airflow/dags/ETL_Without_Crawl.py
[2026-05-21T06:45:46.331+0000] {logging_mixin.py:190} INFO - [2026-05-21T06:45:46.330+0000] {dag.py:3239} INFO - Sync 1 DAGs
[2026-05-21T06:45:46.381+0000] {logging_mixin.py:190} INFO - [2026-05-21T06:45:46.380+0000] {dag.py:4180} INFO - Setting next_dagrun for etl_without_crawl to None, run_after=None
[2026-05-21T06:45:46.457+0000] {processor.py:208} INFO - Processing /opt/airflow/dags/ETL_Without_Crawl.py took 0.259 seconds
[2026-05-21T06:46:18.991+0000] {processor.py:186} INFO - Started process (PID=98) to work on /opt/airflow/dags/ETL_Without_Crawl.py
[2026-05-21T06:46:18.993+0000] {processor.py:914} INFO - Processing file /opt/airflow/dags/ETL_Without_Crawl.py for tasks to queue
[2026-05-21T06:46:18.997+0000] {logging_mixin.py:190} INFO - [2026-05-21T06:46:18.996+0000] {dagbag.py:588} INFO - Filling up the DagBag from /opt/airflow/dags/ETL_Without_Crawl.py
[2026-05-21T06:46:19.039+0000] {processor.py:925} INFO - DAG(s) 'etl_without_crawl' retrieved from /opt/airflow/dags/ETL_Without_Crawl.py
[2026-05-21T06:46:19.133+0000] {logging_mixin.py:190} INFO - [2026-05-21T06:46:19.132+0000] {dag.py:3239} INFO - Sync 1 DAGs
[2026-05-21T06:46:19.185+0000] {logging_mixin.py:190} INFO - [2026-05-21T06:46:19.185+0000] {dag.py:4180} INFO - Setting next_dagrun for etl_without_crawl to None, run_after=None
[2026-05-21T06:46:19.245+0000] {processor.py:208} INFO - Processing /opt/airflow/dags/ETL_Without_Crawl.py took 0.275 seconds
[2026-05-21T06:46:51.514+0000] {processor.py:186} INFO - Started process (PID=102) to work on /opt/airflow/dags/ETL_Without_Crawl.py
[2026-05-21T06:46:51.515+0000] {processor.py:914} INFO - Processing file /opt/airflow/dags/ETL_Without_Crawl.py for tasks to queue
[2026-05-21T06:46:51.518+0000] {logging_mixin.py:190} INFO - [2026-05-21T06:46:51.518+0000] {dagbag.py:588} INFO - Filling up the DagBag from /opt/airflow/dags/ETL_Without_Crawl.py
[2026-05-21T06:46:51.553+0000] {processor.py:925} INFO - DAG(s) 'etl_without_crawl' retrieved from /opt/airflow/dags/ETL_Without_Crawl.py
[2026-05-21T06:46:51.640+0000] {logging_mixin.py:190} INFO - [2026-05-21T06:46:51.640+0000] {dag.py:3239} INFO - Sync 1 DAGs
[2026-05-21T06:46:51.684+0000] {logging_mixin.py:190} INFO - [2026-05-21T06:46:51.683+0000] {dag.py:4180} INFO - Setting next_dagrun for etl_without_crawl to None, run_after=None
[2026-05-21T06:46:51.753+0000] {processor.py:208} INFO - Processing /opt/airflow/dags/ETL_Without_Crawl.py took 0.250 seconds
[2026-05-21T06:47:24.075+0000] {processor.py:186} INFO - Started process (PID=106) to work on /opt/airflow/dags/ETL_Without_Crawl.py
[2026-05-21T06:47:24.076+0000] {processor.py:914} INFO - Processing file /opt/airflow/dags/ETL_Without_Crawl.py for tasks to queue
[2026-05-21T06:47:24.079+0000] {logging_mixin.py:190} INFO - [2026-05-21T06:47:24.079+0000] {dagbag.py:588} INFO - Filling up the DagBag from /opt/airflow/dags/ETL_Without_Crawl.py
[2026-05-21T06:47:24.105+0000] {processor.py:925} INFO - DAG(s) 'etl_without_crawl' retrieved from /opt/airflow/dags/ETL_Without_Crawl.py
[2026-05-21T06:47:24.173+0000] {logging_mixin.py:190} INFO - [2026-05-21T06:47:24.173+0000] {dag.py:3239} INFO - Sync 1 DAGs
[2026-05-21T06:47:24.220+0000] {logging_mixin.py:190} INFO - [2026-05-21T06:47:24.220+0000] {dag.py:4180} INFO - Setting next_dagrun for etl_without_crawl to None, run_after=None
[2026-05-21T06:47:24.270+0000] {processor.py:208} INFO - Processing /opt/airflow/dags/ETL_Without_Crawl.py took 0.204 seconds
[2026-05-21T06:47:57.150+0000] {processor.py:186} INFO - Started process (PID=110) to work on /opt/airflow/dags/ETL_Without_Crawl.py
[2026-05-21T06:47:57.153+0000] {processor.py:914} INFO - Processing file /opt/airflow/dags/ETL_Without_Crawl.py for tasks to queue
[2026-05-21T06:47:57.160+0000] {logging_mixin.py:190} INFO - [2026-05-21T06:47:57.159+0000] {dagbag.py:588} INFO - Filling up the DagBag from /opt/airflow/dags/ETL_Without_Crawl.py
[2026-05-21T06:47:57.472+0000] {processor.py:925} INFO - DAG(s) 'etl_without_crawl' retrieved from /opt/airflow/dags/ETL_Without_Crawl.py
[2026-05-21T06:47:58.313+0000] {logging_mixin.py:190} INFO - [2026-05-21T06:47:58.313+0000] {dag.py:3239} INFO - Sync 1 DAGs
[2026-05-21T06:47:58.516+0000] {logging_mixin.py:190} INFO - [2026-05-21T06:47:58.516+0000] {dag.py:4180} INFO - Setting next_dagrun for etl_without_crawl to None, run_after=None
[2026-05-21T06:47:58.649+0000] {processor.py:208} INFO - Processing /opt/airflow/dags/ETL_Without_Crawl.py took 1.536 seconds
[2026-05-21T06:48:29.082+0000] {processor.py:186} INFO - Started process (PID=114) to work on /opt/airflow/dags/ETL_Without_Crawl.py
[2026-05-21T06:48:29.083+0000] {processor.py:914} INFO - Processing file /opt/airflow/dags/ETL_Without_Crawl.py for tasks to queue
[2026-05-21T06:48:29.089+0000] {logging_mixin.py:190} INFO - [2026-05-21T06:48:29.088+0000] {dagbag.py:588} INFO - Filling up the DagBag from /opt/airflow/dags/ETL_Without_Crawl.py
[2026-05-21T06:48:29.138+0000] {processor.py:925} INFO - DAG(s) 'etl_without_crawl' retrieved from /opt/airflow/dags/ETL_Without_Crawl.py
[2026-05-21T06:48:29.289+0000] {logging_mixin.py:190} INFO - [2026-05-21T06:48:29.288+0000] {dag.py:3239} INFO - Sync 1 DAGs
[2026-05-21T06:48:29.394+0000] {logging_mixin.py:190} INFO - [2026-05-21T06:48:29.394+0000] {dag.py:4180} INFO - Setting next_dagrun for etl_without_crawl to None, run_after=None
[2026-05-21T06:48:29.495+0000] {processor.py:208} INFO - Processing /opt/airflow/dags/ETL_Without_Crawl.py took 0.434 seconds
[2026-05-21T06:49:01.504+0000] {processor.py:186} INFO - Started process (PID=118) to work on /opt/airflow/dags/ETL_Without_Crawl.py
[2026-05-21T06:49:01.505+0000] {processor.py:914} INFO - Processing file /opt/airflow/dags/ETL_Without_Crawl.py for tasks to queue
[2026-05-21T06:49:01.508+0000] {logging_mixin.py:190} INFO - [2026-05-21T06:49:01.508+0000] {dagbag.py:588} INFO - Filling up the DagBag from /opt/airflow/dags/ETL_Without_Crawl.py
[2026-05-21T06:49:01.542+0000] {processor.py:925} INFO - DAG(s) 'etl_without_crawl' retrieved from /opt/airflow/dags/ETL_Without_Crawl.py
[2026-05-21T06:49:01.655+0000] {logging_mixin.py:190} INFO - [2026-05-21T06:49:01.655+0000] {dag.py:3239} INFO - Sync 1 DAGs
[2026-05-21T06:49:01.714+0000] {logging_mixin.py:190} INFO - [2026-05-21T06:49:01.713+0000] {dag.py:4180} INFO - Setting next_dagrun for etl_without_crawl to None, run_after=None
[2026-05-21T06:49:01.778+0000] {processor.py:208} INFO - Processing /opt/airflow/dags/ETL_Without_Crawl.py took 0.283 seconds
[2026-05-21T06:49:34.173+0000] {processor.py:186} INFO - Started process (PID=122) to work on /opt/airflow/dags/ETL_Without_Crawl.py
[2026-05-21T06:49:34.175+0000] {processor.py:914} INFO - Processing file /opt/airflow/dags/ETL_Without_Crawl.py for tasks to queue
[2026-05-21T06:49:34.183+0000] {logging_mixin.py:190} INFO - [2026-05-21T06:49:34.180+0000] {dagbag.py:588} INFO - Filling up the DagBag from /opt/airflow/dags/ETL_Without_Crawl.py
[2026-05-21T06:49:34.284+0000] {processor.py:925} INFO - DAG(s) 'etl_without_crawl' retrieved from /opt/airflow/dags/ETL_Without_Crawl.py
[2026-05-21T06:49:34.409+0000] {logging_mixin.py:190} INFO - [2026-05-21T06:49:34.409+0000] {dag.py:3239} INFO - Sync 1 DAGs
[2026-05-21T06:49:34.484+0000] {logging_mixin.py:190} INFO - [2026-05-21T06:49:34.484+0000] {dag.py:4180} INFO - Setting next_dagrun for etl_without_crawl to None, run_after=None
[2026-05-21T06:49:34.568+0000] {processor.py:208} INFO - Processing /opt/airflow/dags/ETL_Without_Crawl.py took 0.434 seconds
[2026-05-21T06:50:07.724+0000] {processor.py:186} INFO - Started process (PID=126) to work on /opt/airflow/dags/ETL_Without_Crawl.py
[2026-05-21T06:50:07.737+0000] {processor.py:914} INFO - Processing file /opt/airflow/dags/ETL_Without_Crawl.py for tasks to queue
[2026-05-21T06:50:07.766+0000] {logging_mixin.py:190} INFO - [2026-05-21T06:50:07.765+0000] {dagbag.py:588} INFO - Filling up the DagBag from /opt/airflow/dags/ETL_Without_Crawl.py
[2026-05-21T06:50:08.007+0000] {processor.py:925} INFO - DAG(s) 'etl_without_crawl' retrieved from /opt/airflow/dags/ETL_Without_Crawl.py
[2026-05-21T06:50:08.215+0000] {logging_mixin.py:190} INFO - [2026-05-21T06:50:08.214+0000] {dag.py:3239} INFO - Sync 1 DAGs
[2026-05-21T06:50:08.305+0000] {logging_mixin.py:190} INFO - [2026-05-21T06:50:08.305+0000] {dag.py:4180} INFO - Setting next_dagrun for etl_without_crawl to None, run_after=None
[2026-05-21T06:50:08.394+0000] {processor.py:208} INFO - Processing /opt/airflow/dags/ETL_Without_Crawl.py took 0.865 seconds
[2026-05-21T06:50:40.029+0000] {processor.py:186} INFO - Started process (PID=130) to work on /opt/airflow/dags/ETL_Without_Crawl.py
[2026-05-21T06:50:40.030+0000] {processor.py:914} INFO - Processing file /opt/airflow/dags/ETL_Without_Crawl.py for tasks to queue
[2026-05-21T06:50:40.033+0000] {logging_mixin.py:190} INFO - [2026-05-21T06:50:40.032+0000] {dagbag.py:588} INFO - Filling up the DagBag from /opt/airflow/dags/ETL_Without_Crawl.py
[2026-05-21T06:50:40.074+0000] {processor.py:925} INFO - DAG(s) 'etl_without_crawl' retrieved from /opt/airflow/dags/ETL_Without_Crawl.py
[2026-05-21T06:50:40.188+0000] {logging_mixin.py:190} INFO - [2026-05-21T06:50:40.187+0000] {dag.py:3239} INFO - Sync 1 DAGs
[2026-05-21T06:50:40.243+0000] {logging_mixin.py:190} INFO - [2026-05-21T06:50:40.242+0000] {dag.py:4180} INFO - Setting next_dagrun for etl_without_crawl to None, run_after=None
[2026-05-21T06:50:40.308+0000] {processor.py:208} INFO - Processing /opt/airflow/dags/ETL_Without_Crawl.py took 0.295 seconds
[2026-05-21T06:51:12.279+0000] {processor.py:186} INFO - Started process (PID=134) to work on /opt/airflow/dags/ETL_Without_Crawl.py
[2026-05-21T06:51:12.281+0000] {processor.py:914} INFO - Processing file /opt/airflow/dags/ETL_Without_Crawl.py for tasks to queue
[2026-05-21T06:51:12.282+0000] {logging_mixin.py:190} INFO - [2026-05-21T06:51:12.282+0000] {dagbag.py:588} INFO - Filling up the DagBag from /opt/airflow/dags/ETL_Without_Crawl.py
[2026-05-21T06:51:12.309+0000] {processor.py:925} INFO - DAG(s) 'etl_without_crawl' retrieved from /opt/airflow/dags/ETL_Without_Crawl.py
[2026-05-21T06:51:12.383+0000] {logging_mixin.py:190} INFO - [2026-05-21T06:51:12.383+0000] {dag.py:3239} INFO - Sync 1 DAGs
[2026-05-21T06:51:12.415+0000] {logging_mixin.py:190} INFO - [2026-05-21T06:51:12.414+0000] {dag.py:4180} INFO - Setting next_dagrun for etl_without_crawl to None, run_after=None
[2026-05-21T06:51:12.521+0000] {processor.py:208} INFO - Processing /opt/airflow/dags/ETL_Without_Crawl.py took 0.251 seconds
[2026-05-21T06:51:45.184+0000] {processor.py:186} INFO - Started process (PID=138) to work on /opt/airflow/dags/ETL_Without_Crawl.py
[2026-05-21T06:51:45.185+0000] {processor.py:914} INFO - Processing file /opt/airflow/dags/ETL_Without_Crawl.py for tasks to queue
[2026-05-21T06:51:45.189+0000] {logging_mixin.py:190} INFO - [2026-05-21T06:51:45.188+0000] {dagbag.py:588} INFO - Filling up the DagBag from /opt/airflow/dags/ETL_Without_Crawl.py
[2026-05-21T06:51:45.215+0000] {processor.py:925} INFO - DAG(s) 'etl_without_crawl' retrieved from /opt/airflow/dags/ETL_Without_Crawl.py
[2026-05-21T06:51:45.279+0000] {logging_mixin.py:190} INFO - [2026-05-21T06:51:45.279+0000] {dag.py:3239} INFO - Sync 1 DAGs
[2026-05-21T06:51:45.315+0000] {logging_mixin.py:190} INFO - [2026-05-21T06:51:45.315+0000] {dag.py:4180} INFO - Setting next_dagrun for etl_without_crawl to None, run_after=None
[2026-05-21T06:51:45.375+0000] {processor.py:208} INFO - Processing /opt/airflow/dags/ETL_Without_Crawl.py took 0.199 seconds
[2026-05-21T06:52:17.235+0000] {processor.py:186} INFO - Started process (PID=142) to work on /opt/airflow/dags/ETL_Without_Crawl.py
[2026-05-21T06:52:17.236+0000] {processor.py:914} INFO - Processing file /opt/airflow/dags/ETL_Without_Crawl.py for tasks to queue
[2026-05-21T06:52:17.238+0000] {logging_mixin.py:190} INFO - [2026-05-21T06:52:17.238+0000] {dagbag.py:588} INFO - Filling up the DagBag from /opt/airflow/dags/ETL_Without_Crawl.py
[2026-05-21T06:52:17.292+0000] {processor.py:925} INFO - DAG(s) 'etl_without_crawl' retrieved from /opt/airflow/dags/ETL_Without_Crawl.py
[2026-05-21T06:52:17.352+0000] {logging_mixin.py:190} INFO - [2026-05-21T06:52:17.352+0000] {dag.py:3239} INFO - Sync 1 DAGs
[2026-05-21T06:52:17.382+0000] {logging_mixin.py:190} INFO - [2026-05-21T06:52:17.382+0000] {dag.py:4180} INFO - Setting next_dagrun for etl_without_crawl to None, run_after=None
[2026-05-21T06:52:17.449+0000] {processor.py:208} INFO - Processing /opt/airflow/dags/ETL_Without_Crawl.py took 0.224 seconds
[2026-05-21T06:52:49.766+0000] {processor.py:186} INFO - Started process (PID=146) to work on /opt/airflow/dags/ETL_Without_Crawl.py
[2026-05-21T06:52:49.767+0000] {processor.py:914} INFO - Processing file /opt/airflow/dags/ETL_Without_Crawl.py for tasks to queue
[2026-05-21T06:52:49.769+0000] {logging_mixin.py:190} INFO - [2026-05-21T06:52:49.769+0000] {dagbag.py:588} INFO - Filling up the DagBag from /opt/airflow/dags/ETL_Without_Crawl.py
[2026-05-21T06:52:49.801+0000] {processor.py:925} INFO - DAG(s) 'etl_without_crawl' retrieved from /opt/airflow/dags/ETL_Without_Crawl.py
[2026-05-21T06:52:49.887+0000] {logging_mixin.py:190} INFO - [2026-05-21T06:52:49.887+0000] {dag.py:3239} INFO - Sync 1 DAGs
[2026-05-21T06:52:49.937+0000] {logging_mixin.py:190} INFO - [2026-05-21T06:52:49.937+0000] {dag.py:4180} INFO - Setting next_dagrun for etl_without_crawl to None, run_after=None
[2026-05-21T06:52:49.994+0000] {processor.py:208} INFO - Processing /opt/airflow/dags/ETL_Without_Crawl.py took 0.242 seconds
[2026-05-21T06:53:23.687+0000] {processor.py:186} INFO - Started process (PID=150) to work on /opt/airflow/dags/ETL_Without_Crawl.py
[2026-05-21T06:53:23.699+0000] {processor.py:914} INFO - Processing file /opt/airflow/dags/ETL_Without_Crawl.py for tasks to queue
[2026-05-21T06:53:23.717+0000] {logging_mixin.py:190} INFO - [2026-05-21T06:53:23.716+0000] {dagbag.py:588} INFO - Filling up the DagBag from /opt/airflow/dags/ETL_Without_Crawl.py
[2026-05-21T06:53:23.951+0000] {processor.py:925} INFO - DAG(s) 'etl_without_crawl' retrieved from /opt/airflow/dags/ETL_Without_Crawl.py
[2026-05-21T06:53:24.327+0000] {logging_mixin.py:190} INFO - [2026-05-21T06:53:24.327+0000] {dag.py:3239} INFO - Sync 1 DAGs
[2026-05-21T06:53:24.434+0000] {logging_mixin.py:190} INFO - [2026-05-21T06:53:24.434+0000] {dag.py:4180} INFO - Setting next_dagrun for etl_without_crawl to None, run_after=None
[2026-05-21T06:53:24.654+0000] {processor.py:208} INFO - Processing /opt/airflow/dags/ETL_Without_Crawl.py took 1.069 seconds
[2026-05-21T06:53:55.709+0000] {processor.py:186} INFO - Started process (PID=154) to work on /opt/airflow/dags/ETL_Without_Crawl.py
[2026-05-21T06:53:55.714+0000] {processor.py:914} INFO - Processing file /opt/airflow/dags/ETL_Without_Crawl.py for tasks to queue
[2026-05-21T06:53:55.720+0000] {logging_mixin.py:190} INFO - [2026-05-21T06:53:55.719+0000] {dagbag.py:588} INFO - Filling up the DagBag from /opt/airflow/dags/ETL_Without_Crawl.py
[2026-05-21T06:53:55.774+0000] {processor.py:925} INFO - DAG(s) 'etl_without_crawl' retrieved from /opt/airflow/dags/ETL_Without_Crawl.py
[2026-05-21T06:53:55.932+0000] {logging_mixin.py:190} INFO - [2026-05-21T06:53:55.932+0000] {dag.py:3239} INFO - Sync 1 DAGs
[2026-05-21T06:53:55.990+0000] {logging_mixin.py:190} INFO - [2026-05-21T06:53:55.989+0000] {dag.py:4180} INFO - Setting next_dagrun for etl_without_crawl to None, run_after=None
[2026-05-21T06:53:56.134+0000] {processor.py:208} INFO - Processing /opt/airflow/dags/ETL_Without_Crawl.py took 0.443 seconds
[2026-05-21T06:54:27.514+0000] {processor.py:186} INFO - Started process (PID=158) to work on /opt/airflow/dags/ETL_Without_Crawl.py
[2026-05-21T06:54:27.516+0000] {processor.py:914} INFO - Processing file /opt/airflow/dags/ETL_Without_Crawl.py for tasks to queue
[2026-05-21T06:54:27.520+0000] {logging_mixin.py:190} INFO - [2026-05-21T06:54:27.520+0000] {dagbag.py:588} INFO - Filling up the DagBag from /opt/airflow/dags/ETL_Without_Crawl.py
[2026-05-21T06:54:27.552+0000] {processor.py:925} INFO - DAG(s) 'etl_without_crawl' retrieved from /opt/airflow/dags/ETL_Without_Crawl.py
[2026-05-21T06:54:27.637+0000] {logging_mixin.py:190} INFO - [2026-05-21T06:54:27.636+0000] {dag.py:3239} INFO - Sync 1 DAGs
[2026-05-21T06:54:27.679+0000] {logging_mixin.py:190} INFO - [2026-05-21T06:54:27.679+0000] {dag.py:4180} INFO - Setting next_dagrun for etl_without_crawl to None, run_after=None
[2026-05-21T06:54:27.752+0000] {processor.py:208} INFO - Processing /opt/airflow/dags/ETL_Without_Crawl.py took 0.250 seconds
[2026-05-21T06:54:59.852+0000] {processor.py:186} INFO - Started process (PID=162) to work on /opt/airflow/dags/ETL_Without_Crawl.py
[2026-05-21T06:54:59.854+0000] {processor.py:914} INFO - Processing file /opt/airflow/dags/ETL_Without_Crawl.py for tasks to queue
[2026-05-21T06:54:59.857+0000] {logging_mixin.py:190} INFO - [2026-05-21T06:54:59.857+0000] {dagbag.py:588} INFO - Filling up the DagBag from /opt/airflow/dags/ETL_Without_Crawl.py
[2026-05-21T06:54:59.910+0000] {processor.py:925} INFO - DAG(s) 'etl_without_crawl' retrieved from /opt/airflow/dags/ETL_Without_Crawl.py
[2026-05-21T06:55:00.033+0000] {logging_mixin.py:190} INFO - [2026-05-21T06:55:00.033+0000] {dag.py:3239} INFO - Sync 1 DAGs
[2026-05-21T06:55:00.095+0000] {logging_mixin.py:190} INFO - [2026-05-21T06:55:00.094+0000] {dag.py:4180} INFO - Setting next_dagrun for etl_without_crawl to None, run_after=None
[2026-05-21T06:55:00.173+0000] {processor.py:208} INFO - Processing /opt/airflow/dags/ETL_Without_Crawl.py took 0.335 seconds
[2026-05-21T06:55:33.078+0000] {processor.py:186} INFO - Started process (PID=166) to work on /opt/airflow/dags/ETL_Without_Crawl.py
[2026-05-21T06:55:33.080+0000] {processor.py:914} INFO - Processing file /opt/airflow/dags/ETL_Without_Crawl.py for tasks to queue
[2026-05-21T06:55:33.083+0000] {logging_mixin.py:190} INFO - [2026-05-21T06:55:33.082+0000] {dagbag.py:588} INFO - Filling up the DagBag from /opt/airflow/dags/ETL_Without_Crawl.py
[2026-05-21T06:55:33.120+0000] {processor.py:925} INFO - DAG(s) 'etl_without_crawl' retrieved from /opt/airflow/dags/ETL_Without_Crawl.py
[2026-05-21T06:55:33.267+0000] {logging_mixin.py:190} INFO - [2026-05-21T06:55:33.266+0000] {dag.py:3239} INFO - Sync 1 DAGs
[2026-05-21T06:55:33.318+0000] {logging_mixin.py:190} INFO - [2026-05-21T06:55:33.318+0000] {dag.py:4180} INFO - Setting next_dagrun for etl_without_crawl to None, run_after=None
[2026-05-21T06:55:33.407+0000] {processor.py:208} INFO - Processing /opt/airflow/dags/ETL_Without_Crawl.py took 0.343 seconds
[2026-05-21T06:56:05.008+0000] {processor.py:186} INFO - Started process (PID=170) to work on /opt/airflow/dags/ETL_Without_Crawl.py
[2026-05-21T06:56:05.017+0000] {processor.py:914} INFO - Processing file /opt/airflow/dags/ETL_Without_Crawl.py for tasks to queue
[2026-05-21T06:56:05.022+0000] {logging_mixin.py:190} INFO - [2026-05-21T06:56:05.021+0000] {dagbag.py:588} INFO - Filling up the DagBag from /opt/airflow/dags/ETL_Without_Crawl.py
[2026-05-21T06:56:05.086+0000] {processor.py:925} INFO - DAG(s) 'etl_without_crawl' retrieved from /opt/airflow/dags/ETL_Without_Crawl.py
[2026-05-21T06:56:05.270+0000] {logging_mixin.py:190} INFO - [2026-05-21T06:56:05.270+0000] {dag.py:3239} INFO - Sync 1 DAGs
[2026-05-21T06:56:05.358+0000] {logging_mixin.py:190} INFO - [2026-05-21T06:56:05.357+0000] {dag.py:4180} INFO - Setting next_dagrun for etl_without_crawl to None, run_after=None
[2026-05-21T06:56:05.449+0000] {processor.py:208} INFO - Processing /opt/airflow/dags/ETL_Without_Crawl.py took 0.464 seconds
[2026-05-21T06:56:37.971+0000] {processor.py:186} INFO - Started process (PID=174) to work on /opt/airflow/dags/ETL_Without_Crawl.py
[2026-05-21T06:56:37.972+0000] {processor.py:914} INFO - Processing file /opt/airflow/dags/ETL_Without_Crawl.py for tasks to queue
[2026-05-21T06:56:37.975+0000] {logging_mixin.py:190} INFO - [2026-05-21T06:56:37.974+0000] {dagbag.py:588} INFO - Filling up the DagBag from /opt/airflow/dags/ETL_Without_Crawl.py
[2026-05-21T06:56:39.236+0000] {processor.py:925} INFO - DAG(s) 'etl_without_crawl' retrieved from /opt/airflow/dags/ETL_Without_Crawl.py
[2026-05-21T06:56:39.668+0000] {logging_mixin.py:190} INFO - [2026-05-21T06:56:39.668+0000] {dag.py:3239} INFO - Sync 1 DAGs
[2026-05-21T06:56:39.711+0000] {logging_mixin.py:190} INFO - [2026-05-21T06:56:39.711+0000] {dag.py:4180} INFO - Setting next_dagrun for etl_without_crawl to None, run_after=None
[2026-05-21T06:56:39.767+0000] {processor.py:208} INFO - Processing /opt/airflow/dags/ETL_Without_Crawl.py took 1.819 seconds
[2026-05-21T06:57:10.301+0000] {processor.py:186} INFO - Started process (PID=178) to work on /opt/airflow/dags/ETL_Without_Crawl.py
[2026-05-21T06:57:10.302+0000] {processor.py:914} INFO - Processing file /opt/airflow/dags/ETL_Without_Crawl.py for tasks to queue
[2026-05-21T06:57:10.304+0000] {logging_mixin.py:190} INFO - [2026-05-21T06:57:10.303+0000] {dagbag.py:588} INFO - Filling up the DagBag from /opt/airflow/dags/ETL_Without_Crawl.py
[2026-05-21T06:57:10.341+0000] {processor.py:925} INFO - DAG(s) 'etl_without_crawl' retrieved from /opt/airflow/dags/ETL_Without_Crawl.py
[2026-05-21T06:57:10.428+0000] {logging_mixin.py:190} INFO - [2026-05-21T06:57:10.428+0000] {dag.py:3239} INFO - Sync 1 DAGs
[2026-05-21T06:57:10.473+0000] {logging_mixin.py:190} INFO - [2026-05-21T06:57:10.472+0000] {dag.py:4180} INFO - Setting next_dagrun for etl_without_crawl to None, run_after=None
[2026-05-21T06:57:10.533+0000] {processor.py:208} INFO - Processing /opt/airflow/dags/ETL_Without_Crawl.py took 0.243 seconds
[2026-05-21T06:57:43.129+0000] {processor.py:186} INFO - Started process (PID=182) to work on /opt/airflow/dags/ETL_Without_Crawl.py
[2026-05-21T06:57:43.130+0000] {processor.py:914} INFO - Processing file /opt/airflow/dags/ETL_Without_Crawl.py for tasks to queue
[2026-05-21T06:57:43.131+0000] {logging_mixin.py:190} INFO - [2026-05-21T06:57:43.131+0000] {dagbag.py:588} INFO - Filling up the DagBag from /opt/airflow/dags/ETL_Without_Crawl.py
[2026-05-21T06:57:43.158+0000] {processor.py:925} INFO - DAG(s) 'etl_without_crawl' retrieved from /opt/airflow/dags/ETL_Without_Crawl.py
[2026-05-21T06:57:43.230+0000] {logging_mixin.py:190} INFO - [2026-05-21T06:57:43.229+0000] {dag.py:3239} INFO - Sync 1 DAGs
[2026-05-21T06:57:43.273+0000] {logging_mixin.py:190} INFO - [2026-05-21T06:57:43.272+0000] {dag.py:4180} INFO - Setting next_dagrun for etl_without_crawl to None, run_after=None
[2026-05-21T06:57:43.477+0000] {processor.py:208} INFO - Processing /opt/airflow/dags/ETL_Without_Crawl.py took 0.356 seconds
[2026-05-21T06:58:15.152+0000] {processor.py:186} INFO - Started process (PID=186) to work on /opt/airflow/dags/ETL_Without_Crawl.py
[2026-05-21T06:58:15.527+0000] {processor.py:914} INFO - Processing file /opt/airflow/dags/ETL_Without_Crawl.py for tasks to queue
[2026-05-21T06:58:15.533+0000] {logging_mixin.py:190} INFO - [2026-05-21T06:58:15.532+0000] {dagbag.py:588} INFO - Filling up the DagBag from /opt/airflow/dags/ETL_Without_Crawl.py
[2026-05-21T06:58:15.676+0000] {processor.py:925} INFO - DAG(s) 'etl_without_crawl' retrieved from /opt/airflow/dags/ETL_Without_Crawl.py
[2026-05-21T06:58:15.785+0000] {logging_mixin.py:190} INFO - [2026-05-21T06:58:15.784+0000] {dag.py:3239} INFO - Sync 1 DAGs
[2026-05-21T06:58:15.992+0000] {logging_mixin.py:190} INFO - [2026-05-21T06:58:15.991+0000] {dag.py:4180} INFO - Setting next_dagrun for etl_without_crawl to None, run_after=None
[2026-05-21T06:58:16.232+0000] {processor.py:208} INFO - Processing /opt/airflow/dags/ETL_Without_Crawl.py took 1.094 seconds
[2026-05-21T06:58:47.591+0000] {processor.py:186} INFO - Started process (PID=190) to work on /opt/airflow/dags/ETL_Without_Crawl.py
[2026-05-21T06:58:47.592+0000] {processor.py:914} INFO - Processing file /opt/airflow/dags/ETL_Without_Crawl.py for tasks to queue
[2026-05-21T06:58:47.595+0000] {logging_mixin.py:190} INFO - [2026-05-21T06:58:47.594+0000] {dagbag.py:588} INFO - Filling up the DagBag from /opt/airflow/dags/ETL_Without_Crawl.py
[2026-05-21T06:58:47.626+0000] {processor.py:925} INFO - DAG(s) 'etl_without_crawl' retrieved from /opt/airflow/dags/ETL_Without_Crawl.py
[2026-05-21T06:58:47.696+0000] {logging_mixin.py:190} INFO - [2026-05-21T06:58:47.696+0000] {dag.py:3239} INFO - Sync 1 DAGs
[2026-05-21T06:58:47.726+0000] {logging_mixin.py:190} INFO - [2026-05-21T06:58:47.726+0000] {dag.py:4180} INFO - Setting next_dagrun for etl_without_crawl to None, run_after=None
[2026-05-21T06:58:47.775+0000] {processor.py:208} INFO - Processing /opt/airflow/dags/ETL_Without_Crawl.py took 0.196 seconds
[2026-05-21T06:59:20.148+0000] {processor.py:186} INFO - Started process (PID=194) to work on /opt/airflow/dags/ETL_Without_Crawl.py
[2026-05-21T06:59:20.149+0000] {processor.py:914} INFO - Processing file /opt/airflow/dags/ETL_Without_Crawl.py for tasks to queue
[2026-05-21T06:59:20.151+0000] {logging_mixin.py:190} INFO - [2026-05-21T06:59:20.151+0000] {dagbag.py:588} INFO - Filling up the DagBag from /opt/airflow/dags/ETL_Without_Crawl.py
[2026-05-21T06:59:20.181+0000] {processor.py:925} INFO - DAG(s) 'etl_without_crawl' retrieved from /opt/airflow/dags/ETL_Without_Crawl.py
[2026-05-21T06:59:20.248+0000] {logging_mixin.py:190} INFO - [2026-05-21T06:59:20.247+0000] {dag.py:3239} INFO - Sync 1 DAGs
[2026-05-21T06:59:20.279+0000] {logging_mixin.py:190} INFO - [2026-05-21T06:59:20.278+0000] {dag.py:4180} INFO - Setting next_dagrun for etl_without_crawl to None, run_after=None
[2026-05-21T06:59:20.339+0000] {processor.py:208} INFO - Processing /opt/airflow/dags/ETL_Without_Crawl.py took 0.198 seconds
[2026-05-21T06:59:53.149+0000] {processor.py:186} INFO - Started process (PID=198) to work on /opt/airflow/dags/ETL_Without_Crawl.py
[2026-05-21T06:59:53.150+0000] {processor.py:914} INFO - Processing file /opt/airflow/dags/ETL_Without_Crawl.py for tasks to queue
[2026-05-21T06:59:53.152+0000] {logging_mixin.py:190} INFO - [2026-05-21T06:59:53.151+0000] {dagbag.py:588} INFO - Filling up the DagBag from /opt/airflow/dags/ETL_Without_Crawl.py
[2026-05-21T06:59:53.205+0000] {processor.py:925} INFO - DAG(s) 'etl_without_crawl' retrieved from /opt/airflow/dags/ETL_Without_Crawl.py
[2026-05-21T06:59:53.330+0000] {logging_mixin.py:190} INFO - [2026-05-21T06:59:53.330+0000] {dag.py:3239} INFO - Sync 1 DAGs
[2026-05-21T06:59:53.388+0000] {logging_mixin.py:190} INFO - [2026-05-21T06:59:53.387+0000] {dag.py:4180} INFO - Setting next_dagrun for etl_without_crawl to None, run_after=None
[2026-05-21T06:59:53.474+0000] {processor.py:208} INFO - Processing /opt/airflow/dags/ETL_Without_Crawl.py took 0.335 seconds
[2026-05-21T07:00:25.610+0000] {processor.py:186} INFO - Started process (PID=202) to work on /opt/airflow/dags/ETL_Without_Crawl.py
[2026-05-21T07:00:25.620+0000] {processor.py:914} INFO - Processing file /opt/airflow/dags/ETL_Without_Crawl.py for tasks to queue
[2026-05-21T07:00:25.632+0000] {logging_mixin.py:190} INFO - [2026-05-21T07:00:25.631+0000] {dagbag.py:588} INFO - Filling up the DagBag from /opt/airflow/dags/ETL_Without_Crawl.py
[2026-05-21T07:00:25.726+0000] {processor.py:925} INFO - DAG(s) 'etl_without_crawl' retrieved from /opt/airflow/dags/ETL_Without_Crawl.py
[2026-05-21T07:00:25.844+0000] {logging_mixin.py:190} INFO - [2026-05-21T07:00:25.843+0000] {dag.py:3239} INFO - Sync 1 DAGs
[2026-05-21T07:00:25.927+0000] {logging_mixin.py:190} INFO - [2026-05-21T07:00:25.927+0000] {dag.py:4180} INFO - Setting next_dagrun for etl_without_crawl to None, run_after=None
[2026-05-21T07:00:25.995+0000] {processor.py:208} INFO - Processing /opt/airflow/dags/ETL_Without_Crawl.py took 0.526 seconds
[2026-05-21T07:00:58.536+0000] {processor.py:186} INFO - Started process (PID=206) to work on /opt/airflow/dags/ETL_Without_Crawl.py
[2026-05-21T07:00:58.537+0000] {processor.py:914} INFO - Processing file /opt/airflow/dags/ETL_Without_Crawl.py for tasks to queue
[2026-05-21T07:00:58.539+0000] {logging_mixin.py:190} INFO - [2026-05-21T07:00:58.538+0000] {dagbag.py:588} INFO - Filling up the DagBag from /opt/airflow/dags/ETL_Without_Crawl.py
[2026-05-21T07:00:58.564+0000] {processor.py:925} INFO - DAG(s) 'etl_without_crawl' retrieved from /opt/airflow/dags/ETL_Without_Crawl.py
[2026-05-21T07:00:58.620+0000] {logging_mixin.py:190} INFO - [2026-05-21T07:00:58.620+0000] {dag.py:3239} INFO - Sync 1 DAGs
[2026-05-21T07:00:58.649+0000] {logging_mixin.py:190} INFO - [2026-05-21T07:00:58.649+0000] {dag.py:4180} INFO - Setting next_dagrun for etl_without_crawl to None, run_after=None
[2026-05-21T07:00:58.699+0000] {processor.py:208} INFO - Processing /opt/airflow/dags/ETL_Without_Crawl.py took 0.175 seconds
[2026-05-21T07:01:31.028+0000] {processor.py:186} INFO - Started process (PID=210) to work on /opt/airflow/dags/ETL_Without_Crawl.py
[2026-05-21T07:01:31.028+0000] {processor.py:914} INFO - Processing file /opt/airflow/dags/ETL_Without_Crawl.py for tasks to queue
[2026-05-21T07:01:31.031+0000] {logging_mixin.py:190} INFO - [2026-05-21T07:01:31.030+0000] {dagbag.py:588} INFO - Filling up the DagBag from /opt/airflow/dags/ETL_Without_Crawl.py
[2026-05-21T07:01:31.056+0000] {processor.py:925} INFO - DAG(s) 'etl_without_crawl' retrieved from /opt/airflow/dags/ETL_Without_Crawl.py
[2026-05-21T07:01:31.110+0000] {logging_mixin.py:190} INFO - [2026-05-21T07:01:31.110+0000] {dag.py:3239} INFO - Sync 1 DAGs
[2026-05-21T07:01:31.139+0000] {logging_mixin.py:190} INFO - [2026-05-21T07:01:31.139+0000] {dag.py:4180} INFO - Setting next_dagrun for etl_without_crawl to None, run_after=None
[2026-05-21T07:01:31.228+0000] {processor.py:208} INFO - Processing /opt/airflow/dags/ETL_Without_Crawl.py took 0.209 seconds
[2026-05-21T07:02:03.406+0000] {processor.py:186} INFO - Started process (PID=214) to work on /opt/airflow/dags/ETL_Without_Crawl.py
[2026-05-21T07:02:03.407+0000] {processor.py:914} INFO - Processing file /opt/airflow/dags/ETL_Without_Crawl.py for tasks to queue
[2026-05-21T07:02:03.411+0000] {logging_mixin.py:190} INFO - [2026-05-21T07:02:03.411+0000] {dagbag.py:588} INFO - Filling up the DagBag from /opt/airflow/dags/ETL_Without_Crawl.py
[2026-05-21T07:02:03.442+0000] {processor.py:925} INFO - DAG(s) 'etl_without_crawl' retrieved from /opt/airflow/dags/ETL_Without_Crawl.py
[2026-05-21T07:02:03.538+0000] {logging_mixin.py:190} INFO - [2026-05-21T07:02:03.538+0000] {dag.py:3239} INFO - Sync 1 DAGs
[2026-05-21T07:02:03.588+0000] {logging_mixin.py:190} INFO - [2026-05-21T07:02:03.588+0000] {dag.py:4180} INFO - Setting next_dagrun for etl_without_crawl to None, run_after=None
[2026-05-21T07:02:03.673+0000] {processor.py:208} INFO - Processing /opt/airflow/dags/ETL_Without_Crawl.py took 0.282 seconds
[2026-05-21T07:02:35.426+0000] {processor.py:186} INFO - Started process (PID=218) to work on /opt/airflow/dags/ETL_Without_Crawl.py
[2026-05-21T07:02:35.426+0000] {processor.py:914} INFO - Processing file /opt/airflow/dags/ETL_Without_Crawl.py for tasks to queue
[2026-05-21T07:02:35.428+0000] {logging_mixin.py:190} INFO - [2026-05-21T07:02:35.427+0000] {dagbag.py:588} INFO - Filling up the DagBag from /opt/airflow/dags/ETL_Without_Crawl.py
[2026-05-21T07:02:35.450+0000] {processor.py:925} INFO - DAG(s) 'etl_without_crawl' retrieved from /opt/airflow/dags/ETL_Without_Crawl.py
[2026-05-21T07:02:35.519+0000] {logging_mixin.py:190} INFO - [2026-05-21T07:02:35.518+0000] {dag.py:3239} INFO - Sync 1 DAGs
[2026-05-21T07:02:35.557+0000] {logging_mixin.py:190} INFO - [2026-05-21T07:02:35.557+0000] {dag.py:4180} INFO - Setting next_dagrun for etl_without_crawl to None, run_after=None
[2026-05-21T07:02:35.608+0000] {processor.py:208} INFO - Processing /opt/airflow/dags/ETL_Without_Crawl.py took 0.190 seconds
[2026-05-21T07:03:07.783+0000] {processor.py:186} INFO - Started process (PID=222) to work on /opt/airflow/dags/ETL_Without_Crawl.py
[2026-05-21T07:03:07.784+0000] {processor.py:914} INFO - Processing file /opt/airflow/dags/ETL_Without_Crawl.py for tasks to queue
[2026-05-21T07:03:07.787+0000] {logging_mixin.py:190} INFO - [2026-05-21T07:03:07.786+0000] {dagbag.py:588} INFO - Filling up the DagBag from /opt/airflow/dags/ETL_Without_Crawl.py
[2026-05-21T07:03:07.814+0000] {processor.py:925} INFO - DAG(s) 'etl_without_crawl' retrieved from /opt/airflow/dags/ETL_Without_Crawl.py
[2026-05-21T07:03:07.887+0000] {logging_mixin.py:190} INFO - [2026-05-21T07:03:07.887+0000] {dag.py:3239} INFO - Sync 1 DAGs
[2026-05-21T07:03:07.920+0000] {logging_mixin.py:190} INFO - [2026-05-21T07:03:07.920+0000] {dag.py:4180} INFO - Setting next_dagrun for etl_without_crawl to None, run_after=None
[2026-05-21T07:03:07.967+0000] {processor.py:208} INFO - Processing /opt/airflow/dags/ETL_Without_Crawl.py took 0.195 seconds
[2026-05-21T07:03:40.395+0000] {processor.py:186} INFO - Started process (PID=226) to work on /opt/airflow/dags/ETL_Without_Crawl.py
[2026-05-21T07:03:40.396+0000] {processor.py:914} INFO - Processing file /opt/airflow/dags/ETL_Without_Crawl.py for tasks to queue
[2026-05-21T07:03:40.398+0000] {logging_mixin.py:190} INFO - [2026-05-21T07:03:40.398+0000] {dagbag.py:588} INFO - Filling up the DagBag from /opt/airflow/dags/ETL_Without_Crawl.py
[2026-05-21T07:03:40.429+0000] {processor.py:925} INFO - DAG(s) 'etl_without_crawl' retrieved from /opt/airflow/dags/ETL_Without_Crawl.py
[2026-05-21T07:03:40.500+0000] {logging_mixin.py:190} INFO - [2026-05-21T07:03:40.500+0000] {dag.py:3239} INFO - Sync 1 DAGs
[2026-05-21T07:03:40.544+0000] {logging_mixin.py:190} INFO - [2026-05-21T07:03:40.543+0000] {dag.py:4180} INFO - Setting next_dagrun for etl_without_crawl to None, run_after=None
[2026-05-21T07:03:40.615+0000] {processor.py:208} INFO - Processing /opt/airflow/dags/ETL_Without_Crawl.py took 0.231 seconds
[2026-05-21T07:04:13.846+0000] {processor.py:186} INFO - Started process (PID=230) to work on /opt/airflow/dags/ETL_Without_Crawl.py
[2026-05-21T07:04:13.855+0000] {processor.py:914} INFO - Processing file /opt/airflow/dags/ETL_Without_Crawl.py for tasks to queue
[2026-05-21T07:04:13.866+0000] {logging_mixin.py:190} INFO - [2026-05-21T07:04:13.865+0000] {dagbag.py:588} INFO - Filling up the DagBag from /opt/airflow/dags/ETL_Without_Crawl.py
[2026-05-21T07:04:13.921+0000] {processor.py:925} INFO - DAG(s) 'etl_without_crawl' retrieved from /opt/airflow/dags/ETL_Without_Crawl.py
[2026-05-21T07:04:14.003+0000] {logging_mixin.py:190} INFO - [2026-05-21T07:04:14.003+0000] {dag.py:3239} INFO - Sync 1 DAGs
[2026-05-21T07:04:14.044+0000] {logging_mixin.py:190} INFO - [2026-05-21T07:04:14.043+0000] {dag.py:4180} INFO - Setting next_dagrun for etl_without_crawl to None, run_after=None
[2026-05-21T07:04:14.119+0000] {processor.py:208} INFO - Processing /opt/airflow/dags/ETL_Without_Crawl.py took 0.291 seconds
[2026-05-21T07:04:45.522+0000] {processor.py:186} INFO - Started process (PID=234) to work on /opt/airflow/dags/ETL_Without_Crawl.py
[2026-05-21T07:04:45.523+0000] {processor.py:914} INFO - Processing file /opt/airflow/dags/ETL_Without_Crawl.py for tasks to queue
[2026-05-21T07:04:45.525+0000] {logging_mixin.py:190} INFO - [2026-05-21T07:04:45.525+0000] {dagbag.py:588} INFO - Filling up the DagBag from /opt/airflow/dags/ETL_Without_Crawl.py
[2026-05-21T07:04:45.572+0000] {processor.py:925} INFO - DAG(s) 'etl_without_crawl' retrieved from /opt/airflow/dags/ETL_Without_Crawl.py
[2026-05-21T07:04:45.702+0000] {logging_mixin.py:190} INFO - [2026-05-21T07:04:45.701+0000] {dag.py:3239} INFO - Sync 1 DAGs
[2026-05-21T07:04:45.751+0000] {logging_mixin.py:190} INFO - [2026-05-21T07:04:45.751+0000] {dag.py:4180} INFO - Setting next_dagrun for etl_without_crawl to None, run_after=None
[2026-05-21T07:04:45.826+0000] {processor.py:208} INFO - Processing /opt/airflow/dags/ETL_Without_Crawl.py took 0.317 seconds
[2026-05-21T07:05:18.245+0000] {processor.py:186} INFO - Started process (PID=238) to work on /opt/airflow/dags/ETL_Without_Crawl.py
[2026-05-21T07:05:18.246+0000] {processor.py:914} INFO - Processing file /opt/airflow/dags/ETL_Without_Crawl.py for tasks to queue
[2026-05-21T07:05:18.248+0000] {logging_mixin.py:190} INFO - [2026-05-21T07:05:18.248+0000] {dagbag.py:588} INFO - Filling up the DagBag from /opt/airflow/dags/ETL_Without_Crawl.py
[2026-05-21T07:05:18.273+0000] {processor.py:925} INFO - DAG(s) 'etl_without_crawl' retrieved from /opt/airflow/dags/ETL_Without_Crawl.py
[2026-05-21T07:05:18.337+0000] {logging_mixin.py:190} INFO - [2026-05-21T07:05:18.337+0000] {dag.py:3239} INFO - Sync 1 DAGs
[2026-05-21T07:05:18.789+0000] {logging_mixin.py:190} INFO - [2026-05-21T07:05:18.788+0000] {dag.py:4180} INFO - Setting next_dagrun for etl_without_crawl to None, run_after=None
[2026-05-21T07:05:19.191+0000] {processor.py:208} INFO - Processing /opt/airflow/dags/ETL_Without_Crawl.py took 0.956 seconds
[2026-05-21T07:05:51.395+0000] {processor.py:186} INFO - Started process (PID=242) to work on /opt/airflow/dags/ETL_Without_Crawl.py
[2026-05-21T07:05:51.396+0000] {processor.py:914} INFO - Processing file /opt/airflow/dags/ETL_Without_Crawl.py for tasks to queue
[2026-05-21T07:05:51.399+0000] {logging_mixin.py:190} INFO - [2026-05-21T07:05:51.398+0000] {dagbag.py:588} INFO - Filling up the DagBag from /opt/airflow/dags/ETL_Without_Crawl.py
[2026-05-21T07:05:51.425+0000] {processor.py:925} INFO - DAG(s) 'etl_without_crawl' retrieved from /opt/airflow/dags/ETL_Without_Crawl.py
[2026-05-21T07:05:51.482+0000] {logging_mixin.py:190} INFO - [2026-05-21T07:05:51.482+0000] {dag.py:3239} INFO - Sync 1 DAGs
[2026-05-21T07:05:51.508+0000] {logging_mixin.py:190} INFO - [2026-05-21T07:05:51.508+0000] {dag.py:4180} INFO - Setting next_dagrun for etl_without_crawl to None, run_after=None
[2026-05-21T07:05:51.560+0000] {processor.py:208} INFO - Processing /opt/airflow/dags/ETL_Without_Crawl.py took 0.174 seconds
[2026-05-21T07:06:23.224+0000] {processor.py:186} INFO - Started process (PID=246) to work on /opt/airflow/dags/ETL_Without_Crawl.py
[2026-05-21T07:06:23.225+0000] {processor.py:914} INFO - Processing file /opt/airflow/dags/ETL_Without_Crawl.py for tasks to queue
[2026-05-21T07:06:23.227+0000] {logging_mixin.py:190} INFO - [2026-05-21T07:06:23.227+0000] {dagbag.py:588} INFO - Filling up the DagBag from /opt/airflow/dags/ETL_Without_Crawl.py
[2026-05-21T07:06:23.253+0000] {processor.py:925} INFO - DAG(s) 'etl_without_crawl' retrieved from /opt/airflow/dags/ETL_Without_Crawl.py
[2026-05-21T07:06:23.321+0000] {logging_mixin.py:190} INFO - [2026-05-21T07:06:23.321+0000] {dag.py:3239} INFO - Sync 1 DAGs
[2026-05-21T07:06:23.352+0000] {logging_mixin.py:190} INFO - [2026-05-21T07:06:23.352+0000] {dag.py:4180} INFO - Setting next_dagrun for etl_without_crawl to None, run_after=None
[2026-05-21T07:06:23.401+0000] {processor.py:208} INFO - Processing /opt/airflow/dags/ETL_Without_Crawl.py took 0.184 seconds
[2026-05-21T07:06:56.159+0000] {processor.py:186} INFO - Started process (PID=250) to work on /opt/airflow/dags/ETL_Without_Crawl.py
[2026-05-21T07:06:56.161+0000] {processor.py:914} INFO - Processing file /opt/airflow/dags/ETL_Without_Crawl.py for tasks to queue
[2026-05-21T07:06:56.163+0000] {logging_mixin.py:190} INFO - [2026-05-21T07:06:56.163+0000] {dagbag.py:588} INFO - Filling up the DagBag from /opt/airflow/dags/ETL_Without_Crawl.py
[2026-05-21T07:06:56.198+0000] {processor.py:925} INFO - DAG(s) 'etl_without_crawl' retrieved from /opt/airflow/dags/ETL_Without_Crawl.py
[2026-05-21T07:06:56.259+0000] {logging_mixin.py:190} INFO - [2026-05-21T07:06:56.259+0000] {dag.py:3239} INFO - Sync 1 DAGs
[2026-05-21T07:06:56.290+0000] {logging_mixin.py:190} INFO - [2026-05-21T07:06:56.290+0000] {dag.py:4180} INFO - Setting next_dagrun for etl_without_crawl to None, run_after=None
[2026-05-21T07:06:56.326+0000] {processor.py:208} INFO - Processing /opt/airflow/dags/ETL_Without_Crawl.py took 0.197 seconds
[2026-05-21T07:07:28.543+0000] {processor.py:186} INFO - Started process (PID=254) to work on /opt/airflow/dags/ETL_Without_Crawl.py
[2026-05-21T07:07:28.544+0000] {processor.py:914} INFO - Processing file /opt/airflow/dags/ETL_Without_Crawl.py for tasks to queue
[2026-05-21T07:07:28.546+0000] {logging_mixin.py:190} INFO - [2026-05-21T07:07:28.545+0000] {dagbag.py:588} INFO - Filling up the DagBag from /opt/airflow/dags/ETL_Without_Crawl.py
[2026-05-21T07:07:28.566+0000] {processor.py:925} INFO - DAG(s) 'etl_without_crawl' retrieved from /opt/airflow/dags/ETL_Without_Crawl.py
[2026-05-21T07:07:28.614+0000] {logging_mixin.py:190} INFO - [2026-05-21T07:07:28.613+0000] {dag.py:3239} INFO - Sync 1 DAGs
[2026-05-21T07:07:28.636+0000] {logging_mixin.py:190} INFO - [2026-05-21T07:07:28.635+0000] {dag.py:4180} INFO - Setting next_dagrun for etl_without_crawl to None, run_after=None
[2026-05-21T07:07:28.669+0000] {processor.py:208} INFO - Processing /opt/airflow/dags/ETL_Without_Crawl.py took 0.133 seconds
[2026-05-21T07:08:01.788+0000] {processor.py:186} INFO - Started process (PID=258) to work on /opt/airflow/dags/ETL_Without_Crawl.py
[2026-05-21T07:08:01.789+0000] {processor.py:914} INFO - Processing file /opt/airflow/dags/ETL_Without_Crawl.py for tasks to queue
[2026-05-21T07:08:01.790+0000] {logging_mixin.py:190} INFO - [2026-05-21T07:08:01.790+0000] {dagbag.py:588} INFO - Filling up the DagBag from /opt/airflow/dags/ETL_Without_Crawl.py
[2026-05-21T07:08:01.806+0000] {processor.py:925} INFO - DAG(s) 'etl_without_crawl' retrieved from /opt/airflow/dags/ETL_Without_Crawl.py
[2026-05-21T07:08:01.854+0000] {logging_mixin.py:190} INFO - [2026-05-21T07:08:01.854+0000] {dag.py:3239} INFO - Sync 1 DAGs
[2026-05-21T07:08:01.882+0000] {logging_mixin.py:190} INFO - [2026-05-21T07:08:01.881+0000] {dag.py:4180} INFO - Setting next_dagrun for etl_without_crawl to None, run_after=None
[2026-05-21T07:08:01.979+0000] {processor.py:208} INFO - Processing /opt/airflow/dags/ETL_Without_Crawl.py took 0.197 seconds
