[2026-05-21T06:38:31.973+0000] {processor.py:186} INFO - Started process (PID=39) to work on /opt/airflow/dags/system_dag.py
[2026-05-21T06:38:31.974+0000] {processor.py:914} INFO - Processing file /opt/airflow/dags/system_dag.py for tasks to queue
[2026-05-21T06:38:31.979+0000] {logging_mixin.py:190} INFO - [2026-05-21T06:38:31.979+0000] {dagbag.py:588} INFO - Filling up the DagBag from /opt/airflow/dags/system_dag.py
[2026-05-21T06:38:32.049+0000] {processor.py:925} INFO - DAG(s) 'system_dag' retrieved from /opt/airflow/dags/system_dag.py
[2026-05-21T06:38:32.197+0000] {logging_mixin.py:190} INFO - [2026-05-21T06:38:32.196+0000] {dag.py:3239} INFO - Sync 1 DAGs
[2026-05-21T06:38:32.295+0000] {logging_mixin.py:190} INFO - [2026-05-21T06:38:32.294+0000] {dag.py:4180} INFO - Setting next_dagrun for system_dag to 2026-05-20T00:00:00+00:00, run_after=2026-05-21T00:00:00+00:00
[2026-05-21T06:38:32.347+0000] {processor.py:208} INFO - Processing /opt/airflow/dags/system_dag.py took 0.395 seconds
[2026-05-21T06:39:03.345+0000] {processor.py:186} INFO - Started process (PID=43) to work on /opt/airflow/dags/system_dag.py
[2026-05-21T06:39:03.346+0000] {processor.py:914} INFO - Processing file /opt/airflow/dags/system_dag.py for tasks to queue
[2026-05-21T06:39:03.348+0000] {logging_mixin.py:190} INFO - [2026-05-21T06:39:03.347+0000] {dagbag.py:588} INFO - Filling up the DagBag from /opt/airflow/dags/system_dag.py
[2026-05-21T06:39:03.381+0000] {processor.py:925} INFO - DAG(s) 'system_dag' retrieved from /opt/airflow/dags/system_dag.py
[2026-05-21T06:39:03.430+0000] {logging_mixin.py:190} INFO - [2026-05-21T06:39:03.429+0000] {dag.py:3239} INFO - Sync 1 DAGs
[2026-05-21T06:39:03.483+0000] {logging_mixin.py:190} INFO - [2026-05-21T06:39:03.482+0000] {dag.py:4180} INFO - Setting next_dagrun for system_dag to 2026-05-20T00:00:00+00:00, run_after=2026-05-21T00:00:00+00:00
[2026-05-21T06:39:03.524+0000] {processor.py:208} INFO - Processing /opt/airflow/dags/system_dag.py took 0.184 seconds
[2026-05-21T06:39:33.839+0000] {processor.py:186} INFO - Started process (PID=47) to work on /opt/airflow/dags/system_dag.py
[2026-05-21T06:39:33.840+0000] {processor.py:914} INFO - Processing file /opt/airflow/dags/system_dag.py for tasks to queue
[2026-05-21T06:39:33.841+0000] {logging_mixin.py:190} INFO - [2026-05-21T06:39:33.841+0000] {dagbag.py:588} INFO - Filling up the DagBag from /opt/airflow/dags/system_dag.py
[2026-05-21T06:39:33.863+0000] {processor.py:925} INFO - DAG(s) 'system_dag' retrieved from /opt/airflow/dags/system_dag.py
[2026-05-21T06:39:33.908+0000] {logging_mixin.py:190} INFO - [2026-05-21T06:39:33.908+0000] {dag.py:3239} INFO - Sync 1 DAGs
[2026-05-21T06:39:33.944+0000] {logging_mixin.py:190} INFO - [2026-05-21T06:39:33.944+0000] {dag.py:4180} INFO - Setting next_dagrun for system_dag to 2026-05-20T00:00:00+00:00, run_after=2026-05-21T00:00:00+00:00
[2026-05-21T06:39:33.977+0000] {processor.py:208} INFO - Processing /opt/airflow/dags/system_dag.py took 0.144 seconds
[2026-05-21T06:40:04.996+0000] {processor.py:186} INFO - Started process (PID=51) to work on /opt/airflow/dags/system_dag.py
[2026-05-21T06:40:04.998+0000] {processor.py:914} INFO - Processing file /opt/airflow/dags/system_dag.py for tasks to queue
[2026-05-21T06:40:05.000+0000] {logging_mixin.py:190} INFO - [2026-05-21T06:40:04.999+0000] {dagbag.py:588} INFO - Filling up the DagBag from /opt/airflow/dags/system_dag.py
[2026-05-21T06:40:05.031+0000] {processor.py:925} INFO - DAG(s) 'system_dag' retrieved from /opt/airflow/dags/system_dag.py
[2026-05-21T06:40:05.114+0000] {logging_mixin.py:190} INFO - [2026-05-21T06:40:05.114+0000] {dag.py:3239} INFO - Sync 1 DAGs
[2026-05-21T06:40:05.162+0000] {logging_mixin.py:190} INFO - [2026-05-21T06:40:05.161+0000] {dag.py:4180} INFO - Setting next_dagrun for system_dag to 2026-05-20T00:00:00+00:00, run_after=2026-05-21T00:00:00+00:00
[2026-05-21T06:40:05.212+0000] {processor.py:208} INFO - Processing /opt/airflow/dags/system_dag.py took 0.228 seconds
[2026-05-21T06:40:35.358+0000] {processor.py:186} INFO - Started process (PID=55) to work on /opt/airflow/dags/system_dag.py
[2026-05-21T06:40:35.359+0000] {processor.py:914} INFO - Processing file /opt/airflow/dags/system_dag.py for tasks to queue
[2026-05-21T06:40:35.362+0000] {logging_mixin.py:190} INFO - [2026-05-21T06:40:35.361+0000] {dagbag.py:588} INFO - Filling up the DagBag from /opt/airflow/dags/system_dag.py
[2026-05-21T06:40:35.399+0000] {processor.py:925} INFO - DAG(s) 'system_dag' retrieved from /opt/airflow/dags/system_dag.py
[2026-05-21T06:40:35.472+0000] {logging_mixin.py:190} INFO - [2026-05-21T06:40:35.471+0000] {dag.py:3239} INFO - Sync 1 DAGs
[2026-05-21T06:40:35.513+0000] {logging_mixin.py:190} INFO - [2026-05-21T06:40:35.513+0000] {dag.py:4180} INFO - Setting next_dagrun for system_dag to 2026-05-20T00:00:00+00:00, run_after=2026-05-21T00:00:00+00:00
[2026-05-21T06:40:35.548+0000] {processor.py:208} INFO - Processing /opt/airflow/dags/system_dag.py took 0.202 seconds
[2026-05-21T06:41:05.685+0000] {processor.py:186} INFO - Started process (PID=59) to work on /opt/airflow/dags/system_dag.py
[2026-05-21T06:41:05.685+0000] {processor.py:914} INFO - Processing file /opt/airflow/dags/system_dag.py for tasks to queue
[2026-05-21T06:41:05.687+0000] {logging_mixin.py:190} INFO - [2026-05-21T06:41:05.687+0000] {dagbag.py:588} INFO - Filling up the DagBag from /opt/airflow/dags/system_dag.py
[2026-05-21T06:41:05.719+0000] {processor.py:925} INFO - DAG(s) 'system_dag' retrieved from /opt/airflow/dags/system_dag.py
[2026-05-21T06:41:05.771+0000] {logging_mixin.py:190} INFO - [2026-05-21T06:41:05.771+0000] {dag.py:3239} INFO - Sync 1 DAGs
[2026-05-21T06:41:05.817+0000] {logging_mixin.py:190} INFO - [2026-05-21T06:41:05.817+0000] {dag.py:4180} INFO - Setting next_dagrun for system_dag to 2026-05-20T00:00:00+00:00, run_after=2026-05-21T00:00:00+00:00
[2026-05-21T06:41:05.859+0000] {processor.py:208} INFO - Processing /opt/airflow/dags/system_dag.py took 0.184 seconds
[2026-05-21T06:41:35.982+0000] {processor.py:186} INFO - Started process (PID=63) to work on /opt/airflow/dags/system_dag.py
[2026-05-21T06:41:35.983+0000] {processor.py:914} INFO - Processing file /opt/airflow/dags/system_dag.py for tasks to queue
[2026-05-21T06:41:35.985+0000] {logging_mixin.py:190} INFO - [2026-05-21T06:41:35.985+0000] {dagbag.py:588} INFO - Filling up the DagBag from /opt/airflow/dags/system_dag.py
[2026-05-21T06:41:36.022+0000] {processor.py:925} INFO - DAG(s) 'system_dag' retrieved from /opt/airflow/dags/system_dag.py
[2026-05-21T06:41:36.095+0000] {logging_mixin.py:190} INFO - [2026-05-21T06:41:36.095+0000] {dag.py:3239} INFO - Sync 1 DAGs
[2026-05-21T06:41:36.157+0000] {logging_mixin.py:190} INFO - [2026-05-21T06:41:36.156+0000] {dag.py:4180} INFO - Setting next_dagrun for system_dag to 2026-05-20T00:00:00+00:00, run_after=2026-05-21T00:00:00+00:00
[2026-05-21T06:41:36.210+0000] {processor.py:208} INFO - Processing /opt/airflow/dags/system_dag.py took 0.238 seconds
[2026-05-21T06:42:06.594+0000] {processor.py:186} INFO - Started process (PID=67) to work on /opt/airflow/dags/system_dag.py
[2026-05-21T06:42:06.595+0000] {processor.py:914} INFO - Processing file /opt/airflow/dags/system_dag.py for tasks to queue
[2026-05-21T06:42:06.598+0000] {logging_mixin.py:190} INFO - [2026-05-21T06:42:06.597+0000] {dagbag.py:588} INFO - Filling up the DagBag from /opt/airflow/dags/system_dag.py
[2026-05-21T06:42:06.675+0000] {processor.py:925} INFO - DAG(s) 'system_dag' retrieved from /opt/airflow/dags/system_dag.py
[2026-05-21T06:42:06.877+0000] {logging_mixin.py:190} INFO - [2026-05-21T06:42:06.876+0000] {dag.py:3239} INFO - Sync 1 DAGs
[2026-05-21T06:42:06.989+0000] {logging_mixin.py:190} INFO - [2026-05-21T06:42:06.988+0000] {dag.py:4180} INFO - Setting next_dagrun for system_dag to 2026-05-20T00:00:00+00:00, run_after=2026-05-21T00:00:00+00:00
[2026-05-21T06:42:07.090+0000] {processor.py:208} INFO - Processing /opt/airflow/dags/system_dag.py took 0.510 seconds
[2026-05-21T06:42:37.619+0000] {processor.py:186} INFO - Started process (PID=71) to work on /opt/airflow/dags/system_dag.py
[2026-05-21T06:42:37.621+0000] {processor.py:914} INFO - Processing file /opt/airflow/dags/system_dag.py for tasks to queue
[2026-05-21T06:42:37.626+0000] {logging_mixin.py:190} INFO - [2026-05-21T06:42:37.625+0000] {dagbag.py:588} INFO - Filling up the DagBag from /opt/airflow/dags/system_dag.py
[2026-05-21T06:42:37.666+0000] {processor.py:925} INFO - DAG(s) 'system_dag' retrieved from /opt/airflow/dags/system_dag.py
[2026-05-21T06:42:37.781+0000] {logging_mixin.py:190} INFO - [2026-05-21T06:42:37.781+0000] {dag.py:3239} INFO - Sync 1 DAGs
[2026-05-21T06:42:37.836+0000] {logging_mixin.py:190} INFO - [2026-05-21T06:42:37.836+0000] {dag.py:4180} INFO - Setting next_dagrun for system_dag to 2026-05-20T00:00:00+00:00, run_after=2026-05-21T00:00:00+00:00
[2026-05-21T06:42:37.922+0000] {processor.py:208} INFO - Processing /opt/airflow/dags/system_dag.py took 0.313 seconds
[2026-05-21T06:43:09.027+0000] {processor.py:186} INFO - Started process (PID=75) to work on /opt/airflow/dags/system_dag.py
[2026-05-21T06:43:09.036+0000] {processor.py:914} INFO - Processing file /opt/airflow/dags/system_dag.py for tasks to queue
[2026-05-21T06:43:09.040+0000] {logging_mixin.py:190} INFO - [2026-05-21T06:43:09.040+0000] {dagbag.py:588} INFO - Filling up the DagBag from /opt/airflow/dags/system_dag.py
[2026-05-21T06:43:09.098+0000] {processor.py:925} INFO - DAG(s) 'system_dag' retrieved from /opt/airflow/dags/system_dag.py
[2026-05-21T06:43:09.543+0000] {logging_mixin.py:190} INFO - [2026-05-21T06:43:09.534+0000] {dag.py:3239} INFO - Sync 1 DAGs
[2026-05-21T06:43:09.879+0000] {logging_mixin.py:190} INFO - [2026-05-21T06:43:09.879+0000] {dag.py:4180} INFO - Setting next_dagrun for system_dag to 2026-05-20T00:00:00+00:00, run_after=2026-05-21T00:00:00+00:00
[2026-05-21T06:43:10.412+0000] {processor.py:208} INFO - Processing /opt/airflow/dags/system_dag.py took 1.419 seconds
[2026-05-21T06:43:40.750+0000] {processor.py:186} INFO - Started process (PID=79) to work on /opt/airflow/dags/system_dag.py
[2026-05-21T06:43:40.752+0000] {processor.py:914} INFO - Processing file /opt/airflow/dags/system_dag.py for tasks to queue
[2026-05-21T06:43:40.754+0000] {logging_mixin.py:190} INFO - [2026-05-21T06:43:40.754+0000] {dagbag.py:588} INFO - Filling up the DagBag from /opt/airflow/dags/system_dag.py
[2026-05-21T06:43:40.794+0000] {processor.py:925} INFO - DAG(s) 'system_dag' retrieved from /opt/airflow/dags/system_dag.py
[2026-05-21T06:43:40.880+0000] {logging_mixin.py:190} INFO - [2026-05-21T06:43:40.879+0000] {dag.py:3239} INFO - Sync 1 DAGs
[2026-05-21T06:43:40.978+0000] {logging_mixin.py:190} INFO - [2026-05-21T06:43:40.978+0000] {dag.py:4180} INFO - Setting next_dagrun for system_dag to 2026-05-20T00:00:00+00:00, run_after=2026-05-21T00:00:00+00:00
[2026-05-21T06:43:41.063+0000] {processor.py:208} INFO - Processing /opt/airflow/dags/system_dag.py took 0.330 seconds
[2026-05-21T06:44:11.251+0000] {processor.py:186} INFO - Started process (PID=83) to work on /opt/airflow/dags/system_dag.py
[2026-05-21T06:44:11.252+0000] {processor.py:914} INFO - Processing file /opt/airflow/dags/system_dag.py for tasks to queue
[2026-05-21T06:44:11.254+0000] {logging_mixin.py:190} INFO - [2026-05-21T06:44:11.253+0000] {dagbag.py:588} INFO - Filling up the DagBag from /opt/airflow/dags/system_dag.py
[2026-05-21T06:44:11.286+0000] {processor.py:925} INFO - DAG(s) 'system_dag' retrieved from /opt/airflow/dags/system_dag.py
[2026-05-21T06:44:11.348+0000] {logging_mixin.py:190} INFO - [2026-05-21T06:44:11.348+0000] {dag.py:3239} INFO - Sync 1 DAGs
[2026-05-21T06:44:11.388+0000] {logging_mixin.py:190} INFO - [2026-05-21T06:44:11.388+0000] {dag.py:4180} INFO - Setting next_dagrun for system_dag to 2026-05-20T00:00:00+00:00, run_after=2026-05-21T00:00:00+00:00
[2026-05-21T06:44:11.437+0000] {processor.py:208} INFO - Processing /opt/airflow/dags/system_dag.py took 0.193 seconds
[2026-05-21T06:44:41.902+0000] {processor.py:186} INFO - Started process (PID=87) to work on /opt/airflow/dags/system_dag.py
[2026-05-21T06:44:41.904+0000] {processor.py:914} INFO - Processing file /opt/airflow/dags/system_dag.py for tasks to queue
[2026-05-21T06:44:41.906+0000] {logging_mixin.py:190} INFO - [2026-05-21T06:44:41.905+0000] {dagbag.py:588} INFO - Filling up the DagBag from /opt/airflow/dags/system_dag.py
[2026-05-21T06:44:41.943+0000] {processor.py:925} INFO - DAG(s) 'system_dag' retrieved from /opt/airflow/dags/system_dag.py
[2026-05-21T06:44:42.011+0000] {logging_mixin.py:190} INFO - [2026-05-21T06:44:42.010+0000] {dag.py:3239} INFO - Sync 1 DAGs
[2026-05-21T06:44:42.072+0000] {logging_mixin.py:190} INFO - [2026-05-21T06:44:42.072+0000] {dag.py:4180} INFO - Setting next_dagrun for system_dag to 2026-05-20T00:00:00+00:00, run_after=2026-05-21T00:00:00+00:00
[2026-05-21T06:44:42.122+0000] {processor.py:208} INFO - Processing /opt/airflow/dags/system_dag.py took 0.231 seconds
[2026-05-21T06:45:14.154+0000] {processor.py:186} INFO - Started process (PID=91) to work on /opt/airflow/dags/system_dag.py
[2026-05-21T06:45:14.155+0000] {processor.py:914} INFO - Processing file /opt/airflow/dags/system_dag.py for tasks to queue
[2026-05-21T06:45:14.156+0000] {logging_mixin.py:190} INFO - [2026-05-21T06:45:14.156+0000] {dagbag.py:588} INFO - Filling up the DagBag from /opt/airflow/dags/system_dag.py
[2026-05-21T06:45:14.185+0000] {processor.py:925} INFO - DAG(s) 'system_dag' retrieved from /opt/airflow/dags/system_dag.py
[2026-05-21T06:45:14.231+0000] {logging_mixin.py:190} INFO - [2026-05-21T06:45:14.231+0000] {dag.py:3239} INFO - Sync 1 DAGs
[2026-05-21T06:45:14.289+0000] {logging_mixin.py:190} INFO - [2026-05-21T06:45:14.289+0000] {dag.py:4180} INFO - Setting next_dagrun for system_dag to 2026-05-20T00:00:00+00:00, run_after=2026-05-21T00:00:00+00:00
[2026-05-21T06:45:14.332+0000] {processor.py:208} INFO - Processing /opt/airflow/dags/system_dag.py took 0.189 seconds
[2026-05-21T06:45:46.528+0000] {processor.py:186} INFO - Started process (PID=95) to work on /opt/airflow/dags/system_dag.py
[2026-05-21T06:45:46.529+0000] {processor.py:914} INFO - Processing file /opt/airflow/dags/system_dag.py for tasks to queue
[2026-05-21T06:45:46.532+0000] {logging_mixin.py:190} INFO - [2026-05-21T06:45:46.532+0000] {dagbag.py:588} INFO - Filling up the DagBag from /opt/airflow/dags/system_dag.py
[2026-05-21T06:45:46.570+0000] {processor.py:925} INFO - DAG(s) 'system_dag' retrieved from /opt/airflow/dags/system_dag.py
[2026-05-21T06:45:46.647+0000] {logging_mixin.py:190} INFO - [2026-05-21T06:45:46.646+0000] {dag.py:3239} INFO - Sync 1 DAGs
[2026-05-21T06:45:46.693+0000] {logging_mixin.py:190} INFO - [2026-05-21T06:45:46.693+0000] {dag.py:4180} INFO - Setting next_dagrun for system_dag to 2026-05-20T00:00:00+00:00, run_after=2026-05-21T00:00:00+00:00
[2026-05-21T06:45:46.724+0000] {processor.py:208} INFO - Processing /opt/airflow/dags/system_dag.py took 0.207 seconds
[2026-05-21T06:46:19.316+0000] {processor.py:186} INFO - Started process (PID=99) to work on /opt/airflow/dags/system_dag.py
[2026-05-21T06:46:19.317+0000] {processor.py:914} INFO - Processing file /opt/airflow/dags/system_dag.py for tasks to queue
[2026-05-21T06:46:19.319+0000] {logging_mixin.py:190} INFO - [2026-05-21T06:46:19.318+0000] {dagbag.py:588} INFO - Filling up the DagBag from /opt/airflow/dags/system_dag.py
[2026-05-21T06:46:19.361+0000] {processor.py:925} INFO - DAG(s) 'system_dag' retrieved from /opt/airflow/dags/system_dag.py
[2026-05-21T06:46:19.449+0000] {logging_mixin.py:190} INFO - [2026-05-21T06:46:19.449+0000] {dag.py:3239} INFO - Sync 1 DAGs
[2026-05-21T06:46:19.529+0000] {logging_mixin.py:190} INFO - [2026-05-21T06:46:19.529+0000] {dag.py:4180} INFO - Setting next_dagrun for system_dag to 2026-05-20T00:00:00+00:00, run_after=2026-05-21T00:00:00+00:00
[2026-05-21T06:46:19.634+0000] {processor.py:208} INFO - Processing /opt/airflow/dags/system_dag.py took 0.333 seconds
[2026-05-21T06:46:51.860+0000] {processor.py:186} INFO - Started process (PID=103) to work on /opt/airflow/dags/system_dag.py
[2026-05-21T06:46:51.861+0000] {processor.py:914} INFO - Processing file /opt/airflow/dags/system_dag.py for tasks to queue
[2026-05-21T06:46:51.866+0000] {logging_mixin.py:190} INFO - [2026-05-21T06:46:51.865+0000] {dagbag.py:588} INFO - Filling up the DagBag from /opt/airflow/dags/system_dag.py
[2026-05-21T06:46:51.910+0000] {processor.py:925} INFO - DAG(s) 'system_dag' retrieved from /opt/airflow/dags/system_dag.py
[2026-05-21T06:46:51.993+0000] {logging_mixin.py:190} INFO - [2026-05-21T06:46:51.993+0000] {dag.py:3239} INFO - Sync 1 DAGs
[2026-05-21T06:46:52.050+0000] {logging_mixin.py:190} INFO - [2026-05-21T06:46:52.050+0000] {dag.py:4180} INFO - Setting next_dagrun for system_dag to 2026-05-20T00:00:00+00:00, run_after=2026-05-21T00:00:00+00:00
[2026-05-21T06:46:52.122+0000] {processor.py:208} INFO - Processing /opt/airflow/dags/system_dag.py took 0.276 seconds
[2026-05-21T06:47:24.338+0000] {processor.py:186} INFO - Started process (PID=107) to work on /opt/airflow/dags/system_dag.py
[2026-05-21T06:47:24.339+0000] {processor.py:914} INFO - Processing file /opt/airflow/dags/system_dag.py for tasks to queue
[2026-05-21T06:47:24.344+0000] {logging_mixin.py:190} INFO - [2026-05-21T06:47:24.343+0000] {dagbag.py:588} INFO - Filling up the DagBag from /opt/airflow/dags/system_dag.py
[2026-05-21T06:47:24.384+0000] {processor.py:925} INFO - DAG(s) 'system_dag' retrieved from /opt/airflow/dags/system_dag.py
[2026-05-21T06:47:24.448+0000] {logging_mixin.py:190} INFO - [2026-05-21T06:47:24.448+0000] {dag.py:3239} INFO - Sync 1 DAGs
[2026-05-21T06:47:24.496+0000] {logging_mixin.py:190} INFO - [2026-05-21T06:47:24.496+0000] {dag.py:4180} INFO - Setting next_dagrun for system_dag to 2026-05-20T00:00:00+00:00, run_after=2026-05-21T00:00:00+00:00
[2026-05-21T06:47:24.546+0000] {processor.py:208} INFO - Processing /opt/airflow/dags/system_dag.py took 0.220 seconds
[2026-05-21T06:47:58.750+0000] {processor.py:186} INFO - Started process (PID=111) to work on /opt/airflow/dags/system_dag.py
[2026-05-21T06:47:58.752+0000] {processor.py:914} INFO - Processing file /opt/airflow/dags/system_dag.py for tasks to queue
[2026-05-21T06:47:58.754+0000] {logging_mixin.py:190} INFO - [2026-05-21T06:47:58.754+0000] {dagbag.py:588} INFO - Filling up the DagBag from /opt/airflow/dags/system_dag.py
[2026-05-21T06:47:58.796+0000] {processor.py:925} INFO - DAG(s) 'system_dag' retrieved from /opt/airflow/dags/system_dag.py
[2026-05-21T06:47:58.965+0000] {logging_mixin.py:190} INFO - [2026-05-21T06:47:58.964+0000] {dag.py:3239} INFO - Sync 1 DAGs
[2026-05-21T06:47:59.026+0000] {logging_mixin.py:190} INFO - [2026-05-21T06:47:59.026+0000] {dag.py:4180} INFO - Setting next_dagrun for system_dag to 2026-05-20T00:00:00+00:00, run_after=2026-05-21T00:00:00+00:00
[2026-05-21T06:47:59.103+0000] {processor.py:208} INFO - Processing /opt/airflow/dags/system_dag.py took 0.364 seconds
[2026-05-21T06:48:29.606+0000] {processor.py:186} INFO - Started process (PID=115) to work on /opt/airflow/dags/system_dag.py
[2026-05-21T06:48:29.608+0000] {processor.py:914} INFO - Processing file /opt/airflow/dags/system_dag.py for tasks to queue
[2026-05-21T06:48:29.611+0000] {logging_mixin.py:190} INFO - [2026-05-21T06:48:29.610+0000] {dagbag.py:588} INFO - Filling up the DagBag from /opt/airflow/dags/system_dag.py
[2026-05-21T06:48:29.663+0000] {processor.py:925} INFO - DAG(s) 'system_dag' retrieved from /opt/airflow/dags/system_dag.py
[2026-05-21T06:48:29.744+0000] {logging_mixin.py:190} INFO - [2026-05-21T06:48:29.743+0000] {dag.py:3239} INFO - Sync 1 DAGs
[2026-05-21T06:48:29.833+0000] {logging_mixin.py:190} INFO - [2026-05-21T06:48:29.833+0000] {dag.py:4180} INFO - Setting next_dagrun for system_dag to 2026-05-20T00:00:00+00:00, run_after=2026-05-21T00:00:00+00:00
[2026-05-21T06:48:29.936+0000] {processor.py:208} INFO - Processing /opt/airflow/dags/system_dag.py took 0.346 seconds
[2026-05-21T06:49:01.891+0000] {processor.py:186} INFO - Started process (PID=119) to work on /opt/airflow/dags/system_dag.py
[2026-05-21T06:49:01.892+0000] {processor.py:914} INFO - Processing file /opt/airflow/dags/system_dag.py for tasks to queue
[2026-05-21T06:49:01.893+0000] {logging_mixin.py:190} INFO - [2026-05-21T06:49:01.893+0000] {dagbag.py:588} INFO - Filling up the DagBag from /opt/airflow/dags/system_dag.py
[2026-05-21T06:49:01.924+0000] {processor.py:925} INFO - DAG(s) 'system_dag' retrieved from /opt/airflow/dags/system_dag.py
[2026-05-21T06:49:02.006+0000] {logging_mixin.py:190} INFO - [2026-05-21T06:49:02.006+0000] {dag.py:3239} INFO - Sync 1 DAGs
[2026-05-21T06:49:02.090+0000] {logging_mixin.py:190} INFO - [2026-05-21T06:49:02.090+0000] {dag.py:4180} INFO - Setting next_dagrun for system_dag to 2026-05-20T00:00:00+00:00, run_after=2026-05-21T00:00:00+00:00
[2026-05-21T06:49:02.139+0000] {processor.py:208} INFO - Processing /opt/airflow/dags/system_dag.py took 0.258 seconds
[2026-05-21T06:49:34.663+0000] {processor.py:186} INFO - Started process (PID=123) to work on /opt/airflow/dags/system_dag.py
[2026-05-21T06:49:34.665+0000] {processor.py:914} INFO - Processing file /opt/airflow/dags/system_dag.py for tasks to queue
[2026-05-21T06:49:34.668+0000] {logging_mixin.py:190} INFO - [2026-05-21T06:49:34.667+0000] {dagbag.py:588} INFO - Filling up the DagBag from /opt/airflow/dags/system_dag.py
[2026-05-21T06:49:34.713+0000] {processor.py:925} INFO - DAG(s) 'system_dag' retrieved from /opt/airflow/dags/system_dag.py
[2026-05-21T06:49:34.806+0000] {logging_mixin.py:190} INFO - [2026-05-21T06:49:34.805+0000] {dag.py:3239} INFO - Sync 1 DAGs
[2026-05-21T06:49:34.880+0000] {logging_mixin.py:190} INFO - [2026-05-21T06:49:34.880+0000] {dag.py:4180} INFO - Setting next_dagrun for system_dag to 2026-05-20T00:00:00+00:00, run_after=2026-05-21T00:00:00+00:00
[2026-05-21T06:49:34.931+0000] {processor.py:208} INFO - Processing /opt/airflow/dags/system_dag.py took 0.281 seconds
[2026-05-21T06:50:08.467+0000] {processor.py:186} INFO - Started process (PID=127) to work on /opt/airflow/dags/system_dag.py
[2026-05-21T06:50:08.469+0000] {processor.py:914} INFO - Processing file /opt/airflow/dags/system_dag.py for tasks to queue
[2026-05-21T06:50:08.472+0000] {logging_mixin.py:190} INFO - [2026-05-21T06:50:08.472+0000] {dagbag.py:588} INFO - Filling up the DagBag from /opt/airflow/dags/system_dag.py
[2026-05-21T06:50:08.516+0000] {processor.py:925} INFO - DAG(s) 'system_dag' retrieved from /opt/airflow/dags/system_dag.py
[2026-05-21T06:50:08.591+0000] {logging_mixin.py:190} INFO - [2026-05-21T06:50:08.591+0000] {dag.py:3239} INFO - Sync 1 DAGs
[2026-05-21T06:50:08.661+0000] {logging_mixin.py:190} INFO - [2026-05-21T06:50:08.660+0000] {dag.py:4180} INFO - Setting next_dagrun for system_dag to 2026-05-20T00:00:00+00:00, run_after=2026-05-21T00:00:00+00:00
[2026-05-21T06:50:08.699+0000] {processor.py:208} INFO - Processing /opt/airflow/dags/system_dag.py took 0.247 seconds
[2026-05-21T06:50:40.401+0000] {processor.py:186} INFO - Started process (PID=131) to work on /opt/airflow/dags/system_dag.py
[2026-05-21T06:50:40.402+0000] {processor.py:914} INFO - Processing file /opt/airflow/dags/system_dag.py for tasks to queue
[2026-05-21T06:50:40.405+0000] {logging_mixin.py:190} INFO - [2026-05-21T06:50:40.404+0000] {dagbag.py:588} INFO - Filling up the DagBag from /opt/airflow/dags/system_dag.py
[2026-05-21T06:50:40.478+0000] {processor.py:925} INFO - DAG(s) 'system_dag' retrieved from /opt/airflow/dags/system_dag.py
[2026-05-21T06:50:40.752+0000] {logging_mixin.py:190} INFO - [2026-05-21T06:50:40.752+0000] {dag.py:3239} INFO - Sync 1 DAGs
[2026-05-21T06:50:40.861+0000] {logging_mixin.py:190} INFO - [2026-05-21T06:50:40.860+0000] {dag.py:4180} INFO - Setting next_dagrun for system_dag to 2026-05-20T00:00:00+00:00, run_after=2026-05-21T00:00:00+00:00
[2026-05-21T06:50:40.962+0000] {processor.py:208} INFO - Processing /opt/airflow/dags/system_dag.py took 0.574 seconds
[2026-05-21T06:51:12.645+0000] {processor.py:186} INFO - Started process (PID=135) to work on /opt/airflow/dags/system_dag.py
[2026-05-21T06:51:12.649+0000] {processor.py:914} INFO - Processing file /opt/airflow/dags/system_dag.py for tasks to queue
[2026-05-21T06:51:12.653+0000] {logging_mixin.py:190} INFO - [2026-05-21T06:51:12.653+0000] {dagbag.py:588} INFO - Filling up the DagBag from /opt/airflow/dags/system_dag.py
[2026-05-21T06:51:12.694+0000] {processor.py:925} INFO - DAG(s) 'system_dag' retrieved from /opt/airflow/dags/system_dag.py
[2026-05-21T06:51:12.770+0000] {logging_mixin.py:190} INFO - [2026-05-21T06:51:12.769+0000] {dag.py:3239} INFO - Sync 1 DAGs
[2026-05-21T06:51:12.830+0000] {logging_mixin.py:190} INFO - [2026-05-21T06:51:12.829+0000] {dag.py:4180} INFO - Setting next_dagrun for system_dag to 2026-05-20T00:00:00+00:00, run_after=2026-05-21T00:00:00+00:00
[2026-05-21T06:51:12.889+0000] {processor.py:208} INFO - Processing /opt/airflow/dags/system_dag.py took 0.262 seconds
[2026-05-21T06:51:45.451+0000] {processor.py:186} INFO - Started process (PID=139) to work on /opt/airflow/dags/system_dag.py
[2026-05-21T06:51:45.452+0000] {processor.py:914} INFO - Processing file /opt/airflow/dags/system_dag.py for tasks to queue
[2026-05-21T06:51:45.454+0000] {logging_mixin.py:190} INFO - [2026-05-21T06:51:45.454+0000] {dagbag.py:588} INFO - Filling up the DagBag from /opt/airflow/dags/system_dag.py
[2026-05-21T06:51:45.501+0000] {processor.py:925} INFO - DAG(s) 'system_dag' retrieved from /opt/airflow/dags/system_dag.py
[2026-05-21T06:51:45.570+0000] {logging_mixin.py:190} INFO - [2026-05-21T06:51:45.569+0000] {dag.py:3239} INFO - Sync 1 DAGs
[2026-05-21T06:51:45.674+0000] {logging_mixin.py:190} INFO - [2026-05-21T06:51:45.674+0000] {dag.py:4180} INFO - Setting next_dagrun for system_dag to 2026-05-20T00:00:00+00:00, run_after=2026-05-21T00:00:00+00:00
[2026-05-21T06:51:45.726+0000] {processor.py:208} INFO - Processing /opt/airflow/dags/system_dag.py took 0.290 seconds
[2026-05-21T06:52:17.515+0000] {processor.py:186} INFO - Started process (PID=143) to work on /opt/airflow/dags/system_dag.py
[2026-05-21T06:52:17.516+0000] {processor.py:914} INFO - Processing file /opt/airflow/dags/system_dag.py for tasks to queue
[2026-05-21T06:52:17.518+0000] {logging_mixin.py:190} INFO - [2026-05-21T06:52:17.518+0000] {dagbag.py:588} INFO - Filling up the DagBag from /opt/airflow/dags/system_dag.py
[2026-05-21T06:52:17.549+0000] {processor.py:925} INFO - DAG(s) 'system_dag' retrieved from /opt/airflow/dags/system_dag.py
[2026-05-21T06:52:17.603+0000] {logging_mixin.py:190} INFO - [2026-05-21T06:52:17.603+0000] {dag.py:3239} INFO - Sync 1 DAGs
[2026-05-21T06:52:17.660+0000] {logging_mixin.py:190} INFO - [2026-05-21T06:52:17.660+0000] {dag.py:4180} INFO - Setting next_dagrun for system_dag to 2026-05-20T00:00:00+00:00, run_after=2026-05-21T00:00:00+00:00
[2026-05-21T06:52:17.708+0000] {processor.py:208} INFO - Processing /opt/airflow/dags/system_dag.py took 0.202 seconds
[2026-05-21T06:52:50.050+0000] {processor.py:186} INFO - Started process (PID=147) to work on /opt/airflow/dags/system_dag.py
[2026-05-21T06:52:50.051+0000] {processor.py:914} INFO - Processing file /opt/airflow/dags/system_dag.py for tasks to queue
[2026-05-21T06:52:50.053+0000] {logging_mixin.py:190} INFO - [2026-05-21T06:52:50.053+0000] {dagbag.py:588} INFO - Filling up the DagBag from /opt/airflow/dags/system_dag.py
[2026-05-21T06:52:50.085+0000] {processor.py:925} INFO - DAG(s) 'system_dag' retrieved from /opt/airflow/dags/system_dag.py
[2026-05-21T06:52:50.160+0000] {logging_mixin.py:190} INFO - [2026-05-21T06:52:50.159+0000] {dag.py:3239} INFO - Sync 1 DAGs
[2026-05-21T06:52:50.208+0000] {logging_mixin.py:190} INFO - [2026-05-21T06:52:50.208+0000] {dag.py:4180} INFO - Setting next_dagrun for system_dag to 2026-05-20T00:00:00+00:00, run_after=2026-05-21T00:00:00+00:00
[2026-05-21T06:52:50.236+0000] {processor.py:208} INFO - Processing /opt/airflow/dags/system_dag.py took 0.197 seconds
[2026-05-21T06:53:24.779+0000] {processor.py:186} INFO - Started process (PID=151) to work on /opt/airflow/dags/system_dag.py
[2026-05-21T06:53:24.780+0000] {processor.py:914} INFO - Processing file /opt/airflow/dags/system_dag.py for tasks to queue
[2026-05-21T06:53:24.790+0000] {logging_mixin.py:190} INFO - [2026-05-21T06:53:24.789+0000] {dagbag.py:588} INFO - Filling up the DagBag from /opt/airflow/dags/system_dag.py
[2026-05-21T06:53:24.856+0000] {processor.py:925} INFO - DAG(s) 'system_dag' retrieved from /opt/airflow/dags/system_dag.py
[2026-05-21T06:53:24.982+0000] {logging_mixin.py:190} INFO - [2026-05-21T06:53:24.981+0000] {dag.py:3239} INFO - Sync 1 DAGs
[2026-05-21T06:53:25.106+0000] {logging_mixin.py:190} INFO - [2026-05-21T06:53:25.105+0000] {dag.py:4180} INFO - Setting next_dagrun for system_dag to 2026-05-20T00:00:00+00:00, run_after=2026-05-21T00:00:00+00:00
[2026-05-21T06:53:25.199+0000] {processor.py:208} INFO - Processing /opt/airflow/dags/system_dag.py took 0.440 seconds
[2026-05-21T06:53:56.247+0000] {processor.py:186} INFO - Started process (PID=155) to work on /opt/airflow/dags/system_dag.py
[2026-05-21T06:53:56.248+0000] {processor.py:914} INFO - Processing file /opt/airflow/dags/system_dag.py for tasks to queue
[2026-05-21T06:53:56.251+0000] {logging_mixin.py:190} INFO - [2026-05-21T06:53:56.250+0000] {dagbag.py:588} INFO - Filling up the DagBag from /opt/airflow/dags/system_dag.py
[2026-05-21T06:53:56.288+0000] {processor.py:925} INFO - DAG(s) 'system_dag' retrieved from /opt/airflow/dags/system_dag.py
[2026-05-21T06:53:56.366+0000] {logging_mixin.py:190} INFO - [2026-05-21T06:53:56.365+0000] {dag.py:3239} INFO - Sync 1 DAGs
[2026-05-21T06:53:56.445+0000] {logging_mixin.py:190} INFO - [2026-05-21T06:53:56.445+0000] {dag.py:4180} INFO - Setting next_dagrun for system_dag to 2026-05-20T00:00:00+00:00, run_after=2026-05-21T00:00:00+00:00
[2026-05-21T06:53:56.513+0000] {processor.py:208} INFO - Processing /opt/airflow/dags/system_dag.py took 0.282 seconds
[2026-05-21T06:54:27.864+0000] {processor.py:186} INFO - Started process (PID=159) to work on /opt/airflow/dags/system_dag.py
[2026-05-21T06:54:27.866+0000] {processor.py:914} INFO - Processing file /opt/airflow/dags/system_dag.py for tasks to queue
[2026-05-21T06:54:27.869+0000] {logging_mixin.py:190} INFO - [2026-05-21T06:54:27.868+0000] {dagbag.py:588} INFO - Filling up the DagBag from /opt/airflow/dags/system_dag.py
[2026-05-21T06:54:27.908+0000] {processor.py:925} INFO - DAG(s) 'system_dag' retrieved from /opt/airflow/dags/system_dag.py
[2026-05-21T06:54:28.007+0000] {logging_mixin.py:190} INFO - [2026-05-21T06:54:28.007+0000] {dag.py:3239} INFO - Sync 1 DAGs
[2026-05-21T06:54:28.092+0000] {logging_mixin.py:190} INFO - [2026-05-21T06:54:28.091+0000] {dag.py:4180} INFO - Setting next_dagrun for system_dag to 2026-05-20T00:00:00+00:00, run_after=2026-05-21T00:00:00+00:00
[2026-05-21T06:54:28.167+0000] {processor.py:208} INFO - Processing /opt/airflow/dags/system_dag.py took 0.312 seconds
[2026-05-21T06:55:00.286+0000] {processor.py:186} INFO - Started process (PID=163) to work on /opt/airflow/dags/system_dag.py
[2026-05-21T06:55:00.288+0000] {processor.py:914} INFO - Processing file /opt/airflow/dags/system_dag.py for tasks to queue
[2026-05-21T06:55:00.290+0000] {logging_mixin.py:190} INFO - [2026-05-21T06:55:00.290+0000] {dagbag.py:588} INFO - Filling up the DagBag from /opt/airflow/dags/system_dag.py
[2026-05-21T06:55:00.340+0000] {processor.py:925} INFO - DAG(s) 'system_dag' retrieved from /opt/airflow/dags/system_dag.py
[2026-05-21T06:55:00.438+0000] {logging_mixin.py:190} INFO - [2026-05-21T06:55:00.437+0000] {dag.py:3239} INFO - Sync 1 DAGs
[2026-05-21T06:55:00.545+0000] {logging_mixin.py:190} INFO - [2026-05-21T06:55:00.544+0000] {dag.py:4180} INFO - Setting next_dagrun for system_dag to 2026-05-20T00:00:00+00:00, run_after=2026-05-21T00:00:00+00:00
[2026-05-21T06:55:02.617+0000] {processor.py:208} INFO - Processing /opt/airflow/dags/system_dag.py took 2.347 seconds
[2026-05-21T06:55:33.503+0000] {processor.py:186} INFO - Started process (PID=167) to work on /opt/airflow/dags/system_dag.py
[2026-05-21T06:55:33.505+0000] {processor.py:914} INFO - Processing file /opt/airflow/dags/system_dag.py for tasks to queue
[2026-05-21T06:55:33.508+0000] {logging_mixin.py:190} INFO - [2026-05-21T06:55:33.507+0000] {dagbag.py:588} INFO - Filling up the DagBag from /opt/airflow/dags/system_dag.py
[2026-05-21T06:55:33.564+0000] {processor.py:925} INFO - DAG(s) 'system_dag' retrieved from /opt/airflow/dags/system_dag.py
[2026-05-21T06:55:33.776+0000] {logging_mixin.py:190} INFO - [2026-05-21T06:55:33.776+0000] {dag.py:3239} INFO - Sync 1 DAGs
[2026-05-21T06:55:33.900+0000] {logging_mixin.py:190} INFO - [2026-05-21T06:55:33.900+0000] {dag.py:4180} INFO - Setting next_dagrun for system_dag to 2026-05-20T00:00:00+00:00, run_after=2026-05-21T00:00:00+00:00
[2026-05-21T06:55:33.990+0000] {processor.py:208} INFO - Processing /opt/airflow/dags/system_dag.py took 0.503 seconds
[2026-05-21T06:56:05.719+0000] {processor.py:186} INFO - Started process (PID=171) to work on /opt/airflow/dags/system_dag.py
[2026-05-21T06:56:05.732+0000] {processor.py:914} INFO - Processing file /opt/airflow/dags/system_dag.py for tasks to queue
[2026-05-21T06:56:05.746+0000] {logging_mixin.py:190} INFO - [2026-05-21T06:56:05.745+0000] {dagbag.py:588} INFO - Filling up the DagBag from /opt/airflow/dags/system_dag.py
[2026-05-21T06:56:05.951+0000] {processor.py:925} INFO - DAG(s) 'system_dag' retrieved from /opt/airflow/dags/system_dag.py
[2026-05-21T06:56:06.304+0000] {logging_mixin.py:190} INFO - [2026-05-21T06:56:06.299+0000] {dag.py:3239} INFO - Sync 1 DAGs
[2026-05-21T06:56:06.447+0000] {logging_mixin.py:190} INFO - [2026-05-21T06:56:06.446+0000] {dag.py:4180} INFO - Setting next_dagrun for system_dag to 2026-05-20T00:00:00+00:00, run_after=2026-05-21T00:00:00+00:00
[2026-05-21T06:56:06.585+0000] {processor.py:208} INFO - Processing /opt/airflow/dags/system_dag.py took 0.892 seconds
[2026-05-21T06:56:39.863+0000] {processor.py:186} INFO - Started process (PID=175) to work on /opt/airflow/dags/system_dag.py
[2026-05-21T06:56:39.864+0000] {processor.py:914} INFO - Processing file /opt/airflow/dags/system_dag.py for tasks to queue
[2026-05-21T06:56:39.866+0000] {logging_mixin.py:190} INFO - [2026-05-21T06:56:39.866+0000] {dagbag.py:588} INFO - Filling up the DagBag from /opt/airflow/dags/system_dag.py
[2026-05-21T06:56:39.894+0000] {processor.py:925} INFO - DAG(s) 'system_dag' retrieved from /opt/airflow/dags/system_dag.py
[2026-05-21T06:56:39.944+0000] {logging_mixin.py:190} INFO - [2026-05-21T06:56:39.944+0000] {dag.py:3239} INFO - Sync 1 DAGs
[2026-05-21T06:56:39.999+0000] {logging_mixin.py:190} INFO - [2026-05-21T06:56:39.999+0000] {dag.py:4180} INFO - Setting next_dagrun for system_dag to 2026-05-20T00:00:00+00:00, run_after=2026-05-21T00:00:00+00:00
[2026-05-21T06:56:40.050+0000] {processor.py:208} INFO - Processing /opt/airflow/dags/system_dag.py took 0.200 seconds
[2026-05-21T06:57:10.607+0000] {processor.py:186} INFO - Started process (PID=179) to work on /opt/airflow/dags/system_dag.py
[2026-05-21T06:57:10.608+0000] {processor.py:914} INFO - Processing file /opt/airflow/dags/system_dag.py for tasks to queue
[2026-05-21T06:57:10.612+0000] {logging_mixin.py:190} INFO - [2026-05-21T06:57:10.612+0000] {dagbag.py:588} INFO - Filling up the DagBag from /opt/airflow/dags/system_dag.py
[2026-05-21T06:57:10.657+0000] {processor.py:925} INFO - DAG(s) 'system_dag' retrieved from /opt/airflow/dags/system_dag.py
[2026-05-21T06:57:10.740+0000] {logging_mixin.py:190} INFO - [2026-05-21T06:57:10.740+0000] {dag.py:3239} INFO - Sync 1 DAGs
[2026-05-21T06:57:10.832+0000] {logging_mixin.py:190} INFO - [2026-05-21T06:57:10.832+0000] {dag.py:4180} INFO - Setting next_dagrun for system_dag to 2026-05-20T00:00:00+00:00, run_after=2026-05-21T00:00:00+00:00
[2026-05-21T06:57:10.883+0000] {processor.py:208} INFO - Processing /opt/airflow/dags/system_dag.py took 0.288 seconds
[2026-05-21T06:57:43.472+0000] {processor.py:186} INFO - Started process (PID=183) to work on /opt/airflow/dags/system_dag.py
[2026-05-21T06:57:43.474+0000] {processor.py:914} INFO - Processing file /opt/airflow/dags/system_dag.py for tasks to queue
[2026-05-21T06:57:43.477+0000] {logging_mixin.py:190} INFO - [2026-05-21T06:57:43.477+0000] {dagbag.py:588} INFO - Filling up the DagBag from /opt/airflow/dags/system_dag.py
[2026-05-21T06:57:43.523+0000] {processor.py:925} INFO - DAG(s) 'system_dag' retrieved from /opt/airflow/dags/system_dag.py
[2026-05-21T06:57:43.590+0000] {logging_mixin.py:190} INFO - [2026-05-21T06:57:43.590+0000] {dag.py:3239} INFO - Sync 1 DAGs
[2026-05-21T06:57:43.665+0000] {logging_mixin.py:190} INFO - [2026-05-21T06:57:43.664+0000] {dag.py:4180} INFO - Setting next_dagrun for system_dag to 2026-05-20T00:00:00+00:00, run_after=2026-05-21T00:00:00+00:00
[2026-05-21T06:57:44.118+0000] {processor.py:208} INFO - Processing /opt/airflow/dags/system_dag.py took 0.658 seconds
[2026-05-21T06:58:16.368+0000] {processor.py:186} INFO - Started process (PID=187) to work on /opt/airflow/dags/system_dag.py
[2026-05-21T06:58:16.370+0000] {processor.py:914} INFO - Processing file /opt/airflow/dags/system_dag.py for tasks to queue
[2026-05-21T06:58:16.372+0000] {logging_mixin.py:190} INFO - [2026-05-21T06:58:16.372+0000] {dagbag.py:588} INFO - Filling up the DagBag from /opt/airflow/dags/system_dag.py
[2026-05-21T06:58:16.467+0000] {processor.py:925} INFO - DAG(s) 'system_dag' retrieved from /opt/airflow/dags/system_dag.py
[2026-05-21T06:58:16.618+0000] {logging_mixin.py:190} INFO - [2026-05-21T06:58:16.617+0000] {dag.py:3239} INFO - Sync 1 DAGs
[2026-05-21T06:58:16.702+0000] {logging_mixin.py:190} INFO - [2026-05-21T06:58:16.701+0000] {dag.py:4180} INFO - Setting next_dagrun for system_dag to 2026-05-20T00:00:00+00:00, run_after=2026-05-21T00:00:00+00:00
[2026-05-21T06:58:16.762+0000] {processor.py:208} INFO - Processing /opt/airflow/dags/system_dag.py took 0.413 seconds
[2026-05-21T06:58:47.832+0000] {processor.py:186} INFO - Started process (PID=191) to work on /opt/airflow/dags/system_dag.py
[2026-05-21T06:58:47.833+0000] {processor.py:914} INFO - Processing file /opt/airflow/dags/system_dag.py for tasks to queue
[2026-05-21T06:58:47.835+0000] {logging_mixin.py:190} INFO - [2026-05-21T06:58:47.835+0000] {dagbag.py:588} INFO - Filling up the DagBag from /opt/airflow/dags/system_dag.py
[2026-05-21T06:58:47.864+0000] {processor.py:925} INFO - DAG(s) 'system_dag' retrieved from /opt/airflow/dags/system_dag.py
[2026-05-21T06:58:47.923+0000] {logging_mixin.py:190} INFO - [2026-05-21T06:58:47.922+0000] {dag.py:3239} INFO - Sync 1 DAGs
[2026-05-21T06:58:48.026+0000] {logging_mixin.py:190} INFO - [2026-05-21T06:58:48.025+0000] {dag.py:4180} INFO - Setting next_dagrun for system_dag to 2026-05-20T00:00:00+00:00, run_after=2026-05-21T00:00:00+00:00
[2026-05-21T06:58:48.086+0000] {processor.py:208} INFO - Processing /opt/airflow/dags/system_dag.py took 0.264 seconds
[2026-05-21T06:59:20.410+0000] {processor.py:186} INFO - Started process (PID=195) to work on /opt/airflow/dags/system_dag.py
[2026-05-21T06:59:20.412+0000] {processor.py:914} INFO - Processing file /opt/airflow/dags/system_dag.py for tasks to queue
[2026-05-21T06:59:20.414+0000] {logging_mixin.py:190} INFO - [2026-05-21T06:59:20.414+0000] {dagbag.py:588} INFO - Filling up the DagBag from /opt/airflow/dags/system_dag.py
[2026-05-21T06:59:20.456+0000] {processor.py:925} INFO - DAG(s) 'system_dag' retrieved from /opt/airflow/dags/system_dag.py
[2026-05-21T06:59:20.539+0000] {logging_mixin.py:190} INFO - [2026-05-21T06:59:20.539+0000] {dag.py:3239} INFO - Sync 1 DAGs
[2026-05-21T06:59:20.605+0000] {logging_mixin.py:190} INFO - [2026-05-21T06:59:20.605+0000] {dag.py:4180} INFO - Setting next_dagrun for system_dag to 2026-05-20T00:00:00+00:00, run_after=2026-05-21T00:00:00+00:00
[2026-05-21T06:59:20.673+0000] {processor.py:208} INFO - Processing /opt/airflow/dags/system_dag.py took 0.275 seconds
[2026-05-21T06:59:53.550+0000] {processor.py:186} INFO - Started process (PID=199) to work on /opt/airflow/dags/system_dag.py
[2026-05-21T06:59:53.551+0000] {processor.py:914} INFO - Processing file /opt/airflow/dags/system_dag.py for tasks to queue
[2026-05-21T06:59:53.553+0000] {logging_mixin.py:190} INFO - [2026-05-21T06:59:53.552+0000] {dagbag.py:588} INFO - Filling up the DagBag from /opt/airflow/dags/system_dag.py
[2026-05-21T06:59:53.588+0000] {processor.py:925} INFO - DAG(s) 'system_dag' retrieved from /opt/airflow/dags/system_dag.py
[2026-05-21T06:59:53.665+0000] {logging_mixin.py:190} INFO - [2026-05-21T06:59:53.664+0000] {dag.py:3239} INFO - Sync 1 DAGs
[2026-05-21T06:59:53.731+0000] {logging_mixin.py:190} INFO - [2026-05-21T06:59:53.731+0000] {dag.py:4180} INFO - Setting next_dagrun for system_dag to 2026-05-20T00:00:00+00:00, run_after=2026-05-21T00:00:00+00:00
[2026-05-21T06:59:53.774+0000] {processor.py:208} INFO - Processing /opt/airflow/dags/system_dag.py took 0.234 seconds
[2026-05-21T07:00:26.123+0000] {processor.py:186} INFO - Started process (PID=203) to work on /opt/airflow/dags/system_dag.py
[2026-05-21T07:00:26.124+0000] {processor.py:914} INFO - Processing file /opt/airflow/dags/system_dag.py for tasks to queue
[2026-05-21T07:00:26.130+0000] {logging_mixin.py:190} INFO - [2026-05-21T07:00:26.128+0000] {dagbag.py:588} INFO - Filling up the DagBag from /opt/airflow/dags/system_dag.py
[2026-05-21T07:00:26.195+0000] {processor.py:925} INFO - DAG(s) 'system_dag' retrieved from /opt/airflow/dags/system_dag.py
[2026-05-21T07:00:26.292+0000] {logging_mixin.py:190} INFO - [2026-05-21T07:00:26.291+0000] {dag.py:3239} INFO - Sync 1 DAGs
[2026-05-21T07:00:26.390+0000] {logging_mixin.py:190} INFO - [2026-05-21T07:00:26.389+0000] {dag.py:4180} INFO - Setting next_dagrun for system_dag to 2026-05-20T00:00:00+00:00, run_after=2026-05-21T00:00:00+00:00
[2026-05-21T07:00:26.459+0000] {processor.py:208} INFO - Processing /opt/airflow/dags/system_dag.py took 0.358 seconds
[2026-05-21T07:00:58.756+0000] {processor.py:186} INFO - Started process (PID=207) to work on /opt/airflow/dags/system_dag.py
[2026-05-21T07:00:58.757+0000] {processor.py:914} INFO - Processing file /opt/airflow/dags/system_dag.py for tasks to queue
[2026-05-21T07:00:58.759+0000] {logging_mixin.py:190} INFO - [2026-05-21T07:00:58.759+0000] {dagbag.py:588} INFO - Filling up the DagBag from /opt/airflow/dags/system_dag.py
[2026-05-21T07:00:58.795+0000] {processor.py:925} INFO - DAG(s) 'system_dag' retrieved from /opt/airflow/dags/system_dag.py
[2026-05-21T07:00:58.855+0000] {logging_mixin.py:190} INFO - [2026-05-21T07:00:58.855+0000] {dag.py:3239} INFO - Sync 1 DAGs
[2026-05-21T07:00:58.898+0000] {logging_mixin.py:190} INFO - [2026-05-21T07:00:58.897+0000] {dag.py:4180} INFO - Setting next_dagrun for system_dag to 2026-05-20T00:00:00+00:00, run_after=2026-05-21T00:00:00+00:00
[2026-05-21T07:00:58.930+0000] {processor.py:208} INFO - Processing /opt/airflow/dags/system_dag.py took 0.182 seconds
[2026-05-21T07:01:31.271+0000] {processor.py:186} INFO - Started process (PID=211) to work on /opt/airflow/dags/system_dag.py
[2026-05-21T07:01:31.272+0000] {processor.py:914} INFO - Processing file /opt/airflow/dags/system_dag.py for tasks to queue
[2026-05-21T07:01:31.274+0000] {logging_mixin.py:190} INFO - [2026-05-21T07:01:31.273+0000] {dagbag.py:588} INFO - Filling up the DagBag from /opt/airflow/dags/system_dag.py
[2026-05-21T07:01:31.300+0000] {processor.py:925} INFO - DAG(s) 'system_dag' retrieved from /opt/airflow/dags/system_dag.py
[2026-05-21T07:01:31.350+0000] {logging_mixin.py:190} INFO - [2026-05-21T07:01:31.350+0000] {dag.py:3239} INFO - Sync 1 DAGs
[2026-05-21T07:01:31.388+0000] {logging_mixin.py:190} INFO - [2026-05-21T07:01:31.388+0000] {dag.py:4180} INFO - Setting next_dagrun for system_dag to 2026-05-20T00:00:00+00:00, run_after=2026-05-21T00:00:00+00:00
[2026-05-21T07:01:31.412+0000] {processor.py:208} INFO - Processing /opt/airflow/dags/system_dag.py took 0.149 seconds
[2026-05-21T07:02:03.846+0000] {processor.py:186} INFO - Started process (PID=215) to work on /opt/airflow/dags/system_dag.py
[2026-05-21T07:02:03.847+0000] {processor.py:914} INFO - Processing file /opt/airflow/dags/system_dag.py for tasks to queue
[2026-05-21T07:02:03.850+0000] {logging_mixin.py:190} INFO - [2026-05-21T07:02:03.850+0000] {dagbag.py:588} INFO - Filling up the DagBag from /opt/airflow/dags/system_dag.py
[2026-05-21T07:02:03.909+0000] {processor.py:925} INFO - DAG(s) 'system_dag' retrieved from /opt/airflow/dags/system_dag.py
[2026-05-21T07:02:03.998+0000] {logging_mixin.py:190} INFO - [2026-05-21T07:02:03.997+0000] {dag.py:3239} INFO - Sync 1 DAGs
[2026-05-21T07:02:04.097+0000] {logging_mixin.py:190} INFO - [2026-05-21T07:02:04.097+0000] {dag.py:4180} INFO - Setting next_dagrun for system_dag to 2026-05-20T00:00:00+00:00, run_after=2026-05-21T00:00:00+00:00
[2026-05-21T07:02:04.190+0000] {processor.py:208} INFO - Processing /opt/airflow/dags/system_dag.py took 0.360 seconds
[2026-05-21T07:02:35.675+0000] {processor.py:186} INFO - Started process (PID=219) to work on /opt/airflow/dags/system_dag.py
[2026-05-21T07:02:35.676+0000] {processor.py:914} INFO - Processing file /opt/airflow/dags/system_dag.py for tasks to queue
[2026-05-21T07:02:35.678+0000] {logging_mixin.py:190} INFO - [2026-05-21T07:02:35.677+0000] {dagbag.py:588} INFO - Filling up the DagBag from /opt/airflow/dags/system_dag.py
[2026-05-21T07:02:35.704+0000] {processor.py:925} INFO - DAG(s) 'system_dag' retrieved from /opt/airflow/dags/system_dag.py
[2026-05-21T07:02:35.757+0000] {logging_mixin.py:190} INFO - [2026-05-21T07:02:35.757+0000] {dag.py:3239} INFO - Sync 1 DAGs
[2026-05-21T07:02:35.800+0000] {logging_mixin.py:190} INFO - [2026-05-21T07:02:35.800+0000] {dag.py:4180} INFO - Setting next_dagrun for system_dag to 2026-05-20T00:00:00+00:00, run_after=2026-05-21T00:00:00+00:00
[2026-05-21T07:02:35.834+0000] {processor.py:208} INFO - Processing /opt/airflow/dags/system_dag.py took 0.167 seconds
[2026-05-21T07:03:08.020+0000] {processor.py:186} INFO - Started process (PID=223) to work on /opt/airflow/dags/system_dag.py
[2026-05-21T07:03:08.021+0000] {processor.py:914} INFO - Processing file /opt/airflow/dags/system_dag.py for tasks to queue
[2026-05-21T07:03:08.022+0000] {logging_mixin.py:190} INFO - [2026-05-21T07:03:08.022+0000] {dagbag.py:588} INFO - Filling up the DagBag from /opt/airflow/dags/system_dag.py
[2026-05-21T07:03:08.046+0000] {processor.py:925} INFO - DAG(s) 'system_dag' retrieved from /opt/airflow/dags/system_dag.py
[2026-05-21T07:03:08.096+0000] {logging_mixin.py:190} INFO - [2026-05-21T07:03:08.096+0000] {dag.py:3239} INFO - Sync 1 DAGs
[2026-05-21T07:03:08.145+0000] {logging_mixin.py:190} INFO - [2026-05-21T07:03:08.144+0000] {dag.py:4180} INFO - Setting next_dagrun for system_dag to 2026-05-20T00:00:00+00:00, run_after=2026-05-21T00:00:00+00:00
[2026-05-21T07:03:08.176+0000] {processor.py:208} INFO - Processing /opt/airflow/dags/system_dag.py took 0.164 seconds
[2026-05-21T07:03:40.681+0000] {processor.py:186} INFO - Started process (PID=227) to work on /opt/airflow/dags/system_dag.py
[2026-05-21T07:03:40.681+0000] {processor.py:914} INFO - Processing file /opt/airflow/dags/system_dag.py for tasks to queue
[2026-05-21T07:03:40.683+0000] {logging_mixin.py:190} INFO - [2026-05-21T07:03:40.683+0000] {dagbag.py:588} INFO - Filling up the DagBag from /opt/airflow/dags/system_dag.py
[2026-05-21T07:03:40.714+0000] {processor.py:925} INFO - DAG(s) 'system_dag' retrieved from /opt/airflow/dags/system_dag.py
[2026-05-21T07:03:40.781+0000] {logging_mixin.py:190} INFO - [2026-05-21T07:03:40.781+0000] {dag.py:3239} INFO - Sync 1 DAGs
[2026-05-21T07:03:40.828+0000] {logging_mixin.py:190} INFO - [2026-05-21T07:03:40.828+0000] {dag.py:4180} INFO - Setting next_dagrun for system_dag to 2026-05-20T00:00:00+00:00, run_after=2026-05-21T00:00:00+00:00
[2026-05-21T07:03:40.862+0000] {processor.py:208} INFO - Processing /opt/airflow/dags/system_dag.py took 0.192 seconds
[2026-05-21T07:04:14.227+0000] {processor.py:186} INFO - Started process (PID=231) to work on /opt/airflow/dags/system_dag.py
[2026-05-21T07:04:14.228+0000] {processor.py:914} INFO - Processing file /opt/airflow/dags/system_dag.py for tasks to queue
[2026-05-21T07:04:14.233+0000] {logging_mixin.py:190} INFO - [2026-05-21T07:04:14.232+0000] {dagbag.py:588} INFO - Filling up the DagBag from /opt/airflow/dags/system_dag.py
[2026-05-21T07:04:14.310+0000] {processor.py:925} INFO - DAG(s) 'system_dag' retrieved from /opt/airflow/dags/system_dag.py
[2026-05-21T07:04:14.443+0000] {logging_mixin.py:190} INFO - [2026-05-21T07:04:14.442+0000] {dag.py:3239} INFO - Sync 1 DAGs
[2026-05-21T07:04:14.508+0000] {logging_mixin.py:190} INFO - [2026-05-21T07:04:14.507+0000] {dag.py:4180} INFO - Setting next_dagrun for system_dag to 2026-05-20T00:00:00+00:00, run_after=2026-05-21T00:00:00+00:00
[2026-05-21T07:04:14.551+0000] {processor.py:208} INFO - Processing /opt/airflow/dags/system_dag.py took 0.347 seconds
[2026-05-21T07:04:45.904+0000] {processor.py:186} INFO - Started process (PID=235) to work on /opt/airflow/dags/system_dag.py
[2026-05-21T07:04:45.905+0000] {processor.py:914} INFO - Processing file /opt/airflow/dags/system_dag.py for tasks to queue
[2026-05-21T07:04:45.907+0000] {logging_mixin.py:190} INFO - [2026-05-21T07:04:45.907+0000] {dagbag.py:588} INFO - Filling up the DagBag from /opt/airflow/dags/system_dag.py
[2026-05-21T07:04:45.957+0000] {processor.py:925} INFO - DAG(s) 'system_dag' retrieved from /opt/airflow/dags/system_dag.py
[2026-05-21T07:04:46.023+0000] {logging_mixin.py:190} INFO - [2026-05-21T07:04:46.023+0000] {dag.py:3239} INFO - Sync 1 DAGs
[2026-05-21T07:04:46.066+0000] {logging_mixin.py:190} INFO - [2026-05-21T07:04:46.066+0000] {dag.py:4180} INFO - Setting next_dagrun for system_dag to 2026-05-20T00:00:00+00:00, run_after=2026-05-21T00:00:00+00:00
[2026-05-21T07:04:46.096+0000] {processor.py:208} INFO - Processing /opt/airflow/dags/system_dag.py took 0.203 seconds
[2026-05-21T07:05:19.524+0000] {processor.py:186} INFO - Started process (PID=239) to work on /opt/airflow/dags/system_dag.py
[2026-05-21T07:05:19.537+0000] {processor.py:914} INFO - Processing file /opt/airflow/dags/system_dag.py for tasks to queue
[2026-05-21T07:05:19.554+0000] {logging_mixin.py:190} INFO - [2026-05-21T07:05:19.553+0000] {dagbag.py:588} INFO - Filling up the DagBag from /opt/airflow/dags/system_dag.py
[2026-05-21T07:05:19.754+0000] {processor.py:925} INFO - DAG(s) 'system_dag' retrieved from /opt/airflow/dags/system_dag.py
[2026-05-21T07:05:20.858+0000] {logging_mixin.py:190} INFO - [2026-05-21T07:05:20.857+0000] {dag.py:3239} INFO - Sync 1 DAGs
[2026-05-21T07:05:21.054+0000] {logging_mixin.py:190} INFO - [2026-05-21T07:05:21.054+0000] {dag.py:4180} INFO - Setting next_dagrun for system_dag to 2026-05-20T00:00:00+00:00, run_after=2026-05-21T00:00:00+00:00
[2026-05-21T07:05:21.310+0000] {processor.py:208} INFO - Processing /opt/airflow/dags/system_dag.py took 1.811 seconds
[2026-05-21T07:05:51.613+0000] {processor.py:186} INFO - Started process (PID=243) to work on /opt/airflow/dags/system_dag.py
[2026-05-21T07:05:51.614+0000] {processor.py:914} INFO - Processing file /opt/airflow/dags/system_dag.py for tasks to queue
[2026-05-21T07:05:51.616+0000] {logging_mixin.py:190} INFO - [2026-05-21T07:05:51.616+0000] {dagbag.py:588} INFO - Filling up the DagBag from /opt/airflow/dags/system_dag.py
[2026-05-21T07:05:51.647+0000] {processor.py:925} INFO - DAG(s) 'system_dag' retrieved from /opt/airflow/dags/system_dag.py
[2026-05-21T07:05:51.718+0000] {logging_mixin.py:190} INFO - [2026-05-21T07:05:51.718+0000] {dag.py:3239} INFO - Sync 1 DAGs
[2026-05-21T07:05:51.770+0000] {logging_mixin.py:190} INFO - [2026-05-21T07:05:51.770+0000] {dag.py:4180} INFO - Setting next_dagrun for system_dag to 2026-05-20T00:00:00+00:00, run_after=2026-05-21T00:00:00+00:00
[2026-05-21T07:05:51.797+0000] {processor.py:208} INFO - Processing /opt/airflow/dags/system_dag.py took 0.192 seconds
[2026-05-21T07:06:23.458+0000] {processor.py:186} INFO - Started process (PID=247) to work on /opt/airflow/dags/system_dag.py
[2026-05-21T07:06:23.460+0000] {processor.py:914} INFO - Processing file /opt/airflow/dags/system_dag.py for tasks to queue
[2026-05-21T07:06:23.462+0000] {logging_mixin.py:190} INFO - [2026-05-21T07:06:23.462+0000] {dagbag.py:588} INFO - Filling up the DagBag from /opt/airflow/dags/system_dag.py
[2026-05-21T07:06:23.497+0000] {processor.py:925} INFO - DAG(s) 'system_dag' retrieved from /opt/airflow/dags/system_dag.py
[2026-05-21T07:06:23.572+0000] {logging_mixin.py:190} INFO - [2026-05-21T07:06:23.572+0000] {dag.py:3239} INFO - Sync 1 DAGs
[2026-05-21T07:06:23.621+0000] {logging_mixin.py:190} INFO - [2026-05-21T07:06:23.621+0000] {dag.py:4180} INFO - Setting next_dagrun for system_dag to 2026-05-20T00:00:00+00:00, run_after=2026-05-21T00:00:00+00:00
[2026-05-21T07:06:23.657+0000] {processor.py:208} INFO - Processing /opt/airflow/dags/system_dag.py took 0.209 seconds
[2026-05-21T07:06:56.368+0000] {processor.py:186} INFO - Started process (PID=251) to work on /opt/airflow/dags/system_dag.py
[2026-05-21T07:06:56.369+0000] {processor.py:914} INFO - Processing file /opt/airflow/dags/system_dag.py for tasks to queue
[2026-05-21T07:06:56.371+0000] {logging_mixin.py:190} INFO - [2026-05-21T07:06:56.371+0000] {dagbag.py:588} INFO - Filling up the DagBag from /opt/airflow/dags/system_dag.py
[2026-05-21T07:06:56.397+0000] {processor.py:925} INFO - DAG(s) 'system_dag' retrieved from /opt/airflow/dags/system_dag.py
[2026-05-21T07:06:56.439+0000] {logging_mixin.py:190} INFO - [2026-05-21T07:06:56.439+0000] {dag.py:3239} INFO - Sync 1 DAGs
[2026-05-21T07:06:56.476+0000] {logging_mixin.py:190} INFO - [2026-05-21T07:06:56.475+0000] {dag.py:4180} INFO - Setting next_dagrun for system_dag to 2026-05-20T00:00:00+00:00, run_after=2026-05-21T00:00:00+00:00
[2026-05-21T07:06:56.503+0000] {processor.py:208} INFO - Processing /opt/airflow/dags/system_dag.py took 0.142 seconds
[2026-05-21T07:07:28.712+0000] {processor.py:186} INFO - Started process (PID=255) to work on /opt/airflow/dags/system_dag.py
[2026-05-21T07:07:28.713+0000] {processor.py:914} INFO - Processing file /opt/airflow/dags/system_dag.py for tasks to queue
[2026-05-21T07:07:28.715+0000] {logging_mixin.py:190} INFO - [2026-05-21T07:07:28.715+0000] {dagbag.py:588} INFO - Filling up the DagBag from /opt/airflow/dags/system_dag.py
[2026-05-21T07:07:28.737+0000] {processor.py:925} INFO - DAG(s) 'system_dag' retrieved from /opt/airflow/dags/system_dag.py
[2026-05-21T07:07:28.779+0000] {logging_mixin.py:190} INFO - [2026-05-21T07:07:28.779+0000] {dag.py:3239} INFO - Sync 1 DAGs
[2026-05-21T07:07:28.821+0000] {logging_mixin.py:190} INFO - [2026-05-21T07:07:28.821+0000] {dag.py:4180} INFO - Setting next_dagrun for system_dag to 2026-05-20T00:00:00+00:00, run_after=2026-05-21T00:00:00+00:00
[2026-05-21T07:07:28.861+0000] {processor.py:208} INFO - Processing /opt/airflow/dags/system_dag.py took 0.156 seconds
[2026-05-21T07:08:02.039+0000] {processor.py:186} INFO - Started process (PID=259) to work on /opt/airflow/dags/system_dag.py
[2026-05-21T07:08:02.040+0000] {processor.py:914} INFO - Processing file /opt/airflow/dags/system_dag.py for tasks to queue
[2026-05-21T07:08:02.042+0000] {logging_mixin.py:190} INFO - [2026-05-21T07:08:02.042+0000] {dagbag.py:588} INFO - Filling up the DagBag from /opt/airflow/dags/system_dag.py
[2026-05-21T07:08:02.068+0000] {processor.py:925} INFO - DAG(s) 'system_dag' retrieved from /opt/airflow/dags/system_dag.py
[2026-05-21T07:08:02.110+0000] {logging_mixin.py:190} INFO - [2026-05-21T07:08:02.110+0000] {dag.py:3239} INFO - Sync 1 DAGs
[2026-05-21T07:08:02.144+0000] {logging_mixin.py:190} INFO - [2026-05-21T07:08:02.144+0000] {dag.py:4180} INFO - Setting next_dagrun for system_dag to 2026-05-20T00:00:00+00:00, run_after=2026-05-21T00:00:00+00:00
[2026-05-21T07:08:02.173+0000] {processor.py:208} INFO - Processing /opt/airflow/dags/system_dag.py took 0.145 seconds
