[2026-04-02T02:11:13.306+0000] {local_task_job_runner.py:123} INFO - ::group::Pre task execution logs
[2026-04-02T02:11:13.361+0000] {taskinstance.py:2614} INFO - Dependencies all met for dep_context=non-requeueable deps ti=<TaskInstance: crawl_etl_itjob.clean_silver scheduled__2026-03-30T02:00:00+00:00 [queued]>
[2026-04-02T02:11:13.373+0000] {taskinstance.py:2614} INFO - Dependencies all met for dep_context=requeueable deps ti=<TaskInstance: crawl_etl_itjob.clean_silver scheduled__2026-03-30T02:00:00+00:00 [queued]>
[2026-04-02T02:11:13.374+0000] {taskinstance.py:2867} INFO - Starting attempt 1 of 2
[2026-04-02T02:11:13.387+0000] {taskinstance.py:2890} INFO - Executing <Task(BashOperator): clean_silver> on 2026-03-30 02:00:00+00:00
[2026-04-02T02:11:13.392+0000] {standard_task_runner.py:72} INFO - Started process 70 to run task
[2026-04-02T02:11:13.396+0000] {standard_task_runner.py:104} INFO - Running: ['***', 'tasks', 'run', 'crawl_etl_itjob', 'clean_silver', 'scheduled__2026-03-30T02:00:00+00:00', '--job-id', '760', '--raw', '--subdir', 'DAGS_FOLDER/Crawl_ETL_ITJob.py', '--cfg-path', '/tmp/tmpspujlww_']
[2026-04-02T02:11:13.398+0000] {standard_task_runner.py:105} INFO - Job 760: Subtask clean_silver
[2026-04-02T02:11:13.426+0000] {warnings.py:109} WARNING - /home/***/.local/lib/python3.8/site-packages/***/settings.py:209: DeprecationWarning: The sql_alchemy_conn option in [core] has been moved to the sql_alchemy_conn option in [database] - the old setting has been used, but please update your config.
  SQL_ALCHEMY_CONN = conf.get("database", "SQL_ALCHEMY_CONN")

[2026-04-02T02:11:13.508+0000] {task_command.py:467} INFO - Running <TaskInstance: crawl_etl_itjob.clean_silver scheduled__2026-03-30T02:00:00+00:00 [running]> on host b48ab74ce2ed
[2026-04-02T02:11:13.509+0000] {warnings.py:109} WARNING - /home/***/.local/lib/python3.8/site-packages/***/settings.py:470: DeprecationWarning: The sql_alchemy_conn option in [core] has been moved to the sql_alchemy_conn option in [database] - the old setting has been used, but please update your config.
  if conf.get("database", "sql_alchemy_conn") == "none://":

[2026-04-02T02:11:13.705+0000] {taskinstance.py:3134} INFO - Exporting env vars: AIRFLOW_CTX_DAG_EMAIL='hoa856856@gmail.com' AIRFLOW_CTX_DAG_OWNER='***' AIRFLOW_CTX_DAG_ID='crawl_etl_itjob' AIRFLOW_CTX_TASK_ID='clean_silver' AIRFLOW_CTX_EXECUTION_DATE='2026-03-30T02:00:00+00:00' AIRFLOW_CTX_TRY_NUMBER='1' AIRFLOW_CTX_DAG_RUN_ID='scheduled__2026-03-30T02:00:00+00:00'
[2026-04-02T02:11:13.707+0000] {taskinstance.py:732} INFO - ::endgroup::
[2026-04-02T02:11:13.719+0000] {subprocess.py:78} INFO - Tmp dir root location: /tmp
[2026-04-02T02:11:13.721+0000] {subprocess.py:88} INFO - Running command: ['/bin/bash', '-c', "\n        docker exec spark-submit bash -c '\n        /opt/spark/bin/spark-submit         --master spark://spark-master:7077         --deploy-mode client         --packages org.apache.iceberg:iceberg-spark-runtime-3.5_2.12:1.5.0,org.apache.hadoop:hadoop-aws:3.3.4,com.amazonaws:aws-java-sdk-bundle:1.12.262         /opt/spark/scripts/Clean_Silver.py\n        '\n        "]
[2026-04-02T02:11:13.731+0000] {subprocess.py:99} INFO - Output:
[2026-04-02T02:11:13.832+0000] {subprocess.py:106} INFO - /opt/spark/bin/load-spark-env.sh: line 68: ps: command not found
[2026-04-02T02:11:15.487+0000] {subprocess.py:106} INFO - :: loading settings :: url = jar:file:/opt/spark/jars/ivy-2.5.1.jar!/org/apache/ivy/core/settings/ivysettings.xml
[2026-04-02T02:11:15.581+0000] {subprocess.py:106} INFO - Ivy Default Cache set to: /home/spark/.ivy2/cache
[2026-04-02T02:11:15.582+0000] {subprocess.py:106} INFO - The jars for the packages stored in: /home/spark/.ivy2/jars
[2026-04-02T02:11:15.586+0000] {subprocess.py:106} INFO - org.apache.iceberg#iceberg-spark-runtime-3.5_2.12 added as a dependency
[2026-04-02T02:11:15.587+0000] {subprocess.py:106} INFO - org.apache.hadoop#hadoop-aws added as a dependency
[2026-04-02T02:11:15.587+0000] {subprocess.py:106} INFO - com.amazonaws#aws-java-sdk-bundle added as a dependency
[2026-04-02T02:11:15.587+0000] {subprocess.py:106} INFO - :: resolving dependencies :: org.apache.spark#spark-submit-parent-c728b94b-9f2e-4447-8fe9-81c8abe658e7;1.0
[2026-04-02T02:11:15.588+0000] {subprocess.py:106} INFO - 	confs: [default]
[2026-04-02T02:11:15.716+0000] {subprocess.py:106} INFO - 	found org.apache.iceberg#iceberg-spark-runtime-3.5_2.12;1.5.0 in central
[2026-04-02T02:11:15.800+0000] {subprocess.py:106} INFO - 	found org.apache.hadoop#hadoop-aws;3.3.4 in central
[2026-04-02T02:11:15.824+0000] {subprocess.py:106} INFO - 	found com.amazonaws#aws-java-sdk-bundle;1.12.262 in central
[2026-04-02T02:11:15.848+0000] {subprocess.py:106} INFO - 	found org.wildfly.openssl#wildfly-openssl;1.0.7.Final in central
[2026-04-02T02:11:15.875+0000] {subprocess.py:106} INFO - :: resolution report :: resolve 276ms :: artifacts dl 11ms
[2026-04-02T02:11:15.876+0000] {subprocess.py:106} INFO - 	:: modules in use:
[2026-04-02T02:11:15.876+0000] {subprocess.py:106} INFO - 	com.amazonaws#aws-java-sdk-bundle;1.12.262 from central in [default]
[2026-04-02T02:11:15.877+0000] {subprocess.py:106} INFO - 	org.apache.hadoop#hadoop-aws;3.3.4 from central in [default]
[2026-04-02T02:11:15.878+0000] {subprocess.py:106} INFO - 	org.apache.iceberg#iceberg-spark-runtime-3.5_2.12;1.5.0 from central in [default]
[2026-04-02T02:11:15.878+0000] {subprocess.py:106} INFO - 	org.wildfly.openssl#wildfly-openssl;1.0.7.Final from central in [default]
[2026-04-02T02:11:15.879+0000] {subprocess.py:106} INFO - 	---------------------------------------------------------------------
[2026-04-02T02:11:15.879+0000] {subprocess.py:106} INFO - 	|                  |            modules            ||   artifacts   |
[2026-04-02T02:11:15.880+0000] {subprocess.py:106} INFO - 	|       conf       | number| search|dwnlded|evicted|| number|dwnlded|
[2026-04-02T02:11:15.881+0000] {subprocess.py:106} INFO - 	---------------------------------------------------------------------
[2026-04-02T02:11:15.881+0000] {subprocess.py:106} INFO - 	|      default     |   4   |   0   |   0   |   0   ||   4   |   0   |
[2026-04-02T02:11:15.882+0000] {subprocess.py:106} INFO - 	---------------------------------------------------------------------
[2026-04-02T02:11:15.883+0000] {subprocess.py:106} INFO - :: retrieving :: org.apache.spark#spark-submit-parent-c728b94b-9f2e-4447-8fe9-81c8abe658e7
[2026-04-02T02:11:15.884+0000] {subprocess.py:106} INFO - 	confs: [default]
[2026-04-02T02:11:15.892+0000] {subprocess.py:106} INFO - 	0 artifacts copied, 4 already retrieved (0kB/8ms)
[2026-04-02T02:11:16.147+0000] {subprocess.py:106} INFO - 26/04/02 02:11:16 WARN NativeCodeLoader: Unable to load native-hadoop library for your platform... using builtin-java classes where applicable
[2026-04-02T02:11:17.293+0000] {subprocess.py:106} INFO - 26/04/02 02:11:17 INFO SparkContext: Running Spark version 3.5.3
[2026-04-02T02:11:17.293+0000] {subprocess.py:106} INFO - 26/04/02 02:11:17 INFO SparkContext: OS info Linux, 6.6.87.2-microsoft-standard-WSL2, amd64
[2026-04-02T02:11:17.294+0000] {subprocess.py:106} INFO - 26/04/02 02:11:17 INFO SparkContext: Java version 11.0.30
[2026-04-02T02:11:17.321+0000] {subprocess.py:106} INFO - 26/04/02 02:11:17 INFO ResourceUtils: ==============================================================
[2026-04-02T02:11:17.321+0000] {subprocess.py:106} INFO - 26/04/02 02:11:17 INFO ResourceUtils: No custom resources configured for spark.driver.
[2026-04-02T02:11:17.322+0000] {subprocess.py:106} INFO - 26/04/02 02:11:17 INFO ResourceUtils: ==============================================================
[2026-04-02T02:11:17.323+0000] {subprocess.py:106} INFO - 26/04/02 02:11:17 INFO SparkContext: Submitted application: Silver_Etl_Cleaning_Merge
[2026-04-02T02:11:17.349+0000] {subprocess.py:106} INFO - 26/04/02 02:11:17 INFO ResourceProfile: Default ResourceProfile created, executor resources: Map(memory -> name: memory, amount: 1024, script: , vendor: , offHeap -> name: offHeap, amount: 0, script: , vendor: ), task resources: Map(cpus -> name: cpus, amount: 1.0)
[2026-04-02T02:11:17.361+0000] {subprocess.py:106} INFO - 26/04/02 02:11:17 INFO ResourceProfile: Limiting resource is cpu
[2026-04-02T02:11:17.362+0000] {subprocess.py:106} INFO - 26/04/02 02:11:17 INFO ResourceProfileManager: Added ResourceProfile id: 0
[2026-04-02T02:11:17.423+0000] {subprocess.py:106} INFO - 26/04/02 02:11:17 INFO SecurityManager: Changing view acls to: spark
[2026-04-02T02:11:17.424+0000] {subprocess.py:106} INFO - 26/04/02 02:11:17 INFO SecurityManager: Changing modify acls to: spark
[2026-04-02T02:11:17.424+0000] {subprocess.py:106} INFO - 26/04/02 02:11:17 INFO SecurityManager: Changing view acls groups to:
[2026-04-02T02:11:17.425+0000] {subprocess.py:106} INFO - 26/04/02 02:11:17 INFO SecurityManager: Changing modify acls groups to:
[2026-04-02T02:11:17.426+0000] {subprocess.py:106} INFO - 26/04/02 02:11:17 INFO SecurityManager: SecurityManager: authentication disabled; ui acls disabled; users with view permissions: spark; groups with view permissions: EMPTY; users with modify permissions: spark; groups with modify permissions: EMPTY
[2026-04-02T02:11:17.668+0000] {subprocess.py:106} INFO - 26/04/02 02:11:17 INFO Utils: Successfully started service 'sparkDriver' on port 40531.
[2026-04-02T02:11:17.692+0000] {subprocess.py:106} INFO - 26/04/02 02:11:17 INFO SparkEnv: Registering MapOutputTracker
[2026-04-02T02:11:17.725+0000] {subprocess.py:106} INFO - 26/04/02 02:11:17 INFO SparkEnv: Registering BlockManagerMaster
[2026-04-02T02:11:17.739+0000] {subprocess.py:106} INFO - 26/04/02 02:11:17 INFO BlockManagerMasterEndpoint: Using org.apache.spark.storage.DefaultTopologyMapper for getting topology information
[2026-04-02T02:11:17.740+0000] {subprocess.py:106} INFO - 26/04/02 02:11:17 INFO BlockManagerMasterEndpoint: BlockManagerMasterEndpoint up
[2026-04-02T02:11:17.744+0000] {subprocess.py:106} INFO - 26/04/02 02:11:17 INFO SparkEnv: Registering BlockManagerMasterHeartbeat
[2026-04-02T02:11:17.766+0000] {subprocess.py:106} INFO - 26/04/02 02:11:17 INFO DiskBlockManager: Created local directory at /tmp/blockmgr-7e534457-7c38-4493-b84d-d2a928cae7f0
[2026-04-02T02:11:17.781+0000] {subprocess.py:106} INFO - 26/04/02 02:11:17 INFO MemoryStore: MemoryStore started with capacity 434.4 MiB
[2026-04-02T02:11:17.797+0000] {subprocess.py:106} INFO - 26/04/02 02:11:17 INFO SparkEnv: Registering OutputCommitCoordinator
[2026-04-02T02:11:17.960+0000] {subprocess.py:106} INFO - 26/04/02 02:11:17 INFO JettyUtils: Start Jetty 0.0.0.0:4040 for SparkUI
[2026-04-02T02:11:18.012+0000] {subprocess.py:106} INFO - 26/04/02 02:11:18 INFO Utils: Successfully started service 'SparkUI' on port 4040.
[2026-04-02T02:11:18.050+0000] {subprocess.py:106} INFO - 26/04/02 02:11:18 INFO SparkContext: Added JAR file:///home/spark/.ivy2/jars/org.apache.iceberg_iceberg-spark-runtime-3.5_2.12-1.5.0.jar at spark://d0f687c55036:40531/jars/org.apache.iceberg_iceberg-spark-runtime-3.5_2.12-1.5.0.jar with timestamp 1775095877281
[2026-04-02T02:11:18.051+0000] {subprocess.py:106} INFO - 26/04/02 02:11:18 INFO SparkContext: Added JAR file:///home/spark/.ivy2/jars/org.apache.hadoop_hadoop-aws-3.3.4.jar at spark://d0f687c55036:40531/jars/org.apache.hadoop_hadoop-aws-3.3.4.jar with timestamp 1775095877281
[2026-04-02T02:11:18.051+0000] {subprocess.py:106} INFO - 26/04/02 02:11:18 INFO SparkContext: Added JAR file:///home/spark/.ivy2/jars/com.amazonaws_aws-java-sdk-bundle-1.12.262.jar at spark://d0f687c55036:40531/jars/com.amazonaws_aws-java-sdk-bundle-1.12.262.jar with timestamp 1775095877281
[2026-04-02T02:11:18.052+0000] {subprocess.py:106} INFO - 26/04/02 02:11:18 INFO SparkContext: Added JAR file:///home/spark/.ivy2/jars/org.wildfly.openssl_wildfly-openssl-1.0.7.Final.jar at spark://d0f687c55036:40531/jars/org.wildfly.openssl_wildfly-openssl-1.0.7.Final.jar with timestamp 1775095877281
[2026-04-02T02:11:18.058+0000] {subprocess.py:106} INFO - 26/04/02 02:11:18 INFO SparkContext: Added file file:///home/spark/.ivy2/jars/org.apache.iceberg_iceberg-spark-runtime-3.5_2.12-1.5.0.jar at spark://d0f687c55036:40531/files/org.apache.iceberg_iceberg-spark-runtime-3.5_2.12-1.5.0.jar with timestamp 1775095877281
[2026-04-02T02:11:18.060+0000] {subprocess.py:106} INFO - 26/04/02 02:11:18 INFO Utils: Copying /home/spark/.ivy2/jars/org.apache.iceberg_iceberg-spark-runtime-3.5_2.12-1.5.0.jar to /tmp/spark-b53260ef-12a6-4471-a2b2-b31e37be3d87/userFiles-34336fa6-a32f-4fac-91f4-e6043e44ee88/org.apache.iceberg_iceberg-spark-runtime-3.5_2.12-1.5.0.jar
[2026-04-02T02:11:18.100+0000] {subprocess.py:106} INFO - 26/04/02 02:11:18 INFO SparkContext: Added file file:///home/spark/.ivy2/jars/org.apache.hadoop_hadoop-aws-3.3.4.jar at spark://d0f687c55036:40531/files/org.apache.hadoop_hadoop-aws-3.3.4.jar with timestamp 1775095877281
[2026-04-02T02:11:18.101+0000] {subprocess.py:106} INFO - 26/04/02 02:11:18 INFO Utils: Copying /home/spark/.ivy2/jars/org.apache.hadoop_hadoop-aws-3.3.4.jar to /tmp/spark-b53260ef-12a6-4471-a2b2-b31e37be3d87/userFiles-34336fa6-a32f-4fac-91f4-e6043e44ee88/org.apache.hadoop_hadoop-aws-3.3.4.jar
[2026-04-02T02:11:18.104+0000] {subprocess.py:106} INFO - 26/04/02 02:11:18 INFO SparkContext: Added file file:///home/spark/.ivy2/jars/com.amazonaws_aws-java-sdk-bundle-1.12.262.jar at spark://d0f687c55036:40531/files/com.amazonaws_aws-java-sdk-bundle-1.12.262.jar with timestamp 1775095877281
[2026-04-02T02:11:18.105+0000] {subprocess.py:106} INFO - 26/04/02 02:11:18 INFO Utils: Copying /home/spark/.ivy2/jars/com.amazonaws_aws-java-sdk-bundle-1.12.262.jar to /tmp/spark-b53260ef-12a6-4471-a2b2-b31e37be3d87/userFiles-34336fa6-a32f-4fac-91f4-e6043e44ee88/com.amazonaws_aws-java-sdk-bundle-1.12.262.jar
[2026-04-02T02:11:18.305+0000] {subprocess.py:106} INFO - 26/04/02 02:11:18 INFO SparkContext: Added file file:///home/spark/.ivy2/jars/org.wildfly.openssl_wildfly-openssl-1.0.7.Final.jar at spark://d0f687c55036:40531/files/org.wildfly.openssl_wildfly-openssl-1.0.7.Final.jar with timestamp 1775095877281
[2026-04-02T02:11:18.306+0000] {subprocess.py:106} INFO - 26/04/02 02:11:18 INFO Utils: Copying /home/spark/.ivy2/jars/org.wildfly.openssl_wildfly-openssl-1.0.7.Final.jar to /tmp/spark-b53260ef-12a6-4471-a2b2-b31e37be3d87/userFiles-34336fa6-a32f-4fac-91f4-e6043e44ee88/org.wildfly.openssl_wildfly-openssl-1.0.7.Final.jar
[2026-04-02T02:11:18.383+0000] {subprocess.py:106} INFO - 26/04/02 02:11:18 INFO StandaloneAppClient$ClientEndpoint: Connecting to master spark://spark-master:7077...
[2026-04-02T02:11:18.417+0000] {subprocess.py:106} INFO - 26/04/02 02:11:18 INFO TransportClientFactory: Successfully created connection to spark-master/172.30.0.6:7077 after 19 ms (0 ms spent in bootstraps)
[2026-04-02T02:11:18.514+0000] {subprocess.py:106} INFO - 26/04/02 02:11:18 INFO StandaloneSchedulerBackend: Connected to Spark cluster with app ID app-20260402021118-0001
[2026-04-02T02:11:18.517+0000] {subprocess.py:106} INFO - 26/04/02 02:11:18 INFO StandaloneAppClient$ClientEndpoint: Executor added: app-20260402021118-0001/0 on worker-20260402015722-172.30.0.7-37641 (172.30.0.7:37641) with 8 core(s)
[2026-04-02T02:11:18.520+0000] {subprocess.py:106} INFO - 26/04/02 02:11:18 INFO StandaloneSchedulerBackend: Granted executor ID app-20260402021118-0001/0 on hostPort 172.30.0.7:37641 with 8 core(s), 1024.0 MiB RAM
[2026-04-02T02:11:18.527+0000] {subprocess.py:106} INFO - 26/04/02 02:11:18 INFO Utils: Successfully started service 'org.apache.spark.network.netty.NettyBlockTransferService' on port 36923.
[2026-04-02T02:11:18.528+0000] {subprocess.py:106} INFO - 26/04/02 02:11:18 INFO NettyBlockTransferService: Server created on d0f687c55036:36923
[2026-04-02T02:11:18.530+0000] {subprocess.py:106} INFO - 26/04/02 02:11:18 INFO BlockManager: Using org.apache.spark.storage.RandomBlockReplicationPolicy for block replication policy
[2026-04-02T02:11:18.536+0000] {subprocess.py:106} INFO - 26/04/02 02:11:18 INFO BlockManagerMaster: Registering BlockManager BlockManagerId(driver, d0f687c55036, 36923, None)
[2026-04-02T02:11:18.540+0000] {subprocess.py:106} INFO - 26/04/02 02:11:18 INFO BlockManagerMasterEndpoint: Registering block manager d0f687c55036:36923 with 434.4 MiB RAM, BlockManagerId(driver, d0f687c55036, 36923, None)
[2026-04-02T02:11:18.544+0000] {subprocess.py:106} INFO - 26/04/02 02:11:18 INFO BlockManagerMaster: Registered BlockManager BlockManagerId(driver, d0f687c55036, 36923, None)
[2026-04-02T02:11:18.546+0000] {subprocess.py:106} INFO - 26/04/02 02:11:18 INFO BlockManager: Initialized BlockManager: BlockManagerId(driver, d0f687c55036, 36923, None)
[2026-04-02T02:11:18.569+0000] {subprocess.py:106} INFO - 26/04/02 02:11:18 INFO StandaloneAppClient$ClientEndpoint: Executor updated: app-20260402021118-0001/0 is now RUNNING
[2026-04-02T02:11:18.800+0000] {subprocess.py:106} INFO - 26/04/02 02:11:18 INFO StandaloneSchedulerBackend: SchedulerBackend is ready for scheduling beginning after reached minRegisteredResourcesRatio: 0.0
[2026-04-02T02:11:19.112+0000] {subprocess.py:106} INFO - 26/04/02 02:11:19 INFO SharedState: Setting hive.metastore.warehouse.dir ('null') to the value of spark.sql.warehouse.dir.
[2026-04-02T02:11:19.115+0000] {subprocess.py:106} INFO - 26/04/02 02:11:19 INFO SharedState: Warehouse path is 'file:/opt/spark/spark-warehouse'.
[2026-04-02T02:11:21.395+0000] {subprocess.py:106} INFO - 26/04/02 02:11:21 INFO HiveConf: Found configuration file null
[2026-04-02T02:11:21.553+0000] {subprocess.py:106} INFO - 26/04/02 02:11:21 INFO metastore: Trying to connect to metastore with URI thrift://hive-metastore:9083
[2026-04-02T02:11:21.572+0000] {subprocess.py:106} INFO - 26/04/02 02:11:21 INFO metastore: Opened a connection to metastore, current connections: 1
[2026-04-02T02:11:21.597+0000] {subprocess.py:106} INFO - 26/04/02 02:11:21 INFO metastore: Connected to metastore.
[2026-04-02T02:11:21.728+0000] {subprocess.py:106} INFO - 26/04/02 02:11:21 INFO BaseMetastoreTableOperations: Refreshing table metadata from new version: s3a://warehouse/iceberg_data/silver.db/it_jobs_clean/metadata/00024-92d531fc-5b06-411c-92a7-e995705f4825.metadata.json
[2026-04-02T02:11:21.875+0000] {subprocess.py:106} INFO - 26/04/02 02:11:21 INFO StandaloneSchedulerBackend$StandaloneDriverEndpoint: Registered executor NettyRpcEndpointRef(spark-client://Executor) (172.30.0.7:34200) with ID 0,  ResourceProfileId 0
[2026-04-02T02:11:21.941+0000] {subprocess.py:106} INFO - 26/04/02 02:11:21 WARN MetricsConfig: Cannot locate configuration: tried hadoop-metrics2-s3a-file-system.properties,hadoop-metrics2.properties
[2026-04-02T02:11:21.959+0000] {subprocess.py:106} INFO - 26/04/02 02:11:21 INFO MetricsSystemImpl: Scheduled Metric snapshot period at 10 second(s).
[2026-04-02T02:11:21.960+0000] {subprocess.py:106} INFO - 26/04/02 02:11:21 INFO MetricsSystemImpl: s3a-file-system metrics system started
[2026-04-02T02:11:21.985+0000] {subprocess.py:106} INFO - 26/04/02 02:11:21 INFO BlockManagerMasterEndpoint: Registering block manager 172.30.0.7:36061 with 434.4 MiB RAM, BlockManagerId(0, 172.30.0.7, 36061, None)
[2026-04-02T02:11:23.800+0000] {subprocess.py:106} INFO - 26/04/02 02:11:23 INFO BaseMetastoreCatalog: Table loaded by catalog: iceberg.silver.it_jobs_clean
[2026-04-02T02:11:25.087+0000] {subprocess.py:106} INFO - 26/04/02 02:11:25 INFO SnapshotScan: Scanning table iceberg.silver.it_jobs_clean snapshot 1262114664216488227 created at 2026-03-30T08:23:07.356+00:00 with filter true
[2026-04-02T02:11:25.326+0000] {subprocess.py:106} INFO - 26/04/02 02:11:25 INFO BaseDistributedDataScan: Planning file tasks locally for table iceberg.silver.it_jobs_clean
[2026-04-02T02:11:25.645+0000] {subprocess.py:106} INFO - 26/04/02 02:11:25 INFO V2ScanRelationPushDown:
[2026-04-02T02:11:25.646+0000] {subprocess.py:106} INFO - Pushing operators to iceberg.silver.it_jobs_clean
[2026-04-02T02:11:25.646+0000] {subprocess.py:106} INFO - Pushed Aggregate Functions:
[2026-04-02T02:11:25.646+0000] {subprocess.py:106} INFO -  MAX(ingest_time)
[2026-04-02T02:11:25.647+0000] {subprocess.py:106} INFO - Pushed Group by:
[2026-04-02T02:11:25.652+0000] {subprocess.py:106} INFO - 
[2026-04-02T02:11:25.653+0000] {subprocess.py:106} INFO - 
[2026-04-02T02:11:26.763+0000] {subprocess.py:106} INFO - 26/04/02 02:11:26 INFO CodeGenerator: Code generated in 267.152723 ms
[2026-04-02T02:11:26.786+0000] {subprocess.py:106} INFO - 26/04/02 02:11:26 INFO CodeGenerator: Code generated in 11.740016 ms
[2026-04-02T02:11:26.902+0000] {subprocess.py:106} INFO - 26/04/02 02:11:26 INFO DAGScheduler: Registering RDD 2 (collect at /opt/spark/scripts/Clean_Silver.py:56) as input to shuffle 0
[2026-04-02T02:11:26.909+0000] {subprocess.py:106} INFO - 26/04/02 02:11:26 INFO DAGScheduler: Got map stage job 0 (collect at /opt/spark/scripts/Clean_Silver.py:56) with 1 output partitions
[2026-04-02T02:11:26.910+0000] {subprocess.py:106} INFO - 26/04/02 02:11:26 INFO DAGScheduler: Final stage: ShuffleMapStage 0 (collect at /opt/spark/scripts/Clean_Silver.py:56)
[2026-04-02T02:11:26.911+0000] {subprocess.py:106} INFO - 26/04/02 02:11:26 INFO DAGScheduler: Parents of final stage: List()
[2026-04-02T02:11:26.913+0000] {subprocess.py:106} INFO - 26/04/02 02:11:26 INFO DAGScheduler: Missing parents: List()
[2026-04-02T02:11:26.918+0000] {subprocess.py:106} INFO - 26/04/02 02:11:26 INFO DAGScheduler: Submitting ShuffleMapStage 0 (MapPartitionsRDD[2] at collect at /opt/spark/scripts/Clean_Silver.py:56), which has no missing parents
[2026-04-02T02:11:27.035+0000] {subprocess.py:106} INFO - 26/04/02 02:11:27 INFO MemoryStore: Block broadcast_0 stored as values in memory (estimated size 12.0 KiB, free 434.4 MiB)
[2026-04-02T02:11:27.075+0000] {subprocess.py:106} INFO - 26/04/02 02:11:27 INFO MemoryStore: Block broadcast_0_piece0 stored as bytes in memory (estimated size 6.0 KiB, free 434.4 MiB)
[2026-04-02T02:11:27.078+0000] {subprocess.py:106} INFO - 26/04/02 02:11:27 INFO BlockManagerInfo: Added broadcast_0_piece0 in memory on d0f687c55036:36923 (size: 6.0 KiB, free: 434.4 MiB)
[2026-04-02T02:11:27.091+0000] {subprocess.py:106} INFO - 26/04/02 02:11:27 INFO SparkContext: Created broadcast 0 from broadcast at DAGScheduler.scala:1585
[2026-04-02T02:11:27.112+0000] {subprocess.py:106} INFO - 26/04/02 02:11:27 INFO DAGScheduler: Submitting 1 missing tasks from ShuffleMapStage 0 (MapPartitionsRDD[2] at collect at /opt/spark/scripts/Clean_Silver.py:56) (first 15 tasks are for partitions Vector(0))
[2026-04-02T02:11:27.114+0000] {subprocess.py:106} INFO - 26/04/02 02:11:27 INFO TaskSchedulerImpl: Adding task set 0.0 with 1 tasks resource profile 0
[2026-04-02T02:11:27.147+0000] {subprocess.py:106} INFO - 26/04/02 02:11:27 INFO TaskSetManager: Starting task 0.0 in stage 0.0 (TID 0) (172.30.0.7, executor 0, partition 0, PROCESS_LOCAL, 10137 bytes)
[2026-04-02T02:11:27.402+0000] {subprocess.py:106} INFO - 26/04/02 02:11:27 INFO BlockManagerInfo: Added broadcast_0_piece0 in memory on 172.30.0.7:36061 (size: 6.0 KiB, free: 434.4 MiB)
[2026-04-02T02:11:28.226+0000] {subprocess.py:106} INFO - 26/04/02 02:11:28 INFO TaskSetManager: Finished task 0.0 in stage 0.0 (TID 0) in 1094 ms on 172.30.0.7 (executor 0) (1/1)
[2026-04-02T02:11:28.229+0000] {subprocess.py:106} INFO - 26/04/02 02:11:28 INFO TaskSchedulerImpl: Removed TaskSet 0.0, whose tasks have all completed, from pool
[2026-04-02T02:11:28.239+0000] {subprocess.py:106} INFO - 26/04/02 02:11:28 INFO DAGScheduler: ShuffleMapStage 0 (collect at /opt/spark/scripts/Clean_Silver.py:56) finished in 1.306 s
[2026-04-02T02:11:28.240+0000] {subprocess.py:106} INFO - 26/04/02 02:11:28 INFO DAGScheduler: looking for newly runnable stages
[2026-04-02T02:11:28.240+0000] {subprocess.py:106} INFO - 26/04/02 02:11:28 INFO DAGScheduler: running: Set()
[2026-04-02T02:11:28.241+0000] {subprocess.py:106} INFO - 26/04/02 02:11:28 INFO DAGScheduler: waiting: Set()
[2026-04-02T02:11:28.242+0000] {subprocess.py:106} INFO - 26/04/02 02:11:28 INFO DAGScheduler: failed: Set()
[2026-04-02T02:11:28.295+0000] {subprocess.py:106} INFO - 26/04/02 02:11:28 INFO CodeGenerator: Code generated in 12.31939 ms
[2026-04-02T02:11:28.341+0000] {subprocess.py:106} INFO - 26/04/02 02:11:28 INFO SparkContext: Starting job: collect at /opt/spark/scripts/Clean_Silver.py:56
[2026-04-02T02:11:28.345+0000] {subprocess.py:106} INFO - 26/04/02 02:11:28 INFO DAGScheduler: Got job 1 (collect at /opt/spark/scripts/Clean_Silver.py:56) with 1 output partitions
[2026-04-02T02:11:28.346+0000] {subprocess.py:106} INFO - 26/04/02 02:11:28 INFO DAGScheduler: Final stage: ResultStage 2 (collect at /opt/spark/scripts/Clean_Silver.py:56)
[2026-04-02T02:11:28.346+0000] {subprocess.py:106} INFO - 26/04/02 02:11:28 INFO DAGScheduler: Parents of final stage: List(ShuffleMapStage 1)
[2026-04-02T02:11:28.347+0000] {subprocess.py:106} INFO - 26/04/02 02:11:28 INFO DAGScheduler: Missing parents: List()
[2026-04-02T02:11:28.349+0000] {subprocess.py:106} INFO - 26/04/02 02:11:28 INFO DAGScheduler: Submitting ResultStage 2 (MapPartitionsRDD[5] at collect at /opt/spark/scripts/Clean_Silver.py:56), which has no missing parents
[2026-04-02T02:11:28.361+0000] {subprocess.py:106} INFO - 26/04/02 02:11:28 INFO MemoryStore: Block broadcast_1 stored as values in memory (estimated size 13.1 KiB, free 434.4 MiB)
[2026-04-02T02:11:28.371+0000] {subprocess.py:106} INFO - 26/04/02 02:11:28 INFO MemoryStore: Block broadcast_1_piece0 stored as bytes in memory (estimated size 6.1 KiB, free 434.4 MiB)
[2026-04-02T02:11:28.376+0000] {subprocess.py:106} INFO - 26/04/02 02:11:28 INFO BlockManagerInfo: Added broadcast_1_piece0 in memory on d0f687c55036:36923 (size: 6.1 KiB, free: 434.4 MiB)
[2026-04-02T02:11:28.377+0000] {subprocess.py:106} INFO - 26/04/02 02:11:28 INFO SparkContext: Created broadcast 1 from broadcast at DAGScheduler.scala:1585
[2026-04-02T02:11:28.378+0000] {subprocess.py:106} INFO - 26/04/02 02:11:28 INFO DAGScheduler: Submitting 1 missing tasks from ResultStage 2 (MapPartitionsRDD[5] at collect at /opt/spark/scripts/Clean_Silver.py:56) (first 15 tasks are for partitions Vector(0))
[2026-04-02T02:11:28.379+0000] {subprocess.py:106} INFO - 26/04/02 02:11:28 INFO TaskSchedulerImpl: Adding task set 2.0 with 1 tasks resource profile 0
[2026-04-02T02:11:28.384+0000] {subprocess.py:106} INFO - 26/04/02 02:11:28 INFO TaskSetManager: Starting task 0.0 in stage 2.0 (TID 1) (172.30.0.7, executor 0, partition 0, NODE_LOCAL, 9976 bytes)
[2026-04-02T02:11:28.426+0000] {subprocess.py:106} INFO - 26/04/02 02:11:28 INFO BlockManagerInfo: Removed broadcast_0_piece0 on 172.30.0.7:36061 in memory (size: 6.0 KiB, free: 434.4 MiB)
[2026-04-02T02:11:28.432+0000] {subprocess.py:106} INFO - 26/04/02 02:11:28 INFO BlockManagerInfo: Removed broadcast_0_piece0 on d0f687c55036:36923 in memory (size: 6.0 KiB, free: 434.4 MiB)
[2026-04-02T02:11:28.440+0000] {subprocess.py:106} INFO - 26/04/02 02:11:28 INFO BlockManagerInfo: Added broadcast_1_piece0 in memory on 172.30.0.7:36061 (size: 6.1 KiB, free: 434.4 MiB)
[2026-04-02T02:11:28.535+0000] {subprocess.py:106} INFO - 26/04/02 02:11:28 INFO MapOutputTrackerMasterEndpoint: Asked to send map output locations for shuffle 0 to 172.30.0.7:34200
[2026-04-02T02:11:28.839+0000] {subprocess.py:106} INFO - 26/04/02 02:11:28 INFO TaskSetManager: Finished task 0.0 in stage 2.0 (TID 1) in 451 ms on 172.30.0.7 (executor 0) (1/1)
[2026-04-02T02:11:28.841+0000] {subprocess.py:106} INFO - 26/04/02 02:11:28 INFO TaskSchedulerImpl: Removed TaskSet 2.0, whose tasks have all completed, from pool
[2026-04-02T02:11:28.843+0000] {subprocess.py:106} INFO - 26/04/02 02:11:28 INFO DAGScheduler: ResultStage 2 (collect at /opt/spark/scripts/Clean_Silver.py:56) finished in 0.480 s
[2026-04-02T02:11:28.846+0000] {subprocess.py:106} INFO - 26/04/02 02:11:28 INFO DAGScheduler: Job 1 is finished. Cancelling potential speculative or zombie tasks for this job
[2026-04-02T02:11:28.850+0000] {subprocess.py:106} INFO - 26/04/02 02:11:28 INFO TaskSchedulerImpl: Killing all running tasks in stage 2: Stage finished
[2026-04-02T02:11:28.856+0000] {subprocess.py:106} INFO - 26/04/02 02:11:28 INFO DAGScheduler: Job 1 finished: collect at /opt/spark/scripts/Clean_Silver.py:56, took 0.512127 s
[2026-04-02T02:11:29.243+0000] {subprocess.py:106} INFO - >>> Watermark (Last Processed Time): 2026-03-21 04:57:09.213115
[2026-04-02T02:11:29.281+0000] {subprocess.py:106} INFO - 26/04/02 02:11:29 INFO BaseMetastoreTableOperations: Refreshing table metadata from new version: s3a://warehouse/iceberg_data/bronze.db/it_jobs_raw/metadata/00025-bddbf8b5-2db9-4674-85d8-8ba59b4dc797.metadata.json
[2026-04-02T02:11:29.311+0000] {subprocess.py:106} INFO - 26/04/02 02:11:29 INFO BaseMetastoreCatalog: Table loaded by catalog: iceberg.bronze.it_jobs_raw
[2026-04-02T02:11:29.332+0000] {subprocess.py:106} INFO - >>> INCREMENTAL LOAD: Reading only new data...
[2026-04-02T02:11:29.658+0000] {subprocess.py:106} INFO - 26/04/02 02:11:29 INFO V2ScanRelationPushDown:
[2026-04-02T02:11:29.659+0000] {subprocess.py:106} INFO - Pushing operators to iceberg.bronze.it_jobs_raw
[2026-04-02T02:11:29.659+0000] {subprocess.py:106} INFO - Pushed Filters: ingest_time IS NOT NULL, ingest_time > 1774069029213115
[2026-04-02T02:11:29.659+0000] {subprocess.py:106} INFO - Post-Scan Filters: isnotnull(ingest_time#36),(ingest_time#36 > 2026-03-21 04:57:09.213115)
[2026-04-02T02:11:29.660+0000] {subprocess.py:106} INFO - 
[2026-04-02T02:11:29.693+0000] {subprocess.py:106} INFO - 26/04/02 02:11:29 INFO V2ScanRelationPushDown:
[2026-04-02T02:11:29.693+0000] {subprocess.py:106} INFO - Output: ingest_time#36
[2026-04-02T02:11:29.694+0000] {subprocess.py:106} INFO - 
[2026-04-02T02:11:29.705+0000] {subprocess.py:106} INFO - 26/04/02 02:11:29 INFO SnapshotScan: Scanning table iceberg.bronze.it_jobs_raw snapshot 507397020722033464 created at 2026-04-02T02:11:09.449+00:00 with filter (ingest_time IS NOT NULL AND ingest_time > (16-digit-int))
[2026-04-02T02:11:29.752+0000] {subprocess.py:106} INFO - 26/04/02 02:11:29 INFO BaseDistributedDataScan: Planning file tasks locally for table iceberg.bronze.it_jobs_raw
[2026-04-02T02:11:29.862+0000] {subprocess.py:106} INFO - 26/04/02 02:11:29 INFO BlockManagerInfo: Removed broadcast_1_piece0 on d0f687c55036:36923 in memory (size: 6.1 KiB, free: 434.4 MiB)
[2026-04-02T02:11:29.865+0000] {subprocess.py:106} INFO - 26/04/02 02:11:29 INFO BlockManagerInfo: Removed broadcast_1_piece0 on 172.30.0.7:36061 in memory (size: 6.1 KiB, free: 434.4 MiB)
[2026-04-02T02:11:29.936+0000] {subprocess.py:106} INFO - 26/04/02 02:11:29 INFO SparkPartitioningAwareScan: Reporting UnknownPartitioning with 2 partition(s) for table iceberg.bronze.it_jobs_raw
[2026-04-02T02:11:29.956+0000] {subprocess.py:106} INFO - 26/04/02 02:11:29 INFO MemoryStore: Block broadcast_2 stored as values in memory (estimated size 32.0 KiB, free 434.4 MiB)
[2026-04-02T02:11:29.979+0000] {subprocess.py:106} INFO - 26/04/02 02:11:29 INFO MemoryStore: Block broadcast_2_piece0 stored as bytes in memory (estimated size 30.3 KiB, free 434.3 MiB)
[2026-04-02T02:11:29.981+0000] {subprocess.py:106} INFO - 26/04/02 02:11:29 INFO BlockManagerInfo: Added broadcast_2_piece0 in memory on d0f687c55036:36923 (size: 30.3 KiB, free: 434.4 MiB)
[2026-04-02T02:11:29.983+0000] {subprocess.py:106} INFO - 26/04/02 02:11:29 INFO SparkContext: Created broadcast 2 from broadcast at SparkBatch.java:79
[2026-04-02T02:11:30.003+0000] {subprocess.py:106} INFO - 26/04/02 02:11:30 INFO MemoryStore: Block broadcast_3 stored as values in memory (estimated size 32.0 KiB, free 434.3 MiB)
[2026-04-02T02:11:30.008+0000] {subprocess.py:106} INFO - 26/04/02 02:11:30 INFO MemoryStore: Block broadcast_3_piece0 stored as bytes in memory (estimated size 30.2 KiB, free 434.3 MiB)
[2026-04-02T02:11:30.010+0000] {subprocess.py:106} INFO - 26/04/02 02:11:30 INFO BlockManagerInfo: Added broadcast_3_piece0 in memory on d0f687c55036:36923 (size: 30.2 KiB, free: 434.3 MiB)
[2026-04-02T02:11:30.025+0000] {subprocess.py:106} INFO - 26/04/02 02:11:30 INFO SparkContext: Created broadcast 3 from broadcast at SparkBatch.java:79
[2026-04-02T02:11:30.115+0000] {subprocess.py:106} INFO - 26/04/02 02:11:30 INFO CodeGenerator: Code generated in 21.311796 ms
[2026-04-02T02:11:30.136+0000] {subprocess.py:106} INFO - 26/04/02 02:11:30 INFO DAGScheduler: Registering RDD 9 (count at NativeMethodAccessorImpl.java:0) as input to shuffle 1
[2026-04-02T02:11:30.137+0000] {subprocess.py:106} INFO - 26/04/02 02:11:30 INFO DAGScheduler: Got map stage job 2 (count at NativeMethodAccessorImpl.java:0) with 2 output partitions
[2026-04-02T02:11:30.137+0000] {subprocess.py:106} INFO - 26/04/02 02:11:30 INFO DAGScheduler: Final stage: ShuffleMapStage 3 (count at NativeMethodAccessorImpl.java:0)
[2026-04-02T02:11:30.138+0000] {subprocess.py:106} INFO - 26/04/02 02:11:30 INFO DAGScheduler: Parents of final stage: List()
[2026-04-02T02:11:30.144+0000] {subprocess.py:106} INFO - 26/04/02 02:11:30 INFO DAGScheduler: Missing parents: List()
[2026-04-02T02:11:30.145+0000] {subprocess.py:106} INFO - 26/04/02 02:11:30 INFO DAGScheduler: Submitting ShuffleMapStage 3 (MapPartitionsRDD[9] at count at NativeMethodAccessorImpl.java:0), which has no missing parents
[2026-04-02T02:11:30.149+0000] {subprocess.py:106} INFO - 26/04/02 02:11:30 INFO MemoryStore: Block broadcast_4 stored as values in memory (estimated size 17.8 KiB, free 434.3 MiB)
[2026-04-02T02:11:30.164+0000] {subprocess.py:106} INFO - 26/04/02 02:11:30 INFO MemoryStore: Block broadcast_4_piece0 stored as bytes in memory (estimated size 7.6 KiB, free 434.3 MiB)
[2026-04-02T02:11:30.165+0000] {subprocess.py:106} INFO - 26/04/02 02:11:30 INFO BlockManagerInfo: Added broadcast_4_piece0 in memory on d0f687c55036:36923 (size: 7.6 KiB, free: 434.3 MiB)
[2026-04-02T02:11:30.166+0000] {subprocess.py:106} INFO - 26/04/02 02:11:30 INFO SparkContext: Created broadcast 4 from broadcast at DAGScheduler.scala:1585
[2026-04-02T02:11:30.167+0000] {subprocess.py:106} INFO - 26/04/02 02:11:30 INFO DAGScheduler: Submitting 2 missing tasks from ShuffleMapStage 3 (MapPartitionsRDD[9] at count at NativeMethodAccessorImpl.java:0) (first 15 tasks are for partitions Vector(0, 1))
[2026-04-02T02:11:30.167+0000] {subprocess.py:106} INFO - 26/04/02 02:11:30 INFO TaskSchedulerImpl: Adding task set 3.0 with 2 tasks resource profile 0
[2026-04-02T02:11:30.186+0000] {subprocess.py:106} INFO - 26/04/02 02:11:30 INFO TaskSetManager: Starting task 0.0 in stage 3.0 (TID 2) (172.30.0.7, executor 0, partition 0, PROCESS_LOCAL, 16748 bytes)
[2026-04-02T02:11:30.187+0000] {subprocess.py:106} INFO - 26/04/02 02:11:30 INFO TaskSetManager: Starting task 1.0 in stage 3.0 (TID 3) (172.30.0.7, executor 0, partition 1, PROCESS_LOCAL, 15828 bytes)
[2026-04-02T02:11:30.579+0000] {subprocess.py:106} INFO - 26/04/02 02:11:30 INFO BlockManagerInfo: Added broadcast_4_piece0 in memory on 172.30.0.7:36061 (size: 7.6 KiB, free: 434.4 MiB)
[2026-04-02T02:11:30.675+0000] {subprocess.py:106} INFO - 26/04/02 02:11:30 INFO BlockManagerInfo: Added broadcast_3_piece0 in memory on 172.30.0.7:36061 (size: 30.2 KiB, free: 434.4 MiB)
[2026-04-02T02:11:33.184+0000] {subprocess.py:106} INFO - 26/04/02 02:11:33 INFO TaskSetManager: Finished task 1.0 in stage 3.0 (TID 3) in 2998 ms on 172.30.0.7 (executor 0) (1/2)
[2026-04-02T02:11:33.302+0000] {subprocess.py:106} INFO - 26/04/02 02:11:33 INFO TaskSetManager: Finished task 0.0 in stage 3.0 (TID 2) in 3137 ms on 172.30.0.7 (executor 0) (2/2)
[2026-04-02T02:11:33.303+0000] {subprocess.py:106} INFO - 26/04/02 02:11:33 INFO TaskSchedulerImpl: Removed TaskSet 3.0, whose tasks have all completed, from pool
[2026-04-02T02:11:33.305+0000] {subprocess.py:106} INFO - 26/04/02 02:11:33 INFO DAGScheduler: ShuffleMapStage 3 (count at NativeMethodAccessorImpl.java:0) finished in 3.160 s
[2026-04-02T02:11:33.305+0000] {subprocess.py:106} INFO - 26/04/02 02:11:33 INFO DAGScheduler: looking for newly runnable stages
[2026-04-02T02:11:33.306+0000] {subprocess.py:106} INFO - 26/04/02 02:11:33 INFO DAGScheduler: running: Set()
[2026-04-02T02:11:33.306+0000] {subprocess.py:106} INFO - 26/04/02 02:11:33 INFO DAGScheduler: waiting: Set()
[2026-04-02T02:11:33.306+0000] {subprocess.py:106} INFO - 26/04/02 02:11:33 INFO DAGScheduler: failed: Set()
[2026-04-02T02:11:33.337+0000] {subprocess.py:106} INFO - 26/04/02 02:11:33 INFO CodeGenerator: Code generated in 14.83273 ms
[2026-04-02T02:11:33.350+0000] {subprocess.py:106} INFO - 26/04/02 02:11:33 INFO SparkContext: Starting job: count at NativeMethodAccessorImpl.java:0
[2026-04-02T02:11:33.352+0000] {subprocess.py:106} INFO - 26/04/02 02:11:33 INFO DAGScheduler: Got job 3 (count at NativeMethodAccessorImpl.java:0) with 1 output partitions
[2026-04-02T02:11:33.353+0000] {subprocess.py:106} INFO - 26/04/02 02:11:33 INFO DAGScheduler: Final stage: ResultStage 5 (count at NativeMethodAccessorImpl.java:0)
[2026-04-02T02:11:33.353+0000] {subprocess.py:106} INFO - 26/04/02 02:11:33 INFO DAGScheduler: Parents of final stage: List(ShuffleMapStage 4)
[2026-04-02T02:11:33.354+0000] {subprocess.py:106} INFO - 26/04/02 02:11:33 INFO DAGScheduler: Missing parents: List()
[2026-04-02T02:11:33.355+0000] {subprocess.py:106} INFO - 26/04/02 02:11:33 INFO DAGScheduler: Submitting ResultStage 5 (MapPartitionsRDD[12] at count at NativeMethodAccessorImpl.java:0), which has no missing parents
[2026-04-02T02:11:33.358+0000] {subprocess.py:106} INFO - 26/04/02 02:11:33 INFO MemoryStore: Block broadcast_5 stored as values in memory (estimated size 12.5 KiB, free 434.2 MiB)
[2026-04-02T02:11:33.367+0000] {subprocess.py:106} INFO - 26/04/02 02:11:33 INFO MemoryStore: Block broadcast_5_piece0 stored as bytes in memory (estimated size 5.9 KiB, free 434.2 MiB)
[2026-04-02T02:11:33.369+0000] {subprocess.py:106} INFO - 26/04/02 02:11:33 INFO BlockManagerInfo: Added broadcast_5_piece0 in memory on d0f687c55036:36923 (size: 5.9 KiB, free: 434.3 MiB)
[2026-04-02T02:11:33.373+0000] {subprocess.py:106} INFO - 26/04/02 02:11:33 INFO BlockManagerInfo: Removed broadcast_4_piece0 on d0f687c55036:36923 in memory (size: 7.6 KiB, free: 434.3 MiB)
[2026-04-02T02:11:33.374+0000] {subprocess.py:106} INFO - 26/04/02 02:11:33 INFO SparkContext: Created broadcast 5 from broadcast at DAGScheduler.scala:1585
[2026-04-02T02:11:33.377+0000] {subprocess.py:106} INFO - 26/04/02 02:11:33 INFO DAGScheduler: Submitting 1 missing tasks from ResultStage 5 (MapPartitionsRDD[12] at count at NativeMethodAccessorImpl.java:0) (first 15 tasks are for partitions Vector(0))
[2026-04-02T02:11:33.378+0000] {subprocess.py:106} INFO - 26/04/02 02:11:33 INFO TaskSchedulerImpl: Adding task set 5.0 with 1 tasks resource profile 0
[2026-04-02T02:11:33.381+0000] {subprocess.py:106} INFO - 26/04/02 02:11:33 INFO TaskSetManager: Starting task 0.0 in stage 5.0 (TID 4) (172.30.0.7, executor 0, partition 0, NODE_LOCAL, 9976 bytes)
[2026-04-02T02:11:33.382+0000] {subprocess.py:106} INFO - 26/04/02 02:11:33 INFO BlockManagerInfo: Removed broadcast_4_piece0 on 172.30.0.7:36061 in memory (size: 7.6 KiB, free: 434.4 MiB)
[2026-04-02T02:11:33.432+0000] {subprocess.py:106} INFO - 26/04/02 02:11:33 INFO BlockManagerInfo: Added broadcast_5_piece0 in memory on 172.30.0.7:36061 (size: 5.9 KiB, free: 434.4 MiB)
[2026-04-02T02:11:33.444+0000] {subprocess.py:106} INFO - 26/04/02 02:11:33 INFO MapOutputTrackerMasterEndpoint: Asked to send map output locations for shuffle 1 to 172.30.0.7:34200
[2026-04-02T02:11:33.488+0000] {subprocess.py:106} INFO - 26/04/02 02:11:33 INFO TaskSetManager: Finished task 0.0 in stage 5.0 (TID 4) in 105 ms on 172.30.0.7 (executor 0) (1/1)
[2026-04-02T02:11:33.489+0000] {subprocess.py:106} INFO - 26/04/02 02:11:33 INFO TaskSchedulerImpl: Removed TaskSet 5.0, whose tasks have all completed, from pool
[2026-04-02T02:11:33.493+0000] {subprocess.py:106} INFO - 26/04/02 02:11:33 INFO DAGScheduler: ResultStage 5 (count at NativeMethodAccessorImpl.java:0) finished in 0.128 s
[2026-04-02T02:11:33.497+0000] {subprocess.py:106} INFO - 26/04/02 02:11:33 INFO DAGScheduler: Job 3 is finished. Cancelling potential speculative or zombie tasks for this job
[2026-04-02T02:11:33.498+0000] {subprocess.py:106} INFO - 26/04/02 02:11:33 INFO TaskSchedulerImpl: Killing all running tasks in stage 5: Stage finished
[2026-04-02T02:11:33.498+0000] {subprocess.py:106} INFO - 26/04/02 02:11:33 INFO DAGScheduler: Job 3 finished: count at NativeMethodAccessorImpl.java:0, took 0.135436 s
[2026-04-02T02:11:33.499+0000] {subprocess.py:106} INFO - >>> Processing 5498 records...
[2026-04-02T02:11:33.796+0000] {subprocess.py:106} INFO - 26/04/02 02:11:33 INFO BlockManagerInfo: Removed broadcast_5_piece0 on d0f687c55036:36923 in memory (size: 5.9 KiB, free: 434.3 MiB)
[2026-04-02T02:11:33.800+0000] {subprocess.py:106} INFO - 26/04/02 02:11:33 INFO BlockManagerInfo: Removed broadcast_5_piece0 on 172.30.0.7:36061 in memory (size: 5.9 KiB, free: 434.4 MiB)
[2026-04-02T02:11:34.082+0000] {subprocess.py:106} INFO - >>> Writing cleaned data to Silver...
[2026-04-02T02:11:34.134+0000] {subprocess.py:106} INFO - >>> Table exists. Performing MERGE (Upsert)...
[2026-04-02T02:11:34.207+0000] {subprocess.py:106} INFO - 26/04/02 02:11:34 INFO BlockManagerInfo: Removed broadcast_2_piece0 on d0f687c55036:36923 in memory (size: 30.3 KiB, free: 434.4 MiB)
[2026-04-02T02:11:34.664+0000] {subprocess.py:106} INFO - 26/04/02 02:11:34 INFO V2ScanRelationPushDown:
[2026-04-02T02:11:34.665+0000] {subprocess.py:106} INFO - Pushing operators to iceberg.bronze.it_jobs_raw
[2026-04-02T02:11:34.665+0000] {subprocess.py:106} INFO - Pushed Filters: ingest_time IS NOT NULL, ingest_time > 1774069029213115, job_link IS NOT NULL, NOT (job_link = '')
[2026-04-02T02:11:34.666+0000] {subprocess.py:106} INFO - Post-Scan Filters: isnotnull(ingest_time#36),(ingest_time#36 > 2026-03-21 04:57:09.213115),isnotnull(trim(job_title#26, None)),NOT (trim(job_title#26, None) = ),isnotnull(upper(trim(company_name#27, None))),NOT (upper(trim(company_name#27, None)) = ),isnotnull(job_link#31),NOT (job_link#31 = )
[2026-04-02T02:11:34.666+0000] {subprocess.py:106} INFO - 
[2026-04-02T02:11:34.672+0000] {subprocess.py:106} INFO - 26/04/02 02:11:34 INFO V2ScanRelationPushDown:
[2026-04-02T02:11:34.673+0000] {subprocess.py:106} INFO - Output: job_title#26, company_name#27, location#28, skills_required#29, date_posted#30, job_link#31, job_category#32, work_mode#33, crawl_date#34, date_only#35, ingest_time#36, source#37
[2026-04-02T02:11:34.673+0000] {subprocess.py:106} INFO - 
[2026-04-02T02:11:34.688+0000] {subprocess.py:106} INFO - 26/04/02 02:11:34 INFO SnapshotScan: Scanning table iceberg.bronze.it_jobs_raw snapshot 507397020722033464 created at 2026-04-02T02:11:09.449+00:00 with filter (((ingest_time IS NOT NULL AND ingest_time > (16-digit-int)) AND job_link IS NOT NULL) AND NOT (job_link = (hash-00000000)))
[2026-04-02T02:11:34.696+0000] {subprocess.py:106} INFO - 26/04/02 02:11:34 INFO BaseDistributedDataScan: Planning file tasks locally for table iceberg.bronze.it_jobs_raw
[2026-04-02T02:11:34.838+0000] {subprocess.py:106} INFO - 26/04/02 02:11:34 INFO SparkPartitioningAwareScan: Reporting UnknownPartitioning with 2 partition(s) for table iceberg.bronze.it_jobs_raw
[2026-04-02T02:11:34.954+0000] {subprocess.py:106} INFO - 26/04/02 02:11:34 INFO GroupBasedRowLevelOperationScanPlanning:
[2026-04-02T02:11:34.955+0000] {subprocess.py:106} INFO - Pushing operators to iceberg.silver.it_jobs_clean
[2026-04-02T02:11:34.956+0000] {subprocess.py:106} INFO - Pushed filters:
[2026-04-02T02:11:34.957+0000] {subprocess.py:106} INFO - Filters evaluated on data source side:
[2026-04-02T02:11:34.957+0000] {subprocess.py:106} INFO - Filters evaluated on Spark side:
[2026-04-02T02:11:34.958+0000] {subprocess.py:106} INFO - Output: job_title#284, company_name#285, location#286, skills_required#287, date_posted#288, job_link#289, job_category#290, work_mode#291, crawl_date#292, date_only#293, ingest_time#294, source#295, clean_time#296, _file#299
[2026-04-02T02:11:34.959+0000] {subprocess.py:106} INFO - 
[2026-04-02T02:11:34.959+0000] {subprocess.py:106} INFO - 26/04/02 02:11:34 INFO V2ScanRelationPushDown:
[2026-04-02T02:11:34.960+0000] {subprocess.py:106} INFO - Pushing operators to iceberg.bronze.it_jobs_raw
[2026-04-02T02:11:34.961+0000] {subprocess.py:106} INFO - Pushed Filters: ingest_time IS NOT NULL, ingest_time > 1774069029213115, job_link IS NOT NULL, NOT (job_link = '')
[2026-04-02T02:11:34.962+0000] {subprocess.py:106} INFO - Post-Scan Filters: isnotnull(ingest_time#36),(ingest_time#36 > 2026-03-21 04:57:09.213115),isnotnull(trim(job_title#26, None)),NOT (trim(job_title#26, None) = ),isnotnull(upper(trim(company_name#27, None))),NOT (upper(trim(company_name#27, None)) = ),isnotnull(job_link#31),NOT (job_link#31 = )
[2026-04-02T02:11:34.963+0000] {subprocess.py:106} INFO - 
[2026-04-02T02:11:34.967+0000] {subprocess.py:106} INFO - 26/04/02 02:11:34 INFO V2ScanRelationPushDown:
[2026-04-02T02:11:34.968+0000] {subprocess.py:106} INFO - Output: job_title#26, company_name#27, location#28, skills_required#29, date_posted#30, job_link#31, job_category#32, work_mode#33, crawl_date#34, date_only#35, ingest_time#36, source#37
[2026-04-02T02:11:34.969+0000] {subprocess.py:106} INFO - 
[2026-04-02T02:11:34.970+0000] {subprocess.py:106} INFO - 26/04/02 02:11:34 INFO SnapshotScan: Scanning table iceberg.silver.it_jobs_clean snapshot 1262114664216488227 created at 2026-03-30T08:23:07.356+00:00 with filter true
[2026-04-02T02:11:35.006+0000] {subprocess.py:106} INFO - 26/04/02 02:11:35 INFO BlockManagerInfo: Removed broadcast_3_piece0 on d0f687c55036:36923 in memory (size: 30.2 KiB, free: 434.4 MiB)
[2026-04-02T02:11:35.014+0000] {subprocess.py:106} INFO - 26/04/02 02:11:35 INFO BlockManagerInfo: Removed broadcast_3_piece0 on 172.30.0.7:36061 in memory (size: 30.2 KiB, free: 434.4 MiB)
[2026-04-02T02:11:35.092+0000] {subprocess.py:106} INFO - 26/04/02 02:11:35 INFO SparkPartitioningAwareScan: Reporting UnknownPartitioning with 5 partition(s) for table iceberg.silver.it_jobs_clean
[2026-04-02T02:11:35.093+0000] {subprocess.py:106} INFO - 26/04/02 02:11:35 INFO SnapshotScan: Scanning table iceberg.bronze.it_jobs_raw snapshot 507397020722033464 created at 2026-04-02T02:11:09.449+00:00 with filter (((ingest_time IS NOT NULL AND ingest_time > (16-digit-int)) AND job_link IS NOT NULL) AND NOT (job_link = (hash-00000000)))
[2026-04-02T02:11:35.095+0000] {subprocess.py:106} INFO - 26/04/02 02:11:35 INFO BaseDistributedDataScan: Planning file tasks locally for table iceberg.bronze.it_jobs_raw
[2026-04-02T02:11:35.222+0000] {subprocess.py:106} INFO - 26/04/02 02:11:35 INFO SparkPartitioningAwareScan: Reporting UnknownPartitioning with 2 partition(s) for table iceberg.bronze.it_jobs_raw
[2026-04-02T02:11:35.251+0000] {subprocess.py:106} INFO - 26/04/02 02:11:35 INFO SparkWrite: Requesting 0 bytes advisory partition size for table iceberg.silver.it_jobs_clean
[2026-04-02T02:11:35.252+0000] {subprocess.py:106} INFO - 26/04/02 02:11:35 INFO SparkWrite: Requesting UnspecifiedDistribution as write distribution for table iceberg.silver.it_jobs_clean
[2026-04-02T02:11:35.252+0000] {subprocess.py:106} INFO - 26/04/02 02:11:35 INFO SparkWrite: Requesting [] as write ordering for table iceberg.silver.it_jobs_clean
[2026-04-02T02:11:35.339+0000] {subprocess.py:106} INFO - 26/04/02 02:11:35 INFO V2ScanRelationPushDown:
[2026-04-02T02:11:35.340+0000] {subprocess.py:106} INFO - Pushing operators to iceberg.silver.it_jobs_clean
[2026-04-02T02:11:35.341+0000] {subprocess.py:106} INFO - Pushed Filters: NOT (job_link = ''), job_link IS NOT NULL
[2026-04-02T02:11:35.341+0000] {subprocess.py:106} INFO - Post-Scan Filters: NOT (job_link#421 = ),isnotnull(job_link#421)
[2026-04-02T02:11:35.341+0000] {subprocess.py:106} INFO - 
[2026-04-02T02:11:35.343+0000] {subprocess.py:106} INFO - 26/04/02 02:11:35 INFO V2ScanRelationPushDown:
[2026-04-02T02:11:35.344+0000] {subprocess.py:106} INFO - Output: job_link#421, _file#429
[2026-04-02T02:11:35.345+0000] {subprocess.py:106} INFO - 
[2026-04-02T02:11:35.346+0000] {subprocess.py:106} INFO - 26/04/02 02:11:35 INFO SnapshotScan: Scanning table iceberg.silver.it_jobs_clean snapshot 1262114664216488227 created at 2026-03-30T08:23:07.356+00:00 with filter (NOT (job_link = (hash-00000000)) AND job_link IS NOT NULL)
[2026-04-02T02:11:35.347+0000] {subprocess.py:106} INFO - 26/04/02 02:11:35 INFO BaseDistributedDataScan: Planning file tasks locally for table iceberg.silver.it_jobs_clean
[2026-04-02T02:11:35.470+0000] {subprocess.py:106} INFO - 26/04/02 02:11:35 INFO SparkPartitioningAwareScan: Reporting UnknownPartitioning with 5 partition(s) for table iceberg.silver.it_jobs_clean
[2026-04-02T02:11:35.470+0000] {subprocess.py:106} INFO - 26/04/02 02:11:35 INFO SparkPartitioningAwareScan: Reporting UnknownPartitioning with 2 partition(s) for table iceberg.bronze.it_jobs_raw
[2026-04-02T02:11:35.620+0000] {subprocess.py:106} INFO - 26/04/02 02:11:35 INFO MemoryStore: Block broadcast_6 stored as values in memory (estimated size 32.0 KiB, free 434.4 MiB)
[2026-04-02T02:11:35.635+0000] {subprocess.py:106} INFO - 26/04/02 02:11:35 INFO MemoryStore: Block broadcast_6_piece0 stored as bytes in memory (estimated size 30.3 KiB, free 434.3 MiB)
[2026-04-02T02:11:35.638+0000] {subprocess.py:106} INFO - 26/04/02 02:11:35 INFO BlockManagerInfo: Added broadcast_6_piece0 in memory on d0f687c55036:36923 (size: 30.3 KiB, free: 434.4 MiB)
[2026-04-02T02:11:35.640+0000] {subprocess.py:106} INFO - 26/04/02 02:11:35 INFO SparkContext: Created broadcast 6 from broadcast at SparkBatch.java:79
[2026-04-02T02:11:35.658+0000] {subprocess.py:106} INFO - 26/04/02 02:11:35 INFO MemoryStore: Block broadcast_7 stored as values in memory (estimated size 32.0 KiB, free 434.3 MiB)
[2026-04-02T02:11:35.662+0000] {subprocess.py:106} INFO - 26/04/02 02:11:35 INFO MemoryStore: Block broadcast_7_piece0 stored as bytes in memory (estimated size 30.2 KiB, free 434.3 MiB)
[2026-04-02T02:11:35.664+0000] {subprocess.py:106} INFO - 26/04/02 02:11:35 INFO BlockManagerInfo: Added broadcast_7_piece0 in memory on d0f687c55036:36923 (size: 30.2 KiB, free: 434.3 MiB)
[2026-04-02T02:11:35.665+0000] {subprocess.py:106} INFO - 26/04/02 02:11:35 INFO SparkContext: Created broadcast 7 from broadcast at SparkBatch.java:79
[2026-04-02T02:11:35.698+0000] {subprocess.py:106} INFO - 26/04/02 02:11:35 INFO MemoryStore: Block broadcast_8 stored as values in memory (estimated size 32.0 KiB, free 434.2 MiB)
[2026-04-02T02:11:35.701+0000] {subprocess.py:106} INFO - 26/04/02 02:11:35 INFO MemoryStore: Block broadcast_8_piece0 stored as bytes in memory (estimated size 30.3 KiB, free 434.2 MiB)
[2026-04-02T02:11:35.703+0000] {subprocess.py:106} INFO - 26/04/02 02:11:35 INFO BlockManagerInfo: Added broadcast_8_piece0 in memory on d0f687c55036:36923 (size: 30.3 KiB, free: 434.3 MiB)
[2026-04-02T02:11:35.704+0000] {subprocess.py:106} INFO - 26/04/02 02:11:35 INFO SparkContext: Created broadcast 8 from broadcast at SparkBatch.java:79
[2026-04-02T02:11:35.709+0000] {subprocess.py:106} INFO - 26/04/02 02:11:35 INFO MemoryStore: Block broadcast_9 stored as values in memory (estimated size 32.0 KiB, free 434.2 MiB)
[2026-04-02T02:11:35.712+0000] {subprocess.py:106} INFO - 26/04/02 02:11:35 INFO MemoryStore: Block broadcast_9_piece0 stored as bytes in memory (estimated size 30.2 KiB, free 434.2 MiB)
[2026-04-02T02:11:35.714+0000] {subprocess.py:106} INFO - 26/04/02 02:11:35 INFO BlockManagerInfo: Added broadcast_9_piece0 in memory on d0f687c55036:36923 (size: 30.2 KiB, free: 434.3 MiB)
[2026-04-02T02:11:35.716+0000] {subprocess.py:106} INFO - 26/04/02 02:11:35 INFO SparkContext: Created broadcast 9 from broadcast at SparkBatch.java:79
[2026-04-02T02:11:35.740+0000] {subprocess.py:106} INFO - 26/04/02 02:11:35 INFO MemoryStore: Block broadcast_10 stored as values in memory (estimated size 32.0 KiB, free 434.1 MiB)
[2026-04-02T02:11:35.755+0000] {subprocess.py:106} INFO - 26/04/02 02:11:35 INFO MemoryStore: Block broadcast_10_piece0 stored as bytes in memory (estimated size 30.3 KiB, free 434.1 MiB)
[2026-04-02T02:11:35.758+0000] {subprocess.py:106} INFO - 26/04/02 02:11:35 INFO BlockManagerInfo: Added broadcast_10_piece0 in memory on d0f687c55036:36923 (size: 30.3 KiB, free: 434.3 MiB)
[2026-04-02T02:11:35.759+0000] {subprocess.py:106} INFO - 26/04/02 02:11:35 INFO SparkContext: Created broadcast 10 from broadcast at SparkBatch.java:79
[2026-04-02T02:11:35.765+0000] {subprocess.py:106} INFO - 26/04/02 02:11:35 INFO MemoryStore: Block broadcast_11 stored as values in memory (estimated size 32.0 KiB, free 434.1 MiB)
[2026-04-02T02:11:35.766+0000] {subprocess.py:106} INFO - 26/04/02 02:11:35 INFO MemoryStore: Block broadcast_11_piece0 stored as bytes in memory (estimated size 30.2 KiB, free 434.0 MiB)
[2026-04-02T02:11:35.767+0000] {subprocess.py:106} INFO - 26/04/02 02:11:35 INFO BlockManagerInfo: Added broadcast_11_piece0 in memory on d0f687c55036:36923 (size: 30.2 KiB, free: 434.2 MiB)
[2026-04-02T02:11:35.769+0000] {subprocess.py:106} INFO - 26/04/02 02:11:35 INFO SparkContext: Created broadcast 11 from broadcast at SparkBatch.java:79
[2026-04-02T02:11:35.954+0000] {subprocess.py:106} INFO - 26/04/02 02:11:35 INFO CodeGenerator: Code generated in 36.177456 ms
[2026-04-02T02:11:36.043+0000] {subprocess.py:106} INFO - 26/04/02 02:11:36 INFO CodeGenerator: Code generated in 79.349257 ms
[2026-04-02T02:11:36.114+0000] {subprocess.py:106} INFO - 26/04/02 02:11:36 INFO DAGScheduler: Registering RDD 16 ($anonfun$withThreadLocalCaptured$1 at FutureTask.java:264) as input to shuffle 2
[2026-04-02T02:11:36.115+0000] {subprocess.py:106} INFO - 26/04/02 02:11:36 INFO DAGScheduler: Got map stage job 4 ($anonfun$withThreadLocalCaptured$1 at FutureTask.java:264) with 2 output partitions
[2026-04-02T02:11:36.117+0000] {subprocess.py:106} INFO - 26/04/02 02:11:36 INFO DAGScheduler: Final stage: ShuffleMapStage 6 ($anonfun$withThreadLocalCaptured$1 at FutureTask.java:264)
[2026-04-02T02:11:36.117+0000] {subprocess.py:106} INFO - 26/04/02 02:11:36 INFO DAGScheduler: Parents of final stage: List()
[2026-04-02T02:11:36.118+0000] {subprocess.py:106} INFO - 26/04/02 02:11:36 INFO DAGScheduler: Missing parents: List()
[2026-04-02T02:11:36.119+0000] {subprocess.py:106} INFO - 26/04/02 02:11:36 INFO DAGScheduler: Submitting ShuffleMapStage 6 (MapPartitionsRDD[16] at $anonfun$withThreadLocalCaptured$1 at FutureTask.java:264), which has no missing parents
[2026-04-02T02:11:36.123+0000] {subprocess.py:106} INFO - 26/04/02 02:11:36 INFO MemoryStore: Block broadcast_12 stored as values in memory (estimated size 44.9 KiB, free 434.0 MiB)
[2026-04-02T02:11:36.142+0000] {subprocess.py:106} INFO - 26/04/02 02:11:36 INFO MemoryStore: Block broadcast_12_piece0 stored as bytes in memory (estimated size 18.7 KiB, free 434.0 MiB)
[2026-04-02T02:11:36.143+0000] {subprocess.py:106} INFO - 26/04/02 02:11:36 INFO BlockManagerInfo: Added broadcast_12_piece0 in memory on d0f687c55036:36923 (size: 18.7 KiB, free: 434.2 MiB)
[2026-04-02T02:11:36.144+0000] {subprocess.py:106} INFO - 26/04/02 02:11:36 INFO SparkContext: Created broadcast 12 from broadcast at DAGScheduler.scala:1585
[2026-04-02T02:11:36.145+0000] {subprocess.py:106} INFO - 26/04/02 02:11:36 INFO DAGScheduler: Submitting 2 missing tasks from ShuffleMapStage 6 (MapPartitionsRDD[16] at $anonfun$withThreadLocalCaptured$1 at FutureTask.java:264) (first 15 tasks are for partitions Vector(0, 1))
[2026-04-02T02:11:36.146+0000] {subprocess.py:106} INFO - 26/04/02 02:11:36 INFO TaskSchedulerImpl: Adding task set 6.0 with 2 tasks resource profile 0
[2026-04-02T02:11:36.151+0000] {subprocess.py:106} INFO - 26/04/02 02:11:36 INFO TaskSetManager: Starting task 0.0 in stage 6.0 (TID 5) (172.30.0.7, executor 0, partition 0, PROCESS_LOCAL, 17672 bytes)
[2026-04-02T02:11:36.155+0000] {subprocess.py:106} INFO - 26/04/02 02:11:36 INFO TaskSetManager: Starting task 1.0 in stage 6.0 (TID 6) (172.30.0.7, executor 0, partition 1, PROCESS_LOCAL, 16752 bytes)
[2026-04-02T02:11:36.185+0000] {subprocess.py:106} INFO - 26/04/02 02:11:36 INFO BlockManagerInfo: Added broadcast_12_piece0 in memory on 172.30.0.7:36061 (size: 18.7 KiB, free: 434.4 MiB)
[2026-04-02T02:11:36.710+0000] {subprocess.py:106} INFO - 26/04/02 02:11:36 INFO BlockManagerInfo: Added broadcast_9_piece0 in memory on 172.30.0.7:36061 (size: 30.2 KiB, free: 434.4 MiB)
[2026-04-02T02:11:36.940+0000] {subprocess.py:106} INFO - 26/04/02 02:11:36 INFO TaskSetManager: Finished task 1.0 in stage 6.0 (TID 6) in 784 ms on 172.30.0.7 (executor 0) (1/2)
[2026-04-02T02:11:38.035+0000] {subprocess.py:106} INFO - 26/04/02 02:11:38 INFO TaskSetManager: Finished task 0.0 in stage 6.0 (TID 5) in 1888 ms on 172.30.0.7 (executor 0) (2/2)
[2026-04-02T02:11:38.036+0000] {subprocess.py:106} INFO - 26/04/02 02:11:38 INFO TaskSchedulerImpl: Removed TaskSet 6.0, whose tasks have all completed, from pool
[2026-04-02T02:11:38.051+0000] {subprocess.py:106} INFO - 26/04/02 02:11:38 INFO DAGScheduler: ShuffleMapStage 6 ($anonfun$withThreadLocalCaptured$1 at FutureTask.java:264) finished in 1.923 s
[2026-04-02T02:11:38.059+0000] {subprocess.py:106} INFO - 26/04/02 02:11:38 INFO DAGScheduler: looking for newly runnable stages
[2026-04-02T02:11:38.062+0000] {subprocess.py:106} INFO - 26/04/02 02:11:38 INFO DAGScheduler: running: Set()
[2026-04-02T02:11:38.062+0000] {subprocess.py:106} INFO - 26/04/02 02:11:38 INFO DAGScheduler: waiting: Set()
[2026-04-02T02:11:38.063+0000] {subprocess.py:106} INFO - 26/04/02 02:11:38 INFO DAGScheduler: failed: Set()
[2026-04-02T02:11:38.064+0000] {subprocess.py:106} INFO - 26/04/02 02:11:38 INFO MemoryStore: Block broadcast_13 stored as values in memory (estimated size 40.0 B, free 434.0 MiB)
[2026-04-02T02:11:38.098+0000] {subprocess.py:106} INFO - 26/04/02 02:11:38 INFO MemoryStore: Block broadcast_13_piece0 stored as bytes in memory (estimated size 86.0 B, free 434.0 MiB)
[2026-04-02T02:11:38.101+0000] {subprocess.py:106} INFO - 26/04/02 02:11:38 INFO BlockManagerInfo: Added broadcast_13_piece0 in memory on d0f687c55036:36923 (size: 86.0 B, free: 434.2 MiB)
[2026-04-02T02:11:38.106+0000] {subprocess.py:106} INFO - 26/04/02 02:11:38 INFO SparkContext: Created broadcast 13 from sql at NativeMethodAccessorImpl.java:0
[2026-04-02T02:11:38.109+0000] {subprocess.py:106} INFO - 26/04/02 02:11:38 INFO BlockManagerInfo: Removed broadcast_12_piece0 on d0f687c55036:36923 in memory (size: 18.7 KiB, free: 434.2 MiB)
[2026-04-02T02:11:38.119+0000] {subprocess.py:106} INFO - 26/04/02 02:11:38 INFO BlockManagerInfo: Removed broadcast_12_piece0 on 172.30.0.7:36061 in memory (size: 18.7 KiB, free: 434.4 MiB)
[2026-04-02T02:11:40.552+0000] {subprocess.py:106} INFO - 26/04/02 02:11:40 INFO SparkCopyOnWriteScan: 0 of 20 task(s) for table iceberg.silver.it_jobs_clean matched runtime file filter with 0 location(s)
[2026-04-02T02:11:40.556+0000] {subprocess.py:106} INFO - 26/04/02 02:11:40 INFO MemoryStore: Block broadcast_14 stored as values in memory (estimated size 32.0 KiB, free 434.0 MiB)
[2026-04-02T02:11:40.562+0000] {subprocess.py:106} INFO - 26/04/02 02:11:40 INFO MemoryStore: Block broadcast_14_piece0 stored as bytes in memory (estimated size 30.3 KiB, free 434.0 MiB)
[2026-04-02T02:11:40.566+0000] {subprocess.py:106} INFO - 26/04/02 02:11:40 INFO BlockManagerInfo: Added broadcast_14_piece0 in memory on d0f687c55036:36923 (size: 30.3 KiB, free: 434.2 MiB)
[2026-04-02T02:11:40.567+0000] {subprocess.py:106} INFO - 26/04/02 02:11:40 INFO SparkContext: Created broadcast 14 from broadcast at SparkBatch.java:79
[2026-04-02T02:11:40.640+0000] {subprocess.py:106} INFO - 26/04/02 02:11:40 INFO CodeGenerator: Code generated in 21.231038 ms
[2026-04-02T02:11:40.712+0000] {subprocess.py:106} INFO - 26/04/02 02:11:40 INFO CodeGenerator: Code generated in 40.774371 ms
[2026-04-02T02:11:40.816+0000] {subprocess.py:106} INFO - 26/04/02 02:11:40 INFO DAGScheduler: Registering RDD 26 (sql at NativeMethodAccessorImpl.java:0) as input to shuffle 3
[2026-04-02T02:11:40.818+0000] {subprocess.py:106} INFO - 26/04/02 02:11:40 INFO DAGScheduler: Got map stage job 5 (sql at NativeMethodAccessorImpl.java:0) with 2 output partitions
[2026-04-02T02:11:40.819+0000] {subprocess.py:106} INFO - 26/04/02 02:11:40 INFO DAGScheduler: Final stage: ShuffleMapStage 7 (sql at NativeMethodAccessorImpl.java:0)
[2026-04-02T02:11:40.820+0000] {subprocess.py:106} INFO - 26/04/02 02:11:40 INFO DAGScheduler: Parents of final stage: List()
[2026-04-02T02:11:40.831+0000] {subprocess.py:106} INFO - 26/04/02 02:11:40 INFO DAGScheduler: Missing parents: List()
[2026-04-02T02:11:40.844+0000] {subprocess.py:106} INFO - 26/04/02 02:11:40 INFO DAGScheduler: Submitting ShuffleMapStage 7 (MapPartitionsRDD[26] at sql at NativeMethodAccessorImpl.java:0), which has no missing parents
[2026-04-02T02:11:40.894+0000] {subprocess.py:106} INFO - 26/04/02 02:11:40 INFO MemoryStore: Block broadcast_15 stored as values in memory (estimated size 59.0 KiB, free 433.9 MiB)
[2026-04-02T02:11:40.922+0000] {subprocess.py:106} INFO - 26/04/02 02:11:40 INFO MemoryStore: Block broadcast_15_piece0 stored as bytes in memory (estimated size 22.9 KiB, free 433.9 MiB)
[2026-04-02T02:11:40.925+0000] {subprocess.py:106} INFO - 26/04/02 02:11:40 INFO BlockManagerInfo: Added broadcast_15_piece0 in memory on d0f687c55036:36923 (size: 22.9 KiB, free: 434.2 MiB)
[2026-04-02T02:11:40.929+0000] {subprocess.py:106} INFO - 26/04/02 02:11:40 INFO SparkContext: Created broadcast 15 from broadcast at DAGScheduler.scala:1585
[2026-04-02T02:11:40.930+0000] {subprocess.py:106} INFO - 26/04/02 02:11:40 INFO DAGScheduler: Submitting 2 missing tasks from ShuffleMapStage 7 (MapPartitionsRDD[26] at sql at NativeMethodAccessorImpl.java:0) (first 15 tasks are for partitions Vector(0, 1))
[2026-04-02T02:11:40.932+0000] {subprocess.py:106} INFO - 26/04/02 02:11:40 INFO TaskSchedulerImpl: Adding task set 7.0 with 2 tasks resource profile 0
[2026-04-02T02:11:40.933+0000] {subprocess.py:106} INFO - 26/04/02 02:11:40 INFO BlockManagerInfo: Removed broadcast_14_piece0 on d0f687c55036:36923 in memory (size: 30.3 KiB, free: 434.2 MiB)
[2026-04-02T02:11:40.940+0000] {subprocess.py:106} INFO - 26/04/02 02:11:40 INFO TaskSetManager: Starting task 0.0 in stage 7.0 (TID 7) (172.30.0.7, executor 0, partition 0, PROCESS_LOCAL, 17672 bytes)
[2026-04-02T02:11:40.947+0000] {subprocess.py:106} INFO - 26/04/02 02:11:40 INFO TaskSetManager: Starting task 1.0 in stage 7.0 (TID 8) (172.30.0.7, executor 0, partition 1, PROCESS_LOCAL, 16752 bytes)
[2026-04-02T02:11:41.163+0000] {subprocess.py:106} INFO - 26/04/02 02:11:41 INFO BlockManagerInfo: Added broadcast_15_piece0 in memory on 172.30.0.7:36061 (size: 22.9 KiB, free: 434.3 MiB)
[2026-04-02T02:11:42.081+0000] {subprocess.py:106} INFO - 26/04/02 02:11:42 INFO BlockManagerInfo: Added broadcast_11_piece0 in memory on 172.30.0.7:36061 (size: 30.2 KiB, free: 434.3 MiB)
[2026-04-02T02:11:42.289+0000] {subprocess.py:106} INFO - 26/04/02 02:11:42 INFO TaskSetManager: Finished task 1.0 in stage 7.0 (TID 8) in 1347 ms on 172.30.0.7 (executor 0) (1/2)
[2026-04-02T02:11:42.480+0000] {subprocess.py:106} INFO - 26/04/02 02:11:42 INFO TaskSetManager: Finished task 0.0 in stage 7.0 (TID 7) in 1553 ms on 172.30.0.7 (executor 0) (2/2)
[2026-04-02T02:11:42.482+0000] {subprocess.py:106} INFO - 26/04/02 02:11:42 INFO TaskSchedulerImpl: Removed TaskSet 7.0, whose tasks have all completed, from pool
[2026-04-02T02:11:42.482+0000] {subprocess.py:106} INFO - 26/04/02 02:11:42 INFO DAGScheduler: ShuffleMapStage 7 (sql at NativeMethodAccessorImpl.java:0) finished in 1.644 s
[2026-04-02T02:11:42.483+0000] {subprocess.py:106} INFO - 26/04/02 02:11:42 INFO DAGScheduler: looking for newly runnable stages
[2026-04-02T02:11:42.483+0000] {subprocess.py:106} INFO - 26/04/02 02:11:42 INFO DAGScheduler: running: Set()
[2026-04-02T02:11:42.484+0000] {subprocess.py:106} INFO - 26/04/02 02:11:42 INFO DAGScheduler: waiting: Set()
[2026-04-02T02:11:42.485+0000] {subprocess.py:106} INFO - 26/04/02 02:11:42 INFO DAGScheduler: failed: Set()
[2026-04-02T02:11:42.507+0000] {subprocess.py:106} INFO - 26/04/02 02:11:42 INFO ShufflePartitionsUtil: For shuffle(3), advisory target size: 67108864, actual target size 1048576, minimum partition size: 1048576
[2026-04-02T02:11:42.545+0000] {subprocess.py:106} INFO - 26/04/02 02:11:42 WARN SparkStringUtils: Truncated the string representation of a plan since it was too large. This behavior can be adjusted by setting 'spark.sql.debug.maxToStringFields'.
[2026-04-02T02:11:42.570+0000] {subprocess.py:106} INFO - 26/04/02 02:11:42 INFO CodeGenerator: Code generated in 14.312736 ms
[2026-04-02T02:11:42.610+0000] {subprocess.py:106} INFO - 26/04/02 02:11:42 INFO CodeGenerator: Code generated in 23.158719 ms
[2026-04-02T02:11:42.623+0000] {subprocess.py:106} INFO - 26/04/02 02:11:42 INFO CodeGenerator: Code generated in 8.868123 ms
[2026-04-02T02:11:42.674+0000] {subprocess.py:106} INFO - 26/04/02 02:11:42 INFO MemoryStore: Block broadcast_16 stored as values in memory (estimated size 32.0 KiB, free 433.9 MiB)
[2026-04-02T02:11:42.690+0000] {subprocess.py:106} INFO - 26/04/02 02:11:42 INFO MemoryStore: Block broadcast_16_piece0 stored as bytes in memory (estimated size 30.3 KiB, free 433.9 MiB)
[2026-04-02T02:11:42.691+0000] {subprocess.py:106} INFO - 26/04/02 02:11:42 INFO BlockManagerInfo: Added broadcast_16_piece0 in memory on d0f687c55036:36923 (size: 30.3 KiB, free: 434.2 MiB)
[2026-04-02T02:11:42.696+0000] {subprocess.py:106} INFO - 26/04/02 02:11:42 INFO SparkContext: Created broadcast 16 from broadcast at SparkWrite.java:193
[2026-04-02T02:11:42.698+0000] {subprocess.py:106} INFO - 26/04/02 02:11:42 INFO ReplaceDataExec: Start processing data source write support: IcebergBatchWrite(table=iceberg.silver.it_jobs_clean, format=PARQUET). The input RDD has 1 partitions.
[2026-04-02T02:11:42.699+0000] {subprocess.py:106} INFO - 26/04/02 02:11:42 INFO BlockManagerInfo: Removed broadcast_15_piece0 on 172.30.0.7:36061 in memory (size: 22.9 KiB, free: 434.3 MiB)
[2026-04-02T02:11:42.699+0000] {subprocess.py:106} INFO - 26/04/02 02:11:42 INFO BlockManagerInfo: Removed broadcast_15_piece0 on d0f687c55036:36923 in memory (size: 22.9 KiB, free: 434.2 MiB)
[2026-04-02T02:11:42.709+0000] {subprocess.py:106} INFO - 26/04/02 02:11:42 INFO SparkContext: Starting job: sql at NativeMethodAccessorImpl.java:0
[2026-04-02T02:11:42.711+0000] {subprocess.py:106} INFO - 26/04/02 02:11:42 INFO DAGScheduler: Got job 6 (sql at NativeMethodAccessorImpl.java:0) with 1 output partitions
[2026-04-02T02:11:42.712+0000] {subprocess.py:106} INFO - 26/04/02 02:11:42 INFO DAGScheduler: Final stage: ResultStage 9 (sql at NativeMethodAccessorImpl.java:0)
[2026-04-02T02:11:42.714+0000] {subprocess.py:106} INFO - 26/04/02 02:11:42 INFO DAGScheduler: Parents of final stage: List(ShuffleMapStage 8)
[2026-04-02T02:11:42.717+0000] {subprocess.py:106} INFO - 26/04/02 02:11:42 INFO DAGScheduler: Missing parents: List()
[2026-04-02T02:11:42.719+0000] {subprocess.py:106} INFO - 26/04/02 02:11:42 INFO DAGScheduler: Submitting ResultStage 9 (MapPartitionsRDD[32] at sql at NativeMethodAccessorImpl.java:0), which has no missing parents
[2026-04-02T02:11:42.730+0000] {subprocess.py:106} INFO - 26/04/02 02:11:42 INFO MemoryStore: Block broadcast_17 stored as values in memory (estimated size 97.2 KiB, free 433.9 MiB)
[2026-04-02T02:11:42.733+0000] {subprocess.py:106} INFO - 26/04/02 02:11:42 INFO MemoryStore: Block broadcast_17_piece0 stored as bytes in memory (estimated size 33.5 KiB, free 433.8 MiB)
[2026-04-02T02:11:42.733+0000] {subprocess.py:106} INFO - 26/04/02 02:11:42 INFO BlockManagerInfo: Added broadcast_17_piece0 in memory on d0f687c55036:36923 (size: 33.5 KiB, free: 434.2 MiB)
[2026-04-02T02:11:42.734+0000] {subprocess.py:106} INFO - 26/04/02 02:11:42 INFO SparkContext: Created broadcast 17 from broadcast at DAGScheduler.scala:1585
[2026-04-02T02:11:42.735+0000] {subprocess.py:106} INFO - 26/04/02 02:11:42 INFO DAGScheduler: Submitting 1 missing tasks from ResultStage 9 (MapPartitionsRDD[32] at sql at NativeMethodAccessorImpl.java:0) (first 15 tasks are for partitions Vector(0))
[2026-04-02T02:11:42.735+0000] {subprocess.py:106} INFO - 26/04/02 02:11:42 INFO TaskSchedulerImpl: Adding task set 9.0 with 1 tasks resource profile 0
[2026-04-02T02:11:42.736+0000] {subprocess.py:106} INFO - 26/04/02 02:11:42 INFO TaskSetManager: Starting task 0.0 in stage 9.0 (TID 9) (172.30.0.7, executor 0, partition 0, PROCESS_LOCAL, 9976 bytes)
[2026-04-02T02:11:42.776+0000] {subprocess.py:106} INFO - 26/04/02 02:11:42 INFO BlockManagerInfo: Added broadcast_17_piece0 in memory on 172.30.0.7:36061 (size: 33.5 KiB, free: 434.3 MiB)
[2026-04-02T02:11:42.831+0000] {subprocess.py:106} INFO - 26/04/02 02:11:42 INFO MapOutputTrackerMasterEndpoint: Asked to send map output locations for shuffle 3 to 172.30.0.7:34200
[2026-04-02T02:11:43.047+0000] {subprocess.py:106} INFO - 26/04/02 02:11:43 INFO BlockManagerInfo: Added broadcast_16_piece0 in memory on 172.30.0.7:36061 (size: 30.3 KiB, free: 434.3 MiB)
[2026-04-02T02:11:43.322+0000] {subprocess.py:106} INFO - 26/04/02 02:11:43 INFO TaskSetManager: Finished task 0.0 in stage 9.0 (TID 9) in 590 ms on 172.30.0.7 (executor 0) (1/1)
[2026-04-02T02:11:43.323+0000] {subprocess.py:106} INFO - 26/04/02 02:11:43 INFO TaskSchedulerImpl: Removed TaskSet 9.0, whose tasks have all completed, from pool
[2026-04-02T02:11:43.325+0000] {subprocess.py:106} INFO - 26/04/02 02:11:43 INFO DAGScheduler: ResultStage 9 (sql at NativeMethodAccessorImpl.java:0) finished in 0.602 s
[2026-04-02T02:11:43.326+0000] {subprocess.py:106} INFO - 26/04/02 02:11:43 INFO DAGScheduler: Job 6 is finished. Cancelling potential speculative or zombie tasks for this job
[2026-04-02T02:11:43.326+0000] {subprocess.py:106} INFO - 26/04/02 02:11:43 INFO TaskSchedulerImpl: Killing all running tasks in stage 9: Stage finished
[2026-04-02T02:11:43.327+0000] {subprocess.py:106} INFO - 26/04/02 02:11:43 INFO DAGScheduler: Job 6 finished: sql at NativeMethodAccessorImpl.java:0, took 0.616211 s
[2026-04-02T02:11:43.328+0000] {subprocess.py:106} INFO - 26/04/02 02:11:43 INFO ReplaceDataExec: Data source write support IcebergBatchWrite(table=iceberg.silver.it_jobs_clean, format=PARQUET) is committing.
[2026-04-02T02:11:43.356+0000] {subprocess.py:106} INFO - 26/04/02 02:11:43 INFO SparkWrite: Committing overwrite of 0 data files with 0 new data files, scanSnapshotId: 1262114664216488227, conflictDetectionFilter: true to table iceberg.silver.it_jobs_clean
[2026-04-02T02:11:43.606+0000] {subprocess.py:106} INFO - 26/04/02 02:11:43 INFO BlockManagerInfo: Removed broadcast_17_piece0 on d0f687c55036:36923 in memory (size: 33.5 KiB, free: 434.2 MiB)
[2026-04-02T02:11:43.619+0000] {subprocess.py:106} INFO - 26/04/02 02:11:43 INFO BlockManagerInfo: Removed broadcast_17_piece0 on 172.30.0.7:36061 in memory (size: 33.5 KiB, free: 434.3 MiB)
[2026-04-02T02:11:43.997+0000] {subprocess.py:106} INFO - 26/04/02 02:11:43 INFO HiveTableOperations: Committed to table iceberg.silver.it_jobs_clean with the new metadata location s3a://warehouse/iceberg_data/silver.db/it_jobs_clean/metadata/00025-52194f6f-89ab-40aa-8ea3-3d09a22a9282.metadata.json
[2026-04-02T02:11:43.998+0000] {subprocess.py:106} INFO - 26/04/02 02:11:43 INFO BaseMetastoreTableOperations: Successfully committed to table iceberg.silver.it_jobs_clean in 291 ms
[2026-04-02T02:11:43.998+0000] {subprocess.py:106} INFO - 26/04/02 02:11:43 INFO SnapshotProducer: Committed snapshot 4662034248749691558 (BaseOverwriteFiles)
[2026-04-02T02:11:44.009+0000] {subprocess.py:106} INFO - 26/04/02 02:11:44 INFO BaseMetastoreTableOperations: Refreshing table metadata from new version: s3a://warehouse/iceberg_data/silver.db/it_jobs_clean/metadata/00025-52194f6f-89ab-40aa-8ea3-3d09a22a9282.metadata.json
[2026-04-02T02:11:44.075+0000] {subprocess.py:106} INFO - 26/04/02 02:11:44 INFO LoggingMetricsReporter: Received metrics report: CommitReport{tableName=iceberg.silver.it_jobs_clean, snapshotId=4662034248749691558, sequenceNumber=26, operation=overwrite, commitMetrics=CommitMetricsResult{totalDuration=TimerResult{timeUnit=NANOSECONDS, totalDuration=PT0.690604935S, count=1}, attempts=CounterResult{unit=COUNT, value=1}, addedDataFiles=null, removedDataFiles=null, totalDataFiles=CounterResult{unit=COUNT, value=20}, addedDeleteFiles=null, addedEqualityDeleteFiles=null, addedPositionalDeleteFiles=null, removedDeleteFiles=null, removedEqualityDeleteFiles=null, removedPositionalDeleteFiles=null, totalDeleteFiles=CounterResult{unit=COUNT, value=0}, addedRecords=null, removedRecords=null, totalRecords=CounterResult{unit=COUNT, value=9014}, addedFilesSizeInBytes=null, removedFilesSizeInBytes=null, totalFilesSizeInBytes=CounterResult{unit=BYTES, value=467314}, addedPositionalDeletes=null, removedPositionalDeletes=null, totalPositionalDeletes=CounterResult{unit=COUNT, value=0}, addedEqualityDeletes=null, removedEqualityDeletes=null, totalEqualityDeletes=CounterResult{unit=COUNT, value=0}}, metadata={engine-version=3.5.3, app-id=app-20260402021118-0001, engine-name=spark, iceberg-version=Apache Iceberg 1.6.1 (commit 8e9d59d299be42b0bca9461457cd1e95dbaad086)}}
[2026-04-02T02:11:44.075+0000] {subprocess.py:106} INFO - 26/04/02 02:11:44 INFO SparkWrite: Committed in 718 ms
[2026-04-02T02:11:44.076+0000] {subprocess.py:106} INFO - 26/04/02 02:11:44 INFO ReplaceDataExec: Data source write support IcebergBatchWrite(table=iceberg.silver.it_jobs_clean, format=PARQUET) committed.
[2026-04-02T02:11:44.079+0000] {subprocess.py:106} INFO - >>> SUCCESS: Data Merged (Upsert).
[2026-04-02T02:11:44.080+0000] {subprocess.py:106} INFO - 26/04/02 02:11:44 INFO SparkContext: SparkContext is stopping with exitCode 0.
[2026-04-02T02:11:44.096+0000] {subprocess.py:106} INFO - 26/04/02 02:11:44 INFO SparkUI: Stopped Spark web UI at http://d0f687c55036:4040
[2026-04-02T02:11:44.107+0000] {subprocess.py:106} INFO - 26/04/02 02:11:44 INFO StandaloneSchedulerBackend: Shutting down all executors
[2026-04-02T02:11:44.108+0000] {subprocess.py:106} INFO - 26/04/02 02:11:44 INFO StandaloneSchedulerBackend$StandaloneDriverEndpoint: Asking each executor to shut down
[2026-04-02T02:11:44.139+0000] {subprocess.py:106} INFO - 26/04/02 02:11:44 INFO MapOutputTrackerMasterEndpoint: MapOutputTrackerMasterEndpoint stopped!
[2026-04-02T02:11:44.159+0000] {subprocess.py:106} INFO - 26/04/02 02:11:44 INFO MemoryStore: MemoryStore cleared
[2026-04-02T02:11:44.163+0000] {subprocess.py:106} INFO - 26/04/02 02:11:44 INFO BlockManager: BlockManager stopped
[2026-04-02T02:11:44.165+0000] {subprocess.py:106} INFO - 26/04/02 02:11:44 INFO BlockManagerMaster: BlockManagerMaster stopped
[2026-04-02T02:11:44.169+0000] {subprocess.py:106} INFO - 26/04/02 02:11:44 INFO OutputCommitCoordinator$OutputCommitCoordinatorEndpoint: OutputCommitCoordinator stopped!
[2026-04-02T02:11:44.240+0000] {subprocess.py:106} INFO - 26/04/02 02:11:44 INFO SparkContext: Successfully stopped SparkContext
[2026-04-02T02:11:44.724+0000] {subprocess.py:106} INFO - 26/04/02 02:11:44 INFO ShutdownHookManager: Shutdown hook called
[2026-04-02T02:11:44.725+0000] {subprocess.py:106} INFO - 26/04/02 02:11:44 INFO ShutdownHookManager: Deleting directory /tmp/spark-d2fa7c12-368c-4ddc-8098-dfc6216ca0fd
[2026-04-02T02:11:44.727+0000] {subprocess.py:106} INFO - 26/04/02 02:11:44 INFO ShutdownHookManager: Deleting directory /tmp/spark-b53260ef-12a6-4471-a2b2-b31e37be3d87/pyspark-4f8b616d-8b32-45df-8f13-a041de1c4d3b
[2026-04-02T02:11:44.730+0000] {subprocess.py:106} INFO - 26/04/02 02:11:44 INFO ShutdownHookManager: Deleting directory /tmp/spark-b53260ef-12a6-4471-a2b2-b31e37be3d87
[2026-04-02T02:11:44.737+0000] {subprocess.py:106} INFO - 26/04/02 02:11:44 INFO MetricsSystemImpl: Stopping s3a-file-system metrics system...
[2026-04-02T02:11:44.738+0000] {subprocess.py:106} INFO - 26/04/02 02:11:44 INFO MetricsSystemImpl: s3a-file-system metrics system stopped.
[2026-04-02T02:11:44.739+0000] {subprocess.py:106} INFO - 26/04/02 02:11:44 INFO MetricsSystemImpl: s3a-file-system metrics system shutdown complete.
[2026-04-02T02:11:44.840+0000] {subprocess.py:110} INFO - Command exited with return code 0
[2026-04-02T02:11:44.899+0000] {taskinstance.py:341} INFO - ::group::Post task execution logs
[2026-04-02T02:11:44.899+0000] {taskinstance.py:353} INFO - Marking task as SUCCESS. dag_id=crawl_etl_itjob, task_id=clean_silver, run_id=scheduled__2026-03-30T02:00:00+00:00, execution_date=20260330T020000, start_date=20260402T021113, end_date=20260402T021144
[2026-04-02T02:11:45.006+0000] {local_task_job_runner.py:266} INFO - Task exited with return code 0
[2026-04-02T02:11:45.044+0000] {taskinstance.py:3901} INFO - 0 downstream tasks scheduled from follow-on schedule check
[2026-04-02T02:11:45.052+0000] {local_task_job_runner.py:245} INFO - ::endgroup::
