[2026-03-09T13:48:33.024+0000] {local_task_job_runner.py:123} INFO - ::group::Pre task execution logs
[2026-03-09T13:48:33.074+0000] {taskinstance.py:2614} INFO - Dependencies all met for dep_context=non-requeueable deps ti=<TaskInstance: crawl_etl_itjob.clean_silver scheduled__2026-03-08T02:00:00+00:00 [queued]>
[2026-03-09T13:48:33.089+0000] {taskinstance.py:2614} INFO - Dependencies all met for dep_context=requeueable deps ti=<TaskInstance: crawl_etl_itjob.clean_silver scheduled__2026-03-08T02:00:00+00:00 [queued]>
[2026-03-09T13:48:33.089+0000] {taskinstance.py:2867} INFO - Starting attempt 1 of 2
[2026-03-09T13:48:33.106+0000] {taskinstance.py:2890} INFO - Executing <Task(BashOperator): clean_silver> on 2026-03-08 02:00:00+00:00
[2026-03-09T13:48:33.112+0000] {standard_task_runner.py:72} INFO - Started process 129 to run task
[2026-03-09T13:48:33.117+0000] {standard_task_runner.py:104} INFO - Running: ['***', 'tasks', 'run', 'crawl_etl_itjob', 'clean_silver', 'scheduled__2026-03-08T02:00:00+00:00', '--job-id', '630', '--raw', '--subdir', 'DAGS_FOLDER/Crawl_ETL_ITJob.py', '--cfg-path', '/tmp/tmpnr6idd8s']
[2026-03-09T13:48:33.119+0000] {standard_task_runner.py:105} INFO - Job 630: Subtask clean_silver
[2026-03-09T13:48:33.154+0000] {warnings.py:109} WARNING - /home/***/.local/lib/python3.8/site-packages/***/settings.py:209: DeprecationWarning: The sql_alchemy_conn option in [core] has been moved to the sql_alchemy_conn option in [database] - the old setting has been used, but please update your config.
  SQL_ALCHEMY_CONN = conf.get("database", "SQL_ALCHEMY_CONN")

[2026-03-09T13:48:33.258+0000] {task_command.py:467} INFO - Running <TaskInstance: crawl_etl_itjob.clean_silver scheduled__2026-03-08T02:00:00+00:00 [running]> on host 19d569223134
[2026-03-09T13:48:33.259+0000] {warnings.py:109} WARNING - /home/***/.local/lib/python3.8/site-packages/***/settings.py:470: DeprecationWarning: The sql_alchemy_conn option in [core] has been moved to the sql_alchemy_conn option in [database] - the old setting has been used, but please update your config.
  if conf.get("database", "sql_alchemy_conn") == "none://":

[2026-03-09T13:48:33.385+0000] {taskinstance.py:3134} INFO - Exporting env vars: AIRFLOW_CTX_DAG_EMAIL='hoa856856@gmail.com' AIRFLOW_CTX_DAG_OWNER='***' AIRFLOW_CTX_DAG_ID='crawl_etl_itjob' AIRFLOW_CTX_TASK_ID='clean_silver' AIRFLOW_CTX_EXECUTION_DATE='2026-03-08T02:00:00+00:00' AIRFLOW_CTX_TRY_NUMBER='1' AIRFLOW_CTX_DAG_RUN_ID='scheduled__2026-03-08T02:00:00+00:00'
[2026-03-09T13:48:33.386+0000] {taskinstance.py:732} INFO - ::endgroup::
[2026-03-09T13:48:33.405+0000] {subprocess.py:78} INFO - Tmp dir root location: /tmp
[2026-03-09T13:48:33.406+0000] {subprocess.py:88} INFO - Running command: ['/bin/bash', '-c', "\n        docker exec spark-submit bash -c '\n        /opt/spark/bin/spark-submit         --master spark://spark-master:7077         --deploy-mode client         --packages org.apache.iceberg:iceberg-spark-runtime-3.5_2.12:1.5.0,org.apache.hadoop:hadoop-aws:3.3.4,com.amazonaws:aws-java-sdk-bundle:1.12.262         /opt/spark/scripts/Clean_Silver.py\n        '\n        "]
[2026-03-09T13:48:33.421+0000] {subprocess.py:99} INFO - Output:
[2026-03-09T13:48:35.363+0000] {subprocess.py:106} INFO - :: loading settings :: url = jar:file:/opt/spark/jars/ivy-2.5.1.jar!/org/apache/ivy/core/settings/ivysettings.xml
[2026-03-09T13:48:35.491+0000] {subprocess.py:106} INFO - Ivy Default Cache set to: /home/spark/.ivy2/cache
[2026-03-09T13:48:35.492+0000] {subprocess.py:106} INFO - The jars for the packages stored in: /home/spark/.ivy2/jars
[2026-03-09T13:48:35.500+0000] {subprocess.py:106} INFO - org.apache.iceberg#iceberg-spark-runtime-3.5_2.12 added as a dependency
[2026-03-09T13:48:35.500+0000] {subprocess.py:106} INFO - org.apache.hadoop#hadoop-aws added as a dependency
[2026-03-09T13:48:35.501+0000] {subprocess.py:106} INFO - com.amazonaws#aws-java-sdk-bundle added as a dependency
[2026-03-09T13:48:35.502+0000] {subprocess.py:106} INFO - :: resolving dependencies :: org.apache.spark#spark-submit-parent-81764c58-0d39-49d6-bf9b-2e3466c6d4aa;1.0
[2026-03-09T13:48:35.502+0000] {subprocess.py:106} INFO - 	confs: [default]
[2026-03-09T13:48:35.604+0000] {subprocess.py:106} INFO - 	found org.apache.iceberg#iceberg-spark-runtime-3.5_2.12;1.5.0 in central
[2026-03-09T13:48:35.692+0000] {subprocess.py:106} INFO - 	found org.apache.hadoop#hadoop-aws;3.3.4 in central
[2026-03-09T13:48:35.725+0000] {subprocess.py:106} INFO - 	found com.amazonaws#aws-java-sdk-bundle;1.12.262 in central
[2026-03-09T13:48:35.753+0000] {subprocess.py:106} INFO - 	found org.wildfly.openssl#wildfly-openssl;1.0.7.Final in central
[2026-03-09T13:48:35.784+0000] {subprocess.py:106} INFO - :: resolution report :: resolve 267ms :: artifacts dl 14ms
[2026-03-09T13:48:35.785+0000] {subprocess.py:106} INFO - 	:: modules in use:
[2026-03-09T13:48:35.786+0000] {subprocess.py:106} INFO - 	com.amazonaws#aws-java-sdk-bundle;1.12.262 from central in [default]
[2026-03-09T13:48:35.787+0000] {subprocess.py:106} INFO - 	org.apache.hadoop#hadoop-aws;3.3.4 from central in [default]
[2026-03-09T13:48:35.788+0000] {subprocess.py:106} INFO - 	org.apache.iceberg#iceberg-spark-runtime-3.5_2.12;1.5.0 from central in [default]
[2026-03-09T13:48:35.788+0000] {subprocess.py:106} INFO - 	org.wildfly.openssl#wildfly-openssl;1.0.7.Final from central in [default]
[2026-03-09T13:48:35.789+0000] {subprocess.py:106} INFO - 	---------------------------------------------------------------------
[2026-03-09T13:48:35.790+0000] {subprocess.py:106} INFO - 	|                  |            modules            ||   artifacts   |
[2026-03-09T13:48:35.790+0000] {subprocess.py:106} INFO - 	|       conf       | number| search|dwnlded|evicted|| number|dwnlded|
[2026-03-09T13:48:35.791+0000] {subprocess.py:106} INFO - 	---------------------------------------------------------------------
[2026-03-09T13:48:35.791+0000] {subprocess.py:106} INFO - 	|      default     |   4   |   0   |   0   |   0   ||   4   |   0   |
[2026-03-09T13:48:35.792+0000] {subprocess.py:106} INFO - 	---------------------------------------------------------------------
[2026-03-09T13:48:35.792+0000] {subprocess.py:106} INFO - :: retrieving :: org.apache.spark#spark-submit-parent-81764c58-0d39-49d6-bf9b-2e3466c6d4aa
[2026-03-09T13:48:35.794+0000] {subprocess.py:106} INFO - 	confs: [default]
[2026-03-09T13:48:35.800+0000] {subprocess.py:106} INFO - 	0 artifacts copied, 4 already retrieved (0kB/8ms)
[2026-03-09T13:48:36.070+0000] {subprocess.py:106} INFO - 26/03/09 13:48:36 WARN NativeCodeLoader: Unable to load native-hadoop library for your platform... using builtin-java classes where applicable
[2026-03-09T13:48:37.088+0000] {subprocess.py:106} INFO - 26/03/09 13:48:37 INFO SparkContext: Running Spark version 3.5.3
[2026-03-09T13:48:37.093+0000] {subprocess.py:106} INFO - 26/03/09 13:48:37 INFO SparkContext: OS info Linux, 6.6.87.2-microsoft-standard-WSL2, amd64
[2026-03-09T13:48:37.094+0000] {subprocess.py:106} INFO - 26/03/09 13:48:37 INFO SparkContext: Java version 11.0.24
[2026-03-09T13:48:37.123+0000] {subprocess.py:106} INFO - 26/03/09 13:48:37 INFO ResourceUtils: ==============================================================
[2026-03-09T13:48:37.124+0000] {subprocess.py:106} INFO - 26/03/09 13:48:37 INFO ResourceUtils: No custom resources configured for spark.driver.
[2026-03-09T13:48:37.124+0000] {subprocess.py:106} INFO - 26/03/09 13:48:37 INFO ResourceUtils: ==============================================================
[2026-03-09T13:48:37.125+0000] {subprocess.py:106} INFO - 26/03/09 13:48:37 INFO SparkContext: Submitted application: Silver_Etl_Cleaning_Merge
[2026-03-09T13:48:37.146+0000] {subprocess.py:106} INFO - 26/03/09 13:48:37 INFO ResourceProfile: Default ResourceProfile created, executor resources: Map(memory -> name: memory, amount: 1024, script: , vendor: , offHeap -> name: offHeap, amount: 0, script: , vendor: ), task resources: Map(cpus -> name: cpus, amount: 1.0)
[2026-03-09T13:48:37.157+0000] {subprocess.py:106} INFO - 26/03/09 13:48:37 INFO ResourceProfile: Limiting resource is cpu
[2026-03-09T13:48:37.158+0000] {subprocess.py:106} INFO - 26/03/09 13:48:37 INFO ResourceProfileManager: Added ResourceProfile id: 0
[2026-03-09T13:48:37.211+0000] {subprocess.py:106} INFO - 26/03/09 13:48:37 INFO SecurityManager: Changing view acls to: spark
[2026-03-09T13:48:37.212+0000] {subprocess.py:106} INFO - 26/03/09 13:48:37 INFO SecurityManager: Changing modify acls to: spark
[2026-03-09T13:48:37.213+0000] {subprocess.py:106} INFO - 26/03/09 13:48:37 INFO SecurityManager: Changing view acls groups to:
[2026-03-09T13:48:37.214+0000] {subprocess.py:106} INFO - 26/03/09 13:48:37 INFO SecurityManager: Changing modify acls groups to:
[2026-03-09T13:48:37.215+0000] {subprocess.py:106} INFO - 26/03/09 13:48:37 INFO SecurityManager: SecurityManager: authentication disabled; ui acls disabled; users with view permissions: spark; groups with view permissions: EMPTY; users with modify permissions: spark; groups with modify permissions: EMPTY
[2026-03-09T13:48:37.521+0000] {subprocess.py:106} INFO - 26/03/09 13:48:37 INFO Utils: Successfully started service 'sparkDriver' on port 41337.
[2026-03-09T13:48:37.559+0000] {subprocess.py:106} INFO - 26/03/09 13:48:37 INFO SparkEnv: Registering MapOutputTracker
[2026-03-09T13:48:37.603+0000] {subprocess.py:106} INFO - 26/03/09 13:48:37 INFO SparkEnv: Registering BlockManagerMaster
[2026-03-09T13:48:37.622+0000] {subprocess.py:106} INFO - 26/03/09 13:48:37 INFO BlockManagerMasterEndpoint: Using org.apache.spark.storage.DefaultTopologyMapper for getting topology information
[2026-03-09T13:48:37.623+0000] {subprocess.py:106} INFO - 26/03/09 13:48:37 INFO BlockManagerMasterEndpoint: BlockManagerMasterEndpoint up
[2026-03-09T13:48:37.628+0000] {subprocess.py:106} INFO - 26/03/09 13:48:37 INFO SparkEnv: Registering BlockManagerMasterHeartbeat
[2026-03-09T13:48:37.660+0000] {subprocess.py:106} INFO - 26/03/09 13:48:37 INFO DiskBlockManager: Created local directory at /tmp/blockmgr-a8f2139f-869f-4be2-9965-06871ad2ad4c
[2026-03-09T13:48:37.679+0000] {subprocess.py:106} INFO - 26/03/09 13:48:37 INFO MemoryStore: MemoryStore started with capacity 434.4 MiB
[2026-03-09T13:48:37.696+0000] {subprocess.py:106} INFO - 26/03/09 13:48:37 INFO SparkEnv: Registering OutputCommitCoordinator
[2026-03-09T13:48:37.833+0000] {subprocess.py:106} INFO - 26/03/09 13:48:37 INFO JettyUtils: Start Jetty 0.0.0.0:4040 for SparkUI
[2026-03-09T13:48:37.887+0000] {subprocess.py:106} INFO - 26/03/09 13:48:37 INFO Utils: Successfully started service 'SparkUI' on port 4040.
[2026-03-09T13:48:37.924+0000] {subprocess.py:106} INFO - 26/03/09 13:48:37 INFO SparkContext: Added JAR file:///home/spark/.ivy2/jars/org.apache.iceberg_iceberg-spark-runtime-3.5_2.12-1.5.0.jar at spark://499f1d118d82:41337/jars/org.apache.iceberg_iceberg-spark-runtime-3.5_2.12-1.5.0.jar with timestamp 1773064117079
[2026-03-09T13:48:37.924+0000] {subprocess.py:106} INFO - 26/03/09 13:48:37 INFO SparkContext: Added JAR file:///home/spark/.ivy2/jars/org.apache.hadoop_hadoop-aws-3.3.4.jar at spark://499f1d118d82:41337/jars/org.apache.hadoop_hadoop-aws-3.3.4.jar with timestamp 1773064117079
[2026-03-09T13:48:37.925+0000] {subprocess.py:106} INFO - 26/03/09 13:48:37 INFO SparkContext: Added JAR file:///home/spark/.ivy2/jars/com.amazonaws_aws-java-sdk-bundle-1.12.262.jar at spark://499f1d118d82:41337/jars/com.amazonaws_aws-java-sdk-bundle-1.12.262.jar with timestamp 1773064117079
[2026-03-09T13:48:37.926+0000] {subprocess.py:106} INFO - 26/03/09 13:48:37 INFO SparkContext: Added JAR file:///home/spark/.ivy2/jars/org.wildfly.openssl_wildfly-openssl-1.0.7.Final.jar at spark://499f1d118d82:41337/jars/org.wildfly.openssl_wildfly-openssl-1.0.7.Final.jar with timestamp 1773064117079
[2026-03-09T13:48:37.932+0000] {subprocess.py:106} INFO - 26/03/09 13:48:37 INFO SparkContext: Added file file:///home/spark/.ivy2/jars/org.apache.iceberg_iceberg-spark-runtime-3.5_2.12-1.5.0.jar at spark://499f1d118d82:41337/files/org.apache.iceberg_iceberg-spark-runtime-3.5_2.12-1.5.0.jar with timestamp 1773064117079
[2026-03-09T13:48:37.933+0000] {subprocess.py:106} INFO - 26/03/09 13:48:37 INFO Utils: Copying /home/spark/.ivy2/jars/org.apache.iceberg_iceberg-spark-runtime-3.5_2.12-1.5.0.jar to /tmp/spark-d8775473-a9a6-4707-86f2-46461bd706b4/userFiles-cf2b8631-03b8-4350-992c-896d6bc55f5c/org.apache.iceberg_iceberg-spark-runtime-3.5_2.12-1.5.0.jar
[2026-03-09T13:48:37.976+0000] {subprocess.py:106} INFO - 26/03/09 13:48:37 INFO SparkContext: Added file file:///home/spark/.ivy2/jars/org.apache.hadoop_hadoop-aws-3.3.4.jar at spark://499f1d118d82:41337/files/org.apache.hadoop_hadoop-aws-3.3.4.jar with timestamp 1773064117079
[2026-03-09T13:48:37.977+0000] {subprocess.py:106} INFO - 26/03/09 13:48:37 INFO Utils: Copying /home/spark/.ivy2/jars/org.apache.hadoop_hadoop-aws-3.3.4.jar to /tmp/spark-d8775473-a9a6-4707-86f2-46461bd706b4/userFiles-cf2b8631-03b8-4350-992c-896d6bc55f5c/org.apache.hadoop_hadoop-aws-3.3.4.jar
[2026-03-09T13:48:37.983+0000] {subprocess.py:106} INFO - 26/03/09 13:48:37 INFO SparkContext: Added file file:///home/spark/.ivy2/jars/com.amazonaws_aws-java-sdk-bundle-1.12.262.jar at spark://499f1d118d82:41337/files/com.amazonaws_aws-java-sdk-bundle-1.12.262.jar with timestamp 1773064117079
[2026-03-09T13:48:37.985+0000] {subprocess.py:106} INFO - 26/03/09 13:48:37 INFO Utils: Copying /home/spark/.ivy2/jars/com.amazonaws_aws-java-sdk-bundle-1.12.262.jar to /tmp/spark-d8775473-a9a6-4707-86f2-46461bd706b4/userFiles-cf2b8631-03b8-4350-992c-896d6bc55f5c/com.amazonaws_aws-java-sdk-bundle-1.12.262.jar
[2026-03-09T13:48:38.208+0000] {subprocess.py:106} INFO - 26/03/09 13:48:38 INFO SparkContext: Added file file:///home/spark/.ivy2/jars/org.wildfly.openssl_wildfly-openssl-1.0.7.Final.jar at spark://499f1d118d82:41337/files/org.wildfly.openssl_wildfly-openssl-1.0.7.Final.jar with timestamp 1773064117079
[2026-03-09T13:48:38.209+0000] {subprocess.py:106} INFO - 26/03/09 13:48:38 INFO Utils: Copying /home/spark/.ivy2/jars/org.wildfly.openssl_wildfly-openssl-1.0.7.Final.jar to /tmp/spark-d8775473-a9a6-4707-86f2-46461bd706b4/userFiles-cf2b8631-03b8-4350-992c-896d6bc55f5c/org.wildfly.openssl_wildfly-openssl-1.0.7.Final.jar
[2026-03-09T13:48:38.309+0000] {subprocess.py:106} INFO - 26/03/09 13:48:38 INFO StandaloneAppClient$ClientEndpoint: Connecting to master spark://spark-master:7077...
[2026-03-09T13:48:38.357+0000] {subprocess.py:106} INFO - 26/03/09 13:48:38 INFO TransportClientFactory: Successfully created connection to spark-master/172.30.0.6:7077 after 29 ms (0 ms spent in bootstraps)
[2026-03-09T13:48:38.483+0000] {subprocess.py:106} INFO - 26/03/09 13:48:38 INFO StandaloneSchedulerBackend: Connected to Spark cluster with app ID app-20260309134838-0004
[2026-03-09T13:48:38.485+0000] {subprocess.py:106} INFO - 26/03/09 13:48:38 INFO StandaloneAppClient$ClientEndpoint: Executor added: app-20260309134838-0004/0 on worker-20260309131515-172.30.0.7-35485 (172.30.0.7:35485) with 1 core(s)
[2026-03-09T13:48:38.489+0000] {subprocess.py:106} INFO - 26/03/09 13:48:38 INFO StandaloneSchedulerBackend: Granted executor ID app-20260309134838-0004/0 on hostPort 172.30.0.7:35485 with 1 core(s), 1024.0 MiB RAM
[2026-03-09T13:48:38.498+0000] {subprocess.py:106} INFO - 26/03/09 13:48:38 INFO Utils: Successfully started service 'org.apache.spark.network.netty.NettyBlockTransferService' on port 46523.
[2026-03-09T13:48:38.499+0000] {subprocess.py:106} INFO - 26/03/09 13:48:38 INFO NettyBlockTransferService: Server created on 499f1d118d82:46523
[2026-03-09T13:48:38.501+0000] {subprocess.py:106} INFO - 26/03/09 13:48:38 INFO BlockManager: Using org.apache.spark.storage.RandomBlockReplicationPolicy for block replication policy
[2026-03-09T13:48:38.511+0000] {subprocess.py:106} INFO - 26/03/09 13:48:38 INFO BlockManagerMaster: Registering BlockManager BlockManagerId(driver, 499f1d118d82, 46523, None)
[2026-03-09T13:48:38.516+0000] {subprocess.py:106} INFO - 26/03/09 13:48:38 INFO BlockManagerMasterEndpoint: Registering block manager 499f1d118d82:46523 with 434.4 MiB RAM, BlockManagerId(driver, 499f1d118d82, 46523, None)
[2026-03-09T13:48:38.527+0000] {subprocess.py:106} INFO - 26/03/09 13:48:38 INFO BlockManagerMaster: Registered BlockManager BlockManagerId(driver, 499f1d118d82, 46523, None)
[2026-03-09T13:48:38.534+0000] {subprocess.py:106} INFO - 26/03/09 13:48:38 INFO BlockManager: Initialized BlockManager: BlockManagerId(driver, 499f1d118d82, 46523, None)
[2026-03-09T13:48:38.544+0000] {subprocess.py:106} INFO - 26/03/09 13:48:38 INFO StandaloneAppClient$ClientEndpoint: Executor updated: app-20260309134838-0004/0 is now RUNNING
[2026-03-09T13:48:38.863+0000] {subprocess.py:106} INFO - 26/03/09 13:48:38 INFO StandaloneSchedulerBackend: SchedulerBackend is ready for scheduling beginning after reached minRegisteredResourcesRatio: 0.0
[2026-03-09T13:48:39.210+0000] {subprocess.py:106} INFO - 26/03/09 13:48:39 INFO SharedState: Setting hive.metastore.warehouse.dir ('null') to the value of spark.sql.warehouse.dir.
[2026-03-09T13:48:39.214+0000] {subprocess.py:106} INFO - 26/03/09 13:48:39 INFO SharedState: Warehouse path is 'file:/opt/spark/work-dir/spark-warehouse'.
[2026-03-09T13:48:42.205+0000] {subprocess.py:106} INFO - 26/03/09 13:48:42 INFO HiveConf: Found configuration file null
[2026-03-09T13:48:42.679+0000] {subprocess.py:106} INFO - 26/03/09 13:48:42 INFO metastore: Trying to connect to metastore with URI thrift://hive-metastore:9083
[2026-03-09T13:48:42.699+0000] {subprocess.py:106} INFO - 26/03/09 13:48:42 INFO metastore: Opened a connection to metastore, current connections: 1
[2026-03-09T13:48:42.726+0000] {subprocess.py:106} INFO - 26/03/09 13:48:42 INFO metastore: Connected to metastore.
[2026-03-09T13:48:42.919+0000] {subprocess.py:106} INFO - 26/03/09 13:48:42 INFO BaseMetastoreTableOperations: Refreshing table metadata from new version: s3a://warehouse/iceberg_data/silver.db/it_jobs_clean/metadata/00009-76c0e4b4-12b2-490e-b0f8-4401c426105b.metadata.json
[2026-03-09T13:48:43.257+0000] {subprocess.py:106} INFO - 26/03/09 13:48:43 WARN MetricsConfig: Cannot locate configuration: tried hadoop-metrics2-s3a-file-system.properties,hadoop-metrics2.properties
[2026-03-09T13:48:43.293+0000] {subprocess.py:106} INFO - 26/03/09 13:48:43 INFO MetricsSystemImpl: Scheduled Metric snapshot period at 10 second(s).
[2026-03-09T13:48:43.294+0000] {subprocess.py:106} INFO - 26/03/09 13:48:43 INFO MetricsSystemImpl: s3a-file-system metrics system started
[2026-03-09T13:48:43.827+0000] {subprocess.py:106} INFO - 26/03/09 13:48:43 INFO StandaloneSchedulerBackend$StandaloneDriverEndpoint: Registered executor NettyRpcEndpointRef(spark-client://Executor) (172.30.0.7:34960) with ID 0,  ResourceProfileId 0
[2026-03-09T13:48:43.964+0000] {subprocess.py:106} INFO - 26/03/09 13:48:43 INFO BlockManagerMasterEndpoint: Registering block manager 172.30.0.7:37967 with 434.4 MiB RAM, BlockManagerId(0, 172.30.0.7, 37967, None)
[2026-03-09T13:48:45.811+0000] {subprocess.py:106} INFO - 26/03/09 13:48:45 INFO BaseMetastoreCatalog: Table loaded by catalog: iceberg.silver.it_jobs_clean
[2026-03-09T13:48:47.167+0000] {subprocess.py:106} INFO - 26/03/09 13:48:47 INFO SnapshotScan: Scanning table iceberg.silver.it_jobs_clean snapshot 5454293030814776376 created at 2026-03-09T13:33:05.724+00:00 with filter true
[2026-03-09T13:48:47.476+0000] {subprocess.py:106} INFO - 26/03/09 13:48:47 INFO BaseDistributedDataScan: Planning file tasks locally for table iceberg.silver.it_jobs_clean
[2026-03-09T13:48:47.800+0000] {subprocess.py:106} INFO - 26/03/09 13:48:47 INFO V2ScanRelationPushDown:
[2026-03-09T13:48:47.802+0000] {subprocess.py:106} INFO - Pushing operators to iceberg.silver.it_jobs_clean
[2026-03-09T13:48:47.802+0000] {subprocess.py:106} INFO - Pushed Aggregate Functions:
[2026-03-09T13:48:47.803+0000] {subprocess.py:106} INFO -  MAX(ingest_time)
[2026-03-09T13:48:47.804+0000] {subprocess.py:106} INFO - Pushed Group by:
[2026-03-09T13:48:47.805+0000] {subprocess.py:106} INFO - 
[2026-03-09T13:48:47.805+0000] {subprocess.py:106} INFO - 
[2026-03-09T13:48:48.994+0000] {subprocess.py:106} INFO - 26/03/09 13:48:48 INFO CodeGenerator: Code generated in 356.798608 ms
[2026-03-09T13:48:49.018+0000] {subprocess.py:106} INFO - 26/03/09 13:48:49 INFO CodeGenerator: Code generated in 13.98963 ms
[2026-03-09T13:48:49.147+0000] {subprocess.py:106} INFO - 26/03/09 13:48:49 INFO DAGScheduler: Registering RDD 2 (collect at /opt/spark/scripts/Clean_Silver.py:56) as input to shuffle 0
[2026-03-09T13:48:49.153+0000] {subprocess.py:106} INFO - 26/03/09 13:48:49 INFO DAGScheduler: Got map stage job 0 (collect at /opt/spark/scripts/Clean_Silver.py:56) with 1 output partitions
[2026-03-09T13:48:49.154+0000] {subprocess.py:106} INFO - 26/03/09 13:48:49 INFO DAGScheduler: Final stage: ShuffleMapStage 0 (collect at /opt/spark/scripts/Clean_Silver.py:56)
[2026-03-09T13:48:49.155+0000] {subprocess.py:106} INFO - 26/03/09 13:48:49 INFO DAGScheduler: Parents of final stage: List()
[2026-03-09T13:48:49.159+0000] {subprocess.py:106} INFO - 26/03/09 13:48:49 INFO DAGScheduler: Missing parents: List()
[2026-03-09T13:48:49.164+0000] {subprocess.py:106} INFO - 26/03/09 13:48:49 INFO DAGScheduler: Submitting ShuffleMapStage 0 (MapPartitionsRDD[2] at collect at /opt/spark/scripts/Clean_Silver.py:56), which has no missing parents
[2026-03-09T13:48:49.285+0000] {subprocess.py:106} INFO - 26/03/09 13:48:49 INFO MemoryStore: Block broadcast_0 stored as values in memory (estimated size 12.0 KiB, free 434.4 MiB)
[2026-03-09T13:48:49.342+0000] {subprocess.py:106} INFO - 26/03/09 13:48:49 INFO MemoryStore: Block broadcast_0_piece0 stored as bytes in memory (estimated size 6.0 KiB, free 434.4 MiB)
[2026-03-09T13:48:49.347+0000] {subprocess.py:106} INFO - 26/03/09 13:48:49 INFO BlockManagerInfo: Added broadcast_0_piece0 in memory on 499f1d118d82:46523 (size: 6.0 KiB, free: 434.4 MiB)
[2026-03-09T13:48:49.365+0000] {subprocess.py:106} INFO - 26/03/09 13:48:49 INFO SparkContext: Created broadcast 0 from broadcast at DAGScheduler.scala:1585
[2026-03-09T13:48:49.389+0000] {subprocess.py:106} INFO - 26/03/09 13:48:49 INFO DAGScheduler: Submitting 1 missing tasks from ShuffleMapStage 0 (MapPartitionsRDD[2] at collect at /opt/spark/scripts/Clean_Silver.py:56) (first 15 tasks are for partitions Vector(0))
[2026-03-09T13:48:49.396+0000] {subprocess.py:106} INFO - 26/03/09 13:48:49 INFO TaskSchedulerImpl: Adding task set 0.0 with 1 tasks resource profile 0
[2026-03-09T13:48:49.432+0000] {subprocess.py:106} INFO - 26/03/09 13:48:49 INFO TaskSetManager: Starting task 0.0 in stage 0.0 (TID 0) (172.30.0.7, executor 0, partition 0, PROCESS_LOCAL, 10137 bytes)
[2026-03-09T13:48:49.806+0000] {subprocess.py:106} INFO - 26/03/09 13:48:49 INFO BlockManagerInfo: Added broadcast_0_piece0 in memory on 172.30.0.7:37967 (size: 6.0 KiB, free: 434.4 MiB)
[2026-03-09T13:48:50.976+0000] {subprocess.py:106} INFO - 26/03/09 13:48:50 INFO TaskSetManager: Finished task 0.0 in stage 0.0 (TID 0) in 1560 ms on 172.30.0.7 (executor 0) (1/1)
[2026-03-09T13:48:50.978+0000] {subprocess.py:106} INFO - 26/03/09 13:48:50 INFO TaskSchedulerImpl: Removed TaskSet 0.0, whose tasks have all completed, from pool
[2026-03-09T13:48:50.989+0000] {subprocess.py:106} INFO - 26/03/09 13:48:50 INFO DAGScheduler: ShuffleMapStage 0 (collect at /opt/spark/scripts/Clean_Silver.py:56) finished in 1.811 s
[2026-03-09T13:48:50.990+0000] {subprocess.py:106} INFO - 26/03/09 13:48:50 INFO DAGScheduler: looking for newly runnable stages
[2026-03-09T13:48:50.991+0000] {subprocess.py:106} INFO - 26/03/09 13:48:50 INFO DAGScheduler: running: Set()
[2026-03-09T13:48:50.992+0000] {subprocess.py:106} INFO - 26/03/09 13:48:50 INFO DAGScheduler: waiting: Set()
[2026-03-09T13:48:50.992+0000] {subprocess.py:106} INFO - 26/03/09 13:48:50 INFO DAGScheduler: failed: Set()
[2026-03-09T13:48:51.044+0000] {subprocess.py:106} INFO - 26/03/09 13:48:51 INFO CodeGenerator: Code generated in 13.23716 ms
[2026-03-09T13:48:51.098+0000] {subprocess.py:106} INFO - 26/03/09 13:48:51 INFO SparkContext: Starting job: collect at /opt/spark/scripts/Clean_Silver.py:56
[2026-03-09T13:48:51.103+0000] {subprocess.py:106} INFO - 26/03/09 13:48:51 INFO DAGScheduler: Got job 1 (collect at /opt/spark/scripts/Clean_Silver.py:56) with 1 output partitions
[2026-03-09T13:48:51.103+0000] {subprocess.py:106} INFO - 26/03/09 13:48:51 INFO DAGScheduler: Final stage: ResultStage 2 (collect at /opt/spark/scripts/Clean_Silver.py:56)
[2026-03-09T13:48:51.104+0000] {subprocess.py:106} INFO - 26/03/09 13:48:51 INFO DAGScheduler: Parents of final stage: List(ShuffleMapStage 1)
[2026-03-09T13:48:51.105+0000] {subprocess.py:106} INFO - 26/03/09 13:48:51 INFO DAGScheduler: Missing parents: List()
[2026-03-09T13:48:51.107+0000] {subprocess.py:106} INFO - 26/03/09 13:48:51 INFO DAGScheduler: Submitting ResultStage 2 (MapPartitionsRDD[5] at collect at /opt/spark/scripts/Clean_Silver.py:56), which has no missing parents
[2026-03-09T13:48:51.118+0000] {subprocess.py:106} INFO - 26/03/09 13:48:51 INFO MemoryStore: Block broadcast_1 stored as values in memory (estimated size 13.1 KiB, free 434.4 MiB)
[2026-03-09T13:48:51.138+0000] {subprocess.py:106} INFO - 26/03/09 13:48:51 INFO MemoryStore: Block broadcast_1_piece0 stored as bytes in memory (estimated size 6.1 KiB, free 434.4 MiB)
[2026-03-09T13:48:51.141+0000] {subprocess.py:106} INFO - 26/03/09 13:48:51 INFO BlockManagerInfo: Added broadcast_1_piece0 in memory on 499f1d118d82:46523 (size: 6.1 KiB, free: 434.4 MiB)
[2026-03-09T13:48:51.142+0000] {subprocess.py:106} INFO - 26/03/09 13:48:51 INFO SparkContext: Created broadcast 1 from broadcast at DAGScheduler.scala:1585
[2026-03-09T13:48:51.143+0000] {subprocess.py:106} INFO - 26/03/09 13:48:51 INFO DAGScheduler: Submitting 1 missing tasks from ResultStage 2 (MapPartitionsRDD[5] at collect at /opt/spark/scripts/Clean_Silver.py:56) (first 15 tasks are for partitions Vector(0))
[2026-03-09T13:48:51.144+0000] {subprocess.py:106} INFO - 26/03/09 13:48:51 INFO TaskSchedulerImpl: Adding task set 2.0 with 1 tasks resource profile 0
[2026-03-09T13:48:51.156+0000] {subprocess.py:106} INFO - 26/03/09 13:48:51 INFO TaskSetManager: Starting task 0.0 in stage 2.0 (TID 1) (172.30.0.7, executor 0, partition 0, NODE_LOCAL, 9976 bytes)
[2026-03-09T13:48:51.200+0000] {subprocess.py:106} INFO - 26/03/09 13:48:51 INFO BlockManagerInfo: Removed broadcast_0_piece0 on 499f1d118d82:46523 in memory (size: 6.0 KiB, free: 434.4 MiB)
[2026-03-09T13:48:51.237+0000] {subprocess.py:106} INFO - 26/03/09 13:48:51 INFO BlockManagerInfo: Removed broadcast_0_piece0 on 172.30.0.7:37967 in memory (size: 6.0 KiB, free: 434.4 MiB)
[2026-03-09T13:48:51.276+0000] {subprocess.py:106} INFO - 26/03/09 13:48:51 INFO BlockManagerInfo: Added broadcast_1_piece0 in memory on 172.30.0.7:37967 (size: 6.1 KiB, free: 434.4 MiB)
[2026-03-09T13:48:51.413+0000] {subprocess.py:106} INFO - 26/03/09 13:48:51 INFO MapOutputTrackerMasterEndpoint: Asked to send map output locations for shuffle 0 to 172.30.0.7:34960
[2026-03-09T13:48:51.574+0000] {subprocess.py:106} INFO - 26/03/09 13:48:51 INFO TaskSetManager: Finished task 0.0 in stage 2.0 (TID 1) in 427 ms on 172.30.0.7 (executor 0) (1/1)
[2026-03-09T13:48:51.575+0000] {subprocess.py:106} INFO - 26/03/09 13:48:51 INFO TaskSchedulerImpl: Removed TaskSet 2.0, whose tasks have all completed, from pool
[2026-03-09T13:48:51.576+0000] {subprocess.py:106} INFO - 26/03/09 13:48:51 INFO DAGScheduler: ResultStage 2 (collect at /opt/spark/scripts/Clean_Silver.py:56) finished in 0.460 s
[2026-03-09T13:48:51.581+0000] {subprocess.py:106} INFO - 26/03/09 13:48:51 INFO DAGScheduler: Job 1 is finished. Cancelling potential speculative or zombie tasks for this job
[2026-03-09T13:48:51.582+0000] {subprocess.py:106} INFO - 26/03/09 13:48:51 INFO TaskSchedulerImpl: Killing all running tasks in stage 2: Stage finished
[2026-03-09T13:48:51.584+0000] {subprocess.py:106} INFO - 26/03/09 13:48:51 INFO DAGScheduler: Job 1 finished: collect at /opt/spark/scripts/Clean_Silver.py:56, took 0.485945 s
[2026-03-09T13:48:51.836+0000] {subprocess.py:106} INFO - >>> Watermark (Last Processed Time): 2026-03-09 13:32:15.858219
[2026-03-09T13:48:51.870+0000] {subprocess.py:106} INFO - 26/03/09 13:48:51 INFO BaseMetastoreTableOperations: Refreshing table metadata from new version: s3a://warehouse/iceberg_data/bronze.db/it_jobs_raw/metadata/00010-06afa0e3-b346-47f8-b2a4-5630d2e37562.metadata.json
[2026-03-09T13:48:51.902+0000] {subprocess.py:106} INFO - 26/03/09 13:48:51 INFO BaseMetastoreCatalog: Table loaded by catalog: iceberg.bronze.it_jobs_raw
[2026-03-09T13:48:51.925+0000] {subprocess.py:106} INFO - >>> INCREMENTAL LOAD: Reading only new data...
[2026-03-09T13:48:52.213+0000] {subprocess.py:106} INFO - 26/03/09 13:48:52 INFO V2ScanRelationPushDown:
[2026-03-09T13:48:52.214+0000] {subprocess.py:106} INFO - Pushing operators to iceberg.bronze.it_jobs_raw
[2026-03-09T13:48:52.214+0000] {subprocess.py:106} INFO - Pushed Filters: ingest_time IS NOT NULL, ingest_time > 1773063135858219
[2026-03-09T13:48:52.215+0000] {subprocess.py:106} INFO - Post-Scan Filters: isnotnull(ingest_time#36),(ingest_time#36 > 2026-03-09 13:32:15.858219)
[2026-03-09T13:48:52.215+0000] {subprocess.py:106} INFO - 
[2026-03-09T13:48:52.245+0000] {subprocess.py:106} INFO - 26/03/09 13:48:52 INFO V2ScanRelationPushDown:
[2026-03-09T13:48:52.245+0000] {subprocess.py:106} INFO - Output: ingest_time#36
[2026-03-09T13:48:52.248+0000] {subprocess.py:106} INFO - 
[2026-03-09T13:48:52.257+0000] {subprocess.py:106} INFO - 26/03/09 13:48:52 INFO SnapshotScan: Scanning table iceberg.bronze.it_jobs_raw snapshot 3657638693731331473 created at 2026-03-09T13:48:30.342+00:00 with filter (ingest_time IS NOT NULL AND ingest_time > (16-digit-int))
[2026-03-09T13:48:52.300+0000] {subprocess.py:106} INFO - 26/03/09 13:48:52 INFO BaseDistributedDataScan: Planning file tasks locally for table iceberg.bronze.it_jobs_raw
[2026-03-09T13:48:52.419+0000] {subprocess.py:106} INFO - 26/03/09 13:48:52 INFO SparkPartitioningAwareScan: Reporting UnknownPartitioning with 1 partition(s) for table iceberg.bronze.it_jobs_raw
[2026-03-09T13:48:52.445+0000] {subprocess.py:106} INFO - 26/03/09 13:48:52 INFO MemoryStore: Block broadcast_2 stored as values in memory (estimated size 32.0 KiB, free 434.3 MiB)
[2026-03-09T13:48:52.476+0000] {subprocess.py:106} INFO - 26/03/09 13:48:52 INFO BlockManagerInfo: Removed broadcast_1_piece0 on 499f1d118d82:46523 in memory (size: 6.1 KiB, free: 434.4 MiB)
[2026-03-09T13:48:52.480+0000] {subprocess.py:106} INFO - 26/03/09 13:48:52 INFO MemoryStore: Block broadcast_2_piece0 stored as bytes in memory (estimated size 30.3 KiB, free 434.3 MiB)
[2026-03-09T13:48:52.485+0000] {subprocess.py:106} INFO - 26/03/09 13:48:52 INFO BlockManagerInfo: Added broadcast_2_piece0 in memory on 499f1d118d82:46523 (size: 30.3 KiB, free: 434.4 MiB)
[2026-03-09T13:48:52.487+0000] {subprocess.py:106} INFO - 26/03/09 13:48:52 INFO SparkContext: Created broadcast 2 from broadcast at SparkBatch.java:79
[2026-03-09T13:48:52.488+0000] {subprocess.py:106} INFO - 26/03/09 13:48:52 INFO BlockManagerInfo: Removed broadcast_1_piece0 on 172.30.0.7:37967 in memory (size: 6.1 KiB, free: 434.4 MiB)
[2026-03-09T13:48:52.505+0000] {subprocess.py:106} INFO - 26/03/09 13:48:52 INFO MemoryStore: Block broadcast_3 stored as values in memory (estimated size 32.0 KiB, free 434.3 MiB)
[2026-03-09T13:48:52.509+0000] {subprocess.py:106} INFO - 26/03/09 13:48:52 INFO MemoryStore: Block broadcast_3_piece0 stored as bytes in memory (estimated size 30.2 KiB, free 434.3 MiB)
[2026-03-09T13:48:52.511+0000] {subprocess.py:106} INFO - 26/03/09 13:48:52 INFO BlockManagerInfo: Added broadcast_3_piece0 in memory on 499f1d118d82:46523 (size: 30.2 KiB, free: 434.3 MiB)
[2026-03-09T13:48:52.513+0000] {subprocess.py:106} INFO - 26/03/09 13:48:52 INFO SparkContext: Created broadcast 3 from broadcast at SparkBatch.java:79
[2026-03-09T13:48:52.654+0000] {subprocess.py:106} INFO - 26/03/09 13:48:52 INFO CodeGenerator: Code generated in 29.146647 ms
[2026-03-09T13:48:52.684+0000] {subprocess.py:106} INFO - 26/03/09 13:48:52 INFO DAGScheduler: Registering RDD 9 (count at <unknown>:0) as input to shuffle 1
[2026-03-09T13:48:52.685+0000] {subprocess.py:106} INFO - 26/03/09 13:48:52 INFO DAGScheduler: Got map stage job 2 (count at <unknown>:0) with 1 output partitions
[2026-03-09T13:48:52.687+0000] {subprocess.py:106} INFO - 26/03/09 13:48:52 INFO DAGScheduler: Final stage: ShuffleMapStage 3 (count at <unknown>:0)
[2026-03-09T13:48:52.688+0000] {subprocess.py:106} INFO - 26/03/09 13:48:52 INFO DAGScheduler: Parents of final stage: List()
[2026-03-09T13:48:52.689+0000] {subprocess.py:106} INFO - 26/03/09 13:48:52 INFO DAGScheduler: Missing parents: List()
[2026-03-09T13:48:52.690+0000] {subprocess.py:106} INFO - 26/03/09 13:48:52 INFO DAGScheduler: Submitting ShuffleMapStage 3 (MapPartitionsRDD[9] at count at <unknown>:0), which has no missing parents
[2026-03-09T13:48:52.704+0000] {subprocess.py:106} INFO - 26/03/09 13:48:52 INFO MemoryStore: Block broadcast_4 stored as values in memory (estimated size 17.8 KiB, free 434.3 MiB)
[2026-03-09T13:48:52.729+0000] {subprocess.py:106} INFO - 26/03/09 13:48:52 INFO MemoryStore: Block broadcast_4_piece0 stored as bytes in memory (estimated size 7.6 KiB, free 434.3 MiB)
[2026-03-09T13:48:52.732+0000] {subprocess.py:106} INFO - 26/03/09 13:48:52 INFO BlockManagerInfo: Added broadcast_4_piece0 in memory on 499f1d118d82:46523 (size: 7.6 KiB, free: 434.3 MiB)
[2026-03-09T13:48:52.733+0000] {subprocess.py:106} INFO - 26/03/09 13:48:52 INFO SparkContext: Created broadcast 4 from broadcast at DAGScheduler.scala:1585
[2026-03-09T13:48:52.734+0000] {subprocess.py:106} INFO - 26/03/09 13:48:52 INFO DAGScheduler: Submitting 1 missing tasks from ShuffleMapStage 3 (MapPartitionsRDD[9] at count at <unknown>:0) (first 15 tasks are for partitions Vector(0))
[2026-03-09T13:48:52.738+0000] {subprocess.py:106} INFO - 26/03/09 13:48:52 INFO TaskSchedulerImpl: Adding task set 3.0 with 1 tasks resource profile 0
[2026-03-09T13:48:52.788+0000] {subprocess.py:106} INFO - 26/03/09 13:48:52 INFO TaskSetManager: Starting task 0.0 in stage 3.0 (TID 2) (172.30.0.7, executor 0, partition 0, PROCESS_LOCAL, 15368 bytes)
[2026-03-09T13:48:53.318+0000] {subprocess.py:106} INFO - 26/03/09 13:48:53 INFO BlockManagerInfo: Added broadcast_4_piece0 in memory on 172.30.0.7:37967 (size: 7.6 KiB, free: 434.4 MiB)
[2026-03-09T13:48:53.415+0000] {subprocess.py:106} INFO - 26/03/09 13:48:53 INFO BlockManagerInfo: Added broadcast_3_piece0 in memory on 172.30.0.7:37967 (size: 30.2 KiB, free: 434.4 MiB)
[2026-03-09T13:48:56.860+0000] {subprocess.py:106} INFO - 26/03/09 13:48:56 INFO TaskSetManager: Finished task 0.0 in stage 3.0 (TID 2) in 4121 ms on 172.30.0.7 (executor 0) (1/1)
[2026-03-09T13:48:57.871+0000] {subprocess.py:106} INFO - 26/03/09 13:48:56 INFO TaskSchedulerImpl: Removed TaskSet 3.0, whose tasks have all completed, from pool
[2026-03-09T13:48:57.872+0000] {subprocess.py:106} INFO - 26/03/09 13:48:56 INFO DAGScheduler: ShuffleMapStage 3 (count at <unknown>:0) finished in 4.170 s
[2026-03-09T13:48:57.873+0000] {subprocess.py:106} INFO - 26/03/09 13:48:56 INFO DAGScheduler: looking for newly runnable stages
[2026-03-09T13:48:57.874+0000] {subprocess.py:106} INFO - 26/03/09 13:48:56 INFO DAGScheduler: running: Set()
[2026-03-09T13:48:57.874+0000] {subprocess.py:106} INFO - 26/03/09 13:48:56 INFO DAGScheduler: waiting: Set()
[2026-03-09T13:48:57.875+0000] {subprocess.py:106} INFO - 26/03/09 13:48:56 INFO DAGScheduler: failed: Set()
[2026-03-09T13:48:57.875+0000] {subprocess.py:106} INFO - 26/03/09 13:48:56 INFO CodeGenerator: Code generated in 15.431156 ms
[2026-03-09T13:48:57.875+0000] {subprocess.py:106} INFO - 26/03/09 13:48:56 INFO SparkContext: Starting job: count at <unknown>:0
[2026-03-09T13:48:57.876+0000] {subprocess.py:106} INFO - 26/03/09 13:48:56 INFO DAGScheduler: Got job 3 (count at <unknown>:0) with 1 output partitions
[2026-03-09T13:48:57.876+0000] {subprocess.py:106} INFO - 26/03/09 13:48:56 INFO DAGScheduler: Final stage: ResultStage 5 (count at <unknown>:0)
[2026-03-09T13:48:57.876+0000] {subprocess.py:106} INFO - 26/03/09 13:48:56 INFO DAGScheduler: Parents of final stage: List(ShuffleMapStage 4)
[2026-03-09T13:48:57.877+0000] {subprocess.py:106} INFO - 26/03/09 13:48:56 INFO DAGScheduler: Missing parents: List()
[2026-03-09T13:48:57.877+0000] {subprocess.py:106} INFO - 26/03/09 13:48:56 INFO DAGScheduler: Submitting ResultStage 5 (MapPartitionsRDD[12] at count at <unknown>:0), which has no missing parents
[2026-03-09T13:48:57.877+0000] {subprocess.py:106} INFO - 26/03/09 13:48:56 INFO MemoryStore: Block broadcast_5 stored as values in memory (estimated size 12.5 KiB, free 434.2 MiB)
[2026-03-09T13:48:58.365+0000] {subprocess.py:106} INFO - 26/03/09 13:48:58 INFO MemoryStore: Block broadcast_5_piece0 stored as bytes in memory (estimated size 5.9 KiB, free 434.2 MiB)
[2026-03-09T13:48:58.369+0000] {subprocess.py:106} INFO - 26/03/09 13:48:58 INFO BlockManagerInfo: Added broadcast_5_piece0 in memory on 499f1d118d82:46523 (size: 5.9 KiB, free: 434.3 MiB)
[2026-03-09T13:48:58.372+0000] {subprocess.py:106} INFO - 26/03/09 13:48:58 INFO SparkContext: Created broadcast 5 from broadcast at DAGScheduler.scala:1585
[2026-03-09T13:48:58.373+0000] {subprocess.py:106} INFO - 26/03/09 13:48:58 INFO BlockManagerInfo: Removed broadcast_4_piece0 on 499f1d118d82:46523 in memory (size: 7.6 KiB, free: 434.3 MiB)
[2026-03-09T13:48:58.379+0000] {subprocess.py:106} INFO - 26/03/09 13:48:58 INFO DAGScheduler: Submitting 1 missing tasks from ResultStage 5 (MapPartitionsRDD[12] at count at <unknown>:0) (first 15 tasks are for partitions Vector(0))
[2026-03-09T13:48:58.380+0000] {subprocess.py:106} INFO - 26/03/09 13:48:58 INFO TaskSchedulerImpl: Adding task set 5.0 with 1 tasks resource profile 0
[2026-03-09T13:48:58.380+0000] {subprocess.py:106} INFO - 26/03/09 13:48:58 INFO BlockManagerInfo: Removed broadcast_4_piece0 on 172.30.0.7:37967 in memory (size: 7.6 KiB, free: 434.4 MiB)
[2026-03-09T13:48:58.382+0000] {subprocess.py:106} INFO - 26/03/09 13:48:58 INFO TaskSetManager: Starting task 0.0 in stage 5.0 (TID 3) (172.30.0.7, executor 0, partition 0, NODE_LOCAL, 9976 bytes)
[2026-03-09T13:48:58.444+0000] {subprocess.py:106} INFO - 26/03/09 13:48:58 INFO BlockManagerInfo: Added broadcast_5_piece0 in memory on 172.30.0.7:37967 (size: 5.9 KiB, free: 434.4 MiB)
[2026-03-09T13:48:58.462+0000] {subprocess.py:106} INFO - 26/03/09 13:48:58 INFO MapOutputTrackerMasterEndpoint: Asked to send map output locations for shuffle 1 to 172.30.0.7:34960
[2026-03-09T13:48:58.584+0000] {subprocess.py:106} INFO - 26/03/09 13:48:58 INFO TaskSetManager: Finished task 0.0 in stage 5.0 (TID 3) in 196 ms on 172.30.0.7 (executor 0) (1/1)
[2026-03-09T13:48:58.585+0000] {subprocess.py:106} INFO - 26/03/09 13:48:58 INFO TaskSchedulerImpl: Removed TaskSet 5.0, whose tasks have all completed, from pool
[2026-03-09T13:48:58.586+0000] {subprocess.py:106} INFO - 26/03/09 13:48:58 INFO DAGScheduler: ResultStage 5 (count at <unknown>:0) finished in 1.645 s
[2026-03-09T13:48:58.587+0000] {subprocess.py:106} INFO - 26/03/09 13:48:58 INFO DAGScheduler: Job 3 is finished. Cancelling potential speculative or zombie tasks for this job
[2026-03-09T13:48:58.590+0000] {subprocess.py:106} INFO - 26/03/09 13:48:58 INFO TaskSchedulerImpl: Killing all running tasks in stage 5: Stage finished
[2026-03-09T13:48:58.591+0000] {subprocess.py:106} INFO - 26/03/09 13:48:58 INFO DAGScheduler: Job 3 finished: count at <unknown>:0, took 1.651956 s
[2026-03-09T13:48:58.592+0000] {subprocess.py:106} INFO - >>> Processing 31 records...
[2026-03-09T13:48:59.349+0000] {subprocess.py:106} INFO - 26/03/09 13:48:59 INFO BlockManagerInfo: Removed broadcast_5_piece0 on 499f1d118d82:46523 in memory (size: 5.9 KiB, free: 434.3 MiB)
[2026-03-09T13:48:59.352+0000] {subprocess.py:106} INFO - 26/03/09 13:48:59 INFO BlockManagerInfo: Removed broadcast_5_piece0 on 172.30.0.7:37967 in memory (size: 5.9 KiB, free: 434.4 MiB)
[2026-03-09T13:48:59.392+0000] {subprocess.py:106} INFO - >>> Writing cleaned data to Silver...
[2026-03-09T13:48:59.440+0000] {subprocess.py:106} INFO - >>> Table exists. Performing MERGE (Upsert)...
[2026-03-09T13:49:00.357+0000] {subprocess.py:106} INFO - 26/03/09 13:49:00 INFO V2ScanRelationPushDown:
[2026-03-09T13:49:00.358+0000] {subprocess.py:106} INFO - Pushing operators to iceberg.bronze.it_jobs_raw
[2026-03-09T13:49:00.359+0000] {subprocess.py:106} INFO - Pushed Filters: ingest_time IS NOT NULL, ingest_time > 1773063135858219, job_link IS NOT NULL, NOT (job_link = '')
[2026-03-09T13:49:00.360+0000] {subprocess.py:106} INFO - Post-Scan Filters: isnotnull(ingest_time#36),(ingest_time#36 > 2026-03-09 13:32:15.858219),isnotnull(trim(job_title#26, None)),NOT (trim(job_title#26, None) = ),isnotnull(upper(trim(company_name#27, None))),NOT (upper(trim(company_name#27, None)) = ),isnotnull(job_link#31),NOT (job_link#31 = )
[2026-03-09T13:49:00.361+0000] {subprocess.py:106} INFO - 
[2026-03-09T13:49:00.366+0000] {subprocess.py:106} INFO - 26/03/09 13:49:00 INFO V2ScanRelationPushDown:
[2026-03-09T13:49:00.366+0000] {subprocess.py:106} INFO - Output: job_title#26, company_name#27, location#28, skills_required#29, date_posted#30, job_link#31, job_category#32, work_mode#33, crawl_date#34, date_only#35, ingest_time#36, source#37
[2026-03-09T13:49:00.368+0000] {subprocess.py:106} INFO - 
[2026-03-09T13:49:00.382+0000] {subprocess.py:106} INFO - 26/03/09 13:49:00 INFO SnapshotScan: Scanning table iceberg.bronze.it_jobs_raw snapshot 3657638693731331473 created at 2026-03-09T13:48:30.342+00:00 with filter (((ingest_time IS NOT NULL AND ingest_time > (16-digit-int)) AND job_link IS NOT NULL) AND NOT (job_link = (hash-00000000)))
[2026-03-09T13:49:00.388+0000] {subprocess.py:106} INFO - 26/03/09 13:49:00 INFO BaseDistributedDataScan: Planning file tasks locally for table iceberg.bronze.it_jobs_raw
[2026-03-09T13:49:00.474+0000] {subprocess.py:106} INFO - 26/03/09 13:49:00 INFO SparkPartitioningAwareScan: Reporting UnknownPartitioning with 1 partition(s) for table iceberg.bronze.it_jobs_raw
[2026-03-09T13:49:00.661+0000] {subprocess.py:106} INFO - 26/03/09 13:49:00 INFO GroupBasedRowLevelOperationScanPlanning:
[2026-03-09T13:49:00.666+0000] {subprocess.py:106} INFO - Pushing operators to iceberg.silver.it_jobs_clean
[2026-03-09T13:49:00.667+0000] {subprocess.py:106} INFO - Pushed filters:
[2026-03-09T13:49:00.668+0000] {subprocess.py:106} INFO - Filters evaluated on data source side:
[2026-03-09T13:49:00.669+0000] {subprocess.py:106} INFO - Filters evaluated on Spark side:
[2026-03-09T13:49:00.670+0000] {subprocess.py:106} INFO - Output: job_title#284, company_name#285, location#286, skills_required#287, date_posted#288, job_link#289, job_category#290, work_mode#291, crawl_date#292, date_only#293, ingest_time#294, source#295, clean_time#296, _file#299
[2026-03-09T13:49:00.671+0000] {subprocess.py:106} INFO - 
[2026-03-09T13:49:00.672+0000] {subprocess.py:106} INFO - 26/03/09 13:49:00 INFO BlockManagerInfo: Removed broadcast_3_piece0 on 499f1d118d82:46523 in memory (size: 30.2 KiB, free: 434.4 MiB)
[2026-03-09T13:49:00.674+0000] {subprocess.py:106} INFO - 26/03/09 13:49:00 INFO V2ScanRelationPushDown:
[2026-03-09T13:49:00.675+0000] {subprocess.py:106} INFO - Pushing operators to iceberg.bronze.it_jobs_raw
[2026-03-09T13:49:00.675+0000] {subprocess.py:106} INFO - Pushed Filters: ingest_time IS NOT NULL, ingest_time > 1773063135858219, job_link IS NOT NULL, NOT (job_link = '')
[2026-03-09T13:49:00.676+0000] {subprocess.py:106} INFO - Post-Scan Filters: isnotnull(ingest_time#36),(ingest_time#36 > 2026-03-09 13:32:15.858219),isnotnull(trim(job_title#26, None)),NOT (trim(job_title#26, None) = ),isnotnull(upper(trim(company_name#27, None))),NOT (upper(trim(company_name#27, None)) = ),isnotnull(job_link#31),NOT (job_link#31 = )
[2026-03-09T13:49:00.685+0000] {subprocess.py:106} INFO - 
[2026-03-09T13:49:00.687+0000] {subprocess.py:106} INFO - 26/03/09 13:49:00 INFO V2ScanRelationPushDown:
[2026-03-09T13:49:00.698+0000] {subprocess.py:106} INFO - Output: job_title#26, company_name#27, location#28, skills_required#29, date_posted#30, job_link#31, job_category#32, work_mode#33, crawl_date#34, date_only#35, ingest_time#36, source#37
[2026-03-09T13:49:00.717+0000] {subprocess.py:106} INFO - 
[2026-03-09T13:49:00.720+0000] {subprocess.py:106} INFO - 26/03/09 13:49:00 INFO SnapshotScan: Scanning table iceberg.silver.it_jobs_clean snapshot 5454293030814776376 created at 2026-03-09T13:33:05.724+00:00 with filter true
[2026-03-09T13:49:00.722+0000] {subprocess.py:106} INFO - 26/03/09 13:49:00 INFO BlockManagerInfo: Removed broadcast_3_piece0 on 172.30.0.7:37967 in memory (size: 30.2 KiB, free: 434.4 MiB)
[2026-03-09T13:49:00.739+0000] {subprocess.py:106} INFO - 26/03/09 13:49:00 INFO BlockManagerInfo: Removed broadcast_2_piece0 on 499f1d118d82:46523 in memory (size: 30.3 KiB, free: 434.4 MiB)
[2026-03-09T13:49:00.897+0000] {subprocess.py:106} INFO - 26/03/09 13:49:00 INFO SparkPartitioningAwareScan: Reporting UnknownPartitioning with 3 partition(s) for table iceberg.silver.it_jobs_clean
[2026-03-09T13:49:00.898+0000] {subprocess.py:106} INFO - 26/03/09 13:49:00 INFO SnapshotScan: Scanning table iceberg.bronze.it_jobs_raw snapshot 3657638693731331473 created at 2026-03-09T13:48:30.342+00:00 with filter (((ingest_time IS NOT NULL AND ingest_time > (16-digit-int)) AND job_link IS NOT NULL) AND NOT (job_link = (hash-00000000)))
[2026-03-09T13:49:00.908+0000] {subprocess.py:106} INFO - 26/03/09 13:49:00 INFO BaseDistributedDataScan: Planning file tasks locally for table iceberg.bronze.it_jobs_raw
[2026-03-09T13:49:01.044+0000] {subprocess.py:106} INFO - 26/03/09 13:49:01 INFO SparkPartitioningAwareScan: Reporting UnknownPartitioning with 1 partition(s) for table iceberg.bronze.it_jobs_raw
[2026-03-09T13:49:01.074+0000] {subprocess.py:106} INFO - 26/03/09 13:49:01 INFO SparkWrite: Requesting 0 bytes advisory partition size for table iceberg.silver.it_jobs_clean
[2026-03-09T13:49:01.074+0000] {subprocess.py:106} INFO - 26/03/09 13:49:01 INFO SparkWrite: Requesting UnspecifiedDistribution as write distribution for table iceberg.silver.it_jobs_clean
[2026-03-09T13:49:01.075+0000] {subprocess.py:106} INFO - 26/03/09 13:49:01 INFO SparkWrite: Requesting [] as write ordering for table iceberg.silver.it_jobs_clean
[2026-03-09T13:49:01.170+0000] {subprocess.py:106} INFO - 26/03/09 13:49:01 INFO V2ScanRelationPushDown:
[2026-03-09T13:49:01.171+0000] {subprocess.py:106} INFO - Pushing operators to iceberg.silver.it_jobs_clean
[2026-03-09T13:49:01.172+0000] {subprocess.py:106} INFO - Pushed Filters: NOT (job_link = ''), job_link IS NOT NULL
[2026-03-09T13:49:01.173+0000] {subprocess.py:106} INFO - Post-Scan Filters: NOT (job_link#421 = ),isnotnull(job_link#421)
[2026-03-09T13:49:01.173+0000] {subprocess.py:106} INFO - 
[2026-03-09T13:49:01.174+0000] {subprocess.py:106} INFO - 26/03/09 13:49:01 INFO V2ScanRelationPushDown:
[2026-03-09T13:49:01.174+0000] {subprocess.py:106} INFO - Output: job_link#421, _file#429
[2026-03-09T13:49:01.175+0000] {subprocess.py:106} INFO - 
[2026-03-09T13:49:01.175+0000] {subprocess.py:106} INFO - 26/03/09 13:49:01 INFO SnapshotScan: Scanning table iceberg.silver.it_jobs_clean snapshot 5454293030814776376 created at 2026-03-09T13:33:05.724+00:00 with filter (NOT (job_link = (hash-00000000)) AND job_link IS NOT NULL)
[2026-03-09T13:49:01.176+0000] {subprocess.py:106} INFO - 26/03/09 13:49:01 INFO BaseDistributedDataScan: Planning file tasks locally for table iceberg.silver.it_jobs_clean
[2026-03-09T13:49:01.243+0000] {subprocess.py:106} INFO - 26/03/09 13:49:01 INFO SparkPartitioningAwareScan: Reporting UnknownPartitioning with 3 partition(s) for table iceberg.silver.it_jobs_clean
[2026-03-09T13:49:01.243+0000] {subprocess.py:106} INFO - 26/03/09 13:49:01 INFO SparkPartitioningAwareScan: Reporting UnknownPartitioning with 1 partition(s) for table iceberg.bronze.it_jobs_raw
[2026-03-09T13:49:01.380+0000] {subprocess.py:106} INFO - 26/03/09 13:49:01 INFO MemoryStore: Block broadcast_6 stored as values in memory (estimated size 32.0 KiB, free 434.4 MiB)
[2026-03-09T13:49:01.415+0000] {subprocess.py:106} INFO - 26/03/09 13:49:01 INFO MemoryStore: Block broadcast_6_piece0 stored as bytes in memory (estimated size 30.4 KiB, free 434.3 MiB)
[2026-03-09T13:49:01.420+0000] {subprocess.py:106} INFO - 26/03/09 13:49:01 INFO BlockManagerInfo: Added broadcast_6_piece0 in memory on 499f1d118d82:46523 (size: 30.4 KiB, free: 434.4 MiB)
[2026-03-09T13:49:01.423+0000] {subprocess.py:106} INFO - 26/03/09 13:49:01 INFO SparkContext: Created broadcast 6 from broadcast at SparkBatch.java:79
[2026-03-09T13:49:01.455+0000] {subprocess.py:106} INFO - 26/03/09 13:49:01 INFO MemoryStore: Block broadcast_7 stored as values in memory (estimated size 32.0 KiB, free 434.3 MiB)
[2026-03-09T13:49:01.457+0000] {subprocess.py:106} INFO - 26/03/09 13:49:01 INFO MemoryStore: Block broadcast_7_piece0 stored as bytes in memory (estimated size 30.2 KiB, free 434.3 MiB)
[2026-03-09T13:49:01.458+0000] {subprocess.py:106} INFO - 26/03/09 13:49:01 INFO BlockManagerInfo: Added broadcast_7_piece0 in memory on 499f1d118d82:46523 (size: 30.2 KiB, free: 434.3 MiB)
[2026-03-09T13:49:01.461+0000] {subprocess.py:106} INFO - 26/03/09 13:49:01 INFO SparkContext: Created broadcast 7 from broadcast at SparkBatch.java:79
[2026-03-09T13:49:01.545+0000] {subprocess.py:106} INFO - 26/03/09 13:49:01 INFO MemoryStore: Block broadcast_8 stored as values in memory (estimated size 32.0 KiB, free 434.2 MiB)
[2026-03-09T13:49:01.549+0000] {subprocess.py:106} INFO - 26/03/09 13:49:01 INFO MemoryStore: Block broadcast_8_piece0 stored as bytes in memory (estimated size 30.4 KiB, free 434.2 MiB)
[2026-03-09T13:49:01.552+0000] {subprocess.py:106} INFO - 26/03/09 13:49:01 INFO BlockManagerInfo: Added broadcast_8_piece0 in memory on 499f1d118d82:46523 (size: 30.4 KiB, free: 434.3 MiB)
[2026-03-09T13:49:01.557+0000] {subprocess.py:106} INFO - 26/03/09 13:49:01 INFO SparkContext: Created broadcast 8 from broadcast at SparkBatch.java:79
[2026-03-09T13:49:01.564+0000] {subprocess.py:106} INFO - 26/03/09 13:49:01 INFO MemoryStore: Block broadcast_9 stored as values in memory (estimated size 32.0 KiB, free 434.2 MiB)
[2026-03-09T13:49:01.577+0000] {subprocess.py:106} INFO - 26/03/09 13:49:01 INFO MemoryStore: Block broadcast_9_piece0 stored as bytes in memory (estimated size 30.2 KiB, free 434.2 MiB)
[2026-03-09T13:49:01.579+0000] {subprocess.py:106} INFO - 26/03/09 13:49:01 INFO BlockManagerInfo: Added broadcast_9_piece0 in memory on 499f1d118d82:46523 (size: 30.2 KiB, free: 434.3 MiB)
[2026-03-09T13:49:01.583+0000] {subprocess.py:106} INFO - 26/03/09 13:49:01 INFO SparkContext: Created broadcast 9 from broadcast at SparkBatch.java:79
[2026-03-09T13:49:01.616+0000] {subprocess.py:106} INFO - 26/03/09 13:49:01 INFO MemoryStore: Block broadcast_10 stored as values in memory (estimated size 32.0 KiB, free 434.1 MiB)
[2026-03-09T13:49:01.621+0000] {subprocess.py:106} INFO - 26/03/09 13:49:01 INFO MemoryStore: Block broadcast_10_piece0 stored as bytes in memory (estimated size 30.4 KiB, free 434.1 MiB)
[2026-03-09T13:49:01.643+0000] {subprocess.py:106} INFO - 26/03/09 13:49:01 INFO BlockManagerInfo: Added broadcast_10_piece0 in memory on 499f1d118d82:46523 (size: 30.4 KiB, free: 434.3 MiB)
[2026-03-09T13:49:01.644+0000] {subprocess.py:106} INFO - 26/03/09 13:49:01 INFO SparkContext: Created broadcast 10 from broadcast at SparkBatch.java:79
[2026-03-09T13:49:01.647+0000] {subprocess.py:106} INFO - 26/03/09 13:49:01 INFO MemoryStore: Block broadcast_11 stored as values in memory (estimated size 32.0 KiB, free 434.1 MiB)
[2026-03-09T13:49:01.654+0000] {subprocess.py:106} INFO - 26/03/09 13:49:01 INFO MemoryStore: Block broadcast_11_piece0 stored as bytes in memory (estimated size 30.2 KiB, free 434.0 MiB)
[2026-03-09T13:49:01.655+0000] {subprocess.py:106} INFO - 26/03/09 13:49:01 INFO BlockManagerInfo: Added broadcast_11_piece0 in memory on 499f1d118d82:46523 (size: 30.2 KiB, free: 434.2 MiB)
[2026-03-09T13:49:01.656+0000] {subprocess.py:106} INFO - 26/03/09 13:49:01 INFO SparkContext: Created broadcast 11 from broadcast at SparkBatch.java:79
[2026-03-09T13:49:01.838+0000] {subprocess.py:106} INFO - 26/03/09 13:49:01 INFO CodeGenerator: Code generated in 40.464554 ms
[2026-03-09T13:49:01.925+0000] {subprocess.py:106} INFO - 26/03/09 13:49:01 INFO CodeGenerator: Code generated in 88.026224 ms
[2026-03-09T13:49:02.009+0000] {subprocess.py:106} INFO - 26/03/09 13:49:02 INFO DAGScheduler: Registering RDD 16 ($anonfun$withThreadLocalCaptured$1 at <unknown>:0) as input to shuffle 2
[2026-03-09T13:49:02.011+0000] {subprocess.py:106} INFO - 26/03/09 13:49:02 INFO DAGScheduler: Got map stage job 4 ($anonfun$withThreadLocalCaptured$1 at <unknown>:0) with 1 output partitions
[2026-03-09T13:49:02.012+0000] {subprocess.py:106} INFO - 26/03/09 13:49:02 INFO DAGScheduler: Final stage: ShuffleMapStage 6 ($anonfun$withThreadLocalCaptured$1 at <unknown>:0)
[2026-03-09T13:49:02.013+0000] {subprocess.py:106} INFO - 26/03/09 13:49:02 INFO DAGScheduler: Parents of final stage: List()
[2026-03-09T13:49:02.014+0000] {subprocess.py:106} INFO - 26/03/09 13:49:02 INFO DAGScheduler: Missing parents: List()
[2026-03-09T13:49:02.015+0000] {subprocess.py:106} INFO - 26/03/09 13:49:02 INFO DAGScheduler: Submitting ShuffleMapStage 6 (MapPartitionsRDD[16] at $anonfun$withThreadLocalCaptured$1 at <unknown>:0), which has no missing parents
[2026-03-09T13:49:02.020+0000] {subprocess.py:106} INFO - 26/03/09 13:49:02 INFO MemoryStore: Block broadcast_12 stored as values in memory (estimated size 44.9 KiB, free 434.0 MiB)
[2026-03-09T13:49:02.042+0000] {subprocess.py:106} INFO - 26/03/09 13:49:02 INFO MemoryStore: Block broadcast_12_piece0 stored as bytes in memory (estimated size 18.7 KiB, free 434.0 MiB)
[2026-03-09T13:49:02.043+0000] {subprocess.py:106} INFO - 26/03/09 13:49:02 INFO BlockManagerInfo: Added broadcast_12_piece0 in memory on 499f1d118d82:46523 (size: 18.7 KiB, free: 434.2 MiB)
[2026-03-09T13:49:02.045+0000] {subprocess.py:106} INFO - 26/03/09 13:49:02 INFO SparkContext: Created broadcast 12 from broadcast at DAGScheduler.scala:1585
[2026-03-09T13:49:02.046+0000] {subprocess.py:106} INFO - 26/03/09 13:49:02 INFO DAGScheduler: Submitting 1 missing tasks from ShuffleMapStage 6 (MapPartitionsRDD[16] at $anonfun$withThreadLocalCaptured$1 at <unknown>:0) (first 15 tasks are for partitions Vector(0))
[2026-03-09T13:49:02.047+0000] {subprocess.py:106} INFO - 26/03/09 13:49:02 INFO TaskSchedulerImpl: Adding task set 6.0 with 1 tasks resource profile 0
[2026-03-09T13:49:02.056+0000] {subprocess.py:106} INFO - 26/03/09 13:49:02 INFO TaskSetManager: Starting task 0.0 in stage 6.0 (TID 4) (172.30.0.7, executor 0, partition 0, PROCESS_LOCAL, 16292 bytes)
[2026-03-09T13:49:02.080+0000] {subprocess.py:106} INFO - 26/03/09 13:49:02 INFO BlockManagerInfo: Added broadcast_12_piece0 in memory on 172.30.0.7:37967 (size: 18.7 KiB, free: 434.4 MiB)
[2026-03-09T13:49:02.771+0000] {subprocess.py:106} INFO - 26/03/09 13:49:02 INFO BlockManagerInfo: Added broadcast_9_piece0 in memory on 172.30.0.7:37967 (size: 30.2 KiB, free: 434.4 MiB)
[2026-03-09T13:49:03.068+0000] {subprocess.py:106} INFO - 26/03/09 13:49:03 INFO TaskSetManager: Finished task 0.0 in stage 6.0 (TID 4) in 1021 ms on 172.30.0.7 (executor 0) (1/1)
[2026-03-09T13:49:03.070+0000] {subprocess.py:106} INFO - 26/03/09 13:49:03 INFO TaskSchedulerImpl: Removed TaskSet 6.0, whose tasks have all completed, from pool
[2026-03-09T13:49:03.074+0000] {subprocess.py:106} INFO - 26/03/09 13:49:03 INFO DAGScheduler: ShuffleMapStage 6 ($anonfun$withThreadLocalCaptured$1 at <unknown>:0) finished in 1.053 s
[2026-03-09T13:49:03.075+0000] {subprocess.py:106} INFO - 26/03/09 13:49:03 INFO DAGScheduler: looking for newly runnable stages
[2026-03-09T13:49:03.076+0000] {subprocess.py:106} INFO - 26/03/09 13:49:03 INFO DAGScheduler: running: Set()
[2026-03-09T13:49:03.077+0000] {subprocess.py:106} INFO - 26/03/09 13:49:03 INFO DAGScheduler: waiting: Set()
[2026-03-09T13:49:03.079+0000] {subprocess.py:106} INFO - 26/03/09 13:49:03 INFO DAGScheduler: failed: Set()
[2026-03-09T13:49:03.097+0000] {subprocess.py:106} INFO - 26/03/09 13:49:03 INFO MemoryStore: Block broadcast_13 stored as values in memory (estimated size 32.0 KiB, free 433.9 MiB)
[2026-03-09T13:49:03.128+0000] {subprocess.py:106} INFO - 26/03/09 13:49:03 INFO MemoryStore: Block broadcast_13_piece0 stored as bytes in memory (estimated size 30.4 KiB, free 433.9 MiB)
[2026-03-09T13:49:03.131+0000] {subprocess.py:106} INFO - 26/03/09 13:49:03 INFO BlockManagerInfo: Added broadcast_13_piece0 in memory on 499f1d118d82:46523 (size: 30.4 KiB, free: 434.2 MiB)
[2026-03-09T13:49:03.134+0000] {subprocess.py:106} INFO - 26/03/09 13:49:03 INFO SparkContext: Created broadcast 13 from broadcast at SparkBatch.java:79
[2026-03-09T13:49:03.142+0000] {subprocess.py:106} INFO - 26/03/09 13:49:03 INFO BlockManagerInfo: Removed broadcast_12_piece0 on 499f1d118d82:46523 in memory (size: 18.7 KiB, free: 434.2 MiB)
[2026-03-09T13:49:03.150+0000] {subprocess.py:106} INFO - 26/03/09 13:49:03 INFO BlockManagerInfo: Removed broadcast_12_piece0 on 172.30.0.7:37967 in memory (size: 18.7 KiB, free: 434.4 MiB)
[2026-03-09T13:49:03.171+0000] {subprocess.py:106} INFO - 26/03/09 13:49:03 INFO ShufflePartitionsUtil: For shuffle(2), advisory target size: 67108864, actual target size 1048576, minimum partition size: 1048576
[2026-03-09T13:49:03.299+0000] {subprocess.py:106} INFO - 26/03/09 13:49:03 INFO CodeGenerator: Code generated in 66.105372 ms
[2026-03-09T13:49:03.386+0000] {subprocess.py:106} INFO - 26/03/09 13:49:03 INFO SparkContext: Starting job: $anonfun$withThreadLocalCaptured$1 at <unknown>:0
[2026-03-09T13:49:03.399+0000] {subprocess.py:106} INFO - 26/03/09 13:49:03 INFO DAGScheduler: Got job 5 ($anonfun$withThreadLocalCaptured$1 at <unknown>:0) with 1 output partitions
[2026-03-09T13:49:03.400+0000] {subprocess.py:106} INFO - 26/03/09 13:49:03 INFO DAGScheduler: Final stage: ResultStage 8 ($anonfun$withThreadLocalCaptured$1 at <unknown>:0)
[2026-03-09T13:49:03.409+0000] {subprocess.py:106} INFO - 26/03/09 13:49:03 INFO DAGScheduler: Parents of final stage: List(ShuffleMapStage 7)
[2026-03-09T13:49:03.410+0000] {subprocess.py:106} INFO - 26/03/09 13:49:03 INFO DAGScheduler: Missing parents: List()
[2026-03-09T13:49:03.411+0000] {subprocess.py:106} INFO - 26/03/09 13:49:03 INFO DAGScheduler: Submitting ResultStage 8 (MapPartitionsRDD[19] at $anonfun$withThreadLocalCaptured$1 at <unknown>:0), which has no missing parents
[2026-03-09T13:49:03.416+0000] {subprocess.py:106} INFO - 26/03/09 13:49:03 INFO MemoryStore: Block broadcast_14 stored as values in memory (estimated size 45.0 KiB, free 433.9 MiB)
[2026-03-09T13:49:03.442+0000] {subprocess.py:106} INFO - 26/03/09 13:49:03 INFO MemoryStore: Block broadcast_14_piece0 stored as bytes in memory (estimated size 19.9 KiB, free 433.9 MiB)
[2026-03-09T13:49:03.443+0000] {subprocess.py:106} INFO - 26/03/09 13:49:03 INFO BlockManagerInfo: Added broadcast_14_piece0 in memory on 499f1d118d82:46523 (size: 19.9 KiB, free: 434.2 MiB)
[2026-03-09T13:49:03.444+0000] {subprocess.py:106} INFO - 26/03/09 13:49:03 INFO SparkContext: Created broadcast 14 from broadcast at DAGScheduler.scala:1585
[2026-03-09T13:49:03.446+0000] {subprocess.py:106} INFO - 26/03/09 13:49:03 INFO DAGScheduler: Submitting 1 missing tasks from ResultStage 8 (MapPartitionsRDD[19] at $anonfun$withThreadLocalCaptured$1 at <unknown>:0) (first 15 tasks are for partitions Vector(0))
[2026-03-09T13:49:03.447+0000] {subprocess.py:106} INFO - 26/03/09 13:49:03 INFO TaskSchedulerImpl: Adding task set 8.0 with 1 tasks resource profile 0
[2026-03-09T13:49:03.448+0000] {subprocess.py:106} INFO - 26/03/09 13:49:03 INFO BlockManagerInfo: Removed broadcast_13_piece0 on 499f1d118d82:46523 in memory (size: 30.4 KiB, free: 434.2 MiB)
[2026-03-09T13:49:03.458+0000] {subprocess.py:106} INFO - 26/03/09 13:49:03 INFO TaskSetManager: Starting task 0.0 in stage 8.0 (TID 5) (172.30.0.7, executor 0, partition 0, NODE_LOCAL, 9976 bytes)
[2026-03-09T13:49:03.486+0000] {subprocess.py:106} INFO - 26/03/09 13:49:03 INFO BlockManagerInfo: Added broadcast_14_piece0 in memory on 172.30.0.7:37967 (size: 19.9 KiB, free: 434.4 MiB)
[2026-03-09T13:49:03.546+0000] {subprocess.py:106} INFO - 26/03/09 13:49:03 INFO MapOutputTrackerMasterEndpoint: Asked to send map output locations for shuffle 2 to 172.30.0.7:34960
[2026-03-09T13:49:03.661+0000] {subprocess.py:106} INFO - 26/03/09 13:49:03 INFO TaskSetManager: Finished task 0.0 in stage 8.0 (TID 5) in 209 ms on 172.30.0.7 (executor 0) (1/1)
[2026-03-09T13:49:03.662+0000] {subprocess.py:106} INFO - 26/03/09 13:49:03 INFO TaskSchedulerImpl: Removed TaskSet 8.0, whose tasks have all completed, from pool
[2026-03-09T13:49:03.665+0000] {subprocess.py:106} INFO - 26/03/09 13:49:03 INFO DAGScheduler: ResultStage 8 ($anonfun$withThreadLocalCaptured$1 at <unknown>:0) finished in 0.259 s
[2026-03-09T13:49:03.667+0000] {subprocess.py:106} INFO - 26/03/09 13:49:03 INFO DAGScheduler: Job 5 is finished. Cancelling potential speculative or zombie tasks for this job
[2026-03-09T13:49:03.674+0000] {subprocess.py:106} INFO - 26/03/09 13:49:03 INFO TaskSchedulerImpl: Killing all running tasks in stage 8: Stage finished
[2026-03-09T13:49:03.680+0000] {subprocess.py:106} INFO - 26/03/09 13:49:03 INFO DAGScheduler: Job 5 finished: $anonfun$withThreadLocalCaptured$1 at <unknown>:0, took 0.281620 s
[2026-03-09T13:49:03.707+0000] {subprocess.py:106} INFO - 26/03/09 13:49:03 INFO CodeGenerator: Code generated in 9.611823 ms
[2026-03-09T13:49:03.745+0000] {subprocess.py:106} INFO - 26/03/09 13:49:03 INFO BlockManagerInfo: Removed broadcast_14_piece0 on 499f1d118d82:46523 in memory (size: 19.9 KiB, free: 434.2 MiB)
[2026-03-09T13:49:03.746+0000] {subprocess.py:106} INFO - 26/03/09 13:49:03 INFO MemoryStore: Block broadcast_15_piece0 stored as bytes in memory (estimated size 2.3 KiB, free 434.0 MiB)
[2026-03-09T13:49:03.747+0000] {subprocess.py:106} INFO - 26/03/09 13:49:03 INFO BlockManagerInfo: Added broadcast_15_piece0 in memory on 499f1d118d82:46523 (size: 2.3 KiB, free: 434.2 MiB)
[2026-03-09T13:49:03.748+0000] {subprocess.py:106} INFO - 26/03/09 13:49:03 INFO SparkContext: Created broadcast 15 from $anonfun$withThreadLocalCaptured$1 at <unknown>:0
[2026-03-09T13:49:03.749+0000] {subprocess.py:106} INFO - 26/03/09 13:49:03 INFO BlockManagerInfo: Removed broadcast_14_piece0 on 172.30.0.7:37967 in memory (size: 19.9 KiB, free: 434.4 MiB)
[2026-03-09T13:49:03.764+0000] {subprocess.py:106} INFO - 26/03/09 13:49:03 INFO MemoryStore: Block broadcast_16 stored as values in memory (estimated size 32.0 KiB, free 434.0 MiB)
[2026-03-09T13:49:03.775+0000] {subprocess.py:106} INFO - 26/03/09 13:49:03 INFO MemoryStore: Block broadcast_16_piece0 stored as bytes in memory (estimated size 30.3 KiB, free 434.0 MiB)
[2026-03-09T13:49:03.778+0000] {subprocess.py:106} INFO - 26/03/09 13:49:03 INFO BlockManagerInfo: Added broadcast_16_piece0 in memory on 499f1d118d82:46523 (size: 30.3 KiB, free: 434.2 MiB)
[2026-03-09T13:49:03.779+0000] {subprocess.py:106} INFO - 26/03/09 13:49:03 INFO SparkContext: Created broadcast 16 from broadcast at SparkBatch.java:79
[2026-03-09T13:49:03.926+0000] {subprocess.py:106} INFO - 26/03/09 13:49:03 INFO CodeGenerator: Code generated in 69.608118 ms
[2026-03-09T13:49:03.964+0000] {subprocess.py:106} INFO - 26/03/09 13:49:03 INFO DAGScheduler: Registering RDD 23 ($anonfun$withThreadLocalCaptured$1 at <unknown>:0) as input to shuffle 3
[2026-03-09T13:49:03.965+0000] {subprocess.py:106} INFO - 26/03/09 13:49:03 INFO DAGScheduler: Got map stage job 6 ($anonfun$withThreadLocalCaptured$1 at <unknown>:0) with 3 output partitions
[2026-03-09T13:49:03.966+0000] {subprocess.py:106} INFO - 26/03/09 13:49:03 INFO DAGScheduler: Final stage: ShuffleMapStage 9 ($anonfun$withThreadLocalCaptured$1 at <unknown>:0)
[2026-03-09T13:49:03.967+0000] {subprocess.py:106} INFO - 26/03/09 13:49:03 INFO DAGScheduler: Parents of final stage: List()
[2026-03-09T13:49:03.968+0000] {subprocess.py:106} INFO - 26/03/09 13:49:03 INFO DAGScheduler: Missing parents: List()
[2026-03-09T13:49:03.976+0000] {subprocess.py:106} INFO - 26/03/09 13:49:03 INFO DAGScheduler: Submitting ShuffleMapStage 9 (MapPartitionsRDD[23] at $anonfun$withThreadLocalCaptured$1 at <unknown>:0), which has no missing parents
[2026-03-09T13:49:03.979+0000] {subprocess.py:106} INFO - 26/03/09 13:49:03 INFO MemoryStore: Block broadcast_17 stored as values in memory (estimated size 58.0 KiB, free 433.9 MiB)
[2026-03-09T13:49:04.007+0000] {subprocess.py:106} INFO - 26/03/09 13:49:04 INFO MemoryStore: Block broadcast_17_piece0 stored as bytes in memory (estimated size 24.3 KiB, free 433.9 MiB)
[2026-03-09T13:49:04.017+0000] {subprocess.py:106} INFO - 26/03/09 13:49:04 INFO BlockManagerInfo: Added broadcast_17_piece0 in memory on 499f1d118d82:46523 (size: 24.3 KiB, free: 434.2 MiB)
[2026-03-09T13:49:04.020+0000] {subprocess.py:106} INFO - 26/03/09 13:49:04 INFO SparkContext: Created broadcast 17 from broadcast at DAGScheduler.scala:1585
[2026-03-09T13:49:04.021+0000] {subprocess.py:106} INFO - 26/03/09 13:49:04 INFO DAGScheduler: Submitting 3 missing tasks from ShuffleMapStage 9 (MapPartitionsRDD[23] at $anonfun$withThreadLocalCaptured$1 at <unknown>:0) (first 15 tasks are for partitions Vector(0, 1, 2))
[2026-03-09T13:49:04.023+0000] {subprocess.py:106} INFO - 26/03/09 13:49:04 INFO TaskSchedulerImpl: Adding task set 9.0 with 3 tasks resource profile 0
[2026-03-09T13:49:04.023+0000] {subprocess.py:106} INFO - 26/03/09 13:49:04 INFO BlockManagerInfo: Removed broadcast_16_piece0 on 499f1d118d82:46523 in memory (size: 30.3 KiB, free: 434.2 MiB)
[2026-03-09T13:49:04.029+0000] {subprocess.py:106} INFO - 26/03/09 13:49:04 INFO TaskSetManager: Starting task 0.0 in stage 9.0 (TID 6) (172.30.0.7, executor 0, partition 0, PROCESS_LOCAL, 17031 bytes)
[2026-03-09T13:49:04.064+0000] {subprocess.py:106} INFO - 26/03/09 13:49:04 INFO BlockManagerInfo: Added broadcast_17_piece0 in memory on 172.30.0.7:37967 (size: 24.3 KiB, free: 434.3 MiB)
[2026-03-09T13:49:04.200+0000] {subprocess.py:106} INFO - 26/03/09 13:49:04 INFO BlockManagerInfo: Added broadcast_15_piece0 in memory on 172.30.0.7:37967 (size: 2.3 KiB, free: 434.3 MiB)
[2026-03-09T13:49:04.266+0000] {subprocess.py:106} INFO - 26/03/09 13:49:04 INFO BlockManagerInfo: Added broadcast_8_piece0 in memory on 172.30.0.7:37967 (size: 30.4 KiB, free: 434.3 MiB)
[2026-03-09T13:49:04.549+0000] {subprocess.py:106} INFO - 26/03/09 13:49:04 INFO TaskSetManager: Starting task 1.0 in stage 9.0 (TID 7) (172.30.0.7, executor 0, partition 1, PROCESS_LOCAL, 17030 bytes)
[2026-03-09T13:49:04.566+0000] {subprocess.py:106} INFO - 26/03/09 13:49:04 INFO TaskSetManager: Finished task 0.0 in stage 9.0 (TID 6) in 538 ms on 172.30.0.7 (executor 0) (1/3)
[2026-03-09T13:49:04.827+0000] {subprocess.py:106} INFO - 26/03/09 13:49:04 INFO TaskSetManager: Starting task 2.0 in stage 9.0 (TID 8) (172.30.0.7, executor 0, partition 2, PROCESS_LOCAL, 16108 bytes)
[2026-03-09T13:49:04.828+0000] {subprocess.py:106} INFO - 26/03/09 13:49:04 INFO TaskSetManager: Finished task 1.0 in stage 9.0 (TID 7) in 282 ms on 172.30.0.7 (executor 0) (2/3)
[2026-03-09T13:49:05.029+0000] {subprocess.py:106} INFO - 26/03/09 13:49:05 INFO TaskSetManager: Finished task 2.0 in stage 9.0 (TID 8) in 205 ms on 172.30.0.7 (executor 0) (3/3)
[2026-03-09T13:49:05.030+0000] {subprocess.py:106} INFO - 26/03/09 13:49:05 INFO TaskSchedulerImpl: Removed TaskSet 9.0, whose tasks have all completed, from pool
[2026-03-09T13:49:05.030+0000] {subprocess.py:106} INFO - 26/03/09 13:49:05 INFO DAGScheduler: ShuffleMapStage 9 ($anonfun$withThreadLocalCaptured$1 at <unknown>:0) finished in 1.058 s
[2026-03-09T13:49:05.031+0000] {subprocess.py:106} INFO - 26/03/09 13:49:05 INFO DAGScheduler: looking for newly runnable stages
[2026-03-09T13:49:05.032+0000] {subprocess.py:106} INFO - 26/03/09 13:49:05 INFO DAGScheduler: running: Set()
[2026-03-09T13:49:05.032+0000] {subprocess.py:106} INFO - 26/03/09 13:49:05 INFO DAGScheduler: waiting: Set()
[2026-03-09T13:49:05.033+0000] {subprocess.py:106} INFO - 26/03/09 13:49:05 INFO DAGScheduler: failed: Set()
[2026-03-09T13:49:05.058+0000] {subprocess.py:106} INFO - 26/03/09 13:49:05 INFO MemoryStore: Block broadcast_18 stored as values in memory (estimated size 40.0 B, free 434.0 MiB)
[2026-03-09T13:49:05.078+0000] {subprocess.py:106} INFO - 26/03/09 13:49:05 INFO MemoryStore: Block broadcast_18_piece0 stored as bytes in memory (estimated size 86.0 B, free 434.0 MiB)
[2026-03-09T13:49:05.082+0000] {subprocess.py:106} INFO - 26/03/09 13:49:05 INFO BlockManagerInfo: Added broadcast_18_piece0 in memory on 499f1d118d82:46523 (size: 86.0 B, free: 434.2 MiB)
[2026-03-09T13:49:05.088+0000] {subprocess.py:106} INFO - 26/03/09 13:49:05 INFO SparkContext: Created broadcast 18 from sql at <unknown>:0
[2026-03-09T13:49:05.097+0000] {subprocess.py:106} INFO - 26/03/09 13:49:05 INFO BlockManagerInfo: Removed broadcast_17_piece0 on 499f1d118d82:46523 in memory (size: 24.3 KiB, free: 434.2 MiB)
[2026-03-09T13:49:05.099+0000] {subprocess.py:106} INFO - 26/03/09 13:49:05 INFO BlockManagerInfo: Removed broadcast_17_piece0 on 172.30.0.7:37967 in memory (size: 24.3 KiB, free: 434.3 MiB)
[2026-03-09T13:49:05.118+0000] {subprocess.py:106} INFO - 26/03/09 13:49:05 INFO SparkCopyOnWriteScan: 0 of 10 task(s) for table iceberg.silver.it_jobs_clean matched runtime file filter with 0 location(s)
[2026-03-09T13:49:05.121+0000] {subprocess.py:106} INFO - 26/03/09 13:49:05 INFO MemoryStore: Block broadcast_19 stored as values in memory (estimated size 32.0 KiB, free 434.0 MiB)
[2026-03-09T13:49:05.126+0000] {subprocess.py:106} INFO - 26/03/09 13:49:05 INFO MemoryStore: Block broadcast_19_piece0 stored as bytes in memory (estimated size 30.4 KiB, free 434.0 MiB)
[2026-03-09T13:49:05.127+0000] {subprocess.py:106} INFO - 26/03/09 13:49:05 INFO BlockManagerInfo: Added broadcast_19_piece0 in memory on 499f1d118d82:46523 (size: 30.4 KiB, free: 434.2 MiB)
[2026-03-09T13:49:05.130+0000] {subprocess.py:106} INFO - 26/03/09 13:49:05 INFO SparkContext: Created broadcast 19 from broadcast at SparkBatch.java:79
[2026-03-09T13:49:05.197+0000] {subprocess.py:106} INFO - 26/03/09 13:49:05 INFO CodeGenerator: Code generated in 19.313929 ms
[2026-03-09T13:49:05.238+0000] {subprocess.py:106} INFO - 26/03/09 13:49:05 INFO CodeGenerator: Code generated in 22.255833 ms
[2026-03-09T13:49:05.301+0000] {subprocess.py:106} INFO - 26/03/09 13:49:05 INFO DAGScheduler: Registering RDD 33 (sql at <unknown>:0) as input to shuffle 4
[2026-03-09T13:49:05.305+0000] {subprocess.py:106} INFO - 26/03/09 13:49:05 INFO DAGScheduler: Got map stage job 7 (sql at <unknown>:0) with 1 output partitions
[2026-03-09T13:49:05.306+0000] {subprocess.py:106} INFO - 26/03/09 13:49:05 INFO DAGScheduler: Final stage: ShuffleMapStage 10 (sql at <unknown>:0)
[2026-03-09T13:49:05.307+0000] {subprocess.py:106} INFO - 26/03/09 13:49:05 INFO DAGScheduler: Parents of final stage: List()
[2026-03-09T13:49:05.307+0000] {subprocess.py:106} INFO - 26/03/09 13:49:05 INFO DAGScheduler: Missing parents: List()
[2026-03-09T13:49:05.308+0000] {subprocess.py:106} INFO - 26/03/09 13:49:05 INFO DAGScheduler: Submitting ShuffleMapStage 10 (MapPartitionsRDD[33] at sql at <unknown>:0), which has no missing parents
[2026-03-09T13:49:05.325+0000] {subprocess.py:106} INFO - 26/03/09 13:49:05 INFO MemoryStore: Block broadcast_20 stored as values in memory (estimated size 59.0 KiB, free 433.9 MiB)
[2026-03-09T13:49:05.337+0000] {subprocess.py:106} INFO - 26/03/09 13:49:05 INFO MemoryStore: Block broadcast_20_piece0 stored as bytes in memory (estimated size 22.9 KiB, free 433.9 MiB)
[2026-03-09T13:49:05.339+0000] {subprocess.py:106} INFO - 26/03/09 13:49:05 INFO BlockManagerInfo: Added broadcast_20_piece0 in memory on 499f1d118d82:46523 (size: 22.9 KiB, free: 434.2 MiB)
[2026-03-09T13:49:05.341+0000] {subprocess.py:106} INFO - 26/03/09 13:49:05 INFO SparkContext: Created broadcast 20 from broadcast at DAGScheduler.scala:1585
[2026-03-09T13:49:05.343+0000] {subprocess.py:106} INFO - 26/03/09 13:49:05 INFO BlockManagerInfo: Removed broadcast_19_piece0 on 499f1d118d82:46523 in memory (size: 30.4 KiB, free: 434.2 MiB)
[2026-03-09T13:49:05.343+0000] {subprocess.py:106} INFO - 26/03/09 13:49:05 INFO DAGScheduler: Submitting 1 missing tasks from ShuffleMapStage 10 (MapPartitionsRDD[33] at sql at <unknown>:0) (first 15 tasks are for partitions Vector(0))
[2026-03-09T13:49:05.344+0000] {subprocess.py:106} INFO - 26/03/09 13:49:05 INFO TaskSchedulerImpl: Adding task set 10.0 with 1 tasks resource profile 0
[2026-03-09T13:49:05.346+0000] {subprocess.py:106} INFO - 26/03/09 13:49:05 INFO TaskSetManager: Starting task 0.0 in stage 10.0 (TID 9) (172.30.0.7, executor 0, partition 0, PROCESS_LOCAL, 16292 bytes)
[2026-03-09T13:49:05.371+0000] {subprocess.py:106} INFO - 26/03/09 13:49:05 INFO BlockManagerInfo: Added broadcast_20_piece0 in memory on 172.30.0.7:37967 (size: 22.9 KiB, free: 434.3 MiB)
[2026-03-09T13:49:05.895+0000] {subprocess.py:106} INFO - 26/03/09 13:49:05 INFO BlockManagerInfo: Added broadcast_11_piece0 in memory on 172.30.0.7:37967 (size: 30.2 KiB, free: 434.3 MiB)
[2026-03-09T13:49:06.212+0000] {subprocess.py:106} INFO - 26/03/09 13:49:06 INFO TaskSetManager: Finished task 0.0 in stage 10.0 (TID 9) in 867 ms on 172.30.0.7 (executor 0) (1/1)
[2026-03-09T13:49:06.215+0000] {subprocess.py:106} INFO - 26/03/09 13:49:06 INFO TaskSchedulerImpl: Removed TaskSet 10.0, whose tasks have all completed, from pool
[2026-03-09T13:49:06.216+0000] {subprocess.py:106} INFO - 26/03/09 13:49:06 INFO DAGScheduler: ShuffleMapStage 10 (sql at <unknown>:0) finished in 0.905 s
[2026-03-09T13:49:06.216+0000] {subprocess.py:106} INFO - 26/03/09 13:49:06 INFO DAGScheduler: looking for newly runnable stages
[2026-03-09T13:49:06.217+0000] {subprocess.py:106} INFO - 26/03/09 13:49:06 INFO DAGScheduler: running: Set()
[2026-03-09T13:49:06.218+0000] {subprocess.py:106} INFO - 26/03/09 13:49:06 INFO DAGScheduler: waiting: Set()
[2026-03-09T13:49:06.218+0000] {subprocess.py:106} INFO - 26/03/09 13:49:06 INFO DAGScheduler: failed: Set()
[2026-03-09T13:49:06.226+0000] {subprocess.py:106} INFO - 26/03/09 13:49:06 INFO ShufflePartitionsUtil: For shuffle(4), advisory target size: 67108864, actual target size 1048576, minimum partition size: 1048576
[2026-03-09T13:49:06.246+0000] {subprocess.py:106} INFO - 26/03/09 13:49:06 WARN SparkStringUtils: Truncated the string representation of a plan since it was too large. This behavior can be adjusted by setting 'spark.sql.debug.maxToStringFields'.
[2026-03-09T13:49:06.272+0000] {subprocess.py:106} INFO - 26/03/09 13:49:06 INFO CodeGenerator: Code generated in 17.131486 ms
[2026-03-09T13:49:06.304+0000] {subprocess.py:106} INFO - 26/03/09 13:49:06 INFO CodeGenerator: Code generated in 17.419867 ms
[2026-03-09T13:49:06.318+0000] {subprocess.py:106} INFO - 26/03/09 13:49:06 INFO CodeGenerator: Code generated in 9.134819 ms
[2026-03-09T13:49:06.365+0000] {subprocess.py:106} INFO - 26/03/09 13:49:06 INFO MemoryStore: Block broadcast_21 stored as values in memory (estimated size 32.0 KiB, free 433.9 MiB)
[2026-03-09T13:49:06.375+0000] {subprocess.py:106} INFO - 26/03/09 13:49:06 INFO MemoryStore: Block broadcast_21_piece0 stored as bytes in memory (estimated size 30.3 KiB, free 433.9 MiB)
[2026-03-09T13:49:06.378+0000] {subprocess.py:106} INFO - 26/03/09 13:49:06 INFO BlockManagerInfo: Added broadcast_21_piece0 in memory on 499f1d118d82:46523 (size: 30.3 KiB, free: 434.2 MiB)
[2026-03-09T13:49:06.379+0000] {subprocess.py:106} INFO - 26/03/09 13:49:06 INFO BlockManagerInfo: Removed broadcast_20_piece0 on 499f1d118d82:46523 in memory (size: 22.9 KiB, free: 434.2 MiB)
[2026-03-09T13:49:06.380+0000] {subprocess.py:106} INFO - 26/03/09 13:49:06 INFO SparkContext: Created broadcast 21 from broadcast at SparkWrite.java:193
[2026-03-09T13:49:06.382+0000] {subprocess.py:106} INFO - 26/03/09 13:49:06 INFO BlockManagerInfo: Removed broadcast_20_piece0 on 172.30.0.7:37967 in memory (size: 22.9 KiB, free: 434.3 MiB)
[2026-03-09T13:49:06.386+0000] {subprocess.py:106} INFO - 26/03/09 13:49:06 INFO ReplaceDataExec: Start processing data source write support: IcebergBatchWrite(table=iceberg.silver.it_jobs_clean, format=PARQUET). The input RDD has 1 partitions.
[2026-03-09T13:49:06.407+0000] {subprocess.py:106} INFO - 26/03/09 13:49:06 INFO SparkContext: Starting job: sql at <unknown>:0
[2026-03-09T13:49:06.410+0000] {subprocess.py:106} INFO - 26/03/09 13:49:06 INFO DAGScheduler: Got job 8 (sql at <unknown>:0) with 1 output partitions
[2026-03-09T13:49:06.411+0000] {subprocess.py:106} INFO - 26/03/09 13:49:06 INFO DAGScheduler: Final stage: ResultStage 12 (sql at <unknown>:0)
[2026-03-09T13:49:06.412+0000] {subprocess.py:106} INFO - 26/03/09 13:49:06 INFO DAGScheduler: Parents of final stage: List(ShuffleMapStage 11)
[2026-03-09T13:49:06.420+0000] {subprocess.py:106} INFO - 26/03/09 13:49:06 INFO DAGScheduler: Missing parents: List()
[2026-03-09T13:49:06.421+0000] {subprocess.py:106} INFO - 26/03/09 13:49:06 INFO DAGScheduler: Submitting ResultStage 12 (MapPartitionsRDD[39] at sql at <unknown>:0), which has no missing parents
[2026-03-09T13:49:06.430+0000] {subprocess.py:106} INFO - 26/03/09 13:49:06 INFO MemoryStore: Block broadcast_22 stored as values in memory (estimated size 97.3 KiB, free 433.9 MiB)
[2026-03-09T13:49:06.433+0000] {subprocess.py:106} INFO - 26/03/09 13:49:06 INFO MemoryStore: Block broadcast_22_piece0 stored as bytes in memory (estimated size 33.5 KiB, free 433.8 MiB)
[2026-03-09T13:49:06.438+0000] {subprocess.py:106} INFO - 26/03/09 13:49:06 INFO BlockManagerInfo: Added broadcast_22_piece0 in memory on 499f1d118d82:46523 (size: 33.5 KiB, free: 434.2 MiB)
[2026-03-09T13:49:06.439+0000] {subprocess.py:106} INFO - 26/03/09 13:49:06 INFO SparkContext: Created broadcast 22 from broadcast at DAGScheduler.scala:1585
[2026-03-09T13:49:06.443+0000] {subprocess.py:106} INFO - 26/03/09 13:49:06 INFO DAGScheduler: Submitting 1 missing tasks from ResultStage 12 (MapPartitionsRDD[39] at sql at <unknown>:0) (first 15 tasks are for partitions Vector(0))
[2026-03-09T13:49:06.443+0000] {subprocess.py:106} INFO - 26/03/09 13:49:06 INFO TaskSchedulerImpl: Adding task set 12.0 with 1 tasks resource profile 0
[2026-03-09T13:49:06.463+0000] {subprocess.py:106} INFO - 26/03/09 13:49:06 INFO TaskSetManager: Starting task 0.0 in stage 12.0 (TID 10) (172.30.0.7, executor 0, partition 0, NODE_LOCAL, 9976 bytes)
[2026-03-09T13:49:06.484+0000] {subprocess.py:106} INFO - 26/03/09 13:49:06 INFO BlockManagerInfo: Added broadcast_22_piece0 in memory on 172.30.0.7:37967 (size: 33.5 KiB, free: 434.3 MiB)
[2026-03-09T13:49:06.535+0000] {subprocess.py:106} INFO - 26/03/09 13:49:06 INFO MapOutputTrackerMasterEndpoint: Asked to send map output locations for shuffle 4 to 172.30.0.7:34960
[2026-03-09T13:49:07.132+0000] {subprocess.py:106} INFO - 26/03/09 13:49:07 INFO BlockManagerInfo: Added broadcast_21_piece0 in memory on 172.30.0.7:37967 (size: 30.3 KiB, free: 434.2 MiB)
[2026-03-09T13:49:07.738+0000] {subprocess.py:106} INFO - 26/03/09 13:49:07 INFO TaskSetManager: Finished task 0.0 in stage 12.0 (TID 10) in 1278 ms on 172.30.0.7 (executor 0) (1/1)
[2026-03-09T13:49:07.739+0000] {subprocess.py:106} INFO - 26/03/09 13:49:07 INFO TaskSchedulerImpl: Removed TaskSet 12.0, whose tasks have all completed, from pool
[2026-03-09T13:49:07.743+0000] {subprocess.py:106} INFO - 26/03/09 13:49:07 INFO DAGScheduler: ResultStage 12 (sql at <unknown>:0) finished in 1.316 s
[2026-03-09T13:49:07.745+0000] {subprocess.py:106} INFO - 26/03/09 13:49:07 INFO DAGScheduler: Job 8 is finished. Cancelling potential speculative or zombie tasks for this job
[2026-03-09T13:49:07.747+0000] {subprocess.py:106} INFO - 26/03/09 13:49:07 INFO TaskSchedulerImpl: Killing all running tasks in stage 12: Stage finished
[2026-03-09T13:49:07.749+0000] {subprocess.py:106} INFO - 26/03/09 13:49:07 INFO DAGScheduler: Job 8 finished: sql at <unknown>:0, took 1.336842 s
[2026-03-09T13:49:07.750+0000] {subprocess.py:106} INFO - 26/03/09 13:49:07 INFO ReplaceDataExec: Data source write support IcebergBatchWrite(table=iceberg.silver.it_jobs_clean, format=PARQUET) is committing.
[2026-03-09T13:49:07.793+0000] {subprocess.py:106} INFO - 26/03/09 13:49:07 INFO SparkWrite: Committing overwrite of 0 data files with 1 new data files, scanSnapshotId: 5454293030814776376, conflictDetectionFilter: true to table iceberg.silver.it_jobs_clean
[2026-03-09T13:49:08.107+0000] {subprocess.py:106} INFO - 26/03/09 13:49:08 INFO BlockManagerInfo: Removed broadcast_22_piece0 on 499f1d118d82:46523 in memory (size: 33.5 KiB, free: 434.2 MiB)
[2026-03-09T13:49:08.110+0000] {subprocess.py:106} INFO - 26/03/09 13:49:08 INFO BlockManagerInfo: Removed broadcast_22_piece0 on 172.30.0.7:37967 in memory (size: 33.5 KiB, free: 434.3 MiB)
[2026-03-09T13:49:08.665+0000] {subprocess.py:106} INFO - 26/03/09 13:49:08 INFO HiveTableOperations: Committed to table iceberg.silver.it_jobs_clean with the new metadata location s3a://warehouse/iceberg_data/silver.db/it_jobs_clean/metadata/00010-a0789171-0f90-48cb-817c-8a39e4f8bda4.metadata.json
[2026-03-09T13:49:08.666+0000] {subprocess.py:106} INFO - 26/03/09 13:49:08 INFO BaseMetastoreTableOperations: Successfully committed to table iceberg.silver.it_jobs_clean in 406 ms
[2026-03-09T13:49:08.666+0000] {subprocess.py:106} INFO - 26/03/09 13:49:08 INFO SnapshotProducer: Committed snapshot 4784970351423732386 (BaseOverwriteFiles)
[2026-03-09T13:49:08.680+0000] {subprocess.py:106} INFO - 26/03/09 13:49:08 INFO BaseMetastoreTableOperations: Refreshing table metadata from new version: s3a://warehouse/iceberg_data/silver.db/it_jobs_clean/metadata/00010-a0789171-0f90-48cb-817c-8a39e4f8bda4.metadata.json
[2026-03-09T13:49:08.754+0000] {subprocess.py:106} INFO - 26/03/09 13:49:08 INFO LoggingMetricsReporter: Received metrics report: CommitReport{tableName=iceberg.silver.it_jobs_clean, snapshotId=4784970351423732386, sequenceNumber=11, operation=append, commitMetrics=CommitMetricsResult{totalDuration=TimerResult{timeUnit=NANOSECONDS, totalDuration=PT0.934629041S, count=1}, attempts=CounterResult{unit=COUNT, value=1}, addedDataFiles=CounterResult{unit=COUNT, value=1}, removedDataFiles=null, totalDataFiles=CounterResult{unit=COUNT, value=11}, addedDeleteFiles=null, addedEqualityDeleteFiles=null, addedPositionalDeleteFiles=null, removedDeleteFiles=null, removedEqualityDeleteFiles=null, removedPositionalDeleteFiles=null, totalDeleteFiles=CounterResult{unit=COUNT, value=0}, addedRecords=CounterResult{unit=COUNT, value=31}, removedRecords=null, totalRecords=CounterResult{unit=COUNT, value=8406}, addedFilesSizeInBytes=CounterResult{unit=BYTES, value=8217}, removedFilesSizeInBytes=null, totalFilesSizeInBytes=CounterResult{unit=BYTES, value=367171}, addedPositionalDeletes=null, removedPositionalDeletes=null, totalPositionalDeletes=CounterResult{unit=COUNT, value=0}, addedEqualityDeletes=null, removedEqualityDeletes=null, totalEqualityDeletes=CounterResult{unit=COUNT, value=0}}, metadata={engine-version=3.5.3, app-id=app-20260309134838-0004, engine-name=spark, iceberg-version=Apache Iceberg 1.6.1 (commit 8e9d59d299be42b0bca9461457cd1e95dbaad086)}}
[2026-03-09T13:49:08.755+0000] {subprocess.py:106} INFO - 26/03/09 13:49:08 INFO SparkWrite: Committed in 962 ms
[2026-03-09T13:49:08.755+0000] {subprocess.py:106} INFO - 26/03/09 13:49:08 INFO ReplaceDataExec: Data source write support IcebergBatchWrite(table=iceberg.silver.it_jobs_clean, format=PARQUET) committed.
[2026-03-09T13:49:08.758+0000] {subprocess.py:106} INFO - >>> SUCCESS: Data Merged (Upsert).
[2026-03-09T13:49:08.759+0000] {subprocess.py:106} INFO - 26/03/09 13:49:08 INFO SparkContext: SparkContext is stopping with exitCode 0.
[2026-03-09T13:49:08.772+0000] {subprocess.py:106} INFO - 26/03/09 13:49:08 INFO SparkUI: Stopped Spark web UI at http://499f1d118d82:4040
[2026-03-09T13:49:08.779+0000] {subprocess.py:106} INFO - 26/03/09 13:49:08 INFO StandaloneSchedulerBackend: Shutting down all executors
[2026-03-09T13:49:08.780+0000] {subprocess.py:106} INFO - 26/03/09 13:49:08 INFO StandaloneSchedulerBackend$StandaloneDriverEndpoint: Asking each executor to shut down
[2026-03-09T13:49:08.806+0000] {subprocess.py:106} INFO - 26/03/09 13:49:08 INFO MapOutputTrackerMasterEndpoint: MapOutputTrackerMasterEndpoint stopped!
[2026-03-09T13:49:08.835+0000] {subprocess.py:106} INFO - 26/03/09 13:49:08 INFO MemoryStore: MemoryStore cleared
[2026-03-09T13:49:08.837+0000] {subprocess.py:106} INFO - 26/03/09 13:49:08 INFO BlockManager: BlockManager stopped
[2026-03-09T13:49:08.837+0000] {subprocess.py:106} INFO - 26/03/09 13:49:08 INFO BlockManagerMaster: BlockManagerMaster stopped
[2026-03-09T13:49:08.852+0000] {subprocess.py:106} INFO - 26/03/09 13:49:08 INFO OutputCommitCoordinator$OutputCommitCoordinatorEndpoint: OutputCommitCoordinator stopped!
[2026-03-09T13:49:08.938+0000] {subprocess.py:106} INFO - 26/03/09 13:49:08 INFO SparkContext: Successfully stopped SparkContext
[2026-03-09T13:49:09.093+0000] {subprocess.py:106} INFO - 26/03/09 13:49:09 INFO ShutdownHookManager: Shutdown hook called
[2026-03-09T13:49:09.095+0000] {subprocess.py:106} INFO - 26/03/09 13:49:09 INFO ShutdownHookManager: Deleting directory /tmp/spark-d8775473-a9a6-4707-86f2-46461bd706b4/pyspark-f50ebe85-d2e0-49a8-a47a-b2ae611774ac
[2026-03-09T13:49:09.100+0000] {subprocess.py:106} INFO - 26/03/09 13:49:09 INFO ShutdownHookManager: Deleting directory /tmp/spark-9972bfdd-2434-48af-9939-839d735d3b95
[2026-03-09T13:49:09.105+0000] {subprocess.py:106} INFO - 26/03/09 13:49:09 INFO ShutdownHookManager: Deleting directory /tmp/spark-d8775473-a9a6-4707-86f2-46461bd706b4
[2026-03-09T13:49:09.124+0000] {subprocess.py:106} INFO - 26/03/09 13:49:09 INFO MetricsSystemImpl: Stopping s3a-file-system metrics system...
[2026-03-09T13:49:09.126+0000] {subprocess.py:106} INFO - 26/03/09 13:49:09 INFO MetricsSystemImpl: s3a-file-system metrics system stopped.
[2026-03-09T13:49:09.127+0000] {subprocess.py:106} INFO - 26/03/09 13:49:09 INFO MetricsSystemImpl: s3a-file-system metrics system shutdown complete.
[2026-03-09T13:49:09.251+0000] {subprocess.py:110} INFO - Command exited with return code 0
[2026-03-09T13:49:09.308+0000] {taskinstance.py:341} INFO - ::group::Post task execution logs
[2026-03-09T13:49:09.309+0000] {taskinstance.py:353} INFO - Marking task as SUCCESS. dag_id=crawl_etl_itjob, task_id=clean_silver, run_id=scheduled__2026-03-08T02:00:00+00:00, execution_date=20260308T020000, start_date=20260309T134833, end_date=20260309T134909
[2026-03-09T13:49:09.391+0000] {local_task_job_runner.py:266} INFO - Task exited with return code 0
[2026-03-09T13:49:09.432+0000] {taskinstance.py:3901} INFO - 1 downstream tasks scheduled from follow-on schedule check
[2026-03-09T13:49:09.435+0000] {local_task_job_runner.py:245} INFO - ::endgroup::
