[2026-04-07T07:26:54.424+0000] {local_task_job_runner.py:123} INFO - ::group::Pre task execution logs
[2026-04-07T07:26:54.469+0000] {taskinstance.py:2614} INFO - Dependencies all met for dep_context=non-requeueable deps ti=<TaskInstance: crawl_etl_itjob.clean_silver scheduled__2026-04-05T02:00:00+00:00 [queued]>
[2026-04-07T07:26:54.485+0000] {taskinstance.py:2614} INFO - Dependencies all met for dep_context=requeueable deps ti=<TaskInstance: crawl_etl_itjob.clean_silver scheduled__2026-04-05T02:00:00+00:00 [queued]>
[2026-04-07T07:26:54.486+0000] {taskinstance.py:2867} INFO - Starting attempt 1 of 2
[2026-04-07T07:26:54.506+0000] {taskinstance.py:2890} INFO - Executing <Task(BashOperator): clean_silver> on 2026-04-05 02:00:00+00:00
[2026-04-07T07:26:54.513+0000] {standard_task_runner.py:72} INFO - Started process 70 to run task
[2026-04-07T07:26:54.520+0000] {standard_task_runner.py:104} INFO - Running: ['***', 'tasks', 'run', 'crawl_etl_itjob', 'clean_silver', 'scheduled__2026-04-05T02:00:00+00:00', '--job-id', '787', '--raw', '--subdir', 'DAGS_FOLDER/Crawl_ETL_ITJob.py', '--cfg-path', '/tmp/tmp4ykbs_1u']
[2026-04-07T07:26:54.523+0000] {standard_task_runner.py:105} INFO - Job 787: Subtask clean_silver
[2026-04-07T07:26:54.554+0000] {warnings.py:109} WARNING - /home/***/.local/lib/python3.8/site-packages/***/settings.py:209: DeprecationWarning: The sql_alchemy_conn option in [core] has been moved to the sql_alchemy_conn option in [database] - the old setting has been used, but please update your config.
  SQL_ALCHEMY_CONN = conf.get("database", "SQL_ALCHEMY_CONN")

[2026-04-07T07:26:54.668+0000] {task_command.py:467} INFO - Running <TaskInstance: crawl_etl_itjob.clean_silver scheduled__2026-04-05T02:00:00+00:00 [running]> on host b48ab74ce2ed
[2026-04-07T07:26:54.670+0000] {warnings.py:109} WARNING - /home/***/.local/lib/python3.8/site-packages/***/settings.py:470: DeprecationWarning: The sql_alchemy_conn option in [core] has been moved to the sql_alchemy_conn option in [database] - the old setting has been used, but please update your config.
  if conf.get("database", "sql_alchemy_conn") == "none://":

[2026-04-07T07:26:54.866+0000] {taskinstance.py:3134} INFO - Exporting env vars: AIRFLOW_CTX_DAG_EMAIL='hoa856856@gmail.com' AIRFLOW_CTX_DAG_OWNER='***' AIRFLOW_CTX_DAG_ID='crawl_etl_itjob' AIRFLOW_CTX_TASK_ID='clean_silver' AIRFLOW_CTX_EXECUTION_DATE='2026-04-05T02:00:00+00:00' AIRFLOW_CTX_TRY_NUMBER='1' AIRFLOW_CTX_DAG_RUN_ID='scheduled__2026-04-05T02:00:00+00:00'
[2026-04-07T07:26:54.867+0000] {taskinstance.py:732} INFO - ::endgroup::
[2026-04-07T07:26:54.884+0000] {subprocess.py:78} INFO - Tmp dir root location: /tmp
[2026-04-07T07:26:54.885+0000] {subprocess.py:88} INFO - Running command: ['/bin/bash', '-c', "\n        docker exec spark-submit bash -c '\n        /opt/spark/bin/spark-submit         --master spark://spark-master:7077         --deploy-mode client         --packages org.apache.iceberg:iceberg-spark-runtime-3.5_2.12:1.5.0,org.apache.hadoop:hadoop-aws:3.3.4,com.amazonaws:aws-java-sdk-bundle:1.12.262         /opt/spark/scripts/Clean_Silver.py\n        '\n        "]
[2026-04-07T07:26:54.897+0000] {subprocess.py:99} INFO - Output:
[2026-04-07T07:26:55.036+0000] {subprocess.py:106} INFO - /opt/spark/bin/load-spark-env.sh: line 68: ps: command not found
[2026-04-07T07:26:57.533+0000] {subprocess.py:106} INFO - :: loading settings :: url = jar:file:/opt/spark/jars/ivy-2.5.1.jar!/org/apache/ivy/core/settings/ivysettings.xml
[2026-04-07T07:26:57.677+0000] {subprocess.py:106} INFO - Ivy Default Cache set to: /home/spark/.ivy2/cache
[2026-04-07T07:26:57.678+0000] {subprocess.py:106} INFO - The jars for the packages stored in: /home/spark/.ivy2/jars
[2026-04-07T07:26:57.689+0000] {subprocess.py:106} INFO - org.apache.iceberg#iceberg-spark-runtime-3.5_2.12 added as a dependency
[2026-04-07T07:26:57.690+0000] {subprocess.py:106} INFO - org.apache.hadoop#hadoop-aws added as a dependency
[2026-04-07T07:26:57.690+0000] {subprocess.py:106} INFO - com.amazonaws#aws-java-sdk-bundle added as a dependency
[2026-04-07T07:26:57.691+0000] {subprocess.py:106} INFO - :: resolving dependencies :: org.apache.spark#spark-submit-parent-47dc6b55-962e-4ad7-b9e9-6c08fc0eeeef;1.0
[2026-04-07T07:26:57.691+0000] {subprocess.py:106} INFO - 	confs: [default]
[2026-04-07T07:26:57.939+0000] {subprocess.py:106} INFO - 	found org.apache.iceberg#iceberg-spark-runtime-3.5_2.12;1.5.0 in central
[2026-04-07T07:26:58.039+0000] {subprocess.py:106} INFO - 	found org.apache.hadoop#hadoop-aws;3.3.4 in central
[2026-04-07T07:26:58.073+0000] {subprocess.py:106} INFO - 	found com.amazonaws#aws-java-sdk-bundle;1.12.262 in central
[2026-04-07T07:26:58.118+0000] {subprocess.py:106} INFO - 	found org.wildfly.openssl#wildfly-openssl;1.0.7.Final in central
[2026-04-07T07:26:58.148+0000] {subprocess.py:106} INFO - :: resolution report :: resolve 443ms :: artifacts dl 13ms
[2026-04-07T07:26:58.149+0000] {subprocess.py:106} INFO - 	:: modules in use:
[2026-04-07T07:26:58.149+0000] {subprocess.py:106} INFO - 	com.amazonaws#aws-java-sdk-bundle;1.12.262 from central in [default]
[2026-04-07T07:26:58.150+0000] {subprocess.py:106} INFO - 	org.apache.hadoop#hadoop-aws;3.3.4 from central in [default]
[2026-04-07T07:26:58.150+0000] {subprocess.py:106} INFO - 	org.apache.iceberg#iceberg-spark-runtime-3.5_2.12;1.5.0 from central in [default]
[2026-04-07T07:26:58.151+0000] {subprocess.py:106} INFO - 	org.wildfly.openssl#wildfly-openssl;1.0.7.Final from central in [default]
[2026-04-07T07:26:58.152+0000] {subprocess.py:106} INFO - 	---------------------------------------------------------------------
[2026-04-07T07:26:58.152+0000] {subprocess.py:106} INFO - 	|                  |            modules            ||   artifacts   |
[2026-04-07T07:26:58.153+0000] {subprocess.py:106} INFO - 	|       conf       | number| search|dwnlded|evicted|| number|dwnlded|
[2026-04-07T07:26:58.153+0000] {subprocess.py:106} INFO - 	---------------------------------------------------------------------
[2026-04-07T07:26:58.154+0000] {subprocess.py:106} INFO - 	|      default     |   4   |   0   |   0   |   0   ||   4   |   0   |
[2026-04-07T07:26:58.155+0000] {subprocess.py:106} INFO - 	---------------------------------------------------------------------
[2026-04-07T07:26:58.155+0000] {subprocess.py:106} INFO - :: retrieving :: org.apache.spark#spark-submit-parent-47dc6b55-962e-4ad7-b9e9-6c08fc0eeeef
[2026-04-07T07:26:58.156+0000] {subprocess.py:106} INFO - 	confs: [default]
[2026-04-07T07:26:58.167+0000] {subprocess.py:106} INFO - 	0 artifacts copied, 4 already retrieved (0kB/11ms)
[2026-04-07T07:26:58.441+0000] {subprocess.py:106} INFO - 26/04/07 07:26:58 WARN NativeCodeLoader: Unable to load native-hadoop library for your platform... using builtin-java classes where applicable
[2026-04-07T07:26:59.652+0000] {subprocess.py:106} INFO - 26/04/07 07:26:59 INFO SparkContext: Running Spark version 3.5.3
[2026-04-07T07:26:59.653+0000] {subprocess.py:106} INFO - 26/04/07 07:26:59 INFO SparkContext: OS info Linux, 6.6.87.2-microsoft-standard-WSL2, amd64
[2026-04-07T07:26:59.653+0000] {subprocess.py:106} INFO - 26/04/07 07:26:59 INFO SparkContext: Java version 11.0.30
[2026-04-07T07:26:59.687+0000] {subprocess.py:106} INFO - 26/04/07 07:26:59 INFO ResourceUtils: ==============================================================
[2026-04-07T07:26:59.688+0000] {subprocess.py:106} INFO - 26/04/07 07:26:59 INFO ResourceUtils: No custom resources configured for spark.driver.
[2026-04-07T07:26:59.688+0000] {subprocess.py:106} INFO - 26/04/07 07:26:59 INFO ResourceUtils: ==============================================================
[2026-04-07T07:26:59.690+0000] {subprocess.py:106} INFO - 26/04/07 07:26:59 INFO SparkContext: Submitted application: Silver_Etl_Cleaning_Merge
[2026-04-07T07:26:59.712+0000] {subprocess.py:106} INFO - 26/04/07 07:26:59 INFO ResourceProfile: Default ResourceProfile created, executor resources: Map(memory -> name: memory, amount: 1024, script: , vendor: , offHeap -> name: offHeap, amount: 0, script: , vendor: ), task resources: Map(cpus -> name: cpus, amount: 1.0)
[2026-04-07T07:26:59.723+0000] {subprocess.py:106} INFO - 26/04/07 07:26:59 INFO ResourceProfile: Limiting resource is cpu
[2026-04-07T07:26:59.724+0000] {subprocess.py:106} INFO - 26/04/07 07:26:59 INFO ResourceProfileManager: Added ResourceProfile id: 0
[2026-04-07T07:26:59.780+0000] {subprocess.py:106} INFO - 26/04/07 07:26:59 INFO SecurityManager: Changing view acls to: spark
[2026-04-07T07:26:59.781+0000] {subprocess.py:106} INFO - 26/04/07 07:26:59 INFO SecurityManager: Changing modify acls to: spark
[2026-04-07T07:26:59.782+0000] {subprocess.py:106} INFO - 26/04/07 07:26:59 INFO SecurityManager: Changing view acls groups to:
[2026-04-07T07:26:59.783+0000] {subprocess.py:106} INFO - 26/04/07 07:26:59 INFO SecurityManager: Changing modify acls groups to:
[2026-04-07T07:26:59.783+0000] {subprocess.py:106} INFO - 26/04/07 07:26:59 INFO SecurityManager: SecurityManager: authentication disabled; ui acls disabled; users with view permissions: spark; groups with view permissions: EMPTY; users with modify permissions: spark; groups with modify permissions: EMPTY
[2026-04-07T07:27:00.035+0000] {subprocess.py:106} INFO - 26/04/07 07:27:00 INFO Utils: Successfully started service 'sparkDriver' on port 35497.
[2026-04-07T07:27:00.071+0000] {subprocess.py:106} INFO - 26/04/07 07:27:00 INFO SparkEnv: Registering MapOutputTracker
[2026-04-07T07:27:00.110+0000] {subprocess.py:106} INFO - 26/04/07 07:27:00 INFO SparkEnv: Registering BlockManagerMaster
[2026-04-07T07:27:00.129+0000] {subprocess.py:106} INFO - 26/04/07 07:27:00 INFO BlockManagerMasterEndpoint: Using org.apache.spark.storage.DefaultTopologyMapper for getting topology information
[2026-04-07T07:27:00.129+0000] {subprocess.py:106} INFO - 26/04/07 07:27:00 INFO BlockManagerMasterEndpoint: BlockManagerMasterEndpoint up
[2026-04-07T07:27:00.135+0000] {subprocess.py:106} INFO - 26/04/07 07:27:00 INFO SparkEnv: Registering BlockManagerMasterHeartbeat
[2026-04-07T07:27:00.167+0000] {subprocess.py:106} INFO - 26/04/07 07:27:00 INFO DiskBlockManager: Created local directory at /tmp/blockmgr-30684a6a-8f21-42df-9985-8361c16a671e
[2026-04-07T07:27:00.189+0000] {subprocess.py:106} INFO - 26/04/07 07:27:00 INFO MemoryStore: MemoryStore started with capacity 434.4 MiB
[2026-04-07T07:27:00.205+0000] {subprocess.py:106} INFO - 26/04/07 07:27:00 INFO SparkEnv: Registering OutputCommitCoordinator
[2026-04-07T07:27:00.358+0000] {subprocess.py:106} INFO - 26/04/07 07:27:00 INFO JettyUtils: Start Jetty 0.0.0.0:4040 for SparkUI
[2026-04-07T07:27:00.431+0000] {subprocess.py:106} INFO - 26/04/07 07:27:00 INFO Utils: Successfully started service 'SparkUI' on port 4040.
[2026-04-07T07:27:00.473+0000] {subprocess.py:106} INFO - 26/04/07 07:27:00 INFO SparkContext: Added JAR file:///home/spark/.ivy2/jars/org.apache.iceberg_iceberg-spark-runtime-3.5_2.12-1.5.0.jar at spark://d0f687c55036:35497/jars/org.apache.iceberg_iceberg-spark-runtime-3.5_2.12-1.5.0.jar with timestamp 1775546819633
[2026-04-07T07:27:00.474+0000] {subprocess.py:106} INFO - 26/04/07 07:27:00 INFO SparkContext: Added JAR file:///home/spark/.ivy2/jars/org.apache.hadoop_hadoop-aws-3.3.4.jar at spark://d0f687c55036:35497/jars/org.apache.hadoop_hadoop-aws-3.3.4.jar with timestamp 1775546819633
[2026-04-07T07:27:00.474+0000] {subprocess.py:106} INFO - 26/04/07 07:27:00 INFO SparkContext: Added JAR file:///home/spark/.ivy2/jars/com.amazonaws_aws-java-sdk-bundle-1.12.262.jar at spark://d0f687c55036:35497/jars/com.amazonaws_aws-java-sdk-bundle-1.12.262.jar with timestamp 1775546819633
[2026-04-07T07:27:00.476+0000] {subprocess.py:106} INFO - 26/04/07 07:27:00 INFO SparkContext: Added JAR file:///home/spark/.ivy2/jars/org.wildfly.openssl_wildfly-openssl-1.0.7.Final.jar at spark://d0f687c55036:35497/jars/org.wildfly.openssl_wildfly-openssl-1.0.7.Final.jar with timestamp 1775546819633
[2026-04-07T07:27:00.485+0000] {subprocess.py:106} INFO - 26/04/07 07:27:00 INFO SparkContext: Added file file:///home/spark/.ivy2/jars/org.apache.iceberg_iceberg-spark-runtime-3.5_2.12-1.5.0.jar at spark://d0f687c55036:35497/files/org.apache.iceberg_iceberg-spark-runtime-3.5_2.12-1.5.0.jar with timestamp 1775546819633
[2026-04-07T07:27:00.487+0000] {subprocess.py:106} INFO - 26/04/07 07:27:00 INFO Utils: Copying /home/spark/.ivy2/jars/org.apache.iceberg_iceberg-spark-runtime-3.5_2.12-1.5.0.jar to /tmp/spark-01b95f1a-13e2-42cc-902e-0efff3d5218e/userFiles-5966dc13-21ac-4d8f-b412-a3f61ddb2a72/org.apache.iceberg_iceberg-spark-runtime-3.5_2.12-1.5.0.jar
[2026-04-07T07:27:00.552+0000] {subprocess.py:106} INFO - 26/04/07 07:27:00 INFO SparkContext: Added file file:///home/spark/.ivy2/jars/org.apache.hadoop_hadoop-aws-3.3.4.jar at spark://d0f687c55036:35497/files/org.apache.hadoop_hadoop-aws-3.3.4.jar with timestamp 1775546819633
[2026-04-07T07:27:00.553+0000] {subprocess.py:106} INFO - 26/04/07 07:27:00 INFO Utils: Copying /home/spark/.ivy2/jars/org.apache.hadoop_hadoop-aws-3.3.4.jar to /tmp/spark-01b95f1a-13e2-42cc-902e-0efff3d5218e/userFiles-5966dc13-21ac-4d8f-b412-a3f61ddb2a72/org.apache.hadoop_hadoop-aws-3.3.4.jar
[2026-04-07T07:27:00.559+0000] {subprocess.py:106} INFO - 26/04/07 07:27:00 INFO SparkContext: Added file file:///home/spark/.ivy2/jars/com.amazonaws_aws-java-sdk-bundle-1.12.262.jar at spark://d0f687c55036:35497/files/com.amazonaws_aws-java-sdk-bundle-1.12.262.jar with timestamp 1775546819633
[2026-04-07T07:27:00.560+0000] {subprocess.py:106} INFO - 26/04/07 07:27:00 INFO Utils: Copying /home/spark/.ivy2/jars/com.amazonaws_aws-java-sdk-bundle-1.12.262.jar to /tmp/spark-01b95f1a-13e2-42cc-902e-0efff3d5218e/userFiles-5966dc13-21ac-4d8f-b412-a3f61ddb2a72/com.amazonaws_aws-java-sdk-bundle-1.12.262.jar
[2026-04-07T07:27:00.906+0000] {subprocess.py:106} INFO - 26/04/07 07:27:00 INFO SparkContext: Added file file:///home/spark/.ivy2/jars/org.wildfly.openssl_wildfly-openssl-1.0.7.Final.jar at spark://d0f687c55036:35497/files/org.wildfly.openssl_wildfly-openssl-1.0.7.Final.jar with timestamp 1775546819633
[2026-04-07T07:27:00.907+0000] {subprocess.py:106} INFO - 26/04/07 07:27:00 INFO Utils: Copying /home/spark/.ivy2/jars/org.wildfly.openssl_wildfly-openssl-1.0.7.Final.jar to /tmp/spark-01b95f1a-13e2-42cc-902e-0efff3d5218e/userFiles-5966dc13-21ac-4d8f-b412-a3f61ddb2a72/org.wildfly.openssl_wildfly-openssl-1.0.7.Final.jar
[2026-04-07T07:27:00.998+0000] {subprocess.py:106} INFO - 26/04/07 07:27:00 INFO StandaloneAppClient$ClientEndpoint: Connecting to master spark://spark-master:7077...
[2026-04-07T07:27:01.046+0000] {subprocess.py:106} INFO - 26/04/07 07:27:01 INFO TransportClientFactory: Successfully created connection to spark-master/172.30.0.6:7077 after 29 ms (0 ms spent in bootstraps)
[2026-04-07T07:27:01.158+0000] {subprocess.py:106} INFO - 26/04/07 07:27:01 INFO StandaloneSchedulerBackend: Connected to Spark cluster with app ID app-20260407072701-0001
[2026-04-07T07:27:01.160+0000] {subprocess.py:106} INFO - 26/04/07 07:27:01 INFO StandaloneAppClient$ClientEndpoint: Executor added: app-20260407072701-0001/0 on worker-20260407071422-172.30.0.7-40989 (172.30.0.7:40989) with 8 core(s)
[2026-04-07T07:27:01.163+0000] {subprocess.py:106} INFO - 26/04/07 07:27:01 INFO StandaloneSchedulerBackend: Granted executor ID app-20260407072701-0001/0 on hostPort 172.30.0.7:40989 with 8 core(s), 1024.0 MiB RAM
[2026-04-07T07:27:01.172+0000] {subprocess.py:106} INFO - 26/04/07 07:27:01 INFO Utils: Successfully started service 'org.apache.spark.network.netty.NettyBlockTransferService' on port 40743.
[2026-04-07T07:27:01.173+0000] {subprocess.py:106} INFO - 26/04/07 07:27:01 INFO NettyBlockTransferService: Server created on d0f687c55036:40743
[2026-04-07T07:27:01.175+0000] {subprocess.py:106} INFO - 26/04/07 07:27:01 INFO BlockManager: Using org.apache.spark.storage.RandomBlockReplicationPolicy for block replication policy
[2026-04-07T07:27:01.191+0000] {subprocess.py:106} INFO - 26/04/07 07:27:01 INFO BlockManagerMaster: Registering BlockManager BlockManagerId(driver, d0f687c55036, 40743, None)
[2026-04-07T07:27:01.196+0000] {subprocess.py:106} INFO - 26/04/07 07:27:01 INFO BlockManagerMasterEndpoint: Registering block manager d0f687c55036:40743 with 434.4 MiB RAM, BlockManagerId(driver, d0f687c55036, 40743, None)
[2026-04-07T07:27:01.212+0000] {subprocess.py:106} INFO - 26/04/07 07:27:01 INFO BlockManagerMaster: Registered BlockManager BlockManagerId(driver, d0f687c55036, 40743, None)
[2026-04-07T07:27:01.213+0000] {subprocess.py:106} INFO - 26/04/07 07:27:01 INFO BlockManager: Initialized BlockManager: BlockManagerId(driver, d0f687c55036, 40743, None)
[2026-04-07T07:27:01.220+0000] {subprocess.py:106} INFO - 26/04/07 07:27:01 INFO StandaloneAppClient$ClientEndpoint: Executor updated: app-20260407072701-0001/0 is now RUNNING
[2026-04-07T07:27:01.547+0000] {subprocess.py:106} INFO - 26/04/07 07:27:01 INFO StandaloneSchedulerBackend: SchedulerBackend is ready for scheduling beginning after reached minRegisteredResourcesRatio: 0.0
[2026-04-07T07:27:01.883+0000] {subprocess.py:106} INFO - 26/04/07 07:27:01 INFO SharedState: Setting hive.metastore.warehouse.dir ('null') to the value of spark.sql.warehouse.dir.
[2026-04-07T07:27:01.886+0000] {subprocess.py:106} INFO - 26/04/07 07:27:01 INFO SharedState: Warehouse path is 'file:/opt/spark/spark-warehouse'.
[2026-04-07T07:27:08.579+0000] {subprocess.py:106} INFO - 26/04/07 07:27:08 INFO HiveConf: Found configuration file null
[2026-04-07T07:27:08.965+0000] {subprocess.py:106} INFO - 26/04/07 07:27:08 INFO metastore: Trying to connect to metastore with URI thrift://hive-metastore:9083
[2026-04-07T07:27:09.004+0000] {subprocess.py:106} INFO - 26/04/07 07:27:09 INFO metastore: Opened a connection to metastore, current connections: 1
[2026-04-07T07:27:09.111+0000] {subprocess.py:106} INFO - 26/04/07 07:27:09 INFO metastore: Connected to metastore.
[2026-04-07T07:27:09.162+0000] {subprocess.py:106} INFO - 26/04/07 07:27:09 INFO StandaloneSchedulerBackend$StandaloneDriverEndpoint: Registered executor NettyRpcEndpointRef(spark-client://Executor) (172.30.0.7:59274) with ID 0,  ResourceProfileId 0
[2026-04-07T07:27:09.312+0000] {subprocess.py:106} INFO - 26/04/07 07:27:09 INFO BlockManagerMasterEndpoint: Registering block manager 172.30.0.7:46883 with 434.4 MiB RAM, BlockManagerId(0, 172.30.0.7, 46883, None)
[2026-04-07T07:27:09.425+0000] {subprocess.py:106} INFO - 26/04/07 07:27:09 INFO BaseMetastoreTableOperations: Refreshing table metadata from new version: s3a://warehouse/iceberg_data/silver.db/it_jobs_clean/metadata/00000-8226a576-545b-4ed4-98d0-04f7a4e9408e.metadata.json
[2026-04-07T07:27:09.685+0000] {subprocess.py:106} INFO - 26/04/07 07:27:09 WARN MetricsConfig: Cannot locate configuration: tried hadoop-metrics2-s3a-file-system.properties,hadoop-metrics2.properties
[2026-04-07T07:27:09.707+0000] {subprocess.py:106} INFO - 26/04/07 07:27:09 INFO MetricsSystemImpl: Scheduled Metric snapshot period at 10 second(s).
[2026-04-07T07:27:09.708+0000] {subprocess.py:106} INFO - 26/04/07 07:27:09 INFO MetricsSystemImpl: s3a-file-system metrics system started
[2026-04-07T07:27:11.999+0000] {subprocess.py:106} INFO - 26/04/07 07:27:11 INFO BaseMetastoreCatalog: Table loaded by catalog: iceberg.silver.it_jobs_clean
[2026-04-07T07:27:13.616+0000] {subprocess.py:106} INFO - 26/04/07 07:27:13 INFO SnapshotScan: Scanning table iceberg.silver.it_jobs_clean snapshot 13778153391741735 created at 2026-04-05T12:33:13.603+00:00 with filter true
[2026-04-07T07:27:13.925+0000] {subprocess.py:106} INFO - 26/04/07 07:27:13 INFO BaseDistributedDataScan: Planning file tasks locally for table iceberg.silver.it_jobs_clean
[2026-04-07T07:27:14.101+0000] {subprocess.py:106} INFO - 26/04/07 07:27:14 INFO V2ScanRelationPushDown:
[2026-04-07T07:27:14.103+0000] {subprocess.py:106} INFO - Pushing operators to iceberg.silver.it_jobs_clean
[2026-04-07T07:27:14.104+0000] {subprocess.py:106} INFO - Pushed Aggregate Functions:
[2026-04-07T07:27:14.105+0000] {subprocess.py:106} INFO -  MAX(ingest_time)
[2026-04-07T07:27:14.106+0000] {subprocess.py:106} INFO - Pushed Group by:
[2026-04-07T07:27:14.107+0000] {subprocess.py:106} INFO - 
[2026-04-07T07:27:14.108+0000] {subprocess.py:106} INFO - 
[2026-04-07T07:27:15.474+0000] {subprocess.py:106} INFO - 26/04/07 07:27:15 INFO CodeGenerator: Code generated in 302.81923 ms
[2026-04-07T07:27:15.507+0000] {subprocess.py:106} INFO - 26/04/07 07:27:15 INFO CodeGenerator: Code generated in 16.618094 ms
[2026-04-07T07:27:15.688+0000] {subprocess.py:106} INFO - 26/04/07 07:27:15 INFO DAGScheduler: Registering RDD 2 (collect at /opt/spark/scripts/Clean_Silver.py:56) as input to shuffle 0
[2026-04-07T07:27:15.695+0000] {subprocess.py:106} INFO - 26/04/07 07:27:15 INFO DAGScheduler: Got map stage job 0 (collect at /opt/spark/scripts/Clean_Silver.py:56) with 1 output partitions
[2026-04-07T07:27:15.697+0000] {subprocess.py:106} INFO - 26/04/07 07:27:15 INFO DAGScheduler: Final stage: ShuffleMapStage 0 (collect at /opt/spark/scripts/Clean_Silver.py:56)
[2026-04-07T07:27:15.698+0000] {subprocess.py:106} INFO - 26/04/07 07:27:15 INFO DAGScheduler: Parents of final stage: List()
[2026-04-07T07:27:15.702+0000] {subprocess.py:106} INFO - 26/04/07 07:27:15 INFO DAGScheduler: Missing parents: List()
[2026-04-07T07:27:15.707+0000] {subprocess.py:106} INFO - 26/04/07 07:27:15 INFO DAGScheduler: Submitting ShuffleMapStage 0 (MapPartitionsRDD[2] at collect at /opt/spark/scripts/Clean_Silver.py:56), which has no missing parents
[2026-04-07T07:27:15.866+0000] {subprocess.py:106} INFO - 26/04/07 07:27:15 INFO MemoryStore: Block broadcast_0 stored as values in memory (estimated size 12.0 KiB, free 434.4 MiB)
[2026-04-07T07:27:15.944+0000] {subprocess.py:106} INFO - 26/04/07 07:27:15 INFO MemoryStore: Block broadcast_0_piece0 stored as bytes in memory (estimated size 6.0 KiB, free 434.4 MiB)
[2026-04-07T07:27:15.959+0000] {subprocess.py:106} INFO - 26/04/07 07:27:15 INFO BlockManagerInfo: Added broadcast_0_piece0 in memory on d0f687c55036:40743 (size: 6.0 KiB, free: 434.4 MiB)
[2026-04-07T07:27:15.984+0000] {subprocess.py:106} INFO - 26/04/07 07:27:15 INFO SparkContext: Created broadcast 0 from broadcast at DAGScheduler.scala:1585
[2026-04-07T07:27:16.027+0000] {subprocess.py:106} INFO - 26/04/07 07:27:16 INFO DAGScheduler: Submitting 1 missing tasks from ShuffleMapStage 0 (MapPartitionsRDD[2] at collect at /opt/spark/scripts/Clean_Silver.py:56) (first 15 tasks are for partitions Vector(0))
[2026-04-07T07:27:16.031+0000] {subprocess.py:106} INFO - 26/04/07 07:27:16 INFO TaskSchedulerImpl: Adding task set 0.0 with 1 tasks resource profile 0
[2026-04-07T07:27:16.082+0000] {subprocess.py:106} INFO - 26/04/07 07:27:16 INFO TaskSetManager: Starting task 0.0 in stage 0.0 (TID 0) (172.30.0.7, executor 0, partition 0, PROCESS_LOCAL, 10137 bytes)
[2026-04-07T07:27:16.456+0000] {subprocess.py:106} INFO - 26/04/07 07:27:16 INFO BlockManagerInfo: Added broadcast_0_piece0 in memory on 172.30.0.7:46883 (size: 6.0 KiB, free: 434.4 MiB)
[2026-04-07T07:27:18.005+0000] {subprocess.py:106} INFO - 26/04/07 07:27:18 INFO TaskSetManager: Finished task 0.0 in stage 0.0 (TID 0) in 1943 ms on 172.30.0.7 (executor 0) (1/1)
[2026-04-07T07:27:18.008+0000] {subprocess.py:106} INFO - 26/04/07 07:27:18 INFO TaskSchedulerImpl: Removed TaskSet 0.0, whose tasks have all completed, from pool
[2026-04-07T07:27:18.020+0000] {subprocess.py:106} INFO - 26/04/07 07:27:18 INFO DAGScheduler: ShuffleMapStage 0 (collect at /opt/spark/scripts/Clean_Silver.py:56) finished in 2.287 s
[2026-04-07T07:27:18.021+0000] {subprocess.py:106} INFO - 26/04/07 07:27:18 INFO DAGScheduler: looking for newly runnable stages
[2026-04-07T07:27:18.022+0000] {subprocess.py:106} INFO - 26/04/07 07:27:18 INFO DAGScheduler: running: Set()
[2026-04-07T07:27:18.023+0000] {subprocess.py:106} INFO - 26/04/07 07:27:18 INFO DAGScheduler: waiting: Set()
[2026-04-07T07:27:18.024+0000] {subprocess.py:106} INFO - 26/04/07 07:27:18 INFO DAGScheduler: failed: Set()
[2026-04-07T07:27:18.090+0000] {subprocess.py:106} INFO - 26/04/07 07:27:18 INFO CodeGenerator: Code generated in 16.129566 ms
[2026-04-07T07:27:18.150+0000] {subprocess.py:106} INFO - 26/04/07 07:27:18 INFO SparkContext: Starting job: collect at /opt/spark/scripts/Clean_Silver.py:56
[2026-04-07T07:27:18.156+0000] {subprocess.py:106} INFO - 26/04/07 07:27:18 INFO DAGScheduler: Got job 1 (collect at /opt/spark/scripts/Clean_Silver.py:56) with 1 output partitions
[2026-04-07T07:27:18.157+0000] {subprocess.py:106} INFO - 26/04/07 07:27:18 INFO DAGScheduler: Final stage: ResultStage 2 (collect at /opt/spark/scripts/Clean_Silver.py:56)
[2026-04-07T07:27:18.158+0000] {subprocess.py:106} INFO - 26/04/07 07:27:18 INFO DAGScheduler: Parents of final stage: List(ShuffleMapStage 1)
[2026-04-07T07:27:18.159+0000] {subprocess.py:106} INFO - 26/04/07 07:27:18 INFO DAGScheduler: Missing parents: List()
[2026-04-07T07:27:18.162+0000] {subprocess.py:106} INFO - 26/04/07 07:27:18 INFO DAGScheduler: Submitting ResultStage 2 (MapPartitionsRDD[5] at collect at /opt/spark/scripts/Clean_Silver.py:56), which has no missing parents
[2026-04-07T07:27:18.177+0000] {subprocess.py:106} INFO - 26/04/07 07:27:18 INFO MemoryStore: Block broadcast_1 stored as values in memory (estimated size 13.1 KiB, free 434.4 MiB)
[2026-04-07T07:27:18.203+0000] {subprocess.py:106} INFO - 26/04/07 07:27:18 INFO MemoryStore: Block broadcast_1_piece0 stored as bytes in memory (estimated size 6.1 KiB, free 434.4 MiB)
[2026-04-07T07:27:18.210+0000] {subprocess.py:106} INFO - 26/04/07 07:27:18 INFO BlockManagerInfo: Added broadcast_1_piece0 in memory on d0f687c55036:40743 (size: 6.1 KiB, free: 434.4 MiB)
[2026-04-07T07:27:18.211+0000] {subprocess.py:106} INFO - 26/04/07 07:27:18 INFO SparkContext: Created broadcast 1 from broadcast at DAGScheduler.scala:1585
[2026-04-07T07:27:18.213+0000] {subprocess.py:106} INFO - 26/04/07 07:27:18 INFO DAGScheduler: Submitting 1 missing tasks from ResultStage 2 (MapPartitionsRDD[5] at collect at /opt/spark/scripts/Clean_Silver.py:56) (first 15 tasks are for partitions Vector(0))
[2026-04-07T07:27:18.215+0000] {subprocess.py:106} INFO - 26/04/07 07:27:18 INFO TaskSchedulerImpl: Adding task set 2.0 with 1 tasks resource profile 0
[2026-04-07T07:27:18.223+0000] {subprocess.py:106} INFO - 26/04/07 07:27:18 INFO TaskSetManager: Starting task 0.0 in stage 2.0 (TID 1) (172.30.0.7, executor 0, partition 0, NODE_LOCAL, 9976 bytes)
[2026-04-07T07:27:18.264+0000] {subprocess.py:106} INFO - 26/04/07 07:27:18 INFO BlockManagerInfo: Removed broadcast_0_piece0 on 172.30.0.7:46883 in memory (size: 6.0 KiB, free: 434.4 MiB)
[2026-04-07T07:27:18.279+0000] {subprocess.py:106} INFO - 26/04/07 07:27:18 INFO BlockManagerInfo: Removed broadcast_0_piece0 on d0f687c55036:40743 in memory (size: 6.0 KiB, free: 434.4 MiB)
[2026-04-07T07:27:18.291+0000] {subprocess.py:106} INFO - 26/04/07 07:27:18 INFO BlockManagerInfo: Added broadcast_1_piece0 in memory on 172.30.0.7:46883 (size: 6.1 KiB, free: 434.4 MiB)
[2026-04-07T07:27:18.382+0000] {subprocess.py:106} INFO - 26/04/07 07:27:18 INFO MapOutputTrackerMasterEndpoint: Asked to send map output locations for shuffle 0 to 172.30.0.7:59274
[2026-04-07T07:27:18.595+0000] {subprocess.py:106} INFO - 26/04/07 07:27:18 INFO TaskSetManager: Finished task 0.0 in stage 2.0 (TID 1) in 374 ms on 172.30.0.7 (executor 0) (1/1)
[2026-04-07T07:27:18.596+0000] {subprocess.py:106} INFO - 26/04/07 07:27:18 INFO TaskSchedulerImpl: Removed TaskSet 2.0, whose tasks have all completed, from pool
[2026-04-07T07:27:18.600+0000] {subprocess.py:106} INFO - 26/04/07 07:27:18 INFO DAGScheduler: ResultStage 2 (collect at /opt/spark/scripts/Clean_Silver.py:56) finished in 0.424 s
[2026-04-07T07:27:18.606+0000] {subprocess.py:106} INFO - 26/04/07 07:27:18 INFO DAGScheduler: Job 1 is finished. Cancelling potential speculative or zombie tasks for this job
[2026-04-07T07:27:18.609+0000] {subprocess.py:106} INFO - 26/04/07 07:27:18 INFO TaskSchedulerImpl: Killing all running tasks in stage 2: Stage finished
[2026-04-07T07:27:18.610+0000] {subprocess.py:106} INFO - 26/04/07 07:27:18 INFO DAGScheduler: Job 1 finished: collect at /opt/spark/scripts/Clean_Silver.py:56, took 0.457251 s
[2026-04-07T07:27:18.896+0000] {subprocess.py:106} INFO - >>> Watermark (Last Processed Time): 2026-04-05 12:32:27.917130
[2026-04-07T07:27:18.930+0000] {subprocess.py:106} INFO - 26/04/07 07:27:18 INFO BaseMetastoreTableOperations: Refreshing table metadata from new version: s3a://warehouse/iceberg_data/bronze.db/it_jobs_raw/metadata/00001-69ec031c-079f-4d5b-b323-86c0f567bd10.metadata.json
[2026-04-07T07:27:18.963+0000] {subprocess.py:106} INFO - 26/04/07 07:27:18 INFO BaseMetastoreCatalog: Table loaded by catalog: iceberg.bronze.it_jobs_raw
[2026-04-07T07:27:18.984+0000] {subprocess.py:106} INFO - >>> INCREMENTAL LOAD: Reading only new data...
[2026-04-07T07:27:19.266+0000] {subprocess.py:106} INFO - 26/04/07 07:27:19 INFO V2ScanRelationPushDown:
[2026-04-07T07:27:19.267+0000] {subprocess.py:106} INFO - Pushing operators to iceberg.bronze.it_jobs_raw
[2026-04-07T07:27:19.267+0000] {subprocess.py:106} INFO - Pushed Filters: ingest_time IS NOT NULL, ingest_time > 1775392347917130
[2026-04-07T07:27:19.268+0000] {subprocess.py:106} INFO - Post-Scan Filters: isnotnull(ingest_time#36),(ingest_time#36 > 2026-04-05 12:32:27.91713)
[2026-04-07T07:27:19.268+0000] {subprocess.py:106} INFO - 
[2026-04-07T07:27:19.299+0000] {subprocess.py:106} INFO - 26/04/07 07:27:19 INFO V2ScanRelationPushDown:
[2026-04-07T07:27:19.300+0000] {subprocess.py:106} INFO - Output: ingest_time#36
[2026-04-07T07:27:19.300+0000] {subprocess.py:106} INFO - 
[2026-04-07T07:27:19.312+0000] {subprocess.py:106} INFO - 26/04/07 07:27:19 INFO SnapshotScan: Scanning table iceberg.bronze.it_jobs_raw snapshot 7583595530125690865 created at 2026-04-07T07:26:50.030+00:00 with filter (ingest_time IS NOT NULL AND ingest_time > (16-digit-int))
[2026-04-07T07:27:19.335+0000] {subprocess.py:106} INFO - 26/04/07 07:27:19 INFO BlockManagerInfo: Removed broadcast_1_piece0 on d0f687c55036:40743 in memory (size: 6.1 KiB, free: 434.4 MiB)
[2026-04-07T07:27:19.341+0000] {subprocess.py:106} INFO - 26/04/07 07:27:19 INFO BlockManagerInfo: Removed broadcast_1_piece0 on 172.30.0.7:46883 in memory (size: 6.1 KiB, free: 434.4 MiB)
[2026-04-07T07:27:19.395+0000] {subprocess.py:106} INFO - 26/04/07 07:27:19 INFO BaseDistributedDataScan: Planning file tasks locally for table iceberg.bronze.it_jobs_raw
[2026-04-07T07:27:19.484+0000] {subprocess.py:106} INFO - 26/04/07 07:27:19 INFO SparkPartitioningAwareScan: Reporting UnknownPartitioning with 1 partition(s) for table iceberg.bronze.it_jobs_raw
[2026-04-07T07:27:19.512+0000] {subprocess.py:106} INFO - 26/04/07 07:27:19 INFO MemoryStore: Block broadcast_2 stored as values in memory (estimated size 32.0 KiB, free 434.4 MiB)
[2026-04-07T07:27:19.540+0000] {subprocess.py:106} INFO - 26/04/07 07:27:19 INFO MemoryStore: Block broadcast_2_piece0 stored as bytes in memory (estimated size 30.3 KiB, free 434.3 MiB)
[2026-04-07T07:27:19.544+0000] {subprocess.py:106} INFO - 26/04/07 07:27:19 INFO BlockManagerInfo: Added broadcast_2_piece0 in memory on d0f687c55036:40743 (size: 30.3 KiB, free: 434.4 MiB)
[2026-04-07T07:27:19.549+0000] {subprocess.py:106} INFO - 26/04/07 07:27:19 INFO SparkContext: Created broadcast 2 from broadcast at SparkBatch.java:79
[2026-04-07T07:27:19.565+0000] {subprocess.py:106} INFO - 26/04/07 07:27:19 INFO MemoryStore: Block broadcast_3 stored as values in memory (estimated size 32.0 KiB, free 434.3 MiB)
[2026-04-07T07:27:19.581+0000] {subprocess.py:106} INFO - 26/04/07 07:27:19 INFO MemoryStore: Block broadcast_3_piece0 stored as bytes in memory (estimated size 30.2 KiB, free 434.3 MiB)
[2026-04-07T07:27:19.584+0000] {subprocess.py:106} INFO - 26/04/07 07:27:19 INFO BlockManagerInfo: Added broadcast_3_piece0 in memory on d0f687c55036:40743 (size: 30.2 KiB, free: 434.3 MiB)
[2026-04-07T07:27:19.585+0000] {subprocess.py:106} INFO - 26/04/07 07:27:19 INFO SparkContext: Created broadcast 3 from broadcast at SparkBatch.java:79
[2026-04-07T07:27:19.700+0000] {subprocess.py:106} INFO - 26/04/07 07:27:19 INFO CodeGenerator: Code generated in 32.370105 ms
[2026-04-07T07:27:19.730+0000] {subprocess.py:106} INFO - 26/04/07 07:27:19 INFO DAGScheduler: Registering RDD 9 (count at NativeMethodAccessorImpl.java:0) as input to shuffle 1
[2026-04-07T07:27:19.731+0000] {subprocess.py:106} INFO - 26/04/07 07:27:19 INFO DAGScheduler: Got map stage job 2 (count at NativeMethodAccessorImpl.java:0) with 1 output partitions
[2026-04-07T07:27:19.733+0000] {subprocess.py:106} INFO - 26/04/07 07:27:19 INFO DAGScheduler: Final stage: ShuffleMapStage 3 (count at NativeMethodAccessorImpl.java:0)
[2026-04-07T07:27:19.734+0000] {subprocess.py:106} INFO - 26/04/07 07:27:19 INFO DAGScheduler: Parents of final stage: List()
[2026-04-07T07:27:19.735+0000] {subprocess.py:106} INFO - 26/04/07 07:27:19 INFO DAGScheduler: Missing parents: List()
[2026-04-07T07:27:19.737+0000] {subprocess.py:106} INFO - 26/04/07 07:27:19 INFO DAGScheduler: Submitting ShuffleMapStage 3 (MapPartitionsRDD[9] at count at NativeMethodAccessorImpl.java:0), which has no missing parents
[2026-04-07T07:27:19.752+0000] {subprocess.py:106} INFO - 26/04/07 07:27:19 INFO MemoryStore: Block broadcast_4 stored as values in memory (estimated size 17.8 KiB, free 434.3 MiB)
[2026-04-07T07:27:19.798+0000] {subprocess.py:106} INFO - 26/04/07 07:27:19 INFO MemoryStore: Block broadcast_4_piece0 stored as bytes in memory (estimated size 7.6 KiB, free 434.3 MiB)
[2026-04-07T07:27:19.802+0000] {subprocess.py:106} INFO - 26/04/07 07:27:19 INFO BlockManagerInfo: Added broadcast_4_piece0 in memory on d0f687c55036:40743 (size: 7.6 KiB, free: 434.3 MiB)
[2026-04-07T07:27:19.803+0000] {subprocess.py:106} INFO - 26/04/07 07:27:19 INFO SparkContext: Created broadcast 4 from broadcast at DAGScheduler.scala:1585
[2026-04-07T07:27:19.812+0000] {subprocess.py:106} INFO - 26/04/07 07:27:19 INFO DAGScheduler: Submitting 1 missing tasks from ShuffleMapStage 3 (MapPartitionsRDD[9] at count at NativeMethodAccessorImpl.java:0) (first 15 tasks are for partitions Vector(0))
[2026-04-07T07:27:19.815+0000] {subprocess.py:106} INFO - 26/04/07 07:27:19 INFO TaskSchedulerImpl: Adding task set 3.0 with 1 tasks resource profile 0
[2026-04-07T07:27:19.846+0000] {subprocess.py:106} INFO - 26/04/07 07:27:19 INFO TaskSetManager: Starting task 0.0 in stage 3.0 (TID 2) (172.30.0.7, executor 0, partition 0, PROCESS_LOCAL, 15367 bytes)
[2026-04-07T07:27:20.456+0000] {subprocess.py:106} INFO - 26/04/07 07:27:20 INFO BlockManagerInfo: Added broadcast_4_piece0 in memory on 172.30.0.7:46883 (size: 7.6 KiB, free: 434.4 MiB)
[2026-04-07T07:27:20.551+0000] {subprocess.py:106} INFO - 26/04/07 07:27:20 INFO BlockManagerInfo: Added broadcast_3_piece0 in memory on 172.30.0.7:46883 (size: 30.2 KiB, free: 434.4 MiB)
[2026-04-07T07:27:23.538+0000] {subprocess.py:106} INFO - 26/04/07 07:27:23 INFO TaskSetManager: Finished task 0.0 in stage 3.0 (TID 2) in 3734 ms on 172.30.0.7 (executor 0) (1/1)
[2026-04-07T07:27:23.543+0000] {subprocess.py:106} INFO - 26/04/07 07:27:23 INFO TaskSchedulerImpl: Removed TaskSet 3.0, whose tasks have all completed, from pool
[2026-04-07T07:27:23.543+0000] {subprocess.py:106} INFO - 26/04/07 07:27:23 INFO DAGScheduler: ShuffleMapStage 3 (count at NativeMethodAccessorImpl.java:0) finished in 3.804 s
[2026-04-07T07:27:23.544+0000] {subprocess.py:106} INFO - 26/04/07 07:27:23 INFO DAGScheduler: looking for newly runnable stages
[2026-04-07T07:27:23.545+0000] {subprocess.py:106} INFO - 26/04/07 07:27:23 INFO DAGScheduler: running: Set()
[2026-04-07T07:27:23.545+0000] {subprocess.py:106} INFO - 26/04/07 07:27:23 INFO DAGScheduler: waiting: Set()
[2026-04-07T07:27:23.545+0000] {subprocess.py:106} INFO - 26/04/07 07:27:23 INFO DAGScheduler: failed: Set()
[2026-04-07T07:27:23.591+0000] {subprocess.py:106} INFO - 26/04/07 07:27:23 INFO CodeGenerator: Code generated in 17.249688 ms
[2026-04-07T07:27:23.620+0000] {subprocess.py:106} INFO - 26/04/07 07:27:23 INFO SparkContext: Starting job: count at NativeMethodAccessorImpl.java:0
[2026-04-07T07:27:23.621+0000] {subprocess.py:106} INFO - 26/04/07 07:27:23 INFO DAGScheduler: Got job 3 (count at NativeMethodAccessorImpl.java:0) with 1 output partitions
[2026-04-07T07:27:23.622+0000] {subprocess.py:106} INFO - 26/04/07 07:27:23 INFO DAGScheduler: Final stage: ResultStage 5 (count at NativeMethodAccessorImpl.java:0)
[2026-04-07T07:27:23.625+0000] {subprocess.py:106} INFO - 26/04/07 07:27:23 INFO DAGScheduler: Parents of final stage: List(ShuffleMapStage 4)
[2026-04-07T07:27:23.626+0000] {subprocess.py:106} INFO - 26/04/07 07:27:23 INFO DAGScheduler: Missing parents: List()
[2026-04-07T07:27:23.627+0000] {subprocess.py:106} INFO - 26/04/07 07:27:23 INFO DAGScheduler: Submitting ResultStage 5 (MapPartitionsRDD[12] at count at NativeMethodAccessorImpl.java:0), which has no missing parents
[2026-04-07T07:27:23.634+0000] {subprocess.py:106} INFO - 26/04/07 07:27:23 INFO MemoryStore: Block broadcast_5 stored as values in memory (estimated size 12.5 KiB, free 434.2 MiB)
[2026-04-07T07:27:23.654+0000] {subprocess.py:106} INFO - 26/04/07 07:27:23 INFO MemoryStore: Block broadcast_5_piece0 stored as bytes in memory (estimated size 5.9 KiB, free 434.2 MiB)
[2026-04-07T07:27:23.664+0000] {subprocess.py:106} INFO - 26/04/07 07:27:23 INFO BlockManagerInfo: Added broadcast_5_piece0 in memory on d0f687c55036:40743 (size: 5.9 KiB, free: 434.3 MiB)
[2026-04-07T07:27:23.665+0000] {subprocess.py:106} INFO - 26/04/07 07:27:23 INFO SparkContext: Created broadcast 5 from broadcast at DAGScheduler.scala:1585
[2026-04-07T07:27:23.667+0000] {subprocess.py:106} INFO - 26/04/07 07:27:23 INFO DAGScheduler: Submitting 1 missing tasks from ResultStage 5 (MapPartitionsRDD[12] at count at NativeMethodAccessorImpl.java:0) (first 15 tasks are for partitions Vector(0))
[2026-04-07T07:27:23.667+0000] {subprocess.py:106} INFO - 26/04/07 07:27:23 INFO TaskSchedulerImpl: Adding task set 5.0 with 1 tasks resource profile 0
[2026-04-07T07:27:23.668+0000] {subprocess.py:106} INFO - 26/04/07 07:27:23 INFO BlockManagerInfo: Removed broadcast_4_piece0 on d0f687c55036:40743 in memory (size: 7.6 KiB, free: 434.3 MiB)
[2026-04-07T07:27:23.669+0000] {subprocess.py:106} INFO - 26/04/07 07:27:23 INFO TaskSetManager: Starting task 0.0 in stage 5.0 (TID 3) (172.30.0.7, executor 0, partition 0, NODE_LOCAL, 9976 bytes)
[2026-04-07T07:27:23.669+0000] {subprocess.py:106} INFO - 26/04/07 07:27:23 INFO BlockManagerInfo: Removed broadcast_4_piece0 on 172.30.0.7:46883 in memory (size: 7.6 KiB, free: 434.4 MiB)
[2026-04-07T07:27:23.825+0000] {subprocess.py:106} INFO - 26/04/07 07:27:23 INFO BlockManagerInfo: Added broadcast_5_piece0 in memory on 172.30.0.7:46883 (size: 5.9 KiB, free: 434.4 MiB)
[2026-04-07T07:27:23.856+0000] {subprocess.py:106} INFO - 26/04/07 07:27:23 INFO MapOutputTrackerMasterEndpoint: Asked to send map output locations for shuffle 1 to 172.30.0.7:59274
[2026-04-07T07:27:23.963+0000] {subprocess.py:106} INFO - 26/04/07 07:27:23 INFO TaskSetManager: Finished task 0.0 in stage 5.0 (TID 3) in 294 ms on 172.30.0.7 (executor 0) (1/1)
[2026-04-07T07:27:23.969+0000] {subprocess.py:106} INFO - 26/04/07 07:27:23 INFO TaskSchedulerImpl: Removed TaskSet 5.0, whose tasks have all completed, from pool
[2026-04-07T07:27:23.975+0000] {subprocess.py:106} INFO - 26/04/07 07:27:23 INFO DAGScheduler: ResultStage 5 (count at NativeMethodAccessorImpl.java:0) finished in 0.341 s
[2026-04-07T07:27:23.976+0000] {subprocess.py:106} INFO - 26/04/07 07:27:23 INFO DAGScheduler: Job 3 is finished. Cancelling potential speculative or zombie tasks for this job
[2026-04-07T07:27:23.979+0000] {subprocess.py:106} INFO - 26/04/07 07:27:23 INFO TaskSchedulerImpl: Killing all running tasks in stage 5: Stage finished
[2026-04-07T07:27:23.985+0000] {subprocess.py:106} INFO - 26/04/07 07:27:23 INFO DAGScheduler: Job 3 finished: count at NativeMethodAccessorImpl.java:0, took 0.348900 s
[2026-04-07T07:27:23.987+0000] {subprocess.py:106} INFO - >>> Processing 4330 records...
[2026-04-07T07:27:24.335+0000] {subprocess.py:106} INFO - 26/04/07 07:27:24 INFO BlockManagerInfo: Removed broadcast_5_piece0 on d0f687c55036:40743 in memory (size: 5.9 KiB, free: 434.3 MiB)
[2026-04-07T07:27:24.336+0000] {subprocess.py:106} INFO - 26/04/07 07:27:24 INFO BlockManagerInfo: Removed broadcast_5_piece0 on 172.30.0.7:46883 in memory (size: 5.9 KiB, free: 434.4 MiB)
[2026-04-07T07:27:24.657+0000] {subprocess.py:106} INFO - >>> Writing cleaned data to Silver...
[2026-04-07T07:27:24.720+0000] {subprocess.py:106} INFO - >>> Table exists. Performing MERGE (Upsert)...
[2026-04-07T07:27:24.816+0000] {subprocess.py:106} INFO - 26/04/07 07:27:24 INFO BlockManagerInfo: Removed broadcast_2_piece0 on d0f687c55036:40743 in memory (size: 30.3 KiB, free: 434.4 MiB)
[2026-04-07T07:27:25.273+0000] {subprocess.py:106} INFO - 26/04/07 07:27:25 INFO V2ScanRelationPushDown:
[2026-04-07T07:27:25.274+0000] {subprocess.py:106} INFO - Pushing operators to iceberg.bronze.it_jobs_raw
[2026-04-07T07:27:25.275+0000] {subprocess.py:106} INFO - Pushed Filters: ingest_time IS NOT NULL, ingest_time > 1775392347917130, job_link IS NOT NULL, NOT (job_link = '')
[2026-04-07T07:27:25.275+0000] {subprocess.py:106} INFO - Post-Scan Filters: isnotnull(ingest_time#36),(ingest_time#36 > 2026-04-05 12:32:27.91713),isnotnull(trim(job_title#26, None)),NOT (trim(job_title#26, None) = ),isnotnull(upper(trim(company_name#27, None))),NOT (upper(trim(company_name#27, None)) = ),isnotnull(job_link#31),NOT (job_link#31 = )
[2026-04-07T07:27:25.276+0000] {subprocess.py:106} INFO - 
[2026-04-07T07:27:25.281+0000] {subprocess.py:106} INFO - 26/04/07 07:27:25 INFO V2ScanRelationPushDown:
[2026-04-07T07:27:25.282+0000] {subprocess.py:106} INFO - Output: job_title#26, company_name#27, location#28, skills_required#29, date_posted#30, job_link#31, job_category#32, work_mode#33, crawl_date#34, date_only#35, ingest_time#36, source#37
[2026-04-07T07:27:25.282+0000] {subprocess.py:106} INFO - 
[2026-04-07T07:27:25.291+0000] {subprocess.py:106} INFO - 26/04/07 07:27:25 INFO SnapshotScan: Scanning table iceberg.bronze.it_jobs_raw snapshot 7583595530125690865 created at 2026-04-07T07:26:50.030+00:00 with filter (((ingest_time IS NOT NULL AND ingest_time > (16-digit-int)) AND job_link IS NOT NULL) AND NOT (job_link = (hash-00000000)))
[2026-04-07T07:27:25.292+0000] {subprocess.py:106} INFO - 26/04/07 07:27:25 INFO BaseDistributedDataScan: Planning file tasks locally for table iceberg.bronze.it_jobs_raw
[2026-04-07T07:27:25.339+0000] {subprocess.py:106} INFO - 26/04/07 07:27:25 INFO SparkPartitioningAwareScan: Reporting UnknownPartitioning with 1 partition(s) for table iceberg.bronze.it_jobs_raw
[2026-04-07T07:27:25.462+0000] {subprocess.py:106} INFO - 26/04/07 07:27:25 INFO GroupBasedRowLevelOperationScanPlanning:
[2026-04-07T07:27:25.463+0000] {subprocess.py:106} INFO - Pushing operators to iceberg.silver.it_jobs_clean
[2026-04-07T07:27:25.464+0000] {subprocess.py:106} INFO - Pushed filters:
[2026-04-07T07:27:25.464+0000] {subprocess.py:106} INFO - Filters evaluated on data source side:
[2026-04-07T07:27:25.465+0000] {subprocess.py:106} INFO - Filters evaluated on Spark side:
[2026-04-07T07:27:25.466+0000] {subprocess.py:106} INFO - Output: job_title#284, company_name#285, location#286, skills_required#287, date_posted#288, job_link#289, job_category#290, work_mode#291, crawl_date#292, date_only#293, ingest_time#294, source#295, clean_time#296, _file#299
[2026-04-07T07:27:25.466+0000] {subprocess.py:106} INFO - 
[2026-04-07T07:27:25.469+0000] {subprocess.py:106} INFO - 26/04/07 07:27:25 INFO V2ScanRelationPushDown:
[2026-04-07T07:27:25.470+0000] {subprocess.py:106} INFO - Pushing operators to iceberg.bronze.it_jobs_raw
[2026-04-07T07:27:25.471+0000] {subprocess.py:106} INFO - Pushed Filters: ingest_time IS NOT NULL, ingest_time > 1775392347917130, job_link IS NOT NULL, NOT (job_link = '')
[2026-04-07T07:27:25.472+0000] {subprocess.py:106} INFO - Post-Scan Filters: isnotnull(ingest_time#36),(ingest_time#36 > 2026-04-05 12:32:27.91713),isnotnull(trim(job_title#26, None)),NOT (trim(job_title#26, None) = ),isnotnull(upper(trim(company_name#27, None))),NOT (upper(trim(company_name#27, None)) = ),isnotnull(job_link#31),NOT (job_link#31 = )
[2026-04-07T07:27:25.472+0000] {subprocess.py:106} INFO - 
[2026-04-07T07:27:25.477+0000] {subprocess.py:106} INFO - 26/04/07 07:27:25 INFO V2ScanRelationPushDown:
[2026-04-07T07:27:25.478+0000] {subprocess.py:106} INFO - Output: job_title#26, company_name#27, location#28, skills_required#29, date_posted#30, job_link#31, job_category#32, work_mode#33, crawl_date#34, date_only#35, ingest_time#36, source#37
[2026-04-07T07:27:25.479+0000] {subprocess.py:106} INFO - 
[2026-04-07T07:27:25.479+0000] {subprocess.py:106} INFO - 26/04/07 07:27:25 INFO SnapshotScan: Scanning table iceberg.silver.it_jobs_clean snapshot 13778153391741735 created at 2026-04-05T12:33:13.603+00:00 with filter true
[2026-04-07T07:27:25.521+0000] {subprocess.py:106} INFO - 26/04/07 07:27:25 INFO SparkPartitioningAwareScan: Reporting UnknownPartitioning with 1 partition(s) for table iceberg.silver.it_jobs_clean
[2026-04-07T07:27:25.521+0000] {subprocess.py:106} INFO - 26/04/07 07:27:25 INFO SnapshotScan: Scanning table iceberg.bronze.it_jobs_raw snapshot 7583595530125690865 created at 2026-04-07T07:26:50.030+00:00 with filter (((ingest_time IS NOT NULL AND ingest_time > (16-digit-int)) AND job_link IS NOT NULL) AND NOT (job_link = (hash-00000000)))
[2026-04-07T07:27:25.523+0000] {subprocess.py:106} INFO - 26/04/07 07:27:25 INFO BaseDistributedDataScan: Planning file tasks locally for table iceberg.bronze.it_jobs_raw
[2026-04-07T07:27:25.558+0000] {subprocess.py:106} INFO - 26/04/07 07:27:25 INFO SparkPartitioningAwareScan: Reporting UnknownPartitioning with 1 partition(s) for table iceberg.bronze.it_jobs_raw
[2026-04-07T07:27:25.591+0000] {subprocess.py:106} INFO - 26/04/07 07:27:25 INFO SparkWrite: Requesting 0 bytes advisory partition size for table iceberg.silver.it_jobs_clean
[2026-04-07T07:27:25.592+0000] {subprocess.py:106} INFO - 26/04/07 07:27:25 INFO SparkWrite: Requesting UnspecifiedDistribution as write distribution for table iceberg.silver.it_jobs_clean
[2026-04-07T07:27:25.592+0000] {subprocess.py:106} INFO - 26/04/07 07:27:25 INFO SparkWrite: Requesting [] as write ordering for table iceberg.silver.it_jobs_clean
[2026-04-07T07:27:25.669+0000] {subprocess.py:106} INFO - 26/04/07 07:27:25 INFO V2ScanRelationPushDown:
[2026-04-07T07:27:25.670+0000] {subprocess.py:106} INFO - Pushing operators to iceberg.silver.it_jobs_clean
[2026-04-07T07:27:25.670+0000] {subprocess.py:106} INFO - Pushed Filters: NOT (job_link = ''), job_link IS NOT NULL
[2026-04-07T07:27:25.671+0000] {subprocess.py:106} INFO - Post-Scan Filters: NOT (job_link#421 = ),isnotnull(job_link#421)
[2026-04-07T07:27:25.671+0000] {subprocess.py:106} INFO - 
[2026-04-07T07:27:25.672+0000] {subprocess.py:106} INFO - 26/04/07 07:27:25 INFO V2ScanRelationPushDown:
[2026-04-07T07:27:25.673+0000] {subprocess.py:106} INFO - Output: job_link#421, _file#429
[2026-04-07T07:27:25.673+0000] {subprocess.py:106} INFO - 
[2026-04-07T07:27:25.673+0000] {subprocess.py:106} INFO - 26/04/07 07:27:25 INFO SnapshotScan: Scanning table iceberg.silver.it_jobs_clean snapshot 13778153391741735 created at 2026-04-05T12:33:13.603+00:00 with filter (NOT (job_link = (hash-00000000)) AND job_link IS NOT NULL)
[2026-04-07T07:27:25.674+0000] {subprocess.py:106} INFO - 26/04/07 07:27:25 INFO BaseDistributedDataScan: Planning file tasks locally for table iceberg.silver.it_jobs_clean
[2026-04-07T07:27:25.702+0000] {subprocess.py:106} INFO - 26/04/07 07:27:25 INFO SparkPartitioningAwareScan: Reporting UnknownPartitioning with 1 partition(s) for table iceberg.silver.it_jobs_clean
[2026-04-07T07:27:25.702+0000] {subprocess.py:106} INFO - 26/04/07 07:27:25 INFO SparkPartitioningAwareScan: Reporting UnknownPartitioning with 1 partition(s) for table iceberg.bronze.it_jobs_raw
[2026-04-07T07:27:25.798+0000] {subprocess.py:106} INFO - 26/04/07 07:27:25 INFO MemoryStore: Block broadcast_6 stored as values in memory (estimated size 32.0 KiB, free 434.3 MiB)
[2026-04-07T07:27:25.835+0000] {subprocess.py:106} INFO - 26/04/07 07:27:25 INFO MemoryStore: Block broadcast_6_piece0 stored as bytes in memory (estimated size 30.4 KiB, free 434.3 MiB)
[2026-04-07T07:27:25.836+0000] {subprocess.py:106} INFO - 26/04/07 07:27:25 INFO BlockManagerInfo: Added broadcast_6_piece0 in memory on d0f687c55036:40743 (size: 30.4 KiB, free: 434.3 MiB)
[2026-04-07T07:27:25.836+0000] {subprocess.py:106} INFO - 26/04/07 07:27:25 INFO SparkContext: Created broadcast 6 from broadcast at SparkBatch.java:79
[2026-04-07T07:27:25.863+0000] {subprocess.py:106} INFO - 26/04/07 07:27:25 INFO MemoryStore: Block broadcast_7 stored as values in memory (estimated size 32.0 KiB, free 434.2 MiB)
[2026-04-07T07:27:25.864+0000] {subprocess.py:106} INFO - 26/04/07 07:27:25 INFO MemoryStore: Block broadcast_7_piece0 stored as bytes in memory (estimated size 30.2 KiB, free 434.2 MiB)
[2026-04-07T07:27:25.868+0000] {subprocess.py:106} INFO - 26/04/07 07:27:25 INFO BlockManagerInfo: Added broadcast_7_piece0 in memory on d0f687c55036:40743 (size: 30.2 KiB, free: 434.3 MiB)
[2026-04-07T07:27:25.869+0000] {subprocess.py:106} INFO - 26/04/07 07:27:25 INFO SparkContext: Created broadcast 7 from broadcast at SparkBatch.java:79
[2026-04-07T07:27:25.910+0000] {subprocess.py:106} INFO - 26/04/07 07:27:25 INFO MemoryStore: Block broadcast_8 stored as values in memory (estimated size 32.0 KiB, free 434.2 MiB)
[2026-04-07T07:27:25.916+0000] {subprocess.py:106} INFO - 26/04/07 07:27:25 INFO BlockManagerInfo: Removed broadcast_3_piece0 on d0f687c55036:40743 in memory (size: 30.2 KiB, free: 434.3 MiB)
[2026-04-07T07:27:25.917+0000] {subprocess.py:106} INFO - 26/04/07 07:27:25 INFO MemoryStore: Block broadcast_8_piece0 stored as bytes in memory (estimated size 30.4 KiB, free 434.2 MiB)
[2026-04-07T07:27:25.921+0000] {subprocess.py:106} INFO - 26/04/07 07:27:25 INFO BlockManagerInfo: Added broadcast_8_piece0 in memory on d0f687c55036:40743 (size: 30.4 KiB, free: 434.3 MiB)
[2026-04-07T07:27:25.922+0000] {subprocess.py:106} INFO - 26/04/07 07:27:25 INFO BlockManagerInfo: Removed broadcast_3_piece0 on 172.30.0.7:46883 in memory (size: 30.2 KiB, free: 434.4 MiB)
[2026-04-07T07:27:25.923+0000] {subprocess.py:106} INFO - 26/04/07 07:27:25 INFO SparkContext: Created broadcast 8 from broadcast at SparkBatch.java:79
[2026-04-07T07:27:25.928+0000] {subprocess.py:106} INFO - 26/04/07 07:27:25 INFO MemoryStore: Block broadcast_9 stored as values in memory (estimated size 32.0 KiB, free 434.2 MiB)
[2026-04-07T07:27:25.936+0000] {subprocess.py:106} INFO - 26/04/07 07:27:25 INFO MemoryStore: Block broadcast_9_piece0 stored as bytes in memory (estimated size 30.2 KiB, free 434.2 MiB)
[2026-04-07T07:27:25.938+0000] {subprocess.py:106} INFO - 26/04/07 07:27:25 INFO BlockManagerInfo: Added broadcast_9_piece0 in memory on d0f687c55036:40743 (size: 30.2 KiB, free: 434.3 MiB)
[2026-04-07T07:27:25.941+0000] {subprocess.py:106} INFO - 26/04/07 07:27:25 INFO SparkContext: Created broadcast 9 from broadcast at SparkBatch.java:79
[2026-04-07T07:27:25.971+0000] {subprocess.py:106} INFO - 26/04/07 07:27:25 INFO MemoryStore: Block broadcast_10 stored as values in memory (estimated size 32.0 KiB, free 434.1 MiB)
[2026-04-07T07:27:25.997+0000] {subprocess.py:106} INFO - 26/04/07 07:27:25 INFO MemoryStore: Block broadcast_10_piece0 stored as bytes in memory (estimated size 30.4 KiB, free 434.1 MiB)
[2026-04-07T07:27:25.999+0000] {subprocess.py:106} INFO - 26/04/07 07:27:25 INFO BlockManagerInfo: Added broadcast_10_piece0 in memory on d0f687c55036:40743 (size: 30.4 KiB, free: 434.3 MiB)
[2026-04-07T07:27:26.000+0000] {subprocess.py:106} INFO - 26/04/07 07:27:25 INFO SparkContext: Created broadcast 10 from broadcast at SparkBatch.java:79
[2026-04-07T07:27:26.000+0000] {subprocess.py:106} INFO - 26/04/07 07:27:25 INFO MemoryStore: Block broadcast_11 stored as values in memory (estimated size 32.0 KiB, free 434.1 MiB)
[2026-04-07T07:27:26.003+0000] {subprocess.py:106} INFO - 26/04/07 07:27:26 INFO MemoryStore: Block broadcast_11_piece0 stored as bytes in memory (estimated size 30.2 KiB, free 434.0 MiB)
[2026-04-07T07:27:26.013+0000] {subprocess.py:106} INFO - 26/04/07 07:27:26 INFO BlockManagerInfo: Added broadcast_11_piece0 in memory on d0f687c55036:40743 (size: 30.2 KiB, free: 434.2 MiB)
[2026-04-07T07:27:26.014+0000] {subprocess.py:106} INFO - 26/04/07 07:27:26 INFO SparkContext: Created broadcast 11 from broadcast at SparkBatch.java:79
[2026-04-07T07:27:26.184+0000] {subprocess.py:106} INFO - 26/04/07 07:27:26 INFO CodeGenerator: Code generated in 28.14623 ms
[2026-04-07T07:27:26.268+0000] {subprocess.py:106} INFO - 26/04/07 07:27:26 INFO CodeGenerator: Code generated in 72.133276 ms
[2026-04-07T07:27:26.351+0000] {subprocess.py:106} INFO - 26/04/07 07:27:26 INFO DAGScheduler: Registering RDD 16 ($anonfun$withThreadLocalCaptured$1 at FutureTask.java:264) as input to shuffle 2
[2026-04-07T07:27:26.353+0000] {subprocess.py:106} INFO - 26/04/07 07:27:26 INFO DAGScheduler: Got map stage job 4 ($anonfun$withThreadLocalCaptured$1 at FutureTask.java:264) with 1 output partitions
[2026-04-07T07:27:26.354+0000] {subprocess.py:106} INFO - 26/04/07 07:27:26 INFO DAGScheduler: Final stage: ShuffleMapStage 6 ($anonfun$withThreadLocalCaptured$1 at FutureTask.java:264)
[2026-04-07T07:27:26.357+0000] {subprocess.py:106} INFO - 26/04/07 07:27:26 INFO DAGScheduler: Parents of final stage: List()
[2026-04-07T07:27:26.358+0000] {subprocess.py:106} INFO - 26/04/07 07:27:26 INFO DAGScheduler: Missing parents: List()
[2026-04-07T07:27:26.360+0000] {subprocess.py:106} INFO - 26/04/07 07:27:26 INFO DAGScheduler: Submitting ShuffleMapStage 6 (MapPartitionsRDD[16] at $anonfun$withThreadLocalCaptured$1 at FutureTask.java:264), which has no missing parents
[2026-04-07T07:27:26.362+0000] {subprocess.py:106} INFO - 26/04/07 07:27:26 INFO MemoryStore: Block broadcast_12 stored as values in memory (estimated size 44.9 KiB, free 434.0 MiB)
[2026-04-07T07:27:26.393+0000] {subprocess.py:106} INFO - 26/04/07 07:27:26 INFO MemoryStore: Block broadcast_12_piece0 stored as bytes in memory (estimated size 18.7 KiB, free 434.0 MiB)
[2026-04-07T07:27:26.397+0000] {subprocess.py:106} INFO - 26/04/07 07:27:26 INFO BlockManagerInfo: Added broadcast_12_piece0 in memory on d0f687c55036:40743 (size: 18.7 KiB, free: 434.2 MiB)
[2026-04-07T07:27:26.398+0000] {subprocess.py:106} INFO - 26/04/07 07:27:26 INFO SparkContext: Created broadcast 12 from broadcast at DAGScheduler.scala:1585
[2026-04-07T07:27:26.400+0000] {subprocess.py:106} INFO - 26/04/07 07:27:26 INFO DAGScheduler: Submitting 1 missing tasks from ShuffleMapStage 6 (MapPartitionsRDD[16] at $anonfun$withThreadLocalCaptured$1 at FutureTask.java:264) (first 15 tasks are for partitions Vector(0))
[2026-04-07T07:27:26.401+0000] {subprocess.py:106} INFO - 26/04/07 07:27:26 INFO TaskSchedulerImpl: Adding task set 6.0 with 1 tasks resource profile 0
[2026-04-07T07:27:26.406+0000] {subprocess.py:106} INFO - 26/04/07 07:27:26 INFO TaskSetManager: Starting task 0.0 in stage 6.0 (TID 4) (172.30.0.7, executor 0, partition 0, PROCESS_LOCAL, 16291 bytes)
[2026-04-07T07:27:26.452+0000] {subprocess.py:106} INFO - 26/04/07 07:27:26 INFO BlockManagerInfo: Added broadcast_12_piece0 in memory on 172.30.0.7:46883 (size: 18.7 KiB, free: 434.4 MiB)
[2026-04-07T07:27:27.061+0000] {subprocess.py:106} INFO - 26/04/07 07:27:27 INFO BlockManagerInfo: Added broadcast_9_piece0 in memory on 172.30.0.7:46883 (size: 30.2 KiB, free: 434.4 MiB)
[2026-04-07T07:27:27.247+0000] {subprocess.py:106} INFO - 26/04/07 07:27:27 INFO TaskSetManager: Finished task 0.0 in stage 6.0 (TID 4) in 847 ms on 172.30.0.7 (executor 0) (1/1)
[2026-04-07T07:27:27.250+0000] {subprocess.py:106} INFO - 26/04/07 07:27:27 INFO TaskSchedulerImpl: Removed TaskSet 6.0, whose tasks have all completed, from pool
[2026-04-07T07:27:27.256+0000] {subprocess.py:106} INFO - 26/04/07 07:27:27 INFO DAGScheduler: ShuffleMapStage 6 ($anonfun$withThreadLocalCaptured$1 at FutureTask.java:264) finished in 0.896 s
[2026-04-07T07:27:27.257+0000] {subprocess.py:106} INFO - 26/04/07 07:27:27 INFO DAGScheduler: looking for newly runnable stages
[2026-04-07T07:27:27.258+0000] {subprocess.py:106} INFO - 26/04/07 07:27:27 INFO DAGScheduler: running: Set()
[2026-04-07T07:27:27.258+0000] {subprocess.py:106} INFO - 26/04/07 07:27:27 INFO DAGScheduler: waiting: Set()
[2026-04-07T07:27:27.260+0000] {subprocess.py:106} INFO - 26/04/07 07:27:27 INFO DAGScheduler: failed: Set()
[2026-04-07T07:27:27.265+0000] {subprocess.py:106} INFO - 26/04/07 07:27:27 INFO MemoryStore: Block broadcast_13 stored as values in memory (estimated size 40.0 B, free 434.0 MiB)
[2026-04-07T07:27:27.289+0000] {subprocess.py:106} INFO - 26/04/07 07:27:27 INFO MemoryStore: Block broadcast_13_piece0 stored as bytes in memory (estimated size 86.0 B, free 434.0 MiB)
[2026-04-07T07:27:27.296+0000] {subprocess.py:106} INFO - 26/04/07 07:27:27 INFO BlockManagerInfo: Added broadcast_13_piece0 in memory on d0f687c55036:40743 (size: 86.0 B, free: 434.2 MiB)
[2026-04-07T07:27:27.299+0000] {subprocess.py:106} INFO - 26/04/07 07:27:27 INFO BlockManagerInfo: Removed broadcast_12_piece0 on 172.30.0.7:46883 in memory (size: 18.7 KiB, free: 434.4 MiB)
[2026-04-07T07:27:27.301+0000] {subprocess.py:106} INFO - 26/04/07 07:27:27 INFO SparkContext: Created broadcast 13 from sql at NativeMethodAccessorImpl.java:0
[2026-04-07T07:27:27.302+0000] {subprocess.py:106} INFO - 26/04/07 07:27:27 INFO BlockManagerInfo: Removed broadcast_12_piece0 on d0f687c55036:40743 in memory (size: 18.7 KiB, free: 434.2 MiB)
[2026-04-07T07:27:27.326+0000] {subprocess.py:106} INFO - 26/04/07 07:27:27 INFO SparkCopyOnWriteScan: 0 of 2 task(s) for table iceberg.silver.it_jobs_clean matched runtime file filter with 0 location(s)
[2026-04-07T07:27:27.331+0000] {subprocess.py:106} INFO - 26/04/07 07:27:27 INFO MemoryStore: Block broadcast_14 stored as values in memory (estimated size 32.0 KiB, free 434.0 MiB)
[2026-04-07T07:27:27.336+0000] {subprocess.py:106} INFO - 26/04/07 07:27:27 INFO MemoryStore: Block broadcast_14_piece0 stored as bytes in memory (estimated size 30.4 KiB, free 434.0 MiB)
[2026-04-07T07:27:27.337+0000] {subprocess.py:106} INFO - 26/04/07 07:27:27 INFO BlockManagerInfo: Added broadcast_14_piece0 in memory on d0f687c55036:40743 (size: 30.4 KiB, free: 434.2 MiB)
[2026-04-07T07:27:27.339+0000] {subprocess.py:106} INFO - 26/04/07 07:27:27 INFO SparkContext: Created broadcast 14 from broadcast at SparkBatch.java:79
[2026-04-07T07:27:27.400+0000] {subprocess.py:106} INFO - 26/04/07 07:27:27 INFO CodeGenerator: Code generated in 18.53318 ms
[2026-04-07T07:27:27.448+0000] {subprocess.py:106} INFO - 26/04/07 07:27:27 INFO CodeGenerator: Code generated in 32.148262 ms
[2026-04-07T07:27:27.516+0000] {subprocess.py:106} INFO - 26/04/07 07:27:27 INFO DAGScheduler: Registering RDD 26 (sql at NativeMethodAccessorImpl.java:0) as input to shuffle 3
[2026-04-07T07:27:27.516+0000] {subprocess.py:106} INFO - 26/04/07 07:27:27 INFO DAGScheduler: Got map stage job 5 (sql at NativeMethodAccessorImpl.java:0) with 1 output partitions
[2026-04-07T07:27:27.517+0000] {subprocess.py:106} INFO - 26/04/07 07:27:27 INFO DAGScheduler: Final stage: ShuffleMapStage 7 (sql at NativeMethodAccessorImpl.java:0)
[2026-04-07T07:27:27.517+0000] {subprocess.py:106} INFO - 26/04/07 07:27:27 INFO DAGScheduler: Parents of final stage: List()
[2026-04-07T07:27:27.521+0000] {subprocess.py:106} INFO - 26/04/07 07:27:27 INFO DAGScheduler: Missing parents: List()
[2026-04-07T07:27:27.522+0000] {subprocess.py:106} INFO - 26/04/07 07:27:27 INFO DAGScheduler: Submitting ShuffleMapStage 7 (MapPartitionsRDD[26] at sql at NativeMethodAccessorImpl.java:0), which has no missing parents
[2026-04-07T07:27:27.542+0000] {subprocess.py:106} INFO - 26/04/07 07:27:27 INFO MemoryStore: Block broadcast_15 stored as values in memory (estimated size 59.0 KiB, free 433.9 MiB)
[2026-04-07T07:27:27.555+0000] {subprocess.py:106} INFO - 26/04/07 07:27:27 INFO MemoryStore: Block broadcast_15_piece0 stored as bytes in memory (estimated size 22.9 KiB, free 433.9 MiB)
[2026-04-07T07:27:27.557+0000] {subprocess.py:106} INFO - 26/04/07 07:27:27 INFO BlockManagerInfo: Added broadcast_15_piece0 in memory on d0f687c55036:40743 (size: 22.9 KiB, free: 434.2 MiB)
[2026-04-07T07:27:27.560+0000] {subprocess.py:106} INFO - 26/04/07 07:27:27 INFO SparkContext: Created broadcast 15 from broadcast at DAGScheduler.scala:1585
[2026-04-07T07:27:27.562+0000] {subprocess.py:106} INFO - 26/04/07 07:27:27 INFO DAGScheduler: Submitting 1 missing tasks from ShuffleMapStage 7 (MapPartitionsRDD[26] at sql at NativeMethodAccessorImpl.java:0) (first 15 tasks are for partitions Vector(0))
[2026-04-07T07:27:27.564+0000] {subprocess.py:106} INFO - 26/04/07 07:27:27 INFO TaskSchedulerImpl: Adding task set 7.0 with 1 tasks resource profile 0
[2026-04-07T07:27:27.565+0000] {subprocess.py:106} INFO - 26/04/07 07:27:27 INFO BlockManagerInfo: Removed broadcast_14_piece0 on d0f687c55036:40743 in memory (size: 30.4 KiB, free: 434.2 MiB)
[2026-04-07T07:27:27.567+0000] {subprocess.py:106} INFO - 26/04/07 07:27:27 INFO TaskSetManager: Starting task 0.0 in stage 7.0 (TID 5) (172.30.0.7, executor 0, partition 0, PROCESS_LOCAL, 16291 bytes)
[2026-04-07T07:27:27.595+0000] {subprocess.py:106} INFO - 26/04/07 07:27:27 INFO BlockManagerInfo: Added broadcast_15_piece0 in memory on 172.30.0.7:46883 (size: 22.9 KiB, free: 434.3 MiB)
[2026-04-07T07:27:27.983+0000] {subprocess.py:106} INFO - 26/04/07 07:27:27 INFO BlockManagerInfo: Added broadcast_11_piece0 in memory on 172.30.0.7:46883 (size: 30.2 KiB, free: 434.3 MiB)
[2026-04-07T07:27:28.113+0000] {subprocess.py:106} INFO - 26/04/07 07:27:28 INFO TaskSetManager: Finished task 0.0 in stage 7.0 (TID 5) in 550 ms on 172.30.0.7 (executor 0) (1/1)
[2026-04-07T07:27:28.114+0000] {subprocess.py:106} INFO - 26/04/07 07:27:28 INFO TaskSchedulerImpl: Removed TaskSet 7.0, whose tasks have all completed, from pool
[2026-04-07T07:27:28.115+0000] {subprocess.py:106} INFO - 26/04/07 07:27:28 INFO DAGScheduler: ShuffleMapStage 7 (sql at NativeMethodAccessorImpl.java:0) finished in 0.591 s
[2026-04-07T07:27:28.116+0000] {subprocess.py:106} INFO - 26/04/07 07:27:28 INFO DAGScheduler: looking for newly runnable stages
[2026-04-07T07:27:28.117+0000] {subprocess.py:106} INFO - 26/04/07 07:27:28 INFO DAGScheduler: running: Set()
[2026-04-07T07:27:28.117+0000] {subprocess.py:106} INFO - 26/04/07 07:27:28 INFO DAGScheduler: waiting: Set()
[2026-04-07T07:27:28.120+0000] {subprocess.py:106} INFO - 26/04/07 07:27:28 INFO DAGScheduler: failed: Set()
[2026-04-07T07:27:28.133+0000] {subprocess.py:106} INFO - 26/04/07 07:27:28 INFO ShufflePartitionsUtil: For shuffle(3), advisory target size: 67108864, actual target size 1048576, minimum partition size: 1048576
[2026-04-07T07:27:28.163+0000] {subprocess.py:106} INFO - 26/04/07 07:27:28 WARN SparkStringUtils: Truncated the string representation of a plan since it was too large. This behavior can be adjusted by setting 'spark.sql.debug.maxToStringFields'.
[2026-04-07T07:27:28.202+0000] {subprocess.py:106} INFO - 26/04/07 07:27:28 INFO CodeGenerator: Code generated in 22.736258 ms
[2026-04-07T07:27:28.251+0000] {subprocess.py:106} INFO - 26/04/07 07:27:28 INFO CodeGenerator: Code generated in 25.209511 ms
[2026-04-07T07:27:28.271+0000] {subprocess.py:106} INFO - 26/04/07 07:27:28 INFO CodeGenerator: Code generated in 14.305605 ms
[2026-04-07T07:27:28.341+0000] {subprocess.py:106} INFO - 26/04/07 07:27:28 INFO MemoryStore: Block broadcast_16 stored as values in memory (estimated size 32.0 KiB, free 433.9 MiB)
[2026-04-07T07:27:28.356+0000] {subprocess.py:106} INFO - 26/04/07 07:27:28 INFO MemoryStore: Block broadcast_16_piece0 stored as bytes in memory (estimated size 30.3 KiB, free 433.9 MiB)
[2026-04-07T07:27:28.357+0000] {subprocess.py:106} INFO - 26/04/07 07:27:28 INFO BlockManagerInfo: Removed broadcast_15_piece0 on d0f687c55036:40743 in memory (size: 22.9 KiB, free: 434.2 MiB)
[2026-04-07T07:27:28.360+0000] {subprocess.py:106} INFO - 26/04/07 07:27:28 INFO BlockManagerInfo: Added broadcast_16_piece0 in memory on d0f687c55036:40743 (size: 30.3 KiB, free: 434.2 MiB)
[2026-04-07T07:27:28.361+0000] {subprocess.py:106} INFO - 26/04/07 07:27:28 INFO SparkContext: Created broadcast 16 from broadcast at SparkWrite.java:193
[2026-04-07T07:27:28.362+0000] {subprocess.py:106} INFO - 26/04/07 07:27:28 INFO BlockManagerInfo: Removed broadcast_15_piece0 on 172.30.0.7:46883 in memory (size: 22.9 KiB, free: 434.3 MiB)
[2026-04-07T07:27:28.363+0000] {subprocess.py:106} INFO - 26/04/07 07:27:28 INFO ReplaceDataExec: Start processing data source write support: IcebergBatchWrite(table=iceberg.silver.it_jobs_clean, format=PARQUET). The input RDD has 1 partitions.
[2026-04-07T07:27:28.369+0000] {subprocess.py:106} INFO - 26/04/07 07:27:28 INFO SparkContext: Starting job: sql at NativeMethodAccessorImpl.java:0
[2026-04-07T07:27:28.371+0000] {subprocess.py:106} INFO - 26/04/07 07:27:28 INFO DAGScheduler: Got job 6 (sql at NativeMethodAccessorImpl.java:0) with 1 output partitions
[2026-04-07T07:27:28.372+0000] {subprocess.py:106} INFO - 26/04/07 07:27:28 INFO DAGScheduler: Final stage: ResultStage 9 (sql at NativeMethodAccessorImpl.java:0)
[2026-04-07T07:27:28.373+0000] {subprocess.py:106} INFO - 26/04/07 07:27:28 INFO DAGScheduler: Parents of final stage: List(ShuffleMapStage 8)
[2026-04-07T07:27:28.375+0000] {subprocess.py:106} INFO - 26/04/07 07:27:28 INFO DAGScheduler: Missing parents: List()
[2026-04-07T07:27:28.381+0000] {subprocess.py:106} INFO - 26/04/07 07:27:28 INFO DAGScheduler: Submitting ResultStage 9 (MapPartitionsRDD[32] at sql at NativeMethodAccessorImpl.java:0), which has no missing parents
[2026-04-07T07:27:28.388+0000] {subprocess.py:106} INFO - 26/04/07 07:27:28 INFO MemoryStore: Block broadcast_17 stored as values in memory (estimated size 97.2 KiB, free 433.9 MiB)
[2026-04-07T07:27:28.390+0000] {subprocess.py:106} INFO - 26/04/07 07:27:28 INFO MemoryStore: Block broadcast_17_piece0 stored as bytes in memory (estimated size 33.5 KiB, free 433.8 MiB)
[2026-04-07T07:27:28.390+0000] {subprocess.py:106} INFO - 26/04/07 07:27:28 INFO BlockManagerInfo: Added broadcast_17_piece0 in memory on d0f687c55036:40743 (size: 33.5 KiB, free: 434.2 MiB)
[2026-04-07T07:27:28.391+0000] {subprocess.py:106} INFO - 26/04/07 07:27:28 INFO SparkContext: Created broadcast 17 from broadcast at DAGScheduler.scala:1585
[2026-04-07T07:27:28.392+0000] {subprocess.py:106} INFO - 26/04/07 07:27:28 INFO DAGScheduler: Submitting 1 missing tasks from ResultStage 9 (MapPartitionsRDD[32] at sql at NativeMethodAccessorImpl.java:0) (first 15 tasks are for partitions Vector(0))
[2026-04-07T07:27:28.393+0000] {subprocess.py:106} INFO - 26/04/07 07:27:28 INFO TaskSchedulerImpl: Adding task set 9.0 with 1 tasks resource profile 0
[2026-04-07T07:27:28.395+0000] {subprocess.py:106} INFO - 26/04/07 07:27:28 INFO TaskSetManager: Starting task 0.0 in stage 9.0 (TID 6) (172.30.0.7, executor 0, partition 0, PROCESS_LOCAL, 9976 bytes)
[2026-04-07T07:27:28.424+0000] {subprocess.py:106} INFO - 26/04/07 07:27:28 INFO BlockManagerInfo: Added broadcast_17_piece0 in memory on 172.30.0.7:46883 (size: 33.5 KiB, free: 434.3 MiB)
[2026-04-07T07:27:28.482+0000] {subprocess.py:106} INFO - 26/04/07 07:27:28 INFO MapOutputTrackerMasterEndpoint: Asked to send map output locations for shuffle 3 to 172.30.0.7:59274
[2026-04-07T07:27:28.772+0000] {subprocess.py:106} INFO - 26/04/07 07:27:28 INFO BlockManagerInfo: Added broadcast_16_piece0 in memory on 172.30.0.7:46883 (size: 30.3 KiB, free: 434.3 MiB)
[2026-04-07T07:27:29.079+0000] {subprocess.py:106} INFO - 26/04/07 07:27:29 INFO TaskSetManager: Finished task 0.0 in stage 9.0 (TID 6) in 685 ms on 172.30.0.7 (executor 0) (1/1)
[2026-04-07T07:27:29.080+0000] {subprocess.py:106} INFO - 26/04/07 07:27:29 INFO TaskSchedulerImpl: Removed TaskSet 9.0, whose tasks have all completed, from pool
[2026-04-07T07:27:29.085+0000] {subprocess.py:106} INFO - 26/04/07 07:27:29 INFO DAGScheduler: ResultStage 9 (sql at NativeMethodAccessorImpl.java:0) finished in 0.699 s
[2026-04-07T07:27:29.086+0000] {subprocess.py:106} INFO - 26/04/07 07:27:29 INFO DAGScheduler: Job 6 is finished. Cancelling potential speculative or zombie tasks for this job
[2026-04-07T07:27:29.086+0000] {subprocess.py:106} INFO - 26/04/07 07:27:29 INFO TaskSchedulerImpl: Killing all running tasks in stage 9: Stage finished
[2026-04-07T07:27:29.087+0000] {subprocess.py:106} INFO - 26/04/07 07:27:29 INFO DAGScheduler: Job 6 finished: sql at NativeMethodAccessorImpl.java:0, took 0.712245 s
[2026-04-07T07:27:29.087+0000] {subprocess.py:106} INFO - 26/04/07 07:27:29 INFO ReplaceDataExec: Data source write support IcebergBatchWrite(table=iceberg.silver.it_jobs_clean, format=PARQUET) is committing.
[2026-04-07T07:27:29.107+0000] {subprocess.py:106} INFO - 26/04/07 07:27:29 INFO SparkWrite: Committing overwrite of 0 data files with 0 new data files, scanSnapshotId: 13778153391741735, conflictDetectionFilter: true to table iceberg.silver.it_jobs_clean
[2026-04-07T07:27:29.474+0000] {subprocess.py:106} INFO - 26/04/07 07:27:29 INFO BlockManagerInfo: Removed broadcast_17_piece0 on d0f687c55036:40743 in memory (size: 33.5 KiB, free: 434.2 MiB)
[2026-04-07T07:27:29.477+0000] {subprocess.py:106} INFO - 26/04/07 07:27:29 INFO BlockManagerInfo: Removed broadcast_17_piece0 on 172.30.0.7:46883 in memory (size: 33.5 KiB, free: 434.3 MiB)
[2026-04-07T07:27:29.846+0000] {subprocess.py:106} INFO - 26/04/07 07:27:29 INFO HiveTableOperations: Committed to table iceberg.silver.it_jobs_clean with the new metadata location s3a://warehouse/iceberg_data/silver.db/it_jobs_clean/metadata/00001-f2fd103c-8e5a-4416-ae62-145d16bce9f6.metadata.json
[2026-04-07T07:27:29.846+0000] {subprocess.py:106} INFO - 26/04/07 07:27:29 INFO BaseMetastoreTableOperations: Successfully committed to table iceberg.silver.it_jobs_clean in 369 ms
[2026-04-07T07:27:29.847+0000] {subprocess.py:106} INFO - 26/04/07 07:27:29 INFO SnapshotProducer: Committed snapshot 5024751683210422763 (BaseOverwriteFiles)
[2026-04-07T07:27:29.862+0000] {subprocess.py:106} INFO - 26/04/07 07:27:29 INFO BaseMetastoreTableOperations: Refreshing table metadata from new version: s3a://warehouse/iceberg_data/silver.db/it_jobs_clean/metadata/00001-f2fd103c-8e5a-4416-ae62-145d16bce9f6.metadata.json
[2026-04-07T07:27:29.937+0000] {subprocess.py:106} INFO - 26/04/07 07:27:29 INFO LoggingMetricsReporter: Received metrics report: CommitReport{tableName=iceberg.silver.it_jobs_clean, snapshotId=5024751683210422763, sequenceNumber=2, operation=overwrite, commitMetrics=CommitMetricsResult{totalDuration=TimerResult{timeUnit=NANOSECONDS, totalDuration=PT0.804002777S, count=1}, attempts=CounterResult{unit=COUNT, value=1}, addedDataFiles=null, removedDataFiles=null, totalDataFiles=CounterResult{unit=COUNT, value=2}, addedDeleteFiles=null, addedEqualityDeleteFiles=null, addedPositionalDeleteFiles=null, removedDeleteFiles=null, removedEqualityDeleteFiles=null, removedPositionalDeleteFiles=null, totalDeleteFiles=CounterResult{unit=COUNT, value=0}, addedRecords=null, removedRecords=null, totalRecords=CounterResult{unit=COUNT, value=9003}, addedFilesSizeInBytes=null, removedFilesSizeInBytes=null, totalFilesSizeInBytes=CounterResult{unit=BYTES, value=365396}, addedPositionalDeletes=null, removedPositionalDeletes=null, totalPositionalDeletes=CounterResult{unit=COUNT, value=0}, addedEqualityDeletes=null, removedEqualityDeletes=null, totalEqualityDeletes=CounterResult{unit=COUNT, value=0}}, metadata={engine-version=3.5.3, app-id=app-20260407072701-0001, engine-name=spark, iceberg-version=Apache Iceberg 1.6.1 (commit 8e9d59d299be42b0bca9461457cd1e95dbaad086)}}
[2026-04-07T07:27:29.938+0000] {subprocess.py:106} INFO - 26/04/07 07:27:29 INFO SparkWrite: Committed in 828 ms
[2026-04-07T07:27:29.938+0000] {subprocess.py:106} INFO - 26/04/07 07:27:29 INFO ReplaceDataExec: Data source write support IcebergBatchWrite(table=iceberg.silver.it_jobs_clean, format=PARQUET) committed.
[2026-04-07T07:27:29.941+0000] {subprocess.py:106} INFO - >>> SUCCESS: Data Merged (Upsert).
[2026-04-07T07:27:29.943+0000] {subprocess.py:106} INFO - 26/04/07 07:27:29 INFO SparkContext: SparkContext is stopping with exitCode 0.
[2026-04-07T07:27:29.958+0000] {subprocess.py:106} INFO - 26/04/07 07:27:29 INFO SparkUI: Stopped Spark web UI at http://d0f687c55036:4040
[2026-04-07T07:27:29.965+0000] {subprocess.py:106} INFO - 26/04/07 07:27:29 INFO StandaloneSchedulerBackend: Shutting down all executors
[2026-04-07T07:27:29.966+0000] {subprocess.py:106} INFO - 26/04/07 07:27:29 INFO StandaloneSchedulerBackend$StandaloneDriverEndpoint: Asking each executor to shut down
[2026-04-07T07:27:29.996+0000] {subprocess.py:106} INFO - 26/04/07 07:27:29 INFO MapOutputTrackerMasterEndpoint: MapOutputTrackerMasterEndpoint stopped!
[2026-04-07T07:27:30.025+0000] {subprocess.py:106} INFO - 26/04/07 07:27:30 INFO MemoryStore: MemoryStore cleared
[2026-04-07T07:27:30.028+0000] {subprocess.py:106} INFO - 26/04/07 07:27:30 INFO BlockManager: BlockManager stopped
[2026-04-07T07:27:30.034+0000] {subprocess.py:106} INFO - 26/04/07 07:27:30 INFO BlockManagerMaster: BlockManagerMaster stopped
[2026-04-07T07:27:30.044+0000] {subprocess.py:106} INFO - 26/04/07 07:27:30 INFO OutputCommitCoordinator$OutputCommitCoordinatorEndpoint: OutputCommitCoordinator stopped!
[2026-04-07T07:27:30.130+0000] {subprocess.py:106} INFO - 26/04/07 07:27:30 INFO SparkContext: Successfully stopped SparkContext
[2026-04-07T07:27:30.499+0000] {subprocess.py:106} INFO - 26/04/07 07:27:30 INFO ShutdownHookManager: Shutdown hook called
[2026-04-07T07:27:30.500+0000] {subprocess.py:106} INFO - 26/04/07 07:27:30 INFO ShutdownHookManager: Deleting directory /tmp/spark-01b95f1a-13e2-42cc-902e-0efff3d5218e
[2026-04-07T07:27:30.504+0000] {subprocess.py:106} INFO - 26/04/07 07:27:30 INFO ShutdownHookManager: Deleting directory /tmp/spark-9edfe00b-9348-4b8d-b95b-ef034991c957
[2026-04-07T07:27:30.508+0000] {subprocess.py:106} INFO - 26/04/07 07:27:30 INFO ShutdownHookManager: Deleting directory /tmp/spark-01b95f1a-13e2-42cc-902e-0efff3d5218e/pyspark-34bd344b-ca9b-48c5-8a9a-d8bc8b5a9fd8
[2026-04-07T07:27:30.516+0000] {subprocess.py:106} INFO - 26/04/07 07:27:30 INFO MetricsSystemImpl: Stopping s3a-file-system metrics system...
[2026-04-07T07:27:30.517+0000] {subprocess.py:106} INFO - 26/04/07 07:27:30 INFO MetricsSystemImpl: s3a-file-system metrics system stopped.
[2026-04-07T07:27:30.517+0000] {subprocess.py:106} INFO - 26/04/07 07:27:30 INFO MetricsSystemImpl: s3a-file-system metrics system shutdown complete.
[2026-04-07T07:27:30.608+0000] {subprocess.py:110} INFO - Command exited with return code 0
[2026-04-07T07:27:30.726+0000] {taskinstance.py:341} INFO - ::group::Post task execution logs
[2026-04-07T07:27:30.727+0000] {taskinstance.py:353} INFO - Marking task as SUCCESS. dag_id=crawl_etl_itjob, task_id=clean_silver, run_id=scheduled__2026-04-05T02:00:00+00:00, execution_date=20260405T020000, start_date=20260407T072654, end_date=20260407T072730
[2026-04-07T07:27:30.854+0000] {local_task_job_runner.py:266} INFO - Task exited with return code 0
[2026-04-07T07:27:30.903+0000] {taskinstance.py:3901} INFO - 1 downstream tasks scheduled from follow-on schedule check
[2026-04-07T07:27:30.905+0000] {local_task_job_runner.py:245} INFO - ::endgroup::
